[0.173s][info][gc,init] Initializing The Z Garbage Collector
[0.173s][info][gc,init] Version: 17.0.11+1-LTS (release)
[0.173s][info][gc,init] NUMA Support: Disabled
[0.173s][info][gc,init] CPUs: 12 total, 12 available
[0.173s][info][gc,init] Memory: 24496M
[0.173s][info][gc,init] Large Page Support: Disabled
[0.173s][info][gc,init] GC Workers: 3 (dynamic)
[0.174s][info][gc,init] Address Space Type: Contiguous/Unrestricted/Complete
[0.174s][info][gc,init] Address Space Size: 65536M x 3 = 196608M
[0.174s][info][gc,init] Min Capacity: 4096M
[0.174s][info][gc,init] Initial Capacity: 4096M
[0.175s][info][gc,init] Max Capacity: 4096M
[0.175s][info][gc,init] Medium Page Size: 32M
[0.175s][info][gc,init] Pre-touch: Disabled
[0.175s][info][gc,init] Uncommit: Implicitly Disabled (-Xms equals -Xmx)
[0.403s][info][gc,init] Runtime Workers: 8
[0.405s][info][gc     ] Using The Z Garbage Collector
[0.415s][info][gc,metaspace] CDS archive(s) mapped at: [0x0000017d42000000-0x0000017d42bc0000-0x0000017d42bc0000), size 12320768, SharedBaseAddress: 0x0000017d42000000, ArchiveRelocationMode: 1.
[0.415s][info][gc,metaspace] Compressed class space mapped at: 0x0000017d43000000-0x0000017d83000000, reserved size: 1073741824
[0.415s][info][gc,metaspace] Narrow klass base: 0x0000017d42000000, Narrow klass shift: 0, Narrow klass range: 0x100000000
[0.547s][info][gc,start    ] GC(0) Garbage Collection (Timer)
[0.547s][info][gc,task     ] GC(0) Using 3 workers
[0.547s][info][gc,phases   ] GC(0) Pause Mark Start 0.007ms
[0.551s][info][gc,phases   ] GC(0) Concurrent Mark 3.779ms
[0.551s][info][gc,phases   ] GC(0) Pause Mark End 0.010ms
[0.551s][info][gc,phases   ] GC(0) Concurrent Mark Free 0.001ms
[0.552s][info][gc,phases   ] GC(0) Concurrent Process Non-Strong References 0.626ms
[0.552s][info][gc,phases   ] GC(0) Concurrent Reset Relocation Set 0.001ms
[0.561s][info][gc,phases   ] GC(0) Concurrent Select Relocation Set 9.336ms
[0.562s][info][gc,phases   ] GC(0) Pause Relocate Start 0.007ms
[0.563s][info][gc,phases   ] GC(0) Concurrent Relocate 1.486ms
[0.563s][info][gc,load     ] GC(0) Load: 0.00/0.00/0.00
[0.563s][info][gc,mmu      ] GC(0) MMU: 2ms/99.5%, 5ms/99.7%, 10ms/99.8%, 20ms/99.9%, 50ms/100.0%, 100ms/100.0%
[0.563s][info][gc,marking  ] GC(0) Mark: 2 stripe(s), 1 proactive flush(es), 1 terminate flush(es), 0 completion(s), 0 continuation(s) 
[0.563s][info][gc,marking  ] GC(0) Mark Stack Usage: 32M
[0.563s][info][gc,nmethod  ] GC(0) NMethods: 156 registered, 0 unregistered
[0.563s][info][gc,metaspace] GC(0) Metaspace: 0M used, 0M committed, 1088M reserved
[0.563s][info][gc,ref      ] GC(0) Soft: 36 encountered, 0 discovered, 0 enqueued
[0.563s][info][gc,ref      ] GC(0) Weak: 103 encountered, 18 discovered, 18 enqueued
[0.563s][info][gc,ref      ] GC(0) Final: 0 encountered, 0 discovered, 0 enqueued
[0.563s][info][gc,ref      ] GC(0) Phantom: 16 encountered, 13 discovered, 13 enqueued
[0.563s][info][gc,reloc    ] GC(0) Small Pages: 3 / 6M, Empty: 0M, Relocated: 1M, In-Place: 0
[0.563s][info][gc,reloc    ] GC(0) Medium Pages: 0 / 0M, Empty: 0M, Relocated: 0M, In-Place: 0
[0.563s][info][gc,reloc    ] GC(0) Large Pages: 0 / 0M, Empty: 0M, Relocated: 0M, In-Place: 0
[0.564s][info][gc,reloc    ] GC(0) Forwarding Usage: 0M
[0.564s][info][gc,heap     ] GC(0) Min Capacity: 4096M(100%)
[0.564s][info][gc,heap     ] GC(0) Max Capacity: 4096M(100%)
[0.564s][info][gc,heap     ] GC(0) Soft Max Capacity: 4096M(100%)
[0.564s][info][gc,heap     ] GC(0)                Mark Start          Mark End        Relocate Start      Relocate End           High               Low         
[0.564s][info][gc,heap     ] GC(0)  Capacity:     4096M (100%)       4096M (100%)       4096M (100%)       4096M (100%)       4096M (100%)       4096M (100%)   
[0.564s][info][gc,heap     ] GC(0)      Free:     4090M (100%)       4090M (100%)       4090M (100%)       4090M (100%)       4090M (100%)       4086M (100%)   
[0.564s][info][gc,heap     ] GC(0)      Used:        6M (0%)            6M (0%)            6M (0%)            6M (0%)           10M (0%)            6M (0%)     
[0.564s][info][gc,heap     ] GC(0)      Live:         -                 1M (0%)            1M (0%)            1M (0%)             -                  -          
[0.564s][info][gc,heap     ] GC(0) Allocated:         -                 0M (0%)            0M (0%)            0M (0%)             -                  -          
[0.564s][info][gc,heap     ] GC(0)   Garbage:         -                 4M (0%)            4M (0%)            4M (0%)             -                  -          
[0.564s][info][gc,heap     ] GC(0) Reclaimed:         -                  -                 0M (0%)            0M (0%)             -                  -          
[0.564s][info][gc          ] GC(0) Garbage Collection (Timer) 6M(0%)->6M(0%)
[0.840s][info][gc,start    ] GC(1) Garbage Collection (Timer)
[0.840s][info][gc,task     ] GC(1) Using 3 workers
[0.840s][info][gc,phases   ] GC(1) Pause Mark Start 0.005ms
[0.856s][info][gc,phases   ] GC(1) Concurrent Mark 15.738ms
[0.856s][info][gc,phases   ] GC(1) Pause Mark End 0.009ms
[0.856s][info][gc,phases   ] GC(1) Concurrent Mark Free 0.001ms
[0.857s][info][gc,phases   ] GC(1) Concurrent Process Non-Strong References 0.533ms
[0.857s][info][gc,phases   ] GC(1) Concurrent Reset Relocation Set 0.001ms
[0.859s][info][gc,phases   ] GC(1) Concurrent Select Relocation Set 2.216ms
[0.859s][info][gc,phases   ] GC(1) Pause Relocate Start 0.005ms
[0.861s][info][gc,phases   ] GC(1) Concurrent Relocate 1.531ms
[0.861s][info][gc,load     ] GC(1) Load: 0.00/0.00/0.00
[0.861s][info][gc,mmu      ] GC(1) MMU: 2ms/99.5%, 5ms/99.7%, 10ms/99.8%, 20ms/99.9%, 50ms/100.0%, 100ms/100.0%
[0.861s][info][gc,marking  ] GC(1) Mark: 2 stripe(s), 4 proactive flush(es), 1 terminate flush(es), 0 completion(s), 0 continuation(s) 
[0.861s][info][gc,marking  ] GC(1) Mark Stack Usage: 32M
[0.861s][info][gc,nmethod  ] GC(1) NMethods: 293 registered, 0 unregistered
[0.861s][info][gc,metaspace] GC(1) Metaspace: 0M used, 0M committed, 1088M reserved
[0.861s][info][gc,ref      ] GC(1) Soft: 72 encountered, 0 discovered, 0 enqueued
[0.861s][info][gc,ref      ] GC(1) Weak: 177 encountered, 23 discovered, 23 enqueued
[0.861s][info][gc,ref      ] GC(1) Final: 0 encountered, 0 discovered, 0 enqueued
[0.861s][info][gc,ref      ] GC(1) Phantom: 13 encountered, 9 discovered, 6 enqueued
[0.861s][info][gc,reloc    ] GC(1) Small Pages: 131 / 262M, Empty: 0M, Relocated: 1M, In-Place: 0
[0.861s][info][gc,reloc    ] GC(1) Medium Pages: 0 / 0M, Empty: 0M, Relocated: 0M, In-Place: 0
[0.861s][info][gc,reloc    ] GC(1) Large Pages: 0 / 0M, Empty: 0M, Relocated: 0M, In-Place: 0
[0.861s][info][gc,reloc    ] GC(1) Forwarding Usage: 0M
[0.861s][info][gc,heap     ] GC(1) Min Capacity: 4096M(100%)
[0.861s][info][gc,heap     ] GC(1) Max Capacity: 4096M(100%)
[0.861s][info][gc,heap     ] GC(1) Soft Max Capacity: 4096M(100%)
[0.861s][info][gc,heap     ] GC(1)                Mark Start          Mark End        Relocate Start      Relocate End           High               Low         
[0.861s][info][gc,heap     ] GC(1)  Capacity:     4096M (100%)       4096M (100%)       4096M (100%)       4096M (100%)       4096M (100%)       4096M (100%)   
[0.861s][info][gc,heap     ] GC(1)      Free:     3834M (94%)        3830M (94%)        3828M (93%)        3832M (94%)        3834M (94%)        3824M (93%)    
[0.861s][info][gc,heap     ] GC(1)      Used:      262M (6%)          266M (6%)          268M (7%)          264M (6%)          272M (7%)          262M (6%)     
[0.861s][info][gc,heap     ] GC(1)      Live:         -               230M (6%)          230M (6%)          230M (6%)             -                  -          
[0.861s][info][gc,heap     ] GC(1) Allocated:         -                 4M (0%)            6M (0%)            7M (0%)             -                  -          
[0.861s][info][gc,heap     ] GC(1)   Garbage:         -                31M (1%)           31M (1%)           25M (1%)             -                  -          
[0.861s][info][gc,heap     ] GC(1) Reclaimed:         -                  -                 0M (0%)            5M (0%)             -                  -          
[0.861s][info][gc          ] GC(1) Garbage Collection (Timer) 262M(6%)->264M(6%)
[1.038s][info][gc,start    ] GC(2) Garbage Collection (Warmup)
[1.039s][info][gc,task     ] GC(2) Using 3 workers
[1.039s][info][gc,phases   ] GC(2) Pause Mark Start 0.005ms
[1.060s][info][gc,phases   ] GC(2) Concurrent Mark 21.162ms
[1.060s][info][gc,phases   ] GC(2) Pause Mark End 0.009ms
[1.060s][info][gc,phases   ] GC(2) Concurrent Mark Free 0.001ms
[1.061s][info][gc,phases   ] GC(2) Concurrent Process Non-Strong References 0.530ms
[1.061s][info][gc,phases   ] GC(2) Concurrent Reset Relocation Set 0.001ms
[1.063s][info][gc,phases   ] GC(2) Concurrent Select Relocation Set 2.472ms
[1.063s][info][gc,phases   ] GC(2) Pause Relocate Start 0.005ms
[1.065s][info][gc,phases   ] GC(2) Concurrent Relocate 1.634ms
[1.065s][info][gc,load     ] GC(2) Load: 0.00/0.00/0.00
[1.065s][info][gc,mmu      ] GC(2) MMU: 2ms/99.5%, 5ms/99.7%, 10ms/99.8%, 20ms/99.9%, 50ms/100.0%, 100ms/100.0%
[1.065s][info][gc,marking  ] GC(2) Mark: 2 stripe(s), 2 proactive flush(es), 1 terminate flush(es), 0 completion(s), 0 continuation(s) 
[1.065s][info][gc,marking  ] GC(2) Mark Stack Usage: 32M
[1.065s][info][gc,nmethod  ] GC(2) NMethods: 371 registered, 0 unregistered
[1.065s][info][gc,metaspace] GC(2) Metaspace: 1M used, 1M committed, 1088M reserved
[1.065s][info][gc,ref      ] GC(2) Soft: 118 encountered, 0 discovered, 0 enqueued
[1.065s][info][gc,ref      ] GC(2) Weak: 175 encountered, 96 discovered, 5 enqueued
[1.065s][info][gc,ref      ] GC(2) Final: 0 encountered, 0 discovered, 0 enqueued
[1.065s][info][gc,ref      ] GC(2) Phantom: 12 encountered, 8 discovered, 5 enqueued
[1.065s][info][gc,reloc    ] GC(2) Small Pages: 216 / 432M, Empty: 0M, Relocated: 1M, In-Place: 0
[1.065s][info][gc,reloc    ] GC(2) Medium Pages: 0 / 0M, Empty: 0M, Relocated: 0M, In-Place: 0
[1.066s][info][gc,reloc    ] GC(2) Large Pages: 0 / 0M, Empty: 0M, Relocated: 0M, In-Place: 0
[1.066s][info][gc,reloc    ] GC(2) Forwarding Usage: 0M
[1.066s][info][gc,heap     ] GC(2) Min Capacity: 4096M(100%)
[1.066s][info][gc,heap     ] GC(2) Max Capacity: 4096M(100%)
[1.066s][info][gc,heap     ] GC(2) Soft Max Capacity: 4096M(100%)
[1.066s][info][gc,heap     ] GC(2)                Mark Start          Mark End        Relocate Start      Relocate End           High               Low         
[1.066s][info][gc,heap     ] GC(2)  Capacity:     4096M (100%)       4096M (100%)       4096M (100%)       4096M (100%)       4096M (100%)       4096M (100%)   
[1.066s][info][gc,heap     ] GC(2)      Free:     3664M (89%)        3662M (89%)        3660M (89%)        3660M (89%)        3664M (89%)        3656M (89%)    
[1.066s][info][gc,heap     ] GC(2)      Used:      432M (11%)         434M (11%)         436M (11%)         436M (11%)         440M (11%)         432M (11%)    
[1.066s][info][gc,heap     ] GC(2)      Live:         -               388M (9%)          388M (9%)          388M (9%)             -                  -          
[1.066s][info][gc,heap     ] GC(2) Allocated:         -                 2M (0%)            4M (0%)            6M (0%)             -                  -          
[1.066s][info][gc,heap     ] GC(2)   Garbage:         -                43M (1%)           43M (1%)           41M (1%)             -                  -          
[1.066s][info][gc,heap     ] GC(2) Reclaimed:         -                  -                 0M (0%)            2M (0%)             -                  -          
[1.066s][info][gc          ] GC(2) Garbage Collection (Warmup) 432M(11%)->436M(11%)
[1.339s][info][gc,start    ] GC(3) Garbage Collection (Timer)
[1.340s][info][gc,task     ] GC(3) Using 3 workers
[1.340s][info][gc,phases   ] GC(3) Pause Mark Start 0.005ms
[1.366s][info][gc,phases   ] GC(3) Concurrent Mark 26.237ms
[1.366s][info][gc,phases   ] GC(3) Pause Mark End 0.009ms
[1.366s][info][gc,phases   ] GC(3) Concurrent Mark Free 0.001ms
[1.367s][info][gc,phases   ] GC(3) Concurrent Process Non-Strong References 0.479ms
[1.367s][info][gc,phases   ] GC(3) Concurrent Reset Relocation Set 0.001ms
[1.369s][info][gc,phases   ] GC(3) Concurrent Select Relocation Set 2.037ms
[1.369s][info][gc,phases   ] GC(3) Pause Relocate Start 0.006ms
[1.371s][info][gc,phases   ] GC(3) Concurrent Relocate 1.667ms
[1.371s][info][gc,load     ] GC(3) Load: 0.00/0.00/0.00
[1.371s][info][gc,mmu      ] GC(3) MMU: 2ms/99.5%, 5ms/99.7%, 10ms/99.8%, 20ms/99.9%, 50ms/100.0%, 100ms/100.0%
[1.371s][info][gc,marking  ] GC(3) Mark: 2 stripe(s), 1 proactive flush(es), 1 terminate flush(es), 0 completion(s), 0 continuation(s) 
[1.371s][info][gc,marking  ] GC(3) Mark Stack Usage: 32M
[1.371s][info][gc,nmethod  ] GC(3) NMethods: 373 registered, 0 unregistered
[1.371s][info][gc,metaspace] GC(3) Metaspace: 1M used, 1M committed, 1088M reserved
[1.371s][info][gc,ref      ] GC(3) Soft: 118 encountered, 0 discovered, 0 enqueued
[1.371s][info][gc,ref      ] GC(3) Weak: 170 encountered, 0 discovered, 0 enqueued
[1.371s][info][gc,ref      ] GC(3) Final: 0 encountered, 0 discovered, 0 enqueued
[1.371s][info][gc,ref      ] GC(3) Phantom: 7 encountered, 5 discovered, 0 enqueued
[1.371s][info][gc,reloc    ] GC(3) Small Pages: 304 / 608M, Empty: 0M, Relocated: 1M, In-Place: 0
[1.371s][info][gc,reloc    ] GC(3) Medium Pages: 0 / 0M, Empty: 0M, Relocated: 0M, In-Place: 0
[1.371s][info][gc,reloc    ] GC(3) Large Pages: 0 / 0M, Empty: 0M, Relocated: 0M, In-Place: 0
[1.371s][info][gc,reloc    ] GC(3) Forwarding Usage: 0M
[1.371s][info][gc,heap     ] GC(3) Min Capacity: 4096M(100%)
[1.371s][info][gc,heap     ] GC(3) Max Capacity: 4096M(100%)
[1.371s][info][gc,heap     ] GC(3) Soft Max Capacity: 4096M(100%)
[1.371s][info][gc,heap     ] GC(3)                Mark Start          Mark End        Relocate Start      Relocate End           High               Low         
[1.371s][info][gc,heap     ] GC(3)  Capacity:     4096M (100%)       4096M (100%)       4096M (100%)       4096M (100%)       4096M (100%)       4096M (100%)   
[1.371s][info][gc,heap     ] GC(3)      Free:     3488M (85%)        3488M (85%)        3488M (85%)        3488M (85%)        3488M (85%)        3482M (85%)    
[1.371s][info][gc,heap     ] GC(3)      Used:      608M (15%)         608M (15%)         608M (15%)         608M (15%)         614M (15%)         608M (15%)    
[1.371s][info][gc,heap     ] GC(3)      Live:         -               550M (13%)         550M (13%)         550M (13%)            -                  -          
[1.371s][info][gc,heap     ] GC(3) Allocated:         -                 0M (0%)            0M (0%)            0M (0%)             -                  -          
[1.371s][info][gc,heap     ] GC(3)   Garbage:         -                57M (1%)           57M (1%)           57M (1%)             -                  -          
[1.371s][info][gc,heap     ] GC(3) Reclaimed:         -                  -                 0M (0%)            0M (0%)             -                  -          
[1.371s][info][gc          ] GC(3) Garbage Collection (Timer) 608M(15%)->608M(15%)
[1.639s][info][gc,start    ] GC(4) Garbage Collection (Timer)
[1.639s][info][gc,task     ] GC(4) Using 3 workers
[1.639s][info][gc,phases   ] GC(4) Pause Mark Start 0.006ms
[1.654s][info][gc,phases   ] GC(4) Concurrent Mark 14.762ms
[1.654s][info][gc,phases   ] GC(4) Pause Mark End 0.009ms
[1.654s][info][gc,phases   ] GC(4) Concurrent Mark Free 0.001ms
[1.655s][info][gc,phases   ] GC(4) Concurrent Process Non-Strong References 0.648ms
[1.655s][info][gc,phases   ] GC(4) Concurrent Reset Relocation Set 0.001ms
[1.657s][info][gc,phases   ] GC(4) Concurrent Select Relocation Set 2.116ms
[1.657s][info][gc,phases   ] GC(4) Pause Relocate Start 0.005ms
[1.658s][info][gc,phases   ] GC(4) Concurrent Relocate 1.392ms
[1.658s][info][gc,load     ] GC(4) Load: 0.00/0.00/0.00
[1.658s][info][gc,mmu      ] GC(4) MMU: 2ms/99.5%, 5ms/99.7%, 10ms/99.8%, 20ms/99.9%, 50ms/100.0%, 100ms/100.0%
[1.658s][info][gc,marking  ] GC(4) Mark: 2 stripe(s), 1 proactive flush(es), 1 terminate flush(es), 0 completion(s), 0 continuation(s) 
[1.659s][info][gc,marking  ] GC(4) Mark Stack Usage: 32M
[1.659s][info][gc,nmethod  ] GC(4) NMethods: 373 registered, 0 unregistered
[1.659s][info][gc,metaspace] GC(4) Metaspace: 1M used, 1M committed, 1088M reserved
[1.659s][info][gc,ref      ] GC(4) Soft: 118 encountered, 0 discovered, 0 enqueued
[1.659s][info][gc,ref      ] GC(4) Weak: 170 encountered, 1 discovered, 0 enqueued
[1.659s][info][gc,ref      ] GC(4) Final: 0 encountered, 0 discovered, 0 enqueued
[1.659s][info][gc,ref      ] GC(4) Phantom: 7 encountered, 5 discovered, 0 enqueued
[1.659s][info][gc,reloc    ] GC(4) Small Pages: 304 / 608M, Empty: 0M, Relocated: 1M, In-Place: 0
[1.659s][info][gc,reloc    ] GC(4) Medium Pages: 0 / 0M, Empty: 0M, Relocated: 0M, In-Place: 0
[1.659s][info][gc,reloc    ] GC(4) Large Pages: 0 / 0M, Empty: 0M, Relocated: 0M, In-Place: 0
[1.659s][info][gc,reloc    ] GC(4) Forwarding Usage: 0M
[1.659s][info][gc,heap     ] GC(4) Min Capacity: 4096M(100%)
[1.659s][info][gc,heap     ] GC(4) Max Capacity: 4096M(100%)
[1.659s][info][gc,heap     ] GC(4) Soft Max Capacity: 4096M(100%)
[1.659s][info][gc,heap     ] GC(4)                Mark Start          Mark End        Relocate Start      Relocate End           High               Low         
[1.659s][info][gc,heap     ] GC(4)  Capacity:     4096M (100%)       4096M (100%)       4096M (100%)       4096M (100%)       4096M (100%)       4096M (100%)   
[1.659s][info][gc,heap     ] GC(4)      Free:     3488M (85%)        3488M (85%)        3488M (85%)        3488M (85%)        3488M (85%)        3482M (85%)    
[1.659s][info][gc,heap     ] GC(4)      Used:      608M (15%)         608M (15%)         608M (15%)         608M (15%)         614M (15%)         608M (15%)    
[1.659s][info][gc,heap     ] GC(4)      Live:         -               550M (13%)         550M (13%)         550M (13%)            -                  -          
[1.659s][info][gc,heap     ] GC(4) Allocated:         -                 0M (0%)            0M (0%)            0M (0%)             -                  -          
[1.659s][info][gc,heap     ] GC(4)   Garbage:         -                57M (1%)           57M (1%)           57M (1%)             -                  -          
[1.659s][info][gc,heap     ] GC(4) Reclaimed:         -                  -                 0M (0%)            0M (0%)             -                  -          
[1.659s][info][gc          ] GC(4) Garbage Collection (Timer) 608M(15%)->608M(15%)
[1.939s][info][gc,start    ] GC(5) Garbage Collection (Timer)
[1.939s][info][gc,task     ] GC(5) Using 3 workers
[1.939s][info][gc,phases   ] GC(5) Pause Mark Start 0.005ms
[1.946s][info][gc,phases   ] GC(5) Concurrent Mark 7.181ms
[1.946s][info][gc,phases   ] GC(5) Pause Mark End 0.009ms
[1.946s][info][gc,phases   ] GC(5) Concurrent Mark Free 0.001ms
[1.947s][info][gc,phases   ] GC(5) Concurrent Process Non-Strong References 0.751ms
[1.947s][info][gc,phases   ] GC(5) Concurrent Reset Relocation Set 0.001ms
[1.949s][info][gc,phases   ] GC(5) Concurrent Select Relocation Set 2.075ms
[1.949s][info][gc,phases   ] GC(5) Pause Relocate Start 0.004ms
[1.951s][info][gc,phases   ] GC(5) Concurrent Relocate 1.214ms
[1.951s][info][gc,load     ] GC(5) Load: 0.00/0.00/0.00
[1.951s][info][gc,mmu      ] GC(5) MMU: 2ms/99.5%, 5ms/99.7%, 10ms/99.8%, 20ms/99.9%, 50ms/100.0%, 100ms/100.0%
[1.951s][info][gc,marking  ] GC(5) Mark: 2 stripe(s), 5 proactive flush(es), 1 terminate flush(es), 0 completion(s), 0 continuation(s) 
[1.951s][info][gc,marking  ] GC(5) Mark Stack Usage: 32M
[1.951s][info][gc,nmethod  ] GC(5) NMethods: 373 registered, 0 unregistered
[1.951s][info][gc,metaspace] GC(5) Metaspace: 1M used, 1M committed, 1088M reserved
[1.951s][info][gc,ref      ] GC(5) Soft: 118 encountered, 0 discovered, 0 enqueued
[1.951s][info][gc,ref      ] GC(5) Weak: 170 encountered, 79 discovered, 0 enqueued
[1.951s][info][gc,ref      ] GC(5) Final: 0 encountered, 0 discovered, 0 enqueued
[1.951s][info][gc,ref      ] GC(5) Phantom: 7 encountered, 2 discovered, 0 enqueued
[1.951s][info][gc,reloc    ] GC(5) Small Pages: 304 / 608M, Empty: 0M, Relocated: 1M, In-Place: 0
[1.951s][info][gc,reloc    ] GC(5) Medium Pages: 0 / 0M, Empty: 0M, Relocated: 0M, In-Place: 0
[1.951s][info][gc,reloc    ] GC(5) Large Pages: 0 / 0M, Empty: 0M, Relocated: 0M, In-Place: 0
[1.951s][info][gc,reloc    ] GC(5) Forwarding Usage: 0M
[1.951s][info][gc,heap     ] GC(5) Min Capacity: 4096M(100%)
[1.951s][info][gc,heap     ] GC(5) Max Capacity: 4096M(100%)
[1.951s][info][gc,heap     ] GC(5) Soft Max Capacity: 4096M(100%)
[1.951s][info][gc,heap     ] GC(5)                Mark Start          Mark End        Relocate Start      Relocate End           High               Low         
[1.951s][info][gc,heap     ] GC(5)  Capacity:     4096M (100%)       4096M (100%)       4096M (100%)       4096M (100%)       4096M (100%)       4096M (100%)   
[1.951s][info][gc,heap     ] GC(5)      Free:     3488M (85%)        3488M (85%)        3488M (85%)        3488M (85%)        3488M (85%)        3482M (85%)    
[1.951s][info][gc,heap     ] GC(5)      Used:      608M (15%)         608M (15%)         608M (15%)         608M (15%)         614M (15%)         608M (15%)    
[1.951s][info][gc,heap     ] GC(5)      Live:         -               550M (13%)         550M (13%)         550M (13%)            -                  -          
[1.951s][info][gc,heap     ] GC(5) Allocated:         -                 0M (0%)            0M (0%)            0M (0%)             -                  -          
[1.951s][info][gc,heap     ] GC(5)   Garbage:         -                57M (1%)           57M (1%)           57M (1%)             -                  -          
[1.951s][info][gc,heap     ] GC(5) Reclaimed:         -                  -                 0M (0%)            0M (0%)             -                  -          
[1.951s][info][gc          ] GC(5) Garbage Collection (Timer) 608M(15%)->608M(15%)
[2.239s][info][gc,start    ] GC(6) Garbage Collection (Timer)
[2.239s][info][gc,task     ] GC(6) Using 3 workers
[2.239s][info][gc,phases   ] GC(6) Pause Mark Start 0.007ms
[2.247s][info][gc,phases   ] GC(6) Concurrent Mark 7.633ms
[2.247s][info][gc,phases   ] GC(6) Pause Mark End 0.011ms
[2.247s][info][gc,phases   ] GC(6) Concurrent Mark Free 0.001ms
[2.248s][info][gc,phases   ] GC(6) Concurrent Process Non-Strong References 0.865ms
[2.248s][info][gc,phases   ] GC(6) Concurrent Reset Relocation Set 0.001ms
[2.250s][info][gc,phases   ] GC(6) Concurrent Select Relocation Set 2.139ms
[2.250s][info][gc,phases   ] GC(6) Pause Relocate Start 0.006ms
[2.251s][info][gc,phases   ] GC(6) Concurrent Relocate 1.193ms
[2.252s][info][gc,load     ] GC(6) Load: 0.00/0.00/0.00
[2.252s][info][gc,mmu      ] GC(6) MMU: 2ms/99.5%, 5ms/99.7%, 10ms/99.8%, 20ms/99.9%, 50ms/100.0%, 100ms/100.0%
[2.252s][info][gc,marking  ] GC(6) Mark: 2 stripe(s), 10 proactive flush(es), 1 terminate flush(es), 0 completion(s), 0 continuation(s) 
[2.252s][info][gc,marking  ] GC(6) Mark Stack Usage: 32M
[2.252s][info][gc,nmethod  ] GC(6) NMethods: 373 registered, 0 unregistered
[2.252s][info][gc,metaspace] GC(6) Metaspace: 1M used, 1M committed, 1088M reserved
[2.252s][info][gc,ref      ] GC(6) Soft: 118 encountered, 0 discovered, 0 enqueued
[2.252s][info][gc,ref      ] GC(6) Weak: 170 encountered, 9 discovered, 0 enqueued
[2.252s][info][gc,ref      ] GC(6) Final: 0 encountered, 0 discovered, 0 enqueued
[2.252s][info][gc,ref      ] GC(6) Phantom: 7 encountered, 5 discovered, 0 enqueued
[2.252s][info][gc,reloc    ] GC(6) Small Pages: 304 / 608M, Empty: 0M, Relocated: 1M, In-Place: 0
[2.252s][info][gc,reloc    ] GC(6) Medium Pages: 0 / 0M, Empty: 0M, Relocated: 0M, In-Place: 0
[2.252s][info][gc,reloc    ] GC(6) Large Pages: 0 / 0M, Empty: 0M, Relocated: 0M, In-Place: 0
[2.252s][info][gc,reloc    ] GC(6) Forwarding Usage: 0M
[2.252s][info][gc,heap     ] GC(6) Min Capacity: 4096M(100%)
[2.252s][info][gc,heap     ] GC(6) Max Capacity: 4096M(100%)
[2.252s][info][gc,heap     ] GC(6) Soft Max Capacity: 4096M(100%)
[2.252s][info][gc,heap     ] GC(6)                Mark Start          Mark End        Relocate Start      Relocate End           High               Low         
[2.252s][info][gc,heap     ] GC(6)  Capacity:     4096M (100%)       4096M (100%)       4096M (100%)       4096M (100%)       4096M (100%)       4096M (100%)   
[2.252s][info][gc,heap     ] GC(6)      Free:     3488M (85%)        3488M (85%)        3488M (85%)        3488M (85%)        3488M (85%)        3482M (85%)    
[2.252s][info][gc,heap     ] GC(6)      Used:      608M (15%)         608M (15%)         608M (15%)         608M (15%)         614M (15%)         608M (15%)    
[2.252s][info][gc,heap     ] GC(6)      Live:         -               550M (13%)         550M (13%)         550M (13%)            -                  -          
[2.252s][info][gc,heap     ] GC(6) Allocated:         -                 0M (0%)            0M (0%)            0M (0%)             -                  -          
[2.252s][info][gc,heap     ] GC(6)   Garbage:         -                57M (1%)           57M (1%)           57M (1%)             -                  -          
[2.252s][info][gc,heap     ] GC(6) Reclaimed:         -                  -                 0M (0%)            0M (0%)             -                  -          
[2.252s][info][gc          ] GC(6) Garbage Collection (Timer) 608M(15%)->608M(15%)
[2.539s][info][gc,start    ] GC(7) Garbage Collection (Timer)
[2.539s][info][gc,task     ] GC(7) Using 3 workers
[2.539s][info][gc,phases   ] GC(7) Pause Mark Start 0.006ms
[2.553s][info][gc,phases   ] GC(7) Concurrent Mark 13.615ms
[2.553s][info][gc,phases   ] GC(7) Pause Mark End 0.011ms
[2.553s][info][gc,phases   ] GC(7) Concurrent Mark Free 0.001ms
[2.554s][info][gc,phases   ] GC(7) Concurrent Process Non-Strong References 0.868ms
[2.554s][info][gc,phases   ] GC(7) Concurrent Reset Relocation Set 0.001ms
[2.557s][info][gc,phases   ] GC(7) Concurrent Select Relocation Set 2.816ms
[2.557s][info][gc,phases   ] GC(7) Pause Relocate Start 0.006ms
[2.559s][info][gc,phases   ] GC(7) Concurrent Relocate 1.611ms
[2.559s][info][gc,load     ] GC(7) Load: 0.00/0.00/0.00
[2.559s][info][gc,mmu      ] GC(7) MMU: 2ms/99.5%, 5ms/99.7%, 10ms/99.8%, 20ms/99.9%, 50ms/100.0%, 100ms/100.0%
[2.559s][info][gc,marking  ] GC(7) Mark: 2 stripe(s), 2 proactive flush(es), 1 terminate flush(es), 0 completion(s), 0 continuation(s) 
[2.559s][info][gc,marking  ] GC(7) Mark Stack Usage: 32M
[2.559s][info][gc,nmethod  ] GC(7) NMethods: 459 registered, 0 unregistered
[2.559s][info][gc,metaspace] GC(7) Metaspace: 1M used, 1M committed, 1088M reserved
[2.559s][info][gc,ref      ] GC(7) Soft: 181 encountered, 0 discovered, 0 enqueued
[2.559s][info][gc,ref      ] GC(7) Weak: 296 encountered, 34 discovered, 33 enqueued
[2.559s][info][gc,ref      ] GC(7) Final: 0 encountered, 0 discovered, 0 enqueued
[2.559s][info][gc,ref      ] GC(7) Phantom: 24 encountered, 21 discovered, 17 enqueued
[2.559s][info][gc,reloc    ] GC(7) Small Pages: 408 / 816M, Empty: 0M, Relocated: 1M, In-Place: 0
[2.559s][info][gc,reloc    ] GC(7) Medium Pages: 0 / 0M, Empty: 0M, Relocated: 0M, In-Place: 0
[2.559s][info][gc,reloc    ] GC(7) Large Pages: 0 / 0M, Empty: 0M, Relocated: 0M, In-Place: 0
[2.559s][info][gc,reloc    ] GC(7) Forwarding Usage: 0M
[2.559s][info][gc,heap     ] GC(7) Min Capacity: 4096M(100%)
[2.559s][info][gc,heap     ] GC(7) Max Capacity: 4096M(100%)
[2.559s][info][gc,heap     ] GC(7) Soft Max Capacity: 4096M(100%)
[2.559s][info][gc,heap     ] GC(7)                Mark Start          Mark End        Relocate Start      Relocate End           High               Low         
[2.559s][info][gc,heap     ] GC(7)  Capacity:     4096M (100%)       4096M (100%)       4096M (100%)       4096M (100%)       4096M (100%)       4096M (100%)   
[2.559s][info][gc,heap     ] GC(7)      Free:     3280M (80%)        3276M (80%)        3272M (80%)        3274M (80%)        3280M (80%)        3266M (80%)    
[2.559s][info][gc,heap     ] GC(7)      Used:      816M (20%)         820M (20%)         824M (20%)         822M (20%)         830M (20%)         816M (20%)    
[2.559s][info][gc,heap     ] GC(7)      Live:         -               735M (18%)         735M (18%)         735M (18%)            -                  -          
[2.559s][info][gc,heap     ] GC(7) Allocated:         -                 4M (0%)            8M (0%)           10M (0%)             -                  -          
[2.559s][info][gc,heap     ] GC(7)   Garbage:         -                80M (2%)           80M (2%)           76M (2%)             -                  -          
[2.559s][info][gc,heap     ] GC(7) Reclaimed:         -                  -                 0M (0%)            4M (0%)             -                  -          
[2.559s][info][gc          ] GC(7) Garbage Collection (Timer) 816M(20%)->822M(20%)
[2.639s][info][gc,start    ] GC(8) Garbage Collection (Warmup)
[2.639s][info][gc,task     ] GC(8) Using 3 workers
[2.639s][info][gc,phases   ] GC(8) Pause Mark Start 0.010ms
[2.655s][info][gc,phases   ] GC(8) Concurrent Mark 15.593ms
[2.655s][info][gc,phases   ] GC(8) Pause Mark End 0.011ms
[2.655s][info][gc,phases   ] GC(8) Concurrent Mark Free 0.001ms
[2.656s][info][gc,phases   ] GC(8) Concurrent Process Non-Strong References 0.733ms
[2.656s][info][gc,phases   ] GC(8) Concurrent Reset Relocation Set 0.001ms
[2.659s][info][gc,phases   ] GC(8) Concurrent Select Relocation Set 2.644ms
[2.659s][info][gc,phases   ] GC(8) Pause Relocate Start 0.006ms
[2.662s][info][gc,phases   ] GC(8) Concurrent Relocate 2.638ms
[2.662s][info][gc,load     ] GC(8) Load: 0.00/0.00/0.00
[2.662s][info][gc,mmu      ] GC(8) MMU: 2ms/99.5%, 5ms/99.7%, 10ms/99.8%, 20ms/99.9%, 50ms/99.9%, 100ms/100.0%
[2.662s][info][gc,marking  ] GC(8) Mark: 2 stripe(s), 3 proactive flush(es), 1 terminate flush(es), 0 completion(s), 0 continuation(s) 
[2.662s][info][gc,marking  ] GC(8) Mark Stack Usage: 32M
[2.662s][info][gc,nmethod  ] GC(8) NMethods: 459 registered, 0 unregistered
[2.662s][info][gc,metaspace] GC(8) Metaspace: 1M used, 1M committed, 1088M reserved
[2.662s][info][gc,ref      ] GC(8) Soft: 181 encountered, 0 discovered, 0 enqueued
[2.662s][info][gc,ref      ] GC(8) Weak: 263 encountered, 9 discovered, 0 enqueued
[2.662s][info][gc,ref      ] GC(8) Final: 0 encountered, 0 discovered, 0 enqueued
[2.662s][info][gc,ref      ] GC(8) Phantom: 7 encountered, 3 discovered, 0 enqueued
[2.662s][info][gc,reloc    ] GC(8) Small Pages: 446 / 892M, Empty: 0M, Relocated: 5M, In-Place: 0
[2.662s][info][gc,reloc    ] GC(8) Medium Pages: 0 / 0M, Empty: 0M, Relocated: 0M, In-Place: 0
[2.662s][info][gc,reloc    ] GC(8) Large Pages: 0 / 0M, Empty: 0M, Relocated: 0M, In-Place: 0
[2.662s][info][gc,reloc    ] GC(8) Forwarding Usage: 0M
[2.662s][info][gc,heap     ] GC(8) Min Capacity: 4096M(100%)
[2.662s][info][gc,heap     ] GC(8) Max Capacity: 4096M(100%)
[2.662s][info][gc,heap     ] GC(8) Soft Max Capacity: 4096M(100%)
[2.662s][info][gc,heap     ] GC(8)                Mark Start          Mark End        Relocate Start      Relocate End           High               Low         
[2.662s][info][gc,heap     ] GC(8)  Capacity:     4096M (100%)       4096M (100%)       4096M (100%)       4096M (100%)       4096M (100%)       4096M (100%)   
[2.662s][info][gc,heap     ] GC(8)      Free:     3204M (78%)        3200M (78%)        3198M (78%)        3204M (78%)        3204M (78%)        3192M (78%)    
[2.662s][info][gc,heap     ] GC(8)      Used:      892M (22%)         896M (22%)         898M (22%)         892M (22%)         904M (22%)         892M (22%)    
[2.662s][info][gc,heap     ] GC(8)      Live:         -               808M (20%)         808M (20%)         808M (20%)            -                  -          
[2.662s][info][gc,heap     ] GC(8) Allocated:         -                 4M (0%)            6M (0%)            5M (0%)             -                  -          
[2.662s][info][gc,heap     ] GC(8)   Garbage:         -                83M (2%)           83M (2%)           77M (2%)             -                  -          
[2.662s][info][gc,heap     ] GC(8) Reclaimed:         -                  -                 0M (0%)            5M (0%)             -                  -          
[2.662s][info][gc          ] GC(8) Garbage Collection (Warmup) 892M(22%)->892M(22%)
[2.939s][info][gc,start    ] GC(9) Garbage Collection (Timer)
[2.939s][info][gc,task     ] GC(9) Using 3 workers
[2.939s][info][gc,phases   ] GC(9) Pause Mark Start 0.006ms
[2.956s][info][gc,phases   ] GC(9) Concurrent Mark 17.117ms
[2.956s][info][gc,phases   ] GC(9) Pause Mark End 0.010ms
[2.956s][info][gc,phases   ] GC(9) Concurrent Mark Free 0.001ms
[2.957s][info][gc,phases   ] GC(9) Concurrent Process Non-Strong References 0.688ms
[2.957s][info][gc,phases   ] GC(9) Concurrent Reset Relocation Set 0.001ms
[2.959s][info][gc,phases   ] GC(9) Concurrent Select Relocation Set 2.225ms
[2.960s][info][gc,phases   ] GC(9) Pause Relocate Start 0.006ms
[2.960s][info][gc,phases   ] GC(9) Concurrent Relocate 0.105ms
[2.960s][info][gc,load     ] GC(9) Load: 0.00/0.00/0.00
[2.960s][info][gc,mmu      ] GC(9) MMU: 2ms/99.5%, 5ms/99.7%, 10ms/99.8%, 20ms/99.9%, 50ms/99.9%, 100ms/100.0%
[2.960s][info][gc,marking  ] GC(9) Mark: 2 stripe(s), 2 proactive flush(es), 1 terminate flush(es), 0 completion(s), 0 continuation(s) 
[2.960s][info][gc,marking  ] GC(9) Mark Stack Usage: 32M
[2.960s][info][gc,nmethod  ] GC(9) NMethods: 460 registered, 0 unregistered
[2.960s][info][gc,metaspace] GC(9) Metaspace: 1M used, 1M committed, 1088M reserved
[2.960s][info][gc,ref      ] GC(9) Soft: 181 encountered, 0 discovered, 0 enqueued
[2.960s][info][gc,ref      ] GC(9) Weak: 263 encountered, 89 discovered, 0 enqueued
[2.960s][info][gc,ref      ] GC(9) Final: 0 encountered, 0 discovered, 0 enqueued
[2.960s][info][gc,ref      ] GC(9) Phantom: 7 encountered, 3 discovered, 0 enqueued
[2.960s][info][gc,reloc    ] GC(9) Small Pages: 559 / 1118M, Empty: 0M, Relocated: 0M, In-Place: 0
[2.960s][info][gc,reloc    ] GC(9) Medium Pages: 1 / 32M, Empty: 0M, Relocated: 0M, In-Place: 0
[2.960s][info][gc,reloc    ] GC(9) Large Pages: 0 / 0M, Empty: 0M, Relocated: 0M, In-Place: 0
[2.960s][info][gc,reloc    ] GC(9) Forwarding Usage: 0M
[2.960s][info][gc,heap     ] GC(9) Min Capacity: 4096M(100%)
[2.960s][info][gc,heap     ] GC(9) Max Capacity: 4096M(100%)
[2.960s][info][gc,heap     ] GC(9) Soft Max Capacity: 4096M(100%)
[2.960s][info][gc,heap     ] GC(9)                Mark Start          Mark End        Relocate Start      Relocate End           High               Low         
[2.960s][info][gc,heap     ] GC(9)  Capacity:     4096M (100%)       4096M (100%)       4096M (100%)       4096M (100%)       4096M (100%)       4096M (100%)   
[2.960s][info][gc,heap     ] GC(9)      Free:     2946M (72%)        2942M (72%)        2938M (72%)        2938M (72%)        2946M (72%)        2938M (72%)    
[2.960s][info][gc,heap     ] GC(9)      Used:     1150M (28%)        1154M (28%)        1158M (28%)        1158M (28%)        1158M (28%)        1150M (28%)    
[2.961s][info][gc,heap     ] GC(9)      Live:         -              1019M (25%)        1019M (25%)        1019M (25%)            -                  -          
[2.961s][info][gc,heap     ] GC(9) Allocated:         -                 4M (0%)            8M (0%)            8M (0%)             -                  -          
[2.961s][info][gc,heap     ] GC(9)   Garbage:         -               130M (3%)          130M (3%)          130M (3%)             -                  -          
[2.961s][info][gc,heap     ] GC(9) Reclaimed:         -                  -                 0M (0%)            0M (0%)             -                  -          
[2.961s][info][gc          ] GC(9) Garbage Collection (Timer) 1150M(28%)->1158M(28%)
[3.139s][info][gc,start    ] GC(10) Garbage Collection (Warmup)
[3.139s][info][gc,task     ] GC(10) Using 3 workers
[3.139s][info][gc,phases   ] GC(10) Pause Mark Start 0.006ms
[3.160s][info][gc,phases   ] GC(10) Concurrent Mark 20.723ms
[3.160s][info][gc,phases   ] GC(10) Pause Mark End 0.011ms
[3.160s][info][gc,phases   ] GC(10) Concurrent Mark Free 0.001ms
[3.161s][info][gc,phases   ] GC(10) Concurrent Process Non-Strong References 0.835ms
[3.161s][info][gc,phases   ] GC(10) Concurrent Reset Relocation Set 0.001ms
[3.164s][info][gc,phases   ] GC(10) Concurrent Select Relocation Set 2.112ms
[3.164s][info][gc,phases   ] GC(10) Pause Relocate Start 0.006ms
[3.164s][info][gc,phases   ] GC(10) Concurrent Relocate 0.108ms
[3.164s][info][gc,load     ] GC(10) Load: 0.00/0.00/0.00
[3.164s][info][gc,mmu      ] GC(10) MMU: 2ms/99.4%, 5ms/99.7%, 10ms/99.8%, 20ms/99.9%, 50ms/99.9%, 100ms/100.0%
[3.164s][info][gc,marking  ] GC(10) Mark: 2 stripe(s), 1 proactive flush(es), 1 terminate flush(es), 0 completion(s), 0 continuation(s) 
[3.164s][info][gc,marking  ] GC(10) Mark Stack Usage: 32M
[3.164s][info][gc,nmethod  ] GC(10) NMethods: 460 registered, 0 unregistered
[3.164s][info][gc,metaspace] GC(10) Metaspace: 1M used, 1M committed, 1088M reserved
[3.164s][info][gc,ref      ] GC(10) Soft: 181 encountered, 0 discovered, 0 enqueued
[3.164s][info][gc,ref      ] GC(10) Weak: 263 encountered, 91 discovered, 0 enqueued
[3.164s][info][gc,ref      ] GC(10) Final: 0 encountered, 0 discovered, 0 enqueued
[3.164s][info][gc,ref      ] GC(10) Phantom: 7 encountered, 2 discovered, 0 enqueued
[3.164s][info][gc,reloc    ] GC(10) Small Pages: 605 / 1210M, Empty: 0M, Relocated: 0M, In-Place: 0
[3.164s][info][gc,reloc    ] GC(10) Medium Pages: 1 / 32M, Empty: 0M, Relocated: 0M, In-Place: 0
[3.164s][info][gc,reloc    ] GC(10) Large Pages: 0 / 0M, Empty: 0M, Relocated: 0M, In-Place: 0
[3.164s][info][gc,reloc    ] GC(10) Forwarding Usage: 0M
[3.164s][info][gc,heap     ] GC(10) Min Capacity: 4096M(100%)
[3.164s][info][gc,heap     ] GC(10) Max Capacity: 4096M(100%)
[3.164s][info][gc,heap     ] GC(10) Soft Max Capacity: 4096M(100%)
[3.164s][info][gc,heap     ] GC(10)                Mark Start          Mark End        Relocate Start      Relocate End           High               Low         
[3.164s][info][gc,heap     ] GC(10)  Capacity:     4096M (100%)       4096M (100%)       4096M (100%)       4096M (100%)       4096M (100%)       4096M (100%)   
[3.164s][info][gc,heap     ] GC(10)      Free:     2854M (70%)        2854M (70%)        2854M (70%)        2854M (70%)        2854M (70%)        2854M (70%)    
[3.164s][info][gc,heap     ] GC(10)      Used:     1242M (30%)        1242M (30%)        1242M (30%)        1242M (30%)        1242M (30%)        1242M (30%)    
[3.164s][info][gc,heap     ] GC(10)      Live:         -              1103M (27%)        1103M (27%)        1103M (27%)            -                  -          
[3.164s][info][gc,heap     ] GC(10) Allocated:         -                 0M (0%)            0M (0%)            0M (0%)             -                  -          
[3.164s][info][gc,heap     ] GC(10)   Garbage:         -               138M (3%)          138M (3%)          138M (3%)             -                  -          
[3.164s][info][gc,heap     ] GC(10) Reclaimed:         -                  -                 0M (0%)            0M (0%)             -                  -          
[3.165s][info][gc          ] GC(10) Garbage Collection (Warmup) 1242M(30%)->1242M(30%)
[3.440s][info][gc,start    ] GC(11) Garbage Collection (Timer)
[3.440s][info][gc,task     ] GC(11) Using 3 workers
[3.440s][info][gc,phases   ] GC(11) Pause Mark Start 0.006ms
[3.452s][info][gc,phases   ] GC(11) Concurrent Mark 11.655ms
[3.452s][info][gc,phases   ] GC(11) Pause Mark End 0.011ms
[3.452s][info][gc,phases   ] GC(11) Concurrent Mark Free 0.001ms
[3.453s][info][gc,phases   ] GC(11) Concurrent Process Non-Strong References 0.781ms
[3.453s][info][gc,phases   ] GC(11) Concurrent Reset Relocation Set 0.001ms
[3.455s][info][gc,phases   ] GC(11) Concurrent Select Relocation Set 2.099ms
[3.455s][info][gc,phases   ] GC(11) Pause Relocate Start 0.005ms
[3.455s][info][gc,phases   ] GC(11) Concurrent Relocate 0.110ms
[3.455s][info][gc,load     ] GC(11) Load: 0.00/0.00/0.00
[3.455s][info][gc,mmu      ] GC(11) MMU: 2ms/99.4%, 5ms/99.7%, 10ms/99.8%, 20ms/99.9%, 50ms/99.9%, 100ms/100.0%
[3.455s][info][gc,marking  ] GC(11) Mark: 2 stripe(s), 1 proactive flush(es), 1 terminate flush(es), 0 completion(s), 0 continuation(s) 
[3.455s][info][gc,marking  ] GC(11) Mark Stack Usage: 32M
[3.455s][info][gc,nmethod  ] GC(11) NMethods: 460 registered, 0 unregistered
[3.456s][info][gc,metaspace] GC(11) Metaspace: 1M used, 1M committed, 1088M reserved
[3.456s][info][gc,ref      ] GC(11) Soft: 181 encountered, 0 discovered, 0 enqueued
[3.456s][info][gc,ref      ] GC(11) Weak: 263 encountered, 96 discovered, 0 enqueued
[3.456s][info][gc,ref      ] GC(11) Final: 0 encountered, 0 discovered, 0 enqueued
[3.456s][info][gc,ref      ] GC(11) Phantom: 7 encountered, 3 discovered, 0 enqueued
[3.456s][info][gc,reloc    ] GC(11) Small Pages: 605 / 1210M, Empty: 0M, Relocated: 0M, In-Place: 0
[3.456s][info][gc,reloc    ] GC(11) Medium Pages: 1 / 32M, Empty: 0M, Relocated: 0M, In-Place: 0
[3.456s][info][gc,reloc    ] GC(11) Large Pages: 0 / 0M, Empty: 0M, Relocated: 0M, In-Place: 0
[3.456s][info][gc,reloc    ] GC(11) Forwarding Usage: 0M
[3.456s][info][gc,heap     ] GC(11) Min Capacity: 4096M(100%)
[3.456s][info][gc,heap     ] GC(11) Max Capacity: 4096M(100%)
[3.456s][info][gc,heap     ] GC(11) Soft Max Capacity: 4096M(100%)
[3.456s][info][gc,heap     ] GC(11)                Mark Start          Mark End        Relocate Start      Relocate End           High               Low         
[3.456s][info][gc,heap     ] GC(11)  Capacity:     4096M (100%)       4096M (100%)       4096M (100%)       4096M (100%)       4096M (100%)       4096M (100%)   
[3.456s][info][gc,heap     ] GC(11)      Free:     2854M (70%)        2854M (70%)        2854M (70%)        2854M (70%)        2854M (70%)        2854M (70%)    
[3.456s][info][gc,heap     ] GC(11)      Used:     1242M (30%)        1242M (30%)        1242M (30%)        1242M (30%)        1242M (30%)        1242M (30%)    
[3.456s][info][gc,heap     ] GC(11)      Live:         -              1103M (27%)        1103M (27%)        1103M (27%)            -                  -          
[3.456s][info][gc,heap     ] GC(11) Allocated:         -                 0M (0%)            0M (0%)            0M (0%)             -                  -          
[3.456s][info][gc,heap     ] GC(11)   Garbage:         -               138M (3%)          138M (3%)          138M (3%)             -                  -          
[3.456s][info][gc,heap     ] GC(11) Reclaimed:         -                  -                 0M (0%)            0M (0%)             -                  -          
[3.456s][info][gc          ] GC(11) Garbage Collection (Timer) 1242M(30%)->1242M(30%)
[3.738s][info][gc,start    ] GC(12) Garbage Collection (Timer)
[3.738s][info][gc,task     ] GC(12) Using 3 workers
[3.738s][info][gc,phases   ] GC(12) Pause Mark Start 0.007ms
[3.748s][info][gc,phases   ] GC(12) Concurrent Mark 9.235ms
[3.748s][info][gc,phases   ] GC(12) Pause Mark End 0.009ms
[3.748s][info][gc,phases   ] GC(12) Concurrent Mark Free 0.001ms
[3.749s][info][gc,phases   ] GC(12) Concurrent Process Non-Strong References 0.725ms
[3.749s][info][gc,phases   ] GC(12) Concurrent Reset Relocation Set 0.001ms
[3.751s][info][gc,phases   ] GC(12) Concurrent Select Relocation Set 2.158ms
[3.751s][info][gc,phases   ] GC(12) Pause Relocate Start 0.003ms
[3.751s][info][gc,phases   ] GC(12) Concurrent Relocate 0.098ms
[3.751s][info][gc,load     ] GC(12) Load: 0.00/0.00/0.00
[3.751s][info][gc,mmu      ] GC(12) MMU: 2ms/99.4%, 5ms/99.7%, 10ms/99.8%, 20ms/99.9%, 50ms/99.9%, 100ms/100.0%
[3.751s][info][gc,marking  ] GC(12) Mark: 2 stripe(s), 1 proactive flush(es), 1 terminate flush(es), 0 completion(s), 0 continuation(s) 
[3.751s][info][gc,marking  ] GC(12) Mark Stack Usage: 32M
[3.751s][info][gc,nmethod  ] GC(12) NMethods: 460 registered, 0 unregistered
[3.751s][info][gc,metaspace] GC(12) Metaspace: 1M used, 1M committed, 1088M reserved
[3.751s][info][gc,ref      ] GC(12) Soft: 181 encountered, 0 discovered, 0 enqueued
[3.751s][info][gc,ref      ] GC(12) Weak: 263 encountered, 95 discovered, 0 enqueued
[3.751s][info][gc,ref      ] GC(12) Final: 0 encountered, 0 discovered, 0 enqueued
[3.751s][info][gc,ref      ] GC(12) Phantom: 7 encountered, 3 discovered, 0 enqueued
[3.751s][info][gc,reloc    ] GC(12) Small Pages: 605 / 1210M, Empty: 0M, Relocated: 0M, In-Place: 0
[3.751s][info][gc,reloc    ] GC(12) Medium Pages: 1 / 32M, Empty: 0M, Relocated: 0M, In-Place: 0
[3.751s][info][gc,reloc    ] GC(12) Large Pages: 0 / 0M, Empty: 0M, Relocated: 0M, In-Place: 0
[3.751s][info][gc,reloc    ] GC(12) Forwarding Usage: 0M
[3.752s][info][gc,heap     ] GC(12) Min Capacity: 4096M(100%)
[3.752s][info][gc,heap     ] GC(12) Max Capacity: 4096M(100%)
[3.752s][info][gc,heap     ] GC(12) Soft Max Capacity: 4096M(100%)
[3.752s][info][gc,heap     ] GC(12)                Mark Start          Mark End        Relocate Start      Relocate End           High               Low         
[3.752s][info][gc,heap     ] GC(12)  Capacity:     4096M (100%)       4096M (100%)       4096M (100%)       4096M (100%)       4096M (100%)       4096M (100%)   
[3.752s][info][gc,heap     ] GC(12)      Free:     2854M (70%)        2854M (70%)        2854M (70%)        2854M (70%)        2854M (70%)        2854M (70%)    
[3.752s][info][gc,heap     ] GC(12)      Used:     1242M (30%)        1242M (30%)        1242M (30%)        1242M (30%)        1242M (30%)        1242M (30%)    
[3.752s][info][gc,heap     ] GC(12)      Live:         -              1103M (27%)        1103M (27%)        1103M (27%)            -                  -          
[3.752s][info][gc,heap     ] GC(12) Allocated:         -                 0M (0%)            0M (0%)            0M (0%)             -                  -          
[3.752s][info][gc,heap     ] GC(12)   Garbage:         -               138M (3%)          138M (3%)          138M (3%)             -                  -          
[3.752s][info][gc,heap     ] GC(12) Reclaimed:         -                  -                 0M (0%)            0M (0%)             -                  -          
[3.752s][info][gc          ] GC(12) Garbage Collection (Timer) 1242M(30%)->1242M(30%)
[4.039s][info][gc,start    ] GC(13) Garbage Collection (Timer)
[4.039s][info][gc,task     ] GC(13) Using 3 workers
[4.039s][info][gc,phases   ] GC(13) Pause Mark Start 0.006ms
[4.048s][info][gc,phases   ] GC(13) Concurrent Mark 8.731ms
[4.048s][info][gc,phases   ] GC(13) Pause Mark End 0.010ms
[4.048s][info][gc,phases   ] GC(13) Concurrent Mark Free 0.001ms
[4.049s][info][gc,phases   ] GC(13) Concurrent Process Non-Strong References 0.734ms
[4.049s][info][gc,phases   ] GC(13) Concurrent Reset Relocation Set 0.001ms
[4.051s][info][gc,phases   ] GC(13) Concurrent Select Relocation Set 2.096ms
[4.051s][info][gc,phases   ] GC(13) Pause Relocate Start 0.007ms
[4.051s][info][gc,phases   ] GC(13) Concurrent Relocate 0.099ms
[4.051s][info][gc,load     ] GC(13) Load: 0.00/0.00/0.00
[4.051s][info][gc,mmu      ] GC(13) MMU: 2ms/99.4%, 5ms/99.7%, 10ms/99.8%, 20ms/99.9%, 50ms/99.9%, 100ms/100.0%
[4.052s][info][gc,marking  ] GC(13) Mark: 2 stripe(s), 1 proactive flush(es), 1 terminate flush(es), 0 completion(s), 0 continuation(s) 
[4.052s][info][gc,marking  ] GC(13) Mark Stack Usage: 32M
[4.052s][info][gc,nmethod  ] GC(13) NMethods: 460 registered, 0 unregistered
[4.052s][info][gc,metaspace] GC(13) Metaspace: 1M used, 1M committed, 1088M reserved
[4.052s][info][gc,ref      ] GC(13) Soft: 181 encountered, 0 discovered, 0 enqueued
[4.052s][info][gc,ref      ] GC(13) Weak: 263 encountered, 96 discovered, 0 enqueued
[4.052s][info][gc,ref      ] GC(13) Final: 0 encountered, 0 discovered, 0 enqueued
[4.052s][info][gc,ref      ] GC(13) Phantom: 7 encountered, 3 discovered, 0 enqueued
[4.052s][info][gc,reloc    ] GC(13) Small Pages: 605 / 1210M, Empty: 0M, Relocated: 0M, In-Place: 0
[4.052s][info][gc,reloc    ] GC(13) Medium Pages: 1 / 32M, Empty: 0M, Relocated: 0M, In-Place: 0
[4.052s][info][gc,reloc    ] GC(13) Large Pages: 0 / 0M, Empty: 0M, Relocated: 0M, In-Place: 0
[4.052s][info][gc,reloc    ] GC(13) Forwarding Usage: 0M
[4.052s][info][gc,heap     ] GC(13) Min Capacity: 4096M(100%)
[4.052s][info][gc,heap     ] GC(13) Max Capacity: 4096M(100%)
[4.052s][info][gc,heap     ] GC(13) Soft Max Capacity: 4096M(100%)
[4.052s][info][gc,heap     ] GC(13)                Mark Start          Mark End        Relocate Start      Relocate End           High               Low         
[4.052s][info][gc,heap     ] GC(13)  Capacity:     4096M (100%)       4096M (100%)       4096M (100%)       4096M (100%)       4096M (100%)       4096M (100%)   
[4.052s][info][gc,heap     ] GC(13)      Free:     2854M (70%)        2854M (70%)        2854M (70%)        2854M (70%)        2854M (70%)        2854M (70%)    
[4.052s][info][gc,heap     ] GC(13)      Used:     1242M (30%)        1242M (30%)        1242M (30%)        1242M (30%)        1242M (30%)        1242M (30%)    
[4.052s][info][gc,heap     ] GC(13)      Live:         -              1103M (27%)        1103M (27%)        1103M (27%)            -                  -          
[4.052s][info][gc,heap     ] GC(13) Allocated:         -                 0M (0%)            0M (0%)            0M (0%)             -                  -          
[4.052s][info][gc,heap     ] GC(13)   Garbage:         -               138M (3%)          138M (3%)          138M (3%)             -                  -          
[4.052s][info][gc,heap     ] GC(13) Reclaimed:         -                  -                 0M (0%)            0M (0%)             -                  -          
[4.052s][info][gc          ] GC(13) Garbage Collection (Timer) 1242M(30%)->1242M(30%)
[4.339s][info][gc,start    ] GC(14) Garbage Collection (Timer)
[4.339s][info][gc,task     ] GC(14) Using 3 workers
[4.339s][info][gc,phases   ] GC(14) Pause Mark Start 0.006ms
[4.353s][info][gc,phases   ] GC(14) Concurrent Mark 14.315ms
[4.353s][info][gc,phases   ] GC(14) Pause Mark End 0.010ms
[4.354s][info][gc,phases   ] GC(14) Concurrent Mark Free 0.001ms
[4.354s][info][gc,phases   ] GC(14) Concurrent Process Non-Strong References 0.674ms
[4.354s][info][gc,phases   ] GC(14) Concurrent Reset Relocation Set 0.001ms
[4.357s][info][gc,phases   ] GC(14) Concurrent Select Relocation Set 2.756ms
[4.357s][info][gc,phases   ] GC(14) Pause Relocate Start 0.006ms
[4.359s][info][gc,phases   ] GC(14) Concurrent Relocate 1.595ms
[4.359s][info][gc,load     ] GC(14) Load: 0.00/0.00/0.00
[4.359s][info][gc,mmu      ] GC(14) MMU: 2ms/99.4%, 5ms/99.7%, 10ms/99.8%, 20ms/99.9%, 50ms/99.9%, 100ms/100.0%
[4.359s][info][gc,marking  ] GC(14) Mark: 2 stripe(s), 2 proactive flush(es), 1 terminate flush(es), 0 completion(s), 0 continuation(s) 
[4.359s][info][gc,marking  ] GC(14) Mark Stack Usage: 32M
[4.359s][info][gc,nmethod  ] GC(14) NMethods: 467 registered, 0 unregistered
[4.359s][info][gc,metaspace] GC(14) Metaspace: 1M used, 1M committed, 1088M reserved
[4.359s][info][gc,ref      ] GC(14) Soft: 181 encountered, 0 discovered, 0 enqueued
[4.359s][info][gc,ref      ] GC(14) Weak: 263 encountered, 92 discovered, 0 enqueued
[4.359s][info][gc,ref      ] GC(14) Final: 0 encountered, 0 discovered, 0 enqueued
[4.359s][info][gc,ref      ] GC(14) Phantom: 7 encountered, 3 discovered, 0 enqueued
[4.359s][info][gc,reloc    ] GC(14) Small Pages: 706 / 1412M, Empty: 0M, Relocated: 1M, In-Place: 0
[4.359s][info][gc,reloc    ] GC(14) Medium Pages: 1 / 32M, Empty: 0M, Relocated: 0M, In-Place: 0
[4.359s][info][gc,reloc    ] GC(14) Large Pages: 0 / 0M, Empty: 0M, Relocated: 0M, In-Place: 0
[4.359s][info][gc,reloc    ] GC(14) Forwarding Usage: 0M
[4.359s][info][gc,heap     ] GC(14) Min Capacity: 4096M(100%)
[4.359s][info][gc,heap     ] GC(14) Max Capacity: 4096M(100%)
[4.359s][info][gc,heap     ] GC(14) Soft Max Capacity: 4096M(100%)
[4.360s][info][gc,heap     ] GC(14)                Mark Start          Mark End        Relocate Start      Relocate End           High               Low         
[4.360s][info][gc,heap     ] GC(14)  Capacity:     4096M (100%)       4096M (100%)       4096M (100%)       4096M (100%)       4096M (100%)       4096M (100%)   
[4.360s][info][gc,heap     ] GC(14)      Free:     2652M (65%)        2650M (65%)        2648M (65%)        2648M (65%)        2652M (65%)        2644M (65%)    
[4.360s][info][gc,heap     ] GC(14)      Used:     1444M (35%)        1446M (35%)        1448M (35%)        1448M (35%)        1452M (35%)        1444M (35%)    
[4.360s][info][gc,heap     ] GC(14)      Live:         -              1286M (31%)        1286M (31%)        1286M (31%)            -                  -          
[4.360s][info][gc,heap     ] GC(14) Allocated:         -                 2M (0%)            4M (0%)            4M (0%)             -                  -          
[4.360s][info][gc,heap     ] GC(14)   Garbage:         -               157M (4%)          157M (4%)          157M (4%)             -                  -          
[4.360s][info][gc,heap     ] GC(14) Reclaimed:         -                  -                 0M (0%)            0M (0%)             -                  -          
[4.360s][info][gc          ] GC(14) Garbage Collection (Timer) 1444M(35%)->1448M(35%)
[4.639s][info][gc,start    ] GC(15) Garbage Collection (Timer)
[4.639s][info][gc,task     ] GC(15) Using 3 workers
[4.639s][info][gc,phases   ] GC(15) Pause Mark Start 0.006ms
[4.659s][info][gc,phases   ] GC(15) Concurrent Mark 20.069ms
[4.659s][info][gc,phases   ] GC(15) Pause Mark End 0.009ms
[4.660s][info][gc,phases   ] GC(15) Concurrent Mark Free 0.001ms
[4.660s][info][gc,phases   ] GC(15) Concurrent Process Non-Strong References 0.846ms
[4.660s][info][gc,phases   ] GC(15) Concurrent Reset Relocation Set 0.001ms
[4.663s][info][gc,phases   ] GC(15) Concurrent Select Relocation Set 2.520ms
[4.663s][info][gc,phases   ] GC(15) Pause Relocate Start 0.006ms
[4.665s][info][gc,phases   ] GC(15) Concurrent Relocate 1.670ms
[4.665s][info][gc,load     ] GC(15) Load: 0.00/0.00/0.00
[4.665s][info][gc,mmu      ] GC(15) MMU: 2ms/99.4%, 5ms/99.7%, 10ms/99.8%, 20ms/99.9%, 50ms/99.9%, 100ms/100.0%
[4.665s][info][gc,marking  ] GC(15) Mark: 2 stripe(s), 2 proactive flush(es), 1 terminate flush(es), 0 completion(s), 0 continuation(s) 
[4.665s][info][gc,marking  ] GC(15) Mark Stack Usage: 32M
[4.665s][info][gc,nmethod  ] GC(15) NMethods: 467 registered, 0 unregistered
[4.665s][info][gc,metaspace] GC(15) Metaspace: 1M used, 1M committed, 1088M reserved
[4.665s][info][gc,ref      ] GC(15) Soft: 181 encountered, 0 discovered, 0 enqueued
[4.665s][info][gc,ref      ] GC(15) Weak: 263 encountered, 87 discovered, 0 enqueued
[4.665s][info][gc,ref      ] GC(15) Final: 0 encountered, 0 discovered, 0 enqueued
[4.665s][info][gc,ref      ] GC(15) Phantom: 7 encountered, 3 discovered, 0 enqueued
[4.665s][info][gc,reloc    ] GC(15) Small Pages: 802 / 1604M, Empty: 0M, Relocated: 1M, In-Place: 0
[4.665s][info][gc,reloc    ] GC(15) Medium Pages: 2 / 64M, Empty: 32M, Relocated: 0M, In-Place: 0
[4.665s][info][gc,reloc    ] GC(15) Large Pages: 0 / 0M, Empty: 0M, Relocated: 0M, In-Place: 0
[4.665s][info][gc,reloc    ] GC(15) Forwarding Usage: 0M
[4.665s][info][gc,heap     ] GC(15) Min Capacity: 4096M(100%)
[4.665s][info][gc,heap     ] GC(15) Max Capacity: 4096M(100%)
[4.665s][info][gc,heap     ] GC(15) Soft Max Capacity: 4096M(100%)
[4.665s][info][gc,heap     ] GC(15)                Mark Start          Mark End        Relocate Start      Relocate End           High               Low         
[4.665s][info][gc,heap     ] GC(15)  Capacity:     4096M (100%)       4096M (100%)       4096M (100%)       4096M (100%)       4096M (100%)       4096M (100%)   
[4.665s][info][gc,heap     ] GC(15)      Free:     2428M (59%)        2426M (59%)        2454M (60%)        2454M (60%)        2454M (60%)        2422M (59%)    
[4.665s][info][gc,heap     ] GC(15)      Used:     1668M (41%)        1670M (41%)        1642M (40%)        1642M (40%)        1674M (41%)        1642M (40%)    
[4.665s][info][gc,heap     ] GC(15)      Live:         -              1461M (36%)        1461M (36%)        1461M (36%)            -                  -          
[4.666s][info][gc,heap     ] GC(15) Allocated:         -                 2M (0%)            6M (0%)            6M (0%)             -                  -          
[4.666s][info][gc,heap     ] GC(15)   Garbage:         -               206M (5%)          174M (4%)          174M (4%)             -                  -          
[4.666s][info][gc,heap     ] GC(15) Reclaimed:         -                  -                32M (1%)           32M (1%)             -                  -          
[4.666s][info][gc          ] GC(15) Garbage Collection (Timer) 1668M(41%)->1642M(40%)
[4.939s][info][gc,start    ] GC(16) Garbage Collection (Timer)
[4.939s][info][gc,task     ] GC(16) Using 3 workers
[4.940s][info][gc,phases   ] GC(16) Pause Mark Start 0.006ms
[4.966s][info][gc,phases   ] GC(16) Concurrent Mark 26.366ms
[4.966s][info][gc,phases   ] GC(16) Pause Mark End 0.010ms
[4.966s][info][gc,phases   ] GC(16) Concurrent Mark Free 0.001ms
[4.967s][info][gc,phases   ] GC(16) Concurrent Process Non-Strong References 0.724ms
[4.967s][info][gc,phases   ] GC(16) Concurrent Reset Relocation Set 0.001ms
[4.969s][info][gc,phases   ] GC(16) Concurrent Select Relocation Set 2.112ms
[4.969s][info][gc,phases   ] GC(16) Pause Relocate Start 0.007ms
[4.971s][info][gc,phases   ] GC(16) Concurrent Relocate 1.638ms
[4.971s][info][gc,load     ] GC(16) Load: 0.00/0.00/0.00
[4.971s][info][gc,mmu      ] GC(16) MMU: 2ms/99.4%, 5ms/99.7%, 10ms/99.8%, 20ms/99.9%, 50ms/99.9%, 100ms/100.0%
[4.971s][info][gc,marking  ] GC(16) Mark: 2 stripe(s), 3 proactive flush(es), 1 terminate flush(es), 0 completion(s), 0 continuation(s) 
[4.971s][info][gc,marking  ] GC(16) Mark Stack Usage: 32M
[4.971s][info][gc,nmethod  ] GC(16) NMethods: 467 registered, 0 unregistered
[4.971s][info][gc,metaspace] GC(16) Metaspace: 1M used, 1M committed, 1088M reserved
[4.971s][info][gc,ref      ] GC(16) Soft: 181 encountered, 0 discovered, 0 enqueued
[4.971s][info][gc,ref      ] GC(16) Weak: 263 encountered, 174 discovered, 0 enqueued
[4.971s][info][gc,ref      ] GC(16) Final: 0 encountered, 0 discovered, 0 enqueued
[4.971s][info][gc,ref      ] GC(16) Phantom: 7 encountered, 1 discovered, 0 enqueued
[4.971s][info][gc,reloc    ] GC(16) Small Pages: 904 / 1808M, Empty: 0M, Relocated: 1M, In-Place: 0
[4.971s][info][gc,reloc    ] GC(16) Medium Pages: 1 / 32M, Empty: 0M, Relocated: 0M, In-Place: 0
[4.971s][info][gc,reloc    ] GC(16) Large Pages: 0 / 0M, Empty: 0M, Relocated: 0M, In-Place: 0
[4.971s][info][gc,reloc    ] GC(16) Forwarding Usage: 0M
[4.971s][info][gc,heap     ] GC(16) Min Capacity: 4096M(100%)
[4.971s][info][gc,heap     ] GC(16) Max Capacity: 4096M(100%)
[4.971s][info][gc,heap     ] GC(16) Soft Max Capacity: 4096M(100%)
[4.971s][info][gc,heap     ] GC(16)                Mark Start          Mark End        Relocate Start      Relocate End           High               Low         
[4.971s][info][gc,heap     ] GC(16)  Capacity:     4096M (100%)       4096M (100%)       4096M (100%)       4096M (100%)       4096M (100%)       4096M (100%)   
[4.971s][info][gc,heap     ] GC(16)      Free:     2256M (55%)        2256M (55%)        2256M (55%)        2256M (55%)        2256M (55%)        2252M (55%)    
[4.971s][info][gc,heap     ] GC(16)      Used:     1840M (45%)        1840M (45%)        1840M (45%)        1840M (45%)        1844M (45%)        1840M (45%)    
[4.971s][info][gc,heap     ] GC(16)      Live:         -              1647M (40%)        1647M (40%)        1647M (40%)            -                  -          
[4.971s][info][gc,heap     ] GC(16) Allocated:         -                 0M (0%)            0M (0%)            0M (0%)             -                  -          
[4.972s][info][gc,heap     ] GC(16)   Garbage:         -               192M (5%)          192M (5%)          192M (5%)             -                  -          
[4.972s][info][gc,heap     ] GC(16) Reclaimed:         -                  -                 0M (0%)            0M (0%)             -                  -          
[4.972s][info][gc          ] GC(16) Garbage Collection (Timer) 1840M(45%)->1840M(45%)
[5.239s][info][gc,start    ] GC(17) Garbage Collection (Timer)
[5.239s][info][gc,task     ] GC(17) Using 3 workers
[5.239s][info][gc,phases   ] GC(17) Pause Mark Start 0.006ms
[5.258s][info][gc,phases   ] GC(17) Concurrent Mark 18.404ms
[5.258s][info][gc,phases   ] GC(17) Pause Mark End 0.010ms
[5.258s][info][gc,phases   ] GC(17) Concurrent Mark Free 0.001ms
[5.259s][info][gc,phases   ] GC(17) Concurrent Process Non-Strong References 0.848ms
[5.259s][info][gc,phases   ] GC(17) Concurrent Reset Relocation Set 0.001ms
[5.261s][info][gc,phases   ] GC(17) Concurrent Select Relocation Set 2.134ms
[5.261s][info][gc,phases   ] GC(17) Pause Relocate Start 0.006ms
[5.263s][info][gc,phases   ] GC(17) Concurrent Relocate 1.381ms
[5.263s][info][gc,load     ] GC(17) Load: 0.00/0.00/0.00
[5.263s][info][gc,mmu      ] GC(17) MMU: 2ms/99.4%, 5ms/99.7%, 10ms/99.8%, 20ms/99.9%, 50ms/99.9%, 100ms/100.0%
[5.263s][info][gc,marking  ] GC(17) Mark: 2 stripe(s), 2 proactive flush(es), 1 terminate flush(es), 0 completion(s), 0 continuation(s) 
[5.263s][info][gc,marking  ] GC(17) Mark Stack Usage: 32M
[5.263s][info][gc,nmethod  ] GC(17) NMethods: 467 registered, 0 unregistered
[5.263s][info][gc,metaspace] GC(17) Metaspace: 1M used, 1M committed, 1088M reserved
[5.263s][info][gc,ref      ] GC(17) Soft: 181 encountered, 0 discovered, 0 enqueued
[5.263s][info][gc,ref      ] GC(17) Weak: 263 encountered, 91 discovered, 0 enqueued
[5.263s][info][gc,ref      ] GC(17) Final: 0 encountered, 0 discovered, 0 enqueued
[5.263s][info][gc,ref      ] GC(17) Phantom: 7 encountered, 3 discovered, 0 enqueued
[5.263s][info][gc,reloc    ] GC(17) Small Pages: 904 / 1808M, Empty: 0M, Relocated: 1M, In-Place: 0
[5.263s][info][gc,reloc    ] GC(17) Medium Pages: 1 / 32M, Empty: 0M, Relocated: 0M, In-Place: 0
[5.263s][info][gc,reloc    ] GC(17) Large Pages: 0 / 0M, Empty: 0M, Relocated: 0M, In-Place: 0
[5.263s][info][gc,reloc    ] GC(17) Forwarding Usage: 0M
[5.263s][info][gc,heap     ] GC(17) Min Capacity: 4096M(100%)
[5.263s][info][gc,heap     ] GC(17) Max Capacity: 4096M(100%)
[5.263s][info][gc,heap     ] GC(17) Soft Max Capacity: 4096M(100%)
[5.263s][info][gc,heap     ] GC(17)                Mark Start          Mark End        Relocate Start      Relocate End           High               Low         
[5.263s][info][gc,heap     ] GC(17)  Capacity:     4096M (100%)       4096M (100%)       4096M (100%)       4096M (100%)       4096M (100%)       4096M (100%)   
[5.263s][info][gc,heap     ] GC(17)      Free:     2256M (55%)        2256M (55%)        2256M (55%)        2256M (55%)        2256M (55%)        2252M (55%)    
[5.263s][info][gc,heap     ] GC(17)      Used:     1840M (45%)        1840M (45%)        1840M (45%)        1840M (45%)        1844M (45%)        1840M (45%)    
[5.263s][info][gc,heap     ] GC(17)      Live:         -              1647M (40%)        1647M (40%)        1647M (40%)            -                  -          
[5.263s][info][gc,heap     ] GC(17) Allocated:         -                 0M (0%)            0M (0%)            0M (0%)             -                  -          
[5.263s][info][gc,heap     ] GC(17)   Garbage:         -               192M (5%)          192M (5%)          192M (5%)             -                  -          
[5.263s][info][gc,heap     ] GC(17) Reclaimed:         -                  -                 0M (0%)            0M (0%)             -                  -          
[5.263s][info][gc          ] GC(17) Garbage Collection (Timer) 1840M(45%)->1840M(45%)
[5.539s][info][gc,start    ] GC(18) Garbage Collection (Timer)
[5.539s][info][gc,task     ] GC(18) Using 3 workers
[5.539s][info][gc,phases   ] GC(18) Pause Mark Start 0.006ms
[5.551s][info][gc,phases   ] GC(18) Concurrent Mark 11.721ms
[5.551s][info][gc,phases   ] GC(18) Pause Mark End 0.011ms
[5.551s][info][gc,phases   ] GC(18) Concurrent Mark Free 0.001ms
[5.552s][info][gc,phases   ] GC(18) Concurrent Process Non-Strong References 0.942ms
[5.552s][info][gc,phases   ] GC(18) Concurrent Reset Relocation Set 0.001ms
[5.554s][info][gc,phases   ] GC(18) Concurrent Select Relocation Set 2.228ms
[5.554s][info][gc,phases   ] GC(18) Pause Relocate Start 0.007ms
[5.556s][info][gc,phases   ] GC(18) Concurrent Relocate 1.375ms
[5.556s][info][gc,load     ] GC(18) Load: 0.00/0.00/0.00
[5.556s][info][gc,mmu      ] GC(18) MMU: 2ms/99.4%, 5ms/99.6%, 10ms/99.8%, 20ms/99.9%, 50ms/99.9%, 100ms/100.0%
[5.556s][info][gc,marking  ] GC(18) Mark: 2 stripe(s), 1 proactive flush(es), 1 terminate flush(es), 0 completion(s), 0 continuation(s) 
[5.556s][info][gc,marking  ] GC(18) Mark Stack Usage: 32M
[5.556s][info][gc,nmethod  ] GC(18) NMethods: 467 registered, 0 unregistered
[5.556s][info][gc,metaspace] GC(18) Metaspace: 1M used, 1M committed, 1088M reserved
[5.556s][info][gc,ref      ] GC(18) Soft: 181 encountered, 0 discovered, 0 enqueued
[5.556s][info][gc,ref      ] GC(18) Weak: 263 encountered, 90 discovered, 0 enqueued
[5.556s][info][gc,ref      ] GC(18) Final: 0 encountered, 0 discovered, 0 enqueued
[5.556s][info][gc,ref      ] GC(18) Phantom: 7 encountered, 3 discovered, 0 enqueued
[5.556s][info][gc,reloc    ] GC(18) Small Pages: 904 / 1808M, Empty: 0M, Relocated: 1M, In-Place: 0
[5.556s][info][gc,reloc    ] GC(18) Medium Pages: 1 / 32M, Empty: 0M, Relocated: 0M, In-Place: 0
[5.556s][info][gc,reloc    ] GC(18) Large Pages: 0 / 0M, Empty: 0M, Relocated: 0M, In-Place: 0
[5.556s][info][gc,reloc    ] GC(18) Forwarding Usage: 0M
[5.556s][info][gc,heap     ] GC(18) Min Capacity: 4096M(100%)
[5.556s][info][gc,heap     ] GC(18) Max Capacity: 4096M(100%)
[5.556s][info][gc,heap     ] GC(18) Soft Max Capacity: 4096M(100%)
[5.556s][info][gc,heap     ] GC(18)                Mark Start          Mark End        Relocate Start      Relocate End           High               Low         
[5.556s][info][gc,heap     ] GC(18)  Capacity:     4096M (100%)       4096M (100%)       4096M (100%)       4096M (100%)       4096M (100%)       4096M (100%)   
[5.556s][info][gc,heap     ] GC(18)      Free:     2256M (55%)        2256M (55%)        2256M (55%)        2256M (55%)        2256M (55%)        2252M (55%)    
[5.556s][info][gc,heap     ] GC(18)      Used:     1840M (45%)        1840M (45%)        1840M (45%)        1840M (45%)        1844M (45%)        1840M (45%)    
[5.557s][info][gc,heap     ] GC(18)      Live:         -              1647M (40%)        1647M (40%)        1647M (40%)            -                  -          
[5.557s][info][gc,heap     ] GC(18) Allocated:         -                 0M (0%)            0M (0%)            0M (0%)             -                  -          
[5.557s][info][gc,heap     ] GC(18)   Garbage:         -               192M (5%)          192M (5%)          192M (5%)             -                  -          
[5.557s][info][gc,heap     ] GC(18) Reclaimed:         -                  -                 0M (0%)            0M (0%)             -                  -          
[5.557s][info][gc          ] GC(18) Garbage Collection (Timer) 1840M(45%)->1840M(45%)
[5.839s][info][gc,start    ] GC(19) Garbage Collection (Timer)
[5.840s][info][gc,task     ] GC(19) Using 3 workers
[5.840s][info][gc,phases   ] GC(19) Pause Mark Start 0.006ms
[5.855s][info][gc,phases   ] GC(19) Concurrent Mark 15.259ms
[5.855s][info][gc,phases   ] GC(19) Pause Mark End 0.010ms
[5.855s][info][gc,phases   ] GC(19) Concurrent Mark Free 0.001ms
[5.856s][info][gc,phases   ] GC(19) Concurrent Process Non-Strong References 0.910ms
[5.856s][info][gc,phases   ] GC(19) Concurrent Reset Relocation Set 0.001ms
[5.859s][info][gc,phases   ] GC(19) Concurrent Select Relocation Set 2.563ms
[5.859s][info][gc,phases   ] GC(19) Pause Relocate Start 0.006ms
[5.860s][info][gc,phases   ] GC(19) Concurrent Relocate 0.985ms
[5.860s][info][gc,load     ] GC(19) Load: 0.00/0.00/0.00
[5.860s][info][gc,mmu      ] GC(19) MMU: 2ms/99.4%, 5ms/99.6%, 10ms/99.8%, 20ms/99.9%, 50ms/99.9%, 100ms/100.0%
[5.860s][info][gc,marking  ] GC(19) Mark: 2 stripe(s), 1 proactive flush(es), 1 terminate flush(es), 0 completion(s), 0 continuation(s) 
[5.860s][info][gc,marking  ] GC(19) Mark Stack Usage: 32M
[5.860s][info][gc,nmethod  ] GC(19) NMethods: 467 registered, 0 unregistered
[5.860s][info][gc,metaspace] GC(19) Metaspace: 1M used, 1M committed, 1088M reserved
[5.860s][info][gc,ref      ] GC(19) Soft: 181 encountered, 0 discovered, 0 enqueued
[5.860s][info][gc,ref      ] GC(19) Weak: 263 encountered, 169 discovered, 0 enqueued
[5.860s][info][gc,ref      ] GC(19) Final: 0 encountered, 0 discovered, 0 enqueued
[5.860s][info][gc,ref      ] GC(19) Phantom: 7 encountered, 1 discovered, 0 enqueued
[5.860s][info][gc,reloc    ] GC(19) Small Pages: 904 / 1808M, Empty: 0M, Relocated: 1M, In-Place: 0
[5.860s][info][gc,reloc    ] GC(19) Medium Pages: 1 / 32M, Empty: 0M, Relocated: 0M, In-Place: 0
[5.860s][info][gc,reloc    ] GC(19) Large Pages: 0 / 0M, Empty: 0M, Relocated: 0M, In-Place: 0
[5.860s][info][gc,reloc    ] GC(19) Forwarding Usage: 0M
[5.860s][info][gc,heap     ] GC(19) Min Capacity: 4096M(100%)
[5.861s][info][gc,heap     ] GC(19) Max Capacity: 4096M(100%)
[5.861s][info][gc,heap     ] GC(19) Soft Max Capacity: 4096M(100%)
[5.861s][info][gc,heap     ] GC(19)                Mark Start          Mark End        Relocate Start      Relocate End           High               Low         
[5.861s][info][gc,heap     ] GC(19)  Capacity:     4096M (100%)       4096M (100%)       4096M (100%)       4096M (100%)       4096M (100%)       4096M (100%)   
[5.861s][info][gc,heap     ] GC(19)      Free:     2256M (55%)        2256M (55%)        2256M (55%)        2256M (55%)        2256M (55%)        2252M (55%)    
[5.861s][info][gc,heap     ] GC(19)      Used:     1840M (45%)        1840M (45%)        1840M (45%)        1840M (45%)        1844M (45%)        1840M (45%)    
[5.861s][info][gc,heap     ] GC(19)      Live:         -              1647M (40%)        1647M (40%)        1647M (40%)            -                  -          
[5.861s][info][gc,heap     ] GC(19) Allocated:         -                 0M (0%)            0M (0%)            0M (0%)             -                  -          
[5.861s][info][gc,heap     ] GC(19)   Garbage:         -               192M (5%)          192M (5%)          192M (5%)             -                  -          
[5.861s][info][gc,heap     ] GC(19) Reclaimed:         -                  -                 0M (0%)            0M (0%)             -                  -          
[5.861s][info][gc          ] GC(19) Garbage Collection (Timer) 1840M(45%)->1840M(45%)
[6.139s][info][gc,start    ] GC(20) Garbage Collection (Timer)
[6.140s][info][gc,task     ] GC(20) Using 3 workers
[6.140s][info][gc,phases   ] GC(20) Pause Mark Start 0.005ms
[6.156s][info][gc,phases   ] GC(20) Concurrent Mark 15.692ms
[6.156s][info][gc,phases   ] GC(20) Pause Mark End 0.009ms
[6.156s][info][gc,phases   ] GC(20) Concurrent Mark Free 0.001ms
[6.157s][info][gc,phases   ] GC(20) Concurrent Process Non-Strong References 0.803ms
[6.157s][info][gc,phases   ] GC(20) Concurrent Reset Relocation Set 0.001ms
[6.159s][info][gc,phases   ] GC(20) Concurrent Select Relocation Set 2.617ms
[6.160s][info][gc,phases   ] GC(20) Pause Relocate Start 0.006ms
[6.161s][info][gc,phases   ] GC(20) Concurrent Relocate 1.682ms
[6.161s][info][gc,load     ] GC(20) Load: 0.00/0.00/0.00
[6.161s][info][gc,mmu      ] GC(20) MMU: 2ms/99.4%, 5ms/99.6%, 10ms/99.8%, 20ms/99.9%, 50ms/99.9%, 100ms/100.0%
[6.161s][info][gc,marking  ] GC(20) Mark: 2 stripe(s), 2 proactive flush(es), 1 terminate flush(es), 0 completion(s), 0 continuation(s) 
[6.161s][info][gc,marking  ] GC(20) Mark Stack Usage: 32M
[6.162s][info][gc,nmethod  ] GC(20) NMethods: 479 registered, 0 unregistered
[6.162s][info][gc,metaspace] GC(20) Metaspace: 1M used, 1M committed, 1088M reserved
[6.162s][info][gc,ref      ] GC(20) Soft: 181 encountered, 0 discovered, 0 enqueued
[6.162s][info][gc,ref      ] GC(20) Weak: 263 encountered, 175 discovered, 0 enqueued
[6.162s][info][gc,ref      ] GC(20) Final: 0 encountered, 0 discovered, 0 enqueued
[6.162s][info][gc,ref      ] GC(20) Phantom: 7 encountered, 3 discovered, 0 enqueued
[6.162s][info][gc,reloc    ] GC(20) Small Pages: 982 / 1964M, Empty: 0M, Relocated: 1M, In-Place: 0
[6.162s][info][gc,reloc    ] GC(20) Medium Pages: 1 / 32M, Empty: 0M, Relocated: 0M, In-Place: 0
[6.162s][info][gc,reloc    ] GC(20) Large Pages: 0 / 0M, Empty: 0M, Relocated: 0M, In-Place: 0
[6.162s][info][gc,reloc    ] GC(20) Forwarding Usage: 0M
[6.162s][info][gc,heap     ] GC(20) Min Capacity: 4096M(100%)
[6.162s][info][gc,heap     ] GC(20) Max Capacity: 4096M(100%)
[6.162s][info][gc,heap     ] GC(20) Soft Max Capacity: 4096M(100%)
[6.162s][info][gc,heap     ] GC(20)                Mark Start          Mark End        Relocate Start      Relocate End           High               Low         
[6.162s][info][gc,heap     ] GC(20)  Capacity:     4096M (100%)       4096M (100%)       4096M (100%)       4096M (100%)       4096M (100%)       4096M (100%)   
[6.162s][info][gc,heap     ] GC(20)      Free:     2100M (51%)        2098M (51%)        2096M (51%)        2096M (51%)        2100M (51%)        2092M (51%)    
[6.162s][info][gc,heap     ] GC(20)      Used:     1996M (49%)        1998M (49%)        2000M (49%)        2000M (49%)        2004M (49%)        1996M (49%)    
[6.162s][info][gc,heap     ] GC(20)      Live:         -              1790M (44%)        1790M (44%)        1790M (44%)            -                  -          
[6.162s][info][gc,heap     ] GC(20) Allocated:         -                 2M (0%)            4M (0%)            4M (0%)             -                  -          
[6.162s][info][gc,heap     ] GC(20)   Garbage:         -               205M (5%)          205M (5%)          205M (5%)             -                  -          
[6.162s][info][gc,heap     ] GC(20) Reclaimed:         -                  -                 0M (0%)            0M (0%)             -                  -          
[6.162s][info][gc          ] GC(20) Garbage Collection (Timer) 1996M(49%)->2000M(49%)
[6.439s][info][gc,start    ] GC(21) Garbage Collection (Timer)
[6.439s][info][gc,task     ] GC(21) Using 3 workers
[6.439s][info][gc,phases   ] GC(21) Pause Mark Start 0.006ms
[6.460s][info][gc,phases   ] GC(21) Concurrent Mark 20.637ms
[6.460s][info][gc,phases   ] GC(21) Pause Mark End 0.009ms
[6.460s][info][gc,phases   ] GC(21) Concurrent Mark Free 0.001ms
[6.461s][info][gc,phases   ] GC(21) Concurrent Process Non-Strong References 0.879ms
[6.461s][info][gc,phases   ] GC(21) Concurrent Reset Relocation Set 0.001ms
[6.464s][info][gc,phases   ] GC(21) Concurrent Select Relocation Set 2.408ms
[6.464s][info][gc,phases   ] GC(21) Pause Relocate Start 0.005ms
[6.466s][info][gc,phases   ] GC(21) Concurrent Relocate 2.021ms
[6.466s][info][gc,load     ] GC(21) Load: 0.00/0.00/0.00
[6.466s][info][gc,mmu      ] GC(21) MMU: 2ms/99.4%, 5ms/99.6%, 10ms/99.8%, 20ms/99.9%, 50ms/99.9%, 100ms/100.0%
[6.466s][info][gc,marking  ] GC(21) Mark: 2 stripe(s), 2 proactive flush(es), 1 terminate flush(es), 0 completion(s), 0 continuation(s) 
[6.466s][info][gc,marking  ] GC(21) Mark Stack Usage: 32M
[6.466s][info][gc,nmethod  ] GC(21) NMethods: 479 registered, 0 unregistered
[6.466s][info][gc,metaspace] GC(21) Metaspace: 1M used, 1M committed, 1088M reserved
[6.466s][info][gc,ref      ] GC(21) Soft: 181 encountered, 0 discovered, 0 enqueued
[6.466s][info][gc,ref      ] GC(21) Weak: 263 encountered, 169 discovered, 0 enqueued
[6.466s][info][gc,ref      ] GC(21) Final: 0 encountered, 0 discovered, 0 enqueued
[6.466s][info][gc,ref      ] GC(21) Phantom: 7 encountered, 3 discovered, 0 enqueued
[6.466s][info][gc,reloc    ] GC(21) Small Pages: 1067 / 2134M, Empty: 0M, Relocated: 3M, In-Place: 0
[6.466s][info][gc,reloc    ] GC(21) Medium Pages: 1 / 32M, Empty: 0M, Relocated: 0M, In-Place: 0
[6.467s][info][gc,reloc    ] GC(21) Large Pages: 0 / 0M, Empty: 0M, Relocated: 0M, In-Place: 0
[6.467s][info][gc,reloc    ] GC(21) Forwarding Usage: 0M
[6.467s][info][gc,heap     ] GC(21) Min Capacity: 4096M(100%)
[6.467s][info][gc,heap     ] GC(21) Max Capacity: 4096M(100%)
[6.467s][info][gc,heap     ] GC(21) Soft Max Capacity: 4096M(100%)
[6.467s][info][gc,heap     ] GC(21)                Mark Start          Mark End        Relocate Start      Relocate End           High               Low         
[6.467s][info][gc,heap     ] GC(21)  Capacity:     4096M (100%)       4096M (100%)       4096M (100%)       4096M (100%)       4096M (100%)       4096M (100%)   
[6.467s][info][gc,heap     ] GC(21)      Free:     1930M (47%)        1892M (46%)        1888M (46%)        1890M (46%)        1930M (47%)        1882M (46%)    
[6.467s][info][gc,heap     ] GC(21)      Used:     2166M (53%)        2204M (54%)        2208M (54%)        2206M (54%)        2214M (54%)        2166M (53%)    
[6.467s][info][gc,heap     ] GC(21)      Live:         -              1944M (47%)        1944M (47%)        1944M (47%)            -                  -          
[6.467s][info][gc,heap     ] GC(21) Allocated:         -                38M (1%)           42M (1%)           41M (1%)             -                  -          
[6.467s][info][gc,heap     ] GC(21)   Garbage:         -               221M (5%)          221M (5%)          219M (5%)             -                  -          
[6.467s][info][gc,heap     ] GC(21) Reclaimed:         -                  -                 0M (0%)            1M (0%)             -                  -          
[6.467s][info][gc          ] GC(21) Garbage Collection (Timer) 2166M(53%)->2206M(54%)
[6.739s][info][gc,start    ] GC(22) Garbage Collection (Timer)
[6.739s][info][gc,task     ] GC(22) Using 3 workers
[6.739s][info][gc,phases   ] GC(22) Pause Mark Start 0.006ms
[6.761s][info][gc,phases   ] GC(22) Concurrent Mark 21.791ms
[6.761s][info][gc,phases   ] GC(22) Pause Mark End 0.009ms
[6.761s][info][gc,phases   ] GC(22) Concurrent Mark Free 0.001ms
[6.762s][info][gc,phases   ] GC(22) Concurrent Process Non-Strong References 0.935ms
[6.762s][info][gc,phases   ] GC(22) Concurrent Reset Relocation Set 0.001ms
[6.764s][info][gc,phases   ] GC(22) Concurrent Select Relocation Set 2.393ms
[6.765s][info][gc,phases   ] GC(22) Pause Relocate Start 0.006ms
[6.766s][info][gc,phases   ] GC(22) Concurrent Relocate 1.353ms
[6.766s][info][gc,load     ] GC(22) Load: 0.00/0.00/0.00
[6.766s][info][gc,mmu      ] GC(22) MMU: 2ms/99.4%, 5ms/99.6%, 10ms/99.8%, 20ms/99.9%, 50ms/99.9%, 100ms/100.0%
[6.766s][info][gc,marking  ] GC(22) Mark: 2 stripe(s), 2 proactive flush(es), 1 terminate flush(es), 0 completion(s), 0 continuation(s) 
[6.766s][info][gc,marking  ] GC(22) Mark Stack Usage: 32M
[6.766s][info][gc,nmethod  ] GC(22) NMethods: 479 registered, 0 unregistered
[6.766s][info][gc,metaspace] GC(22) Metaspace: 1M used, 1M committed, 1088M reserved
[6.766s][info][gc,ref      ] GC(22) Soft: 181 encountered, 0 discovered, 0 enqueued
[6.766s][info][gc,ref      ] GC(22) Weak: 263 encountered, 206 discovered, 0 enqueued
[6.766s][info][gc,ref      ] GC(22) Final: 0 encountered, 0 discovered, 0 enqueued
[6.766s][info][gc,ref      ] GC(22) Phantom: 7 encountered, 3 discovered, 0 enqueued
[6.766s][info][gc,reloc    ] GC(22) Small Pages: 1141 / 2282M, Empty: 0M, Relocated: 3M, In-Place: 0
[6.766s][info][gc,reloc    ] GC(22) Medium Pages: 2 / 64M, Empty: 32M, Relocated: 0M, In-Place: 0
[6.766s][info][gc,reloc    ] GC(22) Large Pages: 0 / 0M, Empty: 0M, Relocated: 0M, In-Place: 0
[6.766s][info][gc,reloc    ] GC(22) Forwarding Usage: 0M
[6.767s][info][gc,heap     ] GC(22) Min Capacity: 4096M(100%)
[6.767s][info][gc,heap     ] GC(22) Max Capacity: 4096M(100%)
[6.767s][info][gc,heap     ] GC(22) Soft Max Capacity: 4096M(100%)
[6.767s][info][gc,heap     ] GC(22)                Mark Start          Mark End        Relocate Start      Relocate End           High               Low         
[6.767s][info][gc,heap     ] GC(22)  Capacity:     4096M (100%)       4096M (100%)       4096M (100%)       4096M (100%)       4096M (100%)       4096M (100%)   
[6.767s][info][gc,heap     ] GC(22)      Free:     1750M (43%)        1746M (43%)        1776M (43%)        1776M (43%)        1776M (43%)        1744M (43%)    
[6.767s][info][gc,heap     ] GC(22)      Used:     2346M (57%)        2350M (57%)        2320M (57%)        2320M (57%)        2352M (57%)        2320M (57%)    
[6.767s][info][gc,heap     ] GC(22)      Live:         -              2082M (51%)        2082M (51%)        2082M (51%)            -                  -          
[6.767s][info][gc,heap     ] GC(22) Allocated:         -                 4M (0%)            6M (0%)            6M (0%)             -                  -          
[6.767s][info][gc,heap     ] GC(22)   Garbage:         -               263M (6%)          231M (6%)          231M (6%)             -                  -          
[6.767s][info][gc,heap     ] GC(22) Reclaimed:         -                  -                32M (1%)           32M (1%)             -                  -          
[6.767s][info][gc          ] GC(22) Garbage Collection (Timer) 2346M(57%)->2320M(57%)
[7.039s][info][gc,start    ] GC(23) Garbage Collection (Timer)
[7.039s][info][gc,task     ] GC(23) Using 3 workers
[7.039s][info][gc,phases   ] GC(23) Pause Mark Start 0.006ms
[7.065s][info][gc,phases   ] GC(23) Concurrent Mark 25.738ms
[7.065s][info][gc,phases   ] GC(23) Pause Mark End 0.010ms
[7.065s][info][gc,phases   ] GC(23) Concurrent Mark Free 0.001ms
[7.066s][info][gc,phases   ] GC(23) Concurrent Process Non-Strong References 0.837ms
[7.066s][info][gc,phases   ] GC(23) Concurrent Reset Relocation Set 0.001ms
[7.068s][info][gc,phases   ] GC(23) Concurrent Select Relocation Set 2.160ms
[7.068s][info][gc,phases   ] GC(23) Pause Relocate Start 0.005ms
[7.071s][info][gc,phases   ] GC(23) Concurrent Relocate 2.189ms
[7.071s][info][gc,load     ] GC(23) Load: 0.00/0.00/0.00
[7.071s][info][gc,mmu      ] GC(23) MMU: 2ms/99.4%, 5ms/99.6%, 10ms/99.8%, 20ms/99.9%, 50ms/99.9%, 100ms/100.0%
[7.071s][info][gc,marking  ] GC(23) Mark: 2 stripe(s), 3 proactive flush(es), 1 terminate flush(es), 0 completion(s), 0 continuation(s) 
[7.071s][info][gc,marking  ] GC(23) Mark Stack Usage: 32M
[7.071s][info][gc,nmethod  ] GC(23) NMethods: 479 registered, 0 unregistered
[7.071s][info][gc,metaspace] GC(23) Metaspace: 1M used, 1M committed, 1088M reserved
[7.071s][info][gc,ref      ] GC(23) Soft: 181 encountered, 0 discovered, 0 enqueued
[7.071s][info][gc,ref      ] GC(23) Weak: 263 encountered, 156 discovered, 0 enqueued
[7.071s][info][gc,ref      ] GC(23) Final: 0 encountered, 0 discovered, 0 enqueued
[7.071s][info][gc,ref      ] GC(23) Phantom: 7 encountered, 3 discovered, 0 enqueued
[7.071s][info][gc,reloc    ] GC(23) Small Pages: 1201 / 2402M, Empty: 0M, Relocated: 5M, In-Place: 0
[7.071s][info][gc,reloc    ] GC(23) Medium Pages: 1 / 32M, Empty: 0M, Relocated: 0M, In-Place: 0
[7.071s][info][gc,reloc    ] GC(23) Large Pages: 0 / 0M, Empty: 0M, Relocated: 0M, In-Place: 0
[7.071s][info][gc,reloc    ] GC(23) Forwarding Usage: 0M
[7.071s][info][gc,heap     ] GC(23) Min Capacity: 4096M(100%)
[7.071s][info][gc,heap     ] GC(23) Max Capacity: 4096M(100%)
[7.071s][info][gc,heap     ] GC(23) Soft Max Capacity: 4096M(100%)
[7.071s][info][gc,heap     ] GC(23)                Mark Start          Mark End        Relocate Start      Relocate End           High               Low         
[7.071s][info][gc,heap     ] GC(23)  Capacity:     4096M (100%)       4096M (100%)       4096M (100%)       4096M (100%)       4096M (100%)       4096M (100%)   
[7.071s][info][gc,heap     ] GC(23)      Free:     1662M (41%)        1662M (41%)        1662M (41%)        1666M (41%)        1666M (41%)        1656M (40%)    
[7.071s][info][gc,heap     ] GC(23)      Used:     2434M (59%)        2434M (59%)        2434M (59%)        2430M (59%)        2440M (60%)        2430M (59%)    
[7.071s][info][gc,heap     ] GC(23)      Live:         -              2190M (53%)        2190M (53%)        2190M (53%)            -                  -          
[7.071s][info][gc,heap     ] GC(23) Allocated:         -                 0M (0%)            0M (0%)            0M (0%)             -                  -          
[7.071s][info][gc,heap     ] GC(23)   Garbage:         -               243M (6%)          243M (6%)          239M (6%)             -                  -          
[7.071s][info][gc,heap     ] GC(23) Reclaimed:         -                  -                 0M (0%)            4M (0%)             -                  -          
[7.071s][info][gc          ] GC(23) Garbage Collection (Timer) 2434M(59%)->2430M(59%)
[7.339s][info][gc,start    ] GC(24) Garbage Collection (Timer)
[7.339s][info][gc,task     ] GC(24) Using 3 workers
[7.339s][info][gc,phases   ] GC(24) Pause Mark Start 0.006ms
[7.356s][info][gc,phases   ] GC(24) Concurrent Mark 16.941ms
[7.357s][info][gc,phases   ] GC(24) Pause Mark End 0.011ms
[7.357s][info][gc,phases   ] GC(24) Concurrent Mark Free 0.001ms
[7.358s][info][gc,phases   ] GC(24) Concurrent Process Non-Strong References 0.839ms
[7.358s][info][gc,phases   ] GC(24) Concurrent Reset Relocation Set 0.001ms
[7.360s][info][gc,phases   ] GC(24) Concurrent Select Relocation Set 2.124ms
[7.360s][info][gc,phases   ] GC(24) Pause Relocate Start 0.004ms
[7.360s][info][gc,phases   ] GC(24) Concurrent Relocate 0.102ms
[7.360s][info][gc,load     ] GC(24) Load: 0.00/0.00/0.00
[7.360s][info][gc,mmu      ] GC(24) MMU: 2ms/99.4%, 5ms/99.6%, 10ms/99.8%, 20ms/99.9%, 50ms/99.9%, 100ms/100.0%
[7.360s][info][gc,marking  ] GC(24) Mark: 2 stripe(s), 1 proactive flush(es), 1 terminate flush(es), 0 completion(s), 0 continuation(s) 
[7.360s][info][gc,marking  ] GC(24) Mark Stack Usage: 32M
[7.360s][info][gc,nmethod  ] GC(24) NMethods: 479 registered, 0 unregistered
[7.360s][info][gc,metaspace] GC(24) Metaspace: 1M used, 1M committed, 1088M reserved
[7.360s][info][gc,ref      ] GC(24) Soft: 181 encountered, 0 discovered, 0 enqueued
[7.360s][info][gc,ref      ] GC(24) Weak: 263 encountered, 210 discovered, 0 enqueued
[7.360s][info][gc,ref      ] GC(24) Final: 0 encountered, 0 discovered, 0 enqueued
[7.360s][info][gc,ref      ] GC(24) Phantom: 7 encountered, 3 discovered, 0 enqueued
[7.360s][info][gc,reloc    ] GC(24) Small Pages: 1199 / 2398M, Empty: 0M, Relocated: 0M, In-Place: 0
[7.360s][info][gc,reloc    ] GC(24) Medium Pages: 1 / 32M, Empty: 0M, Relocated: 0M, In-Place: 0
[7.360s][info][gc,reloc    ] GC(24) Large Pages: 0 / 0M, Empty: 0M, Relocated: 0M, In-Place: 0
[7.360s][info][gc,reloc    ] GC(24) Forwarding Usage: 0M
[7.360s][info][gc,heap     ] GC(24) Min Capacity: 4096M(100%)
[7.360s][info][gc,heap     ] GC(24) Max Capacity: 4096M(100%)
[7.360s][info][gc,heap     ] GC(24) Soft Max Capacity: 4096M(100%)
[7.360s][info][gc,heap     ] GC(24)                Mark Start          Mark End        Relocate Start      Relocate End           High               Low         
[7.361s][info][gc,heap     ] GC(24)  Capacity:     4096M (100%)       4096M (100%)       4096M (100%)       4096M (100%)       4096M (100%)       4096M (100%)   
[7.361s][info][gc,heap     ] GC(24)      Free:     1666M (41%)        1666M (41%)        1666M (41%)        1666M (41%)        1666M (41%)        1666M (41%)    
[7.361s][info][gc,heap     ] GC(24)      Used:     2430M (59%)        2430M (59%)        2430M (59%)        2430M (59%)        2430M (59%)        2430M (59%)    
[7.361s][info][gc,heap     ] GC(24)      Live:         -              2190M (53%)        2190M (53%)        2190M (53%)            -                  -          
[7.361s][info][gc,heap     ] GC(24) Allocated:         -                 0M (0%)            0M (0%)            0M (0%)             -                  -          
[7.361s][info][gc,heap     ] GC(24)   Garbage:         -               239M (6%)          239M (6%)          239M (6%)             -                  -          
[7.361s][info][gc,heap     ] GC(24) Reclaimed:         -                  -                 0M (0%)            0M (0%)             -                  -          
[7.361s][info][gc          ] GC(24) Garbage Collection (Timer) 2430M(59%)->2430M(59%)
[7.639s][info][gc,start    ] GC(25) Garbage Collection (Timer)
[7.639s][info][gc,task     ] GC(25) Using 3 workers
[7.639s][info][gc,phases   ] GC(25) Pause Mark Start 0.006ms
[7.654s][info][gc,phases   ] GC(25) Concurrent Mark 14.756ms
[7.654s][info][gc,phases   ] GC(25) Pause Mark End 0.009ms
[7.654s][info][gc,phases   ] GC(25) Concurrent Mark Free 0.001ms
[7.655s][info][gc,phases   ] GC(25) Concurrent Process Non-Strong References 0.715ms
[7.655s][info][gc,phases   ] GC(25) Concurrent Reset Relocation Set 0.000ms
[7.657s][info][gc,phases   ] GC(25) Concurrent Select Relocation Set 2.055ms
[7.657s][info][gc,phases   ] GC(25) Pause Relocate Start 0.004ms
[7.657s][info][gc,phases   ] GC(25) Concurrent Relocate 0.088ms
[7.657s][info][gc,load     ] GC(25) Load: 0.00/0.00/0.00
[7.657s][info][gc,mmu      ] GC(25) MMU: 2ms/99.4%, 5ms/99.6%, 10ms/99.8%, 20ms/99.9%, 50ms/99.9%, 100ms/100.0%
[7.657s][info][gc,marking  ] GC(25) Mark: 2 stripe(s), 8 proactive flush(es), 1 terminate flush(es), 0 completion(s), 0 continuation(s) 
[7.657s][info][gc,marking  ] GC(25) Mark Stack Usage: 32M
[7.657s][info][gc,nmethod  ] GC(25) NMethods: 479 registered, 0 unregistered
[7.657s][info][gc,metaspace] GC(25) Metaspace: 1M used, 1M committed, 1088M reserved
[7.657s][info][gc,ref      ] GC(25) Soft: 181 encountered, 0 discovered, 0 enqueued
[7.657s][info][gc,ref      ] GC(25) Weak: 263 encountered, 211 discovered, 0 enqueued
[7.657s][info][gc,ref      ] GC(25) Final: 0 encountered, 0 discovered, 0 enqueued
[7.657s][info][gc,ref      ] GC(25) Phantom: 7 encountered, 3 discovered, 0 enqueued
[7.657s][info][gc,reloc    ] GC(25) Small Pages: 1199 / 2398M, Empty: 0M, Relocated: 0M, In-Place: 0
[7.657s][info][gc,reloc    ] GC(25) Medium Pages: 1 / 32M, Empty: 0M, Relocated: 0M, In-Place: 0
[7.657s][info][gc,reloc    ] GC(25) Large Pages: 0 / 0M, Empty: 0M, Relocated: 0M, In-Place: 0
[7.657s][info][gc,reloc    ] GC(25) Forwarding Usage: 0M
[7.657s][info][gc,heap     ] GC(25) Min Capacity: 4096M(100%)
[7.657s][info][gc,heap     ] GC(25) Max Capacity: 4096M(100%)
[7.658s][info][gc,heap     ] GC(25) Soft Max Capacity: 4096M(100%)
[7.658s][info][gc,heap     ] GC(25)                Mark Start          Mark End        Relocate Start      Relocate End           High               Low         
[7.658s][info][gc,heap     ] GC(25)  Capacity:     4096M (100%)       4096M (100%)       4096M (100%)       4096M (100%)       4096M (100%)       4096M (100%)   
[7.658s][info][gc,heap     ] GC(25)      Free:     1666M (41%)        1666M (41%)        1666M (41%)        1666M (41%)        1666M (41%)        1666M (41%)    
[7.658s][info][gc,heap     ] GC(25)      Used:     2430M (59%)        2430M (59%)        2430M (59%)        2430M (59%)        2430M (59%)        2430M (59%)    
[7.658s][info][gc,heap     ] GC(25)      Live:         -              2190M (53%)        2190M (53%)        2190M (53%)            -                  -          
[7.658s][info][gc,heap     ] GC(25) Allocated:         -                 0M (0%)            0M (0%)            0M (0%)             -                  -          
[7.658s][info][gc,heap     ] GC(25)   Garbage:         -               239M (6%)          239M (6%)          239M (6%)             -                  -          
[7.658s][info][gc,heap     ] GC(25) Reclaimed:         -                  -                 0M (0%)            0M (0%)             -                  -          
[7.658s][info][gc          ] GC(25) Garbage Collection (Timer) 2430M(59%)->2430M(59%)
[7.939s][info][gc,start    ] GC(26) Garbage Collection (Timer)
[7.939s][info][gc,task     ] GC(26) Using 3 workers
[7.939s][info][gc,phases   ] GC(26) Pause Mark Start 0.006ms
[7.952s][info][gc,phases   ] GC(26) Concurrent Mark 13.285ms
[7.952s][info][gc,phases   ] GC(26) Pause Mark End 0.010ms
[7.952s][info][gc,phases   ] GC(26) Concurrent Mark Free 0.001ms
[7.953s][info][gc,phases   ] GC(26) Concurrent Process Non-Strong References 0.662ms
[7.953s][info][gc,phases   ] GC(26) Concurrent Reset Relocation Set 0.000ms
[7.955s][info][gc,phases   ] GC(26) Concurrent Select Relocation Set 2.083ms
[7.955s][info][gc,phases   ] GC(26) Pause Relocate Start 0.004ms
[7.956s][info][gc,phases   ] GC(26) Concurrent Relocate 0.089ms
[7.956s][info][gc,load     ] GC(26) Load: 0.00/0.00/0.00
[7.956s][info][gc,mmu      ] GC(26) MMU: 2ms/99.4%, 5ms/99.6%, 10ms/99.8%, 20ms/99.9%, 50ms/99.9%, 100ms/100.0%
[7.956s][info][gc,marking  ] GC(26) Mark: 2 stripe(s), 1 proactive flush(es), 1 terminate flush(es), 0 completion(s), 0 continuation(s) 
[7.956s][info][gc,marking  ] GC(26) Mark Stack Usage: 32M
[7.956s][info][gc,nmethod  ] GC(26) NMethods: 479 registered, 0 unregistered
[7.956s][info][gc,metaspace] GC(26) Metaspace: 1M used, 1M committed, 1088M reserved
[7.956s][info][gc,ref      ] GC(26) Soft: 181 encountered, 0 discovered, 0 enqueued
[7.956s][info][gc,ref      ] GC(26) Weak: 263 encountered, 208 discovered, 0 enqueued
[7.956s][info][gc,ref      ] GC(26) Final: 0 encountered, 0 discovered, 0 enqueued
[7.956s][info][gc,ref      ] GC(26) Phantom: 7 encountered, 3 discovered, 0 enqueued
[7.956s][info][gc,reloc    ] GC(26) Small Pages: 1199 / 2398M, Empty: 0M, Relocated: 0M, In-Place: 0
[7.956s][info][gc,reloc    ] GC(26) Medium Pages: 1 / 32M, Empty: 0M, Relocated: 0M, In-Place: 0
[7.956s][info][gc,reloc    ] GC(26) Large Pages: 0 / 0M, Empty: 0M, Relocated: 0M, In-Place: 0
[7.956s][info][gc,reloc    ] GC(26) Forwarding Usage: 0M
[7.956s][info][gc,heap     ] GC(26) Min Capacity: 4096M(100%)
[7.956s][info][gc,heap     ] GC(26) Max Capacity: 4096M(100%)
[7.956s][info][gc,heap     ] GC(26) Soft Max Capacity: 4096M(100%)
[7.956s][info][gc,heap     ] GC(26)                Mark Start          Mark End        Relocate Start      Relocate End           High               Low         
[7.956s][info][gc,heap     ] GC(26)  Capacity:     4096M (100%)       4096M (100%)       4096M (100%)       4096M (100%)       4096M (100%)       4096M (100%)   
[7.956s][info][gc,heap     ] GC(26)      Free:     1666M (41%)        1666M (41%)        1666M (41%)        1666M (41%)        1666M (41%)        1666M (41%)    
[7.956s][info][gc,heap     ] GC(26)      Used:     2430M (59%)        2430M (59%)        2430M (59%)        2430M (59%)        2430M (59%)        2430M (59%)    
[7.956s][info][gc,heap     ] GC(26)      Live:         -              2190M (53%)        2190M (53%)        2190M (53%)            -                  -          
[7.956s][info][gc,heap     ] GC(26) Allocated:         -                 0M (0%)            0M (0%)            0M (0%)             -                  -          
[7.956s][info][gc,heap     ] GC(26)   Garbage:         -               239M (6%)          239M (6%)          239M (6%)             -                  -          
[7.956s][info][gc,heap     ] GC(26) Reclaimed:         -                  -                 0M (0%)            0M (0%)             -                  -          
[7.956s][info][gc          ] GC(26) Garbage Collection (Timer) 2430M(59%)->2430M(59%)
[8.238s][info][gc,start    ] GC(27) Garbage Collection (Timer)
[8.238s][info][gc,task     ] GC(27) Using 3 workers
[8.239s][info][gc,phases   ] GC(27) Pause Mark Start 0.005ms
[8.255s][info][gc,phases   ] GC(27) Concurrent Mark 16.701ms
[8.256s][info][gc,phases   ] GC(27) Pause Mark End 0.009ms
[8.256s][info][gc,phases   ] GC(27) Concurrent Mark Free 0.001ms
[8.256s][info][gc,phases   ] GC(27) Concurrent Process Non-Strong References 0.779ms
[8.256s][info][gc,phases   ] GC(27) Concurrent Reset Relocation Set 0.000ms
[8.259s][info][gc,phases   ] GC(27) Concurrent Select Relocation Set 2.349ms
[8.259s][info][gc,phases   ] GC(27) Pause Relocate Start 0.005ms
[8.259s][info][gc,phases   ] GC(27) Concurrent Relocate 0.372ms
[8.260s][info][gc,load     ] GC(27) Load: 0.00/0.00/0.00
[8.260s][info][gc,mmu      ] GC(27) MMU: 2ms/99.4%, 5ms/99.6%, 10ms/99.8%, 20ms/99.9%, 50ms/99.9%, 100ms/100.0%
[8.260s][info][gc,marking  ] GC(27) Mark: 2 stripe(s), 2 proactive flush(es), 1 terminate flush(es), 0 completion(s), 0 continuation(s) 
[8.260s][info][gc,marking  ] GC(27) Mark Stack Usage: 32M
[8.260s][info][gc,nmethod  ] GC(27) NMethods: 484 registered, 0 unregistered
[8.260s][info][gc,metaspace] GC(27) Metaspace: 1M used, 1M committed, 1088M reserved
[8.260s][info][gc,ref      ] GC(27) Soft: 181 encountered, 0 discovered, 0 enqueued
[8.260s][info][gc,ref      ] GC(27) Weak: 263 encountered, 179 discovered, 0 enqueued
[8.260s][info][gc,ref      ] GC(27) Final: 0 encountered, 0 discovered, 0 enqueued
[8.260s][info][gc,ref      ] GC(27) Phantom: 7 encountered, 3 discovered, 0 enqueued
[8.260s][info][gc,reloc    ] GC(27) Small Pages: 1255 / 2510M, Empty: 0M, Relocated: 1M, In-Place: 0
[8.260s][info][gc,reloc    ] GC(27) Medium Pages: 1 / 32M, Empty: 0M, Relocated: 0M, In-Place: 0
[8.260s][info][gc,reloc    ] GC(27) Large Pages: 0 / 0M, Empty: 0M, Relocated: 0M, In-Place: 0
[8.260s][info][gc,reloc    ] GC(27) Forwarding Usage: 0M
[8.260s][info][gc,heap     ] GC(27) Min Capacity: 4096M(100%)
[8.260s][info][gc,heap     ] GC(27) Max Capacity: 4096M(100%)
[8.260s][info][gc,heap     ] GC(27) Soft Max Capacity: 4096M(100%)
[8.260s][info][gc,heap     ] GC(27)                Mark Start          Mark End        Relocate Start      Relocate End           High               Low         
[8.260s][info][gc,heap     ] GC(27)  Capacity:     4096M (100%)       4096M (100%)       4096M (100%)       4096M (100%)       4096M (100%)       4096M (100%)   
[8.260s][info][gc,heap     ] GC(27)      Free:     1554M (38%)        1550M (38%)        1548M (38%)        1548M (38%)        1554M (38%)        1546M (38%)    
[8.260s][info][gc,heap     ] GC(27)      Used:     2542M (62%)        2546M (62%)        2548M (62%)        2548M (62%)        2550M (62%)        2542M (62%)    
[8.260s][info][gc,heap     ] GC(27)      Live:         -              2290M (56%)        2290M (56%)        2290M (56%)            -                  -          
[8.260s][info][gc,heap     ] GC(27) Allocated:         -                 4M (0%)            6M (0%)            6M (0%)             -                  -          
[8.260s][info][gc,heap     ] GC(27)   Garbage:         -               251M (6%)          251M (6%)          251M (6%)             -                  -          
[8.260s][info][gc,heap     ] GC(27) Reclaimed:         -                  -                 0M (0%)            0M (0%)             -                  -          
[8.260s][info][gc          ] GC(27) Garbage Collection (Timer) 2542M(62%)->2548M(62%)
[8.539s][info][gc,start    ] GC(28) Garbage Collection (Timer)
[8.540s][info][gc,task     ] GC(28) Using 3 workers
[8.540s][info][gc,phases   ] GC(28) Pause Mark Start 0.005ms
[8.560s][info][gc,phases   ] GC(28) Concurrent Mark 20.599ms
[8.560s][info][gc,phases   ] GC(28) Pause Mark End 0.009ms
[8.561s][info][gc,phases   ] GC(28) Concurrent Mark Free 0.001ms
[8.561s][info][gc,phases   ] GC(28) Concurrent Process Non-Strong References 0.653ms
[8.561s][info][gc,phases   ] GC(28) Concurrent Reset Relocation Set 0.001ms
[8.564s][info][gc,phases   ] GC(28) Concurrent Select Relocation Set 2.192ms
[8.564s][info][gc,phases   ] GC(28) Pause Relocate Start 0.005ms
[8.565s][info][gc,phases   ] GC(28) Concurrent Relocate 1.189ms
[8.565s][info][gc,load     ] GC(28) Load: 0.00/0.00/0.00
[8.565s][info][gc,mmu      ] GC(28) MMU: 2ms/99.4%, 5ms/99.6%, 10ms/99.8%, 20ms/99.9%, 50ms/99.9%, 100ms/100.0%
[8.565s][info][gc,marking  ] GC(28) Mark: 2 stripe(s), 2 proactive flush(es), 1 terminate flush(es), 0 completion(s), 0 continuation(s) 
[8.565s][info][gc,marking  ] GC(28) Mark Stack Usage: 32M
[8.565s][info][gc,nmethod  ] GC(28) NMethods: 484 registered, 0 unregistered
[8.565s][info][gc,metaspace] GC(28) Metaspace: 1M used, 1M committed, 1088M reserved
[8.565s][info][gc,ref      ] GC(28) Soft: 181 encountered, 0 discovered, 0 enqueued
[8.565s][info][gc,ref      ] GC(28) Weak: 263 encountered, 182 discovered, 0 enqueued
[8.565s][info][gc,ref      ] GC(28) Final: 0 encountered, 0 discovered, 0 enqueued
[8.565s][info][gc,ref      ] GC(28) Phantom: 7 encountered, 3 discovered, 0 enqueued
[8.565s][info][gc,reloc    ] GC(28) Small Pages: 1317 / 2634M, Empty: 0M, Relocated: 1M, In-Place: 0
[8.565s][info][gc,reloc    ] GC(28) Medium Pages: 1 / 32M, Empty: 0M, Relocated: 0M, In-Place: 0
[8.565s][info][gc,reloc    ] GC(28) Large Pages: 0 / 0M, Empty: 0M, Relocated: 0M, In-Place: 0
[8.565s][info][gc,reloc    ] GC(28) Forwarding Usage: 0M
[8.565s][info][gc,heap     ] GC(28) Min Capacity: 4096M(100%)
[8.565s][info][gc,heap     ] GC(28) Max Capacity: 4096M(100%)
[8.565s][info][gc,heap     ] GC(28) Soft Max Capacity: 4096M(100%)
[8.565s][info][gc,heap     ] GC(28)                Mark Start          Mark End        Relocate Start      Relocate End           High               Low         
[8.565s][info][gc,heap     ] GC(28)  Capacity:     4096M (100%)       4096M (100%)       4096M (100%)       4096M (100%)       4096M (100%)       4096M (100%)   
[8.566s][info][gc,heap     ] GC(28)      Free:     1430M (35%)        1426M (35%)        1424M (35%)        1424M (35%)        1430M (35%)        1420M (35%)    
[8.566s][info][gc,heap     ] GC(28)      Used:     2666M (65%)        2670M (65%)        2672M (65%)        2672M (65%)        2676M (65%)        2666M (65%)    
[8.566s][info][gc,heap     ] GC(28)      Live:         -              2403M (59%)        2403M (59%)        2403M (59%)            -                  -          
[8.566s][info][gc,heap     ] GC(28) Allocated:         -                 4M (0%)            6M (0%)            6M (0%)             -                  -          
[8.566s][info][gc,heap     ] GC(28)   Garbage:         -               262M (6%)          262M (6%)          262M (6%)             -                  -          
[8.566s][info][gc,heap     ] GC(28) Reclaimed:         -                  -                 0M (0%)            0M (0%)             -                  -          
[8.566s][info][gc          ] GC(28) Garbage Collection (Timer) 2666M(65%)->2672M(65%)
[8.838s][info][gc,start    ] GC(29) Garbage Collection (Timer)
[8.839s][info][gc,task     ] GC(29) Using 3 workers
[8.839s][info][gc,phases   ] GC(29) Pause Mark Start 0.006ms
[8.860s][info][gc,phases   ] GC(29) Concurrent Mark 20.843ms
[8.860s][info][gc,phases   ] GC(29) Pause Mark End 0.010ms
[8.860s][info][gc,phases   ] GC(29) Concurrent Mark Free 0.001ms
[8.861s][info][gc,phases   ] GC(29) Concurrent Process Non-Strong References 0.912ms
[8.861s][info][gc,phases   ] GC(29) Concurrent Reset Relocation Set 0.001ms
[8.863s][info][gc,phases   ] GC(29) Concurrent Select Relocation Set 2.149ms
[8.863s][info][gc,phases   ] GC(29) Pause Relocate Start 0.005ms
[8.864s][info][gc,phases   ] GC(29) Concurrent Relocate 1.112ms
[8.864s][info][gc,load     ] GC(29) Load: 0.00/0.00/0.00
[8.864s][info][gc,mmu      ] GC(29) MMU: 2ms/99.4%, 5ms/99.6%, 10ms/99.8%, 20ms/99.9%, 50ms/99.9%, 100ms/100.0%
[8.865s][info][gc,marking  ] GC(29) Mark: 2 stripe(s), 2 proactive flush(es), 1 terminate flush(es), 0 completion(s), 0 continuation(s) 
[8.865s][info][gc,marking  ] GC(29) Mark Stack Usage: 32M
[8.865s][info][gc,nmethod  ] GC(29) NMethods: 484 registered, 0 unregistered
[8.865s][info][gc,metaspace] GC(29) Metaspace: 1M used, 1M committed, 1088M reserved
[8.865s][info][gc,ref      ] GC(29) Soft: 181 encountered, 0 discovered, 0 enqueued
[8.865s][info][gc,ref      ] GC(29) Weak: 263 encountered, 175 discovered, 0 enqueued
[8.865s][info][gc,ref      ] GC(29) Final: 0 encountered, 0 discovered, 0 enqueued
[8.865s][info][gc,ref      ] GC(29) Phantom: 7 encountered, 3 discovered, 0 enqueued
[8.865s][info][gc,reloc    ] GC(29) Small Pages: 1394 / 2788M, Empty: 0M, Relocated: 1M, In-Place: 0
[8.865s][info][gc,reloc    ] GC(29) Medium Pages: 1 / 32M, Empty: 0M, Relocated: 0M, In-Place: 0
[8.865s][info][gc,reloc    ] GC(29) Large Pages: 0 / 0M, Empty: 0M, Relocated: 0M, In-Place: 0
[8.865s][info][gc,reloc    ] GC(29) Forwarding Usage: 0M
[8.865s][info][gc,heap     ] GC(29) Min Capacity: 4096M(100%)
[8.865s][info][gc,heap     ] GC(29) Max Capacity: 4096M(100%)
[8.865s][info][gc,heap     ] GC(29) Soft Max Capacity: 4096M(100%)
[8.865s][info][gc,heap     ] GC(29)                Mark Start          Mark End        Relocate Start      Relocate End           High               Low         
[8.865s][info][gc,heap     ] GC(29)  Capacity:     4096M (100%)       4096M (100%)       4096M (100%)       4096M (100%)       4096M (100%)       4096M (100%)   
[8.865s][info][gc,heap     ] GC(29)      Free:     1276M (31%)        1274M (31%)        1272M (31%)        1272M (31%)        1276M (31%)        1268M (31%)    
[8.865s][info][gc,heap     ] GC(29)      Used:     2820M (69%)        2822M (69%)        2824M (69%)        2824M (69%)        2828M (69%)        2820M (69%)    
[8.865s][info][gc,heap     ] GC(29)      Live:         -              2544M (62%)        2544M (62%)        2544M (62%)            -                  -          
[8.865s][info][gc,heap     ] GC(29) Allocated:         -                 2M (0%)            4M (0%)            4M (0%)             -                  -          
[8.865s][info][gc,heap     ] GC(29)   Garbage:         -               275M (7%)          275M (7%)          275M (7%)             -                  -          
[8.865s][info][gc,heap     ] GC(29) Reclaimed:         -                  -                 0M (0%)            0M (0%)             -                  -          
[8.865s][info][gc          ] GC(29) Garbage Collection (Timer) 2820M(69%)->2824M(69%)
[9.139s][info][gc,start    ] GC(30) Garbage Collection (Timer)
[9.139s][info][gc,task     ] GC(30) Using 3 workers
[9.139s][info][gc,phases   ] GC(30) Pause Mark Start 0.006ms
[9.163s][info][gc,phases   ] GC(30) Concurrent Mark 23.695ms
[9.163s][info][gc,phases   ] GC(30) Pause Mark End 0.009ms
[9.163s][info][gc,phases   ] GC(30) Concurrent Mark Free 0.001ms
[9.164s][info][gc,phases   ] GC(30) Concurrent Process Non-Strong References 0.621ms
[9.164s][info][gc,phases   ] GC(30) Concurrent Reset Relocation Set 0.001ms
[9.166s][info][gc,phases   ] GC(30) Concurrent Select Relocation Set 2.491ms
[9.166s][info][gc,phases   ] GC(30) Pause Relocate Start 0.006ms
[9.168s][info][gc,phases   ] GC(30) Concurrent Relocate 1.105ms
[9.168s][info][gc,load     ] GC(30) Load: 0.00/0.00/0.00
[9.168s][info][gc,mmu      ] GC(30) MMU: 2ms/99.4%, 5ms/99.6%, 10ms/99.8%, 20ms/99.9%, 50ms/99.9%, 100ms/100.0%
[9.168s][info][gc,marking  ] GC(30) Mark: 2 stripe(s), 2 proactive flush(es), 1 terminate flush(es), 0 completion(s), 0 continuation(s) 
[9.168s][info][gc,marking  ] GC(30) Mark Stack Usage: 32M
[9.168s][info][gc,nmethod  ] GC(30) NMethods: 484 registered, 0 unregistered
[9.168s][info][gc,metaspace] GC(30) Metaspace: 1M used, 1M committed, 1088M reserved
[9.168s][info][gc,ref      ] GC(30) Soft: 181 encountered, 0 discovered, 0 enqueued
[9.168s][info][gc,ref      ] GC(30) Weak: 263 encountered, 206 discovered, 0 enqueued
[9.168s][info][gc,ref      ] GC(30) Final: 0 encountered, 0 discovered, 0 enqueued
[9.168s][info][gc,ref      ] GC(30) Phantom: 7 encountered, 3 discovered, 0 enqueued
[9.168s][info][gc,reloc    ] GC(30) Small Pages: 1482 / 2964M, Empty: 0M, Relocated: 1M, In-Place: 0
[9.168s][info][gc,reloc    ] GC(30) Medium Pages: 1 / 32M, Empty: 0M, Relocated: 0M, In-Place: 0
[9.168s][info][gc,reloc    ] GC(30) Large Pages: 0 / 0M, Empty: 0M, Relocated: 0M, In-Place: 0
[9.168s][info][gc,reloc    ] GC(30) Forwarding Usage: 0M
[9.168s][info][gc,heap     ] GC(30) Min Capacity: 4096M(100%)
[9.168s][info][gc,heap     ] GC(30) Max Capacity: 4096M(100%)
[9.168s][info][gc,heap     ] GC(30) Soft Max Capacity: 4096M(100%)
[9.168s][info][gc,heap     ] GC(30)                Mark Start          Mark End        Relocate Start      Relocate End           High               Low         
[9.168s][info][gc,heap     ] GC(30)  Capacity:     4096M (100%)       4096M (100%)       4096M (100%)       4096M (100%)       4096M (100%)       4096M (100%)   
[9.168s][info][gc,heap     ] GC(30)      Free:     1100M (27%)        1098M (27%)        1098M (27%)        1098M (27%)        1100M (27%)        1092M (27%)    
[9.168s][info][gc,heap     ] GC(30)      Used:     2996M (73%)        2998M (73%)        2998M (73%)        2998M (73%)        3004M (73%)        2996M (73%)    
[9.168s][info][gc,heap     ] GC(30)      Live:         -              2703M (66%)        2703M (66%)        2703M (66%)            -                  -          
[9.168s][info][gc,heap     ] GC(30) Allocated:         -                 2M (0%)            2M (0%)            2M (0%)             -                  -          
[9.168s][info][gc,heap     ] GC(30)   Garbage:         -               292M (7%)          292M (7%)          292M (7%)             -                  -          
[9.168s][info][gc,heap     ] GC(30) Reclaimed:         -                  -                 0M (0%)            0M (0%)             -                  -          
[9.168s][info][gc          ] GC(30) Garbage Collection (Timer) 2996M(73%)->2998M(73%)
[9.439s][info][gc,start    ] GC(31) Garbage Collection (Timer)
[9.439s][info][gc,task     ] GC(31) Using 3 workers
[9.439s][info][gc,phases   ] GC(31) Pause Mark Start 0.005ms
[9.462s][info][gc,phases   ] GC(31) Concurrent Mark 22.768ms
[9.462s][info][gc,phases   ] GC(31) Pause Mark End 0.009ms
[9.462s][info][gc,phases   ] GC(31) Concurrent Mark Free 0.001ms
[9.463s][info][gc,phases   ] GC(31) Concurrent Process Non-Strong References 0.632ms
[9.463s][info][gc,phases   ] GC(31) Concurrent Reset Relocation Set 0.001ms
[9.465s][info][gc,phases   ] GC(31) Concurrent Select Relocation Set 2.060ms
[9.465s][info][gc,phases   ] GC(31) Pause Relocate Start 0.004ms
[9.467s][info][gc,phases   ] GC(31) Concurrent Relocate 1.788ms
[9.467s][info][gc,load     ] GC(31) Load: 0.00/0.00/0.00
[9.467s][info][gc,mmu      ] GC(31) MMU: 2ms/99.4%, 5ms/99.6%, 10ms/99.8%, 20ms/99.9%, 50ms/99.9%, 100ms/100.0%
[9.467s][info][gc,marking  ] GC(31) Mark: 2 stripe(s), 1 proactive flush(es), 1 terminate flush(es), 0 completion(s), 0 continuation(s) 
[9.467s][info][gc,marking  ] GC(31) Mark Stack Usage: 32M
[9.467s][info][gc,nmethod  ] GC(31) NMethods: 484 registered, 0 unregistered
[9.467s][info][gc,metaspace] GC(31) Metaspace: 1M used, 1M committed, 1088M reserved
[9.467s][info][gc,ref      ] GC(31) Soft: 181 encountered, 0 discovered, 0 enqueued
[9.467s][info][gc,ref      ] GC(31) Weak: 263 encountered, 211 discovered, 0 enqueued
[9.467s][info][gc,ref      ] GC(31) Final: 0 encountered, 0 discovered, 0 enqueued
[9.467s][info][gc,ref      ] GC(31) Phantom: 7 encountered, 3 discovered, 0 enqueued
[9.467s][info][gc,reloc    ] GC(31) Small Pages: 1501 / 3002M, Empty: 0M, Relocated: 5M, In-Place: 0
[9.467s][info][gc,reloc    ] GC(31) Medium Pages: 1 / 32M, Empty: 0M, Relocated: 0M, In-Place: 0
[9.467s][info][gc,reloc    ] GC(31) Large Pages: 0 / 0M, Empty: 0M, Relocated: 0M, In-Place: 0
[9.467s][info][gc,reloc    ] GC(31) Forwarding Usage: 0M
[9.467s][info][gc,heap     ] GC(31) Min Capacity: 4096M(100%)
[9.467s][info][gc,heap     ] GC(31) Max Capacity: 4096M(100%)
[9.467s][info][gc,heap     ] GC(31) Soft Max Capacity: 4096M(100%)
[9.467s][info][gc,heap     ] GC(31)                Mark Start          Mark End        Relocate Start      Relocate End           High               Low         
[9.467s][info][gc,heap     ] GC(31)  Capacity:     4096M (100%)       4096M (100%)       4096M (100%)       4096M (100%)       4096M (100%)       4096M (100%)   
[9.467s][info][gc,heap     ] GC(31)      Free:     1062M (26%)        1062M (26%)        1062M (26%)        1066M (26%)        1066M (26%)        1058M (26%)    
[9.467s][info][gc,heap     ] GC(31)      Used:     3034M (74%)        3034M (74%)        3034M (74%)        3030M (74%)        3038M (74%)        3030M (74%)    
[9.467s][info][gc,heap     ] GC(31)      Live:         -              2736M (67%)        2736M (67%)        2736M (67%)            -                  -          
[9.467s][info][gc,heap     ] GC(31) Allocated:         -                 0M (0%)            0M (0%)            0M (0%)             -                  -          
[9.467s][info][gc,heap     ] GC(31)   Garbage:         -               297M (7%)          297M (7%)          293M (7%)             -                  -          
[9.467s][info][gc,heap     ] GC(31) Reclaimed:         -                  -                 0M (0%)            4M (0%)             -                  -          
[9.467s][info][gc          ] GC(31) Garbage Collection (Timer) 3034M(74%)->3030M(74%)
[9.739s][info][gc,start    ] GC(32) Garbage Collection (Timer)
[9.739s][info][gc,task     ] GC(32) Using 3 workers
[9.739s][info][gc,phases   ] GC(32) Pause Mark Start 0.006ms
[9.758s][info][gc,phases   ] GC(32) Concurrent Mark 18.014ms
[9.758s][info][gc,phases   ] GC(32) Pause Mark End 0.009ms
[9.758s][info][gc,phases   ] GC(32) Concurrent Mark Free 0.001ms
[9.759s][info][gc,phases   ] GC(32) Concurrent Process Non-Strong References 0.677ms
[9.759s][info][gc,phases   ] GC(32) Concurrent Reset Relocation Set 0.001ms
[9.761s][info][gc,phases   ] GC(32) Concurrent Select Relocation Set 2.136ms
[9.761s][info][gc,phases   ] GC(32) Pause Relocate Start 0.005ms
[9.761s][info][gc,phases   ] GC(32) Concurrent Relocate 0.271ms
[9.761s][info][gc,load     ] GC(32) Load: 0.00/0.00/0.00
[9.761s][info][gc,mmu      ] GC(32) MMU: 2ms/99.4%, 5ms/99.6%, 10ms/99.8%, 20ms/99.9%, 50ms/99.9%, 100ms/100.0%
[9.761s][info][gc,marking  ] GC(32) Mark: 2 stripe(s), 1 proactive flush(es), 1 terminate flush(es), 0 completion(s), 0 continuation(s) 
[9.761s][info][gc,marking  ] GC(32) Mark Stack Usage: 32M
[9.761s][info][gc,nmethod  ] GC(32) NMethods: 484 registered, 0 unregistered
[9.761s][info][gc,metaspace] GC(32) Metaspace: 1M used, 1M committed, 1088M reserved
[9.761s][info][gc,ref      ] GC(32) Soft: 181 encountered, 0 discovered, 0 enqueued
[9.761s][info][gc,ref      ] GC(32) Weak: 263 encountered, 208 discovered, 0 enqueued
[9.761s][info][gc,ref      ] GC(32) Final: 0 encountered, 0 discovered, 0 enqueued
[9.761s][info][gc,ref      ] GC(32) Phantom: 7 encountered, 3 discovered, 0 enqueued
[9.761s][info][gc,reloc    ] GC(32) Small Pages: 1499 / 2998M, Empty: 0M, Relocated: 1M, In-Place: 0
[9.761s][info][gc,reloc    ] GC(32) Medium Pages: 1 / 32M, Empty: 0M, Relocated: 0M, In-Place: 0
[9.761s][info][gc,reloc    ] GC(32) Large Pages: 0 / 0M, Empty: 0M, Relocated: 0M, In-Place: 0
[9.762s][info][gc,reloc    ] GC(32) Forwarding Usage: 0M
[9.762s][info][gc,heap     ] GC(32) Min Capacity: 4096M(100%)
[9.762s][info][gc,heap     ] GC(32) Max Capacity: 4096M(100%)
[9.762s][info][gc,heap     ] GC(32) Soft Max Capacity: 4096M(100%)
[9.762s][info][gc,heap     ] GC(32)                Mark Start          Mark End        Relocate Start      Relocate End           High               Low         
[9.762s][info][gc,heap     ] GC(32)  Capacity:     4096M (100%)       4096M (100%)       4096M (100%)       4096M (100%)       4096M (100%)       4096M (100%)   
[9.762s][info][gc,heap     ] GC(32)      Free:     1066M (26%)        1066M (26%)        1066M (26%)        1066M (26%)        1066M (26%)        1062M (26%)    
[9.762s][info][gc,heap     ] GC(32)      Used:     3030M (74%)        3030M (74%)        3030M (74%)        3030M (74%)        3034M (74%)        3030M (74%)    
[9.762s][info][gc,heap     ] GC(32)      Live:         -              2736M (67%)        2736M (67%)        2736M (67%)            -                  -          
[9.762s][info][gc,heap     ] GC(32) Allocated:         -                 0M (0%)            0M (0%)            0M (0%)             -                  -          
[9.762s][info][gc,heap     ] GC(32)   Garbage:         -               293M (7%)          293M (7%)          293M (7%)             -                  -          
[9.762s][info][gc,heap     ] GC(32) Reclaimed:         -                  -                 0M (0%)            0M (0%)             -                  -          
[9.762s][info][gc          ] GC(32) Garbage Collection (Timer) 3030M(74%)->3030M(74%)
[10.039s][info][gc,start    ] GC(33) Garbage Collection (Timer)
[10.039s][info][gc,task     ] GC(33) Using 3 workers
[10.039s][info][gc,phases   ] GC(33) Pause Mark Start 0.006ms
[10.056s][info][gc,phases   ] GC(33) Concurrent Mark 16.319ms
[10.056s][info][gc,phases   ] GC(33) Pause Mark End 0.012ms
[10.056s][info][gc,phases   ] GC(33) Concurrent Mark Free 0.001ms
[10.057s][info][gc,phases   ] GC(33) Concurrent Process Non-Strong References 0.529ms
[10.057s][info][gc,phases   ] GC(33) Concurrent Reset Relocation Set 0.001ms
[10.059s][info][gc,phases   ] GC(33) Concurrent Select Relocation Set 2.010ms
[10.059s][info][gc,phases   ] GC(33) Pause Relocate Start 0.004ms
[10.059s][info][gc,phases   ] GC(33) Concurrent Relocate 0.287ms
[10.059s][info][gc,load     ] GC(33) Load: 0.00/0.00/0.00
[10.059s][info][gc,mmu      ] GC(33) MMU: 2ms/99.4%, 5ms/99.6%, 10ms/99.8%, 20ms/99.9%, 50ms/99.9%, 100ms/100.0%
[10.059s][info][gc,marking  ] GC(33) Mark: 2 stripe(s), 1 proactive flush(es), 1 terminate flush(es), 0 completion(s), 0 continuation(s) 
[10.059s][info][gc,marking  ] GC(33) Mark Stack Usage: 32M
[10.059s][info][gc,nmethod  ] GC(33) NMethods: 484 registered, 0 unregistered
[10.059s][info][gc,metaspace] GC(33) Metaspace: 1M used, 1M committed, 1088M reserved
[10.059s][info][gc,ref      ] GC(33) Soft: 181 encountered, 0 discovered, 0 enqueued
[10.059s][info][gc,ref      ] GC(33) Weak: 263 encountered, 209 discovered, 0 enqueued
[10.059s][info][gc,ref      ] GC(33) Final: 0 encountered, 0 discovered, 0 enqueued
[10.059s][info][gc,ref      ] GC(33) Phantom: 7 encountered, 3 discovered, 0 enqueued
[10.059s][info][gc,reloc    ] GC(33) Small Pages: 1499 / 2998M, Empty: 0M, Relocated: 1M, In-Place: 0
[10.059s][info][gc,reloc    ] GC(33) Medium Pages: 1 / 32M, Empty: 0M, Relocated: 0M, In-Place: 0
[10.059s][info][gc,reloc    ] GC(33) Large Pages: 0 / 0M, Empty: 0M, Relocated: 0M, In-Place: 0
[10.059s][info][gc,reloc    ] GC(33) Forwarding Usage: 0M
[10.060s][info][gc,heap     ] GC(33) Min Capacity: 4096M(100%)
[10.060s][info][gc,heap     ] GC(33) Max Capacity: 4096M(100%)
[10.060s][info][gc,heap     ] GC(33) Soft Max Capacity: 4096M(100%)
[10.060s][info][gc,heap     ] GC(33)                Mark Start          Mark End        Relocate Start      Relocate End           High               Low         
[10.060s][info][gc,heap     ] GC(33)  Capacity:     4096M (100%)       4096M (100%)       4096M (100%)       4096M (100%)       4096M (100%)       4096M (100%)   
[10.060s][info][gc,heap     ] GC(33)      Free:     1066M (26%)        1066M (26%)        1066M (26%)        1068M (26%)        1068M (26%)        1064M (26%)    
[10.060s][info][gc,heap     ] GC(33)      Used:     3030M (74%)        3030M (74%)        3030M (74%)        3028M (74%)        3032M (74%)        3028M (74%)    
[10.060s][info][gc,heap     ] GC(33)      Live:         -              2736M (67%)        2736M (67%)        2736M (67%)            -                  -          
[10.060s][info][gc,heap     ] GC(33) Allocated:         -                 0M (0%)            0M (0%)            0M (0%)             -                  -          
[10.060s][info][gc,heap     ] GC(33)   Garbage:         -               293M (7%)          293M (7%)          291M (7%)             -                  -          
[10.060s][info][gc,heap     ] GC(33) Reclaimed:         -                  -                 0M (0%)            2M (0%)             -                  -          
[10.060s][info][gc          ] GC(33) Garbage Collection (Timer) 3030M(74%)->3028M(74%)
[10.232s][info][gc,heap,exit] Heap
[10.232s][info][gc,heap,exit]  ZHeap           used 3032M, capacity 4096M, max capacity 4096M
[10.232s][info][gc,heap,exit]  Metaspace       used 1602K, committed 1792K, reserved 1114112K
[10.232s][info][gc,heap,exit]   class space    used 147K, committed 256K, reserved 1048576K
