[0.022s][info][gc,init] Initializing The Z Garbage Collector
[0.022s][info][gc,init] Version: 17.0.11+1-LTS (release)
[0.022s][info][gc,init] NUMA Support: Disabled
[0.022s][info][gc,init] CPUs: 12 total, 12 available
[0.022s][info][gc,init] Memory: 24496M
[0.022s][info][gc,init] Large Page Support: Disabled
[0.023s][info][gc,init] GC Workers: 3 (dynamic)
[0.023s][info][gc,init] Address Space Type: Contiguous/Unrestricted/Complete
[0.023s][info][gc,init] Address Space Size: 65536M x 3 = 196608M
[0.023s][info][gc,init] Min Capacity: 4096M
[0.023s][info][gc,init] Initial Capacity: 4096M
[0.024s][info][gc,init] Max Capacity: 4096M
[0.024s][info][gc,init] Medium Page Size: 32M
[0.024s][info][gc,init] Pre-touch: Disabled
[0.024s][info][gc,init] Uncommit: Implicitly Disabled (-Xms equals -Xmx)
[0.249s][info][gc,init] Runtime Workers: 8
[0.250s][info][gc     ] Using The Z Garbage Collector
[0.260s][info][gc,metaspace] CDS archive(s) mapped at: [0x000002000f000000-0x000002000fbc0000-0x000002000fbc0000), size 12320768, SharedBaseAddress: 0x000002000f000000, ArchiveRelocationMode: 1.
[0.260s][info][gc,metaspace] Compressed class space mapped at: 0x0000020010000000-0x0000020050000000, reserved size: 1073741824
[0.260s][info][gc,metaspace] Narrow klass base: 0x000002000f000000, Narrow klass shift: 0, Narrow klass range: 0x100000000
[0.392s][info][gc,start    ] GC(0) Garbage Collection (Timer)
[0.392s][info][gc,task     ] GC(0) Using 3 workers
[0.392s][info][gc,phases   ] GC(0) Pause Mark Start 0.005ms
[0.395s][info][gc,phases   ] GC(0) Concurrent Mark 3.080ms
[0.396s][info][gc,phases   ] GC(0) Pause Mark End 0.013ms
[0.396s][info][gc,phases   ] GC(0) Concurrent Mark Free 0.001ms
[0.396s][info][gc,phases   ] GC(0) Concurrent Process Non-Strong References 0.453ms
[0.396s][info][gc,phases   ] GC(0) Concurrent Reset Relocation Set 0.000ms
[0.405s][info][gc,phases   ] GC(0) Concurrent Select Relocation Set 9.291ms
[0.406s][info][gc,phases   ] GC(0) Pause Relocate Start 0.006ms
[0.407s][info][gc,phases   ] GC(0) Concurrent Relocate 1.440ms
[0.407s][info][gc,load     ] GC(0) Load: 0.00/0.00/0.00
[0.407s][info][gc,mmu      ] GC(0) MMU: 2ms/99.4%, 5ms/99.6%, 10ms/99.8%, 20ms/99.9%, 50ms/100.0%, 100ms/100.0%
[0.407s][info][gc,marking  ] GC(0) Mark: 2 stripe(s), 1 proactive flush(es), 1 terminate flush(es), 0 completion(s), 0 continuation(s) 
[0.407s][info][gc,marking  ] GC(0) Mark Stack Usage: 32M
[0.407s][info][gc,nmethod  ] GC(0) NMethods: 158 registered, 0 unregistered
[0.407s][info][gc,metaspace] GC(0) Metaspace: 0M used, 0M committed, 1088M reserved
[0.407s][info][gc,ref      ] GC(0) Soft: 36 encountered, 0 discovered, 0 enqueued
[0.407s][info][gc,ref      ] GC(0) Weak: 103 encountered, 18 discovered, 18 enqueued
[0.407s][info][gc,ref      ] GC(0) Final: 0 encountered, 0 discovered, 0 enqueued
[0.407s][info][gc,ref      ] GC(0) Phantom: 16 encountered, 13 discovered, 13 enqueued
[0.407s][info][gc,reloc    ] GC(0) Small Pages: 2 / 4M, Empty: 0M, Relocated: 1M, In-Place: 0
[0.407s][info][gc,reloc    ] GC(0) Medium Pages: 0 / 0M, Empty: 0M, Relocated: 0M, In-Place: 0
[0.408s][info][gc,reloc    ] GC(0) Large Pages: 0 / 0M, Empty: 0M, Relocated: 0M, In-Place: 0
[0.408s][info][gc,reloc    ] GC(0) Forwarding Usage: 0M
[0.408s][info][gc,heap     ] GC(0) Min Capacity: 4096M(100%)
[0.408s][info][gc,heap     ] GC(0) Max Capacity: 4096M(100%)
[0.408s][info][gc,heap     ] GC(0) Soft Max Capacity: 4096M(100%)
[0.408s][info][gc,heap     ] GC(0)                Mark Start          Mark End        Relocate Start      Relocate End           High               Low         
[0.408s][info][gc,heap     ] GC(0)  Capacity:     4096M (100%)       4096M (100%)       4096M (100%)       4096M (100%)       4096M (100%)       4096M (100%)   
[0.408s][info][gc,heap     ] GC(0)      Free:     4092M (100%)       4092M (100%)       4092M (100%)       4092M (100%)       4092M (100%)       4088M (100%)   
[0.408s][info][gc,heap     ] GC(0)      Used:        4M (0%)            4M (0%)            4M (0%)            4M (0%)            8M (0%)            4M (0%)     
[0.408s][info][gc,heap     ] GC(0)      Live:         -                 1M (0%)            1M (0%)            1M (0%)             -                  -          
[0.408s][info][gc,heap     ] GC(0) Allocated:         -                 0M (0%)            0M (0%)            0M (0%)             -                  -          
[0.408s][info][gc,heap     ] GC(0)   Garbage:         -                 2M (0%)            2M (0%)            2M (0%)             -                  -          
[0.408s][info][gc,heap     ] GC(0) Reclaimed:         -                  -                 0M (0%)            0M (0%)             -                  -          
[0.408s][info][gc          ] GC(0) Garbage Collection (Timer) 4M(0%)->4M(0%)
[0.682s][info][gc,start    ] GC(1) Garbage Collection (Timer)
[0.682s][info][gc,task     ] GC(1) Using 3 workers
[0.682s][info][gc,phases   ] GC(1) Pause Mark Start 0.006ms
[0.698s][info][gc,phases   ] GC(1) Concurrent Mark 15.625ms
[0.698s][info][gc,phases   ] GC(1) Pause Mark End 0.009ms
[0.698s][info][gc,phases   ] GC(1) Concurrent Mark Free 0.001ms
[0.699s][info][gc,phases   ] GC(1) Concurrent Process Non-Strong References 0.538ms
[0.699s][info][gc,phases   ] GC(1) Concurrent Reset Relocation Set 0.001ms
[0.702s][info][gc,phases   ] GC(1) Concurrent Select Relocation Set 3.553ms
[0.702s][info][gc,phases   ] GC(1) Pause Relocate Start 0.007ms
[0.704s][info][gc,phases   ] GC(1) Concurrent Relocate 1.512ms
[0.704s][info][gc,load     ] GC(1) Load: 0.00/0.00/0.00
[0.704s][info][gc,mmu      ] GC(1) MMU: 2ms/99.4%, 5ms/99.6%, 10ms/99.8%, 20ms/99.9%, 50ms/100.0%, 100ms/100.0%
[0.704s][info][gc,marking  ] GC(1) Mark: 2 stripe(s), 3 proactive flush(es), 1 terminate flush(es), 0 completion(s), 0 continuation(s) 
[0.704s][info][gc,marking  ] GC(1) Mark Stack Usage: 32M
[0.704s][info][gc,nmethod  ] GC(1) NMethods: 296 registered, 0 unregistered
[0.704s][info][gc,metaspace] GC(1) Metaspace: 0M used, 0M committed, 1088M reserved
[0.704s][info][gc,ref      ] GC(1) Soft: 72 encountered, 0 discovered, 0 enqueued
[0.704s][info][gc,ref      ] GC(1) Weak: 177 encountered, 101 discovered, 23 enqueued
[0.704s][info][gc,ref      ] GC(1) Final: 0 encountered, 0 discovered, 0 enqueued
[0.704s][info][gc,ref      ] GC(1) Phantom: 13 encountered, 9 discovered, 6 enqueued
[0.704s][info][gc,reloc    ] GC(1) Small Pages: 123 / 246M, Empty: 0M, Relocated: 1M, In-Place: 0
[0.704s][info][gc,reloc    ] GC(1) Medium Pages: 0 / 0M, Empty: 0M, Relocated: 0M, In-Place: 0
[0.704s][info][gc,reloc    ] GC(1) Large Pages: 0 / 0M, Empty: 0M, Relocated: 0M, In-Place: 0
[0.704s][info][gc,reloc    ] GC(1) Forwarding Usage: 0M
[0.704s][info][gc,heap     ] GC(1) Min Capacity: 4096M(100%)
[0.704s][info][gc,heap     ] GC(1) Max Capacity: 4096M(100%)
[0.704s][info][gc,heap     ] GC(1) Soft Max Capacity: 4096M(100%)
[0.704s][info][gc,heap     ] GC(1)                Mark Start          Mark End        Relocate Start      Relocate End           High               Low         
[0.705s][info][gc,heap     ] GC(1)  Capacity:     4096M (100%)       4096M (100%)       4096M (100%)       4096M (100%)       4096M (100%)       4096M (100%)   
[0.705s][info][gc,heap     ] GC(1)      Free:     3850M (94%)        3846M (94%)        3844M (94%)        3844M (94%)        3850M (94%)        3836M (94%)    
[0.705s][info][gc,heap     ] GC(1)      Used:      246M (6%)          250M (6%)          252M (6%)          252M (6%)          260M (6%)          246M (6%)     
[0.705s][info][gc,heap     ] GC(1)      Live:         -               217M (5%)          217M (5%)          217M (5%)             -                  -          
[0.705s][info][gc,heap     ] GC(1) Allocated:         -                 4M (0%)            6M (0%)            7M (0%)             -                  -          
[0.705s][info][gc,heap     ] GC(1)   Garbage:         -                28M (1%)           28M (1%)           26M (1%)             -                  -          
[0.705s][info][gc,heap     ] GC(1) Reclaimed:         -                  -                 0M (0%)            1M (0%)             -                  -          
[0.705s][info][gc          ] GC(1) Garbage Collection (Timer) 246M(6%)->252M(6%)
[0.882s][info][gc,start    ] GC(2) Garbage Collection (Warmup)
[0.882s][info][gc,task     ] GC(2) Using 3 workers
[0.882s][info][gc,phases   ] GC(2) Pause Mark Start 0.006ms
[0.906s][info][gc,phases   ] GC(2) Concurrent Mark 23.426ms
[0.906s][info][gc,phases   ] GC(2) Pause Mark End 0.010ms
[0.906s][info][gc,phases   ] GC(2) Concurrent Mark Free 0.001ms
[0.907s][info][gc,phases   ] GC(2) Concurrent Process Non-Strong References 0.508ms
[0.907s][info][gc,phases   ] GC(2) Concurrent Reset Relocation Set 0.001ms
[0.909s][info][gc,phases   ] GC(2) Concurrent Select Relocation Set 2.381ms
[0.909s][info][gc,phases   ] GC(2) Pause Relocate Start 0.008ms
[0.912s][info][gc,phases   ] GC(2) Concurrent Relocate 2.625ms
[0.912s][info][gc,load     ] GC(2) Load: 0.00/0.00/0.00
[0.912s][info][gc,mmu      ] GC(2) MMU: 2ms/99.4%, 5ms/99.6%, 10ms/99.8%, 20ms/99.9%, 50ms/100.0%, 100ms/100.0%
[0.912s][info][gc,marking  ] GC(2) Mark: 2 stripe(s), 4 proactive flush(es), 1 terminate flush(es), 0 completion(s), 0 continuation(s) 
[0.912s][info][gc,marking  ] GC(2) Mark Stack Usage: 32M
[0.912s][info][gc,nmethod  ] GC(2) NMethods: 296 registered, 0 unregistered
[0.912s][info][gc,metaspace] GC(2) Metaspace: 0M used, 0M committed, 1088M reserved
[0.912s][info][gc,ref      ] GC(2) Soft: 72 encountered, 0 discovered, 0 enqueued
[0.912s][info][gc,ref      ] GC(2) Weak: 154 encountered, 1 discovered, 0 enqueued
[0.912s][info][gc,ref      ] GC(2) Final: 0 encountered, 0 discovered, 0 enqueued
[0.912s][info][gc,ref      ] GC(2) Phantom: 7 encountered, 5 discovered, 0 enqueued
[0.912s][info][gc,reloc    ] GC(2) Small Pages: 207 / 414M, Empty: 0M, Relocated: 3M, In-Place: 0
[0.913s][info][gc,reloc    ] GC(2) Medium Pages: 0 / 0M, Empty: 0M, Relocated: 0M, In-Place: 0
[0.913s][info][gc,reloc    ] GC(2) Large Pages: 0 / 0M, Empty: 0M, Relocated: 0M, In-Place: 0
[0.913s][info][gc,reloc    ] GC(2) Forwarding Usage: 0M
[0.913s][info][gc,heap     ] GC(2) Min Capacity: 4096M(100%)
[0.913s][info][gc,heap     ] GC(2) Max Capacity: 4096M(100%)
[0.913s][info][gc,heap     ] GC(2) Soft Max Capacity: 4096M(100%)
[0.913s][info][gc,heap     ] GC(2)                Mark Start          Mark End        Relocate Start      Relocate End           High               Low         
[0.913s][info][gc,heap     ] GC(2)  Capacity:     4096M (100%)       4096M (100%)       4096M (100%)       4096M (100%)       4096M (100%)       4096M (100%)   
[0.913s][info][gc,heap     ] GC(2)      Free:     3682M (90%)        3676M (90%)        3674M (90%)        3676M (90%)        3682M (90%)        3668M (90%)    
[0.913s][info][gc,heap     ] GC(2)      Used:      414M (10%)         420M (10%)         422M (10%)         420M (10%)         428M (10%)         414M (10%)    
[0.913s][info][gc,heap     ] GC(2)      Live:         -               372M (9%)          372M (9%)          372M (9%)             -                  -          
[0.913s][info][gc,heap     ] GC(2) Allocated:         -                 6M (0%)            8M (0%)            9M (0%)             -                  -          
[0.913s][info][gc,heap     ] GC(2)   Garbage:         -                41M (1%)           41M (1%)           37M (1%)             -                  -          
[0.913s][info][gc,heap     ] GC(2) Reclaimed:         -                  -                 0M (0%)            3M (0%)             -                  -          
[0.913s][info][gc          ] GC(2) Garbage Collection (Warmup) 414M(10%)->420M(10%)
[1.183s][info][gc,start    ] GC(3) Garbage Collection (Timer)
[1.183s][info][gc,task     ] GC(3) Using 3 workers
[1.183s][info][gc,phases   ] GC(3) Pause Mark Start 0.005ms
[1.209s][info][gc,phases   ] GC(3) Concurrent Mark 26.671ms
[1.210s][info][gc,phases   ] GC(3) Pause Mark End 0.011ms
[1.210s][info][gc,phases   ] GC(3) Concurrent Mark Free 0.001ms
[1.210s][info][gc,phases   ] GC(3) Concurrent Process Non-Strong References 0.566ms
[1.210s][info][gc,phases   ] GC(3) Concurrent Reset Relocation Set 0.001ms
[1.213s][info][gc,phases   ] GC(3) Concurrent Select Relocation Set 2.321ms
[1.213s][info][gc,phases   ] GC(3) Pause Relocate Start 0.006ms
[1.215s][info][gc,phases   ] GC(3) Concurrent Relocate 2.141ms
[1.215s][info][gc,load     ] GC(3) Load: 0.00/0.00/0.00
[1.215s][info][gc,mmu      ] GC(3) MMU: 2ms/99.4%, 5ms/99.6%, 10ms/99.8%, 20ms/99.9%, 50ms/100.0%, 100ms/100.0%
[1.215s][info][gc,marking  ] GC(3) Mark: 2 stripe(s), 7 proactive flush(es), 1 terminate flush(es), 0 completion(s), 0 continuation(s) 
[1.215s][info][gc,marking  ] GC(3) Mark Stack Usage: 32M
[1.215s][info][gc,nmethod  ] GC(3) NMethods: 376 registered, 0 unregistered
[1.215s][info][gc,metaspace] GC(3) Metaspace: 1M used, 1M committed, 1088M reserved
[1.215s][info][gc,ref      ] GC(3) Soft: 118 encountered, 0 discovered, 0 enqueued
[1.215s][info][gc,ref      ] GC(3) Weak: 175 encountered, 144 discovered, 5 enqueued
[1.215s][info][gc,ref      ] GC(3) Final: 0 encountered, 0 discovered, 0 enqueued
[1.215s][info][gc,ref      ] GC(3) Phantom: 12 encountered, 8 discovered, 5 enqueued
[1.215s][info][gc,reloc    ] GC(3) Small Pages: 305 / 610M, Empty: 0M, Relocated: 3M, In-Place: 0
[1.215s][info][gc,reloc    ] GC(3) Medium Pages: 0 / 0M, Empty: 0M, Relocated: 0M, In-Place: 0
[1.215s][info][gc,reloc    ] GC(3) Large Pages: 0 / 0M, Empty: 0M, Relocated: 0M, In-Place: 0
[1.215s][info][gc,reloc    ] GC(3) Forwarding Usage: 0M
[1.215s][info][gc,heap     ] GC(3) Min Capacity: 4096M(100%)
[1.215s][info][gc,heap     ] GC(3) Max Capacity: 4096M(100%)
[1.215s][info][gc,heap     ] GC(3) Soft Max Capacity: 4096M(100%)
[1.215s][info][gc,heap     ] GC(3)                Mark Start          Mark End        Relocate Start      Relocate End           High               Low         
[1.215s][info][gc,heap     ] GC(3)  Capacity:     4096M (100%)       4096M (100%)       4096M (100%)       4096M (100%)       4096M (100%)       4096M (100%)   
[1.215s][info][gc,heap     ] GC(3)      Free:     3486M (85%)        3486M (85%)        3486M (85%)        3490M (85%)        3490M (85%)        3480M (85%)    
[1.216s][info][gc,heap     ] GC(3)      Used:      610M (15%)         610M (15%)         610M (15%)         606M (15%)         616M (15%)         606M (15%)    
[1.216s][info][gc,heap     ] GC(3)      Live:         -               551M (13%)         551M (13%)         551M (13%)            -                  -          
[1.216s][info][gc,heap     ] GC(3) Allocated:         -                 0M (0%)            0M (0%)            0M (0%)             -                  -          
[1.216s][info][gc,heap     ] GC(3)   Garbage:         -                58M (1%)           58M (1%)           54M (1%)             -                  -          
[1.216s][info][gc,heap     ] GC(3) Reclaimed:         -                  -                 0M (0%)            4M (0%)             -                  -          
[1.216s][info][gc          ] GC(3) Garbage Collection (Timer) 610M(15%)->606M(15%)
[1.482s][info][gc,start    ] GC(4) Garbage Collection (Timer)
[1.482s][info][gc,task     ] GC(4) Using 3 workers
[1.482s][info][gc,phases   ] GC(4) Pause Mark Start 0.006ms
[1.499s][info][gc,phases   ] GC(4) Concurrent Mark 16.800ms
[1.499s][info][gc,phases   ] GC(4) Pause Mark End 0.009ms
[1.500s][info][gc,phases   ] GC(4) Concurrent Mark Free 0.001ms
[1.501s][info][gc,phases   ] GC(4) Concurrent Process Non-Strong References 0.705ms
[1.501s][info][gc,phases   ] GC(4) Concurrent Reset Relocation Set 0.001ms
[1.503s][info][gc,phases   ] GC(4) Concurrent Select Relocation Set 2.136ms
[1.503s][info][gc,phases   ] GC(4) Pause Relocate Start 0.007ms
[1.504s][info][gc,phases   ] GC(4) Concurrent Relocate 1.437ms
[1.504s][info][gc,load     ] GC(4) Load: 0.00/0.00/0.00
[1.504s][info][gc,mmu      ] GC(4) MMU: 2ms/99.4%, 5ms/99.6%, 10ms/99.8%, 20ms/99.9%, 50ms/100.0%, 100ms/100.0%
[1.504s][info][gc,marking  ] GC(4) Mark: 2 stripe(s), 2 proactive flush(es), 1 terminate flush(es), 0 completion(s), 0 continuation(s) 
[1.505s][info][gc,marking  ] GC(4) Mark Stack Usage: 32M
[1.505s][info][gc,nmethod  ] GC(4) NMethods: 376 registered, 0 unregistered
[1.505s][info][gc,metaspace] GC(4) Metaspace: 1M used, 1M committed, 1088M reserved
[1.505s][info][gc,ref      ] GC(4) Soft: 118 encountered, 0 discovered, 0 enqueued
[1.505s][info][gc,ref      ] GC(4) Weak: 170 encountered, 0 discovered, 0 enqueued
[1.505s][info][gc,ref      ] GC(4) Final: 0 encountered, 0 discovered, 0 enqueued
[1.505s][info][gc,ref      ] GC(4) Phantom: 7 encountered, 3 discovered, 0 enqueued
[1.505s][info][gc,reloc    ] GC(4) Small Pages: 303 / 606M, Empty: 0M, Relocated: 3M, In-Place: 0
[1.505s][info][gc,reloc    ] GC(4) Medium Pages: 0 / 0M, Empty: 0M, Relocated: 0M, In-Place: 0
[1.505s][info][gc,reloc    ] GC(4) Large Pages: 0 / 0M, Empty: 0M, Relocated: 0M, In-Place: 0
[1.505s][info][gc,reloc    ] GC(4) Forwarding Usage: 0M
[1.505s][info][gc,heap     ] GC(4) Min Capacity: 4096M(100%)
[1.505s][info][gc,heap     ] GC(4) Max Capacity: 4096M(100%)
[1.505s][info][gc,heap     ] GC(4) Soft Max Capacity: 4096M(100%)
[1.505s][info][gc,heap     ] GC(4)                Mark Start          Mark End        Relocate Start      Relocate End           High               Low         
[1.505s][info][gc,heap     ] GC(4)  Capacity:     4096M (100%)       4096M (100%)       4096M (100%)       4096M (100%)       4096M (100%)       4096M (100%)   
[1.505s][info][gc,heap     ] GC(4)      Free:     3490M (85%)        3490M (85%)        3490M (85%)        3490M (85%)        3490M (85%)        3484M (85%)    
[1.505s][info][gc,heap     ] GC(4)      Used:      606M (15%)         606M (15%)         606M (15%)         606M (15%)         612M (15%)         606M (15%)    
[1.505s][info][gc,heap     ] GC(4)      Live:         -               551M (13%)         551M (13%)         551M (13%)            -                  -          
[1.505s][info][gc,heap     ] GC(4) Allocated:         -                 0M (0%)            0M (0%)            0M (0%)             -                  -          
[1.505s][info][gc,heap     ] GC(4)   Garbage:         -                54M (1%)           54M (1%)           54M (1%)             -                  -          
[1.505s][info][gc,heap     ] GC(4) Reclaimed:         -                  -                 0M (0%)            0M (0%)             -                  -          
[1.505s][info][gc          ] GC(4) Garbage Collection (Timer) 606M(15%)->606M(15%)
[1.783s][info][gc,start    ] GC(5) Garbage Collection (Timer)
[1.783s][info][gc,task     ] GC(5) Using 3 workers
[1.783s][info][gc,phases   ] GC(5) Pause Mark Start 0.006ms
[1.792s][info][gc,phases   ] GC(5) Concurrent Mark 8.786ms
[1.792s][info][gc,phases   ] GC(5) Pause Mark End 0.009ms
[1.792s][info][gc,phases   ] GC(5) Concurrent Mark Free 0.001ms
[1.793s][info][gc,phases   ] GC(5) Concurrent Process Non-Strong References 0.790ms
[1.793s][info][gc,phases   ] GC(5) Concurrent Reset Relocation Set 0.001ms
[1.795s][info][gc,phases   ] GC(5) Concurrent Select Relocation Set 2.144ms
[1.795s][info][gc,phases   ] GC(5) Pause Relocate Start 0.005ms
[1.797s][info][gc,phases   ] GC(5) Concurrent Relocate 1.270ms
[1.797s][info][gc,load     ] GC(5) Load: 0.00/0.00/0.00
[1.797s][info][gc,mmu      ] GC(5) MMU: 2ms/99.4%, 5ms/99.6%, 10ms/99.8%, 20ms/99.9%, 50ms/100.0%, 100ms/100.0%
[1.797s][info][gc,marking  ] GC(5) Mark: 2 stripe(s), 4 proactive flush(es), 1 terminate flush(es), 0 completion(s), 0 continuation(s) 
[1.797s][info][gc,marking  ] GC(5) Mark Stack Usage: 32M
[1.797s][info][gc,nmethod  ] GC(5) NMethods: 376 registered, 0 unregistered
[1.797s][info][gc,metaspace] GC(5) Metaspace: 1M used, 1M committed, 1088M reserved
[1.797s][info][gc,ref      ] GC(5) Soft: 118 encountered, 0 discovered, 0 enqueued
[1.797s][info][gc,ref      ] GC(5) Weak: 170 encountered, 91 discovered, 0 enqueued
[1.797s][info][gc,ref      ] GC(5) Final: 0 encountered, 0 discovered, 0 enqueued
[1.797s][info][gc,ref      ] GC(5) Phantom: 7 encountered, 3 discovered, 0 enqueued
[1.797s][info][gc,reloc    ] GC(5) Small Pages: 303 / 606M, Empty: 0M, Relocated: 3M, In-Place: 0
[1.797s][info][gc,reloc    ] GC(5) Medium Pages: 0 / 0M, Empty: 0M, Relocated: 0M, In-Place: 0
[1.797s][info][gc,reloc    ] GC(5) Large Pages: 0 / 0M, Empty: 0M, Relocated: 0M, In-Place: 0
[1.797s][info][gc,reloc    ] GC(5) Forwarding Usage: 0M
[1.797s][info][gc,heap     ] GC(5) Min Capacity: 4096M(100%)
[1.797s][info][gc,heap     ] GC(5) Max Capacity: 4096M(100%)
[1.797s][info][gc,heap     ] GC(5) Soft Max Capacity: 4096M(100%)
[1.797s][info][gc,heap     ] GC(5)                Mark Start          Mark End        Relocate Start      Relocate End           High               Low         
[1.797s][info][gc,heap     ] GC(5)  Capacity:     4096M (100%)       4096M (100%)       4096M (100%)       4096M (100%)       4096M (100%)       4096M (100%)   
[1.797s][info][gc,heap     ] GC(5)      Free:     3490M (85%)        3490M (85%)        3490M (85%)        3490M (85%)        3490M (85%)        3484M (85%)    
[1.797s][info][gc,heap     ] GC(5)      Used:      606M (15%)         606M (15%)         606M (15%)         606M (15%)         612M (15%)         606M (15%)    
[1.797s][info][gc,heap     ] GC(5)      Live:         -               551M (13%)         551M (13%)         551M (13%)            -                  -          
[1.797s][info][gc,heap     ] GC(5) Allocated:         -                 0M (0%)            0M (0%)            0M (0%)             -                  -          
[1.797s][info][gc,heap     ] GC(5)   Garbage:         -                54M (1%)           54M (1%)           54M (1%)             -                  -          
[1.797s][info][gc,heap     ] GC(5) Reclaimed:         -                  -                 0M (0%)            0M (0%)             -                  -          
[1.797s][info][gc          ] GC(5) Garbage Collection (Timer) 606M(15%)->606M(15%)
[2.082s][info][gc,start    ] GC(6) Garbage Collection (Timer)
[2.082s][info][gc,task     ] GC(6) Using 3 workers
[2.082s][info][gc,phases   ] GC(6) Pause Mark Start 0.005ms
[2.090s][info][gc,phases   ] GC(6) Concurrent Mark 7.766ms
[2.090s][info][gc,phases   ] GC(6) Pause Mark End 0.010ms
[2.090s][info][gc,phases   ] GC(6) Concurrent Mark Free 0.001ms
[2.091s][info][gc,phases   ] GC(6) Concurrent Process Non-Strong References 0.670ms
[2.091s][info][gc,phases   ] GC(6) Concurrent Reset Relocation Set 0.001ms
[2.093s][info][gc,phases   ] GC(6) Concurrent Select Relocation Set 1.995ms
[2.093s][info][gc,phases   ] GC(6) Pause Relocate Start 0.005ms
[2.094s][info][gc,phases   ] GC(6) Concurrent Relocate 1.120ms
[2.094s][info][gc,load     ] GC(6) Load: 0.00/0.00/0.00
[2.094s][info][gc,mmu      ] GC(6) MMU: 2ms/99.4%, 5ms/99.6%, 10ms/99.8%, 20ms/99.9%, 50ms/100.0%, 100ms/100.0%
[2.094s][info][gc,marking  ] GC(6) Mark: 2 stripe(s), 1 proactive flush(es), 1 terminate flush(es), 0 completion(s), 0 continuation(s) 
[2.094s][info][gc,marking  ] GC(6) Mark Stack Usage: 32M
[2.095s][info][gc,nmethod  ] GC(6) NMethods: 376 registered, 0 unregistered
[2.095s][info][gc,metaspace] GC(6) Metaspace: 1M used, 1M committed, 1088M reserved
[2.095s][info][gc,ref      ] GC(6) Soft: 118 encountered, 0 discovered, 0 enqueued
[2.095s][info][gc,ref      ] GC(6) Weak: 170 encountered, 0 discovered, 0 enqueued
[2.095s][info][gc,ref      ] GC(6) Final: 0 encountered, 0 discovered, 0 enqueued
[2.095s][info][gc,ref      ] GC(6) Phantom: 7 encountered, 3 discovered, 0 enqueued
[2.095s][info][gc,reloc    ] GC(6) Small Pages: 303 / 606M, Empty: 0M, Relocated: 3M, In-Place: 0
[2.095s][info][gc,reloc    ] GC(6) Medium Pages: 0 / 0M, Empty: 0M, Relocated: 0M, In-Place: 0
[2.095s][info][gc,reloc    ] GC(6) Large Pages: 0 / 0M, Empty: 0M, Relocated: 0M, In-Place: 0
[2.095s][info][gc,reloc    ] GC(6) Forwarding Usage: 0M
[2.095s][info][gc,heap     ] GC(6) Min Capacity: 4096M(100%)
[2.095s][info][gc,heap     ] GC(6) Max Capacity: 4096M(100%)
[2.095s][info][gc,heap     ] GC(6) Soft Max Capacity: 4096M(100%)
[2.095s][info][gc,heap     ] GC(6)                Mark Start          Mark End        Relocate Start      Relocate End           High               Low         
[2.095s][info][gc,heap     ] GC(6)  Capacity:     4096M (100%)       4096M (100%)       4096M (100%)       4096M (100%)       4096M (100%)       4096M (100%)   
[2.095s][info][gc,heap     ] GC(6)      Free:     3490M (85%)        3490M (85%)        3490M (85%)        3490M (85%)        3490M (85%)        3484M (85%)    
[2.095s][info][gc,heap     ] GC(6)      Used:      606M (15%)         606M (15%)         606M (15%)         606M (15%)         612M (15%)         606M (15%)    
[2.095s][info][gc,heap     ] GC(6)      Live:         -               551M (13%)         551M (13%)         551M (13%)            -                  -          
[2.095s][info][gc,heap     ] GC(6) Allocated:         -                 0M (0%)            0M (0%)            0M (0%)             -                  -          
[2.095s][info][gc,heap     ] GC(6)   Garbage:         -                54M (1%)           54M (1%)           54M (1%)             -                  -          
[2.095s][info][gc,heap     ] GC(6) Reclaimed:         -                  -                 0M (0%)            0M (0%)             -                  -          
[2.095s][info][gc          ] GC(6) Garbage Collection (Timer) 606M(15%)->606M(15%)
[2.383s][info][gc,start    ] GC(7) Garbage Collection (Timer)
[2.383s][info][gc,task     ] GC(7) Using 3 workers
[2.383s][info][gc,phases   ] GC(7) Pause Mark Start 0.006ms
[2.395s][info][gc,phases   ] GC(7) Concurrent Mark 11.836ms
[2.395s][info][gc,phases   ] GC(7) Pause Mark End 0.009ms
[2.396s][info][gc,phases   ] GC(7) Concurrent Mark Free 0.001ms
[2.396s][info][gc,phases   ] GC(7) Concurrent Process Non-Strong References 0.879ms
[2.397s][info][gc,phases   ] GC(7) Concurrent Reset Relocation Set 0.001ms
[2.399s][info][gc,phases   ] GC(7) Concurrent Select Relocation Set 2.479ms
[2.399s][info][gc,phases   ] GC(7) Pause Relocate Start 0.006ms
[2.402s][info][gc,phases   ] GC(7) Concurrent Relocate 2.156ms
[2.402s][info][gc,load     ] GC(7) Load: 0.00/0.00/0.00
[2.402s][info][gc,mmu      ] GC(7) MMU: 2ms/99.4%, 5ms/99.6%, 10ms/99.8%, 20ms/99.9%, 50ms/100.0%, 100ms/100.0%
[2.402s][info][gc,marking  ] GC(7) Mark: 2 stripe(s), 3 proactive flush(es), 1 terminate flush(es), 0 completion(s), 0 continuation(s) 
[2.402s][info][gc,marking  ] GC(7) Mark Stack Usage: 32M
[2.402s][info][gc,nmethod  ] GC(7) NMethods: 458 registered, 0 unregistered
[2.402s][info][gc,metaspace] GC(7) Metaspace: 1M used, 1M committed, 1088M reserved
[2.402s][info][gc,ref      ] GC(7) Soft: 181 encountered, 0 discovered, 0 enqueued
[2.402s][info][gc,ref      ] GC(7) Weak: 296 encountered, 160 discovered, 33 enqueued
[2.402s][info][gc,ref      ] GC(7) Final: 0 encountered, 0 discovered, 0 enqueued
[2.402s][info][gc,ref      ] GC(7) Phantom: 24 encountered, 20 discovered, 17 enqueued
[2.402s][info][gc,reloc    ] GC(7) Small Pages: 381 / 762M, Empty: 0M, Relocated: 3M, In-Place: 0
[2.402s][info][gc,reloc    ] GC(7) Medium Pages: 0 / 0M, Empty: 0M, Relocated: 0M, In-Place: 0
[2.402s][info][gc,reloc    ] GC(7) Large Pages: 0 / 0M, Empty: 0M, Relocated: 0M, In-Place: 0
[2.402s][info][gc,reloc    ] GC(7) Forwarding Usage: 0M
[2.402s][info][gc,heap     ] GC(7) Min Capacity: 4096M(100%)
[2.402s][info][gc,heap     ] GC(7) Max Capacity: 4096M(100%)
[2.402s][info][gc,heap     ] GC(7) Soft Max Capacity: 4096M(100%)
[2.402s][info][gc,heap     ] GC(7)                Mark Start          Mark End        Relocate Start      Relocate End           High               Low         
[2.402s][info][gc,heap     ] GC(7)  Capacity:     4096M (100%)       4096M (100%)       4096M (100%)       4096M (100%)       4096M (100%)       4096M (100%)   
[2.402s][info][gc,heap     ] GC(7)      Free:     3334M (81%)        3330M (81%)        3328M (81%)        3328M (81%)        3334M (81%)        3322M (81%)    
[2.402s][info][gc,heap     ] GC(7)      Used:      762M (19%)         766M (19%)         768M (19%)         768M (19%)         774M (19%)         762M (19%)    
[2.402s][info][gc,heap     ] GC(7)      Live:         -               691M (17%)         691M (17%)         691M (17%)            -                  -          
[2.402s][info][gc,heap     ] GC(7) Allocated:         -                 4M (0%)            6M (0%)            7M (0%)             -                  -          
[2.402s][info][gc,heap     ] GC(7)   Garbage:         -                70M (2%)           70M (2%)           68M (2%)             -                  -          
[2.402s][info][gc,heap     ] GC(7) Reclaimed:         -                  -                 0M (0%)            1M (0%)             -                  -          
[2.402s][info][gc          ] GC(7) Garbage Collection (Timer) 762M(19%)->768M(19%)
[2.482s][info][gc,start    ] GC(8) Garbage Collection (Warmup)
[2.482s][info][gc,task     ] GC(8) Using 3 workers
[2.482s][info][gc,phases   ] GC(8) Pause Mark Start 0.006ms
[2.496s][info][gc,phases   ] GC(8) Concurrent Mark 13.973ms
[2.496s][info][gc,phases   ] GC(8) Pause Mark End 0.009ms
[2.497s][info][gc,phases   ] GC(8) Concurrent Mark Free 0.001ms
[2.497s][info][gc,phases   ] GC(8) Concurrent Process Non-Strong References 0.938ms
[2.498s][info][gc,phases   ] GC(8) Concurrent Reset Relocation Set 0.001ms
[2.500s][info][gc,phases   ] GC(8) Concurrent Select Relocation Set 2.114ms
[2.500s][info][gc,phases   ] GC(8) Pause Relocate Start 0.005ms
[2.501s][info][gc,phases   ] GC(8) Concurrent Relocate 1.125ms
[2.501s][info][gc,load     ] GC(8) Load: 0.00/0.00/0.00
[2.501s][info][gc,mmu      ] GC(8) MMU: 2ms/99.4%, 5ms/99.6%, 10ms/99.8%, 20ms/99.9%, 50ms/100.0%, 100ms/100.0%
[2.501s][info][gc,marking  ] GC(8) Mark: 2 stripe(s), 2 proactive flush(es), 1 terminate flush(es), 0 completion(s), 0 continuation(s) 
[2.501s][info][gc,marking  ] GC(8) Mark Stack Usage: 32M
[2.501s][info][gc,nmethod  ] GC(8) NMethods: 459 registered, 0 unregistered
[2.501s][info][gc,metaspace] GC(8) Metaspace: 1M used, 1M committed, 1088M reserved
[2.501s][info][gc,ref      ] GC(8) Soft: 181 encountered, 0 discovered, 0 enqueued
[2.501s][info][gc,ref      ] GC(8) Weak: 263 encountered, 132 discovered, 0 enqueued
[2.501s][info][gc,ref      ] GC(8) Final: 0 encountered, 0 discovered, 0 enqueued
[2.501s][info][gc,ref      ] GC(8) Phantom: 7 encountered, 3 discovered, 0 enqueued
[2.501s][info][gc,reloc    ] GC(8) Small Pages: 417 / 834M, Empty: 0M, Relocated: 2M, In-Place: 0
[2.501s][info][gc,reloc    ] GC(8) Medium Pages: 0 / 0M, Empty: 0M, Relocated: 0M, In-Place: 0
[2.501s][info][gc,reloc    ] GC(8) Large Pages: 0 / 0M, Empty: 0M, Relocated: 0M, In-Place: 0
[2.501s][info][gc,reloc    ] GC(8) Forwarding Usage: 0M
[2.501s][info][gc,heap     ] GC(8) Min Capacity: 4096M(100%)
[2.501s][info][gc,heap     ] GC(8) Max Capacity: 4096M(100%)
[2.501s][info][gc,heap     ] GC(8) Soft Max Capacity: 4096M(100%)
[2.502s][info][gc,heap     ] GC(8)                Mark Start          Mark End        Relocate Start      Relocate End           High               Low         
[2.502s][info][gc,heap     ] GC(8)  Capacity:     4096M (100%)       4096M (100%)       4096M (100%)       4096M (100%)       4096M (100%)       4096M (100%)   
[2.502s][info][gc,heap     ] GC(8)      Free:     3262M (80%)        3260M (80%)        3258M (80%)        3256M (79%)        3262M (80%)        3250M (79%)    
[2.502s][info][gc,heap     ] GC(8)      Used:      834M (20%)         836M (20%)         838M (20%)         840M (21%)         846M (21%)         834M (20%)    
[2.502s][info][gc,heap     ] GC(8)      Live:         -               758M (19%)         758M (19%)         758M (19%)            -                  -          
[2.502s][info][gc,heap     ] GC(8) Allocated:         -                 2M (0%)            4M (0%)            6M (0%)             -                  -          
[2.502s][info][gc,heap     ] GC(8)   Garbage:         -                75M (2%)           75M (2%)           75M (2%)             -                  -          
[2.502s][info][gc,heap     ] GC(8) Reclaimed:         -                  -                 0M (0%)            0M (0%)             -                  -          
[2.502s][info][gc          ] GC(8) Garbage Collection (Warmup) 834M(20%)->840M(21%)
[2.781s][info][gc,start    ] GC(9) Garbage Collection (Timer)
[2.781s][info][gc,task     ] GC(9) Using 3 workers
[2.782s][info][gc,phases   ] GC(9) Pause Mark Start 0.006ms
[2.798s][info][gc,phases   ] GC(9) Concurrent Mark 16.459ms
[2.798s][info][gc,phases   ] GC(9) Pause Mark End 0.009ms
[2.798s][info][gc,phases   ] GC(9) Concurrent Mark Free 0.001ms
[2.799s][info][gc,phases   ] GC(9) Concurrent Process Non-Strong References 0.680ms
[2.799s][info][gc,phases   ] GC(9) Concurrent Reset Relocation Set 0.001ms
[2.802s][info][gc,phases   ] GC(9) Concurrent Select Relocation Set 2.669ms
[2.802s][info][gc,phases   ] GC(9) Pause Relocate Start 0.006ms
[2.805s][info][gc,phases   ] GC(9) Concurrent Relocate 2.724ms
[2.805s][info][gc,load     ] GC(9) Load: 0.00/0.00/0.00
[2.805s][info][gc,mmu      ] GC(9) MMU: 2ms/99.4%, 5ms/99.6%, 10ms/99.8%, 20ms/99.9%, 50ms/100.0%, 100ms/100.0%
[2.805s][info][gc,marking  ] GC(9) Mark: 2 stripe(s), 3 proactive flush(es), 1 terminate flush(es), 0 completion(s), 0 continuation(s) 
[2.805s][info][gc,marking  ] GC(9) Mark Stack Usage: 32M
[2.805s][info][gc,nmethod  ] GC(9) NMethods: 459 registered, 0 unregistered
[2.805s][info][gc,metaspace] GC(9) Metaspace: 1M used, 1M committed, 1088M reserved
[2.805s][info][gc,ref      ] GC(9) Soft: 181 encountered, 0 discovered, 0 enqueued
[2.805s][info][gc,ref      ] GC(9) Weak: 263 encountered, 129 discovered, 0 enqueued
[2.805s][info][gc,ref      ] GC(9) Final: 0 encountered, 0 discovered, 0 enqueued
[2.805s][info][gc,ref      ] GC(9) Phantom: 7 encountered, 3 discovered, 0 enqueued
[2.805s][info][gc,reloc    ] GC(9) Small Pages: 522 / 1044M, Empty: 0M, Relocated: 5M, In-Place: 0
[2.805s][info][gc,reloc    ] GC(9) Medium Pages: 1 / 32M, Empty: 0M, Relocated: 0M, In-Place: 0
[2.805s][info][gc,reloc    ] GC(9) Large Pages: 0 / 0M, Empty: 0M, Relocated: 0M, In-Place: 0
[2.805s][info][gc,reloc    ] GC(9) Forwarding Usage: 0M
[2.805s][info][gc,heap     ] GC(9) Min Capacity: 4096M(100%)
[2.805s][info][gc,heap     ] GC(9) Max Capacity: 4096M(100%)
[2.805s][info][gc,heap     ] GC(9) Soft Max Capacity: 4096M(100%)
[2.805s][info][gc,heap     ] GC(9)                Mark Start          Mark End        Relocate Start      Relocate End           High               Low         
[2.805s][info][gc,heap     ] GC(9)  Capacity:     4096M (100%)       4096M (100%)       4096M (100%)       4096M (100%)       4096M (100%)       4096M (100%)   
[2.805s][info][gc,heap     ] GC(9)      Free:     3020M (74%)        3018M (74%)        3014M (74%)        3016M (74%)        3020M (74%)        3008M (73%)    
[2.805s][info][gc,heap     ] GC(9)      Used:     1076M (26%)        1078M (26%)        1082M (26%)        1080M (26%)        1088M (27%)        1076M (26%)    
[2.805s][info][gc,heap     ] GC(9)      Live:         -               949M (23%)         949M (23%)         949M (23%)            -                  -          
[2.805s][info][gc,heap     ] GC(9) Allocated:         -                 2M (0%)            6M (0%)            5M (0%)             -                  -          
[2.806s][info][gc,heap     ] GC(9)   Garbage:         -               126M (3%)          126M (3%)          124M (3%)             -                  -          
[2.806s][info][gc,heap     ] GC(9) Reclaimed:         -                  -                 0M (0%)            1M (0%)             -                  -          
[2.806s][info][gc          ] GC(9) Garbage Collection (Timer) 1076M(26%)->1080M(26%)
[3.083s][info][gc,start    ] GC(10) Garbage Collection (Warmup)
[3.083s][info][gc,task     ] GC(10) Using 3 workers
[3.083s][info][gc,phases   ] GC(10) Pause Mark Start 0.006ms
[3.116s][info][gc,phases   ] GC(10) Concurrent Mark 33.105ms
[3.116s][info][gc,phases   ] GC(10) Pause Mark End 0.009ms
[3.116s][info][gc,phases   ] GC(10) Concurrent Mark Free 0.001ms
[3.117s][info][gc,phases   ] GC(10) Concurrent Process Non-Strong References 0.940ms
[3.117s][info][gc,phases   ] GC(10) Concurrent Reset Relocation Set 0.001ms
[3.119s][info][gc,phases   ] GC(10) Concurrent Select Relocation Set 2.129ms
[3.120s][info][gc,phases   ] GC(10) Pause Relocate Start 0.004ms
[3.121s][info][gc,phases   ] GC(10) Concurrent Relocate 0.914ms
[3.121s][info][gc,load     ] GC(10) Load: 0.00/0.00/0.00
[3.121s][info][gc,mmu      ] GC(10) MMU: 2ms/99.4%, 5ms/99.6%, 10ms/99.8%, 20ms/99.9%, 50ms/100.0%, 100ms/100.0%
[3.121s][info][gc,marking  ] GC(10) Mark: 2 stripe(s), 10 proactive flush(es), 1 terminate flush(es), 0 completion(s), 0 continuation(s) 
[3.121s][info][gc,marking  ] GC(10) Mark Stack Usage: 32M
[3.121s][info][gc,nmethod  ] GC(10) NMethods: 459 registered, 0 unregistered
[3.121s][info][gc,metaspace] GC(10) Metaspace: 1M used, 1M committed, 1088M reserved
[3.121s][info][gc,ref      ] GC(10) Soft: 181 encountered, 0 discovered, 0 enqueued
[3.121s][info][gc,ref      ] GC(10) Weak: 263 encountered, 0 discovered, 0 enqueued
[3.121s][info][gc,ref      ] GC(10) Final: 0 encountered, 0 discovered, 0 enqueued
[3.121s][info][gc,ref      ] GC(10) Phantom: 7 encountered, 3 discovered, 0 enqueued
[3.121s][info][gc,reloc    ] GC(10) Small Pages: 603 / 1206M, Empty: 0M, Relocated: 1M, In-Place: 0
[3.121s][info][gc,reloc    ] GC(10) Medium Pages: 1 / 32M, Empty: 0M, Relocated: 0M, In-Place: 0
[3.121s][info][gc,reloc    ] GC(10) Large Pages: 0 / 0M, Empty: 0M, Relocated: 0M, In-Place: 0
[3.121s][info][gc,reloc    ] GC(10) Forwarding Usage: 0M
[3.121s][info][gc,heap     ] GC(10) Min Capacity: 4096M(100%)
[3.121s][info][gc,heap     ] GC(10) Max Capacity: 4096M(100%)
[3.121s][info][gc,heap     ] GC(10) Soft Max Capacity: 4096M(100%)
[3.121s][info][gc,heap     ] GC(10)                Mark Start          Mark End        Relocate Start      Relocate End           High               Low         
[3.121s][info][gc,heap     ] GC(10)  Capacity:     4096M (100%)       4096M (100%)       4096M (100%)       4096M (100%)       4096M (100%)       4096M (100%)   
[3.121s][info][gc,heap     ] GC(10)      Free:     2858M (70%)        2858M (70%)        2858M (70%)        2858M (70%)        2858M (70%)        2854M (70%)    
[3.121s][info][gc,heap     ] GC(10)      Used:     1238M (30%)        1238M (30%)        1238M (30%)        1238M (30%)        1242M (30%)        1238M (30%)    
[3.121s][info][gc,heap     ] GC(10)      Live:         -              1099M (27%)        1099M (27%)        1099M (27%)            -                  -          
[3.121s][info][gc,heap     ] GC(10) Allocated:         -                 0M (0%)            0M (0%)            0M (0%)             -                  -          
[3.121s][info][gc,heap     ] GC(10)   Garbage:         -               138M (3%)          138M (3%)          138M (3%)             -                  -          
[3.121s][info][gc,heap     ] GC(10) Reclaimed:         -                  -                 0M (0%)            0M (0%)             -                  -          
[3.121s][info][gc          ] GC(10) Garbage Collection (Warmup) 1238M(30%)->1238M(30%)
[3.383s][info][gc,start    ] GC(11) Garbage Collection (Timer)
[3.383s][info][gc,task     ] GC(11) Using 3 workers
[3.383s][info][gc,phases   ] GC(11) Pause Mark Start 0.005ms
[3.405s][info][gc,phases   ] GC(11) Concurrent Mark 22.275ms
[3.405s][info][gc,phases   ] GC(11) Pause Mark End 0.009ms
[3.406s][info][gc,phases   ] GC(11) Concurrent Mark Free 0.001ms
[3.406s][info][gc,phases   ] GC(11) Concurrent Process Non-Strong References 0.783ms
[3.406s][info][gc,phases   ] GC(11) Concurrent Reset Relocation Set 0.001ms
[3.409s][info][gc,phases   ] GC(11) Concurrent Select Relocation Set 2.085ms
[3.409s][info][gc,phases   ] GC(11) Pause Relocate Start 0.004ms
[3.409s][info][gc,phases   ] GC(11) Concurrent Relocate 0.235ms
[3.409s][info][gc,load     ] GC(11) Load: 0.00/0.00/0.00
[3.409s][info][gc,mmu      ] GC(11) MMU: 2ms/99.4%, 5ms/99.6%, 10ms/99.8%, 20ms/99.9%, 50ms/100.0%, 100ms/100.0%
[3.409s][info][gc,marking  ] GC(11) Mark: 2 stripe(s), 9 proactive flush(es), 1 terminate flush(es), 0 completion(s), 0 continuation(s) 
[3.409s][info][gc,marking  ] GC(11) Mark Stack Usage: 32M
[3.409s][info][gc,nmethod  ] GC(11) NMethods: 459 registered, 0 unregistered
[3.409s][info][gc,metaspace] GC(11) Metaspace: 1M used, 1M committed, 1088M reserved
[3.409s][info][gc,ref      ] GC(11) Soft: 181 encountered, 0 discovered, 0 enqueued
[3.409s][info][gc,ref      ] GC(11) Weak: 263 encountered, 209 discovered, 0 enqueued
[3.409s][info][gc,ref      ] GC(11) Final: 0 encountered, 0 discovered, 0 enqueued
[3.409s][info][gc,ref      ] GC(11) Phantom: 7 encountered, 3 discovered, 0 enqueued
[3.409s][info][gc,reloc    ] GC(11) Small Pages: 603 / 1206M, Empty: 0M, Relocated: 1M, In-Place: 0
[3.409s][info][gc,reloc    ] GC(11) Medium Pages: 1 / 32M, Empty: 0M, Relocated: 0M, In-Place: 0
[3.409s][info][gc,reloc    ] GC(11) Large Pages: 0 / 0M, Empty: 0M, Relocated: 0M, In-Place: 0
[3.409s][info][gc,reloc    ] GC(11) Forwarding Usage: 0M
[3.409s][info][gc,heap     ] GC(11) Min Capacity: 4096M(100%)
[3.409s][info][gc,heap     ] GC(11) Max Capacity: 4096M(100%)
[3.409s][info][gc,heap     ] GC(11) Soft Max Capacity: 4096M(100%)
[3.409s][info][gc,heap     ] GC(11)                Mark Start          Mark End        Relocate Start      Relocate End           High               Low         
[3.409s][info][gc,heap     ] GC(11)  Capacity:     4096M (100%)       4096M (100%)       4096M (100%)       4096M (100%)       4096M (100%)       4096M (100%)   
[3.410s][info][gc,heap     ] GC(11)      Free:     2858M (70%)        2858M (70%)        2858M (70%)        2858M (70%)        2858M (70%)        2854M (70%)    
[3.410s][info][gc,heap     ] GC(11)      Used:     1238M (30%)        1238M (30%)        1238M (30%)        1238M (30%)        1242M (30%)        1238M (30%)    
[3.410s][info][gc,heap     ] GC(11)      Live:         -              1099M (27%)        1099M (27%)        1099M (27%)            -                  -          
[3.410s][info][gc,heap     ] GC(11) Allocated:         -                 0M (0%)            0M (0%)            0M (0%)             -                  -          
[3.410s][info][gc,heap     ] GC(11)   Garbage:         -               138M (3%)          138M (3%)          138M (3%)             -                  -          
[3.410s][info][gc,heap     ] GC(11) Reclaimed:         -                  -                 0M (0%)            0M (0%)             -                  -          
[3.410s][info][gc          ] GC(11) Garbage Collection (Timer) 1238M(30%)->1238M(30%)
[3.682s][info][gc,start    ] GC(12) Garbage Collection (Timer)
[3.682s][info][gc,task     ] GC(12) Using 3 workers
[3.682s][info][gc,phases   ] GC(12) Pause Mark Start 0.005ms
[3.694s][info][gc,phases   ] GC(12) Concurrent Mark 11.872ms
[3.694s][info][gc,phases   ] GC(12) Pause Mark End 0.010ms
[3.694s][info][gc,phases   ] GC(12) Concurrent Mark Free 0.001ms
[3.695s][info][gc,phases   ] GC(12) Concurrent Process Non-Strong References 0.606ms
[3.695s][info][gc,phases   ] GC(12) Concurrent Reset Relocation Set 0.001ms
[3.697s][info][gc,phases   ] GC(12) Concurrent Select Relocation Set 2.137ms
[3.697s][info][gc,phases   ] GC(12) Pause Relocate Start 0.006ms
[3.698s][info][gc,phases   ] GC(12) Concurrent Relocate 0.721ms
[3.698s][info][gc,load     ] GC(12) Load: 0.00/0.00/0.00
[3.698s][info][gc,mmu      ] GC(12) MMU: 2ms/99.4%, 5ms/99.6%, 10ms/99.8%, 20ms/99.9%, 50ms/100.0%, 100ms/100.0%
[3.698s][info][gc,marking  ] GC(12) Mark: 2 stripe(s), 3 proactive flush(es), 1 terminate flush(es), 0 completion(s), 0 continuation(s) 
[3.698s][info][gc,marking  ] GC(12) Mark Stack Usage: 32M
[3.698s][info][gc,nmethod  ] GC(12) NMethods: 459 registered, 0 unregistered
[3.698s][info][gc,metaspace] GC(12) Metaspace: 1M used, 1M committed, 1088M reserved
[3.698s][info][gc,ref      ] GC(12) Soft: 181 encountered, 0 discovered, 0 enqueued
[3.698s][info][gc,ref      ] GC(12) Weak: 263 encountered, 8 discovered, 0 enqueued
[3.698s][info][gc,ref      ] GC(12) Final: 0 encountered, 0 discovered, 0 enqueued
[3.698s][info][gc,ref      ] GC(12) Phantom: 7 encountered, 3 discovered, 0 enqueued
[3.698s][info][gc,reloc    ] GC(12) Small Pages: 603 / 1206M, Empty: 0M, Relocated: 1M, In-Place: 0
[3.698s][info][gc,reloc    ] GC(12) Medium Pages: 1 / 32M, Empty: 0M, Relocated: 0M, In-Place: 0
[3.698s][info][gc,reloc    ] GC(12) Large Pages: 0 / 0M, Empty: 0M, Relocated: 0M, In-Place: 0
[3.698s][info][gc,reloc    ] GC(12) Forwarding Usage: 0M
[3.698s][info][gc,heap     ] GC(12) Min Capacity: 4096M(100%)
[3.698s][info][gc,heap     ] GC(12) Max Capacity: 4096M(100%)
[3.698s][info][gc,heap     ] GC(12) Soft Max Capacity: 4096M(100%)
[3.699s][info][gc,heap     ] GC(12)                Mark Start          Mark End        Relocate Start      Relocate End           High               Low         
[3.699s][info][gc,heap     ] GC(12)  Capacity:     4096M (100%)       4096M (100%)       4096M (100%)       4096M (100%)       4096M (100%)       4096M (100%)   
[3.699s][info][gc,heap     ] GC(12)      Free:     2858M (70%)        2858M (70%)        2858M (70%)        2858M (70%)        2858M (70%)        2854M (70%)    
[3.699s][info][gc,heap     ] GC(12)      Used:     1238M (30%)        1238M (30%)        1238M (30%)        1238M (30%)        1242M (30%)        1238M (30%)    
[3.699s][info][gc,heap     ] GC(12)      Live:         -              1099M (27%)        1099M (27%)        1099M (27%)            -                  -          
[3.699s][info][gc,heap     ] GC(12) Allocated:         -                 0M (0%)            0M (0%)            0M (0%)             -                  -          
[3.699s][info][gc,heap     ] GC(12)   Garbage:         -               138M (3%)          138M (3%)          138M (3%)             -                  -          
[3.699s][info][gc,heap     ] GC(12) Reclaimed:         -                  -                 0M (0%)            0M (0%)             -                  -          
[3.699s][info][gc          ] GC(12) Garbage Collection (Timer) 1238M(30%)->1238M(30%)
[3.982s][info][gc,start    ] GC(13) Garbage Collection (Timer)
[3.982s][info][gc,task     ] GC(13) Using 3 workers
[3.982s][info][gc,phases   ] GC(13) Pause Mark Start 0.006ms
[3.993s][info][gc,phases   ] GC(13) Concurrent Mark 10.732ms
[3.993s][info][gc,phases   ] GC(13) Pause Mark End 0.010ms
[3.993s][info][gc,phases   ] GC(13) Concurrent Mark Free 0.001ms
[3.994s][info][gc,phases   ] GC(13) Concurrent Process Non-Strong References 0.795ms
[3.994s][info][gc,phases   ] GC(13) Concurrent Reset Relocation Set 0.001ms
[3.996s][info][gc,phases   ] GC(13) Concurrent Select Relocation Set 2.157ms
[3.997s][info][gc,phases   ] GC(13) Pause Relocate Start 0.005ms
[3.997s][info][gc,phases   ] GC(13) Concurrent Relocate 0.233ms
[3.997s][info][gc,load     ] GC(13) Load: 0.00/0.00/0.00
[3.997s][info][gc,mmu      ] GC(13) MMU: 2ms/99.4%, 5ms/99.6%, 10ms/99.8%, 20ms/99.9%, 50ms/100.0%, 100ms/100.0%
[3.997s][info][gc,marking  ] GC(13) Mark: 2 stripe(s), 1 proactive flush(es), 1 terminate flush(es), 0 completion(s), 0 continuation(s) 
[3.997s][info][gc,marking  ] GC(13) Mark Stack Usage: 32M
[3.997s][info][gc,nmethod  ] GC(13) NMethods: 459 registered, 0 unregistered
[3.997s][info][gc,metaspace] GC(13) Metaspace: 1M used, 1M committed, 1088M reserved
[3.997s][info][gc,ref      ] GC(13) Soft: 181 encountered, 0 discovered, 0 enqueued
[3.997s][info][gc,ref      ] GC(13) Weak: 263 encountered, 0 discovered, 0 enqueued
[3.997s][info][gc,ref      ] GC(13) Final: 0 encountered, 0 discovered, 0 enqueued
[3.997s][info][gc,ref      ] GC(13) Phantom: 7 encountered, 3 discovered, 0 enqueued
[3.997s][info][gc,reloc    ] GC(13) Small Pages: 603 / 1206M, Empty: 0M, Relocated: 1M, In-Place: 0
[3.997s][info][gc,reloc    ] GC(13) Medium Pages: 1 / 32M, Empty: 0M, Relocated: 0M, In-Place: 0
[3.997s][info][gc,reloc    ] GC(13) Large Pages: 0 / 0M, Empty: 0M, Relocated: 0M, In-Place: 0
[3.997s][info][gc,reloc    ] GC(13) Forwarding Usage: 0M
[3.997s][info][gc,heap     ] GC(13) Min Capacity: 4096M(100%)
[3.997s][info][gc,heap     ] GC(13) Max Capacity: 4096M(100%)
[3.997s][info][gc,heap     ] GC(13) Soft Max Capacity: 4096M(100%)
[3.997s][info][gc,heap     ] GC(13)                Mark Start          Mark End        Relocate Start      Relocate End           High               Low         
[3.997s][info][gc,heap     ] GC(13)  Capacity:     4096M (100%)       4096M (100%)       4096M (100%)       4096M (100%)       4096M (100%)       4096M (100%)   
[3.997s][info][gc,heap     ] GC(13)      Free:     2858M (70%)        2858M (70%)        2858M (70%)        2858M (70%)        2858M (70%)        2854M (70%)    
[3.997s][info][gc,heap     ] GC(13)      Used:     1238M (30%)        1238M (30%)        1238M (30%)        1238M (30%)        1242M (30%)        1238M (30%)    
[3.997s][info][gc,heap     ] GC(13)      Live:         -              1099M (27%)        1099M (27%)        1099M (27%)            -                  -          
[3.997s][info][gc,heap     ] GC(13) Allocated:         -                 0M (0%)            0M (0%)            0M (0%)             -                  -          
[3.997s][info][gc,heap     ] GC(13)   Garbage:         -               138M (3%)          138M (3%)          138M (3%)             -                  -          
[3.998s][info][gc,heap     ] GC(13) Reclaimed:         -                  -                 0M (0%)            0M (0%)             -                  -          
[3.998s][info][gc          ] GC(13) Garbage Collection (Timer) 1238M(30%)->1238M(30%)
[4.281s][info][gc,start    ] GC(14) Garbage Collection (Timer)
[4.282s][info][gc,task     ] GC(14) Using 3 workers
[4.282s][info][gc,phases   ] GC(14) Pause Mark Start 0.006ms
[4.295s][info][gc,phases   ] GC(14) Concurrent Mark 13.333ms
[4.295s][info][gc,phases   ] GC(14) Pause Mark End 0.010ms
[4.295s][info][gc,phases   ] GC(14) Concurrent Mark Free 0.001ms
[4.296s][info][gc,phases   ] GC(14) Concurrent Process Non-Strong References 0.704ms
[4.296s][info][gc,phases   ] GC(14) Concurrent Reset Relocation Set 0.001ms
[4.299s][info][gc,phases   ] GC(14) Concurrent Select Relocation Set 2.366ms
[4.299s][info][gc,phases   ] GC(14) Pause Relocate Start 0.007ms
[4.300s][info][gc,phases   ] GC(14) Concurrent Relocate 1.250ms
[4.300s][info][gc,load     ] GC(14) Load: 0.00/0.00/0.00
[4.300s][info][gc,mmu      ] GC(14) MMU: 2ms/99.4%, 5ms/99.6%, 10ms/99.8%, 20ms/99.9%, 50ms/100.0%, 100ms/100.0%
[4.300s][info][gc,marking  ] GC(14) Mark: 2 stripe(s), 2 proactive flush(es), 1 terminate flush(es), 0 completion(s), 0 continuation(s) 
[4.300s][info][gc,marking  ] GC(14) Mark Stack Usage: 32M
[4.300s][info][gc,nmethod  ] GC(14) NMethods: 464 registered, 0 unregistered
[4.300s][info][gc,metaspace] GC(14) Metaspace: 1M used, 1M committed, 1088M reserved
[4.300s][info][gc,ref      ] GC(14) Soft: 181 encountered, 0 discovered, 0 enqueued
[4.300s][info][gc,ref      ] GC(14) Weak: 263 encountered, 0 discovered, 0 enqueued
[4.300s][info][gc,ref      ] GC(14) Final: 0 encountered, 0 discovered, 0 enqueued
[4.300s][info][gc,ref      ] GC(14) Phantom: 7 encountered, 3 discovered, 0 enqueued
[4.300s][info][gc,reloc    ] GC(14) Small Pages: 691 / 1382M, Empty: 0M, Relocated: 3M, In-Place: 0
[4.300s][info][gc,reloc    ] GC(14) Medium Pages: 1 / 32M, Empty: 0M, Relocated: 0M, In-Place: 0
[4.300s][info][gc,reloc    ] GC(14) Large Pages: 0 / 0M, Empty: 0M, Relocated: 0M, In-Place: 0
[4.301s][info][gc,reloc    ] GC(14) Forwarding Usage: 0M
[4.301s][info][gc,heap     ] GC(14) Min Capacity: 4096M(100%)
[4.301s][info][gc,heap     ] GC(14) Max Capacity: 4096M(100%)
[4.301s][info][gc,heap     ] GC(14) Soft Max Capacity: 4096M(100%)
[4.301s][info][gc,heap     ] GC(14)                Mark Start          Mark End        Relocate Start      Relocate End           High               Low         
[4.301s][info][gc,heap     ] GC(14)  Capacity:     4096M (100%)       4096M (100%)       4096M (100%)       4096M (100%)       4096M (100%)       4096M (100%)   
[4.301s][info][gc,heap     ] GC(14)      Free:     2682M (65%)        2680M (65%)        2678M (65%)        2680M (65%)        2682M (65%)        2672M (65%)    
[4.301s][info][gc,heap     ] GC(14)      Used:     1414M (35%)        1416M (35%)        1418M (35%)        1416M (35%)        1424M (35%)        1414M (35%)    
[4.301s][info][gc,heap     ] GC(14)      Live:         -              1259M (31%)        1259M (31%)        1259M (31%)            -                  -          
[4.301s][info][gc,heap     ] GC(14) Allocated:         -                 2M (0%)            4M (0%)            4M (0%)             -                  -          
[4.301s][info][gc,heap     ] GC(14)   Garbage:         -               154M (4%)          154M (4%)          152M (4%)             -                  -          
[4.301s][info][gc,heap     ] GC(14) Reclaimed:         -                  -                 0M (0%)            2M (0%)             -                  -          
[4.301s][info][gc          ] GC(14) Garbage Collection (Timer) 1414M(35%)->1416M(35%)
[4.583s][info][gc,start    ] GC(15) Garbage Collection (Timer)
[4.583s][info][gc,task     ] GC(15) Using 3 workers
[4.583s][info][gc,phases   ] GC(15) Pause Mark Start 0.006ms
[4.605s][info][gc,phases   ] GC(15) Concurrent Mark 21.784ms
[4.605s][info][gc,phases   ] GC(15) Pause Mark End 0.009ms
[4.605s][info][gc,phases   ] GC(15) Concurrent Mark Free 0.001ms
[4.606s][info][gc,phases   ] GC(15) Concurrent Process Non-Strong References 0.624ms
[4.606s][info][gc,phases   ] GC(15) Concurrent Reset Relocation Set 0.001ms
[4.608s][info][gc,phases   ] GC(15) Concurrent Select Relocation Set 2.209ms
[4.608s][info][gc,phases   ] GC(15) Pause Relocate Start 0.006ms
[4.609s][info][gc,phases   ] GC(15) Concurrent Relocate 0.872ms
[4.609s][info][gc,load     ] GC(15) Load: 0.00/0.00/0.00
[4.610s][info][gc,mmu      ] GC(15) MMU: 2ms/99.4%, 5ms/99.6%, 10ms/99.8%, 20ms/99.9%, 50ms/100.0%, 100ms/100.0%
[4.610s][info][gc,marking  ] GC(15) Mark: 2 stripe(s), 2 proactive flush(es), 1 terminate flush(es), 0 completion(s), 0 continuation(s) 
[4.610s][info][gc,marking  ] GC(15) Mark Stack Usage: 32M
[4.610s][info][gc,nmethod  ] GC(15) NMethods: 464 registered, 0 unregistered
[4.610s][info][gc,metaspace] GC(15) Metaspace: 1M used, 1M committed, 1088M reserved
[4.610s][info][gc,ref      ] GC(15) Soft: 181 encountered, 0 discovered, 0 enqueued
[4.610s][info][gc,ref      ] GC(15) Weak: 263 encountered, 0 discovered, 0 enqueued
[4.610s][info][gc,ref      ] GC(15) Final: 0 encountered, 0 discovered, 0 enqueued
[4.610s][info][gc,ref      ] GC(15) Phantom: 7 encountered, 3 discovered, 0 enqueued
[4.610s][info][gc,reloc    ] GC(15) Small Pages: 780 / 1560M, Empty: 0M, Relocated: 1M, In-Place: 0
[4.610s][info][gc,reloc    ] GC(15) Medium Pages: 2 / 64M, Empty: 32M, Relocated: 0M, In-Place: 0
[4.610s][info][gc,reloc    ] GC(15) Large Pages: 0 / 0M, Empty: 0M, Relocated: 0M, In-Place: 0
[4.610s][info][gc,reloc    ] GC(15) Forwarding Usage: 0M
[4.610s][info][gc,heap     ] GC(15) Min Capacity: 4096M(100%)
[4.610s][info][gc,heap     ] GC(15) Max Capacity: 4096M(100%)
[4.610s][info][gc,heap     ] GC(15) Soft Max Capacity: 4096M(100%)
[4.610s][info][gc,heap     ] GC(15)                Mark Start          Mark End        Relocate Start      Relocate End           High               Low         
[4.610s][info][gc,heap     ] GC(15)  Capacity:     4096M (100%)       4096M (100%)       4096M (100%)       4096M (100%)       4096M (100%)       4096M (100%)   
[4.610s][info][gc,heap     ] GC(15)      Free:     2472M (60%)        2470M (60%)        2500M (61%)        2500M (61%)        2500M (61%)        2468M (60%)    
[4.610s][info][gc,heap     ] GC(15)      Used:     1624M (40%)        1626M (40%)        1596M (39%)        1596M (39%)        1628M (40%)        1596M (39%)    
[4.610s][info][gc,heap     ] GC(15)      Live:         -              1422M (35%)        1422M (35%)        1422M (35%)            -                  -          
[4.610s][info][gc,heap     ] GC(15) Allocated:         -                 2M (0%)            4M (0%)            4M (0%)             -                  -          
[4.610s][info][gc,heap     ] GC(15)   Garbage:         -               201M (5%)          169M (4%)          169M (4%)             -                  -          
[4.610s][info][gc,heap     ] GC(15) Reclaimed:         -                  -                32M (1%)           32M (1%)             -                  -          
[4.610s][info][gc          ] GC(15) Garbage Collection (Timer) 1624M(40%)->1596M(39%)
[4.883s][info][gc,start    ] GC(16) Garbage Collection (Timer)
[4.883s][info][gc,task     ] GC(16) Using 3 workers
[4.883s][info][gc,phases   ] GC(16) Pause Mark Start 0.005ms
[4.906s][info][gc,phases   ] GC(16) Concurrent Mark 22.688ms
[4.906s][info][gc,phases   ] GC(16) Pause Mark End 0.009ms
[4.906s][info][gc,phases   ] GC(16) Concurrent Mark Free 0.001ms
[4.907s][info][gc,phases   ] GC(16) Concurrent Process Non-Strong References 0.983ms
[4.907s][info][gc,phases   ] GC(16) Concurrent Reset Relocation Set 0.001ms
[4.910s][info][gc,phases   ] GC(16) Concurrent Select Relocation Set 2.287ms
[4.910s][info][gc,phases   ] GC(16) Pause Relocate Start 0.006ms
[4.912s][info][gc,phases   ] GC(16) Concurrent Relocate 1.942ms
[4.912s][info][gc,load     ] GC(16) Load: 0.00/0.00/0.00
[4.912s][info][gc,mmu      ] GC(16) MMU: 2ms/99.4%, 5ms/99.6%, 10ms/99.8%, 20ms/99.9%, 50ms/100.0%, 100ms/100.0%
[4.912s][info][gc,marking  ] GC(16) Mark: 2 stripe(s), 4 proactive flush(es), 1 terminate flush(es), 0 completion(s), 0 continuation(s) 
[4.912s][info][gc,marking  ] GC(16) Mark Stack Usage: 32M
[4.912s][info][gc,nmethod  ] GC(16) NMethods: 464 registered, 0 unregistered
[4.912s][info][gc,metaspace] GC(16) Metaspace: 1M used, 1M committed, 1088M reserved
[4.912s][info][gc,ref      ] GC(16) Soft: 181 encountered, 0 discovered, 0 enqueued
[4.912s][info][gc,ref      ] GC(16) Weak: 263 encountered, 0 discovered, 0 enqueued
[4.912s][info][gc,ref      ] GC(16) Final: 0 encountered, 0 discovered, 0 enqueued
[4.912s][info][gc,ref      ] GC(16) Phantom: 7 encountered, 3 discovered, 0 enqueued
[4.912s][info][gc,reloc    ] GC(16) Small Pages: 870 / 1740M, Empty: 0M, Relocated: 5M, In-Place: 0
[4.912s][info][gc,reloc    ] GC(16) Medium Pages: 1 / 32M, Empty: 0M, Relocated: 0M, In-Place: 0
[4.912s][info][gc,reloc    ] GC(16) Large Pages: 0 / 0M, Empty: 0M, Relocated: 0M, In-Place: 0
[4.912s][info][gc,reloc    ] GC(16) Forwarding Usage: 0M
[4.912s][info][gc,heap     ] GC(16) Min Capacity: 4096M(100%)
[4.912s][info][gc,heap     ] GC(16) Max Capacity: 4096M(100%)
[4.912s][info][gc,heap     ] GC(16) Soft Max Capacity: 4096M(100%)
[4.913s][info][gc,heap     ] GC(16)                Mark Start          Mark End        Relocate Start      Relocate End           High               Low         
[4.913s][info][gc,heap     ] GC(16)  Capacity:     4096M (100%)       4096M (100%)       4096M (100%)       4096M (100%)       4096M (100%)       4096M (100%)   
[4.913s][info][gc,heap     ] GC(16)      Free:     2324M (57%)        2322M (57%)        2320M (57%)        2322M (57%)        2324M (57%)        2314M (56%)    
[4.913s][info][gc,heap     ] GC(16)      Used:     1772M (43%)        1774M (43%)        1776M (43%)        1774M (43%)        1782M (44%)        1772M (43%)    
[4.913s][info][gc,heap     ] GC(16)      Live:         -              1585M (39%)        1585M (39%)        1585M (39%)            -                  -          
[4.913s][info][gc,heap     ] GC(16) Allocated:         -                 2M (0%)            4M (0%)            3M (0%)             -                  -          
[4.913s][info][gc,heap     ] GC(16)   Garbage:         -               186M (5%)          186M (5%)          184M (4%)             -                  -          
[4.913s][info][gc,heap     ] GC(16) Reclaimed:         -                  -                 0M (0%)            1M (0%)             -                  -          
[4.913s][info][gc          ] GC(16) Garbage Collection (Timer) 1772M(43%)->1774M(43%)
[5.181s][info][gc,start    ] GC(17) Garbage Collection (Timer)
[5.181s][info][gc,task     ] GC(17) Using 3 workers
[5.181s][info][gc,phases   ] GC(17) Pause Mark Start 0.006ms
[5.212s][info][gc,phases   ] GC(17) Concurrent Mark 29.969ms
[5.212s][info][gc,phases   ] GC(17) Pause Mark End 0.010ms
[5.212s][info][gc,phases   ] GC(17) Concurrent Mark Free 0.001ms
[5.213s][info][gc,phases   ] GC(17) Concurrent Process Non-Strong References 0.883ms
[5.213s][info][gc,phases   ] GC(17) Concurrent Reset Relocation Set 0.001ms
[5.215s][info][gc,phases   ] GC(17) Concurrent Select Relocation Set 2.112ms
[5.215s][info][gc,phases   ] GC(17) Pause Relocate Start 0.004ms
[5.216s][info][gc,phases   ] GC(17) Concurrent Relocate 0.961ms
[5.216s][info][gc,load     ] GC(17) Load: 0.00/0.00/0.00
[5.216s][info][gc,mmu      ] GC(17) MMU: 2ms/99.4%, 5ms/99.6%, 10ms/99.8%, 20ms/99.9%, 50ms/100.0%, 100ms/100.0%
[5.216s][info][gc,marking  ] GC(17) Mark: 2 stripe(s), 9 proactive flush(es), 1 terminate flush(es), 0 completion(s), 0 continuation(s) 
[5.216s][info][gc,marking  ] GC(17) Mark Stack Usage: 32M
[5.216s][info][gc,nmethod  ] GC(17) NMethods: 464 registered, 0 unregistered
[5.216s][info][gc,metaspace] GC(17) Metaspace: 1M used, 1M committed, 1088M reserved
[5.216s][info][gc,ref      ] GC(17) Soft: 181 encountered, 0 discovered, 0 enqueued
[5.216s][info][gc,ref      ] GC(17) Weak: 263 encountered, 210 discovered, 0 enqueued
[5.216s][info][gc,ref      ] GC(17) Final: 0 encountered, 0 discovered, 0 enqueued
[5.216s][info][gc,ref      ] GC(17) Phantom: 7 encountered, 4 discovered, 0 enqueued
[5.216s][info][gc,reloc    ] GC(17) Small Pages: 904 / 1808M, Empty: 0M, Relocated: 1M, In-Place: 0
[5.216s][info][gc,reloc    ] GC(17) Medium Pages: 1 / 32M, Empty: 0M, Relocated: 0M, In-Place: 0
[5.216s][info][gc,reloc    ] GC(17) Large Pages: 0 / 0M, Empty: 0M, Relocated: 0M, In-Place: 0
[5.216s][info][gc,reloc    ] GC(17) Forwarding Usage: 0M
[5.216s][info][gc,heap     ] GC(17) Min Capacity: 4096M(100%)
[5.216s][info][gc,heap     ] GC(17) Max Capacity: 4096M(100%)
[5.216s][info][gc,heap     ] GC(17) Soft Max Capacity: 4096M(100%)
[5.216s][info][gc,heap     ] GC(17)                Mark Start          Mark End        Relocate Start      Relocate End           High               Low         
[5.216s][info][gc,heap     ] GC(17)  Capacity:     4096M (100%)       4096M (100%)       4096M (100%)       4096M (100%)       4096M (100%)       4096M (100%)   
[5.217s][info][gc,heap     ] GC(17)      Free:     2256M (55%)        2256M (55%)        2256M (55%)        2256M (55%)        2256M (55%)        2252M (55%)    
[5.217s][info][gc,heap     ] GC(17)      Used:     1840M (45%)        1840M (45%)        1840M (45%)        1840M (45%)        1844M (45%)        1840M (45%)    
[5.217s][info][gc,heap     ] GC(17)      Live:         -              1649M (40%)        1649M (40%)        1649M (40%)            -                  -          
[5.217s][info][gc,heap     ] GC(17) Allocated:         -                 0M (0%)            0M (0%)            0M (0%)             -                  -          
[5.217s][info][gc,heap     ] GC(17)   Garbage:         -               190M (5%)          190M (5%)          190M (5%)             -                  -          
[5.217s][info][gc,heap     ] GC(17) Reclaimed:         -                  -                 0M (0%)            0M (0%)             -                  -          
[5.217s][info][gc          ] GC(17) Garbage Collection (Timer) 1840M(45%)->1840M(45%)
[5.482s][info][gc,start    ] GC(18) Garbage Collection (Timer)
[5.482s][info][gc,task     ] GC(18) Using 3 workers
[5.482s][info][gc,phases   ] GC(18) Pause Mark Start 0.006ms
[5.502s][info][gc,phases   ] GC(18) Concurrent Mark 19.537ms
[5.502s][info][gc,phases   ] GC(18) Pause Mark End 0.010ms
[5.502s][info][gc,phases   ] GC(18) Concurrent Mark Free 0.001ms
[5.503s][info][gc,phases   ] GC(18) Concurrent Process Non-Strong References 0.812ms
[5.503s][info][gc,phases   ] GC(18) Concurrent Reset Relocation Set 0.001ms
[5.505s][info][gc,phases   ] GC(18) Concurrent Select Relocation Set 2.145ms
[5.505s][info][gc,phases   ] GC(18) Pause Relocate Start 0.005ms
[5.505s][info][gc,phases   ] GC(18) Concurrent Relocate 0.254ms
[5.506s][info][gc,load     ] GC(18) Load: 0.00/0.00/0.00
[5.506s][info][gc,mmu      ] GC(18) MMU: 2ms/99.4%, 5ms/99.6%, 10ms/99.8%, 20ms/99.9%, 50ms/100.0%, 100ms/100.0%
[5.506s][info][gc,marking  ] GC(18) Mark: 2 stripe(s), 9 proactive flush(es), 1 terminate flush(es), 0 completion(s), 0 continuation(s) 
[5.506s][info][gc,marking  ] GC(18) Mark Stack Usage: 32M
[5.506s][info][gc,nmethod  ] GC(18) NMethods: 464 registered, 0 unregistered
[5.506s][info][gc,metaspace] GC(18) Metaspace: 1M used, 1M committed, 1088M reserved
[5.506s][info][gc,ref      ] GC(18) Soft: 181 encountered, 0 discovered, 0 enqueued
[5.506s][info][gc,ref      ] GC(18) Weak: 263 encountered, 210 discovered, 0 enqueued
[5.506s][info][gc,ref      ] GC(18) Final: 0 encountered, 0 discovered, 0 enqueued
[5.506s][info][gc,ref      ] GC(18) Phantom: 7 encountered, 3 discovered, 0 enqueued
[5.506s][info][gc,reloc    ] GC(18) Small Pages: 904 / 1808M, Empty: 0M, Relocated: 1M, In-Place: 0
[5.506s][info][gc,reloc    ] GC(18) Medium Pages: 1 / 32M, Empty: 0M, Relocated: 0M, In-Place: 0
[5.506s][info][gc,reloc    ] GC(18) Large Pages: 0 / 0M, Empty: 0M, Relocated: 0M, In-Place: 0
[5.506s][info][gc,reloc    ] GC(18) Forwarding Usage: 0M
[5.506s][info][gc,heap     ] GC(18) Min Capacity: 4096M(100%)
[5.506s][info][gc,heap     ] GC(18) Max Capacity: 4096M(100%)
[5.506s][info][gc,heap     ] GC(18) Soft Max Capacity: 4096M(100%)
[5.506s][info][gc,heap     ] GC(18)                Mark Start          Mark End        Relocate Start      Relocate End           High               Low         
[5.506s][info][gc,heap     ] GC(18)  Capacity:     4096M (100%)       4096M (100%)       4096M (100%)       4096M (100%)       4096M (100%)       4096M (100%)   
[5.506s][info][gc,heap     ] GC(18)      Free:     2256M (55%)        2256M (55%)        2256M (55%)        2256M (55%)        2256M (55%)        2252M (55%)    
[5.506s][info][gc,heap     ] GC(18)      Used:     1840M (45%)        1840M (45%)        1840M (45%)        1840M (45%)        1844M (45%)        1840M (45%)    
[5.506s][info][gc,heap     ] GC(18)      Live:         -              1649M (40%)        1649M (40%)        1649M (40%)            -                  -          
[5.506s][info][gc,heap     ] GC(18) Allocated:         -                 0M (0%)            0M (0%)            0M (0%)             -                  -          
[5.506s][info][gc,heap     ] GC(18)   Garbage:         -               190M (5%)          190M (5%)          190M (5%)             -                  -          
[5.506s][info][gc,heap     ] GC(18) Reclaimed:         -                  -                 0M (0%)            0M (0%)             -                  -          
[5.506s][info][gc          ] GC(18) Garbage Collection (Timer) 1840M(45%)->1840M(45%)
[5.782s][info][gc,start    ] GC(19) Garbage Collection (Timer)
[5.782s][info][gc,task     ] GC(19) Using 3 workers
[5.782s][info][gc,phases   ] GC(19) Pause Mark Start 0.006ms
[5.797s][info][gc,phases   ] GC(19) Concurrent Mark 15.414ms
[5.797s][info][gc,phases   ] GC(19) Pause Mark End 0.009ms
[5.797s][info][gc,phases   ] GC(19) Concurrent Mark Free 0.001ms
[5.798s][info][gc,phases   ] GC(19) Concurrent Process Non-Strong References 0.729ms
[5.798s][info][gc,phases   ] GC(19) Concurrent Reset Relocation Set 0.001ms
[5.800s][info][gc,phases   ] GC(19) Concurrent Select Relocation Set 2.078ms
[5.800s][info][gc,phases   ] GC(19) Pause Relocate Start 0.004ms
[5.802s][info][gc,phases   ] GC(19) Concurrent Relocate 0.951ms
[5.802s][info][gc,load     ] GC(19) Load: 0.00/0.00/0.00
[5.802s][info][gc,mmu      ] GC(19) MMU: 2ms/99.4%, 5ms/99.6%, 10ms/99.8%, 20ms/99.9%, 50ms/100.0%, 100ms/100.0%
[5.802s][info][gc,marking  ] GC(19) Mark: 2 stripe(s), 10 proactive flush(es), 1 terminate flush(es), 0 completion(s), 0 continuation(s) 
[5.802s][info][gc,marking  ] GC(19) Mark Stack Usage: 32M
[5.802s][info][gc,nmethod  ] GC(19) NMethods: 464 registered, 0 unregistered
[5.802s][info][gc,metaspace] GC(19) Metaspace: 1M used, 1M committed, 1088M reserved
[5.802s][info][gc,ref      ] GC(19) Soft: 181 encountered, 0 discovered, 0 enqueued
[5.802s][info][gc,ref      ] GC(19) Weak: 263 encountered, 210 discovered, 0 enqueued
[5.802s][info][gc,ref      ] GC(19) Final: 0 encountered, 0 discovered, 0 enqueued
[5.802s][info][gc,ref      ] GC(19) Phantom: 7 encountered, 3 discovered, 0 enqueued
[5.802s][info][gc,reloc    ] GC(19) Small Pages: 904 / 1808M, Empty: 0M, Relocated: 1M, In-Place: 0
[5.802s][info][gc,reloc    ] GC(19) Medium Pages: 1 / 32M, Empty: 0M, Relocated: 0M, In-Place: 0
[5.802s][info][gc,reloc    ] GC(19) Large Pages: 0 / 0M, Empty: 0M, Relocated: 0M, In-Place: 0
[5.802s][info][gc,reloc    ] GC(19) Forwarding Usage: 0M
[5.802s][info][gc,heap     ] GC(19) Min Capacity: 4096M(100%)
[5.802s][info][gc,heap     ] GC(19) Max Capacity: 4096M(100%)
[5.802s][info][gc,heap     ] GC(19) Soft Max Capacity: 4096M(100%)
[5.802s][info][gc,heap     ] GC(19)                Mark Start          Mark End        Relocate Start      Relocate End           High               Low         
[5.802s][info][gc,heap     ] GC(19)  Capacity:     4096M (100%)       4096M (100%)       4096M (100%)       4096M (100%)       4096M (100%)       4096M (100%)   
[5.802s][info][gc,heap     ] GC(19)      Free:     2256M (55%)        2256M (55%)        2256M (55%)        2256M (55%)        2256M (55%)        2252M (55%)    
[5.802s][info][gc,heap     ] GC(19)      Used:     1840M (45%)        1840M (45%)        1840M (45%)        1840M (45%)        1844M (45%)        1840M (45%)    
[5.802s][info][gc,heap     ] GC(19)      Live:         -              1649M (40%)        1649M (40%)        1649M (40%)            -                  -          
[5.802s][info][gc,heap     ] GC(19) Allocated:         -                 0M (0%)            0M (0%)            0M (0%)             -                  -          
[5.802s][info][gc,heap     ] GC(19)   Garbage:         -               190M (5%)          190M (5%)          190M (5%)             -                  -          
[5.802s][info][gc,heap     ] GC(19) Reclaimed:         -                  -                 0M (0%)            0M (0%)             -                  -          
[5.802s][info][gc          ] GC(19) Garbage Collection (Timer) 1840M(45%)->1840M(45%)
[6.082s][info][gc,start    ] GC(20) Garbage Collection (Timer)
[6.082s][info][gc,task     ] GC(20) Using 3 workers
[6.082s][info][gc,phases   ] GC(20) Pause Mark Start 0.005ms
[6.094s][info][gc,phases   ] GC(20) Concurrent Mark 11.728ms
[6.094s][info][gc,phases   ] GC(20) Pause Mark End 0.009ms
[6.094s][info][gc,phases   ] GC(20) Concurrent Mark Free 0.001ms
[6.095s][info][gc,phases   ] GC(20) Concurrent Process Non-Strong References 0.855ms
[6.095s][info][gc,phases   ] GC(20) Concurrent Reset Relocation Set 0.001ms
[6.098s][info][gc,phases   ] GC(20) Concurrent Select Relocation Set 2.177ms
[6.098s][info][gc,phases   ] GC(20) Pause Relocate Start 0.005ms
[6.099s][info][gc,phases   ] GC(20) Concurrent Relocate 0.950ms
[6.099s][info][gc,load     ] GC(20) Load: 0.00/0.00/0.00
[6.099s][info][gc,mmu      ] GC(20) MMU: 2ms/99.4%, 5ms/99.6%, 10ms/99.8%, 20ms/99.9%, 50ms/100.0%, 100ms/100.0%
[6.099s][info][gc,marking  ] GC(20) Mark: 2 stripe(s), 2 proactive flush(es), 1 terminate flush(es), 0 completion(s), 0 continuation(s) 
[6.099s][info][gc,marking  ] GC(20) Mark Stack Usage: 32M
[6.099s][info][gc,nmethod  ] GC(20) NMethods: 475 registered, 0 unregistered
[6.099s][info][gc,metaspace] GC(20) Metaspace: 1M used, 1M committed, 1088M reserved
[6.099s][info][gc,ref      ] GC(20) Soft: 181 encountered, 0 discovered, 0 enqueued
[6.099s][info][gc,ref      ] GC(20) Weak: 263 encountered, 210 discovered, 0 enqueued
[6.099s][info][gc,ref      ] GC(20) Final: 0 encountered, 0 discovered, 0 enqueued
[6.099s][info][gc,ref      ] GC(20) Phantom: 7 encountered, 3 discovered, 0 enqueued
[6.099s][info][gc,reloc    ] GC(20) Small Pages: 928 / 1856M, Empty: 0M, Relocated: 1M, In-Place: 0
[6.099s][info][gc,reloc    ] GC(20) Medium Pages: 1 / 32M, Empty: 0M, Relocated: 0M, In-Place: 0
[6.099s][info][gc,reloc    ] GC(20) Large Pages: 0 / 0M, Empty: 0M, Relocated: 0M, In-Place: 0
[6.099s][info][gc,reloc    ] GC(20) Forwarding Usage: 0M
[6.099s][info][gc,heap     ] GC(20) Min Capacity: 4096M(100%)
[6.099s][info][gc,heap     ] GC(20) Max Capacity: 4096M(100%)
[6.099s][info][gc,heap     ] GC(20) Soft Max Capacity: 4096M(100%)
[6.099s][info][gc,heap     ] GC(20)                Mark Start          Mark End        Relocate Start      Relocate End           High               Low         
[6.099s][info][gc,heap     ] GC(20)  Capacity:     4096M (100%)       4096M (100%)       4096M (100%)       4096M (100%)       4096M (100%)       4096M (100%)   
[6.099s][info][gc,heap     ] GC(20)      Free:     2208M (54%)        2204M (54%)        2202M (54%)        2202M (54%)        2208M (54%)        2198M (54%)    
[6.099s][info][gc,heap     ] GC(20)      Used:     1888M (46%)        1892M (46%)        1894M (46%)        1894M (46%)        1898M (46%)        1888M (46%)    
[6.099s][info][gc,heap     ] GC(20)      Live:         -              1692M (41%)        1692M (41%)        1692M (41%)            -                  -          
[6.099s][info][gc,heap     ] GC(20) Allocated:         -                 4M (0%)            6M (0%)            6M (0%)             -                  -          
[6.099s][info][gc,heap     ] GC(20)   Garbage:         -               195M (5%)          195M (5%)          195M (5%)             -                  -          
[6.099s][info][gc,heap     ] GC(20) Reclaimed:         -                  -                 0M (0%)            0M (0%)             -                  -          
[6.099s][info][gc          ] GC(20) Garbage Collection (Timer) 1888M(46%)->1894M(46%)
[6.383s][info][gc,start    ] GC(21) Garbage Collection (Timer)
[6.383s][info][gc,task     ] GC(21) Using 3 workers
[6.383s][info][gc,phases   ] GC(21) Pause Mark Start 0.006ms
[6.400s][info][gc,phases   ] GC(21) Concurrent Mark 16.805ms
[6.400s][info][gc,phases   ] GC(21) Pause Mark End 0.009ms
[6.400s][info][gc,phases   ] GC(21) Concurrent Mark Free 0.001ms
[6.401s][info][gc,phases   ] GC(21) Concurrent Process Non-Strong References 0.862ms
[6.401s][info][gc,phases   ] GC(21) Concurrent Reset Relocation Set 0.001ms
[6.403s][info][gc,phases   ] GC(21) Concurrent Select Relocation Set 2.172ms
[6.403s][info][gc,phases   ] GC(21) Pause Relocate Start 0.005ms
[6.404s][info][gc,phases   ] GC(21) Concurrent Relocate 0.948ms
[6.405s][info][gc,load     ] GC(21) Load: 0.00/0.00/0.00
[6.405s][info][gc,mmu      ] GC(21) MMU: 2ms/99.4%, 5ms/99.6%, 10ms/99.8%, 20ms/99.9%, 50ms/100.0%, 100ms/100.0%
[6.405s][info][gc,marking  ] GC(21) Mark: 2 stripe(s), 3 proactive flush(es), 1 terminate flush(es), 0 completion(s), 0 continuation(s) 
[6.405s][info][gc,marking  ] GC(21) Mark Stack Usage: 32M
[6.405s][info][gc,nmethod  ] GC(21) NMethods: 475 registered, 0 unregistered
[6.405s][info][gc,metaspace] GC(21) Metaspace: 1M used, 1M committed, 1088M reserved
[6.405s][info][gc,ref      ] GC(21) Soft: 181 encountered, 0 discovered, 0 enqueued
[6.405s][info][gc,ref      ] GC(21) Weak: 263 encountered, 0 discovered, 0 enqueued
[6.405s][info][gc,ref      ] GC(21) Final: 0 encountered, 0 discovered, 0 enqueued
[6.405s][info][gc,ref      ] GC(21) Phantom: 7 encountered, 3 discovered, 0 enqueued
[6.405s][info][gc,reloc    ] GC(21) Small Pages: 1021 / 2042M, Empty: 0M, Relocated: 1M, In-Place: 0
[6.405s][info][gc,reloc    ] GC(21) Medium Pages: 1 / 32M, Empty: 0M, Relocated: 0M, In-Place: 0
[6.405s][info][gc,reloc    ] GC(21) Large Pages: 0 / 0M, Empty: 0M, Relocated: 0M, In-Place: 0
[6.405s][info][gc,reloc    ] GC(21) Forwarding Usage: 0M
[6.405s][info][gc,heap     ] GC(21) Min Capacity: 4096M(100%)
[6.405s][info][gc,heap     ] GC(21) Max Capacity: 4096M(100%)
[6.405s][info][gc,heap     ] GC(21) Soft Max Capacity: 4096M(100%)
[6.405s][info][gc,heap     ] GC(21)                Mark Start          Mark End        Relocate Start      Relocate End           High               Low         
[6.405s][info][gc,heap     ] GC(21)  Capacity:     4096M (100%)       4096M (100%)       4096M (100%)       4096M (100%)       4096M (100%)       4096M (100%)   
[6.405s][info][gc,heap     ] GC(21)      Free:     2022M (49%)        2020M (49%)        2018M (49%)        2018M (49%)        2022M (49%)        2014M (49%)    
[6.405s][info][gc,heap     ] GC(21)      Used:     2074M (51%)        2076M (51%)        2078M (51%)        2078M (51%)        2082M (51%)        2074M (51%)    
[6.405s][info][gc,heap     ] GC(21)      Live:         -              1862M (45%)        1862M (45%)        1862M (45%)            -                  -          
[6.405s][info][gc,heap     ] GC(21) Allocated:         -                 2M (0%)            4M (0%)            4M (0%)             -                  -          
[6.405s][info][gc,heap     ] GC(21)   Garbage:         -               211M (5%)          211M (5%)          211M (5%)             -                  -          
[6.405s][info][gc,heap     ] GC(21) Reclaimed:         -                  -                 0M (0%)            0M (0%)             -                  -          
[6.405s][info][gc          ] GC(21) Garbage Collection (Timer) 2074M(51%)->2078M(51%)
[6.683s][info][gc,start    ] GC(22) Garbage Collection (Timer)
[6.683s][info][gc,task     ] GC(22) Using 3 workers
[6.683s][info][gc,phases   ] GC(22) Pause Mark Start 0.005ms
[6.703s][info][gc,phases   ] GC(22) Concurrent Mark 19.817ms
[6.703s][info][gc,phases   ] GC(22) Pause Mark End 0.009ms
[6.703s][info][gc,phases   ] GC(22) Concurrent Mark Free 0.001ms
[6.704s][info][gc,phases   ] GC(22) Concurrent Process Non-Strong References 0.881ms
[6.704s][info][gc,phases   ] GC(22) Concurrent Reset Relocation Set 0.001ms
[6.707s][info][gc,phases   ] GC(22) Concurrent Select Relocation Set 2.169ms
[6.707s][info][gc,phases   ] GC(22) Pause Relocate Start 0.006ms
[6.708s][info][gc,phases   ] GC(22) Concurrent Relocate 0.946ms
[6.708s][info][gc,load     ] GC(22) Load: 0.00/0.00/0.00
[6.708s][info][gc,mmu      ] GC(22) MMU: 2ms/99.4%, 5ms/99.6%, 10ms/99.8%, 20ms/99.9%, 50ms/100.0%, 100ms/100.0%
[6.708s][info][gc,marking  ] GC(22) Mark: 2 stripe(s), 2 proactive flush(es), 1 terminate flush(es), 0 completion(s), 0 continuation(s) 
[6.708s][info][gc,marking  ] GC(22) Mark Stack Usage: 32M
[6.708s][info][gc,nmethod  ] GC(22) NMethods: 475 registered, 0 unregistered
[6.708s][info][gc,metaspace] GC(22) Metaspace: 1M used, 1M committed, 1088M reserved
[6.708s][info][gc,ref      ] GC(22) Soft: 181 encountered, 0 discovered, 0 enqueued
[6.708s][info][gc,ref      ] GC(22) Weak: 263 encountered, 210 discovered, 0 enqueued
[6.708s][info][gc,ref      ] GC(22) Final: 0 encountered, 0 discovered, 0 enqueued
[6.708s][info][gc,ref      ] GC(22) Phantom: 7 encountered, 2 discovered, 0 enqueued
[6.708s][info][gc,reloc    ] GC(22) Small Pages: 1095 / 2190M, Empty: 0M, Relocated: 1M, In-Place: 0
[6.708s][info][gc,reloc    ] GC(22) Medium Pages: 2 / 64M, Empty: 32M, Relocated: 0M, In-Place: 0
[6.708s][info][gc,reloc    ] GC(22) Large Pages: 0 / 0M, Empty: 0M, Relocated: 0M, In-Place: 0
[6.708s][info][gc,reloc    ] GC(22) Forwarding Usage: 0M
[6.708s][info][gc,heap     ] GC(22) Min Capacity: 4096M(100%)
[6.708s][info][gc,heap     ] GC(22) Max Capacity: 4096M(100%)
[6.708s][info][gc,heap     ] GC(22) Soft Max Capacity: 4096M(100%)
[6.708s][info][gc,heap     ] GC(22)                Mark Start          Mark End        Relocate Start      Relocate End           High               Low         
[6.708s][info][gc,heap     ] GC(22)  Capacity:     4096M (100%)       4096M (100%)       4096M (100%)       4096M (100%)       4096M (100%)       4096M (100%)   
[6.708s][info][gc,heap     ] GC(22)      Free:     1842M (45%)        1840M (45%)        1870M (46%)        1870M (46%)        1870M (46%)        1838M (45%)    
[6.708s][info][gc,heap     ] GC(22)      Used:     2254M (55%)        2256M (55%)        2226M (54%)        2226M (54%)        2258M (55%)        2226M (54%)    
[6.708s][info][gc,heap     ] GC(22)      Live:         -              1998M (49%)        1998M (49%)        1998M (49%)            -                  -          
[6.708s][info][gc,heap     ] GC(22) Allocated:         -                 2M (0%)            4M (0%)            4M (0%)             -                  -          
[6.708s][info][gc,heap     ] GC(22)   Garbage:         -               255M (6%)          223M (5%)          223M (5%)             -                  -          
[6.708s][info][gc,heap     ] GC(22) Reclaimed:         -                  -                32M (1%)           32M (1%)             -                  -          
[6.708s][info][gc          ] GC(22) Garbage Collection (Timer) 2254M(55%)->2226M(54%)
[6.983s][info][gc,start    ] GC(23) Garbage Collection (Timer)
[6.983s][info][gc,task     ] GC(23) Using 3 workers
[6.983s][info][gc,phases   ] GC(23) Pause Mark Start 0.005ms
[7.003s][info][gc,phases   ] GC(23) Concurrent Mark 19.728ms
[7.003s][info][gc,phases   ] GC(23) Pause Mark End 0.009ms
[7.003s][info][gc,phases   ] GC(23) Concurrent Mark Free 0.001ms
[7.004s][info][gc,phases   ] GC(23) Concurrent Process Non-Strong References 0.680ms
[7.004s][info][gc,phases   ] GC(23) Concurrent Reset Relocation Set 0.001ms
[7.006s][info][gc,phases   ] GC(23) Concurrent Select Relocation Set 2.216ms
[7.006s][info][gc,phases   ] GC(23) Pause Relocate Start 0.004ms
[7.008s][info][gc,phases   ] GC(23) Concurrent Relocate 1.921ms
[7.008s][info][gc,load     ] GC(23) Load: 0.00/0.00/0.00
[7.008s][info][gc,mmu      ] GC(23) MMU: 2ms/99.4%, 5ms/99.6%, 10ms/99.8%, 20ms/99.9%, 50ms/100.0%, 100ms/100.0%
[7.008s][info][gc,marking  ] GC(23) Mark: 2 stripe(s), 2 proactive flush(es), 1 terminate flush(es), 0 completion(s), 0 continuation(s) 
[7.008s][info][gc,marking  ] GC(23) Mark Stack Usage: 32M
[7.008s][info][gc,nmethod  ] GC(23) NMethods: 475 registered, 0 unregistered
[7.008s][info][gc,metaspace] GC(23) Metaspace: 1M used, 1M committed, 1088M reserved
[7.008s][info][gc,ref      ] GC(23) Soft: 181 encountered, 0 discovered, 0 enqueued
[7.008s][info][gc,ref      ] GC(23) Weak: 263 encountered, 210 discovered, 0 enqueued
[7.008s][info][gc,ref      ] GC(23) Final: 0 encountered, 0 discovered, 0 enqueued
[7.008s][info][gc,ref      ] GC(23) Phantom: 7 encountered, 3 discovered, 0 enqueued
[7.008s][info][gc,reloc    ] GC(23) Small Pages: 1163 / 2326M, Empty: 0M, Relocated: 5M, In-Place: 0
[7.008s][info][gc,reloc    ] GC(23) Medium Pages: 1 / 32M, Empty: 0M, Relocated: 0M, In-Place: 0
[7.009s][info][gc,reloc    ] GC(23) Large Pages: 0 / 0M, Empty: 0M, Relocated: 0M, In-Place: 0
[7.009s][info][gc,reloc    ] GC(23) Forwarding Usage: 0M
[7.009s][info][gc,heap     ] GC(23) Min Capacity: 4096M(100%)
[7.009s][info][gc,heap     ] GC(23) Max Capacity: 4096M(100%)
[7.009s][info][gc,heap     ] GC(23) Soft Max Capacity: 4096M(100%)
[7.009s][info][gc,heap     ] GC(23)                Mark Start          Mark End        Relocate Start      Relocate End           High               Low         
[7.009s][info][gc,heap     ] GC(23)  Capacity:     4096M (100%)       4096M (100%)       4096M (100%)       4096M (100%)       4096M (100%)       4096M (100%)   
[7.009s][info][gc,heap     ] GC(23)      Free:     1738M (42%)        1736M (42%)        1732M (42%)        1734M (42%)        1738M (42%)        1726M (42%)    
[7.009s][info][gc,heap     ] GC(23)      Used:     2358M (58%)        2360M (58%)        2364M (58%)        2362M (58%)        2370M (58%)        2358M (58%)    
[7.009s][info][gc,heap     ] GC(23)      Live:         -              2121M (52%)        2121M (52%)        2121M (52%)            -                  -          
[7.009s][info][gc,heap     ] GC(23) Allocated:         -                 2M (0%)            6M (0%)            5M (0%)             -                  -          
[7.009s][info][gc,heap     ] GC(23)   Garbage:         -               236M (6%)          236M (6%)          234M (6%)             -                  -          
[7.009s][info][gc,heap     ] GC(23) Reclaimed:         -                  -                 0M (0%)            1M (0%)             -                  -          
[7.009s][info][gc          ] GC(23) Garbage Collection (Timer) 2358M(58%)->2362M(58%)
[7.282s][info][gc,start    ] GC(24) Garbage Collection (Timer)
[7.282s][info][gc,task     ] GC(24) Using 3 workers
[7.282s][info][gc,phases   ] GC(24) Pause Mark Start 0.006ms
[7.312s][info][gc,phases   ] GC(24) Concurrent Mark 30.071ms
[7.312s][info][gc,phases   ] GC(24) Pause Mark End 0.011ms
[7.312s][info][gc,phases   ] GC(24) Concurrent Mark Free 0.001ms
[7.313s][info][gc,phases   ] GC(24) Concurrent Process Non-Strong References 0.750ms
[7.313s][info][gc,phases   ] GC(24) Concurrent Reset Relocation Set 0.001ms
[7.315s][info][gc,phases   ] GC(24) Concurrent Select Relocation Set 2.137ms
[7.315s][info][gc,phases   ] GC(24) Pause Relocate Start 0.005ms
[7.317s][info][gc,phases   ] GC(24) Concurrent Relocate 1.198ms
[7.317s][info][gc,load     ] GC(24) Load: 0.00/0.00/0.00
[7.317s][info][gc,mmu      ] GC(24) MMU: 2ms/99.4%, 5ms/99.6%, 10ms/99.8%, 20ms/99.9%, 50ms/100.0%, 100ms/100.0%
[7.317s][info][gc,marking  ] GC(24) Mark: 2 stripe(s), 10 proactive flush(es), 1 terminate flush(es), 0 completion(s), 0 continuation(s) 
[7.317s][info][gc,marking  ] GC(24) Mark Stack Usage: 32M
[7.317s][info][gc,nmethod  ] GC(24) NMethods: 475 registered, 0 unregistered
[7.317s][info][gc,metaspace] GC(24) Metaspace: 1M used, 1M committed, 1088M reserved
[7.317s][info][gc,ref      ] GC(24) Soft: 181 encountered, 0 discovered, 0 enqueued
[7.317s][info][gc,ref      ] GC(24) Weak: 263 encountered, 210 discovered, 0 enqueued
[7.317s][info][gc,ref      ] GC(24) Final: 0 encountered, 0 discovered, 0 enqueued
[7.317s][info][gc,ref      ] GC(24) Phantom: 7 encountered, 3 discovered, 0 enqueued
[7.317s][info][gc,reloc    ] GC(24) Small Pages: 1201 / 2402M, Empty: 0M, Relocated: 3M, In-Place: 0
[7.317s][info][gc,reloc    ] GC(24) Medium Pages: 1 / 32M, Empty: 0M, Relocated: 0M, In-Place: 0
[7.317s][info][gc,reloc    ] GC(24) Large Pages: 0 / 0M, Empty: 0M, Relocated: 0M, In-Place: 0
[7.317s][info][gc,reloc    ] GC(24) Forwarding Usage: 0M
[7.317s][info][gc,heap     ] GC(24) Min Capacity: 4096M(100%)
[7.317s][info][gc,heap     ] GC(24) Max Capacity: 4096M(100%)
[7.317s][info][gc,heap     ] GC(24) Soft Max Capacity: 4096M(100%)
[7.317s][info][gc,heap     ] GC(24)                Mark Start          Mark End        Relocate Start      Relocate End           High               Low         
[7.317s][info][gc,heap     ] GC(24)  Capacity:     4096M (100%)       4096M (100%)       4096M (100%)       4096M (100%)       4096M (100%)       4096M (100%)   
[7.317s][info][gc,heap     ] GC(24)      Free:     1662M (41%)        1662M (41%)        1662M (41%)        1662M (41%)        1662M (41%)        1656M (40%)    
[7.317s][info][gc,heap     ] GC(24)      Used:     2434M (59%)        2434M (59%)        2434M (59%)        2434M (59%)        2440M (60%)        2434M (59%)    
[7.317s][info][gc,heap     ] GC(24)      Live:         -              2192M (54%)        2192M (54%)        2192M (54%)            -                  -          
[7.317s][info][gc,heap     ] GC(24) Allocated:         -                 0M (0%)            0M (0%)            0M (0%)             -                  -          
[7.317s][info][gc,heap     ] GC(24)   Garbage:         -               241M (6%)          241M (6%)          241M (6%)             -                  -          
[7.317s][info][gc,heap     ] GC(24) Reclaimed:         -                  -                 0M (0%)            0M (0%)             -                  -          
[7.317s][info][gc          ] GC(24) Garbage Collection (Timer) 2434M(59%)->2434M(59%)
[7.581s][info][gc,start    ] GC(25) Garbage Collection (Timer)
[7.581s][info][gc,task     ] GC(25) Using 3 workers
[7.581s][info][gc,phases   ] GC(25) Pause Mark Start 0.005ms
[7.608s][info][gc,phases   ] GC(25) Concurrent Mark 26.147ms
[7.608s][info][gc,phases   ] GC(25) Pause Mark End 0.009ms
[7.608s][info][gc,phases   ] GC(25) Concurrent Mark Free 0.001ms
[7.609s][info][gc,phases   ] GC(25) Concurrent Process Non-Strong References 0.772ms
[7.609s][info][gc,phases   ] GC(25) Concurrent Reset Relocation Set 0.001ms
[7.611s][info][gc,phases   ] GC(25) Concurrent Select Relocation Set 2.102ms
[7.611s][info][gc,phases   ] GC(25) Pause Relocate Start 0.006ms
[7.611s][info][gc,phases   ] GC(25) Concurrent Relocate 0.317ms
[7.611s][info][gc,load     ] GC(25) Load: 0.00/0.00/0.00
[7.611s][info][gc,mmu      ] GC(25) MMU: 2ms/99.4%, 5ms/99.6%, 10ms/99.8%, 20ms/99.9%, 50ms/100.0%, 100ms/100.0%
[7.611s][info][gc,marking  ] GC(25) Mark: 2 stripe(s), 10 proactive flush(es), 1 terminate flush(es), 0 completion(s), 0 continuation(s) 
[7.612s][info][gc,marking  ] GC(25) Mark Stack Usage: 32M
[7.612s][info][gc,nmethod  ] GC(25) NMethods: 475 registered, 0 unregistered
[7.612s][info][gc,metaspace] GC(25) Metaspace: 1M used, 1M committed, 1088M reserved
[7.612s][info][gc,ref      ] GC(25) Soft: 181 encountered, 0 discovered, 0 enqueued
[7.612s][info][gc,ref      ] GC(25) Weak: 263 encountered, 210 discovered, 0 enqueued
[7.612s][info][gc,ref      ] GC(25) Final: 0 encountered, 0 discovered, 0 enqueued
[7.612s][info][gc,ref      ] GC(25) Phantom: 7 encountered, 3 discovered, 0 enqueued
[7.612s][info][gc,reloc    ] GC(25) Small Pages: 1201 / 2402M, Empty: 0M, Relocated: 3M, In-Place: 0
[7.612s][info][gc,reloc    ] GC(25) Medium Pages: 1 / 32M, Empty: 0M, Relocated: 0M, In-Place: 0
[7.612s][info][gc,reloc    ] GC(25) Large Pages: 0 / 0M, Empty: 0M, Relocated: 0M, In-Place: 0
[7.612s][info][gc,reloc    ] GC(25) Forwarding Usage: 0M
[7.612s][info][gc,heap     ] GC(25) Min Capacity: 4096M(100%)
[7.612s][info][gc,heap     ] GC(25) Max Capacity: 4096M(100%)
[7.612s][info][gc,heap     ] GC(25) Soft Max Capacity: 4096M(100%)
[7.612s][info][gc,heap     ] GC(25)                Mark Start          Mark End        Relocate Start      Relocate End           High               Low         
[7.612s][info][gc,heap     ] GC(25)  Capacity:     4096M (100%)       4096M (100%)       4096M (100%)       4096M (100%)       4096M (100%)       4096M (100%)   
[7.612s][info][gc,heap     ] GC(25)      Free:     1662M (41%)        1662M (41%)        1662M (41%)        1662M (41%)        1662M (41%)        1656M (40%)    
[7.612s][info][gc,heap     ] GC(25)      Used:     2434M (59%)        2434M (59%)        2434M (59%)        2434M (59%)        2440M (60%)        2434M (59%)    
[7.612s][info][gc,heap     ] GC(25)      Live:         -              2192M (54%)        2192M (54%)        2192M (54%)            -                  -          
[7.612s][info][gc,heap     ] GC(25) Allocated:         -                 0M (0%)            0M (0%)            0M (0%)             -                  -          
[7.612s][info][gc,heap     ] GC(25)   Garbage:         -               241M (6%)          241M (6%)          241M (6%)             -                  -          
[7.612s][info][gc,heap     ] GC(25) Reclaimed:         -                  -                 0M (0%)            0M (0%)             -                  -          
[7.612s][info][gc          ] GC(25) Garbage Collection (Timer) 2434M(59%)->2434M(59%)
[7.883s][info][gc,start    ] GC(26) Garbage Collection (Timer)
[7.884s][info][gc,task     ] GC(26) Using 3 workers
[7.884s][info][gc,phases   ] GC(26) Pause Mark Start 0.006ms
[7.906s][info][gc,phases   ] GC(26) Concurrent Mark 22.727ms
[7.907s][info][gc,phases   ] GC(26) Pause Mark End 0.011ms
[7.907s][info][gc,phases   ] GC(26) Concurrent Mark Free 0.001ms
[7.908s][info][gc,phases   ] GC(26) Concurrent Process Non-Strong References 0.843ms
[7.908s][info][gc,phases   ] GC(26) Concurrent Reset Relocation Set 0.001ms
[7.910s][info][gc,phases   ] GC(26) Concurrent Select Relocation Set 2.123ms
[7.910s][info][gc,phases   ] GC(26) Pause Relocate Start 0.006ms
[7.911s][info][gc,phases   ] GC(26) Concurrent Relocate 0.535ms
[7.911s][info][gc,load     ] GC(26) Load: 0.00/0.00/0.00
[7.911s][info][gc,mmu      ] GC(26) MMU: 2ms/99.4%, 5ms/99.6%, 10ms/99.8%, 20ms/99.9%, 50ms/100.0%, 100ms/100.0%
[7.911s][info][gc,marking  ] GC(26) Mark: 2 stripe(s), 10 proactive flush(es), 1 terminate flush(es), 0 completion(s), 0 continuation(s) 
[7.911s][info][gc,marking  ] GC(26) Mark Stack Usage: 32M
[7.911s][info][gc,nmethod  ] GC(26) NMethods: 475 registered, 0 unregistered
[7.911s][info][gc,metaspace] GC(26) Metaspace: 1M used, 1M committed, 1088M reserved
[7.911s][info][gc,ref      ] GC(26) Soft: 181 encountered, 0 discovered, 0 enqueued
[7.911s][info][gc,ref      ] GC(26) Weak: 263 encountered, 210 discovered, 0 enqueued
[7.911s][info][gc,ref      ] GC(26) Final: 0 encountered, 0 discovered, 0 enqueued
[7.911s][info][gc,ref      ] GC(26) Phantom: 7 encountered, 2 discovered, 0 enqueued
[7.911s][info][gc,reloc    ] GC(26) Small Pages: 1201 / 2402M, Empty: 0M, Relocated: 3M, In-Place: 0
[7.911s][info][gc,reloc    ] GC(26) Medium Pages: 1 / 32M, Empty: 0M, Relocated: 0M, In-Place: 0
[7.911s][info][gc,reloc    ] GC(26) Large Pages: 0 / 0M, Empty: 0M, Relocated: 0M, In-Place: 0
[7.911s][info][gc,reloc    ] GC(26) Forwarding Usage: 0M
[7.911s][info][gc,heap     ] GC(26) Min Capacity: 4096M(100%)
[7.911s][info][gc,heap     ] GC(26) Max Capacity: 4096M(100%)
[7.911s][info][gc,heap     ] GC(26) Soft Max Capacity: 4096M(100%)
[7.911s][info][gc,heap     ] GC(26)                Mark Start          Mark End        Relocate Start      Relocate End           High               Low         
[7.911s][info][gc,heap     ] GC(26)  Capacity:     4096M (100%)       4096M (100%)       4096M (100%)       4096M (100%)       4096M (100%)       4096M (100%)   
[7.911s][info][gc,heap     ] GC(26)      Free:     1662M (41%)        1662M (41%)        1662M (41%)        1662M (41%)        1662M (41%)        1656M (40%)    
[7.911s][info][gc,heap     ] GC(26)      Used:     2434M (59%)        2434M (59%)        2434M (59%)        2434M (59%)        2440M (60%)        2434M (59%)    
[7.911s][info][gc,heap     ] GC(26)      Live:         -              2192M (54%)        2192M (54%)        2192M (54%)            -                  -          
[7.911s][info][gc,heap     ] GC(26) Allocated:         -                 0M (0%)            0M (0%)            0M (0%)             -                  -          
[7.911s][info][gc,heap     ] GC(26)   Garbage:         -               241M (6%)          241M (6%)          241M (6%)             -                  -          
[7.911s][info][gc,heap     ] GC(26) Reclaimed:         -                  -                 0M (0%)            0M (0%)             -                  -          
[7.911s][info][gc          ] GC(26) Garbage Collection (Timer) 2434M(59%)->2434M(59%)
[8.182s][info][gc,start    ] GC(27) Garbage Collection (Timer)
[8.182s][info][gc,task     ] GC(27) Using 3 workers
[8.182s][info][gc,phases   ] GC(27) Pause Mark Start 0.006ms
[8.196s][info][gc,phases   ] GC(27) Concurrent Mark 13.738ms
[8.196s][info][gc,phases   ] GC(27) Pause Mark End 0.009ms
[8.196s][info][gc,phases   ] GC(27) Concurrent Mark Free 0.001ms
[8.197s][info][gc,phases   ] GC(27) Concurrent Process Non-Strong References 0.803ms
[8.197s][info][gc,phases   ] GC(27) Concurrent Reset Relocation Set 0.001ms
[8.199s][info][gc,phases   ] GC(27) Concurrent Select Relocation Set 2.203ms
[8.199s][info][gc,phases   ] GC(27) Pause Relocate Start 0.004ms
[8.201s][info][gc,phases   ] GC(27) Concurrent Relocate 1.207ms
[8.201s][info][gc,load     ] GC(27) Load: 0.00/0.00/0.00
[8.201s][info][gc,mmu      ] GC(27) MMU: 2ms/99.4%, 5ms/99.6%, 10ms/99.8%, 20ms/99.9%, 50ms/100.0%, 100ms/100.0%
[8.201s][info][gc,marking  ] GC(27) Mark: 2 stripe(s), 2 proactive flush(es), 1 terminate flush(es), 0 completion(s), 0 continuation(s) 
[8.201s][info][gc,marking  ] GC(27) Mark Stack Usage: 32M
[8.201s][info][gc,nmethod  ] GC(27) NMethods: 483 registered, 0 unregistered
[8.201s][info][gc,metaspace] GC(27) Metaspace: 1M used, 1M committed, 1088M reserved
[8.201s][info][gc,ref      ] GC(27) Soft: 181 encountered, 0 discovered, 0 enqueued
[8.201s][info][gc,ref      ] GC(27) Weak: 263 encountered, 210 discovered, 0 enqueued
[8.201s][info][gc,ref      ] GC(27) Final: 0 encountered, 0 discovered, 0 enqueued
[8.201s][info][gc,ref      ] GC(27) Phantom: 7 encountered, 2 discovered, 0 enqueued
[8.201s][info][gc,reloc    ] GC(27) Small Pages: 1205 / 2410M, Empty: 0M, Relocated: 3M, In-Place: 0
[8.201s][info][gc,reloc    ] GC(27) Medium Pages: 1 / 32M, Empty: 0M, Relocated: 0M, In-Place: 0
[8.201s][info][gc,reloc    ] GC(27) Large Pages: 0 / 0M, Empty: 0M, Relocated: 0M, In-Place: 0
[8.201s][info][gc,reloc    ] GC(27) Forwarding Usage: 0M
[8.201s][info][gc,heap     ] GC(27) Min Capacity: 4096M(100%)
[8.201s][info][gc,heap     ] GC(27) Max Capacity: 4096M(100%)
[8.201s][info][gc,heap     ] GC(27) Soft Max Capacity: 4096M(100%)
[8.201s][info][gc,heap     ] GC(27)                Mark Start          Mark End        Relocate Start      Relocate End           High               Low         
[8.201s][info][gc,heap     ] GC(27)  Capacity:     4096M (100%)       4096M (100%)       4096M (100%)       4096M (100%)       4096M (100%)       4096M (100%)   
[8.201s][info][gc,heap     ] GC(27)      Free:     1654M (40%)        1650M (40%)        1648M (40%)        1650M (40%)        1654M (40%)        1644M (40%)    
[8.201s][info][gc,heap     ] GC(27)      Used:     2442M (60%)        2446M (60%)        2448M (60%)        2446M (60%)        2452M (60%)        2442M (60%)    
[8.201s][info][gc,heap     ] GC(27)      Live:         -              2198M (54%)        2198M (54%)        2198M (54%)            -                  -          
[8.201s][info][gc,heap     ] GC(27) Allocated:         -                 4M (0%)            6M (0%)            5M (0%)             -                  -          
[8.201s][info][gc,heap     ] GC(27)   Garbage:         -               243M (6%)          243M (6%)          241M (6%)             -                  -          
[8.201s][info][gc,heap     ] GC(27) Reclaimed:         -                  -                 0M (0%)            1M (0%)             -                  -          
[8.201s][info][gc          ] GC(27) Garbage Collection (Timer) 2442M(60%)->2446M(60%)
[8.483s][info][gc,start    ] GC(28) Garbage Collection (Timer)
[8.483s][info][gc,task     ] GC(28) Using 3 workers
[8.483s][info][gc,phases   ] GC(28) Pause Mark Start 0.006ms
[8.500s][info][gc,phases   ] GC(28) Concurrent Mark 17.277ms
[8.501s][info][gc,phases   ] GC(28) Pause Mark End 0.009ms
[8.501s][info][gc,phases   ] GC(28) Concurrent Mark Free 0.001ms
[8.502s][info][gc,phases   ] GC(28) Concurrent Process Non-Strong References 0.784ms
[8.502s][info][gc,phases   ] GC(28) Concurrent Reset Relocation Set 0.001ms
[8.504s][info][gc,phases   ] GC(28) Concurrent Select Relocation Set 2.356ms
[8.504s][info][gc,phases   ] GC(28) Pause Relocate Start 0.006ms
[8.506s][info][gc,phases   ] GC(28) Concurrent Relocate 1.436ms
[8.506s][info][gc,load     ] GC(28) Load: 0.00/0.00/0.00
[8.506s][info][gc,mmu      ] GC(28) MMU: 2ms/99.4%, 5ms/99.6%, 10ms/99.8%, 20ms/99.9%, 50ms/100.0%, 100ms/100.0%
[8.506s][info][gc,marking  ] GC(28) Mark: 2 stripe(s), 2 proactive flush(es), 1 terminate flush(es), 0 completion(s), 0 continuation(s) 
[8.506s][info][gc,marking  ] GC(28) Mark Stack Usage: 32M
[8.506s][info][gc,nmethod  ] GC(28) NMethods: 483 registered, 0 unregistered
[8.506s][info][gc,metaspace] GC(28) Metaspace: 1M used, 1M committed, 1088M reserved
[8.506s][info][gc,ref      ] GC(28) Soft: 181 encountered, 0 discovered, 0 enqueued
[8.506s][info][gc,ref      ] GC(28) Weak: 263 encountered, 210 discovered, 0 enqueued
[8.506s][info][gc,ref      ] GC(28) Final: 0 encountered, 0 discovered, 0 enqueued
[8.506s][info][gc,ref      ] GC(28) Phantom: 7 encountered, 3 discovered, 0 enqueued
[8.506s][info][gc,reloc    ] GC(28) Small Pages: 1262 / 2524M, Empty: 0M, Relocated: 3M, In-Place: 0
[8.506s][info][gc,reloc    ] GC(28) Medium Pages: 1 / 32M, Empty: 0M, Relocated: 0M, In-Place: 0
[8.506s][info][gc,reloc    ] GC(28) Large Pages: 0 / 0M, Empty: 0M, Relocated: 0M, In-Place: 0
[8.506s][info][gc,reloc    ] GC(28) Forwarding Usage: 0M
[8.506s][info][gc,heap     ] GC(28) Min Capacity: 4096M(100%)
[8.506s][info][gc,heap     ] GC(28) Max Capacity: 4096M(100%)
[8.506s][info][gc,heap     ] GC(28) Soft Max Capacity: 4096M(100%)
[8.506s][info][gc,heap     ] GC(28)                Mark Start          Mark End        Relocate Start      Relocate End           High               Low         
[8.506s][info][gc,heap     ] GC(28)  Capacity:     4096M (100%)       4096M (100%)       4096M (100%)       4096M (100%)       4096M (100%)       4096M (100%)   
[8.506s][info][gc,heap     ] GC(28)      Free:     1540M (38%)        1534M (37%)        1534M (37%)        1536M (38%)        1540M (38%)        1528M (37%)    
[8.506s][info][gc,heap     ] GC(28)      Used:     2556M (62%)        2562M (63%)        2562M (63%)        2560M (62%)        2568M (63%)        2556M (62%)    
[8.506s][info][gc,heap     ] GC(28)      Live:         -              2302M (56%)        2302M (56%)        2302M (56%)            -                  -          
[8.506s][info][gc,heap     ] GC(28) Allocated:         -                 6M (0%)            6M (0%)            5M (0%)             -                  -          
[8.506s][info][gc,heap     ] GC(28)   Garbage:         -               253M (6%)          253M (6%)          251M (6%)             -                  -          
[8.506s][info][gc,heap     ] GC(28) Reclaimed:         -                  -                 0M (0%)            1M (0%)             -                  -          
[8.506s][info][gc          ] GC(28) Garbage Collection (Timer) 2556M(62%)->2560M(62%)
[8.782s][info][gc,start    ] GC(29) Garbage Collection (Timer)
[8.782s][info][gc,task     ] GC(29) Using 3 workers
[8.782s][info][gc,phases   ] GC(29) Pause Mark Start 0.006ms
[8.802s][info][gc,phases   ] GC(29) Concurrent Mark 19.328ms
[8.802s][info][gc,phases   ] GC(29) Pause Mark End 0.010ms
[8.802s][info][gc,phases   ] GC(29) Concurrent Mark Free 0.001ms
[8.803s][info][gc,phases   ] GC(29) Concurrent Process Non-Strong References 0.887ms
[8.803s][info][gc,phases   ] GC(29) Concurrent Reset Relocation Set 0.001ms
[8.805s][info][gc,phases   ] GC(29) Concurrent Select Relocation Set 2.221ms
[8.805s][info][gc,phases   ] GC(29) Pause Relocate Start 0.005ms
[8.807s][info][gc,phases   ] GC(29) Concurrent Relocate 1.933ms
[8.808s][info][gc,load     ] GC(29) Load: 0.00/0.00/0.00
[8.808s][info][gc,mmu      ] GC(29) MMU: 2ms/99.4%, 5ms/99.6%, 10ms/99.8%, 20ms/99.9%, 50ms/100.0%, 100ms/100.0%
[8.808s][info][gc,marking  ] GC(29) Mark: 2 stripe(s), 2 proactive flush(es), 1 terminate flush(es), 0 completion(s), 0 continuation(s) 
[8.808s][info][gc,marking  ] GC(29) Mark Stack Usage: 32M
[8.808s][info][gc,nmethod  ] GC(29) NMethods: 483 registered, 0 unregistered
[8.808s][info][gc,metaspace] GC(29) Metaspace: 1M used, 1M committed, 1088M reserved
[8.808s][info][gc,ref      ] GC(29) Soft: 181 encountered, 0 discovered, 0 enqueued
[8.808s][info][gc,ref      ] GC(29) Weak: 263 encountered, 211 discovered, 0 enqueued
[8.808s][info][gc,ref      ] GC(29) Final: 0 encountered, 0 discovered, 0 enqueued
[8.808s][info][gc,ref      ] GC(29) Phantom: 7 encountered, 2 discovered, 0 enqueued
[8.808s][info][gc,reloc    ] GC(29) Small Pages: 1312 / 2624M, Empty: 0M, Relocated: 5M, In-Place: 0
[8.808s][info][gc,reloc    ] GC(29) Medium Pages: 1 / 32M, Empty: 0M, Relocated: 0M, In-Place: 0
[8.808s][info][gc,reloc    ] GC(29) Large Pages: 0 / 0M, Empty: 0M, Relocated: 0M, In-Place: 0
[8.808s][info][gc,reloc    ] GC(29) Forwarding Usage: 0M
[8.808s][info][gc,heap     ] GC(29) Min Capacity: 4096M(100%)
[8.808s][info][gc,heap     ] GC(29) Max Capacity: 4096M(100%)
[8.808s][info][gc,heap     ] GC(29) Soft Max Capacity: 4096M(100%)
[8.808s][info][gc,heap     ] GC(29)                Mark Start          Mark End        Relocate Start      Relocate End           High               Low         
[8.808s][info][gc,heap     ] GC(29)  Capacity:     4096M (100%)       4096M (100%)       4096M (100%)       4096M (100%)       4096M (100%)       4096M (100%)   
[8.808s][info][gc,heap     ] GC(29)      Free:     1440M (35%)        1436M (35%)        1434M (35%)        1436M (35%)        1440M (35%)        1428M (35%)    
[8.808s][info][gc,heap     ] GC(29)      Used:     2656M (65%)        2660M (65%)        2662M (65%)        2660M (65%)        2668M (65%)        2656M (65%)    
[8.808s][info][gc,heap     ] GC(29)      Live:         -              2394M (58%)        2394M (58%)        2394M (58%)            -                  -          
[8.808s][info][gc,heap     ] GC(29) Allocated:         -                 4M (0%)            6M (0%)            5M (0%)             -                  -          
[8.808s][info][gc,heap     ] GC(29)   Garbage:         -               261M (6%)          261M (6%)          259M (6%)             -                  -          
[8.808s][info][gc,heap     ] GC(29) Reclaimed:         -                  -                 0M (0%)            1M (0%)             -                  -          
[8.808s][info][gc          ] GC(29) Garbage Collection (Timer) 2656M(65%)->2660M(65%)
[9.083s][info][gc,start    ] GC(30) Garbage Collection (Timer)
[9.083s][info][gc,task     ] GC(30) Using 3 workers
[9.083s][info][gc,phases   ] GC(30) Pause Mark Start 0.006ms
[9.101s][info][gc,phases   ] GC(30) Concurrent Mark 18.041ms
[9.101s][info][gc,phases   ] GC(30) Pause Mark End 0.009ms
[9.101s][info][gc,phases   ] GC(30) Concurrent Mark Free 0.001ms
[9.102s][info][gc,phases   ] GC(30) Concurrent Process Non-Strong References 0.898ms
[9.102s][info][gc,phases   ] GC(30) Concurrent Reset Relocation Set 0.001ms
[9.105s][info][gc,phases   ] GC(30) Concurrent Select Relocation Set 2.314ms
[9.105s][info][gc,phases   ] GC(30) Pause Relocate Start 0.004ms
[9.106s][info][gc,phases   ] GC(30) Concurrent Relocate 1.006ms
[9.106s][info][gc,load     ] GC(30) Load: 0.00/0.00/0.00
[9.106s][info][gc,mmu      ] GC(30) MMU: 2ms/99.4%, 5ms/99.6%, 10ms/99.8%, 20ms/99.9%, 50ms/100.0%, 100ms/100.0%
[9.106s][info][gc,marking  ] GC(30) Mark: 2 stripe(s), 2 proactive flush(es), 1 terminate flush(es), 0 completion(s), 0 continuation(s) 
[9.106s][info][gc,marking  ] GC(30) Mark Stack Usage: 32M
[9.106s][info][gc,nmethod  ] GC(30) NMethods: 483 registered, 0 unregistered
[9.106s][info][gc,metaspace] GC(30) Metaspace: 1M used, 1M committed, 1088M reserved
[9.106s][info][gc,ref      ] GC(30) Soft: 181 encountered, 0 discovered, 0 enqueued
[9.106s][info][gc,ref      ] GC(30) Weak: 263 encountered, 210 discovered, 0 enqueued
[9.106s][info][gc,ref      ] GC(30) Final: 0 encountered, 0 discovered, 0 enqueued
[9.106s][info][gc,ref      ] GC(30) Phantom: 7 encountered, 3 discovered, 0 enqueued
[9.106s][info][gc,reloc    ] GC(30) Small Pages: 1360 / 2720M, Empty: 0M, Relocated: 1M, In-Place: 0
[9.106s][info][gc,reloc    ] GC(30) Medium Pages: 1 / 32M, Empty: 0M, Relocated: 0M, In-Place: 0
[9.106s][info][gc,reloc    ] GC(30) Large Pages: 0 / 0M, Empty: 0M, Relocated: 0M, In-Place: 0
[9.106s][info][gc,reloc    ] GC(30) Forwarding Usage: 0M
[9.106s][info][gc,heap     ] GC(30) Min Capacity: 4096M(100%)
[9.106s][info][gc,heap     ] GC(30) Max Capacity: 4096M(100%)
[9.106s][info][gc,heap     ] GC(30) Soft Max Capacity: 4096M(100%)
[9.106s][info][gc,heap     ] GC(30)                Mark Start          Mark End        Relocate Start      Relocate End           High               Low         
[9.107s][info][gc,heap     ] GC(30)  Capacity:     4096M (100%)       4096M (100%)       4096M (100%)       4096M (100%)       4096M (100%)       4096M (100%)   
[9.107s][info][gc,heap     ] GC(30)      Free:     1344M (33%)        1340M (33%)        1340M (33%)        1340M (33%)        1344M (33%)        1334M (33%)    
[9.107s][info][gc,heap     ] GC(30)      Used:     2752M (67%)        2756M (67%)        2756M (67%)        2756M (67%)        2762M (67%)        2752M (67%)    
[9.107s][info][gc,heap     ] GC(30)      Live:         -              2482M (61%)        2482M (61%)        2482M (61%)            -                  -          
[9.107s][info][gc,heap     ] GC(30) Allocated:         -                 4M (0%)            4M (0%)            4M (0%)             -                  -          
[9.107s][info][gc,heap     ] GC(30)   Garbage:         -               269M (7%)          269M (7%)          269M (7%)             -                  -          
[9.107s][info][gc,heap     ] GC(30) Reclaimed:         -                  -                 0M (0%)            0M (0%)             -                  -          
[9.107s][info][gc          ] GC(30) Garbage Collection (Timer) 2752M(67%)->2756M(67%)
[9.383s][info][gc,start    ] GC(31) Garbage Collection (Timer)
[9.383s][info][gc,task     ] GC(31) Using 3 workers
[9.383s][info][gc,phases   ] GC(31) Pause Mark Start 0.006ms
[9.405s][info][gc,phases   ] GC(31) Concurrent Mark 22.176ms
[9.405s][info][gc,phases   ] GC(31) Pause Mark End 0.010ms
[9.406s][info][gc,phases   ] GC(31) Concurrent Mark Free 0.001ms
[9.406s][info][gc,phases   ] GC(31) Concurrent Process Non-Strong References 0.794ms
[9.406s][info][gc,phases   ] GC(31) Concurrent Reset Relocation Set 0.001ms
[9.409s][info][gc,phases   ] GC(31) Concurrent Select Relocation Set 2.179ms
[9.409s][info][gc,phases   ] GC(31) Pause Relocate Start 0.005ms
[9.410s][info][gc,phases   ] GC(31) Concurrent Relocate 1.034ms
[9.410s][info][gc,load     ] GC(31) Load: 0.00/0.00/0.00
[9.410s][info][gc,mmu      ] GC(31) MMU: 2ms/99.4%, 5ms/99.6%, 10ms/99.8%, 20ms/99.9%, 50ms/100.0%, 100ms/100.0%
[9.410s][info][gc,marking  ] GC(31) Mark: 2 stripe(s), 3 proactive flush(es), 1 terminate flush(es), 0 completion(s), 0 continuation(s) 
[9.410s][info][gc,marking  ] GC(31) Mark Stack Usage: 32M
[9.410s][info][gc,nmethod  ] GC(31) NMethods: 483 registered, 0 unregistered
[9.410s][info][gc,metaspace] GC(31) Metaspace: 1M used, 1M committed, 1088M reserved
[9.410s][info][gc,ref      ] GC(31) Soft: 181 encountered, 0 discovered, 0 enqueued
[9.410s][info][gc,ref      ] GC(31) Weak: 263 encountered, 0 discovered, 0 enqueued
[9.410s][info][gc,ref      ] GC(31) Final: 0 encountered, 0 discovered, 0 enqueued
[9.410s][info][gc,ref      ] GC(31) Phantom: 7 encountered, 3 discovered, 0 enqueued
[9.410s][info][gc,reloc    ] GC(31) Small Pages: 1414 / 2828M, Empty: 0M, Relocated: 1M, In-Place: 0
[9.410s][info][gc,reloc    ] GC(31) Medium Pages: 1 / 32M, Empty: 0M, Relocated: 0M, In-Place: 0
[9.410s][info][gc,reloc    ] GC(31) Large Pages: 0 / 0M, Empty: 0M, Relocated: 0M, In-Place: 0
[9.410s][info][gc,reloc    ] GC(31) Forwarding Usage: 0M
[9.410s][info][gc,heap     ] GC(31) Min Capacity: 4096M(100%)
[9.410s][info][gc,heap     ] GC(31) Max Capacity: 4096M(100%)
[9.410s][info][gc,heap     ] GC(31) Soft Max Capacity: 4096M(100%)
[9.410s][info][gc,heap     ] GC(31)                Mark Start          Mark End        Relocate Start      Relocate End           High               Low         
[9.410s][info][gc,heap     ] GC(31)  Capacity:     4096M (100%)       4096M (100%)       4096M (100%)       4096M (100%)       4096M (100%)       4096M (100%)   
[9.410s][info][gc,heap     ] GC(31)      Free:     1236M (30%)        1232M (30%)        1230M (30%)        1228M (30%)        1236M (30%)        1222M (30%)    
[9.410s][info][gc,heap     ] GC(31)      Used:     2860M (70%)        2864M (70%)        2866M (70%)        2868M (70%)        2874M (70%)        2860M (70%)    
[9.410s][info][gc,heap     ] GC(31)      Live:         -              2581M (63%)        2581M (63%)        2581M (63%)            -                  -          
[9.411s][info][gc,heap     ] GC(31) Allocated:         -                 4M (0%)            6M (0%)            8M (0%)             -                  -          
[9.411s][info][gc,heap     ] GC(31)   Garbage:         -               278M (7%)          278M (7%)          278M (7%)             -                  -          
[9.411s][info][gc,heap     ] GC(31) Reclaimed:         -                  -                 0M (0%)            0M (0%)             -                  -          
[9.411s][info][gc          ] GC(31) Garbage Collection (Timer) 2860M(70%)->2868M(70%)
[9.682s][info][gc,start    ] GC(32) Garbage Collection (Timer)
[9.682s][info][gc,task     ] GC(32) Using 3 workers
[9.682s][info][gc,phases   ] GC(32) Pause Mark Start 0.006ms
[9.705s][info][gc,phases   ] GC(32) Concurrent Mark 23.101ms
[9.705s][info][gc,phases   ] GC(32) Pause Mark End 0.010ms
[9.706s][info][gc,phases   ] GC(32) Concurrent Mark Free 0.001ms
[9.706s][info][gc,phases   ] GC(32) Concurrent Process Non-Strong References 0.725ms
[9.706s][info][gc,phases   ] GC(32) Concurrent Reset Relocation Set 0.001ms
[9.709s][info][gc,phases   ] GC(32) Concurrent Select Relocation Set 2.620ms
[9.709s][info][gc,phases   ] GC(32) Pause Relocate Start 0.008ms
[9.710s][info][gc,phases   ] GC(32) Concurrent Relocate 1.098ms
[9.710s][info][gc,load     ] GC(32) Load: 0.00/0.00/0.00
[9.711s][info][gc,mmu      ] GC(32) MMU: 2ms/99.4%, 5ms/99.6%, 10ms/99.8%, 20ms/99.9%, 50ms/100.0%, 100ms/100.0%
[9.711s][info][gc,marking  ] GC(32) Mark: 2 stripe(s), 2 proactive flush(es), 1 terminate flush(es), 0 completion(s), 0 continuation(s) 
[9.711s][info][gc,marking  ] GC(32) Mark Stack Usage: 32M
[9.711s][info][gc,nmethod  ] GC(32) NMethods: 483 registered, 0 unregistered
[9.711s][info][gc,metaspace] GC(32) Metaspace: 1M used, 1M committed, 1088M reserved
[9.711s][info][gc,ref      ] GC(32) Soft: 181 encountered, 0 discovered, 0 enqueued
[9.711s][info][gc,ref      ] GC(32) Weak: 263 encountered, 213 discovered, 0 enqueued
[9.711s][info][gc,ref      ] GC(32) Final: 0 encountered, 0 discovered, 0 enqueued
[9.711s][info][gc,ref      ] GC(32) Phantom: 7 encountered, 2 discovered, 0 enqueued
[9.711s][info][gc,reloc    ] GC(32) Small Pages: 1488 / 2976M, Empty: 0M, Relocated: 1M, In-Place: 0
[9.711s][info][gc,reloc    ] GC(32) Medium Pages: 1 / 32M, Empty: 0M, Relocated: 0M, In-Place: 0
[9.711s][info][gc,reloc    ] GC(32) Large Pages: 0 / 0M, Empty: 0M, Relocated: 0M, In-Place: 0
[9.711s][info][gc,reloc    ] GC(32) Forwarding Usage: 0M
[9.711s][info][gc,heap     ] GC(32) Min Capacity: 4096M(100%)
[9.711s][info][gc,heap     ] GC(32) Max Capacity: 4096M(100%)
[9.711s][info][gc,heap     ] GC(32) Soft Max Capacity: 4096M(100%)
[9.711s][info][gc,heap     ] GC(32)                Mark Start          Mark End        Relocate Start      Relocate End           High               Low         
[9.711s][info][gc,heap     ] GC(32)  Capacity:     4096M (100%)       4096M (100%)       4096M (100%)       4096M (100%)       4096M (100%)       4096M (100%)   
[9.711s][info][gc,heap     ] GC(32)      Free:     1088M (27%)        1086M (27%)        1084M (26%)        1084M (26%)        1088M (27%)        1078M (26%)    
[9.711s][info][gc,heap     ] GC(32)      Used:     3008M (73%)        3010M (73%)        3012M (74%)        3012M (74%)        3018M (74%)        3008M (73%)    
[9.711s][info][gc,heap     ] GC(32)      Live:         -              2716M (66%)        2716M (66%)        2716M (66%)            -                  -          
[9.711s][info][gc,heap     ] GC(32) Allocated:         -                 2M (0%)            4M (0%)            4M (0%)             -                  -          
[9.711s][info][gc,heap     ] GC(32)   Garbage:         -               291M (7%)          291M (7%)          291M (7%)             -                  -          
[9.711s][info][gc,heap     ] GC(32) Reclaimed:         -                  -                 0M (0%)            0M (0%)             -                  -          
[9.711s][info][gc          ] GC(32) Garbage Collection (Timer) 3008M(73%)->3012M(74%)
[9.983s][info][gc,start    ] GC(33) Garbage Collection (Timer)
[9.983s][info][gc,task     ] GC(33) Using 3 workers
[9.983s][info][gc,phases   ] GC(33) Pause Mark Start 0.005ms
[10.012s][info][gc,phases   ] GC(33) Concurrent Mark 29.514ms
[10.013s][info][gc,phases   ] GC(33) Pause Mark End 0.011ms
[10.013s][info][gc,phases   ] GC(33) Concurrent Mark Free 0.001ms
[10.014s][info][gc,phases   ] GC(33) Concurrent Process Non-Strong References 0.807ms
[10.014s][info][gc,phases   ] GC(33) Concurrent Reset Relocation Set 0.001ms
[10.016s][info][gc,phases   ] GC(33) Concurrent Select Relocation Set 2.056ms
[10.016s][info][gc,phases   ] GC(33) Pause Relocate Start 0.005ms
[10.017s][info][gc,phases   ] GC(33) Concurrent Relocate 0.749ms
[10.017s][info][gc,load     ] GC(33) Load: 0.00/0.00/0.00
[10.017s][info][gc,mmu      ] GC(33) MMU: 2ms/99.4%, 5ms/99.6%, 10ms/99.8%, 20ms/99.9%, 50ms/100.0%, 100ms/100.0%
[10.017s][info][gc,marking  ] GC(33) Mark: 2 stripe(s), 10 proactive flush(es), 1 terminate flush(es), 0 completion(s), 0 continuation(s) 
[10.017s][info][gc,marking  ] GC(33) Mark Stack Usage: 32M
[10.017s][info][gc,nmethod  ] GC(33) NMethods: 483 registered, 0 unregistered
[10.017s][info][gc,metaspace] GC(33) Metaspace: 1M used, 1M committed, 1088M reserved
[10.017s][info][gc,ref      ] GC(33) Soft: 181 encountered, 0 discovered, 0 enqueued
[10.017s][info][gc,ref      ] GC(33) Weak: 263 encountered, 210 discovered, 0 enqueued
[10.017s][info][gc,ref      ] GC(33) Final: 0 encountered, 0 discovered, 0 enqueued
[10.017s][info][gc,ref      ] GC(33) Phantom: 7 encountered, 4 discovered, 0 enqueued
[10.017s][info][gc,reloc    ] GC(33) Small Pages: 1500 / 3000M, Empty: 0M, Relocated: 1M, In-Place: 0
[10.017s][info][gc,reloc    ] GC(33) Medium Pages: 1 / 32M, Empty: 0M, Relocated: 0M, In-Place: 0
[10.017s][info][gc,reloc    ] GC(33) Large Pages: 0 / 0M, Empty: 0M, Relocated: 0M, In-Place: 0
[10.017s][info][gc,reloc    ] GC(33) Forwarding Usage: 0M
[10.017s][info][gc,heap     ] GC(33) Min Capacity: 4096M(100%)
[10.017s][info][gc,heap     ] GC(33) Max Capacity: 4096M(100%)
[10.017s][info][gc,heap     ] GC(33) Soft Max Capacity: 4096M(100%)
[10.017s][info][gc,heap     ] GC(33)                Mark Start          Mark End        Relocate Start      Relocate End           High               Low         
[10.017s][info][gc,heap     ] GC(33)  Capacity:     4096M (100%)       4096M (100%)       4096M (100%)       4096M (100%)       4096M (100%)       4096M (100%)   
[10.017s][info][gc,heap     ] GC(33)      Free:     1064M (26%)        1064M (26%)        1064M (26%)        1064M (26%)        1064M (26%)        1060M (26%)    
[10.017s][info][gc,heap     ] GC(33)      Used:     3032M (74%)        3032M (74%)        3032M (74%)        3032M (74%)        3036M (74%)        3032M (74%)    
[10.017s][info][gc,heap     ] GC(33)      Live:         -              2737M (67%)        2737M (67%)        2737M (67%)            -                  -          
[10.017s][info][gc,heap     ] GC(33) Allocated:         -                 0M (0%)            0M (0%)            0M (0%)             -                  -          
[10.017s][info][gc,heap     ] GC(33)   Garbage:         -               294M (7%)          294M (7%)          294M (7%)             -                  -          
[10.017s][info][gc,heap     ] GC(33) Reclaimed:         -                  -                 0M (0%)            0M (0%)             -                  -          
[10.017s][info][gc          ] GC(33) Garbage Collection (Timer) 3032M(74%)->3032M(74%)
[10.282s][info][gc,start    ] GC(34) Garbage Collection (Timer)
[10.282s][info][gc,task     ] GC(34) Using 3 workers
[10.282s][info][gc,phases   ] GC(34) Pause Mark Start 0.005ms
[10.283s][info][gc,stats    ] === Garbage Collection Statistics =======================================================================================================================
[10.283s][info][gc,stats    ]                                                              Last 10s              Last 10m              Last 10h                Total
[10.283s][info][gc,stats    ]                                                              Avg / Max             Avg / Max             Avg / Max             Avg / Max
[10.283s][info][gc,stats    ]   Collector: Garbage Collection Cycle                     24.059 / 37.892       24.059 / 37.892       24.059 / 37.892       24.059 / 37.892      ms
[10.283s][info][gc,stats    ]  Contention: Mark Segment Reset Contention                     2 / 4                 2 / 4                 2 / 4                 2 / 4           ops/s
[10.283s][info][gc,stats    ]  Contention: Mark SeqNum Reset Contention                      0 / 1                 0 / 1                 0 / 1                 0 / 1           ops/s
[10.283s][info][gc,stats    ]    Critical: Allocation Stall                                  0 / 0                 0 / 0                 0 / 0                 0 / 0           ops/s
[10.283s][info][gc,stats    ]    Critical: Allocation Stall                              0.000 / 0.000         0.000 / 0.000         0.000 / 0.000         0.000 / 0.000       ms
[10.283s][info][gc,stats    ]    Critical: GC Locker Stall                                   0 / 0                 0 / 0                 0 / 0                 0 / 0           ops/s
[10.283s][info][gc,stats    ]    Critical: GC Locker Stall                               0.000 / 0.000         0.000 / 0.000         0.000 / 0.000         0.000 / 0.000       ms
[10.283s][info][gc,stats    ]    Critical: Relocation Stall                                  0 / 0                 0 / 0                 0 / 0                 0 / 0           ops/s
[10.283s][info][gc,stats    ]    Critical: Relocation Stall                              0.000 / 0.000         0.000 / 0.000         0.000 / 0.000         0.000 / 0.000       ms
[10.283s][info][gc,stats    ]      Memory: Allocation Rate                                 311 / 612             311 / 612             311 / 612             311 / 612         MB/s
[10.283s][info][gc,stats    ]      Memory: Out Of Memory                                     0 / 0                 0 / 0                 0 / 0                 0 / 0           ops/s
[10.283s][info][gc,stats    ]      Memory: Page Cache Flush                                  0 / 0                 0 / 0                 0 / 0                 0 / 0           MB/s
[10.283s][info][gc,stats    ]      Memory: Page Cache Hit L1                                10 / 14               10 / 14               10 / 14               10 / 14          ops/s
[10.283s][info][gc,stats    ]      Memory: Page Cache Hit L2                                 0 / 0                 0 / 0                 0 / 0                 0 / 0           ops/s
[10.283s][info][gc,stats    ]      Memory: Page Cache Hit L3                               150 / 308             150 / 308             150 / 308             150 / 308         ops/s
[10.283s][info][gc,stats    ]      Memory: Page Cache Miss                                   0 / 1                 0 / 1                 0 / 1                 0 / 1           ops/s
[10.283s][info][gc,stats    ]      Memory: Uncommit                                          0 / 0                 0 / 0                 0 / 0                 0 / 0           MB/s
[10.283s][info][gc,stats    ]      Memory: Undo Object Allocation Failed                     0 / 0                 0 / 0                 0 / 0                 0 / 0           ops/s
[10.283s][info][gc,stats    ]      Memory: Undo Object Allocation Succeeded                  0 / 1                 0 / 1                 0 / 1                 0 / 1           ops/s
[10.283s][info][gc,stats    ]      Memory: Undo Page Allocation                              0 / 0                 0 / 0                 0 / 0                 0 / 0           ops/s
[10.283s][info][gc,stats    ]       Phase: Concurrent Mark                              18.686 / 33.105       18.686 / 33.105       18.686 / 33.105       18.686 / 33.105      ms
[10.283s][info][gc,stats    ]       Phase: Concurrent Mark Continue                      0.000 / 0.000         0.000 / 0.000         0.000 / 0.000         0.000 / 0.000       ms
[10.283s][info][gc,stats    ]       Phase: Concurrent Mark Free                          0.001 / 0.001         0.001 / 0.001         0.001 / 0.001         0.001 / 0.001       ms
[10.283s][info][gc,stats    ]       Phase: Concurrent Process Non-Strong References      0.763 / 0.983         0.763 / 0.983         0.763 / 0.983         0.763 / 0.983       ms
[10.283s][info][gc,stats    ]       Phase: Concurrent Relocate                           1.211 / 2.724         1.211 / 2.724         1.211 / 2.724         1.211 / 2.724       ms
[10.283s][info][gc,stats    ]       Phase: Concurrent Reset Relocation Set               0.001 / 0.001         0.001 / 0.001         0.001 / 0.001         0.001 / 0.001       ms
[10.283s][info][gc,stats    ]       Phase: Concurrent Select Relocation Set              2.466 / 9.291         2.466 / 9.291         2.466 / 9.291         2.466 / 9.291       ms
[10.283s][info][gc,stats    ]       Phase: Pause Mark End                                0.010 / 0.013         0.010 / 0.013         0.010 / 0.013         0.010 / 0.013       ms
[10.283s][info][gc,stats    ]       Phase: Pause Mark Start                              0.006 / 0.006         0.006 / 0.006         0.006 / 0.006         0.006 / 0.006       ms
[10.284s][info][gc,stats    ]       Phase: Pause Relocate Start                          0.005 / 0.008         0.005 / 0.008         0.005 / 0.008         0.005 / 0.008       ms
[10.284s][info][gc,stats    ]    Subphase: Concurrent Classes Purge                      0.102 / 0.137         0.102 / 0.137         0.102 / 0.137         0.102 / 0.137       ms
[10.284s][info][gc,stats    ]    Subphase: Concurrent Classes Unlink                     0.252 / 0.408         0.252 / 0.408         0.252 / 0.408         0.252 / 0.408       ms
[10.284s][info][gc,stats    ]    Subphase: Concurrent Mark                              17.629 / 32.580       17.629 / 32.580       17.629 / 32.580       17.629 / 32.580      ms
[10.284s][info][gc,stats    ]    Subphase: Concurrent Mark Try Flush                     0.243 / 7.655         0.243 / 7.655         0.243 / 7.655         0.243 / 7.655       ms
[10.284s][info][gc,stats    ]    Subphase: Concurrent Mark Try Terminate                 1.303 / 2.576         1.303 / 2.576         1.303 / 2.576         1.303 / 2.576       ms
[10.284s][info][gc,stats    ]    Subphase: Concurrent References Enqueue                 0.001 / 0.004         0.001 / 0.004         0.001 / 0.004         0.001 / 0.004       ms
[10.284s][info][gc,stats    ]    Subphase: Concurrent References Process                 0.110 / 0.170         0.110 / 0.170         0.110 / 0.170         0.110 / 0.170       ms
[10.284s][info][gc,stats    ]    Subphase: Concurrent Roots ClassLoaderDataGraph         0.048 / 0.211         0.048 / 0.211         0.048 / 0.211         0.048 / 0.211       ms
[10.284s][info][gc,stats    ]    Subphase: Concurrent Roots CodeCache                    0.000 / 0.000         0.000 / 0.000         0.000 / 0.000         0.000 / 0.000       ms
[10.284s][info][gc,stats    ]    Subphase: Concurrent Roots JavaThreads                  0.185 / 0.698         0.185 / 0.698         0.185 / 0.698         0.185 / 0.698       ms
[10.284s][info][gc,stats    ]    Subphase: Concurrent Roots OopStorageSet                0.009 / 0.051         0.009 / 0.051         0.009 / 0.051         0.009 / 0.051       ms
[10.284s][info][gc,stats    ]    Subphase: Concurrent Weak Roots OopStorageSet           0.103 / 0.190         0.103 / 0.190         0.103 / 0.190         0.103 / 0.190       ms
[10.284s][info][gc,stats    ]    Subphase: Pause Mark Try Complete                       0.000 / 0.000         0.000 / 0.000         0.000 / 0.000         0.000 / 0.000       ms
[10.284s][info][gc,stats    ]      System: Java Threads                                     13 / 14               13 / 14               13 / 14               13 / 14          threads
[10.284s][info][gc,stats    ] =========================================================================================================================================================
[10.305s][info][gc,phases   ] GC(34) Concurrent Mark 23.146ms
[10.305s][info][gc,phases   ] GC(34) Pause Mark End 0.010ms
[10.305s][info][gc,phases   ] GC(34) Concurrent Mark Free 0.001ms
[10.306s][info][gc,phases   ] GC(34) Concurrent Process Non-Strong References 0.867ms
[10.306s][info][gc,phases   ] GC(34) Concurrent Reset Relocation Set 0.001ms
[10.308s][info][gc,phases   ] GC(34) Concurrent Select Relocation Set 2.117ms
[10.308s][info][gc,phases   ] GC(34) Pause Relocate Start 0.004ms
[10.309s][info][gc,phases   ] GC(34) Concurrent Relocate 0.275ms
[10.309s][info][gc,load     ] GC(34) Load: 0.00/0.00/0.00
[10.309s][info][gc,mmu      ] GC(34) MMU: 2ms/99.4%, 5ms/99.6%, 10ms/99.8%, 20ms/99.9%, 50ms/100.0%, 100ms/100.0%
[10.309s][info][gc,marking  ] GC(34) Mark: 2 stripe(s), 5 proactive flush(es), 1 terminate flush(es), 0 completion(s), 0 continuation(s) 
[10.309s][info][gc,marking  ] GC(34) Mark Stack Usage: 32M
[10.309s][info][gc,nmethod  ] GC(34) NMethods: 483 registered, 0 unregistered
[10.309s][info][gc,metaspace] GC(34) Metaspace: 1M used, 1M committed, 1088M reserved
[10.309s][info][gc,ref      ] GC(34) Soft: 181 encountered, 0 discovered, 0 enqueued
[10.309s][info][gc,ref      ] GC(34) Weak: 263 encountered, 210 discovered, 0 enqueued
[10.309s][info][gc,ref      ] GC(34) Final: 0 encountered, 0 discovered, 0 enqueued
[10.309s][info][gc,ref      ] GC(34) Phantom: 7 encountered, 3 discovered, 0 enqueued
[10.309s][info][gc,reloc    ] GC(34) Small Pages: 1500 / 3000M, Empty: 0M, Relocated: 1M, In-Place: 0
[10.309s][info][gc,reloc    ] GC(34) Medium Pages: 1 / 32M, Empty: 0M, Relocated: 0M, In-Place: 0
[10.309s][info][gc,reloc    ] GC(34) Large Pages: 0 / 0M, Empty: 0M, Relocated: 0M, In-Place: 0
[10.309s][info][gc,reloc    ] GC(34) Forwarding Usage: 0M
[10.309s][info][gc,heap     ] GC(34) Min Capacity: 4096M(100%)
[10.309s][info][gc,heap     ] GC(34) Max Capacity: 4096M(100%)
[10.309s][info][gc,heap     ] GC(34) Soft Max Capacity: 4096M(100%)
[10.309s][info][gc,heap     ] GC(34)                Mark Start          Mark End        Relocate Start      Relocate End           High               Low         
[10.309s][info][gc,heap     ] GC(34)  Capacity:     4096M (100%)       4096M (100%)       4096M (100%)       4096M (100%)       4096M (100%)       4096M (100%)   
[10.309s][info][gc,heap     ] GC(34)      Free:     1064M (26%)        1064M (26%)        1064M (26%)        1064M (26%)        1064M (26%)        1058M (26%)    
[10.309s][info][gc,heap     ] GC(34)      Used:     3032M (74%)        3032M (74%)        3032M (74%)        3032M (74%)        3038M (74%)        3032M (74%)    
[10.309s][info][gc,heap     ] GC(34)      Live:         -              2737M (67%)        2737M (67%)        2737M (67%)            -                  -          
[10.309s][info][gc,heap     ] GC(34) Allocated:         -                 0M (0%)            0M (0%)            0M (0%)             -                  -          
[10.309s][info][gc,heap     ] GC(34)   Garbage:         -               294M (7%)          294M (7%)          294M (7%)             -                  -          
[10.309s][info][gc,heap     ] GC(34) Reclaimed:         -                  -                 0M (0%)            0M (0%)             -                  -          
[10.309s][info][gc          ] GC(34) Garbage Collection (Timer) 3032M(74%)->3032M(74%)
[10.583s][info][gc,start    ] GC(35) Garbage Collection (Timer)
[10.583s][info][gc,task     ] GC(35) Using 3 workers
[10.583s][info][gc,phases   ] GC(35) Pause Mark Start 0.006ms
[10.610s][info][gc,phases   ] GC(35) Concurrent Mark 26.770ms
[10.610s][info][gc,phases   ] GC(35) Pause Mark End 0.010ms
[10.610s][info][gc,phases   ] GC(35) Concurrent Mark Free 0.001ms
[10.611s][info][gc,phases   ] GC(35) Concurrent Process Non-Strong References 0.628ms
[10.611s][info][gc,phases   ] GC(35) Concurrent Reset Relocation Set 0.001ms
[10.613s][info][gc,phases   ] GC(35) Concurrent Select Relocation Set 2.109ms
[10.613s][info][gc,phases   ] GC(35) Pause Relocate Start 0.006ms
[10.613s][info][gc,phases   ] GC(35) Concurrent Relocate 0.203ms
[10.613s][info][gc,load     ] GC(35) Load: 0.00/0.00/0.00
[10.613s][info][gc,mmu      ] GC(35) MMU: 2ms/99.4%, 5ms/99.6%, 10ms/99.8%, 20ms/99.9%, 50ms/100.0%, 100ms/100.0%
[10.613s][info][gc,marking  ] GC(35) Mark: 2 stripe(s), 9 proactive flush(es), 1 terminate flush(es), 0 completion(s), 0 continuation(s) 
[10.613s][info][gc,marking  ] GC(35) Mark Stack Usage: 32M
[10.613s][info][gc,nmethod  ] GC(35) NMethods: 483 registered, 0 unregistered
[10.613s][info][gc,metaspace] GC(35) Metaspace: 1M used, 1M committed, 1088M reserved
[10.613s][info][gc,ref      ] GC(35) Soft: 181 encountered, 0 discovered, 0 enqueued
[10.613s][info][gc,ref      ] GC(35) Weak: 263 encountered, 0 discovered, 0 enqueued
[10.613s][info][gc,ref      ] GC(35) Final: 0 encountered, 0 discovered, 0 enqueued
[10.614s][info][gc,ref      ] GC(35) Phantom: 7 encountered, 3 discovered, 0 enqueued
[10.614s][info][gc,reloc    ] GC(35) Small Pages: 1500 / 3000M, Empty: 0M, Relocated: 1M, In-Place: 0
[10.614s][info][gc,reloc    ] GC(35) Medium Pages: 1 / 32M, Empty: 0M, Relocated: 0M, In-Place: 0
[10.614s][info][gc,reloc    ] GC(35) Large Pages: 0 / 0M, Empty: 0M, Relocated: 0M, In-Place: 0
[10.614s][info][gc,reloc    ] GC(35) Forwarding Usage: 0M
[10.614s][info][gc,heap     ] GC(35) Min Capacity: 4096M(100%)
[10.614s][info][gc,heap     ] GC(35) Max Capacity: 4096M(100%)
[10.614s][info][gc,heap     ] GC(35) Soft Max Capacity: 4096M(100%)
[10.614s][info][gc,heap     ] GC(35)                Mark Start          Mark End        Relocate Start      Relocate End           High               Low         
[10.614s][info][gc,heap     ] GC(35)  Capacity:     4096M (100%)       4096M (100%)       4096M (100%)       4096M (100%)       4096M (100%)       4096M (100%)   
[10.614s][info][gc,heap     ] GC(35)      Free:     1064M (26%)        1064M (26%)        1064M (26%)        1064M (26%)        1064M (26%)        1058M (26%)    
[10.614s][info][gc,heap     ] GC(35)      Used:     3032M (74%)        3032M (74%)        3032M (74%)        3032M (74%)        3038M (74%)        3032M (74%)    
[10.614s][info][gc,heap     ] GC(35)      Live:         -              2737M (67%)        2737M (67%)        2737M (67%)            -                  -          
[10.614s][info][gc,heap     ] GC(35) Allocated:         -                 0M (0%)            0M (0%)            0M (0%)             -                  -          
[10.614s][info][gc,heap     ] GC(35)   Garbage:         -               294M (7%)          294M (7%)          294M (7%)             -                  -          
[10.614s][info][gc,heap     ] GC(35) Reclaimed:         -                  -                 0M (0%)            0M (0%)             -                  -          
[10.614s][info][gc          ] GC(35) Garbage Collection (Timer) 3032M(74%)->3032M(74%)
[10.757s][info][gc,heap,exit] Heap
[10.758s][info][gc,heap,exit]  ZHeap           used 3036M, capacity 4096M, max capacity 4096M
[10.758s][info][gc,heap,exit]  Metaspace       used 1599K, committed 1792K, reserved 1114112K
[10.758s][info][gc,heap,exit]   class space    used 147K, committed 256K, reserved 1048576K
