[0.022s][info][gc,init] Initializing The Z Garbage Collector
[0.022s][info][gc,init] Version: 17.0.11+1-LTS (release)
[0.022s][info][gc,init] NUMA Support: Disabled
[0.022s][info][gc,init] CPUs: 12 total, 12 available
[0.022s][info][gc,init] Memory: 24496M
[0.022s][info][gc,init] Large Page Support: Disabled
[0.023s][info][gc,init] GC Workers: 3 (dynamic)
[0.023s][info][gc,init] Address Space Type: Contiguous/Unrestricted/Complete
[0.023s][info][gc,init] Address Space Size: 65536M x 3 = 196608M
[0.023s][info][gc,init] Min Capacity: 4096M
[0.023s][info][gc,init] Initial Capacity: 4096M
[0.025s][info][gc,init] Max Capacity: 4096M
[0.025s][info][gc,init] Medium Page Size: 32M
[0.025s][info][gc,init] Pre-touch: Disabled
[0.026s][info][gc,init] Uncommit: Implicitly Disabled (-Xms equals -Xmx)
[0.251s][info][gc,init] Runtime Workers: 8
[0.252s][info][gc     ] Using The Z Garbage Collector
[0.262s][info][gc,metaspace] CDS archive(s) mapped at: [0x0000016580000000-0x0000016580bc0000-0x0000016580bc0000), size 12320768, SharedBaseAddress: 0x0000016580000000, ArchiveRelocationMode: 1.
[0.262s][info][gc,metaspace] Compressed class space mapped at: 0x0000016581000000-0x00000165c1000000, reserved size: 1073741824
[0.262s][info][gc,metaspace] Narrow klass base: 0x0000016580000000, Narrow klass shift: 0, Narrow klass range: 0x100000000
[0.393s][info][gc,start    ] GC(0) Garbage Collection (Timer)
[0.393s][info][gc,task     ] GC(0) Using 3 workers
[0.393s][info][gc,phases   ] GC(0) Pause Mark Start 0.006ms
[0.397s][info][gc,phases   ] GC(0) Concurrent Mark 3.678ms
[0.397s][info][gc,phases   ] GC(0) Pause Mark End 0.012ms
[0.397s][info][gc,phases   ] GC(0) Concurrent Mark Free 0.001ms
[0.398s][info][gc,phases   ] GC(0) Concurrent Process Non-Strong References 0.488ms
[0.398s][info][gc,phases   ] GC(0) Concurrent Reset Relocation Set 0.001ms
[0.407s][info][gc,phases   ] GC(0) Concurrent Select Relocation Set 9.065ms
[0.407s][info][gc,phases   ] GC(0) Pause Relocate Start 0.006ms
[0.408s][info][gc,phases   ] GC(0) Concurrent Relocate 1.467ms
[0.408s][info][gc,load     ] GC(0) Load: 0.00/0.00/0.00
[0.408s][info][gc,mmu      ] GC(0) MMU: 2ms/99.4%, 5ms/99.6%, 10ms/99.8%, 20ms/99.9%, 50ms/100.0%, 100ms/100.0%
[0.408s][info][gc,marking  ] GC(0) Mark: 2 stripe(s), 1 proactive flush(es), 1 terminate flush(es), 0 completion(s), 0 continuation(s) 
[0.409s][info][gc,marking  ] GC(0) Mark Stack Usage: 32M
[0.409s][info][gc,nmethod  ] GC(0) NMethods: 155 registered, 0 unregistered
[0.409s][info][gc,metaspace] GC(0) Metaspace: 0M used, 0M committed, 1088M reserved
[0.409s][info][gc,ref      ] GC(0) Soft: 36 encountered, 0 discovered, 0 enqueued
[0.409s][info][gc,ref      ] GC(0) Weak: 103 encountered, 20 discovered, 18 enqueued
[0.409s][info][gc,ref      ] GC(0) Final: 0 encountered, 0 discovered, 0 enqueued
[0.409s][info][gc,ref      ] GC(0) Phantom: 16 encountered, 14 discovered, 13 enqueued
[0.409s][info][gc,reloc    ] GC(0) Small Pages: 3 / 6M, Empty: 0M, Relocated: 1M, In-Place: 0
[0.409s][info][gc,reloc    ] GC(0) Medium Pages: 0 / 0M, Empty: 0M, Relocated: 0M, In-Place: 0
[0.409s][info][gc,reloc    ] GC(0) Large Pages: 0 / 0M, Empty: 0M, Relocated: 0M, In-Place: 0
[0.409s][info][gc,reloc    ] GC(0) Forwarding Usage: 0M
[0.409s][info][gc,heap     ] GC(0) Min Capacity: 4096M(100%)
[0.409s][info][gc,heap     ] GC(0) Max Capacity: 4096M(100%)
[0.409s][info][gc,heap     ] GC(0) Soft Max Capacity: 4096M(100%)
[0.409s][info][gc,heap     ] GC(0)                Mark Start          Mark End        Relocate Start      Relocate End           High               Low         
[0.409s][info][gc,heap     ] GC(0)  Capacity:     4096M (100%)       4096M (100%)       4096M (100%)       4096M (100%)       4096M (100%)       4096M (100%)   
[0.409s][info][gc,heap     ] GC(0)      Free:     4090M (100%)       4090M (100%)       4090M (100%)       4092M (100%)       4092M (100%)       4086M (100%)   
[0.409s][info][gc,heap     ] GC(0)      Used:        6M (0%)            6M (0%)            6M (0%)            4M (0%)           10M (0%)            4M (0%)     
[0.409s][info][gc,heap     ] GC(0)      Live:         -                 1M (0%)            1M (0%)            1M (0%)             -                  -          
[0.409s][info][gc,heap     ] GC(0) Allocated:         -                 0M (0%)            0M (0%)            0M (0%)             -                  -          
[0.409s][info][gc,heap     ] GC(0)   Garbage:         -                 4M (0%)            4M (0%)            2M (0%)             -                  -          
[0.409s][info][gc,heap     ] GC(0) Reclaimed:         -                  -                 0M (0%)            2M (0%)             -                  -          
[0.409s][info][gc          ] GC(0) Garbage Collection (Timer) 6M(0%)->4M(0%)
[0.685s][info][gc,start    ] GC(1) Garbage Collection (Timer)
[0.685s][info][gc,task     ] GC(1) Using 3 workers
[0.685s][info][gc,phases   ] GC(1) Pause Mark Start 0.006ms
[0.702s][info][gc,phases   ] GC(1) Concurrent Mark 16.398ms
[0.702s][info][gc,phases   ] GC(1) Pause Mark End 0.009ms
[0.702s][info][gc,phases   ] GC(1) Concurrent Mark Free 0.001ms
[0.703s][info][gc,phases   ] GC(1) Concurrent Process Non-Strong References 0.773ms
[0.703s][info][gc,phases   ] GC(1) Concurrent Reset Relocation Set 0.001ms
[0.705s][info][gc,phases   ] GC(1) Concurrent Select Relocation Set 2.250ms
[0.705s][info][gc,phases   ] GC(1) Pause Relocate Start 0.005ms
[0.707s][info][gc,phases   ] GC(1) Concurrent Relocate 1.509ms
[0.707s][info][gc,load     ] GC(1) Load: 0.00/0.00/0.00
[0.707s][info][gc,mmu      ] GC(1) MMU: 2ms/99.4%, 5ms/99.6%, 10ms/99.8%, 20ms/99.9%, 50ms/100.0%, 100ms/100.0%
[0.707s][info][gc,marking  ] GC(1) Mark: 2 stripe(s), 3 proactive flush(es), 1 terminate flush(es), 0 completion(s), 0 continuation(s) 
[0.707s][info][gc,marking  ] GC(1) Mark Stack Usage: 32M
[0.707s][info][gc,nmethod  ] GC(1) NMethods: 296 registered, 0 unregistered
[0.707s][info][gc,metaspace] GC(1) Metaspace: 0M used, 0M committed, 1088M reserved
[0.707s][info][gc,ref      ] GC(1) Soft: 72 encountered, 0 discovered, 0 enqueued
[0.707s][info][gc,ref      ] GC(1) Weak: 177 encountered, 32 discovered, 23 enqueued
[0.707s][info][gc,ref      ] GC(1) Final: 0 encountered, 0 discovered, 0 enqueued
[0.707s][info][gc,ref      ] GC(1) Phantom: 13 encountered, 11 discovered, 6 enqueued
[0.707s][info][gc,reloc    ] GC(1) Small Pages: 126 / 252M, Empty: 0M, Relocated: 1M, In-Place: 0
[0.707s][info][gc,reloc    ] GC(1) Medium Pages: 0 / 0M, Empty: 0M, Relocated: 0M, In-Place: 0
[0.707s][info][gc,reloc    ] GC(1) Large Pages: 0 / 0M, Empty: 0M, Relocated: 0M, In-Place: 0
[0.707s][info][gc,reloc    ] GC(1) Forwarding Usage: 0M
[0.707s][info][gc,heap     ] GC(1) Min Capacity: 4096M(100%)
[0.707s][info][gc,heap     ] GC(1) Max Capacity: 4096M(100%)
[0.708s][info][gc,heap     ] GC(1) Soft Max Capacity: 4096M(100%)
[0.708s][info][gc,heap     ] GC(1)                Mark Start          Mark End        Relocate Start      Relocate End           High               Low         
[0.708s][info][gc,heap     ] GC(1)  Capacity:     4096M (100%)       4096M (100%)       4096M (100%)       4096M (100%)       4096M (100%)       4096M (100%)   
[0.708s][info][gc,heap     ] GC(1)      Free:     3844M (94%)        3838M (94%)        3836M (94%)        3836M (94%)        3844M (94%)        3832M (94%)    
[0.708s][info][gc,heap     ] GC(1)      Used:      252M (6%)          258M (6%)          260M (6%)          260M (6%)          264M (6%)          252M (6%)     
[0.708s][info][gc,heap     ] GC(1)      Live:         -               223M (5%)          223M (5%)          223M (5%)             -                  -          
[0.708s][info][gc,heap     ] GC(1) Allocated:         -                 6M (0%)            8M (0%)            9M (0%)             -                  -          
[0.708s][info][gc,heap     ] GC(1)   Garbage:         -                28M (1%)           28M (1%)           26M (1%)             -                  -          
[0.708s][info][gc,heap     ] GC(1) Reclaimed:         -                  -                 0M (0%)            1M (0%)             -                  -          
[0.708s][info][gc          ] GC(1) Garbage Collection (Timer) 252M(6%)->260M(6%)
[0.886s][info][gc,start    ] GC(2) Garbage Collection (Warmup)
[0.886s][info][gc,task     ] GC(2) Using 3 workers
[0.886s][info][gc,phases   ] GC(2) Pause Mark Start 0.007ms
[0.906s][info][gc,phases   ] GC(2) Concurrent Mark 19.735ms
[0.906s][info][gc,phases   ] GC(2) Pause Mark End 0.009ms
[0.906s][info][gc,phases   ] GC(2) Concurrent Mark Free 0.001ms
[0.906s][info][gc,phases   ] GC(2) Concurrent Process Non-Strong References 0.451ms
[0.906s][info][gc,phases   ] GC(2) Concurrent Reset Relocation Set 0.001ms
[0.910s][info][gc,phases   ] GC(2) Concurrent Select Relocation Set 3.129ms
[0.910s][info][gc,phases   ] GC(2) Pause Relocate Start 0.006ms
[0.911s][info][gc,phases   ] GC(2) Concurrent Relocate 1.562ms
[0.911s][info][gc,load     ] GC(2) Load: 0.00/0.00/0.00
[0.911s][info][gc,mmu      ] GC(2) MMU: 2ms/99.4%, 5ms/99.6%, 10ms/99.8%, 20ms/99.9%, 50ms/100.0%, 100ms/100.0%
[0.911s][info][gc,marking  ] GC(2) Mark: 2 stripe(s), 2 proactive flush(es), 1 terminate flush(es), 0 completion(s), 0 continuation(s) 
[0.911s][info][gc,marking  ] GC(2) Mark Stack Usage: 32M
[0.912s][info][gc,nmethod  ] GC(2) NMethods: 296 registered, 0 unregistered
[0.912s][info][gc,metaspace] GC(2) Metaspace: 0M used, 0M committed, 1088M reserved
[0.912s][info][gc,ref      ] GC(2) Soft: 72 encountered, 0 discovered, 0 enqueued
[0.912s][info][gc,ref      ] GC(2) Weak: 154 encountered, 112 discovered, 0 enqueued
[0.912s][info][gc,ref      ] GC(2) Final: 0 encountered, 0 discovered, 0 enqueued
[0.912s][info][gc,ref      ] GC(2) Phantom: 7 encountered, 5 discovered, 0 enqueued
[0.912s][info][gc,reloc    ] GC(2) Small Pages: 211 / 422M, Empty: 0M, Relocated: 1M, In-Place: 0
[0.912s][info][gc,reloc    ] GC(2) Medium Pages: 0 / 0M, Empty: 0M, Relocated: 0M, In-Place: 0
[0.912s][info][gc,reloc    ] GC(2) Large Pages: 0 / 0M, Empty: 0M, Relocated: 0M, In-Place: 0
[0.912s][info][gc,reloc    ] GC(2) Forwarding Usage: 0M
[0.912s][info][gc,heap     ] GC(2) Min Capacity: 4096M(100%)
[0.912s][info][gc,heap     ] GC(2) Max Capacity: 4096M(100%)
[0.912s][info][gc,heap     ] GC(2) Soft Max Capacity: 4096M(100%)
[0.912s][info][gc,heap     ] GC(2)                Mark Start          Mark End        Relocate Start      Relocate End           High               Low         
[0.912s][info][gc,heap     ] GC(2)  Capacity:     4096M (100%)       4096M (100%)       4096M (100%)       4096M (100%)       4096M (100%)       4096M (100%)   
[0.912s][info][gc,heap     ] GC(2)      Free:     3674M (90%)        3670M (90%)        3668M (90%)        3668M (90%)        3674M (90%)        3664M (89%)    
[0.912s][info][gc,heap     ] GC(2)      Used:      422M (10%)         426M (10%)         428M (10%)         428M (10%)         432M (11%)         422M (10%)    
[0.912s][info][gc,heap     ] GC(2)      Live:         -               379M (9%)          379M (9%)          379M (9%)             -                  -          
[0.912s][info][gc,heap     ] GC(2) Allocated:         -                 4M (0%)            6M (0%)            6M (0%)             -                  -          
[0.912s][info][gc,heap     ] GC(2)   Garbage:         -                42M (1%)           42M (1%)           42M (1%)             -                  -          
[0.912s][info][gc,heap     ] GC(2) Reclaimed:         -                  -                 0M (0%)            0M (0%)             -                  -          
[0.912s][info][gc          ] GC(2) Garbage Collection (Warmup) 422M(10%)->428M(10%)
[1.184s][info][gc,start    ] GC(3) Garbage Collection (Timer)
[1.184s][info][gc,task     ] GC(3) Using 3 workers
[1.184s][info][gc,phases   ] GC(3) Pause Mark Start 0.006ms
[1.213s][info][gc,phases   ] GC(3) Concurrent Mark 28.340ms
[1.213s][info][gc,phases   ] GC(3) Pause Mark End 0.009ms
[1.213s][info][gc,phases   ] GC(3) Concurrent Mark Free 0.001ms
[1.214s][info][gc,phases   ] GC(3) Concurrent Process Non-Strong References 0.624ms
[1.214s][info][gc,phases   ] GC(3) Concurrent Reset Relocation Set 0.001ms
[1.216s][info][gc,phases   ] GC(3) Concurrent Select Relocation Set 2.366ms
[1.216s][info][gc,phases   ] GC(3) Pause Relocate Start 0.005ms
[1.218s][info][gc,phases   ] GC(3) Concurrent Relocate 1.891ms
[1.218s][info][gc,load     ] GC(3) Load: 0.00/0.00/0.00
[1.218s][info][gc,mmu      ] GC(3) MMU: 2ms/99.4%, 5ms/99.6%, 10ms/99.8%, 20ms/99.9%, 50ms/100.0%, 100ms/100.0%
[1.218s][info][gc,marking  ] GC(3) Mark: 2 stripe(s), 9 proactive flush(es), 1 terminate flush(es), 0 completion(s), 0 continuation(s) 
[1.218s][info][gc,marking  ] GC(3) Mark Stack Usage: 32M
[1.218s][info][gc,nmethod  ] GC(3) NMethods: 376 registered, 0 unregistered
[1.218s][info][gc,metaspace] GC(3) Metaspace: 1M used, 1M committed, 1088M reserved
[1.218s][info][gc,ref      ] GC(3) Soft: 118 encountered, 0 discovered, 0 enqueued
[1.218s][info][gc,ref      ] GC(3) Weak: 175 encountered, 97 discovered, 5 enqueued
[1.218s][info][gc,ref      ] GC(3) Final: 0 encountered, 0 discovered, 0 enqueued
[1.218s][info][gc,ref      ] GC(3) Phantom: 12 encountered, 6 discovered, 5 enqueued
[1.219s][info][gc,reloc    ] GC(3) Small Pages: 307 / 614M, Empty: 0M, Relocated: 3M, In-Place: 0
[1.219s][info][gc,reloc    ] GC(3) Medium Pages: 0 / 0M, Empty: 0M, Relocated: 0M, In-Place: 0
[1.219s][info][gc,reloc    ] GC(3) Large Pages: 0 / 0M, Empty: 0M, Relocated: 0M, In-Place: 0
[1.219s][info][gc,reloc    ] GC(3) Forwarding Usage: 0M
[1.219s][info][gc,heap     ] GC(3) Min Capacity: 4096M(100%)
[1.219s][info][gc,heap     ] GC(3) Max Capacity: 4096M(100%)
[1.219s][info][gc,heap     ] GC(3) Soft Max Capacity: 4096M(100%)
[1.219s][info][gc,heap     ] GC(3)                Mark Start          Mark End        Relocate Start      Relocate End           High               Low         
[1.219s][info][gc,heap     ] GC(3)  Capacity:     4096M (100%)       4096M (100%)       4096M (100%)       4096M (100%)       4096M (100%)       4096M (100%)   
[1.219s][info][gc,heap     ] GC(3)      Free:     3482M (85%)        3482M (85%)        3482M (85%)        3488M (85%)        3488M (85%)        3480M (85%)    
[1.219s][info][gc,heap     ] GC(3)      Used:      614M (15%)         614M (15%)         614M (15%)         608M (15%)         616M (15%)         608M (15%)    
[1.219s][info][gc,heap     ] GC(3)      Live:         -               552M (13%)         552M (13%)         552M (13%)            -                  -          
[1.219s][info][gc,heap     ] GC(3) Allocated:         -                 0M (0%)            0M (0%)            0M (0%)             -                  -          
[1.219s][info][gc,heap     ] GC(3)   Garbage:         -                61M (2%)           61M (2%)           55M (1%)             -                  -          
[1.219s][info][gc,heap     ] GC(3) Reclaimed:         -                  -                 0M (0%)            6M (0%)             -                  -          
[1.219s][info][gc          ] GC(3) Garbage Collection (Timer) 614M(15%)->608M(15%)
[1.485s][info][gc,start    ] GC(4) Garbage Collection (Timer)
[1.485s][info][gc,task     ] GC(4) Using 3 workers
[1.485s][info][gc,phases   ] GC(4) Pause Mark Start 0.005ms
[1.500s][info][gc,phases   ] GC(4) Concurrent Mark 15.460ms
[1.500s][info][gc,phases   ] GC(4) Pause Mark End 0.009ms
[1.500s][info][gc,phases   ] GC(4) Concurrent Mark Free 0.001ms
[1.501s][info][gc,phases   ] GC(4) Concurrent Process Non-Strong References 0.938ms
[1.501s][info][gc,phases   ] GC(4) Concurrent Reset Relocation Set 0.001ms
[1.504s][info][gc,phases   ] GC(4) Concurrent Select Relocation Set 2.129ms
[1.504s][info][gc,phases   ] GC(4) Pause Relocate Start 0.006ms
[1.505s][info][gc,phases   ] GC(4) Concurrent Relocate 1.051ms
[1.505s][info][gc,load     ] GC(4) Load: 0.00/0.00/0.00
[1.505s][info][gc,mmu      ] GC(4) MMU: 2ms/99.4%, 5ms/99.6%, 10ms/99.8%, 20ms/99.9%, 50ms/100.0%, 100ms/100.0%
[1.505s][info][gc,marking  ] GC(4) Mark: 2 stripe(s), 2 proactive flush(es), 1 terminate flush(es), 0 completion(s), 0 continuation(s) 
[1.505s][info][gc,marking  ] GC(4) Mark Stack Usage: 32M
[1.505s][info][gc,nmethod  ] GC(4) NMethods: 376 registered, 0 unregistered
[1.505s][info][gc,metaspace] GC(4) Metaspace: 1M used, 1M committed, 1088M reserved
[1.505s][info][gc,ref      ] GC(4) Soft: 118 encountered, 0 discovered, 0 enqueued
[1.505s][info][gc,ref      ] GC(4) Weak: 170 encountered, 89 discovered, 0 enqueued
[1.505s][info][gc,ref      ] GC(4) Final: 0 encountered, 0 discovered, 0 enqueued
[1.505s][info][gc,ref      ] GC(4) Phantom: 7 encountered, 3 discovered, 0 enqueued
[1.505s][info][gc,reloc    ] GC(4) Small Pages: 304 / 608M, Empty: 0M, Relocated: 3M, In-Place: 0
[1.505s][info][gc,reloc    ] GC(4) Medium Pages: 0 / 0M, Empty: 0M, Relocated: 0M, In-Place: 0
[1.505s][info][gc,reloc    ] GC(4) Large Pages: 0 / 0M, Empty: 0M, Relocated: 0M, In-Place: 0
[1.505s][info][gc,reloc    ] GC(4) Forwarding Usage: 0M
[1.505s][info][gc,heap     ] GC(4) Min Capacity: 4096M(100%)
[1.505s][info][gc,heap     ] GC(4) Max Capacity: 4096M(100%)
[1.505s][info][gc,heap     ] GC(4) Soft Max Capacity: 4096M(100%)
[1.505s][info][gc,heap     ] GC(4)                Mark Start          Mark End        Relocate Start      Relocate End           High               Low         
[1.505s][info][gc,heap     ] GC(4)  Capacity:     4096M (100%)       4096M (100%)       4096M (100%)       4096M (100%)       4096M (100%)       4096M (100%)   
[1.505s][info][gc,heap     ] GC(4)      Free:     3488M (85%)        3488M (85%)        3488M (85%)        3488M (85%)        3488M (85%)        3482M (85%)    
[1.506s][info][gc,heap     ] GC(4)      Used:      608M (15%)         608M (15%)         608M (15%)         608M (15%)         614M (15%)         608M (15%)    
[1.506s][info][gc,heap     ] GC(4)      Live:         -               552M (13%)         552M (13%)         552M (13%)            -                  -          
[1.506s][info][gc,heap     ] GC(4) Allocated:         -                 0M (0%)            0M (0%)            0M (0%)             -                  -          
[1.506s][info][gc,heap     ] GC(4)   Garbage:         -                55M (1%)           55M (1%)           55M (1%)             -                  -          
[1.506s][info][gc,heap     ] GC(4) Reclaimed:         -                  -                 0M (0%)            0M (0%)             -                  -          
[1.506s][info][gc          ] GC(4) Garbage Collection (Timer) 608M(15%)->608M(15%)
[1.785s][info][gc,start    ] GC(5) Garbage Collection (Timer)
[1.785s][info][gc,task     ] GC(5) Using 3 workers
[1.785s][info][gc,phases   ] GC(5) Pause Mark Start 0.005ms
[1.793s][info][gc,phases   ] GC(5) Concurrent Mark 7.665ms
[1.793s][info][gc,phases   ] GC(5) Pause Mark End 0.010ms
[1.793s][info][gc,phases   ] GC(5) Concurrent Mark Free 0.001ms
[1.794s][info][gc,phases   ] GC(5) Concurrent Process Non-Strong References 0.835ms
[1.794s][info][gc,phases   ] GC(5) Concurrent Reset Relocation Set 0.001ms
[1.797s][info][gc,phases   ] GC(5) Concurrent Select Relocation Set 2.148ms
[1.797s][info][gc,phases   ] GC(5) Pause Relocate Start 0.004ms
[1.798s][info][gc,phases   ] GC(5) Concurrent Relocate 1.101ms
[1.798s][info][gc,load     ] GC(5) Load: 0.00/0.00/0.00
[1.798s][info][gc,mmu      ] GC(5) MMU: 2ms/99.4%, 5ms/99.6%, 10ms/99.8%, 20ms/99.9%, 50ms/100.0%, 100ms/100.0%
[1.798s][info][gc,marking  ] GC(5) Mark: 2 stripe(s), 1 proactive flush(es), 1 terminate flush(es), 0 completion(s), 0 continuation(s) 
[1.798s][info][gc,marking  ] GC(5) Mark Stack Usage: 32M
[1.798s][info][gc,nmethod  ] GC(5) NMethods: 376 registered, 0 unregistered
[1.798s][info][gc,metaspace] GC(5) Metaspace: 1M used, 1M committed, 1088M reserved
[1.798s][info][gc,ref      ] GC(5) Soft: 118 encountered, 0 discovered, 0 enqueued
[1.798s][info][gc,ref      ] GC(5) Weak: 170 encountered, 1 discovered, 0 enqueued
[1.798s][info][gc,ref      ] GC(5) Final: 0 encountered, 0 discovered, 0 enqueued
[1.798s][info][gc,ref      ] GC(5) Phantom: 7 encountered, 5 discovered, 0 enqueued
[1.798s][info][gc,reloc    ] GC(5) Small Pages: 304 / 608M, Empty: 0M, Relocated: 3M, In-Place: 0
[1.798s][info][gc,reloc    ] GC(5) Medium Pages: 0 / 0M, Empty: 0M, Relocated: 0M, In-Place: 0
[1.798s][info][gc,reloc    ] GC(5) Large Pages: 0 / 0M, Empty: 0M, Relocated: 0M, In-Place: 0
[1.798s][info][gc,reloc    ] GC(5) Forwarding Usage: 0M
[1.798s][info][gc,heap     ] GC(5) Min Capacity: 4096M(100%)
[1.798s][info][gc,heap     ] GC(5) Max Capacity: 4096M(100%)
[1.798s][info][gc,heap     ] GC(5) Soft Max Capacity: 4096M(100%)
[1.798s][info][gc,heap     ] GC(5)                Mark Start          Mark End        Relocate Start      Relocate End           High               Low         
[1.798s][info][gc,heap     ] GC(5)  Capacity:     4096M (100%)       4096M (100%)       4096M (100%)       4096M (100%)       4096M (100%)       4096M (100%)   
[1.798s][info][gc,heap     ] GC(5)      Free:     3488M (85%)        3488M (85%)        3488M (85%)        3488M (85%)        3488M (85%)        3482M (85%)    
[1.798s][info][gc,heap     ] GC(5)      Used:      608M (15%)         608M (15%)         608M (15%)         608M (15%)         614M (15%)         608M (15%)    
[1.798s][info][gc,heap     ] GC(5)      Live:         -               552M (13%)         552M (13%)         552M (13%)            -                  -          
[1.798s][info][gc,heap     ] GC(5) Allocated:         -                 0M (0%)            0M (0%)            0M (0%)             -                  -          
[1.798s][info][gc,heap     ] GC(5)   Garbage:         -                55M (1%)           55M (1%)           55M (1%)             -                  -          
[1.798s][info][gc,heap     ] GC(5) Reclaimed:         -                  -                 0M (0%)            0M (0%)             -                  -          
[1.799s][info][gc          ] GC(5) Garbage Collection (Timer) 608M(15%)->608M(15%)
[2.085s][info][gc,start    ] GC(6) Garbage Collection (Timer)
[2.085s][info][gc,task     ] GC(6) Using 3 workers
[2.086s][info][gc,phases   ] GC(6) Pause Mark Start 0.006ms
[2.094s][info][gc,phases   ] GC(6) Concurrent Mark 8.166ms
[2.094s][info][gc,phases   ] GC(6) Pause Mark End 0.009ms
[2.094s][info][gc,phases   ] GC(6) Concurrent Mark Free 0.001ms
[2.095s][info][gc,phases   ] GC(6) Concurrent Process Non-Strong References 0.835ms
[2.095s][info][gc,phases   ] GC(6) Concurrent Reset Relocation Set 0.001ms
[2.097s][info][gc,phases   ] GC(6) Concurrent Select Relocation Set 2.149ms
[2.097s][info][gc,phases   ] GC(6) Pause Relocate Start 0.005ms
[2.098s][info][gc,phases   ] GC(6) Concurrent Relocate 1.093ms
[2.099s][info][gc,load     ] GC(6) Load: 0.00/0.00/0.00
[2.099s][info][gc,mmu      ] GC(6) MMU: 2ms/99.4%, 5ms/99.6%, 10ms/99.8%, 20ms/99.9%, 50ms/100.0%, 100ms/100.0%
[2.099s][info][gc,marking  ] GC(6) Mark: 2 stripe(s), 2 proactive flush(es), 1 terminate flush(es), 0 completion(s), 0 continuation(s) 
[2.099s][info][gc,marking  ] GC(6) Mark Stack Usage: 32M
[2.099s][info][gc,nmethod  ] GC(6) NMethods: 376 registered, 0 unregistered
[2.099s][info][gc,metaspace] GC(6) Metaspace: 1M used, 1M committed, 1088M reserved
[2.099s][info][gc,ref      ] GC(6) Soft: 118 encountered, 0 discovered, 0 enqueued
[2.099s][info][gc,ref      ] GC(6) Weak: 170 encountered, 1 discovered, 0 enqueued
[2.099s][info][gc,ref      ] GC(6) Final: 0 encountered, 0 discovered, 0 enqueued
[2.099s][info][gc,ref      ] GC(6) Phantom: 7 encountered, 5 discovered, 0 enqueued
[2.099s][info][gc,reloc    ] GC(6) Small Pages: 304 / 608M, Empty: 0M, Relocated: 3M, In-Place: 0
[2.099s][info][gc,reloc    ] GC(6) Medium Pages: 0 / 0M, Empty: 0M, Relocated: 0M, In-Place: 0
[2.099s][info][gc,reloc    ] GC(6) Large Pages: 0 / 0M, Empty: 0M, Relocated: 0M, In-Place: 0
[2.099s][info][gc,reloc    ] GC(6) Forwarding Usage: 0M
[2.099s][info][gc,heap     ] GC(6) Min Capacity: 4096M(100%)
[2.099s][info][gc,heap     ] GC(6) Max Capacity: 4096M(100%)
[2.099s][info][gc,heap     ] GC(6) Soft Max Capacity: 4096M(100%)
[2.099s][info][gc,heap     ] GC(6)                Mark Start          Mark End        Relocate Start      Relocate End           High               Low         
[2.099s][info][gc,heap     ] GC(6)  Capacity:     4096M (100%)       4096M (100%)       4096M (100%)       4096M (100%)       4096M (100%)       4096M (100%)   
[2.099s][info][gc,heap     ] GC(6)      Free:     3488M (85%)        3488M (85%)        3488M (85%)        3488M (85%)        3488M (85%)        3482M (85%)    
[2.099s][info][gc,heap     ] GC(6)      Used:      608M (15%)         608M (15%)         608M (15%)         608M (15%)         614M (15%)         608M (15%)    
[2.099s][info][gc,heap     ] GC(6)      Live:         -               552M (13%)         552M (13%)         552M (13%)            -                  -          
[2.099s][info][gc,heap     ] GC(6) Allocated:         -                 0M (0%)            0M (0%)            0M (0%)             -                  -          
[2.099s][info][gc,heap     ] GC(6)   Garbage:         -                55M (1%)           55M (1%)           55M (1%)             -                  -          
[2.099s][info][gc,heap     ] GC(6) Reclaimed:         -                  -                 0M (0%)            0M (0%)             -                  -          
[2.099s][info][gc          ] GC(6) Garbage Collection (Timer) 608M(15%)->608M(15%)
[2.385s][info][gc,start    ] GC(7) Garbage Collection (Timer)
[2.385s][info][gc,task     ] GC(7) Using 3 workers
[2.385s][info][gc,phases   ] GC(7) Pause Mark Start 0.006ms
[2.400s][info][gc,phases   ] GC(7) Concurrent Mark 15.161ms
[2.400s][info][gc,phases   ] GC(7) Pause Mark End 0.011ms
[2.401s][info][gc,phases   ] GC(7) Concurrent Mark Free 0.001ms
[2.401s][info][gc,phases   ] GC(7) Concurrent Process Non-Strong References 0.949ms
[2.402s][info][gc,phases   ] GC(7) Concurrent Reset Relocation Set 0.001ms
[2.404s][info][gc,phases   ] GC(7) Concurrent Select Relocation Set 2.817ms
[2.405s][info][gc,phases   ] GC(7) Pause Relocate Start 0.006ms
[2.407s][info][gc,phases   ] GC(7) Concurrent Relocate 2.292ms
[2.407s][info][gc,load     ] GC(7) Load: 0.00/0.00/0.00
[2.407s][info][gc,mmu      ] GC(7) MMU: 2ms/99.4%, 5ms/99.6%, 10ms/99.8%, 20ms/99.9%, 50ms/100.0%, 100ms/100.0%
[2.407s][info][gc,marking  ] GC(7) Mark: 2 stripe(s), 2 proactive flush(es), 1 terminate flush(es), 0 completion(s), 0 continuation(s) 
[2.407s][info][gc,marking  ] GC(7) Mark Stack Usage: 32M
[2.407s][info][gc,nmethod  ] GC(7) NMethods: 465 registered, 0 unregistered
[2.407s][info][gc,metaspace] GC(7) Metaspace: 1M used, 1M committed, 1088M reserved
[2.407s][info][gc,ref      ] GC(7) Soft: 181 encountered, 0 discovered, 0 enqueued
[2.407s][info][gc,ref      ] GC(7) Weak: 296 encountered, 129 discovered, 33 enqueued
[2.407s][info][gc,ref      ] GC(7) Final: 0 encountered, 0 discovered, 0 enqueued
[2.407s][info][gc,ref      ] GC(7) Phantom: 24 encountered, 20 discovered, 17 enqueued
[2.407s][info][gc,reloc    ] GC(7) Small Pages: 400 / 800M, Empty: 0M, Relocated: 3M, In-Place: 0
[2.407s][info][gc,reloc    ] GC(7) Medium Pages: 0 / 0M, Empty: 0M, Relocated: 0M, In-Place: 0
[2.407s][info][gc,reloc    ] GC(7) Large Pages: 0 / 0M, Empty: 0M, Relocated: 0M, In-Place: 0
[2.407s][info][gc,reloc    ] GC(7) Forwarding Usage: 0M
[2.407s][info][gc,heap     ] GC(7) Min Capacity: 4096M(100%)
[2.408s][info][gc,heap     ] GC(7) Max Capacity: 4096M(100%)
[2.408s][info][gc,heap     ] GC(7) Soft Max Capacity: 4096M(100%)
[2.408s][info][gc,heap     ] GC(7)                Mark Start          Mark End        Relocate Start      Relocate End           High               Low         
[2.408s][info][gc,heap     ] GC(7)  Capacity:     4096M (100%)       4096M (100%)       4096M (100%)       4096M (100%)       4096M (100%)       4096M (100%)   
[2.408s][info][gc,heap     ] GC(7)      Free:     3296M (80%)        3292M (80%)        3288M (80%)        3290M (80%)        3296M (80%)        3282M (80%)    
[2.408s][info][gc,heap     ] GC(7)      Used:      800M (20%)         804M (20%)         808M (20%)         806M (20%)         814M (20%)         800M (20%)    
[2.408s][info][gc,heap     ] GC(7)      Live:         -               725M (18%)         725M (18%)         725M (18%)            -                  -          
[2.408s][info][gc,heap     ] GC(7) Allocated:         -                 4M (0%)            8M (0%)            7M (0%)             -                  -          
[2.408s][info][gc,heap     ] GC(7)   Garbage:         -                74M (2%)           74M (2%)           72M (2%)             -                  -          
[2.408s][info][gc,heap     ] GC(7) Reclaimed:         -                  -                 0M (0%)            1M (0%)             -                  -          
[2.408s][info][gc          ] GC(7) Garbage Collection (Timer) 800M(20%)->806M(20%)
[2.485s][info][gc,start    ] GC(8) Garbage Collection (Warmup)
[2.486s][info][gc,task     ] GC(8) Using 3 workers
[2.486s][info][gc,phases   ] GC(8) Pause Mark Start 0.006ms
[2.501s][info][gc,phases   ] GC(8) Concurrent Mark 15.719ms
[2.502s][info][gc,phases   ] GC(8) Pause Mark End 0.010ms
[2.502s][info][gc,phases   ] GC(8) Concurrent Mark Free 0.001ms
[2.503s][info][gc,phases   ] GC(8) Concurrent Process Non-Strong References 0.857ms
[2.503s][info][gc,phases   ] GC(8) Concurrent Reset Relocation Set 0.001ms
[2.506s][info][gc,phases   ] GC(8) Concurrent Select Relocation Set 3.156ms
[2.506s][info][gc,phases   ] GC(8) Pause Relocate Start 0.007ms
[2.509s][info][gc,phases   ] GC(8) Concurrent Relocate 2.244ms
[2.509s][info][gc,load     ] GC(8) Load: 0.00/0.00/0.00
[2.509s][info][gc,mmu      ] GC(8) MMU: 2ms/99.4%, 5ms/99.6%, 10ms/99.8%, 20ms/99.9%, 50ms/100.0%, 100ms/100.0%
[2.509s][info][gc,marking  ] GC(8) Mark: 2 stripe(s), 2 proactive flush(es), 1 terminate flush(es), 0 completion(s), 0 continuation(s) 
[2.509s][info][gc,marking  ] GC(8) Mark Stack Usage: 32M
[2.509s][info][gc,nmethod  ] GC(8) NMethods: 465 registered, 0 unregistered
[2.509s][info][gc,metaspace] GC(8) Metaspace: 1M used, 1M committed, 1088M reserved
[2.509s][info][gc,ref      ] GC(8) Soft: 181 encountered, 0 discovered, 0 enqueued
[2.509s][info][gc,ref      ] GC(8) Weak: 263 encountered, 1 discovered, 0 enqueued
[2.509s][info][gc,ref      ] GC(8) Final: 0 encountered, 0 discovered, 0 enqueued
[2.509s][info][gc,ref      ] GC(8) Phantom: 7 encountered, 3 discovered, 0 enqueued
[2.509s][info][gc,reloc    ] GC(8) Small Pages: 434 / 868M, Empty: 0M, Relocated: 3M, In-Place: 0
[2.509s][info][gc,reloc    ] GC(8) Medium Pages: 0 / 0M, Empty: 0M, Relocated: 0M, In-Place: 0
[2.509s][info][gc,reloc    ] GC(8) Large Pages: 0 / 0M, Empty: 0M, Relocated: 0M, In-Place: 0
[2.509s][info][gc,reloc    ] GC(8) Forwarding Usage: 0M
[2.509s][info][gc,heap     ] GC(8) Min Capacity: 4096M(100%)
[2.509s][info][gc,heap     ] GC(8) Max Capacity: 4096M(100%)
[2.509s][info][gc,heap     ] GC(8) Soft Max Capacity: 4096M(100%)
[2.509s][info][gc,heap     ] GC(8)                Mark Start          Mark End        Relocate Start      Relocate End           High               Low         
[2.509s][info][gc,heap     ] GC(8)  Capacity:     4096M (100%)       4096M (100%)       4096M (100%)       4096M (100%)       4096M (100%)       4096M (100%)   
[2.509s][info][gc,heap     ] GC(8)      Free:     3228M (79%)        3224M (79%)        3220M (79%)        3220M (79%)        3228M (79%)        3214M (78%)    
[2.509s][info][gc,heap     ] GC(8)      Used:      868M (21%)         872M (21%)         876M (21%)         876M (21%)         882M (22%)         868M (21%)    
[2.509s][info][gc,heap     ] GC(8)      Live:         -               788M (19%)         788M (19%)         788M (19%)            -                  -          
[2.509s][info][gc,heap     ] GC(8) Allocated:         -                 4M (0%)            8M (0%)            8M (0%)             -                  -          
[2.509s][info][gc,heap     ] GC(8)   Garbage:         -                79M (2%)           79M (2%)           79M (2%)             -                  -          
[2.509s][info][gc,heap     ] GC(8) Reclaimed:         -                  -                 0M (0%)            0M (0%)             -                  -          
[2.509s][info][gc          ] GC(8) Garbage Collection (Warmup) 868M(21%)->876M(21%)
[2.784s][info][gc,start    ] GC(9) Garbage Collection (Timer)
[2.784s][info][gc,task     ] GC(9) Using 3 workers
[2.785s][info][gc,phases   ] GC(9) Pause Mark Start 0.006ms
[2.803s][info][gc,phases   ] GC(9) Concurrent Mark 18.217ms
[2.803s][info][gc,phases   ] GC(9) Pause Mark End 0.009ms
[2.803s][info][gc,phases   ] GC(9) Concurrent Mark Free 0.001ms
[2.804s][info][gc,phases   ] GC(9) Concurrent Process Non-Strong References 0.631ms
[2.804s][info][gc,phases   ] GC(9) Concurrent Reset Relocation Set 0.001ms
[2.807s][info][gc,phases   ] GC(9) Concurrent Select Relocation Set 2.695ms
[2.807s][info][gc,phases   ] GC(9) Pause Relocate Start 0.006ms
[2.810s][info][gc,phases   ] GC(9) Concurrent Relocate 2.731ms
[2.810s][info][gc,load     ] GC(9) Load: 0.00/0.00/0.00
[2.810s][info][gc,mmu      ] GC(9) MMU: 2ms/99.4%, 5ms/99.6%, 10ms/99.8%, 20ms/99.9%, 50ms/100.0%, 100ms/100.0%
[2.810s][info][gc,marking  ] GC(9) Mark: 2 stripe(s), 2 proactive flush(es), 1 terminate flush(es), 0 completion(s), 0 continuation(s) 
[2.810s][info][gc,marking  ] GC(9) Mark Stack Usage: 32M
[2.810s][info][gc,nmethod  ] GC(9) NMethods: 466 registered, 0 unregistered
[2.810s][info][gc,metaspace] GC(9) Metaspace: 1M used, 1M committed, 1088M reserved
[2.810s][info][gc,ref      ] GC(9) Soft: 181 encountered, 0 discovered, 0 enqueued
[2.810s][info][gc,ref      ] GC(9) Weak: 263 encountered, 1 discovered, 0 enqueued
[2.810s][info][gc,ref      ] GC(9) Final: 0 encountered, 0 discovered, 0 enqueued
[2.810s][info][gc,ref      ] GC(9) Phantom: 7 encountered, 4 discovered, 0 enqueued
[2.810s][info][gc,reloc    ] GC(9) Small Pages: 545 / 1090M, Empty: 0M, Relocated: 4M, In-Place: 0
[2.810s][info][gc,reloc    ] GC(9) Medium Pages: 1 / 32M, Empty: 0M, Relocated: 0M, In-Place: 0
[2.810s][info][gc,reloc    ] GC(9) Large Pages: 0 / 0M, Empty: 0M, Relocated: 0M, In-Place: 0
[2.810s][info][gc,reloc    ] GC(9) Forwarding Usage: 0M
[2.810s][info][gc,heap     ] GC(9) Min Capacity: 4096M(100%)
[2.810s][info][gc,heap     ] GC(9) Max Capacity: 4096M(100%)
[2.810s][info][gc,heap     ] GC(9) Soft Max Capacity: 4096M(100%)
[2.810s][info][gc,heap     ] GC(9)                Mark Start          Mark End        Relocate Start      Relocate End           High               Low         
[2.810s][info][gc,heap     ] GC(9)  Capacity:     4096M (100%)       4096M (100%)       4096M (100%)       4096M (100%)       4096M (100%)       4096M (100%)   
[2.810s][info][gc,heap     ] GC(9)      Free:     2974M (73%)        2970M (73%)        2968M (72%)        2970M (73%)        2974M (73%)        2962M (72%)    
[2.810s][info][gc,heap     ] GC(9)      Used:     1122M (27%)        1126M (27%)        1128M (28%)        1126M (27%)        1134M (28%)        1122M (27%)    
[2.810s][info][gc,heap     ] GC(9)      Live:         -               990M (24%)         990M (24%)         990M (24%)            -                  -          
[2.810s][info][gc,heap     ] GC(9) Allocated:         -                 4M (0%)            6M (0%)            5M (0%)             -                  -          
[2.810s][info][gc,heap     ] GC(9)   Garbage:         -               131M (3%)          131M (3%)          129M (3%)             -                  -          
[2.810s][info][gc,heap     ] GC(9) Reclaimed:         -                  -                 0M (0%)            1M (0%)             -                  -          
[2.810s][info][gc          ] GC(9) Garbage Collection (Timer) 1122M(27%)->1126M(27%)
[2.984s][info][gc,start    ] GC(10) Garbage Collection (Warmup)
[2.985s][info][gc,task     ] GC(10) Using 3 workers
[2.985s][info][gc,phases   ] GC(10) Pause Mark Start 0.006ms
[3.013s][info][gc,phases   ] GC(10) Concurrent Mark 28.401ms
[3.013s][info][gc,phases   ] GC(10) Pause Mark End 0.010ms
[3.013s][info][gc,phases   ] GC(10) Concurrent Mark Free 0.001ms
[3.014s][info][gc,phases   ] GC(10) Concurrent Process Non-Strong References 0.649ms
[3.014s][info][gc,phases   ] GC(10) Concurrent Reset Relocation Set 0.001ms
[3.016s][info][gc,phases   ] GC(10) Concurrent Select Relocation Set 2.041ms
[3.016s][info][gc,phases   ] GC(10) Pause Relocate Start 0.005ms
[3.018s][info][gc,phases   ] GC(10) Concurrent Relocate 1.377ms
[3.018s][info][gc,load     ] GC(10) Load: 0.00/0.00/0.00
[3.018s][info][gc,mmu      ] GC(10) MMU: 2ms/99.4%, 5ms/99.6%, 10ms/99.8%, 20ms/99.9%, 50ms/100.0%, 100ms/100.0%
[3.018s][info][gc,marking  ] GC(10) Mark: 2 stripe(s), 3 proactive flush(es), 1 terminate flush(es), 0 completion(s), 0 continuation(s) 
[3.018s][info][gc,marking  ] GC(10) Mark Stack Usage: 32M
[3.018s][info][gc,nmethod  ] GC(10) NMethods: 466 registered, 0 unregistered
[3.018s][info][gc,metaspace] GC(10) Metaspace: 1M used, 1M committed, 1088M reserved
[3.018s][info][gc,ref      ] GC(10) Soft: 181 encountered, 0 discovered, 0 enqueued
[3.018s][info][gc,ref      ] GC(10) Weak: 263 encountered, 9 discovered, 0 enqueued
[3.018s][info][gc,ref      ] GC(10) Final: 0 encountered, 0 discovered, 0 enqueued
[3.018s][info][gc,ref      ] GC(10) Phantom: 7 encountered, 3 discovered, 0 enqueued
[3.018s][info][gc,reloc    ] GC(10) Small Pages: 606 / 1212M, Empty: 0M, Relocated: 1M, In-Place: 0
[3.018s][info][gc,reloc    ] GC(10) Medium Pages: 1 / 32M, Empty: 0M, Relocated: 0M, In-Place: 0
[3.018s][info][gc,reloc    ] GC(10) Large Pages: 0 / 0M, Empty: 0M, Relocated: 0M, In-Place: 0
[3.018s][info][gc,reloc    ] GC(10) Forwarding Usage: 0M
[3.018s][info][gc,heap     ] GC(10) Min Capacity: 4096M(100%)
[3.018s][info][gc,heap     ] GC(10) Max Capacity: 4096M(100%)
[3.018s][info][gc,heap     ] GC(10) Soft Max Capacity: 4096M(100%)
[3.018s][info][gc,heap     ] GC(10)                Mark Start          Mark End        Relocate Start      Relocate End           High               Low         
[3.018s][info][gc,heap     ] GC(10)  Capacity:     4096M (100%)       4096M (100%)       4096M (100%)       4096M (100%)       4096M (100%)       4096M (100%)   
[3.018s][info][gc,heap     ] GC(10)      Free:     2852M (70%)        2852M (70%)        2852M (70%)        2852M (70%)        2852M (70%)        2848M (70%)    
[3.018s][info][gc,heap     ] GC(10)      Used:     1244M (30%)        1244M (30%)        1244M (30%)        1244M (30%)        1248M (30%)        1244M (30%)    
[3.018s][info][gc,heap     ] GC(10)      Live:         -              1103M (27%)        1103M (27%)        1103M (27%)            -                  -          
[3.018s][info][gc,heap     ] GC(10) Allocated:         -                 0M (0%)            0M (0%)            0M (0%)             -                  -          
[3.018s][info][gc,heap     ] GC(10)   Garbage:         -               140M (3%)          140M (3%)          140M (3%)             -                  -          
[3.018s][info][gc,heap     ] GC(10) Reclaimed:         -                  -                 0M (0%)            0M (0%)             -                  -          
[3.018s][info][gc          ] GC(10) Garbage Collection (Warmup) 1244M(30%)->1244M(30%)
[3.284s][info][gc,start    ] GC(11) Garbage Collection (Timer)
[3.284s][info][gc,task     ] GC(11) Using 3 workers
[3.285s][info][gc,phases   ] GC(11) Pause Mark Start 0.005ms
[3.303s][info][gc,phases   ] GC(11) Concurrent Mark 18.758ms
[3.303s][info][gc,phases   ] GC(11) Pause Mark End 0.010ms
[3.304s][info][gc,phases   ] GC(11) Concurrent Mark Free 0.001ms
[3.305s][info][gc,phases   ] GC(11) Concurrent Process Non-Strong References 0.979ms
[3.305s][info][gc,phases   ] GC(11) Concurrent Reset Relocation Set 0.001ms
[3.307s][info][gc,phases   ] GC(11) Concurrent Select Relocation Set 2.164ms
[3.307s][info][gc,phases   ] GC(11) Pause Relocate Start 0.005ms
[3.308s][info][gc,phases   ] GC(11) Concurrent Relocate 0.867ms
[3.308s][info][gc,load     ] GC(11) Load: 0.00/0.00/0.00
[3.308s][info][gc,mmu      ] GC(11) MMU: 2ms/99.4%, 5ms/99.6%, 10ms/99.8%, 20ms/99.9%, 50ms/100.0%, 100ms/100.0%
[3.308s][info][gc,marking  ] GC(11) Mark: 2 stripe(s), 3 proactive flush(es), 1 terminate flush(es), 0 completion(s), 0 continuation(s) 
[3.308s][info][gc,marking  ] GC(11) Mark Stack Usage: 32M
[3.308s][info][gc,nmethod  ] GC(11) NMethods: 466 registered, 0 unregistered
[3.308s][info][gc,metaspace] GC(11) Metaspace: 1M used, 1M committed, 1088M reserved
[3.308s][info][gc,ref      ] GC(11) Soft: 181 encountered, 0 discovered, 0 enqueued
[3.308s][info][gc,ref      ] GC(11) Weak: 263 encountered, 1 discovered, 0 enqueued
[3.308s][info][gc,ref      ] GC(11) Final: 0 encountered, 0 discovered, 0 enqueued
[3.308s][info][gc,ref      ] GC(11) Phantom: 7 encountered, 5 discovered, 0 enqueued
[3.308s][info][gc,reloc    ] GC(11) Small Pages: 606 / 1212M, Empty: 0M, Relocated: 1M, In-Place: 0
[3.308s][info][gc,reloc    ] GC(11) Medium Pages: 1 / 32M, Empty: 0M, Relocated: 0M, In-Place: 0
[3.308s][info][gc,reloc    ] GC(11) Large Pages: 0 / 0M, Empty: 0M, Relocated: 0M, In-Place: 0
[3.308s][info][gc,reloc    ] GC(11) Forwarding Usage: 0M
[3.308s][info][gc,heap     ] GC(11) Min Capacity: 4096M(100%)
[3.308s][info][gc,heap     ] GC(11) Max Capacity: 4096M(100%)
[3.308s][info][gc,heap     ] GC(11) Soft Max Capacity: 4096M(100%)
[3.308s][info][gc,heap     ] GC(11)                Mark Start          Mark End        Relocate Start      Relocate End           High               Low         
[3.308s][info][gc,heap     ] GC(11)  Capacity:     4096M (100%)       4096M (100%)       4096M (100%)       4096M (100%)       4096M (100%)       4096M (100%)   
[3.308s][info][gc,heap     ] GC(11)      Free:     2852M (70%)        2852M (70%)        2852M (70%)        2852M (70%)        2852M (70%)        2848M (70%)    
[3.309s][info][gc,heap     ] GC(11)      Used:     1244M (30%)        1244M (30%)        1244M (30%)        1244M (30%)        1248M (30%)        1244M (30%)    
[3.309s][info][gc,heap     ] GC(11)      Live:         -              1103M (27%)        1103M (27%)        1103M (27%)            -                  -          
[3.309s][info][gc,heap     ] GC(11) Allocated:         -                 0M (0%)            0M (0%)            0M (0%)             -                  -          
[3.309s][info][gc,heap     ] GC(11)   Garbage:         -               140M (3%)          140M (3%)          140M (3%)             -                  -          
[3.309s][info][gc,heap     ] GC(11) Reclaimed:         -                  -                 0M (0%)            0M (0%)             -                  -          
[3.309s][info][gc          ] GC(11) Garbage Collection (Timer) 1244M(30%)->1244M(30%)
[3.585s][info][gc,start    ] GC(12) Garbage Collection (Timer)
[3.585s][info][gc,task     ] GC(12) Using 3 workers
[3.585s][info][gc,phases   ] GC(12) Pause Mark Start 0.005ms
[3.597s][info][gc,phases   ] GC(12) Concurrent Mark 12.349ms
[3.598s][info][gc,phases   ] GC(12) Pause Mark End 0.010ms
[3.598s][info][gc,phases   ] GC(12) Concurrent Mark Free 0.001ms
[3.598s][info][gc,phases   ] GC(12) Concurrent Process Non-Strong References 0.727ms
[3.598s][info][gc,phases   ] GC(12) Concurrent Reset Relocation Set 0.001ms
[3.601s][info][gc,phases   ] GC(12) Concurrent Select Relocation Set 2.214ms
[3.601s][info][gc,phases   ] GC(12) Pause Relocate Start 0.005ms
[3.602s][info][gc,phases   ] GC(12) Concurrent Relocate 1.316ms
[3.602s][info][gc,load     ] GC(12) Load: 0.00/0.00/0.00
[3.602s][info][gc,mmu      ] GC(12) MMU: 2ms/99.4%, 5ms/99.6%, 10ms/99.8%, 20ms/99.9%, 50ms/100.0%, 100ms/100.0%
[3.602s][info][gc,marking  ] GC(12) Mark: 2 stripe(s), 5 proactive flush(es), 1 terminate flush(es), 0 completion(s), 0 continuation(s) 
[3.602s][info][gc,marking  ] GC(12) Mark Stack Usage: 32M
[3.602s][info][gc,nmethod  ] GC(12) NMethods: 466 registered, 0 unregistered
[3.602s][info][gc,metaspace] GC(12) Metaspace: 1M used, 1M committed, 1088M reserved
[3.602s][info][gc,ref      ] GC(12) Soft: 181 encountered, 0 discovered, 0 enqueued
[3.602s][info][gc,ref      ] GC(12) Weak: 263 encountered, 3 discovered, 0 enqueued
[3.602s][info][gc,ref      ] GC(12) Final: 0 encountered, 0 discovered, 0 enqueued
[3.602s][info][gc,ref      ] GC(12) Phantom: 7 encountered, 5 discovered, 0 enqueued
[3.603s][info][gc,reloc    ] GC(12) Small Pages: 606 / 1212M, Empty: 0M, Relocated: 1M, In-Place: 0
[3.603s][info][gc,reloc    ] GC(12) Medium Pages: 1 / 32M, Empty: 0M, Relocated: 0M, In-Place: 0
[3.603s][info][gc,reloc    ] GC(12) Large Pages: 0 / 0M, Empty: 0M, Relocated: 0M, In-Place: 0
[3.603s][info][gc,reloc    ] GC(12) Forwarding Usage: 0M
[3.603s][info][gc,heap     ] GC(12) Min Capacity: 4096M(100%)
[3.603s][info][gc,heap     ] GC(12) Max Capacity: 4096M(100%)
[3.603s][info][gc,heap     ] GC(12) Soft Max Capacity: 4096M(100%)
[3.603s][info][gc,heap     ] GC(12)                Mark Start          Mark End        Relocate Start      Relocate End           High               Low         
[3.603s][info][gc,heap     ] GC(12)  Capacity:     4096M (100%)       4096M (100%)       4096M (100%)       4096M (100%)       4096M (100%)       4096M (100%)   
[3.603s][info][gc,heap     ] GC(12)      Free:     2852M (70%)        2852M (70%)        2852M (70%)        2852M (70%)        2852M (70%)        2848M (70%)    
[3.603s][info][gc,heap     ] GC(12)      Used:     1244M (30%)        1244M (30%)        1244M (30%)        1244M (30%)        1248M (30%)        1244M (30%)    
[3.603s][info][gc,heap     ] GC(12)      Live:         -              1103M (27%)        1103M (27%)        1103M (27%)            -                  -          
[3.603s][info][gc,heap     ] GC(12) Allocated:         -                 0M (0%)            0M (0%)            0M (0%)             -                  -          
[3.603s][info][gc,heap     ] GC(12)   Garbage:         -               140M (3%)          140M (3%)          140M (3%)             -                  -          
[3.603s][info][gc,heap     ] GC(12) Reclaimed:         -                  -                 0M (0%)            0M (0%)             -                  -          
[3.603s][info][gc          ] GC(12) Garbage Collection (Timer) 1244M(30%)->1244M(30%)
[3.884s][info][gc,start    ] GC(13) Garbage Collection (Timer)
[3.884s][info][gc,task     ] GC(13) Using 3 workers
[3.885s][info][gc,phases   ] GC(13) Pause Mark Start 0.005ms
[3.899s][info][gc,phases   ] GC(13) Concurrent Mark 14.391ms
[3.899s][info][gc,phases   ] GC(13) Pause Mark End 0.010ms
[3.899s][info][gc,phases   ] GC(13) Concurrent Mark Free 0.001ms
[3.900s][info][gc,phases   ] GC(13) Concurrent Process Non-Strong References 0.901ms
[3.900s][info][gc,phases   ] GC(13) Concurrent Reset Relocation Set 0.001ms
[3.902s][info][gc,phases   ] GC(13) Concurrent Select Relocation Set 2.069ms
[3.902s][info][gc,phases   ] GC(13) Pause Relocate Start 0.005ms
[3.903s][info][gc,phases   ] GC(13) Concurrent Relocate 0.858ms
[3.903s][info][gc,load     ] GC(13) Load: 0.00/0.00/0.00
[3.904s][info][gc,mmu      ] GC(13) MMU: 2ms/99.4%, 5ms/99.6%, 10ms/99.8%, 20ms/99.9%, 50ms/100.0%, 100ms/100.0%
[3.904s][info][gc,marking  ] GC(13) Mark: 2 stripe(s), 10 proactive flush(es), 1 terminate flush(es), 0 completion(s), 0 continuation(s) 
[3.904s][info][gc,marking  ] GC(13) Mark Stack Usage: 32M
[3.904s][info][gc,nmethod  ] GC(13) NMethods: 466 registered, 0 unregistered
[3.904s][info][gc,metaspace] GC(13) Metaspace: 1M used, 1M committed, 1088M reserved
[3.904s][info][gc,ref      ] GC(13) Soft: 181 encountered, 0 discovered, 0 enqueued
[3.904s][info][gc,ref      ] GC(13) Weak: 263 encountered, 0 discovered, 0 enqueued
[3.904s][info][gc,ref      ] GC(13) Final: 0 encountered, 0 discovered, 0 enqueued
[3.904s][info][gc,ref      ] GC(13) Phantom: 7 encountered, 3 discovered, 0 enqueued
[3.904s][info][gc,reloc    ] GC(13) Small Pages: 606 / 1212M, Empty: 0M, Relocated: 1M, In-Place: 0
[3.904s][info][gc,reloc    ] GC(13) Medium Pages: 1 / 32M, Empty: 0M, Relocated: 0M, In-Place: 0
[3.904s][info][gc,reloc    ] GC(13) Large Pages: 0 / 0M, Empty: 0M, Relocated: 0M, In-Place: 0
[3.904s][info][gc,reloc    ] GC(13) Forwarding Usage: 0M
[3.904s][info][gc,heap     ] GC(13) Min Capacity: 4096M(100%)
[3.904s][info][gc,heap     ] GC(13) Max Capacity: 4096M(100%)
[3.904s][info][gc,heap     ] GC(13) Soft Max Capacity: 4096M(100%)
[3.904s][info][gc,heap     ] GC(13)                Mark Start          Mark End        Relocate Start      Relocate End           High               Low         
[3.904s][info][gc,heap     ] GC(13)  Capacity:     4096M (100%)       4096M (100%)       4096M (100%)       4096M (100%)       4096M (100%)       4096M (100%)   
[3.904s][info][gc,heap     ] GC(13)      Free:     2852M (70%)        2852M (70%)        2852M (70%)        2852M (70%)        2852M (70%)        2848M (70%)    
[3.904s][info][gc,heap     ] GC(13)      Used:     1244M (30%)        1244M (30%)        1244M (30%)        1244M (30%)        1248M (30%)        1244M (30%)    
[3.904s][info][gc,heap     ] GC(13)      Live:         -              1103M (27%)        1103M (27%)        1103M (27%)            -                  -          
[3.904s][info][gc,heap     ] GC(13) Allocated:         -                 0M (0%)            0M (0%)            0M (0%)             -                  -          
[3.904s][info][gc,heap     ] GC(13)   Garbage:         -               140M (3%)          140M (3%)          140M (3%)             -                  -          
[3.904s][info][gc,heap     ] GC(13) Reclaimed:         -                  -                 0M (0%)            0M (0%)             -                  -          
[3.904s][info][gc          ] GC(13) Garbage Collection (Timer) 1244M(30%)->1244M(30%)
[4.185s][info][gc,start    ] GC(14) Garbage Collection (Timer)
[4.185s][info][gc,task     ] GC(14) Using 3 workers
[4.185s][info][gc,phases   ] GC(14) Pause Mark Start 0.006ms
[4.202s][info][gc,phases   ] GC(14) Concurrent Mark 16.365ms
[4.202s][info][gc,phases   ] GC(14) Pause Mark End 0.011ms
[4.202s][info][gc,phases   ] GC(14) Concurrent Mark Free 0.001ms
[4.203s][info][gc,phases   ] GC(14) Concurrent Process Non-Strong References 0.847ms
[4.203s][info][gc,phases   ] GC(14) Concurrent Reset Relocation Set 0.001ms
[4.205s][info][gc,phases   ] GC(14) Concurrent Select Relocation Set 2.386ms
[4.205s][info][gc,phases   ] GC(14) Pause Relocate Start 0.006ms
[4.207s][info][gc,phases   ] GC(14) Concurrent Relocate 1.835ms
[4.207s][info][gc,load     ] GC(14) Load: 0.00/0.00/0.00
[4.207s][info][gc,mmu      ] GC(14) MMU: 2ms/99.4%, 5ms/99.6%, 10ms/99.8%, 20ms/99.9%, 50ms/100.0%, 100ms/100.0%
[4.207s][info][gc,marking  ] GC(14) Mark: 2 stripe(s), 3 proactive flush(es), 1 terminate flush(es), 0 completion(s), 0 continuation(s) 
[4.208s][info][gc,marking  ] GC(14) Mark Stack Usage: 32M
[4.208s][info][gc,nmethod  ] GC(14) NMethods: 472 registered, 0 unregistered
[4.208s][info][gc,metaspace] GC(14) Metaspace: 1M used, 1M committed, 1088M reserved
[4.208s][info][gc,ref      ] GC(14) Soft: 181 encountered, 0 discovered, 0 enqueued
[4.208s][info][gc,ref      ] GC(14) Weak: 263 encountered, 5 discovered, 0 enqueued
[4.208s][info][gc,ref      ] GC(14) Final: 0 encountered, 0 discovered, 0 enqueued
[4.208s][info][gc,ref      ] GC(14) Phantom: 7 encountered, 3 discovered, 0 enqueued
[4.208s][info][gc,reloc    ] GC(14) Small Pages: 690 / 1380M, Empty: 0M, Relocated: 3M, In-Place: 0
[4.208s][info][gc,reloc    ] GC(14) Medium Pages: 1 / 32M, Empty: 0M, Relocated: 0M, In-Place: 0
[4.208s][info][gc,reloc    ] GC(14) Large Pages: 0 / 0M, Empty: 0M, Relocated: 0M, In-Place: 0
[4.208s][info][gc,reloc    ] GC(14) Forwarding Usage: 0M
[4.208s][info][gc,heap     ] GC(14) Min Capacity: 4096M(100%)
[4.208s][info][gc,heap     ] GC(14) Max Capacity: 4096M(100%)
[4.208s][info][gc,heap     ] GC(14) Soft Max Capacity: 4096M(100%)
[4.208s][info][gc,heap     ] GC(14)                Mark Start          Mark End        Relocate Start      Relocate End           High               Low         
[4.208s][info][gc,heap     ] GC(14)  Capacity:     4096M (100%)       4096M (100%)       4096M (100%)       4096M (100%)       4096M (100%)       4096M (100%)   
[4.208s][info][gc,heap     ] GC(14)      Free:     2684M (66%)        2682M (65%)        2678M (65%)        2680M (65%)        2684M (66%)        2672M (65%)    
[4.208s][info][gc,heap     ] GC(14)      Used:     1412M (34%)        1414M (35%)        1418M (35%)        1416M (35%)        1424M (35%)        1412M (34%)    
[4.208s][info][gc,heap     ] GC(14)      Live:         -              1255M (31%)        1255M (31%)        1255M (31%)            -                  -          
[4.208s][info][gc,heap     ] GC(14) Allocated:         -                 2M (0%)            6M (0%)            5M (0%)             -                  -          
[4.208s][info][gc,heap     ] GC(14)   Garbage:         -               156M (4%)          156M (4%)          154M (4%)             -                  -          
[4.208s][info][gc,heap     ] GC(14) Reclaimed:         -                  -                 0M (0%)            1M (0%)             -                  -          
[4.208s][info][gc          ] GC(14) Garbage Collection (Timer) 1412M(34%)->1416M(35%)
[4.485s][info][gc,start    ] GC(15) Garbage Collection (Timer)
[4.485s][info][gc,task     ] GC(15) Using 3 workers
[4.485s][info][gc,phases   ] GC(15) Pause Mark Start 0.006ms
[4.506s][info][gc,phases   ] GC(15) Concurrent Mark 21.234ms
[4.506s][info][gc,phases   ] GC(15) Pause Mark End 0.009ms
[4.506s][info][gc,phases   ] GC(15) Concurrent Mark Free 0.001ms
[4.507s][info][gc,phases   ] GC(15) Concurrent Process Non-Strong References 0.867ms
[4.507s][info][gc,phases   ] GC(15) Concurrent Reset Relocation Set 0.001ms
[4.510s][info][gc,phases   ] GC(15) Concurrent Select Relocation Set 2.530ms
[4.510s][info][gc,phases   ] GC(15) Pause Relocate Start 0.005ms
[4.512s][info][gc,phases   ] GC(15) Concurrent Relocate 1.938ms
[4.512s][info][gc,load     ] GC(15) Load: 0.00/0.00/0.00
[4.512s][info][gc,mmu      ] GC(15) MMU: 2ms/99.4%, 5ms/99.6%, 10ms/99.8%, 20ms/99.9%, 50ms/100.0%, 100ms/100.0%
[4.512s][info][gc,marking  ] GC(15) Mark: 2 stripe(s), 2 proactive flush(es), 1 terminate flush(es), 0 completion(s), 0 continuation(s) 
[4.512s][info][gc,marking  ] GC(15) Mark Stack Usage: 32M
[4.512s][info][gc,nmethod  ] GC(15) NMethods: 472 registered, 0 unregistered
[4.512s][info][gc,metaspace] GC(15) Metaspace: 1M used, 1M committed, 1088M reserved
[4.512s][info][gc,ref      ] GC(15) Soft: 181 encountered, 0 discovered, 0 enqueued
[4.512s][info][gc,ref      ] GC(15) Weak: 263 encountered, 1 discovered, 0 enqueued
[4.512s][info][gc,ref      ] GC(15) Final: 0 encountered, 0 discovered, 0 enqueued
[4.512s][info][gc,ref      ] GC(15) Phantom: 7 encountered, 5 discovered, 0 enqueued
[4.512s][info][gc,reloc    ] GC(15) Small Pages: 787 / 1574M, Empty: 0M, Relocated: 3M, In-Place: 0
[4.512s][info][gc,reloc    ] GC(15) Medium Pages: 2 / 64M, Empty: 32M, Relocated: 0M, In-Place: 0
[4.512s][info][gc,reloc    ] GC(15) Large Pages: 0 / 0M, Empty: 0M, Relocated: 0M, In-Place: 0
[4.512s][info][gc,reloc    ] GC(15) Forwarding Usage: 0M
[4.512s][info][gc,heap     ] GC(15) Min Capacity: 4096M(100%)
[4.512s][info][gc,heap     ] GC(15) Max Capacity: 4096M(100%)
[4.513s][info][gc,heap     ] GC(15) Soft Max Capacity: 4096M(100%)
[4.513s][info][gc,heap     ] GC(15)                Mark Start          Mark End        Relocate Start      Relocate End           High               Low         
[4.513s][info][gc,heap     ] GC(15)  Capacity:     4096M (100%)       4096M (100%)       4096M (100%)       4096M (100%)       4096M (100%)       4096M (100%)   
[4.513s][info][gc,heap     ] GC(15)      Free:     2458M (60%)        2456M (60%)        2486M (61%)        2484M (61%)        2486M (61%)        2454M (60%)    
[4.513s][info][gc,heap     ] GC(15)      Used:     1638M (40%)        1640M (40%)        1610M (39%)        1612M (39%)        1642M (40%)        1610M (39%)    
[4.513s][info][gc,heap     ] GC(15)      Live:         -              1434M (35%)        1434M (35%)        1434M (35%)            -                  -          
[4.513s][info][gc,heap     ] GC(15) Allocated:         -                 2M (0%)            4M (0%)            5M (0%)             -                  -          
[4.513s][info][gc,heap     ] GC(15)   Garbage:         -               203M (5%)          171M (4%)          171M (4%)             -                  -          
[4.513s][info][gc,heap     ] GC(15) Reclaimed:         -                  -                32M (1%)           31M (1%)             -                  -          
[4.513s][info][gc          ] GC(15) Garbage Collection (Timer) 1638M(40%)->1612M(39%)
[4.785s][info][gc,start    ] GC(16) Garbage Collection (Timer)
[4.785s][info][gc,task     ] GC(16) Using 3 workers
[4.785s][info][gc,phases   ] GC(16) Pause Mark Start 0.006ms
[4.808s][info][gc,phases   ] GC(16) Concurrent Mark 23.069ms
[4.808s][info][gc,phases   ] GC(16) Pause Mark End 0.009ms
[4.809s][info][gc,phases   ] GC(16) Concurrent Mark Free 0.001ms
[4.809s][info][gc,phases   ] GC(16) Concurrent Process Non-Strong References 0.860ms
[4.810s][info][gc,phases   ] GC(16) Concurrent Reset Relocation Set 0.001ms
[4.812s][info][gc,phases   ] GC(16) Concurrent Select Relocation Set 2.085ms
[4.812s][info][gc,phases   ] GC(16) Pause Relocate Start 0.006ms
[4.813s][info][gc,phases   ] GC(16) Concurrent Relocate 0.739ms
[4.813s][info][gc,load     ] GC(16) Load: 0.00/0.00/0.00
[4.813s][info][gc,mmu      ] GC(16) MMU: 2ms/99.4%, 5ms/99.6%, 10ms/99.8%, 20ms/99.9%, 50ms/100.0%, 100ms/100.0%
[4.813s][info][gc,marking  ] GC(16) Mark: 2 stripe(s), 3 proactive flush(es), 1 terminate flush(es), 0 completion(s), 0 continuation(s) 
[4.813s][info][gc,marking  ] GC(16) Mark Stack Usage: 32M
[4.813s][info][gc,nmethod  ] GC(16) NMethods: 472 registered, 0 unregistered
[4.813s][info][gc,metaspace] GC(16) Metaspace: 1M used, 1M committed, 1088M reserved
[4.813s][info][gc,ref      ] GC(16) Soft: 181 encountered, 0 discovered, 0 enqueued
[4.813s][info][gc,ref      ] GC(16) Weak: 263 encountered, 196 discovered, 0 enqueued
[4.813s][info][gc,ref      ] GC(16) Final: 0 encountered, 0 discovered, 0 enqueued
[4.813s][info][gc,ref      ] GC(16) Phantom: 7 encountered, 5 discovered, 0 enqueued
[4.813s][info][gc,reloc    ] GC(16) Small Pages: 878 / 1756M, Empty: 0M, Relocated: 1M, In-Place: 0
[4.813s][info][gc,reloc    ] GC(16) Medium Pages: 1 / 32M, Empty: 0M, Relocated: 0M, In-Place: 0
[4.813s][info][gc,reloc    ] GC(16) Large Pages: 0 / 0M, Empty: 0M, Relocated: 0M, In-Place: 0
[4.813s][info][gc,reloc    ] GC(16) Forwarding Usage: 0M
[4.813s][info][gc,heap     ] GC(16) Min Capacity: 4096M(100%)
[4.813s][info][gc,heap     ] GC(16) Max Capacity: 4096M(100%)
[4.813s][info][gc,heap     ] GC(16) Soft Max Capacity: 4096M(100%)
[4.813s][info][gc,heap     ] GC(16)                Mark Start          Mark End        Relocate Start      Relocate End           High               Low         
[4.813s][info][gc,heap     ] GC(16)  Capacity:     4096M (100%)       4096M (100%)       4096M (100%)       4096M (100%)       4096M (100%)       4096M (100%)   
[4.813s][info][gc,heap     ] GC(16)      Free:     2308M (56%)        2304M (56%)        2302M (56%)        2302M (56%)        2308M (56%)        2298M (56%)    
[4.813s][info][gc,heap     ] GC(16)      Used:     1788M (44%)        1792M (44%)        1794M (44%)        1794M (44%)        1798M (44%)        1788M (44%)    
[4.813s][info][gc,heap     ] GC(16)      Live:         -              1600M (39%)        1600M (39%)        1600M (39%)            -                  -          
[4.813s][info][gc,heap     ] GC(16) Allocated:         -                 4M (0%)            6M (0%)            6M (0%)             -                  -          
[4.813s][info][gc,heap     ] GC(16)   Garbage:         -               187M (5%)          187M (5%)          187M (5%)             -                  -          
[4.813s][info][gc,heap     ] GC(16) Reclaimed:         -                  -                 0M (0%)            0M (0%)             -                  -          
[4.813s][info][gc          ] GC(16) Garbage Collection (Timer) 1788M(44%)->1794M(44%)
[5.084s][info][gc,start    ] GC(17) Garbage Collection (Timer)
[5.084s][info][gc,task     ] GC(17) Using 3 workers
[5.085s][info][gc,phases   ] GC(17) Pause Mark Start 0.005ms
[5.105s][info][gc,phases   ] GC(17) Concurrent Mark 20.478ms
[5.105s][info][gc,phases   ] GC(17) Pause Mark End 0.011ms
[5.105s][info][gc,phases   ] GC(17) Concurrent Mark Free 0.001ms
[5.106s][info][gc,phases   ] GC(17) Concurrent Process Non-Strong References 0.779ms
[5.106s][info][gc,phases   ] GC(17) Concurrent Reset Relocation Set 0.001ms
[5.109s][info][gc,phases   ] GC(17) Concurrent Select Relocation Set 2.380ms
[5.109s][info][gc,phases   ] GC(17) Pause Relocate Start 0.004ms
[5.111s][info][gc,phases   ] GC(17) Concurrent Relocate 2.107ms
[5.111s][info][gc,load     ] GC(17) Load: 0.00/0.00/0.00
[5.111s][info][gc,mmu      ] GC(17) MMU: 2ms/99.4%, 5ms/99.6%, 10ms/99.8%, 20ms/99.9%, 50ms/100.0%, 100ms/100.0%
[5.111s][info][gc,marking  ] GC(17) Mark: 2 stripe(s), 2 proactive flush(es), 1 terminate flush(es), 0 completion(s), 0 continuation(s) 
[5.111s][info][gc,marking  ] GC(17) Mark Stack Usage: 32M
[5.111s][info][gc,nmethod  ] GC(17) NMethods: 472 registered, 0 unregistered
[5.111s][info][gc,metaspace] GC(17) Metaspace: 1M used, 1M committed, 1088M reserved
[5.111s][info][gc,ref      ] GC(17) Soft: 181 encountered, 0 discovered, 0 enqueued
[5.111s][info][gc,ref      ] GC(17) Weak: 263 encountered, 0 discovered, 0 enqueued
[5.111s][info][gc,ref      ] GC(17) Final: 0 encountered, 0 discovered, 0 enqueued
[5.111s][info][gc,ref      ] GC(17) Phantom: 7 encountered, 3 discovered, 0 enqueued
[5.111s][info][gc,reloc    ] GC(17) Small Pages: 907 / 1814M, Empty: 0M, Relocated: 2M, In-Place: 0
[5.111s][info][gc,reloc    ] GC(17) Medium Pages: 1 / 32M, Empty: 0M, Relocated: 0M, In-Place: 0
[5.111s][info][gc,reloc    ] GC(17) Large Pages: 0 / 0M, Empty: 0M, Relocated: 0M, In-Place: 0
[5.111s][info][gc,reloc    ] GC(17) Forwarding Usage: 0M
[5.111s][info][gc,heap     ] GC(17) Min Capacity: 4096M(100%)
[5.111s][info][gc,heap     ] GC(17) Max Capacity: 4096M(100%)
[5.111s][info][gc,heap     ] GC(17) Soft Max Capacity: 4096M(100%)
[5.111s][info][gc,heap     ] GC(17)                Mark Start          Mark End        Relocate Start      Relocate End           High               Low         
[5.111s][info][gc,heap     ] GC(17)  Capacity:     4096M (100%)       4096M (100%)       4096M (100%)       4096M (100%)       4096M (100%)       4096M (100%)   
[5.111s][info][gc,heap     ] GC(17)      Free:     2250M (55%)        2250M (55%)        2250M (55%)        2252M (55%)        2252M (55%)        2244M (55%)    
[5.111s][info][gc,heap     ] GC(17)      Used:     1846M (45%)        1846M (45%)        1846M (45%)        1844M (45%)        1852M (45%)        1844M (45%)    
[5.112s][info][gc,heap     ] GC(17)      Live:         -              1652M (40%)        1652M (40%)        1652M (40%)            -                  -          
[5.112s][info][gc,heap     ] GC(17) Allocated:         -                 0M (0%)            0M (0%)            0M (0%)             -                  -          
[5.112s][info][gc,heap     ] GC(17)   Garbage:         -               193M (5%)          193M (5%)          191M (5%)             -                  -          
[5.112s][info][gc,heap     ] GC(17) Reclaimed:         -                  -                 0M (0%)            2M (0%)             -                  -          
[5.112s][info][gc          ] GC(17) Garbage Collection (Timer) 1846M(45%)->1844M(45%)
[5.385s][info][gc,start    ] GC(18) Garbage Collection (Timer)
[5.385s][info][gc,task     ] GC(18) Using 3 workers
[5.385s][info][gc,phases   ] GC(18) Pause Mark Start 0.006ms
[5.405s][info][gc,phases   ] GC(18) Concurrent Mark 20.277ms
[5.406s][info][gc,phases   ] GC(18) Pause Mark End 0.010ms
[5.406s][info][gc,phases   ] GC(18) Concurrent Mark Free 0.001ms
[5.407s][info][gc,phases   ] GC(18) Concurrent Process Non-Strong References 0.910ms
[5.407s][info][gc,phases   ] GC(18) Concurrent Reset Relocation Set 0.001ms
[5.409s][info][gc,phases   ] GC(18) Concurrent Select Relocation Set 2.095ms
[5.409s][info][gc,phases   ] GC(18) Pause Relocate Start 0.006ms
[5.409s][info][gc,phases   ] GC(18) Concurrent Relocate 0.227ms
[5.409s][info][gc,load     ] GC(18) Load: 0.00/0.00/0.00
[5.409s][info][gc,mmu      ] GC(18) MMU: 2ms/99.4%, 5ms/99.6%, 10ms/99.8%, 20ms/99.9%, 50ms/100.0%, 100ms/100.0%
[5.409s][info][gc,marking  ] GC(18) Mark: 2 stripe(s), 10 proactive flush(es), 1 terminate flush(es), 0 completion(s), 0 continuation(s) 
[5.409s][info][gc,marking  ] GC(18) Mark Stack Usage: 32M
[5.409s][info][gc,nmethod  ] GC(18) NMethods: 472 registered, 0 unregistered
[5.409s][info][gc,metaspace] GC(18) Metaspace: 1M used, 1M committed, 1088M reserved
[5.409s][info][gc,ref      ] GC(18) Soft: 181 encountered, 0 discovered, 0 enqueued
[5.409s][info][gc,ref      ] GC(18) Weak: 263 encountered, 1 discovered, 0 enqueued
[5.409s][info][gc,ref      ] GC(18) Final: 0 encountered, 0 discovered, 0 enqueued
[5.409s][info][gc,ref      ] GC(18) Phantom: 7 encountered, 5 discovered, 0 enqueued
[5.409s][info][gc,reloc    ] GC(18) Small Pages: 906 / 1812M, Empty: 0M, Relocated: 1M, In-Place: 0
[5.409s][info][gc,reloc    ] GC(18) Medium Pages: 1 / 32M, Empty: 0M, Relocated: 0M, In-Place: 0
[5.410s][info][gc,reloc    ] GC(18) Large Pages: 0 / 0M, Empty: 0M, Relocated: 0M, In-Place: 0
[5.410s][info][gc,reloc    ] GC(18) Forwarding Usage: 0M
[5.410s][info][gc,heap     ] GC(18) Min Capacity: 4096M(100%)
[5.410s][info][gc,heap     ] GC(18) Max Capacity: 4096M(100%)
[5.410s][info][gc,heap     ] GC(18) Soft Max Capacity: 4096M(100%)
[5.410s][info][gc,heap     ] GC(18)                Mark Start          Mark End        Relocate Start      Relocate End           High               Low         
[5.410s][info][gc,heap     ] GC(18)  Capacity:     4096M (100%)       4096M (100%)       4096M (100%)       4096M (100%)       4096M (100%)       4096M (100%)   
[5.410s][info][gc,heap     ] GC(18)      Free:     2252M (55%)        2252M (55%)        2252M (55%)        2252M (55%)        2252M (55%)        2248M (55%)    
[5.410s][info][gc,heap     ] GC(18)      Used:     1844M (45%)        1844M (45%)        1844M (45%)        1844M (45%)        1848M (45%)        1844M (45%)    
[5.410s][info][gc,heap     ] GC(18)      Live:         -              1652M (40%)        1652M (40%)        1652M (40%)            -                  -          
[5.410s][info][gc,heap     ] GC(18) Allocated:         -                 0M (0%)            0M (0%)            0M (0%)             -                  -          
[5.410s][info][gc,heap     ] GC(18)   Garbage:         -               191M (5%)          191M (5%)          191M (5%)             -                  -          
[5.410s][info][gc,heap     ] GC(18) Reclaimed:         -                  -                 0M (0%)            0M (0%)             -                  -          
[5.410s][info][gc          ] GC(18) Garbage Collection (Timer) 1844M(45%)->1844M(45%)
[5.684s][info][gc,start    ] GC(19) Garbage Collection (Timer)
[5.685s][info][gc,task     ] GC(19) Using 3 workers
[5.685s][info][gc,phases   ] GC(19) Pause Mark Start 0.006ms
[5.700s][info][gc,phases   ] GC(19) Concurrent Mark 15.003ms
[5.700s][info][gc,phases   ] GC(19) Pause Mark End 0.010ms
[5.700s][info][gc,phases   ] GC(19) Concurrent Mark Free 0.001ms
[5.701s][info][gc,phases   ] GC(19) Concurrent Process Non-Strong References 1.064ms
[5.701s][info][gc,phases   ] GC(19) Concurrent Reset Relocation Set 0.001ms
[5.703s][info][gc,phases   ] GC(19) Concurrent Select Relocation Set 2.116ms
[5.703s][info][gc,phases   ] GC(19) Pause Relocate Start 0.005ms
[5.704s][info][gc,phases   ] GC(19) Concurrent Relocate 0.216ms
[5.704s][info][gc,load     ] GC(19) Load: 0.00/0.00/0.00
[5.704s][info][gc,mmu      ] GC(19) MMU: 2ms/99.4%, 5ms/99.6%, 10ms/99.8%, 20ms/99.9%, 50ms/100.0%, 100ms/100.0%
[5.704s][info][gc,marking  ] GC(19) Mark: 2 stripe(s), 10 proactive flush(es), 1 terminate flush(es), 0 completion(s), 0 continuation(s) 
[5.704s][info][gc,marking  ] GC(19) Mark Stack Usage: 32M
[5.704s][info][gc,nmethod  ] GC(19) NMethods: 472 registered, 0 unregistered
[5.704s][info][gc,metaspace] GC(19) Metaspace: 1M used, 1M committed, 1088M reserved
[5.704s][info][gc,ref      ] GC(19) Soft: 181 encountered, 0 discovered, 0 enqueued
[5.704s][info][gc,ref      ] GC(19) Weak: 263 encountered, 1 discovered, 0 enqueued
[5.704s][info][gc,ref      ] GC(19) Final: 0 encountered, 0 discovered, 0 enqueued
[5.704s][info][gc,ref      ] GC(19) Phantom: 7 encountered, 5 discovered, 0 enqueued
[5.704s][info][gc,reloc    ] GC(19) Small Pages: 906 / 1812M, Empty: 0M, Relocated: 1M, In-Place: 0
[5.704s][info][gc,reloc    ] GC(19) Medium Pages: 1 / 32M, Empty: 0M, Relocated: 0M, In-Place: 0
[5.704s][info][gc,reloc    ] GC(19) Large Pages: 0 / 0M, Empty: 0M, Relocated: 0M, In-Place: 0
[5.704s][info][gc,reloc    ] GC(19) Forwarding Usage: 0M
[5.704s][info][gc,heap     ] GC(19) Min Capacity: 4096M(100%)
[5.704s][info][gc,heap     ] GC(19) Max Capacity: 4096M(100%)
[5.704s][info][gc,heap     ] GC(19) Soft Max Capacity: 4096M(100%)
[5.704s][info][gc,heap     ] GC(19)                Mark Start          Mark End        Relocate Start      Relocate End           High               Low         
[5.704s][info][gc,heap     ] GC(19)  Capacity:     4096M (100%)       4096M (100%)       4096M (100%)       4096M (100%)       4096M (100%)       4096M (100%)   
[5.704s][info][gc,heap     ] GC(19)      Free:     2252M (55%)        2252M (55%)        2252M (55%)        2252M (55%)        2252M (55%)        2248M (55%)    
[5.704s][info][gc,heap     ] GC(19)      Used:     1844M (45%)        1844M (45%)        1844M (45%)        1844M (45%)        1848M (45%)        1844M (45%)    
[5.704s][info][gc,heap     ] GC(19)      Live:         -              1652M (40%)        1652M (40%)        1652M (40%)            -                  -          
[5.704s][info][gc,heap     ] GC(19) Allocated:         -                 0M (0%)            0M (0%)            0M (0%)             -                  -          
[5.704s][info][gc,heap     ] GC(19)   Garbage:         -               191M (5%)          191M (5%)          191M (5%)             -                  -          
[5.704s][info][gc,heap     ] GC(19) Reclaimed:         -                  -                 0M (0%)            0M (0%)             -                  -          
[5.704s][info][gc          ] GC(19) Garbage Collection (Timer) 1844M(45%)->1844M(45%)
[5.985s][info][gc,start    ] GC(20) Garbage Collection (Timer)
[5.985s][info][gc,task     ] GC(20) Using 3 workers
[5.985s][info][gc,phases   ] GC(20) Pause Mark Start 0.005ms
[6.000s][info][gc,phases   ] GC(20) Concurrent Mark 15.162ms
[6.001s][info][gc,phases   ] GC(20) Pause Mark End 0.010ms
[6.001s][info][gc,phases   ] GC(20) Concurrent Mark Free 0.001ms
[6.001s][info][gc,phases   ] GC(20) Concurrent Process Non-Strong References 0.613ms
[6.001s][info][gc,phases   ] GC(20) Concurrent Reset Relocation Set 0.001ms
[6.004s][info][gc,phases   ] GC(20) Concurrent Select Relocation Set 2.261ms
[6.004s][info][gc,phases   ] GC(20) Pause Relocate Start 0.007ms
[6.005s][info][gc,phases   ] GC(20) Concurrent Relocate 0.739ms
[6.005s][info][gc,load     ] GC(20) Load: 0.00/0.00/0.00
[6.005s][info][gc,mmu      ] GC(20) MMU: 2ms/99.4%, 5ms/99.6%, 10ms/99.8%, 20ms/99.9%, 50ms/100.0%, 100ms/100.0%
[6.005s][info][gc,marking  ] GC(20) Mark: 2 stripe(s), 2 proactive flush(es), 1 terminate flush(es), 0 completion(s), 0 continuation(s) 
[6.005s][info][gc,marking  ] GC(20) Mark Stack Usage: 32M
[6.005s][info][gc,nmethod  ] GC(20) NMethods: 486 registered, 0 unregistered
[6.005s][info][gc,metaspace] GC(20) Metaspace: 1M used, 1M committed, 1088M reserved
[6.005s][info][gc,ref      ] GC(20) Soft: 181 encountered, 0 discovered, 0 enqueued
[6.005s][info][gc,ref      ] GC(20) Weak: 263 encountered, 1 discovered, 0 enqueued
[6.005s][info][gc,ref      ] GC(20) Final: 0 encountered, 0 discovered, 0 enqueued
[6.005s][info][gc,ref      ] GC(20) Phantom: 7 encountered, 3 discovered, 0 enqueued
[6.005s][info][gc,reloc    ] GC(20) Small Pages: 938 / 1876M, Empty: 0M, Relocated: 1M, In-Place: 0
[6.005s][info][gc,reloc    ] GC(20) Medium Pages: 1 / 32M, Empty: 0M, Relocated: 0M, In-Place: 0
[6.005s][info][gc,reloc    ] GC(20) Large Pages: 0 / 0M, Empty: 0M, Relocated: 0M, In-Place: 0
[6.005s][info][gc,reloc    ] GC(20) Forwarding Usage: 0M
[6.005s][info][gc,heap     ] GC(20) Min Capacity: 4096M(100%)
[6.005s][info][gc,heap     ] GC(20) Max Capacity: 4096M(100%)
[6.005s][info][gc,heap     ] GC(20) Soft Max Capacity: 4096M(100%)
[6.005s][info][gc,heap     ] GC(20)                Mark Start          Mark End        Relocate Start      Relocate End           High               Low         
[6.005s][info][gc,heap     ] GC(20)  Capacity:     4096M (100%)       4096M (100%)       4096M (100%)       4096M (100%)       4096M (100%)       4096M (100%)   
[6.005s][info][gc,heap     ] GC(20)      Free:     2188M (53%)        2182M (53%)        2180M (53%)        2180M (53%)        2188M (53%)        2176M (53%)    
[6.005s][info][gc,heap     ] GC(20)      Used:     1908M (47%)        1914M (47%)        1916M (47%)        1916M (47%)        1920M (47%)        1908M (47%)    
[6.005s][info][gc,heap     ] GC(20)      Live:         -              1710M (42%)        1710M (42%)        1710M (42%)            -                  -          
[6.005s][info][gc,heap     ] GC(20) Allocated:         -                 6M (0%)            8M (0%)            8M (0%)             -                  -          
[6.005s][info][gc,heap     ] GC(20)   Garbage:         -               197M (5%)          197M (5%)          197M (5%)             -                  -          
[6.005s][info][gc,heap     ] GC(20) Reclaimed:         -                  -                 0M (0%)            0M (0%)             -                  -          
[6.005s][info][gc          ] GC(20) Garbage Collection (Timer) 1908M(47%)->1916M(47%)
[6.285s][info][gc,start    ] GC(21) Garbage Collection (Timer)
[6.286s][info][gc,task     ] GC(21) Using 3 workers
[6.286s][info][gc,phases   ] GC(21) Pause Mark Start 0.005ms
[6.305s][info][gc,phases   ] GC(21) Concurrent Mark 18.787ms
[6.305s][info][gc,phases   ] GC(21) Pause Mark End 0.010ms
[6.305s][info][gc,phases   ] GC(21) Concurrent Mark Free 0.001ms
[6.306s][info][gc,phases   ] GC(21) Concurrent Process Non-Strong References 0.626ms
[6.306s][info][gc,phases   ] GC(21) Concurrent Reset Relocation Set 0.001ms
[6.308s][info][gc,phases   ] GC(21) Concurrent Select Relocation Set 2.447ms
[6.308s][info][gc,phases   ] GC(21) Pause Relocate Start 0.006ms
[6.310s][info][gc,phases   ] GC(21) Concurrent Relocate 1.879ms
[6.310s][info][gc,load     ] GC(21) Load: 0.00/0.00/0.00
[6.310s][info][gc,mmu      ] GC(21) MMU: 2ms/99.4%, 5ms/99.6%, 10ms/99.8%, 20ms/99.9%, 50ms/100.0%, 100ms/100.0%
[6.310s][info][gc,marking  ] GC(21) Mark: 2 stripe(s), 2 proactive flush(es), 1 terminate flush(es), 0 completion(s), 0 continuation(s) 
[6.310s][info][gc,marking  ] GC(21) Mark Stack Usage: 32M
[6.310s][info][gc,nmethod  ] GC(21) NMethods: 486 registered, 0 unregistered
[6.310s][info][gc,metaspace] GC(21) Metaspace: 1M used, 1M committed, 1088M reserved
[6.310s][info][gc,ref      ] GC(21) Soft: 181 encountered, 0 discovered, 0 enqueued
[6.310s][info][gc,ref      ] GC(21) Weak: 263 encountered, 1 discovered, 0 enqueued
[6.310s][info][gc,ref      ] GC(21) Final: 0 encountered, 0 discovered, 0 enqueued
[6.311s][info][gc,ref      ] GC(21) Phantom: 7 encountered, 3 discovered, 0 enqueued
[6.311s][info][gc,reloc    ] GC(21) Small Pages: 1038 / 2076M, Empty: 0M, Relocated: 4M, In-Place: 0
[6.311s][info][gc,reloc    ] GC(21) Medium Pages: 1 / 32M, Empty: 0M, Relocated: 0M, In-Place: 0
[6.311s][info][gc,reloc    ] GC(21) Large Pages: 0 / 0M, Empty: 0M, Relocated: 0M, In-Place: 0
[6.311s][info][gc,reloc    ] GC(21) Forwarding Usage: 0M
[6.311s][info][gc,heap     ] GC(21) Min Capacity: 4096M(100%)
[6.311s][info][gc,heap     ] GC(21) Max Capacity: 4096M(100%)
[6.311s][info][gc,heap     ] GC(21) Soft Max Capacity: 4096M(100%)
[6.311s][info][gc,heap     ] GC(21)                Mark Start          Mark End        Relocate Start      Relocate End           High               Low         
[6.311s][info][gc,heap     ] GC(21)  Capacity:     4096M (100%)       4096M (100%)       4096M (100%)       4096M (100%)       4096M (100%)       4096M (100%)   
[6.311s][info][gc,heap     ] GC(21)      Free:     1988M (49%)        1986M (48%)        1984M (48%)        1986M (48%)        1988M (49%)        1978M (48%)    
[6.311s][info][gc,heap     ] GC(21)      Used:     2108M (51%)        2110M (52%)        2112M (52%)        2110M (52%)        2118M (52%)        2108M (51%)    
[6.311s][info][gc,heap     ] GC(21)      Live:         -              1891M (46%)        1891M (46%)        1891M (46%)            -                  -          
[6.311s][info][gc,heap     ] GC(21) Allocated:         -                 2M (0%)            4M (0%)            3M (0%)             -                  -          
[6.311s][info][gc,heap     ] GC(21)   Garbage:         -               216M (5%)          216M (5%)          214M (5%)             -                  -          
[6.311s][info][gc,heap     ] GC(21) Reclaimed:         -                  -                 0M (0%)            1M (0%)             -                  -          
[6.311s][info][gc          ] GC(21) Garbage Collection (Timer) 2108M(51%)->2110M(52%)
[6.585s][info][gc,start    ] GC(22) Garbage Collection (Timer)
[6.585s][info][gc,task     ] GC(22) Using 3 workers
[6.585s][info][gc,phases   ] GC(22) Pause Mark Start 0.006ms
[6.606s][info][gc,phases   ] GC(22) Concurrent Mark 20.821ms
[6.606s][info][gc,phases   ] GC(22) Pause Mark End 0.009ms
[6.606s][info][gc,phases   ] GC(22) Concurrent Mark Free 0.001ms
[6.607s][info][gc,phases   ] GC(22) Concurrent Process Non-Strong References 0.850ms
[6.607s][info][gc,phases   ] GC(22) Concurrent Reset Relocation Set 0.001ms
[6.609s][info][gc,phases   ] GC(22) Concurrent Select Relocation Set 2.183ms
[6.610s][info][gc,phases   ] GC(22) Pause Relocate Start 0.005ms
[6.611s][info][gc,phases   ] GC(22) Concurrent Relocate 0.894ms
[6.611s][info][gc,load     ] GC(22) Load: 0.00/0.00/0.00
[6.611s][info][gc,mmu      ] GC(22) MMU: 2ms/99.4%, 5ms/99.6%, 10ms/99.8%, 20ms/99.9%, 50ms/100.0%, 100ms/100.0%
[6.611s][info][gc,marking  ] GC(22) Mark: 2 stripe(s), 2 proactive flush(es), 1 terminate flush(es), 0 completion(s), 0 continuation(s) 
[6.611s][info][gc,marking  ] GC(22) Mark Stack Usage: 32M
[6.611s][info][gc,nmethod  ] GC(22) NMethods: 486 registered, 0 unregistered
[6.611s][info][gc,metaspace] GC(22) Metaspace: 1M used, 1M committed, 1088M reserved
[6.611s][info][gc,ref      ] GC(22) Soft: 181 encountered, 0 discovered, 0 enqueued
[6.611s][info][gc,ref      ] GC(22) Weak: 263 encountered, 1 discovered, 0 enqueued
[6.611s][info][gc,ref      ] GC(22) Final: 0 encountered, 0 discovered, 0 enqueued
[6.611s][info][gc,ref      ] GC(22) Phantom: 7 encountered, 4 discovered, 0 enqueued
[6.611s][info][gc,reloc    ] GC(22) Small Pages: 1107 / 2214M, Empty: 0M, Relocated: 1M, In-Place: 0
[6.611s][info][gc,reloc    ] GC(22) Medium Pages: 2 / 64M, Empty: 32M, Relocated: 0M, In-Place: 0
[6.611s][info][gc,reloc    ] GC(22) Large Pages: 0 / 0M, Empty: 0M, Relocated: 0M, In-Place: 0
[6.611s][info][gc,reloc    ] GC(22) Forwarding Usage: 0M
[6.611s][info][gc,heap     ] GC(22) Min Capacity: 4096M(100%)
[6.611s][info][gc,heap     ] GC(22) Max Capacity: 4096M(100%)
[6.611s][info][gc,heap     ] GC(22) Soft Max Capacity: 4096M(100%)
[6.611s][info][gc,heap     ] GC(22)                Mark Start          Mark End        Relocate Start      Relocate End           High               Low         
[6.611s][info][gc,heap     ] GC(22)  Capacity:     4096M (100%)       4096M (100%)       4096M (100%)       4096M (100%)       4096M (100%)       4096M (100%)   
[6.611s][info][gc,heap     ] GC(22)      Free:     1818M (44%)        1816M (44%)        1846M (45%)        1846M (45%)        1846M (45%)        1814M (44%)    
[6.611s][info][gc,heap     ] GC(22)      Used:     2278M (56%)        2280M (56%)        2250M (55%)        2250M (55%)        2282M (56%)        2250M (55%)    
[6.611s][info][gc,heap     ] GC(22)      Live:         -              2018M (49%)        2018M (49%)        2018M (49%)            -                  -          
[6.611s][info][gc,heap     ] GC(22) Allocated:         -                 2M (0%)            4M (0%)            4M (0%)             -                  -          
[6.611s][info][gc,heap     ] GC(22)   Garbage:         -               259M (6%)          227M (6%)          227M (6%)             -                  -          
[6.611s][info][gc,heap     ] GC(22) Reclaimed:         -                  -                32M (1%)           32M (1%)             -                  -          
[6.611s][info][gc          ] GC(22) Garbage Collection (Timer) 2278M(56%)->2250M(55%)
[6.886s][info][gc,start    ] GC(23) Garbage Collection (Timer)
[6.886s][info][gc,task     ] GC(23) Using 3 workers
[6.886s][info][gc,phases   ] GC(23) Pause Mark Start 0.006ms
[6.909s][info][gc,phases   ] GC(23) Concurrent Mark 23.256ms
[6.909s][info][gc,phases   ] GC(23) Pause Mark End 0.011ms
[6.909s][info][gc,phases   ] GC(23) Concurrent Mark Free 0.001ms
[6.910s][info][gc,phases   ] GC(23) Concurrent Process Non-Strong References 0.882ms
[6.910s][info][gc,phases   ] GC(23) Concurrent Reset Relocation Set 0.001ms
[6.913s][info][gc,phases   ] GC(23) Concurrent Select Relocation Set 2.312ms
[6.913s][info][gc,phases   ] GC(23) Pause Relocate Start 0.006ms
[6.914s][info][gc,phases   ] GC(23) Concurrent Relocate 1.414ms
[6.915s][info][gc,load     ] GC(23) Load: 0.00/0.00/0.00
[6.915s][info][gc,mmu      ] GC(23) MMU: 2ms/99.4%, 5ms/99.6%, 10ms/99.8%, 20ms/99.9%, 50ms/100.0%, 100ms/100.0%
[6.915s][info][gc,marking  ] GC(23) Mark: 2 stripe(s), 3 proactive flush(es), 1 terminate flush(es), 0 completion(s), 0 continuation(s) 
[6.915s][info][gc,marking  ] GC(23) Mark Stack Usage: 32M
[6.915s][info][gc,nmethod  ] GC(23) NMethods: 486 registered, 0 unregistered
[6.915s][info][gc,metaspace] GC(23) Metaspace: 1M used, 1M committed, 1088M reserved
[6.915s][info][gc,ref      ] GC(23) Soft: 181 encountered, 0 discovered, 0 enqueued
[6.915s][info][gc,ref      ] GC(23) Weak: 263 encountered, 1 discovered, 0 enqueued
[6.915s][info][gc,ref      ] GC(23) Final: 0 encountered, 0 discovered, 0 enqueued
[6.915s][info][gc,ref      ] GC(23) Phantom: 7 encountered, 3 discovered, 0 enqueued
[6.915s][info][gc,reloc    ] GC(23) Small Pages: 1180 / 2360M, Empty: 0M, Relocated: 3M, In-Place: 0
[6.915s][info][gc,reloc    ] GC(23) Medium Pages: 1 / 32M, Empty: 0M, Relocated: 0M, In-Place: 0
[6.915s][info][gc,reloc    ] GC(23) Large Pages: 0 / 0M, Empty: 0M, Relocated: 0M, In-Place: 0
[6.915s][info][gc,reloc    ] GC(23) Forwarding Usage: 0M
[6.915s][info][gc,heap     ] GC(23) Min Capacity: 4096M(100%)
[6.915s][info][gc,heap     ] GC(23) Max Capacity: 4096M(100%)
[6.915s][info][gc,heap     ] GC(23) Soft Max Capacity: 4096M(100%)
[6.915s][info][gc,heap     ] GC(23)                Mark Start          Mark End        Relocate Start      Relocate End           High               Low         
[6.915s][info][gc,heap     ] GC(23)  Capacity:     4096M (100%)       4096M (100%)       4096M (100%)       4096M (100%)       4096M (100%)       4096M (100%)   
[6.915s][info][gc,heap     ] GC(23)      Free:     1704M (42%)        1702M (42%)        1698M (41%)        1702M (42%)        1704M (42%)        1692M (41%)    
[6.915s][info][gc,heap     ] GC(23)      Used:     2392M (58%)        2394M (58%)        2398M (59%)        2394M (58%)        2404M (59%)        2392M (58%)    
[6.915s][info][gc,heap     ] GC(23)      Live:         -              2151M (53%)        2151M (53%)        2151M (53%)            -                  -          
[6.915s][info][gc,heap     ] GC(23) Allocated:         -                 2M (0%)            6M (0%)            6M (0%)             -                  -          
[6.915s][info][gc,heap     ] GC(23)   Garbage:         -               240M (6%)          240M (6%)          236M (6%)             -                  -          
[6.915s][info][gc,heap     ] GC(23) Reclaimed:         -                  -                 0M (0%)            4M (0%)             -                  -          
[6.915s][info][gc          ] GC(23) Garbage Collection (Timer) 2392M(58%)->2394M(58%)
[7.185s][info][gc,start    ] GC(24) Garbage Collection (Timer)
[7.185s][info][gc,task     ] GC(24) Using 3 workers
[7.185s][info][gc,phases   ] GC(24) Pause Mark Start 0.006ms
[7.217s][info][gc,phases   ] GC(24) Concurrent Mark 31.807ms
[7.217s][info][gc,phases   ] GC(24) Pause Mark End 0.010ms
[7.217s][info][gc,phases   ] GC(24) Concurrent Mark Free 0.001ms
[7.218s][info][gc,phases   ] GC(24) Concurrent Process Non-Strong References 0.785ms
[7.218s][info][gc,phases   ] GC(24) Concurrent Reset Relocation Set 0.001ms
[7.220s][info][gc,phases   ] GC(24) Concurrent Select Relocation Set 2.291ms
[7.220s][info][gc,phases   ] GC(24) Pause Relocate Start 0.005ms
[7.222s][info][gc,phases   ] GC(24) Concurrent Relocate 1.706ms
[7.222s][info][gc,load     ] GC(24) Load: 0.00/0.00/0.00
[7.222s][info][gc,mmu      ] GC(24) MMU: 2ms/99.4%, 5ms/99.6%, 10ms/99.8%, 20ms/99.9%, 50ms/100.0%, 100ms/100.0%
[7.222s][info][gc,marking  ] GC(24) Mark: 2 stripe(s), 10 proactive flush(es), 1 terminate flush(es), 0 completion(s), 0 continuation(s) 
[7.222s][info][gc,marking  ] GC(24) Mark Stack Usage: 32M
[7.222s][info][gc,nmethod  ] GC(24) NMethods: 486 registered, 0 unregistered
[7.222s][info][gc,metaspace] GC(24) Metaspace: 1M used, 1M committed, 1088M reserved
[7.222s][info][gc,ref      ] GC(24) Soft: 181 encountered, 0 discovered, 0 enqueued
[7.222s][info][gc,ref      ] GC(24) Weak: 263 encountered, 2 discovered, 0 enqueued
[7.222s][info][gc,ref      ] GC(24) Final: 0 encountered, 0 discovered, 0 enqueued
[7.223s][info][gc,ref      ] GC(24) Phantom: 7 encountered, 5 discovered, 0 enqueued
[7.223s][info][gc,reloc    ] GC(24) Small Pages: 1207 / 2414M, Empty: 0M, Relocated: 3M, In-Place: 0
[7.223s][info][gc,reloc    ] GC(24) Medium Pages: 1 / 32M, Empty: 0M, Relocated: 0M, In-Place: 0
[7.223s][info][gc,reloc    ] GC(24) Large Pages: 0 / 0M, Empty: 0M, Relocated: 0M, In-Place: 0
[7.223s][info][gc,reloc    ] GC(24) Forwarding Usage: 0M
[7.223s][info][gc,heap     ] GC(24) Min Capacity: 4096M(100%)
[7.223s][info][gc,heap     ] GC(24) Max Capacity: 4096M(100%)
[7.223s][info][gc,heap     ] GC(24) Soft Max Capacity: 4096M(100%)
[7.223s][info][gc,heap     ] GC(24)                Mark Start          Mark End        Relocate Start      Relocate End           High               Low         
[7.223s][info][gc,heap     ] GC(24)  Capacity:     4096M (100%)       4096M (100%)       4096M (100%)       4096M (100%)       4096M (100%)       4096M (100%)   
[7.223s][info][gc,heap     ] GC(24)      Free:     1650M (40%)        1650M (40%)        1650M (40%)        1650M (40%)        1650M (40%)        1644M (40%)    
[7.223s][info][gc,heap     ] GC(24)      Used:     2446M (60%)        2446M (60%)        2446M (60%)        2446M (60%)        2452M (60%)        2446M (60%)    
[7.223s][info][gc,heap     ] GC(24)      Live:         -              2204M (54%)        2204M (54%)        2204M (54%)            -                  -          
[7.223s][info][gc,heap     ] GC(24) Allocated:         -                 0M (0%)            0M (0%)            0M (0%)             -                  -          
[7.223s][info][gc,heap     ] GC(24)   Garbage:         -               241M (6%)          241M (6%)          241M (6%)             -                  -          
[7.223s][info][gc,heap     ] GC(24) Reclaimed:         -                  -                 0M (0%)            0M (0%)             -                  -          
[7.223s][info][gc          ] GC(24) Garbage Collection (Timer) 2446M(60%)->2446M(60%)
[7.485s][info][gc,start    ] GC(25) Garbage Collection (Timer)
[7.485s][info][gc,task     ] GC(25) Using 3 workers
[7.485s][info][gc,phases   ] GC(25) Pause Mark Start 0.005ms
[7.510s][info][gc,phases   ] GC(25) Concurrent Mark 24.338ms
[7.510s][info][gc,phases   ] GC(25) Pause Mark End 0.011ms
[7.510s][info][gc,phases   ] GC(25) Concurrent Mark Free 0.001ms
[7.511s][info][gc,phases   ] GC(25) Concurrent Process Non-Strong References 0.665ms
[7.511s][info][gc,phases   ] GC(25) Concurrent Reset Relocation Set 0.001ms
[7.513s][info][gc,phases   ] GC(25) Concurrent Select Relocation Set 2.236ms
[7.513s][info][gc,phases   ] GC(25) Pause Relocate Start 0.005ms
[7.514s][info][gc,phases   ] GC(25) Concurrent Relocate 1.028ms
[7.514s][info][gc,load     ] GC(25) Load: 0.00/0.00/0.00
[7.514s][info][gc,mmu      ] GC(25) MMU: 2ms/99.4%, 5ms/99.6%, 10ms/99.8%, 20ms/99.9%, 50ms/100.0%, 100ms/100.0%
[7.514s][info][gc,marking  ] GC(25) Mark: 2 stripe(s), 8 proactive flush(es), 1 terminate flush(es), 0 completion(s), 0 continuation(s) 
[7.514s][info][gc,marking  ] GC(25) Mark Stack Usage: 32M
[7.514s][info][gc,nmethod  ] GC(25) NMethods: 486 registered, 0 unregistered
[7.514s][info][gc,metaspace] GC(25) Metaspace: 1M used, 1M committed, 1088M reserved
[7.514s][info][gc,ref      ] GC(25) Soft: 181 encountered, 0 discovered, 0 enqueued
[7.514s][info][gc,ref      ] GC(25) Weak: 263 encountered, 144 discovered, 0 enqueued
[7.514s][info][gc,ref      ] GC(25) Final: 0 encountered, 0 discovered, 0 enqueued
[7.514s][info][gc,ref      ] GC(25) Phantom: 7 encountered, 5 discovered, 0 enqueued
[7.514s][info][gc,reloc    ] GC(25) Small Pages: 1207 / 2414M, Empty: 0M, Relocated: 3M, In-Place: 0
[7.514s][info][gc,reloc    ] GC(25) Medium Pages: 1 / 32M, Empty: 0M, Relocated: 0M, In-Place: 0
[7.514s][info][gc,reloc    ] GC(25) Large Pages: 0 / 0M, Empty: 0M, Relocated: 0M, In-Place: 0
[7.514s][info][gc,reloc    ] GC(25) Forwarding Usage: 0M
[7.514s][info][gc,heap     ] GC(25) Min Capacity: 4096M(100%)
[7.514s][info][gc,heap     ] GC(25) Max Capacity: 4096M(100%)
[7.514s][info][gc,heap     ] GC(25) Soft Max Capacity: 4096M(100%)
[7.514s][info][gc,heap     ] GC(25)                Mark Start          Mark End        Relocate Start      Relocate End           High               Low         
[7.515s][info][gc,heap     ] GC(25)  Capacity:     4096M (100%)       4096M (100%)       4096M (100%)       4096M (100%)       4096M (100%)       4096M (100%)   
[7.515s][info][gc,heap     ] GC(25)      Free:     1650M (40%)        1650M (40%)        1650M (40%)        1650M (40%)        1650M (40%)        1644M (40%)    
[7.515s][info][gc,heap     ] GC(25)      Used:     2446M (60%)        2446M (60%)        2446M (60%)        2446M (60%)        2452M (60%)        2446M (60%)    
[7.515s][info][gc,heap     ] GC(25)      Live:         -              2204M (54%)        2204M (54%)        2204M (54%)            -                  -          
[7.515s][info][gc,heap     ] GC(25) Allocated:         -                 0M (0%)            0M (0%)            0M (0%)             -                  -          
[7.515s][info][gc,heap     ] GC(25)   Garbage:         -               241M (6%)          241M (6%)          241M (6%)             -                  -          
[7.515s][info][gc,heap     ] GC(25) Reclaimed:         -                  -                 0M (0%)            0M (0%)             -                  -          
[7.515s][info][gc          ] GC(25) Garbage Collection (Timer) 2446M(60%)->2446M(60%)
[7.785s][info][gc,start    ] GC(26) Garbage Collection (Timer)
[7.785s][info][gc,task     ] GC(26) Using 3 workers
[7.785s][info][gc,phases   ] GC(26) Pause Mark Start 0.005ms
[7.807s][info][gc,phases   ] GC(26) Concurrent Mark 21.645ms
[7.807s][info][gc,phases   ] GC(26) Pause Mark End 0.011ms
[7.807s][info][gc,phases   ] GC(26) Concurrent Mark Free 0.001ms
[7.808s][info][gc,phases   ] GC(26) Concurrent Process Non-Strong References 0.815ms
[7.808s][info][gc,phases   ] GC(26) Concurrent Reset Relocation Set 0.001ms
[7.810s][info][gc,phases   ] GC(26) Concurrent Select Relocation Set 2.138ms
[7.810s][info][gc,phases   ] GC(26) Pause Relocate Start 0.005ms
[7.811s][info][gc,phases   ] GC(26) Concurrent Relocate 0.970ms
[7.811s][info][gc,load     ] GC(26) Load: 0.00/0.00/0.00
[7.811s][info][gc,mmu      ] GC(26) MMU: 2ms/99.4%, 5ms/99.6%, 10ms/99.8%, 20ms/99.9%, 50ms/100.0%, 100ms/100.0%
[7.811s][info][gc,marking  ] GC(26) Mark: 2 stripe(s), 5 proactive flush(es), 1 terminate flush(es), 0 completion(s), 0 continuation(s) 
[7.811s][info][gc,marking  ] GC(26) Mark Stack Usage: 32M
[7.811s][info][gc,nmethod  ] GC(26) NMethods: 486 registered, 0 unregistered
[7.811s][info][gc,metaspace] GC(26) Metaspace: 1M used, 1M committed, 1088M reserved
[7.811s][info][gc,ref      ] GC(26) Soft: 181 encountered, 0 discovered, 0 enqueued
[7.811s][info][gc,ref      ] GC(26) Weak: 263 encountered, 144 discovered, 0 enqueued
[7.811s][info][gc,ref      ] GC(26) Final: 0 encountered, 0 discovered, 0 enqueued
[7.811s][info][gc,ref      ] GC(26) Phantom: 7 encountered, 5 discovered, 0 enqueued
[7.811s][info][gc,reloc    ] GC(26) Small Pages: 1207 / 2414M, Empty: 0M, Relocated: 3M, In-Place: 0
[7.812s][info][gc,reloc    ] GC(26) Medium Pages: 1 / 32M, Empty: 0M, Relocated: 0M, In-Place: 0
[7.812s][info][gc,reloc    ] GC(26) Large Pages: 0 / 0M, Empty: 0M, Relocated: 0M, In-Place: 0
[7.812s][info][gc,reloc    ] GC(26) Forwarding Usage: 0M
[7.812s][info][gc,heap     ] GC(26) Min Capacity: 4096M(100%)
[7.812s][info][gc,heap     ] GC(26) Max Capacity: 4096M(100%)
[7.812s][info][gc,heap     ] GC(26) Soft Max Capacity: 4096M(100%)
[7.812s][info][gc,heap     ] GC(26)                Mark Start          Mark End        Relocate Start      Relocate End           High               Low         
[7.812s][info][gc,heap     ] GC(26)  Capacity:     4096M (100%)       4096M (100%)       4096M (100%)       4096M (100%)       4096M (100%)       4096M (100%)   
[7.812s][info][gc,heap     ] GC(26)      Free:     1650M (40%)        1650M (40%)        1650M (40%)        1650M (40%)        1650M (40%)        1644M (40%)    
[7.812s][info][gc,heap     ] GC(26)      Used:     2446M (60%)        2446M (60%)        2446M (60%)        2446M (60%)        2452M (60%)        2446M (60%)    
[7.812s][info][gc,heap     ] GC(26)      Live:         -              2204M (54%)        2204M (54%)        2204M (54%)            -                  -          
[7.812s][info][gc,heap     ] GC(26) Allocated:         -                 0M (0%)            0M (0%)            0M (0%)             -                  -          
[7.812s][info][gc,heap     ] GC(26)   Garbage:         -               241M (6%)          241M (6%)          241M (6%)             -                  -          
[7.812s][info][gc,heap     ] GC(26) Reclaimed:         -                  -                 0M (0%)            0M (0%)             -                  -          
[7.812s][info][gc          ] GC(26) Garbage Collection (Timer) 2446M(60%)->2446M(60%)
[8.085s][info][gc,start    ] GC(27) Garbage Collection (Timer)
[8.086s][info][gc,task     ] GC(27) Using 3 workers
[8.086s][info][gc,phases   ] GC(27) Pause Mark Start 0.005ms
[8.100s][info][gc,phases   ] GC(27) Concurrent Mark 14.589ms
[8.101s][info][gc,phases   ] GC(27) Pause Mark End 0.010ms
[8.101s][info][gc,phases   ] GC(27) Concurrent Mark Free 0.001ms
[8.102s][info][gc,phases   ] GC(27) Concurrent Process Non-Strong References 0.915ms
[8.102s][info][gc,phases   ] GC(27) Concurrent Reset Relocation Set 0.001ms
[8.104s][info][gc,phases   ] GC(27) Concurrent Select Relocation Set 2.512ms
[8.104s][info][gc,phases   ] GC(27) Pause Relocate Start 0.006ms
[8.105s][info][gc,phases   ] GC(27) Concurrent Relocate 0.720ms
[8.105s][info][gc,load     ] GC(27) Load: 0.00/0.00/0.00
[8.105s][info][gc,mmu      ] GC(27) MMU: 2ms/99.4%, 5ms/99.6%, 10ms/99.8%, 20ms/99.9%, 50ms/100.0%, 100ms/100.0%
[8.105s][info][gc,marking  ] GC(27) Mark: 2 stripe(s), 2 proactive flush(es), 1 terminate flush(es), 0 completion(s), 0 continuation(s) 
[8.105s][info][gc,marking  ] GC(27) Mark Stack Usage: 32M
[8.105s][info][gc,nmethod  ] GC(27) NMethods: 491 registered, 0 unregistered
[8.105s][info][gc,metaspace] GC(27) Metaspace: 1M used, 1M committed, 1088M reserved
[8.105s][info][gc,ref      ] GC(27) Soft: 181 encountered, 0 discovered, 0 enqueued
[8.105s][info][gc,ref      ] GC(27) Weak: 263 encountered, 144 discovered, 0 enqueued
[8.105s][info][gc,ref      ] GC(27) Final: 0 encountered, 0 discovered, 0 enqueued
[8.106s][info][gc,ref      ] GC(27) Phantom: 7 encountered, 4 discovered, 0 enqueued
[8.106s][info][gc,reloc    ] GC(27) Small Pages: 1222 / 2444M, Empty: 0M, Relocated: 1M, In-Place: 0
[8.106s][info][gc,reloc    ] GC(27) Medium Pages: 1 / 32M, Empty: 0M, Relocated: 0M, In-Place: 0
[8.106s][info][gc,reloc    ] GC(27) Large Pages: 0 / 0M, Empty: 0M, Relocated: 0M, In-Place: 0
[8.106s][info][gc,reloc    ] GC(27) Forwarding Usage: 0M
[8.106s][info][gc,heap     ] GC(27) Min Capacity: 4096M(100%)
[8.106s][info][gc,heap     ] GC(27) Max Capacity: 4096M(100%)
[8.106s][info][gc,heap     ] GC(27) Soft Max Capacity: 4096M(100%)
[8.106s][info][gc,heap     ] GC(27)                Mark Start          Mark End        Relocate Start      Relocate End           High               Low         
[8.106s][info][gc,heap     ] GC(27)  Capacity:     4096M (100%)       4096M (100%)       4096M (100%)       4096M (100%)       4096M (100%)       4096M (100%)   
[8.106s][info][gc,heap     ] GC(27)      Free:     1620M (40%)        1616M (39%)        1614M (39%)        1616M (39%)        1620M (40%)        1612M (39%)    
[8.106s][info][gc,heap     ] GC(27)      Used:     2476M (60%)        2480M (61%)        2482M (61%)        2480M (61%)        2484M (61%)        2476M (60%)    
[8.106s][info][gc,heap     ] GC(27)      Live:         -              2228M (54%)        2228M (54%)        2228M (54%)            -                  -          
[8.106s][info][gc,heap     ] GC(27) Allocated:         -                 4M (0%)            6M (0%)            6M (0%)             -                  -          
[8.106s][info][gc,heap     ] GC(27)   Garbage:         -               247M (6%)          247M (6%)          245M (6%)             -                  -          
[8.106s][info][gc,heap     ] GC(27) Reclaimed:         -                  -                 0M (0%)            2M (0%)             -                  -          
[8.106s][info][gc          ] GC(27) Garbage Collection (Timer) 2476M(60%)->2480M(61%)
[8.386s][info][gc,start    ] GC(28) Garbage Collection (Timer)
[8.386s][info][gc,task     ] GC(28) Using 3 workers
[8.386s][info][gc,phases   ] GC(28) Pause Mark Start 0.006ms
[8.407s][info][gc,phases   ] GC(28) Concurrent Mark 20.926ms
[8.407s][info][gc,phases   ] GC(28) Pause Mark End 0.009ms
[8.407s][info][gc,phases   ] GC(28) Concurrent Mark Free 0.001ms
[8.408s][info][gc,phases   ] GC(28) Concurrent Process Non-Strong References 0.825ms
[8.408s][info][gc,phases   ] GC(28) Concurrent Reset Relocation Set 0.001ms
[8.410s][info][gc,phases   ] GC(28) Concurrent Select Relocation Set 2.152ms
[8.410s][info][gc,phases   ] GC(28) Pause Relocate Start 0.004ms
[8.412s][info][gc,phases   ] GC(28) Concurrent Relocate 1.428ms
[8.412s][info][gc,load     ] GC(28) Load: 0.00/0.00/0.00
[8.412s][info][gc,mmu      ] GC(28) MMU: 2ms/99.4%, 5ms/99.6%, 10ms/99.8%, 20ms/99.9%, 50ms/100.0%, 100ms/100.0%
[8.412s][info][gc,marking  ] GC(28) Mark: 2 stripe(s), 2 proactive flush(es), 1 terminate flush(es), 0 completion(s), 0 continuation(s) 
[8.412s][info][gc,marking  ] GC(28) Mark Stack Usage: 32M
[8.412s][info][gc,nmethod  ] GC(28) NMethods: 491 registered, 0 unregistered
[8.412s][info][gc,metaspace] GC(28) Metaspace: 1M used, 1M committed, 1088M reserved
[8.412s][info][gc,ref      ] GC(28) Soft: 181 encountered, 0 discovered, 0 enqueued
[8.412s][info][gc,ref      ] GC(28) Weak: 263 encountered, 144 discovered, 0 enqueued
[8.412s][info][gc,ref      ] GC(28) Final: 0 encountered, 0 discovered, 0 enqueued
[8.412s][info][gc,ref      ] GC(28) Phantom: 7 encountered, 3 discovered, 0 enqueued
[8.412s][info][gc,reloc    ] GC(28) Small Pages: 1283 / 2566M, Empty: 0M, Relocated: 3M, In-Place: 0
[8.412s][info][gc,reloc    ] GC(28) Medium Pages: 1 / 32M, Empty: 0M, Relocated: 0M, In-Place: 0
[8.412s][info][gc,reloc    ] GC(28) Large Pages: 0 / 0M, Empty: 0M, Relocated: 0M, In-Place: 0
[8.412s][info][gc,reloc    ] GC(28) Forwarding Usage: 0M
[8.412s][info][gc,heap     ] GC(28) Min Capacity: 4096M(100%)
[8.412s][info][gc,heap     ] GC(28) Max Capacity: 4096M(100%)
[8.412s][info][gc,heap     ] GC(28) Soft Max Capacity: 4096M(100%)
[8.412s][info][gc,heap     ] GC(28)                Mark Start          Mark End        Relocate Start      Relocate End           High               Low         
[8.412s][info][gc,heap     ] GC(28)  Capacity:     4096M (100%)       4096M (100%)       4096M (100%)       4096M (100%)       4096M (100%)       4096M (100%)   
[8.412s][info][gc,heap     ] GC(28)      Free:     1498M (37%)        1494M (36%)        1492M (36%)        1494M (36%)        1498M (37%)        1486M (36%)    
[8.412s][info][gc,heap     ] GC(28)      Used:     2598M (63%)        2602M (64%)        2604M (64%)        2602M (64%)        2610M (64%)        2598M (63%)    
[8.412s][info][gc,heap     ] GC(28)      Live:         -              2340M (57%)        2340M (57%)        2340M (57%)            -                  -          
[8.412s][info][gc,heap     ] GC(28) Allocated:         -                 4M (0%)            6M (0%)            6M (0%)             -                  -          
[8.412s][info][gc,heap     ] GC(28)   Garbage:         -               257M (6%)          257M (6%)          255M (6%)             -                  -          
[8.412s][info][gc,heap     ] GC(28) Reclaimed:         -                  -                 0M (0%)            2M (0%)             -                  -          
[8.413s][info][gc          ] GC(28) Garbage Collection (Timer) 2598M(63%)->2602M(64%)
[8.685s][info][gc,start    ] GC(29) Garbage Collection (Timer)
[8.685s][info][gc,task     ] GC(29) Using 3 workers
[8.686s][info][gc,phases   ] GC(29) Pause Mark Start 0.005ms
[8.706s][info][gc,phases   ] GC(29) Concurrent Mark 20.664ms
[8.707s][info][gc,phases   ] GC(29) Pause Mark End 0.009ms
[8.707s][info][gc,phases   ] GC(29) Concurrent Mark Free 0.001ms
[8.708s][info][gc,phases   ] GC(29) Concurrent Process Non-Strong References 0.775ms
[8.708s][info][gc,phases   ] GC(29) Concurrent Reset Relocation Set 0.001ms
[8.710s][info][gc,phases   ] GC(29) Concurrent Select Relocation Set 2.167ms
[8.710s][info][gc,phases   ] GC(29) Pause Relocate Start 0.005ms
[8.711s][info][gc,phases   ] GC(29) Concurrent Relocate 0.912ms
[8.711s][info][gc,load     ] GC(29) Load: 0.00/0.00/0.00
[8.711s][info][gc,mmu      ] GC(29) MMU: 2ms/99.4%, 5ms/99.6%, 10ms/99.8%, 20ms/99.9%, 50ms/100.0%, 100ms/100.0%
[8.711s][info][gc,marking  ] GC(29) Mark: 2 stripe(s), 2 proactive flush(es), 1 terminate flush(es), 0 completion(s), 0 continuation(s) 
[8.711s][info][gc,marking  ] GC(29) Mark Stack Usage: 32M
[8.711s][info][gc,nmethod  ] GC(29) NMethods: 491 registered, 0 unregistered
[8.711s][info][gc,metaspace] GC(29) Metaspace: 1M used, 1M committed, 1088M reserved
[8.711s][info][gc,ref      ] GC(29) Soft: 181 encountered, 0 discovered, 0 enqueued
[8.711s][info][gc,ref      ] GC(29) Weak: 263 encountered, 146 discovered, 0 enqueued
[8.711s][info][gc,ref      ] GC(29) Final: 0 encountered, 0 discovered, 0 enqueued
[8.711s][info][gc,ref      ] GC(29) Phantom: 7 encountered, 4 discovered, 0 enqueued
[8.711s][info][gc,reloc    ] GC(29) Small Pages: 1346 / 2692M, Empty: 0M, Relocated: 1M, In-Place: 0
[8.711s][info][gc,reloc    ] GC(29) Medium Pages: 1 / 32M, Empty: 0M, Relocated: 0M, In-Place: 0
[8.711s][info][gc,reloc    ] GC(29) Large Pages: 0 / 0M, Empty: 0M, Relocated: 0M, In-Place: 0
[8.711s][info][gc,reloc    ] GC(29) Forwarding Usage: 0M
[8.711s][info][gc,heap     ] GC(29) Min Capacity: 4096M(100%)
[8.711s][info][gc,heap     ] GC(29) Max Capacity: 4096M(100%)
[8.711s][info][gc,heap     ] GC(29) Soft Max Capacity: 4096M(100%)
[8.711s][info][gc,heap     ] GC(29)                Mark Start          Mark End        Relocate Start      Relocate End           High               Low         
[8.711s][info][gc,heap     ] GC(29)  Capacity:     4096M (100%)       4096M (100%)       4096M (100%)       4096M (100%)       4096M (100%)       4096M (100%)   
[8.711s][info][gc,heap     ] GC(29)      Free:     1372M (33%)        1368M (33%)        1366M (33%)        1366M (33%)        1372M (33%)        1362M (33%)    
[8.712s][info][gc,heap     ] GC(29)      Used:     2724M (67%)        2728M (67%)        2730M (67%)        2730M (67%)        2734M (67%)        2724M (67%)    
[8.712s][info][gc,heap     ] GC(29)      Live:         -              2456M (60%)        2456M (60%)        2456M (60%)            -                  -          
[8.712s][info][gc,heap     ] GC(29) Allocated:         -                 4M (0%)            6M (0%)            6M (0%)             -                  -          
[8.712s][info][gc,heap     ] GC(29)   Garbage:         -               267M (7%)          267M (7%)          267M (7%)             -                  -          
[8.712s][info][gc,heap     ] GC(29) Reclaimed:         -                  -                 0M (0%)            0M (0%)             -                  -          
[8.712s][info][gc          ] GC(29) Garbage Collection (Timer) 2724M(67%)->2730M(67%)
[8.985s][info][gc,start    ] GC(30) Garbage Collection (Timer)
[8.985s][info][gc,task     ] GC(30) Using 3 workers
[8.985s][info][gc,phases   ] GC(30) Pause Mark Start 0.006ms
[9.012s][info][gc,phases   ] GC(30) Concurrent Mark 26.009ms
[9.012s][info][gc,phases   ] GC(30) Pause Mark End 0.009ms
[9.012s][info][gc,phases   ] GC(30) Concurrent Mark Free 0.001ms
[9.013s][info][gc,phases   ] GC(30) Concurrent Process Non-Strong References 0.643ms
[9.013s][info][gc,phases   ] GC(30) Concurrent Reset Relocation Set 0.001ms
[9.016s][info][gc,phases   ] GC(30) Concurrent Select Relocation Set 3.124ms
[9.016s][info][gc,phases   ] GC(30) Pause Relocate Start 0.007ms
[9.019s][info][gc,phases   ] GC(30) Concurrent Relocate 2.899ms
[9.019s][info][gc,load     ] GC(30) Load: 0.00/0.00/0.00
[9.019s][info][gc,mmu      ] GC(30) MMU: 2ms/99.4%, 5ms/99.6%, 10ms/99.8%, 20ms/99.9%, 50ms/100.0%, 100ms/100.0%
[9.019s][info][gc,marking  ] GC(30) Mark: 2 stripe(s), 2 proactive flush(es), 1 terminate flush(es), 0 completion(s), 0 continuation(s) 
[9.019s][info][gc,marking  ] GC(30) Mark Stack Usage: 32M
[9.019s][info][gc,nmethod  ] GC(30) NMethods: 491 registered, 0 unregistered
[9.019s][info][gc,metaspace] GC(30) Metaspace: 1M used, 1M committed, 1088M reserved
[9.019s][info][gc,ref      ] GC(30) Soft: 181 encountered, 0 discovered, 0 enqueued
[9.019s][info][gc,ref      ] GC(30) Weak: 263 encountered, 159 discovered, 0 enqueued
[9.019s][info][gc,ref      ] GC(30) Final: 0 encountered, 0 discovered, 0 enqueued
[9.019s][info][gc,ref      ] GC(30) Phantom: 7 encountered, 3 discovered, 0 enqueued
[9.019s][info][gc,reloc    ] GC(30) Small Pages: 1422 / 2844M, Empty: 0M, Relocated: 5M, In-Place: 0
[9.019s][info][gc,reloc    ] GC(30) Medium Pages: 1 / 32M, Empty: 0M, Relocated: 0M, In-Place: 0
[9.019s][info][gc,reloc    ] GC(30) Large Pages: 0 / 0M, Empty: 0M, Relocated: 0M, In-Place: 0
[9.019s][info][gc,reloc    ] GC(30) Forwarding Usage: 0M
[9.019s][info][gc,heap     ] GC(30) Min Capacity: 4096M(100%)
[9.019s][info][gc,heap     ] GC(30) Max Capacity: 4096M(100%)
[9.019s][info][gc,heap     ] GC(30) Soft Max Capacity: 4096M(100%)
[9.019s][info][gc,heap     ] GC(30)                Mark Start          Mark End        Relocate Start      Relocate End           High               Low         
[9.019s][info][gc,heap     ] GC(30)  Capacity:     4096M (100%)       4096M (100%)       4096M (100%)       4096M (100%)       4096M (100%)       4096M (100%)   
[9.019s][info][gc,heap     ] GC(30)      Free:     1220M (30%)        1218M (30%)        1216M (30%)        1218M (30%)        1220M (30%)        1210M (30%)    
[9.020s][info][gc,heap     ] GC(30)      Used:     2876M (70%)        2878M (70%)        2880M (70%)        2878M (70%)        2886M (70%)        2876M (70%)    
[9.020s][info][gc,heap     ] GC(30)      Live:         -              2594M (63%)        2594M (63%)        2594M (63%)            -                  -          
[9.020s][info][gc,heap     ] GC(30) Allocated:         -                 2M (0%)            4M (0%)            3M (0%)             -                  -          
[9.020s][info][gc,heap     ] GC(30)   Garbage:         -               281M (7%)          281M (7%)          279M (7%)             -                  -          
[9.020s][info][gc,heap     ] GC(30) Reclaimed:         -                  -                 0M (0%)            1M (0%)             -                  -          
[9.020s][info][gc          ] GC(30) Garbage Collection (Timer) 2876M(70%)->2878M(70%)
[9.285s][info][gc,start    ] GC(31) Garbage Collection (Timer)
[9.285s][info][gc,task     ] GC(31) Using 3 workers
[9.285s][info][gc,phases   ] GC(31) Pause Mark Start 0.005ms
[9.308s][info][gc,phases   ] GC(31) Concurrent Mark 22.820ms
[9.308s][info][gc,phases   ] GC(31) Pause Mark End 0.011ms
[9.308s][info][gc,phases   ] GC(31) Concurrent Mark Free 0.001ms
[9.309s][info][gc,phases   ] GC(31) Concurrent Process Non-Strong References 0.857ms
[9.309s][info][gc,phases   ] GC(31) Concurrent Reset Relocation Set 0.001ms
[9.312s][info][gc,phases   ] GC(31) Concurrent Select Relocation Set 2.721ms
[9.312s][info][gc,phases   ] GC(31) Pause Relocate Start 0.006ms
[9.313s][info][gc,phases   ] GC(31) Concurrent Relocate 0.938ms
[9.313s][info][gc,load     ] GC(31) Load: 0.00/0.00/0.00
[9.313s][info][gc,mmu      ] GC(31) MMU: 2ms/99.4%, 5ms/99.6%, 10ms/99.8%, 20ms/99.9%, 50ms/100.0%, 100ms/100.0%
[9.313s][info][gc,marking  ] GC(31) Mark: 2 stripe(s), 2 proactive flush(es), 1 terminate flush(es), 0 completion(s), 0 continuation(s) 
[9.313s][info][gc,marking  ] GC(31) Mark Stack Usage: 32M
[9.313s][info][gc,nmethod  ] GC(31) NMethods: 491 registered, 0 unregistered
[9.313s][info][gc,metaspace] GC(31) Metaspace: 1M used, 1M committed, 1088M reserved
[9.313s][info][gc,ref      ] GC(31) Soft: 181 encountered, 0 discovered, 0 enqueued
[9.313s][info][gc,ref      ] GC(31) Weak: 263 encountered, 1 discovered, 0 enqueued
[9.313s][info][gc,ref      ] GC(31) Final: 0 encountered, 0 discovered, 0 enqueued
[9.313s][info][gc,ref      ] GC(31) Phantom: 7 encountered, 3 discovered, 0 enqueued
[9.313s][info][gc,reloc    ] GC(31) Small Pages: 1499 / 2998M, Empty: 0M, Relocated: 1M, In-Place: 0
[9.313s][info][gc,reloc    ] GC(31) Medium Pages: 1 / 32M, Empty: 0M, Relocated: 0M, In-Place: 0
[9.313s][info][gc,reloc    ] GC(31) Large Pages: 0 / 0M, Empty: 0M, Relocated: 0M, In-Place: 0
[9.314s][info][gc,reloc    ] GC(31) Forwarding Usage: 0M
[9.314s][info][gc,heap     ] GC(31) Min Capacity: 4096M(100%)
[9.314s][info][gc,heap     ] GC(31) Max Capacity: 4096M(100%)
[9.314s][info][gc,heap     ] GC(31) Soft Max Capacity: 4096M(100%)
[9.314s][info][gc,heap     ] GC(31)                Mark Start          Mark End        Relocate Start      Relocate End           High               Low         
[9.314s][info][gc,heap     ] GC(31)  Capacity:     4096M (100%)       4096M (100%)       4096M (100%)       4096M (100%)       4096M (100%)       4096M (100%)   
[9.314s][info][gc,heap     ] GC(31)      Free:     1066M (26%)        1064M (26%)        1064M (26%)        1062M (26%)        1066M (26%)        1058M (26%)    
[9.314s][info][gc,heap     ] GC(31)      Used:     3030M (74%)        3032M (74%)        3032M (74%)        3034M (74%)        3038M (74%)        3030M (74%)    
[9.314s][info][gc,heap     ] GC(31)      Live:         -              2736M (67%)        2736M (67%)        2736M (67%)            -                  -          
[9.314s][info][gc,heap     ] GC(31) Allocated:         -                 2M (0%)            2M (0%)            4M (0%)             -                  -          
[9.314s][info][gc,heap     ] GC(31)   Garbage:         -               293M (7%)          293M (7%)          293M (7%)             -                  -          
[9.314s][info][gc,heap     ] GC(31) Reclaimed:         -                  -                 0M (0%)            0M (0%)             -                  -          
[9.314s][info][gc          ] GC(31) Garbage Collection (Timer) 3030M(74%)->3034M(74%)
[9.585s][info][gc,start    ] GC(32) Garbage Collection (Timer)
[9.585s][info][gc,task     ] GC(32) Using 3 workers
[9.585s][info][gc,phases   ] GC(32) Pause Mark Start 0.005ms
[9.621s][info][gc,phases   ] GC(32) Concurrent Mark 35.441ms
[9.621s][info][gc,phases   ] GC(32) Pause Mark End 0.009ms
[9.621s][info][gc,phases   ] GC(32) Concurrent Mark Free 0.001ms
[9.621s][info][gc,phases   ] GC(32) Concurrent Process Non-Strong References 0.672ms
[9.622s][info][gc,phases   ] GC(32) Concurrent Reset Relocation Set 0.001ms
[9.624s][info][gc,phases   ] GC(32) Concurrent Select Relocation Set 2.025ms
[9.624s][info][gc,phases   ] GC(32) Pause Relocate Start 0.005ms
[9.624s][info][gc,phases   ] GC(32) Concurrent Relocate 0.766ms
[9.625s][info][gc,load     ] GC(32) Load: 0.00/0.00/0.00
[9.625s][info][gc,mmu      ] GC(32) MMU: 2ms/99.4%, 5ms/99.6%, 10ms/99.8%, 20ms/99.9%, 50ms/100.0%, 100ms/100.0%
[9.625s][info][gc,marking  ] GC(32) Mark: 2 stripe(s), 9 proactive flush(es), 1 terminate flush(es), 0 completion(s), 0 continuation(s) 
[9.625s][info][gc,marking  ] GC(32) Mark Stack Usage: 32M
[9.625s][info][gc,nmethod  ] GC(32) NMethods: 491 registered, 0 unregistered
[9.625s][info][gc,metaspace] GC(32) Metaspace: 1M used, 1M committed, 1088M reserved
[9.625s][info][gc,ref      ] GC(32) Soft: 181 encountered, 0 discovered, 0 enqueued
[9.625s][info][gc,ref      ] GC(32) Weak: 263 encountered, 1 discovered, 0 enqueued
[9.625s][info][gc,ref      ] GC(32) Final: 0 encountered, 0 discovered, 0 enqueued
[9.625s][info][gc,ref      ] GC(32) Phantom: 7 encountered, 5 discovered, 0 enqueued
[9.625s][info][gc,reloc    ] GC(32) Small Pages: 1512 / 3024M, Empty: 0M, Relocated: 1M, In-Place: 0
[9.625s][info][gc,reloc    ] GC(32) Medium Pages: 1 / 32M, Empty: 0M, Relocated: 0M, In-Place: 0
[9.625s][info][gc,reloc    ] GC(32) Large Pages: 0 / 0M, Empty: 0M, Relocated: 0M, In-Place: 0
[9.625s][info][gc,reloc    ] GC(32) Forwarding Usage: 0M
[9.625s][info][gc,heap     ] GC(32) Min Capacity: 4096M(100%)
[9.625s][info][gc,heap     ] GC(32) Max Capacity: 4096M(100%)
[9.625s][info][gc,heap     ] GC(32) Soft Max Capacity: 4096M(100%)
[9.625s][info][gc,heap     ] GC(32)                Mark Start          Mark End        Relocate Start      Relocate End           High               Low         
[9.625s][info][gc,heap     ] GC(32)  Capacity:     4096M (100%)       4096M (100%)       4096M (100%)       4096M (100%)       4096M (100%)       4096M (100%)   
[9.625s][info][gc,heap     ] GC(32)      Free:     1040M (25%)        1040M (25%)        1040M (25%)        1040M (25%)        1040M (25%)        1034M (25%)    
[9.625s][info][gc,heap     ] GC(32)      Used:     3056M (75%)        3056M (75%)        3056M (75%)        3056M (75%)        3062M (75%)        3056M (75%)    
[9.625s][info][gc,heap     ] GC(32)      Live:         -              2758M (67%)        2758M (67%)        2758M (67%)            -                  -          
[9.625s][info][gc,heap     ] GC(32) Allocated:         -                 0M (0%)            0M (0%)            0M (0%)             -                  -          
[9.625s][info][gc,heap     ] GC(32)   Garbage:         -               297M (7%)          297M (7%)          297M (7%)             -                  -          
[9.625s][info][gc,heap     ] GC(32) Reclaimed:         -                  -                 0M (0%)            0M (0%)             -                  -          
[9.625s][info][gc          ] GC(32) Garbage Collection (Timer) 3056M(75%)->3056M(75%)
[9.884s][info][gc,start    ] GC(33) Garbage Collection (Timer)
[9.884s][info][gc,task     ] GC(33) Using 3 workers
[9.885s][info][gc,phases   ] GC(33) Pause Mark Start 0.006ms
[9.912s][info][gc,phases   ] GC(33) Concurrent Mark 27.416ms
[9.912s][info][gc,phases   ] GC(33) Pause Mark End 0.010ms
[9.912s][info][gc,phases   ] GC(33) Concurrent Mark Free 0.001ms
[9.913s][info][gc,phases   ] GC(33) Concurrent Process Non-Strong References 0.818ms
[9.913s][info][gc,phases   ] GC(33) Concurrent Reset Relocation Set 0.001ms
[9.915s][info][gc,phases   ] GC(33) Concurrent Select Relocation Set 2.132ms
[9.915s][info][gc,phases   ] GC(33) Pause Relocate Start 0.005ms
[9.916s][info][gc,phases   ] GC(33) Concurrent Relocate 0.671ms
[9.916s][info][gc,load     ] GC(33) Load: 0.00/0.00/0.00
[9.916s][info][gc,mmu      ] GC(33) MMU: 2ms/99.4%, 5ms/99.6%, 10ms/99.8%, 20ms/99.9%, 50ms/100.0%, 100ms/100.0%
[9.916s][info][gc,marking  ] GC(33) Mark: 2 stripe(s), 10 proactive flush(es), 1 terminate flush(es), 0 completion(s), 0 continuation(s) 
[9.916s][info][gc,marking  ] GC(33) Mark Stack Usage: 32M
[9.916s][info][gc,nmethod  ] GC(33) NMethods: 491 registered, 0 unregistered
[9.916s][info][gc,metaspace] GC(33) Metaspace: 1M used, 1M committed, 1088M reserved
[9.916s][info][gc,ref      ] GC(33) Soft: 181 encountered, 0 discovered, 0 enqueued
[9.916s][info][gc,ref      ] GC(33) Weak: 263 encountered, 3 discovered, 0 enqueued
[9.916s][info][gc,ref      ] GC(33) Final: 0 encountered, 0 discovered, 0 enqueued
[9.917s][info][gc,ref      ] GC(33) Phantom: 7 encountered, 5 discovered, 0 enqueued
[9.917s][info][gc,reloc    ] GC(33) Small Pages: 1512 / 3024M, Empty: 0M, Relocated: 1M, In-Place: 0
[9.917s][info][gc,reloc    ] GC(33) Medium Pages: 1 / 32M, Empty: 0M, Relocated: 0M, In-Place: 0
[9.917s][info][gc,reloc    ] GC(33) Large Pages: 0 / 0M, Empty: 0M, Relocated: 0M, In-Place: 0
[9.917s][info][gc,reloc    ] GC(33) Forwarding Usage: 0M
[9.917s][info][gc,heap     ] GC(33) Min Capacity: 4096M(100%)
[9.917s][info][gc,heap     ] GC(33) Max Capacity: 4096M(100%)
[9.917s][info][gc,heap     ] GC(33) Soft Max Capacity: 4096M(100%)
[9.917s][info][gc,heap     ] GC(33)                Mark Start          Mark End        Relocate Start      Relocate End           High               Low         
[9.917s][info][gc,heap     ] GC(33)  Capacity:     4096M (100%)       4096M (100%)       4096M (100%)       4096M (100%)       4096M (100%)       4096M (100%)   
[9.917s][info][gc,heap     ] GC(33)      Free:     1040M (25%)        1040M (25%)        1040M (25%)        1042M (25%)        1042M (25%)        1038M (25%)    
[9.917s][info][gc,heap     ] GC(33)      Used:     3056M (75%)        3056M (75%)        3056M (75%)        3054M (75%)        3058M (75%)        3054M (75%)    
[9.917s][info][gc,heap     ] GC(33)      Live:         -              2758M (67%)        2758M (67%)        2758M (67%)            -                  -          
[9.917s][info][gc,heap     ] GC(33) Allocated:         -                 0M (0%)            0M (0%)            0M (0%)             -                  -          
[9.917s][info][gc,heap     ] GC(33)   Garbage:         -               297M (7%)          297M (7%)          295M (7%)             -                  -          
[9.917s][info][gc,heap     ] GC(33) Reclaimed:         -                  -                 0M (0%)            2M (0%)             -                  -          
[9.917s][info][gc          ] GC(33) Garbage Collection (Timer) 3056M(75%)->3054M(75%)
[10.185s][info][gc,start    ] GC(34) Garbage Collection (Timer)
[10.185s][info][gc,task     ] GC(34) Using 3 workers
[10.185s][info][gc,phases   ] GC(34) Pause Mark Start 0.006ms
[10.212s][info][gc,phases   ] GC(34) Concurrent Mark 26.402ms
[10.212s][info][gc,phases   ] GC(34) Pause Mark End 0.010ms
[10.212s][info][gc,phases   ] GC(34) Concurrent Mark Free 0.001ms
[10.213s][info][gc,phases   ] GC(34) Concurrent Process Non-Strong References 0.760ms
[10.213s][info][gc,phases   ] GC(34) Concurrent Reset Relocation Set 0.001ms
[10.215s][info][gc,phases   ] GC(34) Concurrent Select Relocation Set 2.164ms
[10.215s][info][gc,phases   ] GC(34) Pause Relocate Start 0.005ms
[10.216s][info][gc,phases   ] GC(34) Concurrent Relocate 0.591ms
[10.216s][info][gc,load     ] GC(34) Load: 0.00/0.00/0.00
[10.216s][info][gc,mmu      ] GC(34) MMU: 2ms/99.4%, 5ms/99.6%, 10ms/99.8%, 20ms/99.9%, 50ms/100.0%, 100ms/100.0%
[10.216s][info][gc,marking  ] GC(34) Mark: 2 stripe(s), 10 proactive flush(es), 1 terminate flush(es), 0 completion(s), 0 continuation(s) 
[10.216s][info][gc,marking  ] GC(34) Mark Stack Usage: 32M
[10.216s][info][gc,nmethod  ] GC(34) NMethods: 491 registered, 0 unregistered
[10.216s][info][gc,metaspace] GC(34) Metaspace: 1M used, 1M committed, 1088M reserved
[10.216s][info][gc,ref      ] GC(34) Soft: 181 encountered, 0 discovered, 0 enqueued
[10.216s][info][gc,ref      ] GC(34) Weak: 263 encountered, 1 discovered, 0 enqueued
[10.216s][info][gc,ref      ] GC(34) Final: 0 encountered, 0 discovered, 0 enqueued
[10.216s][info][gc,ref      ] GC(34) Phantom: 7 encountered, 5 discovered, 0 enqueued
[10.216s][info][gc,reloc    ] GC(34) Small Pages: 1511 / 3022M, Empty: 0M, Relocated: 1M, In-Place: 0
[10.216s][info][gc,reloc    ] GC(34) Medium Pages: 1 / 32M, Empty: 0M, Relocated: 0M, In-Place: 0
[10.216s][info][gc,reloc    ] GC(34) Large Pages: 0 / 0M, Empty: 0M, Relocated: 0M, In-Place: 0
[10.216s][info][gc,reloc    ] GC(34) Forwarding Usage: 0M
[10.216s][info][gc,heap     ] GC(34) Min Capacity: 4096M(100%)
[10.216s][info][gc,heap     ] GC(34) Max Capacity: 4096M(100%)
[10.216s][info][gc,heap     ] GC(34) Soft Max Capacity: 4096M(100%)
[10.216s][info][gc,heap     ] GC(34)                Mark Start          Mark End        Relocate Start      Relocate End           High               Low         
[10.216s][info][gc,heap     ] GC(34)  Capacity:     4096M (100%)       4096M (100%)       4096M (100%)       4096M (100%)       4096M (100%)       4096M (100%)   
[10.216s][info][gc,heap     ] GC(34)      Free:     1042M (25%)        1042M (25%)        1042M (25%)        1042M (25%)        1042M (25%)        1038M (25%)    
[10.216s][info][gc,heap     ] GC(34)      Used:     3054M (75%)        3054M (75%)        3054M (75%)        3054M (75%)        3058M (75%)        3054M (75%)    
[10.216s][info][gc,heap     ] GC(34)      Live:         -              2758M (67%)        2758M (67%)        2758M (67%)            -                  -          
[10.216s][info][gc,heap     ] GC(34) Allocated:         -                 0M (0%)            0M (0%)            0M (0%)             -                  -          
[10.216s][info][gc,heap     ] GC(34)   Garbage:         -               295M (7%)          295M (7%)          295M (7%)             -                  -          
[10.216s][info][gc,heap     ] GC(34) Reclaimed:         -                  -                 0M (0%)            0M (0%)             -                  -          
[10.216s][info][gc          ] GC(34) Garbage Collection (Timer) 3054M(75%)->3054M(75%)
[10.286s][info][gc,stats    ] === Garbage Collection Statistics =======================================================================================================================
[10.286s][info][gc,stats    ]                                                              Last 10s              Last 10m              Last 10h                Total
[10.286s][info][gc,stats    ]                                                              Avg / Max             Avg / Max             Avg / Max             Avg / Max
[10.286s][info][gc,stats    ]   Collector: Garbage Collection Cycle                     25.251 / 39.645       25.251 / 39.645       25.251 / 39.645       25.251 / 39.645      ms
[10.286s][info][gc,stats    ]  Contention: Mark Segment Reset Contention                     2 / 5                 2 / 5                 2 / 5                 2 / 5           ops/s
[10.286s][info][gc,stats    ]  Contention: Mark SeqNum Reset Contention                      1 / 4                 1 / 4                 1 / 4                 1 / 4           ops/s
[10.286s][info][gc,stats    ]    Critical: Allocation Stall                                  0 / 0                 0 / 0                 0 / 0                 0 / 0           ops/s
[10.286s][info][gc,stats    ]    Critical: Allocation Stall                              0.000 / 0.000         0.000 / 0.000         0.000 / 0.000         0.000 / 0.000       ms
[10.286s][info][gc,stats    ]    Critical: GC Locker Stall                                   0 / 0                 0 / 0                 0 / 0                 0 / 0           ops/s
[10.286s][info][gc,stats    ]    Critical: GC Locker Stall                               0.000 / 0.000         0.000 / 0.000         0.000 / 0.000         0.000 / 0.000       ms
[10.286s][info][gc,stats    ]    Critical: Relocation Stall                                  0 / 0                 0 / 0                 0 / 0                 0 / 0           ops/s
[10.286s][info][gc,stats    ]    Critical: Relocation Stall                              0.000 / 0.000         0.000 / 0.000         0.000 / 0.000         0.000 / 0.000       ms
[10.286s][info][gc,stats    ]      Memory: Allocation Rate                                 314 / 614             314 / 614             314 / 614             314 / 614         MB/s
[10.286s][info][gc,stats    ]      Memory: Out Of Memory                                     0 / 0                 0 / 0                 0 / 0                 0 / 0           ops/s
[10.286s][info][gc,stats    ]      Memory: Page Cache Flush                                  0 / 0                 0 / 0                 0 / 0                 0 / 0           MB/s
[10.286s][info][gc,stats    ]      Memory: Page Cache Hit L1                                10 / 14               10 / 14               10 / 14               10 / 14          ops/s
[10.286s][info][gc,stats    ]      Memory: Page Cache Hit L2                                 0 / 0                 0 / 0                 0 / 0                 0 / 0           ops/s
[10.286s][info][gc,stats    ]      Memory: Page Cache Hit L3                               151 / 308             151 / 308             151 / 308             151 / 308         ops/s
[10.286s][info][gc,stats    ]      Memory: Page Cache Miss                                   0 / 1                 0 / 1                 0 / 1                 0 / 1           ops/s
[10.286s][info][gc,stats    ]      Memory: Uncommit                                          0 / 0                 0 / 0                 0 / 0                 0 / 0           MB/s
[10.286s][info][gc,stats    ]      Memory: Undo Object Allocation Failed                     0 / 0                 0 / 0                 0 / 0                 0 / 0           ops/s
[10.286s][info][gc,stats    ]      Memory: Undo Object Allocation Succeeded                  0 / 1                 0 / 1                 0 / 1                 0 / 1           ops/s
[10.286s][info][gc,stats    ]      Memory: Undo Page Allocation                              0 / 0                 0 / 0                 0 / 0                 0 / 0           ops/s
[10.286s][info][gc,stats    ]       Phase: Concurrent Mark                              19.684 / 35.441       19.684 / 35.441       19.684 / 35.441       19.684 / 35.441      ms
[10.286s][info][gc,stats    ]       Phase: Concurrent Mark Continue                      0.000 / 0.000         0.000 / 0.000         0.000 / 0.000         0.000 / 0.000       ms
[10.286s][info][gc,stats    ]       Phase: Concurrent Mark Free                          0.001 / 0.001         0.001 / 0.001         0.001 / 0.001         0.001 / 0.001       ms
[10.286s][info][gc,stats    ]       Phase: Concurrent Process Non-Strong References      0.785 / 1.064         0.785 / 1.064         0.785 / 1.064         0.785 / 1.064       ms
[10.287s][info][gc,stats    ]       Phase: Concurrent Relocate                           1.313 / 2.899         1.313 / 2.899         1.313 / 2.899         1.313 / 2.899       ms
[10.287s][info][gc,stats    ]       Phase: Concurrent Reset Relocation Set               0.001 / 0.001         0.001 / 0.001         0.001 / 0.001         0.001 / 0.001       ms
[10.287s][info][gc,stats    ]       Phase: Concurrent Select Relocation Set              2.538 / 9.065         2.538 / 9.065         2.538 / 9.065         2.538 / 9.065       ms
[10.287s][info][gc,stats    ]       Phase: Pause Mark End                                0.010 / 0.012         0.010 / 0.012         0.010 / 0.012         0.010 / 0.012       ms
[10.287s][info][gc,stats    ]       Phase: Pause Mark Start                              0.006 / 0.007         0.006 / 0.007         0.006 / 0.007         0.006 / 0.007       ms
[10.287s][info][gc,stats    ]       Phase: Pause Relocate Start                          0.005 / 0.007         0.005 / 0.007         0.005 / 0.007         0.005 / 0.007       ms
[10.287s][info][gc,stats    ]    Subphase: Concurrent Classes Purge                      0.105 / 0.375         0.105 / 0.375         0.105 / 0.375         0.105 / 0.375       ms
[10.287s][info][gc,stats    ]    Subphase: Concurrent Classes Unlink                     0.242 / 0.410         0.242 / 0.410         0.242 / 0.410         0.242 / 0.410       ms
[10.287s][info][gc,stats    ]    Subphase: Concurrent Mark                              18.619 / 34.938       18.619 / 34.938       18.619 / 34.938       18.619 / 34.938      ms
[10.287s][info][gc,stats    ]    Subphase: Concurrent Mark Try Flush                     0.290 / 7.119         0.290 / 7.119         0.290 / 7.119         0.290 / 7.119       ms
[10.287s][info][gc,stats    ]    Subphase: Concurrent Mark Try Terminate                 1.324 / 2.592         1.324 / 2.592         1.324 / 2.592         1.324 / 2.592       ms
[10.287s][info][gc,stats    ]    Subphase: Concurrent References Enqueue                 0.001 / 0.003         0.001 / 0.003         0.001 / 0.003         0.001 / 0.003       ms
[10.287s][info][gc,stats    ]    Subphase: Concurrent References Process                 0.108 / 0.326         0.108 / 0.326         0.108 / 0.326         0.108 / 0.326       ms
[10.287s][info][gc,stats    ]    Subphase: Concurrent Roots ClassLoaderDataGraph         0.049 / 0.228         0.049 / 0.228         0.049 / 0.228         0.049 / 0.228       ms
[10.287s][info][gc,stats    ]    Subphase: Concurrent Roots CodeCache                    0.000 / 0.000         0.000 / 0.000         0.000 / 0.000         0.000 / 0.000       ms
[10.287s][info][gc,stats    ]    Subphase: Concurrent Roots JavaThreads                  0.190 / 0.586         0.190 / 0.586         0.190 / 0.586         0.190 / 0.586       ms
[10.287s][info][gc,stats    ]    Subphase: Concurrent Roots OopStorageSet                0.013 / 0.043         0.013 / 0.043         0.013 / 0.043         0.013 / 0.043       ms
[10.287s][info][gc,stats    ]    Subphase: Concurrent Weak Roots OopStorageSet           0.138 / 0.294         0.138 / 0.294         0.138 / 0.294         0.138 / 0.294       ms
[10.287s][info][gc,stats    ]    Subphase: Pause Mark Try Complete                       0.000 / 0.000         0.000 / 0.000         0.000 / 0.000         0.000 / 0.000       ms
[10.287s][info][gc,stats    ]      System: Java Threads                                     13 / 14               13 / 14               13 / 14               13 / 14          threads
[10.287s][info][gc,stats    ] =========================================================================================================================================================
[10.354s][info][gc,heap,exit] Heap
[10.354s][info][gc,heap,exit]  ZHeap           used 3058M, capacity 4096M, max capacity 4096M
[10.354s][info][gc,heap,exit]  Metaspace       used 1582K, committed 1792K, reserved 1114112K
[10.354s][info][gc,heap,exit]   class space    used 147K, committed 256K, reserved 1048576K
