[0.023s][info][gc] Using Parallel
[0.038s][info][gc,init] Version: 17.0.11+1-LTS (release)
[0.038s][info][gc,init] CPUs: 12 total, 12 available
[0.038s][info][gc,init] Memory: 24496M
[0.038s][info][gc,init] Large Page Support: Disabled
[0.038s][info][gc,init] NUMA Support: Disabled
[0.038s][info][gc,init] Compressed Oops: Enabled (Zero based)
[0.038s][info][gc,init] Alignments: Space 512K, Generation 512K, Heap 2M
[0.038s][info][gc,init] Heap Min Capacity: 4G
[0.038s][info][gc,init] Heap Initial Capacity: 4G
[0.038s][info][gc,init] Heap Max Capacity: 4G
[0.038s][info][gc,init] Pre-touch: Disabled
[0.040s][info][gc,init] Parallel Workers: 10
[0.051s][info][gc,metaspace] CDS archive(s) mapped at: [0x000002455d000000-0x000002455dbc0000-0x000002455dbc0000), size 12320768, SharedBaseAddress: 0x000002455d000000, ArchiveRelocationMode: 1.
[0.051s][info][gc,metaspace] Compressed class space mapped at: 0x000002455e000000-0x000002459e000000, reserved size: 1073741824
[0.051s][info][gc,metaspace] Narrow klass base: 0x000002455d000000, Narrow klass shift: 0, Narrow klass range: 0x100000000
[1.319s][info][gc,start    ] GC(0) Pause Young (Allocation Failure)
[1.601s][info][gc,heap     ] GC(0) PSYoungGen: 1048576K(1223168K)->174585K(1223168K) Eden: 1048576K(1048576K)->0K(1048576K) From: 0K(174592K)->174585K(174592K)
[1.601s][info][gc,heap     ] GC(0) ParOldGen: 0K(2796544K)->783784K(2796544K)
[1.601s][info][gc,metaspace] GC(0) Metaspace: 1561K(1728K)->1561K(1728K) NonClass: 1414K(1472K)->1414K(1472K) Class: 147K(256K)->147K(256K)
[1.601s][info][gc          ] GC(0) Pause Young (Allocation Failure) 1024M->935M(3925M) 281.599ms
[1.601s][info][gc,cpu      ] GC(0) User=0.30s Sys=2.05s Real=0.28s
[1.999s][info][gc,start    ] GC(1) Pause Young (Allocation Failure)
[2.377s][info][gc,heap     ] GC(1) PSYoungGen: 1223161K(1223168K)->174576K(1223168K) Eden: 1048576K(1048576K)->0K(1048576K) From: 174585K(174592K)->174576K(174592K)
[2.377s][info][gc,heap     ] GC(1) ParOldGen: 783784K(2796544K)->1825821K(2796544K)
[2.377s][info][gc,metaspace] GC(1) Metaspace: 1577K(1792K)->1577K(1792K) NonClass: 1429K(1536K)->1429K(1536K) Class: 147K(256K)->147K(256K)
[2.377s][info][gc          ] GC(1) Pause Young (Allocation Failure) 1959M->1953M(3925M) 378.665ms
[2.377s][info][gc,cpu      ] GC(1) User=0.45s Sys=2.86s Real=0.38s
[2.377s][info][gc,start    ] GC(2) Pause Full (Ergonomics)
[2.377s][info][gc,phases,start] GC(2) Marking Phase
[2.395s][info][gc,phases      ] GC(2) Marking Phase 17.902ms
[2.395s][info][gc,phases,start] GC(2) Summary Phase
[2.395s][info][gc,phases      ] GC(2) Summary Phase 0.093ms
[2.395s][info][gc,phases,start] GC(2) Adjust Roots
[2.396s][info][gc,phases      ] GC(2) Adjust Roots 0.821ms
[2.396s][info][gc,phases,start] GC(2) Compaction Phase
[2.537s][info][gc,phases      ] GC(2) Compaction Phase 140.743ms
[2.537s][info][gc,phases,start] GC(2) Post Compact
[2.543s][info][gc,phases      ] GC(2) Post Compact 5.858ms
[2.543s][info][gc,heap        ] GC(2) PSYoungGen: 174576K(1223168K)->0K(1223168K) Eden: 0K(1048576K)->0K(1048576K) From: 174576K(174592K)->0K(174592K)
[2.543s][info][gc,heap        ] GC(2) ParOldGen: 1825821K(2796544K)->2000264K(2796544K)
[2.543s][info][gc,metaspace   ] GC(2) Metaspace: 1577K(1792K)->1577K(1792K) NonClass: 1429K(1536K)->1429K(1536K) Class: 147K(256K)->147K(256K)
[2.543s][info][gc             ] GC(2) Pause Full (Ergonomics) 1953M->1953M(3925M) 165.818ms
[2.543s][info][gc,cpu         ] GC(2) User=0.92s Sys=0.41s Real=0.17s
[2.781s][info][gc,heap,exit   ] Heap
[2.781s][info][gc,heap,exit   ]  PSYoungGen      total 1223168K, used 839420K [0x00000007aab00000, 0x0000000800000000, 0x0000000800000000)
[2.781s][info][gc,heap,exit   ]   eden space 1048576K, 80% used [0x00000007aab00000,0x00000007ddebf028,0x00000007eab00000)
[2.781s][info][gc,heap,exit   ]   from space 174592K, 0% used [0x00000007eab00000,0x00000007eab00000,0x00000007f5580000)
[2.781s][info][gc,heap,exit   ]   to   space 174592K, 0% used [0x00000007f5580000,0x00000007f5580000,0x0000000800000000)
[2.781s][info][gc,heap,exit   ]  ParOldGen       total 2796544K, used 2000264K [0x0000000700000000, 0x00000007aab00000, 0x00000007aab00000)
[2.781s][info][gc,heap,exit   ]   object space 2796544K, 71% used [0x0000000700000000,0x000000077a162278,0x00000007aab00000)
[2.781s][info][gc,heap,exit   ]  Metaspace       used 1584K, committed 1792K, reserved 1114112K
[2.781s][info][gc,heap,exit   ]   class space    used 147K, committed 256K, reserved 1048576K
