[0.022s][info][gc,init] Initializing The Z Garbage Collector
[0.022s][info][gc,init] Version: 17.0.11+1-LTS (release)
[0.022s][info][gc,init] NUMA Support: Disabled
[0.022s][info][gc,init] CPUs: 12 total, 12 available
[0.023s][info][gc,init] Memory: 24496M
[0.023s][info][gc,init] Large Page Support: Disabled
[0.023s][info][gc,init] GC Workers: 3 (dynamic)
[0.023s][info][gc,init] Address Space Type: Contiguous/Unrestricted/Complete
[0.024s][info][gc,init] Address Space Size: 65536M x 3 = 196608M
[0.024s][info][gc,init] Min Capacity: 4096M
[0.024s][info][gc,init] Initial Capacity: 4096M
[0.025s][info][gc,init] Max Capacity: 4096M
[0.025s][info][gc,init] Medium Page Size: 32M
[0.025s][info][gc,init] Pre-touch: Disabled
[0.025s][info][gc,init] Uncommit: Implicitly Disabled (-Xms equals -Xmx)
[0.248s][info][gc,init] Runtime Workers: 8
[0.249s][info][gc     ] Using The Z Garbage Collector
[0.261s][info][gc,metaspace] CDS archive(s) mapped at: [0x000002baca000000-0x000002bacabc0000-0x000002bacabc0000), size 12320768, SharedBaseAddress: 0x000002baca000000, ArchiveRelocationMode: 1.
[0.261s][info][gc,metaspace] Compressed class space mapped at: 0x000002bacb000000-0x000002bb0b000000, reserved size: 1073741824
[0.261s][info][gc,metaspace] Narrow klass base: 0x000002baca000000, Narrow klass shift: 0, Narrow klass range: 0x100000000
[0.386s][info][gc,start    ] GC(0) Garbage Collection (Timer)
[0.386s][info][gc,task     ] GC(0) Using 3 workers
[0.387s][info][gc,phases   ] GC(0) Pause Mark Start 0.008ms
[0.390s][info][gc,phases   ] GC(0) Concurrent Mark 3.494ms
[0.390s][info][gc,phases   ] GC(0) Pause Mark End 0.012ms
[0.390s][info][gc,phases   ] GC(0) Concurrent Mark Free 0.001ms
[0.391s][info][gc,phases   ] GC(0) Concurrent Process Non-Strong References 0.333ms
[0.391s][info][gc,phases   ] GC(0) Concurrent Reset Relocation Set 0.000ms
[0.400s][info][gc,phases   ] GC(0) Concurrent Select Relocation Set 9.043ms
[0.400s][info][gc,phases   ] GC(0) Pause Relocate Start 0.008ms
[0.402s][info][gc,phases   ] GC(0) Concurrent Relocate 1.482ms
[0.402s][info][gc,load     ] GC(0) Load: 0.00/0.00/0.00
[0.402s][info][gc,mmu      ] GC(0) MMU: 2ms/99.4%, 5ms/99.6%, 10ms/99.8%, 20ms/99.9%, 50ms/99.9%, 100ms/100.0%
[0.402s][info][gc,marking  ] GC(0) Mark: 2 stripe(s), 1 proactive flush(es), 1 terminate flush(es), 0 completion(s), 0 continuation(s) 
[0.402s][info][gc,marking  ] GC(0) Mark Stack Usage: 32M
[0.402s][info][gc,nmethod  ] GC(0) NMethods: 158 registered, 0 unregistered
[0.402s][info][gc,metaspace] GC(0) Metaspace: 0M used, 0M committed, 1088M reserved
[0.402s][info][gc,ref      ] GC(0) Soft: 36 encountered, 0 discovered, 0 enqueued
[0.402s][info][gc,ref      ] GC(0) Weak: 103 encountered, 19 discovered, 18 enqueued
[0.402s][info][gc,ref      ] GC(0) Final: 0 encountered, 0 discovered, 0 enqueued
[0.402s][info][gc,ref      ] GC(0) Phantom: 16 encountered, 13 discovered, 13 enqueued
[0.402s][info][gc,reloc    ] GC(0) Small Pages: 3 / 6M, Empty: 0M, Relocated: 1M, In-Place: 0
[0.402s][info][gc,reloc    ] GC(0) Medium Pages: 0 / 0M, Empty: 0M, Relocated: 0M, In-Place: 0
[0.402s][info][gc,reloc    ] GC(0) Large Pages: 0 / 0M, Empty: 0M, Relocated: 0M, In-Place: 0
[0.402s][info][gc,reloc    ] GC(0) Forwarding Usage: 0M
[0.402s][info][gc,heap     ] GC(0) Min Capacity: 4096M(100%)
[0.402s][info][gc,heap     ] GC(0) Max Capacity: 4096M(100%)
[0.402s][info][gc,heap     ] GC(0) Soft Max Capacity: 4096M(100%)
[0.402s][info][gc,heap     ] GC(0)                Mark Start          Mark End        Relocate Start      Relocate End           High               Low         
[0.402s][info][gc,heap     ] GC(0)  Capacity:     4096M (100%)       4096M (100%)       4096M (100%)       4096M (100%)       4096M (100%)       4096M (100%)   
[0.402s][info][gc,heap     ] GC(0)      Free:     4090M (100%)       4090M (100%)       4090M (100%)       4094M (100%)       4094M (100%)       4088M (100%)   
[0.402s][info][gc,heap     ] GC(0)      Used:        6M (0%)            6M (0%)            6M (0%)            2M (0%)            8M (0%)            2M (0%)     
[0.402s][info][gc,heap     ] GC(0)      Live:         -                 1M (0%)            1M (0%)            1M (0%)             -                  -          
[0.402s][info][gc,heap     ] GC(0) Allocated:         -                 0M (0%)            0M (0%)            0M (0%)             -                  -          
[0.402s][info][gc,heap     ] GC(0)   Garbage:         -                 4M (0%)            4M (0%)            0M (0%)             -                  -          
[0.402s][info][gc,heap     ] GC(0) Reclaimed:         -                  -                 0M (0%)            4M (0%)             -                  -          
[0.402s][info][gc          ] GC(0) Garbage Collection (Timer) 6M(0%)->2M(0%)
[0.687s][info][gc,start    ] GC(1) Garbage Collection (Timer)
[0.687s][info][gc,task     ] GC(1) Using 3 workers
[0.687s][info][gc,phases   ] GC(1) Pause Mark Start 0.006ms
[0.704s][info][gc,phases   ] GC(1) Concurrent Mark 16.602ms
[0.704s][info][gc,phases   ] GC(1) Pause Mark End 0.011ms
[0.704s][info][gc,phases   ] GC(1) Concurrent Mark Free 0.001ms
[0.705s][info][gc,phases   ] GC(1) Concurrent Process Non-Strong References 0.580ms
[0.705s][info][gc,phases   ] GC(1) Concurrent Reset Relocation Set 0.001ms
[0.707s][info][gc,phases   ] GC(1) Concurrent Select Relocation Set 2.643ms
[0.707s][info][gc,phases   ] GC(1) Pause Relocate Start 0.006ms
[0.709s][info][gc,phases   ] GC(1) Concurrent Relocate 1.615ms
[0.709s][info][gc,load     ] GC(1) Load: 0.00/0.00/0.00
[0.709s][info][gc,mmu      ] GC(1) MMU: 2ms/99.4%, 5ms/99.6%, 10ms/99.8%, 20ms/99.9%, 50ms/99.9%, 100ms/100.0%
[0.709s][info][gc,marking  ] GC(1) Mark: 2 stripe(s), 3 proactive flush(es), 1 terminate flush(es), 0 completion(s), 0 continuation(s) 
[0.709s][info][gc,marking  ] GC(1) Mark Stack Usage: 32M
[0.709s][info][gc,nmethod  ] GC(1) NMethods: 290 registered, 0 unregistered
[0.709s][info][gc,metaspace] GC(1) Metaspace: 0M used, 0M committed, 1088M reserved
[0.709s][info][gc,ref      ] GC(1) Soft: 72 encountered, 0 discovered, 0 enqueued
[0.709s][info][gc,ref      ] GC(1) Weak: 177 encountered, 25 discovered, 23 enqueued
[0.709s][info][gc,ref      ] GC(1) Final: 0 encountered, 0 discovered, 0 enqueued
[0.710s][info][gc,ref      ] GC(1) Phantom: 13 encountered, 11 discovered, 6 enqueued
[0.710s][info][gc,reloc    ] GC(1) Small Pages: 126 / 252M, Empty: 0M, Relocated: 1M, In-Place: 0
[0.710s][info][gc,reloc    ] GC(1) Medium Pages: 0 / 0M, Empty: 0M, Relocated: 0M, In-Place: 0
[0.710s][info][gc,reloc    ] GC(1) Large Pages: 0 / 0M, Empty: 0M, Relocated: 0M, In-Place: 0
[0.710s][info][gc,reloc    ] GC(1) Forwarding Usage: 0M
[0.710s][info][gc,heap     ] GC(1) Min Capacity: 4096M(100%)
[0.710s][info][gc,heap     ] GC(1) Max Capacity: 4096M(100%)
[0.710s][info][gc,heap     ] GC(1) Soft Max Capacity: 4096M(100%)
[0.710s][info][gc,heap     ] GC(1)                Mark Start          Mark End        Relocate Start      Relocate End           High               Low         
[0.710s][info][gc,heap     ] GC(1)  Capacity:     4096M (100%)       4096M (100%)       4096M (100%)       4096M (100%)       4096M (100%)       4096M (100%)   
[0.710s][info][gc,heap     ] GC(1)      Free:     3844M (94%)        3838M (94%)        3836M (94%)        3836M (94%)        3844M (94%)        3830M (94%)    
[0.710s][info][gc,heap     ] GC(1)      Used:      252M (6%)          258M (6%)          260M (6%)          260M (6%)          266M (6%)          252M (6%)     
[0.710s][info][gc,heap     ] GC(1)      Live:         -               224M (5%)          224M (5%)          224M (5%)             -                  -          
[0.710s][info][gc,heap     ] GC(1) Allocated:         -                 6M (0%)            8M (0%)            9M (0%)             -                  -          
[0.710s][info][gc,heap     ] GC(1)   Garbage:         -                27M (1%)           27M (1%)           25M (1%)             -                  -          
[0.710s][info][gc,heap     ] GC(1) Reclaimed:         -                  -                 0M (0%)            1M (0%)             -                  -          
[0.881s][info][gc          ] GC(1) Garbage Collection (Timer) 252M(6%)->260M(6%)
[0.886s][info][gc,start    ] GC(2) Garbage Collection (Warmup)
[0.886s][info][gc,task     ] GC(2) Using 3 workers
[0.886s][info][gc,phases   ] GC(2) Pause Mark Start 0.005ms
[0.911s][info][gc,phases   ] GC(2) Concurrent Mark 25.286ms
[0.911s][info][gc,phases   ] GC(2) Pause Mark End 0.011ms
[0.912s][info][gc,phases   ] GC(2) Concurrent Mark Free 0.001ms
[0.912s][info][gc,phases   ] GC(2) Concurrent Process Non-Strong References 0.453ms
[0.912s][info][gc,phases   ] GC(2) Concurrent Reset Relocation Set 0.001ms
[0.915s][info][gc,phases   ] GC(2) Concurrent Select Relocation Set 3.286ms
[0.916s][info][gc,phases   ] GC(2) Pause Relocate Start 0.006ms
[0.916s][info][gc,phases   ] GC(2) Concurrent Relocate 0.629ms
[0.916s][info][gc,load     ] GC(2) Load: 0.00/0.00/0.00
[0.916s][info][gc,mmu      ] GC(2) MMU: 2ms/99.4%, 5ms/99.6%, 10ms/99.8%, 20ms/99.9%, 50ms/99.9%, 100ms/100.0%
[0.916s][info][gc,marking  ] GC(2) Mark: 2 stripe(s), 5 proactive flush(es), 1 terminate flush(es), 0 completion(s), 0 continuation(s) 
[0.916s][info][gc,marking  ] GC(2) Mark Stack Usage: 32M
[0.916s][info][gc,nmethod  ] GC(2) NMethods: 290 registered, 0 unregistered
[0.916s][info][gc,metaspace] GC(2) Metaspace: 0M used, 0M committed, 1088M reserved
[0.916s][info][gc,ref      ] GC(2) Soft: 72 encountered, 0 discovered, 0 enqueued
[0.916s][info][gc,ref      ] GC(2) Weak: 154 encountered, 104 discovered, 0 enqueued
[0.916s][info][gc,ref      ] GC(2) Final: 0 encountered, 0 discovered, 0 enqueued
[0.916s][info][gc,ref      ] GC(2) Phantom: 7 encountered, 3 discovered, 0 enqueued
[0.917s][info][gc,reloc    ] GC(2) Small Pages: 212 / 424M, Empty: 0M, Relocated: 1M, In-Place: 0
[0.917s][info][gc,reloc    ] GC(2) Medium Pages: 0 / 0M, Empty: 0M, Relocated: 0M, In-Place: 0
[0.917s][info][gc,reloc    ] GC(2) Large Pages: 0 / 0M, Empty: 0M, Relocated: 0M, In-Place: 0
[0.917s][info][gc,reloc    ] GC(2) Forwarding Usage: 0M
[0.917s][info][gc,heap     ] GC(2) Min Capacity: 4096M(100%)
[0.917s][info][gc,heap     ] GC(2) Max Capacity: 4096M(100%)
[0.917s][info][gc,heap     ] GC(2) Soft Max Capacity: 4096M(100%)
[0.917s][info][gc,heap     ] GC(2)                Mark Start          Mark End        Relocate Start      Relocate End           High               Low         
[0.917s][info][gc,heap     ] GC(2)  Capacity:     4096M (100%)       4096M (100%)       4096M (100%)       4096M (100%)       4096M (100%)       4096M (100%)   
[0.917s][info][gc,heap     ] GC(2)      Free:     3672M (90%)        3668M (90%)        3664M (89%)        3664M (89%)        3672M (90%)        3658M (89%)    
[0.917s][info][gc,heap     ] GC(2)      Used:      424M (10%)         428M (10%)         432M (11%)         432M (11%)         438M (11%)         424M (10%)    
[0.917s][info][gc,heap     ] GC(2)      Live:         -               382M (9%)          382M (9%)          382M (9%)             -                  -          
[0.917s][info][gc,heap     ] GC(2) Allocated:         -                 4M (0%)            8M (0%)            8M (0%)             -                  -          
[0.917s][info][gc,heap     ] GC(2)   Garbage:         -                41M (1%)           41M (1%)           41M (1%)             -                  -          
[0.917s][info][gc,heap     ] GC(2) Reclaimed:         -                  -                 0M (0%)            0M (0%)             -                  -          
[0.917s][info][gc          ] GC(2) Garbage Collection (Warmup) 424M(10%)->432M(11%)
[1.186s][info][gc,start    ] GC(3) Garbage Collection (Timer)
[1.186s][info][gc,task     ] GC(3) Using 3 workers
[1.186s][info][gc,phases   ] GC(3) Pause Mark Start 0.006ms
[1.207s][info][gc,phases   ] GC(3) Concurrent Mark 20.904ms
[1.207s][info][gc,phases   ] GC(3) Pause Mark End 0.009ms
[1.207s][info][gc,phases   ] GC(3) Concurrent Mark Free 0.001ms
[1.208s][info][gc,phases   ] GC(3) Concurrent Process Non-Strong References 0.623ms
[1.208s][info][gc,phases   ] GC(3) Concurrent Reset Relocation Set 0.001ms
[1.210s][info][gc,phases   ] GC(3) Concurrent Select Relocation Set 2.347ms
[1.211s][info][gc,phases   ] GC(3) Pause Relocate Start 0.006ms
[1.213s][info][gc,phases   ] GC(3) Concurrent Relocate 2.233ms
[1.213s][info][gc,load     ] GC(3) Load: 0.00/0.00/0.00
[1.213s][info][gc,mmu      ] GC(3) MMU: 2ms/99.4%, 5ms/99.6%, 10ms/99.8%, 20ms/99.9%, 50ms/99.9%, 100ms/100.0%
[1.213s][info][gc,marking  ] GC(3) Mark: 2 stripe(s), 4 proactive flush(es), 1 terminate flush(es), 0 completion(s), 0 continuation(s) 
[1.213s][info][gc,marking  ] GC(3) Mark Stack Usage: 32M
[1.213s][info][gc,nmethod  ] GC(3) NMethods: 370 registered, 0 unregistered
[1.213s][info][gc,metaspace] GC(3) Metaspace: 1M used, 1M committed, 1088M reserved
[1.213s][info][gc,ref      ] GC(3) Soft: 118 encountered, 0 discovered, 0 enqueued
[1.213s][info][gc,ref      ] GC(3) Weak: 175 encountered, 113 discovered, 5 enqueued
[1.213s][info][gc,ref      ] GC(3) Final: 0 encountered, 0 discovered, 0 enqueued
[1.213s][info][gc,ref      ] GC(3) Phantom: 12 encountered, 7 discovered, 5 enqueued
[1.213s][info][gc,reloc    ] GC(3) Small Pages: 306 / 612M, Empty: 0M, Relocated: 3M, In-Place: 0
[1.213s][info][gc,reloc    ] GC(3) Medium Pages: 0 / 0M, Empty: 0M, Relocated: 0M, In-Place: 0
[1.213s][info][gc,reloc    ] GC(3) Large Pages: 0 / 0M, Empty: 0M, Relocated: 0M, In-Place: 0
[1.213s][info][gc,reloc    ] GC(3) Forwarding Usage: 0M
[1.213s][info][gc,heap     ] GC(3) Min Capacity: 4096M(100%)
[1.213s][info][gc,heap     ] GC(3) Max Capacity: 4096M(100%)
[1.213s][info][gc,heap     ] GC(3) Soft Max Capacity: 4096M(100%)
[1.213s][info][gc,heap     ] GC(3)                Mark Start          Mark End        Relocate Start      Relocate End           High               Low         
[1.214s][info][gc,heap     ] GC(3)  Capacity:     4096M (100%)       4096M (100%)       4096M (100%)       4096M (100%)       4096M (100%)       4096M (100%)   
[1.214s][info][gc,heap     ] GC(3)      Free:     3484M (85%)        3484M (85%)        3484M (85%)        3490M (85%)        3490M (85%)        3480M (85%)    
[1.214s][info][gc,heap     ] GC(3)      Used:      612M (15%)         612M (15%)         612M (15%)         606M (15%)         616M (15%)         606M (15%)    
[1.214s][info][gc,heap     ] GC(3)      Live:         -               551M (13%)         551M (13%)         551M (13%)            -                  -          
[1.214s][info][gc,heap     ] GC(3) Allocated:         -                 0M (0%)            0M (0%)            0M (0%)             -                  -          
[1.214s][info][gc,heap     ] GC(3)   Garbage:         -                60M (1%)           60M (1%)           54M (1%)             -                  -          
[1.214s][info][gc,heap     ] GC(3) Reclaimed:         -                  -                 0M (0%)            6M (0%)             -                  -          
[1.214s][info][gc          ] GC(3) Garbage Collection (Timer) 612M(15%)->606M(15%)
[1.486s][info][gc,start    ] GC(4) Garbage Collection (Timer)
[1.486s][info][gc,task     ] GC(4) Using 3 workers
[1.486s][info][gc,phases   ] GC(4) Pause Mark Start 0.012ms
[1.499s][info][gc,phases   ] GC(4) Concurrent Mark 13.232ms
[1.499s][info][gc,phases   ] GC(4) Pause Mark End 0.011ms
[1.500s][info][gc,phases   ] GC(4) Concurrent Mark Free 0.001ms
[1.500s][info][gc,phases   ] GC(4) Concurrent Process Non-Strong References 0.871ms
[1.501s][info][gc,phases   ] GC(4) Concurrent Reset Relocation Set 0.001ms
[1.503s][info][gc,phases   ] GC(4) Concurrent Select Relocation Set 2.340ms
[1.503s][info][gc,phases   ] GC(4) Pause Relocate Start 0.004ms
[1.504s][info][gc,phases   ] GC(4) Concurrent Relocate 1.028ms
[1.504s][info][gc,load     ] GC(4) Load: 0.00/0.00/0.00
[1.504s][info][gc,mmu      ] GC(4) MMU: 2ms/99.4%, 5ms/99.6%, 10ms/99.8%, 20ms/99.9%, 50ms/99.9%, 100ms/100.0%
[1.504s][info][gc,marking  ] GC(4) Mark: 2 stripe(s), 1 proactive flush(es), 1 terminate flush(es), 0 completion(s), 0 continuation(s) 
[1.504s][info][gc,marking  ] GC(4) Mark Stack Usage: 32M
[1.504s][info][gc,nmethod  ] GC(4) NMethods: 370 registered, 0 unregistered
[1.504s][info][gc,metaspace] GC(4) Metaspace: 1M used, 1M committed, 1088M reserved
[1.504s][info][gc,ref      ] GC(4) Soft: 118 encountered, 0 discovered, 0 enqueued
[1.504s][info][gc,ref      ] GC(4) Weak: 170 encountered, 4 discovered, 0 enqueued
[1.504s][info][gc,ref      ] GC(4) Final: 0 encountered, 0 discovered, 0 enqueued
[1.504s][info][gc,ref      ] GC(4) Phantom: 7 encountered, 3 discovered, 0 enqueued
[1.504s][info][gc,reloc    ] GC(4) Small Pages: 303 / 606M, Empty: 0M, Relocated: 1M, In-Place: 0
[1.504s][info][gc,reloc    ] GC(4) Medium Pages: 0 / 0M, Empty: 0M, Relocated: 0M, In-Place: 0
[1.504s][info][gc,reloc    ] GC(4) Large Pages: 0 / 0M, Empty: 0M, Relocated: 0M, In-Place: 0
[1.505s][info][gc,reloc    ] GC(4) Forwarding Usage: 0M
[1.505s][info][gc,heap     ] GC(4) Min Capacity: 4096M(100%)
[1.505s][info][gc,heap     ] GC(4) Max Capacity: 4096M(100%)
[1.505s][info][gc,heap     ] GC(4) Soft Max Capacity: 4096M(100%)
[1.505s][info][gc,heap     ] GC(4)                Mark Start          Mark End        Relocate Start      Relocate End           High               Low         
[1.505s][info][gc,heap     ] GC(4)  Capacity:     4096M (100%)       4096M (100%)       4096M (100%)       4096M (100%)       4096M (100%)       4096M (100%)   
[1.505s][info][gc,heap     ] GC(4)      Free:     3490M (85%)        3490M (85%)        3490M (85%)        3490M (85%)        3490M (85%)        3486M (85%)    
[1.505s][info][gc,heap     ] GC(4)      Used:      606M (15%)         606M (15%)         606M (15%)         606M (15%)         610M (15%)         606M (15%)    
[1.505s][info][gc,heap     ] GC(4)      Live:         -               551M (13%)         551M (13%)         551M (13%)            -                  -          
[1.505s][info][gc,heap     ] GC(4) Allocated:         -                 0M (0%)            0M (0%)            0M (0%)             -                  -          
[1.505s][info][gc,heap     ] GC(4)   Garbage:         -                54M (1%)           54M (1%)           54M (1%)             -                  -          
[1.505s][info][gc,heap     ] GC(4) Reclaimed:         -                  -                 0M (0%)            0M (0%)             -                  -          
[1.505s][info][gc          ] GC(4) Garbage Collection (Timer) 606M(15%)->606M(15%)
[1.785s][info][gc,start    ] GC(5) Garbage Collection (Timer)
[1.785s][info][gc,task     ] GC(5) Using 3 workers
[1.785s][info][gc,phases   ] GC(5) Pause Mark Start 0.006ms
[1.793s][info][gc,phases   ] GC(5) Concurrent Mark 7.342ms
[1.793s][info][gc,phases   ] GC(5) Pause Mark End 0.009ms
[1.793s][info][gc,phases   ] GC(5) Concurrent Mark Free 0.001ms
[1.794s][info][gc,phases   ] GC(5) Concurrent Process Non-Strong References 0.772ms
[1.794s][info][gc,phases   ] GC(5) Concurrent Reset Relocation Set 0.001ms
[1.796s][info][gc,phases   ] GC(5) Concurrent Select Relocation Set 2.078ms
[1.796s][info][gc,phases   ] GC(5) Pause Relocate Start 0.004ms
[1.797s][info][gc,phases   ] GC(5) Concurrent Relocate 1.001ms
[1.797s][info][gc,load     ] GC(5) Load: 0.00/0.00/0.00
[1.797s][info][gc,mmu      ] GC(5) MMU: 2ms/99.4%, 5ms/99.6%, 10ms/99.8%, 20ms/99.9%, 50ms/99.9%, 100ms/100.0%
[1.797s][info][gc,marking  ] GC(5) Mark: 2 stripe(s), 1 proactive flush(es), 1 terminate flush(es), 0 completion(s), 0 continuation(s) 
[1.797s][info][gc,marking  ] GC(5) Mark Stack Usage: 32M
[1.797s][info][gc,nmethod  ] GC(5) NMethods: 370 registered, 0 unregistered
[1.797s][info][gc,metaspace] GC(5) Metaspace: 1M used, 1M committed, 1088M reserved
[1.797s][info][gc,ref      ] GC(5) Soft: 118 encountered, 0 discovered, 0 enqueued
[1.797s][info][gc,ref      ] GC(5) Weak: 170 encountered, 4 discovered, 0 enqueued
[1.797s][info][gc,ref      ] GC(5) Final: 0 encountered, 0 discovered, 0 enqueued
[1.797s][info][gc,ref      ] GC(5) Phantom: 7 encountered, 3 discovered, 0 enqueued
[1.797s][info][gc,reloc    ] GC(5) Small Pages: 303 / 606M, Empty: 0M, Relocated: 1M, In-Place: 0
[1.797s][info][gc,reloc    ] GC(5) Medium Pages: 0 / 0M, Empty: 0M, Relocated: 0M, In-Place: 0
[1.797s][info][gc,reloc    ] GC(5) Large Pages: 0 / 0M, Empty: 0M, Relocated: 0M, In-Place: 0
[1.797s][info][gc,reloc    ] GC(5) Forwarding Usage: 0M
[1.798s][info][gc,heap     ] GC(5) Min Capacity: 4096M(100%)
[1.798s][info][gc,heap     ] GC(5) Max Capacity: 4096M(100%)
[1.798s][info][gc,heap     ] GC(5) Soft Max Capacity: 4096M(100%)
[1.798s][info][gc,heap     ] GC(5)                Mark Start          Mark End        Relocate Start      Relocate End           High               Low         
[1.798s][info][gc,heap     ] GC(5)  Capacity:     4096M (100%)       4096M (100%)       4096M (100%)       4096M (100%)       4096M (100%)       4096M (100%)   
[1.798s][info][gc,heap     ] GC(5)      Free:     3490M (85%)        3490M (85%)        3490M (85%)        3490M (85%)        3490M (85%)        3486M (85%)    
[1.798s][info][gc,heap     ] GC(5)      Used:      606M (15%)         606M (15%)         606M (15%)         606M (15%)         610M (15%)         606M (15%)    
[1.798s][info][gc,heap     ] GC(5)      Live:         -               551M (13%)         551M (13%)         551M (13%)            -                  -          
[1.798s][info][gc,heap     ] GC(5) Allocated:         -                 0M (0%)            0M (0%)            0M (0%)             -                  -          
[1.798s][info][gc,heap     ] GC(5)   Garbage:         -                54M (1%)           54M (1%)           54M (1%)             -                  -          
[1.798s][info][gc,heap     ] GC(5) Reclaimed:         -                  -                 0M (0%)            0M (0%)             -                  -          
[1.798s][info][gc          ] GC(5) Garbage Collection (Timer) 606M(15%)->606M(15%)
[2.086s][info][gc,start    ] GC(6) Garbage Collection (Timer)
[2.086s][info][gc,task     ] GC(6) Using 3 workers
[2.086s][info][gc,phases   ] GC(6) Pause Mark Start 0.006ms
[2.094s][info][gc,phases   ] GC(6) Concurrent Mark 7.279ms
[2.094s][info][gc,phases   ] GC(6) Pause Mark End 0.010ms
[2.094s][info][gc,phases   ] GC(6) Concurrent Mark Free 0.001ms
[2.095s][info][gc,phases   ] GC(6) Concurrent Process Non-Strong References 0.636ms
[2.095s][info][gc,phases   ] GC(6) Concurrent Reset Relocation Set 0.001ms
[2.097s][info][gc,phases   ] GC(6) Concurrent Select Relocation Set 2.076ms
[2.097s][info][gc,phases   ] GC(6) Pause Relocate Start 0.004ms
[2.098s][info][gc,phases   ] GC(6) Concurrent Relocate 0.977ms
[2.098s][info][gc,load     ] GC(6) Load: 0.00/0.00/0.00
[2.098s][info][gc,mmu      ] GC(6) MMU: 2ms/99.4%, 5ms/99.6%, 10ms/99.8%, 20ms/99.9%, 50ms/99.9%, 100ms/100.0%
[2.098s][info][gc,marking  ] GC(6) Mark: 2 stripe(s), 3 proactive flush(es), 1 terminate flush(es), 0 completion(s), 0 continuation(s) 
[2.098s][info][gc,marking  ] GC(6) Mark Stack Usage: 32M
[2.098s][info][gc,nmethod  ] GC(6) NMethods: 370 registered, 0 unregistered
[2.098s][info][gc,metaspace] GC(6) Metaspace: 1M used, 1M committed, 1088M reserved
[2.098s][info][gc,ref      ] GC(6) Soft: 118 encountered, 0 discovered, 0 enqueued
[2.098s][info][gc,ref      ] GC(6) Weak: 170 encountered, 1 discovered, 0 enqueued
[2.098s][info][gc,ref      ] GC(6) Final: 0 encountered, 0 discovered, 0 enqueued
[2.098s][info][gc,ref      ] GC(6) Phantom: 7 encountered, 3 discovered, 0 enqueued
[2.098s][info][gc,reloc    ] GC(6) Small Pages: 303 / 606M, Empty: 0M, Relocated: 1M, In-Place: 0
[2.098s][info][gc,reloc    ] GC(6) Medium Pages: 0 / 0M, Empty: 0M, Relocated: 0M, In-Place: 0
[2.098s][info][gc,reloc    ] GC(6) Large Pages: 0 / 0M, Empty: 0M, Relocated: 0M, In-Place: 0
[2.098s][info][gc,reloc    ] GC(6) Forwarding Usage: 0M
[2.098s][info][gc,heap     ] GC(6) Min Capacity: 4096M(100%)
[2.098s][info][gc,heap     ] GC(6) Max Capacity: 4096M(100%)
[2.098s][info][gc,heap     ] GC(6) Soft Max Capacity: 4096M(100%)
[2.098s][info][gc,heap     ] GC(6)                Mark Start          Mark End        Relocate Start      Relocate End           High               Low         
[2.098s][info][gc,heap     ] GC(6)  Capacity:     4096M (100%)       4096M (100%)       4096M (100%)       4096M (100%)       4096M (100%)       4096M (100%)   
[2.098s][info][gc,heap     ] GC(6)      Free:     3490M (85%)        3490M (85%)        3490M (85%)        3490M (85%)        3490M (85%)        3486M (85%)    
[2.098s][info][gc,heap     ] GC(6)      Used:      606M (15%)         606M (15%)         606M (15%)         606M (15%)         610M (15%)         606M (15%)    
[2.098s][info][gc,heap     ] GC(6)      Live:         -               551M (13%)         551M (13%)         551M (13%)            -                  -          
[2.098s][info][gc,heap     ] GC(6) Allocated:         -                 0M (0%)            0M (0%)            0M (0%)             -                  -          
[2.098s][info][gc,heap     ] GC(6)   Garbage:         -                54M (1%)           54M (1%)           54M (1%)             -                  -          
[2.098s][info][gc,heap     ] GC(6) Reclaimed:         -                  -                 0M (0%)            0M (0%)             -                  -          
[2.099s][info][gc          ] GC(6) Garbage Collection (Timer) 606M(15%)->606M(15%)
[2.387s][info][gc,start    ] GC(7) Garbage Collection (Timer)
[2.387s][info][gc,task     ] GC(7) Using 3 workers
[2.387s][info][gc,phases   ] GC(7) Pause Mark Start 0.005ms
[2.402s][info][gc,phases   ] GC(7) Concurrent Mark 15.617ms
[2.403s][info][gc,phases   ] GC(7) Pause Mark End 0.009ms
[2.403s][info][gc,phases   ] GC(7) Concurrent Mark Free 0.001ms
[2.403s][info][gc,phases   ] GC(7) Concurrent Process Non-Strong References 0.691ms
[2.404s][info][gc,phases   ] GC(7) Concurrent Reset Relocation Set 0.001ms
[2.406s][info][gc,phases   ] GC(7) Concurrent Select Relocation Set 2.169ms
[2.406s][info][gc,phases   ] GC(7) Pause Relocate Start 0.006ms
[2.407s][info][gc,phases   ] GC(7) Concurrent Relocate 0.558ms
[2.407s][info][gc,load     ] GC(7) Load: 0.00/0.00/0.00
[2.407s][info][gc,mmu      ] GC(7) MMU: 2ms/99.4%, 5ms/99.6%, 10ms/99.8%, 20ms/99.9%, 50ms/99.9%, 100ms/100.0%
[2.407s][info][gc,marking  ] GC(7) Mark: 2 stripe(s), 2 proactive flush(es), 1 terminate flush(es), 0 completion(s), 0 continuation(s) 
[2.407s][info][gc,marking  ] GC(7) Mark Stack Usage: 32M
[2.407s][info][gc,nmethod  ] GC(7) NMethods: 457 registered, 0 unregistered
[2.407s][info][gc,metaspace] GC(7) Metaspace: 1M used, 1M committed, 1088M reserved
[2.407s][info][gc,ref      ] GC(7) Soft: 181 encountered, 0 discovered, 0 enqueued
[2.407s][info][gc,ref      ] GC(7) Weak: 296 encountered, 42 discovered, 33 enqueued
[2.407s][info][gc,ref      ] GC(7) Final: 0 encountered, 0 discovered, 0 enqueued
[2.407s][info][gc,ref      ] GC(7) Phantom: 24 encountered, 20 discovered, 17 enqueued
[2.407s][info][gc,reloc    ] GC(7) Small Pages: 407 / 814M, Empty: 0M, Relocated: 1M, In-Place: 0
[2.407s][info][gc,reloc    ] GC(7) Medium Pages: 0 / 0M, Empty: 0M, Relocated: 0M, In-Place: 0
[2.407s][info][gc,reloc    ] GC(7) Large Pages: 0 / 0M, Empty: 0M, Relocated: 0M, In-Place: 0
[2.407s][info][gc,reloc    ] GC(7) Forwarding Usage: 0M
[2.407s][info][gc,heap     ] GC(7) Min Capacity: 4096M(100%)
[2.407s][info][gc,heap     ] GC(7) Max Capacity: 4096M(100%)
[2.407s][info][gc,heap     ] GC(7) Soft Max Capacity: 4096M(100%)
[2.407s][info][gc,heap     ] GC(7)                Mark Start          Mark End        Relocate Start      Relocate End           High               Low         
[2.407s][info][gc,heap     ] GC(7)  Capacity:     4096M (100%)       4096M (100%)       4096M (100%)       4096M (100%)       4096M (100%)       4096M (100%)   
[2.407s][info][gc,heap     ] GC(7)      Free:     3282M (80%)        3278M (80%)        3276M (80%)        3276M (80%)        3282M (80%)        3272M (80%)    
[2.407s][info][gc,heap     ] GC(7)      Used:      814M (20%)         818M (20%)         820M (20%)         820M (20%)         824M (20%)         814M (20%)    
[2.407s][info][gc,heap     ] GC(7)      Live:         -               738M (18%)         738M (18%)         738M (18%)            -                  -          
[2.407s][info][gc,heap     ] GC(7) Allocated:         -                 4M (0%)            6M (0%)            6M (0%)             -                  -          
[2.407s][info][gc,heap     ] GC(7)   Garbage:         -                75M (2%)           75M (2%)           75M (2%)             -                  -          
[2.407s][info][gc,heap     ] GC(7) Reclaimed:         -                  -                 0M (0%)            0M (0%)             -                  -          
[2.407s][info][gc          ] GC(7) Garbage Collection (Timer) 814M(20%)->820M(20%)
[2.486s][info][gc,start    ] GC(8) Garbage Collection (Warmup)
[2.486s][info][gc,task     ] GC(8) Using 3 workers
[2.486s][info][gc,phases   ] GC(8) Pause Mark Start 0.005ms
[2.502s][info][gc,phases   ] GC(8) Concurrent Mark 15.235ms
[2.502s][info][gc,phases   ] GC(8) Pause Mark End 0.009ms
[2.502s][info][gc,phases   ] GC(8) Concurrent Mark Free 0.001ms
[2.503s][info][gc,phases   ] GC(8) Concurrent Process Non-Strong References 0.695ms
[2.503s][info][gc,phases   ] GC(8) Concurrent Reset Relocation Set 0.001ms
[2.506s][info][gc,phases   ] GC(8) Concurrent Select Relocation Set 2.883ms
[2.506s][info][gc,phases   ] GC(8) Pause Relocate Start 0.007ms
[2.507s][info][gc,phases   ] GC(8) Concurrent Relocate 0.774ms
[2.507s][info][gc,load     ] GC(8) Load: 0.00/0.00/0.00
[2.507s][info][gc,mmu      ] GC(8) MMU: 2ms/99.4%, 5ms/99.6%, 10ms/99.8%, 20ms/99.9%, 50ms/99.9%, 100ms/100.0%
[2.507s][info][gc,marking  ] GC(8) Mark: 2 stripe(s), 3 proactive flush(es), 1 terminate flush(es), 0 completion(s), 0 continuation(s) 
[2.507s][info][gc,marking  ] GC(8) Mark Stack Usage: 32M
[2.507s][info][gc,nmethod  ] GC(8) NMethods: 457 registered, 0 unregistered
[2.507s][info][gc,metaspace] GC(8) Metaspace: 1M used, 1M committed, 1088M reserved
[2.507s][info][gc,ref      ] GC(8) Soft: 181 encountered, 0 discovered, 0 enqueued
[2.507s][info][gc,ref      ] GC(8) Weak: 263 encountered, 5 discovered, 0 enqueued
[2.507s][info][gc,ref      ] GC(8) Final: 0 encountered, 0 discovered, 0 enqueued
[2.507s][info][gc,ref      ] GC(8) Phantom: 7 encountered, 3 discovered, 0 enqueued
[2.507s][info][gc,reloc    ] GC(8) Small Pages: 443 / 886M, Empty: 0M, Relocated: 1M, In-Place: 0
[2.507s][info][gc,reloc    ] GC(8) Medium Pages: 0 / 0M, Empty: 0M, Relocated: 0M, In-Place: 0
[2.507s][info][gc,reloc    ] GC(8) Large Pages: 0 / 0M, Empty: 0M, Relocated: 0M, In-Place: 0
[2.507s][info][gc,reloc    ] GC(8) Forwarding Usage: 0M
[2.507s][info][gc,heap     ] GC(8) Min Capacity: 4096M(100%)
[2.507s][info][gc,heap     ] GC(8) Max Capacity: 4096M(100%)
[2.507s][info][gc,heap     ] GC(8) Soft Max Capacity: 4096M(100%)
[2.507s][info][gc,heap     ] GC(8)                Mark Start          Mark End        Relocate Start      Relocate End           High               Low         
[2.507s][info][gc,heap     ] GC(8)  Capacity:     4096M (100%)       4096M (100%)       4096M (100%)       4096M (100%)       4096M (100%)       4096M (100%)   
[2.507s][info][gc,heap     ] GC(8)      Free:     3210M (78%)        3208M (78%)        3204M (78%)        3206M (78%)        3210M (78%)        3200M (78%)    
[2.507s][info][gc,heap     ] GC(8)      Used:      886M (22%)         888M (22%)         892M (22%)         890M (22%)         896M (22%)         886M (22%)    
[2.507s][info][gc,heap     ] GC(8)      Live:         -               802M (20%)         802M (20%)         802M (20%)            -                  -          
[2.507s][info][gc,heap     ] GC(8) Allocated:         -                 2M (0%)            6M (0%)            5M (0%)             -                  -          
[2.507s][info][gc,heap     ] GC(8)   Garbage:         -                83M (2%)           83M (2%)           81M (2%)             -                  -          
[2.507s][info][gc,heap     ] GC(8) Reclaimed:         -                  -                 0M (0%)            1M (0%)             -                  -          
[2.508s][info][gc          ] GC(8) Garbage Collection (Warmup) 886M(22%)->890M(22%)
[2.786s][info][gc,start    ] GC(9) Garbage Collection (Timer)
[2.786s][info][gc,task     ] GC(9) Using 3 workers
[2.786s][info][gc,phases   ] GC(9) Pause Mark Start 0.006ms
[2.802s][info][gc,phases   ] GC(9) Concurrent Mark 15.508ms
[2.802s][info][gc,phases   ] GC(9) Pause Mark End 0.009ms
[2.802s][info][gc,phases   ] GC(9) Concurrent Mark Free 0.001ms
[2.803s][info][gc,phases   ] GC(9) Concurrent Process Non-Strong References 0.746ms
[2.803s][info][gc,phases   ] GC(9) Concurrent Reset Relocation Set 0.001ms
[2.805s][info][gc,phases   ] GC(9) Concurrent Select Relocation Set 2.201ms
[2.805s][info][gc,phases   ] GC(9) Pause Relocate Start 0.005ms
[2.806s][info][gc,phases   ] GC(9) Concurrent Relocate 0.791ms
[2.806s][info][gc,load     ] GC(9) Load: 0.00/0.00/0.00
[2.806s][info][gc,mmu      ] GC(9) MMU: 2ms/99.4%, 5ms/99.6%, 10ms/99.8%, 20ms/99.9%, 50ms/99.9%, 100ms/100.0%
[2.806s][info][gc,marking  ] GC(9) Mark: 2 stripe(s), 2 proactive flush(es), 1 terminate flush(es), 0 completion(s), 0 continuation(s) 
[2.806s][info][gc,marking  ] GC(9) Mark Stack Usage: 32M
[2.806s][info][gc,nmethod  ] GC(9) NMethods: 458 registered, 0 unregistered
[2.806s][info][gc,metaspace] GC(9) Metaspace: 1M used, 1M committed, 1088M reserved
[2.806s][info][gc,ref      ] GC(9) Soft: 181 encountered, 0 discovered, 0 enqueued
[2.806s][info][gc,ref      ] GC(9) Weak: 263 encountered, 4 discovered, 0 enqueued
[2.806s][info][gc,ref      ] GC(9) Final: 0 encountered, 0 discovered, 0 enqueued
[2.806s][info][gc,ref      ] GC(9) Phantom: 7 encountered, 3 discovered, 0 enqueued
[2.806s][info][gc,reloc    ] GC(9) Small Pages: 558 / 1116M, Empty: 0M, Relocated: 1M, In-Place: 0
[2.806s][info][gc,reloc    ] GC(9) Medium Pages: 1 / 32M, Empty: 0M, Relocated: 0M, In-Place: 0
[2.806s][info][gc,reloc    ] GC(9) Large Pages: 0 / 0M, Empty: 0M, Relocated: 0M, In-Place: 0
[2.806s][info][gc,reloc    ] GC(9) Forwarding Usage: 0M
[2.806s][info][gc,heap     ] GC(9) Min Capacity: 4096M(100%)
[2.806s][info][gc,heap     ] GC(9) Max Capacity: 4096M(100%)
[2.807s][info][gc,heap     ] GC(9) Soft Max Capacity: 4096M(100%)
[2.807s][info][gc,heap     ] GC(9)                Mark Start          Mark End        Relocate Start      Relocate End           High               Low         
[2.807s][info][gc,heap     ] GC(9)  Capacity:     4096M (100%)       4096M (100%)       4096M (100%)       4096M (100%)       4096M (100%)       4096M (100%)   
[2.807s][info][gc,heap     ] GC(9)      Free:     2948M (72%)        2946M (72%)        2944M (72%)        2944M (72%)        2948M (72%)        2938M (72%)    
[2.807s][info][gc,heap     ] GC(9)      Used:     1148M (28%)        1150M (28%)        1152M (28%)        1152M (28%)        1158M (28%)        1148M (28%)    
[2.807s][info][gc,heap     ] GC(9)      Live:         -              1015M (25%)        1015M (25%)        1015M (25%)            -                  -          
[2.807s][info][gc,heap     ] GC(9) Allocated:         -                 2M (0%)            4M (0%)            4M (0%)             -                  -          
[2.807s][info][gc,heap     ] GC(9)   Garbage:         -               132M (3%)          132M (3%)          132M (3%)             -                  -          
[2.807s][info][gc,heap     ] GC(9) Reclaimed:         -                  -                 0M (0%)            0M (0%)             -                  -          
[2.807s][info][gc          ] GC(9) Garbage Collection (Timer) 1148M(28%)->1152M(28%)
[2.986s][info][gc,start    ] GC(10) Garbage Collection (Warmup)
[2.986s][info][gc,task     ] GC(10) Using 3 workers
[2.986s][info][gc,phases   ] GC(10) Pause Mark Start 0.005ms
[3.008s][info][gc,phases   ] GC(10) Concurrent Mark 22.395ms
[3.009s][info][gc,phases   ] GC(10) Pause Mark End 0.010ms
[3.009s][info][gc,phases   ] GC(10) Concurrent Mark Free 0.001ms
[3.010s][info][gc,phases   ] GC(10) Concurrent Process Non-Strong References 0.788ms
[3.010s][info][gc,phases   ] GC(10) Concurrent Reset Relocation Set 0.001ms
[3.012s][info][gc,phases   ] GC(10) Concurrent Select Relocation Set 2.083ms
[3.012s][info][gc,phases   ] GC(10) Pause Relocate Start 0.004ms
[3.013s][info][gc,phases   ] GC(10) Concurrent Relocate 0.718ms
[3.013s][info][gc,load     ] GC(10) Load: 0.00/0.00/0.00
[3.013s][info][gc,mmu      ] GC(10) MMU: 2ms/99.4%, 5ms/99.6%, 10ms/99.8%, 20ms/99.9%, 50ms/99.9%, 100ms/100.0%
[3.013s][info][gc,marking  ] GC(10) Mark: 2 stripe(s), 4 proactive flush(es), 1 terminate flush(es), 0 completion(s), 0 continuation(s) 
[3.013s][info][gc,marking  ] GC(10) Mark Stack Usage: 32M
[3.013s][info][gc,nmethod  ] GC(10) NMethods: 458 registered, 0 unregistered
[3.013s][info][gc,metaspace] GC(10) Metaspace: 1M used, 1M committed, 1088M reserved
[3.013s][info][gc,ref      ] GC(10) Soft: 181 encountered, 0 discovered, 0 enqueued
[3.013s][info][gc,ref      ] GC(10) Weak: 263 encountered, 2 discovered, 0 enqueued
[3.013s][info][gc,ref      ] GC(10) Final: 0 encountered, 0 discovered, 0 enqueued
[3.013s][info][gc,ref      ] GC(10) Phantom: 7 encountered, 3 discovered, 0 enqueued
[3.013s][info][gc,reloc    ] GC(10) Small Pages: 602 / 1204M, Empty: 0M, Relocated: 1M, In-Place: 0
[3.013s][info][gc,reloc    ] GC(10) Medium Pages: 1 / 32M, Empty: 0M, Relocated: 0M, In-Place: 0
[3.013s][info][gc,reloc    ] GC(10) Large Pages: 0 / 0M, Empty: 0M, Relocated: 0M, In-Place: 0
[3.013s][info][gc,reloc    ] GC(10) Forwarding Usage: 0M
[3.013s][info][gc,heap     ] GC(10) Min Capacity: 4096M(100%)
[3.013s][info][gc,heap     ] GC(10) Max Capacity: 4096M(100%)
[3.013s][info][gc,heap     ] GC(10) Soft Max Capacity: 4096M(100%)
[3.013s][info][gc,heap     ] GC(10)                Mark Start          Mark End        Relocate Start      Relocate End           High               Low         
[3.013s][info][gc,heap     ] GC(10)  Capacity:     4096M (100%)       4096M (100%)       4096M (100%)       4096M (100%)       4096M (100%)       4096M (100%)   
[3.013s][info][gc,heap     ] GC(10)      Free:     2860M (70%)        2860M (70%)        2860M (70%)        2862M (70%)        2862M (70%)        2854M (70%)    
[3.013s][info][gc,heap     ] GC(10)      Used:     1236M (30%)        1236M (30%)        1236M (30%)        1234M (30%)        1242M (30%)        1234M (30%)    
[3.013s][info][gc,heap     ] GC(10)      Live:         -              1093M (27%)        1093M (27%)        1093M (27%)            -                  -          
[3.013s][info][gc,heap     ] GC(10) Allocated:         -                 0M (0%)            0M (0%)            0M (0%)             -                  -          
[3.013s][info][gc,heap     ] GC(10)   Garbage:         -               142M (3%)          142M (3%)          140M (3%)             -                  -          
[3.013s][info][gc,heap     ] GC(10) Reclaimed:         -                  -                 0M (0%)            2M (0%)             -                  -          
[3.013s][info][gc          ] GC(10) Garbage Collection (Warmup) 1236M(30%)->1234M(30%)
[3.286s][info][gc,start    ] GC(11) Garbage Collection (Timer)
[3.286s][info][gc,task     ] GC(11) Using 3 workers
[3.286s][info][gc,phases   ] GC(11) Pause Mark Start 0.006ms
[3.298s][info][gc,phases   ] GC(11) Concurrent Mark 11.912ms
[3.298s][info][gc,phases   ] GC(11) Pause Mark End 0.011ms
[3.299s][info][gc,phases   ] GC(11) Concurrent Mark Free 0.001ms
[3.299s][info][gc,phases   ] GC(11) Concurrent Process Non-Strong References 0.792ms
[3.299s][info][gc,phases   ] GC(11) Concurrent Reset Relocation Set 0.001ms
[3.302s][info][gc,phases   ] GC(11) Concurrent Select Relocation Set 2.144ms
[3.302s][info][gc,phases   ] GC(11) Pause Relocate Start 0.005ms
[3.302s][info][gc,phases   ] GC(11) Concurrent Relocate 0.520ms
[3.302s][info][gc,load     ] GC(11) Load: 0.00/0.00/0.00
[3.302s][info][gc,mmu      ] GC(11) MMU: 2ms/99.4%, 5ms/99.6%, 10ms/99.8%, 20ms/99.9%, 50ms/99.9%, 100ms/100.0%
[3.302s][info][gc,marking  ] GC(11) Mark: 2 stripe(s), 1 proactive flush(es), 1 terminate flush(es), 0 completion(s), 0 continuation(s) 
[3.302s][info][gc,marking  ] GC(11) Mark Stack Usage: 32M
[3.302s][info][gc,nmethod  ] GC(11) NMethods: 458 registered, 0 unregistered
[3.302s][info][gc,metaspace] GC(11) Metaspace: 1M used, 1M committed, 1088M reserved
[3.303s][info][gc,ref      ] GC(11) Soft: 181 encountered, 0 discovered, 0 enqueued
[3.303s][info][gc,ref      ] GC(11) Weak: 263 encountered, 15 discovered, 0 enqueued
[3.303s][info][gc,ref      ] GC(11) Final: 0 encountered, 0 discovered, 0 enqueued
[3.303s][info][gc,ref      ] GC(11) Phantom: 7 encountered, 3 discovered, 0 enqueued
[3.303s][info][gc,reloc    ] GC(11) Small Pages: 601 / 1202M, Empty: 0M, Relocated: 1M, In-Place: 0
[3.303s][info][gc,reloc    ] GC(11) Medium Pages: 1 / 32M, Empty: 0M, Relocated: 0M, In-Place: 0
[3.303s][info][gc,reloc    ] GC(11) Large Pages: 0 / 0M, Empty: 0M, Relocated: 0M, In-Place: 0
[3.303s][info][gc,reloc    ] GC(11) Forwarding Usage: 0M
[3.303s][info][gc,heap     ] GC(11) Min Capacity: 4096M(100%)
[3.303s][info][gc,heap     ] GC(11) Max Capacity: 4096M(100%)
[3.303s][info][gc,heap     ] GC(11) Soft Max Capacity: 4096M(100%)
[3.303s][info][gc,heap     ] GC(11)                Mark Start          Mark End        Relocate Start      Relocate End           High               Low         
[3.303s][info][gc,heap     ] GC(11)  Capacity:     4096M (100%)       4096M (100%)       4096M (100%)       4096M (100%)       4096M (100%)       4096M (100%)   
[3.303s][info][gc,heap     ] GC(11)      Free:     2862M (70%)        2862M (70%)        2862M (70%)        2864M (70%)        2864M (70%)        2860M (70%)    
[3.303s][info][gc,heap     ] GC(11)      Used:     1234M (30%)        1234M (30%)        1234M (30%)        1232M (30%)        1236M (30%)        1232M (30%)    
[3.303s][info][gc,heap     ] GC(11)      Live:         -              1093M (27%)        1093M (27%)        1093M (27%)            -                  -          
[3.303s][info][gc,heap     ] GC(11) Allocated:         -                 0M (0%)            0M (0%)            0M (0%)             -                  -          
[3.303s][info][gc,heap     ] GC(11)   Garbage:         -               140M (3%)          140M (3%)          138M (3%)             -                  -          
[3.303s][info][gc,heap     ] GC(11) Reclaimed:         -                  -                 0M (0%)            2M (0%)             -                  -          
[3.303s][info][gc          ] GC(11) Garbage Collection (Timer) 1234M(30%)->1232M(30%)
[3.586s][info][gc,start    ] GC(12) Garbage Collection (Timer)
[3.586s][info][gc,task     ] GC(12) Using 3 workers
[3.586s][info][gc,phases   ] GC(12) Pause Mark Start 0.005ms
[3.597s][info][gc,phases   ] GC(12) Concurrent Mark 11.129ms
[3.597s][info][gc,phases   ] GC(12) Pause Mark End 0.010ms
[3.597s][info][gc,phases   ] GC(12) Concurrent Mark Free 0.001ms
[3.598s][info][gc,phases   ] GC(12) Concurrent Process Non-Strong References 0.862ms
[3.598s][info][gc,phases   ] GC(12) Concurrent Reset Relocation Set 0.001ms
[3.600s][info][gc,phases   ] GC(12) Concurrent Select Relocation Set 2.093ms
[3.601s][info][gc,phases   ] GC(12) Pause Relocate Start 0.006ms
[3.601s][info][gc,phases   ] GC(12) Concurrent Relocate 0.375ms
[3.601s][info][gc,load     ] GC(12) Load: 0.00/0.00/0.00
[3.601s][info][gc,mmu      ] GC(12) MMU: 2ms/99.4%, 5ms/99.6%, 10ms/99.8%, 20ms/99.9%, 50ms/99.9%, 100ms/100.0%
[3.601s][info][gc,marking  ] GC(12) Mark: 2 stripe(s), 1 proactive flush(es), 1 terminate flush(es), 0 completion(s), 0 continuation(s) 
[3.601s][info][gc,marking  ] GC(12) Mark Stack Usage: 32M
[3.601s][info][gc,nmethod  ] GC(12) NMethods: 458 registered, 0 unregistered
[3.601s][info][gc,metaspace] GC(12) Metaspace: 1M used, 1M committed, 1088M reserved
[3.601s][info][gc,ref      ] GC(12) Soft: 181 encountered, 0 discovered, 0 enqueued
[3.601s][info][gc,ref      ] GC(12) Weak: 263 encountered, 13 discovered, 0 enqueued
[3.601s][info][gc,ref      ] GC(12) Final: 0 encountered, 0 discovered, 0 enqueued
[3.601s][info][gc,ref      ] GC(12) Phantom: 7 encountered, 3 discovered, 0 enqueued
[3.601s][info][gc,reloc    ] GC(12) Small Pages: 600 / 1200M, Empty: 0M, Relocated: 1M, In-Place: 0
[3.601s][info][gc,reloc    ] GC(12) Medium Pages: 1 / 32M, Empty: 0M, Relocated: 0M, In-Place: 0
[3.601s][info][gc,reloc    ] GC(12) Large Pages: 0 / 0M, Empty: 0M, Relocated: 0M, In-Place: 0
[3.601s][info][gc,reloc    ] GC(12) Forwarding Usage: 0M
[3.601s][info][gc,heap     ] GC(12) Min Capacity: 4096M(100%)
[3.601s][info][gc,heap     ] GC(12) Max Capacity: 4096M(100%)
[3.601s][info][gc,heap     ] GC(12) Soft Max Capacity: 4096M(100%)
[3.601s][info][gc,heap     ] GC(12)                Mark Start          Mark End        Relocate Start      Relocate End           High               Low         
[3.602s][info][gc,heap     ] GC(12)  Capacity:     4096M (100%)       4096M (100%)       4096M (100%)       4096M (100%)       4096M (100%)       4096M (100%)   
[3.602s][info][gc,heap     ] GC(12)      Free:     2864M (70%)        2864M (70%)        2864M (70%)        2864M (70%)        2864M (70%)        2860M (70%)    
[3.602s][info][gc,heap     ] GC(12)      Used:     1232M (30%)        1232M (30%)        1232M (30%)        1232M (30%)        1236M (30%)        1232M (30%)    
[3.602s][info][gc,heap     ] GC(12)      Live:         -              1093M (27%)        1093M (27%)        1093M (27%)            -                  -          
[3.602s][info][gc,heap     ] GC(12) Allocated:         -                 0M (0%)            0M (0%)            0M (0%)             -                  -          
[3.602s][info][gc,heap     ] GC(12)   Garbage:         -               138M (3%)          138M (3%)          138M (3%)             -                  -          
[3.602s][info][gc,heap     ] GC(12) Reclaimed:         -                  -                 0M (0%)            0M (0%)             -                  -          
[3.602s][info][gc          ] GC(12) Garbage Collection (Timer) 1232M(30%)->1232M(30%)
[3.886s][info][gc,start    ] GC(13) Garbage Collection (Timer)
[3.886s][info][gc,task     ] GC(13) Using 3 workers
[3.886s][info][gc,phases   ] GC(13) Pause Mark Start 0.006ms
[3.898s][info][gc,phases   ] GC(13) Concurrent Mark 11.169ms
[3.898s][info][gc,phases   ] GC(13) Pause Mark End 0.010ms
[3.898s][info][gc,phases   ] GC(13) Concurrent Mark Free 0.001ms
[3.899s][info][gc,phases   ] GC(13) Concurrent Process Non-Strong References 0.708ms
[3.899s][info][gc,phases   ] GC(13) Concurrent Reset Relocation Set 0.001ms
[3.902s][info][gc,phases   ] GC(13) Concurrent Select Relocation Set 3.419ms
[3.902s][info][gc,phases   ] GC(13) Pause Relocate Start 0.006ms
[3.903s][info][gc,phases   ] GC(13) Concurrent Relocate 0.321ms
[3.903s][info][gc,load     ] GC(13) Load: 0.00/0.00/0.00
[3.903s][info][gc,mmu      ] GC(13) MMU: 2ms/99.4%, 5ms/99.6%, 10ms/99.8%, 20ms/99.9%, 50ms/99.9%, 100ms/100.0%
[3.903s][info][gc,marking  ] GC(13) Mark: 2 stripe(s), 4 proactive flush(es), 1 terminate flush(es), 0 completion(s), 0 continuation(s) 
[3.903s][info][gc,marking  ] GC(13) Mark Stack Usage: 32M
[3.903s][info][gc,nmethod  ] GC(13) NMethods: 458 registered, 0 unregistered
[3.903s][info][gc,metaspace] GC(13) Metaspace: 1M used, 1M committed, 1088M reserved
[3.903s][info][gc,ref      ] GC(13) Soft: 181 encountered, 0 discovered, 0 enqueued
[3.903s][info][gc,ref      ] GC(13) Weak: 263 encountered, 4 discovered, 0 enqueued
[3.903s][info][gc,ref      ] GC(13) Final: 0 encountered, 0 discovered, 0 enqueued
[3.903s][info][gc,ref      ] GC(13) Phantom: 7 encountered, 3 discovered, 0 enqueued
[3.903s][info][gc,reloc    ] GC(13) Small Pages: 600 / 1200M, Empty: 0M, Relocated: 1M, In-Place: 0
[3.903s][info][gc,reloc    ] GC(13) Medium Pages: 1 / 32M, Empty: 0M, Relocated: 0M, In-Place: 0
[3.903s][info][gc,reloc    ] GC(13) Large Pages: 0 / 0M, Empty: 0M, Relocated: 0M, In-Place: 0
[3.903s][info][gc,reloc    ] GC(13) Forwarding Usage: 0M
[3.903s][info][gc,heap     ] GC(13) Min Capacity: 4096M(100%)
[3.903s][info][gc,heap     ] GC(13) Max Capacity: 4096M(100%)
[3.903s][info][gc,heap     ] GC(13) Soft Max Capacity: 4096M(100%)
[3.903s][info][gc,heap     ] GC(13)                Mark Start          Mark End        Relocate Start      Relocate End           High               Low         
[3.903s][info][gc,heap     ] GC(13)  Capacity:     4096M (100%)       4096M (100%)       4096M (100%)       4096M (100%)       4096M (100%)       4096M (100%)   
[3.903s][info][gc,heap     ] GC(13)      Free:     2864M (70%)        2864M (70%)        2864M (70%)        2864M (70%)        2864M (70%)        2860M (70%)    
[3.903s][info][gc,heap     ] GC(13)      Used:     1232M (30%)        1232M (30%)        1232M (30%)        1232M (30%)        1236M (30%)        1232M (30%)    
[3.903s][info][gc,heap     ] GC(13)      Live:         -              1093M (27%)        1093M (27%)        1093M (27%)            -                  -          
[3.903s][info][gc,heap     ] GC(13) Allocated:         -                 0M (0%)            0M (0%)            0M (0%)             -                  -          
[3.903s][info][gc,heap     ] GC(13)   Garbage:         -               138M (3%)          138M (3%)          138M (3%)             -                  -          
[3.903s][info][gc,heap     ] GC(13) Reclaimed:         -                  -                 0M (0%)            0M (0%)             -                  -          
[3.903s][info][gc          ] GC(13) Garbage Collection (Timer) 1232M(30%)->1232M(30%)
[4.186s][info][gc,start    ] GC(14) Garbage Collection (Timer)
[4.186s][info][gc,task     ] GC(14) Using 3 workers
[4.187s][info][gc,phases   ] GC(14) Pause Mark Start 0.006ms
[4.201s][info][gc,phases   ] GC(14) Concurrent Mark 14.161ms
[4.201s][info][gc,phases   ] GC(14) Pause Mark End 0.009ms
[4.201s][info][gc,phases   ] GC(14) Concurrent Mark Free 0.001ms
[4.202s][info][gc,phases   ] GC(14) Concurrent Process Non-Strong References 0.838ms
[4.202s][info][gc,phases   ] GC(14) Concurrent Reset Relocation Set 0.001ms
[4.204s][info][gc,phases   ] GC(14) Concurrent Select Relocation Set 2.225ms
[4.204s][info][gc,phases   ] GC(14) Pause Relocate Start 0.005ms
[4.206s][info][gc,phases   ] GC(14) Concurrent Relocate 0.884ms
[4.206s][info][gc,load     ] GC(14) Load: 0.00/0.00/0.00
[4.206s][info][gc,mmu      ] GC(14) MMU: 2ms/99.4%, 5ms/99.6%, 10ms/99.8%, 20ms/99.9%, 50ms/99.9%, 100ms/100.0%
[4.206s][info][gc,marking  ] GC(14) Mark: 2 stripe(s), 2 proactive flush(es), 1 terminate flush(es), 0 completion(s), 0 continuation(s) 
[4.206s][info][gc,marking  ] GC(14) Mark Stack Usage: 32M
[4.206s][info][gc,nmethod  ] GC(14) NMethods: 463 registered, 0 unregistered
[4.206s][info][gc,metaspace] GC(14) Metaspace: 1M used, 1M committed, 1088M reserved
[4.206s][info][gc,ref      ] GC(14) Soft: 181 encountered, 0 discovered, 0 enqueued
[4.206s][info][gc,ref      ] GC(14) Weak: 263 encountered, 3 discovered, 0 enqueued
[4.206s][info][gc,ref      ] GC(14) Final: 0 encountered, 0 discovered, 0 enqueued
[4.206s][info][gc,ref      ] GC(14) Phantom: 7 encountered, 3 discovered, 0 enqueued
[4.206s][info][gc,reloc    ] GC(14) Small Pages: 705 / 1410M, Empty: 0M, Relocated: 1M, In-Place: 0
[4.206s][info][gc,reloc    ] GC(14) Medium Pages: 1 / 32M, Empty: 0M, Relocated: 0M, In-Place: 0
[4.206s][info][gc,reloc    ] GC(14) Large Pages: 0 / 0M, Empty: 0M, Relocated: 0M, In-Place: 0
[4.206s][info][gc,reloc    ] GC(14) Forwarding Usage: 0M
[4.206s][info][gc,heap     ] GC(14) Min Capacity: 4096M(100%)
[4.206s][info][gc,heap     ] GC(14) Max Capacity: 4096M(100%)
[4.206s][info][gc,heap     ] GC(14) Soft Max Capacity: 4096M(100%)
[4.206s][info][gc,heap     ] GC(14)                Mark Start          Mark End        Relocate Start      Relocate End           High               Low         
[4.206s][info][gc,heap     ] GC(14)  Capacity:     4096M (100%)       4096M (100%)       4096M (100%)       4096M (100%)       4096M (100%)       4096M (100%)   
[4.206s][info][gc,heap     ] GC(14)      Free:     2654M (65%)        2650M (65%)        2648M (65%)        2648M (65%)        2654M (65%)        2644M (65%)    
[4.206s][info][gc,heap     ] GC(14)      Used:     1442M (35%)        1446M (35%)        1448M (35%)        1448M (35%)        1452M (35%)        1442M (35%)    
[4.206s][info][gc,heap     ] GC(14)      Live:         -              1285M (31%)        1285M (31%)        1285M (31%)            -                  -          
[4.206s][info][gc,heap     ] GC(14) Allocated:         -                 4M (0%)            6M (0%)            6M (0%)             -                  -          
[4.206s][info][gc,heap     ] GC(14)   Garbage:         -               156M (4%)          156M (4%)          156M (4%)             -                  -          
[4.206s][info][gc,heap     ] GC(14) Reclaimed:         -                  -                 0M (0%)            0M (0%)             -                  -          
[4.206s][info][gc          ] GC(14) Garbage Collection (Timer) 1442M(35%)->1448M(35%)
[4.486s][info][gc,start    ] GC(15) Garbage Collection (Timer)
[4.486s][info][gc,task     ] GC(15) Using 3 workers
[4.486s][info][gc,phases   ] GC(15) Pause Mark Start 0.006ms
[4.508s][info][gc,phases   ] GC(15) Concurrent Mark 21.678ms
[4.508s][info][gc,phases   ] GC(15) Pause Mark End 0.009ms
[4.508s][info][gc,phases   ] GC(15) Concurrent Mark Free 0.001ms
[4.510s][info][gc,phases   ] GC(15) Concurrent Process Non-Strong References 1.056ms
[4.510s][info][gc,phases   ] GC(15) Concurrent Reset Relocation Set 0.001ms
[4.512s][info][gc,phases   ] GC(15) Concurrent Select Relocation Set 2.460ms
[4.512s][info][gc,phases   ] GC(15) Pause Relocate Start 0.008ms
[4.513s][info][gc,phases   ] GC(15) Concurrent Relocate 0.907ms
[4.513s][info][gc,load     ] GC(15) Load: 0.00/0.00/0.00
[4.513s][info][gc,mmu      ] GC(15) MMU: 2ms/99.4%, 5ms/99.6%, 10ms/99.8%, 20ms/99.9%, 50ms/99.9%, 100ms/100.0%
[4.513s][info][gc,marking  ] GC(15) Mark: 2 stripe(s), 2 proactive flush(es), 1 terminate flush(es), 0 completion(s), 0 continuation(s) 
[4.513s][info][gc,marking  ] GC(15) Mark Stack Usage: 32M
[4.513s][info][gc,nmethod  ] GC(15) NMethods: 463 registered, 0 unregistered
[4.513s][info][gc,metaspace] GC(15) Metaspace: 1M used, 1M committed, 1088M reserved
[4.513s][info][gc,ref      ] GC(15) Soft: 181 encountered, 0 discovered, 0 enqueued
[4.513s][info][gc,ref      ] GC(15) Weak: 263 encountered, 11 discovered, 0 enqueued
[4.514s][info][gc,ref      ] GC(15) Final: 0 encountered, 0 discovered, 0 enqueued
[4.514s][info][gc,ref      ] GC(15) Phantom: 7 encountered, 3 discovered, 0 enqueued
[4.514s][info][gc,reloc    ] GC(15) Small Pages: 803 / 1606M, Empty: 0M, Relocated: 1M, In-Place: 0
[4.514s][info][gc,reloc    ] GC(15) Medium Pages: 2 / 64M, Empty: 32M, Relocated: 0M, In-Place: 0
[4.514s][info][gc,reloc    ] GC(15) Large Pages: 0 / 0M, Empty: 0M, Relocated: 0M, In-Place: 0
[4.514s][info][gc,reloc    ] GC(15) Forwarding Usage: 0M
[4.514s][info][gc,heap     ] GC(15) Min Capacity: 4096M(100%)
[4.514s][info][gc,heap     ] GC(15) Max Capacity: 4096M(100%)
[4.514s][info][gc,heap     ] GC(15) Soft Max Capacity: 4096M(100%)
[4.514s][info][gc,heap     ] GC(15)                Mark Start          Mark End        Relocate Start      Relocate End           High               Low         
[4.514s][info][gc,heap     ] GC(15)  Capacity:     4096M (100%)       4096M (100%)       4096M (100%)       4096M (100%)       4096M (100%)       4096M (100%)   
[4.514s][info][gc,heap     ] GC(15)      Free:     2426M (59%)        2424M (59%)        2454M (60%)        2454M (60%)        2456M (60%)        2424M (59%)    
[4.514s][info][gc,heap     ] GC(15)      Used:     1670M (41%)        1672M (41%)        1642M (40%)        1642M (40%)        1672M (41%)        1640M (40%)    
[4.514s][info][gc,heap     ] GC(15)      Live:         -              1464M (36%)        1464M (36%)        1464M (36%)            -                  -          
[4.514s][info][gc,heap     ] GC(15) Allocated:         -                 2M (0%)            4M (0%)            4M (0%)             -                  -          
[4.514s][info][gc,heap     ] GC(15)   Garbage:         -               205M (5%)          173M (4%)          173M (4%)             -                  -          
[4.514s][info][gc,heap     ] GC(15) Reclaimed:         -                  -                32M (1%)           32M (1%)             -                  -          
[4.514s][info][gc          ] GC(15) Garbage Collection (Timer) 1670M(41%)->1642M(40%)
[4.786s][info][gc,start    ] GC(16) Garbage Collection (Timer)
[4.786s][info][gc,task     ] GC(16) Using 3 workers
[4.786s][info][gc,phases   ] GC(16) Pause Mark Start 0.005ms
[4.810s][info][gc,phases   ] GC(16) Concurrent Mark 24.423ms
[4.811s][info][gc,phases   ] GC(16) Pause Mark End 0.011ms
[4.811s][info][gc,phases   ] GC(16) Concurrent Mark Free 0.001ms
[4.811s][info][gc,phases   ] GC(16) Concurrent Process Non-Strong References 0.629ms
[4.811s][info][gc,phases   ] GC(16) Concurrent Reset Relocation Set 0.001ms
[4.814s][info][gc,phases   ] GC(16) Concurrent Select Relocation Set 2.925ms
[4.815s][info][gc,phases   ] GC(16) Pause Relocate Start 0.008ms
[4.817s][info][gc,phases   ] GC(16) Concurrent Relocate 2.307ms
[4.817s][info][gc,load     ] GC(16) Load: 0.00/0.00/0.00
[4.817s][info][gc,mmu      ] GC(16) MMU: 2ms/99.4%, 5ms/99.6%, 10ms/99.8%, 20ms/99.9%, 50ms/99.9%, 100ms/100.0%
[4.817s][info][gc,marking  ] GC(16) Mark: 2 stripe(s), 2 proactive flush(es), 1 terminate flush(es), 0 completion(s), 0 continuation(s) 
[4.817s][info][gc,marking  ] GC(16) Mark Stack Usage: 32M
[4.817s][info][gc,nmethod  ] GC(16) NMethods: 463 registered, 0 unregistered
[4.817s][info][gc,metaspace] GC(16) Metaspace: 1M used, 1M committed, 1088M reserved
[4.817s][info][gc,ref      ] GC(16) Soft: 181 encountered, 0 discovered, 0 enqueued
[4.817s][info][gc,ref      ] GC(16) Weak: 263 encountered, 6 discovered, 0 enqueued
[4.817s][info][gc,ref      ] GC(16) Final: 0 encountered, 0 discovered, 0 enqueued
[4.817s][info][gc,ref      ] GC(16) Phantom: 7 encountered, 3 discovered, 0 enqueued
[4.817s][info][gc,reloc    ] GC(16) Small Pages: 889 / 1778M, Empty: 0M, Relocated: 3M, In-Place: 0
[4.817s][info][gc,reloc    ] GC(16) Medium Pages: 1 / 32M, Empty: 0M, Relocated: 0M, In-Place: 0
[4.817s][info][gc,reloc    ] GC(16) Large Pages: 0 / 0M, Empty: 0M, Relocated: 0M, In-Place: 0
[4.817s][info][gc,reloc    ] GC(16) Forwarding Usage: 0M
[4.817s][info][gc,heap     ] GC(16) Min Capacity: 4096M(100%)
[4.817s][info][gc,heap     ] GC(16) Max Capacity: 4096M(100%)
[4.817s][info][gc,heap     ] GC(16) Soft Max Capacity: 4096M(100%)
[4.817s][info][gc,heap     ] GC(16)                Mark Start          Mark End        Relocate Start      Relocate End           High               Low         
[4.817s][info][gc,heap     ] GC(16)  Capacity:     4096M (100%)       4096M (100%)       4096M (100%)       4096M (100%)       4096M (100%)       4096M (100%)   
[4.818s][info][gc,heap     ] GC(16)      Free:     2286M (56%)        2284M (56%)        2282M (56%)        2282M (56%)        2286M (56%)        2276M (56%)    
[4.818s][info][gc,heap     ] GC(16)      Used:     1810M (44%)        1812M (44%)        1814M (44%)        1814M (44%)        1820M (44%)        1810M (44%)    
[4.818s][info][gc,heap     ] GC(16)      Live:         -              1620M (40%)        1620M (40%)        1620M (40%)            -                  -          
[4.818s][info][gc,heap     ] GC(16) Allocated:         -                 2M (0%)            4M (0%)            6M (0%)             -                  -          
[4.818s][info][gc,heap     ] GC(16)   Garbage:         -               189M (5%)          189M (5%)          187M (5%)             -                  -          
[4.818s][info][gc,heap     ] GC(16) Reclaimed:         -                  -                 0M (0%)            2M (0%)             -                  -          
[4.818s][info][gc          ] GC(16) Garbage Collection (Timer) 1810M(44%)->1814M(44%)
[5.087s][info][gc,start    ] GC(17) Garbage Collection (Timer)
[5.087s][info][gc,task     ] GC(17) Using 3 workers
[5.087s][info][gc,phases   ] GC(17) Pause Mark Start 0.005ms
[5.107s][info][gc,phases   ] GC(17) Concurrent Mark 19.653ms
[5.107s][info][gc,phases   ] GC(17) Pause Mark End 0.009ms
[5.107s][info][gc,phases   ] GC(17) Concurrent Mark Free 0.001ms
[5.108s][info][gc,phases   ] GC(17) Concurrent Process Non-Strong References 0.849ms
[5.108s][info][gc,phases   ] GC(17) Concurrent Reset Relocation Set 0.001ms
[5.110s][info][gc,phases   ] GC(17) Concurrent Select Relocation Set 2.088ms
[5.110s][info][gc,phases   ] GC(17) Pause Relocate Start 0.005ms
[5.111s][info][gc,phases   ] GC(17) Concurrent Relocate 0.896ms
[5.111s][info][gc,load     ] GC(17) Load: 0.00/0.00/0.00
[5.111s][info][gc,mmu      ] GC(17) MMU: 2ms/99.4%, 5ms/99.6%, 10ms/99.8%, 20ms/99.9%, 50ms/99.9%, 100ms/100.0%
[5.111s][info][gc,marking  ] GC(17) Mark: 2 stripe(s), 1 proactive flush(es), 1 terminate flush(es), 0 completion(s), 0 continuation(s) 
[5.111s][info][gc,marking  ] GC(17) Mark Stack Usage: 32M
[5.111s][info][gc,nmethod  ] GC(17) NMethods: 463 registered, 0 unregistered
[5.111s][info][gc,metaspace] GC(17) Metaspace: 1M used, 1M committed, 1088M reserved
[5.111s][info][gc,ref      ] GC(17) Soft: 181 encountered, 0 discovered, 0 enqueued
[5.111s][info][gc,ref      ] GC(17) Weak: 263 encountered, 88 discovered, 0 enqueued
[5.111s][info][gc,ref      ] GC(17) Final: 0 encountered, 0 discovered, 0 enqueued
[5.111s][info][gc,ref      ] GC(17) Phantom: 7 encountered, 3 discovered, 0 enqueued
[5.111s][info][gc,reloc    ] GC(17) Small Pages: 903 / 1806M, Empty: 0M, Relocated: 1M, In-Place: 0
[5.111s][info][gc,reloc    ] GC(17) Medium Pages: 1 / 32M, Empty: 0M, Relocated: 0M, In-Place: 0
[5.111s][info][gc,reloc    ] GC(17) Large Pages: 0 / 0M, Empty: 0M, Relocated: 0M, In-Place: 0
[5.111s][info][gc,reloc    ] GC(17) Forwarding Usage: 0M
[5.111s][info][gc,heap     ] GC(17) Min Capacity: 4096M(100%)
[5.112s][info][gc,heap     ] GC(17) Max Capacity: 4096M(100%)
[5.112s][info][gc,heap     ] GC(17) Soft Max Capacity: 4096M(100%)
[5.112s][info][gc,heap     ] GC(17)                Mark Start          Mark End        Relocate Start      Relocate End           High               Low         
[5.112s][info][gc,heap     ] GC(17)  Capacity:     4096M (100%)       4096M (100%)       4096M (100%)       4096M (100%)       4096M (100%)       4096M (100%)   
[5.112s][info][gc,heap     ] GC(17)      Free:     2258M (55%)        2258M (55%)        2258M (55%)        2258M (55%)        2258M (55%)        2254M (55%)    
[5.112s][info][gc,heap     ] GC(17)      Used:     1838M (45%)        1838M (45%)        1838M (45%)        1838M (45%)        1842M (45%)        1838M (45%)    
[5.112s][info][gc,heap     ] GC(17)      Live:         -              1647M (40%)        1647M (40%)        1647M (40%)            -                  -          
[5.112s][info][gc,heap     ] GC(17) Allocated:         -                 0M (0%)            0M (0%)            0M (0%)             -                  -          
[5.112s][info][gc,heap     ] GC(17)   Garbage:         -               190M (5%)          190M (5%)          190M (5%)             -                  -          
[5.112s][info][gc,heap     ] GC(17) Reclaimed:         -                  -                 0M (0%)            0M (0%)             -                  -          
[5.112s][info][gc          ] GC(17) Garbage Collection (Timer) 1838M(45%)->1838M(45%)
[5.387s][info][gc,start    ] GC(18) Garbage Collection (Timer)
[5.387s][info][gc,task     ] GC(18) Using 3 workers
[5.387s][info][gc,phases   ] GC(18) Pause Mark Start 0.006ms
[5.399s][info][gc,phases   ] GC(18) Concurrent Mark 12.142ms
[5.399s][info][gc,phases   ] GC(18) Pause Mark End 0.010ms
[5.399s][info][gc,phases   ] GC(18) Concurrent Mark Free 0.001ms
[5.400s][info][gc,phases   ] GC(18) Concurrent Process Non-Strong References 0.772ms
[5.400s][info][gc,phases   ] GC(18) Concurrent Reset Relocation Set 0.001ms
[5.402s][info][gc,phases   ] GC(18) Concurrent Select Relocation Set 2.095ms
[5.402s][info][gc,phases   ] GC(18) Pause Relocate Start 0.005ms
[5.403s][info][gc,phases   ] GC(18) Concurrent Relocate 0.347ms
[5.403s][info][gc,load     ] GC(18) Load: 0.00/0.00/0.00
[5.403s][info][gc,mmu      ] GC(18) MMU: 2ms/99.4%, 5ms/99.6%, 10ms/99.8%, 20ms/99.9%, 50ms/99.9%, 100ms/100.0%
[5.403s][info][gc,marking  ] GC(18) Mark: 2 stripe(s), 1 proactive flush(es), 1 terminate flush(es), 0 completion(s), 0 continuation(s) 
[5.403s][info][gc,marking  ] GC(18) Mark Stack Usage: 32M
[5.403s][info][gc,nmethod  ] GC(18) NMethods: 463 registered, 0 unregistered
[5.403s][info][gc,metaspace] GC(18) Metaspace: 1M used, 1M committed, 1088M reserved
[5.403s][info][gc,ref      ] GC(18) Soft: 181 encountered, 0 discovered, 0 enqueued
[5.403s][info][gc,ref      ] GC(18) Weak: 263 encountered, 91 discovered, 0 enqueued
[5.403s][info][gc,ref      ] GC(18) Final: 0 encountered, 0 discovered, 0 enqueued
[5.403s][info][gc,ref      ] GC(18) Phantom: 7 encountered, 1 discovered, 0 enqueued
[5.403s][info][gc,reloc    ] GC(18) Small Pages: 903 / 1806M, Empty: 0M, Relocated: 1M, In-Place: 0
[5.403s][info][gc,reloc    ] GC(18) Medium Pages: 1 / 32M, Empty: 0M, Relocated: 0M, In-Place: 0
[5.403s][info][gc,reloc    ] GC(18) Large Pages: 0 / 0M, Empty: 0M, Relocated: 0M, In-Place: 0
[5.403s][info][gc,reloc    ] GC(18) Forwarding Usage: 0M
[5.403s][info][gc,heap     ] GC(18) Min Capacity: 4096M(100%)
[5.403s][info][gc,heap     ] GC(18) Max Capacity: 4096M(100%)
[5.403s][info][gc,heap     ] GC(18) Soft Max Capacity: 4096M(100%)
[5.403s][info][gc,heap     ] GC(18)                Mark Start          Mark End        Relocate Start      Relocate End           High               Low         
[5.403s][info][gc,heap     ] GC(18)  Capacity:     4096M (100%)       4096M (100%)       4096M (100%)       4096M (100%)       4096M (100%)       4096M (100%)   
[5.403s][info][gc,heap     ] GC(18)      Free:     2258M (55%)        2258M (55%)        2258M (55%)        2258M (55%)        2258M (55%)        2254M (55%)    
[5.403s][info][gc,heap     ] GC(18)      Used:     1838M (45%)        1838M (45%)        1838M (45%)        1838M (45%)        1842M (45%)        1838M (45%)    
[5.403s][info][gc,heap     ] GC(18)      Live:         -              1647M (40%)        1647M (40%)        1647M (40%)            -                  -          
[5.403s][info][gc,heap     ] GC(18) Allocated:         -                 0M (0%)            0M (0%)            0M (0%)             -                  -          
[5.403s][info][gc,heap     ] GC(18)   Garbage:         -               190M (5%)          190M (5%)          190M (5%)             -                  -          
[5.404s][info][gc,heap     ] GC(18) Reclaimed:         -                  -                 0M (0%)            0M (0%)             -                  -          
[5.404s][info][gc          ] GC(18) Garbage Collection (Timer) 1838M(45%)->1838M(45%)
[5.687s][info][gc,start    ] GC(19) Garbage Collection (Timer)
[5.687s][info][gc,task     ] GC(19) Using 3 workers
[5.687s][info][gc,phases   ] GC(19) Pause Mark Start 0.006ms
[5.701s][info][gc,phases   ] GC(19) Concurrent Mark 14.242ms
[5.701s][info][gc,phases   ] GC(19) Pause Mark End 0.011ms
[5.701s][info][gc,phases   ] GC(19) Concurrent Mark Free 0.001ms
[5.702s][info][gc,phases   ] GC(19) Concurrent Process Non-Strong References 0.830ms
[5.702s][info][gc,phases   ] GC(19) Concurrent Reset Relocation Set 0.001ms
[5.704s][info][gc,phases   ] GC(19) Concurrent Select Relocation Set 2.106ms
[5.705s][info][gc,phases   ] GC(19) Pause Relocate Start 0.005ms
[5.705s][info][gc,phases   ] GC(19) Concurrent Relocate 0.316ms
[5.705s][info][gc,load     ] GC(19) Load: 0.00/0.00/0.00
[5.705s][info][gc,mmu      ] GC(19) MMU: 2ms/99.4%, 5ms/99.6%, 10ms/99.8%, 20ms/99.9%, 50ms/99.9%, 100ms/100.0%
[5.705s][info][gc,marking  ] GC(19) Mark: 2 stripe(s), 2 proactive flush(es), 1 terminate flush(es), 0 completion(s), 0 continuation(s) 
[5.705s][info][gc,marking  ] GC(19) Mark Stack Usage: 32M
[5.705s][info][gc,nmethod  ] GC(19) NMethods: 463 registered, 0 unregistered
[5.705s][info][gc,metaspace] GC(19) Metaspace: 1M used, 1M committed, 1088M reserved
[5.705s][info][gc,ref      ] GC(19) Soft: 181 encountered, 0 discovered, 0 enqueued
[5.705s][info][gc,ref      ] GC(19) Weak: 263 encountered, 98 discovered, 0 enqueued
[5.705s][info][gc,ref      ] GC(19) Final: 0 encountered, 0 discovered, 0 enqueued
[5.705s][info][gc,ref      ] GC(19) Phantom: 7 encountered, 1 discovered, 0 enqueued
[5.705s][info][gc,reloc    ] GC(19) Small Pages: 903 / 1806M, Empty: 0M, Relocated: 1M, In-Place: 0
[5.705s][info][gc,reloc    ] GC(19) Medium Pages: 1 / 32M, Empty: 0M, Relocated: 0M, In-Place: 0
[5.705s][info][gc,reloc    ] GC(19) Large Pages: 0 / 0M, Empty: 0M, Relocated: 0M, In-Place: 0
[5.705s][info][gc,reloc    ] GC(19) Forwarding Usage: 0M
[5.705s][info][gc,heap     ] GC(19) Min Capacity: 4096M(100%)
[5.705s][info][gc,heap     ] GC(19) Max Capacity: 4096M(100%)
[5.705s][info][gc,heap     ] GC(19) Soft Max Capacity: 4096M(100%)
[5.705s][info][gc,heap     ] GC(19)                Mark Start          Mark End        Relocate Start      Relocate End           High               Low         
[5.705s][info][gc,heap     ] GC(19)  Capacity:     4096M (100%)       4096M (100%)       4096M (100%)       4096M (100%)       4096M (100%)       4096M (100%)   
[5.706s][info][gc,heap     ] GC(19)      Free:     2258M (55%)        2258M (55%)        2258M (55%)        2258M (55%)        2258M (55%)        2254M (55%)    
[5.706s][info][gc,heap     ] GC(19)      Used:     1838M (45%)        1838M (45%)        1838M (45%)        1838M (45%)        1842M (45%)        1838M (45%)    
[5.706s][info][gc,heap     ] GC(19)      Live:         -              1647M (40%)        1647M (40%)        1647M (40%)            -                  -          
[5.706s][info][gc,heap     ] GC(19) Allocated:         -                 0M (0%)            0M (0%)            0M (0%)             -                  -          
[5.706s][info][gc,heap     ] GC(19)   Garbage:         -               190M (5%)          190M (5%)          190M (5%)             -                  -          
[5.706s][info][gc,heap     ] GC(19) Reclaimed:         -                  -                 0M (0%)            0M (0%)             -                  -          
[5.706s][info][gc          ] GC(19) Garbage Collection (Timer) 1838M(45%)->1838M(45%)
[5.986s][info][gc,start    ] GC(20) Garbage Collection (Timer)
[5.986s][info][gc,task     ] GC(20) Using 3 workers
[5.987s][info][gc,phases   ] GC(20) Pause Mark Start 0.006ms
[6.000s][info][gc,phases   ] GC(20) Concurrent Mark 13.217ms
[6.000s][info][gc,phases   ] GC(20) Pause Mark End 0.011ms
[6.000s][info][gc,phases   ] GC(20) Concurrent Mark Free 0.001ms
[6.001s][info][gc,phases   ] GC(20) Concurrent Process Non-Strong References 0.783ms
[6.001s][info][gc,phases   ] GC(20) Concurrent Reset Relocation Set 0.001ms
[6.003s][info][gc,phases   ] GC(20) Concurrent Select Relocation Set 2.256ms
[6.004s][info][gc,phases   ] GC(20) Pause Relocate Start 0.006ms
[6.005s][info][gc,phases   ] GC(20) Concurrent Relocate 1.355ms
[6.005s][info][gc,load     ] GC(20) Load: 0.00/0.00/0.00
[6.005s][info][gc,mmu      ] GC(20) MMU: 2ms/99.4%, 5ms/99.6%, 10ms/99.8%, 20ms/99.9%, 50ms/99.9%, 100ms/100.0%
[6.005s][info][gc,marking  ] GC(20) Mark: 2 stripe(s), 2 proactive flush(es), 1 terminate flush(es), 0 completion(s), 0 continuation(s) 
[6.005s][info][gc,marking  ] GC(20) Mark Stack Usage: 32M
[6.005s][info][gc,nmethod  ] GC(20) NMethods: 474 registered, 0 unregistered
[6.005s][info][gc,metaspace] GC(20) Metaspace: 1M used, 1M committed, 1088M reserved
[6.005s][info][gc,ref      ] GC(20) Soft: 181 encountered, 0 discovered, 0 enqueued
[6.005s][info][gc,ref      ] GC(20) Weak: 263 encountered, 130 discovered, 0 enqueued
[6.005s][info][gc,ref      ] GC(20) Final: 0 encountered, 0 discovered, 0 enqueued
[6.005s][info][gc,ref      ] GC(20) Phantom: 7 encountered, 3 discovered, 0 enqueued
[6.005s][info][gc,reloc    ] GC(20) Small Pages: 934 / 1868M, Empty: 0M, Relocated: 3M, In-Place: 0
[6.005s][info][gc,reloc    ] GC(20) Medium Pages: 1 / 32M, Empty: 0M, Relocated: 0M, In-Place: 0
[6.005s][info][gc,reloc    ] GC(20) Large Pages: 0 / 0M, Empty: 0M, Relocated: 0M, In-Place: 0
[6.005s][info][gc,reloc    ] GC(20) Forwarding Usage: 0M
[6.005s][info][gc,heap     ] GC(20) Min Capacity: 4096M(100%)
[6.005s][info][gc,heap     ] GC(20) Max Capacity: 4096M(100%)
[6.005s][info][gc,heap     ] GC(20) Soft Max Capacity: 4096M(100%)
[6.005s][info][gc,heap     ] GC(20)                Mark Start          Mark End        Relocate Start      Relocate End           High               Low         
[6.006s][info][gc,heap     ] GC(20)  Capacity:     4096M (100%)       4096M (100%)       4096M (100%)       4096M (100%)       4096M (100%)       4096M (100%)   
[6.006s][info][gc,heap     ] GC(20)      Free:     2196M (54%)        2190M (53%)        2188M (53%)        2190M (53%)        2196M (54%)        2182M (53%)    
[6.006s][info][gc,heap     ] GC(20)      Used:     1900M (46%)        1906M (47%)        1908M (47%)        1906M (47%)        1914M (47%)        1900M (46%)    
[6.006s][info][gc,heap     ] GC(20)      Live:         -              1702M (42%)        1702M (42%)        1702M (42%)            -                  -          
[6.006s][info][gc,heap     ] GC(20) Allocated:         -                 6M (0%)            8M (0%)            8M (0%)             -                  -          
[6.006s][info][gc,heap     ] GC(20)   Garbage:         -               197M (5%)          197M (5%)          195M (5%)             -                  -          
[6.006s][info][gc,heap     ] GC(20) Reclaimed:         -                  -                 0M (0%)            2M (0%)             -                  -          
[6.006s][info][gc          ] GC(20) Garbage Collection (Timer) 1900M(46%)->1906M(47%)
[6.286s][info][gc,start    ] GC(21) Garbage Collection (Timer)
[6.286s][info][gc,task     ] GC(21) Using 3 workers
[6.286s][info][gc,phases   ] GC(21) Pause Mark Start 0.007ms
[6.307s][info][gc,phases   ] GC(21) Concurrent Mark 20.665ms
[6.307s][info][gc,phases   ] GC(21) Pause Mark End 0.010ms
[6.308s][info][gc,phases   ] GC(21) Concurrent Mark Free 0.001ms
[6.308s][info][gc,phases   ] GC(21) Concurrent Process Non-Strong References 0.811ms
[6.308s][info][gc,phases   ] GC(21) Concurrent Reset Relocation Set 0.001ms
[6.311s][info][gc,phases   ] GC(21) Concurrent Select Relocation Set 2.804ms
[6.311s][info][gc,phases   ] GC(21) Pause Relocate Start 0.007ms
[6.313s][info][gc,phases   ] GC(21) Concurrent Relocate 1.675ms
[6.313s][info][gc,load     ] GC(21) Load: 0.00/0.00/0.00
[6.313s][info][gc,mmu      ] GC(21) MMU: 2ms/99.4%, 5ms/99.6%, 10ms/99.8%, 20ms/99.9%, 50ms/99.9%, 100ms/100.0%
[6.313s][info][gc,marking  ] GC(21) Mark: 2 stripe(s), 2 proactive flush(es), 1 terminate flush(es), 0 completion(s), 0 continuation(s) 
[6.313s][info][gc,marking  ] GC(21) Mark Stack Usage: 32M
[6.313s][info][gc,nmethod  ] GC(21) NMethods: 474 registered, 0 unregistered
[6.313s][info][gc,metaspace] GC(21) Metaspace: 1M used, 1M committed, 1088M reserved
[6.313s][info][gc,ref      ] GC(21) Soft: 181 encountered, 0 discovered, 0 enqueued
[6.313s][info][gc,ref      ] GC(21) Weak: 263 encountered, 131 discovered, 0 enqueued
[6.313s][info][gc,ref      ] GC(21) Final: 0 encountered, 0 discovered, 0 enqueued
[6.314s][info][gc,ref      ] GC(21) Phantom: 7 encountered, 3 discovered, 0 enqueued
[6.314s][info][gc,reloc    ] GC(21) Small Pages: 1003 / 2006M, Empty: 0M, Relocated: 3M, In-Place: 0
[6.314s][info][gc,reloc    ] GC(21) Medium Pages: 1 / 32M, Empty: 0M, Relocated: 0M, In-Place: 0
[6.314s][info][gc,reloc    ] GC(21) Large Pages: 0 / 0M, Empty: 0M, Relocated: 0M, In-Place: 0
[6.314s][info][gc,reloc    ] GC(21) Forwarding Usage: 0M
[6.314s][info][gc,heap     ] GC(21) Min Capacity: 4096M(100%)
[6.314s][info][gc,heap     ] GC(21) Max Capacity: 4096M(100%)
[6.314s][info][gc,heap     ] GC(21) Soft Max Capacity: 4096M(100%)
[6.314s][info][gc,heap     ] GC(21)                Mark Start          Mark End        Relocate Start      Relocate End           High               Low         
[6.314s][info][gc,heap     ] GC(21)  Capacity:     4096M (100%)       4096M (100%)       4096M (100%)       4096M (100%)       4096M (100%)       4096M (100%)   
[6.314s][info][gc,heap     ] GC(21)      Free:     2058M (50%)        2056M (50%)        2056M (50%)        2056M (50%)        2058M (50%)        2048M (50%)    
[6.314s][info][gc,heap     ] GC(21)      Used:     2038M (50%)        2040M (50%)        2040M (50%)        2040M (50%)        2048M (50%)        2038M (50%)    
[6.314s][info][gc,heap     ] GC(21)      Live:         -              1829M (45%)        1829M (45%)        1829M (45%)            -                  -          
[6.314s][info][gc,heap     ] GC(21) Allocated:         -                 2M (0%)            2M (0%)            4M (0%)             -                  -          
[6.314s][info][gc,heap     ] GC(21)   Garbage:         -               208M (5%)          208M (5%)          206M (5%)             -                  -          
[6.314s][info][gc,heap     ] GC(21) Reclaimed:         -                  -                 0M (0%)            2M (0%)             -                  -          
[6.314s][info][gc          ] GC(21) Garbage Collection (Timer) 2038M(50%)->2040M(50%)
[6.586s][info][gc,start    ] GC(22) Garbage Collection (Timer)
[6.586s][info][gc,task     ] GC(22) Using 3 workers
[6.587s][info][gc,phases   ] GC(22) Pause Mark Start 0.006ms
[6.605s][info][gc,phases   ] GC(22) Concurrent Mark 18.060ms
[6.605s][info][gc,phases   ] GC(22) Pause Mark End 0.011ms
[6.605s][info][gc,phases   ] GC(22) Concurrent Mark Free 0.001ms
[6.606s][info][gc,phases   ] GC(22) Concurrent Process Non-Strong References 0.883ms
[6.606s][info][gc,phases   ] GC(22) Concurrent Reset Relocation Set 0.001ms
[6.608s][info][gc,phases   ] GC(22) Concurrent Select Relocation Set 2.234ms
[6.608s][info][gc,phases   ] GC(22) Pause Relocate Start 0.004ms
[6.610s][info][gc,phases   ] GC(22) Concurrent Relocate 1.301ms
[6.610s][info][gc,load     ] GC(22) Load: 0.00/0.00/0.00
[6.610s][info][gc,mmu      ] GC(22) MMU: 2ms/99.4%, 5ms/99.6%, 10ms/99.8%, 20ms/99.9%, 50ms/99.9%, 100ms/100.0%
[6.610s][info][gc,marking  ] GC(22) Mark: 2 stripe(s), 2 proactive flush(es), 1 terminate flush(es), 0 completion(s), 0 continuation(s) 
[6.610s][info][gc,marking  ] GC(22) Mark Stack Usage: 32M
[6.610s][info][gc,nmethod  ] GC(22) NMethods: 474 registered, 0 unregistered
[6.610s][info][gc,metaspace] GC(22) Metaspace: 1M used, 1M committed, 1088M reserved
[6.610s][info][gc,ref      ] GC(22) Soft: 181 encountered, 0 discovered, 0 enqueued
[6.610s][info][gc,ref      ] GC(22) Weak: 263 encountered, 115 discovered, 0 enqueued
[6.610s][info][gc,ref      ] GC(22) Final: 0 encountered, 0 discovered, 0 enqueued
[6.610s][info][gc,ref      ] GC(22) Phantom: 7 encountered, 2 discovered, 0 enqueued
[6.610s][info][gc,reloc    ] GC(22) Small Pages: 1060 / 2120M, Empty: 0M, Relocated: 3M, In-Place: 0
[6.610s][info][gc,reloc    ] GC(22) Medium Pages: 1 / 32M, Empty: 0M, Relocated: 0M, In-Place: 0
[6.610s][info][gc,reloc    ] GC(22) Large Pages: 0 / 0M, Empty: 0M, Relocated: 0M, In-Place: 0
[6.610s][info][gc,reloc    ] GC(22) Forwarding Usage: 0M
[6.610s][info][gc,heap     ] GC(22) Min Capacity: 4096M(100%)
[6.610s][info][gc,heap     ] GC(22) Max Capacity: 4096M(100%)
[6.610s][info][gc,heap     ] GC(22) Soft Max Capacity: 4096M(100%)
[6.610s][info][gc,heap     ] GC(22)                Mark Start          Mark End        Relocate Start      Relocate End           High               Low         
[6.610s][info][gc,heap     ] GC(22)  Capacity:     4096M (100%)       4096M (100%)       4096M (100%)       4096M (100%)       4096M (100%)       4096M (100%)   
[6.610s][info][gc,heap     ] GC(22)      Free:     1944M (47%)        1940M (47%)        1938M (47%)        1940M (47%)        1944M (47%)        1934M (47%)    
[6.610s][info][gc,heap     ] GC(22)      Used:     2152M (53%)        2156M (53%)        2158M (53%)        2156M (53%)        2162M (53%)        2152M (53%)    
[6.610s][info][gc,heap     ] GC(22)      Live:         -              1933M (47%)        1933M (47%)        1933M (47%)            -                  -          
[6.610s][info][gc,heap     ] GC(22) Allocated:         -                 4M (0%)            6M (0%)            6M (0%)             -                  -          
[6.610s][info][gc,heap     ] GC(22)   Garbage:         -               218M (5%)          218M (5%)          216M (5%)             -                  -          
[6.611s][info][gc,heap     ] GC(22) Reclaimed:         -                  -                 0M (0%)            2M (0%)             -                  -          
[6.611s][info][gc          ] GC(22) Garbage Collection (Timer) 2152M(53%)->2156M(53%)
[6.885s][info][gc,start    ] GC(23) Garbage Collection (Timer)
[6.885s][info][gc,task     ] GC(23) Using 3 workers
[6.886s][info][gc,phases   ] GC(23) Pause Mark Start 0.006ms
[6.909s][info][gc,phases   ] GC(23) Concurrent Mark 23.680ms
[6.909s][info][gc,phases   ] GC(23) Pause Mark End 0.009ms
[6.910s][info][gc,phases   ] GC(23) Concurrent Mark Free 0.001ms
[6.911s][info][gc,phases   ] GC(23) Concurrent Process Non-Strong References 0.849ms
[6.911s][info][gc,phases   ] GC(23) Concurrent Reset Relocation Set 0.001ms
[6.913s][info][gc,phases   ] GC(23) Concurrent Select Relocation Set 2.204ms
[6.913s][info][gc,phases   ] GC(23) Pause Relocate Start 0.005ms
[6.915s][info][gc,phases   ] GC(23) Concurrent Relocate 1.955ms
[6.915s][info][gc,load     ] GC(23) Load: 0.00/0.00/0.00
[6.915s][info][gc,mmu      ] GC(23) MMU: 2ms/99.4%, 5ms/99.6%, 10ms/99.8%, 20ms/99.9%, 50ms/99.9%, 100ms/100.0%
[6.915s][info][gc,marking  ] GC(23) Mark: 2 stripe(s), 2 proactive flush(es), 1 terminate flush(es), 0 completion(s), 0 continuation(s) 
[6.915s][info][gc,marking  ] GC(23) Mark Stack Usage: 32M
[6.915s][info][gc,nmethod  ] GC(23) NMethods: 474 registered, 0 unregistered
[6.915s][info][gc,metaspace] GC(23) Metaspace: 1M used, 1M committed, 1088M reserved
[6.915s][info][gc,ref      ] GC(23) Soft: 181 encountered, 0 discovered, 0 enqueued
[6.915s][info][gc,ref      ] GC(23) Weak: 263 encountered, 93 discovered, 0 enqueued
[6.915s][info][gc,ref      ] GC(23) Final: 0 encountered, 0 discovered, 0 enqueued
[6.915s][info][gc,ref      ] GC(23) Phantom: 7 encountered, 3 discovered, 0 enqueued
[6.915s][info][gc,reloc    ] GC(23) Small Pages: 1148 / 2296M, Empty: 0M, Relocated: 5M, In-Place: 0
[6.915s][info][gc,reloc    ] GC(23) Medium Pages: 2 / 64M, Empty: 32M, Relocated: 0M, In-Place: 0
[6.915s][info][gc,reloc    ] GC(23) Large Pages: 0 / 0M, Empty: 0M, Relocated: 0M, In-Place: 0
[6.915s][info][gc,reloc    ] GC(23) Forwarding Usage: 0M
[6.915s][info][gc,heap     ] GC(23) Min Capacity: 4096M(100%)
[6.915s][info][gc,heap     ] GC(23) Max Capacity: 4096M(100%)
[6.915s][info][gc,heap     ] GC(23) Soft Max Capacity: 4096M(100%)
[6.915s][info][gc,heap     ] GC(23)                Mark Start          Mark End        Relocate Start      Relocate End           High               Low         
[6.916s][info][gc,heap     ] GC(23)  Capacity:     4096M (100%)       4096M (100%)       4096M (100%)       4096M (100%)       4096M (100%)       4096M (100%)   
[6.916s][info][gc,heap     ] GC(23)      Free:     1736M (42%)        1730M (42%)        1762M (43%)        1764M (43%)        1764M (43%)        1730M (42%)    
[6.916s][info][gc,heap     ] GC(23)      Used:     2360M (58%)        2366M (58%)        2334M (57%)        2332M (57%)        2366M (58%)        2332M (57%)    
[6.916s][info][gc,heap     ] GC(23)      Live:         -              2094M (51%)        2094M (51%)        2094M (51%)            -                  -          
[6.916s][info][gc,heap     ] GC(23) Allocated:         -                 6M (0%)            6M (0%)            5M (0%)             -                  -          
[6.916s][info][gc,heap     ] GC(23)   Garbage:         -               265M (6%)          233M (6%)          231M (6%)             -                  -          
[6.916s][info][gc,heap     ] GC(23) Reclaimed:         -                  -                32M (1%)           33M (1%)             -                  -          
[6.916s][info][gc          ] GC(23) Garbage Collection (Timer) 2360M(58%)->2332M(57%)
[7.187s][info][gc,start    ] GC(24) Garbage Collection (Timer)
[7.187s][info][gc,task     ] GC(24) Using 3 workers
[7.187s][info][gc,phases   ] GC(24) Pause Mark Start 0.006ms
[7.210s][info][gc,phases   ] GC(24) Concurrent Mark 23.417ms
[7.210s][info][gc,phases   ] GC(24) Pause Mark End 0.010ms
[7.210s][info][gc,phases   ] GC(24) Concurrent Mark Free 0.001ms
[7.211s][info][gc,phases   ] GC(24) Concurrent Process Non-Strong References 0.836ms
[7.211s][info][gc,phases   ] GC(24) Concurrent Reset Relocation Set 0.001ms
[7.214s][info][gc,phases   ] GC(24) Concurrent Select Relocation Set 2.115ms
[7.214s][info][gc,phases   ] GC(24) Pause Relocate Start 0.004ms
[7.214s][info][gc,phases   ] GC(24) Concurrent Relocate 0.808ms
[7.215s][info][gc,load     ] GC(24) Load: 0.00/0.00/0.00
[7.215s][info][gc,mmu      ] GC(24) MMU: 2ms/99.4%, 5ms/99.6%, 10ms/99.8%, 20ms/99.9%, 50ms/99.9%, 100ms/100.0%
[7.215s][info][gc,marking  ] GC(24) Mark: 2 stripe(s), 1 proactive flush(es), 1 terminate flush(es), 0 completion(s), 0 continuation(s) 
[7.215s][info][gc,marking  ] GC(24) Mark Stack Usage: 32M
[7.215s][info][gc,nmethod  ] GC(24) NMethods: 474 registered, 0 unregistered
[7.215s][info][gc,metaspace] GC(24) Metaspace: 1M used, 1M committed, 1088M reserved
[7.215s][info][gc,ref      ] GC(24) Soft: 181 encountered, 0 discovered, 0 enqueued
[7.215s][info][gc,ref      ] GC(24) Weak: 263 encountered, 95 discovered, 0 enqueued
[7.215s][info][gc,ref      ] GC(24) Final: 0 encountered, 0 discovered, 0 enqueued
[7.215s][info][gc,ref      ] GC(24) Phantom: 7 encountered, 3 discovered, 0 enqueued
[7.215s][info][gc,reloc    ] GC(24) Small Pages: 1201 / 2402M, Empty: 0M, Relocated: 1M, In-Place: 0
[7.215s][info][gc,reloc    ] GC(24) Medium Pages: 1 / 32M, Empty: 0M, Relocated: 0M, In-Place: 0
[7.215s][info][gc,reloc    ] GC(24) Large Pages: 0 / 0M, Empty: 0M, Relocated: 0M, In-Place: 0
[7.215s][info][gc,reloc    ] GC(24) Forwarding Usage: 0M
[7.215s][info][gc,heap     ] GC(24) Min Capacity: 4096M(100%)
[7.215s][info][gc,heap     ] GC(24) Max Capacity: 4096M(100%)
[7.215s][info][gc,heap     ] GC(24) Soft Max Capacity: 4096M(100%)
[7.215s][info][gc,heap     ] GC(24)                Mark Start          Mark End        Relocate Start      Relocate End           High               Low         
[7.215s][info][gc,heap     ] GC(24)  Capacity:     4096M (100%)       4096M (100%)       4096M (100%)       4096M (100%)       4096M (100%)       4096M (100%)   
[7.215s][info][gc,heap     ] GC(24)      Free:     1662M (41%)        1662M (41%)        1662M (41%)        1662M (41%)        1662M (41%)        1656M (40%)    
[7.215s][info][gc,heap     ] GC(24)      Used:     2434M (59%)        2434M (59%)        2434M (59%)        2434M (59%)        2440M (60%)        2434M (59%)    
[7.215s][info][gc,heap     ] GC(24)      Live:         -              2191M (54%)        2191M (54%)        2191M (54%)            -                  -          
[7.215s][info][gc,heap     ] GC(24) Allocated:         -                 0M (0%)            0M (0%)            0M (0%)             -                  -          
[7.215s][info][gc,heap     ] GC(24)   Garbage:         -               242M (6%)          242M (6%)          242M (6%)             -                  -          
[7.215s][info][gc,heap     ] GC(24) Reclaimed:         -                  -                 0M (0%)            0M (0%)             -                  -          
[7.215s][info][gc          ] GC(24) Garbage Collection (Timer) 2434M(59%)->2434M(59%)
[7.487s][info][gc,start    ] GC(25) Garbage Collection (Timer)
[7.487s][info][gc,task     ] GC(25) Using 3 workers
[7.487s][info][gc,phases   ] GC(25) Pause Mark Start 0.006ms
[7.504s][info][gc,phases   ] GC(25) Concurrent Mark 16.862ms
[7.504s][info][gc,phases   ] GC(25) Pause Mark End 0.010ms
[7.504s][info][gc,phases   ] GC(25) Concurrent Mark Free 0.001ms
[7.505s][info][gc,phases   ] GC(25) Concurrent Process Non-Strong References 0.724ms
[7.505s][info][gc,phases   ] GC(25) Concurrent Reset Relocation Set 0.001ms
[7.507s][info][gc,phases   ] GC(25) Concurrent Select Relocation Set 2.115ms
[7.507s][info][gc,phases   ] GC(25) Pause Relocate Start 0.004ms
[7.508s][info][gc,phases   ] GC(25) Concurrent Relocate 0.273ms
[7.508s][info][gc,load     ] GC(25) Load: 0.00/0.00/0.00
[7.508s][info][gc,mmu      ] GC(25) MMU: 2ms/99.4%, 5ms/99.6%, 10ms/99.8%, 20ms/99.9%, 50ms/99.9%, 100ms/100.0%
[7.508s][info][gc,marking  ] GC(25) Mark: 2 stripe(s), 1 proactive flush(es), 1 terminate flush(es), 0 completion(s), 0 continuation(s) 
[7.508s][info][gc,marking  ] GC(25) Mark Stack Usage: 32M
[7.508s][info][gc,nmethod  ] GC(25) NMethods: 474 registered, 0 unregistered
[7.508s][info][gc,metaspace] GC(25) Metaspace: 1M used, 1M committed, 1088M reserved
[7.508s][info][gc,ref      ] GC(25) Soft: 181 encountered, 0 discovered, 0 enqueued
[7.508s][info][gc,ref      ] GC(25) Weak: 263 encountered, 98 discovered, 0 enqueued
[7.508s][info][gc,ref      ] GC(25) Final: 0 encountered, 0 discovered, 0 enqueued
[7.508s][info][gc,ref      ] GC(25) Phantom: 7 encountered, 3 discovered, 0 enqueued
[7.508s][info][gc,reloc    ] GC(25) Small Pages: 1201 / 2402M, Empty: 0M, Relocated: 1M, In-Place: 0
[7.508s][info][gc,reloc    ] GC(25) Medium Pages: 1 / 32M, Empty: 0M, Relocated: 0M, In-Place: 0
[7.508s][info][gc,reloc    ] GC(25) Large Pages: 0 / 0M, Empty: 0M, Relocated: 0M, In-Place: 0
[7.508s][info][gc,reloc    ] GC(25) Forwarding Usage: 0M
[7.508s][info][gc,heap     ] GC(25) Min Capacity: 4096M(100%)
[7.508s][info][gc,heap     ] GC(25) Max Capacity: 4096M(100%)
[7.508s][info][gc,heap     ] GC(25) Soft Max Capacity: 4096M(100%)
[7.508s][info][gc,heap     ] GC(25)                Mark Start          Mark End        Relocate Start      Relocate End           High               Low         
[7.508s][info][gc,heap     ] GC(25)  Capacity:     4096M (100%)       4096M (100%)       4096M (100%)       4096M (100%)       4096M (100%)       4096M (100%)   
[7.508s][info][gc,heap     ] GC(25)      Free:     1662M (41%)        1662M (41%)        1662M (41%)        1662M (41%)        1662M (41%)        1656M (40%)    
[7.508s][info][gc,heap     ] GC(25)      Used:     2434M (59%)        2434M (59%)        2434M (59%)        2434M (59%)        2440M (60%)        2434M (59%)    
[7.508s][info][gc,heap     ] GC(25)      Live:         -              2191M (54%)        2191M (54%)        2191M (54%)            -                  -          
[7.508s][info][gc,heap     ] GC(25) Allocated:         -                 0M (0%)            0M (0%)            0M (0%)             -                  -          
[7.508s][info][gc,heap     ] GC(25)   Garbage:         -               242M (6%)          242M (6%)          242M (6%)             -                  -          
[7.508s][info][gc,heap     ] GC(25) Reclaimed:         -                  -                 0M (0%)            0M (0%)             -                  -          
[7.508s][info][gc          ] GC(25) Garbage Collection (Timer) 2434M(59%)->2434M(59%)
[7.786s][info][gc,start    ] GC(26) Garbage Collection (Timer)
[7.786s][info][gc,task     ] GC(26) Using 3 workers
[7.786s][info][gc,phases   ] GC(26) Pause Mark Start 0.007ms
[7.802s][info][gc,phases   ] GC(26) Concurrent Mark 16.342ms
[7.803s][info][gc,phases   ] GC(26) Pause Mark End 0.010ms
[7.803s][info][gc,phases   ] GC(26) Concurrent Mark Free 0.001ms
[7.804s][info][gc,phases   ] GC(26) Concurrent Process Non-Strong References 0.906ms
[7.804s][info][gc,phases   ] GC(26) Concurrent Reset Relocation Set 0.001ms
[7.806s][info][gc,phases   ] GC(26) Concurrent Select Relocation Set 2.336ms
[7.806s][info][gc,phases   ] GC(26) Pause Relocate Start 0.006ms
[7.806s][info][gc,phases   ] GC(26) Concurrent Relocate 0.256ms
[7.807s][info][gc,load     ] GC(26) Load: 0.00/0.00/0.00
[7.807s][info][gc,mmu      ] GC(26) MMU: 2ms/99.4%, 5ms/99.6%, 10ms/99.8%, 20ms/99.9%, 50ms/99.9%, 100ms/100.0%
[7.807s][info][gc,marking  ] GC(26) Mark: 2 stripe(s), 1 proactive flush(es), 1 terminate flush(es), 0 completion(s), 0 continuation(s) 
[7.807s][info][gc,marking  ] GC(26) Mark Stack Usage: 32M
[7.807s][info][gc,nmethod  ] GC(26) NMethods: 474 registered, 0 unregistered
[7.807s][info][gc,metaspace] GC(26) Metaspace: 1M used, 1M committed, 1088M reserved
[7.807s][info][gc,ref      ] GC(26) Soft: 181 encountered, 0 discovered, 0 enqueued
[7.807s][info][gc,ref      ] GC(26) Weak: 263 encountered, 97 discovered, 0 enqueued
[7.807s][info][gc,ref      ] GC(26) Final: 0 encountered, 0 discovered, 0 enqueued
[7.807s][info][gc,ref      ] GC(26) Phantom: 7 encountered, 1 discovered, 0 enqueued
[7.807s][info][gc,reloc    ] GC(26) Small Pages: 1201 / 2402M, Empty: 0M, Relocated: 1M, In-Place: 0
[7.807s][info][gc,reloc    ] GC(26) Medium Pages: 1 / 32M, Empty: 0M, Relocated: 0M, In-Place: 0
[7.807s][info][gc,reloc    ] GC(26) Large Pages: 0 / 0M, Empty: 0M, Relocated: 0M, In-Place: 0
[7.807s][info][gc,reloc    ] GC(26) Forwarding Usage: 0M
[7.807s][info][gc,heap     ] GC(26) Min Capacity: 4096M(100%)
[7.807s][info][gc,heap     ] GC(26) Max Capacity: 4096M(100%)
[7.807s][info][gc,heap     ] GC(26) Soft Max Capacity: 4096M(100%)
[7.807s][info][gc,heap     ] GC(26)                Mark Start          Mark End        Relocate Start      Relocate End           High               Low         
[7.807s][info][gc,heap     ] GC(26)  Capacity:     4096M (100%)       4096M (100%)       4096M (100%)       4096M (100%)       4096M (100%)       4096M (100%)   
[7.807s][info][gc,heap     ] GC(26)      Free:     1662M (41%)        1662M (41%)        1662M (41%)        1662M (41%)        1662M (41%)        1656M (40%)    
[7.807s][info][gc,heap     ] GC(26)      Used:     2434M (59%)        2434M (59%)        2434M (59%)        2434M (59%)        2440M (60%)        2434M (59%)    
[7.807s][info][gc,heap     ] GC(26)      Live:         -              2191M (54%)        2191M (54%)        2191M (54%)            -                  -          
[7.807s][info][gc,heap     ] GC(26) Allocated:         -                 0M (0%)            0M (0%)            0M (0%)             -                  -          
[7.807s][info][gc,heap     ] GC(26)   Garbage:         -               242M (6%)          242M (6%)          242M (6%)             -                  -          
[7.807s][info][gc,heap     ] GC(26) Reclaimed:         -                  -                 0M (0%)            0M (0%)             -                  -          
[7.807s][info][gc          ] GC(26) Garbage Collection (Timer) 2434M(59%)->2434M(59%)
[8.086s][info][gc,start    ] GC(27) Garbage Collection (Timer)
[8.086s][info][gc,task     ] GC(27) Using 3 workers
[8.086s][info][gc,phases   ] GC(27) Pause Mark Start 0.005ms
[8.100s][info][gc,phases   ] GC(27) Concurrent Mark 14.251ms
[8.100s][info][gc,phases   ] GC(27) Pause Mark End 0.009ms
[8.101s][info][gc,phases   ] GC(27) Concurrent Mark Free 0.001ms
[8.102s][info][gc,phases   ] GC(27) Concurrent Process Non-Strong References 0.960ms
[8.102s][info][gc,phases   ] GC(27) Concurrent Reset Relocation Set 0.001ms
[8.104s][info][gc,phases   ] GC(27) Concurrent Select Relocation Set 2.123ms
[8.104s][info][gc,phases   ] GC(27) Pause Relocate Start 0.005ms
[8.105s][info][gc,phases   ] GC(27) Concurrent Relocate 0.887ms
[8.105s][info][gc,load     ] GC(27) Load: 0.00/0.00/0.00
[8.105s][info][gc,mmu      ] GC(27) MMU: 2ms/99.4%, 5ms/99.6%, 10ms/99.8%, 20ms/99.9%, 50ms/99.9%, 100ms/100.0%
[8.105s][info][gc,marking  ] GC(27) Mark: 2 stripe(s), 2 proactive flush(es), 1 terminate flush(es), 0 completion(s), 0 continuation(s) 
[8.105s][info][gc,marking  ] GC(27) Mark Stack Usage: 32M
[8.105s][info][gc,nmethod  ] GC(27) NMethods: 481 registered, 0 unregistered
[8.105s][info][gc,metaspace] GC(27) Metaspace: 1M used, 1M committed, 1088M reserved
[8.105s][info][gc,ref      ] GC(27) Soft: 181 encountered, 0 discovered, 0 enqueued
[8.105s][info][gc,ref      ] GC(27) Weak: 263 encountered, 130 discovered, 0 enqueued
[8.105s][info][gc,ref      ] GC(27) Final: 0 encountered, 0 discovered, 0 enqueued
[8.105s][info][gc,ref      ] GC(27) Phantom: 7 encountered, 3 discovered, 0 enqueued
[8.105s][info][gc,reloc    ] GC(27) Small Pages: 1204 / 2408M, Empty: 0M, Relocated: 1M, In-Place: 0
[8.105s][info][gc,reloc    ] GC(27) Medium Pages: 1 / 32M, Empty: 0M, Relocated: 0M, In-Place: 0
[8.105s][info][gc,reloc    ] GC(27) Large Pages: 0 / 0M, Empty: 0M, Relocated: 0M, In-Place: 0
[8.105s][info][gc,reloc    ] GC(27) Forwarding Usage: 0M
[8.105s][info][gc,heap     ] GC(27) Min Capacity: 4096M(100%)
[8.105s][info][gc,heap     ] GC(27) Max Capacity: 4096M(100%)
[8.105s][info][gc,heap     ] GC(27) Soft Max Capacity: 4096M(100%)
[8.105s][info][gc,heap     ] GC(27)                Mark Start          Mark End        Relocate Start      Relocate End           High               Low         
[8.106s][info][gc,heap     ] GC(27)  Capacity:     4096M (100%)       4096M (100%)       4096M (100%)       4096M (100%)       4096M (100%)       4096M (100%)   
[8.106s][info][gc,heap     ] GC(27)      Free:     1656M (40%)        1654M (40%)        1650M (40%)        1652M (40%)        1656M (40%)        1644M (40%)    
[8.106s][info][gc,heap     ] GC(27)      Used:     2440M (60%)        2442M (60%)        2446M (60%)        2444M (60%)        2452M (60%)        2440M (60%)    
[8.106s][info][gc,heap     ] GC(27)      Live:         -              2195M (54%)        2195M (54%)        2195M (54%)            -                  -          
[8.106s][info][gc,heap     ] GC(27) Allocated:         -                 2M (0%)            6M (0%)            6M (0%)             -                  -          
[8.106s][info][gc,heap     ] GC(27)   Garbage:         -               244M (6%)          244M (6%)          242M (6%)             -                  -          
[8.106s][info][gc,heap     ] GC(27) Reclaimed:         -                  -                 0M (0%)            2M (0%)             -                  -          
[8.106s][info][gc          ] GC(27) Garbage Collection (Timer) 2440M(60%)->2444M(60%)
[8.386s][info][gc,start    ] GC(28) Garbage Collection (Timer)
[8.386s][info][gc,task     ] GC(28) Using 3 workers
[8.386s][info][gc,phases   ] GC(28) Pause Mark Start 0.006ms
[8.405s][info][gc,phases   ] GC(28) Concurrent Mark 18.702ms
[8.405s][info][gc,phases   ] GC(28) Pause Mark End 0.010ms
[8.405s][info][gc,phases   ] GC(28) Concurrent Mark Free 0.001ms
[8.406s][info][gc,phases   ] GC(28) Concurrent Process Non-Strong References 0.907ms
[8.406s][info][gc,phases   ] GC(28) Concurrent Reset Relocation Set 0.001ms
[8.409s][info][gc,phases   ] GC(28) Concurrent Select Relocation Set 2.711ms
[8.409s][info][gc,phases   ] GC(28) Pause Relocate Start 0.006ms
[8.410s][info][gc,phases   ] GC(28) Concurrent Relocate 0.904ms
[8.410s][info][gc,load     ] GC(28) Load: 0.00/0.00/0.00
[8.410s][info][gc,mmu      ] GC(28) MMU: 2ms/99.4%, 5ms/99.6%, 10ms/99.8%, 20ms/99.9%, 50ms/99.9%, 100ms/100.0%
[8.410s][info][gc,marking  ] GC(28) Mark: 2 stripe(s), 2 proactive flush(es), 1 terminate flush(es), 0 completion(s), 0 continuation(s) 
[8.410s][info][gc,marking  ] GC(28) Mark Stack Usage: 32M
[8.410s][info][gc,nmethod  ] GC(28) NMethods: 481 registered, 0 unregistered
[8.410s][info][gc,metaspace] GC(28) Metaspace: 1M used, 1M committed, 1088M reserved
[8.410s][info][gc,ref      ] GC(28) Soft: 181 encountered, 0 discovered, 0 enqueued
[8.410s][info][gc,ref      ] GC(28) Weak: 263 encountered, 116 discovered, 0 enqueued
[8.410s][info][gc,ref      ] GC(28) Final: 0 encountered, 0 discovered, 0 enqueued
[8.410s][info][gc,ref      ] GC(28) Phantom: 7 encountered, 2 discovered, 0 enqueued
[8.410s][info][gc,reloc    ] GC(28) Small Pages: 1292 / 2584M, Empty: 0M, Relocated: 1M, In-Place: 0
[8.410s][info][gc,reloc    ] GC(28) Medium Pages: 1 / 32M, Empty: 0M, Relocated: 0M, In-Place: 0
[8.410s][info][gc,reloc    ] GC(28) Large Pages: 0 / 0M, Empty: 0M, Relocated: 0M, In-Place: 0
[8.410s][info][gc,reloc    ] GC(28) Forwarding Usage: 0M
[8.410s][info][gc,heap     ] GC(28) Min Capacity: 4096M(100%)
[8.410s][info][gc,heap     ] GC(28) Max Capacity: 4096M(100%)
[8.410s][info][gc,heap     ] GC(28) Soft Max Capacity: 4096M(100%)
[8.411s][info][gc,heap     ] GC(28)                Mark Start          Mark End        Relocate Start      Relocate End           High               Low         
[8.411s][info][gc,heap     ] GC(28)  Capacity:     4096M (100%)       4096M (100%)       4096M (100%)       4096M (100%)       4096M (100%)       4096M (100%)   
[8.411s][info][gc,heap     ] GC(28)      Free:     1480M (36%)        1476M (36%)        1474M (36%)        1474M (36%)        1480M (36%)        1470M (36%)    
[8.411s][info][gc,heap     ] GC(28)      Used:     2616M (64%)        2620M (64%)        2622M (64%)        2622M (64%)        2626M (64%)        2616M (64%)    
[8.411s][info][gc,heap     ] GC(28)      Live:         -              2357M (58%)        2357M (58%)        2357M (58%)            -                  -          
[8.411s][info][gc,heap     ] GC(28) Allocated:         -                 4M (0%)            6M (0%)            6M (0%)             -                  -          
[8.411s][info][gc,heap     ] GC(28)   Garbage:         -               258M (6%)          258M (6%)          258M (6%)             -                  -          
[8.411s][info][gc,heap     ] GC(28) Reclaimed:         -                  -                 0M (0%)            0M (0%)             -                  -          
[8.411s][info][gc          ] GC(28) Garbage Collection (Timer) 2616M(64%)->2622M(64%)
[8.687s][info][gc,start    ] GC(29) Garbage Collection (Timer)
[8.687s][info][gc,task     ] GC(29) Using 3 workers
[8.687s][info][gc,phases   ] GC(29) Pause Mark Start 0.007ms
[8.709s][info][gc,phases   ] GC(29) Concurrent Mark 21.684ms
[8.709s][info][gc,phases   ] GC(29) Pause Mark End 0.009ms
[8.709s][info][gc,phases   ] GC(29) Concurrent Mark Free 0.001ms
[8.710s][info][gc,phases   ] GC(29) Concurrent Process Non-Strong References 0.714ms
[8.710s][info][gc,phases   ] GC(29) Concurrent Reset Relocation Set 0.001ms
[8.713s][info][gc,phases   ] GC(29) Concurrent Select Relocation Set 2.735ms
[8.713s][info][gc,phases   ] GC(29) Pause Relocate Start 0.006ms
[8.716s][info][gc,phases   ] GC(29) Concurrent Relocate 2.834ms
[8.716s][info][gc,load     ] GC(29) Load: 0.00/0.00/0.00
[8.716s][info][gc,mmu      ] GC(29) MMU: 2ms/99.4%, 5ms/99.6%, 10ms/99.8%, 20ms/99.9%, 50ms/99.9%, 100ms/100.0%
[8.716s][info][gc,marking  ] GC(29) Mark: 2 stripe(s), 2 proactive flush(es), 1 terminate flush(es), 0 completion(s), 0 continuation(s) 
[8.716s][info][gc,marking  ] GC(29) Mark Stack Usage: 32M
[8.716s][info][gc,nmethod  ] GC(29) NMethods: 481 registered, 0 unregistered
[8.716s][info][gc,metaspace] GC(29) Metaspace: 1M used, 1M committed, 1088M reserved
[8.716s][info][gc,ref      ] GC(29) Soft: 181 encountered, 0 discovered, 0 enqueued
[8.716s][info][gc,ref      ] GC(29) Weak: 263 encountered, 129 discovered, 0 enqueued
[8.716s][info][gc,ref      ] GC(29) Final: 0 encountered, 0 discovered, 0 enqueued
[8.716s][info][gc,ref      ] GC(29) Phantom: 7 encountered, 3 discovered, 0 enqueued
[8.716s][info][gc,reloc    ] GC(29) Small Pages: 1349 / 2698M, Empty: 0M, Relocated: 5M, In-Place: 0
[8.716s][info][gc,reloc    ] GC(29) Medium Pages: 1 / 32M, Empty: 0M, Relocated: 0M, In-Place: 0
[8.716s][info][gc,reloc    ] GC(29) Large Pages: 0 / 0M, Empty: 0M, Relocated: 0M, In-Place: 0
[8.716s][info][gc,reloc    ] GC(29) Forwarding Usage: 0M
[8.716s][info][gc,heap     ] GC(29) Min Capacity: 4096M(100%)
[8.716s][info][gc,heap     ] GC(29) Max Capacity: 4096M(100%)
[8.716s][info][gc,heap     ] GC(29) Soft Max Capacity: 4096M(100%)
[8.716s][info][gc,heap     ] GC(29)                Mark Start          Mark End        Relocate Start      Relocate End           High               Low         
[8.716s][info][gc,heap     ] GC(29)  Capacity:     4096M (100%)       4096M (100%)       4096M (100%)       4096M (100%)       4096M (100%)       4096M (100%)   
[8.716s][info][gc,heap     ] GC(29)      Free:     1366M (33%)        1362M (33%)        1360M (33%)        1364M (33%)        1366M (33%)        1354M (33%)    
[8.716s][info][gc,heap     ] GC(29)      Used:     2730M (67%)        2734M (67%)        2736M (67%)        2732M (67%)        2742M (67%)        2730M (67%)    
[8.716s][info][gc,heap     ] GC(29)      Live:         -              2460M (60%)        2460M (60%)        2460M (60%)            -                  -          
[8.716s][info][gc,heap     ] GC(29) Allocated:         -                 4M (0%)            6M (0%)            5M (0%)             -                  -          
[8.716s][info][gc,heap     ] GC(29)   Garbage:         -               269M (7%)          269M (7%)          265M (6%)             -                  -          
[8.716s][info][gc,heap     ] GC(29) Reclaimed:         -                  -                 0M (0%)            3M (0%)             -                  -          
[8.716s][info][gc          ] GC(29) Garbage Collection (Timer) 2730M(67%)->2732M(67%)
[8.986s][info][gc,start    ] GC(30) Garbage Collection (Timer)
[8.986s][info][gc,task     ] GC(30) Using 3 workers
[8.986s][info][gc,phases   ] GC(30) Pause Mark Start 0.006ms
[9.012s][info][gc,phases   ] GC(30) Concurrent Mark 25.633ms
[9.012s][info][gc,phases   ] GC(30) Pause Mark End 0.010ms
[9.012s][info][gc,phases   ] GC(30) Concurrent Mark Free 0.001ms
[9.013s][info][gc,phases   ] GC(30) Concurrent Process Non-Strong References 0.864ms
[9.013s][info][gc,phases   ] GC(30) Concurrent Reset Relocation Set 0.001ms
[9.015s][info][gc,phases   ] GC(30) Concurrent Select Relocation Set 2.424ms
[9.016s][info][gc,phases   ] GC(30) Pause Relocate Start 0.006ms
[9.016s][info][gc,phases   ] GC(30) Concurrent Relocate 0.684ms
[9.016s][info][gc,load     ] GC(30) Load: 0.00/0.00/0.00
[9.016s][info][gc,mmu      ] GC(30) MMU: 2ms/99.4%, 5ms/99.6%, 10ms/99.8%, 20ms/99.9%, 50ms/99.9%, 100ms/100.0%
[9.016s][info][gc,marking  ] GC(30) Mark: 2 stripe(s), 3 proactive flush(es), 1 terminate flush(es), 0 completion(s), 0 continuation(s) 
[9.016s][info][gc,marking  ] GC(30) Mark Stack Usage: 32M
[9.016s][info][gc,nmethod  ] GC(30) NMethods: 481 registered, 0 unregistered
[9.016s][info][gc,metaspace] GC(30) Metaspace: 1M used, 1M committed, 1088M reserved
[9.017s][info][gc,ref      ] GC(30) Soft: 181 encountered, 0 discovered, 0 enqueued
[9.017s][info][gc,ref      ] GC(30) Weak: 263 encountered, 169 discovered, 0 enqueued
[9.017s][info][gc,ref      ] GC(30) Final: 0 encountered, 0 discovered, 0 enqueued
[9.017s][info][gc,ref      ] GC(30) Phantom: 7 encountered, 2 discovered, 0 enqueued
[9.017s][info][gc,reloc    ] GC(30) Small Pages: 1423 / 2846M, Empty: 0M, Relocated: 0M, In-Place: 0
[9.017s][info][gc,reloc    ] GC(30) Medium Pages: 1 / 32M, Empty: 0M, Relocated: 0M, In-Place: 0
[9.017s][info][gc,reloc    ] GC(30) Large Pages: 0 / 0M, Empty: 0M, Relocated: 0M, In-Place: 0
[9.017s][info][gc,reloc    ] GC(30) Forwarding Usage: 0M
[9.017s][info][gc,heap     ] GC(30) Min Capacity: 4096M(100%)
[9.017s][info][gc,heap     ] GC(30) Max Capacity: 4096M(100%)
[9.017s][info][gc,heap     ] GC(30) Soft Max Capacity: 4096M(100%)
[9.017s][info][gc,heap     ] GC(30)                Mark Start          Mark End        Relocate Start      Relocate End           High               Low         
[9.017s][info][gc,heap     ] GC(30)  Capacity:     4096M (100%)       4096M (100%)       4096M (100%)       4096M (100%)       4096M (100%)       4096M (100%)   
[9.017s][info][gc,heap     ] GC(30)      Free:     1218M (30%)        1216M (30%)        1214M (30%)        1214M (30%)        1218M (30%)        1210M (30%)    
[9.017s][info][gc,heap     ] GC(30)      Used:     2878M (70%)        2880M (70%)        2882M (70%)        2882M (70%)        2886M (70%)        2878M (70%)    
[9.017s][info][gc,heap     ] GC(30)      Live:         -              2598M (63%)        2598M (63%)        2598M (63%)            -                  -          
[9.017s][info][gc,heap     ] GC(30) Allocated:         -                 2M (0%)            4M (0%)            4M (0%)             -                  -          
[9.017s][info][gc,heap     ] GC(30)   Garbage:         -               279M (7%)          279M (7%)          279M (7%)             -                  -          
[9.017s][info][gc,heap     ] GC(30) Reclaimed:         -                  -                 0M (0%)            0M (0%)             -                  -          
[9.017s][info][gc          ] GC(30) Garbage Collection (Timer) 2878M(70%)->2882M(70%)
[9.286s][info][gc,start    ] GC(31) Garbage Collection (Timer)
[9.286s][info][gc,task     ] GC(31) Using 3 workers
[9.287s][info][gc,phases   ] GC(31) Pause Mark Start 0.006ms
[9.315s][info][gc,phases   ] GC(31) Concurrent Mark 28.434ms
[9.315s][info][gc,phases   ] GC(31) Pause Mark End 0.011ms
[9.315s][info][gc,phases   ] GC(31) Concurrent Mark Free 0.001ms
[9.316s][info][gc,phases   ] GC(31) Concurrent Process Non-Strong References 0.841ms
[9.316s][info][gc,phases   ] GC(31) Concurrent Reset Relocation Set 0.001ms
[9.318s][info][gc,phases   ] GC(31) Concurrent Select Relocation Set 2.102ms
[9.318s][info][gc,phases   ] GC(31) Pause Relocate Start 0.005ms
[9.319s][info][gc,phases   ] GC(31) Concurrent Relocate 0.723ms
[9.319s][info][gc,load     ] GC(31) Load: 0.00/0.00/0.00
[9.319s][info][gc,mmu      ] GC(31) MMU: 2ms/99.4%, 5ms/99.6%, 10ms/99.8%, 20ms/99.9%, 50ms/99.9%, 100ms/100.0%
[9.319s][info][gc,marking  ] GC(31) Mark: 2 stripe(s), 1 proactive flush(es), 1 terminate flush(es), 0 completion(s), 0 continuation(s) 
[9.319s][info][gc,marking  ] GC(31) Mark Stack Usage: 32M
[9.319s][info][gc,nmethod  ] GC(31) NMethods: 481 registered, 0 unregistered
[9.319s][info][gc,metaspace] GC(31) Metaspace: 1M used, 1M committed, 1088M reserved
[9.319s][info][gc,ref      ] GC(31) Soft: 181 encountered, 0 discovered, 0 enqueued
[9.320s][info][gc,ref      ] GC(31) Weak: 263 encountered, 81 discovered, 0 enqueued
[9.320s][info][gc,ref      ] GC(31) Final: 0 encountered, 0 discovered, 0 enqueued
[9.320s][info][gc,ref      ] GC(31) Phantom: 7 encountered, 3 discovered, 0 enqueued
[9.320s][info][gc,reloc    ] GC(31) Small Pages: 1501 / 3002M, Empty: 0M, Relocated: 0M, In-Place: 0
[9.320s][info][gc,reloc    ] GC(31) Medium Pages: 1 / 32M, Empty: 0M, Relocated: 0M, In-Place: 0
[9.320s][info][gc,reloc    ] GC(31) Large Pages: 0 / 0M, Empty: 0M, Relocated: 0M, In-Place: 0
[9.320s][info][gc,reloc    ] GC(31) Forwarding Usage: 0M
[9.320s][info][gc,heap     ] GC(31) Min Capacity: 4096M(100%)
[9.320s][info][gc,heap     ] GC(31) Max Capacity: 4096M(100%)
[9.320s][info][gc,heap     ] GC(31) Soft Max Capacity: 4096M(100%)
[9.320s][info][gc,heap     ] GC(31)                Mark Start          Mark End        Relocate Start      Relocate End           High               Low         
[9.320s][info][gc,heap     ] GC(31)  Capacity:     4096M (100%)       4096M (100%)       4096M (100%)       4096M (100%)       4096M (100%)       4096M (100%)   
[9.320s][info][gc,heap     ] GC(31)      Free:     1062M (26%)        1062M (26%)        1062M (26%)        1062M (26%)        1062M (26%)        1058M (26%)    
[9.320s][info][gc,heap     ] GC(31)      Used:     3034M (74%)        3034M (74%)        3034M (74%)        3034M (74%)        3038M (74%)        3034M (74%)    
[9.320s][info][gc,heap     ] GC(31)      Live:         -              2741M (67%)        2741M (67%)        2741M (67%)            -                  -          
[9.320s][info][gc,heap     ] GC(31) Allocated:         -                 0M (0%)            0M (0%)            0M (0%)             -                  -          
[9.320s][info][gc,heap     ] GC(31)   Garbage:         -               292M (7%)          292M (7%)          292M (7%)             -                  -          
[9.320s][info][gc,heap     ] GC(31) Reclaimed:         -                  -                 0M (0%)            0M (0%)             -                  -          
[9.320s][info][gc          ] GC(31) Garbage Collection (Timer) 3034M(74%)->3034M(74%)
[9.586s][info][gc,start    ] GC(32) Garbage Collection (Timer)
[9.586s][info][gc,task     ] GC(32) Using 3 workers
[9.586s][info][gc,phases   ] GC(32) Pause Mark Start 0.006ms
[9.616s][info][gc,phases   ] GC(32) Concurrent Mark 30.320ms
[9.617s][info][gc,phases   ] GC(32) Pause Mark End 0.011ms
[9.617s][info][gc,phases   ] GC(32) Concurrent Mark Free 0.001ms
[9.617s][info][gc,phases   ] GC(32) Concurrent Process Non-Strong References 0.691ms
[9.617s][info][gc,phases   ] GC(32) Concurrent Reset Relocation Set 0.001ms
[9.620s][info][gc,phases   ] GC(32) Concurrent Select Relocation Set 2.165ms
[9.620s][info][gc,phases   ] GC(32) Pause Relocate Start 0.005ms
[9.620s][info][gc,phases   ] GC(32) Concurrent Relocate 0.487ms
[9.620s][info][gc,load     ] GC(32) Load: 0.00/0.00/0.00
[9.620s][info][gc,mmu      ] GC(32) MMU: 2ms/99.4%, 5ms/99.6%, 10ms/99.8%, 20ms/99.9%, 50ms/99.9%, 100ms/100.0%
[9.620s][info][gc,marking  ] GC(32) Mark: 2 stripe(s), 10 proactive flush(es), 1 terminate flush(es), 0 completion(s), 0 continuation(s) 
[9.620s][info][gc,marking  ] GC(32) Mark Stack Usage: 32M
[9.620s][info][gc,nmethod  ] GC(32) NMethods: 481 registered, 0 unregistered
[9.620s][info][gc,metaspace] GC(32) Metaspace: 1M used, 1M committed, 1088M reserved
[9.620s][info][gc,ref      ] GC(32) Soft: 181 encountered, 0 discovered, 0 enqueued
[9.621s][info][gc,ref      ] GC(32) Weak: 263 encountered, 79 discovered, 0 enqueued
[9.621s][info][gc,ref      ] GC(32) Final: 0 encountered, 0 discovered, 0 enqueued
[9.621s][info][gc,ref      ] GC(32) Phantom: 7 encountered, 3 discovered, 0 enqueued
[9.621s][info][gc,reloc    ] GC(32) Small Pages: 1501 / 3002M, Empty: 0M, Relocated: 0M, In-Place: 0
[9.621s][info][gc,reloc    ] GC(32) Medium Pages: 1 / 32M, Empty: 0M, Relocated: 0M, In-Place: 0
[9.621s][info][gc,reloc    ] GC(32) Large Pages: 0 / 0M, Empty: 0M, Relocated: 0M, In-Place: 0
[9.621s][info][gc,reloc    ] GC(32) Forwarding Usage: 0M
[9.621s][info][gc,heap     ] GC(32) Min Capacity: 4096M(100%)
[9.621s][info][gc,heap     ] GC(32) Max Capacity: 4096M(100%)
[9.621s][info][gc,heap     ] GC(32) Soft Max Capacity: 4096M(100%)
[9.621s][info][gc,heap     ] GC(32)                Mark Start          Mark End        Relocate Start      Relocate End           High               Low         
[9.621s][info][gc,heap     ] GC(32)  Capacity:     4096M (100%)       4096M (100%)       4096M (100%)       4096M (100%)       4096M (100%)       4096M (100%)   
[9.621s][info][gc,heap     ] GC(32)      Free:     1062M (26%)        1062M (26%)        1062M (26%)        1062M (26%)        1062M (26%)        1058M (26%)    
[9.621s][info][gc,heap     ] GC(32)      Used:     3034M (74%)        3034M (74%)        3034M (74%)        3034M (74%)        3038M (74%)        3034M (74%)    
[9.621s][info][gc,heap     ] GC(32)      Live:         -              2741M (67%)        2741M (67%)        2741M (67%)            -                  -          
[9.621s][info][gc,heap     ] GC(32) Allocated:         -                 0M (0%)            0M (0%)            0M (0%)             -                  -          
[9.621s][info][gc,heap     ] GC(32)   Garbage:         -               292M (7%)          292M (7%)          292M (7%)             -                  -          
[9.621s][info][gc,heap     ] GC(32) Reclaimed:         -                  -                 0M (0%)            0M (0%)             -                  -          
[9.621s][info][gc          ] GC(32) Garbage Collection (Timer) 3034M(74%)->3034M(74%)
[9.886s][info][gc,start    ] GC(33) Garbage Collection (Timer)
[9.886s][info][gc,task     ] GC(33) Using 3 workers
[9.886s][info][gc,phases   ] GC(33) Pause Mark Start 0.005ms
[9.903s][info][gc,phases   ] GC(33) Concurrent Mark 16.331ms
[9.903s][info][gc,phases   ] GC(33) Pause Mark End 0.010ms
[9.903s][info][gc,phases   ] GC(33) Concurrent Mark Free 0.001ms
[9.904s][info][gc,phases   ] GC(33) Concurrent Process Non-Strong References 0.892ms
[9.904s][info][gc,phases   ] GC(33) Concurrent Reset Relocation Set 0.001ms
[9.906s][info][gc,phases   ] GC(33) Concurrent Select Relocation Set 2.111ms
[9.906s][info][gc,phases   ] GC(33) Pause Relocate Start 0.006ms
[9.907s][info][gc,phases   ] GC(33) Concurrent Relocate 0.446ms
[9.907s][info][gc,load     ] GC(33) Load: 0.00/0.00/0.00
[9.907s][info][gc,mmu      ] GC(33) MMU: 2ms/99.4%, 5ms/99.6%, 10ms/99.8%, 20ms/99.9%, 50ms/99.9%, 100ms/100.0%
[9.907s][info][gc,marking  ] GC(33) Mark: 2 stripe(s), 1 proactive flush(es), 1 terminate flush(es), 0 completion(s), 0 continuation(s) 
[9.907s][info][gc,marking  ] GC(33) Mark Stack Usage: 32M
[9.907s][info][gc,nmethod  ] GC(33) NMethods: 481 registered, 0 unregistered
[9.907s][info][gc,metaspace] GC(33) Metaspace: 1M used, 1M committed, 1088M reserved
[9.907s][info][gc,ref      ] GC(33) Soft: 181 encountered, 0 discovered, 0 enqueued
[9.907s][info][gc,ref      ] GC(33) Weak: 263 encountered, 83 discovered, 0 enqueued
[9.907s][info][gc,ref      ] GC(33) Final: 0 encountered, 0 discovered, 0 enqueued
[9.907s][info][gc,ref      ] GC(33) Phantom: 7 encountered, 3 discovered, 0 enqueued
[9.907s][info][gc,reloc    ] GC(33) Small Pages: 1501 / 3002M, Empty: 0M, Relocated: 0M, In-Place: 0
[9.907s][info][gc,reloc    ] GC(33) Medium Pages: 1 / 32M, Empty: 0M, Relocated: 0M, In-Place: 0
[9.907s][info][gc,reloc    ] GC(33) Large Pages: 0 / 0M, Empty: 0M, Relocated: 0M, In-Place: 0
[9.907s][info][gc,reloc    ] GC(33) Forwarding Usage: 0M
[9.907s][info][gc,heap     ] GC(33) Min Capacity: 4096M(100%)
[9.907s][info][gc,heap     ] GC(33) Max Capacity: 4096M(100%)
[9.907s][info][gc,heap     ] GC(33) Soft Max Capacity: 4096M(100%)
[9.907s][info][gc,heap     ] GC(33)                Mark Start          Mark End        Relocate Start      Relocate End           High               Low         
[9.907s][info][gc,heap     ] GC(33)  Capacity:     4096M (100%)       4096M (100%)       4096M (100%)       4096M (100%)       4096M (100%)       4096M (100%)   
[9.907s][info][gc,heap     ] GC(33)      Free:     1062M (26%)        1062M (26%)        1062M (26%)        1062M (26%)        1062M (26%)        1058M (26%)    
[9.907s][info][gc,heap     ] GC(33)      Used:     3034M (74%)        3034M (74%)        3034M (74%)        3034M (74%)        3038M (74%)        3034M (74%)    
[9.907s][info][gc,heap     ] GC(33)      Live:         -              2741M (67%)        2741M (67%)        2741M (67%)            -                  -          
[9.907s][info][gc,heap     ] GC(33) Allocated:         -                 0M (0%)            0M (0%)            0M (0%)             -                  -          
[9.907s][info][gc,heap     ] GC(33)   Garbage:         -               292M (7%)          292M (7%)          292M (7%)             -                  -          
[9.907s][info][gc,heap     ] GC(33) Reclaimed:         -                  -                 0M (0%)            0M (0%)             -                  -          
[9.907s][info][gc          ] GC(33) Garbage Collection (Timer) 3034M(74%)->3034M(74%)
[10.186s][info][gc,start    ] GC(34) Garbage Collection (Timer)
[10.186s][info][gc,task     ] GC(34) Using 3 workers
[10.186s][info][gc,phases   ] GC(34) Pause Mark Start 0.007ms
[10.204s][info][gc,phases   ] GC(34) Concurrent Mark 17.707ms
[10.204s][info][gc,phases   ] GC(34) Pause Mark End 0.009ms
[10.204s][info][gc,phases   ] GC(34) Concurrent Mark Free 0.001ms
[10.205s][info][gc,phases   ] GC(34) Concurrent Process Non-Strong References 0.650ms
[10.205s][info][gc,phases   ] GC(34) Concurrent Reset Relocation Set 0.001ms
[10.207s][info][gc,phases   ] GC(34) Concurrent Select Relocation Set 2.118ms
[10.207s][info][gc,phases   ] GC(34) Pause Relocate Start 0.005ms
[10.208s][info][gc,phases   ] GC(34) Concurrent Relocate 0.421ms
[10.208s][info][gc,load     ] GC(34) Load: 0.00/0.00/0.00
[10.208s][info][gc,mmu      ] GC(34) MMU: 2ms/99.4%, 5ms/99.6%, 10ms/99.8%, 20ms/99.9%, 50ms/99.9%, 100ms/100.0%
[10.208s][info][gc,marking  ] GC(34) Mark: 2 stripe(s), 1 proactive flush(es), 1 terminate flush(es), 0 completion(s), 0 continuation(s) 
[10.208s][info][gc,marking  ] GC(34) Mark Stack Usage: 32M
[10.208s][info][gc,nmethod  ] GC(34) NMethods: 481 registered, 0 unregistered
[10.208s][info][gc,metaspace] GC(34) Metaspace: 1M used, 1M committed, 1088M reserved
[10.208s][info][gc,ref      ] GC(34) Soft: 181 encountered, 0 discovered, 0 enqueued
[10.208s][info][gc,ref      ] GC(34) Weak: 263 encountered, 2 discovered, 0 enqueued
[10.208s][info][gc,ref      ] GC(34) Final: 0 encountered, 0 discovered, 0 enqueued
[10.208s][info][gc,ref      ] GC(34) Phantom: 7 encountered, 3 discovered, 0 enqueued
[10.208s][info][gc,reloc    ] GC(34) Small Pages: 1501 / 3002M, Empty: 0M, Relocated: 0M, In-Place: 0
[10.208s][info][gc,reloc    ] GC(34) Medium Pages: 1 / 32M, Empty: 0M, Relocated: 0M, In-Place: 0
[10.208s][info][gc,reloc    ] GC(34) Large Pages: 0 / 0M, Empty: 0M, Relocated: 0M, In-Place: 0
[10.208s][info][gc,reloc    ] GC(34) Forwarding Usage: 0M
[10.208s][info][gc,heap     ] GC(34) Min Capacity: 4096M(100%)
[10.208s][info][gc,heap     ] GC(34) Max Capacity: 4096M(100%)
[10.208s][info][gc,heap     ] GC(34) Soft Max Capacity: 4096M(100%)
[10.208s][info][gc,heap     ] GC(34)                Mark Start          Mark End        Relocate Start      Relocate End           High               Low         
[10.208s][info][gc,heap     ] GC(34)  Capacity:     4096M (100%)       4096M (100%)       4096M (100%)       4096M (100%)       4096M (100%)       4096M (100%)   
[10.208s][info][gc,heap     ] GC(34)      Free:     1062M (26%)        1062M (26%)        1062M (26%)        1062M (26%)        1062M (26%)        1058M (26%)    
[10.208s][info][gc,heap     ] GC(34)      Used:     3034M (74%)        3034M (74%)        3034M (74%)        3034M (74%)        3038M (74%)        3034M (74%)    
[10.208s][info][gc,heap     ] GC(34)      Live:         -              2741M (67%)        2741M (67%)        2741M (67%)            -                  -          
[10.209s][info][gc,heap     ] GC(34) Allocated:         -                 0M (0%)            0M (0%)            0M (0%)             -                  -          
[10.209s][info][gc,heap     ] GC(34)   Garbage:         -               292M (7%)          292M (7%)          292M (7%)             -                  -          
[10.209s][info][gc,heap     ] GC(34) Reclaimed:         -                  -                 0M (0%)            0M (0%)             -                  -          
[10.209s][info][gc          ] GC(34) Garbage Collection (Timer) 3034M(74%)->3034M(74%)
[10.251s][info][gc,heap,exit] Heap
[10.251s][info][gc,heap,exit]  ZHeap           used 3038M, capacity 4096M, max capacity 4096M
[10.251s][info][gc,heap,exit]  Metaspace       used 1600K, committed 1792K, reserved 1114112K
[10.251s][info][gc,heap,exit]   class space    used 147K, committed 256K, reserved 1048576K
