[0.024s][info][gc,init] Initializing The Z Garbage Collector
[0.025s][info][gc,init] Version: 17.0.11+1-LTS (release)
[0.025s][info][gc,init] NUMA Support: Disabled
[0.025s][info][gc,init] CPUs: 12 total, 12 available
[0.025s][info][gc,init] Memory: 24496M
[0.025s][info][gc,init] Large Page Support: Disabled
[0.025s][info][gc,init] GC Workers: 3 (dynamic)
[0.026s][info][gc,init] Address Space Type: Contiguous/Unrestricted/Complete
[0.026s][info][gc,init] Address Space Size: 65536M x 3 = 196608M
[0.026s][info][gc,init] Min Capacity: 4096M
[0.026s][info][gc,init] Initial Capacity: 4096M
[0.027s][info][gc,init] Max Capacity: 4096M
[0.027s][info][gc,init] Medium Page Size: 32M
[0.027s][info][gc,init] Pre-touch: Disabled
[0.027s][info][gc,init] Uncommit: Implicitly Disabled (-Xms equals -Xmx)
[0.257s][info][gc,init] Runtime Workers: 8
[0.258s][info][gc     ] Using The Z Garbage Collector
[0.269s][info][gc,metaspace] CDS archive(s) mapped at: [0x0000027480000000-0x0000027480bc0000-0x0000027480bc0000), size 12320768, SharedBaseAddress: 0x0000027480000000, ArchiveRelocationMode: 1.
[0.269s][info][gc,metaspace] Compressed class space mapped at: 0x0000027481000000-0x00000274c1000000, reserved size: 1073741824
[0.269s][info][gc,metaspace] Narrow klass base: 0x0000027480000000, Narrow klass shift: 0, Narrow klass range: 0x100000000
[0.406s][info][gc,start    ] GC(0) Garbage Collection (Timer)
[0.406s][info][gc,task     ] GC(0) Using 3 workers
[0.406s][info][gc,phases   ] GC(0) Pause Mark Start 0.005ms
[0.410s][info][gc,phases   ] GC(0) Concurrent Mark 3.623ms
[0.410s][info][gc,phases   ] GC(0) Pause Mark End 0.011ms
[0.410s][info][gc,phases   ] GC(0) Concurrent Mark Free 0.001ms
[0.410s][info][gc,phases   ] GC(0) Concurrent Process Non-Strong References 0.588ms
[0.410s][info][gc,phases   ] GC(0) Concurrent Reset Relocation Set 0.001ms
[0.420s][info][gc,phases   ] GC(0) Concurrent Select Relocation Set 9.346ms
[0.420s][info][gc,phases   ] GC(0) Pause Relocate Start 0.007ms
[0.421s][info][gc,phases   ] GC(0) Concurrent Relocate 1.389ms
[0.421s][info][gc,load     ] GC(0) Load: 0.00/0.00/0.00
[0.422s][info][gc,mmu      ] GC(0) MMU: 2ms/99.4%, 5ms/99.7%, 10ms/99.8%, 20ms/99.9%, 50ms/100.0%, 100ms/100.0%
[0.422s][info][gc,marking  ] GC(0) Mark: 2 stripe(s), 1 proactive flush(es), 1 terminate flush(es), 0 completion(s), 0 continuation(s) 
[0.422s][info][gc,marking  ] GC(0) Mark Stack Usage: 32M
[0.422s][info][gc,nmethod  ] GC(0) NMethods: 153 registered, 0 unregistered
[0.422s][info][gc,metaspace] GC(0) Metaspace: 0M used, 0M committed, 1088M reserved
[0.422s][info][gc,ref      ] GC(0) Soft: 36 encountered, 0 discovered, 0 enqueued
[0.422s][info][gc,ref      ] GC(0) Weak: 103 encountered, 18 discovered, 18 enqueued
[0.422s][info][gc,ref      ] GC(0) Final: 0 encountered, 0 discovered, 0 enqueued
[0.422s][info][gc,ref      ] GC(0) Phantom: 16 encountered, 13 discovered, 13 enqueued
[0.422s][info][gc,reloc    ] GC(0) Small Pages: 3 / 6M, Empty: 0M, Relocated: 1M, In-Place: 0
[0.422s][info][gc,reloc    ] GC(0) Medium Pages: 0 / 0M, Empty: 0M, Relocated: 0M, In-Place: 0
[0.422s][info][gc,reloc    ] GC(0) Large Pages: 0 / 0M, Empty: 0M, Relocated: 0M, In-Place: 0
[0.422s][info][gc,reloc    ] GC(0) Forwarding Usage: 0M
[0.422s][info][gc,heap     ] GC(0) Min Capacity: 4096M(100%)
[0.422s][info][gc,heap     ] GC(0) Max Capacity: 4096M(100%)
[0.422s][info][gc,heap     ] GC(0) Soft Max Capacity: 4096M(100%)
[0.422s][info][gc,heap     ] GC(0)                Mark Start          Mark End        Relocate Start      Relocate End           High               Low         
[0.422s][info][gc,heap     ] GC(0)  Capacity:     4096M (100%)       4096M (100%)       4096M (100%)       4096M (100%)       4096M (100%)       4096M (100%)   
[0.422s][info][gc,heap     ] GC(0)      Free:     4090M (100%)       4090M (100%)       4090M (100%)       4094M (100%)       4094M (100%)       4088M (100%)   
[0.422s][info][gc,heap     ] GC(0)      Used:        6M (0%)            6M (0%)            6M (0%)            2M (0%)            8M (0%)            2M (0%)     
[0.422s][info][gc,heap     ] GC(0)      Live:         -                 1M (0%)            1M (0%)            1M (0%)             -                  -          
[0.422s][info][gc,heap     ] GC(0) Allocated:         -                 0M (0%)            0M (0%)            0M (0%)             -                  -          
[0.422s][info][gc,heap     ] GC(0)   Garbage:         -                 4M (0%)            4M (0%)            0M (0%)             -                  -          
[0.422s][info][gc,heap     ] GC(0) Reclaimed:         -                  -                 0M (0%)            4M (0%)             -                  -          
[0.422s][info][gc          ] GC(0) Garbage Collection (Timer) 6M(0%)->2M(0%)
[0.691s][info][gc,start    ] GC(1) Garbage Collection (Timer)
[0.691s][info][gc,task     ] GC(1) Using 3 workers
[0.691s][info][gc,phases   ] GC(1) Pause Mark Start 0.006ms
[0.708s][info][gc,phases   ] GC(1) Concurrent Mark 16.183ms
[0.708s][info][gc,phases   ] GC(1) Pause Mark End 0.009ms
[0.708s][info][gc,phases   ] GC(1) Concurrent Mark Free 0.001ms
[0.708s][info][gc,phases   ] GC(1) Concurrent Process Non-Strong References 0.486ms
[0.708s][info][gc,phases   ] GC(1) Concurrent Reset Relocation Set 0.001ms
[0.711s][info][gc,phases   ] GC(1) Concurrent Select Relocation Set 2.218ms
[0.711s][info][gc,phases   ] GC(1) Pause Relocate Start 0.006ms
[0.713s][info][gc,phases   ] GC(1) Concurrent Relocate 1.549ms
[0.713s][info][gc,load     ] GC(1) Load: 0.00/0.00/0.00
[0.713s][info][gc,mmu      ] GC(1) MMU: 2ms/99.4%, 5ms/99.7%, 10ms/99.8%, 20ms/99.9%, 50ms/100.0%, 100ms/100.0%
[0.713s][info][gc,marking  ] GC(1) Mark: 2 stripe(s), 4 proactive flush(es), 1 terminate flush(es), 0 completion(s), 0 continuation(s) 
[0.713s][info][gc,marking  ] GC(1) Mark Stack Usage: 32M
[0.713s][info][gc,nmethod  ] GC(1) NMethods: 288 registered, 0 unregistered
[0.713s][info][gc,metaspace] GC(1) Metaspace: 0M used, 0M committed, 1088M reserved
[0.713s][info][gc,ref      ] GC(1) Soft: 72 encountered, 0 discovered, 0 enqueued
[0.713s][info][gc,ref      ] GC(1) Weak: 177 encountered, 24 discovered, 23 enqueued
[0.713s][info][gc,ref      ] GC(1) Final: 0 encountered, 0 discovered, 0 enqueued
[0.713s][info][gc,ref      ] GC(1) Phantom: 13 encountered, 11 discovered, 6 enqueued
[0.713s][info][gc,reloc    ] GC(1) Small Pages: 129 / 258M, Empty: 0M, Relocated: 1M, In-Place: 0
[0.713s][info][gc,reloc    ] GC(1) Medium Pages: 0 / 0M, Empty: 0M, Relocated: 0M, In-Place: 0
[0.713s][info][gc,reloc    ] GC(1) Large Pages: 0 / 0M, Empty: 0M, Relocated: 0M, In-Place: 0
[0.713s][info][gc,reloc    ] GC(1) Forwarding Usage: 0M
[0.713s][info][gc,heap     ] GC(1) Min Capacity: 4096M(100%)
[0.713s][info][gc,heap     ] GC(1) Max Capacity: 4096M(100%)
[0.713s][info][gc,heap     ] GC(1) Soft Max Capacity: 4096M(100%)
[0.713s][info][gc,heap     ] GC(1)                Mark Start          Mark End        Relocate Start      Relocate End           High               Low         
[0.713s][info][gc,heap     ] GC(1)  Capacity:     4096M (100%)       4096M (100%)       4096M (100%)       4096M (100%)       4096M (100%)       4096M (100%)   
[0.713s][info][gc,heap     ] GC(1)      Free:     3838M (94%)        3836M (94%)        3832M (94%)        3834M (94%)        3838M (94%)        3826M (93%)    
[0.713s][info][gc,heap     ] GC(1)      Used:      258M (6%)          260M (6%)          264M (6%)          262M (6%)          270M (7%)          258M (6%)     
[0.713s][info][gc,heap     ] GC(1)      Live:         -               230M (6%)          230M (6%)          230M (6%)             -                  -          
[0.713s][info][gc,heap     ] GC(1) Allocated:         -                 2M (0%)            6M (0%)            5M (0%)             -                  -          
[0.713s][info][gc,heap     ] GC(1)   Garbage:         -                27M (1%)           27M (1%)           25M (1%)             -                  -          
[0.713s][info][gc,heap     ] GC(1) Reclaimed:         -                  -                 0M (0%)            1M (0%)             -                  -          
[0.713s][info][gc          ] GC(1) Garbage Collection (Timer) 258M(6%)->262M(6%)
[0.891s][info][gc,start    ] GC(2) Garbage Collection (Warmup)
[0.891s][info][gc,task     ] GC(2) Using 3 workers
[0.891s][info][gc,phases   ] GC(2) Pause Mark Start 0.007ms
[0.913s][info][gc,phases   ] GC(2) Concurrent Mark 21.911ms
[0.913s][info][gc,phases   ] GC(2) Pause Mark End 0.012ms
[0.914s][info][gc,phases   ] GC(2) Concurrent Mark Free 0.001ms
[0.914s][info][gc,phases   ] GC(2) Concurrent Process Non-Strong References 0.549ms
[0.914s][info][gc,phases   ] GC(2) Concurrent Reset Relocation Set 0.001ms
[0.917s][info][gc,phases   ] GC(2) Concurrent Select Relocation Set 2.545ms
[0.917s][info][gc,phases   ] GC(2) Pause Relocate Start 0.008ms
[0.919s][info][gc,phases   ] GC(2) Concurrent Relocate 1.575ms
[0.919s][info][gc,load     ] GC(2) Load: 0.00/0.00/0.00
[0.919s][info][gc,mmu      ] GC(2) MMU: 2ms/99.4%, 5ms/99.6%, 10ms/99.8%, 20ms/99.9%, 50ms/99.9%, 100ms/100.0%
[0.919s][info][gc,marking  ] GC(2) Mark: 2 stripe(s), 5 proactive flush(es), 1 terminate flush(es), 0 completion(s), 0 continuation(s) 
[0.919s][info][gc,marking  ] GC(2) Mark Stack Usage: 32M
[0.919s][info][gc,nmethod  ] GC(2) NMethods: 288 registered, 0 unregistered
[0.919s][info][gc,metaspace] GC(2) Metaspace: 0M used, 0M committed, 1088M reserved
[0.919s][info][gc,ref      ] GC(2) Soft: 72 encountered, 0 discovered, 0 enqueued
[0.919s][info][gc,ref      ] GC(2) Weak: 154 encountered, 112 discovered, 0 enqueued
[0.919s][info][gc,ref      ] GC(2) Final: 0 encountered, 0 discovered, 0 enqueued
[0.919s][info][gc,ref      ] GC(2) Phantom: 7 encountered, 4 discovered, 0 enqueued
[0.919s][info][gc,reloc    ] GC(2) Small Pages: 210 / 420M, Empty: 0M, Relocated: 1M, In-Place: 0
[0.919s][info][gc,reloc    ] GC(2) Medium Pages: 0 / 0M, Empty: 0M, Relocated: 0M, In-Place: 0
[0.919s][info][gc,reloc    ] GC(2) Large Pages: 0 / 0M, Empty: 0M, Relocated: 0M, In-Place: 0
[0.919s][info][gc,reloc    ] GC(2) Forwarding Usage: 0M
[0.919s][info][gc,heap     ] GC(2) Min Capacity: 4096M(100%)
[0.919s][info][gc,heap     ] GC(2) Max Capacity: 4096M(100%)
[0.919s][info][gc,heap     ] GC(2) Soft Max Capacity: 4096M(100%)
[0.919s][info][gc,heap     ] GC(2)                Mark Start          Mark End        Relocate Start      Relocate End           High               Low         
[0.919s][info][gc,heap     ] GC(2)  Capacity:     4096M (100%)       4096M (100%)       4096M (100%)       4096M (100%)       4096M (100%)       4096M (100%)   
[0.919s][info][gc,heap     ] GC(2)      Free:     3676M (90%)        3674M (90%)        3672M (90%)        3670M (90%)        3676M (90%)        3664M (89%)    
[0.919s][info][gc,heap     ] GC(2)      Used:      420M (10%)         422M (10%)         424M (10%)         426M (10%)         432M (11%)         420M (10%)    
[0.919s][info][gc,heap     ] GC(2)      Live:         -               379M (9%)          379M (9%)          379M (9%)             -                  -          
[0.919s][info][gc,heap     ] GC(2) Allocated:         -                 2M (0%)            4M (0%)            6M (0%)             -                  -          
[0.919s][info][gc,heap     ] GC(2)   Garbage:         -                40M (1%)           40M (1%)           40M (1%)             -                  -          
[0.919s][info][gc,heap     ] GC(2) Reclaimed:         -                  -                 0M (0%)            0M (0%)             -                  -          
[0.919s][info][gc          ] GC(2) Garbage Collection (Warmup) 420M(10%)->426M(10%)
[1.191s][info][gc,start    ] GC(3) Garbage Collection (Timer)
[1.191s][info][gc,task     ] GC(3) Using 3 workers
[1.191s][info][gc,phases   ] GC(3) Pause Mark Start 0.011ms
[1.213s][info][gc,phases   ] GC(3) Concurrent Mark 22.075ms
[1.213s][info][gc,phases   ] GC(3) Pause Mark End 0.010ms
[1.214s][info][gc,phases   ] GC(3) Concurrent Mark Free 0.001ms
[1.214s][info][gc,phases   ] GC(3) Concurrent Process Non-Strong References 0.678ms
[1.214s][info][gc,phases   ] GC(3) Concurrent Reset Relocation Set 0.001ms
[1.217s][info][gc,phases   ] GC(3) Concurrent Select Relocation Set 2.353ms
[1.217s][info][gc,phases   ] GC(3) Pause Relocate Start 0.005ms
[1.219s][info][gc,phases   ] GC(3) Concurrent Relocate 1.853ms
[1.219s][info][gc,load     ] GC(3) Load: 0.00/0.00/0.00
[1.219s][info][gc,mmu      ] GC(3) MMU: 2ms/99.4%, 5ms/99.6%, 10ms/99.8%, 20ms/99.9%, 50ms/99.9%, 100ms/100.0%
[1.219s][info][gc,marking  ] GC(3) Mark: 2 stripe(s), 1 proactive flush(es), 1 terminate flush(es), 0 completion(s), 0 continuation(s) 
[1.219s][info][gc,marking  ] GC(3) Mark Stack Usage: 32M
[1.219s][info][gc,nmethod  ] GC(3) NMethods: 373 registered, 0 unregistered
[1.219s][info][gc,metaspace] GC(3) Metaspace: 1M used, 1M committed, 1088M reserved
[1.219s][info][gc,ref      ] GC(3) Soft: 118 encountered, 0 discovered, 0 enqueued
[1.219s][info][gc,ref      ] GC(3) Weak: 175 encountered, 6 discovered, 5 enqueued
[1.219s][info][gc,ref      ] GC(3) Final: 0 encountered, 0 discovered, 0 enqueued
[1.219s][info][gc,ref      ] GC(3) Phantom: 12 encountered, 10 discovered, 5 enqueued
[1.219s][info][gc,reloc    ] GC(3) Small Pages: 304 / 608M, Empty: 0M, Relocated: 3M, In-Place: 0
[1.219s][info][gc,reloc    ] GC(3) Medium Pages: 0 / 0M, Empty: 0M, Relocated: 0M, In-Place: 0
[1.219s][info][gc,reloc    ] GC(3) Large Pages: 0 / 0M, Empty: 0M, Relocated: 0M, In-Place: 0
[1.219s][info][gc,reloc    ] GC(3) Forwarding Usage: 0M
[1.219s][info][gc,heap     ] GC(3) Min Capacity: 4096M(100%)
[1.219s][info][gc,heap     ] GC(3) Max Capacity: 4096M(100%)
[1.219s][info][gc,heap     ] GC(3) Soft Max Capacity: 4096M(100%)
[1.219s][info][gc,heap     ] GC(3)                Mark Start          Mark End        Relocate Start      Relocate End           High               Low         
[1.219s][info][gc,heap     ] GC(3)  Capacity:     4096M (100%)       4096M (100%)       4096M (100%)       4096M (100%)       4096M (100%)       4096M (100%)   
[1.219s][info][gc,heap     ] GC(3)      Free:     3488M (85%)        3488M (85%)        3488M (85%)        3494M (85%)        3494M (85%)        3484M (85%)    
[1.219s][info][gc,heap     ] GC(3)      Used:      608M (15%)         608M (15%)         608M (15%)         602M (15%)         612M (15%)         602M (15%)    
[1.219s][info][gc,heap     ] GC(3)      Live:         -               547M (13%)         547M (13%)         547M (13%)            -                  -          
[1.219s][info][gc,heap     ] GC(3) Allocated:         -                 0M (0%)            0M (0%)            0M (0%)             -                  -          
[1.219s][info][gc,heap     ] GC(3)   Garbage:         -                60M (1%)           60M (1%)           54M (1%)             -                  -          
[1.219s][info][gc,heap     ] GC(3) Reclaimed:         -                  -                 0M (0%)            6M (0%)             -                  -          
[1.220s][info][gc          ] GC(3) Garbage Collection (Timer) 608M(15%)->602M(15%)
[1.492s][info][gc,start    ] GC(4) Garbage Collection (Timer)
[1.492s][info][gc,task     ] GC(4) Using 3 workers
[1.492s][info][gc,phases   ] GC(4) Pause Mark Start 0.006ms
[1.506s][info][gc,phases   ] GC(4) Concurrent Mark 14.172ms
[1.506s][info][gc,phases   ] GC(4) Pause Mark End 0.010ms
[1.506s][info][gc,phases   ] GC(4) Concurrent Mark Free 0.001ms
[1.507s][info][gc,phases   ] GC(4) Concurrent Process Non-Strong References 0.628ms
[1.507s][info][gc,phases   ] GC(4) Concurrent Reset Relocation Set 0.001ms
[1.509s][info][gc,phases   ] GC(4) Concurrent Select Relocation Set 2.061ms
[1.509s][info][gc,phases   ] GC(4) Pause Relocate Start 0.006ms
[1.510s][info][gc,phases   ] GC(4) Concurrent Relocate 1.089ms
[1.510s][info][gc,load     ] GC(4) Load: 0.00/0.00/0.00
[1.510s][info][gc,mmu      ] GC(4) MMU: 2ms/99.4%, 5ms/99.6%, 10ms/99.8%, 20ms/99.9%, 50ms/99.9%, 100ms/100.0%
[1.510s][info][gc,marking  ] GC(4) Mark: 2 stripe(s), 1 proactive flush(es), 1 terminate flush(es), 0 completion(s), 0 continuation(s) 
[1.510s][info][gc,marking  ] GC(4) Mark Stack Usage: 32M
[1.510s][info][gc,nmethod  ] GC(4) NMethods: 373 registered, 0 unregistered
[1.510s][info][gc,metaspace] GC(4) Metaspace: 1M used, 1M committed, 1088M reserved
[1.510s][info][gc,ref      ] GC(4) Soft: 118 encountered, 0 discovered, 0 enqueued
[1.510s][info][gc,ref      ] GC(4) Weak: 170 encountered, 1 discovered, 0 enqueued
[1.511s][info][gc,ref      ] GC(4) Final: 0 encountered, 0 discovered, 0 enqueued
[1.511s][info][gc,ref      ] GC(4) Phantom: 7 encountered, 5 discovered, 0 enqueued
[1.511s][info][gc,reloc    ] GC(4) Small Pages: 301 / 602M, Empty: 0M, Relocated: 1M, In-Place: 0
[1.511s][info][gc,reloc    ] GC(4) Medium Pages: 0 / 0M, Empty: 0M, Relocated: 0M, In-Place: 0
[1.511s][info][gc,reloc    ] GC(4) Large Pages: 0 / 0M, Empty: 0M, Relocated: 0M, In-Place: 0
[1.511s][info][gc,reloc    ] GC(4) Forwarding Usage: 0M
[1.511s][info][gc,heap     ] GC(4) Min Capacity: 4096M(100%)
[1.511s][info][gc,heap     ] GC(4) Max Capacity: 4096M(100%)
[1.511s][info][gc,heap     ] GC(4) Soft Max Capacity: 4096M(100%)
[1.511s][info][gc,heap     ] GC(4)                Mark Start          Mark End        Relocate Start      Relocate End           High               Low         
[1.511s][info][gc,heap     ] GC(4)  Capacity:     4096M (100%)       4096M (100%)       4096M (100%)       4096M (100%)       4096M (100%)       4096M (100%)   
[1.511s][info][gc,heap     ] GC(4)      Free:     3494M (85%)        3494M (85%)        3494M (85%)        3494M (85%)        3494M (85%)        3490M (85%)    
[1.511s][info][gc,heap     ] GC(4)      Used:      602M (15%)         602M (15%)         602M (15%)         602M (15%)         606M (15%)         602M (15%)    
[1.511s][info][gc,heap     ] GC(4)      Live:         -               547M (13%)         547M (13%)         547M (13%)            -                  -          
[1.511s][info][gc,heap     ] GC(4) Allocated:         -                 0M (0%)            0M (0%)            0M (0%)             -                  -          
[1.511s][info][gc,heap     ] GC(4)   Garbage:         -                54M (1%)           54M (1%)           54M (1%)             -                  -          
[1.511s][info][gc,heap     ] GC(4) Reclaimed:         -                  -                 0M (0%)            0M (0%)             -                  -          
[1.511s][info][gc          ] GC(4) Garbage Collection (Timer) 602M(15%)->602M(15%)
[1.791s][info][gc,start    ] GC(5) Garbage Collection (Timer)
[1.791s][info][gc,task     ] GC(5) Using 3 workers
[1.791s][info][gc,phases   ] GC(5) Pause Mark Start 0.006ms
[1.798s][info][gc,phases   ] GC(5) Concurrent Mark 6.307ms
[1.798s][info][gc,phases   ] GC(5) Pause Mark End 0.011ms
[1.798s][info][gc,phases   ] GC(5) Concurrent Mark Free 0.001ms
[1.799s][info][gc,phases   ] GC(5) Concurrent Process Non-Strong References 0.848ms
[1.799s][info][gc,phases   ] GC(5) Concurrent Reset Relocation Set 0.001ms
[1.801s][info][gc,phases   ] GC(5) Concurrent Select Relocation Set 2.109ms
[1.801s][info][gc,phases   ] GC(5) Pause Relocate Start 0.005ms
[1.802s][info][gc,phases   ] GC(5) Concurrent Relocate 1.208ms
[1.802s][info][gc,load     ] GC(5) Load: 0.00/0.00/0.00
[1.802s][info][gc,mmu      ] GC(5) MMU: 2ms/99.4%, 5ms/99.6%, 10ms/99.8%, 20ms/99.9%, 50ms/99.9%, 100ms/100.0%
[1.802s][info][gc,marking  ] GC(5) Mark: 2 stripe(s), 1 proactive flush(es), 1 terminate flush(es), 0 completion(s), 0 continuation(s) 
[1.802s][info][gc,marking  ] GC(5) Mark Stack Usage: 32M
[1.802s][info][gc,nmethod  ] GC(5) NMethods: 373 registered, 0 unregistered
[1.802s][info][gc,metaspace] GC(5) Metaspace: 1M used, 1M committed, 1088M reserved
[1.802s][info][gc,ref      ] GC(5) Soft: 118 encountered, 0 discovered, 0 enqueued
[1.802s][info][gc,ref      ] GC(5) Weak: 170 encountered, 92 discovered, 0 enqueued
[1.802s][info][gc,ref      ] GC(5) Final: 0 encountered, 0 discovered, 0 enqueued
[1.803s][info][gc,ref      ] GC(5) Phantom: 7 encountered, 2 discovered, 0 enqueued
[1.803s][info][gc,reloc    ] GC(5) Small Pages: 301 / 602M, Empty: 0M, Relocated: 1M, In-Place: 0
[1.803s][info][gc,reloc    ] GC(5) Medium Pages: 0 / 0M, Empty: 0M, Relocated: 0M, In-Place: 0
[1.803s][info][gc,reloc    ] GC(5) Large Pages: 0 / 0M, Empty: 0M, Relocated: 0M, In-Place: 0
[1.803s][info][gc,reloc    ] GC(5) Forwarding Usage: 0M
[1.803s][info][gc,heap     ] GC(5) Min Capacity: 4096M(100%)
[1.803s][info][gc,heap     ] GC(5) Max Capacity: 4096M(100%)
[1.803s][info][gc,heap     ] GC(5) Soft Max Capacity: 4096M(100%)
[1.803s][info][gc,heap     ] GC(5)                Mark Start          Mark End        Relocate Start      Relocate End           High               Low         
[1.803s][info][gc,heap     ] GC(5)  Capacity:     4096M (100%)       4096M (100%)       4096M (100%)       4096M (100%)       4096M (100%)       4096M (100%)   
[1.803s][info][gc,heap     ] GC(5)      Free:     3494M (85%)        3494M (85%)        3494M (85%)        3494M (85%)        3494M (85%)        3490M (85%)    
[1.803s][info][gc,heap     ] GC(5)      Used:      602M (15%)         602M (15%)         602M (15%)         602M (15%)         606M (15%)         602M (15%)    
[1.803s][info][gc,heap     ] GC(5)      Live:         -               547M (13%)         547M (13%)         547M (13%)            -                  -          
[1.803s][info][gc,heap     ] GC(5) Allocated:         -                 0M (0%)            0M (0%)            0M (0%)             -                  -          
[1.803s][info][gc,heap     ] GC(5)   Garbage:         -                54M (1%)           54M (1%)           54M (1%)             -                  -          
[1.803s][info][gc,heap     ] GC(5) Reclaimed:         -                  -                 0M (0%)            0M (0%)             -                  -          
[1.803s][info][gc          ] GC(5) Garbage Collection (Timer) 602M(15%)->602M(15%)
[2.092s][info][gc,start    ] GC(6) Garbage Collection (Timer)
[2.092s][info][gc,task     ] GC(6) Using 3 workers
[2.092s][info][gc,phases   ] GC(6) Pause Mark Start 0.012ms
[2.099s][info][gc,phases   ] GC(6) Concurrent Mark 7.361ms
[2.099s][info][gc,phases   ] GC(6) Pause Mark End 0.013ms
[2.099s][info][gc,phases   ] GC(6) Concurrent Mark Free 0.001ms
[2.100s][info][gc,phases   ] GC(6) Concurrent Process Non-Strong References 0.915ms
[2.100s][info][gc,phases   ] GC(6) Concurrent Reset Relocation Set 0.001ms
[2.103s][info][gc,phases   ] GC(6) Concurrent Select Relocation Set 2.322ms
[2.103s][info][gc,phases   ] GC(6) Pause Relocate Start 0.006ms
[2.104s][info][gc,phases   ] GC(6) Concurrent Relocate 1.007ms
[2.104s][info][gc,load     ] GC(6) Load: 0.00/0.00/0.00
[2.104s][info][gc,mmu      ] GC(6) MMU: 2ms/99.3%, 5ms/99.6%, 10ms/99.8%, 20ms/99.8%, 50ms/99.9%, 100ms/100.0%
[2.104s][info][gc,marking  ] GC(6) Mark: 2 stripe(s), 1 proactive flush(es), 1 terminate flush(es), 0 completion(s), 0 continuation(s) 
[2.104s][info][gc,marking  ] GC(6) Mark Stack Usage: 32M
[2.104s][info][gc,nmethod  ] GC(6) NMethods: 373 registered, 0 unregistered
[2.104s][info][gc,metaspace] GC(6) Metaspace: 1M used, 1M committed, 1088M reserved
[2.104s][info][gc,ref      ] GC(6) Soft: 118 encountered, 0 discovered, 0 enqueued
[2.104s][info][gc,ref      ] GC(6) Weak: 170 encountered, 92 discovered, 0 enqueued
[2.104s][info][gc,ref      ] GC(6) Final: 0 encountered, 0 discovered, 0 enqueued
[2.104s][info][gc,ref      ] GC(6) Phantom: 7 encountered, 3 discovered, 0 enqueued
[2.104s][info][gc,reloc    ] GC(6) Small Pages: 301 / 602M, Empty: 0M, Relocated: 1M, In-Place: 0
[2.104s][info][gc,reloc    ] GC(6) Medium Pages: 0 / 0M, Empty: 0M, Relocated: 0M, In-Place: 0
[2.104s][info][gc,reloc    ] GC(6) Large Pages: 0 / 0M, Empty: 0M, Relocated: 0M, In-Place: 0
[2.104s][info][gc,reloc    ] GC(6) Forwarding Usage: 0M
[2.104s][info][gc,heap     ] GC(6) Min Capacity: 4096M(100%)
[2.104s][info][gc,heap     ] GC(6) Max Capacity: 4096M(100%)
[2.104s][info][gc,heap     ] GC(6) Soft Max Capacity: 4096M(100%)
[2.104s][info][gc,heap     ] GC(6)                Mark Start          Mark End        Relocate Start      Relocate End           High               Low         
[2.105s][info][gc,heap     ] GC(6)  Capacity:     4096M (100%)       4096M (100%)       4096M (100%)       4096M (100%)       4096M (100%)       4096M (100%)   
[2.105s][info][gc,heap     ] GC(6)      Free:     3494M (85%)        3494M (85%)        3494M (85%)        3494M (85%)        3494M (85%)        3490M (85%)    
[2.105s][info][gc,heap     ] GC(6)      Used:      602M (15%)         602M (15%)         602M (15%)         602M (15%)         606M (15%)         602M (15%)    
[2.105s][info][gc,heap     ] GC(6)      Live:         -               547M (13%)         547M (13%)         547M (13%)            -                  -          
[2.105s][info][gc,heap     ] GC(6) Allocated:         -                 0M (0%)            0M (0%)            0M (0%)             -                  -          
[2.105s][info][gc,heap     ] GC(6)   Garbage:         -                54M (1%)           54M (1%)           54M (1%)             -                  -          
[2.105s][info][gc,heap     ] GC(6) Reclaimed:         -                  -                 0M (0%)            0M (0%)             -                  -          
[2.105s][info][gc          ] GC(6) Garbage Collection (Timer) 602M(15%)->602M(15%)
[2.391s][info][gc,start    ] GC(7) Garbage Collection (Timer)
[2.391s][info][gc,task     ] GC(7) Using 3 workers
[2.391s][info][gc,phases   ] GC(7) Pause Mark Start 0.006ms
[2.405s][info][gc,phases   ] GC(7) Concurrent Mark 13.677ms
[2.405s][info][gc,phases   ] GC(7) Pause Mark End 0.011ms
[2.405s][info][gc,phases   ] GC(7) Concurrent Mark Free 0.001ms
[2.406s][info][gc,phases   ] GC(7) Concurrent Process Non-Strong References 0.871ms
[2.406s][info][gc,phases   ] GC(7) Concurrent Reset Relocation Set 0.001ms
[2.408s][info][gc,phases   ] GC(7) Concurrent Select Relocation Set 2.439ms
[2.409s][info][gc,phases   ] GC(7) Pause Relocate Start 0.006ms
[2.411s][info][gc,phases   ] GC(7) Concurrent Relocate 1.990ms
[2.411s][info][gc,load     ] GC(7) Load: 0.00/0.00/0.00
[2.411s][info][gc,mmu      ] GC(7) MMU: 2ms/99.3%, 5ms/99.6%, 10ms/99.8%, 20ms/99.8%, 50ms/99.9%, 100ms/100.0%
[2.411s][info][gc,marking  ] GC(7) Mark: 2 stripe(s), 2 proactive flush(es), 1 terminate flush(es), 0 completion(s), 0 continuation(s) 
[2.411s][info][gc,marking  ] GC(7) Mark Stack Usage: 32M
[2.411s][info][gc,nmethod  ] GC(7) NMethods: 461 registered, 0 unregistered
[2.411s][info][gc,metaspace] GC(7) Metaspace: 1M used, 1M committed, 1088M reserved
[2.411s][info][gc,ref      ] GC(7) Soft: 181 encountered, 0 discovered, 0 enqueued
[2.411s][info][gc,ref      ] GC(7) Weak: 296 encountered, 207 discovered, 33 enqueued
[2.411s][info][gc,ref      ] GC(7) Final: 0 encountered, 0 discovered, 0 enqueued
[2.411s][info][gc,ref      ] GC(7) Phantom: 24 encountered, 19 discovered, 17 enqueued
[2.411s][info][gc,reloc    ] GC(7) Small Pages: 395 / 790M, Empty: 0M, Relocated: 1M, In-Place: 0
[2.411s][info][gc,reloc    ] GC(7) Medium Pages: 0 / 0M, Empty: 0M, Relocated: 0M, In-Place: 0
[2.411s][info][gc,reloc    ] GC(7) Large Pages: 0 / 0M, Empty: 0M, Relocated: 0M, In-Place: 0
[2.411s][info][gc,reloc    ] GC(7) Forwarding Usage: 0M
[2.411s][info][gc,heap     ] GC(7) Min Capacity: 4096M(100%)
[2.411s][info][gc,heap     ] GC(7) Max Capacity: 4096M(100%)
[2.411s][info][gc,heap     ] GC(7) Soft Max Capacity: 4096M(100%)
[2.411s][info][gc,heap     ] GC(7)                Mark Start          Mark End        Relocate Start      Relocate End           High               Low         
[2.411s][info][gc,heap     ] GC(7)  Capacity:     4096M (100%)       4096M (100%)       4096M (100%)       4096M (100%)       4096M (100%)       4096M (100%)   
[2.411s][info][gc,heap     ] GC(7)      Free:     3306M (81%)        3300M (81%)        3298M (81%)        3298M (81%)        3306M (81%)        3292M (80%)    
[2.411s][info][gc,heap     ] GC(7)      Used:      790M (19%)         796M (19%)         798M (19%)         798M (19%)         804M (20%)         790M (19%)    
[2.411s][info][gc,heap     ] GC(7)      Live:         -               716M (18%)         716M (18%)         716M (18%)            -                  -          
[2.411s][info][gc,heap     ] GC(7) Allocated:         -                 6M (0%)            8M (0%)            8M (0%)             -                  -          
[2.411s][info][gc,heap     ] GC(7)   Garbage:         -                73M (2%)           73M (2%)           73M (2%)             -                  -          
[2.411s][info][gc,heap     ] GC(7) Reclaimed:         -                  -                 0M (0%)            0M (0%)             -                  -          
[2.412s][info][gc          ] GC(7) Garbage Collection (Timer) 790M(19%)->798M(19%)
[2.492s][info][gc,start    ] GC(8) Garbage Collection (Warmup)
[2.492s][info][gc,task     ] GC(8) Using 3 workers
[2.492s][info][gc,phases   ] GC(8) Pause Mark Start 0.006ms
[2.506s][info][gc,phases   ] GC(8) Concurrent Mark 14.325ms
[2.506s][info][gc,phases   ] GC(8) Pause Mark End 0.009ms
[2.507s][info][gc,phases   ] GC(8) Concurrent Mark Free 0.001ms
[2.507s][info][gc,phases   ] GC(8) Concurrent Process Non-Strong References 0.719ms
[2.507s][info][gc,phases   ] GC(8) Concurrent Reset Relocation Set 0.001ms
[2.510s][info][gc,phases   ] GC(8) Concurrent Select Relocation Set 2.911ms
[2.510s][info][gc,phases   ] GC(8) Pause Relocate Start 0.007ms
[2.512s][info][gc,phases   ] GC(8) Concurrent Relocate 1.566ms
[2.512s][info][gc,load     ] GC(8) Load: 0.00/0.00/0.00
[2.512s][info][gc,mmu      ] GC(8) MMU: 2ms/99.3%, 5ms/99.6%, 10ms/99.8%, 20ms/99.8%, 50ms/99.9%, 100ms/100.0%
[2.512s][info][gc,marking  ] GC(8) Mark: 2 stripe(s), 2 proactive flush(es), 1 terminate flush(es), 0 completion(s), 0 continuation(s) 
[2.512s][info][gc,marking  ] GC(8) Mark Stack Usage: 32M
[2.512s][info][gc,nmethod  ] GC(8) NMethods: 461 registered, 0 unregistered
[2.512s][info][gc,metaspace] GC(8) Metaspace: 1M used, 1M committed, 1088M reserved
[2.512s][info][gc,ref      ] GC(8) Soft: 181 encountered, 0 discovered, 0 enqueued
[2.512s][info][gc,ref      ] GC(8) Weak: 263 encountered, 89 discovered, 0 enqueued
[2.512s][info][gc,ref      ] GC(8) Final: 0 encountered, 0 discovered, 0 enqueued
[2.512s][info][gc,ref      ] GC(8) Phantom: 7 encountered, 3 discovered, 0 enqueued
[2.512s][info][gc,reloc    ] GC(8) Small Pages: 434 / 868M, Empty: 0M, Relocated: 1M, In-Place: 0
[2.513s][info][gc,reloc    ] GC(8) Medium Pages: 0 / 0M, Empty: 0M, Relocated: 0M, In-Place: 0
[2.513s][info][gc,reloc    ] GC(8) Large Pages: 0 / 0M, Empty: 0M, Relocated: 0M, In-Place: 0
[2.513s][info][gc,reloc    ] GC(8) Forwarding Usage: 0M
[2.513s][info][gc,heap     ] GC(8) Min Capacity: 4096M(100%)
[2.513s][info][gc,heap     ] GC(8) Max Capacity: 4096M(100%)
[2.513s][info][gc,heap     ] GC(8) Soft Max Capacity: 4096M(100%)
[2.513s][info][gc,heap     ] GC(8)                Mark Start          Mark End        Relocate Start      Relocate End           High               Low         
[2.513s][info][gc,heap     ] GC(8)  Capacity:     4096M (100%)       4096M (100%)       4096M (100%)       4096M (100%)       4096M (100%)       4096M (100%)   
[2.513s][info][gc,heap     ] GC(8)      Free:     3228M (79%)        3224M (79%)        3220M (79%)        3222M (79%)        3228M (79%)        3216M (79%)    
[2.513s][info][gc,heap     ] GC(8)      Used:      868M (21%)         872M (21%)         876M (21%)         874M (21%)         880M (21%)         868M (21%)    
[2.513s][info][gc,heap     ] GC(8)      Live:         -               787M (19%)         787M (19%)         787M (19%)            -                  -          
[2.513s][info][gc,heap     ] GC(8) Allocated:         -                 4M (0%)            8M (0%)            8M (0%)             -                  -          
[2.513s][info][gc,heap     ] GC(8)   Garbage:         -                80M (2%)           80M (2%)           78M (2%)             -                  -          
[2.513s][info][gc,heap     ] GC(8) Reclaimed:         -                  -                 0M (0%)            2M (0%)             -                  -          
[2.513s][info][gc          ] GC(8) Garbage Collection (Warmup) 868M(21%)->874M(21%)
[2.792s][info][gc,start    ] GC(9) Garbage Collection (Timer)
[2.792s][info][gc,task     ] GC(9) Using 3 workers
[2.792s][info][gc,phases   ] GC(9) Pause Mark Start 0.006ms
[2.810s][info][gc,phases   ] GC(9) Concurrent Mark 18.018ms
[2.810s][info][gc,phases   ] GC(9) Pause Mark End 0.010ms
[2.810s][info][gc,phases   ] GC(9) Concurrent Mark Free 0.001ms
[2.811s][info][gc,phases   ] GC(9) Concurrent Process Non-Strong References 0.796ms
[2.811s][info][gc,phases   ] GC(9) Concurrent Reset Relocation Set 0.001ms
[2.814s][info][gc,phases   ] GC(9) Concurrent Select Relocation Set 2.548ms
[2.814s][info][gc,phases   ] GC(9) Pause Relocate Start 0.006ms
[2.817s][info][gc,phases   ] GC(9) Concurrent Relocate 2.947ms
[2.817s][info][gc,load     ] GC(9) Load: 0.00/0.00/0.00
[2.817s][info][gc,mmu      ] GC(9) MMU: 2ms/99.3%, 5ms/99.6%, 10ms/99.8%, 20ms/99.8%, 50ms/99.9%, 100ms/100.0%
[2.817s][info][gc,marking  ] GC(9) Mark: 2 stripe(s), 2 proactive flush(es), 1 terminate flush(es), 0 completion(s), 0 continuation(s) 
[2.817s][info][gc,marking  ] GC(9) Mark Stack Usage: 32M
[2.817s][info][gc,nmethod  ] GC(9) NMethods: 462 registered, 0 unregistered
[2.817s][info][gc,metaspace] GC(9) Metaspace: 1M used, 1M committed, 1088M reserved
[2.817s][info][gc,ref      ] GC(9) Soft: 181 encountered, 0 discovered, 0 enqueued
[2.817s][info][gc,ref      ] GC(9) Weak: 263 encountered, 157 discovered, 0 enqueued
[2.817s][info][gc,ref      ] GC(9) Final: 0 encountered, 0 discovered, 0 enqueued
[2.817s][info][gc,ref      ] GC(9) Phantom: 7 encountered, 3 discovered, 0 enqueued
[2.817s][info][gc,reloc    ] GC(9) Small Pages: 551 / 1102M, Empty: 0M, Relocated: 3M, In-Place: 0
[2.817s][info][gc,reloc    ] GC(9) Medium Pages: 1 / 32M, Empty: 0M, Relocated: 0M, In-Place: 0
[2.817s][info][gc,reloc    ] GC(9) Large Pages: 0 / 0M, Empty: 0M, Relocated: 0M, In-Place: 0
[2.817s][info][gc,reloc    ] GC(9) Forwarding Usage: 0M
[2.817s][info][gc,heap     ] GC(9) Min Capacity: 4096M(100%)
[2.817s][info][gc,heap     ] GC(9) Max Capacity: 4096M(100%)
[2.817s][info][gc,heap     ] GC(9) Soft Max Capacity: 4096M(100%)
[2.817s][info][gc,heap     ] GC(9)                Mark Start          Mark End        Relocate Start      Relocate End           High               Low         
[2.817s][info][gc,heap     ] GC(9)  Capacity:     4096M (100%)       4096M (100%)       4096M (100%)       4096M (100%)       4096M (100%)       4096M (100%)   
[2.818s][info][gc,heap     ] GC(9)      Free:     2962M (72%)        2958M (72%)        2956M (72%)        2956M (72%)        2962M (72%)        2950M (72%)    
[2.818s][info][gc,heap     ] GC(9)      Used:     1134M (28%)        1138M (28%)        1140M (28%)        1140M (28%)        1146M (28%)        1134M (28%)    
[2.818s][info][gc,heap     ] GC(9)      Live:         -              1002M (24%)        1002M (24%)        1002M (24%)            -                  -          
[2.818s][info][gc,heap     ] GC(9) Allocated:         -                 4M (0%)            6M (0%)            7M (0%)             -                  -          
[2.818s][info][gc,heap     ] GC(9)   Garbage:         -               131M (3%)          131M (3%)          129M (3%)             -                  -          
[2.818s][info][gc,heap     ] GC(9) Reclaimed:         -                  -                 0M (0%)            1M (0%)             -                  -          
[2.818s][info][gc          ] GC(9) Garbage Collection (Timer) 1134M(28%)->1140M(28%)
[2.991s][info][gc,start    ] GC(10) Garbage Collection (Warmup)
[2.991s][info][gc,task     ] GC(10) Using 3 workers
[2.991s][info][gc,phases   ] GC(10) Pause Mark Start 0.006ms
[3.013s][info][gc,phases   ] GC(10) Concurrent Mark 21.087ms
[3.013s][info][gc,phases   ] GC(10) Pause Mark End 0.009ms
[3.013s][info][gc,phases   ] GC(10) Concurrent Mark Free 0.001ms
[3.014s][info][gc,phases   ] GC(10) Concurrent Process Non-Strong References 0.842ms
[3.014s][info][gc,phases   ] GC(10) Concurrent Reset Relocation Set 0.001ms
[3.016s][info][gc,phases   ] GC(10) Concurrent Select Relocation Set 2.100ms
[3.016s][info][gc,phases   ] GC(10) Pause Relocate Start 0.003ms
[3.017s][info][gc,phases   ] GC(10) Concurrent Relocate 0.783ms
[3.017s][info][gc,load     ] GC(10) Load: 0.00/0.00/0.00
[3.017s][info][gc,mmu      ] GC(10) MMU: 2ms/99.3%, 5ms/99.6%, 10ms/99.8%, 20ms/99.8%, 50ms/99.9%, 100ms/100.0%
[3.017s][info][gc,marking  ] GC(10) Mark: 2 stripe(s), 1 proactive flush(es), 1 terminate flush(es), 0 completion(s), 0 continuation(s) 
[3.017s][info][gc,marking  ] GC(10) Mark Stack Usage: 32M
[3.017s][info][gc,nmethod  ] GC(10) NMethods: 462 registered, 0 unregistered
[3.017s][info][gc,metaspace] GC(10) Metaspace: 1M used, 1M committed, 1088M reserved
[3.017s][info][gc,ref      ] GC(10) Soft: 181 encountered, 0 discovered, 0 enqueued
[3.017s][info][gc,ref      ] GC(10) Weak: 263 encountered, 147 discovered, 0 enqueued
[3.017s][info][gc,ref      ] GC(10) Final: 0 encountered, 0 discovered, 0 enqueued
[3.017s][info][gc,ref      ] GC(10) Phantom: 7 encountered, 4 discovered, 0 enqueued
[3.017s][info][gc,reloc    ] GC(10) Small Pages: 605 / 1210M, Empty: 0M, Relocated: 1M, In-Place: 0
[3.017s][info][gc,reloc    ] GC(10) Medium Pages: 1 / 32M, Empty: 0M, Relocated: 0M, In-Place: 0
[3.017s][info][gc,reloc    ] GC(10) Large Pages: 0 / 0M, Empty: 0M, Relocated: 0M, In-Place: 0
[3.017s][info][gc,reloc    ] GC(10) Forwarding Usage: 0M
[3.017s][info][gc,heap     ] GC(10) Min Capacity: 4096M(100%)
[3.017s][info][gc,heap     ] GC(10) Max Capacity: 4096M(100%)
[3.017s][info][gc,heap     ] GC(10) Soft Max Capacity: 4096M(100%)
[3.017s][info][gc,heap     ] GC(10)                Mark Start          Mark End        Relocate Start      Relocate End           High               Low         
[3.017s][info][gc,heap     ] GC(10)  Capacity:     4096M (100%)       4096M (100%)       4096M (100%)       4096M (100%)       4096M (100%)       4096M (100%)   
[3.017s][info][gc,heap     ] GC(10)      Free:     2854M (70%)        2854M (70%)        2854M (70%)        2854M (70%)        2854M (70%)        2850M (70%)    
[3.017s][info][gc,heap     ] GC(10)      Used:     1242M (30%)        1242M (30%)        1242M (30%)        1242M (30%)        1246M (30%)        1242M (30%)    
[3.017s][info][gc,heap     ] GC(10)      Live:         -              1101M (27%)        1101M (27%)        1101M (27%)            -                  -          
[3.017s][info][gc,heap     ] GC(10) Allocated:         -                 0M (0%)            0M (0%)            0M (0%)             -                  -          
[3.017s][info][gc,heap     ] GC(10)   Garbage:         -               140M (3%)          140M (3%)          140M (3%)             -                  -          
[3.017s][info][gc,heap     ] GC(10) Reclaimed:         -                  -                 0M (0%)            0M (0%)             -                  -          
[3.017s][info][gc          ] GC(10) Garbage Collection (Warmup) 1242M(30%)->1242M(30%)
[3.291s][info][gc,start    ] GC(11) Garbage Collection (Timer)
[3.291s][info][gc,task     ] GC(11) Using 3 workers
[3.291s][info][gc,phases   ] GC(11) Pause Mark Start 0.006ms
[3.305s][info][gc,phases   ] GC(11) Concurrent Mark 13.440ms
[3.305s][info][gc,phases   ] GC(11) Pause Mark End 0.009ms
[3.305s][info][gc,phases   ] GC(11) Concurrent Mark Free 0.001ms
[3.306s][info][gc,phases   ] GC(11) Concurrent Process Non-Strong References 0.611ms
[3.306s][info][gc,phases   ] GC(11) Concurrent Reset Relocation Set 0.001ms
[3.309s][info][gc,phases   ] GC(11) Concurrent Select Relocation Set 2.838ms
[3.309s][info][gc,phases   ] GC(11) Pause Relocate Start 0.005ms
[3.309s][info][gc,phases   ] GC(11) Concurrent Relocate 0.299ms
[3.309s][info][gc,load     ] GC(11) Load: 0.00/0.00/0.00
[3.309s][info][gc,mmu      ] GC(11) MMU: 2ms/99.3%, 5ms/99.6%, 10ms/99.8%, 20ms/99.8%, 50ms/99.9%, 100ms/100.0%
[3.309s][info][gc,marking  ] GC(11) Mark: 2 stripe(s), 1 proactive flush(es), 1 terminate flush(es), 0 completion(s), 0 continuation(s) 
[3.309s][info][gc,marking  ] GC(11) Mark Stack Usage: 32M
[3.309s][info][gc,nmethod  ] GC(11) NMethods: 462 registered, 0 unregistered
[3.309s][info][gc,metaspace] GC(11) Metaspace: 1M used, 1M committed, 1088M reserved
[3.309s][info][gc,ref      ] GC(11) Soft: 181 encountered, 0 discovered, 0 enqueued
[3.309s][info][gc,ref      ] GC(11) Weak: 263 encountered, 147 discovered, 0 enqueued
[3.309s][info][gc,ref      ] GC(11) Final: 0 encountered, 0 discovered, 0 enqueued
[3.309s][info][gc,ref      ] GC(11) Phantom: 7 encountered, 5 discovered, 0 enqueued
[3.309s][info][gc,reloc    ] GC(11) Small Pages: 605 / 1210M, Empty: 0M, Relocated: 1M, In-Place: 0
[3.309s][info][gc,reloc    ] GC(11) Medium Pages: 1 / 32M, Empty: 0M, Relocated: 0M, In-Place: 0
[3.309s][info][gc,reloc    ] GC(11) Large Pages: 0 / 0M, Empty: 0M, Relocated: 0M, In-Place: 0
[3.309s][info][gc,reloc    ] GC(11) Forwarding Usage: 0M
[3.309s][info][gc,heap     ] GC(11) Min Capacity: 4096M(100%)
[3.309s][info][gc,heap     ] GC(11) Max Capacity: 4096M(100%)
[3.309s][info][gc,heap     ] GC(11) Soft Max Capacity: 4096M(100%)
[3.309s][info][gc,heap     ] GC(11)                Mark Start          Mark End        Relocate Start      Relocate End           High               Low         
[3.309s][info][gc,heap     ] GC(11)  Capacity:     4096M (100%)       4096M (100%)       4096M (100%)       4096M (100%)       4096M (100%)       4096M (100%)   
[3.309s][info][gc,heap     ] GC(11)      Free:     2854M (70%)        2854M (70%)        2854M (70%)        2854M (70%)        2854M (70%)        2850M (70%)    
[3.310s][info][gc,heap     ] GC(11)      Used:     1242M (30%)        1242M (30%)        1242M (30%)        1242M (30%)        1246M (30%)        1242M (30%)    
[3.310s][info][gc,heap     ] GC(11)      Live:         -              1101M (27%)        1101M (27%)        1101M (27%)            -                  -          
[3.310s][info][gc,heap     ] GC(11) Allocated:         -                 0M (0%)            0M (0%)            0M (0%)             -                  -          
[3.310s][info][gc,heap     ] GC(11)   Garbage:         -               140M (3%)          140M (3%)          140M (3%)             -                  -          
[3.310s][info][gc,heap     ] GC(11) Reclaimed:         -                  -                 0M (0%)            0M (0%)             -                  -          
[3.310s][info][gc          ] GC(11) Garbage Collection (Timer) 1242M(30%)->1242M(30%)
[3.591s][info][gc,start    ] GC(12) Garbage Collection (Timer)
[3.591s][info][gc,task     ] GC(12) Using 3 workers
[3.591s][info][gc,phases   ] GC(12) Pause Mark Start 0.006ms
[3.600s][info][gc,phases   ] GC(12) Concurrent Mark 8.214ms
[3.600s][info][gc,phases   ] GC(12) Pause Mark End 0.010ms
[3.600s][info][gc,phases   ] GC(12) Concurrent Mark Free 0.001ms
[3.600s][info][gc,phases   ] GC(12) Concurrent Process Non-Strong References 0.545ms
[3.601s][info][gc,phases   ] GC(12) Concurrent Reset Relocation Set 0.001ms
[3.603s][info][gc,phases   ] GC(12) Concurrent Select Relocation Set 2.097ms
[3.603s][info][gc,phases   ] GC(12) Pause Relocate Start 0.006ms
[3.603s][info][gc,phases   ] GC(12) Concurrent Relocate 0.347ms
[3.603s][info][gc,load     ] GC(12) Load: 0.00/0.00/0.00
[3.603s][info][gc,mmu      ] GC(12) MMU: 2ms/99.3%, 5ms/99.6%, 10ms/99.8%, 20ms/99.8%, 50ms/99.9%, 100ms/100.0%
[3.603s][info][gc,marking  ] GC(12) Mark: 2 stripe(s), 3 proactive flush(es), 1 terminate flush(es), 0 completion(s), 0 continuation(s) 
[3.603s][info][gc,marking  ] GC(12) Mark Stack Usage: 32M
[3.603s][info][gc,nmethod  ] GC(12) NMethods: 462 registered, 0 unregistered
[3.603s][info][gc,metaspace] GC(12) Metaspace: 1M used, 1M committed, 1088M reserved
[3.603s][info][gc,ref      ] GC(12) Soft: 181 encountered, 0 discovered, 0 enqueued
[3.603s][info][gc,ref      ] GC(12) Weak: 263 encountered, 146 discovered, 0 enqueued
[3.603s][info][gc,ref      ] GC(12) Final: 0 encountered, 0 discovered, 0 enqueued
[3.603s][info][gc,ref      ] GC(12) Phantom: 7 encountered, 5 discovered, 0 enqueued
[3.604s][info][gc,reloc    ] GC(12) Small Pages: 605 / 1210M, Empty: 0M, Relocated: 1M, In-Place: 0
[3.604s][info][gc,reloc    ] GC(12) Medium Pages: 1 / 32M, Empty: 0M, Relocated: 0M, In-Place: 0
[3.604s][info][gc,reloc    ] GC(12) Large Pages: 0 / 0M, Empty: 0M, Relocated: 0M, In-Place: 0
[3.604s][info][gc,reloc    ] GC(12) Forwarding Usage: 0M
[3.604s][info][gc,heap     ] GC(12) Min Capacity: 4096M(100%)
[3.604s][info][gc,heap     ] GC(12) Max Capacity: 4096M(100%)
[3.604s][info][gc,heap     ] GC(12) Soft Max Capacity: 4096M(100%)
[3.604s][info][gc,heap     ] GC(12)                Mark Start          Mark End        Relocate Start      Relocate End           High               Low         
[3.604s][info][gc,heap     ] GC(12)  Capacity:     4096M (100%)       4096M (100%)       4096M (100%)       4096M (100%)       4096M (100%)       4096M (100%)   
[3.604s][info][gc,heap     ] GC(12)      Free:     2854M (70%)        2854M (70%)        2854M (70%)        2854M (70%)        2854M (70%)        2850M (70%)    
[3.604s][info][gc,heap     ] GC(12)      Used:     1242M (30%)        1242M (30%)        1242M (30%)        1242M (30%)        1246M (30%)        1242M (30%)    
[3.604s][info][gc,heap     ] GC(12)      Live:         -              1101M (27%)        1101M (27%)        1101M (27%)            -                  -          
[3.604s][info][gc,heap     ] GC(12) Allocated:         -                 0M (0%)            0M (0%)            0M (0%)             -                  -          
[3.604s][info][gc,heap     ] GC(12)   Garbage:         -               140M (3%)          140M (3%)          140M (3%)             -                  -          
[3.604s][info][gc,heap     ] GC(12) Reclaimed:         -                  -                 0M (0%)            0M (0%)             -                  -          
[3.604s][info][gc          ] GC(12) Garbage Collection (Timer) 1242M(30%)->1242M(30%)
[3.890s][info][gc,start    ] GC(13) Garbage Collection (Timer)
[3.890s][info][gc,task     ] GC(13) Using 3 workers
[3.890s][info][gc,phases   ] GC(13) Pause Mark Start 0.005ms
[3.900s][info][gc,phases   ] GC(13) Concurrent Mark 9.259ms
[3.900s][info][gc,phases   ] GC(13) Pause Mark End 0.010ms
[3.900s][info][gc,phases   ] GC(13) Concurrent Mark Free 0.001ms
[3.901s][info][gc,phases   ] GC(13) Concurrent Process Non-Strong References 0.814ms
[3.901s][info][gc,phases   ] GC(13) Concurrent Reset Relocation Set 0.001ms
[3.903s][info][gc,phases   ] GC(13) Concurrent Select Relocation Set 2.196ms
[3.903s][info][gc,phases   ] GC(13) Pause Relocate Start 0.007ms
[3.903s][info][gc,phases   ] GC(13) Concurrent Relocate 0.226ms
[3.903s][info][gc,load     ] GC(13) Load: 0.00/0.00/0.00
[3.903s][info][gc,mmu      ] GC(13) MMU: 2ms/99.3%, 5ms/99.6%, 10ms/99.8%, 20ms/99.8%, 50ms/99.9%, 100ms/100.0%
[3.904s][info][gc,marking  ] GC(13) Mark: 2 stripe(s), 2 proactive flush(es), 1 terminate flush(es), 0 completion(s), 0 continuation(s) 
[3.904s][info][gc,marking  ] GC(13) Mark Stack Usage: 32M
[3.904s][info][gc,nmethod  ] GC(13) NMethods: 462 registered, 0 unregistered
[3.904s][info][gc,metaspace] GC(13) Metaspace: 1M used, 1M committed, 1088M reserved
[3.904s][info][gc,ref      ] GC(13) Soft: 181 encountered, 0 discovered, 0 enqueued
[3.904s][info][gc,ref      ] GC(13) Weak: 263 encountered, 155 discovered, 0 enqueued
[3.904s][info][gc,ref      ] GC(13) Final: 0 encountered, 0 discovered, 0 enqueued
[3.904s][info][gc,ref      ] GC(13) Phantom: 7 encountered, 5 discovered, 0 enqueued
[3.904s][info][gc,reloc    ] GC(13) Small Pages: 605 / 1210M, Empty: 0M, Relocated: 1M, In-Place: 0
[3.904s][info][gc,reloc    ] GC(13) Medium Pages: 1 / 32M, Empty: 0M, Relocated: 0M, In-Place: 0
[3.904s][info][gc,reloc    ] GC(13) Large Pages: 0 / 0M, Empty: 0M, Relocated: 0M, In-Place: 0
[3.904s][info][gc,reloc    ] GC(13) Forwarding Usage: 0M
[3.904s][info][gc,heap     ] GC(13) Min Capacity: 4096M(100%)
[3.904s][info][gc,heap     ] GC(13) Max Capacity: 4096M(100%)
[3.904s][info][gc,heap     ] GC(13) Soft Max Capacity: 4096M(100%)
[3.904s][info][gc,heap     ] GC(13)                Mark Start          Mark End        Relocate Start      Relocate End           High               Low         
[3.904s][info][gc,heap     ] GC(13)  Capacity:     4096M (100%)       4096M (100%)       4096M (100%)       4096M (100%)       4096M (100%)       4096M (100%)   
[3.904s][info][gc,heap     ] GC(13)      Free:     2854M (70%)        2854M (70%)        2854M (70%)        2854M (70%)        2854M (70%)        2850M (70%)    
[3.904s][info][gc,heap     ] GC(13)      Used:     1242M (30%)        1242M (30%)        1242M (30%)        1242M (30%)        1246M (30%)        1242M (30%)    
[3.904s][info][gc,heap     ] GC(13)      Live:         -              1101M (27%)        1101M (27%)        1101M (27%)            -                  -          
[3.904s][info][gc,heap     ] GC(13) Allocated:         -                 0M (0%)            0M (0%)            0M (0%)             -                  -          
[3.904s][info][gc,heap     ] GC(13)   Garbage:         -               140M (3%)          140M (3%)          140M (3%)             -                  -          
[3.904s][info][gc,heap     ] GC(13) Reclaimed:         -                  -                 0M (0%)            0M (0%)             -                  -          
[3.904s][info][gc          ] GC(13) Garbage Collection (Timer) 1242M(30%)->1242M(30%)
[4.191s][info][gc,start    ] GC(14) Garbage Collection (Timer)
[4.191s][info][gc,task     ] GC(14) Using 3 workers
[4.192s][info][gc,phases   ] GC(14) Pause Mark Start 0.006ms
[4.206s][info][gc,phases   ] GC(14) Concurrent Mark 14.735ms
[4.206s][info][gc,phases   ] GC(14) Pause Mark End 0.009ms
[4.207s][info][gc,phases   ] GC(14) Concurrent Mark Free 0.001ms
[4.207s][info][gc,phases   ] GC(14) Concurrent Process Non-Strong References 0.828ms
[4.207s][info][gc,phases   ] GC(14) Concurrent Reset Relocation Set 0.001ms
[4.210s][info][gc,phases   ] GC(14) Concurrent Select Relocation Set 2.171ms
[4.210s][info][gc,phases   ] GC(14) Pause Relocate Start 0.006ms
[4.211s][info][gc,phases   ] GC(14) Concurrent Relocate 0.809ms
[4.211s][info][gc,load     ] GC(14) Load: 0.00/0.00/0.00
[4.211s][info][gc,mmu      ] GC(14) MMU: 2ms/99.3%, 5ms/99.6%, 10ms/99.8%, 20ms/99.8%, 50ms/99.9%, 100ms/100.0%
[4.211s][info][gc,marking  ] GC(14) Mark: 2 stripe(s), 2 proactive flush(es), 1 terminate flush(es), 0 completion(s), 0 continuation(s) 
[4.211s][info][gc,marking  ] GC(14) Mark Stack Usage: 32M
[4.211s][info][gc,nmethod  ] GC(14) NMethods: 468 registered, 0 unregistered
[4.211s][info][gc,metaspace] GC(14) Metaspace: 1M used, 1M committed, 1088M reserved
[4.211s][info][gc,ref      ] GC(14) Soft: 181 encountered, 0 discovered, 0 enqueued
[4.211s][info][gc,ref      ] GC(14) Weak: 263 encountered, 144 discovered, 0 enqueued
[4.211s][info][gc,ref      ] GC(14) Final: 0 encountered, 0 discovered, 0 enqueued
[4.211s][info][gc,ref      ] GC(14) Phantom: 7 encountered, 4 discovered, 0 enqueued
[4.211s][info][gc,reloc    ] GC(14) Small Pages: 703 / 1406M, Empty: 0M, Relocated: 1M, In-Place: 0
[4.211s][info][gc,reloc    ] GC(14) Medium Pages: 1 / 32M, Empty: 0M, Relocated: 0M, In-Place: 0
[4.211s][info][gc,reloc    ] GC(14) Large Pages: 0 / 0M, Empty: 0M, Relocated: 0M, In-Place: 0
[4.211s][info][gc,reloc    ] GC(14) Forwarding Usage: 0M
[4.211s][info][gc,heap     ] GC(14) Min Capacity: 4096M(100%)
[4.211s][info][gc,heap     ] GC(14) Max Capacity: 4096M(100%)
[4.211s][info][gc,heap     ] GC(14) Soft Max Capacity: 4096M(100%)
[4.211s][info][gc,heap     ] GC(14)                Mark Start          Mark End        Relocate Start      Relocate End           High               Low         
[4.211s][info][gc,heap     ] GC(14)  Capacity:     4096M (100%)       4096M (100%)       4096M (100%)       4096M (100%)       4096M (100%)       4096M (100%)   
[4.211s][info][gc,heap     ] GC(14)      Free:     2658M (65%)        2654M (65%)        2652M (65%)        2652M (65%)        2658M (65%)        2648M (65%)    
[4.211s][info][gc,heap     ] GC(14)      Used:     1438M (35%)        1442M (35%)        1444M (35%)        1444M (35%)        1448M (35%)        1438M (35%)    
[4.211s][info][gc,heap     ] GC(14)      Live:         -              1278M (31%)        1278M (31%)        1278M (31%)            -                  -          
[4.211s][info][gc,heap     ] GC(14) Allocated:         -                 4M (0%)            6M (0%)            6M (0%)             -                  -          
[4.211s][info][gc,heap     ] GC(14)   Garbage:         -               159M (4%)          159M (4%)          159M (4%)             -                  -          
[4.211s][info][gc,heap     ] GC(14) Reclaimed:         -                  -                 0M (0%)            0M (0%)             -                  -          
[4.211s][info][gc          ] GC(14) Garbage Collection (Timer) 1438M(35%)->1444M(35%)
[4.491s][info][gc,start    ] GC(15) Garbage Collection (Timer)
[4.492s][info][gc,task     ] GC(15) Using 3 workers
[4.492s][info][gc,phases   ] GC(15) Pause Mark Start 0.006ms
[4.513s][info][gc,phases   ] GC(15) Concurrent Mark 21.618ms
[4.514s][info][gc,phases   ] GC(15) Pause Mark End 0.010ms
[4.514s][info][gc,phases   ] GC(15) Concurrent Mark Free 0.001ms
[4.514s][info][gc,phases   ] GC(15) Concurrent Process Non-Strong References 0.658ms
[4.515s][info][gc,phases   ] GC(15) Concurrent Reset Relocation Set 0.001ms
[4.517s][info][gc,phases   ] GC(15) Concurrent Select Relocation Set 2.359ms
[4.517s][info][gc,phases   ] GC(15) Pause Relocate Start 0.006ms
[4.519s][info][gc,phases   ] GC(15) Concurrent Relocate 1.894ms
[4.519s][info][gc,load     ] GC(15) Load: 0.00/0.00/0.00
[4.519s][info][gc,mmu      ] GC(15) MMU: 2ms/99.3%, 5ms/99.6%, 10ms/99.8%, 20ms/99.8%, 50ms/99.9%, 100ms/100.0%
[4.519s][info][gc,marking  ] GC(15) Mark: 2 stripe(s), 2 proactive flush(es), 1 terminate flush(es), 0 completion(s), 0 continuation(s) 
[4.519s][info][gc,marking  ] GC(15) Mark Stack Usage: 32M
[4.519s][info][gc,nmethod  ] GC(15) NMethods: 468 registered, 0 unregistered
[4.519s][info][gc,metaspace] GC(15) Metaspace: 1M used, 1M committed, 1088M reserved
[4.519s][info][gc,ref      ] GC(15) Soft: 181 encountered, 0 discovered, 0 enqueued
[4.519s][info][gc,ref      ] GC(15) Weak: 263 encountered, 146 discovered, 0 enqueued
[4.519s][info][gc,ref      ] GC(15) Final: 0 encountered, 0 discovered, 0 enqueued
[4.519s][info][gc,ref      ] GC(15) Phantom: 7 encountered, 3 discovered, 0 enqueued
[4.519s][info][gc,reloc    ] GC(15) Small Pages: 790 / 1580M, Empty: 0M, Relocated: 5M, In-Place: 0
[4.519s][info][gc,reloc    ] GC(15) Medium Pages: 2 / 64M, Empty: 32M, Relocated: 0M, In-Place: 0
[4.519s][info][gc,reloc    ] GC(15) Large Pages: 0 / 0M, Empty: 0M, Relocated: 0M, In-Place: 0
[4.519s][info][gc,reloc    ] GC(15) Forwarding Usage: 0M
[4.519s][info][gc,heap     ] GC(15) Min Capacity: 4096M(100%)
[4.519s][info][gc,heap     ] GC(15) Max Capacity: 4096M(100%)
[4.520s][info][gc,heap     ] GC(15) Soft Max Capacity: 4096M(100%)
[4.520s][info][gc,heap     ] GC(15)                Mark Start          Mark End        Relocate Start      Relocate End           High               Low         
[4.520s][info][gc,heap     ] GC(15)  Capacity:     4096M (100%)       4096M (100%)       4096M (100%)       4096M (100%)       4096M (100%)       4096M (100%)   
[4.520s][info][gc,heap     ] GC(15)      Free:     2452M (60%)        2450M (60%)        2480M (61%)        2484M (61%)        2484M (61%)        2448M (60%)    
[4.520s][info][gc,heap     ] GC(15)      Used:     1644M (40%)        1646M (40%)        1616M (39%)        1612M (39%)        1648M (40%)        1612M (39%)    
[4.520s][info][gc,heap     ] GC(15)      Live:         -              1437M (35%)        1437M (35%)        1437M (35%)            -                  -          
[4.520s][info][gc,heap     ] GC(15) Allocated:         -                 2M (0%)            4M (0%)            3M (0%)             -                  -          
[4.520s][info][gc,heap     ] GC(15)   Garbage:         -               206M (5%)          174M (4%)          170M (4%)             -                  -          
[4.520s][info][gc,heap     ] GC(15) Reclaimed:         -                  -                32M (1%)           35M (1%)             -                  -          
[4.520s][info][gc          ] GC(15) Garbage Collection (Timer) 1644M(40%)->1612M(39%)
[4.791s][info][gc,start    ] GC(16) Garbage Collection (Timer)
[4.791s][info][gc,task     ] GC(16) Using 3 workers
[4.791s][info][gc,phases   ] GC(16) Pause Mark Start 0.005ms
[4.811s][info][gc,phases   ] GC(16) Concurrent Mark 19.664ms
[4.811s][info][gc,phases   ] GC(16) Pause Mark End 0.010ms
[4.812s][info][gc,phases   ] GC(16) Concurrent Mark Free 0.001ms
[4.812s][info][gc,phases   ] GC(16) Concurrent Process Non-Strong References 0.543ms
[4.812s][info][gc,phases   ] GC(16) Concurrent Reset Relocation Set 0.001ms
[4.814s][info][gc,phases   ] GC(16) Concurrent Select Relocation Set 2.176ms
[4.815s][info][gc,phases   ] GC(16) Pause Relocate Start 0.005ms
[4.816s][info][gc,phases   ] GC(16) Concurrent Relocate 0.883ms
[4.816s][info][gc,load     ] GC(16) Load: 0.00/0.00/0.00
[4.816s][info][gc,mmu      ] GC(16) MMU: 2ms/99.3%, 5ms/99.6%, 10ms/99.8%, 20ms/99.8%, 50ms/99.9%, 100ms/100.0%
[4.816s][info][gc,marking  ] GC(16) Mark: 2 stripe(s), 2 proactive flush(es), 1 terminate flush(es), 0 completion(s), 0 continuation(s) 
[4.816s][info][gc,marking  ] GC(16) Mark Stack Usage: 32M
[4.816s][info][gc,nmethod  ] GC(16) NMethods: 468 registered, 0 unregistered
[4.816s][info][gc,metaspace] GC(16) Metaspace: 1M used, 1M committed, 1088M reserved
[4.816s][info][gc,ref      ] GC(16) Soft: 181 encountered, 0 discovered, 0 enqueued
[4.816s][info][gc,ref      ] GC(16) Weak: 263 encountered, 145 discovered, 0 enqueued
[4.816s][info][gc,ref      ] GC(16) Final: 0 encountered, 0 discovered, 0 enqueued
[4.816s][info][gc,ref      ] GC(16) Phantom: 7 encountered, 4 discovered, 0 enqueued
[4.816s][info][gc,reloc    ] GC(16) Small Pages: 869 / 1738M, Empty: 0M, Relocated: 1M, In-Place: 0
[4.816s][info][gc,reloc    ] GC(16) Medium Pages: 1 / 32M, Empty: 0M, Relocated: 0M, In-Place: 0
[4.816s][info][gc,reloc    ] GC(16) Large Pages: 0 / 0M, Empty: 0M, Relocated: 0M, In-Place: 0
[4.816s][info][gc,reloc    ] GC(16) Forwarding Usage: 0M
[4.816s][info][gc,heap     ] GC(16) Min Capacity: 4096M(100%)
[4.816s][info][gc,heap     ] GC(16) Max Capacity: 4096M(100%)
[4.816s][info][gc,heap     ] GC(16) Soft Max Capacity: 4096M(100%)
[4.816s][info][gc,heap     ] GC(16)                Mark Start          Mark End        Relocate Start      Relocate End           High               Low         
[4.816s][info][gc,heap     ] GC(16)  Capacity:     4096M (100%)       4096M (100%)       4096M (100%)       4096M (100%)       4096M (100%)       4096M (100%)   
[4.816s][info][gc,heap     ] GC(16)      Free:     2326M (57%)        2322M (57%)        2320M (57%)        2320M (57%)        2326M (57%)        2316M (57%)    
[4.816s][info][gc,heap     ] GC(16)      Used:     1770M (43%)        1774M (43%)        1776M (43%)        1776M (43%)        1780M (43%)        1770M (43%)    
[4.816s][info][gc,heap     ] GC(16)      Live:         -              1584M (39%)        1584M (39%)        1584M (39%)            -                  -          
[4.816s][info][gc,heap     ] GC(16) Allocated:         -                 4M (0%)            6M (0%)            6M (0%)             -                  -          
[4.816s][info][gc,heap     ] GC(16)   Garbage:         -               185M (5%)          185M (5%)          185M (5%)             -                  -          
[4.816s][info][gc,heap     ] GC(16) Reclaimed:         -                  -                 0M (0%)            0M (0%)             -                  -          
[4.816s][info][gc          ] GC(16) Garbage Collection (Timer) 1770M(43%)->1776M(43%)
[5.092s][info][gc,start    ] GC(17) Garbage Collection (Timer)
[5.092s][info][gc,task     ] GC(17) Using 3 workers
[5.092s][info][gc,phases   ] GC(17) Pause Mark Start 0.005ms
[5.115s][info][gc,phases   ] GC(17) Concurrent Mark 22.876ms
[5.115s][info][gc,phases   ] GC(17) Pause Mark End 0.011ms
[5.115s][info][gc,phases   ] GC(17) Concurrent Mark Free 0.001ms
[5.116s][info][gc,phases   ] GC(17) Concurrent Process Non-Strong References 0.865ms
[5.116s][info][gc,phases   ] GC(17) Concurrent Reset Relocation Set 0.001ms
[5.118s][info][gc,phases   ] GC(17) Concurrent Select Relocation Set 2.087ms
[5.118s][info][gc,phases   ] GC(17) Pause Relocate Start 0.006ms
[5.119s][info][gc,phases   ] GC(17) Concurrent Relocate 0.913ms
[5.119s][info][gc,load     ] GC(17) Load: 0.00/0.00/0.00
[5.119s][info][gc,mmu      ] GC(17) MMU: 2ms/99.3%, 5ms/99.6%, 10ms/99.8%, 20ms/99.8%, 50ms/99.9%, 100ms/100.0%
[5.119s][info][gc,marking  ] GC(17) Mark: 2 stripe(s), 2 proactive flush(es), 1 terminate flush(es), 0 completion(s), 0 continuation(s) 
[5.119s][info][gc,marking  ] GC(17) Mark Stack Usage: 32M
[5.119s][info][gc,nmethod  ] GC(17) NMethods: 468 registered, 0 unregistered
[5.119s][info][gc,metaspace] GC(17) Metaspace: 1M used, 1M committed, 1088M reserved
[5.119s][info][gc,ref      ] GC(17) Soft: 181 encountered, 0 discovered, 0 enqueued
[5.119s][info][gc,ref      ] GC(17) Weak: 263 encountered, 148 discovered, 0 enqueued
[5.119s][info][gc,ref      ] GC(17) Final: 0 encountered, 0 discovered, 0 enqueued
[5.119s][info][gc,ref      ] GC(17) Phantom: 7 encountered, 5 discovered, 0 enqueued
[5.119s][info][gc,reloc    ] GC(17) Small Pages: 906 / 1812M, Empty: 0M, Relocated: 1M, In-Place: 0
[5.119s][info][gc,reloc    ] GC(17) Medium Pages: 1 / 32M, Empty: 0M, Relocated: 0M, In-Place: 0
[5.120s][info][gc,reloc    ] GC(17) Large Pages: 0 / 0M, Empty: 0M, Relocated: 0M, In-Place: 0
[5.120s][info][gc,reloc    ] GC(17) Forwarding Usage: 0M
[5.120s][info][gc,heap     ] GC(17) Min Capacity: 4096M(100%)
[5.120s][info][gc,heap     ] GC(17) Max Capacity: 4096M(100%)
[5.120s][info][gc,heap     ] GC(17) Soft Max Capacity: 4096M(100%)
[5.120s][info][gc,heap     ] GC(17)                Mark Start          Mark End        Relocate Start      Relocate End           High               Low         
[5.120s][info][gc,heap     ] GC(17)  Capacity:     4096M (100%)       4096M (100%)       4096M (100%)       4096M (100%)       4096M (100%)       4096M (100%)   
[5.120s][info][gc,heap     ] GC(17)      Free:     2252M (55%)        2252M (55%)        2252M (55%)        2252M (55%)        2252M (55%)        2246M (55%)    
[5.120s][info][gc,heap     ] GC(17)      Used:     1844M (45%)        1844M (45%)        1844M (45%)        1844M (45%)        1850M (45%)        1844M (45%)    
[5.120s][info][gc,heap     ] GC(17)      Live:         -              1650M (40%)        1650M (40%)        1650M (40%)            -                  -          
[5.120s][info][gc,heap     ] GC(17) Allocated:         -                 0M (0%)            0M (0%)            0M (0%)             -                  -          
[5.120s][info][gc,heap     ] GC(17)   Garbage:         -               193M (5%)          193M (5%)          193M (5%)             -                  -          
[5.120s][info][gc,heap     ] GC(17) Reclaimed:         -                  -                 0M (0%)            0M (0%)             -                  -          
[5.120s][info][gc          ] GC(17) Garbage Collection (Timer) 1844M(45%)->1844M(45%)
[5.391s][info][gc,start    ] GC(18) Garbage Collection (Timer)
[5.391s][info][gc,task     ] GC(18) Using 3 workers
[5.391s][info][gc,phases   ] GC(18) Pause Mark Start 0.006ms
[5.407s][info][gc,phases   ] GC(18) Concurrent Mark 15.687ms
[5.407s][info][gc,phases   ] GC(18) Pause Mark End 0.010ms
[5.407s][info][gc,phases   ] GC(18) Concurrent Mark Free 0.001ms
[5.408s][info][gc,phases   ] GC(18) Concurrent Process Non-Strong References 0.605ms
[5.408s][info][gc,phases   ] GC(18) Concurrent Reset Relocation Set 0.001ms
[5.410s][info][gc,phases   ] GC(18) Concurrent Select Relocation Set 2.080ms
[5.410s][info][gc,phases   ] GC(18) Pause Relocate Start 0.007ms
[5.411s][info][gc,phases   ] GC(18) Concurrent Relocate 0.814ms
[5.411s][info][gc,load     ] GC(18) Load: 0.00/0.00/0.00
[5.411s][info][gc,mmu      ] GC(18) MMU: 2ms/99.3%, 5ms/99.6%, 10ms/99.8%, 20ms/99.8%, 50ms/99.9%, 100ms/100.0%
[5.411s][info][gc,marking  ] GC(18) Mark: 2 stripe(s), 1 proactive flush(es), 1 terminate flush(es), 0 completion(s), 0 continuation(s) 
[5.411s][info][gc,marking  ] GC(18) Mark Stack Usage: 32M
[5.411s][info][gc,nmethod  ] GC(18) NMethods: 468 registered, 0 unregistered
[5.411s][info][gc,metaspace] GC(18) Metaspace: 1M used, 1M committed, 1088M reserved
[5.411s][info][gc,ref      ] GC(18) Soft: 181 encountered, 0 discovered, 0 enqueued
[5.411s][info][gc,ref      ] GC(18) Weak: 263 encountered, 152 discovered, 0 enqueued
[5.411s][info][gc,ref      ] GC(18) Final: 0 encountered, 0 discovered, 0 enqueued
[5.411s][info][gc,ref      ] GC(18) Phantom: 7 encountered, 5 discovered, 0 enqueued
[5.411s][info][gc,reloc    ] GC(18) Small Pages: 906 / 1812M, Empty: 0M, Relocated: 1M, In-Place: 0
[5.411s][info][gc,reloc    ] GC(18) Medium Pages: 1 / 32M, Empty: 0M, Relocated: 0M, In-Place: 0
[5.411s][info][gc,reloc    ] GC(18) Large Pages: 0 / 0M, Empty: 0M, Relocated: 0M, In-Place: 0
[5.411s][info][gc,reloc    ] GC(18) Forwarding Usage: 0M
[5.411s][info][gc,heap     ] GC(18) Min Capacity: 4096M(100%)
[5.411s][info][gc,heap     ] GC(18) Max Capacity: 4096M(100%)
[5.411s][info][gc,heap     ] GC(18) Soft Max Capacity: 4096M(100%)
[5.411s][info][gc,heap     ] GC(18)                Mark Start          Mark End        Relocate Start      Relocate End           High               Low         
[5.411s][info][gc,heap     ] GC(18)  Capacity:     4096M (100%)       4096M (100%)       4096M (100%)       4096M (100%)       4096M (100%)       4096M (100%)   
[5.411s][info][gc,heap     ] GC(18)      Free:     2252M (55%)        2252M (55%)        2252M (55%)        2252M (55%)        2252M (55%)        2246M (55%)    
[5.411s][info][gc,heap     ] GC(18)      Used:     1844M (45%)        1844M (45%)        1844M (45%)        1844M (45%)        1850M (45%)        1844M (45%)    
[5.411s][info][gc,heap     ] GC(18)      Live:         -              1650M (40%)        1650M (40%)        1650M (40%)            -                  -          
[5.411s][info][gc,heap     ] GC(18) Allocated:         -                 0M (0%)            0M (0%)            0M (0%)             -                  -          
[5.411s][info][gc,heap     ] GC(18)   Garbage:         -               193M (5%)          193M (5%)          193M (5%)             -                  -          
[5.411s][info][gc,heap     ] GC(18) Reclaimed:         -                  -                 0M (0%)            0M (0%)             -                  -          
[5.412s][info][gc          ] GC(18) Garbage Collection (Timer) 1844M(45%)->1844M(45%)
[5.691s][info][gc,start    ] GC(19) Garbage Collection (Timer)
[5.691s][info][gc,task     ] GC(19) Using 3 workers
[5.691s][info][gc,phases   ] GC(19) Pause Mark Start 0.006ms
[5.703s][info][gc,phases   ] GC(19) Concurrent Mark 11.722ms
[5.703s][info][gc,phases   ] GC(19) Pause Mark End 0.010ms
[5.703s][info][gc,phases   ] GC(19) Concurrent Mark Free 0.001ms
[5.704s][info][gc,phases   ] GC(19) Concurrent Process Non-Strong References 0.834ms
[5.704s][info][gc,phases   ] GC(19) Concurrent Reset Relocation Set 0.001ms
[5.707s][info][gc,phases   ] GC(19) Concurrent Select Relocation Set 2.264ms
[5.707s][info][gc,phases   ] GC(19) Pause Relocate Start 0.005ms
[5.708s][info][gc,phases   ] GC(19) Concurrent Relocate 0.879ms
[5.708s][info][gc,load     ] GC(19) Load: 0.00/0.00/0.00
[5.708s][info][gc,mmu      ] GC(19) MMU: 2ms/99.3%, 5ms/99.6%, 10ms/99.8%, 20ms/99.8%, 50ms/99.9%, 100ms/100.0%
[5.708s][info][gc,marking  ] GC(19) Mark: 2 stripe(s), 1 proactive flush(es), 1 terminate flush(es), 0 completion(s), 0 continuation(s) 
[5.708s][info][gc,marking  ] GC(19) Mark Stack Usage: 32M
[5.708s][info][gc,nmethod  ] GC(19) NMethods: 468 registered, 0 unregistered
[5.708s][info][gc,metaspace] GC(19) Metaspace: 1M used, 1M committed, 1088M reserved
[5.708s][info][gc,ref      ] GC(19) Soft: 181 encountered, 0 discovered, 0 enqueued
[5.708s][info][gc,ref      ] GC(19) Weak: 263 encountered, 149 discovered, 0 enqueued
[5.708s][info][gc,ref      ] GC(19) Final: 0 encountered, 0 discovered, 0 enqueued
[5.708s][info][gc,ref      ] GC(19) Phantom: 7 encountered, 5 discovered, 0 enqueued
[5.708s][info][gc,reloc    ] GC(19) Small Pages: 906 / 1812M, Empty: 0M, Relocated: 1M, In-Place: 0
[5.708s][info][gc,reloc    ] GC(19) Medium Pages: 1 / 32M, Empty: 0M, Relocated: 0M, In-Place: 0
[5.708s][info][gc,reloc    ] GC(19) Large Pages: 0 / 0M, Empty: 0M, Relocated: 0M, In-Place: 0
[5.708s][info][gc,reloc    ] GC(19) Forwarding Usage: 0M
[5.708s][info][gc,heap     ] GC(19) Min Capacity: 4096M(100%)
[5.708s][info][gc,heap     ] GC(19) Max Capacity: 4096M(100%)
[5.708s][info][gc,heap     ] GC(19) Soft Max Capacity: 4096M(100%)
[5.708s][info][gc,heap     ] GC(19)                Mark Start          Mark End        Relocate Start      Relocate End           High               Low         
[5.708s][info][gc,heap     ] GC(19)  Capacity:     4096M (100%)       4096M (100%)       4096M (100%)       4096M (100%)       4096M (100%)       4096M (100%)   
[5.708s][info][gc,heap     ] GC(19)      Free:     2252M (55%)        2252M (55%)        2252M (55%)        2252M (55%)        2252M (55%)        2246M (55%)    
[5.708s][info][gc,heap     ] GC(19)      Used:     1844M (45%)        1844M (45%)        1844M (45%)        1844M (45%)        1850M (45%)        1844M (45%)    
[5.708s][info][gc,heap     ] GC(19)      Live:         -              1650M (40%)        1650M (40%)        1650M (40%)            -                  -          
[5.708s][info][gc,heap     ] GC(19) Allocated:         -                 0M (0%)            0M (0%)            0M (0%)             -                  -          
[5.708s][info][gc,heap     ] GC(19)   Garbage:         -               193M (5%)          193M (5%)          193M (5%)             -                  -          
[5.708s][info][gc,heap     ] GC(19) Reclaimed:         -                  -                 0M (0%)            0M (0%)             -                  -          
[5.708s][info][gc          ] GC(19) Garbage Collection (Timer) 1844M(45%)->1844M(45%)
[5.990s][info][gc,start    ] GC(20) Garbage Collection (Timer)
[5.990s][info][gc,task     ] GC(20) Using 3 workers
[5.991s][info][gc,phases   ] GC(20) Pause Mark Start 0.006ms
[6.003s][info][gc,phases   ] GC(20) Concurrent Mark 12.557ms
[6.003s][info][gc,phases   ] GC(20) Pause Mark End 0.010ms
[6.004s][info][gc,phases   ] GC(20) Concurrent Mark Free 0.001ms
[6.004s][info][gc,phases   ] GC(20) Concurrent Process Non-Strong References 0.820ms
[6.005s][info][gc,phases   ] GC(20) Concurrent Reset Relocation Set 0.001ms
[6.007s][info][gc,phases   ] GC(20) Concurrent Select Relocation Set 2.290ms
[6.007s][info][gc,phases   ] GC(20) Pause Relocate Start 0.006ms
[6.008s][info][gc,phases   ] GC(20) Concurrent Relocate 0.996ms
[6.008s][info][gc,load     ] GC(20) Load: 0.00/0.00/0.00
[6.008s][info][gc,mmu      ] GC(20) MMU: 2ms/99.3%, 5ms/99.6%, 10ms/99.8%, 20ms/99.8%, 50ms/99.9%, 100ms/100.0%
[6.008s][info][gc,marking  ] GC(20) Mark: 2 stripe(s), 2 proactive flush(es), 1 terminate flush(es), 0 completion(s), 0 continuation(s) 
[6.008s][info][gc,marking  ] GC(20) Mark Stack Usage: 32M
[6.008s][info][gc,nmethod  ] GC(20) NMethods: 479 registered, 0 unregistered
[6.008s][info][gc,metaspace] GC(20) Metaspace: 1M used, 1M committed, 1088M reserved
[6.008s][info][gc,ref      ] GC(20) Soft: 181 encountered, 0 discovered, 0 enqueued
[6.008s][info][gc,ref      ] GC(20) Weak: 263 encountered, 144 discovered, 0 enqueued
[6.008s][info][gc,ref      ] GC(20) Final: 0 encountered, 0 discovered, 0 enqueued
[6.008s][info][gc,ref      ] GC(20) Phantom: 7 encountered, 4 discovered, 0 enqueued
[6.008s][info][gc,reloc    ] GC(20) Small Pages: 924 / 1848M, Empty: 0M, Relocated: 1M, In-Place: 0
[6.008s][info][gc,reloc    ] GC(20) Medium Pages: 1 / 32M, Empty: 0M, Relocated: 0M, In-Place: 0
[6.008s][info][gc,reloc    ] GC(20) Large Pages: 0 / 0M, Empty: 0M, Relocated: 0M, In-Place: 0
[6.009s][info][gc,reloc    ] GC(20) Forwarding Usage: 0M
[6.009s][info][gc,heap     ] GC(20) Min Capacity: 4096M(100%)
[6.009s][info][gc,heap     ] GC(20) Max Capacity: 4096M(100%)
[6.009s][info][gc,heap     ] GC(20) Soft Max Capacity: 4096M(100%)
[6.009s][info][gc,heap     ] GC(20)                Mark Start          Mark End        Relocate Start      Relocate End           High               Low         
[6.009s][info][gc,heap     ] GC(20)  Capacity:     4096M (100%)       4096M (100%)       4096M (100%)       4096M (100%)       4096M (100%)       4096M (100%)   
[6.009s][info][gc,heap     ] GC(20)      Free:     2216M (54%)        2210M (54%)        2210M (54%)        2210M (54%)        2216M (54%)        2204M (54%)    
[6.009s][info][gc,heap     ] GC(20)      Used:     1880M (46%)        1886M (46%)        1886M (46%)        1886M (46%)        1892M (46%)        1880M (46%)    
[6.009s][info][gc,heap     ] GC(20)      Live:         -              1683M (41%)        1683M (41%)        1683M (41%)            -                  -          
[6.009s][info][gc,heap     ] GC(20) Allocated:         -                 6M (0%)            6M (0%)            6M (0%)             -                  -          
[6.009s][info][gc,heap     ] GC(20)   Garbage:         -               196M (5%)          196M (5%)          196M (5%)             -                  -          
[6.009s][info][gc,heap     ] GC(20) Reclaimed:         -                  -                 0M (0%)            0M (0%)             -                  -          
[6.009s][info][gc          ] GC(20) Garbage Collection (Timer) 1880M(46%)->1886M(46%)
[6.292s][info][gc,start    ] GC(21) Garbage Collection (Timer)
[6.292s][info][gc,task     ] GC(21) Using 3 workers
[6.292s][info][gc,phases   ] GC(21) Pause Mark Start 0.006ms
[6.310s][info][gc,phases   ] GC(21) Concurrent Mark 17.702ms
[6.310s][info][gc,phases   ] GC(21) Pause Mark End 0.010ms
[6.310s][info][gc,phases   ] GC(21) Concurrent Mark Free 0.001ms
[6.311s][info][gc,phases   ] GC(21) Concurrent Process Non-Strong References 0.819ms
[6.311s][info][gc,phases   ] GC(21) Concurrent Reset Relocation Set 0.001ms
[6.313s][info][gc,phases   ] GC(21) Concurrent Select Relocation Set 2.191ms
[6.314s][info][gc,phases   ] GC(21) Pause Relocate Start 0.005ms
[6.314s][info][gc,phases   ] GC(21) Concurrent Relocate 0.844ms
[6.315s][info][gc,load     ] GC(21) Load: 0.00/0.00/0.00
[6.315s][info][gc,mmu      ] GC(21) MMU: 2ms/99.3%, 5ms/99.6%, 10ms/99.8%, 20ms/99.8%, 50ms/99.9%, 100ms/100.0%
[6.315s][info][gc,marking  ] GC(21) Mark: 2 stripe(s), 2 proactive flush(es), 1 terminate flush(es), 0 completion(s), 0 continuation(s) 
[6.315s][info][gc,marking  ] GC(21) Mark Stack Usage: 32M
[6.315s][info][gc,nmethod  ] GC(21) NMethods: 480 registered, 0 unregistered
[6.315s][info][gc,metaspace] GC(21) Metaspace: 1M used, 1M committed, 1088M reserved
[6.315s][info][gc,ref      ] GC(21) Soft: 181 encountered, 0 discovered, 0 enqueued
[6.315s][info][gc,ref      ] GC(21) Weak: 263 encountered, 145 discovered, 0 enqueued
[6.315s][info][gc,ref      ] GC(21) Final: 0 encountered, 0 discovered, 0 enqueued
[6.315s][info][gc,ref      ] GC(21) Phantom: 7 encountered, 3 discovered, 0 enqueued
[6.315s][info][gc,reloc    ] GC(21) Small Pages: 1002 / 2004M, Empty: 0M, Relocated: 1M, In-Place: 0
[6.315s][info][gc,reloc    ] GC(21) Medium Pages: 1 / 32M, Empty: 0M, Relocated: 0M, In-Place: 0
[6.315s][info][gc,reloc    ] GC(21) Large Pages: 0 / 0M, Empty: 0M, Relocated: 0M, In-Place: 0
[6.315s][info][gc,reloc    ] GC(21) Forwarding Usage: 0M
[6.315s][info][gc,heap     ] GC(21) Min Capacity: 4096M(100%)
[6.315s][info][gc,heap     ] GC(21) Max Capacity: 4096M(100%)
[6.315s][info][gc,heap     ] GC(21) Soft Max Capacity: 4096M(100%)
[6.315s][info][gc,heap     ] GC(21)                Mark Start          Mark End        Relocate Start      Relocate End           High               Low         
[6.315s][info][gc,heap     ] GC(21)  Capacity:     4096M (100%)       4096M (100%)       4096M (100%)       4096M (100%)       4096M (100%)       4096M (100%)   
[6.315s][info][gc,heap     ] GC(21)      Free:     2060M (50%)        2058M (50%)        2054M (50%)        2056M (50%)        2060M (50%)        2050M (50%)    
[6.315s][info][gc,heap     ] GC(21)      Used:     2036M (50%)        2038M (50%)        2042M (50%)        2040M (50%)        2046M (50%)        2036M (50%)    
[6.315s][info][gc,heap     ] GC(21)      Live:         -              1824M (45%)        1824M (45%)        1824M (45%)            -                  -          
[6.315s][info][gc,heap     ] GC(21) Allocated:         -                 2M (0%)            6M (0%)            6M (0%)             -                  -          
[6.315s][info][gc,heap     ] GC(21)   Garbage:         -               211M (5%)          211M (5%)          209M (5%)             -                  -          
[6.315s][info][gc,heap     ] GC(21) Reclaimed:         -                  -                 0M (0%)            2M (0%)             -                  -          
[6.315s][info][gc          ] GC(21) Garbage Collection (Timer) 2036M(50%)->2040M(50%)
[6.591s][info][gc,start    ] GC(22) Garbage Collection (Timer)
[6.591s][info][gc,task     ] GC(22) Using 3 workers
[6.592s][info][gc,phases   ] GC(22) Pause Mark Start 0.006ms
[6.611s][info][gc,phases   ] GC(22) Concurrent Mark 19.182ms
[6.611s][info][gc,phases   ] GC(22) Pause Mark End 0.010ms
[6.611s][info][gc,phases   ] GC(22) Concurrent Mark Free 0.001ms
[6.612s][info][gc,phases   ] GC(22) Concurrent Process Non-Strong References 0.918ms
[6.612s][info][gc,phases   ] GC(22) Concurrent Reset Relocation Set 0.001ms
[6.615s][info][gc,phases   ] GC(22) Concurrent Select Relocation Set 2.518ms
[6.615s][info][gc,phases   ] GC(22) Pause Relocate Start 0.006ms
[6.617s][info][gc,phases   ] GC(22) Concurrent Relocate 1.493ms
[6.617s][info][gc,load     ] GC(22) Load: 0.00/0.00/0.00
[6.617s][info][gc,mmu      ] GC(22) MMU: 2ms/99.3%, 5ms/99.6%, 10ms/99.8%, 20ms/99.8%, 50ms/99.9%, 100ms/100.0%
[6.617s][info][gc,marking  ] GC(22) Mark: 2 stripe(s), 2 proactive flush(es), 1 terminate flush(es), 0 completion(s), 0 continuation(s) 
[6.617s][info][gc,marking  ] GC(22) Mark Stack Usage: 32M
[6.617s][info][gc,nmethod  ] GC(22) NMethods: 480 registered, 0 unregistered
[6.617s][info][gc,metaspace] GC(22) Metaspace: 1M used, 1M committed, 1088M reserved
[6.617s][info][gc,ref      ] GC(22) Soft: 181 encountered, 0 discovered, 0 enqueued
[6.617s][info][gc,ref      ] GC(22) Weak: 263 encountered, 144 discovered, 0 enqueued
[6.617s][info][gc,ref      ] GC(22) Final: 0 encountered, 0 discovered, 0 enqueued
[6.617s][info][gc,ref      ] GC(22) Phantom: 7 encountered, 4 discovered, 0 enqueued
[6.617s][info][gc,reloc    ] GC(22) Small Pages: 1070 / 2140M, Empty: 0M, Relocated: 3M, In-Place: 0
[6.617s][info][gc,reloc    ] GC(22) Medium Pages: 1 / 32M, Empty: 0M, Relocated: 0M, In-Place: 0
[6.617s][info][gc,reloc    ] GC(22) Large Pages: 0 / 0M, Empty: 0M, Relocated: 0M, In-Place: 0
[6.617s][info][gc,reloc    ] GC(22) Forwarding Usage: 0M
[6.617s][info][gc,heap     ] GC(22) Min Capacity: 4096M(100%)
[6.617s][info][gc,heap     ] GC(22) Max Capacity: 4096M(100%)
[6.617s][info][gc,heap     ] GC(22) Soft Max Capacity: 4096M(100%)
[6.617s][info][gc,heap     ] GC(22)                Mark Start          Mark End        Relocate Start      Relocate End           High               Low         
[6.617s][info][gc,heap     ] GC(22)  Capacity:     4096M (100%)       4096M (100%)       4096M (100%)       4096M (100%)       4096M (100%)       4096M (100%)   
[6.617s][info][gc,heap     ] GC(22)      Free:     1924M (47%)        1920M (47%)        1886M (46%)        1890M (46%)        1924M (47%)        1880M (46%)    
[6.617s][info][gc,heap     ] GC(22)      Used:     2172M (53%)        2176M (53%)        2210M (54%)        2206M (54%)        2216M (54%)        2172M (53%)    
[6.617s][info][gc,heap     ] GC(22)      Live:         -              1949M (48%)        1949M (48%)        1949M (48%)            -                  -          
[6.617s][info][gc,heap     ] GC(22) Allocated:         -                 4M (0%)           38M (1%)           37M (1%)             -                  -          
[6.617s][info][gc,heap     ] GC(22)   Garbage:         -               222M (5%)          222M (5%)          218M (5%)             -                  -          
[6.617s][info][gc,heap     ] GC(22) Reclaimed:         -                  -                 0M (0%)            3M (0%)             -                  -          
[6.617s][info][gc          ] GC(22) Garbage Collection (Timer) 2172M(53%)->2206M(54%)
[6.891s][info][gc,start    ] GC(23) Garbage Collection (Timer)
[6.891s][info][gc,task     ] GC(23) Using 3 workers
[6.891s][info][gc,phases   ] GC(23) Pause Mark Start 0.006ms
[6.913s][info][gc,phases   ] GC(23) Concurrent Mark 22.161ms
[6.913s][info][gc,phases   ] GC(23) Pause Mark End 0.009ms
[6.914s][info][gc,phases   ] GC(23) Concurrent Mark Free 0.001ms
[6.915s][info][gc,phases   ] GC(23) Concurrent Process Non-Strong References 0.951ms
[6.915s][info][gc,phases   ] GC(23) Concurrent Reset Relocation Set 0.001ms
[6.917s][info][gc,phases   ] GC(23) Concurrent Select Relocation Set 2.443ms
[6.917s][info][gc,phases   ] GC(23) Pause Relocate Start 0.006ms
[6.919s][info][gc,phases   ] GC(23) Concurrent Relocate 1.232ms
[6.919s][info][gc,load     ] GC(23) Load: 0.00/0.00/0.00
[6.919s][info][gc,mmu      ] GC(23) MMU: 2ms/99.3%, 5ms/99.6%, 10ms/99.8%, 20ms/99.8%, 50ms/99.9%, 100ms/100.0%
[6.919s][info][gc,marking  ] GC(23) Mark: 2 stripe(s), 2 proactive flush(es), 1 terminate flush(es), 0 completion(s), 0 continuation(s) 
[6.919s][info][gc,marking  ] GC(23) Mark Stack Usage: 32M
[6.919s][info][gc,nmethod  ] GC(23) NMethods: 480 registered, 0 unregistered
[6.919s][info][gc,metaspace] GC(23) Metaspace: 1M used, 1M committed, 1088M reserved
[6.919s][info][gc,ref      ] GC(23) Soft: 181 encountered, 0 discovered, 0 enqueued
[6.919s][info][gc,ref      ] GC(23) Weak: 263 encountered, 147 discovered, 0 enqueued
[6.919s][info][gc,ref      ] GC(23) Final: 0 encountered, 0 discovered, 0 enqueued
[6.919s][info][gc,ref      ] GC(23) Phantom: 7 encountered, 3 discovered, 0 enqueued
[6.919s][info][gc,reloc    ] GC(23) Small Pages: 1141 / 2282M, Empty: 0M, Relocated: 3M, In-Place: 0
[6.919s][info][gc,reloc    ] GC(23) Medium Pages: 2 / 64M, Empty: 32M, Relocated: 0M, In-Place: 0
[6.919s][info][gc,reloc    ] GC(23) Large Pages: 0 / 0M, Empty: 0M, Relocated: 0M, In-Place: 0
[6.919s][info][gc,reloc    ] GC(23) Forwarding Usage: 0M
[6.919s][info][gc,heap     ] GC(23) Min Capacity: 4096M(100%)
[6.919s][info][gc,heap     ] GC(23) Max Capacity: 4096M(100%)
[6.919s][info][gc,heap     ] GC(23) Soft Max Capacity: 4096M(100%)
[6.919s][info][gc,heap     ] GC(23)                Mark Start          Mark End        Relocate Start      Relocate End           High               Low         
[6.919s][info][gc,heap     ] GC(23)  Capacity:     4096M (100%)       4096M (100%)       4096M (100%)       4096M (100%)       4096M (100%)       4096M (100%)   
[6.919s][info][gc,heap     ] GC(23)      Free:     1750M (43%)        1744M (43%)        1774M (43%)        1774M (43%)        1774M (43%)        1742M (43%)    
[6.919s][info][gc,heap     ] GC(23)      Used:     2346M (57%)        2352M (57%)        2322M (57%)        2322M (57%)        2354M (57%)        2322M (57%)    
[6.919s][info][gc,heap     ] GC(23)      Live:         -              2082M (51%)        2082M (51%)        2082M (51%)            -                  -          
[6.919s][info][gc,heap     ] GC(23) Allocated:         -                 6M (0%)            8M (0%)            8M (0%)             -                  -          
[6.919s][info][gc,heap     ] GC(23)   Garbage:         -               263M (6%)          231M (6%)          231M (6%)             -                  -          
[6.919s][info][gc,heap     ] GC(23) Reclaimed:         -                  -                32M (1%)           32M (1%)             -                  -          
[6.919s][info][gc          ] GC(23) Garbage Collection (Timer) 2346M(57%)->2322M(57%)
[7.191s][info][gc,start    ] GC(24) Garbage Collection (Timer)
[7.191s][info][gc,task     ] GC(24) Using 3 workers
[7.191s][info][gc,phases   ] GC(24) Pause Mark Start 0.006ms
[7.216s][info][gc,phases   ] GC(24) Concurrent Mark 24.764ms
[7.216s][info][gc,phases   ] GC(24) Pause Mark End 0.010ms
[7.216s][info][gc,phases   ] GC(24) Concurrent Mark Free 0.001ms
[7.217s][info][gc,phases   ] GC(24) Concurrent Process Non-Strong References 0.821ms
[7.217s][info][gc,phases   ] GC(24) Concurrent Reset Relocation Set 0.001ms
[7.219s][info][gc,phases   ] GC(24) Concurrent Select Relocation Set 2.145ms
[7.220s][info][gc,phases   ] GC(24) Pause Relocate Start 0.004ms
[7.220s][info][gc,phases   ] GC(24) Concurrent Relocate 0.805ms
[7.220s][info][gc,load     ] GC(24) Load: 0.00/0.00/0.00
[7.220s][info][gc,mmu      ] GC(24) MMU: 2ms/99.3%, 5ms/99.6%, 10ms/99.8%, 20ms/99.8%, 50ms/99.9%, 100ms/100.0%
[7.221s][info][gc,marking  ] GC(24) Mark: 2 stripe(s), 3 proactive flush(es), 1 terminate flush(es), 0 completion(s), 0 continuation(s) 
[7.221s][info][gc,marking  ] GC(24) Mark Stack Usage: 32M
[7.221s][info][gc,nmethod  ] GC(24) NMethods: 480 registered, 0 unregistered
[7.221s][info][gc,metaspace] GC(24) Metaspace: 1M used, 1M committed, 1088M reserved
[7.221s][info][gc,ref      ] GC(24) Soft: 181 encountered, 0 discovered, 0 enqueued
[7.221s][info][gc,ref      ] GC(24) Weak: 263 encountered, 145 discovered, 0 enqueued
[7.221s][info][gc,ref      ] GC(24) Final: 0 encountered, 0 discovered, 0 enqueued
[7.221s][info][gc,ref      ] GC(24) Phantom: 7 encountered, 5 discovered, 0 enqueued
[7.221s][info][gc,reloc    ] GC(24) Small Pages: 1203 / 2406M, Empty: 0M, Relocated: 1M, In-Place: 0
[7.221s][info][gc,reloc    ] GC(24) Medium Pages: 1 / 32M, Empty: 0M, Relocated: 0M, In-Place: 0
[7.221s][info][gc,reloc    ] GC(24) Large Pages: 0 / 0M, Empty: 0M, Relocated: 0M, In-Place: 0
[7.221s][info][gc,reloc    ] GC(24) Forwarding Usage: 0M
[7.221s][info][gc,heap     ] GC(24) Min Capacity: 4096M(100%)
[7.221s][info][gc,heap     ] GC(24) Max Capacity: 4096M(100%)
[7.221s][info][gc,heap     ] GC(24) Soft Max Capacity: 4096M(100%)
[7.221s][info][gc,heap     ] GC(24)                Mark Start          Mark End        Relocate Start      Relocate End           High               Low         
[7.221s][info][gc,heap     ] GC(24)  Capacity:     4096M (100%)       4096M (100%)       4096M (100%)       4096M (100%)       4096M (100%)       4096M (100%)   
[7.221s][info][gc,heap     ] GC(24)      Free:     1658M (40%)        1658M (40%)        1658M (40%)        1658M (40%)        1658M (40%)        1654M (40%)    
[7.221s][info][gc,heap     ] GC(24)      Used:     2438M (60%)        2438M (60%)        2438M (60%)        2438M (60%)        2442M (60%)        2438M (60%)    
[7.221s][info][gc,heap     ] GC(24)      Live:         -              2194M (54%)        2194M (54%)        2194M (54%)            -                  -          
[7.221s][info][gc,heap     ] GC(24) Allocated:         -                 0M (0%)            0M (0%)            0M (0%)             -                  -          
[7.221s][info][gc,heap     ] GC(24)   Garbage:         -               243M (6%)          243M (6%)          243M (6%)             -                  -          
[7.221s][info][gc,heap     ] GC(24) Reclaimed:         -                  -                 0M (0%)            0M (0%)             -                  -          
[7.221s][info][gc          ] GC(24) Garbage Collection (Timer) 2438M(60%)->2438M(60%)
[7.491s][info][gc,start    ] GC(25) Garbage Collection (Timer)
[7.491s][info][gc,task     ] GC(25) Using 3 workers
[7.491s][info][gc,phases   ] GC(25) Pause Mark Start 0.006ms
[7.511s][info][gc,phases   ] GC(25) Concurrent Mark 19.882ms
[7.511s][info][gc,phases   ] GC(25) Pause Mark End 0.010ms
[7.512s][info][gc,phases   ] GC(25) Concurrent Mark Free 0.001ms
[7.512s][info][gc,phases   ] GC(25) Concurrent Process Non-Strong References 0.806ms
[7.512s][info][gc,phases   ] GC(25) Concurrent Reset Relocation Set 0.001ms
[7.515s][info][gc,phases   ] GC(25) Concurrent Select Relocation Set 2.151ms
[7.515s][info][gc,phases   ] GC(25) Pause Relocate Start 0.005ms
[7.515s][info][gc,phases   ] GC(25) Concurrent Relocate 0.231ms
[7.515s][info][gc,load     ] GC(25) Load: 0.00/0.00/0.00
[7.515s][info][gc,mmu      ] GC(25) MMU: 2ms/99.3%, 5ms/99.6%, 10ms/99.8%, 20ms/99.8%, 50ms/99.9%, 100ms/100.0%
[7.515s][info][gc,marking  ] GC(25) Mark: 2 stripe(s), 1 proactive flush(es), 1 terminate flush(es), 0 completion(s), 0 continuation(s) 
[7.515s][info][gc,marking  ] GC(25) Mark Stack Usage: 32M
[7.515s][info][gc,nmethod  ] GC(25) NMethods: 480 registered, 0 unregistered
[7.515s][info][gc,metaspace] GC(25) Metaspace: 1M used, 1M committed, 1088M reserved
[7.515s][info][gc,ref      ] GC(25) Soft: 181 encountered, 0 discovered, 0 enqueued
[7.515s][info][gc,ref      ] GC(25) Weak: 263 encountered, 146 discovered, 0 enqueued
[7.515s][info][gc,ref      ] GC(25) Final: 0 encountered, 0 discovered, 0 enqueued
[7.515s][info][gc,ref      ] GC(25) Phantom: 7 encountered, 5 discovered, 0 enqueued
[7.515s][info][gc,reloc    ] GC(25) Small Pages: 1203 / 2406M, Empty: 0M, Relocated: 1M, In-Place: 0
[7.515s][info][gc,reloc    ] GC(25) Medium Pages: 1 / 32M, Empty: 0M, Relocated: 0M, In-Place: 0
[7.515s][info][gc,reloc    ] GC(25) Large Pages: 0 / 0M, Empty: 0M, Relocated: 0M, In-Place: 0
[7.515s][info][gc,reloc    ] GC(25) Forwarding Usage: 0M
[7.515s][info][gc,heap     ] GC(25) Min Capacity: 4096M(100%)
[7.515s][info][gc,heap     ] GC(25) Max Capacity: 4096M(100%)
[7.516s][info][gc,heap     ] GC(25) Soft Max Capacity: 4096M(100%)
[7.516s][info][gc,heap     ] GC(25)                Mark Start          Mark End        Relocate Start      Relocate End           High               Low         
[7.516s][info][gc,heap     ] GC(25)  Capacity:     4096M (100%)       4096M (100%)       4096M (100%)       4096M (100%)       4096M (100%)       4096M (100%)   
[7.516s][info][gc,heap     ] GC(25)      Free:     1658M (40%)        1658M (40%)        1658M (40%)        1658M (40%)        1658M (40%)        1654M (40%)    
[7.516s][info][gc,heap     ] GC(25)      Used:     2438M (60%)        2438M (60%)        2438M (60%)        2438M (60%)        2442M (60%)        2438M (60%)    
[7.516s][info][gc,heap     ] GC(25)      Live:         -              2194M (54%)        2194M (54%)        2194M (54%)            -                  -          
[7.516s][info][gc,heap     ] GC(25) Allocated:         -                 0M (0%)            0M (0%)            0M (0%)             -                  -          
[7.516s][info][gc,heap     ] GC(25)   Garbage:         -               243M (6%)          243M (6%)          243M (6%)             -                  -          
[7.516s][info][gc,heap     ] GC(25) Reclaimed:         -                  -                 0M (0%)            0M (0%)             -                  -          
[7.516s][info][gc          ] GC(25) Garbage Collection (Timer) 2438M(60%)->2438M(60%)
[7.791s][info][gc,start    ] GC(26) Garbage Collection (Timer)
[7.791s][info][gc,task     ] GC(26) Using 3 workers
[7.791s][info][gc,phases   ] GC(26) Pause Mark Start 0.006ms
[7.807s][info][gc,phases   ] GC(26) Concurrent Mark 16.002ms
[7.807s][info][gc,phases   ] GC(26) Pause Mark End 0.011ms
[7.807s][info][gc,phases   ] GC(26) Concurrent Mark Free 0.001ms
[7.808s][info][gc,phases   ] GC(26) Concurrent Process Non-Strong References 0.793ms
[7.808s][info][gc,phases   ] GC(26) Concurrent Reset Relocation Set 0.001ms
[7.810s][info][gc,phases   ] GC(26) Concurrent Select Relocation Set 2.105ms
[7.810s][info][gc,phases   ] GC(26) Pause Relocate Start 0.005ms
[7.811s][info][gc,phases   ] GC(26) Concurrent Relocate 0.200ms
[7.811s][info][gc,load     ] GC(26) Load: 0.00/0.00/0.00
[7.811s][info][gc,mmu      ] GC(26) MMU: 2ms/99.3%, 5ms/99.6%, 10ms/99.8%, 20ms/99.8%, 50ms/99.9%, 100ms/100.0%
[7.811s][info][gc,marking  ] GC(26) Mark: 2 stripe(s), 7 proactive flush(es), 1 terminate flush(es), 0 completion(s), 0 continuation(s) 
[7.811s][info][gc,marking  ] GC(26) Mark Stack Usage: 32M
[7.811s][info][gc,nmethod  ] GC(26) NMethods: 480 registered, 0 unregistered
[7.811s][info][gc,metaspace] GC(26) Metaspace: 1M used, 1M committed, 1088M reserved
[7.811s][info][gc,ref      ] GC(26) Soft: 181 encountered, 0 discovered, 0 enqueued
[7.811s][info][gc,ref      ] GC(26) Weak: 263 encountered, 147 discovered, 0 enqueued
[7.811s][info][gc,ref      ] GC(26) Final: 0 encountered, 0 discovered, 0 enqueued
[7.811s][info][gc,ref      ] GC(26) Phantom: 7 encountered, 5 discovered, 0 enqueued
[7.811s][info][gc,reloc    ] GC(26) Small Pages: 1203 / 2406M, Empty: 0M, Relocated: 1M, In-Place: 0
[7.811s][info][gc,reloc    ] GC(26) Medium Pages: 1 / 32M, Empty: 0M, Relocated: 0M, In-Place: 0
[7.811s][info][gc,reloc    ] GC(26) Large Pages: 0 / 0M, Empty: 0M, Relocated: 0M, In-Place: 0
[7.811s][info][gc,reloc    ] GC(26) Forwarding Usage: 0M
[7.811s][info][gc,heap     ] GC(26) Min Capacity: 4096M(100%)
[7.811s][info][gc,heap     ] GC(26) Max Capacity: 4096M(100%)
[7.811s][info][gc,heap     ] GC(26) Soft Max Capacity: 4096M(100%)
[7.811s][info][gc,heap     ] GC(26)                Mark Start          Mark End        Relocate Start      Relocate End           High               Low         
[7.811s][info][gc,heap     ] GC(26)  Capacity:     4096M (100%)       4096M (100%)       4096M (100%)       4096M (100%)       4096M (100%)       4096M (100%)   
[7.811s][info][gc,heap     ] GC(26)      Free:     1658M (40%)        1658M (40%)        1658M (40%)        1658M (40%)        1658M (40%)        1654M (40%)    
[7.811s][info][gc,heap     ] GC(26)      Used:     2438M (60%)        2438M (60%)        2438M (60%)        2438M (60%)        2442M (60%)        2438M (60%)    
[7.811s][info][gc,heap     ] GC(26)      Live:         -              2194M (54%)        2194M (54%)        2194M (54%)            -                  -          
[7.811s][info][gc,heap     ] GC(26) Allocated:         -                 0M (0%)            0M (0%)            0M (0%)             -                  -          
[7.811s][info][gc,heap     ] GC(26)   Garbage:         -               243M (6%)          243M (6%)          243M (6%)             -                  -          
[7.811s][info][gc,heap     ] GC(26) Reclaimed:         -                  -                 0M (0%)            0M (0%)             -                  -          
[7.811s][info][gc          ] GC(26) Garbage Collection (Timer) 2438M(60%)->2438M(60%)
[8.092s][info][gc,start    ] GC(27) Garbage Collection (Timer)
[8.092s][info][gc,task     ] GC(27) Using 3 workers
[8.092s][info][gc,phases   ] GC(27) Pause Mark Start 0.006ms
[8.106s][info][gc,phases   ] GC(27) Concurrent Mark 14.248ms
[8.106s][info][gc,phases   ] GC(27) Pause Mark End 0.009ms
[8.107s][info][gc,phases   ] GC(27) Concurrent Mark Free 0.001ms
[8.107s][info][gc,phases   ] GC(27) Concurrent Process Non-Strong References 0.786ms
[8.107s][info][gc,phases   ] GC(27) Concurrent Reset Relocation Set 0.001ms
[8.110s][info][gc,phases   ] GC(27) Concurrent Select Relocation Set 2.094ms
[8.110s][info][gc,phases   ] GC(27) Pause Relocate Start 0.004ms
[8.110s][info][gc,phases   ] GC(27) Concurrent Relocate 0.216ms
[8.110s][info][gc,load     ] GC(27) Load: 0.00/0.00/0.00
[8.110s][info][gc,mmu      ] GC(27) MMU: 2ms/99.3%, 5ms/99.6%, 10ms/99.8%, 20ms/99.8%, 50ms/99.9%, 100ms/100.0%
[8.110s][info][gc,marking  ] GC(27) Mark: 2 stripe(s), 1 proactive flush(es), 1 terminate flush(es), 0 completion(s), 0 continuation(s) 
[8.110s][info][gc,marking  ] GC(27) Mark Stack Usage: 32M
[8.110s][info][gc,nmethod  ] GC(27) NMethods: 480 registered, 0 unregistered
[8.110s][info][gc,metaspace] GC(27) Metaspace: 1M used, 1M committed, 1088M reserved
[8.110s][info][gc,ref      ] GC(27) Soft: 181 encountered, 0 discovered, 0 enqueued
[8.110s][info][gc,ref      ] GC(27) Weak: 263 encountered, 148 discovered, 0 enqueued
[8.110s][info][gc,ref      ] GC(27) Final: 0 encountered, 0 discovered, 0 enqueued
[8.110s][info][gc,ref      ] GC(27) Phantom: 7 encountered, 5 discovered, 0 enqueued
[8.110s][info][gc,reloc    ] GC(27) Small Pages: 1203 / 2406M, Empty: 0M, Relocated: 1M, In-Place: 0
[8.110s][info][gc,reloc    ] GC(27) Medium Pages: 1 / 32M, Empty: 0M, Relocated: 0M, In-Place: 0
[8.110s][info][gc,reloc    ] GC(27) Large Pages: 0 / 0M, Empty: 0M, Relocated: 0M, In-Place: 0
[8.110s][info][gc,reloc    ] GC(27) Forwarding Usage: 0M
[8.110s][info][gc,heap     ] GC(27) Min Capacity: 4096M(100%)
[8.110s][info][gc,heap     ] GC(27) Max Capacity: 4096M(100%)
[8.110s][info][gc,heap     ] GC(27) Soft Max Capacity: 4096M(100%)
[8.110s][info][gc,heap     ] GC(27)                Mark Start          Mark End        Relocate Start      Relocate End           High               Low         
[8.110s][info][gc,heap     ] GC(27)  Capacity:     4096M (100%)       4096M (100%)       4096M (100%)       4096M (100%)       4096M (100%)       4096M (100%)   
[8.110s][info][gc,heap     ] GC(27)      Free:     1658M (40%)        1658M (40%)        1658M (40%)        1658M (40%)        1658M (40%)        1654M (40%)    
[8.111s][info][gc,heap     ] GC(27)      Used:     2438M (60%)        2438M (60%)        2438M (60%)        2438M (60%)        2442M (60%)        2438M (60%)    
[8.111s][info][gc,heap     ] GC(27)      Live:         -              2194M (54%)        2194M (54%)        2194M (54%)            -                  -          
[8.111s][info][gc,heap     ] GC(27) Allocated:         -                 0M (0%)            0M (0%)            0M (0%)             -                  -          
[8.111s][info][gc,heap     ] GC(27)   Garbage:         -               243M (6%)          243M (6%)          243M (6%)             -                  -          
[8.111s][info][gc,heap     ] GC(27) Reclaimed:         -                  -                 0M (0%)            0M (0%)             -                  -          
[8.111s][info][gc          ] GC(27) Garbage Collection (Timer) 2438M(60%)->2438M(60%)
[8.391s][info][gc,start    ] GC(28) Garbage Collection (Timer)
[8.391s][info][gc,task     ] GC(28) Using 3 workers
[8.391s][info][gc,phases   ] GC(28) Pause Mark Start 0.006ms
[8.410s][info][gc,phases   ] GC(28) Concurrent Mark 19.005ms
[8.410s][info][gc,phases   ] GC(28) Pause Mark End 0.010ms
[8.410s][info][gc,phases   ] GC(28) Concurrent Mark Free 0.001ms
[8.411s][info][gc,phases   ] GC(28) Concurrent Process Non-Strong References 0.823ms
[8.411s][info][gc,phases   ] GC(28) Concurrent Reset Relocation Set 0.001ms
[8.413s][info][gc,phases   ] GC(28) Concurrent Select Relocation Set 2.300ms
[8.413s][info][gc,phases   ] GC(28) Pause Relocate Start 0.006ms
[8.415s][info][gc,phases   ] GC(28) Concurrent Relocate 1.165ms
[8.415s][info][gc,load     ] GC(28) Load: 0.00/0.00/0.00
[8.415s][info][gc,mmu      ] GC(28) MMU: 2ms/99.3%, 5ms/99.6%, 10ms/99.8%, 20ms/99.8%, 50ms/99.9%, 100ms/100.0%
[8.415s][info][gc,marking  ] GC(28) Mark: 2 stripe(s), 2 proactive flush(es), 1 terminate flush(es), 0 completion(s), 0 continuation(s) 
[8.415s][info][gc,marking  ] GC(28) Mark Stack Usage: 32M
[8.415s][info][gc,nmethod  ] GC(28) NMethods: 487 registered, 0 unregistered
[8.415s][info][gc,metaspace] GC(28) Metaspace: 1M used, 1M committed, 1088M reserved
[8.415s][info][gc,ref      ] GC(28) Soft: 181 encountered, 0 discovered, 0 enqueued
[8.415s][info][gc,ref      ] GC(28) Weak: 263 encountered, 143 discovered, 0 enqueued
[8.415s][info][gc,ref      ] GC(28) Final: 0 encountered, 0 discovered, 0 enqueued
[8.415s][info][gc,ref      ] GC(28) Phantom: 7 encountered, 4 discovered, 0 enqueued
[8.415s][info][gc,reloc    ] GC(28) Small Pages: 1251 / 2502M, Empty: 0M, Relocated: 3M, In-Place: 0
[8.415s][info][gc,reloc    ] GC(28) Medium Pages: 1 / 32M, Empty: 0M, Relocated: 0M, In-Place: 0
[8.415s][info][gc,reloc    ] GC(28) Large Pages: 0 / 0M, Empty: 0M, Relocated: 0M, In-Place: 0
[8.415s][info][gc,reloc    ] GC(28) Forwarding Usage: 0M
[8.415s][info][gc,heap     ] GC(28) Min Capacity: 4096M(100%)
[8.415s][info][gc,heap     ] GC(28) Max Capacity: 4096M(100%)
[8.415s][info][gc,heap     ] GC(28) Soft Max Capacity: 4096M(100%)
[8.415s][info][gc,heap     ] GC(28)                Mark Start          Mark End        Relocate Start      Relocate End           High               Low         
[8.415s][info][gc,heap     ] GC(28)  Capacity:     4096M (100%)       4096M (100%)       4096M (100%)       4096M (100%)       4096M (100%)       4096M (100%)   
[8.415s][info][gc,heap     ] GC(28)      Free:     1562M (38%)        1556M (38%)        1554M (38%)        1558M (38%)        1562M (38%)        1550M (38%)    
[8.415s][info][gc,heap     ] GC(28)      Used:     2534M (62%)        2540M (62%)        2542M (62%)        2538M (62%)        2546M (62%)        2534M (62%)    
[8.415s][info][gc,heap     ] GC(28)      Live:         -              2278M (56%)        2278M (56%)        2278M (56%)            -                  -          
[8.415s][info][gc,heap     ] GC(28) Allocated:         -                 6M (0%)            8M (0%)            7M (0%)             -                  -          
[8.415s][info][gc,heap     ] GC(28)   Garbage:         -               255M (6%)          255M (6%)          251M (6%)             -                  -          
[8.416s][info][gc,heap     ] GC(28) Reclaimed:         -                  -                 0M (0%)            3M (0%)             -                  -          
[8.416s][info][gc          ] GC(28) Garbage Collection (Timer) 2534M(62%)->2538M(62%)
[8.692s][info][gc,start    ] GC(29) Garbage Collection (Timer)
[8.692s][info][gc,task     ] GC(29) Using 3 workers
[8.692s][info][gc,phases   ] GC(29) Pause Mark Start 0.006ms
[8.713s][info][gc,phases   ] GC(29) Concurrent Mark 20.857ms
[8.713s][info][gc,phases   ] GC(29) Pause Mark End 0.010ms
[8.713s][info][gc,phases   ] GC(29) Concurrent Mark Free 0.001ms
[8.714s][info][gc,phases   ] GC(29) Concurrent Process Non-Strong References 0.662ms
[8.714s][info][gc,phases   ] GC(29) Concurrent Reset Relocation Set 0.001ms
[8.716s][info][gc,phases   ] GC(29) Concurrent Select Relocation Set 2.213ms
[8.716s][info][gc,phases   ] GC(29) Pause Relocate Start 0.005ms
[8.718s][info][gc,phases   ] GC(29) Concurrent Relocate 1.609ms
[8.718s][info][gc,load     ] GC(29) Load: 0.00/0.00/0.00
[8.718s][info][gc,mmu      ] GC(29) MMU: 2ms/99.3%, 5ms/99.6%, 10ms/99.8%, 20ms/99.8%, 50ms/99.9%, 100ms/100.0%
[8.718s][info][gc,marking  ] GC(29) Mark: 2 stripe(s), 2 proactive flush(es), 1 terminate flush(es), 0 completion(s), 0 continuation(s) 
[8.718s][info][gc,marking  ] GC(29) Mark Stack Usage: 32M
[8.718s][info][gc,nmethod  ] GC(29) NMethods: 487 registered, 0 unregistered
[8.718s][info][gc,metaspace] GC(29) Metaspace: 1M used, 1M committed, 1088M reserved
[8.718s][info][gc,ref      ] GC(29) Soft: 181 encountered, 0 discovered, 0 enqueued
[8.718s][info][gc,ref      ] GC(29) Weak: 263 encountered, 145 discovered, 0 enqueued
[8.718s][info][gc,ref      ] GC(29) Final: 0 encountered, 0 discovered, 0 enqueued
[8.718s][info][gc,ref      ] GC(29) Phantom: 7 encountered, 3 discovered, 0 enqueued
[8.718s][info][gc,reloc    ] GC(29) Small Pages: 1321 / 2642M, Empty: 0M, Relocated: 3M, In-Place: 0
[8.718s][info][gc,reloc    ] GC(29) Medium Pages: 1 / 32M, Empty: 0M, Relocated: 0M, In-Place: 0
[8.718s][info][gc,reloc    ] GC(29) Large Pages: 0 / 0M, Empty: 0M, Relocated: 0M, In-Place: 0
[8.718s][info][gc,reloc    ] GC(29) Forwarding Usage: 0M
[8.718s][info][gc,heap     ] GC(29) Min Capacity: 4096M(100%)
[8.718s][info][gc,heap     ] GC(29) Max Capacity: 4096M(100%)
[8.718s][info][gc,heap     ] GC(29) Soft Max Capacity: 4096M(100%)
[8.718s][info][gc,heap     ] GC(29)                Mark Start          Mark End        Relocate Start      Relocate End           High               Low         
[8.718s][info][gc,heap     ] GC(29)  Capacity:     4096M (100%)       4096M (100%)       4096M (100%)       4096M (100%)       4096M (100%)       4096M (100%)   
[8.718s][info][gc,heap     ] GC(29)      Free:     1422M (35%)        1418M (35%)        1416M (35%)        1418M (35%)        1422M (35%)        1410M (34%)    
[8.718s][info][gc,heap     ] GC(29)      Used:     2674M (65%)        2678M (65%)        2680M (65%)        2678M (65%)        2686M (66%)        2674M (65%)    
[8.718s][info][gc,heap     ] GC(29)      Live:         -              2409M (59%)        2409M (59%)        2409M (59%)            -                  -          
[8.718s][info][gc,heap     ] GC(29) Allocated:         -                 4M (0%)            6M (0%)            5M (0%)             -                  -          
[8.718s][info][gc,heap     ] GC(29)   Garbage:         -               264M (6%)          264M (6%)          262M (6%)             -                  -          
[8.718s][info][gc,heap     ] GC(29) Reclaimed:         -                  -                 0M (0%)            1M (0%)             -                  -          
[8.718s][info][gc          ] GC(29) Garbage Collection (Timer) 2674M(65%)->2678M(65%)
[8.991s][info][gc,start    ] GC(30) Garbage Collection (Timer)
[8.991s][info][gc,task     ] GC(30) Using 3 workers
[8.991s][info][gc,phases   ] GC(30) Pause Mark Start 0.006ms
[9.012s][info][gc,phases   ] GC(30) Concurrent Mark 20.686ms
[9.012s][info][gc,phases   ] GC(30) Pause Mark End 0.009ms
[9.012s][info][gc,phases   ] GC(30) Concurrent Mark Free 0.001ms
[9.013s][info][gc,phases   ] GC(30) Concurrent Process Non-Strong References 0.844ms
[9.013s][info][gc,phases   ] GC(30) Concurrent Reset Relocation Set 0.001ms
[9.015s][info][gc,phases   ] GC(30) Concurrent Select Relocation Set 2.174ms
[9.015s][info][gc,phases   ] GC(30) Pause Relocate Start 0.006ms
[9.017s][info][gc,phases   ] GC(30) Concurrent Relocate 1.344ms
[9.017s][info][gc,load     ] GC(30) Load: 0.00/0.00/0.00
[9.017s][info][gc,mmu      ] GC(30) MMU: 2ms/99.3%, 5ms/99.6%, 10ms/99.8%, 20ms/99.8%, 50ms/99.9%, 100ms/100.0%
[9.017s][info][gc,marking  ] GC(30) Mark: 2 stripe(s), 2 proactive flush(es), 1 terminate flush(es), 0 completion(s), 0 continuation(s) 
[9.017s][info][gc,marking  ] GC(30) Mark Stack Usage: 32M
[9.017s][info][gc,nmethod  ] GC(30) NMethods: 487 registered, 0 unregistered
[9.017s][info][gc,metaspace] GC(30) Metaspace: 1M used, 1M committed, 1088M reserved
[9.017s][info][gc,ref      ] GC(30) Soft: 181 encountered, 0 discovered, 0 enqueued
[9.017s][info][gc,ref      ] GC(30) Weak: 263 encountered, 148 discovered, 0 enqueued
[9.017s][info][gc,ref      ] GC(30) Final: 0 encountered, 0 discovered, 0 enqueued
[9.017s][info][gc,ref      ] GC(30) Phantom: 7 encountered, 2 discovered, 0 enqueued
[9.017s][info][gc,reloc    ] GC(30) Small Pages: 1390 / 2780M, Empty: 0M, Relocated: 3M, In-Place: 0
[9.017s][info][gc,reloc    ] GC(30) Medium Pages: 1 / 32M, Empty: 0M, Relocated: 0M, In-Place: 0
[9.017s][info][gc,reloc    ] GC(30) Large Pages: 0 / 0M, Empty: 0M, Relocated: 0M, In-Place: 0
[9.017s][info][gc,reloc    ] GC(30) Forwarding Usage: 0M
[9.017s][info][gc,heap     ] GC(30) Min Capacity: 4096M(100%)
[9.017s][info][gc,heap     ] GC(30) Max Capacity: 4096M(100%)
[9.017s][info][gc,heap     ] GC(30) Soft Max Capacity: 4096M(100%)
[9.017s][info][gc,heap     ] GC(30)                Mark Start          Mark End        Relocate Start      Relocate End           High               Low         
[9.017s][info][gc,heap     ] GC(30)  Capacity:     4096M (100%)       4096M (100%)       4096M (100%)       4096M (100%)       4096M (100%)       4096M (100%)   
[9.017s][info][gc,heap     ] GC(30)      Free:     1284M (31%)        1282M (31%)        1280M (31%)        1282M (31%)        1284M (31%)        1274M (31%)    
[9.017s][info][gc,heap     ] GC(30)      Used:     2812M (69%)        2814M (69%)        2816M (69%)        2814M (69%)        2822M (69%)        2812M (69%)    
[9.017s][info][gc,heap     ] GC(30)      Live:         -              2535M (62%)        2535M (62%)        2535M (62%)            -                  -          
[9.017s][info][gc,heap     ] GC(30) Allocated:         -                 2M (0%)            4M (0%)            4M (0%)             -                  -          
[9.017s][info][gc,heap     ] GC(30)   Garbage:         -               276M (7%)          276M (7%)          274M (7%)             -                  -          
[9.017s][info][gc,heap     ] GC(30) Reclaimed:         -                  -                 0M (0%)            2M (0%)             -                  -          
[9.017s][info][gc          ] GC(30) Garbage Collection (Timer) 2812M(69%)->2814M(69%)
[9.292s][info][gc,start    ] GC(31) Garbage Collection (Timer)
[9.292s][info][gc,task     ] GC(31) Using 3 workers
[9.292s][info][gc,phases   ] GC(31) Pause Mark Start 0.006ms
[9.315s][info][gc,phases   ] GC(31) Concurrent Mark 22.709ms
[9.315s][info][gc,phases   ] GC(31) Pause Mark End 0.009ms
[9.315s][info][gc,phases   ] GC(31) Concurrent Mark Free 0.001ms
[9.316s][info][gc,phases   ] GC(31) Concurrent Process Non-Strong References 0.883ms
[9.316s][info][gc,phases   ] GC(31) Concurrent Reset Relocation Set 0.001ms
[9.318s][info][gc,phases   ] GC(31) Concurrent Select Relocation Set 2.246ms
[9.318s][info][gc,phases   ] GC(31) Pause Relocate Start 0.006ms
[9.319s][info][gc,phases   ] GC(31) Concurrent Relocate 0.748ms
[9.319s][info][gc,load     ] GC(31) Load: 0.00/0.00/0.00
[9.319s][info][gc,mmu      ] GC(31) MMU: 2ms/99.3%, 5ms/99.6%, 10ms/99.8%, 20ms/99.8%, 50ms/99.9%, 100ms/100.0%
[9.319s][info][gc,marking  ] GC(31) Mark: 2 stripe(s), 2 proactive flush(es), 1 terminate flush(es), 0 completion(s), 0 continuation(s) 
[9.319s][info][gc,marking  ] GC(31) Mark Stack Usage: 32M
[9.319s][info][gc,nmethod  ] GC(31) NMethods: 487 registered, 0 unregistered
[9.319s][info][gc,metaspace] GC(31) Metaspace: 1M used, 1M committed, 1088M reserved
[9.319s][info][gc,ref      ] GC(31) Soft: 181 encountered, 0 discovered, 0 enqueued
[9.320s][info][gc,ref      ] GC(31) Weak: 263 encountered, 151 discovered, 0 enqueued
[9.320s][info][gc,ref      ] GC(31) Final: 0 encountered, 0 discovered, 0 enqueued
[9.320s][info][gc,ref      ] GC(31) Phantom: 7 encountered, 2 discovered, 0 enqueued
[9.320s][info][gc,reloc    ] GC(31) Small Pages: 1467 / 2934M, Empty: 0M, Relocated: 1M, In-Place: 0
[9.320s][info][gc,reloc    ] GC(31) Medium Pages: 1 / 32M, Empty: 0M, Relocated: 0M, In-Place: 0
[9.320s][info][gc,reloc    ] GC(31) Large Pages: 0 / 0M, Empty: 0M, Relocated: 0M, In-Place: 0
[9.320s][info][gc,reloc    ] GC(31) Forwarding Usage: 0M
[9.320s][info][gc,heap     ] GC(31) Min Capacity: 4096M(100%)
[9.320s][info][gc,heap     ] GC(31) Max Capacity: 4096M(100%)
[9.320s][info][gc,heap     ] GC(31) Soft Max Capacity: 4096M(100%)
[9.320s][info][gc,heap     ] GC(31)                Mark Start          Mark End        Relocate Start      Relocate End           High               Low         
[9.320s][info][gc,heap     ] GC(31)  Capacity:     4096M (100%)       4096M (100%)       4096M (100%)       4096M (100%)       4096M (100%)       4096M (100%)   
[9.320s][info][gc,heap     ] GC(31)      Free:     1130M (28%)        1126M (27%)        1126M (27%)        1126M (27%)        1130M (28%)        1122M (27%)    
[9.320s][info][gc,heap     ] GC(31)      Used:     2966M (72%)        2970M (73%)        2970M (73%)        2970M (73%)        2974M (73%)        2966M (72%)    
[9.320s][info][gc,heap     ] GC(31)      Live:         -              2677M (65%)        2677M (65%)        2677M (65%)            -                  -          
[9.320s][info][gc,heap     ] GC(31) Allocated:         -                 4M (0%)            4M (0%)            4M (0%)             -                  -          
[9.320s][info][gc,heap     ] GC(31)   Garbage:         -               288M (7%)          288M (7%)          288M (7%)             -                  -          
[9.320s][info][gc,heap     ] GC(31) Reclaimed:         -                  -                 0M (0%)            0M (0%)             -                  -          
[9.320s][info][gc          ] GC(31) Garbage Collection (Timer) 2966M(72%)->2970M(73%)
[9.592s][info][gc,start    ] GC(32) Garbage Collection (Timer)
[9.592s][info][gc,task     ] GC(32) Using 3 workers
[9.592s][info][gc,phases   ] GC(32) Pause Mark Start 0.006ms
[9.619s][info][gc,phases   ] GC(32) Concurrent Mark 27.345ms
[9.619s][info][gc,phases   ] GC(32) Pause Mark End 0.010ms
[9.619s][info][gc,phases   ] GC(32) Concurrent Mark Free 0.001ms
[9.620s][info][gc,phases   ] GC(32) Concurrent Process Non-Strong References 0.797ms
[9.620s][info][gc,phases   ] GC(32) Concurrent Reset Relocation Set 0.001ms
[9.622s][info][gc,phases   ] GC(32) Concurrent Select Relocation Set 2.067ms
[9.622s][info][gc,phases   ] GC(32) Pause Relocate Start 0.005ms
[9.623s][info][gc,phases   ] GC(32) Concurrent Relocate 0.838ms
[9.623s][info][gc,load     ] GC(32) Load: 0.00/0.00/0.00
[9.623s][info][gc,mmu      ] GC(32) MMU: 2ms/99.3%, 5ms/99.6%, 10ms/99.8%, 20ms/99.8%, 50ms/99.9%, 100ms/100.0%
[9.623s][info][gc,marking  ] GC(32) Mark: 2 stripe(s), 1 proactive flush(es), 1 terminate flush(es), 0 completion(s), 0 continuation(s) 
[9.623s][info][gc,marking  ] GC(32) Mark Stack Usage: 32M
[9.623s][info][gc,nmethod  ] GC(32) NMethods: 487 registered, 0 unregistered
[9.623s][info][gc,metaspace] GC(32) Metaspace: 1M used, 1M committed, 1088M reserved
[9.624s][info][gc,ref      ] GC(32) Soft: 181 encountered, 0 discovered, 0 enqueued
[9.624s][info][gc,ref      ] GC(32) Weak: 263 encountered, 148 discovered, 0 enqueued
[9.624s][info][gc,ref      ] GC(32) Final: 0 encountered, 0 discovered, 0 enqueued
[9.624s][info][gc,ref      ] GC(32) Phantom: 7 encountered, 5 discovered, 0 enqueued
[9.624s][info][gc,reloc    ] GC(32) Small Pages: 1504 / 3008M, Empty: 0M, Relocated: 1M, In-Place: 0
[9.624s][info][gc,reloc    ] GC(32) Medium Pages: 1 / 32M, Empty: 0M, Relocated: 0M, In-Place: 0
[9.624s][info][gc,reloc    ] GC(32) Large Pages: 0 / 0M, Empty: 0M, Relocated: 0M, In-Place: 0
[9.624s][info][gc,reloc    ] GC(32) Forwarding Usage: 0M
[9.624s][info][gc,heap     ] GC(32) Min Capacity: 4096M(100%)
[9.624s][info][gc,heap     ] GC(32) Max Capacity: 4096M(100%)
[9.624s][info][gc,heap     ] GC(32) Soft Max Capacity: 4096M(100%)
[9.624s][info][gc,heap     ] GC(32)                Mark Start          Mark End        Relocate Start      Relocate End           High               Low         
[9.624s][info][gc,heap     ] GC(32)  Capacity:     4096M (100%)       4096M (100%)       4096M (100%)       4096M (100%)       4096M (100%)       4096M (100%)   
[9.624s][info][gc,heap     ] GC(32)      Free:     1056M (26%)        1056M (26%)        1056M (26%)        1056M (26%)        1056M (26%)        1050M (26%)    
[9.624s][info][gc,heap     ] GC(32)      Used:     3040M (74%)        3040M (74%)        3040M (74%)        3040M (74%)        3046M (74%)        3040M (74%)    
[9.624s][info][gc,heap     ] GC(32)      Live:         -              2743M (67%)        2743M (67%)        2743M (67%)            -                  -          
[9.624s][info][gc,heap     ] GC(32) Allocated:         -                 0M (0%)            0M (0%)            0M (0%)             -                  -          
[9.624s][info][gc,heap     ] GC(32)   Garbage:         -               296M (7%)          296M (7%)          296M (7%)             -                  -          
[9.624s][info][gc,heap     ] GC(32) Reclaimed:         -                  -                 0M (0%)            0M (0%)             -                  -          
[9.624s][info][gc          ] GC(32) Garbage Collection (Timer) 3040M(74%)->3040M(74%)
[9.891s][info][gc,start    ] GC(33) Garbage Collection (Timer)
[9.891s][info][gc,task     ] GC(33) Using 3 workers
[9.891s][info][gc,phases   ] GC(33) Pause Mark Start 0.006ms
[9.909s][info][gc,phases   ] GC(33) Concurrent Mark 18.154ms
[9.910s][info][gc,phases   ] GC(33) Pause Mark End 0.010ms
[9.910s][info][gc,phases   ] GC(33) Concurrent Mark Free 0.001ms
[9.911s][info][gc,phases   ] GC(33) Concurrent Process Non-Strong References 0.863ms
[9.911s][info][gc,phases   ] GC(33) Concurrent Reset Relocation Set 0.001ms
[9.913s][info][gc,phases   ] GC(33) Concurrent Select Relocation Set 2.104ms
[9.913s][info][gc,phases   ] GC(33) Pause Relocate Start 0.006ms
[9.913s][info][gc,phases   ] GC(33) Concurrent Relocate 0.242ms
[9.913s][info][gc,load     ] GC(33) Load: 0.00/0.00/0.00
[9.913s][info][gc,mmu      ] GC(33) MMU: 2ms/99.3%, 5ms/99.6%, 10ms/99.8%, 20ms/99.8%, 50ms/99.9%, 100ms/100.0%
[9.913s][info][gc,marking  ] GC(33) Mark: 2 stripe(s), 1 proactive flush(es), 1 terminate flush(es), 0 completion(s), 0 continuation(s) 
[9.913s][info][gc,marking  ] GC(33) Mark Stack Usage: 32M
[9.913s][info][gc,nmethod  ] GC(33) NMethods: 487 registered, 0 unregistered
[9.913s][info][gc,metaspace] GC(33) Metaspace: 1M used, 1M committed, 1088M reserved
[9.913s][info][gc,ref      ] GC(33) Soft: 181 encountered, 0 discovered, 0 enqueued
[9.913s][info][gc,ref      ] GC(33) Weak: 263 encountered, 145 discovered, 0 enqueued
[9.913s][info][gc,ref      ] GC(33) Final: 0 encountered, 0 discovered, 0 enqueued
[9.913s][info][gc,ref      ] GC(33) Phantom: 7 encountered, 5 discovered, 0 enqueued
[9.914s][info][gc,reloc    ] GC(33) Small Pages: 1504 / 3008M, Empty: 0M, Relocated: 1M, In-Place: 0
[9.914s][info][gc,reloc    ] GC(33) Medium Pages: 1 / 32M, Empty: 0M, Relocated: 0M, In-Place: 0
[9.914s][info][gc,reloc    ] GC(33) Large Pages: 0 / 0M, Empty: 0M, Relocated: 0M, In-Place: 0
[9.914s][info][gc,reloc    ] GC(33) Forwarding Usage: 0M
[9.914s][info][gc,heap     ] GC(33) Min Capacity: 4096M(100%)
[9.914s][info][gc,heap     ] GC(33) Max Capacity: 4096M(100%)
[9.914s][info][gc,heap     ] GC(33) Soft Max Capacity: 4096M(100%)
[9.914s][info][gc,heap     ] GC(33)                Mark Start          Mark End        Relocate Start      Relocate End           High               Low         
[9.914s][info][gc,heap     ] GC(33)  Capacity:     4096M (100%)       4096M (100%)       4096M (100%)       4096M (100%)       4096M (100%)       4096M (100%)   
[9.914s][info][gc,heap     ] GC(33)      Free:     1056M (26%)        1056M (26%)        1056M (26%)        1056M (26%)        1056M (26%)        1050M (26%)    
[9.914s][info][gc,heap     ] GC(33)      Used:     3040M (74%)        3040M (74%)        3040M (74%)        3040M (74%)        3046M (74%)        3040M (74%)    
[9.914s][info][gc,heap     ] GC(33)      Live:         -              2743M (67%)        2743M (67%)        2743M (67%)            -                  -          
[9.914s][info][gc,heap     ] GC(33) Allocated:         -                 0M (0%)            0M (0%)            0M (0%)             -                  -          
[9.914s][info][gc,heap     ] GC(33)   Garbage:         -               296M (7%)          296M (7%)          296M (7%)             -                  -          
[9.914s][info][gc,heap     ] GC(33) Reclaimed:         -                  -                 0M (0%)            0M (0%)             -                  -          
[9.914s][info][gc          ] GC(33) Garbage Collection (Timer) 3040M(74%)->3040M(74%)
[10.192s][info][gc,start    ] GC(34) Garbage Collection (Timer)
[10.192s][info][gc,task     ] GC(34) Using 3 workers
[10.192s][info][gc,phases   ] GC(34) Pause Mark Start 0.006ms
[10.212s][info][gc,phases   ] GC(34) Concurrent Mark 19.975ms
[10.212s][info][gc,phases   ] GC(34) Pause Mark End 0.011ms
[10.212s][info][gc,phases   ] GC(34) Concurrent Mark Free 0.001ms
[10.213s][info][gc,phases   ] GC(34) Concurrent Process Non-Strong References 0.806ms
[10.213s][info][gc,phases   ] GC(34) Concurrent Reset Relocation Set 0.001ms
[10.215s][info][gc,phases   ] GC(34) Concurrent Select Relocation Set 2.134ms
[10.215s][info][gc,phases   ] GC(34) Pause Relocate Start 0.005ms
[10.216s][info][gc,phases   ] GC(34) Concurrent Relocate 0.443ms
[10.216s][info][gc,load     ] GC(34) Load: 0.00/0.00/0.00
[10.216s][info][gc,mmu      ] GC(34) MMU: 2ms/99.3%, 5ms/99.6%, 10ms/99.8%, 20ms/99.8%, 50ms/99.9%, 100ms/100.0%
[10.216s][info][gc,marking  ] GC(34) Mark: 2 stripe(s), 1 proactive flush(es), 1 terminate flush(es), 0 completion(s), 0 continuation(s) 
[10.216s][info][gc,marking  ] GC(34) Mark Stack Usage: 32M
[10.216s][info][gc,nmethod  ] GC(34) NMethods: 487 registered, 0 unregistered
[10.216s][info][gc,metaspace] GC(34) Metaspace: 1M used, 1M committed, 1088M reserved
[10.216s][info][gc,ref      ] GC(34) Soft: 181 encountered, 0 discovered, 0 enqueued
[10.216s][info][gc,ref      ] GC(34) Weak: 263 encountered, 147 discovered, 0 enqueued
[10.216s][info][gc,ref      ] GC(34) Final: 0 encountered, 0 discovered, 0 enqueued
[10.216s][info][gc,ref      ] GC(34) Phantom: 7 encountered, 5 discovered, 0 enqueued
[10.216s][info][gc,reloc    ] GC(34) Small Pages: 1504 / 3008M, Empty: 0M, Relocated: 1M, In-Place: 0
[10.216s][info][gc,reloc    ] GC(34) Medium Pages: 1 / 32M, Empty: 0M, Relocated: 0M, In-Place: 0
[10.216s][info][gc,reloc    ] GC(34) Large Pages: 0 / 0M, Empty: 0M, Relocated: 0M, In-Place: 0
[10.216s][info][gc,reloc    ] GC(34) Forwarding Usage: 0M
[10.216s][info][gc,heap     ] GC(34) Min Capacity: 4096M(100%)
[10.216s][info][gc,heap     ] GC(34) Max Capacity: 4096M(100%)
[10.216s][info][gc,heap     ] GC(34) Soft Max Capacity: 4096M(100%)
[10.216s][info][gc,heap     ] GC(34)                Mark Start          Mark End        Relocate Start      Relocate End           High               Low         
[10.216s][info][gc,heap     ] GC(34)  Capacity:     4096M (100%)       4096M (100%)       4096M (100%)       4096M (100%)       4096M (100%)       4096M (100%)   
[10.216s][info][gc,heap     ] GC(34)      Free:     1056M (26%)        1056M (26%)        1056M (26%)        1056M (26%)        1056M (26%)        1050M (26%)    
[10.216s][info][gc,heap     ] GC(34)      Used:     3040M (74%)        3040M (74%)        3040M (74%)        3040M (74%)        3046M (74%)        3040M (74%)    
[10.216s][info][gc,heap     ] GC(34)      Live:         -              2743M (67%)        2743M (67%)        2743M (67%)            -                  -          
[10.216s][info][gc,heap     ] GC(34) Allocated:         -                 0M (0%)            0M (0%)            0M (0%)             -                  -          
[10.216s][info][gc,heap     ] GC(34)   Garbage:         -               296M (7%)          296M (7%)          296M (7%)             -                  -          
[10.216s][info][gc,heap     ] GC(34) Reclaimed:         -                  -                 0M (0%)            0M (0%)             -                  -          
[10.217s][info][gc          ] GC(34) Garbage Collection (Timer) 3040M(74%)->3040M(74%)
[10.291s][info][gc,stats    ] === Garbage Collection Statistics =======================================================================================================================
[10.291s][info][gc,stats    ]                                                              Last 10s              Last 10m              Last 10h                Total
[10.291s][info][gc,stats    ]                                                              Avg / Max             Avg / Max             Avg / Max             Avg / Max
[10.291s][info][gc,stats    ]   Collector: Garbage Collection Cycle                     22.108 / 31.849       22.108 / 31.849       22.108 / 31.849       22.108 / 31.849      ms
[10.291s][info][gc,stats    ]  Contention: Mark Segment Reset Contention                     3 / 9                 3 / 9                 3 / 9                 3 / 9           ops/s
[10.291s][info][gc,stats    ]  Contention: Mark SeqNum Reset Contention                      1 / 4                 1 / 4                 1 / 4                 1 / 4           ops/s
[10.291s][info][gc,stats    ]    Critical: Allocation Stall                                  0 / 0                 0 / 0                 0 / 0                 0 / 0           ops/s
[10.291s][info][gc,stats    ]    Critical: Allocation Stall                              0.000 / 0.000         0.000 / 0.000         0.000 / 0.000         0.000 / 0.000       ms
[10.291s][info][gc,stats    ]    Critical: GC Locker Stall                                   0 / 0                 0 / 0                 0 / 0                 0 / 0           ops/s
[10.292s][info][gc,stats    ]    Critical: GC Locker Stall                               0.000 / 0.000         0.000 / 0.000         0.000 / 0.000         0.000 / 0.000       ms
[10.292s][info][gc,stats    ]    Critical: Relocation Stall                                  0 / 0                 0 / 0                 0 / 0                 0 / 0           ops/s
[10.292s][info][gc,stats    ]    Critical: Relocation Stall                              0.000 / 0.000         0.000 / 0.000         0.000 / 0.000         0.000 / 0.000       ms
[10.292s][info][gc,stats    ]      Memory: Allocation Rate                                 313 / 610             313 / 610             313 / 610             313 / 610         MB/s
[10.292s][info][gc,stats    ]      Memory: Out Of Memory                                     0 / 0                 0 / 0                 0 / 0                 0 / 0           ops/s
[10.292s][info][gc,stats    ]      Memory: Page Cache Flush                                  0 / 0                 0 / 0                 0 / 0                 0 / 0           MB/s
[10.292s][info][gc,stats    ]      Memory: Page Cache Hit L1                                10 / 13               10 / 13               10 / 13               10 / 13          ops/s
[10.292s][info][gc,stats    ]      Memory: Page Cache Hit L2                                 0 / 0                 0 / 0                 0 / 0                 0 / 0           ops/s
[10.292s][info][gc,stats    ]      Memory: Page Cache Hit L3                               150 / 306             150 / 306             150 / 306             150 / 306         ops/s
[10.292s][info][gc,stats    ]      Memory: Page Cache Miss                                   0 / 1                 0 / 1                 0 / 1                 0 / 1           ops/s
[10.292s][info][gc,stats    ]      Memory: Uncommit                                          0 / 0                 0 / 0                 0 / 0                 0 / 0           MB/s
[10.292s][info][gc,stats    ]      Memory: Undo Object Allocation Failed                     0 / 0                 0 / 0                 0 / 0                 0 / 0           ops/s
[10.292s][info][gc,stats    ]      Memory: Undo Object Allocation Succeeded                  0 / 1                 0 / 1                 0 / 1                 0 / 1           ops/s
[10.292s][info][gc,stats    ]      Memory: Undo Page Allocation                              0 / 0                 0 / 0                 0 / 0                 0 / 0           ops/s
[10.292s][info][gc,stats    ]       Phase: Concurrent Mark                              16.891 / 27.345       16.891 / 27.345       16.891 / 27.345       16.891 / 27.345      ms
[10.292s][info][gc,stats    ]       Phase: Concurrent Mark Continue                      0.000 / 0.000         0.000 / 0.000         0.000 / 0.000         0.000 / 0.000       ms
[10.292s][info][gc,stats    ]       Phase: Concurrent Mark Free                          0.001 / 0.001         0.001 / 0.001         0.001 / 0.001         0.001 / 0.001       ms
[10.292s][info][gc,stats    ]       Phase: Concurrent Process Non-Strong References      0.760 / 0.951         0.760 / 0.951         0.760 / 0.951         0.760 / 0.951       ms
[10.292s][info][gc,stats    ]       Phase: Concurrent Relocate                           1.041 / 2.947         1.041 / 2.947         1.041 / 2.947         1.041 / 2.947       ms
[10.292s][info][gc,stats    ]       Phase: Concurrent Reset Relocation Set               0.001 / 0.001         0.001 / 0.001         0.001 / 0.001         0.001 / 0.001       ms
[10.292s][info][gc,stats    ]       Phase: Concurrent Select Relocation Set              2.468 / 9.346         2.468 / 9.346         2.468 / 9.346         2.468 / 9.346       ms
[10.292s][info][gc,stats    ]       Phase: Pause Mark End                                0.010 / 0.013         0.010 / 0.013         0.010 / 0.013         0.010 / 0.013       ms
[10.292s][info][gc,stats    ]       Phase: Pause Mark Start                              0.006 / 0.012         0.006 / 0.012         0.006 / 0.012         0.006 / 0.012       ms
[10.292s][info][gc,stats    ]       Phase: Pause Relocate Start                          0.006 / 0.008         0.006 / 0.008         0.006 / 0.008         0.006 / 0.008       ms
[10.292s][info][gc,stats    ]    Subphase: Concurrent Classes Purge                      0.098 / 0.137         0.098 / 0.137         0.098 / 0.137         0.098 / 0.137       ms
[10.292s][info][gc,stats    ]    Subphase: Concurrent Classes Unlink                     0.243 / 0.300         0.243 / 0.300         0.243 / 0.300         0.243 / 0.300       ms
[10.292s][info][gc,stats    ]    Subphase: Concurrent Mark                              15.806 / 26.875       15.806 / 26.875       15.806 / 26.875       15.806 / 26.875      ms
[10.293s][info][gc,stats    ]    Subphase: Concurrent Mark Try Flush                     0.312 / 6.925         0.312 / 6.925         0.312 / 6.925         0.312 / 6.925       ms
[10.294s][info][gc,stats    ]    Subphase: Concurrent Mark Try Terminate                 0.951 / 2.496         0.951 / 2.496         0.951 / 2.496         0.951 / 2.496       ms
[10.294s][info][gc,stats    ]    Subphase: Concurrent References Enqueue                 0.000 / 0.003         0.000 / 0.003         0.000 / 0.003         0.000 / 0.003       ms
[10.294s][info][gc,stats    ]    Subphase: Concurrent References Process                 0.109 / 0.138         0.109 / 0.138         0.109 / 0.138         0.109 / 0.138       ms
[10.294s][info][gc,stats    ]    Subphase: Concurrent Roots ClassLoaderDataGraph         0.041 / 0.225         0.041 / 0.225         0.041 / 0.225         0.041 / 0.225       ms
[10.294s][info][gc,stats    ]    Subphase: Concurrent Roots CodeCache                    0.000 / 0.000         0.000 / 0.000         0.000 / 0.000         0.000 / 0.000       ms
[10.294s][info][gc,stats    ]    Subphase: Concurrent Roots JavaThreads                  0.196 / 0.620         0.196 / 0.620         0.196 / 0.620         0.196 / 0.620       ms
[10.294s][info][gc,stats    ]    Subphase: Concurrent Roots OopStorageSet                0.011 / 0.048         0.011 / 0.048         0.011 / 0.048         0.011 / 0.048       ms
[10.294s][info][gc,stats    ]    Subphase: Concurrent Weak Roots OopStorageSet           0.106 / 0.238         0.106 / 0.238         0.106 / 0.238         0.106 / 0.238       ms
[10.294s][info][gc,stats    ]    Subphase: Pause Mark Try Complete                       0.000 / 0.000         0.000 / 0.000         0.000 / 0.000         0.000 / 0.000       ms
[10.294s][info][gc,stats    ]      System: Java Threads                                     13 / 14               13 / 14               13 / 14               13 / 14          threads
[10.294s][info][gc,stats    ] =========================================================================================================================================================
[10.415s][info][gc,heap,exit] Heap
[10.415s][info][gc,heap,exit]  ZHeap           used 3044M, capacity 4096M, max capacity 4096M
[10.415s][info][gc,heap,exit]  Metaspace       used 1575K, committed 1792K, reserved 1114112K
[10.415s][info][gc,heap,exit]   class space    used 147K, committed 256K, reserved 1048576K
