[0.021s][info][gc,init] Initializing The Z Garbage Collector
[0.021s][info][gc,init] Version: 17.0.11+1-LTS (release)
[0.021s][info][gc,init] NUMA Support: Disabled
[0.021s][info][gc,init] CPUs: 12 total, 12 available
[0.022s][info][gc,init] Memory: 24496M
[0.022s][info][gc,init] Large Page Support: Disabled
[0.022s][info][gc,init] GC Workers: 3 (dynamic)
[0.022s][info][gc,init] Address Space Type: Contiguous/Unrestricted/Complete
[0.022s][info][gc,init] Address Space Size: 65536M x 3 = 196608M
[0.023s][info][gc,init] Min Capacity: 4096M
[0.023s][info][gc,init] Initial Capacity: 4096M
[0.024s][info][gc,init] Max Capacity: 4096M
[0.024s][info][gc,init] Medium Page Size: 32M
[0.024s][info][gc,init] Pre-touch: Disabled
[0.024s][info][gc,init] Uncommit: Implicitly Disabled (-Xms equals -Xmx)
[0.241s][info][gc,init] Runtime Workers: 8
[0.242s][info][gc     ] Using The Z Garbage Collector
[0.252s][info][gc,metaspace] CDS archive(s) mapped at: [0x000002aac7000000-0x000002aac7bc0000-0x000002aac7bc0000), size 12320768, SharedBaseAddress: 0x000002aac7000000, ArchiveRelocationMode: 1.
[0.252s][info][gc,metaspace] Compressed class space mapped at: 0x000002aac8000000-0x000002ab08000000, reserved size: 1073741824
[0.252s][info][gc,metaspace] Narrow klass base: 0x000002aac7000000, Narrow klass shift: 0, Narrow klass range: 0x100000000
[0.379s][info][gc,start    ] GC(0) Garbage Collection (Timer)
[0.379s][info][gc,task     ] GC(0) Using 3 workers
[0.379s][info][gc,phases   ] GC(0) Pause Mark Start 0.006ms
[0.383s][info][gc,phases   ] GC(0) Concurrent Mark 3.696ms
[0.383s][info][gc,phases   ] GC(0) Pause Mark End 0.011ms
[0.383s][info][gc,phases   ] GC(0) Concurrent Mark Free 0.001ms
[0.384s][info][gc,phases   ] GC(0) Concurrent Process Non-Strong References 0.541ms
[0.384s][info][gc,phases   ] GC(0) Concurrent Reset Relocation Set 0.001ms
[0.393s][info][gc,phases   ] GC(0) Concurrent Select Relocation Set 9.212ms
[0.393s][info][gc,phases   ] GC(0) Pause Relocate Start 0.006ms
[0.395s][info][gc,phases   ] GC(0) Concurrent Relocate 1.504ms
[0.395s][info][gc,load     ] GC(0) Load: 0.00/0.00/0.00
[0.395s][info][gc,mmu      ] GC(0) MMU: 2ms/99.4%, 5ms/99.7%, 10ms/99.8%, 20ms/99.9%, 50ms/100.0%, 100ms/100.0%
[0.395s][info][gc,marking  ] GC(0) Mark: 2 stripe(s), 1 proactive flush(es), 1 terminate flush(es), 0 completion(s), 0 continuation(s) 
[0.395s][info][gc,marking  ] GC(0) Mark Stack Usage: 32M
[0.395s][info][gc,nmethod  ] GC(0) NMethods: 158 registered, 0 unregistered
[0.395s][info][gc,metaspace] GC(0) Metaspace: 0M used, 0M committed, 1088M reserved
[0.395s][info][gc,ref      ] GC(0) Soft: 36 encountered, 0 discovered, 0 enqueued
[0.395s][info][gc,ref      ] GC(0) Weak: 103 encountered, 20 discovered, 18 enqueued
[0.395s][info][gc,ref      ] GC(0) Final: 0 encountered, 0 discovered, 0 enqueued
[0.395s][info][gc,ref      ] GC(0) Phantom: 16 encountered, 14 discovered, 13 enqueued
[0.395s][info][gc,reloc    ] GC(0) Small Pages: 3 / 6M, Empty: 0M, Relocated: 1M, In-Place: 0
[0.395s][info][gc,reloc    ] GC(0) Medium Pages: 0 / 0M, Empty: 0M, Relocated: 0M, In-Place: 0
[0.395s][info][gc,reloc    ] GC(0) Large Pages: 0 / 0M, Empty: 0M, Relocated: 0M, In-Place: 0
[0.395s][info][gc,reloc    ] GC(0) Forwarding Usage: 0M
[0.395s][info][gc,heap     ] GC(0) Min Capacity: 4096M(100%)
[0.395s][info][gc,heap     ] GC(0) Max Capacity: 4096M(100%)
[0.395s][info][gc,heap     ] GC(0) Soft Max Capacity: 4096M(100%)
[0.395s][info][gc,heap     ] GC(0)                Mark Start          Mark End        Relocate Start      Relocate End           High               Low         
[0.395s][info][gc,heap     ] GC(0)  Capacity:     4096M (100%)       4096M (100%)       4096M (100%)       4096M (100%)       4096M (100%)       4096M (100%)   
[0.395s][info][gc,heap     ] GC(0)      Free:     4090M (100%)       4090M (100%)       4090M (100%)       4090M (100%)       4090M (100%)       4084M (100%)   
[0.396s][info][gc,heap     ] GC(0)      Used:        6M (0%)            6M (0%)            6M (0%)            6M (0%)           12M (0%)            6M (0%)     
[0.396s][info][gc,heap     ] GC(0)      Live:         -                 1M (0%)            1M (0%)            1M (0%)             -                  -          
[0.396s][info][gc,heap     ] GC(0) Allocated:         -                 0M (0%)            0M (0%)            0M (0%)             -                  -          
[0.396s][info][gc,heap     ] GC(0)   Garbage:         -                 4M (0%)            4M (0%)            4M (0%)             -                  -          
[0.396s][info][gc,heap     ] GC(0) Reclaimed:         -                  -                 0M (0%)            0M (0%)             -                  -          
[0.396s][info][gc          ] GC(0) Garbage Collection (Timer) 6M(0%)->6M(0%)
[0.674s][info][gc,start    ] GC(1) Garbage Collection (Timer)
[0.674s][info][gc,task     ] GC(1) Using 3 workers
[0.674s][info][gc,phases   ] GC(1) Pause Mark Start 0.006ms
[0.689s][info][gc,phases   ] GC(1) Concurrent Mark 15.164ms
[0.689s][info][gc,phases   ] GC(1) Pause Mark End 0.009ms
[0.690s][info][gc,phases   ] GC(1) Concurrent Mark Free 0.001ms
[0.690s][info][gc,phases   ] GC(1) Concurrent Process Non-Strong References 0.709ms
[0.690s][info][gc,phases   ] GC(1) Concurrent Reset Relocation Set 0.001ms
[0.693s][info][gc,phases   ] GC(1) Concurrent Select Relocation Set 2.320ms
[0.693s][info][gc,phases   ] GC(1) Pause Relocate Start 0.005ms
[0.694s][info][gc,phases   ] GC(1) Concurrent Relocate 1.161ms
[0.694s][info][gc,load     ] GC(1) Load: 0.00/0.00/0.00
[0.694s][info][gc,mmu      ] GC(1) MMU: 2ms/99.4%, 5ms/99.7%, 10ms/99.8%, 20ms/99.9%, 50ms/100.0%, 100ms/100.0%
[0.694s][info][gc,marking  ] GC(1) Mark: 2 stripe(s), 3 proactive flush(es), 1 terminate flush(es), 0 completion(s), 0 continuation(s) 
[0.694s][info][gc,marking  ] GC(1) Mark Stack Usage: 32M
[0.694s][info][gc,nmethod  ] GC(1) NMethods: 288 registered, 0 unregistered
[0.694s][info][gc,metaspace] GC(1) Metaspace: 0M used, 0M committed, 1088M reserved
[0.694s][info][gc,ref      ] GC(1) Soft: 72 encountered, 0 discovered, 0 enqueued
[0.694s][info][gc,ref      ] GC(1) Weak: 177 encountered, 25 discovered, 23 enqueued
[0.694s][info][gc,ref      ] GC(1) Final: 0 encountered, 0 discovered, 0 enqueued
[0.694s][info][gc,ref      ] GC(1) Phantom: 13 encountered, 10 discovered, 6 enqueued
[0.694s][info][gc,reloc    ] GC(1) Small Pages: 130 / 260M, Empty: 0M, Relocated: 1M, In-Place: 0
[0.694s][info][gc,reloc    ] GC(1) Medium Pages: 0 / 0M, Empty: 0M, Relocated: 0M, In-Place: 0
[0.694s][info][gc,reloc    ] GC(1) Large Pages: 0 / 0M, Empty: 0M, Relocated: 0M, In-Place: 0
[0.694s][info][gc,reloc    ] GC(1) Forwarding Usage: 0M
[0.694s][info][gc,heap     ] GC(1) Min Capacity: 4096M(100%)
[0.695s][info][gc,heap     ] GC(1) Max Capacity: 4096M(100%)
[0.695s][info][gc,heap     ] GC(1) Soft Max Capacity: 4096M(100%)
[0.695s][info][gc,heap     ] GC(1)                Mark Start          Mark End        Relocate Start      Relocate End           High               Low         
[0.695s][info][gc,heap     ] GC(1)  Capacity:     4096M (100%)       4096M (100%)       4096M (100%)       4096M (100%)       4096M (100%)       4096M (100%)   
[0.695s][info][gc,heap     ] GC(1)      Free:     3836M (94%)        3832M (94%)        3830M (94%)        3832M (94%)        3836M (94%)        3824M (93%)    
[0.695s][info][gc,heap     ] GC(1)      Used:      260M (6%)          264M (6%)          266M (6%)          264M (6%)          272M (7%)          260M (6%)     
[0.695s][info][gc,heap     ] GC(1)      Live:         -               228M (6%)          228M (6%)          228M (6%)             -                  -          
[0.695s][info][gc,heap     ] GC(1) Allocated:         -                 4M (0%)            6M (0%)            7M (0%)             -                  -          
[0.695s][info][gc,heap     ] GC(1)   Garbage:         -                31M (1%)           31M (1%)           27M (1%)             -                  -          
[0.695s][info][gc,heap     ] GC(1) Reclaimed:         -                  -                 0M (0%)            3M (0%)             -                  -          
[0.695s][info][gc          ] GC(1) Garbage Collection (Timer) 260M(6%)->264M(6%)
[0.874s][info][gc,start    ] GC(2) Garbage Collection (Warmup)
[0.874s][info][gc,task     ] GC(2) Using 3 workers
[0.874s][info][gc,phases   ] GC(2) Pause Mark Start 0.006ms
[0.896s][info][gc,phases   ] GC(2) Concurrent Mark 21.709ms
[0.896s][info][gc,phases   ] GC(2) Pause Mark End 0.009ms
[0.896s][info][gc,phases   ] GC(2) Concurrent Mark Free 0.001ms
[0.896s][info][gc,phases   ] GC(2) Concurrent Process Non-Strong References 0.508ms
[0.896s][info][gc,phases   ] GC(2) Concurrent Reset Relocation Set 0.001ms
[0.900s][info][gc,phases   ] GC(2) Concurrent Select Relocation Set 3.295ms
[0.900s][info][gc,phases   ] GC(2) Pause Relocate Start 0.007ms
[0.902s][info][gc,phases   ] GC(2) Concurrent Relocate 2.110ms
[0.902s][info][gc,load     ] GC(2) Load: 0.00/0.00/0.00
[0.902s][info][gc,mmu      ] GC(2) MMU: 2ms/99.4%, 5ms/99.7%, 10ms/99.8%, 20ms/99.9%, 50ms/100.0%, 100ms/100.0%
[0.902s][info][gc,marking  ] GC(2) Mark: 2 stripe(s), 3 proactive flush(es), 1 terminate flush(es), 0 completion(s), 0 continuation(s) 
[0.902s][info][gc,marking  ] GC(2) Mark Stack Usage: 32M
[0.902s][info][gc,nmethod  ] GC(2) NMethods: 288 registered, 0 unregistered
[0.902s][info][gc,metaspace] GC(2) Metaspace: 0M used, 0M committed, 1088M reserved
[0.902s][info][gc,ref      ] GC(2) Soft: 72 encountered, 0 discovered, 0 enqueued
[0.902s][info][gc,ref      ] GC(2) Weak: 154 encountered, 1 discovered, 0 enqueued
[0.902s][info][gc,ref      ] GC(2) Final: 0 encountered, 0 discovered, 0 enqueued
[0.902s][info][gc,ref      ] GC(2) Phantom: 7 encountered, 5 discovered, 0 enqueued
[0.902s][info][gc,reloc    ] GC(2) Small Pages: 221 / 442M, Empty: 0M, Relocated: 3M, In-Place: 0
[0.902s][info][gc,reloc    ] GC(2) Medium Pages: 0 / 0M, Empty: 0M, Relocated: 0M, In-Place: 0
[0.902s][info][gc,reloc    ] GC(2) Large Pages: 0 / 0M, Empty: 0M, Relocated: 0M, In-Place: 0
[0.902s][info][gc,reloc    ] GC(2) Forwarding Usage: 0M
[0.902s][info][gc,heap     ] GC(2) Min Capacity: 4096M(100%)
[0.903s][info][gc,heap     ] GC(2) Max Capacity: 4096M(100%)
[0.903s][info][gc,heap     ] GC(2) Soft Max Capacity: 4096M(100%)
[0.903s][info][gc,heap     ] GC(2)                Mark Start          Mark End        Relocate Start      Relocate End           High               Low         
[0.903s][info][gc,heap     ] GC(2)  Capacity:     4096M (100%)       4096M (100%)       4096M (100%)       4096M (100%)       4096M (100%)       4096M (100%)   
[0.903s][info][gc,heap     ] GC(2)      Free:     3654M (89%)        3650M (89%)        3646M (89%)        3650M (89%)        3654M (89%)        3640M (89%)    
[0.903s][info][gc,heap     ] GC(2)      Used:      442M (11%)         446M (11%)         450M (11%)         446M (11%)         456M (11%)         442M (11%)    
[0.903s][info][gc,heap     ] GC(2)      Live:         -               397M (10%)         397M (10%)         397M (10%)            -                  -          
[0.903s][info][gc,heap     ] GC(2) Allocated:         -                 4M (0%)            8M (0%)            7M (0%)             -                  -          
[0.903s][info][gc,heap     ] GC(2)   Garbage:         -                44M (1%)           44M (1%)           40M (1%)             -                  -          
[0.903s][info][gc,heap     ] GC(2) Reclaimed:         -                  -                 0M (0%)            3M (0%)             -                  -          
[0.903s][info][gc          ] GC(2) Garbage Collection (Warmup) 442M(11%)->446M(11%)
[1.173s][info][gc,start    ] GC(3) Garbage Collection (Timer)
[1.173s][info][gc,task     ] GC(3) Using 3 workers
[1.173s][info][gc,phases   ] GC(3) Pause Mark Start 0.006ms
[1.198s][info][gc,phases   ] GC(3) Concurrent Mark 24.281ms
[1.198s][info][gc,phases   ] GC(3) Pause Mark End 0.009ms
[1.198s][info][gc,phases   ] GC(3) Concurrent Mark Free 0.001ms
[1.199s][info][gc,phases   ] GC(3) Concurrent Process Non-Strong References 0.628ms
[1.199s][info][gc,phases   ] GC(3) Concurrent Reset Relocation Set 0.001ms
[1.201s][info][gc,phases   ] GC(3) Concurrent Select Relocation Set 2.395ms
[1.201s][info][gc,phases   ] GC(3) Pause Relocate Start 0.005ms
[1.203s][info][gc,phases   ] GC(3) Concurrent Relocate 1.474ms
[1.203s][info][gc,load     ] GC(3) Load: 0.00/0.00/0.00
[1.203s][info][gc,mmu      ] GC(3) MMU: 2ms/99.4%, 5ms/99.7%, 10ms/99.8%, 20ms/99.9%, 50ms/100.0%, 100ms/100.0%
[1.203s][info][gc,marking  ] GC(3) Mark: 2 stripe(s), 4 proactive flush(es), 1 terminate flush(es), 0 completion(s), 0 continuation(s) 
[1.203s][info][gc,marking  ] GC(3) Mark Stack Usage: 32M
[1.203s][info][gc,nmethod  ] GC(3) NMethods: 372 registered, 0 unregistered
[1.203s][info][gc,metaspace] GC(3) Metaspace: 1M used, 1M committed, 1088M reserved
[1.203s][info][gc,ref      ] GC(3) Soft: 118 encountered, 0 discovered, 0 enqueued
[1.203s][info][gc,ref      ] GC(3) Weak: 175 encountered, 7 discovered, 5 enqueued
[1.203s][info][gc,ref      ] GC(3) Final: 0 encountered, 0 discovered, 0 enqueued
[1.203s][info][gc,ref      ] GC(3) Phantom: 12 encountered, 9 discovered, 5 enqueued
[1.203s][info][gc,reloc    ] GC(3) Small Pages: 303 / 606M, Empty: 0M, Relocated: 1M, In-Place: 0
[1.203s][info][gc,reloc    ] GC(3) Medium Pages: 0 / 0M, Empty: 0M, Relocated: 0M, In-Place: 0
[1.203s][info][gc,reloc    ] GC(3) Large Pages: 0 / 0M, Empty: 0M, Relocated: 0M, In-Place: 0
[1.203s][info][gc,reloc    ] GC(3) Forwarding Usage: 0M
[1.203s][info][gc,heap     ] GC(3) Min Capacity: 4096M(100%)
[1.203s][info][gc,heap     ] GC(3) Max Capacity: 4096M(100%)
[1.203s][info][gc,heap     ] GC(3) Soft Max Capacity: 4096M(100%)
[1.203s][info][gc,heap     ] GC(3)                Mark Start          Mark End        Relocate Start      Relocate End           High               Low         
[1.203s][info][gc,heap     ] GC(3)  Capacity:     4096M (100%)       4096M (100%)       4096M (100%)       4096M (100%)       4096M (100%)       4096M (100%)   
[1.203s][info][gc,heap     ] GC(3)      Free:     3490M (85%)        3490M (85%)        3490M (85%)        3490M (85%)        3490M (85%)        3484M (85%)    
[1.203s][info][gc,heap     ] GC(3)      Used:      606M (15%)         606M (15%)         606M (15%)         606M (15%)         612M (15%)         606M (15%)    
[1.203s][info][gc,heap     ] GC(3)      Live:         -               548M (13%)         548M (13%)         548M (13%)            -                  -          
[1.203s][info][gc,heap     ] GC(3) Allocated:         -                 0M (0%)            0M (0%)            0M (0%)             -                  -          
[1.203s][info][gc,heap     ] GC(3)   Garbage:         -                57M (1%)           57M (1%)           57M (1%)             -                  -          
[1.203s][info][gc,heap     ] GC(3) Reclaimed:         -                  -                 0M (0%)            0M (0%)             -                  -          
[1.203s][info][gc          ] GC(3) Garbage Collection (Timer) 606M(15%)->606M(15%)
[1.474s][info][gc,start    ] GC(4) Garbage Collection (Timer)
[1.474s][info][gc,task     ] GC(4) Using 3 workers
[1.474s][info][gc,phases   ] GC(4) Pause Mark Start 0.006ms
[1.489s][info][gc,phases   ] GC(4) Concurrent Mark 15.396ms
[1.489s][info][gc,phases   ] GC(4) Pause Mark End 0.009ms
[1.489s][info][gc,phases   ] GC(4) Concurrent Mark Free 0.001ms
[1.490s][info][gc,phases   ] GC(4) Concurrent Process Non-Strong References 0.775ms
[1.490s][info][gc,phases   ] GC(4) Concurrent Reset Relocation Set 0.001ms
[1.492s][info][gc,phases   ] GC(4) Concurrent Select Relocation Set 2.119ms
[1.493s][info][gc,phases   ] GC(4) Pause Relocate Start 0.004ms
[1.494s][info][gc,phases   ] GC(4) Concurrent Relocate 1.477ms
[1.494s][info][gc,load     ] GC(4) Load: 0.00/0.00/0.00
[1.494s][info][gc,mmu      ] GC(4) MMU: 2ms/99.4%, 5ms/99.7%, 10ms/99.8%, 20ms/99.9%, 50ms/100.0%, 100ms/100.0%
[1.494s][info][gc,marking  ] GC(4) Mark: 2 stripe(s), 2 proactive flush(es), 1 terminate flush(es), 0 completion(s), 0 continuation(s) 
[1.494s][info][gc,marking  ] GC(4) Mark Stack Usage: 32M
[1.494s][info][gc,nmethod  ] GC(4) NMethods: 372 registered, 0 unregistered
[1.494s][info][gc,metaspace] GC(4) Metaspace: 1M used, 1M committed, 1088M reserved
[1.494s][info][gc,ref      ] GC(4) Soft: 118 encountered, 0 discovered, 0 enqueued
[1.494s][info][gc,ref      ] GC(4) Weak: 170 encountered, 0 discovered, 0 enqueued
[1.494s][info][gc,ref      ] GC(4) Final: 0 encountered, 0 discovered, 0 enqueued
[1.494s][info][gc,ref      ] GC(4) Phantom: 7 encountered, 4 discovered, 0 enqueued
[1.494s][info][gc,reloc    ] GC(4) Small Pages: 303 / 606M, Empty: 0M, Relocated: 1M, In-Place: 0
[1.495s][info][gc,reloc    ] GC(4) Medium Pages: 0 / 0M, Empty: 0M, Relocated: 0M, In-Place: 0
[1.495s][info][gc,reloc    ] GC(4) Large Pages: 0 / 0M, Empty: 0M, Relocated: 0M, In-Place: 0
[1.495s][info][gc,reloc    ] GC(4) Forwarding Usage: 0M
[1.495s][info][gc,heap     ] GC(4) Min Capacity: 4096M(100%)
[1.495s][info][gc,heap     ] GC(4) Max Capacity: 4096M(100%)
[1.495s][info][gc,heap     ] GC(4) Soft Max Capacity: 4096M(100%)
[1.495s][info][gc,heap     ] GC(4)                Mark Start          Mark End        Relocate Start      Relocate End           High               Low         
[1.495s][info][gc,heap     ] GC(4)  Capacity:     4096M (100%)       4096M (100%)       4096M (100%)       4096M (100%)       4096M (100%)       4096M (100%)   
[1.495s][info][gc,heap     ] GC(4)      Free:     3490M (85%)        3490M (85%)        3490M (85%)        3490M (85%)        3490M (85%)        3484M (85%)    
[1.495s][info][gc,heap     ] GC(4)      Used:      606M (15%)         606M (15%)         606M (15%)         606M (15%)         612M (15%)         606M (15%)    
[1.495s][info][gc,heap     ] GC(4)      Live:         -               548M (13%)         548M (13%)         548M (13%)            -                  -          
[1.495s][info][gc,heap     ] GC(4) Allocated:         -                 0M (0%)            0M (0%)            0M (0%)             -                  -          
[1.495s][info][gc,heap     ] GC(4)   Garbage:         -                57M (1%)           57M (1%)           57M (1%)             -                  -          
[1.495s][info][gc,heap     ] GC(4) Reclaimed:         -                  -                 0M (0%)            0M (0%)             -                  -          
[1.495s][info][gc          ] GC(4) Garbage Collection (Timer) 606M(15%)->606M(15%)
[1.775s][info][gc,start    ] GC(5) Garbage Collection (Timer)
[1.775s][info][gc,task     ] GC(5) Using 3 workers
[1.775s][info][gc,phases   ] GC(5) Pause Mark Start 0.011ms
[1.782s][info][gc,phases   ] GC(5) Concurrent Mark 7.292ms
[1.782s][info][gc,phases   ] GC(5) Pause Mark End 0.013ms
[1.782s][info][gc,phases   ] GC(5) Concurrent Mark Free 0.001ms
[1.783s][info][gc,phases   ] GC(5) Concurrent Process Non-Strong References 0.844ms
[1.783s][info][gc,phases   ] GC(5) Concurrent Reset Relocation Set 0.001ms
[1.786s][info][gc,phases   ] GC(5) Concurrent Select Relocation Set 2.217ms
[1.786s][info][gc,phases   ] GC(5) Pause Relocate Start 0.006ms
[1.787s][info][gc,phases   ] GC(5) Concurrent Relocate 1.401ms
[1.787s][info][gc,load     ] GC(5) Load: 0.00/0.00/0.00
[1.787s][info][gc,mmu      ] GC(5) MMU: 2ms/99.3%, 5ms/99.6%, 10ms/99.8%, 20ms/99.8%, 50ms/99.9%, 100ms/100.0%
[1.787s][info][gc,marking  ] GC(5) Mark: 2 stripe(s), 3 proactive flush(es), 1 terminate flush(es), 0 completion(s), 0 continuation(s) 
[1.787s][info][gc,marking  ] GC(5) Mark Stack Usage: 32M
[1.787s][info][gc,nmethod  ] GC(5) NMethods: 372 registered, 0 unregistered
[1.787s][info][gc,metaspace] GC(5) Metaspace: 1M used, 1M committed, 1088M reserved
[1.787s][info][gc,ref      ] GC(5) Soft: 118 encountered, 0 discovered, 0 enqueued
[1.787s][info][gc,ref      ] GC(5) Weak: 170 encountered, 1 discovered, 0 enqueued
[1.787s][info][gc,ref      ] GC(5) Final: 0 encountered, 0 discovered, 0 enqueued
[1.787s][info][gc,ref      ] GC(5) Phantom: 7 encountered, 4 discovered, 0 enqueued
[1.787s][info][gc,reloc    ] GC(5) Small Pages: 303 / 606M, Empty: 0M, Relocated: 1M, In-Place: 0
[1.787s][info][gc,reloc    ] GC(5) Medium Pages: 0 / 0M, Empty: 0M, Relocated: 0M, In-Place: 0
[1.788s][info][gc,reloc    ] GC(5) Large Pages: 0 / 0M, Empty: 0M, Relocated: 0M, In-Place: 0
[1.788s][info][gc,reloc    ] GC(5) Forwarding Usage: 0M
[1.788s][info][gc,heap     ] GC(5) Min Capacity: 4096M(100%)
[1.788s][info][gc,heap     ] GC(5) Max Capacity: 4096M(100%)
[1.788s][info][gc,heap     ] GC(5) Soft Max Capacity: 4096M(100%)
[1.788s][info][gc,heap     ] GC(5)                Mark Start          Mark End        Relocate Start      Relocate End           High               Low         
[1.788s][info][gc,heap     ] GC(5)  Capacity:     4096M (100%)       4096M (100%)       4096M (100%)       4096M (100%)       4096M (100%)       4096M (100%)   
[1.788s][info][gc,heap     ] GC(5)      Free:     3490M (85%)        3490M (85%)        3490M (85%)        3490M (85%)        3490M (85%)        3484M (85%)    
[1.788s][info][gc,heap     ] GC(5)      Used:      606M (15%)         606M (15%)         606M (15%)         606M (15%)         612M (15%)         606M (15%)    
[1.788s][info][gc,heap     ] GC(5)      Live:         -               548M (13%)         548M (13%)         548M (13%)            -                  -          
[1.788s][info][gc,heap     ] GC(5) Allocated:         -                 0M (0%)            0M (0%)            0M (0%)             -                  -          
[1.788s][info][gc,heap     ] GC(5)   Garbage:         -                57M (1%)           57M (1%)           57M (1%)             -                  -          
[1.788s][info][gc,heap     ] GC(5) Reclaimed:         -                  -                 0M (0%)            0M (0%)             -                  -          
[1.788s][info][gc          ] GC(5) Garbage Collection (Timer) 606M(15%)->606M(15%)
[2.074s][info][gc,start    ] GC(6) Garbage Collection (Timer)
[2.074s][info][gc,task     ] GC(6) Using 3 workers
[2.074s][info][gc,phases   ] GC(6) Pause Mark Start 0.006ms
[2.081s][info][gc,phases   ] GC(6) Concurrent Mark 7.361ms
[2.082s][info][gc,phases   ] GC(6) Pause Mark End 0.009ms
[2.082s][info][gc,phases   ] GC(6) Concurrent Mark Free 0.001ms
[2.082s][info][gc,phases   ] GC(6) Concurrent Process Non-Strong References 0.769ms
[2.082s][info][gc,phases   ] GC(6) Concurrent Reset Relocation Set 0.001ms
[2.085s][info][gc,phases   ] GC(6) Concurrent Select Relocation Set 2.105ms
[2.085s][info][gc,phases   ] GC(6) Pause Relocate Start 0.004ms
[2.086s][info][gc,phases   ] GC(6) Concurrent Relocate 0.982ms
[2.086s][info][gc,load     ] GC(6) Load: 0.00/0.00/0.00
[2.086s][info][gc,mmu      ] GC(6) MMU: 2ms/99.3%, 5ms/99.6%, 10ms/99.8%, 20ms/99.8%, 50ms/99.9%, 100ms/100.0%
[2.086s][info][gc,marking  ] GC(6) Mark: 2 stripe(s), 10 proactive flush(es), 1 terminate flush(es), 0 completion(s), 0 continuation(s) 
[2.086s][info][gc,marking  ] GC(6) Mark Stack Usage: 32M
[2.086s][info][gc,nmethod  ] GC(6) NMethods: 372 registered, 0 unregistered
[2.086s][info][gc,metaspace] GC(6) Metaspace: 1M used, 1M committed, 1088M reserved
[2.086s][info][gc,ref      ] GC(6) Soft: 118 encountered, 0 discovered, 0 enqueued
[2.086s][info][gc,ref      ] GC(6) Weak: 170 encountered, 10 discovered, 0 enqueued
[2.086s][info][gc,ref      ] GC(6) Final: 0 encountered, 0 discovered, 0 enqueued
[2.086s][info][gc,ref      ] GC(6) Phantom: 7 encountered, 5 discovered, 0 enqueued
[2.086s][info][gc,reloc    ] GC(6) Small Pages: 303 / 606M, Empty: 0M, Relocated: 1M, In-Place: 0
[2.086s][info][gc,reloc    ] GC(6) Medium Pages: 0 / 0M, Empty: 0M, Relocated: 0M, In-Place: 0
[2.086s][info][gc,reloc    ] GC(6) Large Pages: 0 / 0M, Empty: 0M, Relocated: 0M, In-Place: 0
[2.086s][info][gc,reloc    ] GC(6) Forwarding Usage: 0M
[2.086s][info][gc,heap     ] GC(6) Min Capacity: 4096M(100%)
[2.086s][info][gc,heap     ] GC(6) Max Capacity: 4096M(100%)
[2.086s][info][gc,heap     ] GC(6) Soft Max Capacity: 4096M(100%)
[2.086s][info][gc,heap     ] GC(6)                Mark Start          Mark End        Relocate Start      Relocate End           High               Low         
[2.086s][info][gc,heap     ] GC(6)  Capacity:     4096M (100%)       4096M (100%)       4096M (100%)       4096M (100%)       4096M (100%)       4096M (100%)   
[2.086s][info][gc,heap     ] GC(6)      Free:     3490M (85%)        3490M (85%)        3490M (85%)        3492M (85%)        3492M (85%)        3488M (85%)    
[2.086s][info][gc,heap     ] GC(6)      Used:      606M (15%)         606M (15%)         606M (15%)         604M (15%)         608M (15%)         604M (15%)    
[2.086s][info][gc,heap     ] GC(6)      Live:         -               548M (13%)         548M (13%)         548M (13%)            -                  -          
[2.086s][info][gc,heap     ] GC(6) Allocated:         -                 0M (0%)            0M (0%)            0M (0%)             -                  -          
[2.086s][info][gc,heap     ] GC(6)   Garbage:         -                57M (1%)           57M (1%)           55M (1%)             -                  -          
[2.086s][info][gc,heap     ] GC(6) Reclaimed:         -                  -                 0M (0%)            2M (0%)             -                  -          
[2.086s][info][gc          ] GC(6) Garbage Collection (Timer) 606M(15%)->604M(15%)
[2.374s][info][gc,start    ] GC(7) Garbage Collection (Warmup)
[2.374s][info][gc,task     ] GC(7) Using 3 workers
[2.375s][info][gc,phases   ] GC(7) Pause Mark Start 0.006ms
[2.389s][info][gc,phases   ] GC(7) Concurrent Mark 14.647ms
[2.390s][info][gc,phases   ] GC(7) Pause Mark End 0.009ms
[2.390s][info][gc,phases   ] GC(7) Concurrent Mark Free 0.001ms
[2.391s][info][gc,phases   ] GC(7) Concurrent Process Non-Strong References 0.843ms
[2.391s][info][gc,phases   ] GC(7) Concurrent Reset Relocation Set 0.001ms
[2.393s][info][gc,phases   ] GC(7) Concurrent Select Relocation Set 2.507ms
[2.393s][info][gc,phases   ] GC(7) Pause Relocate Start 0.005ms
[2.395s][info][gc,phases   ] GC(7) Concurrent Relocate 2.066ms
[2.395s][info][gc,load     ] GC(7) Load: 0.00/0.00/0.00
[2.395s][info][gc,mmu      ] GC(7) MMU: 2ms/99.3%, 5ms/99.6%, 10ms/99.8%, 20ms/99.8%, 50ms/99.9%, 100ms/100.0%
[2.396s][info][gc,marking  ] GC(7) Mark: 2 stripe(s), 2 proactive flush(es), 1 terminate flush(es), 0 completion(s), 0 continuation(s) 
[2.396s][info][gc,marking  ] GC(7) Mark Stack Usage: 32M
[2.396s][info][gc,nmethod  ] GC(7) NMethods: 457 registered, 0 unregistered
[2.396s][info][gc,metaspace] GC(7) Metaspace: 1M used, 1M committed, 1088M reserved
[2.396s][info][gc,ref      ] GC(7) Soft: 181 encountered, 0 discovered, 0 enqueued
[2.396s][info][gc,ref      ] GC(7) Weak: 296 encountered, 34 discovered, 33 enqueued
[2.396s][info][gc,ref      ] GC(7) Final: 0 encountered, 0 discovered, 0 enqueued
[2.396s][info][gc,ref      ] GC(7) Phantom: 24 encountered, 21 discovered, 17 enqueued
[2.396s][info][gc,reloc    ] GC(7) Small Pages: 420 / 840M, Empty: 0M, Relocated: 3M, In-Place: 0
[2.396s][info][gc,reloc    ] GC(7) Medium Pages: 0 / 0M, Empty: 0M, Relocated: 0M, In-Place: 0
[2.396s][info][gc,reloc    ] GC(7) Large Pages: 0 / 0M, Empty: 0M, Relocated: 0M, In-Place: 0
[2.396s][info][gc,reloc    ] GC(7) Forwarding Usage: 0M
[2.396s][info][gc,heap     ] GC(7) Min Capacity: 4096M(100%)
[2.396s][info][gc,heap     ] GC(7) Max Capacity: 4096M(100%)
[2.396s][info][gc,heap     ] GC(7) Soft Max Capacity: 4096M(100%)
[2.396s][info][gc,heap     ] GC(7)                Mark Start          Mark End        Relocate Start      Relocate End           High               Low         
[2.396s][info][gc,heap     ] GC(7)  Capacity:     4096M (100%)       4096M (100%)       4096M (100%)       4096M (100%)       4096M (100%)       4096M (100%)   
[2.396s][info][gc,heap     ] GC(7)      Free:     3256M (79%)        3250M (79%)        3248M (79%)        3250M (79%)        3256M (79%)        3242M (79%)    
[2.396s][info][gc,heap     ] GC(7)      Used:      840M (21%)         846M (21%)         848M (21%)         846M (21%)         854M (21%)         840M (21%)    
[2.396s][info][gc,heap     ] GC(7)      Live:         -               761M (19%)         761M (19%)         761M (19%)            -                  -          
[2.396s][info][gc,heap     ] GC(7) Allocated:         -                 6M (0%)            8M (0%)           10M (0%)             -                  -          
[2.396s][info][gc,heap     ] GC(7)   Garbage:         -                78M (2%)           78M (2%)           74M (2%)             -                  -          
[2.396s][info][gc,heap     ] GC(7) Reclaimed:         -                  -                 0M (0%)            4M (0%)             -                  -          
[2.396s][info][gc          ] GC(7) Garbage Collection (Warmup) 840M(21%)->846M(21%)
[2.674s][info][gc,start    ] GC(8) Garbage Collection (Timer)
[2.674s][info][gc,task     ] GC(8) Using 3 workers
[2.674s][info][gc,phases   ] GC(8) Pause Mark Start 0.006ms
[2.701s][info][gc,phases   ] GC(8) Concurrent Mark 27.002ms
[2.701s][info][gc,phases   ] GC(8) Pause Mark End 0.009ms
[2.701s][info][gc,phases   ] GC(8) Concurrent Mark Free 0.001ms
[2.702s][info][gc,phases   ] GC(8) Concurrent Process Non-Strong References 1.046ms
[2.702s][info][gc,phases   ] GC(8) Concurrent Reset Relocation Set 0.001ms
[2.706s][info][gc,phases   ] GC(8) Concurrent Select Relocation Set 3.386ms
[2.706s][info][gc,phases   ] GC(8) Pause Relocate Start 0.006ms
[2.708s][info][gc,phases   ] GC(8) Concurrent Relocate 1.638ms
[2.708s][info][gc,load     ] GC(8) Load: 0.00/0.00/0.00
[2.708s][info][gc,mmu      ] GC(8) MMU: 2ms/99.3%, 5ms/99.6%, 10ms/99.8%, 20ms/99.8%, 50ms/99.9%, 100ms/100.0%
[2.708s][info][gc,marking  ] GC(8) Mark: 2 stripe(s), 6 proactive flush(es), 1 terminate flush(es), 0 completion(s), 0 continuation(s) 
[2.708s][info][gc,marking  ] GC(8) Mark Stack Usage: 32M
[2.708s][info][gc,nmethod  ] GC(8) NMethods: 457 registered, 0 unregistered
[2.708s][info][gc,metaspace] GC(8) Metaspace: 1M used, 1M committed, 1088M reserved
[2.708s][info][gc,ref      ] GC(8) Soft: 181 encountered, 0 discovered, 0 enqueued
[2.708s][info][gc,ref      ] GC(8) Weak: 263 encountered, 0 discovered, 0 enqueued
[2.708s][info][gc,ref      ] GC(8) Final: 0 encountered, 0 discovered, 0 enqueued
[2.708s][info][gc,ref      ] GC(8) Phantom: 7 encountered, 3 discovered, 0 enqueued
[2.708s][info][gc,reloc    ] GC(8) Small Pages: 542 / 1084M, Empty: 0M, Relocated: 1M, In-Place: 0
[2.708s][info][gc,reloc    ] GC(8) Medium Pages: 1 / 32M, Empty: 0M, Relocated: 0M, In-Place: 0
[2.708s][info][gc,reloc    ] GC(8) Large Pages: 0 / 0M, Empty: 0M, Relocated: 0M, In-Place: 0
[2.708s][info][gc,reloc    ] GC(8) Forwarding Usage: 0M
[2.708s][info][gc,heap     ] GC(8) Min Capacity: 4096M(100%)
[2.708s][info][gc,heap     ] GC(8) Max Capacity: 4096M(100%)
[2.708s][info][gc,heap     ] GC(8) Soft Max Capacity: 4096M(100%)
[2.708s][info][gc,heap     ] GC(8)                Mark Start          Mark End        Relocate Start      Relocate End           High               Low         
[2.708s][info][gc,heap     ] GC(8)  Capacity:     4096M (100%)       4096M (100%)       4096M (100%)       4096M (100%)       4096M (100%)       4096M (100%)   
[2.708s][info][gc,heap     ] GC(8)      Free:     2980M (73%)        2976M (73%)        2974M (73%)        2974M (73%)        2980M (73%)        2970M (73%)    
[2.708s][info][gc,heap     ] GC(8)      Used:     1116M (27%)        1120M (27%)        1122M (27%)        1122M (27%)        1126M (27%)        1116M (27%)    
[2.708s][info][gc,heap     ] GC(8)      Live:         -               987M (24%)         987M (24%)         987M (24%)            -                  -          
[2.708s][info][gc,heap     ] GC(8) Allocated:         -                 4M (0%)            6M (0%)            6M (0%)             -                  -          
[2.708s][info][gc,heap     ] GC(8)   Garbage:         -               128M (3%)          128M (3%)          128M (3%)             -                  -          
[2.708s][info][gc,heap     ] GC(8) Reclaimed:         -                  -                 0M (0%)            0M (0%)             -                  -          
[2.709s][info][gc          ] GC(8) Garbage Collection (Timer) 1116M(27%)->1122M(27%)
[2.874s][info][gc,start    ] GC(9) Garbage Collection (Warmup)
[2.874s][info][gc,task     ] GC(9) Using 3 workers
[2.874s][info][gc,phases   ] GC(9) Pause Mark Start 0.006ms
[2.896s][info][gc,phases   ] GC(9) Concurrent Mark 21.827ms
[2.896s][info][gc,phases   ] GC(9) Pause Mark End 0.011ms
[2.896s][info][gc,phases   ] GC(9) Concurrent Mark Free 0.001ms
[2.897s][info][gc,phases   ] GC(9) Concurrent Process Non-Strong References 0.905ms
[2.897s][info][gc,phases   ] GC(9) Concurrent Reset Relocation Set 0.001ms
[2.900s][info][gc,phases   ] GC(9) Concurrent Select Relocation Set 2.398ms
[2.900s][info][gc,phases   ] GC(9) Pause Relocate Start 0.005ms
[2.902s][info][gc,phases   ] GC(9) Concurrent Relocate 1.956ms
[2.902s][info][gc,load     ] GC(9) Load: 0.00/0.00/0.00
[2.902s][info][gc,mmu      ] GC(9) MMU: 2ms/99.3%, 5ms/99.6%, 10ms/99.8%, 20ms/99.8%, 50ms/99.9%, 100ms/100.0%
[2.902s][info][gc,marking  ] GC(9) Mark: 2 stripe(s), 3 proactive flush(es), 1 terminate flush(es), 0 completion(s), 0 continuation(s) 
[2.902s][info][gc,marking  ] GC(9) Mark Stack Usage: 32M
[2.902s][info][gc,nmethod  ] GC(9) NMethods: 457 registered, 0 unregistered
[2.902s][info][gc,metaspace] GC(9) Metaspace: 1M used, 1M committed, 1088M reserved
[2.902s][info][gc,ref      ] GC(9) Soft: 181 encountered, 0 discovered, 0 enqueued
[2.902s][info][gc,ref      ] GC(9) Weak: 263 encountered, 4 discovered, 0 enqueued
[2.902s][info][gc,ref      ] GC(9) Final: 0 encountered, 0 discovered, 0 enqueued
[2.902s][info][gc,ref      ] GC(9) Phantom: 7 encountered, 3 discovered, 0 enqueued
[2.902s][info][gc,reloc    ] GC(9) Small Pages: 600 / 1200M, Empty: 0M, Relocated: 3M, In-Place: 0
[2.902s][info][gc,reloc    ] GC(9) Medium Pages: 1 / 32M, Empty: 0M, Relocated: 0M, In-Place: 0
[2.902s][info][gc,reloc    ] GC(9) Large Pages: 0 / 0M, Empty: 0M, Relocated: 0M, In-Place: 0
[2.902s][info][gc,reloc    ] GC(9) Forwarding Usage: 0M
[2.902s][info][gc,heap     ] GC(9) Min Capacity: 4096M(100%)
[2.902s][info][gc,heap     ] GC(9) Max Capacity: 4096M(100%)
[2.902s][info][gc,heap     ] GC(9) Soft Max Capacity: 4096M(100%)
[2.902s][info][gc,heap     ] GC(9)                Mark Start          Mark End        Relocate Start      Relocate End           High               Low         
[2.902s][info][gc,heap     ] GC(9)  Capacity:     4096M (100%)       4096M (100%)       4096M (100%)       4096M (100%)       4096M (100%)       4096M (100%)   
[2.902s][info][gc,heap     ] GC(9)      Free:     2864M (70%)        2864M (70%)        2864M (70%)        2866M (70%)        2866M (70%)        2858M (70%)    
[2.902s][info][gc,heap     ] GC(9)      Used:     1232M (30%)        1232M (30%)        1232M (30%)        1230M (30%)        1238M (30%)        1230M (30%)    
[2.902s][info][gc,heap     ] GC(9)      Live:         -              1092M (27%)        1092M (27%)        1092M (27%)            -                  -          
[2.902s][info][gc,heap     ] GC(9) Allocated:         -                 0M (0%)            0M (0%)            0M (0%)             -                  -          
[2.903s][info][gc,heap     ] GC(9)   Garbage:         -               139M (3%)          139M (3%)          137M (3%)             -                  -          
[2.903s][info][gc,heap     ] GC(9) Reclaimed:         -                  -                 0M (0%)            2M (0%)             -                  -          
[2.903s][info][gc          ] GC(9) Garbage Collection (Warmup) 1232M(30%)->1230M(30%)
[3.174s][info][gc,start    ] GC(10) Garbage Collection (Timer)
[3.174s][info][gc,task     ] GC(10) Using 3 workers
[3.174s][info][gc,phases   ] GC(10) Pause Mark Start 0.006ms
[3.189s][info][gc,phases   ] GC(10) Concurrent Mark 15.124ms
[3.190s][info][gc,phases   ] GC(10) Pause Mark End 0.011ms
[3.190s][info][gc,phases   ] GC(10) Concurrent Mark Free 0.001ms
[3.191s][info][gc,phases   ] GC(10) Concurrent Process Non-Strong References 0.884ms
[3.191s][info][gc,phases   ] GC(10) Concurrent Reset Relocation Set 0.001ms
[3.193s][info][gc,phases   ] GC(10) Concurrent Select Relocation Set 2.092ms
[3.193s][info][gc,phases   ] GC(10) Pause Relocate Start 0.006ms
[3.193s][info][gc,phases   ] GC(10) Concurrent Relocate 0.275ms
[3.193s][info][gc,load     ] GC(10) Load: 0.00/0.00/0.00
[3.193s][info][gc,mmu      ] GC(10) MMU: 2ms/99.3%, 5ms/99.6%, 10ms/99.8%, 20ms/99.8%, 50ms/99.9%, 100ms/100.0%
[3.193s][info][gc,marking  ] GC(10) Mark: 2 stripe(s), 2 proactive flush(es), 1 terminate flush(es), 0 completion(s), 0 continuation(s) 
[3.193s][info][gc,marking  ] GC(10) Mark Stack Usage: 32M
[3.193s][info][gc,nmethod  ] GC(10) NMethods: 457 registered, 0 unregistered
[3.193s][info][gc,metaspace] GC(10) Metaspace: 1M used, 1M committed, 1088M reserved
[3.193s][info][gc,ref      ] GC(10) Soft: 181 encountered, 0 discovered, 0 enqueued
[3.193s][info][gc,ref      ] GC(10) Weak: 263 encountered, 7 discovered, 0 enqueued
[3.194s][info][gc,ref      ] GC(10) Final: 0 encountered, 0 discovered, 0 enqueued
[3.194s][info][gc,ref      ] GC(10) Phantom: 7 encountered, 3 discovered, 0 enqueued
[3.194s][info][gc,reloc    ] GC(10) Small Pages: 599 / 1198M, Empty: 0M, Relocated: 1M, In-Place: 0
[3.194s][info][gc,reloc    ] GC(10) Medium Pages: 1 / 32M, Empty: 0M, Relocated: 0M, In-Place: 0
[3.194s][info][gc,reloc    ] GC(10) Large Pages: 0 / 0M, Empty: 0M, Relocated: 0M, In-Place: 0
[3.194s][info][gc,reloc    ] GC(10) Forwarding Usage: 0M
[3.194s][info][gc,heap     ] GC(10) Min Capacity: 4096M(100%)
[3.194s][info][gc,heap     ] GC(10) Max Capacity: 4096M(100%)
[3.194s][info][gc,heap     ] GC(10) Soft Max Capacity: 4096M(100%)
[3.194s][info][gc,heap     ] GC(10)                Mark Start          Mark End        Relocate Start      Relocate End           High               Low         
[3.194s][info][gc,heap     ] GC(10)  Capacity:     4096M (100%)       4096M (100%)       4096M (100%)       4096M (100%)       4096M (100%)       4096M (100%)   
[3.194s][info][gc,heap     ] GC(10)      Free:     2866M (70%)        2866M (70%)        2866M (70%)        2866M (70%)        2866M (70%)        2862M (70%)    
[3.194s][info][gc,heap     ] GC(10)      Used:     1230M (30%)        1230M (30%)        1230M (30%)        1230M (30%)        1234M (30%)        1230M (30%)    
[3.194s][info][gc,heap     ] GC(10)      Live:         -              1092M (27%)        1092M (27%)        1092M (27%)            -                  -          
[3.194s][info][gc,heap     ] GC(10) Allocated:         -                 0M (0%)            0M (0%)            0M (0%)             -                  -          
[3.194s][info][gc,heap     ] GC(10)   Garbage:         -               137M (3%)          137M (3%)          137M (3%)             -                  -          
[3.194s][info][gc,heap     ] GC(10) Reclaimed:         -                  -                 0M (0%)            0M (0%)             -                  -          
[3.194s][info][gc          ] GC(10) Garbage Collection (Timer) 1230M(30%)->1230M(30%)
[3.474s][info][gc,start    ] GC(11) Garbage Collection (Timer)
[3.474s][info][gc,task     ] GC(11) Using 3 workers
[3.474s][info][gc,phases   ] GC(11) Pause Mark Start 0.006ms
[3.484s][info][gc,phases   ] GC(11) Concurrent Mark 10.259ms
[3.484s][info][gc,phases   ] GC(11) Pause Mark End 0.010ms
[3.485s][info][gc,phases   ] GC(11) Concurrent Mark Free 0.001ms
[3.485s][info][gc,phases   ] GC(11) Concurrent Process Non-Strong References 0.796ms
[3.485s][info][gc,phases   ] GC(11) Concurrent Reset Relocation Set 0.001ms
[3.488s][info][gc,phases   ] GC(11) Concurrent Select Relocation Set 2.066ms
[3.488s][info][gc,phases   ] GC(11) Pause Relocate Start 0.005ms
[3.488s][info][gc,phases   ] GC(11) Concurrent Relocate 0.375ms
[3.488s][info][gc,load     ] GC(11) Load: 0.00/0.00/0.00
[3.488s][info][gc,mmu      ] GC(11) MMU: 2ms/99.3%, 5ms/99.6%, 10ms/99.8%, 20ms/99.8%, 50ms/99.9%, 100ms/100.0%
[3.488s][info][gc,marking  ] GC(11) Mark: 2 stripe(s), 2 proactive flush(es), 1 terminate flush(es), 0 completion(s), 0 continuation(s) 
[3.488s][info][gc,marking  ] GC(11) Mark Stack Usage: 32M
[3.488s][info][gc,nmethod  ] GC(11) NMethods: 457 registered, 0 unregistered
[3.488s][info][gc,metaspace] GC(11) Metaspace: 1M used, 1M committed, 1088M reserved
[3.488s][info][gc,ref      ] GC(11) Soft: 181 encountered, 0 discovered, 0 enqueued
[3.488s][info][gc,ref      ] GC(11) Weak: 263 encountered, 82 discovered, 0 enqueued
[3.488s][info][gc,ref      ] GC(11) Final: 0 encountered, 0 discovered, 0 enqueued
[3.488s][info][gc,ref      ] GC(11) Phantom: 7 encountered, 3 discovered, 0 enqueued
[3.488s][info][gc,reloc    ] GC(11) Small Pages: 599 / 1198M, Empty: 0M, Relocated: 1M, In-Place: 0
[3.488s][info][gc,reloc    ] GC(11) Medium Pages: 1 / 32M, Empty: 0M, Relocated: 0M, In-Place: 0
[3.488s][info][gc,reloc    ] GC(11) Large Pages: 0 / 0M, Empty: 0M, Relocated: 0M, In-Place: 0
[3.488s][info][gc,reloc    ] GC(11) Forwarding Usage: 0M
[3.488s][info][gc,heap     ] GC(11) Min Capacity: 4096M(100%)
[3.489s][info][gc,heap     ] GC(11) Max Capacity: 4096M(100%)
[3.489s][info][gc,heap     ] GC(11) Soft Max Capacity: 4096M(100%)
[3.489s][info][gc,heap     ] GC(11)                Mark Start          Mark End        Relocate Start      Relocate End           High               Low         
[3.489s][info][gc,heap     ] GC(11)  Capacity:     4096M (100%)       4096M (100%)       4096M (100%)       4096M (100%)       4096M (100%)       4096M (100%)   
[3.489s][info][gc,heap     ] GC(11)      Free:     2866M (70%)        2866M (70%)        2866M (70%)        2866M (70%)        2866M (70%)        2862M (70%)    
[3.489s][info][gc,heap     ] GC(11)      Used:     1230M (30%)        1230M (30%)        1230M (30%)        1230M (30%)        1234M (30%)        1230M (30%)    
[3.489s][info][gc,heap     ] GC(11)      Live:         -              1092M (27%)        1092M (27%)        1092M (27%)            -                  -          
[3.489s][info][gc,heap     ] GC(11) Allocated:         -                 0M (0%)            0M (0%)            0M (0%)             -                  -          
[3.489s][info][gc,heap     ] GC(11)   Garbage:         -               137M (3%)          137M (3%)          137M (3%)             -                  -          
[3.489s][info][gc,heap     ] GC(11) Reclaimed:         -                  -                 0M (0%)            0M (0%)             -                  -          
[3.489s][info][gc          ] GC(11) Garbage Collection (Timer) 1230M(30%)->1230M(30%)
[3.775s][info][gc,start    ] GC(12) Garbage Collection (Timer)
[3.775s][info][gc,task     ] GC(12) Using 3 workers
[3.775s][info][gc,phases   ] GC(12) Pause Mark Start 0.006ms
[3.788s][info][gc,phases   ] GC(12) Concurrent Mark 13.293ms
[3.788s][info][gc,phases   ] GC(12) Pause Mark End 0.010ms
[3.788s][info][gc,phases   ] GC(12) Concurrent Mark Free 0.001ms
[3.789s][info][gc,phases   ] GC(12) Concurrent Process Non-Strong References 0.841ms
[3.789s][info][gc,phases   ] GC(12) Concurrent Reset Relocation Set 0.001ms
[3.792s][info][gc,phases   ] GC(12) Concurrent Select Relocation Set 2.151ms
[3.792s][info][gc,phases   ] GC(12) Pause Relocate Start 0.004ms
[3.792s][info][gc,phases   ] GC(12) Concurrent Relocate 0.282ms
[3.792s][info][gc,load     ] GC(12) Load: 0.00/0.00/0.00
[3.792s][info][gc,mmu      ] GC(12) MMU: 2ms/99.3%, 5ms/99.6%, 10ms/99.8%, 20ms/99.8%, 50ms/99.9%, 100ms/100.0%
[3.792s][info][gc,marking  ] GC(12) Mark: 2 stripe(s), 10 proactive flush(es), 1 terminate flush(es), 0 completion(s), 0 continuation(s) 
[3.792s][info][gc,marking  ] GC(12) Mark Stack Usage: 32M
[3.792s][info][gc,nmethod  ] GC(12) NMethods: 457 registered, 0 unregistered
[3.792s][info][gc,metaspace] GC(12) Metaspace: 1M used, 1M committed, 1088M reserved
[3.792s][info][gc,ref      ] GC(12) Soft: 181 encountered, 0 discovered, 0 enqueued
[3.792s][info][gc,ref      ] GC(12) Weak: 263 encountered, 5 discovered, 0 enqueued
[3.792s][info][gc,ref      ] GC(12) Final: 0 encountered, 0 discovered, 0 enqueued
[3.792s][info][gc,ref      ] GC(12) Phantom: 7 encountered, 3 discovered, 0 enqueued
[3.792s][info][gc,reloc    ] GC(12) Small Pages: 599 / 1198M, Empty: 0M, Relocated: 1M, In-Place: 0
[3.792s][info][gc,reloc    ] GC(12) Medium Pages: 1 / 32M, Empty: 0M, Relocated: 0M, In-Place: 0
[3.792s][info][gc,reloc    ] GC(12) Large Pages: 0 / 0M, Empty: 0M, Relocated: 0M, In-Place: 0
[3.792s][info][gc,reloc    ] GC(12) Forwarding Usage: 0M
[3.792s][info][gc,heap     ] GC(12) Min Capacity: 4096M(100%)
[3.792s][info][gc,heap     ] GC(12) Max Capacity: 4096M(100%)
[3.792s][info][gc,heap     ] GC(12) Soft Max Capacity: 4096M(100%)
[3.792s][info][gc,heap     ] GC(12)                Mark Start          Mark End        Relocate Start      Relocate End           High               Low         
[3.792s][info][gc,heap     ] GC(12)  Capacity:     4096M (100%)       4096M (100%)       4096M (100%)       4096M (100%)       4096M (100%)       4096M (100%)   
[3.793s][info][gc,heap     ] GC(12)      Free:     2866M (70%)        2866M (70%)        2866M (70%)        2866M (70%)        2866M (70%)        2862M (70%)    
[3.793s][info][gc,heap     ] GC(12)      Used:     1230M (30%)        1230M (30%)        1230M (30%)        1230M (30%)        1234M (30%)        1230M (30%)    
[3.793s][info][gc,heap     ] GC(12)      Live:         -              1092M (27%)        1092M (27%)        1092M (27%)            -                  -          
[3.793s][info][gc,heap     ] GC(12) Allocated:         -                 0M (0%)            0M (0%)            0M (0%)             -                  -          
[3.793s][info][gc,heap     ] GC(12)   Garbage:         -               137M (3%)          137M (3%)          137M (3%)             -                  -          
[3.793s][info][gc,heap     ] GC(12) Reclaimed:         -                  -                 0M (0%)            0M (0%)             -                  -          
[3.793s][info][gc          ] GC(12) Garbage Collection (Timer) 1230M(30%)->1230M(30%)
[4.074s][info][gc,start    ] GC(13) Garbage Collection (Timer)
[4.074s][info][gc,task     ] GC(13) Using 3 workers
[4.075s][info][gc,phases   ] GC(13) Pause Mark Start 0.006ms
[4.088s][info][gc,phases   ] GC(13) Concurrent Mark 13.180ms
[4.088s][info][gc,phases   ] GC(13) Pause Mark End 0.009ms
[4.088s][info][gc,phases   ] GC(13) Concurrent Mark Free 0.001ms
[4.089s][info][gc,phases   ] GC(13) Concurrent Process Non-Strong References 0.847ms
[4.089s][info][gc,phases   ] GC(13) Concurrent Reset Relocation Set 0.001ms
[4.091s][info][gc,phases   ] GC(13) Concurrent Select Relocation Set 2.212ms
[4.092s][info][gc,phases   ] GC(13) Pause Relocate Start 0.006ms
[4.093s][info][gc,phases   ] GC(13) Concurrent Relocate 0.995ms
[4.093s][info][gc,load     ] GC(13) Load: 0.00/0.00/0.00
[4.093s][info][gc,mmu      ] GC(13) MMU: 2ms/99.3%, 5ms/99.6%, 10ms/99.8%, 20ms/99.8%, 50ms/99.9%, 100ms/100.0%
[4.093s][info][gc,marking  ] GC(13) Mark: 2 stripe(s), 2 proactive flush(es), 1 terminate flush(es), 0 completion(s), 0 continuation(s) 
[4.093s][info][gc,marking  ] GC(13) Mark Stack Usage: 32M
[4.093s][info][gc,nmethod  ] GC(13) NMethods: 466 registered, 0 unregistered
[4.093s][info][gc,metaspace] GC(13) Metaspace: 1M used, 1M committed, 1088M reserved
[4.093s][info][gc,ref      ] GC(13) Soft: 181 encountered, 0 discovered, 0 enqueued
[4.093s][info][gc,ref      ] GC(13) Weak: 263 encountered, 0 discovered, 0 enqueued
[4.093s][info][gc,ref      ] GC(13) Final: 0 encountered, 0 discovered, 0 enqueued
[4.093s][info][gc,ref      ] GC(13) Phantom: 7 encountered, 3 discovered, 0 enqueued
[4.093s][info][gc,reloc    ] GC(13) Small Pages: 696 / 1392M, Empty: 0M, Relocated: 1M, In-Place: 0
[4.093s][info][gc,reloc    ] GC(13) Medium Pages: 1 / 32M, Empty: 0M, Relocated: 0M, In-Place: 0
[4.093s][info][gc,reloc    ] GC(13) Large Pages: 0 / 0M, Empty: 0M, Relocated: 0M, In-Place: 0
[4.093s][info][gc,reloc    ] GC(13) Forwarding Usage: 0M
[4.093s][info][gc,heap     ] GC(13) Min Capacity: 4096M(100%)
[4.093s][info][gc,heap     ] GC(13) Max Capacity: 4096M(100%)
[4.093s][info][gc,heap     ] GC(13) Soft Max Capacity: 4096M(100%)
[4.093s][info][gc,heap     ] GC(13)                Mark Start          Mark End        Relocate Start      Relocate End           High               Low         
[4.093s][info][gc,heap     ] GC(13)  Capacity:     4096M (100%)       4096M (100%)       4096M (100%)       4096M (100%)       4096M (100%)       4096M (100%)   
[4.093s][info][gc,heap     ] GC(13)      Free:     2672M (65%)        2670M (65%)        2666M (65%)        2666M (65%)        2672M (65%)        2662M (65%)    
[4.093s][info][gc,heap     ] GC(13)      Used:     1424M (35%)        1426M (35%)        1430M (35%)        1430M (35%)        1434M (35%)        1424M (35%)    
[4.093s][info][gc,heap     ] GC(13)      Live:         -              1269M (31%)        1269M (31%)        1269M (31%)            -                  -          
[4.093s][info][gc,heap     ] GC(13) Allocated:         -                 2M (0%)            6M (0%)            6M (0%)             -                  -          
[4.093s][info][gc,heap     ] GC(13)   Garbage:         -               154M (4%)          154M (4%)          154M (4%)             -                  -          
[4.094s][info][gc,heap     ] GC(13) Reclaimed:         -                  -                 0M (0%)            0M (0%)             -                  -          
[4.094s][info][gc          ] GC(13) Garbage Collection (Timer) 1424M(35%)->1430M(35%)
[4.374s][info][gc,start    ] GC(14) Garbage Collection (Timer)
[4.374s][info][gc,task     ] GC(14) Using 3 workers
[4.374s][info][gc,phases   ] GC(14) Pause Mark Start 0.006ms
[4.397s][info][gc,phases   ] GC(14) Concurrent Mark 22.739ms
[4.397s][info][gc,phases   ] GC(14) Pause Mark End 0.010ms
[4.397s][info][gc,phases   ] GC(14) Concurrent Mark Free 0.001ms
[4.398s][info][gc,phases   ] GC(14) Concurrent Process Non-Strong References 0.868ms
[4.398s][info][gc,phases   ] GC(14) Concurrent Reset Relocation Set 0.001ms
[4.400s][info][gc,phases   ] GC(14) Concurrent Select Relocation Set 2.110ms
[4.401s][info][gc,phases   ] GC(14) Pause Relocate Start 0.005ms
[4.403s][info][gc,phases   ] GC(14) Concurrent Relocate 1.931ms
[4.403s][info][gc,load     ] GC(14) Load: 0.00/0.00/0.00
[4.403s][info][gc,mmu      ] GC(14) MMU: 2ms/99.3%, 5ms/99.6%, 10ms/99.8%, 20ms/99.8%, 50ms/99.9%, 100ms/100.0%
[4.403s][info][gc,marking  ] GC(14) Mark: 2 stripe(s), 3 proactive flush(es), 1 terminate flush(es), 0 completion(s), 0 continuation(s) 
[4.403s][info][gc,marking  ] GC(14) Mark Stack Usage: 32M
[4.403s][info][gc,nmethod  ] GC(14) NMethods: 466 registered, 0 unregistered
[4.403s][info][gc,metaspace] GC(14) Metaspace: 1M used, 1M committed, 1088M reserved
[4.403s][info][gc,ref      ] GC(14) Soft: 181 encountered, 0 discovered, 0 enqueued
[4.403s][info][gc,ref      ] GC(14) Weak: 263 encountered, 0 discovered, 0 enqueued
[4.403s][info][gc,ref      ] GC(14) Final: 0 encountered, 0 discovered, 0 enqueued
[4.403s][info][gc,ref      ] GC(14) Phantom: 7 encountered, 3 discovered, 0 enqueued
[4.403s][info][gc,reloc    ] GC(14) Small Pages: 806 / 1612M, Empty: 0M, Relocated: 4M, In-Place: 0
[4.403s][info][gc,reloc    ] GC(14) Medium Pages: 2 / 64M, Empty: 32M, Relocated: 0M, In-Place: 0
[4.403s][info][gc,reloc    ] GC(14) Large Pages: 0 / 0M, Empty: 0M, Relocated: 0M, In-Place: 0
[4.403s][info][gc,reloc    ] GC(14) Forwarding Usage: 0M
[4.403s][info][gc,heap     ] GC(14) Min Capacity: 4096M(100%)
[4.403s][info][gc,heap     ] GC(14) Max Capacity: 4096M(100%)
[4.403s][info][gc,heap     ] GC(14) Soft Max Capacity: 4096M(100%)
[4.403s][info][gc,heap     ] GC(14)                Mark Start          Mark End        Relocate Start      Relocate End           High               Low         
[4.403s][info][gc,heap     ] GC(14)  Capacity:     4096M (100%)       4096M (100%)       4096M (100%)       4096M (100%)       4096M (100%)       4096M (100%)   
[4.403s][info][gc,heap     ] GC(14)      Free:     2420M (59%)        2416M (59%)        2444M (60%)        2446M (60%)        2446M (60%)        2414M (59%)    
[4.403s][info][gc,heap     ] GC(14)      Used:     1676M (41%)        1680M (41%)        1652M (40%)        1650M (40%)        1682M (41%)        1650M (40%)    
[4.403s][info][gc,heap     ] GC(14)      Live:         -              1469M (36%)        1469M (36%)        1469M (36%)            -                  -          
[4.403s][info][gc,heap     ] GC(14) Allocated:         -                 4M (0%)            8M (0%)            7M (0%)             -                  -          
[4.403s][info][gc,heap     ] GC(14)   Garbage:         -               206M (5%)          174M (4%)          172M (4%)             -                  -          
[4.403s][info][gc,heap     ] GC(14) Reclaimed:         -                  -                32M (1%)           33M (1%)             -                  -          
[4.403s][info][gc          ] GC(14) Garbage Collection (Timer) 1676M(41%)->1650M(40%)
[4.674s][info][gc,start    ] GC(15) Garbage Collection (Timer)
[4.674s][info][gc,task     ] GC(15) Using 3 workers
[4.674s][info][gc,phases   ] GC(15) Pause Mark Start 0.006ms
[4.703s][info][gc,phases   ] GC(15) Concurrent Mark 28.918ms
[4.703s][info][gc,phases   ] GC(15) Pause Mark End 0.010ms
[4.703s][info][gc,phases   ] GC(15) Concurrent Mark Free 0.001ms
[4.704s][info][gc,phases   ] GC(15) Concurrent Process Non-Strong References 0.834ms
[4.704s][info][gc,phases   ] GC(15) Concurrent Reset Relocation Set 0.001ms
[4.707s][info][gc,phases   ] GC(15) Concurrent Select Relocation Set 2.423ms
[4.707s][info][gc,phases   ] GC(15) Pause Relocate Start 0.005ms
[4.710s][info][gc,phases   ] GC(15) Concurrent Relocate 2.570ms
[4.710s][info][gc,load     ] GC(15) Load: 0.00/0.00/0.00
[4.710s][info][gc,mmu      ] GC(15) MMU: 2ms/99.3%, 5ms/99.6%, 10ms/99.8%, 20ms/99.8%, 50ms/99.9%, 100ms/100.0%
[4.710s][info][gc,marking  ] GC(15) Mark: 2 stripe(s), 3 proactive flush(es), 1 terminate flush(es), 0 completion(s), 0 continuation(s) 
[4.710s][info][gc,marking  ] GC(15) Mark Stack Usage: 32M
[4.710s][info][gc,nmethod  ] GC(15) NMethods: 466 registered, 0 unregistered
[4.710s][info][gc,metaspace] GC(15) Metaspace: 1M used, 1M committed, 1088M reserved
[4.710s][info][gc,ref      ] GC(15) Soft: 181 encountered, 0 discovered, 0 enqueued
[4.710s][info][gc,ref      ] GC(15) Weak: 263 encountered, 6 discovered, 0 enqueued
[4.710s][info][gc,ref      ] GC(15) Final: 0 encountered, 0 discovered, 0 enqueued
[4.710s][info][gc,ref      ] GC(15) Phantom: 7 encountered, 3 discovered, 0 enqueued
[4.710s][info][gc,reloc    ] GC(15) Small Pages: 898 / 1796M, Empty: 0M, Relocated: 5M, In-Place: 0
[4.710s][info][gc,reloc    ] GC(15) Medium Pages: 1 / 32M, Empty: 0M, Relocated: 0M, In-Place: 0
[4.710s][info][gc,reloc    ] GC(15) Large Pages: 0 / 0M, Empty: 0M, Relocated: 0M, In-Place: 0
[4.710s][info][gc,reloc    ] GC(15) Forwarding Usage: 0M
[4.710s][info][gc,heap     ] GC(15) Min Capacity: 4096M(100%)
[4.710s][info][gc,heap     ] GC(15) Max Capacity: 4096M(100%)
[4.710s][info][gc,heap     ] GC(15) Soft Max Capacity: 4096M(100%)
[4.710s][info][gc,heap     ] GC(15)                Mark Start          Mark End        Relocate Start      Relocate End           High               Low         
[4.710s][info][gc,heap     ] GC(15)  Capacity:     4096M (100%)       4096M (100%)       4096M (100%)       4096M (100%)       4096M (100%)       4096M (100%)   
[4.710s][info][gc,heap     ] GC(15)      Free:     2268M (55%)        2268M (55%)        2268M (55%)        2270M (55%)        2270M (55%)        2262M (55%)    
[4.710s][info][gc,heap     ] GC(15)      Used:     1828M (45%)        1828M (45%)        1828M (45%)        1826M (45%)        1834M (45%)        1826M (45%)    
[4.710s][info][gc,heap     ] GC(15)      Live:         -              1638M (40%)        1638M (40%)        1638M (40%)            -                  -          
[4.710s][info][gc,heap     ] GC(15) Allocated:         -                 0M (0%)            0M (0%)            0M (0%)             -                  -          
[4.710s][info][gc,heap     ] GC(15)   Garbage:         -               189M (5%)          189M (5%)          187M (5%)             -                  -          
[4.710s][info][gc,heap     ] GC(15) Reclaimed:         -                  -                 0M (0%)            2M (0%)             -                  -          
[4.710s][info][gc          ] GC(15) Garbage Collection (Timer) 1828M(45%)->1826M(45%)
[4.974s][info][gc,start    ] GC(16) Garbage Collection (Timer)
[4.974s][info][gc,task     ] GC(16) Using 3 workers
[4.974s][info][gc,phases   ] GC(16) Pause Mark Start 0.006ms
[5.001s][info][gc,phases   ] GC(16) Concurrent Mark 26.782ms
[5.001s][info][gc,phases   ] GC(16) Pause Mark End 0.011ms
[5.001s][info][gc,phases   ] GC(16) Concurrent Mark Free 0.001ms
[5.002s][info][gc,phases   ] GC(16) Concurrent Process Non-Strong References 0.984ms
[5.002s][info][gc,phases   ] GC(16) Concurrent Reset Relocation Set 0.001ms
[5.004s][info][gc,phases   ] GC(16) Concurrent Select Relocation Set 2.085ms
[5.005s][info][gc,phases   ] GC(16) Pause Relocate Start 0.006ms
[5.005s][info][gc,phases   ] GC(16) Concurrent Relocate 0.451ms
[5.005s][info][gc,load     ] GC(16) Load: 0.00/0.00/0.00
[5.005s][info][gc,mmu      ] GC(16) MMU: 2ms/99.3%, 5ms/99.6%, 10ms/99.8%, 20ms/99.8%, 50ms/99.9%, 100ms/100.0%
[5.005s][info][gc,marking  ] GC(16) Mark: 2 stripe(s), 8 proactive flush(es), 1 terminate flush(es), 0 completion(s), 0 continuation(s) 
[5.005s][info][gc,marking  ] GC(16) Mark Stack Usage: 32M
[5.005s][info][gc,nmethod  ] GC(16) NMethods: 466 registered, 0 unregistered
[5.005s][info][gc,metaspace] GC(16) Metaspace: 1M used, 1M committed, 1088M reserved
[5.005s][info][gc,ref      ] GC(16) Soft: 181 encountered, 0 discovered, 0 enqueued
[5.005s][info][gc,ref      ] GC(16) Weak: 263 encountered, 210 discovered, 0 enqueued
[5.005s][info][gc,ref      ] GC(16) Final: 0 encountered, 0 discovered, 0 enqueued
[5.005s][info][gc,ref      ] GC(16) Phantom: 7 encountered, 3 discovered, 0 enqueued
[5.005s][info][gc,reloc    ] GC(16) Small Pages: 897 / 1794M, Empty: 0M, Relocated: 1M, In-Place: 0
[5.005s][info][gc,reloc    ] GC(16) Medium Pages: 1 / 32M, Empty: 0M, Relocated: 0M, In-Place: 0
[5.005s][info][gc,reloc    ] GC(16) Large Pages: 0 / 0M, Empty: 0M, Relocated: 0M, In-Place: 0
[5.005s][info][gc,reloc    ] GC(16) Forwarding Usage: 0M
[5.005s][info][gc,heap     ] GC(16) Min Capacity: 4096M(100%)
[5.006s][info][gc,heap     ] GC(16) Max Capacity: 4096M(100%)
[5.006s][info][gc,heap     ] GC(16) Soft Max Capacity: 4096M(100%)
[5.006s][info][gc,heap     ] GC(16)                Mark Start          Mark End        Relocate Start      Relocate End           High               Low         
[5.006s][info][gc,heap     ] GC(16)  Capacity:     4096M (100%)       4096M (100%)       4096M (100%)       4096M (100%)       4096M (100%)       4096M (100%)   
[5.006s][info][gc,heap     ] GC(16)      Free:     2270M (55%)        2270M (55%)        2270M (55%)        2270M (55%)        2270M (55%)        2266M (55%)    
[5.006s][info][gc,heap     ] GC(16)      Used:     1826M (45%)        1826M (45%)        1826M (45%)        1826M (45%)        1830M (45%)        1826M (45%)    
[5.006s][info][gc,heap     ] GC(16)      Live:         -              1638M (40%)        1638M (40%)        1638M (40%)            -                  -          
[5.006s][info][gc,heap     ] GC(16) Allocated:         -                 0M (0%)            0M (0%)            0M (0%)             -                  -          
[5.006s][info][gc,heap     ] GC(16)   Garbage:         -               187M (5%)          187M (5%)          187M (5%)             -                  -          
[5.006s][info][gc,heap     ] GC(16) Reclaimed:         -                  -                 0M (0%)            0M (0%)             -                  -          
[5.006s][info][gc          ] GC(16) Garbage Collection (Timer) 1826M(45%)->1826M(45%)
[5.275s][info][gc,start    ] GC(17) Garbage Collection (Timer)
[5.275s][info][gc,task     ] GC(17) Using 3 workers
[5.275s][info][gc,phases   ] GC(17) Pause Mark Start 0.005ms
[5.288s][info][gc,phases   ] GC(17) Concurrent Mark 13.197ms
[5.289s][info][gc,phases   ] GC(17) Pause Mark End 0.010ms
[5.289s][info][gc,phases   ] GC(17) Concurrent Mark Free 0.001ms
[5.289s][info][gc,phases   ] GC(17) Concurrent Process Non-Strong References 0.841ms
[5.290s][info][gc,phases   ] GC(17) Concurrent Reset Relocation Set 0.001ms
[5.292s][info][gc,phases   ] GC(17) Concurrent Select Relocation Set 2.069ms
[5.292s][info][gc,phases   ] GC(17) Pause Relocate Start 0.005ms
[5.292s][info][gc,phases   ] GC(17) Concurrent Relocate 0.456ms
[5.292s][info][gc,load     ] GC(17) Load: 0.00/0.00/0.00
[5.292s][info][gc,mmu      ] GC(17) MMU: 2ms/99.3%, 5ms/99.6%, 10ms/99.8%, 20ms/99.8%, 50ms/99.9%, 100ms/100.0%
[5.292s][info][gc,marking  ] GC(17) Mark: 2 stripe(s), 10 proactive flush(es), 1 terminate flush(es), 0 completion(s), 0 continuation(s) 
[5.292s][info][gc,marking  ] GC(17) Mark Stack Usage: 32M
[5.292s][info][gc,nmethod  ] GC(17) NMethods: 466 registered, 0 unregistered
[5.292s][info][gc,metaspace] GC(17) Metaspace: 1M used, 1M committed, 1088M reserved
[5.292s][info][gc,ref      ] GC(17) Soft: 181 encountered, 0 discovered, 0 enqueued
[5.293s][info][gc,ref      ] GC(17) Weak: 263 encountered, 209 discovered, 0 enqueued
[5.293s][info][gc,ref      ] GC(17) Final: 0 encountered, 0 discovered, 0 enqueued
[5.293s][info][gc,ref      ] GC(17) Phantom: 7 encountered, 3 discovered, 0 enqueued
[5.293s][info][gc,reloc    ] GC(17) Small Pages: 897 / 1794M, Empty: 0M, Relocated: 1M, In-Place: 0
[5.293s][info][gc,reloc    ] GC(17) Medium Pages: 1 / 32M, Empty: 0M, Relocated: 0M, In-Place: 0
[5.293s][info][gc,reloc    ] GC(17) Large Pages: 0 / 0M, Empty: 0M, Relocated: 0M, In-Place: 0
[5.293s][info][gc,reloc    ] GC(17) Forwarding Usage: 0M
[5.293s][info][gc,heap     ] GC(17) Min Capacity: 4096M(100%)
[5.293s][info][gc,heap     ] GC(17) Max Capacity: 4096M(100%)
[5.293s][info][gc,heap     ] GC(17) Soft Max Capacity: 4096M(100%)
[5.293s][info][gc,heap     ] GC(17)                Mark Start          Mark End        Relocate Start      Relocate End           High               Low         
[5.293s][info][gc,heap     ] GC(17)  Capacity:     4096M (100%)       4096M (100%)       4096M (100%)       4096M (100%)       4096M (100%)       4096M (100%)   
[5.293s][info][gc,heap     ] GC(17)      Free:     2270M (55%)        2270M (55%)        2270M (55%)        2270M (55%)        2270M (55%)        2266M (55%)    
[5.293s][info][gc,heap     ] GC(17)      Used:     1826M (45%)        1826M (45%)        1826M (45%)        1826M (45%)        1830M (45%)        1826M (45%)    
[5.293s][info][gc,heap     ] GC(17)      Live:         -              1638M (40%)        1638M (40%)        1638M (40%)            -                  -          
[5.293s][info][gc,heap     ] GC(17) Allocated:         -                 0M (0%)            0M (0%)            0M (0%)             -                  -          
[5.293s][info][gc,heap     ] GC(17)   Garbage:         -               187M (5%)          187M (5%)          187M (5%)             -                  -          
[5.293s][info][gc,heap     ] GC(17) Reclaimed:         -                  -                 0M (0%)            0M (0%)             -                  -          
[5.293s][info][gc          ] GC(17) Garbage Collection (Timer) 1826M(45%)->1826M(45%)
[5.574s][info][gc,start    ] GC(18) Garbage Collection (Timer)
[5.574s][info][gc,task     ] GC(18) Using 3 workers
[5.574s][info][gc,phases   ] GC(18) Pause Mark Start 0.006ms
[5.592s][info][gc,phases   ] GC(18) Concurrent Mark 17.455ms
[5.592s][info][gc,phases   ] GC(18) Pause Mark End 0.010ms
[5.592s][info][gc,phases   ] GC(18) Concurrent Mark Free 0.001ms
[5.593s][info][gc,phases   ] GC(18) Concurrent Process Non-Strong References 0.859ms
[5.593s][info][gc,phases   ] GC(18) Concurrent Reset Relocation Set 0.001ms
[5.595s][info][gc,phases   ] GC(18) Concurrent Select Relocation Set 2.131ms
[5.595s][info][gc,phases   ] GC(18) Pause Relocate Start 0.005ms
[5.596s][info][gc,phases   ] GC(18) Concurrent Relocate 0.467ms
[5.596s][info][gc,load     ] GC(18) Load: 0.00/0.00/0.00
[5.596s][info][gc,mmu      ] GC(18) MMU: 2ms/99.3%, 5ms/99.6%, 10ms/99.8%, 20ms/99.8%, 50ms/99.9%, 100ms/100.0%
[5.596s][info][gc,marking  ] GC(18) Mark: 2 stripe(s), 10 proactive flush(es), 1 terminate flush(es), 0 completion(s), 0 continuation(s) 
[5.596s][info][gc,marking  ] GC(18) Mark Stack Usage: 32M
[5.596s][info][gc,nmethod  ] GC(18) NMethods: 466 registered, 0 unregistered
[5.596s][info][gc,metaspace] GC(18) Metaspace: 1M used, 1M committed, 1088M reserved
[5.596s][info][gc,ref      ] GC(18) Soft: 181 encountered, 0 discovered, 0 enqueued
[5.596s][info][gc,ref      ] GC(18) Weak: 263 encountered, 210 discovered, 0 enqueued
[5.596s][info][gc,ref      ] GC(18) Final: 0 encountered, 0 discovered, 0 enqueued
[5.596s][info][gc,ref      ] GC(18) Phantom: 7 encountered, 3 discovered, 0 enqueued
[5.596s][info][gc,reloc    ] GC(18) Small Pages: 897 / 1794M, Empty: 0M, Relocated: 1M, In-Place: 0
[5.596s][info][gc,reloc    ] GC(18) Medium Pages: 1 / 32M, Empty: 0M, Relocated: 0M, In-Place: 0
[5.596s][info][gc,reloc    ] GC(18) Large Pages: 0 / 0M, Empty: 0M, Relocated: 0M, In-Place: 0
[5.596s][info][gc,reloc    ] GC(18) Forwarding Usage: 0M
[5.596s][info][gc,heap     ] GC(18) Min Capacity: 4096M(100%)
[5.596s][info][gc,heap     ] GC(18) Max Capacity: 4096M(100%)
[5.596s][info][gc,heap     ] GC(18) Soft Max Capacity: 4096M(100%)
[5.596s][info][gc,heap     ] GC(18)                Mark Start          Mark End        Relocate Start      Relocate End           High               Low         
[5.596s][info][gc,heap     ] GC(18)  Capacity:     4096M (100%)       4096M (100%)       4096M (100%)       4096M (100%)       4096M (100%)       4096M (100%)   
[5.596s][info][gc,heap     ] GC(18)      Free:     2270M (55%)        2270M (55%)        2270M (55%)        2270M (55%)        2270M (55%)        2266M (55%)    
[5.596s][info][gc,heap     ] GC(18)      Used:     1826M (45%)        1826M (45%)        1826M (45%)        1826M (45%)        1830M (45%)        1826M (45%)    
[5.596s][info][gc,heap     ] GC(18)      Live:         -              1638M (40%)        1638M (40%)        1638M (40%)            -                  -          
[5.596s][info][gc,heap     ] GC(18) Allocated:         -                 0M (0%)            0M (0%)            0M (0%)             -                  -          
[5.596s][info][gc,heap     ] GC(18)   Garbage:         -               187M (5%)          187M (5%)          187M (5%)             -                  -          
[5.596s][info][gc,heap     ] GC(18) Reclaimed:         -                  -                 0M (0%)            0M (0%)             -                  -          
[5.597s][info][gc          ] GC(18) Garbage Collection (Timer) 1826M(45%)->1826M(45%)
[5.874s][info][gc,start    ] GC(19) Garbage Collection (Timer)
[5.874s][info][gc,task     ] GC(19) Using 3 workers
[5.874s][info][gc,phases   ] GC(19) Pause Mark Start 0.005ms
[5.894s][info][gc,phases   ] GC(19) Concurrent Mark 19.726ms
[5.894s][info][gc,phases   ] GC(19) Pause Mark End 0.010ms
[5.895s][info][gc,phases   ] GC(19) Concurrent Mark Free 0.001ms
[5.896s][info][gc,phases   ] GC(19) Concurrent Process Non-Strong References 0.901ms
[5.896s][info][gc,phases   ] GC(19) Concurrent Reset Relocation Set 0.001ms
[5.898s][info][gc,phases   ] GC(19) Concurrent Select Relocation Set 2.295ms
[5.898s][info][gc,phases   ] GC(19) Pause Relocate Start 0.005ms
[5.899s][info][gc,phases   ] GC(19) Concurrent Relocate 0.874ms
[5.899s][info][gc,load     ] GC(19) Load: 0.00/0.00/0.00
[5.899s][info][gc,mmu      ] GC(19) MMU: 2ms/99.3%, 5ms/99.6%, 10ms/99.8%, 20ms/99.8%, 50ms/99.9%, 100ms/100.0%
[5.899s][info][gc,marking  ] GC(19) Mark: 2 stripe(s), 2 proactive flush(es), 1 terminate flush(es), 0 completion(s), 0 continuation(s) 
[5.899s][info][gc,marking  ] GC(19) Mark Stack Usage: 32M
[5.899s][info][gc,nmethod  ] GC(19) NMethods: 477 registered, 0 unregistered
[5.899s][info][gc,metaspace] GC(19) Metaspace: 1M used, 1M committed, 1088M reserved
[5.899s][info][gc,ref      ] GC(19) Soft: 181 encountered, 0 discovered, 0 enqueued
[5.899s][info][gc,ref      ] GC(19) Weak: 263 encountered, 5 discovered, 0 enqueued
[5.899s][info][gc,ref      ] GC(19) Final: 0 encountered, 0 discovered, 0 enqueued
[5.899s][info][gc,ref      ] GC(19) Phantom: 7 encountered, 3 discovered, 0 enqueued
[5.899s][info][gc,reloc    ] GC(19) Small Pages: 999 / 1998M, Empty: 0M, Relocated: 1M, In-Place: 0
[5.899s][info][gc,reloc    ] GC(19) Medium Pages: 1 / 32M, Empty: 0M, Relocated: 0M, In-Place: 0
[5.899s][info][gc,reloc    ] GC(19) Large Pages: 0 / 0M, Empty: 0M, Relocated: 0M, In-Place: 0
[5.899s][info][gc,reloc    ] GC(19) Forwarding Usage: 0M
[5.900s][info][gc,heap     ] GC(19) Min Capacity: 4096M(100%)
[5.900s][info][gc,heap     ] GC(19) Max Capacity: 4096M(100%)
[5.900s][info][gc,heap     ] GC(19) Soft Max Capacity: 4096M(100%)
[5.900s][info][gc,heap     ] GC(19)                Mark Start          Mark End        Relocate Start      Relocate End           High               Low         
[5.900s][info][gc,heap     ] GC(19)  Capacity:     4096M (100%)       4096M (100%)       4096M (100%)       4096M (100%)       4096M (100%)       4096M (100%)   
[5.900s][info][gc,heap     ] GC(19)      Free:     2066M (50%)        2062M (50%)        2060M (50%)        2060M (50%)        2066M (50%)        2054M (50%)    
[5.900s][info][gc,heap     ] GC(19)      Used:     2030M (50%)        2034M (50%)        2036M (50%)        2036M (50%)        2042M (50%)        2030M (50%)    
[5.900s][info][gc,heap     ] GC(19)      Live:         -              1823M (45%)        1823M (45%)        1823M (45%)            -                  -          
[5.900s][info][gc,heap     ] GC(19) Allocated:         -                 4M (0%)            6M (0%)            6M (0%)             -                  -          
[5.900s][info][gc,heap     ] GC(19)   Garbage:         -               206M (5%)          206M (5%)          206M (5%)             -                  -          
[5.900s][info][gc,heap     ] GC(19) Reclaimed:         -                  -                 0M (0%)            0M (0%)             -                  -          
[5.900s][info][gc          ] GC(19) Garbage Collection (Timer) 2030M(50%)->2036M(50%)
[6.174s][info][gc,start    ] GC(20) Garbage Collection (Timer)
[6.174s][info][gc,task     ] GC(20) Using 3 workers
[6.174s][info][gc,phases   ] GC(20) Pause Mark Start 0.005ms
[6.197s][info][gc,phases   ] GC(20) Concurrent Mark 23.022ms
[6.197s][info][gc,phases   ] GC(20) Pause Mark End 0.010ms
[6.197s][info][gc,phases   ] GC(20) Concurrent Mark Free 0.001ms
[6.198s][info][gc,phases   ] GC(20) Concurrent Process Non-Strong References 0.798ms
[6.198s][info][gc,phases   ] GC(20) Concurrent Reset Relocation Set 0.001ms
[6.200s][info][gc,phases   ] GC(20) Concurrent Select Relocation Set 2.204ms
[6.200s][info][gc,phases   ] GC(20) Pause Relocate Start 0.005ms
[6.202s][info][gc,phases   ] GC(20) Concurrent Relocate 0.889ms
[6.202s][info][gc,load     ] GC(20) Load: 0.00/0.00/0.00
[6.202s][info][gc,mmu      ] GC(20) MMU: 2ms/99.3%, 5ms/99.6%, 10ms/99.8%, 20ms/99.8%, 50ms/99.9%, 100ms/100.0%
[6.202s][info][gc,marking  ] GC(20) Mark: 2 stripe(s), 3 proactive flush(es), 1 terminate flush(es), 0 completion(s), 0 continuation(s) 
[6.202s][info][gc,marking  ] GC(20) Mark Stack Usage: 32M
[6.202s][info][gc,nmethod  ] GC(20) NMethods: 477 registered, 0 unregistered
[6.202s][info][gc,metaspace] GC(20) Metaspace: 1M used, 1M committed, 1088M reserved
[6.202s][info][gc,ref      ] GC(20) Soft: 181 encountered, 0 discovered, 0 enqueued
[6.202s][info][gc,ref      ] GC(20) Weak: 263 encountered, 223 discovered, 0 enqueued
[6.202s][info][gc,ref      ] GC(20) Final: 0 encountered, 0 discovered, 0 enqueued
[6.202s][info][gc,ref      ] GC(20) Phantom: 7 encountered, 3 discovered, 0 enqueued
[6.202s][info][gc,reloc    ] GC(20) Small Pages: 1095 / 2190M, Empty: 0M, Relocated: 1M, In-Place: 0
[6.202s][info][gc,reloc    ] GC(20) Medium Pages: 2 / 64M, Empty: 32M, Relocated: 0M, In-Place: 0
[6.202s][info][gc,reloc    ] GC(20) Large Pages: 0 / 0M, Empty: 0M, Relocated: 0M, In-Place: 0
[6.202s][info][gc,reloc    ] GC(20) Forwarding Usage: 0M
[6.202s][info][gc,heap     ] GC(20) Min Capacity: 4096M(100%)
[6.202s][info][gc,heap     ] GC(20) Max Capacity: 4096M(100%)
[6.202s][info][gc,heap     ] GC(20) Soft Max Capacity: 4096M(100%)
[6.202s][info][gc,heap     ] GC(20)                Mark Start          Mark End        Relocate Start      Relocate End           High               Low         
[6.202s][info][gc,heap     ] GC(20)  Capacity:     4096M (100%)       4096M (100%)       4096M (100%)       4096M (100%)       4096M (100%)       4096M (100%)   
[6.202s][info][gc,heap     ] GC(20)      Free:     1842M (45%)        1838M (45%)        1866M (46%)        1866M (46%)        1868M (46%)        1836M (45%)    
[6.202s][info][gc,heap     ] GC(20)      Used:     2254M (55%)        2258M (55%)        2230M (54%)        2230M (54%)        2260M (55%)        2228M (54%)    
[6.202s][info][gc,heap     ] GC(20)      Live:         -              1999M (49%)        1999M (49%)        1999M (49%)            -                  -          
[6.202s][info][gc,heap     ] GC(20) Allocated:         -                 4M (0%)            8M (0%)            8M (0%)             -                  -          
[6.202s][info][gc,heap     ] GC(20)   Garbage:         -               254M (6%)          222M (5%)          222M (5%)             -                  -          
[6.202s][info][gc,heap     ] GC(20) Reclaimed:         -                  -                32M (1%)           32M (1%)             -                  -          
[6.202s][info][gc          ] GC(20) Garbage Collection (Timer) 2254M(55%)->2230M(54%)
[6.473s][info][gc,start    ] GC(21) Garbage Collection (Timer)
[6.473s][info][gc,task     ] GC(21) Using 3 workers
[6.474s][info][gc,phases   ] GC(21) Pause Mark Start 0.006ms
[6.499s][info][gc,phases   ] GC(21) Concurrent Mark 25.730ms
[6.500s][info][gc,phases   ] GC(21) Pause Mark End 0.009ms
[6.500s][info][gc,phases   ] GC(21) Concurrent Mark Free 0.001ms
[6.501s][info][gc,phases   ] GC(21) Concurrent Process Non-Strong References 0.827ms
[6.501s][info][gc,phases   ] GC(21) Concurrent Reset Relocation Set 0.001ms
[6.503s][info][gc,phases   ] GC(21) Concurrent Select Relocation Set 2.292ms
[6.503s][info][gc,phases   ] GC(21) Pause Relocate Start 0.006ms
[6.505s][info][gc,phases   ] GC(21) Concurrent Relocate 1.476ms
[6.505s][info][gc,load     ] GC(21) Load: 0.00/0.00/0.00
[6.505s][info][gc,mmu      ] GC(21) MMU: 2ms/99.3%, 5ms/99.6%, 10ms/99.8%, 20ms/99.8%, 50ms/99.9%, 100ms/100.0%
[6.505s][info][gc,marking  ] GC(21) Mark: 2 stripe(s), 2 proactive flush(es), 1 terminate flush(es), 0 completion(s), 0 continuation(s) 
[6.505s][info][gc,marking  ] GC(21) Mark Stack Usage: 32M
[6.505s][info][gc,nmethod  ] GC(21) NMethods: 477 registered, 0 unregistered
[6.505s][info][gc,metaspace] GC(21) Metaspace: 1M used, 1M committed, 1088M reserved
[6.505s][info][gc,ref      ] GC(21) Soft: 181 encountered, 0 discovered, 0 enqueued
[6.505s][info][gc,ref      ] GC(21) Weak: 263 encountered, 11 discovered, 0 enqueued
[6.505s][info][gc,ref      ] GC(21) Final: 0 encountered, 0 discovered, 0 enqueued
[6.505s][info][gc,ref      ] GC(21) Phantom: 7 encountered, 3 discovered, 0 enqueued
[6.505s][info][gc,reloc    ] GC(21) Small Pages: 1184 / 2368M, Empty: 0M, Relocated: 3M, In-Place: 0
[6.505s][info][gc,reloc    ] GC(21) Medium Pages: 1 / 32M, Empty: 0M, Relocated: 0M, In-Place: 0
[6.505s][info][gc,reloc    ] GC(21) Large Pages: 0 / 0M, Empty: 0M, Relocated: 0M, In-Place: 0
[6.505s][info][gc,reloc    ] GC(21) Forwarding Usage: 0M
[6.505s][info][gc,heap     ] GC(21) Min Capacity: 4096M(100%)
[6.505s][info][gc,heap     ] GC(21) Max Capacity: 4096M(100%)
[6.505s][info][gc,heap     ] GC(21) Soft Max Capacity: 4096M(100%)
[6.505s][info][gc,heap     ] GC(21)                Mark Start          Mark End        Relocate Start      Relocate End           High               Low         
[6.505s][info][gc,heap     ] GC(21)  Capacity:     4096M (100%)       4096M (100%)       4096M (100%)       4096M (100%)       4096M (100%)       4096M (100%)   
[6.506s][info][gc,heap     ] GC(21)      Free:     1696M (41%)        1692M (41%)        1692M (41%)        1696M (41%)        1696M (41%)        1686M (41%)    
[6.506s][info][gc,heap     ] GC(21)      Used:     2400M (59%)        2404M (59%)        2404M (59%)        2400M (59%)        2410M (59%)        2400M (59%)    
[6.506s][info][gc,heap     ] GC(21)      Live:         -              2160M (53%)        2160M (53%)        2160M (53%)            -                  -          
[6.506s][info][gc,heap     ] GC(21) Allocated:         -                 4M (0%)            4M (0%)            3M (0%)             -                  -          
[6.506s][info][gc,heap     ] GC(21)   Garbage:         -               239M (6%)          239M (6%)          235M (6%)             -                  -          
[6.506s][info][gc,heap     ] GC(21) Reclaimed:         -                  -                 0M (0%)            3M (0%)             -                  -          
[6.506s][info][gc          ] GC(21) Garbage Collection (Timer) 2400M(59%)->2400M(59%)
[6.774s][info][gc,start    ] GC(22) Garbage Collection (Timer)
[6.774s][info][gc,task     ] GC(22) Using 3 workers
[6.774s][info][gc,phases   ] GC(22) Pause Mark Start 0.006ms
[6.796s][info][gc,phases   ] GC(22) Concurrent Mark 21.476ms
[6.796s][info][gc,phases   ] GC(22) Pause Mark End 0.010ms
[6.796s][info][gc,phases   ] GC(22) Concurrent Mark Free 0.001ms
[6.797s][info][gc,phases   ] GC(22) Concurrent Process Non-Strong References 0.814ms
[6.797s][info][gc,phases   ] GC(22) Concurrent Reset Relocation Set 0.001ms
[6.799s][info][gc,phases   ] GC(22) Concurrent Select Relocation Set 2.082ms
[6.799s][info][gc,phases   ] GC(22) Pause Relocate Start 0.003ms
[6.801s][info][gc,phases   ] GC(22) Concurrent Relocate 1.384ms
[6.801s][info][gc,load     ] GC(22) Load: 0.00/0.00/0.00
[6.801s][info][gc,mmu      ] GC(22) MMU: 2ms/99.3%, 5ms/99.6%, 10ms/99.8%, 20ms/99.8%, 50ms/99.9%, 100ms/100.0%
[6.801s][info][gc,marking  ] GC(22) Mark: 2 stripe(s), 8 proactive flush(es), 1 terminate flush(es), 0 completion(s), 0 continuation(s) 
[6.801s][info][gc,marking  ] GC(22) Mark Stack Usage: 32M
[6.801s][info][gc,nmethod  ] GC(22) NMethods: 477 registered, 0 unregistered
[6.801s][info][gc,metaspace] GC(22) Metaspace: 1M used, 1M committed, 1088M reserved
[6.801s][info][gc,ref      ] GC(22) Soft: 181 encountered, 0 discovered, 0 enqueued
[6.801s][info][gc,ref      ] GC(22) Weak: 263 encountered, 209 discovered, 0 enqueued
[6.801s][info][gc,ref      ] GC(22) Final: 0 encountered, 0 discovered, 0 enqueued
[6.801s][info][gc,ref      ] GC(22) Phantom: 7 encountered, 3 discovered, 0 enqueued
[6.801s][info][gc,reloc    ] GC(22) Small Pages: 1198 / 2396M, Empty: 0M, Relocated: 3M, In-Place: 0
[6.801s][info][gc,reloc    ] GC(22) Medium Pages: 1 / 32M, Empty: 0M, Relocated: 0M, In-Place: 0
[6.801s][info][gc,reloc    ] GC(22) Large Pages: 0 / 0M, Empty: 0M, Relocated: 0M, In-Place: 0
[6.801s][info][gc,reloc    ] GC(22) Forwarding Usage: 0M
[6.801s][info][gc,heap     ] GC(22) Min Capacity: 4096M(100%)
[6.801s][info][gc,heap     ] GC(22) Max Capacity: 4096M(100%)
[6.801s][info][gc,heap     ] GC(22) Soft Max Capacity: 4096M(100%)
[6.801s][info][gc,heap     ] GC(22)                Mark Start          Mark End        Relocate Start      Relocate End           High               Low         
[6.801s][info][gc,heap     ] GC(22)  Capacity:     4096M (100%)       4096M (100%)       4096M (100%)       4096M (100%)       4096M (100%)       4096M (100%)   
[6.801s][info][gc,heap     ] GC(22)      Free:     1668M (41%)        1668M (41%)        1668M (41%)        1668M (41%)        1668M (41%)        1662M (41%)    
[6.801s][info][gc,heap     ] GC(22)      Used:     2428M (59%)        2428M (59%)        2428M (59%)        2428M (59%)        2434M (59%)        2428M (59%)    
[6.801s][info][gc,heap     ] GC(22)      Live:         -              2188M (53%)        2188M (53%)        2188M (53%)            -                  -          
[6.801s][info][gc,heap     ] GC(22) Allocated:         -                 0M (0%)            0M (0%)            0M (0%)             -                  -          
[6.801s][info][gc,heap     ] GC(22)   Garbage:         -               239M (6%)          239M (6%)          239M (6%)             -                  -          
[6.801s][info][gc,heap     ] GC(22) Reclaimed:         -                  -                 0M (0%)            0M (0%)             -                  -          
[6.801s][info][gc          ] GC(22) Garbage Collection (Timer) 2428M(59%)->2428M(59%)
[7.073s][info][gc,start    ] GC(23) Garbage Collection (Timer)
[7.073s][info][gc,task     ] GC(23) Using 3 workers
[7.073s][info][gc,phases   ] GC(23) Pause Mark Start 0.007ms
[7.094s][info][gc,phases   ] GC(23) Concurrent Mark 20.753ms
[7.094s][info][gc,phases   ] GC(23) Pause Mark End 0.010ms
[7.094s][info][gc,phases   ] GC(23) Concurrent Mark Free 0.001ms
[7.095s][info][gc,phases   ] GC(23) Concurrent Process Non-Strong References 0.722ms
[7.095s][info][gc,phases   ] GC(23) Concurrent Reset Relocation Set 0.001ms
[7.097s][info][gc,phases   ] GC(23) Concurrent Select Relocation Set 2.113ms
[7.097s][info][gc,phases   ] GC(23) Pause Relocate Start 0.007ms
[7.098s][info][gc,phases   ] GC(23) Concurrent Relocate 0.604ms
[7.098s][info][gc,load     ] GC(23) Load: 0.00/0.00/0.00
[7.098s][info][gc,mmu      ] GC(23) MMU: 2ms/99.3%, 5ms/99.6%, 10ms/99.8%, 20ms/99.8%, 50ms/99.9%, 100ms/100.0%
[7.098s][info][gc,marking  ] GC(23) Mark: 2 stripe(s), 6 proactive flush(es), 1 terminate flush(es), 0 completion(s), 0 continuation(s) 
[7.098s][info][gc,marking  ] GC(23) Mark Stack Usage: 32M
[7.098s][info][gc,nmethod  ] GC(23) NMethods: 477 registered, 0 unregistered
[7.098s][info][gc,metaspace] GC(23) Metaspace: 1M used, 1M committed, 1088M reserved
[7.098s][info][gc,ref      ] GC(23) Soft: 181 encountered, 0 discovered, 0 enqueued
[7.098s][info][gc,ref      ] GC(23) Weak: 263 encountered, 0 discovered, 0 enqueued
[7.098s][info][gc,ref      ] GC(23) Final: 0 encountered, 0 discovered, 0 enqueued
[7.098s][info][gc,ref      ] GC(23) Phantom: 7 encountered, 3 discovered, 0 enqueued
[7.098s][info][gc,reloc    ] GC(23) Small Pages: 1198 / 2396M, Empty: 0M, Relocated: 3M, In-Place: 0
[7.099s][info][gc,reloc    ] GC(23) Medium Pages: 1 / 32M, Empty: 0M, Relocated: 0M, In-Place: 0
[7.099s][info][gc,reloc    ] GC(23) Large Pages: 0 / 0M, Empty: 0M, Relocated: 0M, In-Place: 0
[7.099s][info][gc,reloc    ] GC(23) Forwarding Usage: 0M
[7.099s][info][gc,heap     ] GC(23) Min Capacity: 4096M(100%)
[7.099s][info][gc,heap     ] GC(23) Max Capacity: 4096M(100%)
[7.099s][info][gc,heap     ] GC(23) Soft Max Capacity: 4096M(100%)
[7.099s][info][gc,heap     ] GC(23)                Mark Start          Mark End        Relocate Start      Relocate End           High               Low         
[7.099s][info][gc,heap     ] GC(23)  Capacity:     4096M (100%)       4096M (100%)       4096M (100%)       4096M (100%)       4096M (100%)       4096M (100%)   
[7.099s][info][gc,heap     ] GC(23)      Free:     1668M (41%)        1668M (41%)        1668M (41%)        1668M (41%)        1668M (41%)        1662M (41%)    
[7.099s][info][gc,heap     ] GC(23)      Used:     2428M (59%)        2428M (59%)        2428M (59%)        2428M (59%)        2434M (59%)        2428M (59%)    
[7.099s][info][gc,heap     ] GC(23)      Live:         -              2188M (53%)        2188M (53%)        2188M (53%)            -                  -          
[7.099s][info][gc,heap     ] GC(23) Allocated:         -                 0M (0%)            0M (0%)            0M (0%)             -                  -          
[7.099s][info][gc,heap     ] GC(23)   Garbage:         -               239M (6%)          239M (6%)          239M (6%)             -                  -          
[7.099s][info][gc,heap     ] GC(23) Reclaimed:         -                  -                 0M (0%)            0M (0%)             -                  -          
[7.099s][info][gc          ] GC(23) Garbage Collection (Timer) 2428M(59%)->2428M(59%)
[7.373s][info][gc,start    ] GC(24) Garbage Collection (Timer)
[7.374s][info][gc,task     ] GC(24) Using 3 workers
[7.374s][info][gc,phases   ] GC(24) Pause Mark Start 0.006ms
[7.391s][info][gc,phases   ] GC(24) Concurrent Mark 16.915ms
[7.391s][info][gc,phases   ] GC(24) Pause Mark End 0.013ms
[7.391s][info][gc,phases   ] GC(24) Concurrent Mark Free 0.001ms
[7.391s][info][gc,phases   ] GC(24) Concurrent Process Non-Strong References 0.551ms
[7.392s][info][gc,phases   ] GC(24) Concurrent Reset Relocation Set 0.001ms
[7.394s][info][gc,phases   ] GC(24) Concurrent Select Relocation Set 2.057ms
[7.394s][info][gc,phases   ] GC(24) Pause Relocate Start 0.006ms
[7.394s][info][gc,phases   ] GC(24) Concurrent Relocate 0.668ms
[7.395s][info][gc,load     ] GC(24) Load: 0.00/0.00/0.00
[7.395s][info][gc,mmu      ] GC(24) MMU: 2ms/99.3%, 5ms/99.6%, 10ms/99.8%, 20ms/99.8%, 50ms/99.9%, 100ms/100.0%
[7.395s][info][gc,marking  ] GC(24) Mark: 2 stripe(s), 1 proactive flush(es), 1 terminate flush(es), 0 completion(s), 0 continuation(s) 
[7.395s][info][gc,marking  ] GC(24) Mark Stack Usage: 32M
[7.395s][info][gc,nmethod  ] GC(24) NMethods: 477 registered, 0 unregistered
[7.395s][info][gc,metaspace] GC(24) Metaspace: 1M used, 1M committed, 1088M reserved
[7.395s][info][gc,ref      ] GC(24) Soft: 181 encountered, 0 discovered, 0 enqueued
[7.395s][info][gc,ref      ] GC(24) Weak: 263 encountered, 0 discovered, 0 enqueued
[7.395s][info][gc,ref      ] GC(24) Final: 0 encountered, 0 discovered, 0 enqueued
[7.395s][info][gc,ref      ] GC(24) Phantom: 7 encountered, 3 discovered, 0 enqueued
[7.395s][info][gc,reloc    ] GC(24) Small Pages: 1198 / 2396M, Empty: 0M, Relocated: 3M, In-Place: 0
[7.395s][info][gc,reloc    ] GC(24) Medium Pages: 1 / 32M, Empty: 0M, Relocated: 0M, In-Place: 0
[7.395s][info][gc,reloc    ] GC(24) Large Pages: 0 / 0M, Empty: 0M, Relocated: 0M, In-Place: 0
[7.395s][info][gc,reloc    ] GC(24) Forwarding Usage: 0M
[7.395s][info][gc,heap     ] GC(24) Min Capacity: 4096M(100%)
[7.395s][info][gc,heap     ] GC(24) Max Capacity: 4096M(100%)
[7.395s][info][gc,heap     ] GC(24) Soft Max Capacity: 4096M(100%)
[7.395s][info][gc,heap     ] GC(24)                Mark Start          Mark End        Relocate Start      Relocate End           High               Low         
[7.395s][info][gc,heap     ] GC(24)  Capacity:     4096M (100%)       4096M (100%)       4096M (100%)       4096M (100%)       4096M (100%)       4096M (100%)   
[7.395s][info][gc,heap     ] GC(24)      Free:     1668M (41%)        1668M (41%)        1668M (41%)        1668M (41%)        1668M (41%)        1662M (41%)    
[7.395s][info][gc,heap     ] GC(24)      Used:     2428M (59%)        2428M (59%)        2428M (59%)        2428M (59%)        2434M (59%)        2428M (59%)    
[7.395s][info][gc,heap     ] GC(24)      Live:         -              2188M (53%)        2188M (53%)        2188M (53%)            -                  -          
[7.395s][info][gc,heap     ] GC(24) Allocated:         -                 0M (0%)            0M (0%)            0M (0%)             -                  -          
[7.395s][info][gc,heap     ] GC(24)   Garbage:         -               239M (6%)          239M (6%)          239M (6%)             -                  -          
[7.395s][info][gc,heap     ] GC(24) Reclaimed:         -                  -                 0M (0%)            0M (0%)             -                  -          
[7.395s][info][gc          ] GC(24) Garbage Collection (Timer) 2428M(59%)->2428M(59%)
[7.674s][info][gc,start    ] GC(25) Garbage Collection (Timer)
[7.674s][info][gc,task     ] GC(25) Using 3 workers
[7.674s][info][gc,phases   ] GC(25) Pause Mark Start 0.005ms
[7.691s][info][gc,phases   ] GC(25) Concurrent Mark 16.733ms
[7.691s][info][gc,phases   ] GC(25) Pause Mark End 0.010ms
[7.692s][info][gc,phases   ] GC(25) Concurrent Mark Free 0.001ms
[7.692s][info][gc,phases   ] GC(25) Concurrent Process Non-Strong References 0.683ms
[7.692s][info][gc,phases   ] GC(25) Concurrent Reset Relocation Set 0.001ms
[7.695s][info][gc,phases   ] GC(25) Concurrent Select Relocation Set 2.305ms
[7.695s][info][gc,phases   ] GC(25) Pause Relocate Start 0.006ms
[7.696s][info][gc,phases   ] GC(25) Concurrent Relocate 1.274ms
[7.696s][info][gc,load     ] GC(25) Load: 0.00/0.00/0.00
[7.696s][info][gc,mmu      ] GC(25) MMU: 2ms/99.3%, 5ms/99.6%, 10ms/99.8%, 20ms/99.8%, 50ms/99.9%, 100ms/100.0%
[7.696s][info][gc,marking  ] GC(25) Mark: 2 stripe(s), 2 proactive flush(es), 1 terminate flush(es), 0 completion(s), 0 continuation(s) 
[7.696s][info][gc,marking  ] GC(25) Mark Stack Usage: 32M
[7.696s][info][gc,nmethod  ] GC(25) NMethods: 484 registered, 0 unregistered
[7.696s][info][gc,metaspace] GC(25) Metaspace: 1M used, 1M committed, 1088M reserved
[7.697s][info][gc,ref      ] GC(25) Soft: 181 encountered, 0 discovered, 0 enqueued
[7.697s][info][gc,ref      ] GC(25) Weak: 263 encountered, 4 discovered, 0 enqueued
[7.697s][info][gc,ref      ] GC(25) Final: 0 encountered, 0 discovered, 0 enqueued
[7.697s][info][gc,ref      ] GC(25) Phantom: 7 encountered, 3 discovered, 0 enqueued
[7.697s][info][gc,reloc    ] GC(25) Small Pages: 1231 / 2462M, Empty: 0M, Relocated: 2M, In-Place: 0
[7.697s][info][gc,reloc    ] GC(25) Medium Pages: 1 / 32M, Empty: 0M, Relocated: 0M, In-Place: 0
[7.697s][info][gc,reloc    ] GC(25) Large Pages: 0 / 0M, Empty: 0M, Relocated: 0M, In-Place: 0
[7.697s][info][gc,reloc    ] GC(25) Forwarding Usage: 0M
[7.697s][info][gc,heap     ] GC(25) Min Capacity: 4096M(100%)
[7.697s][info][gc,heap     ] GC(25) Max Capacity: 4096M(100%)
[7.697s][info][gc,heap     ] GC(25) Soft Max Capacity: 4096M(100%)
[7.697s][info][gc,heap     ] GC(25)                Mark Start          Mark End        Relocate Start      Relocate End           High               Low         
[7.697s][info][gc,heap     ] GC(25)  Capacity:     4096M (100%)       4096M (100%)       4096M (100%)       4096M (100%)       4096M (100%)       4096M (100%)   
[7.697s][info][gc,heap     ] GC(25)      Free:     1602M (39%)        1600M (39%)        1598M (39%)        1600M (39%)        1602M (39%)        1594M (39%)    
[7.697s][info][gc,heap     ] GC(25)      Used:     2494M (61%)        2496M (61%)        2498M (61%)        2496M (61%)        2502M (61%)        2494M (61%)    
[7.697s][info][gc,heap     ] GC(25)      Live:         -              2246M (55%)        2246M (55%)        2246M (55%)            -                  -          
[7.697s][info][gc,heap     ] GC(25) Allocated:         -                 2M (0%)            4M (0%)            4M (0%)             -                  -          
[7.697s][info][gc,heap     ] GC(25)   Garbage:         -               247M (6%)          247M (6%)          245M (6%)             -                  -          
[7.697s][info][gc,heap     ] GC(25) Reclaimed:         -                  -                 0M (0%)            2M (0%)             -                  -          
[7.697s][info][gc          ] GC(25) Garbage Collection (Timer) 2494M(61%)->2496M(61%)
[7.974s][info][gc,start    ] GC(26) Garbage Collection (Timer)
[7.974s][info][gc,task     ] GC(26) Using 3 workers
[7.974s][info][gc,phases   ] GC(26) Pause Mark Start 0.005ms
[7.995s][info][gc,phases   ] GC(26) Concurrent Mark 20.687ms
[7.995s][info][gc,phases   ] GC(26) Pause Mark End 0.009ms
[7.995s][info][gc,phases   ] GC(26) Concurrent Mark Free 0.001ms
[7.996s][info][gc,phases   ] GC(26) Concurrent Process Non-Strong References 0.859ms
[7.996s][info][gc,phases   ] GC(26) Concurrent Reset Relocation Set 0.001ms
[7.999s][info][gc,phases   ] GC(26) Concurrent Select Relocation Set 2.327ms
[7.999s][info][gc,phases   ] GC(26) Pause Relocate Start 0.005ms
[8.001s][info][gc,phases   ] GC(26) Concurrent Relocate 2.150ms
[8.001s][info][gc,load     ] GC(26) Load: 0.00/0.00/0.00
[8.001s][info][gc,mmu      ] GC(26) MMU: 2ms/99.3%, 5ms/99.6%, 10ms/99.8%, 20ms/99.8%, 50ms/99.9%, 100ms/100.0%
[8.001s][info][gc,marking  ] GC(26) Mark: 2 stripe(s), 2 proactive flush(es), 1 terminate flush(es), 0 completion(s), 0 continuation(s) 
[8.001s][info][gc,marking  ] GC(26) Mark Stack Usage: 32M
[8.001s][info][gc,nmethod  ] GC(26) NMethods: 484 registered, 0 unregistered
[8.001s][info][gc,metaspace] GC(26) Metaspace: 1M used, 1M committed, 1088M reserved
[8.001s][info][gc,ref      ] GC(26) Soft: 181 encountered, 0 discovered, 0 enqueued
[8.001s][info][gc,ref      ] GC(26) Weak: 263 encountered, 0 discovered, 0 enqueued
[8.001s][info][gc,ref      ] GC(26) Final: 0 encountered, 0 discovered, 0 enqueued
[8.001s][info][gc,ref      ] GC(26) Phantom: 7 encountered, 3 discovered, 0 enqueued
[8.001s][info][gc,reloc    ] GC(26) Small Pages: 1307 / 2614M, Empty: 0M, Relocated: 5M, In-Place: 0
[8.002s][info][gc,reloc    ] GC(26) Medium Pages: 1 / 32M, Empty: 0M, Relocated: 0M, In-Place: 0
[8.002s][info][gc,reloc    ] GC(26) Large Pages: 0 / 0M, Empty: 0M, Relocated: 0M, In-Place: 0
[8.002s][info][gc,reloc    ] GC(26) Forwarding Usage: 0M
[8.002s][info][gc,heap     ] GC(26) Min Capacity: 4096M(100%)
[8.002s][info][gc,heap     ] GC(26) Max Capacity: 4096M(100%)
[8.002s][info][gc,heap     ] GC(26) Soft Max Capacity: 4096M(100%)
[8.002s][info][gc,heap     ] GC(26)                Mark Start          Mark End        Relocate Start      Relocate End           High               Low         
[8.002s][info][gc,heap     ] GC(26)  Capacity:     4096M (100%)       4096M (100%)       4096M (100%)       4096M (100%)       4096M (100%)       4096M (100%)   
[8.002s][info][gc,heap     ] GC(26)      Free:     1450M (35%)        1448M (35%)        1446M (35%)        1446M (35%)        1450M (35%)        1440M (35%)    
[8.002s][info][gc,heap     ] GC(26)      Used:     2646M (65%)        2648M (65%)        2650M (65%)        2650M (65%)        2656M (65%)        2646M (65%)    
[8.002s][info][gc,heap     ] GC(26)      Live:         -              2386M (58%)        2386M (58%)        2386M (58%)            -                  -          
[8.002s][info][gc,heap     ] GC(26) Allocated:         -                 2M (0%)            4M (0%)            6M (0%)             -                  -          
[8.002s][info][gc,heap     ] GC(26)   Garbage:         -               259M (6%)          259M (6%)          257M (6%)             -                  -          
[8.002s][info][gc,heap     ] GC(26) Reclaimed:         -                  -                 0M (0%)            2M (0%)             -                  -          
[8.002s][info][gc          ] GC(26) Garbage Collection (Timer) 2646M(65%)->2650M(65%)
[8.274s][info][gc,start    ] GC(27) Garbage Collection (Timer)
[8.274s][info][gc,task     ] GC(27) Using 3 workers
[8.274s][info][gc,phases   ] GC(27) Pause Mark Start 0.006ms
[8.297s][info][gc,phases   ] GC(27) Concurrent Mark 22.798ms
[8.297s][info][gc,phases   ] GC(27) Pause Mark End 0.010ms
[8.297s][info][gc,phases   ] GC(27) Concurrent Mark Free 0.001ms
[8.298s][info][gc,phases   ] GC(27) Concurrent Process Non-Strong References 0.898ms
[8.298s][info][gc,phases   ] GC(27) Concurrent Reset Relocation Set 0.001ms
[8.301s][info][gc,phases   ] GC(27) Concurrent Select Relocation Set 2.127ms
[8.301s][info][gc,phases   ] GC(27) Pause Relocate Start 0.005ms
[8.302s][info][gc,phases   ] GC(27) Concurrent Relocate 0.824ms
[8.302s][info][gc,load     ] GC(27) Load: 0.00/0.00/0.00
[8.302s][info][gc,mmu      ] GC(27) MMU: 2ms/99.3%, 5ms/99.6%, 10ms/99.8%, 20ms/99.8%, 50ms/99.9%, 100ms/100.0%
[8.302s][info][gc,marking  ] GC(27) Mark: 2 stripe(s), 2 proactive flush(es), 1 terminate flush(es), 0 completion(s), 0 continuation(s) 
[8.302s][info][gc,marking  ] GC(27) Mark Stack Usage: 32M
[8.302s][info][gc,nmethod  ] GC(27) NMethods: 484 registered, 0 unregistered
[8.302s][info][gc,metaspace] GC(27) Metaspace: 1M used, 1M committed, 1088M reserved
[8.302s][info][gc,ref      ] GC(27) Soft: 181 encountered, 0 discovered, 0 enqueued
[8.302s][info][gc,ref      ] GC(27) Weak: 263 encountered, 3 discovered, 0 enqueued
[8.302s][info][gc,ref      ] GC(27) Final: 0 encountered, 0 discovered, 0 enqueued
[8.302s][info][gc,ref      ] GC(27) Phantom: 7 encountered, 3 discovered, 0 enqueued
[8.302s][info][gc,reloc    ] GC(27) Small Pages: 1372 / 2744M, Empty: 0M, Relocated: 1M, In-Place: 0
[8.302s][info][gc,reloc    ] GC(27) Medium Pages: 1 / 32M, Empty: 0M, Relocated: 0M, In-Place: 0
[8.302s][info][gc,reloc    ] GC(27) Large Pages: 0 / 0M, Empty: 0M, Relocated: 0M, In-Place: 0
[8.302s][info][gc,reloc    ] GC(27) Forwarding Usage: 0M
[8.302s][info][gc,heap     ] GC(27) Min Capacity: 4096M(100%)
[8.302s][info][gc,heap     ] GC(27) Max Capacity: 4096M(100%)
[8.302s][info][gc,heap     ] GC(27) Soft Max Capacity: 4096M(100%)
[8.302s][info][gc,heap     ] GC(27)                Mark Start          Mark End        Relocate Start      Relocate End           High               Low         
[8.302s][info][gc,heap     ] GC(27)  Capacity:     4096M (100%)       4096M (100%)       4096M (100%)       4096M (100%)       4096M (100%)       4096M (100%)   
[8.302s][info][gc,heap     ] GC(27)      Free:     1320M (32%)        1318M (32%)        1314M (32%)        1314M (32%)        1320M (32%)        1308M (32%)    
[8.302s][info][gc,heap     ] GC(27)      Used:     2776M (68%)        2778M (68%)        2782M (68%)        2782M (68%)        2788M (68%)        2776M (68%)    
[8.302s][info][gc,heap     ] GC(27)      Live:         -              2505M (61%)        2505M (61%)        2505M (61%)            -                  -          
[8.302s][info][gc,heap     ] GC(27) Allocated:         -                 2M (0%)            6M (0%)            6M (0%)             -                  -          
[8.302s][info][gc,heap     ] GC(27)   Garbage:         -               270M (7%)          270M (7%)          270M (7%)             -                  -          
[8.302s][info][gc,heap     ] GC(27) Reclaimed:         -                  -                 0M (0%)            0M (0%)             -                  -          
[8.302s][info][gc          ] GC(27) Garbage Collection (Timer) 2776M(68%)->2782M(68%)
[8.574s][info][gc,start    ] GC(28) Garbage Collection (Timer)
[8.574s][info][gc,task     ] GC(28) Using 3 workers
[8.574s][info][gc,phases   ] GC(28) Pause Mark Start 0.006ms
[8.597s][info][gc,phases   ] GC(28) Concurrent Mark 22.635ms
[8.597s][info][gc,phases   ] GC(28) Pause Mark End 0.010ms
[8.597s][info][gc,phases   ] GC(28) Concurrent Mark Free 0.001ms
[8.598s][info][gc,phases   ] GC(28) Concurrent Process Non-Strong References 0.874ms
[8.598s][info][gc,phases   ] GC(28) Concurrent Reset Relocation Set 0.001ms
[8.600s][info][gc,phases   ] GC(28) Concurrent Select Relocation Set 2.345ms
[8.600s][info][gc,phases   ] GC(28) Pause Relocate Start 0.006ms
[8.602s][info][gc,phases   ] GC(28) Concurrent Relocate 1.060ms
[8.602s][info][gc,load     ] GC(28) Load: 0.00/0.00/0.00
[8.602s][info][gc,mmu      ] GC(28) MMU: 2ms/99.3%, 5ms/99.6%, 10ms/99.8%, 20ms/99.8%, 50ms/99.9%, 100ms/100.0%
[8.602s][info][gc,marking  ] GC(28) Mark: 2 stripe(s), 2 proactive flush(es), 1 terminate flush(es), 0 completion(s), 0 continuation(s) 
[8.602s][info][gc,marking  ] GC(28) Mark Stack Usage: 32M
[8.602s][info][gc,nmethod  ] GC(28) NMethods: 484 registered, 0 unregistered
[8.602s][info][gc,metaspace] GC(28) Metaspace: 1M used, 1M committed, 1088M reserved
[8.602s][info][gc,ref      ] GC(28) Soft: 181 encountered, 0 discovered, 0 enqueued
[8.602s][info][gc,ref      ] GC(28) Weak: 263 encountered, 0 discovered, 0 enqueued
[8.602s][info][gc,ref      ] GC(28) Final: 0 encountered, 0 discovered, 0 enqueued
[8.602s][info][gc,ref      ] GC(28) Phantom: 7 encountered, 3 discovered, 0 enqueued
[8.602s][info][gc,reloc    ] GC(28) Small Pages: 1438 / 2876M, Empty: 0M, Relocated: 1M, In-Place: 0
[8.602s][info][gc,reloc    ] GC(28) Medium Pages: 1 / 32M, Empty: 0M, Relocated: 0M, In-Place: 0
[8.602s][info][gc,reloc    ] GC(28) Large Pages: 0 / 0M, Empty: 0M, Relocated: 0M, In-Place: 0
[8.602s][info][gc,reloc    ] GC(28) Forwarding Usage: 0M
[8.602s][info][gc,heap     ] GC(28) Min Capacity: 4096M(100%)
[8.602s][info][gc,heap     ] GC(28) Max Capacity: 4096M(100%)
[8.602s][info][gc,heap     ] GC(28) Soft Max Capacity: 4096M(100%)
[8.602s][info][gc,heap     ] GC(28)                Mark Start          Mark End        Relocate Start      Relocate End           High               Low         
[8.602s][info][gc,heap     ] GC(28)  Capacity:     4096M (100%)       4096M (100%)       4096M (100%)       4096M (100%)       4096M (100%)       4096M (100%)   
[8.602s][info][gc,heap     ] GC(28)      Free:     1188M (29%)        1182M (29%)        1180M (29%)        1182M (29%)        1188M (29%)        1174M (29%)    
[8.602s][info][gc,heap     ] GC(28)      Used:     2908M (71%)        2914M (71%)        2916M (71%)        2914M (71%)        2922M (71%)        2908M (71%)    
[8.602s][info][gc,heap     ] GC(28)      Live:         -              2624M (64%)        2624M (64%)        2624M (64%)            -                  -          
[8.602s][info][gc,heap     ] GC(28) Allocated:         -                 6M (0%)            8M (0%)            8M (0%)             -                  -          
[8.602s][info][gc,heap     ] GC(28)   Garbage:         -               283M (7%)          283M (7%)          281M (7%)             -                  -          
[8.602s][info][gc,heap     ] GC(28) Reclaimed:         -                  -                 0M (0%)            2M (0%)             -                  -          
[8.602s][info][gc          ] GC(28) Garbage Collection (Timer) 2908M(71%)->2914M(71%)
[8.874s][info][gc,start    ] GC(29) Garbage Collection (Timer)
[8.874s][info][gc,task     ] GC(29) Using 3 workers
[8.874s][info][gc,phases   ] GC(29) Pause Mark Start 0.006ms
[8.902s][info][gc,phases   ] GC(29) Concurrent Mark 28.008ms
[8.902s][info][gc,phases   ] GC(29) Pause Mark End 0.011ms
[8.903s][info][gc,phases   ] GC(29) Concurrent Mark Free 0.001ms
[8.903s][info][gc,phases   ] GC(29) Concurrent Process Non-Strong References 0.797ms
[8.903s][info][gc,phases   ] GC(29) Concurrent Reset Relocation Set 0.001ms
[8.906s][info][gc,phases   ] GC(29) Concurrent Select Relocation Set 2.090ms
[8.906s][info][gc,phases   ] GC(29) Pause Relocate Start 0.005ms
[8.906s][info][gc,phases   ] GC(29) Concurrent Relocate 0.551ms
[8.906s][info][gc,load     ] GC(29) Load: 0.00/0.00/0.00
[8.906s][info][gc,mmu      ] GC(29) MMU: 2ms/99.3%, 5ms/99.6%, 10ms/99.8%, 20ms/99.8%, 50ms/99.9%, 100ms/100.0%
[8.906s][info][gc,marking  ] GC(29) Mark: 2 stripe(s), 1 proactive flush(es), 1 terminate flush(es), 0 completion(s), 0 continuation(s) 
[8.906s][info][gc,marking  ] GC(29) Mark Stack Usage: 32M
[8.906s][info][gc,nmethod  ] GC(29) NMethods: 484 registered, 0 unregistered
[8.907s][info][gc,metaspace] GC(29) Metaspace: 1M used, 1M committed, 1088M reserved
[8.907s][info][gc,ref      ] GC(29) Soft: 181 encountered, 0 discovered, 0 enqueued
[8.907s][info][gc,ref      ] GC(29) Weak: 263 encountered, 4 discovered, 0 enqueued
[8.907s][info][gc,ref      ] GC(29) Final: 0 encountered, 0 discovered, 0 enqueued
[8.907s][info][gc,ref      ] GC(29) Phantom: 7 encountered, 3 discovered, 0 enqueued
[8.907s][info][gc,reloc    ] GC(29) Small Pages: 1501 / 3002M, Empty: 0M, Relocated: 1M, In-Place: 0
[8.907s][info][gc,reloc    ] GC(29) Medium Pages: 1 / 32M, Empty: 0M, Relocated: 0M, In-Place: 0
[8.907s][info][gc,reloc    ] GC(29) Large Pages: 0 / 0M, Empty: 0M, Relocated: 0M, In-Place: 0
[8.907s][info][gc,reloc    ] GC(29) Forwarding Usage: 0M
[8.907s][info][gc,heap     ] GC(29) Min Capacity: 4096M(100%)
[8.907s][info][gc,heap     ] GC(29) Max Capacity: 4096M(100%)
[8.907s][info][gc,heap     ] GC(29) Soft Max Capacity: 4096M(100%)
[8.907s][info][gc,heap     ] GC(29)                Mark Start          Mark End        Relocate Start      Relocate End           High               Low         
[8.907s][info][gc,heap     ] GC(29)  Capacity:     4096M (100%)       4096M (100%)       4096M (100%)       4096M (100%)       4096M (100%)       4096M (100%)   
[8.907s][info][gc,heap     ] GC(29)      Free:     1062M (26%)        1062M (26%)        1062M (26%)        1062M (26%)        1062M (26%)        1056M (26%)    
[8.907s][info][gc,heap     ] GC(29)      Used:     3034M (74%)        3034M (74%)        3034M (74%)        3034M (74%)        3040M (74%)        3034M (74%)    
[8.907s][info][gc,heap     ] GC(29)      Live:         -              2740M (67%)        2740M (67%)        2740M (67%)            -                  -          
[8.907s][info][gc,heap     ] GC(29) Allocated:         -                 0M (0%)            0M (0%)            0M (0%)             -                  -          
[8.907s][info][gc,heap     ] GC(29)   Garbage:         -               293M (7%)          293M (7%)          293M (7%)             -                  -          
[8.907s][info][gc,heap     ] GC(29) Reclaimed:         -                  -                 0M (0%)            0M (0%)             -                  -          
[8.907s][info][gc          ] GC(29) Garbage Collection (Timer) 3034M(74%)->3034M(74%)
[9.174s][info][gc,start    ] GC(30) Garbage Collection (Timer)
[9.174s][info][gc,task     ] GC(30) Using 3 workers
[9.174s][info][gc,phases   ] GC(30) Pause Mark Start 0.006ms
[9.195s][info][gc,phases   ] GC(30) Concurrent Mark 20.170ms
[9.195s][info][gc,phases   ] GC(30) Pause Mark End 0.010ms
[9.195s][info][gc,phases   ] GC(30) Concurrent Mark Free 0.001ms
[9.196s][info][gc,phases   ] GC(30) Concurrent Process Non-Strong References 0.809ms
[9.196s][info][gc,phases   ] GC(30) Concurrent Reset Relocation Set 0.001ms
[9.198s][info][gc,phases   ] GC(30) Concurrent Select Relocation Set 2.105ms
[9.198s][info][gc,phases   ] GC(30) Pause Relocate Start 0.005ms
[9.198s][info][gc,phases   ] GC(30) Concurrent Relocate 0.290ms
[9.199s][info][gc,load     ] GC(30) Load: 0.00/0.00/0.00
[9.199s][info][gc,mmu      ] GC(30) MMU: 2ms/99.3%, 5ms/99.6%, 10ms/99.8%, 20ms/99.8%, 50ms/99.9%, 100ms/100.0%
[9.199s][info][gc,marking  ] GC(30) Mark: 2 stripe(s), 1 proactive flush(es), 1 terminate flush(es), 0 completion(s), 0 continuation(s) 
[9.199s][info][gc,marking  ] GC(30) Mark Stack Usage: 32M
[9.199s][info][gc,nmethod  ] GC(30) NMethods: 484 registered, 0 unregistered
[9.199s][info][gc,metaspace] GC(30) Metaspace: 1M used, 1M committed, 1088M reserved
[9.199s][info][gc,ref      ] GC(30) Soft: 181 encountered, 0 discovered, 0 enqueued
[9.199s][info][gc,ref      ] GC(30) Weak: 263 encountered, 7 discovered, 0 enqueued
[9.199s][info][gc,ref      ] GC(30) Final: 0 encountered, 0 discovered, 0 enqueued
[9.199s][info][gc,ref      ] GC(30) Phantom: 7 encountered, 3 discovered, 0 enqueued
[9.199s][info][gc,reloc    ] GC(30) Small Pages: 1501 / 3002M, Empty: 0M, Relocated: 1M, In-Place: 0
[9.199s][info][gc,reloc    ] GC(30) Medium Pages: 1 / 32M, Empty: 0M, Relocated: 0M, In-Place: 0
[9.199s][info][gc,reloc    ] GC(30) Large Pages: 0 / 0M, Empty: 0M, Relocated: 0M, In-Place: 0
[9.199s][info][gc,reloc    ] GC(30) Forwarding Usage: 0M
[9.199s][info][gc,heap     ] GC(30) Min Capacity: 4096M(100%)
[9.199s][info][gc,heap     ] GC(30) Max Capacity: 4096M(100%)
[9.199s][info][gc,heap     ] GC(30) Soft Max Capacity: 4096M(100%)
[9.199s][info][gc,heap     ] GC(30)                Mark Start          Mark End        Relocate Start      Relocate End           High               Low         
[9.199s][info][gc,heap     ] GC(30)  Capacity:     4096M (100%)       4096M (100%)       4096M (100%)       4096M (100%)       4096M (100%)       4096M (100%)   
[9.199s][info][gc,heap     ] GC(30)      Free:     1062M (26%)        1062M (26%)        1062M (26%)        1062M (26%)        1062M (26%)        1056M (26%)    
[9.199s][info][gc,heap     ] GC(30)      Used:     3034M (74%)        3034M (74%)        3034M (74%)        3034M (74%)        3040M (74%)        3034M (74%)    
[9.199s][info][gc,heap     ] GC(30)      Live:         -              2740M (67%)        2740M (67%)        2740M (67%)            -                  -          
[9.199s][info][gc,heap     ] GC(30) Allocated:         -                 0M (0%)            0M (0%)            0M (0%)             -                  -          
[9.199s][info][gc,heap     ] GC(30)   Garbage:         -               293M (7%)          293M (7%)          293M (7%)             -                  -          
[9.199s][info][gc,heap     ] GC(30) Reclaimed:         -                  -                 0M (0%)            0M (0%)             -                  -          
[9.199s][info][gc          ] GC(30) Garbage Collection (Timer) 3034M(74%)->3034M(74%)
[9.474s][info][gc,start    ] GC(31) Garbage Collection (Timer)
[9.474s][info][gc,task     ] GC(31) Using 3 workers
[9.474s][info][gc,phases   ] GC(31) Pause Mark Start 0.006ms
[9.492s][info][gc,phases   ] GC(31) Concurrent Mark 17.293ms
[9.492s][info][gc,phases   ] GC(31) Pause Mark End 0.010ms
[9.492s][info][gc,phases   ] GC(31) Concurrent Mark Free 0.001ms
[9.493s][info][gc,phases   ] GC(31) Concurrent Process Non-Strong References 0.645ms
[9.493s][info][gc,phases   ] GC(31) Concurrent Reset Relocation Set 0.001ms
[9.495s][info][gc,phases   ] GC(31) Concurrent Select Relocation Set 2.060ms
[9.495s][info][gc,phases   ] GC(31) Pause Relocate Start 0.004ms
[9.495s][info][gc,phases   ] GC(31) Concurrent Relocate 0.179ms
[9.495s][info][gc,load     ] GC(31) Load: 0.00/0.00/0.00
[9.495s][info][gc,mmu      ] GC(31) MMU: 2ms/99.3%, 5ms/99.6%, 10ms/99.8%, 20ms/99.8%, 50ms/99.9%, 100ms/100.0%
[9.495s][info][gc,marking  ] GC(31) Mark: 2 stripe(s), 1 proactive flush(es), 1 terminate flush(es), 0 completion(s), 0 continuation(s) 
[9.495s][info][gc,marking  ] GC(31) Mark Stack Usage: 32M
[9.495s][info][gc,nmethod  ] GC(31) NMethods: 484 registered, 0 unregistered
[9.495s][info][gc,metaspace] GC(31) Metaspace: 1M used, 1M committed, 1088M reserved
[9.495s][info][gc,ref      ] GC(31) Soft: 181 encountered, 0 discovered, 0 enqueued
[9.495s][info][gc,ref      ] GC(31) Weak: 263 encountered, 4 discovered, 0 enqueued
[9.495s][info][gc,ref      ] GC(31) Final: 0 encountered, 0 discovered, 0 enqueued
[9.495s][info][gc,ref      ] GC(31) Phantom: 7 encountered, 3 discovered, 0 enqueued
[9.495s][info][gc,reloc    ] GC(31) Small Pages: 1501 / 3002M, Empty: 0M, Relocated: 1M, In-Place: 0
[9.495s][info][gc,reloc    ] GC(31) Medium Pages: 1 / 32M, Empty: 0M, Relocated: 0M, In-Place: 0
[9.495s][info][gc,reloc    ] GC(31) Large Pages: 0 / 0M, Empty: 0M, Relocated: 0M, In-Place: 0
[9.496s][info][gc,reloc    ] GC(31) Forwarding Usage: 0M
[9.496s][info][gc,heap     ] GC(31) Min Capacity: 4096M(100%)
[9.496s][info][gc,heap     ] GC(31) Max Capacity: 4096M(100%)
[9.496s][info][gc,heap     ] GC(31) Soft Max Capacity: 4096M(100%)
[9.496s][info][gc,heap     ] GC(31)                Mark Start          Mark End        Relocate Start      Relocate End           High               Low         
[9.496s][info][gc,heap     ] GC(31)  Capacity:     4096M (100%)       4096M (100%)       4096M (100%)       4096M (100%)       4096M (100%)       4096M (100%)   
[9.496s][info][gc,heap     ] GC(31)      Free:     1062M (26%)        1062M (26%)        1062M (26%)        1062M (26%)        1062M (26%)        1058M (26%)    
[9.496s][info][gc,heap     ] GC(31)      Used:     3034M (74%)        3034M (74%)        3034M (74%)        3034M (74%)        3038M (74%)        3034M (74%)    
[9.496s][info][gc,heap     ] GC(31)      Live:         -              2740M (67%)        2740M (67%)        2740M (67%)            -                  -          
[9.496s][info][gc,heap     ] GC(31) Allocated:         -                 0M (0%)            0M (0%)            0M (0%)             -                  -          
[9.496s][info][gc,heap     ] GC(31)   Garbage:         -               293M (7%)          293M (7%)          293M (7%)             -                  -          
[9.496s][info][gc,heap     ] GC(31) Reclaimed:         -                  -                 0M (0%)            0M (0%)             -                  -          
[9.496s][info][gc          ] GC(31) Garbage Collection (Timer) 3034M(74%)->3034M(74%)
[9.770s][info][gc,heap,exit] Heap
[9.770s][info][gc,heap,exit]  ZHeap           used 3038M, capacity 4096M, max capacity 4096M
[9.770s][info][gc,heap,exit]  Metaspace       used 1600K, committed 1792K, reserved 1114112K
[9.770s][info][gc,heap,exit]   class space    used 147K, committed 256K, reserved 1048576K
