[0.025s][info][gc,init] Initializing The Z Garbage Collector
[0.025s][info][gc,init] Version: 17.0.11+1-LTS (release)
[0.025s][info][gc,init] NUMA Support: Disabled
[0.025s][info][gc,init] CPUs: 12 total, 12 available
[0.025s][info][gc,init] Memory: 24496M
[0.025s][info][gc,init] Large Page Support: Disabled
[0.025s][info][gc,init] GC Workers: 3 (dynamic)
[0.026s][info][gc,init] Address Space Type: Contiguous/Unrestricted/Complete
[0.026s][info][gc,init] Address Space Size: 65536M x 3 = 196608M
[0.026s][info][gc,init] Min Capacity: 4096M
[0.026s][info][gc,init] Initial Capacity: 4096M
[0.027s][info][gc,init] Max Capacity: 4096M
[0.027s][info][gc,init] Medium Page Size: 32M
[0.027s][info][gc,init] Pre-touch: Disabled
[0.027s][info][gc,init] Uncommit: Implicitly Disabled (-Xms equals -Xmx)
[0.248s][info][gc,init] Runtime Workers: 8
[0.249s][info][gc     ] Using The Z Garbage Collector
[0.259s][info][gc,metaspace] CDS archive(s) mapped at: [0x000001a600000000-0x000001a600bc0000-0x000001a600bc0000), size 12320768, SharedBaseAddress: 0x000001a600000000, ArchiveRelocationMode: 1.
[0.259s][info][gc,metaspace] Compressed class space mapped at: 0x000001a601000000-0x000001a641000000, reserved size: 1073741824
[0.259s][info][gc,metaspace] Narrow klass base: 0x000001a600000000, Narrow klass shift: 0, Narrow klass range: 0x100000000
[0.384s][info][gc,start    ] GC(0) Garbage Collection (Timer)
[0.385s][info][gc,task     ] GC(0) Using 3 workers
[0.385s][info][gc,phases   ] GC(0) Pause Mark Start 0.005ms
[0.388s][info][gc,phases   ] GC(0) Concurrent Mark 3.582ms
[0.388s][info][gc,phases   ] GC(0) Pause Mark End 0.012ms
[0.389s][info][gc,phases   ] GC(0) Concurrent Mark Free 0.001ms
[0.389s][info][gc,phases   ] GC(0) Concurrent Process Non-Strong References 0.565ms
[0.389s][info][gc,phases   ] GC(0) Concurrent Reset Relocation Set 0.000ms
[0.399s][info][gc,phases   ] GC(0) Concurrent Select Relocation Set 9.379ms
[0.399s][info][gc,phases   ] GC(0) Pause Relocate Start 0.007ms
[0.400s][info][gc,phases   ] GC(0) Concurrent Relocate 1.631ms
[0.401s][info][gc,load     ] GC(0) Load: 0.00/0.00/0.00
[0.401s][info][gc,mmu      ] GC(0) MMU: 2ms/99.4%, 5ms/99.6%, 10ms/99.8%, 20ms/99.9%, 50ms/100.0%, 100ms/100.0%
[0.401s][info][gc,marking  ] GC(0) Mark: 2 stripe(s), 2 proactive flush(es), 1 terminate flush(es), 0 completion(s), 0 continuation(s) 
[0.401s][info][gc,marking  ] GC(0) Mark Stack Usage: 32M
[0.401s][info][gc,nmethod  ] GC(0) NMethods: 153 registered, 0 unregistered
[0.401s][info][gc,metaspace] GC(0) Metaspace: 0M used, 0M committed, 1088M reserved
[0.401s][info][gc,ref      ] GC(0) Soft: 36 encountered, 0 discovered, 0 enqueued
[0.401s][info][gc,ref      ] GC(0) Weak: 103 encountered, 18 discovered, 18 enqueued
[0.401s][info][gc,ref      ] GC(0) Final: 0 encountered, 0 discovered, 0 enqueued
[0.401s][info][gc,ref      ] GC(0) Phantom: 16 encountered, 13 discovered, 13 enqueued
[0.401s][info][gc,reloc    ] GC(0) Small Pages: 3 / 6M, Empty: 0M, Relocated: 1M, In-Place: 0
[0.401s][info][gc,reloc    ] GC(0) Medium Pages: 0 / 0M, Empty: 0M, Relocated: 0M, In-Place: 0
[0.401s][info][gc,reloc    ] GC(0) Large Pages: 0 / 0M, Empty: 0M, Relocated: 0M, In-Place: 0
[0.401s][info][gc,reloc    ] GC(0) Forwarding Usage: 0M
[0.401s][info][gc,heap     ] GC(0) Min Capacity: 4096M(100%)
[0.401s][info][gc,heap     ] GC(0) Max Capacity: 4096M(100%)
[0.401s][info][gc,heap     ] GC(0) Soft Max Capacity: 4096M(100%)
[0.401s][info][gc,heap     ] GC(0)                Mark Start          Mark End        Relocate Start      Relocate End           High               Low         
[0.401s][info][gc,heap     ] GC(0)  Capacity:     4096M (100%)       4096M (100%)       4096M (100%)       4096M (100%)       4096M (100%)       4096M (100%)   
[0.401s][info][gc,heap     ] GC(0)      Free:     4090M (100%)       4090M (100%)       4090M (100%)       4090M (100%)       4090M (100%)       4084M (100%)   
[0.401s][info][gc,heap     ] GC(0)      Used:        6M (0%)            6M (0%)            6M (0%)            6M (0%)           12M (0%)            6M (0%)     
[0.401s][info][gc,heap     ] GC(0)      Live:         -                 1M (0%)            1M (0%)            1M (0%)             -                  -          
[0.401s][info][gc,heap     ] GC(0) Allocated:         -                 0M (0%)            0M (0%)            0M (0%)             -                  -          
[0.401s][info][gc,heap     ] GC(0)   Garbage:         -                 4M (0%)            4M (0%)            4M (0%)             -                  -          
[0.401s][info][gc,heap     ] GC(0) Reclaimed:         -                  -                 0M (0%)            0M (0%)             -                  -          
[0.401s][info][gc          ] GC(0) Garbage Collection (Timer) 6M(0%)->6M(0%)
[0.682s][info][gc,start    ] GC(1) Garbage Collection (Timer)
[0.682s][info][gc,task     ] GC(1) Using 3 workers
[0.682s][info][gc,phases   ] GC(1) Pause Mark Start 0.005ms
[0.698s][info][gc,phases   ] GC(1) Concurrent Mark 16.232ms
[0.698s][info][gc,phases   ] GC(1) Pause Mark End 0.009ms
[0.698s][info][gc,phases   ] GC(1) Concurrent Mark Free 0.001ms
[0.699s][info][gc,phases   ] GC(1) Concurrent Process Non-Strong References 0.510ms
[0.699s][info][gc,phases   ] GC(1) Concurrent Reset Relocation Set 0.001ms
[0.701s][info][gc,phases   ] GC(1) Concurrent Select Relocation Set 2.297ms
[0.701s][info][gc,phases   ] GC(1) Pause Relocate Start 0.006ms
[0.703s][info][gc,phases   ] GC(1) Concurrent Relocate 1.769ms
[0.703s][info][gc,load     ] GC(1) Load: 0.00/0.00/0.00
[0.703s][info][gc,mmu      ] GC(1) MMU: 2ms/99.4%, 5ms/99.6%, 10ms/99.8%, 20ms/99.9%, 50ms/100.0%, 100ms/100.0%
[0.703s][info][gc,marking  ] GC(1) Mark: 2 stripe(s), 4 proactive flush(es), 1 terminate flush(es), 0 completion(s), 0 continuation(s) 
[0.703s][info][gc,marking  ] GC(1) Mark Stack Usage: 32M
[0.703s][info][gc,nmethod  ] GC(1) NMethods: 292 registered, 0 unregistered
[0.703s][info][gc,metaspace] GC(1) Metaspace: 0M used, 0M committed, 1088M reserved
[0.703s][info][gc,ref      ] GC(1) Soft: 72 encountered, 0 discovered, 0 enqueued
[0.703s][info][gc,ref      ] GC(1) Weak: 177 encountered, 88 discovered, 23 enqueued
[0.703s][info][gc,ref      ] GC(1) Final: 0 encountered, 0 discovered, 0 enqueued
[0.704s][info][gc,ref      ] GC(1) Phantom: 13 encountered, 9 discovered, 6 enqueued
[0.704s][info][gc,reloc    ] GC(1) Small Pages: 130 / 260M, Empty: 0M, Relocated: 1M, In-Place: 0
[0.704s][info][gc,reloc    ] GC(1) Medium Pages: 0 / 0M, Empty: 0M, Relocated: 0M, In-Place: 0
[0.704s][info][gc,reloc    ] GC(1) Large Pages: 0 / 0M, Empty: 0M, Relocated: 0M, In-Place: 0
[0.704s][info][gc,reloc    ] GC(1) Forwarding Usage: 0M
[0.704s][info][gc,heap     ] GC(1) Min Capacity: 4096M(100%)
[0.704s][info][gc,heap     ] GC(1) Max Capacity: 4096M(100%)
[0.704s][info][gc,heap     ] GC(1) Soft Max Capacity: 4096M(100%)
[0.704s][info][gc,heap     ] GC(1)                Mark Start          Mark End        Relocate Start      Relocate End           High               Low         
[0.704s][info][gc,heap     ] GC(1)  Capacity:     4096M (100%)       4096M (100%)       4096M (100%)       4096M (100%)       4096M (100%)       4096M (100%)   
[0.704s][info][gc,heap     ] GC(1)      Free:     3836M (94%)        3832M (94%)        3828M (93%)        3834M (94%)        3836M (94%)        3822M (93%)    
[0.704s][info][gc,heap     ] GC(1)      Used:      260M (6%)          264M (6%)          268M (7%)          262M (6%)          274M (7%)          260M (6%)     
[0.704s][info][gc,heap     ] GC(1)      Live:         -               228M (6%)          228M (6%)          228M (6%)             -                  -          
[0.704s][info][gc,heap     ] GC(1) Allocated:         -                 4M (0%)            8M (0%)            7M (0%)             -                  -          
[0.704s][info][gc,heap     ] GC(1)   Garbage:         -                31M (1%)           31M (1%)           25M (1%)             -                  -          
[0.704s][info][gc,heap     ] GC(1) Reclaimed:         -                  -                 0M (0%)            5M (0%)             -                  -          
[0.704s][info][gc          ] GC(1) Garbage Collection (Timer) 260M(6%)->262M(6%)
[0.881s][info][gc,start    ] GC(2) Garbage Collection (Warmup)
[0.881s][info][gc,task     ] GC(2) Using 3 workers
[0.881s][info][gc,phases   ] GC(2) Pause Mark Start 0.006ms
[0.905s][info][gc,phases   ] GC(2) Concurrent Mark 23.662ms
[0.905s][info][gc,phases   ] GC(2) Pause Mark End 0.009ms
[0.905s][info][gc,phases   ] GC(2) Concurrent Mark Free 0.001ms
[0.906s][info][gc,phases   ] GC(2) Concurrent Process Non-Strong References 0.572ms
[0.906s][info][gc,phases   ] GC(2) Concurrent Reset Relocation Set 0.001ms
[0.908s][info][gc,phases   ] GC(2) Concurrent Select Relocation Set 2.157ms
[0.908s][info][gc,phases   ] GC(2) Pause Relocate Start 0.008ms
[0.909s][info][gc,phases   ] GC(2) Concurrent Relocate 0.834ms
[0.909s][info][gc,load     ] GC(2) Load: 0.00/0.00/0.00
[0.909s][info][gc,mmu      ] GC(2) MMU: 2ms/99.4%, 5ms/99.6%, 10ms/99.8%, 20ms/99.9%, 50ms/100.0%, 100ms/100.0%
[0.909s][info][gc,marking  ] GC(2) Mark: 2 stripe(s), 5 proactive flush(es), 1 terminate flush(es), 0 completion(s), 0 continuation(s) 
[0.909s][info][gc,marking  ] GC(2) Mark Stack Usage: 32M
[0.910s][info][gc,nmethod  ] GC(2) NMethods: 292 registered, 0 unregistered
[0.910s][info][gc,metaspace] GC(2) Metaspace: 0M used, 0M committed, 1088M reserved
[0.910s][info][gc,ref      ] GC(2) Soft: 72 encountered, 0 discovered, 0 enqueued
[0.910s][info][gc,ref      ] GC(2) Weak: 154 encountered, 60 discovered, 0 enqueued
[0.910s][info][gc,ref      ] GC(2) Final: 0 encountered, 0 discovered, 0 enqueued
[0.910s][info][gc,ref      ] GC(2) Phantom: 7 encountered, 3 discovered, 0 enqueued
[0.910s][info][gc,reloc    ] GC(2) Small Pages: 215 / 430M, Empty: 0M, Relocated: 1M, In-Place: 0
[0.910s][info][gc,reloc    ] GC(2) Medium Pages: 0 / 0M, Empty: 0M, Relocated: 0M, In-Place: 0
[0.910s][info][gc,reloc    ] GC(2) Large Pages: 0 / 0M, Empty: 0M, Relocated: 0M, In-Place: 0
[0.910s][info][gc,reloc    ] GC(2) Forwarding Usage: 0M
[0.910s][info][gc,heap     ] GC(2) Min Capacity: 4096M(100%)
[0.910s][info][gc,heap     ] GC(2) Max Capacity: 4096M(100%)
[0.910s][info][gc,heap     ] GC(2) Soft Max Capacity: 4096M(100%)
[0.910s][info][gc,heap     ] GC(2)                Mark Start          Mark End        Relocate Start      Relocate End           High               Low         
[0.910s][info][gc,heap     ] GC(2)  Capacity:     4096M (100%)       4096M (100%)       4096M (100%)       4096M (100%)       4096M (100%)       4096M (100%)   
[0.910s][info][gc,heap     ] GC(2)      Free:     3666M (90%)        3662M (89%)        3660M (89%)        3660M (89%)        3666M (90%)        3654M (89%)    
[0.910s][info][gc,heap     ] GC(2)      Used:      430M (10%)         434M (11%)         436M (11%)         436M (11%)         442M (11%)         430M (10%)    
[0.910s][info][gc,heap     ] GC(2)      Live:         -               388M (9%)          388M (9%)          388M (9%)             -                  -          
[0.910s][info][gc,heap     ] GC(2) Allocated:         -                 4M (0%)            6M (0%)            6M (0%)             -                  -          
[0.910s][info][gc,heap     ] GC(2)   Garbage:         -                41M (1%)           41M (1%)           41M (1%)             -                  -          
[0.910s][info][gc,heap     ] GC(2) Reclaimed:         -                  -                 0M (0%)            0M (0%)             -                  -          
[0.910s][info][gc          ] GC(2) Garbage Collection (Warmup) 430M(10%)->436M(11%)
[1.181s][info][gc,start    ] GC(3) Garbage Collection (Timer)
[1.181s][info][gc,task     ] GC(3) Using 3 workers
[1.182s][info][gc,phases   ] GC(3) Pause Mark Start 0.005ms
[1.202s][info][gc,phases   ] GC(3) Concurrent Mark 20.607ms
[1.202s][info][gc,phases   ] GC(3) Pause Mark End 0.009ms
[1.203s][info][gc,phases   ] GC(3) Concurrent Mark Free 0.001ms
[1.203s][info][gc,phases   ] GC(3) Concurrent Process Non-Strong References 0.479ms
[1.203s][info][gc,phases   ] GC(3) Concurrent Reset Relocation Set 0.001ms
[1.206s][info][gc,phases   ] GC(3) Concurrent Select Relocation Set 2.967ms
[1.206s][info][gc,phases   ] GC(3) Pause Relocate Start 0.009ms
[1.209s][info][gc,phases   ] GC(3) Concurrent Relocate 2.444ms
[1.209s][info][gc,load     ] GC(3) Load: 0.00/0.00/0.00
[1.209s][info][gc,mmu      ] GC(3) MMU: 2ms/99.4%, 5ms/99.6%, 10ms/99.8%, 20ms/99.9%, 50ms/100.0%, 100ms/100.0%
[1.209s][info][gc,marking  ] GC(3) Mark: 2 stripe(s), 4 proactive flush(es), 1 terminate flush(es), 0 completion(s), 0 continuation(s) 
[1.209s][info][gc,marking  ] GC(3) Mark Stack Usage: 32M
[1.209s][info][gc,nmethod  ] GC(3) NMethods: 375 registered, 0 unregistered
[1.209s][info][gc,metaspace] GC(3) Metaspace: 1M used, 1M committed, 1088M reserved
[1.209s][info][gc,ref      ] GC(3) Soft: 118 encountered, 0 discovered, 0 enqueued
[1.209s][info][gc,ref      ] GC(3) Weak: 175 encountered, 115 discovered, 5 enqueued
[1.209s][info][gc,ref      ] GC(3) Final: 0 encountered, 0 discovered, 0 enqueued
[1.209s][info][gc,ref      ] GC(3) Phantom: 12 encountered, 8 discovered, 5 enqueued
[1.209s][info][gc,reloc    ] GC(3) Small Pages: 334 / 668M, Empty: 0M, Relocated: 1M, In-Place: 0
[1.209s][info][gc,reloc    ] GC(3) Medium Pages: 0 / 0M, Empty: 0M, Relocated: 0M, In-Place: 0
[1.209s][info][gc,reloc    ] GC(3) Large Pages: 0 / 0M, Empty: 0M, Relocated: 0M, In-Place: 0
[1.209s][info][gc,reloc    ] GC(3) Forwarding Usage: 0M
[1.209s][info][gc,heap     ] GC(3) Min Capacity: 4096M(100%)
[1.209s][info][gc,heap     ] GC(3) Max Capacity: 4096M(100%)
[1.209s][info][gc,heap     ] GC(3) Soft Max Capacity: 4096M(100%)
[1.210s][info][gc,heap     ] GC(3)                Mark Start          Mark End        Relocate Start      Relocate End           High               Low         
[1.210s][info][gc,heap     ] GC(3)  Capacity:     4096M (100%)       4096M (100%)       4096M (100%)       4096M (100%)       4096M (100%)       4096M (100%)   
[1.210s][info][gc,heap     ] GC(3)      Free:     3428M (84%)        3424M (84%)        3420M (83%)        3422M (84%)        3428M (84%)        3414M (83%)    
[1.210s][info][gc,heap     ] GC(3)      Used:      668M (16%)         672M (16%)         676M (17%)         674M (16%)         682M (17%)         668M (16%)    
[1.210s][info][gc,heap     ] GC(3)      Live:         -               602M (15%)         602M (15%)         602M (15%)            -                  -          
[1.210s][info][gc,heap     ] GC(3) Allocated:         -                 4M (0%)            8M (0%)            7M (0%)             -                  -          
[1.210s][info][gc,heap     ] GC(3)   Garbage:         -                65M (2%)           65M (2%)           63M (2%)             -                  -          
[1.210s][info][gc,heap     ] GC(3) Reclaimed:         -                  -                 0M (0%)            1M (0%)             -                  -          
[1.210s][info][gc          ] GC(3) Garbage Collection (Timer) 668M(16%)->674M(16%)
[1.481s][info][gc,start    ] GC(4) Garbage Collection (Warmup)
[1.481s][info][gc,task     ] GC(4) Using 3 workers
[1.482s][info][gc,phases   ] GC(4) Pause Mark Start 0.005ms
[1.502s][info][gc,phases   ] GC(4) Concurrent Mark 20.627ms
[1.502s][info][gc,phases   ] GC(4) Pause Mark End 0.009ms
[1.503s][info][gc,phases   ] GC(4) Concurrent Mark Free 0.001ms
[1.503s][info][gc,phases   ] GC(4) Concurrent Process Non-Strong References 0.820ms
[1.504s][info][gc,phases   ] GC(4) Concurrent Reset Relocation Set 0.001ms
[1.506s][info][gc,phases   ] GC(4) Concurrent Select Relocation Set 2.588ms
[1.506s][info][gc,phases   ] GC(4) Pause Relocate Start 0.005ms
[1.509s][info][gc,phases   ] GC(4) Concurrent Relocate 2.152ms
[1.509s][info][gc,load     ] GC(4) Load: 0.00/0.00/0.00
[1.509s][info][gc,mmu      ] GC(4) MMU: 2ms/99.4%, 5ms/99.6%, 10ms/99.8%, 20ms/99.9%, 50ms/100.0%, 100ms/100.0%
[1.509s][info][gc,marking  ] GC(4) Mark: 2 stripe(s), 2 proactive flush(es), 1 terminate flush(es), 0 completion(s), 0 continuation(s) 
[1.509s][info][gc,marking  ] GC(4) Mark Stack Usage: 32M
[1.509s][info][gc,nmethod  ] GC(4) NMethods: 380 registered, 0 unregistered
[1.509s][info][gc,metaspace] GC(4) Metaspace: 1M used, 1M committed, 1088M reserved
[1.509s][info][gc,ref      ] GC(4) Soft: 118 encountered, 0 discovered, 0 enqueued
[1.509s][info][gc,ref      ] GC(4) Weak: 170 encountered, 106 discovered, 0 enqueued
[1.509s][info][gc,ref      ] GC(4) Final: 0 encountered, 0 discovered, 0 enqueued
[1.509s][info][gc,ref      ] GC(4) Phantom: 7 encountered, 3 discovered, 0 enqueued
[1.509s][info][gc,reloc    ] GC(4) Small Pages: 442 / 884M, Empty: 0M, Relocated: 2M, In-Place: 0
[1.509s][info][gc,reloc    ] GC(4) Medium Pages: 0 / 0M, Empty: 0M, Relocated: 0M, In-Place: 0
[1.509s][info][gc,reloc    ] GC(4) Large Pages: 0 / 0M, Empty: 0M, Relocated: 0M, In-Place: 0
[1.509s][info][gc,reloc    ] GC(4) Forwarding Usage: 0M
[1.509s][info][gc,heap     ] GC(4) Min Capacity: 4096M(100%)
[1.509s][info][gc,heap     ] GC(4) Max Capacity: 4096M(100%)
[1.509s][info][gc,heap     ] GC(4) Soft Max Capacity: 4096M(100%)
[1.509s][info][gc,heap     ] GC(4)                Mark Start          Mark End        Relocate Start      Relocate End           High               Low         
[1.509s][info][gc,heap     ] GC(4)  Capacity:     4096M (100%)       4096M (100%)       4096M (100%)       4096M (100%)       4096M (100%)       4096M (100%)   
[1.509s][info][gc,heap     ] GC(4)      Free:     3212M (78%)        3208M (78%)        3206M (78%)        3208M (78%)        3212M (78%)        3200M (78%)    
[1.509s][info][gc,heap     ] GC(4)      Used:      884M (22%)         888M (22%)         890M (22%)         888M (22%)         896M (22%)         884M (22%)    
[1.509s][info][gc,heap     ] GC(4)      Live:         -               801M (20%)         801M (20%)         801M (20%)            -                  -          
[1.509s][info][gc,heap     ] GC(4) Allocated:         -                 4M (0%)            6M (0%)            7M (0%)             -                  -          
[1.509s][info][gc,heap     ] GC(4)   Garbage:         -                82M (2%)           82M (2%)           78M (2%)             -                  -          
[1.509s][info][gc,heap     ] GC(4) Reclaimed:         -                  -                 0M (0%)            3M (0%)             -                  -          
[1.509s][info][gc          ] GC(4) Garbage Collection (Warmup) 884M(22%)->888M(22%)
[1.781s][info][gc,start    ] GC(5) Garbage Collection (Timer)
[1.781s][info][gc,task     ] GC(5) Using 3 workers
[1.781s][info][gc,phases   ] GC(5) Pause Mark Start 0.006ms
[1.802s][info][gc,phases   ] GC(5) Concurrent Mark 20.688ms
[1.802s][info][gc,phases   ] GC(5) Pause Mark End 0.009ms
[1.802s][info][gc,phases   ] GC(5) Concurrent Mark Free 0.001ms
[1.803s][info][gc,phases   ] GC(5) Concurrent Process Non-Strong References 0.882ms
[1.803s][info][gc,phases   ] GC(5) Concurrent Reset Relocation Set 0.001ms
[1.805s][info][gc,phases   ] GC(5) Concurrent Select Relocation Set 2.228ms
[1.806s][info][gc,phases   ] GC(5) Pause Relocate Start 0.005ms
[1.808s][info][gc,phases   ] GC(5) Concurrent Relocate 2.004ms
[1.808s][info][gc,load     ] GC(5) Load: 0.00/0.00/0.00
[1.808s][info][gc,mmu      ] GC(5) MMU: 2ms/99.4%, 5ms/99.6%, 10ms/99.8%, 20ms/99.9%, 50ms/100.0%, 100ms/100.0%
[1.808s][info][gc,marking  ] GC(5) Mark: 2 stripe(s), 2 proactive flush(es), 1 terminate flush(es), 0 completion(s), 0 continuation(s) 
[1.808s][info][gc,marking  ] GC(5) Mark Stack Usage: 32M
[1.808s][info][gc,nmethod  ] GC(5) NMethods: 381 registered, 0 unregistered
[1.808s][info][gc,metaspace] GC(5) Metaspace: 1M used, 1M committed, 1088M reserved
[1.808s][info][gc,ref      ] GC(5) Soft: 118 encountered, 0 discovered, 0 enqueued
[1.808s][info][gc,ref      ] GC(5) Weak: 170 encountered, 0 discovered, 0 enqueued
[1.808s][info][gc,ref      ] GC(5) Final: 0 encountered, 0 discovered, 0 enqueued
[1.808s][info][gc,ref      ] GC(5) Phantom: 7 encountered, 3 discovered, 0 enqueued
[1.808s][info][gc,reloc    ] GC(5) Small Pages: 554 / 1108M, Empty: 0M, Relocated: 3M, In-Place: 0
[1.808s][info][gc,reloc    ] GC(5) Medium Pages: 1 / 32M, Empty: 0M, Relocated: 0M, In-Place: 0
[1.808s][info][gc,reloc    ] GC(5) Large Pages: 0 / 0M, Empty: 0M, Relocated: 0M, In-Place: 0
[1.808s][info][gc,reloc    ] GC(5) Forwarding Usage: 0M
[1.808s][info][gc,heap     ] GC(5) Min Capacity: 4096M(100%)
[1.808s][info][gc,heap     ] GC(5) Max Capacity: 4096M(100%)
[1.808s][info][gc,heap     ] GC(5) Soft Max Capacity: 4096M(100%)
[1.808s][info][gc,heap     ] GC(5)                Mark Start          Mark End        Relocate Start      Relocate End           High               Low         
[1.808s][info][gc,heap     ] GC(5)  Capacity:     4096M (100%)       4096M (100%)       4096M (100%)       4096M (100%)       4096M (100%)       4096M (100%)   
[1.808s][info][gc,heap     ] GC(5)      Free:     2956M (72%)        2952M (72%)        2950M (72%)        2950M (72%)        2956M (72%)        2942M (72%)    
[1.808s][info][gc,heap     ] GC(5)      Used:     1140M (28%)        1144M (28%)        1146M (28%)        1146M (28%)        1154M (28%)        1140M (28%)    
[1.808s][info][gc,heap     ] GC(5)      Live:         -              1008M (25%)        1008M (25%)        1008M (25%)            -                  -          
[1.808s][info][gc,heap     ] GC(5) Allocated:         -                 4M (0%)            6M (0%)            7M (0%)             -                  -          
[1.808s][info][gc,heap     ] GC(5)   Garbage:         -               131M (3%)          131M (3%)          129M (3%)             -                  -          
[1.808s][info][gc,heap     ] GC(5) Reclaimed:         -                  -                 0M (0%)            1M (0%)             -                  -          
[1.808s][info][gc          ] GC(5) Garbage Collection (Timer) 1140M(28%)->1146M(28%)
[1.981s][info][gc,start    ] GC(6) Garbage Collection (Warmup)
[1.982s][info][gc,task     ] GC(6) Using 3 workers
[1.982s][info][gc,phases   ] GC(6) Pause Mark Start 0.005ms
[2.000s][info][gc,phases   ] GC(6) Concurrent Mark 18.729ms
[2.001s][info][gc,phases   ] GC(6) Pause Mark End 0.009ms
[2.001s][info][gc,phases   ] GC(6) Concurrent Mark Free 0.001ms
[2.002s][info][gc,phases   ] GC(6) Concurrent Process Non-Strong References 0.901ms
[2.002s][info][gc,phases   ] GC(6) Concurrent Reset Relocation Set 0.001ms
[2.004s][info][gc,phases   ] GC(6) Concurrent Select Relocation Set 2.549ms
[2.005s][info][gc,phases   ] GC(6) Pause Relocate Start 0.005ms
[2.007s][info][gc,phases   ] GC(6) Concurrent Relocate 2.342ms
[2.007s][info][gc,load     ] GC(6) Load: 0.00/0.00/0.00
[2.007s][info][gc,mmu      ] GC(6) MMU: 2ms/99.4%, 5ms/99.6%, 10ms/99.8%, 20ms/99.9%, 50ms/100.0%, 100ms/100.0%
[2.007s][info][gc,marking  ] GC(6) Mark: 2 stripe(s), 2 proactive flush(es), 1 terminate flush(es), 0 completion(s), 0 continuation(s) 
[2.007s][info][gc,marking  ] GC(6) Mark Stack Usage: 32M
[2.007s][info][gc,nmethod  ] GC(6) NMethods: 456 registered, 0 unregistered
[2.007s][info][gc,metaspace] GC(6) Metaspace: 1M used, 1M committed, 1088M reserved
[2.007s][info][gc,ref      ] GC(6) Soft: 181 encountered, 0 discovered, 0 enqueued
[2.007s][info][gc,ref      ] GC(6) Weak: 296 encountered, 239 discovered, 33 enqueued
[2.007s][info][gc,ref      ] GC(6) Final: 0 encountered, 0 discovered, 0 enqueued
[2.007s][info][gc,ref      ] GC(6) Phantom: 24 encountered, 20 discovered, 17 enqueued
[2.007s][info][gc,reloc    ] GC(6) Small Pages: 607 / 1214M, Empty: 0M, Relocated: 3M, In-Place: 0
[2.007s][info][gc,reloc    ] GC(6) Medium Pages: 1 / 32M, Empty: 0M, Relocated: 0M, In-Place: 0
[2.007s][info][gc,reloc    ] GC(6) Large Pages: 0 / 0M, Empty: 0M, Relocated: 0M, In-Place: 0
[2.007s][info][gc,reloc    ] GC(6) Forwarding Usage: 0M
[2.007s][info][gc,heap     ] GC(6) Min Capacity: 4096M(100%)
[2.007s][info][gc,heap     ] GC(6) Max Capacity: 4096M(100%)
[2.007s][info][gc,heap     ] GC(6) Soft Max Capacity: 4096M(100%)
[2.007s][info][gc,heap     ] GC(6)                Mark Start          Mark End        Relocate Start      Relocate End           High               Low         
[2.007s][info][gc,heap     ] GC(6)  Capacity:     4096M (100%)       4096M (100%)       4096M (100%)       4096M (100%)       4096M (100%)       4096M (100%)   
[2.007s][info][gc,heap     ] GC(6)      Free:     2850M (70%)        2846M (69%)        2844M (69%)        2846M (69%)        2850M (70%)        2840M (69%)    
[2.008s][info][gc,heap     ] GC(6)      Used:     1246M (30%)        1250M (31%)        1252M (31%)        1250M (31%)        1256M (31%)        1246M (30%)    
[2.008s][info][gc,heap     ] GC(6)      Live:         -              1103M (27%)        1103M (27%)        1103M (27%)            -                  -          
[2.008s][info][gc,heap     ] GC(6) Allocated:         -                 4M (0%)            6M (0%)            7M (0%)             -                  -          
[2.008s][info][gc,heap     ] GC(6)   Garbage:         -               142M (3%)          142M (3%)          138M (3%)             -                  -          
[2.008s][info][gc,heap     ] GC(6) Reclaimed:         -                  -                 0M (0%)            3M (0%)             -                  -          
[2.008s][info][gc          ] GC(6) Garbage Collection (Warmup) 1246M(30%)->1250M(31%)
[2.282s][info][gc,start    ] GC(7) Garbage Collection (Timer)
[2.282s][info][gc,task     ] GC(7) Using 3 workers
[2.282s][info][gc,phases   ] GC(7) Pause Mark Start 0.005ms
[2.301s][info][gc,phases   ] GC(7) Concurrent Mark 18.607ms
[2.301s][info][gc,phases   ] GC(7) Pause Mark End 0.009ms
[2.301s][info][gc,phases   ] GC(7) Concurrent Mark Free 0.001ms
[2.302s][info][gc,phases   ] GC(7) Concurrent Process Non-Strong References 0.649ms
[2.302s][info][gc,phases   ] GC(7) Concurrent Reset Relocation Set 0.001ms
[2.304s][info][gc,phases   ] GC(7) Concurrent Select Relocation Set 2.103ms
[2.304s][info][gc,phases   ] GC(7) Pause Relocate Start 0.006ms
[2.305s][info][gc,phases   ] GC(7) Concurrent Relocate 0.896ms
[2.305s][info][gc,load     ] GC(7) Load: 0.00/0.00/0.00
[2.305s][info][gc,mmu      ] GC(7) MMU: 2ms/99.4%, 5ms/99.6%, 10ms/99.8%, 20ms/99.9%, 50ms/100.0%, 100ms/100.0%
[2.305s][info][gc,marking  ] GC(7) Mark: 2 stripe(s), 2 proactive flush(es), 1 terminate flush(es), 0 completion(s), 0 continuation(s) 
[2.305s][info][gc,marking  ] GC(7) Mark Stack Usage: 32M
[2.305s][info][gc,nmethod  ] GC(7) NMethods: 456 registered, 0 unregistered
[2.305s][info][gc,metaspace] GC(7) Metaspace: 1M used, 1M committed, 1088M reserved
[2.305s][info][gc,ref      ] GC(7) Soft: 181 encountered, 0 discovered, 0 enqueued
[2.305s][info][gc,ref      ] GC(7) Weak: 263 encountered, 155 discovered, 0 enqueued
[2.305s][info][gc,ref      ] GC(7) Final: 0 encountered, 0 discovered, 0 enqueued
[2.305s][info][gc,ref      ] GC(7) Phantom: 7 encountered, 3 discovered, 0 enqueued
[2.305s][info][gc,reloc    ] GC(7) Small Pages: 712 / 1424M, Empty: 0M, Relocated: 1M, In-Place: 0
[2.305s][info][gc,reloc    ] GC(7) Medium Pages: 1 / 32M, Empty: 0M, Relocated: 0M, In-Place: 0
[2.305s][info][gc,reloc    ] GC(7) Large Pages: 0 / 0M, Empty: 0M, Relocated: 0M, In-Place: 0
[2.305s][info][gc,reloc    ] GC(7) Forwarding Usage: 0M
[2.305s][info][gc,heap     ] GC(7) Min Capacity: 4096M(100%)
[2.305s][info][gc,heap     ] GC(7) Max Capacity: 4096M(100%)
[2.305s][info][gc,heap     ] GC(7) Soft Max Capacity: 4096M(100%)
[2.305s][info][gc,heap     ] GC(7)                Mark Start          Mark End        Relocate Start      Relocate End           High               Low         
[2.305s][info][gc,heap     ] GC(7)  Capacity:     4096M (100%)       4096M (100%)       4096M (100%)       4096M (100%)       4096M (100%)       4096M (100%)   
[2.305s][info][gc,heap     ] GC(7)      Free:     2640M (64%)        2636M (64%)        2634M (64%)        2634M (64%)        2640M (64%)        2628M (64%)    
[2.305s][info][gc,heap     ] GC(7)      Used:     1456M (36%)        1460M (36%)        1462M (36%)        1462M (36%)        1468M (36%)        1456M (36%)    
[2.305s][info][gc,heap     ] GC(7)      Live:         -              1297M (32%)        1297M (32%)        1297M (32%)            -                  -          
[2.306s][info][gc,heap     ] GC(7) Allocated:         -                 4M (0%)            6M (0%)            6M (0%)             -                  -          
[2.306s][info][gc,heap     ] GC(7)   Garbage:         -               158M (4%)          158M (4%)          158M (4%)             -                  -          
[2.306s][info][gc,heap     ] GC(7) Reclaimed:         -                  -                 0M (0%)            0M (0%)             -                  -          
[2.306s][info][gc          ] GC(7) Garbage Collection (Timer) 1456M(36%)->1462M(36%)
[2.581s][info][gc,start    ] GC(8) Garbage Collection (Timer)
[2.581s][info][gc,task     ] GC(8) Using 3 workers
[2.581s][info][gc,phases   ] GC(8) Pause Mark Start 0.006ms
[2.602s][info][gc,phases   ] GC(8) Concurrent Mark 20.553ms
[2.602s][info][gc,phases   ] GC(8) Pause Mark End 0.009ms
[2.602s][info][gc,phases   ] GC(8) Concurrent Mark Free 0.001ms
[2.603s][info][gc,phases   ] GC(8) Concurrent Process Non-Strong References 0.866ms
[2.603s][info][gc,phases   ] GC(8) Concurrent Reset Relocation Set 0.001ms
[2.605s][info][gc,phases   ] GC(8) Concurrent Select Relocation Set 2.238ms
[2.605s][info][gc,phases   ] GC(8) Pause Relocate Start 0.005ms
[2.606s][info][gc,phases   ] GC(8) Concurrent Relocate 0.836ms
[2.606s][info][gc,load     ] GC(8) Load: 0.00/0.00/0.00
[2.606s][info][gc,mmu      ] GC(8) MMU: 2ms/99.4%, 5ms/99.6%, 10ms/99.8%, 20ms/99.9%, 50ms/100.0%, 100ms/100.0%
[2.606s][info][gc,marking  ] GC(8) Mark: 2 stripe(s), 2 proactive flush(es), 1 terminate flush(es), 0 completion(s), 0 continuation(s) 
[2.606s][info][gc,marking  ] GC(8) Mark Stack Usage: 32M
[2.606s][info][gc,nmethod  ] GC(8) NMethods: 456 registered, 0 unregistered
[2.607s][info][gc,metaspace] GC(8) Metaspace: 1M used, 1M committed, 1088M reserved
[2.607s][info][gc,ref      ] GC(8) Soft: 181 encountered, 0 discovered, 0 enqueued
[2.607s][info][gc,ref      ] GC(8) Weak: 263 encountered, 196 discovered, 0 enqueued
[2.607s][info][gc,ref      ] GC(8) Final: 0 encountered, 0 discovered, 0 enqueued
[2.607s][info][gc,ref      ] GC(8) Phantom: 7 encountered, 3 discovered, 0 enqueued
[2.607s][info][gc,reloc    ] GC(8) Small Pages: 803 / 1606M, Empty: 0M, Relocated: 1M, In-Place: 0
[2.607s][info][gc,reloc    ] GC(8) Medium Pages: 2 / 64M, Empty: 32M, Relocated: 0M, In-Place: 0
[2.607s][info][gc,reloc    ] GC(8) Large Pages: 0 / 0M, Empty: 0M, Relocated: 0M, In-Place: 0
[2.607s][info][gc,reloc    ] GC(8) Forwarding Usage: 0M
[2.607s][info][gc,heap     ] GC(8) Min Capacity: 4096M(100%)
[2.607s][info][gc,heap     ] GC(8) Max Capacity: 4096M(100%)
[2.607s][info][gc,heap     ] GC(8) Soft Max Capacity: 4096M(100%)
[2.607s][info][gc,heap     ] GC(8)                Mark Start          Mark End        Relocate Start      Relocate End           High               Low         
[2.607s][info][gc,heap     ] GC(8)  Capacity:     4096M (100%)       4096M (100%)       4096M (100%)       4096M (100%)       4096M (100%)       4096M (100%)   
[2.607s][info][gc,heap     ] GC(8)      Free:     2426M (59%)        2424M (59%)        2454M (60%)        2452M (60%)        2454M (60%)        2422M (59%)    
[2.607s][info][gc,heap     ] GC(8)      Used:     1670M (41%)        1672M (41%)        1642M (40%)        1644M (40%)        1674M (41%)        1642M (40%)    
[2.607s][info][gc,heap     ] GC(8)      Live:         -              1462M (36%)        1462M (36%)        1462M (36%)            -                  -          
[2.607s][info][gc,heap     ] GC(8) Allocated:         -                 2M (0%)            4M (0%)            6M (0%)             -                  -          
[2.607s][info][gc,heap     ] GC(8)   Garbage:         -               207M (5%)          175M (4%)          175M (4%)             -                  -          
[2.607s][info][gc,heap     ] GC(8) Reclaimed:         -                  -                32M (1%)           32M (1%)             -                  -          
[2.607s][info][gc          ] GC(8) Garbage Collection (Timer) 1670M(41%)->1644M(40%)
[2.881s][info][gc,start    ] GC(9) Garbage Collection (Timer)
[2.882s][info][gc,task     ] GC(9) Using 3 workers
[2.882s][info][gc,phases   ] GC(9) Pause Mark Start 0.006ms
[2.905s][info][gc,phases   ] GC(9) Concurrent Mark 23.722ms
[2.906s][info][gc,phases   ] GC(9) Pause Mark End 0.010ms
[2.906s][info][gc,phases   ] GC(9) Concurrent Mark Free 0.001ms
[2.907s][info][gc,phases   ] GC(9) Concurrent Process Non-Strong References 0.881ms
[2.907s][info][gc,phases   ] GC(9) Concurrent Reset Relocation Set 0.001ms
[2.909s][info][gc,phases   ] GC(9) Concurrent Select Relocation Set 2.182ms
[2.909s][info][gc,phases   ] GC(9) Pause Relocate Start 0.005ms
[2.910s][info][gc,phases   ] GC(9) Concurrent Relocate 0.892ms
[2.910s][info][gc,load     ] GC(9) Load: 0.00/0.00/0.00
[2.910s][info][gc,mmu      ] GC(9) MMU: 2ms/99.4%, 5ms/99.6%, 10ms/99.8%, 20ms/99.9%, 50ms/100.0%, 100ms/100.0%
[2.910s][info][gc,marking  ] GC(9) Mark: 2 stripe(s), 2 proactive flush(es), 1 terminate flush(es), 0 completion(s), 0 continuation(s) 
[2.910s][info][gc,marking  ] GC(9) Mark Stack Usage: 32M
[2.910s][info][gc,nmethod  ] GC(9) NMethods: 456 registered, 0 unregistered
[2.910s][info][gc,metaspace] GC(9) Metaspace: 1M used, 1M committed, 1088M reserved
[2.910s][info][gc,ref      ] GC(9) Soft: 181 encountered, 0 discovered, 0 enqueued
[2.910s][info][gc,ref      ] GC(9) Weak: 263 encountered, 155 discovered, 0 enqueued
[2.910s][info][gc,ref      ] GC(9) Final: 0 encountered, 0 discovered, 0 enqueued
[2.910s][info][gc,ref      ] GC(9) Phantom: 7 encountered, 3 discovered, 0 enqueued
[2.910s][info][gc,reloc    ] GC(9) Small Pages: 898 / 1796M, Empty: 0M, Relocated: 1M, In-Place: 0
[2.910s][info][gc,reloc    ] GC(9) Medium Pages: 1 / 32M, Empty: 0M, Relocated: 0M, In-Place: 0
[2.910s][info][gc,reloc    ] GC(9) Large Pages: 0 / 0M, Empty: 0M, Relocated: 0M, In-Place: 0
[2.910s][info][gc,reloc    ] GC(9) Forwarding Usage: 0M
[2.910s][info][gc,heap     ] GC(9) Min Capacity: 4096M(100%)
[2.910s][info][gc,heap     ] GC(9) Max Capacity: 4096M(100%)
[2.910s][info][gc,heap     ] GC(9) Soft Max Capacity: 4096M(100%)
[2.910s][info][gc,heap     ] GC(9)                Mark Start          Mark End        Relocate Start      Relocate End           High               Low         
[2.910s][info][gc,heap     ] GC(9)  Capacity:     4096M (100%)       4096M (100%)       4096M (100%)       4096M (100%)       4096M (100%)       4096M (100%)   
[2.911s][info][gc,heap     ] GC(9)      Free:     2268M (55%)        2266M (55%)        2264M (55%)        2266M (55%)        2268M (55%)        2258M (55%)    
[2.911s][info][gc,heap     ] GC(9)      Used:     1828M (45%)        1830M (45%)        1832M (45%)        1830M (45%)        1838M (45%)        1828M (45%)    
[2.911s][info][gc,heap     ] GC(9)      Live:         -              1634M (40%)        1634M (40%)        1634M (40%)            -                  -          
[2.911s][info][gc,heap     ] GC(9) Allocated:         -                 2M (0%)            4M (0%)            4M (0%)             -                  -          
[2.911s][info][gc,heap     ] GC(9)   Garbage:         -               193M (5%)          193M (5%)          191M (5%)             -                  -          
[2.911s][info][gc,heap     ] GC(9) Reclaimed:         -                  -                 0M (0%)            2M (0%)             -                  -          
[2.911s][info][gc          ] GC(9) Garbage Collection (Timer) 1828M(45%)->1830M(45%)
[3.182s][info][gc,start    ] GC(10) Garbage Collection (Timer)
[3.182s][info][gc,task     ] GC(10) Using 3 workers
[3.182s][info][gc,phases   ] GC(10) Pause Mark Start 0.006ms
[3.207s][info][gc,phases   ] GC(10) Concurrent Mark 24.585ms
[3.207s][info][gc,phases   ] GC(10) Pause Mark End 0.009ms
[3.207s][info][gc,phases   ] GC(10) Concurrent Mark Free 0.001ms
[3.208s][info][gc,phases   ] GC(10) Concurrent Process Non-Strong References 0.831ms
[3.208s][info][gc,phases   ] GC(10) Concurrent Reset Relocation Set 0.001ms
[3.210s][info][gc,phases   ] GC(10) Concurrent Select Relocation Set 2.167ms
[3.210s][info][gc,phases   ] GC(10) Pause Relocate Start 0.005ms
[3.211s][info][gc,phases   ] GC(10) Concurrent Relocate 0.889ms
[3.211s][info][gc,load     ] GC(10) Load: 0.00/0.00/0.00
[3.211s][info][gc,mmu      ] GC(10) MMU: 2ms/99.4%, 5ms/99.6%, 10ms/99.8%, 20ms/99.9%, 50ms/100.0%, 100ms/100.0%
[3.211s][info][gc,marking  ] GC(10) Mark: 2 stripe(s), 2 proactive flush(es), 1 terminate flush(es), 0 completion(s), 0 continuation(s) 
[3.211s][info][gc,marking  ] GC(10) Mark Stack Usage: 32M
[3.211s][info][gc,nmethod  ] GC(10) NMethods: 458 registered, 0 unregistered
[3.211s][info][gc,metaspace] GC(10) Metaspace: 1M used, 1M committed, 1088M reserved
[3.211s][info][gc,ref      ] GC(10) Soft: 181 encountered, 0 discovered, 0 enqueued
[3.211s][info][gc,ref      ] GC(10) Weak: 263 encountered, 1 discovered, 0 enqueued
[3.211s][info][gc,ref      ] GC(10) Final: 0 encountered, 0 discovered, 0 enqueued
[3.211s][info][gc,ref      ] GC(10) Phantom: 7 encountered, 3 discovered, 0 enqueued
[3.212s][info][gc,reloc    ] GC(10) Small Pages: 997 / 1994M, Empty: 0M, Relocated: 1M, In-Place: 0
[3.212s][info][gc,reloc    ] GC(10) Medium Pages: 1 / 32M, Empty: 0M, Relocated: 0M, In-Place: 0
[3.212s][info][gc,reloc    ] GC(10) Large Pages: 0 / 0M, Empty: 0M, Relocated: 0M, In-Place: 0
[3.212s][info][gc,reloc    ] GC(10) Forwarding Usage: 0M
[3.212s][info][gc,heap     ] GC(10) Min Capacity: 4096M(100%)
[3.212s][info][gc,heap     ] GC(10) Max Capacity: 4096M(100%)
[3.212s][info][gc,heap     ] GC(10) Soft Max Capacity: 4096M(100%)
[3.212s][info][gc,heap     ] GC(10)                Mark Start          Mark End        Relocate Start      Relocate End           High               Low         
[3.212s][info][gc,heap     ] GC(10)  Capacity:     4096M (100%)       4096M (100%)       4096M (100%)       4096M (100%)       4096M (100%)       4096M (100%)   
[3.212s][info][gc,heap     ] GC(10)      Free:     2070M (51%)        2068M (50%)        2068M (50%)        2068M (50%)        2070M (51%)        2062M (50%)    
[3.212s][info][gc,heap     ] GC(10)      Used:     2026M (49%)        2028M (50%)        2028M (50%)        2028M (50%)        2034M (50%)        2026M (49%)    
[3.212s][info][gc,heap     ] GC(10)      Live:         -              1816M (44%)        1816M (44%)        1816M (44%)            -                  -          
[3.212s][info][gc,heap     ] GC(10) Allocated:         -                 2M (0%)            2M (0%)            2M (0%)             -                  -          
[3.212s][info][gc,heap     ] GC(10)   Garbage:         -               209M (5%)          209M (5%)          209M (5%)             -                  -          
[3.212s][info][gc,heap     ] GC(10) Reclaimed:         -                  -                 0M (0%)            0M (0%)             -                  -          
[3.212s][info][gc          ] GC(10) Garbage Collection (Timer) 2026M(49%)->2028M(50%)
[3.481s][info][gc,start    ] GC(11) Garbage Collection (Timer)
[3.481s][info][gc,task     ] GC(11) Using 3 workers
[3.481s][info][gc,phases   ] GC(11) Pause Mark Start 0.006ms
[3.503s][info][gc,phases   ] GC(11) Concurrent Mark 21.615ms
[3.503s][info][gc,phases   ] GC(11) Pause Mark End 0.009ms
[3.503s][info][gc,phases   ] GC(11) Concurrent Mark Free 0.001ms
[3.504s][info][gc,phases   ] GC(11) Concurrent Process Non-Strong References 0.858ms
[3.504s][info][gc,phases   ] GC(11) Concurrent Reset Relocation Set 0.001ms
[3.506s][info][gc,phases   ] GC(11) Concurrent Select Relocation Set 2.264ms
[3.507s][info][gc,phases   ] GC(11) Pause Relocate Start 0.005ms
[3.508s][info][gc,phases   ] GC(11) Concurrent Relocate 1.370ms
[3.508s][info][gc,load     ] GC(11) Load: 0.00/0.00/0.00
[3.508s][info][gc,mmu      ] GC(11) MMU: 2ms/99.4%, 5ms/99.6%, 10ms/99.8%, 20ms/99.9%, 50ms/100.0%, 100ms/100.0%
[3.508s][info][gc,marking  ] GC(11) Mark: 2 stripe(s), 2 proactive flush(es), 1 terminate flush(es), 0 completion(s), 0 continuation(s) 
[3.508s][info][gc,marking  ] GC(11) Mark Stack Usage: 32M
[3.508s][info][gc,nmethod  ] GC(11) NMethods: 458 registered, 0 unregistered
[3.508s][info][gc,metaspace] GC(11) Metaspace: 1M used, 1M committed, 1088M reserved
[3.508s][info][gc,ref      ] GC(11) Soft: 181 encountered, 0 discovered, 0 enqueued
[3.508s][info][gc,ref      ] GC(11) Weak: 263 encountered, 0 discovered, 0 enqueued
[3.508s][info][gc,ref      ] GC(11) Final: 0 encountered, 0 discovered, 0 enqueued
[3.508s][info][gc,ref      ] GC(11) Phantom: 7 encountered, 3 discovered, 0 enqueued
[3.508s][info][gc,reloc    ] GC(11) Small Pages: 1078 / 2156M, Empty: 0M, Relocated: 2M, In-Place: 0
[3.508s][info][gc,reloc    ] GC(11) Medium Pages: 2 / 64M, Empty: 32M, Relocated: 0M, In-Place: 0
[3.508s][info][gc,reloc    ] GC(11) Large Pages: 0 / 0M, Empty: 0M, Relocated: 0M, In-Place: 0
[3.508s][info][gc,reloc    ] GC(11) Forwarding Usage: 0M
[3.508s][info][gc,heap     ] GC(11) Min Capacity: 4096M(100%)
[3.508s][info][gc,heap     ] GC(11) Max Capacity: 4096M(100%)
[3.508s][info][gc,heap     ] GC(11) Soft Max Capacity: 4096M(100%)
[3.508s][info][gc,heap     ] GC(11)                Mark Start          Mark End        Relocate Start      Relocate End           High               Low         
[3.509s][info][gc,heap     ] GC(11)  Capacity:     4096M (100%)       4096M (100%)       4096M (100%)       4096M (100%)       4096M (100%)       4096M (100%)   
[3.509s][info][gc,heap     ] GC(11)      Free:     1876M (46%)        1872M (46%)        1904M (46%)        1908M (47%)        1908M (47%)        1872M (46%)    
[3.509s][info][gc,heap     ] GC(11)      Used:     2220M (54%)        2224M (54%)        2192M (54%)        2188M (53%)        2224M (54%)        2188M (53%)    
[3.509s][info][gc,heap     ] GC(11)      Live:         -              1963M (48%)        1963M (48%)        1963M (48%)            -                  -          
[3.509s][info][gc,heap     ] GC(11) Allocated:         -                 4M (0%)            4M (0%)            4M (0%)             -                  -          
[3.509s][info][gc,heap     ] GC(11)   Garbage:         -               256M (6%)          224M (5%)          220M (5%)             -                  -          
[3.509s][info][gc,heap     ] GC(11) Reclaimed:         -                  -                32M (1%)           36M (1%)             -                  -          
[3.509s][info][gc          ] GC(11) Garbage Collection (Timer) 2220M(54%)->2188M(53%)
[3.780s][info][gc,start    ] GC(12) Garbage Collection (Timer)
[3.781s][info][gc,task     ] GC(12) Using 3 workers
[3.781s][info][gc,phases   ] GC(12) Pause Mark Start 0.006ms
[3.801s][info][gc,phases   ] GC(12) Concurrent Mark 20.643ms
[3.802s][info][gc,phases   ] GC(12) Pause Mark End 0.009ms
[3.802s][info][gc,phases   ] GC(12) Concurrent Mark Free 0.001ms
[3.803s][info][gc,phases   ] GC(12) Concurrent Process Non-Strong References 0.906ms
[3.803s][info][gc,phases   ] GC(12) Concurrent Reset Relocation Set 0.002ms
[3.805s][info][gc,phases   ] GC(12) Concurrent Select Relocation Set 2.210ms
[3.805s][info][gc,phases   ] GC(12) Pause Relocate Start 0.005ms
[3.806s][info][gc,phases   ] GC(12) Concurrent Relocate 0.939ms
[3.806s][info][gc,load     ] GC(12) Load: 0.00/0.00/0.00
[3.806s][info][gc,mmu      ] GC(12) MMU: 2ms/99.4%, 5ms/99.6%, 10ms/99.8%, 20ms/99.9%, 50ms/100.0%, 100ms/100.0%
[3.806s][info][gc,marking  ] GC(12) Mark: 2 stripe(s), 2 proactive flush(es), 1 terminate flush(es), 0 completion(s), 0 continuation(s) 
[3.806s][info][gc,marking  ] GC(12) Mark Stack Usage: 32M
[3.806s][info][gc,nmethod  ] GC(12) NMethods: 458 registered, 0 unregistered
[3.806s][info][gc,metaspace] GC(12) Metaspace: 1M used, 1M committed, 1088M reserved
[3.806s][info][gc,ref      ] GC(12) Soft: 181 encountered, 0 discovered, 0 enqueued
[3.806s][info][gc,ref      ] GC(12) Weak: 263 encountered, 154 discovered, 0 enqueued
[3.806s][info][gc,ref      ] GC(12) Final: 0 encountered, 0 discovered, 0 enqueued
[3.806s][info][gc,ref      ] GC(12) Phantom: 7 encountered, 3 discovered, 0 enqueued
[3.806s][info][gc,reloc    ] GC(12) Small Pages: 1152 / 2304M, Empty: 0M, Relocated: 1M, In-Place: 0
[3.806s][info][gc,reloc    ] GC(12) Medium Pages: 1 / 32M, Empty: 0M, Relocated: 0M, In-Place: 0
[3.806s][info][gc,reloc    ] GC(12) Large Pages: 0 / 0M, Empty: 0M, Relocated: 0M, In-Place: 0
[3.806s][info][gc,reloc    ] GC(12) Forwarding Usage: 0M
[3.806s][info][gc,heap     ] GC(12) Min Capacity: 4096M(100%)
[3.807s][info][gc,heap     ] GC(12) Max Capacity: 4096M(100%)
[3.807s][info][gc,heap     ] GC(12) Soft Max Capacity: 4096M(100%)
[3.807s][info][gc,heap     ] GC(12)                Mark Start          Mark End        Relocate Start      Relocate End           High               Low         
[3.807s][info][gc,heap     ] GC(12)  Capacity:     4096M (100%)       4096M (100%)       4096M (100%)       4096M (100%)       4096M (100%)       4096M (100%)   
[3.807s][info][gc,heap     ] GC(12)      Free:     1760M (43%)        1758M (43%)        1754M (43%)        1754M (43%)        1760M (43%)        1750M (43%)    
[3.807s][info][gc,heap     ] GC(12)      Used:     2336M (57%)        2338M (57%)        2342M (57%)        2342M (57%)        2346M (57%)        2336M (57%)    
[3.807s][info][gc,heap     ] GC(12)      Live:         -              2101M (51%)        2101M (51%)        2101M (51%)            -                  -          
[3.807s][info][gc,heap     ] GC(12) Allocated:         -                 2M (0%)            6M (0%)            6M (0%)             -                  -          
[3.807s][info][gc,heap     ] GC(12)   Garbage:         -               234M (6%)          234M (6%)          234M (6%)             -                  -          
[3.807s][info][gc,heap     ] GC(12) Reclaimed:         -                  -                 0M (0%)            0M (0%)             -                  -          
[3.807s][info][gc          ] GC(12) Garbage Collection (Timer) 2336M(57%)->2342M(57%)
[4.082s][info][gc,start    ] GC(13) Garbage Collection (Timer)
[4.082s][info][gc,task     ] GC(13) Using 3 workers
[4.082s][info][gc,phases   ] GC(13) Pause Mark Start 0.006ms
[4.101s][info][gc,phases   ] GC(13) Concurrent Mark 18.703ms
[4.101s][info][gc,phases   ] GC(13) Pause Mark End 0.009ms
[4.101s][info][gc,phases   ] GC(13) Concurrent Mark Free 0.001ms
[4.102s][info][gc,phases   ] GC(13) Concurrent Process Non-Strong References 0.847ms
[4.102s][info][gc,phases   ] GC(13) Concurrent Reset Relocation Set 0.001ms
[4.104s][info][gc,phases   ] GC(13) Concurrent Select Relocation Set 2.168ms
[4.104s][info][gc,phases   ] GC(13) Pause Relocate Start 0.005ms
[4.105s][info][gc,phases   ] GC(13) Concurrent Relocate 1.010ms
[4.105s][info][gc,load     ] GC(13) Load: 0.00/0.00/0.00
[4.105s][info][gc,mmu      ] GC(13) MMU: 2ms/99.4%, 5ms/99.6%, 10ms/99.8%, 20ms/99.9%, 50ms/100.0%, 100ms/100.0%
[4.105s][info][gc,marking  ] GC(13) Mark: 2 stripe(s), 2 proactive flush(es), 1 terminate flush(es), 0 completion(s), 0 continuation(s) 
[4.105s][info][gc,marking  ] GC(13) Mark Stack Usage: 32M
[4.105s][info][gc,nmethod  ] GC(13) NMethods: 464 registered, 0 unregistered
[4.105s][info][gc,metaspace] GC(13) Metaspace: 1M used, 1M committed, 1088M reserved
[4.105s][info][gc,ref      ] GC(13) Soft: 181 encountered, 0 discovered, 0 enqueued
[4.105s][info][gc,ref      ] GC(13) Weak: 263 encountered, 7 discovered, 0 enqueued
[4.106s][info][gc,ref      ] GC(13) Final: 0 encountered, 0 discovered, 0 enqueued
[4.106s][info][gc,ref      ] GC(13) Phantom: 7 encountered, 3 discovered, 0 enqueued
[4.106s][info][gc,reloc    ] GC(13) Small Pages: 1211 / 2422M, Empty: 0M, Relocated: 1M, In-Place: 0
[4.106s][info][gc,reloc    ] GC(13) Medium Pages: 1 / 32M, Empty: 0M, Relocated: 0M, In-Place: 0
[4.106s][info][gc,reloc    ] GC(13) Large Pages: 0 / 0M, Empty: 0M, Relocated: 0M, In-Place: 0
[4.106s][info][gc,reloc    ] GC(13) Forwarding Usage: 0M
[4.106s][info][gc,heap     ] GC(13) Min Capacity: 4096M(100%)
[4.106s][info][gc,heap     ] GC(13) Max Capacity: 4096M(100%)
[4.106s][info][gc,heap     ] GC(13) Soft Max Capacity: 4096M(100%)
[4.106s][info][gc,heap     ] GC(13)                Mark Start          Mark End        Relocate Start      Relocate End           High               Low         
[4.106s][info][gc,heap     ] GC(13)  Capacity:     4096M (100%)       4096M (100%)       4096M (100%)       4096M (100%)       4096M (100%)       4096M (100%)   
[4.106s][info][gc,heap     ] GC(13)      Free:     1642M (40%)        1640M (40%)        1638M (40%)        1638M (40%)        1642M (40%)        1634M (40%)    
[4.106s][info][gc,heap     ] GC(13)      Used:     2454M (60%)        2456M (60%)        2458M (60%)        2458M (60%)        2462M (60%)        2454M (60%)    
[4.106s][info][gc,heap     ] GC(13)      Live:         -              2209M (54%)        2209M (54%)        2209M (54%)            -                  -          
[4.106s][info][gc,heap     ] GC(13) Allocated:         -                 2M (0%)            4M (0%)            4M (0%)             -                  -          
[4.106s][info][gc,heap     ] GC(13)   Garbage:         -               244M (6%)          244M (6%)          244M (6%)             -                  -          
[4.106s][info][gc,heap     ] GC(13) Reclaimed:         -                  -                 0M (0%)            0M (0%)             -                  -          
[4.106s][info][gc          ] GC(13) Garbage Collection (Timer) 2454M(60%)->2458M(60%)
[4.381s][info][gc,start    ] GC(14) Garbage Collection (Timer)
[4.381s][info][gc,task     ] GC(14) Using 3 workers
[4.381s][info][gc,phases   ] GC(14) Pause Mark Start 0.006ms
[4.400s][info][gc,phases   ] GC(14) Concurrent Mark 18.485ms
[4.400s][info][gc,phases   ] GC(14) Pause Mark End 0.009ms
[4.400s][info][gc,phases   ] GC(14) Concurrent Mark Free 0.001ms
[4.401s][info][gc,phases   ] GC(14) Concurrent Process Non-Strong References 0.925ms
[4.401s][info][gc,phases   ] GC(14) Concurrent Reset Relocation Set 0.001ms
[4.403s][info][gc,phases   ] GC(14) Concurrent Select Relocation Set 2.287ms
[4.403s][info][gc,phases   ] GC(14) Pause Relocate Start 0.005ms
[4.404s][info][gc,phases   ] GC(14) Concurrent Relocate 0.940ms
[4.405s][info][gc,load     ] GC(14) Load: 0.00/0.00/0.00
[4.405s][info][gc,mmu      ] GC(14) MMU: 2ms/99.4%, 5ms/99.6%, 10ms/99.8%, 20ms/99.9%, 50ms/100.0%, 100ms/100.0%
[4.405s][info][gc,marking  ] GC(14) Mark: 2 stripe(s), 2 proactive flush(es), 1 terminate flush(es), 0 completion(s), 0 continuation(s) 
[4.405s][info][gc,marking  ] GC(14) Mark Stack Usage: 32M
[4.405s][info][gc,nmethod  ] GC(14) NMethods: 464 registered, 0 unregistered
[4.405s][info][gc,metaspace] GC(14) Metaspace: 1M used, 1M committed, 1088M reserved
[4.405s][info][gc,ref      ] GC(14) Soft: 181 encountered, 0 discovered, 0 enqueued
[4.405s][info][gc,ref      ] GC(14) Weak: 263 encountered, 151 discovered, 0 enqueued
[4.405s][info][gc,ref      ] GC(14) Final: 0 encountered, 0 discovered, 0 enqueued
[4.405s][info][gc,ref      ] GC(14) Phantom: 7 encountered, 3 discovered, 0 enqueued
[4.405s][info][gc,reloc    ] GC(14) Small Pages: 1266 / 2532M, Empty: 0M, Relocated: 1M, In-Place: 0
[4.405s][info][gc,reloc    ] GC(14) Medium Pages: 1 / 32M, Empty: 0M, Relocated: 0M, In-Place: 0
[4.405s][info][gc,reloc    ] GC(14) Large Pages: 0 / 0M, Empty: 0M, Relocated: 0M, In-Place: 0
[4.405s][info][gc,reloc    ] GC(14) Forwarding Usage: 0M
[4.405s][info][gc,heap     ] GC(14) Min Capacity: 4096M(100%)
[4.405s][info][gc,heap     ] GC(14) Max Capacity: 4096M(100%)
[4.405s][info][gc,heap     ] GC(14) Soft Max Capacity: 4096M(100%)
[4.405s][info][gc,heap     ] GC(14)                Mark Start          Mark End        Relocate Start      Relocate End           High               Low         
[4.405s][info][gc,heap     ] GC(14)  Capacity:     4096M (100%)       4096M (100%)       4096M (100%)       4096M (100%)       4096M (100%)       4096M (100%)   
[4.405s][info][gc,heap     ] GC(14)      Free:     1532M (37%)        1530M (37%)        1528M (37%)        1528M (37%)        1532M (37%)        1522M (37%)    
[4.405s][info][gc,heap     ] GC(14)      Used:     2564M (63%)        2566M (63%)        2568M (63%)        2568M (63%)        2574M (63%)        2564M (63%)    
[4.405s][info][gc,heap     ] GC(14)      Live:         -              2307M (56%)        2307M (56%)        2307M (56%)            -                  -          
[4.405s][info][gc,heap     ] GC(14) Allocated:         -                 2M (0%)            4M (0%)            4M (0%)             -                  -          
[4.405s][info][gc,heap     ] GC(14)   Garbage:         -               256M (6%)          256M (6%)          256M (6%)             -                  -          
[4.405s][info][gc,heap     ] GC(14) Reclaimed:         -                  -                 0M (0%)            0M (0%)             -                  -          
[4.405s][info][gc          ] GC(14) Garbage Collection (Timer) 2564M(63%)->2568M(63%)
[4.681s][info][gc,start    ] GC(15) Garbage Collection (Timer)
[4.681s][info][gc,task     ] GC(15) Using 3 workers
[4.681s][info][gc,phases   ] GC(15) Pause Mark Start 0.006ms
[4.701s][info][gc,phases   ] GC(15) Concurrent Mark 19.276ms
[4.701s][info][gc,phases   ] GC(15) Pause Mark End 0.009ms
[4.701s][info][gc,phases   ] GC(15) Concurrent Mark Free 0.001ms
[4.702s][info][gc,phases   ] GC(15) Concurrent Process Non-Strong References 0.892ms
[4.702s][info][gc,phases   ] GC(15) Concurrent Reset Relocation Set 0.001ms
[4.704s][info][gc,phases   ] GC(15) Concurrent Select Relocation Set 2.160ms
[4.704s][info][gc,phases   ] GC(15) Pause Relocate Start 0.005ms
[4.705s][info][gc,phases   ] GC(15) Concurrent Relocate 0.932ms
[4.705s][info][gc,load     ] GC(15) Load: 0.00/0.00/0.00
[4.705s][info][gc,mmu      ] GC(15) MMU: 2ms/99.4%, 5ms/99.6%, 10ms/99.8%, 20ms/99.9%, 50ms/100.0%, 100ms/100.0%
[4.705s][info][gc,marking  ] GC(15) Mark: 2 stripe(s), 2 proactive flush(es), 1 terminate flush(es), 0 completion(s), 0 continuation(s) 
[4.705s][info][gc,marking  ] GC(15) Mark Stack Usage: 32M
[4.705s][info][gc,nmethod  ] GC(15) NMethods: 464 registered, 0 unregistered
[4.705s][info][gc,metaspace] GC(15) Metaspace: 1M used, 1M committed, 1088M reserved
[4.705s][info][gc,ref      ] GC(15) Soft: 181 encountered, 0 discovered, 0 enqueued
[4.705s][info][gc,ref      ] GC(15) Weak: 263 encountered, 152 discovered, 0 enqueued
[4.705s][info][gc,ref      ] GC(15) Final: 0 encountered, 0 discovered, 0 enqueued
[4.706s][info][gc,ref      ] GC(15) Phantom: 7 encountered, 3 discovered, 0 enqueued
[4.706s][info][gc,reloc    ] GC(15) Small Pages: 1316 / 2632M, Empty: 0M, Relocated: 1M, In-Place: 0
[4.706s][info][gc,reloc    ] GC(15) Medium Pages: 1 / 32M, Empty: 0M, Relocated: 0M, In-Place: 0
[4.706s][info][gc,reloc    ] GC(15) Large Pages: 0 / 0M, Empty: 0M, Relocated: 0M, In-Place: 0
[4.706s][info][gc,reloc    ] GC(15) Forwarding Usage: 0M
[4.706s][info][gc,heap     ] GC(15) Min Capacity: 4096M(100%)
[4.706s][info][gc,heap     ] GC(15) Max Capacity: 4096M(100%)
[4.706s][info][gc,heap     ] GC(15) Soft Max Capacity: 4096M(100%)
[4.706s][info][gc,heap     ] GC(15)                Mark Start          Mark End        Relocate Start      Relocate End           High               Low         
[4.706s][info][gc,heap     ] GC(15)  Capacity:     4096M (100%)       4096M (100%)       4096M (100%)       4096M (100%)       4096M (100%)       4096M (100%)   
[4.706s][info][gc,heap     ] GC(15)      Free:     1432M (35%)        1428M (35%)        1426M (35%)        1426M (35%)        1432M (35%)        1420M (35%)    
[4.706s][info][gc,heap     ] GC(15)      Used:     2664M (65%)        2668M (65%)        2670M (65%)        2670M (65%)        2676M (65%)        2664M (65%)    
[4.706s][info][gc,heap     ] GC(15)      Live:         -              2398M (59%)        2398M (59%)        2398M (59%)            -                  -          
[4.706s][info][gc,heap     ] GC(15) Allocated:         -                 4M (0%)            6M (0%)            6M (0%)             -                  -          
[4.706s][info][gc,heap     ] GC(15)   Garbage:         -               265M (6%)          265M (6%)          265M (6%)             -                  -          
[4.706s][info][gc,heap     ] GC(15) Reclaimed:         -                  -                 0M (0%)            0M (0%)             -                  -          
[4.706s][info][gc          ] GC(15) Garbage Collection (Timer) 2664M(65%)->2670M(65%)
[4.981s][info][gc,start    ] GC(16) Garbage Collection (Timer)
[4.981s][info][gc,task     ] GC(16) Using 3 workers
[4.981s][info][gc,phases   ] GC(16) Pause Mark Start 0.006ms
[5.001s][info][gc,phases   ] GC(16) Concurrent Mark 19.591ms
[5.001s][info][gc,phases   ] GC(16) Pause Mark End 0.009ms
[5.001s][info][gc,phases   ] GC(16) Concurrent Mark Free 0.001ms
[5.002s][info][gc,phases   ] GC(16) Concurrent Process Non-Strong References 0.920ms
[5.002s][info][gc,phases   ] GC(16) Concurrent Reset Relocation Set 0.001ms
[5.004s][info][gc,phases   ] GC(16) Concurrent Select Relocation Set 2.167ms
[5.005s][info][gc,phases   ] GC(16) Pause Relocate Start 0.005ms
[5.006s][info][gc,phases   ] GC(16) Concurrent Relocate 1.024ms
[5.006s][info][gc,load     ] GC(16) Load: 0.00/0.00/0.00
[5.006s][info][gc,mmu      ] GC(16) MMU: 2ms/99.4%, 5ms/99.6%, 10ms/99.8%, 20ms/99.9%, 50ms/100.0%, 100ms/100.0%
[5.006s][info][gc,marking  ] GC(16) Mark: 2 stripe(s), 2 proactive flush(es), 1 terminate flush(es), 0 completion(s), 0 continuation(s) 
[5.006s][info][gc,marking  ] GC(16) Mark Stack Usage: 32M
[5.006s][info][gc,nmethod  ] GC(16) NMethods: 464 registered, 0 unregistered
[5.006s][info][gc,metaspace] GC(16) Metaspace: 1M used, 1M committed, 1088M reserved
[5.006s][info][gc,ref      ] GC(16) Soft: 181 encountered, 0 discovered, 0 enqueued
[5.006s][info][gc,ref      ] GC(16) Weak: 263 encountered, 5 discovered, 0 enqueued
[5.006s][info][gc,ref      ] GC(16) Final: 0 encountered, 0 discovered, 0 enqueued
[5.006s][info][gc,ref      ] GC(16) Phantom: 7 encountered, 3 discovered, 0 enqueued
[5.006s][info][gc,reloc    ] GC(16) Small Pages: 1360 / 2720M, Empty: 0M, Relocated: 1M, In-Place: 0
[5.006s][info][gc,reloc    ] GC(16) Medium Pages: 1 / 32M, Empty: 0M, Relocated: 0M, In-Place: 0
[5.006s][info][gc,reloc    ] GC(16) Large Pages: 0 / 0M, Empty: 0M, Relocated: 0M, In-Place: 0
[5.006s][info][gc,reloc    ] GC(16) Forwarding Usage: 0M
[5.006s][info][gc,heap     ] GC(16) Min Capacity: 4096M(100%)
[5.006s][info][gc,heap     ] GC(16) Max Capacity: 4096M(100%)
[5.006s][info][gc,heap     ] GC(16) Soft Max Capacity: 4096M(100%)
[5.006s][info][gc,heap     ] GC(16)                Mark Start          Mark End        Relocate Start      Relocate End           High               Low         
[5.006s][info][gc,heap     ] GC(16)  Capacity:     4096M (100%)       4096M (100%)       4096M (100%)       4096M (100%)       4096M (100%)       4096M (100%)   
[5.006s][info][gc,heap     ] GC(16)      Free:     1344M (33%)        1342M (33%)        1340M (33%)        1340M (33%)        1344M (33%)        1336M (33%)    
[5.006s][info][gc,heap     ] GC(16)      Used:     2752M (67%)        2754M (67%)        2756M (67%)        2756M (67%)        2760M (67%)        2752M (67%)    
[5.006s][info][gc,heap     ] GC(16)      Live:         -              2478M (61%)        2478M (61%)        2478M (61%)            -                  -          
[5.006s][info][gc,heap     ] GC(16) Allocated:         -                 2M (0%)            4M (0%)            4M (0%)             -                  -          
[5.006s][info][gc,heap     ] GC(16)   Garbage:         -               273M (7%)          273M (7%)          273M (7%)             -                  -          
[5.006s][info][gc,heap     ] GC(16) Reclaimed:         -                  -                 0M (0%)            0M (0%)             -                  -          
[5.006s][info][gc          ] GC(16) Garbage Collection (Timer) 2752M(67%)->2756M(67%)
[5.281s][info][gc,start    ] GC(17) Garbage Collection (Timer)
[5.281s][info][gc,task     ] GC(17) Using 3 workers
[5.281s][info][gc,phases   ] GC(17) Pause Mark Start 0.006ms
[5.300s][info][gc,phases   ] GC(17) Concurrent Mark 18.606ms
[5.300s][info][gc,phases   ] GC(17) Pause Mark End 0.009ms
[5.300s][info][gc,phases   ] GC(17) Concurrent Mark Free 0.001ms
[5.301s][info][gc,phases   ] GC(17) Concurrent Process Non-Strong References 0.908ms
[5.301s][info][gc,phases   ] GC(17) Concurrent Reset Relocation Set 0.001ms
[5.304s][info][gc,phases   ] GC(17) Concurrent Select Relocation Set 2.162ms
[5.304s][info][gc,phases   ] GC(17) Pause Relocate Start 0.005ms
[5.305s][info][gc,phases   ] GC(17) Concurrent Relocate 1.092ms
[5.305s][info][gc,load     ] GC(17) Load: 0.00/0.00/0.00
[5.305s][info][gc,mmu      ] GC(17) MMU: 2ms/99.4%, 5ms/99.6%, 10ms/99.8%, 20ms/99.9%, 50ms/100.0%, 100ms/100.0%
[5.305s][info][gc,marking  ] GC(17) Mark: 2 stripe(s), 2 proactive flush(es), 1 terminate flush(es), 0 completion(s), 0 continuation(s) 
[5.305s][info][gc,marking  ] GC(17) Mark Stack Usage: 32M
[5.305s][info][gc,nmethod  ] GC(17) NMethods: 464 registered, 0 unregistered
[5.305s][info][gc,metaspace] GC(17) Metaspace: 1M used, 1M committed, 1088M reserved
[5.305s][info][gc,ref      ] GC(17) Soft: 181 encountered, 0 discovered, 0 enqueued
[5.305s][info][gc,ref      ] GC(17) Weak: 263 encountered, 6 discovered, 0 enqueued
[5.305s][info][gc,ref      ] GC(17) Final: 0 encountered, 0 discovered, 0 enqueued
[5.305s][info][gc,ref      ] GC(17) Phantom: 7 encountered, 3 discovered, 0 enqueued
[5.305s][info][gc,reloc    ] GC(17) Small Pages: 1403 / 2806M, Empty: 0M, Relocated: 1M, In-Place: 0
[5.305s][info][gc,reloc    ] GC(17) Medium Pages: 1 / 32M, Empty: 0M, Relocated: 0M, In-Place: 0
[5.305s][info][gc,reloc    ] GC(17) Large Pages: 0 / 0M, Empty: 0M, Relocated: 0M, In-Place: 0
[5.305s][info][gc,reloc    ] GC(17) Forwarding Usage: 0M
[5.305s][info][gc,heap     ] GC(17) Min Capacity: 4096M(100%)
[5.305s][info][gc,heap     ] GC(17) Max Capacity: 4096M(100%)
[5.305s][info][gc,heap     ] GC(17) Soft Max Capacity: 4096M(100%)
[5.305s][info][gc,heap     ] GC(17)                Mark Start          Mark End        Relocate Start      Relocate End           High               Low         
[5.305s][info][gc,heap     ] GC(17)  Capacity:     4096M (100%)       4096M (100%)       4096M (100%)       4096M (100%)       4096M (100%)       4096M (100%)   
[5.306s][info][gc,heap     ] GC(17)      Free:     1258M (31%)        1256M (31%)        1254M (31%)        1254M (31%)        1258M (31%)        1246M (30%)    
[5.306s][info][gc,heap     ] GC(17)      Used:     2838M (69%)        2840M (69%)        2842M (69%)        2842M (69%)        2850M (70%)        2838M (69%)    
[5.306s][info][gc,heap     ] GC(17)      Live:         -              2555M (62%)        2555M (62%)        2555M (62%)            -                  -          
[5.306s][info][gc,heap     ] GC(17) Allocated:         -                 2M (0%)            4M (0%)            6M (0%)             -                  -          
[5.306s][info][gc,heap     ] GC(17)   Garbage:         -               282M (7%)          282M (7%)          280M (7%)             -                  -          
[5.306s][info][gc,heap     ] GC(17) Reclaimed:         -                  -                 0M (0%)            2M (0%)             -                  -          
[5.306s][info][gc          ] GC(17) Garbage Collection (Timer) 2838M(69%)->2842M(69%)
[5.582s][info][gc,start    ] GC(18) Garbage Collection (Timer)
[5.582s][info][gc,task     ] GC(18) Using 3 workers
[5.582s][info][gc,phases   ] GC(18) Pause Mark Start 0.006ms
[5.601s][info][gc,phases   ] GC(18) Concurrent Mark 18.623ms
[5.601s][info][gc,phases   ] GC(18) Pause Mark End 0.009ms
[5.601s][info][gc,phases   ] GC(18) Concurrent Mark Free 0.001ms
[5.602s][info][gc,phases   ] GC(18) Concurrent Process Non-Strong References 0.856ms
[5.602s][info][gc,phases   ] GC(18) Concurrent Reset Relocation Set 0.001ms
[5.604s][info][gc,phases   ] GC(18) Concurrent Select Relocation Set 2.208ms
[5.604s][info][gc,phases   ] GC(18) Pause Relocate Start 0.004ms
[5.605s][info][gc,phases   ] GC(18) Concurrent Relocate 0.999ms
[5.605s][info][gc,load     ] GC(18) Load: 0.00/0.00/0.00
[5.605s][info][gc,mmu      ] GC(18) MMU: 2ms/99.4%, 5ms/99.6%, 10ms/99.8%, 20ms/99.9%, 50ms/100.0%, 100ms/100.0%
[5.605s][info][gc,marking  ] GC(18) Mark: 2 stripe(s), 2 proactive flush(es), 1 terminate flush(es), 0 completion(s), 0 continuation(s) 
[5.605s][info][gc,marking  ] GC(18) Mark Stack Usage: 32M
[5.605s][info][gc,nmethod  ] GC(18) NMethods: 464 registered, 0 unregistered
[5.606s][info][gc,metaspace] GC(18) Metaspace: 1M used, 1M committed, 1088M reserved
[5.606s][info][gc,ref      ] GC(18) Soft: 181 encountered, 0 discovered, 0 enqueued
[5.606s][info][gc,ref      ] GC(18) Weak: 263 encountered, 160 discovered, 0 enqueued
[5.606s][info][gc,ref      ] GC(18) Final: 0 encountered, 0 discovered, 0 enqueued
[5.606s][info][gc,ref      ] GC(18) Phantom: 7 encountered, 3 discovered, 0 enqueued
[5.606s][info][gc,reloc    ] GC(18) Small Pages: 1448 / 2896M, Empty: 0M, Relocated: 1M, In-Place: 0
[5.606s][info][gc,reloc    ] GC(18) Medium Pages: 1 / 32M, Empty: 0M, Relocated: 0M, In-Place: 0
[5.606s][info][gc,reloc    ] GC(18) Large Pages: 0 / 0M, Empty: 0M, Relocated: 0M, In-Place: 0
[5.606s][info][gc,reloc    ] GC(18) Forwarding Usage: 0M
[5.606s][info][gc,heap     ] GC(18) Min Capacity: 4096M(100%)
[5.606s][info][gc,heap     ] GC(18) Max Capacity: 4096M(100%)
[5.606s][info][gc,heap     ] GC(18) Soft Max Capacity: 4096M(100%)
[5.606s][info][gc,heap     ] GC(18)                Mark Start          Mark End        Relocate Start      Relocate End           High               Low         
[5.606s][info][gc,heap     ] GC(18)  Capacity:     4096M (100%)       4096M (100%)       4096M (100%)       4096M (100%)       4096M (100%)       4096M (100%)   
[5.606s][info][gc,heap     ] GC(18)      Free:     1168M (29%)        1166M (28%)        1164M (28%)        1164M (28%)        1168M (29%)        1158M (28%)    
[5.606s][info][gc,heap     ] GC(18)      Used:     2928M (71%)        2930M (72%)        2932M (72%)        2932M (72%)        2938M (72%)        2928M (71%)    
[5.606s][info][gc,heap     ] GC(18)      Live:         -              2639M (64%)        2639M (64%)        2639M (64%)            -                  -          
[5.606s][info][gc,heap     ] GC(18) Allocated:         -                 2M (0%)            4M (0%)            4M (0%)             -                  -          
[5.606s][info][gc,heap     ] GC(18)   Garbage:         -               288M (7%)          288M (7%)          288M (7%)             -                  -          
[5.606s][info][gc,heap     ] GC(18) Reclaimed:         -                  -                 0M (0%)            0M (0%)             -                  -          
[5.606s][info][gc          ] GC(18) Garbage Collection (Timer) 2928M(71%)->2932M(72%)
[5.881s][info][gc,start    ] GC(19) Garbage Collection (Timer)
[5.881s][info][gc,task     ] GC(19) Using 3 workers
[5.881s][info][gc,phases   ] GC(19) Pause Mark Start 0.006ms
[5.902s][info][gc,phases   ] GC(19) Concurrent Mark 20.730ms
[5.902s][info][gc,phases   ] GC(19) Pause Mark End 0.010ms
[5.903s][info][gc,phases   ] GC(19) Concurrent Mark Free 0.001ms
[5.903s][info][gc,phases   ] GC(19) Concurrent Process Non-Strong References 0.873ms
[5.903s][info][gc,phases   ] GC(19) Concurrent Reset Relocation Set 0.001ms
[5.906s][info][gc,phases   ] GC(19) Concurrent Select Relocation Set 2.173ms
[5.906s][info][gc,phases   ] GC(19) Pause Relocate Start 0.005ms
[5.908s][info][gc,phases   ] GC(19) Concurrent Relocate 1.633ms
[5.908s][info][gc,load     ] GC(19) Load: 0.00/0.00/0.00
[5.908s][info][gc,mmu      ] GC(19) MMU: 2ms/99.4%, 5ms/99.6%, 10ms/99.8%, 20ms/99.9%, 50ms/100.0%, 100ms/100.0%
[5.908s][info][gc,marking  ] GC(19) Mark: 2 stripe(s), 2 proactive flush(es), 1 terminate flush(es), 0 completion(s), 0 continuation(s) 
[5.908s][info][gc,marking  ] GC(19) Mark Stack Usage: 32M
[5.908s][info][gc,nmethod  ] GC(19) NMethods: 464 registered, 0 unregistered
[5.908s][info][gc,metaspace] GC(19) Metaspace: 1M used, 1M committed, 1088M reserved
[5.908s][info][gc,ref      ] GC(19) Soft: 181 encountered, 0 discovered, 0 enqueued
[5.908s][info][gc,ref      ] GC(19) Weak: 263 encountered, 3 discovered, 0 enqueued
[5.908s][info][gc,ref      ] GC(19) Final: 0 encountered, 0 discovered, 0 enqueued
[5.908s][info][gc,ref      ] GC(19) Phantom: 7 encountered, 3 discovered, 0 enqueued
[5.908s][info][gc,reloc    ] GC(19) Small Pages: 1502 / 3004M, Empty: 0M, Relocated: 3M, In-Place: 0
[5.908s][info][gc,reloc    ] GC(19) Medium Pages: 1 / 32M, Empty: 0M, Relocated: 0M, In-Place: 0
[5.908s][info][gc,reloc    ] GC(19) Large Pages: 0 / 0M, Empty: 0M, Relocated: 0M, In-Place: 0
[5.908s][info][gc,reloc    ] GC(19) Forwarding Usage: 0M
[5.908s][info][gc,heap     ] GC(19) Min Capacity: 4096M(100%)
[5.908s][info][gc,heap     ] GC(19) Max Capacity: 4096M(100%)
[5.908s][info][gc,heap     ] GC(19) Soft Max Capacity: 4096M(100%)
[5.908s][info][gc,heap     ] GC(19)                Mark Start          Mark End        Relocate Start      Relocate End           High               Low         
[5.908s][info][gc,heap     ] GC(19)  Capacity:     4096M (100%)       4096M (100%)       4096M (100%)       4096M (100%)       4096M (100%)       4096M (100%)   
[5.908s][info][gc,heap     ] GC(19)      Free:     1060M (26%)        1056M (26%)        1054M (26%)        1058M (26%)        1060M (26%)        1048M (26%)    
[5.908s][info][gc,heap     ] GC(19)      Used:     3036M (74%)        3040M (74%)        3042M (74%)        3038M (74%)        3048M (74%)        3036M (74%)    
[5.908s][info][gc,heap     ] GC(19)      Live:         -              2736M (67%)        2736M (67%)        2736M (67%)            -                  -          
[5.908s][info][gc,heap     ] GC(19) Allocated:         -                 4M (0%)            6M (0%)            6M (0%)             -                  -          
[5.908s][info][gc,heap     ] GC(19)   Garbage:         -               299M (7%)          299M (7%)          295M (7%)             -                  -          
[5.908s][info][gc,heap     ] GC(19) Reclaimed:         -                  -                 0M (0%)            4M (0%)             -                  -          
[5.908s][info][gc          ] GC(19) Garbage Collection (Timer) 3036M(74%)->3038M(74%)
[6.182s][info][gc,start    ] GC(20) Garbage Collection (Timer)
[6.182s][info][gc,task     ] GC(20) Using 3 workers
[6.182s][info][gc,phases   ] GC(20) Pause Mark Start 0.006ms
[6.206s][info][gc,phases   ] GC(20) Concurrent Mark 24.609ms
[6.207s][info][gc,phases   ] GC(20) Pause Mark End 0.009ms
[6.207s][info][gc,phases   ] GC(20) Concurrent Mark Free 0.001ms
[6.208s][info][gc,phases   ] GC(20) Concurrent Process Non-Strong References 0.795ms
[6.208s][info][gc,phases   ] GC(20) Concurrent Reset Relocation Set 0.001ms
[6.210s][info][gc,phases   ] GC(20) Concurrent Select Relocation Set 2.326ms
[6.210s][info][gc,phases   ] GC(20) Pause Relocate Start 0.005ms
[6.212s][info][gc,phases   ] GC(20) Concurrent Relocate 2.229ms
[6.212s][info][gc,load     ] GC(20) Load: 0.00/0.00/0.00
[6.212s][info][gc,mmu      ] GC(20) MMU: 2ms/99.4%, 5ms/99.6%, 10ms/99.8%, 20ms/99.9%, 50ms/100.0%, 100ms/100.0%
[6.212s][info][gc,marking  ] GC(20) Mark: 2 stripe(s), 2 proactive flush(es), 1 terminate flush(es), 0 completion(s), 0 continuation(s) 
[6.213s][info][gc,marking  ] GC(20) Mark Stack Usage: 32M
[6.213s][info][gc,nmethod  ] GC(20) NMethods: 465 registered, 0 unregistered
[6.213s][info][gc,metaspace] GC(20) Metaspace: 1M used, 1M committed, 1088M reserved
[6.213s][info][gc,ref      ] GC(20) Soft: 181 encountered, 0 discovered, 0 enqueued
[6.213s][info][gc,ref      ] GC(20) Weak: 263 encountered, 72 discovered, 0 enqueued
[6.213s][info][gc,ref      ] GC(20) Final: 0 encountered, 0 discovered, 0 enqueued
[6.213s][info][gc,ref      ] GC(20) Phantom: 7 encountered, 3 discovered, 0 enqueued
[6.213s][info][gc,reloc    ] GC(20) Small Pages: 1611 / 3222M, Empty: 0M, Relocated: 5M, In-Place: 0
[6.213s][info][gc,reloc    ] GC(20) Medium Pages: 2 / 64M, Empty: 32M, Relocated: 0M, In-Place: 0
[6.213s][info][gc,reloc    ] GC(20) Large Pages: 0 / 0M, Empty: 0M, Relocated: 0M, In-Place: 0
[6.213s][info][gc,reloc    ] GC(20) Forwarding Usage: 0M
[6.213s][info][gc,heap     ] GC(20) Min Capacity: 4096M(100%)
[6.213s][info][gc,heap     ] GC(20) Max Capacity: 4096M(100%)
[6.213s][info][gc,heap     ] GC(20) Soft Max Capacity: 4096M(100%)
[6.213s][info][gc,heap     ] GC(20)                Mark Start          Mark End        Relocate Start      Relocate End           High               Low         
[6.213s][info][gc,heap     ] GC(20)  Capacity:     4096M (100%)       4096M (100%)       4096M (100%)       4096M (100%)       4096M (100%)       4096M (100%)   
[6.213s][info][gc,heap     ] GC(20)      Free:      810M (20%)         808M (20%)         838M (20%)         840M (21%)         840M (21%)         806M (20%)    
[6.213s][info][gc,heap     ] GC(20)      Used:     3286M (80%)        3288M (80%)        3258M (80%)        3256M (79%)        3290M (80%)        3256M (79%)    
[6.213s][info][gc,heap     ] GC(20)      Live:         -              2938M (72%)        2938M (72%)        2938M (72%)            -                  -          
[6.213s][info][gc,heap     ] GC(20) Allocated:         -                 2M (0%)            4M (0%)            4M (0%)             -                  -          
[6.213s][info][gc,heap     ] GC(20)   Garbage:         -               347M (8%)          315M (8%)          313M (8%)             -                  -          
[6.213s][info][gc,heap     ] GC(20) Reclaimed:         -                  -                32M (1%)           34M (1%)             -                  -          
[6.213s][info][gc          ] GC(20) Garbage Collection (Timer) 3286M(80%)->3256M(79%)
[6.482s][info][gc,start    ] GC(21) Garbage Collection (Timer)
[6.482s][info][gc,task     ] GC(21) Using 3 workers
[6.482s][info][gc,phases   ] GC(21) Pause Mark Start 0.006ms
[6.511s][info][gc,phases   ] GC(21) Concurrent Mark 28.653ms
[6.511s][info][gc,phases   ] GC(21) Pause Mark End 0.009ms
[6.511s][info][gc,phases   ] GC(21) Concurrent Mark Free 0.001ms
[6.512s][info][gc,phases   ] GC(21) Concurrent Process Non-Strong References 0.820ms
[6.512s][info][gc,phases   ] GC(21) Concurrent Reset Relocation Set 0.001ms
[6.514s][info][gc,phases   ] GC(21) Concurrent Select Relocation Set 2.227ms
[6.514s][info][gc,phases   ] GC(21) Pause Relocate Start 0.004ms
[6.515s][info][gc,phases   ] GC(21) Concurrent Relocate 0.987ms
[6.515s][info][gc,load     ] GC(21) Load: 0.00/0.00/0.00
[6.515s][info][gc,mmu      ] GC(21) MMU: 2ms/99.4%, 5ms/99.6%, 10ms/99.8%, 20ms/99.9%, 50ms/100.0%, 100ms/100.0%
[6.515s][info][gc,marking  ] GC(21) Mark: 2 stripe(s), 2 proactive flush(es), 1 terminate flush(es), 0 completion(s), 0 continuation(s) 
[6.515s][info][gc,marking  ] GC(21) Mark Stack Usage: 32M
[6.515s][info][gc,nmethod  ] GC(21) NMethods: 465 registered, 0 unregistered
[6.515s][info][gc,metaspace] GC(21) Metaspace: 1M used, 1M committed, 1088M reserved
[6.516s][info][gc,ref      ] GC(21) Soft: 181 encountered, 0 discovered, 0 enqueued
[6.516s][info][gc,ref      ] GC(21) Weak: 263 encountered, 21 discovered, 0 enqueued
[6.516s][info][gc,ref      ] GC(21) Final: 0 encountered, 0 discovered, 0 enqueued
[6.516s][info][gc,ref      ] GC(21) Phantom: 7 encountered, 3 discovered, 0 enqueued
[6.516s][info][gc,reloc    ] GC(21) Small Pages: 1708 / 3416M, Empty: 0M, Relocated: 1M, In-Place: 0
[6.516s][info][gc,reloc    ] GC(21) Medium Pages: 1 / 32M, Empty: 0M, Relocated: 0M, In-Place: 0
[6.516s][info][gc,reloc    ] GC(21) Large Pages: 0 / 0M, Empty: 0M, Relocated: 0M, In-Place: 0
[6.516s][info][gc,reloc    ] GC(21) Forwarding Usage: 0M
[6.516s][info][gc,heap     ] GC(21) Min Capacity: 4096M(100%)
[6.516s][info][gc,heap     ] GC(21) Max Capacity: 4096M(100%)
[6.516s][info][gc,heap     ] GC(21) Soft Max Capacity: 4096M(100%)
[6.516s][info][gc,heap     ] GC(21)                Mark Start          Mark End        Relocate Start      Relocate End           High               Low         
[6.516s][info][gc,heap     ] GC(21)  Capacity:     4096M (100%)       4096M (100%)       4096M (100%)       4096M (100%)       4096M (100%)       4096M (100%)   
[6.516s][info][gc,heap     ] GC(21)      Free:      648M (16%)         646M (16%)         644M (16%)         644M (16%)         648M (16%)         640M (16%)    
[6.516s][info][gc,heap     ] GC(21)      Used:     3448M (84%)        3450M (84%)        3452M (84%)        3452M (84%)        3456M (84%)        3448M (84%)    
[6.516s][info][gc,heap     ] GC(21)      Live:         -              3117M (76%)        3117M (76%)        3117M (76%)            -                  -          
[6.516s][info][gc,heap     ] GC(21) Allocated:         -                 2M (0%)            4M (0%)            4M (0%)             -                  -          
[6.516s][info][gc,heap     ] GC(21)   Garbage:         -               330M (8%)          330M (8%)          330M (8%)             -                  -          
[6.516s][info][gc,heap     ] GC(21) Reclaimed:         -                  -                 0M (0%)            0M (0%)             -                  -          
[6.516s][info][gc          ] GC(21) Garbage Collection (Timer) 3448M(84%)->3452M(84%)
[6.781s][info][gc,start    ] GC(22) Garbage Collection (Timer)
[6.781s][info][gc,task     ] GC(22) Using 3 workers
[6.781s][info][gc,phases   ] GC(22) Pause Mark Start 0.006ms
[6.810s][info][gc,phases   ] GC(22) Concurrent Mark 28.599ms
[6.810s][info][gc,phases   ] GC(22) Pause Mark End 0.009ms
[6.810s][info][gc,phases   ] GC(22) Concurrent Mark Free 0.001ms
[6.811s][info][gc,phases   ] GC(22) Concurrent Process Non-Strong References 0.849ms
[6.811s][info][gc,phases   ] GC(22) Concurrent Reset Relocation Set 0.001ms
[6.813s][info][gc,phases   ] GC(22) Concurrent Select Relocation Set 2.295ms
[6.813s][info][gc,phases   ] GC(22) Pause Relocate Start 0.005ms
[6.815s][info][gc,phases   ] GC(22) Concurrent Relocate 0.996ms
[6.815s][info][gc,load     ] GC(22) Load: 0.00/0.00/0.00
[6.815s][info][gc,mmu      ] GC(22) MMU: 2ms/99.4%, 5ms/99.6%, 10ms/99.8%, 20ms/99.9%, 50ms/100.0%, 100ms/100.0%
[6.815s][info][gc,marking  ] GC(22) Mark: 2 stripe(s), 2 proactive flush(es), 1 terminate flush(es), 0 completion(s), 0 continuation(s) 
[6.815s][info][gc,marking  ] GC(22) Mark Stack Usage: 32M
[6.815s][info][gc,nmethod  ] GC(22) NMethods: 465 registered, 0 unregistered
[6.815s][info][gc,metaspace] GC(22) Metaspace: 1M used, 1M committed, 1088M reserved
[6.815s][info][gc,ref      ] GC(22) Soft: 181 encountered, 0 discovered, 0 enqueued
[6.815s][info][gc,ref      ] GC(22) Weak: 263 encountered, 3 discovered, 0 enqueued
[6.815s][info][gc,ref      ] GC(22) Final: 0 encountered, 0 discovered, 0 enqueued
[6.815s][info][gc,ref      ] GC(22) Phantom: 7 encountered, 3 discovered, 0 enqueued
[6.815s][info][gc,reloc    ] GC(22) Small Pages: 1798 / 3596M, Empty: 0M, Relocated: 1M, In-Place: 0
[6.815s][info][gc,reloc    ] GC(22) Medium Pages: 1 / 32M, Empty: 0M, Relocated: 0M, In-Place: 0
[6.815s][info][gc,reloc    ] GC(22) Large Pages: 0 / 0M, Empty: 0M, Relocated: 0M, In-Place: 0
[6.815s][info][gc,reloc    ] GC(22) Forwarding Usage: 0M
[6.815s][info][gc,heap     ] GC(22) Min Capacity: 4096M(100%)
[6.815s][info][gc,heap     ] GC(22) Max Capacity: 4096M(100%)
[6.815s][info][gc,heap     ] GC(22) Soft Max Capacity: 4096M(100%)
[6.815s][info][gc,heap     ] GC(22)                Mark Start          Mark End        Relocate Start      Relocate End           High               Low         
[6.815s][info][gc,heap     ] GC(22)  Capacity:     4096M (100%)       4096M (100%)       4096M (100%)       4096M (100%)       4096M (100%)       4096M (100%)   
[6.815s][info][gc,heap     ] GC(22)      Free:      468M (11%)         466M (11%)         466M (11%)         466M (11%)         468M (11%)         462M (11%)    
[6.815s][info][gc,heap     ] GC(22)      Used:     3628M (89%)        3630M (89%)        3630M (89%)        3630M (89%)        3634M (89%)        3628M (89%)    
[6.815s][info][gc,heap     ] GC(22)      Live:         -              3282M (80%)        3282M (80%)        3282M (80%)            -                  -          
[6.815s][info][gc,heap     ] GC(22) Allocated:         -                 2M (0%)            2M (0%)            2M (0%)             -                  -          
[6.815s][info][gc,heap     ] GC(22)   Garbage:         -               345M (8%)          345M (8%)          345M (8%)             -                  -          
[6.815s][info][gc,heap     ] GC(22) Reclaimed:         -                  -                 0M (0%)            0M (0%)             -                  -          
[6.815s][info][gc          ] GC(22) Garbage Collection (Timer) 3628M(89%)->3630M(89%)
[7.081s][info][gc,start    ] GC(23) Garbage Collection (Timer)
[7.081s][info][gc,task     ] GC(23) Using 3 workers
[7.081s][info][gc,phases   ] GC(23) Pause Mark Start 0.006ms
[7.108s][info][gc,phases   ] GC(23) Concurrent Mark 26.597ms
[7.108s][info][gc,phases   ] GC(23) Pause Mark End 0.009ms
[7.108s][info][gc,phases   ] GC(23) Concurrent Mark Free 0.001ms
[7.109s][info][gc,phases   ] GC(23) Concurrent Process Non-Strong References 0.885ms
[7.109s][info][gc,phases   ] GC(23) Concurrent Reset Relocation Set 0.001ms
[7.112s][info][gc,phases   ] GC(23) Concurrent Select Relocation Set 2.330ms
[7.112s][info][gc,phases   ] GC(23) Pause Relocate Start 0.005ms
[7.114s][info][gc,phases   ] GC(23) Concurrent Relocate 2.036ms
[7.114s][info][gc,load     ] GC(23) Load: 0.00/0.00/0.00
[7.114s][info][gc,mmu      ] GC(23) MMU: 2ms/99.4%, 5ms/99.6%, 10ms/99.8%, 20ms/99.9%, 50ms/100.0%, 100ms/100.0%
[7.114s][info][gc,marking  ] GC(23) Mark: 2 stripe(s), 2 proactive flush(es), 1 terminate flush(es), 0 completion(s), 0 continuation(s) 
[7.114s][info][gc,marking  ] GC(23) Mark Stack Usage: 32M
[7.114s][info][gc,nmethod  ] GC(23) NMethods: 475 registered, 0 unregistered
[7.114s][info][gc,metaspace] GC(23) Metaspace: 1M used, 1M committed, 1088M reserved
[7.114s][info][gc,ref      ] GC(23) Soft: 181 encountered, 0 discovered, 0 enqueued
[7.114s][info][gc,ref      ] GC(23) Weak: 263 encountered, 37 discovered, 0 enqueued
[7.114s][info][gc,ref      ] GC(23) Final: 0 encountered, 0 discovered, 0 enqueued
[7.114s][info][gc,ref      ] GC(23) Phantom: 7 encountered, 3 discovered, 0 enqueued
[7.114s][info][gc,reloc    ] GC(23) Small Pages: 1869 / 3738M, Empty: 0M, Relocated: 5M, In-Place: 0
[7.114s][info][gc,reloc    ] GC(23) Medium Pages: 1 / 32M, Empty: 0M, Relocated: 0M, In-Place: 0
[7.114s][info][gc,reloc    ] GC(23) Large Pages: 0 / 0M, Empty: 0M, Relocated: 0M, In-Place: 0
[7.114s][info][gc,reloc    ] GC(23) Forwarding Usage: 0M
[7.114s][info][gc,heap     ] GC(23) Min Capacity: 4096M(100%)
[7.115s][info][gc,heap     ] GC(23) Max Capacity: 4096M(100%)
[7.115s][info][gc,heap     ] GC(23) Soft Max Capacity: 4096M(100%)
[7.115s][info][gc,heap     ] GC(23)                Mark Start          Mark End        Relocate Start      Relocate End           High               Low         
[7.115s][info][gc,heap     ] GC(23)  Capacity:     4096M (100%)       4096M (100%)       4096M (100%)       4096M (100%)       4096M (100%)       4096M (100%)   
[7.115s][info][gc,heap     ] GC(23)      Free:      326M (8%)          324M (8%)          322M (8%)          324M (8%)          326M (8%)          316M (8%)     
[7.115s][info][gc,heap     ] GC(23)      Used:     3770M (92%)        3772M (92%)        3774M (92%)        3772M (92%)        3780M (92%)        3770M (92%)    
[7.115s][info][gc,heap     ] GC(23)      Live:         -              3410M (83%)        3410M (83%)        3410M (83%)            -                  -          
[7.115s][info][gc,heap     ] GC(23) Allocated:         -                 2M (0%)            4M (0%)            4M (0%)             -                  -          
[7.115s][info][gc,heap     ] GC(23)   Garbage:         -               359M (9%)          359M (9%)          357M (9%)             -                  -          
[7.115s][info][gc,heap     ] GC(23) Reclaimed:         -                  -                 0M (0%)            2M (0%)             -                  -          
[7.115s][info][gc          ] GC(23) Garbage Collection (Timer) 3770M(92%)->3772M(92%)
[7.282s][info][gc,start    ] GC(24) Garbage Collection (High Usage)
[7.282s][info][gc,task     ] GC(24) Using 3 workers
[7.282s][info][gc,phases   ] GC(24) Pause Mark Start 0.005ms
[7.307s][info][gc,phases   ] GC(24) Concurrent Mark 24.594ms
[7.307s][info][gc,phases   ] GC(24) Pause Mark End 0.009ms
[7.307s][info][gc,phases   ] GC(24) Concurrent Mark Free 0.001ms
[7.308s][info][gc,phases   ] GC(24) Concurrent Process Non-Strong References 0.852ms
[7.308s][info][gc,phases   ] GC(24) Concurrent Reset Relocation Set 0.001ms
[7.310s][info][gc,phases   ] GC(24) Concurrent Select Relocation Set 2.287ms
[7.310s][info][gc,phases   ] GC(24) Pause Relocate Start 0.005ms
[7.312s][info][gc,phases   ] GC(24) Concurrent Relocate 1.333ms
[7.312s][info][gc,load     ] GC(24) Load: 0.00/0.00/0.00
[7.312s][info][gc,mmu      ] GC(24) MMU: 2ms/99.4%, 5ms/99.6%, 10ms/99.8%, 20ms/99.9%, 50ms/100.0%, 100ms/100.0%
[7.312s][info][gc,marking  ] GC(24) Mark: 2 stripe(s), 2 proactive flush(es), 1 terminate flush(es), 0 completion(s), 0 continuation(s) 
[7.312s][info][gc,marking  ] GC(24) Mark Stack Usage: 32M
[7.312s][info][gc,nmethod  ] GC(24) NMethods: 475 registered, 0 unregistered
[7.312s][info][gc,metaspace] GC(24) Metaspace: 1M used, 1M committed, 1088M reserved
[7.312s][info][gc,ref      ] GC(24) Soft: 181 encountered, 0 discovered, 0 enqueued
[7.312s][info][gc,ref      ] GC(24) Weak: 263 encountered, 82 discovered, 0 enqueued
[7.312s][info][gc,ref      ] GC(24) Final: 0 encountered, 0 discovered, 0 enqueued
[7.312s][info][gc,ref      ] GC(24) Phantom: 7 encountered, 3 discovered, 0 enqueued
[7.312s][info][gc,reloc    ] GC(24) Small Pages: 1916 / 3832M, Empty: 0M, Relocated: 3M, In-Place: 0
[7.312s][info][gc,reloc    ] GC(24) Medium Pages: 1 / 32M, Empty: 0M, Relocated: 0M, In-Place: 0
[7.312s][info][gc,reloc    ] GC(24) Large Pages: 0 / 0M, Empty: 0M, Relocated: 0M, In-Place: 0
[7.312s][info][gc,reloc    ] GC(24) Forwarding Usage: 0M
[7.312s][info][gc,heap     ] GC(24) Min Capacity: 4096M(100%)
[7.312s][info][gc,heap     ] GC(24) Max Capacity: 4096M(100%)
[7.312s][info][gc,heap     ] GC(24) Soft Max Capacity: 4096M(100%)
[7.312s][info][gc,heap     ] GC(24)                Mark Start          Mark End        Relocate Start      Relocate End           High               Low         
[7.312s][info][gc,heap     ] GC(24)  Capacity:     4096M (100%)       4096M (100%)       4096M (100%)       4096M (100%)       4096M (100%)       4096M (100%)   
[7.312s][info][gc,heap     ] GC(24)      Free:      232M (6%)          230M (6%)          230M (6%)          230M (6%)          232M (6%)          224M (5%)     
[7.312s][info][gc,heap     ] GC(24)      Used:     3864M (94%)        3866M (94%)        3866M (94%)        3866M (94%)        3872M (95%)        3864M (94%)    
[7.312s][info][gc,heap     ] GC(24)      Live:         -              3497M (85%)        3497M (85%)        3497M (85%)            -                  -          
[7.312s][info][gc,heap     ] GC(24) Allocated:         -                 2M (0%)            2M (0%)            2M (0%)             -                  -          
[7.312s][info][gc,heap     ] GC(24)   Garbage:         -               366M (9%)          366M (9%)          366M (9%)             -                  -          
[7.312s][info][gc,heap     ] GC(24) Reclaimed:         -                  -                 0M (0%)            0M (0%)             -                  -          
[7.312s][info][gc          ] GC(24) Garbage Collection (High Usage) 3864M(94%)->3866M(94%)
[7.381s][info][gc,start    ] GC(25) Garbage Collection (High Usage)
[7.381s][info][gc,task     ] GC(25) Using 3 workers
[7.382s][info][gc,phases   ] GC(25) Pause Mark Start 0.006ms
[7.405s][info][gc,phases   ] GC(25) Concurrent Mark 23.545ms
[7.405s][info][gc,phases   ] GC(25) Pause Mark End 0.009ms
[7.406s][info][gc,phases   ] GC(25) Concurrent Mark Free 0.001ms
[7.407s][info][gc,phases   ] GC(25) Concurrent Process Non-Strong References 0.863ms
[7.407s][info][gc,phases   ] GC(25) Concurrent Reset Relocation Set 0.001ms
[7.409s][info][gc,phases   ] GC(25) Concurrent Select Relocation Set 2.401ms
[7.409s][info][gc,phases   ] GC(25) Pause Relocate Start 0.005ms
[7.411s][info][gc,phases   ] GC(25) Concurrent Relocate 1.946ms
[7.411s][info][gc,load     ] GC(25) Load: 0.00/0.00/0.00
[7.411s][info][gc,mmu      ] GC(25) MMU: 2ms/99.4%, 5ms/99.6%, 10ms/99.8%, 20ms/99.9%, 50ms/100.0%, 100ms/100.0%
[7.411s][info][gc,marking  ] GC(25) Mark: 2 stripe(s), 2 proactive flush(es), 1 terminate flush(es), 0 completion(s), 0 continuation(s) 
[7.411s][info][gc,marking  ] GC(25) Mark Stack Usage: 32M
[7.411s][info][gc,nmethod  ] GC(25) NMethods: 475 registered, 0 unregistered
[7.411s][info][gc,metaspace] GC(25) Metaspace: 1M used, 1M committed, 1088M reserved
[7.411s][info][gc,ref      ] GC(25) Soft: 181 encountered, 0 discovered, 0 enqueued
[7.412s][info][gc,ref      ] GC(25) Weak: 263 encountered, 30 discovered, 0 enqueued
[7.412s][info][gc,ref      ] GC(25) Final: 0 encountered, 0 discovered, 0 enqueued
[7.412s][info][gc,ref      ] GC(25) Phantom: 7 encountered, 3 discovered, 0 enqueued
[7.412s][info][gc,reloc    ] GC(25) Small Pages: 1935 / 3870M, Empty: 0M, Relocated: 4M, In-Place: 0
[7.412s][info][gc,reloc    ] GC(25) Medium Pages: 1 / 32M, Empty: 0M, Relocated: 0M, In-Place: 0
[7.412s][info][gc,reloc    ] GC(25) Large Pages: 0 / 0M, Empty: 0M, Relocated: 0M, In-Place: 0
[7.412s][info][gc,reloc    ] GC(25) Forwarding Usage: 0M
[7.412s][info][gc,heap     ] GC(25) Min Capacity: 4096M(100%)
[7.412s][info][gc,heap     ] GC(25) Max Capacity: 4096M(100%)
[7.412s][info][gc,heap     ] GC(25) Soft Max Capacity: 4096M(100%)
[7.412s][info][gc,heap     ] GC(25)                Mark Start          Mark End        Relocate Start      Relocate End           High               Low         
[7.412s][info][gc,heap     ] GC(25)  Capacity:     4096M (100%)       4096M (100%)       4096M (100%)       4096M (100%)       4096M (100%)       4096M (100%)   
[7.412s][info][gc,heap     ] GC(25)      Free:      194M (5%)          192M (5%)          192M (5%)          194M (5%)          194M (5%)          184M (4%)     
[7.412s][info][gc,heap     ] GC(25)      Used:     3902M (95%)        3904M (95%)        3904M (95%)        3902M (95%)        3912M (96%)        3902M (95%)    
[7.412s][info][gc,heap     ] GC(25)      Live:         -              3531M (86%)        3531M (86%)        3531M (86%)            -                  -          
[7.412s][info][gc,heap     ] GC(25) Allocated:         -                 2M (0%)            2M (0%)            3M (0%)             -                  -          
[7.412s][info][gc,heap     ] GC(25)   Garbage:         -               370M (9%)          370M (9%)          366M (9%)             -                  -          
[7.412s][info][gc,heap     ] GC(25) Reclaimed:         -                  -                 0M (0%)            3M (0%)             -                  -          
[7.412s][info][gc          ] GC(25) Garbage Collection (High Usage) 3902M(95%)->3902M(95%)
[7.481s][info][gc,start    ] GC(26) Garbage Collection (High Usage)
[7.481s][info][gc,task     ] GC(26) Using 3 workers
[7.481s][info][gc,phases   ] GC(26) Pause Mark Start 0.006ms
[7.504s][info][gc,phases   ] GC(26) Concurrent Mark 22.611ms
[7.504s][info][gc,phases   ] GC(26) Pause Mark End 0.009ms
[7.504s][info][gc,phases   ] GC(26) Concurrent Mark Free 0.001ms
[7.505s][info][gc,phases   ] GC(26) Concurrent Process Non-Strong References 0.796ms
[7.505s][info][gc,phases   ] GC(26) Concurrent Reset Relocation Set 0.001ms
[7.508s][info][gc,phases   ] GC(26) Concurrent Select Relocation Set 2.339ms
[7.508s][info][gc,phases   ] GC(26) Pause Relocate Start 0.005ms
[7.509s][info][gc,phases   ] GC(26) Concurrent Relocate 1.546ms
[7.509s][info][gc,load     ] GC(26) Load: 0.00/0.00/0.00
[7.509s][info][gc,mmu      ] GC(26) MMU: 2ms/99.4%, 5ms/99.6%, 10ms/99.8%, 20ms/99.9%, 50ms/100.0%, 100ms/100.0%
[7.509s][info][gc,marking  ] GC(26) Mark: 2 stripe(s), 2 proactive flush(es), 1 terminate flush(es), 0 completion(s), 0 continuation(s) 
[7.509s][info][gc,marking  ] GC(26) Mark Stack Usage: 32M
[7.509s][info][gc,nmethod  ] GC(26) NMethods: 475 registered, 0 unregistered
[7.510s][info][gc,metaspace] GC(26) Metaspace: 1M used, 1M committed, 1088M reserved
[7.510s][info][gc,ref      ] GC(26) Soft: 181 encountered, 0 discovered, 0 enqueued
[7.510s][info][gc,ref      ] GC(26) Weak: 263 encountered, 88 discovered, 0 enqueued
[7.510s][info][gc,ref      ] GC(26) Final: 0 encountered, 0 discovered, 0 enqueued
[7.510s][info][gc,ref      ] GC(26) Phantom: 7 encountered, 3 discovered, 0 enqueued
[7.510s][info][gc,reloc    ] GC(26) Small Pages: 1953 / 3906M, Empty: 0M, Relocated: 3M, In-Place: 0
[7.510s][info][gc,reloc    ] GC(26) Medium Pages: 1 / 32M, Empty: 0M, Relocated: 0M, In-Place: 0
[7.510s][info][gc,reloc    ] GC(26) Large Pages: 0 / 0M, Empty: 0M, Relocated: 0M, In-Place: 0
[7.510s][info][gc,reloc    ] GC(26) Forwarding Usage: 0M
[7.510s][info][gc,heap     ] GC(26) Min Capacity: 4096M(100%)
[7.510s][info][gc,heap     ] GC(26) Max Capacity: 4096M(100%)
[7.510s][info][gc,heap     ] GC(26) Soft Max Capacity: 4096M(100%)
[7.510s][info][gc,heap     ] GC(26)                Mark Start          Mark End        Relocate Start      Relocate End           High               Low         
[7.510s][info][gc,heap     ] GC(26)  Capacity:     4096M (100%)       4096M (100%)       4096M (100%)       4096M (100%)       4096M (100%)       4096M (100%)   
[7.510s][info][gc,heap     ] GC(26)      Free:      158M (4%)          156M (4%)          156M (4%)          154M (4%)          158M (4%)          148M (4%)     
[7.510s][info][gc,heap     ] GC(26)      Used:     3938M (96%)        3940M (96%)        3940M (96%)        3942M (96%)        3948M (96%)        3938M (96%)    
[7.510s][info][gc,heap     ] GC(26)      Live:         -              3566M (87%)        3566M (87%)        3566M (87%)            -                  -          
[7.510s][info][gc,heap     ] GC(26) Allocated:         -                 2M (0%)            2M (0%)            4M (0%)             -                  -          
[7.510s][info][gc,heap     ] GC(26)   Garbage:         -               371M (9%)          371M (9%)          371M (9%)             -                  -          
[7.510s][info][gc,heap     ] GC(26) Reclaimed:         -                  -                 0M (0%)            0M (0%)             -                  -          
[7.510s][info][gc          ] GC(26) Garbage Collection (High Usage) 3938M(96%)->3942M(96%)
[7.581s][info][gc,start    ] GC(27) Garbage Collection (Allocation Rate)
[7.581s][info][gc,task     ] GC(27) Using 3 workers
[7.581s][info][gc,phases   ] GC(27) Pause Mark Start 0.006ms
[7.604s][info][gc,phases   ] GC(27) Concurrent Mark 22.592ms
[7.604s][info][gc,phases   ] GC(27) Pause Mark End 0.009ms
[7.604s][info][gc,phases   ] GC(27) Concurrent Mark Free 0.001ms
[7.605s][info][gc,phases   ] GC(27) Concurrent Process Non-Strong References 0.874ms
[7.605s][info][gc,phases   ] GC(27) Concurrent Reset Relocation Set 0.001ms
[7.607s][info][gc,phases   ] GC(27) Concurrent Select Relocation Set 2.263ms
[7.607s][info][gc,phases   ] GC(27) Pause Relocate Start 0.005ms
[7.609s][info][gc,phases   ] GC(27) Concurrent Relocate 1.397ms
[7.609s][info][gc,load     ] GC(27) Load: 0.00/0.00/0.00
[7.609s][info][gc,mmu      ] GC(27) MMU: 2ms/99.4%, 5ms/99.6%, 10ms/99.8%, 20ms/99.9%, 50ms/100.0%, 100ms/100.0%
[7.609s][info][gc,marking  ] GC(27) Mark: 2 stripe(s), 2 proactive flush(es), 1 terminate flush(es), 0 completion(s), 0 continuation(s) 
[7.609s][info][gc,marking  ] GC(27) Mark Stack Usage: 32M
[7.609s][info][gc,nmethod  ] GC(27) NMethods: 475 registered, 0 unregistered
[7.609s][info][gc,metaspace] GC(27) Metaspace: 1M used, 1M committed, 1088M reserved
[7.609s][info][gc,ref      ] GC(27) Soft: 181 encountered, 0 discovered, 0 enqueued
[7.609s][info][gc,ref      ] GC(27) Weak: 263 encountered, 79 discovered, 0 enqueued
[7.609s][info][gc,ref      ] GC(27) Final: 0 encountered, 0 discovered, 0 enqueued
[7.609s][info][gc,ref      ] GC(27) Phantom: 7 encountered, 3 discovered, 0 enqueued
[7.609s][info][gc,reloc    ] GC(27) Small Pages: 1971 / 3942M, Empty: 0M, Relocated: 3M, In-Place: 0
[7.609s][info][gc,reloc    ] GC(27) Medium Pages: 1 / 32M, Empty: 0M, Relocated: 0M, In-Place: 0
[7.609s][info][gc,reloc    ] GC(27) Large Pages: 0 / 0M, Empty: 0M, Relocated: 0M, In-Place: 0
[7.609s][info][gc,reloc    ] GC(27) Forwarding Usage: 0M
[7.609s][info][gc,heap     ] GC(27) Min Capacity: 4096M(100%)
[7.609s][info][gc,heap     ] GC(27) Max Capacity: 4096M(100%)
[7.609s][info][gc,heap     ] GC(27) Soft Max Capacity: 4096M(100%)
[7.609s][info][gc,heap     ] GC(27)                Mark Start          Mark End        Relocate Start      Relocate End           High               Low         
[7.609s][info][gc,heap     ] GC(27)  Capacity:     4096M (100%)       4096M (100%)       4096M (100%)       4096M (100%)       4096M (100%)       4096M (100%)   
[7.609s][info][gc,heap     ] GC(27)      Free:      122M (3%)          120M (3%)          120M (3%)          120M (3%)          122M (3%)          114M (3%)     
[7.609s][info][gc,heap     ] GC(27)      Used:     3974M (97%)        3976M (97%)        3976M (97%)        3976M (97%)        3982M (97%)        3974M (97%)    
[7.610s][info][gc,heap     ] GC(27)      Live:         -              3598M (88%)        3598M (88%)        3598M (88%)            -                  -          
[7.610s][info][gc,heap     ] GC(27) Allocated:         -                 2M (0%)            2M (0%)            2M (0%)             -                  -          
[7.610s][info][gc,heap     ] GC(27)   Garbage:         -               375M (9%)          375M (9%)          375M (9%)             -                  -          
[7.610s][info][gc,heap     ] GC(27) Reclaimed:         -                  -                 0M (0%)            0M (0%)             -                  -          
[7.610s][info][gc          ] GC(27) Garbage Collection (Allocation Rate) 3974M(97%)->3976M(97%)
[7.682s][info][gc,start    ] GC(28) Garbage Collection (Allocation Rate)
[7.682s][info][gc,task     ] GC(28) Using 3 workers
[7.682s][info][gc,phases   ] GC(28) Pause Mark Start 0.006ms
[7.705s][info][gc,phases   ] GC(28) Concurrent Mark 22.892ms
[7.705s][info][gc,phases   ] GC(28) Pause Mark End 0.009ms
[7.705s][info][gc,phases   ] GC(28) Concurrent Mark Free 0.001ms
[7.706s][info][gc,phases   ] GC(28) Concurrent Process Non-Strong References 0.848ms
[7.706s][info][gc,phases   ] GC(28) Concurrent Reset Relocation Set 0.001ms
[7.708s][info][gc,phases   ] GC(28) Concurrent Select Relocation Set 2.208ms
[7.708s][info][gc,phases   ] GC(28) Pause Relocate Start 0.005ms
[7.710s][info][gc,phases   ] GC(28) Concurrent Relocate 1.038ms
[7.710s][info][gc,load     ] GC(28) Load: 0.00/0.00/0.00
[7.710s][info][gc,mmu      ] GC(28) MMU: 2ms/99.4%, 5ms/99.6%, 10ms/99.8%, 20ms/99.9%, 50ms/100.0%, 100ms/100.0%
[7.710s][info][gc,marking  ] GC(28) Mark: 2 stripe(s), 2 proactive flush(es), 1 terminate flush(es), 0 completion(s), 0 continuation(s) 
[7.710s][info][gc,marking  ] GC(28) Mark Stack Usage: 32M
[7.710s][info][gc,nmethod  ] GC(28) NMethods: 475 registered, 0 unregistered
[7.710s][info][gc,metaspace] GC(28) Metaspace: 1M used, 1M committed, 1088M reserved
[7.710s][info][gc,ref      ] GC(28) Soft: 181 encountered, 0 discovered, 0 enqueued
[7.710s][info][gc,ref      ] GC(28) Weak: 263 encountered, 7 discovered, 0 enqueued
[7.710s][info][gc,ref      ] GC(28) Final: 0 encountered, 0 discovered, 0 enqueued
[7.710s][info][gc,ref      ] GC(28) Phantom: 7 encountered, 3 discovered, 0 enqueued
[7.710s][info][gc,reloc    ] GC(28) Small Pages: 1990 / 3980M, Empty: 0M, Relocated: 1M, In-Place: 0
[7.710s][info][gc,reloc    ] GC(28) Medium Pages: 1 / 32M, Empty: 0M, Relocated: 0M, In-Place: 0
[7.710s][info][gc,reloc    ] GC(28) Large Pages: 0 / 0M, Empty: 0M, Relocated: 0M, In-Place: 0
[7.710s][info][gc,reloc    ] GC(28) Forwarding Usage: 0M
[7.710s][info][gc,heap     ] GC(28) Min Capacity: 4096M(100%)
[7.710s][info][gc,heap     ] GC(28) Max Capacity: 4096M(100%)
[7.710s][info][gc,heap     ] GC(28) Soft Max Capacity: 4096M(100%)
[7.710s][info][gc,heap     ] GC(28)                Mark Start          Mark End        Relocate Start      Relocate End           High               Low         
[7.710s][info][gc,heap     ] GC(28)  Capacity:     4096M (100%)       4096M (100%)       4096M (100%)       4096M (100%)       4096M (100%)       4096M (100%)   
[7.710s][info][gc,heap     ] GC(28)      Free:       84M (2%)           80M (2%)           80M (2%)           80M (2%)           84M (2%)           76M (2%)     
[7.710s][info][gc,heap     ] GC(28)      Used:     4012M (98%)        4016M (98%)        4016M (98%)        4016M (98%)        4020M (98%)        4012M (98%)    
[7.710s][info][gc,heap     ] GC(28)      Live:         -              3632M (89%)        3632M (89%)        3632M (89%)            -                  -          
[7.710s][info][gc,heap     ] GC(28) Allocated:         -                 4M (0%)            4M (0%)            4M (0%)             -                  -          
[7.710s][info][gc,heap     ] GC(28)   Garbage:         -               379M (9%)          379M (9%)          379M (9%)             -                  -          
[7.710s][info][gc,heap     ] GC(28) Reclaimed:         -                  -                 0M (0%)            0M (0%)             -                  -          
[7.710s][info][gc          ] GC(28) Garbage Collection (Allocation Rate) 4012M(98%)->4016M(98%)
[7.781s][info][gc,start    ] GC(29) Garbage Collection (Allocation Rate)
[7.781s][info][gc,task     ] GC(29) Using 3 workers
[7.781s][info][gc,phases   ] GC(29) Pause Mark Start 0.006ms
[7.804s][info][gc,phases   ] GC(29) Concurrent Mark 22.641ms
[7.804s][info][gc,phases   ] GC(29) Pause Mark End 0.009ms
[7.804s][info][gc,phases   ] GC(29) Concurrent Mark Free 0.001ms
[7.805s][info][gc,phases   ] GC(29) Concurrent Process Non-Strong References 0.862ms
[7.805s][info][gc,phases   ] GC(29) Concurrent Reset Relocation Set 0.001ms
[7.807s][info][gc,phases   ] GC(29) Concurrent Select Relocation Set 2.318ms
[7.808s][info][gc,phases   ] GC(29) Pause Relocate Start 0.005ms
[7.809s][info][gc,phases   ] GC(29) Concurrent Relocate 1.080ms
[7.809s][info][gc,load     ] GC(29) Load: 0.00/0.00/0.00
[7.809s][info][gc,mmu      ] GC(29) MMU: 2ms/99.4%, 5ms/99.6%, 10ms/99.8%, 20ms/99.9%, 50ms/100.0%, 100ms/100.0%
[7.809s][info][gc,marking  ] GC(29) Mark: 2 stripe(s), 2 proactive flush(es), 1 terminate flush(es), 0 completion(s), 0 continuation(s) 
[7.809s][info][gc,marking  ] GC(29) Mark Stack Usage: 32M
[7.809s][info][gc,nmethod  ] GC(29) NMethods: 475 registered, 0 unregistered
[7.809s][info][gc,metaspace] GC(29) Metaspace: 1M used, 1M committed, 1088M reserved
[7.809s][info][gc,ref      ] GC(29) Soft: 181 encountered, 0 discovered, 0 enqueued
[7.809s][info][gc,ref      ] GC(29) Weak: 263 encountered, 15 discovered, 0 enqueued
[7.809s][info][gc,ref      ] GC(29) Final: 0 encountered, 0 discovered, 0 enqueued
[7.809s][info][gc,ref      ] GC(29) Phantom: 7 encountered, 3 discovered, 0 enqueued
[7.809s][info][gc,reloc    ] GC(29) Small Pages: 2006 / 4012M, Empty: 0M, Relocated: 1M, In-Place: 0
[7.809s][info][gc,reloc    ] GC(29) Medium Pages: 1 / 32M, Empty: 0M, Relocated: 0M, In-Place: 0
[7.809s][info][gc,reloc    ] GC(29) Large Pages: 0 / 0M, Empty: 0M, Relocated: 0M, In-Place: 0
[7.809s][info][gc,reloc    ] GC(29) Forwarding Usage: 0M
[7.809s][info][gc,heap     ] GC(29) Min Capacity: 4096M(100%)
[7.809s][info][gc,heap     ] GC(29) Max Capacity: 4096M(100%)
[7.809s][info][gc,heap     ] GC(29) Soft Max Capacity: 4096M(100%)
[7.809s][info][gc,heap     ] GC(29)                Mark Start          Mark End        Relocate Start      Relocate End           High               Low         
[7.809s][info][gc,heap     ] GC(29)  Capacity:     4096M (100%)       4096M (100%)       4096M (100%)       4096M (100%)       4096M (100%)       4096M (100%)   
[7.809s][info][gc,heap     ] GC(29)      Free:       52M (1%)           50M (1%)           50M (1%)           50M (1%)           52M (1%)           46M (1%)     
[7.809s][info][gc,heap     ] GC(29)      Used:     4044M (99%)        4046M (99%)        4046M (99%)        4046M (99%)        4050M (99%)        4044M (99%)    
[7.809s][info][gc,heap     ] GC(29)      Live:         -              3661M (89%)        3661M (89%)        3661M (89%)            -                  -          
[7.809s][info][gc,heap     ] GC(29) Allocated:         -                 2M (0%)            2M (0%)            2M (0%)             -                  -          
[7.809s][info][gc,heap     ] GC(29)   Garbage:         -               382M (9%)          382M (9%)          382M (9%)             -                  -          
[7.809s][info][gc,heap     ] GC(29) Reclaimed:         -                  -                 0M (0%)            0M (0%)             -                  -          
[7.809s][info][gc          ] GC(29) Garbage Collection (Allocation Rate) 4044M(99%)->4046M(99%)
[7.882s][info][gc,start    ] GC(30) Garbage Collection (Allocation Rate)
[7.882s][info][gc,task     ] GC(30) Using 3 workers
[7.882s][info][gc,phases   ] GC(30) Pause Mark Start 0.006ms
[7.905s][info][gc,phases   ] GC(30) Concurrent Mark 22.659ms
[7.905s][info][gc,phases   ] GC(30) Pause Mark End 0.009ms
[7.905s][info][gc,phases   ] GC(30) Concurrent Mark Free 0.001ms
[7.906s][info][gc,phases   ] GC(30) Concurrent Process Non-Strong References 0.784ms
[7.906s][info][gc,phases   ] GC(30) Concurrent Reset Relocation Set 0.001ms
[7.908s][info][gc,phases   ] GC(30) Concurrent Select Relocation Set 2.289ms
[7.908s][info][gc,phases   ] GC(30) Pause Relocate Start 0.004ms
[7.909s][info][gc,phases   ] GC(30) Concurrent Relocate 1.050ms
[7.909s][info][gc,load     ] GC(30) Load: 0.00/0.00/0.00
[7.909s][info][gc,mmu      ] GC(30) MMU: 2ms/99.4%, 5ms/99.6%, 10ms/99.8%, 20ms/99.9%, 50ms/100.0%, 100ms/100.0%
[7.909s][info][gc,marking  ] GC(30) Mark: 2 stripe(s), 2 proactive flush(es), 1 terminate flush(es), 0 completion(s), 0 continuation(s) 
[7.909s][info][gc,marking  ] GC(30) Mark Stack Usage: 32M
[7.909s][info][gc,nmethod  ] GC(30) NMethods: 475 registered, 0 unregistered
[7.909s][info][gc,metaspace] GC(30) Metaspace: 1M used, 1M committed, 1088M reserved
[7.909s][info][gc,ref      ] GC(30) Soft: 181 encountered, 0 discovered, 0 enqueued
[7.909s][info][gc,ref      ] GC(30) Weak: 263 encountered, 3 discovered, 0 enqueued
[7.910s][info][gc,ref      ] GC(30) Final: 0 encountered, 0 discovered, 0 enqueued
[7.910s][info][gc,ref      ] GC(30) Phantom: 7 encountered, 3 discovered, 0 enqueued
[7.910s][info][gc,reloc    ] GC(30) Small Pages: 2023 / 4046M, Empty: 0M, Relocated: 1M, In-Place: 0
[7.910s][info][gc,reloc    ] GC(30) Medium Pages: 1 / 32M, Empty: 0M, Relocated: 0M, In-Place: 0
[7.910s][info][gc,reloc    ] GC(30) Large Pages: 0 / 0M, Empty: 0M, Relocated: 0M, In-Place: 0
[7.910s][info][gc,reloc    ] GC(30) Forwarding Usage: 0M
[7.910s][info][gc,heap     ] GC(30) Min Capacity: 4096M(100%)
[7.910s][info][gc,heap     ] GC(30) Max Capacity: 4096M(100%)
[7.910s][info][gc,heap     ] GC(30) Soft Max Capacity: 4096M(100%)
[7.910s][info][gc,heap     ] GC(30)                Mark Start          Mark End        Relocate Start      Relocate End           High               Low         
[7.910s][info][gc,heap     ] GC(30)  Capacity:     4096M (100%)       4096M (100%)       4096M (100%)       4096M (100%)       4096M (100%)       4096M (100%)   
[7.910s][info][gc,heap     ] GC(30)      Free:       18M (0%)           14M (0%)           14M (0%)           14M (0%)           18M (0%)           10M (0%)     
[7.910s][info][gc,heap     ] GC(30)      Used:     4078M (100%)       4082M (100%)       4082M (100%)       4082M (100%)       4086M (100%)       4078M (100%)   
[7.910s][info][gc,heap     ] GC(30)      Live:         -              3692M (90%)        3692M (90%)        3692M (90%)            -                  -          
[7.910s][info][gc,heap     ] GC(30) Allocated:         -                 4M (0%)            4M (0%)            4M (0%)             -                  -          
[7.910s][info][gc,heap     ] GC(30)   Garbage:         -               385M (9%)          385M (9%)          385M (9%)             -                  -          
[7.910s][info][gc,heap     ] GC(30) Reclaimed:         -                  -                 0M (0%)            0M (0%)             -                  -          
[7.910s][info][gc          ] GC(30) Garbage Collection (Allocation Rate) 4078M(100%)->4082M(100%)
[7.946s][info][gc,start    ] GC(31) Garbage Collection (Allocation Stall)
[7.946s][info][gc,ref      ] GC(31) Clearing All SoftReferences
[7.946s][info][gc,task     ] GC(31) Using 3 workers
[7.946s][info][gc,phases   ] GC(31) Pause Mark Start 0.006ms
[7.983s][info][gc,phases   ] GC(31) Concurrent Mark 36.985ms
[7.983s][info][gc,phases   ] GC(31) Pause Mark End 0.010ms
[7.984s][info][gc,phases   ] GC(31) Concurrent Mark Free 0.001ms
[7.985s][info][gc,phases   ] GC(31) Concurrent Process Non-Strong References 1.436ms
[7.985s][info][gc,phases   ] GC(31) Concurrent Reset Relocation Set 0.001ms
[7.987s][info][gc,phases   ] GC(31) Concurrent Select Relocation Set 2.087ms
[7.987s][info][gc,phases   ] GC(31) Pause Relocate Start 0.004ms
[7.987s][info][gc,phases   ] GC(31) Concurrent Relocate 0.084ms
[7.987s][info][gc,load     ] GC(31) Load: 0.00/0.00/0.00
[7.987s][info][gc,mmu      ] GC(31) MMU: 2ms/99.4%, 5ms/99.6%, 10ms/99.8%, 20ms/99.9%, 50ms/100.0%, 100ms/100.0%
[7.988s][info][gc,marking  ] GC(31) Mark: 2 stripe(s), 10 proactive flush(es), 1 terminate flush(es), 0 completion(s), 0 continuation(s) 
[7.988s][info][gc,marking  ] GC(31) Mark Stack Usage: 32M
[7.988s][info][gc,nmethod  ] GC(31) NMethods: 469 registered, 6 unregistered
[7.988s][info][gc,metaspace] GC(31) Metaspace: 1M used, 1M committed, 1088M reserved
[7.988s][info][gc,ref      ] GC(31) Soft: 175 encountered, 111 discovered, 79 enqueued
[7.988s][info][gc,ref      ] GC(31) Weak: 260 encountered, 25 discovered, 4 enqueued
[7.988s][info][gc,ref      ] GC(31) Final: 0 encountered, 0 discovered, 0 enqueued
[7.988s][info][gc,ref      ] GC(31) Phantom: 7 encountered, 3 discovered, 0 enqueued
[7.988s][info][gc,reloc    ] GC(31) Small Pages: 2032 / 4064M, Empty: 0M, Relocated: 1M, In-Place: 2
[7.988s][info][gc,reloc    ] GC(31) Medium Pages: 1 / 32M, Empty: 0M, Relocated: 0M, In-Place: 0
[7.988s][info][gc,reloc    ] GC(31) Large Pages: 0 / 0M, Empty: 0M, Relocated: 0M, In-Place: 0
[7.988s][info][gc,reloc    ] GC(31) Forwarding Usage: 0M
[7.988s][info][gc,heap     ] GC(31) Min Capacity: 4096M(100%)
[7.988s][info][gc,heap     ] GC(31) Max Capacity: 4096M(100%)
[7.988s][info][gc,heap     ] GC(31) Soft Max Capacity: 4096M(100%)
[7.988s][info][gc,heap     ] GC(31)                Mark Start          Mark End        Relocate Start      Relocate End           High               Low         
[7.988s][info][gc,heap     ] GC(31)  Capacity:     4096M (100%)       4096M (100%)       4096M (100%)       4096M (100%)       4096M (100%)       4096M (100%)   
[7.988s][info][gc,heap     ] GC(31)      Free:        0M (0%)            0M (0%)            0M (0%)            0M (0%)            0M (0%)            0M (0%)     
[7.988s][info][gc,heap     ] GC(31)      Used:     4096M (100%)       4096M (100%)       4096M (100%)       4096M (100%)       4096M (100%)       4096M (100%)   
[7.988s][info][gc,heap     ] GC(31)      Live:         -              3709M (91%)        3709M (91%)        3709M (91%)            -                  -          
[7.988s][info][gc,heap     ] GC(31) Allocated:         -                 0M (0%)            0M (0%)            0M (0%)             -                  -          
[7.988s][info][gc,heap     ] GC(31)   Garbage:         -               386M (9%)          386M (9%)          386M (9%)             -                  -          
[7.988s][info][gc,heap     ] GC(31) Reclaimed:         -                  -                 0M (0%)            0M (0%)             -                  -          
[7.988s][info][gc          ] GC(31) Garbage Collection (Allocation Stall) 4096M(100%)->4096M(100%)
[7.988s][info][gc          ] Allocation Stall (main) 42.157ms
[7.988s][info][gc,start    ] GC(32) Garbage Collection (Allocation Stall)
[7.988s][info][gc,ref      ] GC(32) Clearing All SoftReferences
[7.988s][info][gc,task     ] GC(32) Using 3 workers
[7.988s][info][gc,phases   ] GC(32) Pause Mark Start 0.004ms
[8.015s][info][gc,phases   ] GC(32) Concurrent Mark 26.981ms
[8.016s][info][gc,phases   ] GC(32) Pause Mark End 0.010ms
[8.016s][info][gc,phases   ] GC(32) Concurrent Mark Free 0.001ms
[8.017s][info][gc,phases   ] GC(32) Concurrent Process Non-Strong References 0.779ms
[8.017s][info][gc,phases   ] GC(32) Concurrent Reset Relocation Set 0.001ms
[8.019s][info][gc,phases   ] GC(32) Concurrent Select Relocation Set 2.128ms
[8.019s][info][gc,phases   ] GC(32) Pause Relocate Start 0.005ms
[8.020s][info][gc          ] Allocation Stall (main) 31.634ms
[8.020s][info][gc,phases   ] GC(32) Concurrent Relocate 0.966ms
[8.020s][info][gc,load     ] GC(32) Load: 0.00/0.00/0.00
[8.020s][info][gc,mmu      ] GC(32) MMU: 2ms/99.4%, 5ms/99.6%, 10ms/99.8%, 20ms/99.9%, 50ms/99.9%, 100ms/100.0%
[8.020s][info][gc,marking  ] GC(32) Mark: 2 stripe(s), 4 proactive flush(es), 1 terminate flush(es), 0 completion(s), 0 continuation(s) 
[8.020s][info][gc,marking  ] GC(32) Mark Stack Usage: 32M
[8.020s][info][gc,nmethod  ] GC(32) NMethods: 469 registered, 6 unregistered
[8.020s][info][gc,metaspace] GC(32) Metaspace: 1M used, 1M committed, 1088M reserved
[8.020s][info][gc,ref      ] GC(32) Soft: 96 encountered, 24 discovered, 0 enqueued
[8.020s][info][gc,ref      ] GC(32) Weak: 256 encountered, 22 discovered, 0 enqueued
[8.020s][info][gc,ref      ] GC(32) Final: 0 encountered, 0 discovered, 0 enqueued
[8.020s][info][gc,ref      ] GC(32) Phantom: 7 encountered, 4 discovered, 0 enqueued
[8.020s][info][gc,reloc    ] GC(32) Small Pages: 2032 / 4064M, Empty: 0M, Relocated: 1M, In-Place: 1
[8.020s][info][gc,reloc    ] GC(32) Medium Pages: 1 / 32M, Empty: 0M, Relocated: 0M, In-Place: 0
[8.020s][info][gc,reloc    ] GC(32) Large Pages: 0 / 0M, Empty: 0M, Relocated: 0M, In-Place: 0
[8.020s][info][gc,reloc    ] GC(32) Forwarding Usage: 0M
[8.020s][info][gc,heap     ] GC(32) Min Capacity: 4096M(100%)
[8.020s][info][gc,heap     ] GC(32) Max Capacity: 4096M(100%)
[8.020s][info][gc,heap     ] GC(32) Soft Max Capacity: 4096M(100%)
[8.020s][info][gc,heap     ] GC(32)                Mark Start          Mark End        Relocate Start      Relocate End           High               Low         
[8.020s][info][gc,heap     ] GC(32)  Capacity:     4096M (100%)       4096M (100%)       4096M (100%)       4096M (100%)       4096M (100%)       4096M (100%)   
[8.021s][info][gc,heap     ] GC(32)      Free:        0M (0%)            0M (0%)            0M (0%)            0M (0%)            2M (0%)            0M (0%)     
[8.021s][info][gc,heap     ] GC(32)      Used:     4096M (100%)       4096M (100%)       4096M (100%)       4096M (100%)       4096M (100%)       4094M (100%)   
[8.021s][info][gc,heap     ] GC(32)      Live:         -              3709M (91%)        3709M (91%)        3709M (91%)            -                  -          
[8.021s][info][gc,heap     ] GC(32) Allocated:         -                 0M (0%)            0M (0%)            2M (0%)             -                  -          
[8.021s][info][gc,heap     ] GC(32)   Garbage:         -               386M (9%)          386M (9%)          384M (9%)             -                  -          
[8.021s][info][gc,heap     ] GC(32) Reclaimed:         -                  -                 0M (0%)            2M (0%)             -                  -          
[8.021s][info][gc          ] GC(32) Garbage Collection (Allocation Stall) 4096M(100%)->4096M(100%)
[8.026s][info][gc,start    ] GC(33) Garbage Collection (Allocation Stall)
[8.026s][info][gc,ref      ] GC(33) Clearing All SoftReferences
[8.026s][info][gc,task     ] GC(33) Using 3 workers
[8.027s][info][gc,phases   ] GC(33) Pause Mark Start 0.004ms
[8.049s][info][gc,phases   ] GC(33) Concurrent Mark 22.621ms
[8.050s][info][gc,phases   ] GC(33) Pause Mark End 0.011ms
[8.050s][info][gc,phases   ] GC(33) Concurrent Mark Free 0.001ms
[8.051s][info][gc,phases   ] GC(33) Concurrent Process Non-Strong References 1.407ms
[8.051s][info][gc,phases   ] GC(33) Concurrent Reset Relocation Set 0.001ms
[8.053s][info][gc,phases   ] GC(33) Concurrent Select Relocation Set 2.080ms
[8.053s][info][gc,phases   ] GC(33) Pause Relocate Start 0.005ms
[8.054s][info][gc,phases   ] GC(33) Concurrent Relocate 0.109ms
[8.054s][info][gc,load     ] GC(33) Load: 0.00/0.00/0.00
[8.054s][info][gc,mmu      ] GC(33) MMU: 2ms/99.4%, 5ms/99.6%, 10ms/99.8%, 20ms/99.9%, 50ms/99.9%, 100ms/99.9%
[8.054s][info][gc,marking  ] GC(33) Mark: 2 stripe(s), 2 proactive flush(es), 1 terminate flush(es), 0 completion(s), 0 continuation(s) 
[8.054s][info][gc,marking  ] GC(33) Mark Stack Usage: 32M
[8.054s][info][gc,nmethod  ] GC(33) NMethods: 467 registered, 8 unregistered
[8.054s][info][gc,metaspace] GC(33) Metaspace: 1M used, 1M committed, 1088M reserved
[8.054s][info][gc,ref      ] GC(33) Soft: 100 encountered, 38 discovered, 4 enqueued
[8.054s][info][gc,ref      ] GC(33) Weak: 255 encountered, 3 discovered, 0 enqueued
[8.054s][info][gc,ref      ] GC(33) Final: 0 encountered, 0 discovered, 0 enqueued
[8.054s][info][gc,ref      ] GC(33) Phantom: 7 encountered, 3 discovered, 0 enqueued
[8.054s][info][gc,reloc    ] GC(33) Small Pages: 2032 / 4064M, Empty: 0M, Relocated: 0M, In-Place: 0
[8.054s][info][gc,reloc    ] GC(33) Medium Pages: 1 / 32M, Empty: 0M, Relocated: 0M, In-Place: 0
[8.054s][info][gc,reloc    ] GC(33) Large Pages: 0 / 0M, Empty: 0M, Relocated: 0M, In-Place: 0
[8.054s][info][gc,reloc    ] GC(33) Forwarding Usage: 0M
[8.054s][info][gc,heap     ] GC(33) Min Capacity: 4096M(100%)
[8.054s][info][gc,heap     ] GC(33) Max Capacity: 4096M(100%)
[8.054s][info][gc,heap     ] GC(33) Soft Max Capacity: 4096M(100%)
[8.054s][info][gc,heap     ] GC(33)                Mark Start          Mark End        Relocate Start      Relocate End           High               Low         
[8.054s][info][gc,heap     ] GC(33)  Capacity:     4096M (100%)       4096M (100%)       4096M (100%)       4096M (100%)       4096M (100%)       4096M (100%)   
[8.054s][info][gc,heap     ] GC(33)      Free:        0M (0%)            0M (0%)            0M (0%)            0M (0%)            0M (0%)            0M (0%)     
[8.054s][info][gc,heap     ] GC(33)      Used:     4096M (100%)       4096M (100%)       4096M (100%)       4096M (100%)       4096M (100%)       4096M (100%)   
[8.054s][info][gc,heap     ] GC(33)      Live:         -              3710M (91%)        3710M (91%)        3710M (91%)            -                  -          
[8.054s][info][gc,heap     ] GC(33) Allocated:         -                 0M (0%)            0M (0%)            0M (0%)             -                  -          
[8.054s][info][gc,heap     ] GC(33)   Garbage:         -               385M (9%)          385M (9%)          385M (9%)             -                  -          
[8.054s][info][gc,heap     ] GC(33) Reclaimed:         -                  -                 0M (0%)            0M (0%)             -                  -          
[8.054s][info][gc          ] GC(33) Garbage Collection (Allocation Stall) 4096M(100%)->4096M(100%)
[8.054s][info][gc          ] Allocation Stall (C1 CompilerThread0) 27.947ms
[8.054s][info][gc,start    ] GC(34) Garbage Collection (Allocation Stall)
[8.054s][info][gc,ref      ] GC(34) Clearing All SoftReferences
[8.054s][info][gc,task     ] GC(34) Using 3 workers
[8.055s][info][gc,phases   ] GC(34) Pause Mark Start 0.004ms
[8.088s][info][gc,phases   ] GC(34) Concurrent Mark 33.462ms
[8.088s][info][gc,phases   ] GC(34) Pause Mark End 0.010ms
[8.088s][info][gc,phases   ] GC(34) Concurrent Mark Free 0.001ms
[8.089s][info][gc,phases   ] GC(34) Concurrent Process Non-Strong References 0.825ms
[8.089s][info][gc,phases   ] GC(34) Concurrent Reset Relocation Set 0.000ms
[8.091s][info][gc,phases   ] GC(34) Concurrent Select Relocation Set 2.127ms
[8.091s][info][gc,phases   ] GC(34) Pause Relocate Start 0.004ms
[8.092s][info][gc,phases   ] GC(34) Concurrent Relocate 0.096ms
[8.092s][info][gc,load     ] GC(34) Load: 0.00/0.00/0.00
[8.092s][info][gc,mmu      ] GC(34) MMU: 2ms/99.4%, 5ms/99.6%, 10ms/99.8%, 20ms/99.9%, 50ms/99.9%, 100ms/99.9%
[8.092s][info][gc,marking  ] GC(34) Mark: 2 stripe(s), 10 proactive flush(es), 1 terminate flush(es), 0 completion(s), 0 continuation(s) 
[8.092s][info][gc,marking  ] GC(34) Mark Stack Usage: 32M
[8.092s][info][gc,nmethod  ] GC(34) NMethods: 467 registered, 8 unregistered
[8.092s][info][gc,metaspace] GC(34) Metaspace: 1M used, 1M committed, 1088M reserved
[8.092s][info][gc,ref      ] GC(34) Soft: 96 encountered, 34 discovered, 0 enqueued
[8.092s][info][gc,ref      ] GC(34) Weak: 255 encountered, 94 discovered, 0 enqueued
[8.092s][info][gc,ref      ] GC(34) Final: 0 encountered, 0 discovered, 0 enqueued
[8.092s][info][gc,ref      ] GC(34) Phantom: 7 encountered, 3 discovered, 0 enqueued
[8.092s][info][gc,reloc    ] GC(34) Small Pages: 2032 / 4064M, Empty: 0M, Relocated: 0M, In-Place: 0
[8.092s][info][gc,reloc    ] GC(34) Medium Pages: 1 / 32M, Empty: 0M, Relocated: 0M, In-Place: 0
[8.092s][info][gc,reloc    ] GC(34) Large Pages: 0 / 0M, Empty: 0M, Relocated: 0M, In-Place: 0
[8.092s][info][gc,reloc    ] GC(34) Forwarding Usage: 0M
[8.092s][info][gc,heap     ] GC(34) Min Capacity: 4096M(100%)
[8.092s][info][gc,heap     ] GC(34) Max Capacity: 4096M(100%)
[8.092s][info][gc,heap     ] GC(34) Soft Max Capacity: 4096M(100%)
[8.092s][info][gc,heap     ] GC(34)                Mark Start          Mark End        Relocate Start      Relocate End           High               Low         
[8.092s][info][gc,heap     ] GC(34)  Capacity:     4096M (100%)       4096M (100%)       4096M (100%)       4096M (100%)       4096M (100%)       4096M (100%)   
[8.092s][info][gc,heap     ] GC(34)      Free:        0M (0%)            0M (0%)            0M (0%)            0M (0%)            0M (0%)            0M (0%)     
[8.092s][info][gc,heap     ] GC(34)      Used:     4096M (100%)       4096M (100%)       4096M (100%)       4096M (100%)       4096M (100%)       4096M (100%)   
[8.092s][info][gc,heap     ] GC(34)      Live:         -              3710M (91%)        3710M (91%)        3710M (91%)            -                  -          
[8.092s][info][gc,heap     ] GC(34) Allocated:         -                 0M (0%)            0M (0%)            0M (0%)             -                  -          
[8.092s][info][gc,heap     ] GC(34)   Garbage:         -               385M (9%)          385M (9%)          385M (9%)             -                  -          
[8.092s][info][gc,heap     ] GC(34) Reclaimed:         -                  -                 0M (0%)            0M (0%)             -                  -          
[8.092s][info][gc          ] GC(34) Garbage Collection (Allocation Stall) 4096M(100%)->4096M(100%)
[8.092s][info][gc          ] Allocation Stall (main) 56.412ms
[8.092s][info][gc          ] Allocation Stall (C1 CompilerThread0) 38.036ms
[8.092s][info][gc,start    ] GC(35) Garbage Collection (Allocation Stall)
[8.092s][info][gc          ] Out Of Memory (C1 CompilerThread0)
[8.093s][info][gc,ref      ] GC(35) Clearing All SoftReferences
[8.093s][info][gc,task     ] GC(35) Using 3 workers
[8.093s][info][gc,phases   ] GC(35) Pause Mark Start 0.003ms
[8.116s][info][gc,phases   ] GC(35) Concurrent Mark 23.296ms
[8.116s][info][gc,phases   ] GC(35) Pause Mark End 0.010ms
[8.116s][info][gc,phases   ] GC(35) Concurrent Mark Free 0.001ms
[8.117s][info][gc,phases   ] GC(35) Concurrent Process Non-Strong References 0.639ms
[8.117s][info][gc,phases   ] GC(35) Concurrent Reset Relocation Set 0.001ms
[8.119s][info][gc,phases   ] GC(35) Concurrent Select Relocation Set 2.101ms
[8.119s][info][gc,phases   ] GC(35) Pause Relocate Start 0.004ms
[8.119s][info][gc,phases   ] GC(35) Concurrent Relocate 0.115ms
[8.120s][info][gc,load     ] GC(35) Load: 0.00/0.00/0.00
[8.120s][info][gc,mmu      ] GC(35) MMU: 2ms/99.4%, 5ms/99.6%, 10ms/99.8%, 20ms/99.9%, 50ms/99.9%, 100ms/99.9%
[8.120s][info][gc,marking  ] GC(35) Mark: 2 stripe(s), 7 proactive flush(es), 1 terminate flush(es), 0 completion(s), 0 continuation(s) 
[8.120s][info][gc,marking  ] GC(35) Mark Stack Usage: 32M
[8.120s][info][gc,nmethod  ] GC(35) NMethods: 467 registered, 8 unregistered
[8.120s][info][gc,metaspace] GC(35) Metaspace: 1M used, 1M committed, 1088M reserved
[8.120s][info][gc,ref      ] GC(35) Soft: 96 encountered, 36 discovered, 0 enqueued
[8.120s][info][gc,ref      ] GC(35) Weak: 255 encountered, 92 discovered, 0 enqueued
[8.120s][info][gc,ref      ] GC(35) Final: 0 encountered, 0 discovered, 0 enqueued
[8.120s][info][gc,ref      ] GC(35) Phantom: 7 encountered, 3 discovered, 0 enqueued
[8.120s][info][gc,reloc    ] GC(35) Small Pages: 2032 / 4064M, Empty: 0M, Relocated: 0M, In-Place: 0
[8.120s][info][gc,reloc    ] GC(35) Medium Pages: 1 / 32M, Empty: 0M, Relocated: 0M, In-Place: 0
[8.120s][info][gc,reloc    ] GC(35) Large Pages: 0 / 0M, Empty: 0M, Relocated: 0M, In-Place: 0
[8.120s][info][gc,reloc    ] GC(35) Forwarding Usage: 0M
[8.120s][info][gc,heap     ] GC(35) Min Capacity: 4096M(100%)
[8.120s][info][gc,heap     ] GC(35) Max Capacity: 4096M(100%)
[8.120s][info][gc,heap     ] GC(35) Soft Max Capacity: 4096M(100%)
[8.120s][info][gc,heap     ] GC(35)                Mark Start          Mark End        Relocate Start      Relocate End           High               Low         
[8.120s][info][gc,heap     ] GC(35)  Capacity:     4096M (100%)       4096M (100%)       4096M (100%)       4096M (100%)       4096M (100%)       4096M (100%)   
[8.120s][info][gc,heap     ] GC(35)      Free:        0M (0%)            0M (0%)            0M (0%)            0M (0%)            0M (0%)            0M (0%)     
[8.120s][info][gc,heap     ] GC(35)      Used:     4096M (100%)       4096M (100%)       4096M (100%)       4096M (100%)       4096M (100%)       4096M (100%)   
[8.120s][info][gc,heap     ] GC(35)      Live:         -              3710M (91%)        3710M (91%)        3710M (91%)            -                  -          
[8.120s][info][gc,heap     ] GC(35) Allocated:         -                 0M (0%)            0M (0%)            0M (0%)             -                  -          
[8.120s][info][gc,heap     ] GC(35)   Garbage:         -               385M (9%)          385M (9%)          385M (9%)             -                  -          
[8.120s][info][gc,heap     ] GC(35) Reclaimed:         -                  -                 0M (0%)            0M (0%)             -                  -          
[8.120s][info][gc          ] GC(35) Garbage Collection (Allocation Stall) 4096M(100%)->4096M(100%)
[8.120s][info][gc          ] Allocation Stall (main) 27.802ms
[8.120s][info][gc          ] Out Of Memory (main)
[8.120s][info][gc,start    ] GC(36) Garbage Collection (Allocation Stall)
[8.120s][info][gc,ref      ] GC(36) Clearing All SoftReferences
[8.121s][info][gc,task     ] GC(36) Using 3 workers
[8.121s][info][gc,phases   ] GC(36) Pause Mark Start 0.004ms
[8.124s][info][gc,phases   ] GC(36) Concurrent Mark 3.342ms
[8.124s][info][gc,phases   ] GC(36) Pause Mark End 0.005ms
[8.124s][info][gc,phases   ] GC(36) Concurrent Mark Free 0.001ms
[8.125s][info][gc,phases   ] GC(36) Concurrent Process Non-Strong References 0.666ms
[8.125s][info][gc,phases   ] GC(36) Concurrent Reset Relocation Set 0.000ms
[8.125s][info][gc          ] Allocation Stall (main) 4.583ms
[8.127s][info][gc          ] GC(36) Garbage Collection (Allocation Stall) Aborted
[8.128s][info][gc,heap,exit] Heap
[8.128s][info][gc,heap,exit]  ZHeap           used 44M, capacity 4096M, max capacity 4096M
[8.128s][info][gc,heap,exit]  Metaspace       used 1575K, committed 1792K, reserved 1114112K
[8.128s][info][gc,heap,exit]   class space    used 144K, committed 256K, reserved 1048576K
