[0.023s][info][gc,init] Initializing The Z Garbage Collector
[0.023s][info][gc,init] Version: 17.0.11+1-LTS (release)
[0.023s][info][gc,init] NUMA Support: Disabled
[0.023s][info][gc,init] CPUs: 12 total, 12 available
[0.023s][info][gc,init] Memory: 24496M
[0.023s][info][gc,init] Large Page Support: Disabled
[0.024s][info][gc,init] GC Workers: 3 (dynamic)
[0.024s][info][gc,init] Address Space Type: Contiguous/Unrestricted/Complete
[0.024s][info][gc,init] Address Space Size: 65536M x 3 = 196608M
[0.025s][info][gc,init] Min Capacity: 4096M
[0.025s][info][gc,init] Initial Capacity: 4096M
[0.026s][info][gc,init] Max Capacity: 4096M
[0.026s][info][gc,init] Medium Page Size: 32M
[0.026s][info][gc,init] Pre-touch: Disabled
[0.026s][info][gc,init] Uncommit: Implicitly Disabled (-Xms equals -Xmx)
[0.243s][info][gc,init] Runtime Workers: 12
[0.245s][info][gc     ] Using The Z Garbage Collector
[0.254s][info][gc,metaspace] CDS archive(s) mapped at: [0x000002835b000000-0x000002835bbc0000-0x000002835bbc0000), size 12320768, SharedBaseAddress: 0x000002835b000000, ArchiveRelocationMode: 1.
[0.254s][info][gc,metaspace] Compressed class space mapped at: 0x000002835c000000-0x000002839c000000, reserved size: 1073741824
[0.254s][info][gc,metaspace] Narrow klass base: 0x000002835b000000, Narrow klass shift: 0, Narrow klass range: 0x100000000
[0.386s][info][gc,start    ] GC(0) Garbage Collection (Timer)
[0.386s][info][gc,task     ] GC(0) Using 3 workers
[0.387s][info][gc,phases   ] GC(0) Pause Mark Start 0.008ms
[0.390s][info][gc,phases   ] GC(0) Concurrent Mark 3.624ms
[0.390s][info][gc,phases   ] GC(0) Pause Mark End 0.017ms
[0.391s][info][gc,phases   ] GC(0) Concurrent Mark Free 0.001ms
[0.391s][info][gc,phases   ] GC(0) Concurrent Process Non-Strong References 0.333ms
[0.391s][info][gc,phases   ] GC(0) Concurrent Reset Relocation Set 0.001ms
[0.403s][info][gc,phases   ] GC(0) Concurrent Select Relocation Set 12.202ms
[0.403s][info][gc,phases   ] GC(0) Pause Relocate Start 0.013ms
[0.405s][info][gc,phases   ] GC(0) Concurrent Relocate 1.808ms
[0.405s][info][gc,load     ] GC(0) Load: 0.00/0.00/0.00
[0.405s][info][gc,mmu      ] GC(0) MMU: 2ms/99.2%, 5ms/99.5%, 10ms/99.8%, 20ms/99.8%, 50ms/99.9%, 100ms/100.0%
[0.405s][info][gc,marking  ] GC(0) Mark: 2 stripe(s), 1 proactive flush(es), 1 terminate flush(es), 0 completion(s), 0 continuation(s) 
[0.405s][info][gc,marking  ] GC(0) Mark Stack Usage: 32M
[0.406s][info][gc,nmethod  ] GC(0) NMethods: 154 registered, 0 unregistered
[0.406s][info][gc,metaspace] GC(0) Metaspace: 0M used, 0M committed, 1088M reserved
[0.406s][info][gc,ref      ] GC(0) Soft: 36 encountered, 0 discovered, 0 enqueued
[0.406s][info][gc,ref      ] GC(0) Weak: 103 encountered, 87 discovered, 18 enqueued
[0.406s][info][gc,ref      ] GC(0) Final: 0 encountered, 0 discovered, 0 enqueued
[0.406s][info][gc,ref      ] GC(0) Phantom: 16 encountered, 13 discovered, 13 enqueued
[0.406s][info][gc,reloc    ] GC(0) Small Pages: 2 / 4M, Empty: 0M, Relocated: 1M, In-Place: 0
[0.406s][info][gc,reloc    ] GC(0) Medium Pages: 0 / 0M, Empty: 0M, Relocated: 0M, In-Place: 0
[0.406s][info][gc,reloc    ] GC(0) Large Pages: 0 / 0M, Empty: 0M, Relocated: 0M, In-Place: 0
[0.406s][info][gc,reloc    ] GC(0) Forwarding Usage: 0M
[0.406s][info][gc,heap     ] GC(0) Min Capacity: 4096M(100%)
[0.406s][info][gc,heap     ] GC(0) Max Capacity: 4096M(100%)
[0.406s][info][gc,heap     ] GC(0) Soft Max Capacity: 4096M(100%)
[0.406s][info][gc,heap     ] GC(0)                Mark Start          Mark End        Relocate Start      Relocate End           High               Low         
[0.406s][info][gc,heap     ] GC(0)  Capacity:     4096M (100%)       4096M (100%)       4096M (100%)       4096M (100%)       4096M (100%)       4096M (100%)   
[0.406s][info][gc,heap     ] GC(0)      Free:     4092M (100%)       4092M (100%)       4092M (100%)       4092M (100%)       4092M (100%)       4088M (100%)   
[0.406s][info][gc,heap     ] GC(0)      Used:        4M (0%)            4M (0%)            4M (0%)            4M (0%)            8M (0%)            4M (0%)     
[0.406s][info][gc,heap     ] GC(0)      Live:         -                 1M (0%)            1M (0%)            1M (0%)             -                  -          
[0.406s][info][gc,heap     ] GC(0) Allocated:         -                 0M (0%)            0M (0%)            0M (0%)             -                  -          
[0.406s][info][gc,heap     ] GC(0)   Garbage:         -                 2M (0%)            2M (0%)            2M (0%)             -                  -          
[0.407s][info][gc,heap     ] GC(0) Reclaimed:         -                  -                 0M (0%)            0M (0%)             -                  -          
[0.407s][info][gc          ] GC(0) Garbage Collection (Timer) 4M(0%)->4M(0%)
[0.678s][info][gc,start    ] GC(1) Garbage Collection (Timer)
[0.678s][info][gc,task     ] GC(1) Using 3 workers
[0.678s][info][gc,phases   ] GC(1) Pause Mark Start 0.006ms
[0.691s][info][gc,phases   ] GC(1) Concurrent Mark 13.290ms
[0.691s][info][gc,phases   ] GC(1) Pause Mark End 0.010ms
[0.691s][info][gc,phases   ] GC(1) Concurrent Mark Free 0.001ms
[0.692s][info][gc,phases   ] GC(1) Concurrent Process Non-Strong References 0.537ms
[0.692s][info][gc,phases   ] GC(1) Concurrent Reset Relocation Set 0.001ms
[0.696s][info][gc,phases   ] GC(1) Concurrent Select Relocation Set 3.508ms
[0.696s][info][gc,phases   ] GC(1) Pause Relocate Start 0.006ms
[0.697s][info][gc,phases   ] GC(1) Concurrent Relocate 1.173ms
[0.697s][info][gc,load     ] GC(1) Load: 0.00/0.00/0.00
[0.697s][info][gc,mmu      ] GC(1) MMU: 2ms/99.2%, 5ms/99.5%, 10ms/99.8%, 20ms/99.8%, 50ms/99.9%, 100ms/100.0%
[0.697s][info][gc,marking  ] GC(1) Mark: 2 stripe(s), 3 proactive flush(es), 1 terminate flush(es), 0 completion(s), 0 continuation(s) 
[0.697s][info][gc,marking  ] GC(1) Mark Stack Usage: 32M
[0.697s][info][gc,nmethod  ] GC(1) NMethods: 290 registered, 0 unregistered
[0.697s][info][gc,metaspace] GC(1) Metaspace: 0M used, 0M committed, 1088M reserved
[0.697s][info][gc,ref      ] GC(1) Soft: 72 encountered, 0 discovered, 0 enqueued
[0.697s][info][gc,ref      ] GC(1) Weak: 177 encountered, 23 discovered, 23 enqueued
[0.697s][info][gc,ref      ] GC(1) Final: 0 encountered, 0 discovered, 0 enqueued
[0.697s][info][gc,ref      ] GC(1) Phantom: 13 encountered, 9 discovered, 6 enqueued
[0.697s][info][gc,reloc    ] GC(1) Small Pages: 101 / 202M, Empty: 0M, Relocated: 1M, In-Place: 0
[0.697s][info][gc,reloc    ] GC(1) Medium Pages: 0 / 0M, Empty: 0M, Relocated: 0M, In-Place: 0
[0.697s][info][gc,reloc    ] GC(1) Large Pages: 0 / 0M, Empty: 0M, Relocated: 0M, In-Place: 0
[0.697s][info][gc,reloc    ] GC(1) Forwarding Usage: 0M
[0.697s][info][gc,heap     ] GC(1) Min Capacity: 4096M(100%)
[0.697s][info][gc,heap     ] GC(1) Max Capacity: 4096M(100%)
[0.697s][info][gc,heap     ] GC(1) Soft Max Capacity: 4096M(100%)
[0.697s][info][gc,heap     ] GC(1)                Mark Start          Mark End        Relocate Start      Relocate End           High               Low         
[0.698s][info][gc,heap     ] GC(1)  Capacity:     4096M (100%)       4096M (100%)       4096M (100%)       4096M (100%)       4096M (100%)       4096M (100%)   
[0.698s][info][gc,heap     ] GC(1)      Free:     3894M (95%)        3890M (95%)        3888M (95%)        3888M (95%)        3894M (95%)        3882M (95%)    
[0.698s][info][gc,heap     ] GC(1)      Used:      202M (5%)          206M (5%)          208M (5%)          208M (5%)          214M (5%)          202M (5%)     
[0.698s][info][gc,heap     ] GC(1)      Live:         -               178M (4%)          178M (4%)          178M (4%)             -                  -          
[0.698s][info][gc,heap     ] GC(1) Allocated:         -                 4M (0%)            6M (0%)            7M (0%)             -                  -          
[0.698s][info][gc,heap     ] GC(1)   Garbage:         -                23M (1%)           23M (1%)           21M (1%)             -                  -          
[0.698s][info][gc,heap     ] GC(1) Reclaimed:         -                  -                 0M (0%)            1M (0%)             -                  -          
[0.698s][info][gc          ] GC(1) Garbage Collection (Timer) 202M(5%)->208M(5%)
[0.977s][info][gc,start    ] GC(2) Garbage Collection (Warmup)
[0.977s][info][gc,task     ] GC(2) Using 3 workers
[0.977s][info][gc,phases   ] GC(2) Pause Mark Start 0.006ms
[1.000s][info][gc,phases   ] GC(2) Concurrent Mark 23.081ms
[1.000s][info][gc,phases   ] GC(2) Pause Mark End 0.009ms
[1.001s][info][gc,phases   ] GC(2) Concurrent Mark Free 0.001ms
[1.001s][info][gc,phases   ] GC(2) Concurrent Process Non-Strong References 0.436ms
[1.001s][info][gc,phases   ] GC(2) Concurrent Reset Relocation Set 0.001ms
[1.003s][info][gc,phases   ] GC(2) Concurrent Select Relocation Set 2.425ms
[1.004s][info][gc,phases   ] GC(2) Pause Relocate Start 0.006ms
[1.006s][info][gc,phases   ] GC(2) Concurrent Relocate 1.712ms
[1.006s][info][gc,load     ] GC(2) Load: 0.00/0.00/0.00
[1.006s][info][gc,mmu      ] GC(2) MMU: 2ms/99.2%, 5ms/99.5%, 10ms/99.8%, 20ms/99.8%, 50ms/99.9%, 100ms/100.0%
[1.006s][info][gc,marking  ] GC(2) Mark: 2 stripe(s), 4 proactive flush(es), 1 terminate flush(es), 0 completion(s), 0 continuation(s) 
[1.006s][info][gc,marking  ] GC(2) Mark Stack Usage: 32M
[1.006s][info][gc,nmethod  ] GC(2) NMethods: 309 registered, 0 unregistered
[1.006s][info][gc,metaspace] GC(2) Metaspace: 0M used, 1M committed, 1088M reserved
[1.006s][info][gc,ref      ] GC(2) Soft: 72 encountered, 0 discovered, 0 enqueued
[1.006s][info][gc,ref      ] GC(2) Weak: 154 encountered, 4 discovered, 0 enqueued
[1.006s][info][gc,ref      ] GC(2) Final: 0 encountered, 0 discovered, 0 enqueued
[1.006s][info][gc,ref      ] GC(2) Phantom: 7 encountered, 3 discovered, 0 enqueued
[1.006s][info][gc,reloc    ] GC(2) Small Pages: 227 / 454M, Empty: 0M, Relocated: 1M, In-Place: 0
[1.006s][info][gc,reloc    ] GC(2) Medium Pages: 0 / 0M, Empty: 0M, Relocated: 0M, In-Place: 0
[1.006s][info][gc,reloc    ] GC(2) Large Pages: 0 / 0M, Empty: 0M, Relocated: 0M, In-Place: 0
[1.006s][info][gc,reloc    ] GC(2) Forwarding Usage: 0M
[1.006s][info][gc,heap     ] GC(2) Min Capacity: 4096M(100%)
[1.006s][info][gc,heap     ] GC(2) Max Capacity: 4096M(100%)
[1.006s][info][gc,heap     ] GC(2) Soft Max Capacity: 4096M(100%)
[1.006s][info][gc,heap     ] GC(2)                Mark Start          Mark End        Relocate Start      Relocate End           High               Low         
[1.006s][info][gc,heap     ] GC(2)  Capacity:     4096M (100%)       4096M (100%)       4096M (100%)       4096M (100%)       4096M (100%)       4096M (100%)   
[1.006s][info][gc,heap     ] GC(2)      Free:     3642M (89%)        3636M (89%)        3634M (89%)        3634M (89%)        3642M (89%)        3628M (89%)    
[1.006s][info][gc,heap     ] GC(2)      Used:      454M (11%)         460M (11%)         462M (11%)         462M (11%)         468M (11%)         454M (11%)    
[1.006s][info][gc,heap     ] GC(2)      Live:         -               407M (10%)         407M (10%)         407M (10%)            -                  -          
[1.006s][info][gc,heap     ] GC(2) Allocated:         -                 6M (0%)            8M (0%)            9M (0%)             -                  -          
[1.006s][info][gc,heap     ] GC(2)   Garbage:         -                46M (1%)           46M (1%)           44M (1%)             -                  -          
[1.007s][info][gc,heap     ] GC(2) Reclaimed:         -                  -                 0M (0%)            1M (0%)             -                  -          
[1.007s][info][gc          ] GC(2) Garbage Collection (Warmup) 454M(11%)->462M(11%)
[1.278s][info][gc,start    ] GC(3) Garbage Collection (Timer)
[1.278s][info][gc,task     ] GC(3) Using 3 workers
[1.278s][info][gc,phases   ] GC(3) Pause Mark Start 0.006ms
[1.305s][info][gc,phases   ] GC(3) Concurrent Mark 27.359ms
[1.305s][info][gc,phases   ] GC(3) Pause Mark End 0.011ms
[1.305s][info][gc,phases   ] GC(3) Concurrent Mark Free 0.001ms
[1.306s][info][gc,phases   ] GC(3) Concurrent Process Non-Strong References 0.711ms
[1.306s][info][gc,phases   ] GC(3) Concurrent Reset Relocation Set 0.001ms
[1.310s][info][gc,phases   ] GC(3) Concurrent Select Relocation Set 3.629ms
[1.310s][info][gc,phases   ] GC(3) Pause Relocate Start 0.007ms
[1.312s][info][gc,phases   ] GC(3) Concurrent Relocate 1.871ms
[1.312s][info][gc,load     ] GC(3) Load: 0.00/0.00/0.00
[1.312s][info][gc,mmu      ] GC(3) MMU: 2ms/99.2%, 5ms/99.5%, 10ms/99.8%, 20ms/99.8%, 50ms/99.9%, 100ms/100.0%
[1.312s][info][gc,marking  ] GC(3) Mark: 2 stripe(s), 5 proactive flush(es), 1 terminate flush(es), 0 completion(s), 0 continuation(s) 
[1.312s][info][gc,marking  ] GC(3) Mark Stack Usage: 32M
[1.312s][info][gc,nmethod  ] GC(3) NMethods: 381 registered, 0 unregistered
[1.312s][info][gc,metaspace] GC(3) Metaspace: 1M used, 1M committed, 1088M reserved
[1.312s][info][gc,ref      ] GC(3) Soft: 118 encountered, 0 discovered, 0 enqueued
[1.312s][info][gc,ref      ] GC(3) Weak: 175 encountered, 120 discovered, 5 enqueued
[1.313s][info][gc,ref      ] GC(3) Final: 0 encountered, 0 discovered, 0 enqueued
[1.313s][info][gc,ref      ] GC(3) Phantom: 12 encountered, 10 discovered, 5 enqueued
[1.313s][info][gc,reloc    ] GC(3) Small Pages: 337 / 674M, Empty: 0M, Relocated: 1M, In-Place: 0
[1.313s][info][gc,reloc    ] GC(3) Medium Pages: 0 / 0M, Empty: 0M, Relocated: 0M, In-Place: 0
[1.313s][info][gc,reloc    ] GC(3) Large Pages: 0 / 0M, Empty: 0M, Relocated: 0M, In-Place: 0
[1.313s][info][gc,reloc    ] GC(3) Forwarding Usage: 0M
[1.313s][info][gc,heap     ] GC(3) Min Capacity: 4096M(100%)
[1.313s][info][gc,heap     ] GC(3) Max Capacity: 4096M(100%)
[1.313s][info][gc,heap     ] GC(3) Soft Max Capacity: 4096M(100%)
[1.313s][info][gc,heap     ] GC(3)                Mark Start          Mark End        Relocate Start      Relocate End           High               Low         
[1.313s][info][gc,heap     ] GC(3)  Capacity:     4096M (100%)       4096M (100%)       4096M (100%)       4096M (100%)       4096M (100%)       4096M (100%)   
[1.313s][info][gc,heap     ] GC(3)      Free:     3422M (84%)        3418M (83%)        3416M (83%)        3418M (83%)        3422M (84%)        3410M (83%)    
[1.313s][info][gc,heap     ] GC(3)      Used:      674M (16%)         678M (17%)         680M (17%)         678M (17%)         686M (17%)         674M (16%)    
[1.313s][info][gc,heap     ] GC(3)      Live:         -               605M (15%)         605M (15%)         605M (15%)            -                  -          
[1.313s][info][gc,heap     ] GC(3) Allocated:         -                 4M (0%)            6M (0%)            8M (0%)             -                  -          
[1.313s][info][gc,heap     ] GC(3)   Garbage:         -                68M (2%)           68M (2%)           64M (2%)             -                  -          
[1.313s][info][gc,heap     ] GC(3) Reclaimed:         -                  -                 0M (0%)            4M (0%)             -                  -          
[1.313s][info][gc          ] GC(3) Garbage Collection (Timer) 674M(16%)->678M(17%)
[1.577s][info][gc,start    ] GC(4) Garbage Collection (Timer)
[1.577s][info][gc,task     ] GC(4) Using 3 workers
[1.577s][info][gc,phases   ] GC(4) Pause Mark Start 0.005ms
[1.598s][info][gc,phases   ] GC(4) Concurrent Mark 21.107ms
[1.598s][info][gc,phases   ] GC(4) Pause Mark End 0.009ms
[1.598s][info][gc,phases   ] GC(4) Concurrent Mark Free 0.001ms
[1.599s][info][gc,phases   ] GC(4) Concurrent Process Non-Strong References 0.585ms
[1.599s][info][gc,phases   ] GC(4) Concurrent Reset Relocation Set 0.001ms
[1.601s][info][gc,phases   ] GC(4) Concurrent Select Relocation Set 2.035ms
[1.601s][info][gc,phases   ] GC(4) Pause Relocate Start 0.004ms
[1.602s][info][gc,phases   ] GC(4) Concurrent Relocate 1.338ms
[1.603s][info][gc,load     ] GC(4) Load: 0.00/0.00/0.00
[1.603s][info][gc,mmu      ] GC(4) MMU: 2ms/99.2%, 5ms/99.5%, 10ms/99.8%, 20ms/99.8%, 50ms/99.9%, 100ms/100.0%
[1.603s][info][gc,marking  ] GC(4) Mark: 2 stripe(s), 10 proactive flush(es), 1 terminate flush(es), 0 completion(s), 0 continuation(s) 
[1.603s][info][gc,marking  ] GC(4) Mark Stack Usage: 32M
[1.603s][info][gc,nmethod  ] GC(4) NMethods: 381 registered, 0 unregistered
[1.603s][info][gc,metaspace] GC(4) Metaspace: 1M used, 1M committed, 1088M reserved
[1.603s][info][gc,ref      ] GC(4) Soft: 118 encountered, 0 discovered, 0 enqueued
[1.603s][info][gc,ref      ] GC(4) Weak: 170 encountered, 118 discovered, 0 enqueued
[1.603s][info][gc,ref      ] GC(4) Final: 0 encountered, 0 discovered, 0 enqueued
[1.603s][info][gc,ref      ] GC(4) Phantom: 7 encountered, 3 discovered, 0 enqueued
[1.603s][info][gc,reloc    ] GC(4) Small Pages: 344 / 688M, Empty: 0M, Relocated: 1M, In-Place: 0
[1.603s][info][gc,reloc    ] GC(4) Medium Pages: 0 / 0M, Empty: 0M, Relocated: 0M, In-Place: 0
[1.603s][info][gc,reloc    ] GC(4) Large Pages: 0 / 0M, Empty: 0M, Relocated: 0M, In-Place: 0
[1.603s][info][gc,reloc    ] GC(4) Forwarding Usage: 0M
[1.603s][info][gc,heap     ] GC(4) Min Capacity: 4096M(100%)
[1.603s][info][gc,heap     ] GC(4) Max Capacity: 4096M(100%)
[1.603s][info][gc,heap     ] GC(4) Soft Max Capacity: 4096M(100%)
[1.603s][info][gc,heap     ] GC(4)                Mark Start          Mark End        Relocate Start      Relocate End           High               Low         
[1.603s][info][gc,heap     ] GC(4)  Capacity:     4096M (100%)       4096M (100%)       4096M (100%)       4096M (100%)       4096M (100%)       4096M (100%)   
[1.603s][info][gc,heap     ] GC(4)      Free:     3408M (83%)        3408M (83%)        3408M (83%)        3408M (83%)        3408M (83%)        3402M (83%)    
[1.603s][info][gc,heap     ] GC(4)      Used:      688M (17%)         688M (17%)         688M (17%)         688M (17%)         694M (17%)         688M (17%)    
[1.603s][info][gc,heap     ] GC(4)      Live:         -               622M (15%)         622M (15%)         622M (15%)            -                  -          
[1.603s][info][gc,heap     ] GC(4) Allocated:         -                 0M (0%)            0M (0%)            0M (0%)             -                  -          
[1.603s][info][gc,heap     ] GC(4)   Garbage:         -                65M (2%)           65M (2%)           65M (2%)             -                  -          
[1.603s][info][gc,heap     ] GC(4) Reclaimed:         -                  -                 0M (0%)            0M (0%)             -                  -          
[1.603s][info][gc          ] GC(4) Garbage Collection (Timer) 688M(17%)->688M(17%)
[1.877s][info][gc,start    ] GC(5) Garbage Collection (Timer)
[1.877s][info][gc,task     ] GC(5) Using 3 workers
[1.877s][info][gc,phases   ] GC(5) Pause Mark Start 0.006ms
[1.886s][info][gc,phases   ] GC(5) Concurrent Mark 9.215ms
[1.887s][info][gc,phases   ] GC(5) Pause Mark End 0.012ms
[1.887s][info][gc,phases   ] GC(5) Concurrent Mark Free 0.001ms
[1.887s][info][gc,phases   ] GC(5) Concurrent Process Non-Strong References 0.493ms
[1.887s][info][gc,phases   ] GC(5) Concurrent Reset Relocation Set 0.001ms
[1.891s][info][gc,phases   ] GC(5) Concurrent Select Relocation Set 3.315ms
[1.891s][info][gc,phases   ] GC(5) Pause Relocate Start 0.007ms
[1.892s][info][gc,phases   ] GC(5) Concurrent Relocate 0.816ms
[1.892s][info][gc,load     ] GC(5) Load: 0.00/0.00/0.00
[1.892s][info][gc,mmu      ] GC(5) MMU: 2ms/99.2%, 5ms/99.5%, 10ms/99.8%, 20ms/99.8%, 50ms/99.9%, 100ms/100.0%
[1.892s][info][gc,marking  ] GC(5) Mark: 2 stripe(s), 10 proactive flush(es), 1 terminate flush(es), 0 completion(s), 0 continuation(s) 
[1.892s][info][gc,marking  ] GC(5) Mark Stack Usage: 32M
[1.892s][info][gc,nmethod  ] GC(5) NMethods: 381 registered, 0 unregistered
[1.892s][info][gc,metaspace] GC(5) Metaspace: 1M used, 1M committed, 1088M reserved
[1.892s][info][gc,ref      ] GC(5) Soft: 118 encountered, 0 discovered, 0 enqueued
[1.892s][info][gc,ref      ] GC(5) Weak: 170 encountered, 30 discovered, 0 enqueued
[1.892s][info][gc,ref      ] GC(5) Final: 0 encountered, 0 discovered, 0 enqueued
[1.892s][info][gc,ref      ] GC(5) Phantom: 7 encountered, 3 discovered, 0 enqueued
[1.892s][info][gc,reloc    ] GC(5) Small Pages: 344 / 688M, Empty: 0M, Relocated: 1M, In-Place: 0
[1.892s][info][gc,reloc    ] GC(5) Medium Pages: 0 / 0M, Empty: 0M, Relocated: 0M, In-Place: 0
[1.892s][info][gc,reloc    ] GC(5) Large Pages: 0 / 0M, Empty: 0M, Relocated: 0M, In-Place: 0
[1.892s][info][gc,reloc    ] GC(5) Forwarding Usage: 0M
[1.892s][info][gc,heap     ] GC(5) Min Capacity: 4096M(100%)
[1.892s][info][gc,heap     ] GC(5) Max Capacity: 4096M(100%)
[1.892s][info][gc,heap     ] GC(5) Soft Max Capacity: 4096M(100%)
[1.892s][info][gc,heap     ] GC(5)                Mark Start          Mark End        Relocate Start      Relocate End           High               Low         
[1.892s][info][gc,heap     ] GC(5)  Capacity:     4096M (100%)       4096M (100%)       4096M (100%)       4096M (100%)       4096M (100%)       4096M (100%)   
[1.892s][info][gc,heap     ] GC(5)      Free:     3408M (83%)        3408M (83%)        3408M (83%)        3408M (83%)        3408M (83%)        3402M (83%)    
[1.892s][info][gc,heap     ] GC(5)      Used:      688M (17%)         688M (17%)         688M (17%)         688M (17%)         694M (17%)         688M (17%)    
[1.892s][info][gc,heap     ] GC(5)      Live:         -               622M (15%)         622M (15%)         622M (15%)            -                  -          
[1.892s][info][gc,heap     ] GC(5) Allocated:         -                 0M (0%)            0M (0%)            0M (0%)             -                  -          
[1.892s][info][gc,heap     ] GC(5)   Garbage:         -                65M (2%)           65M (2%)           65M (2%)             -                  -          
[1.892s][info][gc,heap     ] GC(5) Reclaimed:         -                  -                 0M (0%)            0M (0%)             -                  -          
[1.892s][info][gc          ] GC(5) Garbage Collection (Timer) 688M(17%)->688M(17%)
[2.177s][info][gc,start    ] GC(6) Garbage Collection (Timer)
[2.177s][info][gc,task     ] GC(6) Using 3 workers
[2.178s][info][gc,phases   ] GC(6) Pause Mark Start 0.005ms
[2.185s][info][gc,phases   ] GC(6) Concurrent Mark 6.982ms
[2.185s][info][gc,phases   ] GC(6) Pause Mark End 0.013ms
[2.185s][info][gc,phases   ] GC(6) Concurrent Mark Free 0.001ms
[2.186s][info][gc,phases   ] GC(6) Concurrent Process Non-Strong References 0.582ms
[2.186s][info][gc,phases   ] GC(6) Concurrent Reset Relocation Set 0.001ms
[2.188s][info][gc,phases   ] GC(6) Concurrent Select Relocation Set 2.272ms
[2.188s][info][gc,phases   ] GC(6) Pause Relocate Start 0.007ms
[2.189s][info][gc,phases   ] GC(6) Concurrent Relocate 1.076ms
[2.189s][info][gc,load     ] GC(6) Load: 0.00/0.00/0.00
[2.189s][info][gc,mmu      ] GC(6) MMU: 2ms/99.2%, 5ms/99.5%, 10ms/99.8%, 20ms/99.8%, 50ms/99.9%, 100ms/100.0%
[2.189s][info][gc,marking  ] GC(6) Mark: 2 stripe(s), 3 proactive flush(es), 1 terminate flush(es), 0 completion(s), 0 continuation(s) 
[2.189s][info][gc,marking  ] GC(6) Mark Stack Usage: 32M
[2.189s][info][gc,nmethod  ] GC(6) NMethods: 381 registered, 0 unregistered
[2.189s][info][gc,metaspace] GC(6) Metaspace: 1M used, 1M committed, 1088M reserved
[2.189s][info][gc,ref      ] GC(6) Soft: 118 encountered, 0 discovered, 0 enqueued
[2.189s][info][gc,ref      ] GC(6) Weak: 170 encountered, 56 discovered, 0 enqueued
[2.189s][info][gc,ref      ] GC(6) Final: 0 encountered, 0 discovered, 0 enqueued
[2.189s][info][gc,ref      ] GC(6) Phantom: 7 encountered, 3 discovered, 0 enqueued
[2.189s][info][gc,reloc    ] GC(6) Small Pages: 344 / 688M, Empty: 0M, Relocated: 1M, In-Place: 0
[2.190s][info][gc,reloc    ] GC(6) Medium Pages: 0 / 0M, Empty: 0M, Relocated: 0M, In-Place: 0
[2.190s][info][gc,reloc    ] GC(6) Large Pages: 0 / 0M, Empty: 0M, Relocated: 0M, In-Place: 0
[2.190s][info][gc,reloc    ] GC(6) Forwarding Usage: 0M
[2.190s][info][gc,heap     ] GC(6) Min Capacity: 4096M(100%)
[2.190s][info][gc,heap     ] GC(6) Max Capacity: 4096M(100%)
[2.190s][info][gc,heap     ] GC(6) Soft Max Capacity: 4096M(100%)
[2.190s][info][gc,heap     ] GC(6)                Mark Start          Mark End        Relocate Start      Relocate End           High               Low         
[2.190s][info][gc,heap     ] GC(6)  Capacity:     4096M (100%)       4096M (100%)       4096M (100%)       4096M (100%)       4096M (100%)       4096M (100%)   
[2.190s][info][gc,heap     ] GC(6)      Free:     3408M (83%)        3408M (83%)        3408M (83%)        3408M (83%)        3408M (83%)        3402M (83%)    
[2.190s][info][gc,heap     ] GC(6)      Used:      688M (17%)         688M (17%)         688M (17%)         688M (17%)         694M (17%)         688M (17%)    
[2.190s][info][gc,heap     ] GC(6)      Live:         -               622M (15%)         622M (15%)         622M (15%)            -                  -          
[2.190s][info][gc,heap     ] GC(6) Allocated:         -                 0M (0%)            0M (0%)            0M (0%)             -                  -          
[2.190s][info][gc,heap     ] GC(6)   Garbage:         -                65M (2%)           65M (2%)           65M (2%)             -                  -          
[2.190s][info][gc,heap     ] GC(6) Reclaimed:         -                  -                 0M (0%)            0M (0%)             -                  -          
[2.190s][info][gc          ] GC(6) Garbage Collection (Timer) 688M(17%)->688M(17%)
[2.477s][info][gc,start    ] GC(7) Garbage Collection (Timer)
[2.477s][info][gc,task     ] GC(7) Using 3 workers
[2.477s][info][gc,phases   ] GC(7) Pause Mark Start 0.011ms
[2.489s][info][gc,phases   ] GC(7) Concurrent Mark 11.742ms
[2.489s][info][gc,phases   ] GC(7) Pause Mark End 0.013ms
[2.489s][info][gc,phases   ] GC(7) Concurrent Mark Free 0.001ms
[2.490s][info][gc,phases   ] GC(7) Concurrent Process Non-Strong References 0.938ms
[2.490s][info][gc,phases   ] GC(7) Concurrent Reset Relocation Set 0.001ms
[2.493s][info][gc,phases   ] GC(7) Concurrent Select Relocation Set 2.260ms
[2.493s][info][gc,phases   ] GC(7) Pause Relocate Start 0.005ms
[2.494s][info][gc,phases   ] GC(7) Concurrent Relocate 1.424ms
[2.494s][info][gc,load     ] GC(7) Load: 0.00/0.00/0.00
[2.494s][info][gc,mmu      ] GC(7) MMU: 2ms/99.2%, 5ms/99.5%, 10ms/99.8%, 20ms/99.8%, 50ms/99.9%, 100ms/100.0%
[2.494s][info][gc,marking  ] GC(7) Mark: 2 stripe(s), 2 proactive flush(es), 1 terminate flush(es), 0 completion(s), 0 continuation(s) 
[2.494s][info][gc,marking  ] GC(7) Mark Stack Usage: 32M
[2.494s][info][gc,nmethod  ] GC(7) NMethods: 460 registered, 0 unregistered
[2.494s][info][gc,metaspace] GC(7) Metaspace: 1M used, 1M committed, 1088M reserved
[2.495s][info][gc,ref      ] GC(7) Soft: 181 encountered, 0 discovered, 0 enqueued
[2.495s][info][gc,ref      ] GC(7) Weak: 296 encountered, 47 discovered, 33 enqueued
[2.495s][info][gc,ref      ] GC(7) Final: 0 encountered, 0 discovered, 0 enqueued
[2.495s][info][gc,ref      ] GC(7) Phantom: 24 encountered, 20 discovered, 17 enqueued
[2.495s][info][gc,reloc    ] GC(7) Small Pages: 390 / 780M, Empty: 0M, Relocated: 1M, In-Place: 0
[2.495s][info][gc,reloc    ] GC(7) Medium Pages: 0 / 0M, Empty: 0M, Relocated: 0M, In-Place: 0
[2.495s][info][gc,reloc    ] GC(7) Large Pages: 0 / 0M, Empty: 0M, Relocated: 0M, In-Place: 0
[2.495s][info][gc,reloc    ] GC(7) Forwarding Usage: 0M
[2.495s][info][gc,heap     ] GC(7) Min Capacity: 4096M(100%)
[2.495s][info][gc,heap     ] GC(7) Max Capacity: 4096M(100%)
[2.495s][info][gc,heap     ] GC(7) Soft Max Capacity: 4096M(100%)
[2.495s][info][gc,heap     ] GC(7)                Mark Start          Mark End        Relocate Start      Relocate End           High               Low         
[2.495s][info][gc,heap     ] GC(7)  Capacity:     4096M (100%)       4096M (100%)       4096M (100%)       4096M (100%)       4096M (100%)       4096M (100%)   
[2.495s][info][gc,heap     ] GC(7)      Free:     3316M (81%)        3312M (81%)        3308M (81%)        3310M (81%)        3316M (81%)        3302M (81%)    
[2.495s][info][gc,heap     ] GC(7)      Used:      780M (19%)         784M (19%)         788M (19%)         786M (19%)         794M (19%)         780M (19%)    
[2.495s][info][gc,heap     ] GC(7)      Live:         -               704M (17%)         704M (17%)         704M (17%)            -                  -          
[2.495s][info][gc,heap     ] GC(7) Allocated:         -                 4M (0%)            8M (0%)            8M (0%)             -                  -          
[2.495s][info][gc,heap     ] GC(7)   Garbage:         -                75M (2%)           75M (2%)           73M (2%)             -                  -          
[2.495s][info][gc,heap     ] GC(7) Reclaimed:         -                  -                 0M (0%)            2M (0%)             -                  -          
[2.495s][info][gc          ] GC(7) Garbage Collection (Timer) 780M(19%)->786M(19%)
[2.578s][info][gc,start    ] GC(8) Garbage Collection (Warmup)
[2.578s][info][gc,task     ] GC(8) Using 3 workers
[2.578s][info][gc,phases   ] GC(8) Pause Mark Start 0.006ms
[2.591s][info][gc,phases   ] GC(8) Concurrent Mark 13.188ms
[2.591s][info][gc,phases   ] GC(8) Pause Mark End 0.010ms
[2.591s][info][gc,phases   ] GC(8) Concurrent Mark Free 0.001ms
[2.592s][info][gc,phases   ] GC(8) Concurrent Process Non-Strong References 0.731ms
[2.592s][info][gc,phases   ] GC(8) Concurrent Reset Relocation Set 0.001ms
[2.595s][info][gc,phases   ] GC(8) Concurrent Select Relocation Set 2.248ms
[2.595s][info][gc,phases   ] GC(8) Pause Relocate Start 0.006ms
[2.596s][info][gc,phases   ] GC(8) Concurrent Relocate 1.539ms
[2.596s][info][gc,load     ] GC(8) Load: 0.00/0.00/0.00
[2.596s][info][gc,mmu      ] GC(8) MMU: 2ms/99.2%, 5ms/99.5%, 10ms/99.8%, 20ms/99.8%, 50ms/99.9%, 100ms/100.0%
[2.596s][info][gc,marking  ] GC(8) Mark: 2 stripe(s), 2 proactive flush(es), 1 terminate flush(es), 0 completion(s), 0 continuation(s) 
[2.596s][info][gc,marking  ] GC(8) Mark Stack Usage: 32M
[2.597s][info][gc,nmethod  ] GC(8) NMethods: 461 registered, 0 unregistered
[2.597s][info][gc,metaspace] GC(8) Metaspace: 1M used, 1M committed, 1088M reserved
[2.597s][info][gc,ref      ] GC(8) Soft: 181 encountered, 0 discovered, 0 enqueued
[2.597s][info][gc,ref      ] GC(8) Weak: 263 encountered, 16 discovered, 0 enqueued
[2.597s][info][gc,ref      ] GC(8) Final: 0 encountered, 0 discovered, 0 enqueued
[2.597s][info][gc,ref      ] GC(8) Phantom: 7 encountered, 3 discovered, 0 enqueued
[2.597s][info][gc,reloc    ] GC(8) Small Pages: 426 / 852M, Empty: 0M, Relocated: 1M, In-Place: 0
[2.597s][info][gc,reloc    ] GC(8) Medium Pages: 0 / 0M, Empty: 0M, Relocated: 0M, In-Place: 0
[2.597s][info][gc,reloc    ] GC(8) Large Pages: 0 / 0M, Empty: 0M, Relocated: 0M, In-Place: 0
[2.597s][info][gc,reloc    ] GC(8) Forwarding Usage: 0M
[2.597s][info][gc,heap     ] GC(8) Min Capacity: 4096M(100%)
[2.597s][info][gc,heap     ] GC(8) Max Capacity: 4096M(100%)
[2.597s][info][gc,heap     ] GC(8) Soft Max Capacity: 4096M(100%)
[2.597s][info][gc,heap     ] GC(8)                Mark Start          Mark End        Relocate Start      Relocate End           High               Low         
[2.597s][info][gc,heap     ] GC(8)  Capacity:     4096M (100%)       4096M (100%)       4096M (100%)       4096M (100%)       4096M (100%)       4096M (100%)   
[2.597s][info][gc,heap     ] GC(8)      Free:     3244M (79%)        3240M (79%)        3238M (79%)        3238M (79%)        3244M (79%)        3232M (79%)    
[2.597s][info][gc,heap     ] GC(8)      Used:      852M (21%)         856M (21%)         858M (21%)         858M (21%)         864M (21%)         852M (21%)    
[2.597s][info][gc,heap     ] GC(8)      Live:         -               769M (19%)         769M (19%)         769M (19%)            -                  -          
[2.597s][info][gc,heap     ] GC(8) Allocated:         -                 4M (0%)            6M (0%)            7M (0%)             -                  -          
[2.597s][info][gc,heap     ] GC(8)   Garbage:         -                82M (2%)           82M (2%)           80M (2%)             -                  -          
[2.597s][info][gc,heap     ] GC(8) Reclaimed:         -                  -                 0M (0%)            1M (0%)             -                  -          
[2.597s][info][gc          ] GC(8) Garbage Collection (Warmup) 852M(21%)->858M(21%)
[2.877s][info][gc,start    ] GC(9) Garbage Collection (Timer)
[2.877s][info][gc,task     ] GC(9) Using 3 workers
[2.877s][info][gc,phases   ] GC(9) Pause Mark Start 0.006ms
[2.896s][info][gc,phases   ] GC(9) Concurrent Mark 18.783ms
[2.896s][info][gc,phases   ] GC(9) Pause Mark End 0.010ms
[2.896s][info][gc,phases   ] GC(9) Concurrent Mark Free 0.001ms
[2.897s][info][gc,phases   ] GC(9) Concurrent Process Non-Strong References 0.890ms
[2.897s][info][gc,phases   ] GC(9) Concurrent Reset Relocation Set 0.001ms
[2.900s][info][gc,phases   ] GC(9) Concurrent Select Relocation Set 2.706ms
[2.900s][info][gc,phases   ] GC(9) Pause Relocate Start 0.009ms
[2.902s][info][gc,phases   ] GC(9) Concurrent Relocate 2.345ms
[2.902s][info][gc,load     ] GC(9) Load: 0.00/0.00/0.00
[2.902s][info][gc,mmu      ] GC(9) MMU: 2ms/99.2%, 5ms/99.5%, 10ms/99.8%, 20ms/99.8%, 50ms/99.9%, 100ms/100.0%
[2.902s][info][gc,marking  ] GC(9) Mark: 2 stripe(s), 4 proactive flush(es), 1 terminate flush(es), 0 completion(s), 0 continuation(s) 
[2.902s][info][gc,marking  ] GC(9) Mark Stack Usage: 32M
[2.903s][info][gc,nmethod  ] GC(9) NMethods: 461 registered, 0 unregistered
[2.903s][info][gc,metaspace] GC(9) Metaspace: 1M used, 1M committed, 1088M reserved
[2.903s][info][gc,ref      ] GC(9) Soft: 181 encountered, 0 discovered, 0 enqueued
[2.903s][info][gc,ref      ] GC(9) Weak: 263 encountered, 0 discovered, 0 enqueued
[2.903s][info][gc,ref      ] GC(9) Final: 0 encountered, 0 discovered, 0 enqueued
[2.903s][info][gc,ref      ] GC(9) Phantom: 7 encountered, 3 discovered, 0 enqueued
[2.903s][info][gc,reloc    ] GC(9) Small Pages: 530 / 1060M, Empty: 0M, Relocated: 3M, In-Place: 0
[2.903s][info][gc,reloc    ] GC(9) Medium Pages: 1 / 32M, Empty: 0M, Relocated: 0M, In-Place: 0
[2.903s][info][gc,reloc    ] GC(9) Large Pages: 0 / 0M, Empty: 0M, Relocated: 0M, In-Place: 0
[2.903s][info][gc,reloc    ] GC(9) Forwarding Usage: 0M
[2.903s][info][gc,heap     ] GC(9) Min Capacity: 4096M(100%)
[2.903s][info][gc,heap     ] GC(9) Max Capacity: 4096M(100%)
[2.903s][info][gc,heap     ] GC(9) Soft Max Capacity: 4096M(100%)
[2.903s][info][gc,heap     ] GC(9)                Mark Start          Mark End        Relocate Start      Relocate End           High               Low         
[2.903s][info][gc,heap     ] GC(9)  Capacity:     4096M (100%)       4096M (100%)       4096M (100%)       4096M (100%)       4096M (100%)       4096M (100%)   
[2.903s][info][gc,heap     ] GC(9)      Free:     3004M (73%)        3000M (73%)        2996M (73%)        3000M (73%)        3004M (73%)        2990M (73%)    
[2.903s][info][gc,heap     ] GC(9)      Used:     1092M (27%)        1096M (27%)        1100M (27%)        1096M (27%)        1106M (27%)        1092M (27%)    
[2.903s][info][gc,heap     ] GC(9)      Live:         -               960M (23%)         960M (23%)         960M (23%)            -                  -          
[2.903s][info][gc,heap     ] GC(9) Allocated:         -                 4M (0%)            8M (0%)            8M (0%)             -                  -          
[2.903s][info][gc,heap     ] GC(9)   Garbage:         -               131M (3%)          131M (3%)          127M (3%)             -                  -          
[2.903s][info][gc,heap     ] GC(9) Reclaimed:         -                  -                 0M (0%)            4M (0%)             -                  -          
[2.903s][info][gc          ] GC(9) Garbage Collection (Timer) 1092M(27%)->1096M(27%)
[3.177s][info][gc,start    ] GC(10) Garbage Collection (Warmup)
[3.177s][info][gc,task     ] GC(10) Using 3 workers
[3.177s][info][gc,phases   ] GC(10) Pause Mark Start 0.006ms
[3.199s][info][gc,phases   ] GC(10) Concurrent Mark 21.774ms
[3.199s][info][gc,phases   ] GC(10) Pause Mark End 0.010ms
[3.199s][info][gc,phases   ] GC(10) Concurrent Mark Free 0.001ms
[3.200s][info][gc,phases   ] GC(10) Concurrent Process Non-Strong References 0.888ms
[3.200s][info][gc,phases   ] GC(10) Concurrent Reset Relocation Set 0.001ms
[3.203s][info][gc,phases   ] GC(10) Concurrent Select Relocation Set 2.232ms
[3.203s][info][gc,phases   ] GC(10) Pause Relocate Start 0.006ms
[3.209s][info][gc,phases   ] GC(10) Concurrent Relocate 6.007ms
[3.209s][info][gc,load     ] GC(10) Load: 0.00/0.00/0.00
[3.209s][info][gc,mmu      ] GC(10) MMU: 2ms/99.2%, 5ms/99.5%, 10ms/99.8%, 20ms/99.8%, 50ms/99.9%, 100ms/100.0%
[3.209s][info][gc,marking  ] GC(10) Mark: 2 stripe(s), 2 proactive flush(es), 1 terminate flush(es), 0 completion(s), 0 continuation(s) 
[3.209s][info][gc,marking  ] GC(10) Mark Stack Usage: 32M
[3.209s][info][gc,nmethod  ] GC(10) NMethods: 461 registered, 0 unregistered
[3.209s][info][gc,metaspace] GC(10) Metaspace: 1M used, 1M committed, 1088M reserved
[3.209s][info][gc,ref      ] GC(10) Soft: 181 encountered, 0 discovered, 0 enqueued
[3.209s][info][gc,ref      ] GC(10) Weak: 263 encountered, 130 discovered, 0 enqueued
[3.209s][info][gc,ref      ] GC(10) Final: 0 encountered, 0 discovered, 0 enqueued
[3.209s][info][gc,ref      ] GC(10) Phantom: 7 encountered, 4 discovered, 0 enqueued
[3.209s][info][gc,reloc    ] GC(10) Small Pages: 616 / 1232M, Empty: 0M, Relocated: 3M, In-Place: 0
[3.209s][info][gc,reloc    ] GC(10) Medium Pages: 1 / 32M, Empty: 0M, Relocated: 0M, In-Place: 0
[3.209s][info][gc,reloc    ] GC(10) Large Pages: 0 / 0M, Empty: 0M, Relocated: 0M, In-Place: 0
[3.209s][info][gc,reloc    ] GC(10) Forwarding Usage: 0M
[3.209s][info][gc,heap     ] GC(10) Min Capacity: 4096M(100%)
[3.209s][info][gc,heap     ] GC(10) Max Capacity: 4096M(100%)
[3.209s][info][gc,heap     ] GC(10) Soft Max Capacity: 4096M(100%)
[3.209s][info][gc,heap     ] GC(10)                Mark Start          Mark End        Relocate Start      Relocate End           High               Low         
[3.210s][info][gc,heap     ] GC(10)  Capacity:     4096M (100%)       4096M (100%)       4096M (100%)       4096M (100%)       4096M (100%)       4096M (100%)   
[3.210s][info][gc,heap     ] GC(10)      Free:     2832M (69%)        2830M (69%)        2830M (69%)        2830M (69%)        2832M (69%)        2824M (69%)    
[3.210s][info][gc,heap     ] GC(10)      Used:     1264M (31%)        1266M (31%)        1266M (31%)        1266M (31%)        1272M (31%)        1264M (31%)    
[3.210s][info][gc,heap     ] GC(10)      Live:         -              1120M (27%)        1120M (27%)        1120M (27%)            -                  -          
[3.210s][info][gc,heap     ] GC(10) Allocated:         -                 2M (0%)            2M (0%)            3M (0%)             -                  -          
[3.210s][info][gc,heap     ] GC(10)   Garbage:         -               143M (4%)          143M (4%)          141M (3%)             -                  -          
[3.210s][info][gc,heap     ] GC(10) Reclaimed:         -                  -                 0M (0%)            1M (0%)             -                  -          
[3.210s][info][gc          ] GC(10) Garbage Collection (Warmup) 1264M(31%)->1266M(31%)
[3.477s][info][gc,start    ] GC(11) Garbage Collection (Timer)
[3.477s][info][gc,task     ] GC(11) Using 3 workers
[3.478s][info][gc,phases   ] GC(11) Pause Mark Start 0.006ms
[3.497s][info][gc,phases   ] GC(11) Concurrent Mark 19.735ms
[3.498s][info][gc,phases   ] GC(11) Pause Mark End 0.011ms
[3.498s][info][gc,phases   ] GC(11) Concurrent Mark Free 0.001ms
[3.499s][info][gc,phases   ] GC(11) Concurrent Process Non-Strong References 0.871ms
[3.499s][info][gc,phases   ] GC(11) Concurrent Reset Relocation Set 0.001ms
[3.502s][info][gc,phases   ] GC(11) Concurrent Select Relocation Set 3.730ms
[3.503s][info][gc,phases   ] GC(11) Pause Relocate Start 0.008ms
[3.503s][info][gc,phases   ] GC(11) Concurrent Relocate 0.025ms
[3.503s][info][gc,load     ] GC(11) Load: 0.00/0.00/0.00
[3.503s][info][gc,mmu      ] GC(11) MMU: 2ms/99.2%, 5ms/99.5%, 10ms/99.8%, 20ms/99.8%, 50ms/99.9%, 100ms/100.0%
[3.503s][info][gc,marking  ] GC(11) Mark: 2 stripe(s), 3 proactive flush(es), 1 terminate flush(es), 0 completion(s), 0 continuation(s) 
[3.503s][info][gc,marking  ] GC(11) Mark Stack Usage: 32M
[3.503s][info][gc,nmethod  ] GC(11) NMethods: 461 registered, 0 unregistered
[3.503s][info][gc,metaspace] GC(11) Metaspace: 1M used, 1M committed, 1088M reserved
[3.503s][info][gc,ref      ] GC(11) Soft: 181 encountered, 0 discovered, 0 enqueued
[3.503s][info][gc,ref      ] GC(11) Weak: 263 encountered, 0 discovered, 0 enqueued
[3.503s][info][gc,ref      ] GC(11) Final: 0 encountered, 0 discovered, 0 enqueued
[3.503s][info][gc,ref      ] GC(11) Phantom: 7 encountered, 3 discovered, 0 enqueued
[3.503s][info][gc,reloc    ] GC(11) Small Pages: 658 / 1316M, Empty: 0M, Relocated: 0M, In-Place: 0
[3.503s][info][gc,reloc    ] GC(11) Medium Pages: 1 / 32M, Empty: 0M, Relocated: 0M, In-Place: 0
[3.503s][info][gc,reloc    ] GC(11) Large Pages: 0 / 0M, Empty: 0M, Relocated: 0M, In-Place: 0
[3.503s][info][gc,reloc    ] GC(11) Forwarding Usage: 0M
[3.503s][info][gc,heap     ] GC(11) Min Capacity: 4096M(100%)
[3.503s][info][gc,heap     ] GC(11) Max Capacity: 4096M(100%)
[3.503s][info][gc,heap     ] GC(11) Soft Max Capacity: 4096M(100%)
[3.503s][info][gc,heap     ] GC(11)                Mark Start          Mark End        Relocate Start      Relocate End           High               Low         
[3.503s][info][gc,heap     ] GC(11)  Capacity:     4096M (100%)       4096M (100%)       4096M (100%)       4096M (100%)       4096M (100%)       4096M (100%)   
[3.504s][info][gc,heap     ] GC(11)      Free:     2748M (67%)        2746M (67%)        2746M (67%)        2746M (67%)        2748M (67%)        2746M (67%)    
[3.504s][info][gc,heap     ] GC(11)      Used:     1348M (33%)        1350M (33%)        1350M (33%)        1350M (33%)        1350M (33%)        1348M (33%)    
[3.504s][info][gc,heap     ] GC(11)      Live:         -              1198M (29%)        1198M (29%)        1198M (29%)            -                  -          
[3.504s][info][gc,heap     ] GC(11) Allocated:         -                 2M (0%)            2M (0%)            2M (0%)             -                  -          
[3.504s][info][gc,heap     ] GC(11)   Garbage:         -               149M (4%)          149M (4%)          149M (4%)             -                  -          
[3.504s][info][gc,heap     ] GC(11) Reclaimed:         -                  -                 0M (0%)            0M (0%)             -                  -          
[3.504s][info][gc          ] GC(11) Garbage Collection (Timer) 1348M(33%)->1350M(33%)
[3.777s][info][gc,start    ] GC(12) Garbage Collection (Timer)
[3.777s][info][gc,task     ] GC(12) Using 3 workers
[3.777s][info][gc,phases   ] GC(12) Pause Mark Start 0.006ms
[3.791s][info][gc,phases   ] GC(12) Concurrent Mark 14.453ms
[3.791s][info][gc,phases   ] GC(12) Pause Mark End 0.010ms
[3.791s][info][gc,phases   ] GC(12) Concurrent Mark Free 0.001ms
[3.792s][info][gc,phases   ] GC(12) Concurrent Process Non-Strong References 0.759ms
[3.792s][info][gc,phases   ] GC(12) Concurrent Reset Relocation Set 0.000ms
[3.794s][info][gc,phases   ] GC(12) Concurrent Select Relocation Set 2.110ms
[3.795s][info][gc,phases   ] GC(12) Pause Relocate Start 0.005ms
[3.795s][info][gc,phases   ] GC(12) Concurrent Relocate 0.620ms
[3.795s][info][gc,load     ] GC(12) Load: 0.00/0.00/0.00
[3.795s][info][gc,mmu      ] GC(12) MMU: 2ms/99.2%, 5ms/99.5%, 10ms/99.8%, 20ms/99.8%, 50ms/99.9%, 100ms/100.0%
[3.795s][info][gc,marking  ] GC(12) Mark: 2 stripe(s), 2 proactive flush(es), 1 terminate flush(es), 0 completion(s), 0 continuation(s) 
[3.795s][info][gc,marking  ] GC(12) Mark Stack Usage: 32M
[3.795s][info][gc,nmethod  ] GC(12) NMethods: 461 registered, 0 unregistered
[3.795s][info][gc,metaspace] GC(12) Metaspace: 1M used, 1M committed, 1088M reserved
[3.795s][info][gc,ref      ] GC(12) Soft: 181 encountered, 0 discovered, 0 enqueued
[3.795s][info][gc,ref      ] GC(12) Weak: 263 encountered, 0 discovered, 0 enqueued
[3.796s][info][gc,ref      ] GC(12) Final: 0 encountered, 0 discovered, 0 enqueued
[3.796s][info][gc,ref      ] GC(12) Phantom: 7 encountered, 3 discovered, 0 enqueued
[3.796s][info][gc,reloc    ] GC(12) Small Pages: 682 / 1364M, Empty: 0M, Relocated: 0M, In-Place: 0
[3.796s][info][gc,reloc    ] GC(12) Medium Pages: 1 / 32M, Empty: 0M, Relocated: 0M, In-Place: 0
[3.796s][info][gc,reloc    ] GC(12) Large Pages: 0 / 0M, Empty: 0M, Relocated: 0M, In-Place: 0
[3.796s][info][gc,reloc    ] GC(12) Forwarding Usage: 0M
[3.796s][info][gc,heap     ] GC(12) Min Capacity: 4096M(100%)
[3.796s][info][gc,heap     ] GC(12) Max Capacity: 4096M(100%)
[3.796s][info][gc,heap     ] GC(12) Soft Max Capacity: 4096M(100%)
[3.796s][info][gc,heap     ] GC(12)                Mark Start          Mark End        Relocate Start      Relocate End           High               Low         
[3.796s][info][gc,heap     ] GC(12)  Capacity:     4096M (100%)       4096M (100%)       4096M (100%)       4096M (100%)       4096M (100%)       4096M (100%)   
[3.796s][info][gc,heap     ] GC(12)      Free:     2700M (66%)        2700M (66%)        2700M (66%)        2700M (66%)        2700M (66%)        2696M (66%)    
[3.796s][info][gc,heap     ] GC(12)      Used:     1396M (34%)        1396M (34%)        1396M (34%)        1396M (34%)        1400M (34%)        1396M (34%)    
[3.796s][info][gc,heap     ] GC(12)      Live:         -              1241M (30%)        1241M (30%)        1241M (30%)            -                  -          
[3.796s][info][gc,heap     ] GC(12) Allocated:         -                 0M (0%)            0M (0%)            0M (0%)             -                  -          
[3.796s][info][gc,heap     ] GC(12)   Garbage:         -               154M (4%)          154M (4%)          154M (4%)             -                  -          
[3.796s][info][gc,heap     ] GC(12) Reclaimed:         -                  -                 0M (0%)            0M (0%)             -                  -          
[3.796s][info][gc          ] GC(12) Garbage Collection (Timer) 1396M(34%)->1396M(34%)
[4.077s][info][gc,start    ] GC(13) Garbage Collection (Timer)
[4.077s][info][gc,task     ] GC(13) Using 3 workers
[4.077s][info][gc,phases   ] GC(13) Pause Mark Start 0.006ms
[4.089s][info][gc,phases   ] GC(13) Concurrent Mark 12.364ms
[4.089s][info][gc,phases   ] GC(13) Pause Mark End 0.011ms
[4.089s][info][gc,phases   ] GC(13) Concurrent Mark Free 0.001ms
[4.090s][info][gc,phases   ] GC(13) Concurrent Process Non-Strong References 0.828ms
[4.090s][info][gc,phases   ] GC(13) Concurrent Reset Relocation Set 0.001ms
[4.093s][info][gc,phases   ] GC(13) Concurrent Select Relocation Set 2.224ms
[4.093s][info][gc,phases   ] GC(13) Pause Relocate Start 0.006ms
[4.093s][info][gc,phases   ] GC(13) Concurrent Relocate 0.178ms
[4.093s][info][gc,load     ] GC(13) Load: 0.00/0.00/0.00
[4.093s][info][gc,mmu      ] GC(13) MMU: 2ms/99.2%, 5ms/99.5%, 10ms/99.8%, 20ms/99.8%, 50ms/99.9%, 100ms/100.0%
[4.093s][info][gc,marking  ] GC(13) Mark: 2 stripe(s), 1 proactive flush(es), 1 terminate flush(es), 0 completion(s), 0 continuation(s) 
[4.093s][info][gc,marking  ] GC(13) Mark Stack Usage: 32M
[4.093s][info][gc,nmethod  ] GC(13) NMethods: 461 registered, 0 unregistered
[4.093s][info][gc,metaspace] GC(13) Metaspace: 1M used, 1M committed, 1088M reserved
[4.093s][info][gc,ref      ] GC(13) Soft: 181 encountered, 0 discovered, 0 enqueued
[4.093s][info][gc,ref      ] GC(13) Weak: 263 encountered, 5 discovered, 0 enqueued
[4.093s][info][gc,ref      ] GC(13) Final: 0 encountered, 0 discovered, 0 enqueued
[4.093s][info][gc,ref      ] GC(13) Phantom: 7 encountered, 3 discovered, 0 enqueued
[4.093s][info][gc,reloc    ] GC(13) Small Pages: 682 / 1364M, Empty: 0M, Relocated: 0M, In-Place: 0
[4.093s][info][gc,reloc    ] GC(13) Medium Pages: 1 / 32M, Empty: 0M, Relocated: 0M, In-Place: 0
[4.093s][info][gc,reloc    ] GC(13) Large Pages: 0 / 0M, Empty: 0M, Relocated: 0M, In-Place: 0
[4.093s][info][gc,reloc    ] GC(13) Forwarding Usage: 0M
[4.093s][info][gc,heap     ] GC(13) Min Capacity: 4096M(100%)
[4.093s][info][gc,heap     ] GC(13) Max Capacity: 4096M(100%)
[4.094s][info][gc,heap     ] GC(13) Soft Max Capacity: 4096M(100%)
[4.094s][info][gc,heap     ] GC(13)                Mark Start          Mark End        Relocate Start      Relocate End           High               Low         
[4.094s][info][gc,heap     ] GC(13)  Capacity:     4096M (100%)       4096M (100%)       4096M (100%)       4096M (100%)       4096M (100%)       4096M (100%)   
[4.094s][info][gc,heap     ] GC(13)      Free:     2700M (66%)        2700M (66%)        2700M (66%)        2700M (66%)        2700M (66%)        2696M (66%)    
[4.094s][info][gc,heap     ] GC(13)      Used:     1396M (34%)        1396M (34%)        1396M (34%)        1396M (34%)        1400M (34%)        1396M (34%)    
[4.094s][info][gc,heap     ] GC(13)      Live:         -              1241M (30%)        1241M (30%)        1241M (30%)            -                  -          
[4.094s][info][gc,heap     ] GC(13) Allocated:         -                 0M (0%)            0M (0%)            0M (0%)             -                  -          
[4.094s][info][gc,heap     ] GC(13)   Garbage:         -               154M (4%)          154M (4%)          154M (4%)             -                  -          
[4.094s][info][gc,heap     ] GC(13) Reclaimed:         -                  -                 0M (0%)            0M (0%)             -                  -          
[4.094s][info][gc          ] GC(13) Garbage Collection (Timer) 1396M(34%)->1396M(34%)
[4.377s][info][gc,start    ] GC(14) Garbage Collection (Timer)
[4.377s][info][gc,task     ] GC(14) Using 3 workers
[4.377s][info][gc,phases   ] GC(14) Pause Mark Start 0.005ms
[4.387s][info][gc,phases   ] GC(14) Concurrent Mark 10.281ms
[4.387s][info][gc,phases   ] GC(14) Pause Mark End 0.010ms
[4.387s][info][gc,phases   ] GC(14) Concurrent Mark Free 0.001ms
[4.388s][info][gc,phases   ] GC(14) Concurrent Process Non-Strong References 0.822ms
[4.388s][info][gc,phases   ] GC(14) Concurrent Reset Relocation Set 0.001ms
[4.391s][info][gc,phases   ] GC(14) Concurrent Select Relocation Set 2.129ms
[4.391s][info][gc,phases   ] GC(14) Pause Relocate Start 0.005ms
[4.391s][info][gc,phases   ] GC(14) Concurrent Relocate 0.345ms
[4.391s][info][gc,load     ] GC(14) Load: 0.00/0.00/0.00
[4.391s][info][gc,mmu      ] GC(14) MMU: 2ms/99.2%, 5ms/99.5%, 10ms/99.8%, 20ms/99.8%, 50ms/99.9%, 100ms/100.0%
[4.391s][info][gc,marking  ] GC(14) Mark: 2 stripe(s), 2 proactive flush(es), 1 terminate flush(es), 0 completion(s), 0 continuation(s) 
[4.391s][info][gc,marking  ] GC(14) Mark Stack Usage: 32M
[4.391s][info][gc,nmethod  ] GC(14) NMethods: 461 registered, 0 unregistered
[4.391s][info][gc,metaspace] GC(14) Metaspace: 1M used, 1M committed, 1088M reserved
[4.391s][info][gc,ref      ] GC(14) Soft: 181 encountered, 0 discovered, 0 enqueued
[4.391s][info][gc,ref      ] GC(14) Weak: 263 encountered, 12 discovered, 0 enqueued
[4.391s][info][gc,ref      ] GC(14) Final: 0 encountered, 0 discovered, 0 enqueued
[4.391s][info][gc,ref      ] GC(14) Phantom: 7 encountered, 3 discovered, 0 enqueued
[4.391s][info][gc,reloc    ] GC(14) Small Pages: 682 / 1364M, Empty: 0M, Relocated: 0M, In-Place: 0
[4.391s][info][gc,reloc    ] GC(14) Medium Pages: 1 / 32M, Empty: 0M, Relocated: 0M, In-Place: 0
[4.391s][info][gc,reloc    ] GC(14) Large Pages: 0 / 0M, Empty: 0M, Relocated: 0M, In-Place: 0
[4.391s][info][gc,reloc    ] GC(14) Forwarding Usage: 0M
[4.392s][info][gc,heap     ] GC(14) Min Capacity: 4096M(100%)
[4.392s][info][gc,heap     ] GC(14) Max Capacity: 4096M(100%)
[4.392s][info][gc,heap     ] GC(14) Soft Max Capacity: 4096M(100%)
[4.392s][info][gc,heap     ] GC(14)                Mark Start          Mark End        Relocate Start      Relocate End           High               Low         
[4.392s][info][gc,heap     ] GC(14)  Capacity:     4096M (100%)       4096M (100%)       4096M (100%)       4096M (100%)       4096M (100%)       4096M (100%)   
[4.392s][info][gc,heap     ] GC(14)      Free:     2700M (66%)        2700M (66%)        2700M (66%)        2700M (66%)        2700M (66%)        2696M (66%)    
[4.392s][info][gc,heap     ] GC(14)      Used:     1396M (34%)        1396M (34%)        1396M (34%)        1396M (34%)        1400M (34%)        1396M (34%)    
[4.392s][info][gc,heap     ] GC(14)      Live:         -              1241M (30%)        1241M (30%)        1241M (30%)            -                  -          
[4.392s][info][gc,heap     ] GC(14) Allocated:         -                 0M (0%)            0M (0%)            0M (0%)             -                  -          
[4.392s][info][gc,heap     ] GC(14)   Garbage:         -               154M (4%)          154M (4%)          154M (4%)             -                  -          
[4.392s][info][gc,heap     ] GC(14) Reclaimed:         -                  -                 0M (0%)            0M (0%)             -                  -          
[4.392s][info][gc          ] GC(14) Garbage Collection (Timer) 1396M(34%)->1396M(34%)
[4.677s][info][gc,start    ] GC(15) Garbage Collection (Timer)
[4.677s][info][gc,task     ] GC(15) Using 3 workers
[4.677s][info][gc,phases   ] GC(15) Pause Mark Start 0.006ms
[4.688s][info][gc,phases   ] GC(15) Concurrent Mark 10.234ms
[4.688s][info][gc,phases   ] GC(15) Pause Mark End 0.010ms
[4.688s][info][gc,phases   ] GC(15) Concurrent Mark Free 0.001ms
[4.689s][info][gc,phases   ] GC(15) Concurrent Process Non-Strong References 0.834ms
[4.689s][info][gc,phases   ] GC(15) Concurrent Reset Relocation Set 0.001ms
[4.692s][info][gc,phases   ] GC(15) Concurrent Select Relocation Set 2.474ms
[4.692s][info][gc,phases   ] GC(15) Pause Relocate Start 0.006ms
[4.693s][info][gc,phases   ] GC(15) Concurrent Relocate 0.716ms
[4.693s][info][gc,load     ] GC(15) Load: 0.00/0.00/0.00
[4.693s][info][gc,mmu      ] GC(15) MMU: 2ms/99.2%, 5ms/99.5%, 10ms/99.8%, 20ms/99.8%, 50ms/99.9%, 100ms/100.0%
[4.693s][info][gc,marking  ] GC(15) Mark: 2 stripe(s), 2 proactive flush(es), 1 terminate flush(es), 0 completion(s), 0 continuation(s) 
[4.693s][info][gc,marking  ] GC(15) Mark Stack Usage: 32M
[4.693s][info][gc,nmethod  ] GC(15) NMethods: 467 registered, 0 unregistered
[4.693s][info][gc,metaspace] GC(15) Metaspace: 1M used, 1M committed, 1088M reserved
[4.693s][info][gc,ref      ] GC(15) Soft: 181 encountered, 0 discovered, 0 enqueued
[4.693s][info][gc,ref      ] GC(15) Weak: 263 encountered, 0 discovered, 0 enqueued
[4.693s][info][gc,ref      ] GC(15) Final: 0 encountered, 0 discovered, 0 enqueued
[4.693s][info][gc,ref      ] GC(15) Phantom: 7 encountered, 3 discovered, 0 enqueued
[4.693s][info][gc,reloc    ] GC(15) Small Pages: 686 / 1372M, Empty: 0M, Relocated: 1M, In-Place: 0
[4.693s][info][gc,reloc    ] GC(15) Medium Pages: 1 / 32M, Empty: 0M, Relocated: 0M, In-Place: 0
[4.693s][info][gc,reloc    ] GC(15) Large Pages: 0 / 0M, Empty: 0M, Relocated: 0M, In-Place: 0
[4.693s][info][gc,reloc    ] GC(15) Forwarding Usage: 0M
[4.693s][info][gc,heap     ] GC(15) Min Capacity: 4096M(100%)
[4.693s][info][gc,heap     ] GC(15) Max Capacity: 4096M(100%)
[4.693s][info][gc,heap     ] GC(15) Soft Max Capacity: 4096M(100%)
[4.693s][info][gc,heap     ] GC(15)                Mark Start          Mark End        Relocate Start      Relocate End           High               Low         
[4.693s][info][gc,heap     ] GC(15)  Capacity:     4096M (100%)       4096M (100%)       4096M (100%)       4096M (100%)       4096M (100%)       4096M (100%)   
[4.693s][info][gc,heap     ] GC(15)      Free:     2692M (66%)        2686M (66%)        2684M (66%)        2684M (66%)        2692M (66%)        2678M (65%)    
[4.693s][info][gc,heap     ] GC(15)      Used:     1404M (34%)        1410M (34%)        1412M (34%)        1412M (34%)        1418M (35%)        1404M (34%)    
[4.693s][info][gc,heap     ] GC(15)      Live:         -              1247M (30%)        1247M (30%)        1247M (30%)            -                  -          
[4.693s][info][gc,heap     ] GC(15) Allocated:         -                 6M (0%)            8M (0%)            8M (0%)             -                  -          
[4.693s][info][gc,heap     ] GC(15)   Garbage:         -               156M (4%)          156M (4%)          156M (4%)             -                  -          
[4.693s][info][gc,heap     ] GC(15) Reclaimed:         -                  -                 0M (0%)            0M (0%)             -                  -          
[4.693s][info][gc          ] GC(15) Garbage Collection (Timer) 1404M(34%)->1412M(34%)
[4.977s][info][gc,start    ] GC(16) Garbage Collection (Timer)
[4.977s][info][gc,task     ] GC(16) Using 3 workers
[4.977s][info][gc,phases   ] GC(16) Pause Mark Start 0.007ms
[4.991s][info][gc,phases   ] GC(16) Concurrent Mark 13.307ms
[4.991s][info][gc,phases   ] GC(16) Pause Mark End 0.010ms
[4.991s][info][gc,phases   ] GC(16) Concurrent Mark Free 0.001ms
[4.992s][info][gc,phases   ] GC(16) Concurrent Process Non-Strong References 0.581ms
[4.992s][info][gc,phases   ] GC(16) Concurrent Reset Relocation Set 0.001ms
[4.995s][info][gc,phases   ] GC(16) Concurrent Select Relocation Set 3.069ms
[4.995s][info][gc,phases   ] GC(16) Pause Relocate Start 0.006ms
[4.999s][info][gc,phases   ] GC(16) Concurrent Relocate 4.461ms
[4.999s][info][gc,load     ] GC(16) Load: 0.00/0.00/0.00
[4.999s][info][gc,mmu      ] GC(16) MMU: 2ms/99.2%, 5ms/99.5%, 10ms/99.8%, 20ms/99.8%, 50ms/99.9%, 100ms/100.0%
[4.999s][info][gc,marking  ] GC(16) Mark: 2 stripe(s), 2 proactive flush(es), 1 terminate flush(es), 0 completion(s), 0 continuation(s) 
[5.000s][info][gc,marking  ] GC(16) Mark Stack Usage: 32M
[5.000s][info][gc,nmethod  ] GC(16) NMethods: 467 registered, 0 unregistered
[5.000s][info][gc,metaspace] GC(16) Metaspace: 1M used, 1M committed, 1088M reserved
[5.000s][info][gc,ref      ] GC(16) Soft: 181 encountered, 0 discovered, 0 enqueued
[5.000s][info][gc,ref      ] GC(16) Weak: 263 encountered, 5 discovered, 0 enqueued
[5.000s][info][gc,ref      ] GC(16) Final: 0 encountered, 0 discovered, 0 enqueued
[5.000s][info][gc,ref      ] GC(16) Phantom: 7 encountered, 3 discovered, 0 enqueued
[5.000s][info][gc,reloc    ] GC(16) Small Pages: 737 / 1474M, Empty: 0M, Relocated: 3M, In-Place: 0
[5.000s][info][gc,reloc    ] GC(16) Medium Pages: 2 / 64M, Empty: 32M, Relocated: 0M, In-Place: 0
[5.000s][info][gc,reloc    ] GC(16) Large Pages: 0 / 0M, Empty: 0M, Relocated: 0M, In-Place: 0
[5.000s][info][gc,reloc    ] GC(16) Forwarding Usage: 0M
[5.000s][info][gc,heap     ] GC(16) Min Capacity: 4096M(100%)
[5.000s][info][gc,heap     ] GC(16) Max Capacity: 4096M(100%)
[5.000s][info][gc,heap     ] GC(16) Soft Max Capacity: 4096M(100%)
[5.000s][info][gc,heap     ] GC(16)                Mark Start          Mark End        Relocate Start      Relocate End           High               Low         
[5.000s][info][gc,heap     ] GC(16)  Capacity:     4096M (100%)       4096M (100%)       4096M (100%)       4096M (100%)       4096M (100%)       4096M (100%)   
[5.000s][info][gc,heap     ] GC(16)      Free:     2558M (62%)        2556M (62%)        2588M (63%)        2592M (63%)        2592M (63%)        2556M (62%)    
[5.000s][info][gc,heap     ] GC(16)      Used:     1538M (38%)        1540M (38%)        1508M (37%)        1504M (37%)        1540M (38%)        1504M (37%)    
[5.000s][info][gc,heap     ] GC(16)      Live:         -              1339M (33%)        1339M (33%)        1339M (33%)            -                  -          
[5.000s][info][gc,heap     ] GC(16) Allocated:         -                 2M (0%)            2M (0%)            1M (0%)             -                  -          
[5.000s][info][gc,heap     ] GC(16)   Garbage:         -               198M (5%)          166M (4%)          162M (4%)             -                  -          
[5.000s][info][gc,heap     ] GC(16) Reclaimed:         -                  -                32M (1%)           35M (1%)             -                  -          
[5.000s][info][gc          ] GC(16) Garbage Collection (Timer) 1538M(38%)->1504M(37%)
[5.277s][info][gc,start    ] GC(17) Garbage Collection (Timer)
[5.277s][info][gc,task     ] GC(17) Using 3 workers
[5.277s][info][gc,phases   ] GC(17) Pause Mark Start 0.006ms
[5.294s][info][gc,phases   ] GC(17) Concurrent Mark 16.625ms
[5.294s][info][gc,phases   ] GC(17) Pause Mark End 0.016ms
[5.294s][info][gc,phases   ] GC(17) Concurrent Mark Free 0.001ms
[5.295s][info][gc,phases   ] GC(17) Concurrent Process Non-Strong References 0.728ms
[5.295s][info][gc,phases   ] GC(17) Concurrent Reset Relocation Set 0.001ms
[5.298s][info][gc,phases   ] GC(17) Concurrent Select Relocation Set 2.820ms
[5.298s][info][gc,phases   ] GC(17) Pause Relocate Start 0.006ms
[5.300s][info][gc,phases   ] GC(17) Concurrent Relocate 2.237ms
[5.300s][info][gc,load     ] GC(17) Load: 0.00/0.00/0.00
[5.300s][info][gc,mmu      ] GC(17) MMU: 2ms/99.2%, 5ms/99.5%, 10ms/99.8%, 20ms/99.8%, 50ms/99.9%, 100ms/100.0%
[5.301s][info][gc,marking  ] GC(17) Mark: 2 stripe(s), 3 proactive flush(es), 1 terminate flush(es), 0 completion(s), 0 continuation(s) 
[5.301s][info][gc,marking  ] GC(17) Mark Stack Usage: 32M
[5.301s][info][gc,nmethod  ] GC(17) NMethods: 467 registered, 0 unregistered
[5.301s][info][gc,metaspace] GC(17) Metaspace: 1M used, 1M committed, 1088M reserved
[5.301s][info][gc,ref      ] GC(17) Soft: 181 encountered, 0 discovered, 0 enqueued
[5.301s][info][gc,ref      ] GC(17) Weak: 263 encountered, 53 discovered, 0 enqueued
[5.301s][info][gc,ref      ] GC(17) Final: 0 encountered, 0 discovered, 0 enqueued
[5.301s][info][gc,ref      ] GC(17) Phantom: 7 encountered, 4 discovered, 0 enqueued
[5.301s][info][gc,reloc    ] GC(17) Small Pages: 776 / 1552M, Empty: 0M, Relocated: 1M, In-Place: 0
[5.301s][info][gc,reloc    ] GC(17) Medium Pages: 1 / 32M, Empty: 0M, Relocated: 0M, In-Place: 0
[5.301s][info][gc,reloc    ] GC(17) Large Pages: 0 / 0M, Empty: 0M, Relocated: 0M, In-Place: 0
[5.301s][info][gc,reloc    ] GC(17) Forwarding Usage: 0M
[5.301s][info][gc,heap     ] GC(17) Min Capacity: 4096M(100%)
[5.301s][info][gc,heap     ] GC(17) Max Capacity: 4096M(100%)
[5.301s][info][gc,heap     ] GC(17) Soft Max Capacity: 4096M(100%)
[5.301s][info][gc,heap     ] GC(17)                Mark Start          Mark End        Relocate Start      Relocate End           High               Low         
[5.301s][info][gc,heap     ] GC(17)  Capacity:     4096M (100%)       4096M (100%)       4096M (100%)       4096M (100%)       4096M (100%)       4096M (100%)   
[5.301s][info][gc,heap     ] GC(17)      Free:     2512M (61%)        2510M (61%)        2510M (61%)        2510M (61%)        2512M (61%)        2506M (61%)    
[5.301s][info][gc,heap     ] GC(17)      Used:     1584M (39%)        1586M (39%)        1586M (39%)        1586M (39%)        1590M (39%)        1584M (39%)    
[5.301s][info][gc,heap     ] GC(17)      Live:         -              1413M (35%)        1413M (35%)        1413M (35%)            -                  -          
[5.301s][info][gc,heap     ] GC(17) Allocated:         -                 2M (0%)            2M (0%)            2M (0%)             -                  -          
[5.301s][info][gc,heap     ] GC(17)   Garbage:         -               170M (4%)          170M (4%)          170M (4%)             -                  -          
[5.301s][info][gc,heap     ] GC(17) Reclaimed:         -                  -                 0M (0%)            0M (0%)             -                  -          
[5.301s][info][gc          ] GC(17) Garbage Collection (Timer) 1584M(39%)->1586M(39%)
[5.576s][info][gc,start    ] GC(18) Garbage Collection (Timer)
[5.577s][info][gc,task     ] GC(18) Using 3 workers
[5.577s][info][gc,phases   ] GC(18) Pause Mark Start 0.006ms
[5.595s][info][gc,phases   ] GC(18) Concurrent Mark 18.057ms
[5.595s][info][gc,phases   ] GC(18) Pause Mark End 0.013ms
[5.595s][info][gc,phases   ] GC(18) Concurrent Mark Free 0.001ms
[5.596s][info][gc,phases   ] GC(18) Concurrent Process Non-Strong References 0.530ms
[5.596s][info][gc,phases   ] GC(18) Concurrent Reset Relocation Set 0.001ms
[5.600s][info][gc,phases   ] GC(18) Concurrent Select Relocation Set 3.697ms
[5.600s][info][gc,phases   ] GC(18) Pause Relocate Start 0.007ms
[5.601s][info][gc,phases   ] GC(18) Concurrent Relocate 1.575ms
[5.601s][info][gc,load     ] GC(18) Load: 0.00/0.00/0.00
[5.601s][info][gc,mmu      ] GC(18) MMU: 2ms/99.2%, 5ms/99.5%, 10ms/99.8%, 20ms/99.8%, 50ms/99.9%, 100ms/100.0%
[5.601s][info][gc,marking  ] GC(18) Mark: 2 stripe(s), 3 proactive flush(es), 1 terminate flush(es), 0 completion(s), 0 continuation(s) 
[5.602s][info][gc,marking  ] GC(18) Mark Stack Usage: 32M
[5.602s][info][gc,nmethod  ] GC(18) NMethods: 467 registered, 0 unregistered
[5.602s][info][gc,metaspace] GC(18) Metaspace: 1M used, 1M committed, 1088M reserved
[5.602s][info][gc,ref      ] GC(18) Soft: 181 encountered, 0 discovered, 0 enqueued
[5.602s][info][gc,ref      ] GC(18) Weak: 263 encountered, 40 discovered, 0 enqueued
[5.602s][info][gc,ref      ] GC(18) Final: 0 encountered, 0 discovered, 0 enqueued
[5.602s][info][gc,ref      ] GC(18) Phantom: 7 encountered, 3 discovered, 0 enqueued
[5.602s][info][gc,reloc    ] GC(18) Small Pages: 810 / 1620M, Empty: 0M, Relocated: 1M, In-Place: 0
[5.602s][info][gc,reloc    ] GC(18) Medium Pages: 1 / 32M, Empty: 0M, Relocated: 0M, In-Place: 0
[5.602s][info][gc,reloc    ] GC(18) Large Pages: 0 / 0M, Empty: 0M, Relocated: 0M, In-Place: 0
[5.602s][info][gc,reloc    ] GC(18) Forwarding Usage: 0M
[5.602s][info][gc,heap     ] GC(18) Min Capacity: 4096M(100%)
[5.602s][info][gc,heap     ] GC(18) Max Capacity: 4096M(100%)
[5.602s][info][gc,heap     ] GC(18) Soft Max Capacity: 4096M(100%)
[5.602s][info][gc,heap     ] GC(18)                Mark Start          Mark End        Relocate Start      Relocate End           High               Low         
[5.602s][info][gc,heap     ] GC(18)  Capacity:     4096M (100%)       4096M (100%)       4096M (100%)       4096M (100%)       4096M (100%)       4096M (100%)   
[5.602s][info][gc,heap     ] GC(18)      Free:     2444M (60%)        2442M (60%)        2440M (60%)        2440M (60%)        2444M (60%)        2434M (59%)    
[5.602s][info][gc,heap     ] GC(18)      Used:     1652M (40%)        1654M (40%)        1656M (40%)        1656M (40%)        1662M (41%)        1652M (40%)    
[5.602s][info][gc,heap     ] GC(18)      Live:         -              1474M (36%)        1474M (36%)        1474M (36%)            -                  -          
[5.602s][info][gc,heap     ] GC(18) Allocated:         -                 2M (0%)            4M (0%)            4M (0%)             -                  -          
[5.602s][info][gc,heap     ] GC(18)   Garbage:         -               177M (4%)          177M (4%)          177M (4%)             -                  -          
[5.602s][info][gc,heap     ] GC(18) Reclaimed:         -                  -                 0M (0%)            0M (0%)             -                  -          
[5.602s][info][gc          ] GC(18) Garbage Collection (Timer) 1652M(40%)->1656M(40%)
[5.877s][info][gc,start    ] GC(19) Garbage Collection (Timer)
[5.877s][info][gc,task     ] GC(19) Using 3 workers
[5.877s][info][gc,phases   ] GC(19) Pause Mark Start 0.007ms
[5.896s][info][gc,phases   ] GC(19) Concurrent Mark 18.374ms
[5.896s][info][gc,phases   ] GC(19) Pause Mark End 0.009ms
[5.896s][info][gc,phases   ] GC(19) Concurrent Mark Free 0.001ms
[5.896s][info][gc,phases   ] GC(19) Concurrent Process Non-Strong References 0.588ms
[5.896s][info][gc,phases   ] GC(19) Concurrent Reset Relocation Set 0.001ms
[5.899s][info][gc,phases   ] GC(19) Concurrent Select Relocation Set 2.305ms
[5.899s][info][gc,phases   ] GC(19) Pause Relocate Start 0.005ms
[5.901s][info][gc,phases   ] GC(19) Concurrent Relocate 2.083ms
[5.901s][info][gc,load     ] GC(19) Load: 0.00/0.00/0.00
[5.901s][info][gc,mmu      ] GC(19) MMU: 2ms/99.2%, 5ms/99.5%, 10ms/99.8%, 20ms/99.8%, 50ms/99.9%, 100ms/100.0%
[5.901s][info][gc,marking  ] GC(19) Mark: 2 stripe(s), 3 proactive flush(es), 1 terminate flush(es), 0 completion(s), 0 continuation(s) 
[5.901s][info][gc,marking  ] GC(19) Mark Stack Usage: 32M
[5.901s][info][gc,nmethod  ] GC(19) NMethods: 467 registered, 0 unregistered
[5.901s][info][gc,metaspace] GC(19) Metaspace: 1M used, 1M committed, 1088M reserved
[5.901s][info][gc,ref      ] GC(19) Soft: 181 encountered, 0 discovered, 0 enqueued
[5.901s][info][gc,ref      ] GC(19) Weak: 263 encountered, 39 discovered, 0 enqueued
[5.901s][info][gc,ref      ] GC(19) Final: 0 encountered, 0 discovered, 0 enqueued
[5.901s][info][gc,ref      ] GC(19) Phantom: 7 encountered, 4 discovered, 0 enqueued
[5.901s][info][gc,reloc    ] GC(19) Small Pages: 841 / 1682M, Empty: 0M, Relocated: 1M, In-Place: 0
[5.901s][info][gc,reloc    ] GC(19) Medium Pages: 1 / 32M, Empty: 0M, Relocated: 0M, In-Place: 0
[5.901s][info][gc,reloc    ] GC(19) Large Pages: 0 / 0M, Empty: 0M, Relocated: 0M, In-Place: 0
[5.901s][info][gc,reloc    ] GC(19) Forwarding Usage: 0M
[5.901s][info][gc,heap     ] GC(19) Min Capacity: 4096M(100%)
[5.901s][info][gc,heap     ] GC(19) Max Capacity: 4096M(100%)
[5.901s][info][gc,heap     ] GC(19) Soft Max Capacity: 4096M(100%)
[5.902s][info][gc,heap     ] GC(19)                Mark Start          Mark End        Relocate Start      Relocate End           High               Low         
[5.902s][info][gc,heap     ] GC(19)  Capacity:     4096M (100%)       4096M (100%)       4096M (100%)       4096M (100%)       4096M (100%)       4096M (100%)   
[5.902s][info][gc,heap     ] GC(19)      Free:     2382M (58%)        2380M (58%)        2380M (58%)        2380M (58%)        2382M (58%)        2374M (58%)    
[5.902s][info][gc,heap     ] GC(19)      Used:     1714M (42%)        1716M (42%)        1716M (42%)        1716M (42%)        1722M (42%)        1714M (42%)    
[5.902s][info][gc,heap     ] GC(19)      Live:         -              1530M (37%)        1530M (37%)        1530M (37%)            -                  -          
[5.902s][info][gc,heap     ] GC(19) Allocated:         -                 2M (0%)            2M (0%)            2M (0%)             -                  -          
[5.902s][info][gc,heap     ] GC(19)   Garbage:         -               183M (4%)          183M (4%)          183M (4%)             -                  -          
[5.902s][info][gc,heap     ] GC(19) Reclaimed:         -                  -                 0M (0%)            0M (0%)             -                  -          
[5.902s][info][gc          ] GC(19) Garbage Collection (Timer) 1714M(42%)->1716M(42%)
[6.177s][info][gc,start    ] GC(20) Garbage Collection (Timer)
[6.177s][info][gc,task     ] GC(20) Using 3 workers
[6.177s][info][gc,phases   ] GC(20) Pause Mark Start 0.006ms
[6.194s][info][gc,phases   ] GC(20) Concurrent Mark 16.795ms
[6.195s][info][gc,phases   ] GC(20) Pause Mark End 0.010ms
[6.195s][info][gc,phases   ] GC(20) Concurrent Mark Free 0.001ms
[6.195s][info][gc,phases   ] GC(20) Concurrent Process Non-Strong References 0.643ms
[6.195s][info][gc,phases   ] GC(20) Concurrent Reset Relocation Set 0.001ms
[6.198s][info][gc,phases   ] GC(20) Concurrent Select Relocation Set 2.431ms
[6.198s][info][gc,phases   ] GC(20) Pause Relocate Start 0.006ms
[6.201s][info][gc,phases   ] GC(20) Concurrent Relocate 2.575ms
[6.201s][info][gc,load     ] GC(20) Load: 0.00/0.00/0.00
[6.201s][info][gc,mmu      ] GC(20) MMU: 2ms/99.2%, 5ms/99.5%, 10ms/99.8%, 20ms/99.8%, 50ms/99.9%, 100ms/100.0%
[6.201s][info][gc,marking  ] GC(20) Mark: 2 stripe(s), 3 proactive flush(es), 1 terminate flush(es), 0 completion(s), 0 continuation(s) 
[6.201s][info][gc,marking  ] GC(20) Mark Stack Usage: 32M
[6.201s][info][gc,nmethod  ] GC(20) NMethods: 467 registered, 0 unregistered
[6.201s][info][gc,metaspace] GC(20) Metaspace: 1M used, 1M committed, 1088M reserved
[6.201s][info][gc,ref      ] GC(20) Soft: 181 encountered, 0 discovered, 0 enqueued
[6.201s][info][gc,ref      ] GC(20) Weak: 263 encountered, 42 discovered, 0 enqueued
[6.201s][info][gc,ref      ] GC(20) Final: 0 encountered, 0 discovered, 0 enqueued
[6.201s][info][gc,ref      ] GC(20) Phantom: 7 encountered, 3 discovered, 0 enqueued
[6.201s][info][gc,reloc    ] GC(20) Small Pages: 874 / 1748M, Empty: 0M, Relocated: 1M, In-Place: 0
[6.201s][info][gc,reloc    ] GC(20) Medium Pages: 1 / 32M, Empty: 0M, Relocated: 0M, In-Place: 0
[6.201s][info][gc,reloc    ] GC(20) Large Pages: 0 / 0M, Empty: 0M, Relocated: 0M, In-Place: 0
[6.201s][info][gc,reloc    ] GC(20) Forwarding Usage: 0M
[6.201s][info][gc,heap     ] GC(20) Min Capacity: 4096M(100%)
[6.201s][info][gc,heap     ] GC(20) Max Capacity: 4096M(100%)
[6.201s][info][gc,heap     ] GC(20) Soft Max Capacity: 4096M(100%)
[6.201s][info][gc,heap     ] GC(20)                Mark Start          Mark End        Relocate Start      Relocate End           High               Low         
[6.201s][info][gc,heap     ] GC(20)  Capacity:     4096M (100%)       4096M (100%)       4096M (100%)       4096M (100%)       4096M (100%)       4096M (100%)   
[6.201s][info][gc,heap     ] GC(20)      Free:     2316M (57%)        2314M (56%)        2314M (56%)        2316M (57%)        2316M (57%)        2308M (56%)    
[6.201s][info][gc,heap     ] GC(20)      Used:     1780M (43%)        1782M (44%)        1782M (44%)        1780M (43%)        1788M (44%)        1780M (43%)    
[6.201s][info][gc,heap     ] GC(20)      Live:         -              1588M (39%)        1588M (39%)        1588M (39%)            -                  -          
[6.201s][info][gc,heap     ] GC(20) Allocated:         -                 2M (0%)            2M (0%)            2M (0%)             -                  -          
[6.201s][info][gc,heap     ] GC(20)   Garbage:         -               191M (5%)          191M (5%)          189M (5%)             -                  -          
[6.201s][info][gc,heap     ] GC(20) Reclaimed:         -                  -                 0M (0%)            2M (0%)             -                  -          
[6.201s][info][gc          ] GC(20) Garbage Collection (Timer) 1780M(43%)->1780M(43%)
[6.477s][info][gc,start    ] GC(21) Garbage Collection (Timer)
[6.478s][info][gc,task     ] GC(21) Using 3 workers
[6.478s][info][gc,phases   ] GC(21) Pause Mark Start 0.005ms
[6.494s][info][gc,phases   ] GC(21) Concurrent Mark 16.214ms
[6.494s][info][gc,phases   ] GC(21) Pause Mark End 0.010ms
[6.494s][info][gc,phases   ] GC(21) Concurrent Mark Free 0.001ms
[6.495s][info][gc,phases   ] GC(21) Concurrent Process Non-Strong References 0.807ms
[6.495s][info][gc,phases   ] GC(21) Concurrent Reset Relocation Set 0.001ms
[6.498s][info][gc,phases   ] GC(21) Concurrent Select Relocation Set 2.416ms
[6.498s][info][gc,phases   ] GC(21) Pause Relocate Start 0.006ms
[6.502s][info][gc,phases   ] GC(21) Concurrent Relocate 3.855ms
[6.502s][info][gc,load     ] GC(21) Load: 0.00/0.00/0.00
[6.502s][info][gc,mmu      ] GC(21) MMU: 2ms/99.2%, 5ms/99.5%, 10ms/99.8%, 20ms/99.8%, 50ms/99.9%, 100ms/100.0%
[6.502s][info][gc,marking  ] GC(21) Mark: 2 stripe(s), 2 proactive flush(es), 1 terminate flush(es), 0 completion(s), 0 continuation(s) 
[6.502s][info][gc,marking  ] GC(21) Mark Stack Usage: 32M
[6.502s][info][gc,nmethod  ] GC(21) NMethods: 467 registered, 0 unregistered
[6.502s][info][gc,metaspace] GC(21) Metaspace: 1M used, 1M committed, 1088M reserved
[6.502s][info][gc,ref      ] GC(21) Soft: 181 encountered, 0 discovered, 0 enqueued
[6.502s][info][gc,ref      ] GC(21) Weak: 263 encountered, 36 discovered, 0 enqueued
[6.502s][info][gc,ref      ] GC(21) Final: 0 encountered, 0 discovered, 0 enqueued
[6.502s][info][gc,ref      ] GC(21) Phantom: 7 encountered, 2 discovered, 0 enqueued
[6.502s][info][gc,reloc    ] GC(21) Small Pages: 904 / 1808M, Empty: 0M, Relocated: 3M, In-Place: 0
[6.502s][info][gc,reloc    ] GC(21) Medium Pages: 1 / 32M, Empty: 0M, Relocated: 0M, In-Place: 0
[6.502s][info][gc,reloc    ] GC(21) Large Pages: 0 / 0M, Empty: 0M, Relocated: 0M, In-Place: 0
[6.502s][info][gc,reloc    ] GC(21) Forwarding Usage: 0M
[6.502s][info][gc,heap     ] GC(21) Min Capacity: 4096M(100%)
[6.502s][info][gc,heap     ] GC(21) Max Capacity: 4096M(100%)
[6.502s][info][gc,heap     ] GC(21) Soft Max Capacity: 4096M(100%)
[6.502s][info][gc,heap     ] GC(21)                Mark Start          Mark End        Relocate Start      Relocate End           High               Low         
[6.502s][info][gc,heap     ] GC(21)  Capacity:     4096M (100%)       4096M (100%)       4096M (100%)       4096M (100%)       4096M (100%)       4096M (100%)   
[6.502s][info][gc,heap     ] GC(21)      Free:     2256M (55%)        2254M (55%)        2254M (55%)        2258M (55%)        2258M (55%)        2248M (55%)    
[6.502s][info][gc,heap     ] GC(21)      Used:     1840M (45%)        1842M (45%)        1842M (45%)        1838M (45%)        1848M (45%)        1838M (45%)    
[6.502s][info][gc,heap     ] GC(21)      Live:         -              1644M (40%)        1644M (40%)        1644M (40%)            -                  -          
[6.502s][info][gc,heap     ] GC(21) Allocated:         -                 2M (0%)            2M (0%)            1M (0%)             -                  -          
[6.502s][info][gc,heap     ] GC(21)   Garbage:         -               195M (5%)          195M (5%)          191M (5%)             -                  -          
[6.502s][info][gc,heap     ] GC(21) Reclaimed:         -                  -                 0M (0%)            3M (0%)             -                  -          
[6.502s][info][gc          ] GC(21) Garbage Collection (Timer) 1840M(45%)->1838M(45%)
[6.778s][info][gc,start    ] GC(22) Garbage Collection (Timer)
[6.778s][info][gc,task     ] GC(22) Using 3 workers
[6.778s][info][gc,phases   ] GC(22) Pause Mark Start 0.006ms
[6.800s][info][gc,phases   ] GC(22) Concurrent Mark 21.441ms
[6.800s][info][gc,phases   ] GC(22) Pause Mark End 0.011ms
[6.800s][info][gc,phases   ] GC(22) Concurrent Mark Free 0.001ms
[6.800s][info][gc,phases   ] GC(22) Concurrent Process Non-Strong References 0.537ms
[6.800s][info][gc,phases   ] GC(22) Concurrent Reset Relocation Set 0.001ms
[6.803s][info][gc,phases   ] GC(22) Concurrent Select Relocation Set 2.514ms
[6.803s][info][gc,phases   ] GC(22) Pause Relocate Start 0.007ms
[6.807s][info][gc,phases   ] GC(22) Concurrent Relocate 4.181ms
[6.807s][info][gc,load     ] GC(22) Load: 0.00/0.00/0.00
[6.807s][info][gc,mmu      ] GC(22) MMU: 2ms/99.2%, 5ms/99.5%, 10ms/99.8%, 20ms/99.8%, 50ms/99.9%, 100ms/100.0%
[6.808s][info][gc,marking  ] GC(22) Mark: 2 stripe(s), 2 proactive flush(es), 1 terminate flush(es), 0 completion(s), 0 continuation(s) 
[6.808s][info][gc,marking  ] GC(22) Mark Stack Usage: 32M
[6.808s][info][gc,nmethod  ] GC(22) NMethods: 469 registered, 0 unregistered
[6.808s][info][gc,metaspace] GC(22) Metaspace: 1M used, 1M committed, 1088M reserved
[6.808s][info][gc,ref      ] GC(22) Soft: 181 encountered, 0 discovered, 0 enqueued
[6.808s][info][gc,ref      ] GC(22) Weak: 263 encountered, 69 discovered, 0 enqueued
[6.808s][info][gc,ref      ] GC(22) Final: 0 encountered, 0 discovered, 0 enqueued
[6.808s][info][gc,ref      ] GC(22) Phantom: 7 encountered, 3 discovered, 0 enqueued
[6.808s][info][gc,reloc    ] GC(22) Small Pages: 933 / 1866M, Empty: 0M, Relocated: 3M, In-Place: 0
[6.808s][info][gc,reloc    ] GC(22) Medium Pages: 1 / 32M, Empty: 0M, Relocated: 0M, In-Place: 0
[6.808s][info][gc,reloc    ] GC(22) Large Pages: 0 / 0M, Empty: 0M, Relocated: 0M, In-Place: 0
[6.808s][info][gc,reloc    ] GC(22) Forwarding Usage: 0M
[6.808s][info][gc,heap     ] GC(22) Min Capacity: 4096M(100%)
[6.808s][info][gc,heap     ] GC(22) Max Capacity: 4096M(100%)
[6.808s][info][gc,heap     ] GC(22) Soft Max Capacity: 4096M(100%)
[6.808s][info][gc,heap     ] GC(22)                Mark Start          Mark End        Relocate Start      Relocate End           High               Low         
[6.808s][info][gc,heap     ] GC(22)  Capacity:     4096M (100%)       4096M (100%)       4096M (100%)       4096M (100%)       4096M (100%)       4096M (100%)   
[6.808s][info][gc,heap     ] GC(22)      Free:     2198M (54%)        2196M (54%)        2196M (54%)        2196M (54%)        2198M (54%)        2190M (53%)    
[6.808s][info][gc,heap     ] GC(22)      Used:     1898M (46%)        1900M (46%)        1900M (46%)        1900M (46%)        1906M (47%)        1898M (46%)    
[6.808s][info][gc,heap     ] GC(22)      Live:         -              1699M (41%)        1699M (41%)        1699M (41%)            -                  -          
[6.808s][info][gc,heap     ] GC(22) Allocated:         -                 2M (0%)            2M (0%)            4M (0%)             -                  -          
[6.808s][info][gc,heap     ] GC(22)   Garbage:         -               198M (5%)          198M (5%)          196M (5%)             -                  -          
[6.808s][info][gc,heap     ] GC(22) Reclaimed:         -                  -                 0M (0%)            2M (0%)             -                  -          
[6.808s][info][gc          ] GC(22) Garbage Collection (Timer) 1898M(46%)->1900M(46%)
[7.076s][info][gc,start    ] GC(23) Garbage Collection (Timer)
[7.076s][info][gc,task     ] GC(23) Using 3 workers
[7.076s][info][gc,phases   ] GC(23) Pause Mark Start 0.005ms
[7.092s][info][gc,phases   ] GC(23) Concurrent Mark 15.672ms
[7.092s][info][gc,phases   ] GC(23) Pause Mark End 0.010ms
[7.092s][info][gc,phases   ] GC(23) Concurrent Mark Free 0.001ms
[7.093s][info][gc,phases   ] GC(23) Concurrent Process Non-Strong References 0.648ms
[7.093s][info][gc,phases   ] GC(23) Concurrent Reset Relocation Set 0.001ms
[7.095s][info][gc,phases   ] GC(23) Concurrent Select Relocation Set 2.279ms
[7.096s][info][gc,phases   ] GC(23) Pause Relocate Start 0.006ms
[7.098s][info][gc,phases   ] GC(23) Concurrent Relocate 2.726ms
[7.098s][info][gc,load     ] GC(23) Load: 0.00/0.00/0.00
[7.099s][info][gc,mmu      ] GC(23) MMU: 2ms/99.2%, 5ms/99.5%, 10ms/99.8%, 20ms/99.8%, 50ms/99.9%, 100ms/100.0%
[7.099s][info][gc,marking  ] GC(23) Mark: 2 stripe(s), 2 proactive flush(es), 1 terminate flush(es), 0 completion(s), 0 continuation(s) 
[7.099s][info][gc,marking  ] GC(23) Mark Stack Usage: 32M
[7.099s][info][gc,nmethod  ] GC(23) NMethods: 470 registered, 0 unregistered
[7.099s][info][gc,metaspace] GC(23) Metaspace: 1M used, 1M committed, 1088M reserved
[7.099s][info][gc,ref      ] GC(23) Soft: 181 encountered, 0 discovered, 0 enqueued
[7.099s][info][gc,ref      ] GC(23) Weak: 263 encountered, 38 discovered, 0 enqueued
[7.099s][info][gc,ref      ] GC(23) Final: 0 encountered, 0 discovered, 0 enqueued
[7.099s][info][gc,ref      ] GC(23) Phantom: 7 encountered, 3 discovered, 0 enqueued
[7.099s][info][gc,reloc    ] GC(23) Small Pages: 963 / 1926M, Empty: 0M, Relocated: 1M, In-Place: 0
[7.099s][info][gc,reloc    ] GC(23) Medium Pages: 1 / 32M, Empty: 0M, Relocated: 0M, In-Place: 0
[7.099s][info][gc,reloc    ] GC(23) Large Pages: 0 / 0M, Empty: 0M, Relocated: 0M, In-Place: 0
[7.099s][info][gc,reloc    ] GC(23) Forwarding Usage: 0M
[7.099s][info][gc,heap     ] GC(23) Min Capacity: 4096M(100%)
[7.099s][info][gc,heap     ] GC(23) Max Capacity: 4096M(100%)
[7.099s][info][gc,heap     ] GC(23) Soft Max Capacity: 4096M(100%)
[7.099s][info][gc,heap     ] GC(23)                Mark Start          Mark End        Relocate Start      Relocate End           High               Low         
[7.099s][info][gc,heap     ] GC(23)  Capacity:     4096M (100%)       4096M (100%)       4096M (100%)       4096M (100%)       4096M (100%)       4096M (100%)   
[7.099s][info][gc,heap     ] GC(23)      Free:     2138M (52%)        2136M (52%)        2136M (52%)        2136M (52%)        2138M (52%)        2132M (52%)    
[7.099s][info][gc,heap     ] GC(23)      Used:     1958M (48%)        1960M (48%)        1960M (48%)        1960M (48%)        1964M (48%)        1958M (48%)    
[7.099s][info][gc,heap     ] GC(23)      Live:         -              1755M (43%)        1755M (43%)        1755M (43%)            -                  -          
[7.099s][info][gc,heap     ] GC(23) Allocated:         -                 2M (0%)            2M (0%)            2M (0%)             -                  -          
[7.099s][info][gc,heap     ] GC(23)   Garbage:         -               202M (5%)          202M (5%)          202M (5%)             -                  -          
[7.099s][info][gc,heap     ] GC(23) Reclaimed:         -                  -                 0M (0%)            0M (0%)             -                  -          
[7.099s][info][gc          ] GC(23) Garbage Collection (Timer) 1958M(48%)->1960M(48%)
[7.376s][info][gc,start    ] GC(24) Garbage Collection (Timer)
[7.377s][info][gc,task     ] GC(24) Using 3 workers
[7.377s][info][gc,phases   ] GC(24) Pause Mark Start 0.006ms
[7.392s][info][gc,phases   ] GC(24) Concurrent Mark 15.295ms
[7.392s][info][gc,phases   ] GC(24) Pause Mark End 0.009ms
[7.392s][info][gc,phases   ] GC(24) Concurrent Mark Free 0.001ms
[7.393s][info][gc,phases   ] GC(24) Concurrent Process Non-Strong References 0.560ms
[7.393s][info][gc,phases   ] GC(24) Concurrent Reset Relocation Set 0.001ms
[7.396s][info][gc,phases   ] GC(24) Concurrent Select Relocation Set 3.092ms
[7.396s][info][gc,phases   ] GC(24) Pause Relocate Start 0.005ms
[7.401s][info][gc,phases   ] GC(24) Concurrent Relocate 4.323ms
[7.401s][info][gc,load     ] GC(24) Load: 0.00/0.00/0.00
[7.401s][info][gc,mmu      ] GC(24) MMU: 2ms/99.2%, 5ms/99.5%, 10ms/99.8%, 20ms/99.8%, 50ms/99.9%, 100ms/100.0%
[7.401s][info][gc,marking  ] GC(24) Mark: 2 stripe(s), 2 proactive flush(es), 1 terminate flush(es), 0 completion(s), 0 continuation(s) 
[7.401s][info][gc,marking  ] GC(24) Mark Stack Usage: 32M
[7.401s][info][gc,nmethod  ] GC(24) NMethods: 470 registered, 0 unregistered
[7.401s][info][gc,metaspace] GC(24) Metaspace: 1M used, 1M committed, 1088M reserved
[7.401s][info][gc,ref      ] GC(24) Soft: 181 encountered, 0 discovered, 0 enqueued
[7.401s][info][gc,ref      ] GC(24) Weak: 263 encountered, 44 discovered, 0 enqueued
[7.401s][info][gc,ref      ] GC(24) Final: 0 encountered, 0 discovered, 0 enqueued
[7.401s][info][gc,ref      ] GC(24) Phantom: 7 encountered, 3 discovered, 0 enqueued
[7.401s][info][gc,reloc    ] GC(24) Small Pages: 996 / 1992M, Empty: 0M, Relocated: 3M, In-Place: 0
[7.401s][info][gc,reloc    ] GC(24) Medium Pages: 1 / 32M, Empty: 0M, Relocated: 0M, In-Place: 0
[7.401s][info][gc,reloc    ] GC(24) Large Pages: 0 / 0M, Empty: 0M, Relocated: 0M, In-Place: 0
[7.401s][info][gc,reloc    ] GC(24) Forwarding Usage: 0M
[7.401s][info][gc,heap     ] GC(24) Min Capacity: 4096M(100%)
[7.401s][info][gc,heap     ] GC(24) Max Capacity: 4096M(100%)
[7.401s][info][gc,heap     ] GC(24) Soft Max Capacity: 4096M(100%)
[7.401s][info][gc,heap     ] GC(24)                Mark Start          Mark End        Relocate Start      Relocate End           High               Low         
[7.401s][info][gc,heap     ] GC(24)  Capacity:     4096M (100%)       4096M (100%)       4096M (100%)       4096M (100%)       4096M (100%)       4096M (100%)   
[7.401s][info][gc,heap     ] GC(24)      Free:     2072M (51%)        2070M (51%)        2070M (51%)        2072M (51%)        2072M (51%)        2064M (50%)    
[7.401s][info][gc,heap     ] GC(24)      Used:     2024M (49%)        2026M (49%)        2026M (49%)        2024M (49%)        2032M (50%)        2024M (49%)    
[7.401s][info][gc,heap     ] GC(24)      Live:         -              1814M (44%)        1814M (44%)        1814M (44%)            -                  -          
[7.401s][info][gc,heap     ] GC(24) Allocated:         -                 2M (0%)            2M (0%)            2M (0%)             -                  -          
[7.401s][info][gc,heap     ] GC(24)   Garbage:         -               209M (5%)          209M (5%)          207M (5%)             -                  -          
[7.401s][info][gc,heap     ] GC(24) Reclaimed:         -                  -                 0M (0%)            2M (0%)             -                  -          
[7.401s][info][gc          ] GC(24) Garbage Collection (Timer) 2024M(49%)->2024M(49%)
[7.677s][info][gc,start    ] GC(25) Garbage Collection (Timer)
[7.677s][info][gc,task     ] GC(25) Using 3 workers
[7.677s][info][gc,phases   ] GC(25) Pause Mark Start 0.006ms
[7.705s][info][gc,phases   ] GC(25) Concurrent Mark 28.074ms
[7.705s][info][gc,phases   ] GC(25) Pause Mark End 0.010ms
[7.705s][info][gc,phases   ] GC(25) Concurrent Mark Free 0.001ms
[7.706s][info][gc,phases   ] GC(25) Concurrent Process Non-Strong References 0.587ms
[7.706s][info][gc,phases   ] GC(25) Concurrent Reset Relocation Set 0.001ms
[7.708s][info][gc,phases   ] GC(25) Concurrent Select Relocation Set 2.099ms
[7.708s][info][gc,phases   ] GC(25) Pause Relocate Start 0.005ms
[7.712s][info][gc,phases   ] GC(25) Concurrent Relocate 3.167ms
[7.712s][info][gc,load     ] GC(25) Load: 0.00/0.00/0.00
[7.712s][info][gc,mmu      ] GC(25) MMU: 2ms/99.2%, 5ms/99.5%, 10ms/99.8%, 20ms/99.8%, 50ms/99.9%, 100ms/100.0%
[7.712s][info][gc,marking  ] GC(25) Mark: 2 stripe(s), 10 proactive flush(es), 1 terminate flush(es), 0 completion(s), 0 continuation(s) 
[7.712s][info][gc,marking  ] GC(25) Mark Stack Usage: 32M
[7.712s][info][gc,nmethod  ] GC(25) NMethods: 470 registered, 0 unregistered
[7.712s][info][gc,metaspace] GC(25) Metaspace: 1M used, 1M committed, 1088M reserved
[7.712s][info][gc,ref      ] GC(25) Soft: 181 encountered, 0 discovered, 0 enqueued
[7.712s][info][gc,ref      ] GC(25) Weak: 263 encountered, 30 discovered, 0 enqueued
[7.712s][info][gc,ref      ] GC(25) Final: 0 encountered, 0 discovered, 0 enqueued
[7.712s][info][gc,ref      ] GC(25) Phantom: 7 encountered, 4 discovered, 0 enqueued
[7.712s][info][gc,reloc    ] GC(25) Small Pages: 1017 / 2034M, Empty: 0M, Relocated: 1M, In-Place: 0
[7.712s][info][gc,reloc    ] GC(25) Medium Pages: 1 / 32M, Empty: 0M, Relocated: 0M, In-Place: 0
[7.712s][info][gc,reloc    ] GC(25) Large Pages: 0 / 0M, Empty: 0M, Relocated: 0M, In-Place: 0
[7.712s][info][gc,reloc    ] GC(25) Forwarding Usage: 0M
[7.712s][info][gc,heap     ] GC(25) Min Capacity: 4096M(100%)
[7.712s][info][gc,heap     ] GC(25) Max Capacity: 4096M(100%)
[7.712s][info][gc,heap     ] GC(25) Soft Max Capacity: 4096M(100%)
[7.712s][info][gc,heap     ] GC(25)                Mark Start          Mark End        Relocate Start      Relocate End           High               Low         
[7.712s][info][gc,heap     ] GC(25)  Capacity:     4096M (100%)       4096M (100%)       4096M (100%)       4096M (100%)       4096M (100%)       4096M (100%)   
[7.712s][info][gc,heap     ] GC(25)      Free:     2030M (50%)        2030M (50%)        2030M (50%)        2030M (50%)        2030M (50%)        2026M (49%)    
[7.712s][info][gc,heap     ] GC(25)      Used:     2066M (50%)        2066M (50%)        2066M (50%)        2066M (50%)        2070M (51%)        2066M (50%)    
[7.712s][info][gc,heap     ] GC(25)      Live:         -              1854M (45%)        1854M (45%)        1854M (45%)            -                  -          
[7.712s][info][gc,heap     ] GC(25) Allocated:         -                 0M (0%)            0M (0%)            0M (0%)             -                  -          
[7.712s][info][gc,heap     ] GC(25)   Garbage:         -               211M (5%)          211M (5%)          211M (5%)             -                  -          
[7.712s][info][gc,heap     ] GC(25) Reclaimed:         -                  -                 0M (0%)            0M (0%)             -                  -          
[7.712s][info][gc          ] GC(25) Garbage Collection (Timer) 2066M(50%)->2066M(50%)
[7.978s][info][gc,start    ] GC(26) Garbage Collection (Timer)
[7.978s][info][gc,task     ] GC(26) Using 3 workers
[7.978s][info][gc,phases   ] GC(26) Pause Mark Start 0.006ms
[7.999s][info][gc,phases   ] GC(26) Concurrent Mark 21.057ms
[7.999s][info][gc,phases   ] GC(26) Pause Mark End 0.011ms
[7.999s][info][gc,phases   ] GC(26) Concurrent Mark Free 0.001ms
[8.000s][info][gc,phases   ] GC(26) Concurrent Process Non-Strong References 0.801ms
[8.000s][info][gc,phases   ] GC(26) Concurrent Reset Relocation Set 0.001ms
[8.002s][info][gc,phases   ] GC(26) Concurrent Select Relocation Set 2.009ms
[8.002s][info][gc,phases   ] GC(26) Pause Relocate Start 0.005ms
[8.003s][info][gc,phases   ] GC(26) Concurrent Relocate 0.616ms
[8.003s][info][gc,load     ] GC(26) Load: 0.00/0.00/0.00
[8.003s][info][gc,mmu      ] GC(26) MMU: 2ms/99.2%, 5ms/99.5%, 10ms/99.8%, 20ms/99.8%, 50ms/99.9%, 100ms/100.0%
[8.003s][info][gc,marking  ] GC(26) Mark: 2 stripe(s), 10 proactive flush(es), 1 terminate flush(es), 0 completion(s), 0 continuation(s) 
[8.003s][info][gc,marking  ] GC(26) Mark Stack Usage: 32M
[8.003s][info][gc,nmethod  ] GC(26) NMethods: 470 registered, 0 unregistered
[8.003s][info][gc,metaspace] GC(26) Metaspace: 1M used, 1M committed, 1088M reserved
[8.003s][info][gc,ref      ] GC(26) Soft: 181 encountered, 0 discovered, 0 enqueued
[8.003s][info][gc,ref      ] GC(26) Weak: 263 encountered, 114 discovered, 0 enqueued
[8.003s][info][gc,ref      ] GC(26) Final: 0 encountered, 0 discovered, 0 enqueued
[8.003s][info][gc,ref      ] GC(26) Phantom: 7 encountered, 4 discovered, 0 enqueued
[8.003s][info][gc,reloc    ] GC(26) Small Pages: 1017 / 2034M, Empty: 0M, Relocated: 1M, In-Place: 0
[8.003s][info][gc,reloc    ] GC(26) Medium Pages: 1 / 32M, Empty: 0M, Relocated: 0M, In-Place: 0
[8.003s][info][gc,reloc    ] GC(26) Large Pages: 0 / 0M, Empty: 0M, Relocated: 0M, In-Place: 0
[8.003s][info][gc,reloc    ] GC(26) Forwarding Usage: 0M
[8.003s][info][gc,heap     ] GC(26) Min Capacity: 4096M(100%)
[8.003s][info][gc,heap     ] GC(26) Max Capacity: 4096M(100%)
[8.003s][info][gc,heap     ] GC(26) Soft Max Capacity: 4096M(100%)
[8.003s][info][gc,heap     ] GC(26)                Mark Start          Mark End        Relocate Start      Relocate End           High               Low         
[8.003s][info][gc,heap     ] GC(26)  Capacity:     4096M (100%)       4096M (100%)       4096M (100%)       4096M (100%)       4096M (100%)       4096M (100%)   
[8.004s][info][gc,heap     ] GC(26)      Free:     2030M (50%)        2030M (50%)        2030M (50%)        2030M (50%)        2030M (50%)        2026M (49%)    
[8.004s][info][gc,heap     ] GC(26)      Used:     2066M (50%)        2066M (50%)        2066M (50%)        2066M (50%)        2070M (51%)        2066M (50%)    
[8.004s][info][gc,heap     ] GC(26)      Live:         -              1854M (45%)        1854M (45%)        1854M (45%)            -                  -          
[8.004s][info][gc,heap     ] GC(26) Allocated:         -                 0M (0%)            0M (0%)            0M (0%)             -                  -          
[8.004s][info][gc,heap     ] GC(26)   Garbage:         -               211M (5%)          211M (5%)          211M (5%)             -                  -          
[8.004s][info][gc,heap     ] GC(26) Reclaimed:         -                  -                 0M (0%)            0M (0%)             -                  -          
[8.004s][info][gc          ] GC(26) Garbage Collection (Timer) 2066M(50%)->2066M(50%)
[8.278s][info][gc,start    ] GC(27) Garbage Collection (Timer)
[8.278s][info][gc,task     ] GC(27) Using 3 workers
[8.278s][info][gc,phases   ] GC(27) Pause Mark Start 0.005ms
[8.296s][info][gc,phases   ] GC(27) Concurrent Mark 18.565ms
[8.297s][info][gc,phases   ] GC(27) Pause Mark End 0.011ms
[8.297s][info][gc,phases   ] GC(27) Concurrent Mark Free 0.001ms
[8.297s][info][gc,phases   ] GC(27) Concurrent Process Non-Strong References 0.771ms
[8.297s][info][gc,phases   ] GC(27) Concurrent Reset Relocation Set 0.001ms
[8.300s][info][gc,phases   ] GC(27) Concurrent Select Relocation Set 2.135ms
[8.300s][info][gc,phases   ] GC(27) Pause Relocate Start 0.004ms
[8.300s][info][gc,phases   ] GC(27) Concurrent Relocate 0.610ms
[8.300s][info][gc,load     ] GC(27) Load: 0.00/0.00/0.00
[8.300s][info][gc,mmu      ] GC(27) MMU: 2ms/99.2%, 5ms/99.5%, 10ms/99.8%, 20ms/99.8%, 50ms/99.9%, 100ms/100.0%
[8.301s][info][gc,marking  ] GC(27) Mark: 2 stripe(s), 10 proactive flush(es), 1 terminate flush(es), 0 completion(s), 0 continuation(s) 
[8.301s][info][gc,marking  ] GC(27) Mark Stack Usage: 32M
[8.301s][info][gc,nmethod  ] GC(27) NMethods: 470 registered, 0 unregistered
[8.301s][info][gc,metaspace] GC(27) Metaspace: 1M used, 1M committed, 1088M reserved
[8.301s][info][gc,ref      ] GC(27) Soft: 181 encountered, 0 discovered, 0 enqueued
[8.301s][info][gc,ref      ] GC(27) Weak: 263 encountered, 24 discovered, 0 enqueued
[8.301s][info][gc,ref      ] GC(27) Final: 0 encountered, 0 discovered, 0 enqueued
[8.301s][info][gc,ref      ] GC(27) Phantom: 7 encountered, 4 discovered, 0 enqueued
[8.301s][info][gc,reloc    ] GC(27) Small Pages: 1017 / 2034M, Empty: 0M, Relocated: 1M, In-Place: 0
[8.301s][info][gc,reloc    ] GC(27) Medium Pages: 1 / 32M, Empty: 0M, Relocated: 0M, In-Place: 0
[8.301s][info][gc,reloc    ] GC(27) Large Pages: 0 / 0M, Empty: 0M, Relocated: 0M, In-Place: 0
[8.301s][info][gc,reloc    ] GC(27) Forwarding Usage: 0M
[8.301s][info][gc,heap     ] GC(27) Min Capacity: 4096M(100%)
[8.301s][info][gc,heap     ] GC(27) Max Capacity: 4096M(100%)
[8.301s][info][gc,heap     ] GC(27) Soft Max Capacity: 4096M(100%)
[8.301s][info][gc,heap     ] GC(27)                Mark Start          Mark End        Relocate Start      Relocate End           High               Low         
[8.301s][info][gc,heap     ] GC(27)  Capacity:     4096M (100%)       4096M (100%)       4096M (100%)       4096M (100%)       4096M (100%)       4096M (100%)   
[8.301s][info][gc,heap     ] GC(27)      Free:     2030M (50%)        2030M (50%)        2030M (50%)        2030M (50%)        2030M (50%)        2026M (49%)    
[8.301s][info][gc,heap     ] GC(27)      Used:     2066M (50%)        2066M (50%)        2066M (50%)        2066M (50%)        2070M (51%)        2066M (50%)    
[8.301s][info][gc,heap     ] GC(27)      Live:         -              1854M (45%)        1854M (45%)        1854M (45%)            -                  -          
[8.301s][info][gc,heap     ] GC(27) Allocated:         -                 0M (0%)            0M (0%)            0M (0%)             -                  -          
[8.301s][info][gc,heap     ] GC(27)   Garbage:         -               211M (5%)          211M (5%)          211M (5%)             -                  -          
[8.301s][info][gc,heap     ] GC(27) Reclaimed:         -                  -                 0M (0%)            0M (0%)             -                  -          
[8.301s][info][gc          ] GC(27) Garbage Collection (Timer) 2066M(50%)->2066M(50%)
[8.577s][info][gc,start    ] GC(28) Garbage Collection (Timer)
[8.578s][info][gc,task     ] GC(28) Using 3 workers
[8.578s][info][gc,phases   ] GC(28) Pause Mark Start 0.006ms
[8.592s][info][gc,phases   ] GC(28) Concurrent Mark 14.706ms
[8.593s][info][gc,phases   ] GC(28) Pause Mark End 0.011ms
[8.593s][info][gc,phases   ] GC(28) Concurrent Mark Free 0.001ms
[8.593s][info][gc,phases   ] GC(28) Concurrent Process Non-Strong References 0.434ms
[8.593s][info][gc,phases   ] GC(28) Concurrent Reset Relocation Set 0.001ms
[8.595s][info][gc,phases   ] GC(28) Concurrent Select Relocation Set 2.335ms
[8.596s][info][gc,phases   ] GC(28) Pause Relocate Start 0.006ms
[8.596s][info][gc,phases   ] GC(28) Concurrent Relocate 0.234ms
[8.596s][info][gc,load     ] GC(28) Load: 0.00/0.00/0.00
[8.596s][info][gc,mmu      ] GC(28) MMU: 2ms/99.2%, 5ms/99.5%, 10ms/99.8%, 20ms/99.8%, 50ms/99.9%, 100ms/100.0%
[8.596s][info][gc,marking  ] GC(28) Mark: 2 stripe(s), 1 proactive flush(es), 1 terminate flush(es), 0 completion(s), 0 continuation(s) 
[8.596s][info][gc,marking  ] GC(28) Mark Stack Usage: 32M
[8.596s][info][gc,nmethod  ] GC(28) NMethods: 470 registered, 0 unregistered
[8.596s][info][gc,metaspace] GC(28) Metaspace: 1M used, 1M committed, 1088M reserved
[8.596s][info][gc,ref      ] GC(28) Soft: 181 encountered, 0 discovered, 0 enqueued
[8.596s][info][gc,ref      ] GC(28) Weak: 263 encountered, 110 discovered, 0 enqueued
[8.596s][info][gc,ref      ] GC(28) Final: 0 encountered, 0 discovered, 0 enqueued
[8.596s][info][gc,ref      ] GC(28) Phantom: 7 encountered, 4 discovered, 0 enqueued
[8.596s][info][gc,reloc    ] GC(28) Small Pages: 1017 / 2034M, Empty: 0M, Relocated: 1M, In-Place: 0
[8.596s][info][gc,reloc    ] GC(28) Medium Pages: 1 / 32M, Empty: 0M, Relocated: 0M, In-Place: 0
[8.596s][info][gc,reloc    ] GC(28) Large Pages: 0 / 0M, Empty: 0M, Relocated: 0M, In-Place: 0
[8.596s][info][gc,reloc    ] GC(28) Forwarding Usage: 0M
[8.596s][info][gc,heap     ] GC(28) Min Capacity: 4096M(100%)
[8.596s][info][gc,heap     ] GC(28) Max Capacity: 4096M(100%)
[8.596s][info][gc,heap     ] GC(28) Soft Max Capacity: 4096M(100%)
[8.596s][info][gc,heap     ] GC(28)                Mark Start          Mark End        Relocate Start      Relocate End           High               Low         
[8.596s][info][gc,heap     ] GC(28)  Capacity:     4096M (100%)       4096M (100%)       4096M (100%)       4096M (100%)       4096M (100%)       4096M (100%)   
[8.597s][info][gc,heap     ] GC(28)      Free:     2030M (50%)        2030M (50%)        2030M (50%)        2030M (50%)        2030M (50%)        2026M (49%)    
[8.597s][info][gc,heap     ] GC(28)      Used:     2066M (50%)        2066M (50%)        2066M (50%)        2066M (50%)        2070M (51%)        2066M (50%)    
[8.597s][info][gc,heap     ] GC(28)      Live:         -              1854M (45%)        1854M (45%)        1854M (45%)            -                  -          
[8.597s][info][gc,heap     ] GC(28) Allocated:         -                 0M (0%)            0M (0%)            0M (0%)             -                  -          
[8.597s][info][gc,heap     ] GC(28)   Garbage:         -               211M (5%)          211M (5%)          211M (5%)             -                  -          
[8.597s][info][gc,heap     ] GC(28) Reclaimed:         -                  -                 0M (0%)            0M (0%)             -                  -          
[8.597s][info][gc          ] GC(28) Garbage Collection (Timer) 2066M(50%)->2066M(50%)
[8.878s][info][gc,start    ] GC(29) Garbage Collection (Timer)
[8.878s][info][gc,task     ] GC(29) Using 3 workers
[8.878s][info][gc,phases   ] GC(29) Pause Mark Start 0.006ms
[8.894s][info][gc,phases   ] GC(29) Concurrent Mark 15.957ms
[8.894s][info][gc,phases   ] GC(29) Pause Mark End 0.010ms
[8.894s][info][gc,phases   ] GC(29) Concurrent Mark Free 0.001ms
[8.895s][info][gc,phases   ] GC(29) Concurrent Process Non-Strong References 0.682ms
[8.895s][info][gc,phases   ] GC(29) Concurrent Reset Relocation Set 0.001ms
[8.897s][info][gc,phases   ] GC(29) Concurrent Select Relocation Set 2.175ms
[8.897s][info][gc,phases   ] GC(29) Pause Relocate Start 0.006ms
[8.900s][info][gc,phases   ] GC(29) Concurrent Relocate 2.644ms
[8.900s][info][gc,load     ] GC(29) Load: 0.00/0.00/0.00
[8.900s][info][gc,mmu      ] GC(29) MMU: 2ms/99.2%, 5ms/99.5%, 10ms/99.8%, 20ms/99.8%, 50ms/99.9%, 100ms/100.0%
[8.900s][info][gc,marking  ] GC(29) Mark: 2 stripe(s), 2 proactive flush(es), 1 terminate flush(es), 0 completion(s), 0 continuation(s) 
[8.900s][info][gc,marking  ] GC(29) Mark Stack Usage: 32M
[8.900s][info][gc,nmethod  ] GC(29) NMethods: 482 registered, 0 unregistered
[8.900s][info][gc,metaspace] GC(29) Metaspace: 1M used, 1M committed, 1088M reserved
[8.900s][info][gc,ref      ] GC(29) Soft: 181 encountered, 0 discovered, 0 enqueued
[8.900s][info][gc,ref      ] GC(29) Weak: 263 encountered, 36 discovered, 0 enqueued
[8.900s][info][gc,ref      ] GC(29) Final: 0 encountered, 0 discovered, 0 enqueued
[8.900s][info][gc,ref      ] GC(29) Phantom: 7 encountered, 4 discovered, 0 enqueued
[8.900s][info][gc,reloc    ] GC(29) Small Pages: 1054 / 2108M, Empty: 0M, Relocated: 1M, In-Place: 0
[8.900s][info][gc,reloc    ] GC(29) Medium Pages: 1 / 32M, Empty: 0M, Relocated: 0M, In-Place: 0
[8.900s][info][gc,reloc    ] GC(29) Large Pages: 0 / 0M, Empty: 0M, Relocated: 0M, In-Place: 0
[8.900s][info][gc,reloc    ] GC(29) Forwarding Usage: 0M
[8.900s][info][gc,heap     ] GC(29) Min Capacity: 4096M(100%)
[8.900s][info][gc,heap     ] GC(29) Max Capacity: 4096M(100%)
[8.900s][info][gc,heap     ] GC(29) Soft Max Capacity: 4096M(100%)
[8.900s][info][gc,heap     ] GC(29)                Mark Start          Mark End        Relocate Start      Relocate End           High               Low         
[8.900s][info][gc,heap     ] GC(29)  Capacity:     4096M (100%)       4096M (100%)       4096M (100%)       4096M (100%)       4096M (100%)       4096M (100%)   
[8.900s][info][gc,heap     ] GC(29)      Free:     1956M (48%)        1954M (48%)        1954M (48%)        1954M (48%)        1956M (48%)        1950M (48%)    
[8.900s][info][gc,heap     ] GC(29)      Used:     2140M (52%)        2142M (52%)        2142M (52%)        2142M (52%)        2146M (52%)        2140M (52%)    
[8.901s][info][gc,heap     ] GC(29)      Live:         -              1920M (47%)        1920M (47%)        1920M (47%)            -                  -          
[8.901s][info][gc,heap     ] GC(29) Allocated:         -                 2M (0%)            2M (0%)            2M (0%)             -                  -          
[8.901s][info][gc,heap     ] GC(29)   Garbage:         -               219M (5%)          219M (5%)          219M (5%)             -                  -          
[8.901s][info][gc,heap     ] GC(29) Reclaimed:         -                  -                 0M (0%)            0M (0%)             -                  -          
[8.901s][info][gc          ] GC(29) Garbage Collection (Timer) 2140M(52%)->2142M(52%)
[9.177s][info][gc,start    ] GC(30) Garbage Collection (Timer)
[9.177s][info][gc,task     ] GC(30) Using 3 workers
[9.178s][info][gc,phases   ] GC(30) Pause Mark Start 0.006ms
[9.195s][info][gc,phases   ] GC(30) Concurrent Mark 17.688ms
[9.196s][info][gc,phases   ] GC(30) Pause Mark End 0.010ms
[9.196s][info][gc,phases   ] GC(30) Concurrent Mark Free 0.001ms
[9.197s][info][gc,phases   ] GC(30) Concurrent Process Non-Strong References 0.994ms
[9.197s][info][gc,phases   ] GC(30) Concurrent Reset Relocation Set 0.001ms
[9.199s][info][gc,phases   ] GC(30) Concurrent Select Relocation Set 2.340ms
[9.199s][info][gc,phases   ] GC(30) Pause Relocate Start 0.006ms
[9.205s][info][gc,phases   ] GC(30) Concurrent Relocate 5.553ms
[9.205s][info][gc,load     ] GC(30) Load: 0.00/0.00/0.00
[9.205s][info][gc,mmu      ] GC(30) MMU: 2ms/99.2%, 5ms/99.5%, 10ms/99.8%, 20ms/99.8%, 50ms/99.9%, 100ms/100.0%
[9.205s][info][gc,marking  ] GC(30) Mark: 2 stripe(s), 3 proactive flush(es), 1 terminate flush(es), 0 completion(s), 0 continuation(s) 
[9.205s][info][gc,marking  ] GC(30) Mark Stack Usage: 32M
[9.205s][info][gc,nmethod  ] GC(30) NMethods: 482 registered, 0 unregistered
[9.205s][info][gc,metaspace] GC(30) Metaspace: 1M used, 1M committed, 1088M reserved
[9.205s][info][gc,ref      ] GC(30) Soft: 181 encountered, 0 discovered, 0 enqueued
[9.205s][info][gc,ref      ] GC(30) Weak: 263 encountered, 53 discovered, 0 enqueued
[9.205s][info][gc,ref      ] GC(30) Final: 0 encountered, 0 discovered, 0 enqueued
[9.205s][info][gc,ref      ] GC(30) Phantom: 7 encountered, 1 discovered, 0 enqueued
[9.205s][info][gc,reloc    ] GC(30) Small Pages: 1084 / 2168M, Empty: 0M, Relocated: 4M, In-Place: 0
[9.205s][info][gc,reloc    ] GC(30) Medium Pages: 2 / 64M, Empty: 32M, Relocated: 0M, In-Place: 0
[9.205s][info][gc,reloc    ] GC(30) Large Pages: 0 / 0M, Empty: 0M, Relocated: 0M, In-Place: 0
[9.205s][info][gc,reloc    ] GC(30) Forwarding Usage: 0M
[9.205s][info][gc,heap     ] GC(30) Min Capacity: 4096M(100%)
[9.205s][info][gc,heap     ] GC(30) Max Capacity: 4096M(100%)
[9.205s][info][gc,heap     ] GC(30) Soft Max Capacity: 4096M(100%)
[9.205s][info][gc,heap     ] GC(30)                Mark Start          Mark End        Relocate Start      Relocate End           High               Low         
[9.205s][info][gc,heap     ] GC(30)  Capacity:     4096M (100%)       4096M (100%)       4096M (100%)       4096M (100%)       4096M (100%)       4096M (100%)   
[9.205s][info][gc,heap     ] GC(30)      Free:     1864M (46%)        1862M (45%)        1894M (46%)        1896M (46%)        1896M (46%)        1862M (45%)    
[9.206s][info][gc,heap     ] GC(30)      Used:     2232M (54%)        2234M (55%)        2202M (54%)        2200M (54%)        2234M (55%)        2200M (54%)    
[9.206s][info][gc,heap     ] GC(30)      Live:         -              1975M (48%)        1975M (48%)        1975M (48%)            -                  -          
[9.206s][info][gc,heap     ] GC(30) Allocated:         -                 2M (0%)            2M (0%)            1M (0%)             -                  -          
[9.206s][info][gc,heap     ] GC(30)   Garbage:         -               256M (6%)          224M (5%)          222M (5%)             -                  -          
[9.206s][info][gc,heap     ] GC(30) Reclaimed:         -                  -                32M (1%)           33M (1%)             -                  -          
[9.206s][info][gc          ] GC(30) Garbage Collection (Timer) 2232M(54%)->2200M(54%)
[9.477s][info][gc,start    ] GC(31) Garbage Collection (Timer)
[9.477s][info][gc,task     ] GC(31) Using 3 workers
[9.477s][info][gc,phases   ] GC(31) Pause Mark Start 0.006ms
[9.494s][info][gc,phases   ] GC(31) Concurrent Mark 16.786ms
[9.494s][info][gc,phases   ] GC(31) Pause Mark End 0.010ms
[9.494s][info][gc,phases   ] GC(31) Concurrent Mark Free 0.001ms
[9.495s][info][gc,phases   ] GC(31) Concurrent Process Non-Strong References 0.568ms
[9.495s][info][gc,phases   ] GC(31) Concurrent Reset Relocation Set 0.001ms
[9.497s][info][gc,phases   ] GC(31) Concurrent Select Relocation Set 2.244ms
[9.497s][info][gc,phases   ] GC(31) Pause Relocate Start 0.005ms
[9.499s][info][gc,phases   ] GC(31) Concurrent Relocate 1.972ms
[9.500s][info][gc,load     ] GC(31) Load: 0.00/0.00/0.00
[9.500s][info][gc,mmu      ] GC(31) MMU: 2ms/99.2%, 5ms/99.5%, 10ms/99.8%, 20ms/99.8%, 50ms/99.9%, 100ms/100.0%
[9.500s][info][gc,marking  ] GC(31) Mark: 2 stripe(s), 3 proactive flush(es), 1 terminate flush(es), 0 completion(s), 0 continuation(s) 
[9.500s][info][gc,marking  ] GC(31) Mark Stack Usage: 32M
[9.500s][info][gc,nmethod  ] GC(31) NMethods: 482 registered, 0 unregistered
[9.500s][info][gc,metaspace] GC(31) Metaspace: 1M used, 1M committed, 1088M reserved
[9.500s][info][gc,ref      ] GC(31) Soft: 181 encountered, 0 discovered, 0 enqueued
[9.500s][info][gc,ref      ] GC(31) Weak: 263 encountered, 53 discovered, 0 enqueued
[9.500s][info][gc,ref      ] GC(31) Final: 0 encountered, 0 discovered, 0 enqueued
[9.500s][info][gc,ref      ] GC(31) Phantom: 7 encountered, 3 discovered, 0 enqueued
[9.500s][info][gc,reloc    ] GC(31) Small Pages: 1110 / 2220M, Empty: 0M, Relocated: 1M, In-Place: 0
[9.500s][info][gc,reloc    ] GC(31) Medium Pages: 1 / 32M, Empty: 0M, Relocated: 0M, In-Place: 0
[9.500s][info][gc,reloc    ] GC(31) Large Pages: 0 / 0M, Empty: 0M, Relocated: 0M, In-Place: 0
[9.500s][info][gc,reloc    ] GC(31) Forwarding Usage: 0M
[9.500s][info][gc,heap     ] GC(31) Min Capacity: 4096M(100%)
[9.500s][info][gc,heap     ] GC(31) Max Capacity: 4096M(100%)
[9.500s][info][gc,heap     ] GC(31) Soft Max Capacity: 4096M(100%)
[9.500s][info][gc,heap     ] GC(31)                Mark Start          Mark End        Relocate Start      Relocate End           High               Low         
[9.500s][info][gc,heap     ] GC(31)  Capacity:     4096M (100%)       4096M (100%)       4096M (100%)       4096M (100%)       4096M (100%)       4096M (100%)   
[9.500s][info][gc,heap     ] GC(31)      Free:     1844M (45%)        1842M (45%)        1842M (45%)        1842M (45%)        1844M (45%)        1836M (45%)    
[9.500s][info][gc,heap     ] GC(31)      Used:     2252M (55%)        2254M (55%)        2254M (55%)        2254M (55%)        2260M (55%)        2252M (55%)    
[9.500s][info][gc,heap     ] GC(31)      Live:         -              2023M (49%)        2023M (49%)        2023M (49%)            -                  -          
[9.500s][info][gc,heap     ] GC(31) Allocated:         -                 2M (0%)            2M (0%)            2M (0%)             -                  -          
[9.500s][info][gc,heap     ] GC(31)   Garbage:         -               228M (6%)          228M (6%)          228M (6%)             -                  -          
[9.500s][info][gc,heap     ] GC(31) Reclaimed:         -                  -                 0M (0%)            0M (0%)             -                  -          
[9.500s][info][gc          ] GC(31) Garbage Collection (Timer) 2252M(55%)->2254M(55%)
[9.777s][info][gc,start    ] GC(32) Garbage Collection (Timer)
[9.777s][info][gc,task     ] GC(32) Using 3 workers
[9.777s][info][gc,phases   ] GC(32) Pause Mark Start 0.006ms
[9.796s][info][gc,phases   ] GC(32) Concurrent Mark 18.774ms
[9.797s][info][gc,phases   ] GC(32) Pause Mark End 0.011ms
[9.797s][info][gc,phases   ] GC(32) Concurrent Mark Free 0.001ms
[9.798s][info][gc,phases   ] GC(32) Concurrent Process Non-Strong References 0.732ms
[9.798s][info][gc,phases   ] GC(32) Concurrent Reset Relocation Set 0.001ms
[9.800s][info][gc,phases   ] GC(32) Concurrent Select Relocation Set 2.583ms
[9.800s][info][gc,phases   ] GC(32) Pause Relocate Start 0.009ms
[9.802s][info][gc,phases   ] GC(32) Concurrent Relocate 1.369ms
[9.802s][info][gc,load     ] GC(32) Load: 0.00/0.00/0.00
[9.802s][info][gc,mmu      ] GC(32) MMU: 2ms/99.2%, 5ms/99.5%, 10ms/99.8%, 20ms/99.8%, 50ms/99.9%, 100ms/100.0%
[9.802s][info][gc,marking  ] GC(32) Mark: 2 stripe(s), 3 proactive flush(es), 1 terminate flush(es), 0 completion(s), 0 continuation(s) 
[9.802s][info][gc,marking  ] GC(32) Mark Stack Usage: 32M
[9.802s][info][gc,nmethod  ] GC(32) NMethods: 482 registered, 0 unregistered
[9.802s][info][gc,metaspace] GC(32) Metaspace: 1M used, 1M committed, 1088M reserved
[9.802s][info][gc,ref      ] GC(32) Soft: 181 encountered, 0 discovered, 0 enqueued
[9.802s][info][gc,ref      ] GC(32) Weak: 263 encountered, 27 discovered, 0 enqueued
[9.802s][info][gc,ref      ] GC(32) Final: 0 encountered, 0 discovered, 0 enqueued
[9.802s][info][gc,ref      ] GC(32) Phantom: 7 encountered, 3 discovered, 0 enqueued
[9.802s][info][gc,reloc    ] GC(32) Small Pages: 1137 / 2274M, Empty: 0M, Relocated: 1M, In-Place: 0
[9.802s][info][gc,reloc    ] GC(32) Medium Pages: 1 / 32M, Empty: 0M, Relocated: 0M, In-Place: 0
[9.802s][info][gc,reloc    ] GC(32) Large Pages: 0 / 0M, Empty: 0M, Relocated: 0M, In-Place: 0
[9.802s][info][gc,reloc    ] GC(32) Forwarding Usage: 0M
[9.802s][info][gc,heap     ] GC(32) Min Capacity: 4096M(100%)
[9.802s][info][gc,heap     ] GC(32) Max Capacity: 4096M(100%)
[9.802s][info][gc,heap     ] GC(32) Soft Max Capacity: 4096M(100%)
[9.802s][info][gc,heap     ] GC(32)                Mark Start          Mark End        Relocate Start      Relocate End           High               Low         
[9.803s][info][gc,heap     ] GC(32)  Capacity:     4096M (100%)       4096M (100%)       4096M (100%)       4096M (100%)       4096M (100%)       4096M (100%)   
[9.803s][info][gc,heap     ] GC(32)      Free:     1790M (44%)        1788M (44%)        1786M (44%)        1788M (44%)        1790M (44%)        1780M (43%)    
[9.803s][info][gc,heap     ] GC(32)      Used:     2306M (56%)        2308M (56%)        2310M (56%)        2308M (56%)        2316M (57%)        2306M (56%)    
[9.803s][info][gc,heap     ] GC(32)      Live:         -              2070M (51%)        2070M (51%)        2070M (51%)            -                  -          
[9.803s][info][gc,heap     ] GC(32) Allocated:         -                 2M (0%)            4M (0%)            4M (0%)             -                  -          
[9.803s][info][gc,heap     ] GC(32)   Garbage:         -               235M (6%)          235M (6%)          233M (6%)             -                  -          
[9.803s][info][gc,heap     ] GC(32) Reclaimed:         -                  -                 0M (0%)            2M (0%)             -                  -          
[9.803s][info][gc          ] GC(32) Garbage Collection (Timer) 2306M(56%)->2308M(56%)
[10.077s][info][gc,start    ] GC(33) Garbage Collection (Timer)
[10.077s][info][gc,task     ] GC(33) Using 3 workers
[10.077s][info][gc,phases   ] GC(33) Pause Mark Start 0.006ms
[10.097s][info][gc,phases   ] GC(33) Concurrent Mark 19.337ms
[10.097s][info][gc,phases   ] GC(33) Pause Mark End 0.014ms
[10.097s][info][gc,phases   ] GC(33) Concurrent Mark Free 0.001ms
[10.098s][info][gc,phases   ] GC(33) Concurrent Process Non-Strong References 0.535ms
[10.098s][info][gc,phases   ] GC(33) Concurrent Reset Relocation Set 0.001ms
[10.102s][info][gc,phases   ] GC(33) Concurrent Select Relocation Set 3.879ms
[10.102s][info][gc,phases   ] GC(33) Pause Relocate Start 0.007ms
[10.103s][info][gc,phases   ] GC(33) Concurrent Relocate 1.043ms
[10.103s][info][gc,load     ] GC(33) Load: 0.00/0.00/0.00
[10.103s][info][gc,mmu      ] GC(33) MMU: 2ms/99.2%, 5ms/99.5%, 10ms/99.8%, 20ms/99.8%, 50ms/99.9%, 100ms/100.0%
[10.103s][info][gc,marking  ] GC(33) Mark: 2 stripe(s), 2 proactive flush(es), 1 terminate flush(es), 0 completion(s), 0 continuation(s) 
[10.103s][info][gc,marking  ] GC(33) Mark Stack Usage: 32M
[10.103s][info][gc,nmethod  ] GC(33) NMethods: 482 registered, 0 unregistered
[10.103s][info][gc,metaspace] GC(33) Metaspace: 1M used, 1M committed, 1088M reserved
[10.103s][info][gc,ref      ] GC(33) Soft: 181 encountered, 0 discovered, 0 enqueued
[10.103s][info][gc,ref      ] GC(33) Weak: 263 encountered, 39 discovered, 0 enqueued
[10.103s][info][gc,ref      ] GC(33) Final: 0 encountered, 0 discovered, 0 enqueued
[10.103s][info][gc,ref      ] GC(33) Phantom: 7 encountered, 4 discovered, 0 enqueued
[10.103s][info][gc,reloc    ] GC(33) Small Pages: 1169 / 2338M, Empty: 0M, Relocated: 1M, In-Place: 0
[10.103s][info][gc,reloc    ] GC(33) Medium Pages: 1 / 32M, Empty: 0M, Relocated: 0M, In-Place: 0
[10.103s][info][gc,reloc    ] GC(33) Large Pages: 0 / 0M, Empty: 0M, Relocated: 0M, In-Place: 0
[10.103s][info][gc,reloc    ] GC(33) Forwarding Usage: 0M
[10.103s][info][gc,heap     ] GC(33) Min Capacity: 4096M(100%)
[10.103s][info][gc,heap     ] GC(33) Max Capacity: 4096M(100%)
[10.103s][info][gc,heap     ] GC(33) Soft Max Capacity: 4096M(100%)
[10.103s][info][gc,heap     ] GC(33)                Mark Start          Mark End        Relocate Start      Relocate End           High               Low         
[10.104s][info][gc,heap     ] GC(33)  Capacity:     4096M (100%)       4096M (100%)       4096M (100%)       4096M (100%)       4096M (100%)       4096M (100%)   
[10.104s][info][gc,heap     ] GC(33)      Free:     1726M (42%)        1724M (42%)        1724M (42%)        1724M (42%)        1726M (42%)        1718M (42%)    
[10.104s][info][gc,heap     ] GC(33)      Used:     2370M (58%)        2372M (58%)        2372M (58%)        2372M (58%)        2378M (58%)        2370M (58%)    
[10.104s][info][gc,heap     ] GC(33)      Live:         -              2129M (52%)        2129M (52%)        2129M (52%)            -                  -          
[10.104s][info][gc,heap     ] GC(33) Allocated:         -                 2M (0%)            2M (0%)            2M (0%)             -                  -          
[10.104s][info][gc,heap     ] GC(33)   Garbage:         -               240M (6%)          240M (6%)          240M (6%)             -                  -          
[10.104s][info][gc,heap     ] GC(33) Reclaimed:         -                  -                 0M (0%)            0M (0%)             -                  -          
[10.104s][info][gc          ] GC(33) Garbage Collection (Timer) 2370M(58%)->2372M(58%)
[10.277s][info][gc,stats    ] === Garbage Collection Statistics =======================================================================================================================
[10.277s][info][gc,stats    ]                                                              Last 10s              Last 10m              Last 10h                Total
[10.277s][info][gc,stats    ]                                                              Avg / Max             Avg / Max             Avg / Max             Avg / Max
[10.277s][info][gc,stats    ]   Collector: Garbage Collection Cycle                     22.999 / 34.732       22.999 / 34.732       22.999 / 34.732       22.999 / 34.732      ms
[10.277s][info][gc,stats    ]  Contention: Mark Segment Reset Contention                     4 / 8                 4 / 8                 4 / 8                 4 / 8           ops/s
[10.277s][info][gc,stats    ]  Contention: Mark SeqNum Reset Contention                      2 / 4                 2 / 4                 2 / 4                 2 / 4           ops/s
[10.277s][info][gc,stats    ]    Critical: Allocation Stall                                  0 / 0                 0 / 0                 0 / 0                 0 / 0           ops/s
[10.277s][info][gc,stats    ]    Critical: Allocation Stall                              0.000 / 0.000         0.000 / 0.000         0.000 / 0.000         0.000 / 0.000       ms
[10.277s][info][gc,stats    ]    Critical: GC Locker Stall                                   0 / 0                 0 / 0                 0 / 0                 0 / 0           ops/s
[10.277s][info][gc,stats    ]    Critical: GC Locker Stall                               0.000 / 0.000         0.000 / 0.000         0.000 / 0.000         0.000 / 0.000       ms
[10.277s][info][gc,stats    ]    Critical: Relocation Stall                                  0 / 0                 0 / 0                 0 / 0                 0 / 0           ops/s
[10.278s][info][gc,stats    ]    Critical: Relocation Stall                              0.000 / 0.000         0.000 / 0.000         0.000 / 0.000         0.000 / 0.000       ms
[10.278s][info][gc,stats    ]      Memory: Allocation Rate                                 249 / 672             249 / 672             249 / 672             249 / 672         MB/s
[10.278s][info][gc,stats    ]      Memory: Out Of Memory                                     0 / 0                 0 / 0                 0 / 0                 0 / 0           ops/s
[10.278s][info][gc,stats    ]      Memory: Page Cache Flush                                  0 / 0                 0 / 0                 0 / 0                 0 / 0           MB/s
[10.278s][info][gc,stats    ]      Memory: Page Cache Hit L1                                10 / 20               10 / 20               10 / 20               10 / 20          ops/s
[10.278s][info][gc,stats    ]      Memory: Page Cache Hit L2                                 0 / 0                 0 / 0                 0 / 0                 0 / 0           ops/s
[10.278s][info][gc,stats    ]      Memory: Page Cache Hit L3                               118 / 336             118 / 336             118 / 336             118 / 336         ops/s
[10.278s][info][gc,stats    ]      Memory: Page Cache Miss                                   0 / 1                 0 / 1                 0 / 1                 0 / 1           ops/s
[10.278s][info][gc,stats    ]      Memory: Uncommit                                          0 / 0                 0 / 0                 0 / 0                 0 / 0           MB/s
[10.278s][info][gc,stats    ]      Memory: Undo Object Allocation Failed                     0 / 0                 0 / 0                 0 / 0                 0 / 0           ops/s
[10.278s][info][gc,stats    ]      Memory: Undo Object Allocation Succeeded                  0 / 1                 0 / 1                 0 / 1                 0 / 1           ops/s
[10.278s][info][gc,stats    ]      Memory: Undo Page Allocation                              0 / 0                 0 / 0                 0 / 0                 0 / 0           ops/s
[10.278s][info][gc,stats    ]       Phase: Concurrent Mark                              16.469 / 28.074       16.469 / 28.074       16.469 / 28.074       16.469 / 28.074      ms
[10.278s][info][gc,stats    ]       Phase: Concurrent Mark Continue                      0.000 / 0.000         0.000 / 0.000         0.000 / 0.000         0.000 / 0.000       ms
[10.278s][info][gc,stats    ]       Phase: Concurrent Mark Free                          0.001 / 0.001         0.001 / 0.001         0.001 / 0.001         0.001 / 0.001       ms
[10.278s][info][gc,stats    ]       Phase: Concurrent Process Non-Strong References      0.675 / 0.994         0.675 / 0.994         0.675 / 0.994         0.675 / 0.994       ms
[10.278s][info][gc,stats    ]       Phase: Concurrent Relocate                           2.006 / 6.007         2.006 / 6.007         2.006 / 6.007         2.006 / 6.007       ms
[10.278s][info][gc,stats    ]       Phase: Concurrent Reset Relocation Set               0.001 / 0.001         0.001 / 0.001         0.001 / 0.001         0.001 / 0.001       ms
[10.278s][info][gc,stats    ]       Phase: Concurrent Select Relocation Set              2.880 / 12.202        2.880 / 12.202        2.880 / 12.202        2.880 / 12.202      ms
[10.278s][info][gc,stats    ]       Phase: Pause Mark End                                0.011 / 0.017         0.011 / 0.017         0.011 / 0.017         0.011 / 0.017       ms
[10.278s][info][gc,stats    ]       Phase: Pause Mark Start                              0.006 / 0.011         0.006 / 0.011         0.006 / 0.011         0.006 / 0.011       ms
[10.278s][info][gc,stats    ]       Phase: Pause Relocate Start                          0.006 / 0.013         0.006 / 0.013         0.006 / 0.013         0.006 / 0.013       ms
[10.278s][info][gc,stats    ]    Subphase: Concurrent Classes Purge                      0.069 / 0.130         0.069 / 0.130         0.069 / 0.130         0.069 / 0.130       ms
[10.278s][info][gc,stats    ]    Subphase: Concurrent Classes Unlink                     0.248 / 0.351         0.248 / 0.351         0.248 / 0.351         0.248 / 0.351       ms
[10.278s][info][gc,stats    ]    Subphase: Concurrent Mark                              15.512 / 27.470       15.512 / 27.470       15.512 / 27.470       15.512 / 27.470      ms
[10.278s][info][gc,stats    ]    Subphase: Concurrent Mark Try Flush                     0.556 / 6.822         0.556 / 6.822         0.556 / 6.822         0.556 / 6.822       ms
[10.278s][info][gc,stats    ]    Subphase: Concurrent Mark Try Terminate                 1.156 / 2.516         1.156 / 2.516         1.156 / 2.516         1.156 / 2.516       ms
[10.278s][info][gc,stats    ]    Subphase: Concurrent References Enqueue                 0.001 / 0.004         0.001 / 0.004         0.001 / 0.004         0.001 / 0.004       ms
[10.278s][info][gc,stats    ]    Subphase: Concurrent References Process                 0.073 / 0.125         0.073 / 0.125         0.073 / 0.125         0.073 / 0.125       ms
[10.278s][info][gc,stats    ]    Subphase: Concurrent Roots ClassLoaderDataGraph         0.055 / 0.379         0.055 / 0.379         0.055 / 0.379         0.055 / 0.379       ms
[10.278s][info][gc,stats    ]    Subphase: Concurrent Roots CodeCache                    0.000 / 0.000         0.000 / 0.000         0.000 / 0.000         0.000 / 0.000       ms
[10.279s][info][gc,stats    ]    Subphase: Concurrent Roots JavaThreads                  0.187 / 0.669         0.187 / 0.669         0.187 / 0.669         0.187 / 0.669       ms
[10.279s][info][gc,stats    ]    Subphase: Concurrent Roots OopStorageSet                0.013 / 0.051         0.013 / 0.051         0.013 / 0.051         0.013 / 0.051       ms
[10.279s][info][gc,stats    ]    Subphase: Concurrent Weak Roots OopStorageSet           0.120 / 0.329         0.120 / 0.329         0.120 / 0.329         0.120 / 0.329       ms
[10.279s][info][gc,stats    ]    Subphase: Pause Mark Try Complete                       0.000 / 0.000         0.000 / 0.000         0.000 / 0.000         0.000 / 0.000       ms
[10.279s][info][gc,stats    ]      System: Java Threads                                     12 / 13               12 / 13               12 / 13               12 / 13          threads
[10.279s][info][gc,stats    ] =========================================================================================================================================================
[10.378s][info][gc,start    ] GC(34) Garbage Collection (Timer)
[10.378s][info][gc,task     ] GC(34) Using 3 workers
[10.378s][info][gc,phases   ] GC(34) Pause Mark Start 0.006ms
[10.398s][info][gc,phases   ] GC(34) Concurrent Mark 20.231ms
[10.398s][info][gc,phases   ] GC(34) Pause Mark End 0.010ms
[10.398s][info][gc,phases   ] GC(34) Concurrent Mark Free 0.001ms
[10.399s][info][gc,phases   ] GC(34) Concurrent Process Non-Strong References 0.776ms
[10.399s][info][gc,phases   ] GC(34) Concurrent Reset Relocation Set 0.001ms
[10.402s][info][gc,phases   ] GC(34) Concurrent Select Relocation Set 2.310ms
[10.402s][info][gc,phases   ] GC(34) Pause Relocate Start 0.006ms
[10.407s][info][gc,phases   ] GC(34) Concurrent Relocate 5.300ms
[10.407s][info][gc,load     ] GC(34) Load: 0.00/0.00/0.00
[10.407s][info][gc,mmu      ] GC(34) MMU: 2ms/99.2%, 5ms/99.5%, 10ms/99.8%, 20ms/99.8%, 50ms/99.9%, 100ms/100.0%
[10.407s][info][gc,marking  ] GC(34) Mark: 2 stripe(s), 2 proactive flush(es), 1 terminate flush(es), 0 completion(s), 0 continuation(s) 
[10.407s][info][gc,marking  ] GC(34) Mark Stack Usage: 32M
[10.407s][info][gc,nmethod  ] GC(34) NMethods: 482 registered, 0 unregistered
[10.407s][info][gc,metaspace] GC(34) Metaspace: 1M used, 1M committed, 1088M reserved
[10.408s][info][gc,ref      ] GC(34) Soft: 181 encountered, 0 discovered, 0 enqueued
[10.408s][info][gc,ref      ] GC(34) Weak: 263 encountered, 31 discovered, 0 enqueued
[10.408s][info][gc,ref      ] GC(34) Final: 0 encountered, 0 discovered, 0 enqueued
[10.408s][info][gc,ref      ] GC(34) Phantom: 7 encountered, 2 discovered, 0 enqueued
[10.408s][info][gc,reloc    ] GC(34) Small Pages: 1193 / 2386M, Empty: 0M, Relocated: 4M, In-Place: 0
[10.408s][info][gc,reloc    ] GC(34) Medium Pages: 1 / 32M, Empty: 0M, Relocated: 0M, In-Place: 0
[10.408s][info][gc,reloc    ] GC(34) Large Pages: 0 / 0M, Empty: 0M, Relocated: 0M, In-Place: 0
[10.408s][info][gc,reloc    ] GC(34) Forwarding Usage: 0M
[10.408s][info][gc,heap     ] GC(34) Min Capacity: 4096M(100%)
[10.408s][info][gc,heap     ] GC(34) Max Capacity: 4096M(100%)
[10.408s][info][gc,heap     ] GC(34) Soft Max Capacity: 4096M(100%)
[10.408s][info][gc,heap     ] GC(34)                Mark Start          Mark End        Relocate Start      Relocate End           High               Low         
[10.408s][info][gc,heap     ] GC(34)  Capacity:     4096M (100%)       4096M (100%)       4096M (100%)       4096M (100%)       4096M (100%)       4096M (100%)   
[10.408s][info][gc,heap     ] GC(34)      Free:     1678M (41%)        1676M (41%)        1676M (41%)        1680M (41%)        1680M (41%)        1670M (41%)    
[10.408s][info][gc,heap     ] GC(34)      Used:     2418M (59%)        2420M (59%)        2420M (59%)        2416M (59%)        2426M (59%)        2416M (59%)    
[10.408s][info][gc,heap     ] GC(34)      Live:         -              2173M (53%)        2173M (53%)        2173M (53%)            -                  -          
[10.408s][info][gc,heap     ] GC(34) Allocated:         -                 2M (0%)            2M (0%)            1M (0%)             -                  -          
[10.408s][info][gc,heap     ] GC(34)   Garbage:         -               244M (6%)          244M (6%)          240M (6%)             -                  -          
[10.408s][info][gc,heap     ] GC(34) Reclaimed:         -                  -                 0M (0%)            3M (0%)             -                  -          
[10.408s][info][gc          ] GC(34) Garbage Collection (Timer) 2418M(59%)->2416M(59%)
[10.678s][info][gc,start    ] GC(35) Garbage Collection (Timer)
[10.678s][info][gc,task     ] GC(35) Using 3 workers
[10.678s][info][gc,phases   ] GC(35) Pause Mark Start 0.006ms
[10.699s][info][gc,phases   ] GC(35) Concurrent Mark 21.282ms
[10.700s][info][gc,phases   ] GC(35) Pause Mark End 0.009ms
[10.700s][info][gc,phases   ] GC(35) Concurrent Mark Free 0.001ms
[10.700s][info][gc,phases   ] GC(35) Concurrent Process Non-Strong References 0.716ms
[10.700s][info][gc,phases   ] GC(35) Concurrent Reset Relocation Set 0.001ms
[10.703s][info][gc,phases   ] GC(35) Concurrent Select Relocation Set 2.185ms
[10.703s][info][gc,phases   ] GC(35) Pause Relocate Start 0.005ms
[10.706s][info][gc,phases   ] GC(35) Concurrent Relocate 3.104ms
[10.706s][info][gc,load     ] GC(35) Load: 0.00/0.00/0.00
[10.706s][info][gc,mmu      ] GC(35) MMU: 2ms/99.2%, 5ms/99.5%, 10ms/99.8%, 20ms/99.8%, 50ms/99.9%, 100ms/100.0%
[10.706s][info][gc,marking  ] GC(35) Mark: 2 stripe(s), 3 proactive flush(es), 1 terminate flush(es), 0 completion(s), 0 continuation(s) 
[10.706s][info][gc,marking  ] GC(35) Mark Stack Usage: 32M
[10.706s][info][gc,nmethod  ] GC(35) NMethods: 482 registered, 0 unregistered
[10.706s][info][gc,metaspace] GC(35) Metaspace: 1M used, 1M committed, 1088M reserved
[10.706s][info][gc,ref      ] GC(35) Soft: 181 encountered, 0 discovered, 0 enqueued
[10.706s][info][gc,ref      ] GC(35) Weak: 263 encountered, 34 discovered, 0 enqueued
[10.706s][info][gc,ref      ] GC(35) Final: 0 encountered, 0 discovered, 0 enqueued
[10.706s][info][gc,ref      ] GC(35) Phantom: 7 encountered, 3 discovered, 0 enqueued
[10.706s][info][gc,reloc    ] GC(35) Small Pages: 1218 / 2436M, Empty: 0M, Relocated: 1M, In-Place: 0
[10.706s][info][gc,reloc    ] GC(35) Medium Pages: 1 / 32M, Empty: 0M, Relocated: 0M, In-Place: 0
[10.706s][info][gc,reloc    ] GC(35) Large Pages: 0 / 0M, Empty: 0M, Relocated: 0M, In-Place: 0
[10.706s][info][gc,reloc    ] GC(35) Forwarding Usage: 0M
[10.706s][info][gc,heap     ] GC(35) Min Capacity: 4096M(100%)
[10.707s][info][gc,heap     ] GC(35) Max Capacity: 4096M(100%)
[10.707s][info][gc,heap     ] GC(35) Soft Max Capacity: 4096M(100%)
[10.707s][info][gc,heap     ] GC(35)                Mark Start          Mark End        Relocate Start      Relocate End           High               Low         
[10.707s][info][gc,heap     ] GC(35)  Capacity:     4096M (100%)       4096M (100%)       4096M (100%)       4096M (100%)       4096M (100%)       4096M (100%)   
[10.707s][info][gc,heap     ] GC(35)      Free:     1628M (40%)        1624M (40%)        1624M (40%)        1624M (40%)        1628M (40%)        1620M (40%)    
[10.707s][info][gc,heap     ] GC(35)      Used:     2468M (60%)        2472M (60%)        2472M (60%)        2472M (60%)        2476M (60%)        2468M (60%)    
[10.707s][info][gc,heap     ] GC(35)      Live:         -              2222M (54%)        2222M (54%)        2222M (54%)            -                  -          
[10.707s][info][gc,heap     ] GC(35) Allocated:         -                 4M (0%)            4M (0%)            4M (0%)             -                  -          
[10.707s][info][gc,heap     ] GC(35)   Garbage:         -               245M (6%)          245M (6%)          245M (6%)             -                  -          
[10.707s][info][gc,heap     ] GC(35) Reclaimed:         -                  -                 0M (0%)            0M (0%)             -                  -          
[10.707s][info][gc          ] GC(35) Garbage Collection (Timer) 2468M(60%)->2472M(60%)
[10.977s][info][gc,start    ] GC(36) Garbage Collection (Timer)
[10.977s][info][gc,task     ] GC(36) Using 3 workers
[10.978s][info][gc,phases   ] GC(36) Pause Mark Start 0.007ms
[10.995s][info][gc,phases   ] GC(36) Concurrent Mark 16.973ms
[10.995s][info][gc,phases   ] GC(36) Pause Mark End 0.012ms
[10.995s][info][gc,phases   ] GC(36) Concurrent Mark Free 0.001ms
[10.995s][info][gc,phases   ] GC(36) Concurrent Process Non-Strong References 0.551ms
[10.996s][info][gc,phases   ] GC(36) Concurrent Reset Relocation Set 0.001ms
[10.998s][info][gc,phases   ] GC(36) Concurrent Select Relocation Set 2.387ms
[10.998s][info][gc,phases   ] GC(36) Pause Relocate Start 0.006ms
[11.001s][info][gc,phases   ] GC(36) Concurrent Relocate 2.521ms
[11.001s][info][gc,load     ] GC(36) Load: 0.00/0.00/0.00
[11.001s][info][gc,mmu      ] GC(36) MMU: 2ms/99.2%, 5ms/99.5%, 10ms/99.8%, 20ms/99.8%, 50ms/99.9%, 100ms/100.0%
[11.001s][info][gc,marking  ] GC(36) Mark: 2 stripe(s), 2 proactive flush(es), 1 terminate flush(es), 0 completion(s), 0 continuation(s) 
[11.001s][info][gc,marking  ] GC(36) Mark Stack Usage: 32M
[11.001s][info][gc,nmethod  ] GC(36) NMethods: 482 registered, 0 unregistered
[11.001s][info][gc,metaspace] GC(36) Metaspace: 1M used, 1M committed, 1088M reserved
[11.001s][info][gc,ref      ] GC(36) Soft: 181 encountered, 0 discovered, 0 enqueued
[11.001s][info][gc,ref      ] GC(36) Weak: 263 encountered, 38 discovered, 0 enqueued
[11.001s][info][gc,ref      ] GC(36) Final: 0 encountered, 0 discovered, 0 enqueued
[11.001s][info][gc,ref      ] GC(36) Phantom: 7 encountered, 3 discovered, 0 enqueued
[11.001s][info][gc,reloc    ] GC(36) Small Pages: 1243 / 2486M, Empty: 0M, Relocated: 1M, In-Place: 0
[11.001s][info][gc,reloc    ] GC(36) Medium Pages: 1 / 32M, Empty: 0M, Relocated: 0M, In-Place: 0
[11.001s][info][gc,reloc    ] GC(36) Large Pages: 0 / 0M, Empty: 0M, Relocated: 0M, In-Place: 0
[11.001s][info][gc,reloc    ] GC(36) Forwarding Usage: 0M
[11.001s][info][gc,heap     ] GC(36) Min Capacity: 4096M(100%)
[11.002s][info][gc,heap     ] GC(36) Max Capacity: 4096M(100%)
[11.002s][info][gc,heap     ] GC(36) Soft Max Capacity: 4096M(100%)
[11.002s][info][gc,heap     ] GC(36)                Mark Start          Mark End        Relocate Start      Relocate End           High               Low         
[11.002s][info][gc,heap     ] GC(36)  Capacity:     4096M (100%)       4096M (100%)       4096M (100%)       4096M (100%)       4096M (100%)       4096M (100%)   
[11.002s][info][gc,heap     ] GC(36)      Free:     1578M (39%)        1576M (38%)        1576M (38%)        1576M (38%)        1578M (39%)        1572M (38%)    
[11.002s][info][gc,heap     ] GC(36)      Used:     2518M (61%)        2520M (62%)        2520M (62%)        2520M (62%)        2524M (62%)        2518M (61%)    
[11.002s][info][gc,heap     ] GC(36)      Live:         -              2267M (55%)        2267M (55%)        2267M (55%)            -                  -          
[11.002s][info][gc,heap     ] GC(36) Allocated:         -                 2M (0%)            2M (0%)            2M (0%)             -                  -          
[11.002s][info][gc,heap     ] GC(36)   Garbage:         -               250M (6%)          250M (6%)          250M (6%)             -                  -          
[11.002s][info][gc,heap     ] GC(36) Reclaimed:         -                  -                 0M (0%)            0M (0%)             -                  -          
[11.002s][info][gc          ] GC(36) Garbage Collection (Timer) 2518M(61%)->2520M(62%)
[11.277s][info][gc,start    ] GC(37) Garbage Collection (Timer)
[11.277s][info][gc,task     ] GC(37) Using 3 workers
[11.277s][info][gc,phases   ] GC(37) Pause Mark Start 0.006ms
[11.299s][info][gc,phases   ] GC(37) Concurrent Mark 21.575ms
[11.299s][info][gc,phases   ] GC(37) Pause Mark End 0.010ms
[11.299s][info][gc,phases   ] GC(37) Concurrent Mark Free 0.001ms
[11.300s][info][gc,phases   ] GC(37) Concurrent Process Non-Strong References 0.874ms
[11.300s][info][gc,phases   ] GC(37) Concurrent Reset Relocation Set 0.001ms
[11.302s][info][gc,phases   ] GC(37) Concurrent Select Relocation Set 2.170ms
[11.302s][info][gc,phases   ] GC(37) Pause Relocate Start 0.005ms
[11.304s][info][gc,phases   ] GC(37) Concurrent Relocate 2.064ms
[11.304s][info][gc,load     ] GC(37) Load: 0.00/0.00/0.00
[11.304s][info][gc,mmu      ] GC(37) MMU: 2ms/99.2%, 5ms/99.5%, 10ms/99.8%, 20ms/99.8%, 50ms/99.9%, 100ms/100.0%
[11.304s][info][gc,marking  ] GC(37) Mark: 2 stripe(s), 3 proactive flush(es), 1 terminate flush(es), 0 completion(s), 0 continuation(s) 
[11.304s][info][gc,marking  ] GC(37) Mark Stack Usage: 32M
[11.305s][info][gc,nmethod  ] GC(37) NMethods: 482 registered, 0 unregistered
[11.305s][info][gc,metaspace] GC(37) Metaspace: 1M used, 1M committed, 1088M reserved
[11.305s][info][gc,ref      ] GC(37) Soft: 181 encountered, 0 discovered, 0 enqueued
[11.305s][info][gc,ref      ] GC(37) Weak: 263 encountered, 42 discovered, 0 enqueued
[11.305s][info][gc,ref      ] GC(37) Final: 0 encountered, 0 discovered, 0 enqueued
[11.305s][info][gc,ref      ] GC(37) Phantom: 7 encountered, 3 discovered, 0 enqueued
[11.305s][info][gc,reloc    ] GC(37) Small Pages: 1270 / 2540M, Empty: 0M, Relocated: 1M, In-Place: 0
[11.305s][info][gc,reloc    ] GC(37) Medium Pages: 1 / 32M, Empty: 0M, Relocated: 0M, In-Place: 0
[11.305s][info][gc,reloc    ] GC(37) Large Pages: 0 / 0M, Empty: 0M, Relocated: 0M, In-Place: 0
[11.305s][info][gc,reloc    ] GC(37) Forwarding Usage: 0M
[11.305s][info][gc,heap     ] GC(37) Min Capacity: 4096M(100%)
[11.305s][info][gc,heap     ] GC(37) Max Capacity: 4096M(100%)
[11.305s][info][gc,heap     ] GC(37) Soft Max Capacity: 4096M(100%)
[11.305s][info][gc,heap     ] GC(37)                Mark Start          Mark End        Relocate Start      Relocate End           High               Low         
[11.305s][info][gc,heap     ] GC(37)  Capacity:     4096M (100%)       4096M (100%)       4096M (100%)       4096M (100%)       4096M (100%)       4096M (100%)   
[11.305s][info][gc,heap     ] GC(37)      Free:     1524M (37%)        1522M (37%)        1522M (37%)        1522M (37%)        1524M (37%)        1518M (37%)    
[11.305s][info][gc,heap     ] GC(37)      Used:     2572M (63%)        2574M (63%)        2574M (63%)        2574M (63%)        2578M (63%)        2572M (63%)    
[11.305s][info][gc,heap     ] GC(37)      Live:         -              2316M (57%)        2316M (57%)        2316M (57%)            -                  -          
[11.305s][info][gc,heap     ] GC(37) Allocated:         -                 2M (0%)            2M (0%)            2M (0%)             -                  -          
[11.305s][info][gc,heap     ] GC(37)   Garbage:         -               255M (6%)          255M (6%)          255M (6%)             -                  -          
[11.305s][info][gc,heap     ] GC(37) Reclaimed:         -                  -                 0M (0%)            0M (0%)             -                  -          
[11.305s][info][gc          ] GC(37) Garbage Collection (Timer) 2572M(63%)->2574M(63%)
[11.577s][info][gc,start    ] GC(38) Garbage Collection (Timer)
[11.577s][info][gc,task     ] GC(38) Using 3 workers
[11.577s][info][gc,phases   ] GC(38) Pause Mark Start 0.008ms
[11.601s][info][gc,phases   ] GC(38) Concurrent Mark 22.910ms
[11.601s][info][gc,phases   ] GC(38) Pause Mark End 0.011ms
[11.601s][info][gc,phases   ] GC(38) Concurrent Mark Free 0.001ms
[11.601s][info][gc,phases   ] GC(38) Concurrent Process Non-Strong References 0.446ms
[11.601s][info][gc,phases   ] GC(38) Concurrent Reset Relocation Set 0.001ms
[11.605s][info][gc,phases   ] GC(38) Concurrent Select Relocation Set 3.762ms
[11.605s][info][gc,phases   ] GC(38) Pause Relocate Start 0.007ms
[11.607s][info][gc,phases   ] GC(38) Concurrent Relocate 1.052ms
[11.607s][info][gc,load     ] GC(38) Load: 0.00/0.00/0.00
[11.607s][info][gc,mmu      ] GC(38) MMU: 2ms/99.2%, 5ms/99.5%, 10ms/99.8%, 20ms/99.8%, 50ms/99.9%, 100ms/100.0%
[11.607s][info][gc,marking  ] GC(38) Mark: 2 stripe(s), 3 proactive flush(es), 1 terminate flush(es), 0 completion(s), 0 continuation(s) 
[11.607s][info][gc,marking  ] GC(38) Mark Stack Usage: 32M
[11.607s][info][gc,nmethod  ] GC(38) NMethods: 482 registered, 0 unregistered
[11.607s][info][gc,metaspace] GC(38) Metaspace: 1M used, 1M committed, 1088M reserved
[11.607s][info][gc,ref      ] GC(38) Soft: 181 encountered, 0 discovered, 0 enqueued
[11.607s][info][gc,ref      ] GC(38) Weak: 263 encountered, 10 discovered, 0 enqueued
[11.607s][info][gc,ref      ] GC(38) Final: 0 encountered, 0 discovered, 0 enqueued
[11.607s][info][gc,ref      ] GC(38) Phantom: 7 encountered, 4 discovered, 0 enqueued
[11.607s][info][gc,reloc    ] GC(38) Small Pages: 1297 / 2594M, Empty: 0M, Relocated: 1M, In-Place: 0
[11.607s][info][gc,reloc    ] GC(38) Medium Pages: 1 / 32M, Empty: 0M, Relocated: 0M, In-Place: 0
[11.607s][info][gc,reloc    ] GC(38) Large Pages: 0 / 0M, Empty: 0M, Relocated: 0M, In-Place: 0
[11.607s][info][gc,reloc    ] GC(38) Forwarding Usage: 0M
[11.607s][info][gc,heap     ] GC(38) Min Capacity: 4096M(100%)
[11.607s][info][gc,heap     ] GC(38) Max Capacity: 4096M(100%)
[11.607s][info][gc,heap     ] GC(38) Soft Max Capacity: 4096M(100%)
[11.607s][info][gc,heap     ] GC(38)                Mark Start          Mark End        Relocate Start      Relocate End           High               Low         
[11.607s][info][gc,heap     ] GC(38)  Capacity:     4096M (100%)       4096M (100%)       4096M (100%)       4096M (100%)       4096M (100%)       4096M (100%)   
[11.607s][info][gc,heap     ] GC(38)      Free:     1470M (36%)        1468M (36%)        1468M (36%)        1468M (36%)        1470M (36%)        1462M (36%)    
[11.607s][info][gc,heap     ] GC(38)      Used:     2626M (64%)        2628M (64%)        2628M (64%)        2628M (64%)        2634M (64%)        2626M (64%)    
[11.607s][info][gc,heap     ] GC(38)      Live:         -              2364M (58%)        2364M (58%)        2364M (58%)            -                  -          
[11.607s][info][gc,heap     ] GC(38) Allocated:         -                 2M (0%)            2M (0%)            2M (0%)             -                  -          
[11.607s][info][gc,heap     ] GC(38)   Garbage:         -               261M (6%)          261M (6%)          261M (6%)             -                  -          
[11.607s][info][gc,heap     ] GC(38) Reclaimed:         -                  -                 0M (0%)            0M (0%)             -                  -          
[11.607s][info][gc          ] GC(38) Garbage Collection (Timer) 2626M(64%)->2628M(64%)
[11.877s][info][gc,start    ] GC(39) Garbage Collection (Timer)
[11.877s][info][gc,task     ] GC(39) Using 3 workers
[11.877s][info][gc,phases   ] GC(39) Pause Mark Start 0.006ms
[11.898s][info][gc,phases   ] GC(39) Concurrent Mark 21.458ms
[11.898s][info][gc,phases   ] GC(39) Pause Mark End 0.010ms
[11.899s][info][gc,phases   ] GC(39) Concurrent Mark Free 0.001ms
[11.899s][info][gc,phases   ] GC(39) Concurrent Process Non-Strong References 0.512ms
[11.899s][info][gc,phases   ] GC(39) Concurrent Reset Relocation Set 0.001ms
[11.901s][info][gc,phases   ] GC(39) Concurrent Select Relocation Set 2.261ms
[11.902s][info][gc,phases   ] GC(39) Pause Relocate Start 0.006ms
[11.904s][info][gc,phases   ] GC(39) Concurrent Relocate 2.463ms
[11.904s][info][gc,load     ] GC(39) Load: 0.00/0.00/0.00
[11.904s][info][gc,mmu      ] GC(39) MMU: 2ms/99.2%, 5ms/99.5%, 10ms/99.8%, 20ms/99.8%, 50ms/99.9%, 100ms/100.0%
[11.904s][info][gc,marking  ] GC(39) Mark: 2 stripe(s), 4 proactive flush(es), 1 terminate flush(es), 0 completion(s), 0 continuation(s) 
[11.904s][info][gc,marking  ] GC(39) Mark Stack Usage: 32M
[11.904s][info][gc,nmethod  ] GC(39) NMethods: 482 registered, 0 unregistered
[11.904s][info][gc,metaspace] GC(39) Metaspace: 1M used, 1M committed, 1088M reserved
[11.904s][info][gc,ref      ] GC(39) Soft: 181 encountered, 0 discovered, 0 enqueued
[11.904s][info][gc,ref      ] GC(39) Weak: 263 encountered, 39 discovered, 0 enqueued
[11.904s][info][gc,ref      ] GC(39) Final: 0 encountered, 0 discovered, 0 enqueued
[11.904s][info][gc,ref      ] GC(39) Phantom: 7 encountered, 3 discovered, 0 enqueued
[11.904s][info][gc,reloc    ] GC(39) Small Pages: 1332 / 2664M, Empty: 0M, Relocated: 1M, In-Place: 0
[11.904s][info][gc,reloc    ] GC(39) Medium Pages: 1 / 32M, Empty: 0M, Relocated: 0M, In-Place: 0
[11.905s][info][gc,reloc    ] GC(39) Large Pages: 0 / 0M, Empty: 0M, Relocated: 0M, In-Place: 0
[11.905s][info][gc,reloc    ] GC(39) Forwarding Usage: 0M
[11.905s][info][gc,heap     ] GC(39) Min Capacity: 4096M(100%)
[11.905s][info][gc,heap     ] GC(39) Max Capacity: 4096M(100%)
[11.905s][info][gc,heap     ] GC(39) Soft Max Capacity: 4096M(100%)
[11.905s][info][gc,heap     ] GC(39)                Mark Start          Mark End        Relocate Start      Relocate End           High               Low         
[11.905s][info][gc,heap     ] GC(39)  Capacity:     4096M (100%)       4096M (100%)       4096M (100%)       4096M (100%)       4096M (100%)       4096M (100%)   
[11.905s][info][gc,heap     ] GC(39)      Free:     1400M (34%)        1398M (34%)        1398M (34%)        1398M (34%)        1400M (34%)        1392M (34%)    
[11.905s][info][gc,heap     ] GC(39)      Used:     2696M (66%)        2698M (66%)        2698M (66%)        2698M (66%)        2704M (66%)        2696M (66%)    
[11.905s][info][gc,heap     ] GC(39)      Live:         -              2427M (59%)        2427M (59%)        2427M (59%)            -                  -          
[11.905s][info][gc,heap     ] GC(39) Allocated:         -                 2M (0%)            2M (0%)            2M (0%)             -                  -          
[11.905s][info][gc,heap     ] GC(39)   Garbage:         -               268M (7%)          268M (7%)          268M (7%)             -                  -          
[11.905s][info][gc,heap     ] GC(39) Reclaimed:         -                  -                 0M (0%)            0M (0%)             -                  -          
[11.905s][info][gc          ] GC(39) Garbage Collection (Timer) 2696M(66%)->2698M(66%)
[12.177s][info][gc,start    ] GC(40) Garbage Collection (Timer)
[12.177s][info][gc,task     ] GC(40) Using 3 workers
[12.177s][info][gc,phases   ] GC(40) Pause Mark Start 0.006ms
[12.212s][info][gc,phases   ] GC(40) Concurrent Mark 35.348ms
[12.212s][info][gc,phases   ] GC(40) Pause Mark End 0.010ms
[12.212s][info][gc,phases   ] GC(40) Concurrent Mark Free 0.001ms
[12.213s][info][gc,phases   ] GC(40) Concurrent Process Non-Strong References 0.654ms
[12.213s][info][gc,phases   ] GC(40) Concurrent Reset Relocation Set 0.001ms
[12.217s][info][gc,phases   ] GC(40) Concurrent Select Relocation Set 3.267ms
[12.217s][info][gc,phases   ] GC(40) Pause Relocate Start 0.006ms
[12.219s][info][gc,phases   ] GC(40) Concurrent Relocate 1.902ms
[12.219s][info][gc,load     ] GC(40) Load: 0.00/0.00/0.00
[12.219s][info][gc,mmu      ] GC(40) MMU: 2ms/99.2%, 5ms/99.5%, 10ms/99.8%, 20ms/99.8%, 50ms/99.9%, 100ms/100.0%
[12.219s][info][gc,marking  ] GC(40) Mark: 2 stripe(s), 10 proactive flush(es), 1 terminate flush(es), 0 completion(s), 0 continuation(s) 
[12.219s][info][gc,marking  ] GC(40) Mark Stack Usage: 32M
[12.219s][info][gc,nmethod  ] GC(40) NMethods: 482 registered, 0 unregistered
[12.219s][info][gc,metaspace] GC(40) Metaspace: 1M used, 1M committed, 1088M reserved
[12.219s][info][gc,ref      ] GC(40) Soft: 181 encountered, 0 discovered, 0 enqueued
[12.219s][info][gc,ref      ] GC(40) Weak: 263 encountered, 57 discovered, 0 enqueued
[12.219s][info][gc,ref      ] GC(40) Final: 0 encountered, 0 discovered, 0 enqueued
[12.219s][info][gc,ref      ] GC(40) Phantom: 7 encountered, 4 discovered, 0 enqueued
[12.219s][info][gc,reloc    ] GC(40) Small Pages: 1355 / 2710M, Empty: 0M, Relocated: 0M, In-Place: 0
[12.219s][info][gc,reloc    ] GC(40) Medium Pages: 1 / 32M, Empty: 0M, Relocated: 0M, In-Place: 0
[12.219s][info][gc,reloc    ] GC(40) Large Pages: 0 / 0M, Empty: 0M, Relocated: 0M, In-Place: 0
[12.219s][info][gc,reloc    ] GC(40) Forwarding Usage: 0M
[12.219s][info][gc,heap     ] GC(40) Min Capacity: 4096M(100%)
[12.219s][info][gc,heap     ] GC(40) Max Capacity: 4096M(100%)
[12.219s][info][gc,heap     ] GC(40) Soft Max Capacity: 4096M(100%)
[12.219s][info][gc,heap     ] GC(40)                Mark Start          Mark End        Relocate Start      Relocate End           High               Low         
[12.219s][info][gc,heap     ] GC(40)  Capacity:     4096M (100%)       4096M (100%)       4096M (100%)       4096M (100%)       4096M (100%)       4096M (100%)   
[12.219s][info][gc,heap     ] GC(40)      Free:     1354M (33%)        1354M (33%)        1354M (33%)        1354M (33%)        1354M (33%)        1348M (33%)    
[12.219s][info][gc,heap     ] GC(40)      Used:     2742M (67%)        2742M (67%)        2742M (67%)        2742M (67%)        2748M (67%)        2742M (67%)    
[12.219s][info][gc,heap     ] GC(40)      Live:         -              2468M (60%)        2468M (60%)        2468M (60%)            -                  -          
[12.219s][info][gc,heap     ] GC(40) Allocated:         -                 0M (0%)            0M (0%)            0M (0%)             -                  -          
[12.219s][info][gc,heap     ] GC(40)   Garbage:         -               273M (7%)          273M (7%)          273M (7%)             -                  -          
[12.219s][info][gc,heap     ] GC(40) Reclaimed:         -                  -                 0M (0%)            0M (0%)             -                  -          
[12.219s][info][gc          ] GC(40) Garbage Collection (Timer) 2742M(67%)->2742M(67%)
[12.477s][info][gc,start    ] GC(41) Garbage Collection (Timer)
[12.478s][info][gc,task     ] GC(41) Using 3 workers
[12.478s][info][gc,phases   ] GC(41) Pause Mark Start 0.006ms
[12.498s][info][gc,phases   ] GC(41) Concurrent Mark 20.157ms
[12.498s][info][gc,phases   ] GC(41) Pause Mark End 0.011ms
[12.498s][info][gc,phases   ] GC(41) Concurrent Mark Free 0.001ms
[12.499s][info][gc,phases   ] GC(41) Concurrent Process Non-Strong References 0.601ms
[12.499s][info][gc,phases   ] GC(41) Concurrent Reset Relocation Set 0.001ms
[12.501s][info][gc,phases   ] GC(41) Concurrent Select Relocation Set 2.193ms
[12.501s][info][gc,phases   ] GC(41) Pause Relocate Start 0.008ms
[12.503s][info][gc,phases   ] GC(41) Concurrent Relocate 1.347ms
[12.503s][info][gc,load     ] GC(41) Load: 0.00/0.00/0.00
[12.503s][info][gc,mmu      ] GC(41) MMU: 2ms/99.2%, 5ms/99.5%, 10ms/99.8%, 20ms/99.8%, 50ms/99.9%, 100ms/100.0%
[12.503s][info][gc,marking  ] GC(41) Mark: 2 stripe(s), 2 proactive flush(es), 1 terminate flush(es), 0 completion(s), 0 continuation(s) 
[12.503s][info][gc,marking  ] GC(41) Mark Stack Usage: 32M
[12.503s][info][gc,nmethod  ] GC(41) NMethods: 482 registered, 0 unregistered
[12.503s][info][gc,metaspace] GC(41) Metaspace: 1M used, 1M committed, 1088M reserved
[12.503s][info][gc,ref      ] GC(41) Soft: 181 encountered, 0 discovered, 0 enqueued
[12.503s][info][gc,ref      ] GC(41) Weak: 263 encountered, 32 discovered, 0 enqueued
[12.503s][info][gc,ref      ] GC(41) Final: 0 encountered, 0 discovered, 0 enqueued
[12.503s][info][gc,ref      ] GC(41) Phantom: 7 encountered, 4 discovered, 0 enqueued
[12.503s][info][gc,reloc    ] GC(41) Small Pages: 1355 / 2710M, Empty: 0M, Relocated: 0M, In-Place: 0
[12.503s][info][gc,reloc    ] GC(41) Medium Pages: 1 / 32M, Empty: 0M, Relocated: 0M, In-Place: 0
[12.503s][info][gc,reloc    ] GC(41) Large Pages: 0 / 0M, Empty: 0M, Relocated: 0M, In-Place: 0
[12.503s][info][gc,reloc    ] GC(41) Forwarding Usage: 0M
[12.503s][info][gc,heap     ] GC(41) Min Capacity: 4096M(100%)
[12.503s][info][gc,heap     ] GC(41) Max Capacity: 4096M(100%)
[12.503s][info][gc,heap     ] GC(41) Soft Max Capacity: 4096M(100%)
[12.503s][info][gc,heap     ] GC(41)                Mark Start          Mark End        Relocate Start      Relocate End           High               Low         
[12.503s][info][gc,heap     ] GC(41)  Capacity:     4096M (100%)       4096M (100%)       4096M (100%)       4096M (100%)       4096M (100%)       4096M (100%)   
[12.503s][info][gc,heap     ] GC(41)      Free:     1354M (33%)        1354M (33%)        1354M (33%)        1354M (33%)        1354M (33%)        1348M (33%)    
[12.503s][info][gc,heap     ] GC(41)      Used:     2742M (67%)        2742M (67%)        2742M (67%)        2742M (67%)        2748M (67%)        2742M (67%)    
[12.503s][info][gc,heap     ] GC(41)      Live:         -              2468M (60%)        2468M (60%)        2468M (60%)            -                  -          
[12.503s][info][gc,heap     ] GC(41) Allocated:         -                 0M (0%)            0M (0%)            0M (0%)             -                  -          
[12.503s][info][gc,heap     ] GC(41)   Garbage:         -               273M (7%)          273M (7%)          273M (7%)             -                  -          
[12.503s][info][gc,heap     ] GC(41) Reclaimed:         -                  -                 0M (0%)            0M (0%)             -                  -          
[12.503s][info][gc          ] GC(41) Garbage Collection (Timer) 2742M(67%)->2742M(67%)
[12.777s][info][gc,start    ] GC(42) Garbage Collection (Timer)
[12.777s][info][gc,task     ] GC(42) Using 3 workers
[12.777s][info][gc,phases   ] GC(42) Pause Mark Start 0.006ms
[12.799s][info][gc,phases   ] GC(42) Concurrent Mark 21.876ms
[12.799s][info][gc,phases   ] GC(42) Pause Mark End 0.011ms
[12.799s][info][gc,phases   ] GC(42) Concurrent Mark Free 0.001ms
[12.800s][info][gc,phases   ] GC(42) Concurrent Process Non-Strong References 0.634ms
[12.800s][info][gc,phases   ] GC(42) Concurrent Reset Relocation Set 0.001ms
[12.802s][info][gc,phases   ] GC(42) Concurrent Select Relocation Set 2.201ms
[12.802s][info][gc,phases   ] GC(42) Pause Relocate Start 0.008ms
[12.803s][info][gc,phases   ] GC(42) Concurrent Relocate 0.245ms
[12.803s][info][gc,load     ] GC(42) Load: 0.00/0.00/0.00
[12.803s][info][gc,mmu      ] GC(42) MMU: 2ms/99.2%, 5ms/99.5%, 10ms/99.8%, 20ms/99.8%, 50ms/99.9%, 100ms/100.0%
[12.803s][info][gc,marking  ] GC(42) Mark: 2 stripe(s), 4 proactive flush(es), 1 terminate flush(es), 0 completion(s), 0 continuation(s) 
[12.803s][info][gc,marking  ] GC(42) Mark Stack Usage: 32M
[12.803s][info][gc,nmethod  ] GC(42) NMethods: 482 registered, 0 unregistered
[12.803s][info][gc,metaspace] GC(42) Metaspace: 1M used, 1M committed, 1088M reserved
[12.803s][info][gc,ref      ] GC(42) Soft: 181 encountered, 0 discovered, 0 enqueued
[12.803s][info][gc,ref      ] GC(42) Weak: 263 encountered, 101 discovered, 0 enqueued
[12.803s][info][gc,ref      ] GC(42) Final: 0 encountered, 0 discovered, 0 enqueued
[12.803s][info][gc,ref      ] GC(42) Phantom: 7 encountered, 4 discovered, 0 enqueued
[12.803s][info][gc,reloc    ] GC(42) Small Pages: 1355 / 2710M, Empty: 0M, Relocated: 0M, In-Place: 0
[12.803s][info][gc,reloc    ] GC(42) Medium Pages: 1 / 32M, Empty: 0M, Relocated: 0M, In-Place: 0
[12.803s][info][gc,reloc    ] GC(42) Large Pages: 0 / 0M, Empty: 0M, Relocated: 0M, In-Place: 0
[12.803s][info][gc,reloc    ] GC(42) Forwarding Usage: 0M
[12.803s][info][gc,heap     ] GC(42) Min Capacity: 4096M(100%)
[12.803s][info][gc,heap     ] GC(42) Max Capacity: 4096M(100%)
[12.803s][info][gc,heap     ] GC(42) Soft Max Capacity: 4096M(100%)
[12.803s][info][gc,heap     ] GC(42)                Mark Start          Mark End        Relocate Start      Relocate End           High               Low         
[12.803s][info][gc,heap     ] GC(42)  Capacity:     4096M (100%)       4096M (100%)       4096M (100%)       4096M (100%)       4096M (100%)       4096M (100%)   
[12.803s][info][gc,heap     ] GC(42)      Free:     1354M (33%)        1354M (33%)        1354M (33%)        1354M (33%)        1354M (33%)        1350M (33%)    
[12.803s][info][gc,heap     ] GC(42)      Used:     2742M (67%)        2742M (67%)        2742M (67%)        2742M (67%)        2746M (67%)        2742M (67%)    
[12.803s][info][gc,heap     ] GC(42)      Live:         -              2468M (60%)        2468M (60%)        2468M (60%)            -                  -          
[12.803s][info][gc,heap     ] GC(42) Allocated:         -                 0M (0%)            0M (0%)            0M (0%)             -                  -          
[12.803s][info][gc,heap     ] GC(42)   Garbage:         -               273M (7%)          273M (7%)          273M (7%)             -                  -          
[12.803s][info][gc,heap     ] GC(42) Reclaimed:         -                  -                 0M (0%)            0M (0%)             -                  -          
[12.803s][info][gc          ] GC(42) Garbage Collection (Timer) 2742M(67%)->2742M(67%)
[13.078s][info][gc,start    ] GC(43) Garbage Collection (Timer)
[13.078s][info][gc,task     ] GC(43) Using 3 workers
[13.078s][info][gc,phases   ] GC(43) Pause Mark Start 0.006ms
[13.098s][info][gc,phases   ] GC(43) Concurrent Mark 19.338ms
[13.098s][info][gc,phases   ] GC(43) Pause Mark End 0.009ms
[13.098s][info][gc,phases   ] GC(43) Concurrent Mark Free 0.001ms
[13.098s][info][gc,phases   ] GC(43) Concurrent Process Non-Strong References 0.483ms
[13.098s][info][gc,phases   ] GC(43) Concurrent Reset Relocation Set 0.001ms
[13.100s][info][gc,phases   ] GC(43) Concurrent Select Relocation Set 2.102ms
[13.101s][info][gc,phases   ] GC(43) Pause Relocate Start 0.005ms
[13.101s][info][gc,phases   ] GC(43) Concurrent Relocate 0.526ms
[13.101s][info][gc,load     ] GC(43) Load: 0.00/0.00/0.00
[13.101s][info][gc,mmu      ] GC(43) MMU: 2ms/99.2%, 5ms/99.5%, 10ms/99.8%, 20ms/99.8%, 50ms/99.9%, 100ms/100.0%
[13.101s][info][gc,marking  ] GC(43) Mark: 2 stripe(s), 5 proactive flush(es), 1 terminate flush(es), 0 completion(s), 0 continuation(s) 
[13.101s][info][gc,marking  ] GC(43) Mark Stack Usage: 32M
[13.101s][info][gc,nmethod  ] GC(43) NMethods: 488 registered, 0 unregistered
[13.101s][info][gc,metaspace] GC(43) Metaspace: 1M used, 1M committed, 1088M reserved
[13.101s][info][gc,ref      ] GC(43) Soft: 181 encountered, 0 discovered, 0 enqueued
[13.101s][info][gc,ref      ] GC(43) Weak: 263 encountered, 53 discovered, 0 enqueued
[13.101s][info][gc,ref      ] GC(43) Final: 0 encountered, 0 discovered, 0 enqueued
[13.101s][info][gc,ref      ] GC(43) Phantom: 7 encountered, 4 discovered, 0 enqueued
[13.101s][info][gc,reloc    ] GC(43) Small Pages: 1355 / 2710M, Empty: 0M, Relocated: 0M, In-Place: 0
[13.102s][info][gc,reloc    ] GC(43) Medium Pages: 1 / 32M, Empty: 0M, Relocated: 0M, In-Place: 0
[13.102s][info][gc,reloc    ] GC(43) Large Pages: 0 / 0M, Empty: 0M, Relocated: 0M, In-Place: 0
[13.102s][info][gc,reloc    ] GC(43) Forwarding Usage: 0M
[13.102s][info][gc,heap     ] GC(43) Min Capacity: 4096M(100%)
[13.102s][info][gc,heap     ] GC(43) Max Capacity: 4096M(100%)
[13.102s][info][gc,heap     ] GC(43) Soft Max Capacity: 4096M(100%)
[13.102s][info][gc,heap     ] GC(43)                Mark Start          Mark End        Relocate Start      Relocate End           High               Low         
[13.102s][info][gc,heap     ] GC(43)  Capacity:     4096M (100%)       4096M (100%)       4096M (100%)       4096M (100%)       4096M (100%)       4096M (100%)   
[13.102s][info][gc,heap     ] GC(43)      Free:     1354M (33%)        1350M (33%)        1348M (33%)        1348M (33%)        1354M (33%)        1342M (33%)    
[13.102s][info][gc,heap     ] GC(43)      Used:     2742M (67%)        2746M (67%)        2748M (67%)        2748M (67%)        2754M (67%)        2742M (67%)    
[13.102s][info][gc,heap     ] GC(43)      Live:         -              2468M (60%)        2468M (60%)        2468M (60%)            -                  -          
[13.102s][info][gc,heap     ] GC(43) Allocated:         -                 4M (0%)            6M (0%)            6M (0%)             -                  -          
[13.102s][info][gc,heap     ] GC(43)   Garbage:         -               273M (7%)          273M (7%)          273M (7%)             -                  -          
[13.102s][info][gc,heap     ] GC(43) Reclaimed:         -                  -                 0M (0%)            0M (0%)             -                  -          
[13.102s][info][gc          ] GC(43) Garbage Collection (Timer) 2742M(67%)->2748M(67%)
[13.377s][info][gc,start    ] GC(44) Garbage Collection (Timer)
[13.378s][info][gc,task     ] GC(44) Using 3 workers
[13.378s][info][gc,phases   ] GC(44) Pause Mark Start 0.006ms
[13.400s][info][gc,phases   ] GC(44) Concurrent Mark 22.704ms
[13.401s][info][gc,phases   ] GC(44) Pause Mark End 0.010ms
[13.401s][info][gc,phases   ] GC(44) Concurrent Mark Free 0.001ms
[13.401s][info][gc,phases   ] GC(44) Concurrent Process Non-Strong References 0.514ms
[13.401s][info][gc,phases   ] GC(44) Concurrent Reset Relocation Set 0.001ms
[13.403s][info][gc,phases   ] GC(44) Concurrent Select Relocation Set 2.219ms
[13.404s][info][gc,phases   ] GC(44) Pause Relocate Start 0.005ms
[13.405s][info][gc,phases   ] GC(44) Concurrent Relocate 1.789ms
[13.405s][info][gc,load     ] GC(44) Load: 0.00/0.00/0.00
[13.405s][info][gc,mmu      ] GC(44) MMU: 2ms/99.2%, 5ms/99.5%, 10ms/99.8%, 20ms/99.8%, 50ms/99.9%, 100ms/100.0%
[13.405s][info][gc,marking  ] GC(44) Mark: 2 stripe(s), 3 proactive flush(es), 1 terminate flush(es), 0 completion(s), 0 continuation(s) 
[13.406s][info][gc,marking  ] GC(44) Mark Stack Usage: 32M
[13.406s][info][gc,nmethod  ] GC(44) NMethods: 488 registered, 0 unregistered
[13.406s][info][gc,metaspace] GC(44) Metaspace: 1M used, 1M committed, 1088M reserved
[13.406s][info][gc,ref      ] GC(44) Soft: 181 encountered, 0 discovered, 0 enqueued
[13.406s][info][gc,ref      ] GC(44) Weak: 263 encountered, 44 discovered, 0 enqueued
[13.406s][info][gc,ref      ] GC(44) Final: 0 encountered, 0 discovered, 0 enqueued
[13.406s][info][gc,ref      ] GC(44) Phantom: 7 encountered, 3 discovered, 0 enqueued
[13.406s][info][gc,reloc    ] GC(44) Small Pages: 1398 / 2796M, Empty: 0M, Relocated: 0M, In-Place: 0
[13.406s][info][gc,reloc    ] GC(44) Medium Pages: 1 / 32M, Empty: 0M, Relocated: 0M, In-Place: 0
[13.406s][info][gc,reloc    ] GC(44) Large Pages: 0 / 0M, Empty: 0M, Relocated: 0M, In-Place: 0
[13.406s][info][gc,reloc    ] GC(44) Forwarding Usage: 0M
[13.406s][info][gc,heap     ] GC(44) Min Capacity: 4096M(100%)
[13.406s][info][gc,heap     ] GC(44) Max Capacity: 4096M(100%)
[13.406s][info][gc,heap     ] GC(44) Soft Max Capacity: 4096M(100%)
[13.406s][info][gc,heap     ] GC(44)                Mark Start          Mark End        Relocate Start      Relocate End           High               Low         
[13.406s][info][gc,heap     ] GC(44)  Capacity:     4096M (100%)       4096M (100%)       4096M (100%)       4096M (100%)       4096M (100%)       4096M (100%)   
[13.406s][info][gc,heap     ] GC(44)      Free:     1268M (31%)        1264M (31%)        1264M (31%)        1266M (31%)        1268M (31%)        1258M (31%)    
[13.406s][info][gc,heap     ] GC(44)      Used:     2828M (69%)        2832M (69%)        2832M (69%)        2830M (69%)        2838M (69%)        2828M (69%)    
[13.406s][info][gc,heap     ] GC(44)      Live:         -              2545M (62%)        2545M (62%)        2545M (62%)            -                  -          
[13.406s][info][gc,heap     ] GC(44) Allocated:         -                 4M (0%)            4M (0%)            4M (0%)             -                  -          
[13.406s][info][gc,heap     ] GC(44)   Garbage:         -               282M (7%)          282M (7%)          280M (7%)             -                  -          
[13.406s][info][gc,heap     ] GC(44) Reclaimed:         -                  -                 0M (0%)            2M (0%)             -                  -          
[13.406s][info][gc          ] GC(44) Garbage Collection (Timer) 2828M(69%)->2830M(69%)
[13.677s][info][gc,start    ] GC(45) Garbage Collection (Timer)
[13.677s][info][gc,task     ] GC(45) Using 3 workers
[13.677s][info][gc,phases   ] GC(45) Pause Mark Start 0.006ms
[13.699s][info][gc,phases   ] GC(45) Concurrent Mark 21.748ms
[13.699s][info][gc,phases   ] GC(45) Pause Mark End 0.010ms
[13.699s][info][gc,phases   ] GC(45) Concurrent Mark Free 0.001ms
[13.700s][info][gc,phases   ] GC(45) Concurrent Process Non-Strong References 0.566ms
[13.700s][info][gc,phases   ] GC(45) Concurrent Reset Relocation Set 0.001ms
[13.702s][info][gc,phases   ] GC(45) Concurrent Select Relocation Set 2.275ms
[13.702s][info][gc,phases   ] GC(45) Pause Relocate Start 0.004ms
[13.704s][info][gc,phases   ] GC(45) Concurrent Relocate 2.018ms
[13.705s][info][gc,load     ] GC(45) Load: 0.00/0.00/0.00
[13.705s][info][gc,mmu      ] GC(45) MMU: 2ms/99.2%, 5ms/99.5%, 10ms/99.8%, 20ms/99.8%, 50ms/99.9%, 100ms/100.0%
[13.705s][info][gc,marking  ] GC(45) Mark: 2 stripe(s), 4 proactive flush(es), 1 terminate flush(es), 0 completion(s), 0 continuation(s) 
[13.705s][info][gc,marking  ] GC(45) Mark Stack Usage: 32M
[13.705s][info][gc,nmethod  ] GC(45) NMethods: 488 registered, 0 unregistered
[13.705s][info][gc,metaspace] GC(45) Metaspace: 1M used, 1M committed, 1088M reserved
[13.705s][info][gc,ref      ] GC(45) Soft: 181 encountered, 0 discovered, 0 enqueued
[13.705s][info][gc,ref      ] GC(45) Weak: 263 encountered, 28 discovered, 0 enqueued
[13.705s][info][gc,ref      ] GC(45) Final: 0 encountered, 0 discovered, 0 enqueued
[13.705s][info][gc,ref      ] GC(45) Phantom: 7 encountered, 3 discovered, 0 enqueued
[13.705s][info][gc,reloc    ] GC(45) Small Pages: 1434 / 2868M, Empty: 0M, Relocated: 1M, In-Place: 0
[13.705s][info][gc,reloc    ] GC(45) Medium Pages: 1 / 32M, Empty: 0M, Relocated: 0M, In-Place: 0
[13.705s][info][gc,reloc    ] GC(45) Large Pages: 0 / 0M, Empty: 0M, Relocated: 0M, In-Place: 0
[13.705s][info][gc,reloc    ] GC(45) Forwarding Usage: 0M
[13.705s][info][gc,heap     ] GC(45) Min Capacity: 4096M(100%)
[13.705s][info][gc,heap     ] GC(45) Max Capacity: 4096M(100%)
[13.705s][info][gc,heap     ] GC(45) Soft Max Capacity: 4096M(100%)
[13.705s][info][gc,heap     ] GC(45)                Mark Start          Mark End        Relocate Start      Relocate End           High               Low         
[13.705s][info][gc,heap     ] GC(45)  Capacity:     4096M (100%)       4096M (100%)       4096M (100%)       4096M (100%)       4096M (100%)       4096M (100%)   
[13.705s][info][gc,heap     ] GC(45)      Free:     1196M (29%)        1194M (29%)        1194M (29%)        1196M (29%)        1196M (29%)        1188M (29%)    
[13.705s][info][gc,heap     ] GC(45)      Used:     2900M (71%)        2902M (71%)        2902M (71%)        2900M (71%)        2908M (71%)        2900M (71%)    
[13.705s][info][gc,heap     ] GC(45)      Live:         -              2611M (64%)        2611M (64%)        2611M (64%)            -                  -          
[13.705s][info][gc,heap     ] GC(45) Allocated:         -                 2M (0%)            2M (0%)            2M (0%)             -                  -          
[13.705s][info][gc,heap     ] GC(45)   Garbage:         -               288M (7%)          288M (7%)          286M (7%)             -                  -          
[13.705s][info][gc,heap     ] GC(45) Reclaimed:         -                  -                 0M (0%)            2M (0%)             -                  -          
[13.705s][info][gc          ] GC(45) Garbage Collection (Timer) 2900M(71%)->2900M(71%)
[13.978s][info][gc,start    ] GC(46) Garbage Collection (Timer)
[13.978s][info][gc,task     ] GC(46) Using 3 workers
[13.978s][info][gc,phases   ] GC(46) Pause Mark Start 0.007ms
[14.002s][info][gc,phases   ] GC(46) Concurrent Mark 24.400ms
[14.003s][info][gc,phases   ] GC(46) Pause Mark End 0.015ms
[14.003s][info][gc,phases   ] GC(46) Concurrent Mark Free 0.001ms
[14.003s][info][gc,phases   ] GC(46) Concurrent Process Non-Strong References 0.581ms
[14.003s][info][gc,phases   ] GC(46) Concurrent Reset Relocation Set 0.001ms
[14.007s][info][gc,phases   ] GC(46) Concurrent Select Relocation Set 3.468ms
[14.007s][info][gc,phases   ] GC(46) Pause Relocate Start 0.006ms
[14.009s][info][gc,phases   ] GC(46) Concurrent Relocate 2.154ms
[14.009s][info][gc,load     ] GC(46) Load: 0.00/0.00/0.00
[14.009s][info][gc,mmu      ] GC(46) MMU: 2ms/99.2%, 5ms/99.5%, 10ms/99.8%, 20ms/99.8%, 50ms/99.9%, 100ms/100.0%
[14.009s][info][gc,marking  ] GC(46) Mark: 2 stripe(s), 3 proactive flush(es), 1 terminate flush(es), 0 completion(s), 0 continuation(s) 
[14.009s][info][gc,marking  ] GC(46) Mark Stack Usage: 32M
[14.009s][info][gc,nmethod  ] GC(46) NMethods: 488 registered, 0 unregistered
[14.010s][info][gc,metaspace] GC(46) Metaspace: 1M used, 1M committed, 1088M reserved
[14.010s][info][gc,ref      ] GC(46) Soft: 181 encountered, 0 discovered, 0 enqueued
[14.010s][info][gc,ref      ] GC(46) Weak: 263 encountered, 55 discovered, 0 enqueued
[14.010s][info][gc,ref      ] GC(46) Final: 0 encountered, 0 discovered, 0 enqueued
[14.010s][info][gc,ref      ] GC(46) Phantom: 7 encountered, 1 discovered, 0 enqueued
[14.010s][info][gc,reloc    ] GC(46) Small Pages: 1459 / 2918M, Empty: 0M, Relocated: 1M, In-Place: 0
[14.010s][info][gc,reloc    ] GC(46) Medium Pages: 1 / 32M, Empty: 0M, Relocated: 0M, In-Place: 0
[14.010s][info][gc,reloc    ] GC(46) Large Pages: 0 / 0M, Empty: 0M, Relocated: 0M, In-Place: 0
[14.010s][info][gc,reloc    ] GC(46) Forwarding Usage: 0M
[14.010s][info][gc,heap     ] GC(46) Min Capacity: 4096M(100%)
[14.010s][info][gc,heap     ] GC(46) Max Capacity: 4096M(100%)
[14.010s][info][gc,heap     ] GC(46) Soft Max Capacity: 4096M(100%)
[14.010s][info][gc,heap     ] GC(46)                Mark Start          Mark End        Relocate Start      Relocate End           High               Low         
[14.010s][info][gc,heap     ] GC(46)  Capacity:     4096M (100%)       4096M (100%)       4096M (100%)       4096M (100%)       4096M (100%)       4096M (100%)   
[14.010s][info][gc,heap     ] GC(46)      Free:     1146M (28%)        1144M (28%)        1144M (28%)        1144M (28%)        1146M (28%)        1138M (28%)    
[14.010s][info][gc,heap     ] GC(46)      Used:     2950M (72%)        2952M (72%)        2952M (72%)        2952M (72%)        2958M (72%)        2950M (72%)    
[14.010s][info][gc,heap     ] GC(46)      Live:         -              2659M (65%)        2659M (65%)        2659M (65%)            -                  -          
[14.010s][info][gc,heap     ] GC(46) Allocated:         -                 2M (0%)            2M (0%)            2M (0%)             -                  -          
[14.010s][info][gc,heap     ] GC(46)   Garbage:         -               290M (7%)          290M (7%)          290M (7%)             -                  -          
[14.010s][info][gc,heap     ] GC(46) Reclaimed:         -                  -                 0M (0%)            0M (0%)             -                  -          
[14.010s][info][gc          ] GC(46) Garbage Collection (Timer) 2950M(72%)->2952M(72%)
[14.277s][info][gc,start    ] GC(47) Garbage Collection (Timer)
[14.277s][info][gc,task     ] GC(47) Using 3 workers
[14.277s][info][gc,phases   ] GC(47) Pause Mark Start 0.006ms
[14.297s][info][gc,phases   ] GC(47) Concurrent Mark 19.662ms
[14.297s][info][gc,phases   ] GC(47) Pause Mark End 0.009ms
[14.297s][info][gc,phases   ] GC(47) Concurrent Mark Free 0.001ms
[14.298s][info][gc,phases   ] GC(47) Concurrent Process Non-Strong References 0.620ms
[14.298s][info][gc,phases   ] GC(47) Concurrent Reset Relocation Set 0.001ms
[14.300s][info][gc,phases   ] GC(47) Concurrent Select Relocation Set 2.245ms
[14.301s][info][gc,phases   ] GC(47) Pause Relocate Start 0.005ms
[14.304s][info][gc,phases   ] GC(47) Concurrent Relocate 3.497ms
[14.304s][info][gc,load     ] GC(47) Load: 0.00/0.00/0.00
[14.304s][info][gc,mmu      ] GC(47) MMU: 2ms/99.2%, 5ms/99.5%, 10ms/99.8%, 20ms/99.8%, 50ms/99.9%, 100ms/100.0%
[14.304s][info][gc,marking  ] GC(47) Mark: 2 stripe(s), 2 proactive flush(es), 1 terminate flush(es), 0 completion(s), 0 continuation(s) 
[14.304s][info][gc,marking  ] GC(47) Mark Stack Usage: 32M
[14.304s][info][gc,nmethod  ] GC(47) NMethods: 488 registered, 0 unregistered
[14.304s][info][gc,metaspace] GC(47) Metaspace: 1M used, 1M committed, 1088M reserved
[14.304s][info][gc,ref      ] GC(47) Soft: 181 encountered, 0 discovered, 0 enqueued
[14.304s][info][gc,ref      ] GC(47) Weak: 263 encountered, 38 discovered, 0 enqueued
[14.305s][info][gc,ref      ] GC(47) Final: 0 encountered, 0 discovered, 0 enqueued
[14.305s][info][gc,ref      ] GC(47) Phantom: 7 encountered, 4 discovered, 0 enqueued
[14.305s][info][gc,reloc    ] GC(47) Small Pages: 1479 / 2958M, Empty: 0M, Relocated: 3M, In-Place: 0
[14.305s][info][gc,reloc    ] GC(47) Medium Pages: 1 / 32M, Empty: 0M, Relocated: 0M, In-Place: 0
[14.305s][info][gc,reloc    ] GC(47) Large Pages: 0 / 0M, Empty: 0M, Relocated: 0M, In-Place: 0
[14.305s][info][gc,reloc    ] GC(47) Forwarding Usage: 0M
[14.305s][info][gc,heap     ] GC(47) Min Capacity: 4096M(100%)
[14.305s][info][gc,heap     ] GC(47) Max Capacity: 4096M(100%)
[14.305s][info][gc,heap     ] GC(47) Soft Max Capacity: 4096M(100%)
[14.305s][info][gc,heap     ] GC(47)                Mark Start          Mark End        Relocate Start      Relocate End           High               Low         
[14.305s][info][gc,heap     ] GC(47)  Capacity:     4096M (100%)       4096M (100%)       4096M (100%)       4096M (100%)       4096M (100%)       4096M (100%)   
[14.305s][info][gc,heap     ] GC(47)      Free:     1106M (27%)        1104M (27%)        1104M (27%)        1108M (27%)        1108M (27%)        1098M (27%)    
[14.305s][info][gc,heap     ] GC(47)      Used:     2990M (73%)        2992M (73%)        2992M (73%)        2988M (73%)        2998M (73%)        2988M (73%)    
[14.305s][info][gc,heap     ] GC(47)      Live:         -              2694M (66%)        2694M (66%)        2694M (66%)            -                  -          
[14.305s][info][gc,heap     ] GC(47) Allocated:         -                 2M (0%)            2M (0%)            2M (0%)             -                  -          
[14.305s][info][gc,heap     ] GC(47)   Garbage:         -               295M (7%)          295M (7%)          291M (7%)             -                  -          
[14.305s][info][gc,heap     ] GC(47) Reclaimed:         -                  -                 0M (0%)            4M (0%)             -                  -          
[14.305s][info][gc          ] GC(47) Garbage Collection (Timer) 2990M(73%)->2988M(73%)
[14.577s][info][gc,start    ] GC(48) Garbage Collection (Timer)
[14.577s][info][gc,task     ] GC(48) Using 3 workers
[14.577s][info][gc,phases   ] GC(48) Pause Mark Start 0.005ms
[14.596s][info][gc,phases   ] GC(48) Concurrent Mark 18.825ms
[14.596s][info][gc,phases   ] GC(48) Pause Mark End 0.010ms
[14.596s][info][gc,phases   ] GC(48) Concurrent Mark Free 0.001ms
[14.597s][info][gc,phases   ] GC(48) Concurrent Process Non-Strong References 0.878ms
[14.597s][info][gc,phases   ] GC(48) Concurrent Reset Relocation Set 0.001ms
[14.600s][info][gc,phases   ] GC(48) Concurrent Select Relocation Set 2.641ms
[14.600s][info][gc,phases   ] GC(48) Pause Relocate Start 0.008ms
[14.605s][info][gc,phases   ] GC(48) Concurrent Relocate 4.543ms
[14.605s][info][gc,load     ] GC(48) Load: 0.00/0.00/0.00
[14.605s][info][gc,mmu      ] GC(48) MMU: 2ms/99.2%, 5ms/99.5%, 10ms/99.8%, 20ms/99.8%, 50ms/99.9%, 100ms/100.0%
[14.605s][info][gc,marking  ] GC(48) Mark: 2 stripe(s), 2 proactive flush(es), 1 terminate flush(es), 0 completion(s), 0 continuation(s) 
[14.605s][info][gc,marking  ] GC(48) Mark Stack Usage: 32M
[14.605s][info][gc,nmethod  ] GC(48) NMethods: 488 registered, 0 unregistered
[14.605s][info][gc,metaspace] GC(48) Metaspace: 1M used, 1M committed, 1088M reserved
[14.605s][info][gc,ref      ] GC(48) Soft: 181 encountered, 0 discovered, 0 enqueued
[14.605s][info][gc,ref      ] GC(48) Weak: 263 encountered, 43 discovered, 0 enqueued
[14.605s][info][gc,ref      ] GC(48) Final: 0 encountered, 0 discovered, 0 enqueued
[14.605s][info][gc,ref      ] GC(48) Phantom: 7 encountered, 3 discovered, 0 enqueued
[14.605s][info][gc,reloc    ] GC(48) Small Pages: 1499 / 2998M, Empty: 0M, Relocated: 3M, In-Place: 0
[14.605s][info][gc,reloc    ] GC(48) Medium Pages: 1 / 32M, Empty: 0M, Relocated: 0M, In-Place: 0
[14.605s][info][gc,reloc    ] GC(48) Large Pages: 0 / 0M, Empty: 0M, Relocated: 0M, In-Place: 0
[14.605s][info][gc,reloc    ] GC(48) Forwarding Usage: 0M
[14.606s][info][gc,heap     ] GC(48) Min Capacity: 4096M(100%)
[14.606s][info][gc,heap     ] GC(48) Max Capacity: 4096M(100%)
[14.606s][info][gc,heap     ] GC(48) Soft Max Capacity: 4096M(100%)
[14.606s][info][gc,heap     ] GC(48)                Mark Start          Mark End        Relocate Start      Relocate End           High               Low         
[14.606s][info][gc,heap     ] GC(48)  Capacity:     4096M (100%)       4096M (100%)       4096M (100%)       4096M (100%)       4096M (100%)       4096M (100%)   
[14.606s][info][gc,heap     ] GC(48)      Free:     1066M (26%)        1064M (26%)        1064M (26%)        1066M (26%)        1066M (26%)        1058M (26%)    
[14.606s][info][gc,heap     ] GC(48)      Used:     3030M (74%)        3032M (74%)        3032M (74%)        3030M (74%)        3038M (74%)        3030M (74%)    
[14.606s][info][gc,heap     ] GC(48)      Live:         -              2733M (67%)        2733M (67%)        2733M (67%)            -                  -          
[14.606s][info][gc,heap     ] GC(48) Allocated:         -                 2M (0%)            2M (0%)            1M (0%)             -                  -          
[14.606s][info][gc,heap     ] GC(48)   Garbage:         -               296M (7%)          296M (7%)          294M (7%)             -                  -          
[14.606s][info][gc,heap     ] GC(48) Reclaimed:         -                  -                 0M (0%)            1M (0%)             -                  -          
[14.606s][info][gc          ] GC(48) Garbage Collection (Timer) 3030M(74%)->3030M(74%)
[14.877s][info][gc,start    ] GC(49) Garbage Collection (Timer)
[14.878s][info][gc,task     ] GC(49) Using 3 workers
[14.878s][info][gc,phases   ] GC(49) Pause Mark Start 0.006ms
[14.902s][info][gc,phases   ] GC(49) Concurrent Mark 24.277ms
[14.902s][info][gc,phases   ] GC(49) Pause Mark End 0.011ms
[14.902s][info][gc,phases   ] GC(49) Concurrent Mark Free 0.001ms
[14.903s][info][gc,phases   ] GC(49) Concurrent Process Non-Strong References 0.731ms
[14.903s][info][gc,phases   ] GC(49) Concurrent Reset Relocation Set 0.001ms
[14.906s][info][gc,phases   ] GC(49) Concurrent Select Relocation Set 2.386ms
[14.906s][info][gc,phases   ] GC(49) Pause Relocate Start 0.007ms
[14.910s][info][gc,phases   ] GC(49) Concurrent Relocate 4.480ms
[14.910s][info][gc,load     ] GC(49) Load: 0.00/0.00/0.00
[14.910s][info][gc,mmu      ] GC(49) MMU: 2ms/99.2%, 5ms/99.5%, 10ms/99.8%, 20ms/99.8%, 50ms/99.9%, 100ms/100.0%
[14.910s][info][gc,marking  ] GC(49) Mark: 2 stripe(s), 2 proactive flush(es), 1 terminate flush(es), 0 completion(s), 0 continuation(s) 
[14.910s][info][gc,marking  ] GC(49) Mark Stack Usage: 32M
[14.911s][info][gc,nmethod  ] GC(49) NMethods: 489 registered, 0 unregistered
[14.911s][info][gc,metaspace] GC(49) Metaspace: 1M used, 1M committed, 1088M reserved
[14.911s][info][gc,ref      ] GC(49) Soft: 181 encountered, 0 discovered, 0 enqueued
[14.911s][info][gc,ref      ] GC(49) Weak: 263 encountered, 41 discovered, 0 enqueued
[14.911s][info][gc,ref      ] GC(49) Final: 0 encountered, 0 discovered, 0 enqueued
[14.911s][info][gc,ref      ] GC(49) Phantom: 7 encountered, 2 discovered, 0 enqueued
[14.911s][info][gc,reloc    ] GC(49) Small Pages: 1520 / 3040M, Empty: 0M, Relocated: 3M, In-Place: 0
[14.911s][info][gc,reloc    ] GC(49) Medium Pages: 1 / 32M, Empty: 0M, Relocated: 0M, In-Place: 0
[14.911s][info][gc,reloc    ] GC(49) Large Pages: 0 / 0M, Empty: 0M, Relocated: 0M, In-Place: 0
[14.911s][info][gc,reloc    ] GC(49) Forwarding Usage: 0M
[14.911s][info][gc,heap     ] GC(49) Min Capacity: 4096M(100%)
[14.911s][info][gc,heap     ] GC(49) Max Capacity: 4096M(100%)
[14.911s][info][gc,heap     ] GC(49) Soft Max Capacity: 4096M(100%)
[14.911s][info][gc,heap     ] GC(49)                Mark Start          Mark End        Relocate Start      Relocate End           High               Low         
[14.911s][info][gc,heap     ] GC(49)  Capacity:     4096M (100%)       4096M (100%)       4096M (100%)       4096M (100%)       4096M (100%)       4096M (100%)   
[14.911s][info][gc,heap     ] GC(49)      Free:     1024M (25%)        1022M (25%)        1022M (25%)        1022M (25%)        1024M (25%)        1016M (25%)    
[14.911s][info][gc,heap     ] GC(49)      Used:     3072M (75%)        3074M (75%)        3074M (75%)        3074M (75%)        3080M (75%)        3072M (75%)    
[14.911s][info][gc,heap     ] GC(49)      Live:         -              2773M (68%)        2773M (68%)        2773M (68%)            -                  -          
[14.911s][info][gc,heap     ] GC(49) Allocated:         -                 2M (0%)            2M (0%)            2M (0%)             -                  -          
[14.911s][info][gc,heap     ] GC(49)   Garbage:         -               298M (7%)          298M (7%)          298M (7%)             -                  -          
[14.911s][info][gc,heap     ] GC(49) Reclaimed:         -                  -                 0M (0%)            0M (0%)             -                  -          
[14.911s][info][gc          ] GC(49) Garbage Collection (Timer) 3072M(75%)->3074M(75%)
[15.177s][info][gc,start    ] GC(50) Garbage Collection (Timer)
[15.177s][info][gc,task     ] GC(50) Using 3 workers
[15.177s][info][gc,phases   ] GC(50) Pause Mark Start 0.006ms
[15.198s][info][gc,phases   ] GC(50) Concurrent Mark 20.672ms
[15.198s][info][gc,phases   ] GC(50) Pause Mark End 0.010ms
[15.198s][info][gc,phases   ] GC(50) Concurrent Mark Free 0.001ms
[15.199s][info][gc,phases   ] GC(50) Concurrent Process Non-Strong References 0.722ms
[15.199s][info][gc,phases   ] GC(50) Concurrent Reset Relocation Set 0.001ms
[15.201s][info][gc,phases   ] GC(50) Concurrent Select Relocation Set 2.561ms
[15.202s][info][gc,phases   ] GC(50) Pause Relocate Start 0.007ms
[15.206s][info][gc,phases   ] GC(50) Concurrent Relocate 3.733ms
[15.206s][info][gc,load     ] GC(50) Load: 0.00/0.00/0.00
[15.206s][info][gc,mmu      ] GC(50) MMU: 2ms/99.2%, 5ms/99.5%, 10ms/99.8%, 20ms/99.8%, 50ms/99.9%, 100ms/100.0%
[15.206s][info][gc,marking  ] GC(50) Mark: 2 stripe(s), 3 proactive flush(es), 1 terminate flush(es), 0 completion(s), 0 continuation(s) 
[15.206s][info][gc,marking  ] GC(50) Mark Stack Usage: 32M
[15.206s][info][gc,nmethod  ] GC(50) NMethods: 489 registered, 0 unregistered
[15.206s][info][gc,metaspace] GC(50) Metaspace: 1M used, 1M committed, 1088M reserved
[15.206s][info][gc,ref      ] GC(50) Soft: 181 encountered, 0 discovered, 0 enqueued
[15.206s][info][gc,ref      ] GC(50) Weak: 263 encountered, 51 discovered, 0 enqueued
[15.206s][info][gc,ref      ] GC(50) Final: 0 encountered, 0 discovered, 0 enqueued
[15.206s][info][gc,ref      ] GC(50) Phantom: 7 encountered, 3 discovered, 0 enqueued
[15.206s][info][gc,reloc    ] GC(50) Small Pages: 1546 / 3092M, Empty: 0M, Relocated: 3M, In-Place: 0
[15.206s][info][gc,reloc    ] GC(50) Medium Pages: 1 / 32M, Empty: 0M, Relocated: 0M, In-Place: 0
[15.206s][info][gc,reloc    ] GC(50) Large Pages: 0 / 0M, Empty: 0M, Relocated: 0M, In-Place: 0
[15.206s][info][gc,reloc    ] GC(50) Forwarding Usage: 0M
[15.206s][info][gc,heap     ] GC(50) Min Capacity: 4096M(100%)
[15.206s][info][gc,heap     ] GC(50) Max Capacity: 4096M(100%)
[15.206s][info][gc,heap     ] GC(50) Soft Max Capacity: 4096M(100%)
[15.206s][info][gc,heap     ] GC(50)                Mark Start          Mark End        Relocate Start      Relocate End           High               Low         
[15.206s][info][gc,heap     ] GC(50)  Capacity:     4096M (100%)       4096M (100%)       4096M (100%)       4096M (100%)       4096M (100%)       4096M (100%)   
[15.206s][info][gc,heap     ] GC(50)      Free:      972M (24%)         970M (24%)         970M (24%)         970M (24%)         972M (24%)         964M (24%)    
[15.206s][info][gc,heap     ] GC(50)      Used:     3124M (76%)        3126M (76%)        3126M (76%)        3126M (76%)        3132M (76%)        3124M (76%)    
[15.206s][info][gc,heap     ] GC(50)      Live:         -              2820M (69%)        2820M (69%)        2820M (69%)            -                  -          
[15.206s][info][gc,heap     ] GC(50) Allocated:         -                 2M (0%)            2M (0%)            2M (0%)             -                  -          
[15.206s][info][gc,heap     ] GC(50)   Garbage:         -               303M (7%)          303M (7%)          303M (7%)             -                  -          
[15.206s][info][gc,heap     ] GC(50) Reclaimed:         -                  -                 0M (0%)            0M (0%)             -                  -          
[15.206s][info][gc          ] GC(50) Garbage Collection (Timer) 3124M(76%)->3126M(76%)
[15.477s][info][gc,start    ] GC(51) Garbage Collection (Timer)
[15.477s][info][gc,task     ] GC(51) Using 3 workers
[15.477s][info][gc,phases   ] GC(51) Pause Mark Start 0.006ms
[15.502s][info][gc,phases   ] GC(51) Concurrent Mark 24.983ms
[15.502s][info][gc,phases   ] GC(51) Pause Mark End 0.010ms
[15.502s][info][gc,phases   ] GC(51) Concurrent Mark Free 0.001ms
[15.503s][info][gc,phases   ] GC(51) Concurrent Process Non-Strong References 0.572ms
[15.503s][info][gc,phases   ] GC(51) Concurrent Reset Relocation Set 0.001ms
[15.505s][info][gc,phases   ] GC(51) Concurrent Select Relocation Set 2.477ms
[15.506s][info][gc,phases   ] GC(51) Pause Relocate Start 0.007ms
[15.511s][info][gc,phases   ] GC(51) Concurrent Relocate 5.120ms
[15.511s][info][gc,load     ] GC(51) Load: 0.00/0.00/0.00
[15.511s][info][gc,mmu      ] GC(51) MMU: 2ms/99.2%, 5ms/99.5%, 10ms/99.8%, 20ms/99.8%, 50ms/99.9%, 100ms/100.0%
[15.511s][info][gc,marking  ] GC(51) Mark: 2 stripe(s), 4 proactive flush(es), 1 terminate flush(es), 0 completion(s), 0 continuation(s) 
[15.511s][info][gc,marking  ] GC(51) Mark Stack Usage: 32M
[15.511s][info][gc,nmethod  ] GC(51) NMethods: 489 registered, 0 unregistered
[15.511s][info][gc,metaspace] GC(51) Metaspace: 1M used, 1M committed, 1088M reserved
[15.511s][info][gc,ref      ] GC(51) Soft: 181 encountered, 0 discovered, 0 enqueued
[15.511s][info][gc,ref      ] GC(51) Weak: 263 encountered, 40 discovered, 0 enqueued
[15.511s][info][gc,ref      ] GC(51) Final: 0 encountered, 0 discovered, 0 enqueued
[15.511s][info][gc,ref      ] GC(51) Phantom: 7 encountered, 3 discovered, 0 enqueued
[15.511s][info][gc,reloc    ] GC(51) Small Pages: 1570 / 3140M, Empty: 0M, Relocated: 4M, In-Place: 0
[15.511s][info][gc,reloc    ] GC(51) Medium Pages: 1 / 32M, Empty: 0M, Relocated: 0M, In-Place: 0
[15.511s][info][gc,reloc    ] GC(51) Large Pages: 0 / 0M, Empty: 0M, Relocated: 0M, In-Place: 0
[15.511s][info][gc,reloc    ] GC(51) Forwarding Usage: 0M
[15.511s][info][gc,heap     ] GC(51) Min Capacity: 4096M(100%)
[15.511s][info][gc,heap     ] GC(51) Max Capacity: 4096M(100%)
[15.511s][info][gc,heap     ] GC(51) Soft Max Capacity: 4096M(100%)
[15.511s][info][gc,heap     ] GC(51)                Mark Start          Mark End        Relocate Start      Relocate End           High               Low         
[15.511s][info][gc,heap     ] GC(51)  Capacity:     4096M (100%)       4096M (100%)       4096M (100%)       4096M (100%)       4096M (100%)       4096M (100%)   
[15.511s][info][gc,heap     ] GC(51)      Free:      924M (23%)         922M (23%)         920M (22%)         922M (23%)         924M (23%)         914M (22%)    
[15.511s][info][gc,heap     ] GC(51)      Used:     3172M (77%)        3174M (77%)        3176M (78%)        3174M (77%)        3182M (78%)        3172M (77%)    
[15.511s][info][gc,heap     ] GC(51)      Live:         -              2862M (70%)        2862M (70%)        2862M (70%)            -                  -          
[15.511s][info][gc,heap     ] GC(51) Allocated:         -                 2M (0%)            4M (0%)            3M (0%)             -                  -          
[15.511s][info][gc,heap     ] GC(51)   Garbage:         -               309M (8%)          309M (8%)          307M (7%)             -                  -          
[15.512s][info][gc,heap     ] GC(51) Reclaimed:         -                  -                 0M (0%)            1M (0%)             -                  -          
[15.512s][info][gc          ] GC(51) Garbage Collection (Timer) 3172M(77%)->3174M(77%)
[15.777s][info][gc,start    ] GC(52) Garbage Collection (Timer)
[15.777s][info][gc,task     ] GC(52) Using 3 workers
[15.777s][info][gc,phases   ] GC(52) Pause Mark Start 0.006ms
[15.803s][info][gc,phases   ] GC(52) Concurrent Mark 25.168ms
[15.803s][info][gc,phases   ] GC(52) Pause Mark End 0.010ms
[15.803s][info][gc,phases   ] GC(52) Concurrent Mark Free 0.001ms
[15.803s][info][gc,phases   ] GC(52) Concurrent Process Non-Strong References 0.522ms
[15.803s][info][gc,phases   ] GC(52) Concurrent Reset Relocation Set 0.001ms
[15.806s][info][gc,phases   ] GC(52) Concurrent Select Relocation Set 2.362ms
[15.806s][info][gc,phases   ] GC(52) Pause Relocate Start 0.006ms
[15.809s][info][gc,phases   ] GC(52) Concurrent Relocate 2.580ms
[15.809s][info][gc,load     ] GC(52) Load: 0.00/0.00/0.00
[15.809s][info][gc,mmu      ] GC(52) MMU: 2ms/99.2%, 5ms/99.5%, 10ms/99.8%, 20ms/99.8%, 50ms/99.9%, 100ms/100.0%
[15.809s][info][gc,marking  ] GC(52) Mark: 2 stripe(s), 2 proactive flush(es), 1 terminate flush(es), 0 completion(s), 0 continuation(s) 
[15.809s][info][gc,marking  ] GC(52) Mark Stack Usage: 32M
[15.809s][info][gc,nmethod  ] GC(52) NMethods: 489 registered, 0 unregistered
[15.809s][info][gc,metaspace] GC(52) Metaspace: 1M used, 1M committed, 1088M reserved
[15.809s][info][gc,ref      ] GC(52) Soft: 181 encountered, 0 discovered, 0 enqueued
[15.809s][info][gc,ref      ] GC(52) Weak: 263 encountered, 30 discovered, 0 enqueued
[15.809s][info][gc,ref      ] GC(52) Final: 0 encountered, 0 discovered, 0 enqueued
[15.809s][info][gc,ref      ] GC(52) Phantom: 7 encountered, 4 discovered, 0 enqueued
[15.809s][info][gc,reloc    ] GC(52) Small Pages: 1591 / 3182M, Empty: 0M, Relocated: 1M, In-Place: 0
[15.809s][info][gc,reloc    ] GC(52) Medium Pages: 1 / 32M, Empty: 0M, Relocated: 0M, In-Place: 0
[15.809s][info][gc,reloc    ] GC(52) Large Pages: 0 / 0M, Empty: 0M, Relocated: 0M, In-Place: 0
[15.809s][info][gc,reloc    ] GC(52) Forwarding Usage: 0M
[15.809s][info][gc,heap     ] GC(52) Min Capacity: 4096M(100%)
[15.809s][info][gc,heap     ] GC(52) Max Capacity: 4096M(100%)
[15.809s][info][gc,heap     ] GC(52) Soft Max Capacity: 4096M(100%)
[15.809s][info][gc,heap     ] GC(52)                Mark Start          Mark End        Relocate Start      Relocate End           High               Low         
[15.809s][info][gc,heap     ] GC(52)  Capacity:     4096M (100%)       4096M (100%)       4096M (100%)       4096M (100%)       4096M (100%)       4096M (100%)   
[15.809s][info][gc,heap     ] GC(52)      Free:      882M (22%)         880M (21%)         880M (21%)         880M (21%)         882M (22%)         876M (21%)    
[15.809s][info][gc,heap     ] GC(52)      Used:     3214M (78%)        3216M (79%)        3216M (79%)        3216M (79%)        3220M (79%)        3214M (78%)    
[15.809s][info][gc,heap     ] GC(52)      Live:         -              2902M (71%)        2902M (71%)        2902M (71%)            -                  -          
[15.809s][info][gc,heap     ] GC(52) Allocated:         -                 2M (0%)            2M (0%)            2M (0%)             -                  -          
[15.809s][info][gc,heap     ] GC(52)   Garbage:         -               311M (8%)          311M (8%)          311M (8%)             -                  -          
[15.809s][info][gc,heap     ] GC(52) Reclaimed:         -                  -                 0M (0%)            0M (0%)             -                  -          
[15.809s][info][gc          ] GC(52) Garbage Collection (Timer) 3214M(78%)->3216M(79%)
[16.077s][info][gc,start    ] GC(53) Garbage Collection (Timer)
[16.078s][info][gc,task     ] GC(53) Using 3 workers
[16.078s][info][gc,phases   ] GC(53) Pause Mark Start 0.006ms
[16.102s][info][gc,phases   ] GC(53) Concurrent Mark 24.608ms
[16.102s][info][gc,phases   ] GC(53) Pause Mark End 0.010ms
[16.103s][info][gc,phases   ] GC(53) Concurrent Mark Free 0.001ms
[16.103s][info][gc,phases   ] GC(53) Concurrent Process Non-Strong References 0.482ms
[16.103s][info][gc,phases   ] GC(53) Concurrent Reset Relocation Set 0.001ms
[16.106s][info][gc,phases   ] GC(53) Concurrent Select Relocation Set 2.340ms
[16.106s][info][gc,phases   ] GC(53) Pause Relocate Start 0.006ms
[16.108s][info][gc,phases   ] GC(53) Concurrent Relocate 1.955ms
[16.108s][info][gc,load     ] GC(53) Load: 0.00/0.00/0.00
[16.108s][info][gc,mmu      ] GC(53) MMU: 2ms/99.2%, 5ms/99.5%, 10ms/99.8%, 20ms/99.8%, 50ms/99.9%, 100ms/100.0%
[16.108s][info][gc,marking  ] GC(53) Mark: 2 stripe(s), 3 proactive flush(es), 1 terminate flush(es), 0 completion(s), 0 continuation(s) 
[16.108s][info][gc,marking  ] GC(53) Mark Stack Usage: 32M
[16.108s][info][gc,nmethod  ] GC(53) NMethods: 489 registered, 0 unregistered
[16.108s][info][gc,metaspace] GC(53) Metaspace: 1M used, 1M committed, 1088M reserved
[16.108s][info][gc,ref      ] GC(53) Soft: 181 encountered, 0 discovered, 0 enqueued
[16.108s][info][gc,ref      ] GC(53) Weak: 263 encountered, 23 discovered, 0 enqueued
[16.108s][info][gc,ref      ] GC(53) Final: 0 encountered, 0 discovered, 0 enqueued
[16.108s][info][gc,ref      ] GC(53) Phantom: 7 encountered, 4 discovered, 0 enqueued
[16.108s][info][gc,reloc    ] GC(53) Small Pages: 1610 / 3220M, Empty: 0M, Relocated: 1M, In-Place: 0
[16.108s][info][gc,reloc    ] GC(53) Medium Pages: 2 / 64M, Empty: 32M, Relocated: 0M, In-Place: 0
[16.108s][info][gc,reloc    ] GC(53) Large Pages: 0 / 0M, Empty: 0M, Relocated: 0M, In-Place: 0
[16.108s][info][gc,reloc    ] GC(53) Forwarding Usage: 0M
[16.108s][info][gc,heap     ] GC(53) Min Capacity: 4096M(100%)
[16.108s][info][gc,heap     ] GC(53) Max Capacity: 4096M(100%)
[16.108s][info][gc,heap     ] GC(53) Soft Max Capacity: 4096M(100%)
[16.108s][info][gc,heap     ] GC(53)                Mark Start          Mark End        Relocate Start      Relocate End           High               Low         
[16.108s][info][gc,heap     ] GC(53)  Capacity:     4096M (100%)       4096M (100%)       4096M (100%)       4096M (100%)       4096M (100%)       4096M (100%)   
[16.108s][info][gc,heap     ] GC(53)      Free:      812M (20%)         810M (20%)         842M (21%)         842M (21%)         842M (21%)         810M (20%)    
[16.108s][info][gc,heap     ] GC(53)      Used:     3284M (80%)        3286M (80%)        3254M (79%)        3254M (79%)        3286M (80%)        3254M (79%)    
[16.108s][info][gc,heap     ] GC(53)      Live:         -              2937M (72%)        2937M (72%)        2937M (72%)            -                  -          
[16.108s][info][gc,heap     ] GC(53) Allocated:         -                 2M (0%)            2M (0%)            2M (0%)             -                  -          
[16.108s][info][gc,heap     ] GC(53)   Garbage:         -               346M (8%)          314M (8%)          314M (8%)             -                  -          
[16.108s][info][gc,heap     ] GC(53) Reclaimed:         -                  -                32M (1%)           32M (1%)             -                  -          
[16.108s][info][gc          ] GC(53) Garbage Collection (Timer) 3284M(80%)->3254M(79%)
[16.377s][info][gc,start    ] GC(54) Garbage Collection (Timer)
[16.377s][info][gc,task     ] GC(54) Using 3 workers
[16.378s][info][gc,phases   ] GC(54) Pause Mark Start 0.007ms
[16.403s][info][gc,phases   ] GC(54) Concurrent Mark 25.869ms
[16.404s][info][gc,phases   ] GC(54) Pause Mark End 0.013ms
[16.404s][info][gc,phases   ] GC(54) Concurrent Mark Free 0.001ms
[16.404s][info][gc,phases   ] GC(54) Concurrent Process Non-Strong References 0.534ms
[16.404s][info][gc,phases   ] GC(54) Concurrent Reset Relocation Set 0.001ms
[16.407s][info][gc,phases   ] GC(54) Concurrent Select Relocation Set 2.507ms
[16.407s][info][gc,phases   ] GC(54) Pause Relocate Start 0.006ms
[16.411s][info][gc,phases   ] GC(54) Concurrent Relocate 3.533ms
[16.411s][info][gc,load     ] GC(54) Load: 0.00/0.00/0.00
[16.411s][info][gc,mmu      ] GC(54) MMU: 2ms/99.2%, 5ms/99.5%, 10ms/99.8%, 20ms/99.8%, 50ms/99.9%, 100ms/100.0%
[16.411s][info][gc,marking  ] GC(54) Mark: 2 stripe(s), 3 proactive flush(es), 1 terminate flush(es), 0 completion(s), 0 continuation(s) 
[16.411s][info][gc,marking  ] GC(54) Mark Stack Usage: 32M
[16.411s][info][gc,nmethod  ] GC(54) NMethods: 489 registered, 0 unregistered
[16.411s][info][gc,metaspace] GC(54) Metaspace: 1M used, 1M committed, 1088M reserved
[16.411s][info][gc,ref      ] GC(54) Soft: 181 encountered, 0 discovered, 0 enqueued
[16.411s][info][gc,ref      ] GC(54) Weak: 263 encountered, 54 discovered, 0 enqueued
[16.411s][info][gc,ref      ] GC(54) Final: 0 encountered, 0 discovered, 0 enqueued
[16.411s][info][gc,ref      ] GC(54) Phantom: 7 encountered, 4 discovered, 0 enqueued
[16.411s][info][gc,reloc    ] GC(54) Small Pages: 1636 / 3272M, Empty: 0M, Relocated: 3M, In-Place: 0
[16.411s][info][gc,reloc    ] GC(54) Medium Pages: 1 / 32M, Empty: 0M, Relocated: 0M, In-Place: 0
[16.411s][info][gc,reloc    ] GC(54) Large Pages: 0 / 0M, Empty: 0M, Relocated: 0M, In-Place: 0
[16.411s][info][gc,reloc    ] GC(54) Forwarding Usage: 0M
[16.411s][info][gc,heap     ] GC(54) Min Capacity: 4096M(100%)
[16.411s][info][gc,heap     ] GC(54) Max Capacity: 4096M(100%)
[16.411s][info][gc,heap     ] GC(54) Soft Max Capacity: 4096M(100%)
[16.411s][info][gc,heap     ] GC(54)                Mark Start          Mark End        Relocate Start      Relocate End           High               Low         
[16.411s][info][gc,heap     ] GC(54)  Capacity:     4096M (100%)       4096M (100%)       4096M (100%)       4096M (100%)       4096M (100%)       4096M (100%)   
[16.411s][info][gc,heap     ] GC(54)      Free:      792M (19%)         790M (19%)         790M (19%)         792M (19%)         792M (19%)         784M (19%)    
[16.411s][info][gc,heap     ] GC(54)      Used:     3304M (81%)        3306M (81%)        3306M (81%)        3304M (81%)        3312M (81%)        3304M (81%)    
[16.412s][info][gc,heap     ] GC(54)      Live:         -              2984M (73%)        2984M (73%)        2984M (73%)            -                  -          
[16.412s][info][gc,heap     ] GC(54) Allocated:         -                 2M (0%)            2M (0%)            2M (0%)             -                  -          
[16.412s][info][gc,heap     ] GC(54)   Garbage:         -               319M (8%)          319M (8%)          317M (8%)             -                  -          
[16.412s][info][gc,heap     ] GC(54) Reclaimed:         -                  -                 0M (0%)            2M (0%)             -                  -          
[16.412s][info][gc          ] GC(54) Garbage Collection (Timer) 3304M(81%)->3304M(81%)
[16.677s][info][gc,start    ] GC(55) Garbage Collection (Timer)
[16.677s][info][gc,task     ] GC(55) Using 3 workers
[16.677s][info][gc,phases   ] GC(55) Pause Mark Start 0.006ms
[16.698s][info][gc,phases   ] GC(55) Concurrent Mark 20.630ms
[16.698s][info][gc,phases   ] GC(55) Pause Mark End 0.010ms
[16.698s][info][gc,phases   ] GC(55) Concurrent Mark Free 0.001ms
[16.698s][info][gc,phases   ] GC(55) Concurrent Process Non-Strong References 0.634ms
[16.699s][info][gc,phases   ] GC(55) Concurrent Reset Relocation Set 0.001ms
[16.701s][info][gc,phases   ] GC(55) Concurrent Select Relocation Set 2.583ms
[16.701s][info][gc,phases   ] GC(55) Pause Relocate Start 0.007ms
[16.705s][info][gc,phases   ] GC(55) Concurrent Relocate 3.288ms
[16.705s][info][gc,load     ] GC(55) Load: 0.00/0.00/0.00
[16.705s][info][gc,mmu      ] GC(55) MMU: 2ms/99.2%, 5ms/99.5%, 10ms/99.8%, 20ms/99.8%, 50ms/99.9%, 100ms/100.0%
[16.705s][info][gc,marking  ] GC(55) Mark: 2 stripe(s), 2 proactive flush(es), 1 terminate flush(es), 0 completion(s), 0 continuation(s) 
[16.705s][info][gc,marking  ] GC(55) Mark Stack Usage: 32M
[16.705s][info][gc,nmethod  ] GC(55) NMethods: 489 registered, 0 unregistered
[16.705s][info][gc,metaspace] GC(55) Metaspace: 1M used, 1M committed, 1088M reserved
[16.705s][info][gc,ref      ] GC(55) Soft: 181 encountered, 0 discovered, 0 enqueued
[16.705s][info][gc,ref      ] GC(55) Weak: 263 encountered, 54 discovered, 0 enqueued
[16.705s][info][gc,ref      ] GC(55) Final: 0 encountered, 0 discovered, 0 enqueued
[16.705s][info][gc,ref      ] GC(55) Phantom: 7 encountered, 3 discovered, 0 enqueued
[16.705s][info][gc,reloc    ] GC(55) Small Pages: 1653 / 3306M, Empty: 0M, Relocated: 3M, In-Place: 0
[16.705s][info][gc,reloc    ] GC(55) Medium Pages: 1 / 32M, Empty: 0M, Relocated: 0M, In-Place: 0
[16.705s][info][gc,reloc    ] GC(55) Large Pages: 0 / 0M, Empty: 0M, Relocated: 0M, In-Place: 0
[16.705s][info][gc,reloc    ] GC(55) Forwarding Usage: 0M
[16.705s][info][gc,heap     ] GC(55) Min Capacity: 4096M(100%)
[16.705s][info][gc,heap     ] GC(55) Max Capacity: 4096M(100%)
[16.705s][info][gc,heap     ] GC(55) Soft Max Capacity: 4096M(100%)
[16.705s][info][gc,heap     ] GC(55)                Mark Start          Mark End        Relocate Start      Relocate End           High               Low         
[16.705s][info][gc,heap     ] GC(55)  Capacity:     4096M (100%)       4096M (100%)       4096M (100%)       4096M (100%)       4096M (100%)       4096M (100%)   
[16.705s][info][gc,heap     ] GC(55)      Free:      758M (19%)         756M (18%)         756M (18%)         756M (18%)         758M (19%)         750M (18%)    
[16.705s][info][gc,heap     ] GC(55)      Used:     3338M (81%)        3340M (82%)        3340M (82%)        3340M (82%)        3346M (82%)        3338M (81%)    
[16.705s][info][gc,heap     ] GC(55)      Live:         -              3016M (74%)        3016M (74%)        3016M (74%)            -                  -          
[16.705s][info][gc,heap     ] GC(55) Allocated:         -                 2M (0%)            2M (0%)            2M (0%)             -                  -          
[16.705s][info][gc,heap     ] GC(55)   Garbage:         -               321M (8%)          321M (8%)          321M (8%)             -                  -          
[16.705s][info][gc,heap     ] GC(55) Reclaimed:         -                  -                 0M (0%)            0M (0%)             -                  -          
[16.705s][info][gc          ] GC(55) Garbage Collection (Timer) 3338M(81%)->3340M(82%)
[16.976s][info][gc,start    ] GC(56) Garbage Collection (Timer)
[16.976s][info][gc,task     ] GC(56) Using 3 workers
[16.977s][info][gc,phases   ] GC(56) Pause Mark Start 0.006ms
[16.998s][info][gc,phases   ] GC(56) Concurrent Mark 21.609ms
[16.998s][info][gc,phases   ] GC(56) Pause Mark End 0.011ms
[16.999s][info][gc,phases   ] GC(56) Concurrent Mark Free 0.001ms
[16.999s][info][gc,phases   ] GC(56) Concurrent Process Non-Strong References 0.600ms
[16.999s][info][gc,phases   ] GC(56) Concurrent Reset Relocation Set 0.001ms
[17.002s][info][gc,phases   ] GC(56) Concurrent Select Relocation Set 2.470ms
[17.002s][info][gc,phases   ] GC(56) Pause Relocate Start 0.006ms
[17.007s][info][gc,phases   ] GC(56) Concurrent Relocate 4.635ms
[17.007s][info][gc,load     ] GC(56) Load: 0.00/0.00/0.00
[17.007s][info][gc,mmu      ] GC(56) MMU: 2ms/99.2%, 5ms/99.5%, 10ms/99.8%, 20ms/99.8%, 50ms/99.9%, 100ms/100.0%
[17.007s][info][gc,marking  ] GC(56) Mark: 2 stripe(s), 2 proactive flush(es), 1 terminate flush(es), 0 completion(s), 0 continuation(s) 
[17.007s][info][gc,marking  ] GC(56) Mark Stack Usage: 32M
[17.007s][info][gc,nmethod  ] GC(56) NMethods: 489 registered, 0 unregistered
[17.007s][info][gc,metaspace] GC(56) Metaspace: 1M used, 1M committed, 1088M reserved
[17.007s][info][gc,ref      ] GC(56) Soft: 181 encountered, 0 discovered, 0 enqueued
[17.007s][info][gc,ref      ] GC(56) Weak: 263 encountered, 41 discovered, 0 enqueued
[17.007s][info][gc,ref      ] GC(56) Final: 0 encountered, 0 discovered, 0 enqueued
[17.007s][info][gc,ref      ] GC(56) Phantom: 7 encountered, 3 discovered, 0 enqueued
[17.007s][info][gc,reloc    ] GC(56) Small Pages: 1672 / 3344M, Empty: 0M, Relocated: 3M, In-Place: 0
[17.007s][info][gc,reloc    ] GC(56) Medium Pages: 1 / 32M, Empty: 0M, Relocated: 0M, In-Place: 0
[17.007s][info][gc,reloc    ] GC(56) Large Pages: 0 / 0M, Empty: 0M, Relocated: 0M, In-Place: 0
[17.007s][info][gc,reloc    ] GC(56) Forwarding Usage: 0M
[17.007s][info][gc,heap     ] GC(56) Min Capacity: 4096M(100%)
[17.007s][info][gc,heap     ] GC(56) Max Capacity: 4096M(100%)
[17.007s][info][gc,heap     ] GC(56) Soft Max Capacity: 4096M(100%)
[17.007s][info][gc,heap     ] GC(56)                Mark Start          Mark End        Relocate Start      Relocate End           High               Low         
[17.007s][info][gc,heap     ] GC(56)  Capacity:     4096M (100%)       4096M (100%)       4096M (100%)       4096M (100%)       4096M (100%)       4096M (100%)   
[17.007s][info][gc,heap     ] GC(56)      Free:      720M (18%)         718M (18%)         718M (18%)         720M (18%)         720M (18%)         712M (17%)    
[17.007s][info][gc,heap     ] GC(56)      Used:     3376M (82%)        3378M (82%)        3378M (82%)        3376M (82%)        3384M (83%)        3376M (82%)    
[17.007s][info][gc,heap     ] GC(56)      Live:         -              3050M (74%)        3050M (74%)        3050M (74%)            -                  -          
[17.007s][info][gc,heap     ] GC(56) Allocated:         -                 2M (0%)            2M (0%)            1M (0%)             -                  -          
[17.007s][info][gc,heap     ] GC(56)   Garbage:         -               325M (8%)          325M (8%)          323M (8%)             -                  -          
[17.008s][info][gc,heap     ] GC(56) Reclaimed:         -                  -                 0M (0%)            1M (0%)             -                  -          
[17.008s][info][gc          ] GC(56) Garbage Collection (Timer) 3376M(82%)->3376M(82%)
[17.276s][info][gc,start    ] GC(57) Garbage Collection (Timer)
[17.276s][info][gc,task     ] GC(57) Using 3 workers
[17.276s][info][gc,phases   ] GC(57) Pause Mark Start 0.006ms
[17.301s][info][gc,phases   ] GC(57) Concurrent Mark 24.122ms
[17.301s][info][gc,phases   ] GC(57) Pause Mark End 0.010ms
[17.301s][info][gc,phases   ] GC(57) Concurrent Mark Free 0.001ms
[17.302s][info][gc,phases   ] GC(57) Concurrent Process Non-Strong References 0.834ms
[17.302s][info][gc,phases   ] GC(57) Concurrent Reset Relocation Set 0.001ms
[17.304s][info][gc,phases   ] GC(57) Concurrent Select Relocation Set 2.129ms
[17.304s][info][gc,phases   ] GC(57) Pause Relocate Start 0.005ms
[17.309s][info][gc,phases   ] GC(57) Concurrent Relocate 4.681ms
[17.309s][info][gc,load     ] GC(57) Load: 0.00/0.00/0.00
[17.309s][info][gc,mmu      ] GC(57) MMU: 2ms/99.2%, 5ms/99.5%, 10ms/99.8%, 20ms/99.8%, 50ms/99.9%, 100ms/100.0%
[17.309s][info][gc,marking  ] GC(57) Mark: 2 stripe(s), 1 proactive flush(es), 1 terminate flush(es), 0 completion(s), 0 continuation(s) 
[17.309s][info][gc,marking  ] GC(57) Mark Stack Usage: 32M
[17.309s][info][gc,nmethod  ] GC(57) NMethods: 489 registered, 0 unregistered
[17.309s][info][gc,metaspace] GC(57) Metaspace: 1M used, 1M committed, 1088M reserved
[17.309s][info][gc,ref      ] GC(57) Soft: 181 encountered, 0 discovered, 0 enqueued
[17.309s][info][gc,ref      ] GC(57) Weak: 263 encountered, 44 discovered, 0 enqueued
[17.309s][info][gc,ref      ] GC(57) Final: 0 encountered, 0 discovered, 0 enqueued
[17.309s][info][gc,ref      ] GC(57) Phantom: 7 encountered, 3 discovered, 0 enqueued
[17.309s][info][gc,reloc    ] GC(57) Small Pages: 1685 / 3370M, Empty: 0M, Relocated: 3M, In-Place: 0
[17.309s][info][gc,reloc    ] GC(57) Medium Pages: 1 / 32M, Empty: 0M, Relocated: 0M, In-Place: 0
[17.309s][info][gc,reloc    ] GC(57) Large Pages: 0 / 0M, Empty: 0M, Relocated: 0M, In-Place: 0
[17.309s][info][gc,reloc    ] GC(57) Forwarding Usage: 0M
[17.309s][info][gc,heap     ] GC(57) Min Capacity: 4096M(100%)
[17.309s][info][gc,heap     ] GC(57) Max Capacity: 4096M(100%)
[17.309s][info][gc,heap     ] GC(57) Soft Max Capacity: 4096M(100%)
[17.309s][info][gc,heap     ] GC(57)                Mark Start          Mark End        Relocate Start      Relocate End           High               Low         
[17.309s][info][gc,heap     ] GC(57)  Capacity:     4096M (100%)       4096M (100%)       4096M (100%)       4096M (100%)       4096M (100%)       4096M (100%)   
[17.309s][info][gc,heap     ] GC(57)      Free:      694M (17%)         694M (17%)         694M (17%)         696M (17%)         696M (17%)         688M (17%)    
[17.309s][info][gc,heap     ] GC(57)      Used:     3402M (83%)        3402M (83%)        3402M (83%)        3400M (83%)        3408M (83%)        3400M (83%)    
[17.309s][info][gc,heap     ] GC(57)      Live:         -              3073M (75%)        3073M (75%)        3073M (75%)            -                  -          
[17.309s][info][gc,heap     ] GC(57) Allocated:         -                 0M (0%)            0M (0%)            0M (0%)             -                  -          
[17.310s][info][gc,heap     ] GC(57)   Garbage:         -               328M (8%)          328M (8%)          326M (8%)             -                  -          
[17.310s][info][gc,heap     ] GC(57) Reclaimed:         -                  -                 0M (0%)            2M (0%)             -                  -          
[17.310s][info][gc          ] GC(57) Garbage Collection (Timer) 3402M(83%)->3400M(83%)
[17.577s][info][gc,start    ] GC(58) Garbage Collection (Timer)
[17.577s][info][gc,task     ] GC(58) Using 3 workers
[17.577s][info][gc,phases   ] GC(58) Pause Mark Start 0.006ms
[17.598s][info][gc,phases   ] GC(58) Concurrent Mark 20.852ms
[17.598s][info][gc,phases   ] GC(58) Pause Mark End 0.010ms
[17.598s][info][gc,phases   ] GC(58) Concurrent Mark Free 0.001ms
[17.599s][info][gc,phases   ] GC(58) Concurrent Process Non-Strong References 0.726ms
[17.599s][info][gc,phases   ] GC(58) Concurrent Reset Relocation Set 0.001ms
[17.601s][info][gc,phases   ] GC(58) Concurrent Select Relocation Set 2.182ms
[17.601s][info][gc,phases   ] GC(58) Pause Relocate Start 0.006ms
[17.602s][info][gc,phases   ] GC(58) Concurrent Relocate 0.105ms
[17.602s][info][gc,load     ] GC(58) Load: 0.00/0.00/0.00
[17.602s][info][gc,mmu      ] GC(58) MMU: 2ms/99.2%, 5ms/99.5%, 10ms/99.8%, 20ms/99.8%, 50ms/99.9%, 100ms/100.0%
[17.602s][info][gc,marking  ] GC(58) Mark: 2 stripe(s), 2 proactive flush(es), 1 terminate flush(es), 0 completion(s), 0 continuation(s) 
[17.602s][info][gc,marking  ] GC(58) Mark Stack Usage: 32M
[17.602s][info][gc,nmethod  ] GC(58) NMethods: 489 registered, 0 unregistered
[17.602s][info][gc,metaspace] GC(58) Metaspace: 1M used, 1M committed, 1088M reserved
[17.602s][info][gc,ref      ] GC(58) Soft: 181 encountered, 0 discovered, 0 enqueued
[17.602s][info][gc,ref      ] GC(58) Weak: 263 encountered, 98 discovered, 0 enqueued
[17.602s][info][gc,ref      ] GC(58) Final: 0 encountered, 0 discovered, 0 enqueued
[17.602s][info][gc,ref      ] GC(58) Phantom: 7 encountered, 4 discovered, 0 enqueued
[17.602s][info][gc,reloc    ] GC(58) Small Pages: 1684 / 3368M, Empty: 0M, Relocated: 0M, In-Place: 0
[17.602s][info][gc,reloc    ] GC(58) Medium Pages: 1 / 32M, Empty: 0M, Relocated: 0M, In-Place: 0
[17.602s][info][gc,reloc    ] GC(58) Large Pages: 0 / 0M, Empty: 0M, Relocated: 0M, In-Place: 0
[17.602s][info][gc,reloc    ] GC(58) Forwarding Usage: 0M
[17.602s][info][gc,heap     ] GC(58) Min Capacity: 4096M(100%)
[17.602s][info][gc,heap     ] GC(58) Max Capacity: 4096M(100%)
[17.602s][info][gc,heap     ] GC(58) Soft Max Capacity: 4096M(100%)
[17.602s][info][gc,heap     ] GC(58)                Mark Start          Mark End        Relocate Start      Relocate End           High               Low         
[17.602s][info][gc,heap     ] GC(58)  Capacity:     4096M (100%)       4096M (100%)       4096M (100%)       4096M (100%)       4096M (100%)       4096M (100%)   
[17.602s][info][gc,heap     ] GC(58)      Free:      696M (17%)         696M (17%)         696M (17%)         696M (17%)         696M (17%)         696M (17%)    
[17.602s][info][gc,heap     ] GC(58)      Used:     3400M (83%)        3400M (83%)        3400M (83%)        3400M (83%)        3400M (83%)        3400M (83%)    
[17.602s][info][gc,heap     ] GC(58)      Live:         -              3073M (75%)        3073M (75%)        3073M (75%)            -                  -          
[17.602s][info][gc,heap     ] GC(58) Allocated:         -                 0M (0%)            0M (0%)            0M (0%)             -                  -          
[17.602s][info][gc,heap     ] GC(58)   Garbage:         -               326M (8%)          326M (8%)          326M (8%)             -                  -          
[17.602s][info][gc,heap     ] GC(58) Reclaimed:         -                  -                 0M (0%)            0M (0%)             -                  -          
[17.602s][info][gc          ] GC(58) Garbage Collection (Timer) 3400M(83%)->3400M(83%)
[17.877s][info][gc,start    ] GC(59) Garbage Collection (Timer)
[17.877s][info][gc,task     ] GC(59) Using 3 workers
[17.877s][info][gc,phases   ] GC(59) Pause Mark Start 0.005ms
[17.895s][info][gc,phases   ] GC(59) Concurrent Mark 18.121ms
[17.896s][info][gc,phases   ] GC(59) Pause Mark End 0.011ms
[17.896s][info][gc,phases   ] GC(59) Concurrent Mark Free 0.001ms
[17.896s][info][gc,phases   ] GC(59) Concurrent Process Non-Strong References 0.681ms
[17.896s][info][gc,phases   ] GC(59) Concurrent Reset Relocation Set 0.001ms
[17.898s][info][gc,phases   ] GC(59) Concurrent Select Relocation Set 2.090ms
[17.899s][info][gc,phases   ] GC(59) Pause Relocate Start 0.004ms
[17.899s][info][gc,phases   ] GC(59) Concurrent Relocate 0.087ms
[17.899s][info][gc,load     ] GC(59) Load: 0.00/0.00/0.00
[17.899s][info][gc,mmu      ] GC(59) MMU: 2ms/99.2%, 5ms/99.5%, 10ms/99.8%, 20ms/99.8%, 50ms/99.9%, 100ms/100.0%
[17.899s][info][gc,marking  ] GC(59) Mark: 2 stripe(s), 1 proactive flush(es), 1 terminate flush(es), 0 completion(s), 0 continuation(s) 
[17.899s][info][gc,marking  ] GC(59) Mark Stack Usage: 32M
[17.899s][info][gc,nmethod  ] GC(59) NMethods: 489 registered, 0 unregistered
[17.899s][info][gc,metaspace] GC(59) Metaspace: 1M used, 1M committed, 1088M reserved
[17.899s][info][gc,ref      ] GC(59) Soft: 181 encountered, 0 discovered, 0 enqueued
[17.899s][info][gc,ref      ] GC(59) Weak: 263 encountered, 55 discovered, 0 enqueued
[17.899s][info][gc,ref      ] GC(59) Final: 0 encountered, 0 discovered, 0 enqueued
[17.899s][info][gc,ref      ] GC(59) Phantom: 7 encountered, 4 discovered, 0 enqueued
[17.899s][info][gc,reloc    ] GC(59) Small Pages: 1684 / 3368M, Empty: 0M, Relocated: 0M, In-Place: 0
[17.899s][info][gc,reloc    ] GC(59) Medium Pages: 1 / 32M, Empty: 0M, Relocated: 0M, In-Place: 0
[17.899s][info][gc,reloc    ] GC(59) Large Pages: 0 / 0M, Empty: 0M, Relocated: 0M, In-Place: 0
[17.899s][info][gc,reloc    ] GC(59) Forwarding Usage: 0M
[17.899s][info][gc,heap     ] GC(59) Min Capacity: 4096M(100%)
[17.899s][info][gc,heap     ] GC(59) Max Capacity: 4096M(100%)
[17.899s][info][gc,heap     ] GC(59) Soft Max Capacity: 4096M(100%)
[17.899s][info][gc,heap     ] GC(59)                Mark Start          Mark End        Relocate Start      Relocate End           High               Low         
[17.899s][info][gc,heap     ] GC(59)  Capacity:     4096M (100%)       4096M (100%)       4096M (100%)       4096M (100%)       4096M (100%)       4096M (100%)   
[17.899s][info][gc,heap     ] GC(59)      Free:      696M (17%)         696M (17%)         696M (17%)         696M (17%)         696M (17%)         696M (17%)    
[17.899s][info][gc,heap     ] GC(59)      Used:     3400M (83%)        3400M (83%)        3400M (83%)        3400M (83%)        3400M (83%)        3400M (83%)    
[17.899s][info][gc,heap     ] GC(59)      Live:         -              3073M (75%)        3073M (75%)        3073M (75%)            -                  -          
[17.899s][info][gc,heap     ] GC(59) Allocated:         -                 0M (0%)            0M (0%)            0M (0%)             -                  -          
[17.899s][info][gc,heap     ] GC(59)   Garbage:         -               326M (8%)          326M (8%)          326M (8%)             -                  -          
[17.899s][info][gc,heap     ] GC(59) Reclaimed:         -                  -                 0M (0%)            0M (0%)             -                  -          
[17.899s][info][gc          ] GC(59) Garbage Collection (Timer) 3400M(83%)->3400M(83%)
[18.177s][info][gc,start    ] GC(60) Garbage Collection (Timer)
[18.177s][info][gc,task     ] GC(60) Using 3 workers
[18.177s][info][gc,phases   ] GC(60) Pause Mark Start 0.006ms
[18.196s][info][gc,phases   ] GC(60) Concurrent Mark 18.840ms
[18.197s][info][gc,phases   ] GC(60) Pause Mark End 0.010ms
[18.197s][info][gc,phases   ] GC(60) Concurrent Mark Free 0.001ms
[18.198s][info][gc,phases   ] GC(60) Concurrent Process Non-Strong References 0.878ms
[18.198s][info][gc,phases   ] GC(60) Concurrent Reset Relocation Set 0.000ms
[18.200s][info][gc,phases   ] GC(60) Concurrent Select Relocation Set 2.099ms
[18.200s][info][gc,phases   ] GC(60) Pause Relocate Start 0.006ms
[18.200s][info][gc,phases   ] GC(60) Concurrent Relocate 0.117ms
[18.200s][info][gc,load     ] GC(60) Load: 0.00/0.00/0.00
[18.200s][info][gc,mmu      ] GC(60) MMU: 2ms/99.2%, 5ms/99.5%, 10ms/99.8%, 20ms/99.8%, 50ms/99.9%, 100ms/100.0%
[18.200s][info][gc,marking  ] GC(60) Mark: 2 stripe(s), 1 proactive flush(es), 1 terminate flush(es), 0 completion(s), 0 continuation(s) 
[18.200s][info][gc,marking  ] GC(60) Mark Stack Usage: 32M
[18.200s][info][gc,nmethod  ] GC(60) NMethods: 489 registered, 0 unregistered
[18.200s][info][gc,metaspace] GC(60) Metaspace: 1M used, 1M committed, 1088M reserved
[18.200s][info][gc,ref      ] GC(60) Soft: 181 encountered, 0 discovered, 0 enqueued
[18.200s][info][gc,ref      ] GC(60) Weak: 263 encountered, 111 discovered, 0 enqueued
[18.200s][info][gc,ref      ] GC(60) Final: 0 encountered, 0 discovered, 0 enqueued
[18.200s][info][gc,ref      ] GC(60) Phantom: 7 encountered, 4 discovered, 0 enqueued
[18.200s][info][gc,reloc    ] GC(60) Small Pages: 1684 / 3368M, Empty: 0M, Relocated: 0M, In-Place: 0
[18.200s][info][gc,reloc    ] GC(60) Medium Pages: 1 / 32M, Empty: 0M, Relocated: 0M, In-Place: 0
[18.200s][info][gc,reloc    ] GC(60) Large Pages: 0 / 0M, Empty: 0M, Relocated: 0M, In-Place: 0
[18.200s][info][gc,reloc    ] GC(60) Forwarding Usage: 0M
[18.200s][info][gc,heap     ] GC(60) Min Capacity: 4096M(100%)
[18.200s][info][gc,heap     ] GC(60) Max Capacity: 4096M(100%)
[18.200s][info][gc,heap     ] GC(60) Soft Max Capacity: 4096M(100%)
[18.201s][info][gc,heap     ] GC(60)                Mark Start          Mark End        Relocate Start      Relocate End           High               Low         
[18.201s][info][gc,heap     ] GC(60)  Capacity:     4096M (100%)       4096M (100%)       4096M (100%)       4096M (100%)       4096M (100%)       4096M (100%)   
[18.201s][info][gc,heap     ] GC(60)      Free:      696M (17%)         696M (17%)         696M (17%)         696M (17%)         696M (17%)         696M (17%)    
[18.201s][info][gc,heap     ] GC(60)      Used:     3400M (83%)        3400M (83%)        3400M (83%)        3400M (83%)        3400M (83%)        3400M (83%)    
[18.201s][info][gc,heap     ] GC(60)      Live:         -              3073M (75%)        3073M (75%)        3073M (75%)            -                  -          
[18.201s][info][gc,heap     ] GC(60) Allocated:         -                 0M (0%)            0M (0%)            0M (0%)             -                  -          
[18.201s][info][gc,heap     ] GC(60)   Garbage:         -               326M (8%)          326M (8%)          326M (8%)             -                  -          
[18.201s][info][gc,heap     ] GC(60) Reclaimed:         -                  -                 0M (0%)            0M (0%)             -                  -          
[18.201s][info][gc          ] GC(60) Garbage Collection (Timer) 3400M(83%)->3400M(83%)
[18.234s][info][gc,heap,exit] Heap
[18.234s][info][gc,heap,exit]  ZHeap           used 3404M, capacity 4096M, max capacity 4096M
[18.234s][info][gc,heap,exit]  Metaspace       used 1604K, committed 1792K, reserved 1114112K
[18.234s][info][gc,heap,exit]   class space    used 147K, committed 256K, reserved 1048576K
