[0.022s][info][gc,init] Initializing The Z Garbage Collector
[0.023s][info][gc,init] Version: 17.0.11+1-LTS (release)
[0.023s][info][gc,init] NUMA Support: Disabled
[0.023s][info][gc,init] CPUs: 12 total, 12 available
[0.023s][info][gc,init] Memory: 24496M
[0.023s][info][gc,init] Large Page Support: Disabled
[0.023s][info][gc,init] GC Workers: 3 (dynamic)
[0.024s][info][gc,init] Address Space Type: Contiguous/Unrestricted/Complete
[0.024s][info][gc,init] Address Space Size: 65536M x 3 = 196608M
[0.024s][info][gc,init] Min Capacity: 4096M
[0.024s][info][gc,init] Initial Capacity: 4096M
[0.025s][info][gc,init] Max Capacity: 4096M
[0.025s][info][gc,init] Medium Page Size: 32M
[0.025s][info][gc,init] Pre-touch: Disabled
[0.025s][info][gc,init] Uncommit: Implicitly Disabled (-Xms equals -Xmx)
[0.253s][info][gc,init] Runtime Workers: 8
[0.254s][info][gc     ] Using The Z Garbage Collector
[0.264s][info][gc,metaspace] CDS archive(s) mapped at: [0x0000023500000000-0x0000023500bc0000-0x0000023500bc0000), size 12320768, SharedBaseAddress: 0x0000023500000000, ArchiveRelocationMode: 1.
[0.264s][info][gc,metaspace] Compressed class space mapped at: 0x0000023501000000-0x0000023541000000, reserved size: 1073741824
[0.264s][info][gc,metaspace] Narrow klass base: 0x0000023500000000, Narrow klass shift: 0, Narrow klass range: 0x100000000
[0.393s][info][gc,start    ] GC(0) Garbage Collection (Timer)
[0.393s][info][gc,task     ] GC(0) Using 3 workers
[0.394s][info][gc,phases   ] GC(0) Pause Mark Start 0.007ms
[0.397s][info][gc,phases   ] GC(0) Concurrent Mark 3.647ms
[0.397s][info][gc,phases   ] GC(0) Pause Mark End 0.014ms
[0.397s][info][gc,phases   ] GC(0) Concurrent Mark Free 0.001ms
[0.398s][info][gc,phases   ] GC(0) Concurrent Process Non-Strong References 0.256ms
[0.398s][info][gc,phases   ] GC(0) Concurrent Reset Relocation Set 0.001ms
[0.407s][info][gc,phases   ] GC(0) Concurrent Select Relocation Set 9.346ms
[0.407s][info][gc,phases   ] GC(0) Pause Relocate Start 0.007ms
[0.410s][info][gc,phases   ] GC(0) Concurrent Relocate 2.239ms
[0.410s][info][gc,load     ] GC(0) Load: 0.00/0.00/0.00
[0.410s][info][gc,mmu      ] GC(0) MMU: 2ms/99.3%, 5ms/99.6%, 10ms/99.8%, 20ms/99.9%, 50ms/99.9%, 100ms/100.0%
[0.410s][info][gc,marking  ] GC(0) Mark: 2 stripe(s), 1 proactive flush(es), 1 terminate flush(es), 0 completion(s), 0 continuation(s) 
[0.410s][info][gc,marking  ] GC(0) Mark Stack Usage: 32M
[0.410s][info][gc,nmethod  ] GC(0) NMethods: 152 registered, 0 unregistered
[0.410s][info][gc,metaspace] GC(0) Metaspace: 0M used, 0M committed, 1088M reserved
[0.410s][info][gc,ref      ] GC(0) Soft: 36 encountered, 0 discovered, 0 enqueued
[0.410s][info][gc,ref      ] GC(0) Weak: 103 encountered, 20 discovered, 18 enqueued
[0.410s][info][gc,ref      ] GC(0) Final: 0 encountered, 0 discovered, 0 enqueued
[0.410s][info][gc,ref      ] GC(0) Phantom: 16 encountered, 13 discovered, 13 enqueued
[0.410s][info][gc,reloc    ] GC(0) Small Pages: 2 / 4M, Empty: 0M, Relocated: 1M, In-Place: 0
[0.410s][info][gc,reloc    ] GC(0) Medium Pages: 0 / 0M, Empty: 0M, Relocated: 0M, In-Place: 0
[0.410s][info][gc,reloc    ] GC(0) Large Pages: 0 / 0M, Empty: 0M, Relocated: 0M, In-Place: 0
[0.410s][info][gc,reloc    ] GC(0) Forwarding Usage: 0M
[0.410s][info][gc,heap     ] GC(0) Min Capacity: 4096M(100%)
[0.410s][info][gc,heap     ] GC(0) Max Capacity: 4096M(100%)
[0.410s][info][gc,heap     ] GC(0) Soft Max Capacity: 4096M(100%)
[0.410s][info][gc,heap     ] GC(0)                Mark Start          Mark End        Relocate Start      Relocate End           High               Low         
[0.410s][info][gc,heap     ] GC(0)  Capacity:     4096M (100%)       4096M (100%)       4096M (100%)       4096M (100%)       4096M (100%)       4096M (100%)   
[0.410s][info][gc,heap     ] GC(0)      Free:     4092M (100%)       4092M (100%)       4092M (100%)       4092M (100%)       4092M (100%)       4088M (100%)   
[0.410s][info][gc,heap     ] GC(0)      Used:        4M (0%)            4M (0%)            4M (0%)            4M (0%)            8M (0%)            4M (0%)     
[0.410s][info][gc,heap     ] GC(0)      Live:         -                 1M (0%)            1M (0%)            1M (0%)             -                  -          
[0.410s][info][gc,heap     ] GC(0) Allocated:         -                 0M (0%)            0M (0%)            0M (0%)             -                  -          
[0.410s][info][gc,heap     ] GC(0)   Garbage:         -                 2M (0%)            2M (0%)            2M (0%)             -                  -          
[0.410s][info][gc,heap     ] GC(0) Reclaimed:         -                  -                 0M (0%)            0M (0%)             -                  -          
[0.410s][info][gc          ] GC(0) Garbage Collection (Timer) 4M(0%)->4M(0%)
[0.688s][info][gc,start    ] GC(1) Garbage Collection (Timer)
[0.689s][info][gc,task     ] GC(1) Using 3 workers
[0.689s][info][gc,phases   ] GC(1) Pause Mark Start 0.006ms
[0.701s][info][gc,phases   ] GC(1) Concurrent Mark 11.834ms
[0.701s][info][gc,phases   ] GC(1) Pause Mark End 0.010ms
[0.701s][info][gc,phases   ] GC(1) Concurrent Mark Free 0.001ms
[0.702s][info][gc,phases   ] GC(1) Concurrent Process Non-Strong References 0.629ms
[0.702s][info][gc,phases   ] GC(1) Concurrent Reset Relocation Set 0.001ms
[0.704s][info][gc,phases   ] GC(1) Concurrent Select Relocation Set 2.245ms
[0.704s][info][gc,phases   ] GC(1) Pause Relocate Start 0.006ms
[0.706s][info][gc,phases   ] GC(1) Concurrent Relocate 1.625ms
[0.706s][info][gc,load     ] GC(1) Load: 0.00/0.00/0.00
[0.706s][info][gc,mmu      ] GC(1) MMU: 2ms/99.3%, 5ms/99.6%, 10ms/99.8%, 20ms/99.9%, 50ms/99.9%, 100ms/100.0%
[0.706s][info][gc,marking  ] GC(1) Mark: 2 stripe(s), 2 proactive flush(es), 1 terminate flush(es), 0 completion(s), 0 continuation(s) 
[0.706s][info][gc,marking  ] GC(1) Mark Stack Usage: 32M
[0.706s][info][gc,nmethod  ] GC(1) NMethods: 289 registered, 0 unregistered
[0.706s][info][gc,metaspace] GC(1) Metaspace: 0M used, 0M committed, 1088M reserved
[0.706s][info][gc,ref      ] GC(1) Soft: 72 encountered, 0 discovered, 0 enqueued
[0.706s][info][gc,ref      ] GC(1) Weak: 177 encountered, 100 discovered, 23 enqueued
[0.706s][info][gc,ref      ] GC(1) Final: 0 encountered, 0 discovered, 0 enqueued
[0.706s][info][gc,ref      ] GC(1) Phantom: 13 encountered, 8 discovered, 6 enqueued
[0.706s][info][gc,reloc    ] GC(1) Small Pages: 117 / 234M, Empty: 0M, Relocated: 1M, In-Place: 0
[0.706s][info][gc,reloc    ] GC(1) Medium Pages: 0 / 0M, Empty: 0M, Relocated: 0M, In-Place: 0
[0.706s][info][gc,reloc    ] GC(1) Large Pages: 0 / 0M, Empty: 0M, Relocated: 0M, In-Place: 0
[0.706s][info][gc,reloc    ] GC(1) Forwarding Usage: 0M
[0.706s][info][gc,heap     ] GC(1) Min Capacity: 4096M(100%)
[0.706s][info][gc,heap     ] GC(1) Max Capacity: 4096M(100%)
[0.706s][info][gc,heap     ] GC(1) Soft Max Capacity: 4096M(100%)
[0.706s][info][gc,heap     ] GC(1)                Mark Start          Mark End        Relocate Start      Relocate End           High               Low         
[0.706s][info][gc,heap     ] GC(1)  Capacity:     4096M (100%)       4096M (100%)       4096M (100%)       4096M (100%)       4096M (100%)       4096M (100%)   
[0.706s][info][gc,heap     ] GC(1)      Free:     3862M (94%)        3858M (94%)        3854M (94%)        3858M (94%)        3862M (94%)        3848M (94%)    
[0.706s][info][gc,heap     ] GC(1)      Used:      234M (6%)          238M (6%)          242M (6%)          238M (6%)          248M (6%)          234M (6%)     
[0.706s][info][gc,heap     ] GC(1)      Live:         -               206M (5%)          206M (5%)          206M (5%)             -                  -          
[0.706s][info][gc,heap     ] GC(1) Allocated:         -                 4M (0%)            8M (0%)            7M (0%)             -                  -          
[0.706s][info][gc,heap     ] GC(1)   Garbage:         -                27M (1%)           27M (1%)           23M (1%)             -                  -          
[0.707s][info][gc,heap     ] GC(1) Reclaimed:         -                  -                 0M (0%)            3M (0%)             -                  -          
[0.707s][info][gc          ] GC(1) Garbage Collection (Timer) 234M(6%)->238M(6%)
[0.989s][info][gc,start    ] GC(2) Garbage Collection (Warmup)
[0.989s][info][gc,task     ] GC(2) Using 3 workers
[0.989s][info][gc,phases   ] GC(2) Pause Mark Start 0.006ms
[1.012s][info][gc,phases   ] GC(2) Concurrent Mark 22.987ms
[1.012s][info][gc,phases   ] GC(2) Pause Mark End 0.009ms
[1.012s][info][gc,phases   ] GC(2) Concurrent Mark Free 0.001ms
[1.013s][info][gc,phases   ] GC(2) Concurrent Process Non-Strong References 0.511ms
[1.013s][info][gc,phases   ] GC(2) Concurrent Reset Relocation Set 0.001ms
[1.016s][info][gc,phases   ] GC(2) Concurrent Select Relocation Set 3.328ms
[1.016s][info][gc,phases   ] GC(2) Pause Relocate Start 0.009ms
[1.017s][info][gc,phases   ] GC(2) Concurrent Relocate 1.011ms
[1.017s][info][gc,load     ] GC(2) Load: 0.00/0.00/0.00
[1.017s][info][gc,mmu      ] GC(2) MMU: 2ms/99.3%, 5ms/99.6%, 10ms/99.8%, 20ms/99.9%, 50ms/99.9%, 100ms/100.0%
[1.017s][info][gc,marking  ] GC(2) Mark: 2 stripe(s), 3 proactive flush(es), 1 terminate flush(es), 0 completion(s), 0 continuation(s) 
[1.017s][info][gc,marking  ] GC(2) Mark Stack Usage: 32M
[1.017s][info][gc,nmethod  ] GC(2) NMethods: 297 registered, 0 unregistered
[1.018s][info][gc,metaspace] GC(2) Metaspace: 0M used, 1M committed, 1088M reserved
[1.018s][info][gc,ref      ] GC(2) Soft: 72 encountered, 0 discovered, 0 enqueued
[1.018s][info][gc,ref      ] GC(2) Weak: 154 encountered, 77 discovered, 0 enqueued
[1.018s][info][gc,ref      ] GC(2) Final: 0 encountered, 0 discovered, 0 enqueued
[1.018s][info][gc,ref      ] GC(2) Phantom: 7 encountered, 3 discovered, 0 enqueued
[1.018s][info][gc,reloc    ] GC(2) Small Pages: 237 / 474M, Empty: 0M, Relocated: 1M, In-Place: 0
[1.018s][info][gc,reloc    ] GC(2) Medium Pages: 0 / 0M, Empty: 0M, Relocated: 0M, In-Place: 0
[1.018s][info][gc,reloc    ] GC(2) Large Pages: 0 / 0M, Empty: 0M, Relocated: 0M, In-Place: 0
[1.018s][info][gc,reloc    ] GC(2) Forwarding Usage: 0M
[1.018s][info][gc,heap     ] GC(2) Min Capacity: 4096M(100%)
[1.018s][info][gc,heap     ] GC(2) Max Capacity: 4096M(100%)
[1.018s][info][gc,heap     ] GC(2) Soft Max Capacity: 4096M(100%)
[1.018s][info][gc,heap     ] GC(2)                Mark Start          Mark End        Relocate Start      Relocate End           High               Low         
[1.018s][info][gc,heap     ] GC(2)  Capacity:     4096M (100%)       4096M (100%)       4096M (100%)       4096M (100%)       4096M (100%)       4096M (100%)   
[1.018s][info][gc,heap     ] GC(2)      Free:     3622M (88%)        3614M (88%)        3610M (88%)        3610M (88%)        3622M (88%)        3604M (88%)    
[1.018s][info][gc,heap     ] GC(2)      Used:      474M (12%)         482M (12%)         486M (12%)         486M (12%)         492M (12%)         474M (12%)    
[1.018s][info][gc,heap     ] GC(2)      Live:         -               428M (10%)         428M (10%)         428M (10%)            -                  -          
[1.018s][info][gc,heap     ] GC(2) Allocated:         -                 8M (0%)           12M (0%)           12M (0%)             -                  -          
[1.018s][info][gc,heap     ] GC(2)   Garbage:         -                45M (1%)           45M (1%)           45M (1%)             -                  -          
[1.018s][info][gc,heap     ] GC(2) Reclaimed:         -                  -                 0M (0%)            0M (0%)             -                  -          
[1.018s][info][gc          ] GC(2) Garbage Collection (Warmup) 474M(12%)->486M(12%)
[1.287s][info][gc,start    ] GC(3) Garbage Collection (Timer)
[1.287s][info][gc,task     ] GC(3) Using 3 workers
[1.287s][info][gc,phases   ] GC(3) Pause Mark Start 0.006ms
[1.312s][info][gc,phases   ] GC(3) Concurrent Mark 24.726ms
[1.312s][info][gc,phases   ] GC(3) Pause Mark End 0.009ms
[1.312s][info][gc,phases   ] GC(3) Concurrent Mark Free 0.001ms
[1.313s][info][gc,phases   ] GC(3) Concurrent Process Non-Strong References 0.683ms
[1.313s][info][gc,phases   ] GC(3) Concurrent Reset Relocation Set 0.001ms
[1.316s][info][gc,phases   ] GC(3) Concurrent Select Relocation Set 2.399ms
[1.316s][info][gc,phases   ] GC(3) Pause Relocate Start 0.005ms
[1.318s][info][gc,phases   ] GC(3) Concurrent Relocate 2.091ms
[1.318s][info][gc,load     ] GC(3) Load: 0.00/0.00/0.00
[1.318s][info][gc,mmu      ] GC(3) MMU: 2ms/99.3%, 5ms/99.6%, 10ms/99.8%, 20ms/99.9%, 50ms/99.9%, 100ms/100.0%
[1.318s][info][gc,marking  ] GC(3) Mark: 2 stripe(s), 2 proactive flush(es), 1 terminate flush(es), 0 completion(s), 0 continuation(s) 
[1.318s][info][gc,marking  ] GC(3) Mark Stack Usage: 32M
[1.318s][info][gc,nmethod  ] GC(3) NMethods: 375 registered, 0 unregistered
[1.318s][info][gc,metaspace] GC(3) Metaspace: 1M used, 1M committed, 1088M reserved
[1.318s][info][gc,ref      ] GC(3) Soft: 118 encountered, 0 discovered, 0 enqueued
[1.318s][info][gc,ref      ] GC(3) Weak: 175 encountered, 97 discovered, 5 enqueued
[1.318s][info][gc,ref      ] GC(3) Final: 0 encountered, 0 discovered, 0 enqueued
[1.318s][info][gc,ref      ] GC(3) Phantom: 12 encountered, 8 discovered, 5 enqueued
[1.318s][info][gc,reloc    ] GC(3) Small Pages: 340 / 680M, Empty: 0M, Relocated: 3M, In-Place: 0
[1.318s][info][gc,reloc    ] GC(3) Medium Pages: 0 / 0M, Empty: 0M, Relocated: 0M, In-Place: 0
[1.318s][info][gc,reloc    ] GC(3) Large Pages: 0 / 0M, Empty: 0M, Relocated: 0M, In-Place: 0
[1.318s][info][gc,reloc    ] GC(3) Forwarding Usage: 0M
[1.318s][info][gc,heap     ] GC(3) Min Capacity: 4096M(100%)
[1.318s][info][gc,heap     ] GC(3) Max Capacity: 4096M(100%)
[1.318s][info][gc,heap     ] GC(3) Soft Max Capacity: 4096M(100%)
[1.318s][info][gc,heap     ] GC(3)                Mark Start          Mark End        Relocate Start      Relocate End           High               Low         
[1.318s][info][gc,heap     ] GC(3)  Capacity:     4096M (100%)       4096M (100%)       4096M (100%)       4096M (100%)       4096M (100%)       4096M (100%)   
[1.318s][info][gc,heap     ] GC(3)      Free:     3416M (83%)        3416M (83%)        3416M (83%)        3422M (84%)        3422M (84%)        3412M (83%)    
[1.319s][info][gc,heap     ] GC(3)      Used:      680M (17%)         680M (17%)         680M (17%)         674M (16%)         684M (17%)         674M (16%)    
[1.319s][info][gc,heap     ] GC(3)      Live:         -               613M (15%)         613M (15%)         613M (15%)            -                  -          
[1.319s][info][gc,heap     ] GC(3) Allocated:         -                 0M (0%)            0M (0%)            0M (0%)             -                  -          
[1.319s][info][gc,heap     ] GC(3)   Garbage:         -                66M (2%)           66M (2%)           60M (1%)             -                  -          
[1.319s][info][gc,heap     ] GC(3) Reclaimed:         -                  -                 0M (0%)            6M (0%)             -                  -          
[1.319s][info][gc          ] GC(3) Garbage Collection (Timer) 680M(17%)->674M(16%)
[1.588s][info][gc,start    ] GC(4) Garbage Collection (Timer)
[1.588s][info][gc,task     ] GC(4) Using 3 workers
[1.588s][info][gc,phases   ] GC(4) Pause Mark Start 0.006ms
[1.602s][info][gc,phases   ] GC(4) Concurrent Mark 14.467ms
[1.603s][info][gc,phases   ] GC(4) Pause Mark End 0.010ms
[1.603s][info][gc,phases   ] GC(4) Concurrent Mark Free 0.001ms
[1.604s][info][gc,phases   ] GC(4) Concurrent Process Non-Strong References 0.896ms
[1.604s][info][gc,phases   ] GC(4) Concurrent Reset Relocation Set 0.001ms
[1.606s][info][gc,phases   ] GC(4) Concurrent Select Relocation Set 2.129ms
[1.606s][info][gc,phases   ] GC(4) Pause Relocate Start 0.005ms
[1.607s][info][gc,phases   ] GC(4) Concurrent Relocate 1.025ms
[1.607s][info][gc,load     ] GC(4) Load: 0.00/0.00/0.00
[1.607s][info][gc,mmu      ] GC(4) MMU: 2ms/99.3%, 5ms/99.6%, 10ms/99.8%, 20ms/99.9%, 50ms/99.9%, 100ms/100.0%
[1.607s][info][gc,marking  ] GC(4) Mark: 2 stripe(s), 1 proactive flush(es), 1 terminate flush(es), 0 completion(s), 0 continuation(s) 
[1.607s][info][gc,marking  ] GC(4) Mark Stack Usage: 32M
[1.607s][info][gc,nmethod  ] GC(4) NMethods: 375 registered, 0 unregistered
[1.607s][info][gc,metaspace] GC(4) Metaspace: 1M used, 1M committed, 1088M reserved
[1.607s][info][gc,ref      ] GC(4) Soft: 118 encountered, 0 discovered, 0 enqueued
[1.607s][info][gc,ref      ] GC(4) Weak: 170 encountered, 4 discovered, 0 enqueued
[1.607s][info][gc,ref      ] GC(4) Final: 0 encountered, 0 discovered, 0 enqueued
[1.607s][info][gc,ref      ] GC(4) Phantom: 7 encountered, 3 discovered, 0 enqueued
[1.607s][info][gc,reloc    ] GC(4) Small Pages: 337 / 674M, Empty: 0M, Relocated: 3M, In-Place: 0
[1.607s][info][gc,reloc    ] GC(4) Medium Pages: 0 / 0M, Empty: 0M, Relocated: 0M, In-Place: 0
[1.607s][info][gc,reloc    ] GC(4) Large Pages: 0 / 0M, Empty: 0M, Relocated: 0M, In-Place: 0
[1.607s][info][gc,reloc    ] GC(4) Forwarding Usage: 0M
[1.607s][info][gc,heap     ] GC(4) Min Capacity: 4096M(100%)
[1.607s][info][gc,heap     ] GC(4) Max Capacity: 4096M(100%)
[1.607s][info][gc,heap     ] GC(4) Soft Max Capacity: 4096M(100%)
[1.607s][info][gc,heap     ] GC(4)                Mark Start          Mark End        Relocate Start      Relocate End           High               Low         
[1.608s][info][gc,heap     ] GC(4)  Capacity:     4096M (100%)       4096M (100%)       4096M (100%)       4096M (100%)       4096M (100%)       4096M (100%)   
[1.608s][info][gc,heap     ] GC(4)      Free:     3422M (84%)        3422M (84%)        3422M (84%)        3422M (84%)        3422M (84%)        3416M (83%)    
[1.608s][info][gc,heap     ] GC(4)      Used:      674M (16%)         674M (16%)         674M (16%)         674M (16%)         680M (17%)         674M (16%)    
[1.608s][info][gc,heap     ] GC(4)      Live:         -               613M (15%)         613M (15%)         613M (15%)            -                  -          
[1.608s][info][gc,heap     ] GC(4) Allocated:         -                 0M (0%)            0M (0%)            0M (0%)             -                  -          
[1.608s][info][gc,heap     ] GC(4)   Garbage:         -                60M (1%)           60M (1%)           60M (1%)             -                  -          
[1.608s][info][gc,heap     ] GC(4) Reclaimed:         -                  -                 0M (0%)            0M (0%)             -                  -          
[1.608s][info][gc          ] GC(4) Garbage Collection (Timer) 674M(16%)->674M(16%)
[1.889s][info][gc,start    ] GC(5) Garbage Collection (Timer)
[1.889s][info][gc,task     ] GC(5) Using 3 workers
[1.889s][info][gc,phases   ] GC(5) Pause Mark Start 0.007ms
[1.896s][info][gc,phases   ] GC(5) Concurrent Mark 7.182ms
[1.896s][info][gc,phases   ] GC(5) Pause Mark End 0.009ms
[1.896s][info][gc,phases   ] GC(5) Concurrent Mark Free 0.001ms
[1.897s][info][gc,phases   ] GC(5) Concurrent Process Non-Strong References 0.852ms
[1.897s][info][gc,phases   ] GC(5) Concurrent Reset Relocation Set 0.001ms
[1.899s][info][gc,phases   ] GC(5) Concurrent Select Relocation Set 2.197ms
[1.900s][info][gc,phases   ] GC(5) Pause Relocate Start 0.005ms
[1.901s][info][gc,phases   ] GC(5) Concurrent Relocate 1.080ms
[1.901s][info][gc,load     ] GC(5) Load: 0.00/0.00/0.00
[1.901s][info][gc,mmu      ] GC(5) MMU: 2ms/99.3%, 5ms/99.6%, 10ms/99.8%, 20ms/99.9%, 50ms/99.9%, 100ms/100.0%
[1.901s][info][gc,marking  ] GC(5) Mark: 2 stripe(s), 1 proactive flush(es), 1 terminate flush(es), 0 completion(s), 0 continuation(s) 
[1.901s][info][gc,marking  ] GC(5) Mark Stack Usage: 32M
[1.901s][info][gc,nmethod  ] GC(5) NMethods: 375 registered, 0 unregistered
[1.901s][info][gc,metaspace] GC(5) Metaspace: 1M used, 1M committed, 1088M reserved
[1.901s][info][gc,ref      ] GC(5) Soft: 118 encountered, 0 discovered, 0 enqueued
[1.901s][info][gc,ref      ] GC(5) Weak: 170 encountered, 4 discovered, 0 enqueued
[1.901s][info][gc,ref      ] GC(5) Final: 0 encountered, 0 discovered, 0 enqueued
[1.901s][info][gc,ref      ] GC(5) Phantom: 7 encountered, 3 discovered, 0 enqueued
[1.901s][info][gc,reloc    ] GC(5) Small Pages: 337 / 674M, Empty: 0M, Relocated: 3M, In-Place: 0
[1.901s][info][gc,reloc    ] GC(5) Medium Pages: 0 / 0M, Empty: 0M, Relocated: 0M, In-Place: 0
[1.901s][info][gc,reloc    ] GC(5) Large Pages: 0 / 0M, Empty: 0M, Relocated: 0M, In-Place: 0
[1.901s][info][gc,reloc    ] GC(5) Forwarding Usage: 0M
[1.901s][info][gc,heap     ] GC(5) Min Capacity: 4096M(100%)
[1.901s][info][gc,heap     ] GC(5) Max Capacity: 4096M(100%)
[1.901s][info][gc,heap     ] GC(5) Soft Max Capacity: 4096M(100%)
[1.901s][info][gc,heap     ] GC(5)                Mark Start          Mark End        Relocate Start      Relocate End           High               Low         
[1.901s][info][gc,heap     ] GC(5)  Capacity:     4096M (100%)       4096M (100%)       4096M (100%)       4096M (100%)       4096M (100%)       4096M (100%)   
[1.901s][info][gc,heap     ] GC(5)      Free:     3422M (84%)        3422M (84%)        3422M (84%)        3422M (84%)        3422M (84%)        3416M (83%)    
[1.901s][info][gc,heap     ] GC(5)      Used:      674M (16%)         674M (16%)         674M (16%)         674M (16%)         680M (17%)         674M (16%)    
[1.901s][info][gc,heap     ] GC(5)      Live:         -               613M (15%)         613M (15%)         613M (15%)            -                  -          
[1.901s][info][gc,heap     ] GC(5) Allocated:         -                 0M (0%)            0M (0%)            0M (0%)             -                  -          
[1.901s][info][gc,heap     ] GC(5)   Garbage:         -                60M (1%)           60M (1%)           60M (1%)             -                  -          
[1.901s][info][gc,heap     ] GC(5) Reclaimed:         -                  -                 0M (0%)            0M (0%)             -                  -          
[1.901s][info][gc          ] GC(5) Garbage Collection (Timer) 674M(16%)->674M(16%)
[2.187s][info][gc,start    ] GC(6) Garbage Collection (Timer)
[2.188s][info][gc,task     ] GC(6) Using 3 workers
[2.188s][info][gc,phases   ] GC(6) Pause Mark Start 0.006ms
[2.194s][info][gc,phases   ] GC(6) Concurrent Mark 6.727ms
[2.195s][info][gc,phases   ] GC(6) Pause Mark End 0.010ms
[2.195s][info][gc,phases   ] GC(6) Concurrent Mark Free 0.001ms
[2.195s][info][gc,phases   ] GC(6) Concurrent Process Non-Strong References 0.787ms
[2.196s][info][gc,phases   ] GC(6) Concurrent Reset Relocation Set 0.001ms
[2.198s][info][gc,phases   ] GC(6) Concurrent Select Relocation Set 2.123ms
[2.198s][info][gc,phases   ] GC(6) Pause Relocate Start 0.005ms
[2.199s][info][gc,phases   ] GC(6) Concurrent Relocate 1.009ms
[2.199s][info][gc,load     ] GC(6) Load: 0.00/0.00/0.00
[2.199s][info][gc,mmu      ] GC(6) MMU: 2ms/99.3%, 5ms/99.6%, 10ms/99.8%, 20ms/99.9%, 50ms/99.9%, 100ms/100.0%
[2.199s][info][gc,marking  ] GC(6) Mark: 2 stripe(s), 1 proactive flush(es), 1 terminate flush(es), 0 completion(s), 0 continuation(s) 
[2.199s][info][gc,marking  ] GC(6) Mark Stack Usage: 32M
[2.199s][info][gc,nmethod  ] GC(6) NMethods: 375 registered, 0 unregistered
[2.199s][info][gc,metaspace] GC(6) Metaspace: 1M used, 1M committed, 1088M reserved
[2.199s][info][gc,ref      ] GC(6) Soft: 118 encountered, 0 discovered, 0 enqueued
[2.199s][info][gc,ref      ] GC(6) Weak: 170 encountered, 92 discovered, 0 enqueued
[2.199s][info][gc,ref      ] GC(6) Final: 0 encountered, 0 discovered, 0 enqueued
[2.199s][info][gc,ref      ] GC(6) Phantom: 7 encountered, 4 discovered, 0 enqueued
[2.199s][info][gc,reloc    ] GC(6) Small Pages: 337 / 674M, Empty: 0M, Relocated: 3M, In-Place: 0
[2.199s][info][gc,reloc    ] GC(6) Medium Pages: 0 / 0M, Empty: 0M, Relocated: 0M, In-Place: 0
[2.199s][info][gc,reloc    ] GC(6) Large Pages: 0 / 0M, Empty: 0M, Relocated: 0M, In-Place: 0
[2.199s][info][gc,reloc    ] GC(6) Forwarding Usage: 0M
[2.199s][info][gc,heap     ] GC(6) Min Capacity: 4096M(100%)
[2.199s][info][gc,heap     ] GC(6) Max Capacity: 4096M(100%)
[2.199s][info][gc,heap     ] GC(6) Soft Max Capacity: 4096M(100%)
[2.199s][info][gc,heap     ] GC(6)                Mark Start          Mark End        Relocate Start      Relocate End           High               Low         
[2.199s][info][gc,heap     ] GC(6)  Capacity:     4096M (100%)       4096M (100%)       4096M (100%)       4096M (100%)       4096M (100%)       4096M (100%)   
[2.199s][info][gc,heap     ] GC(6)      Free:     3422M (84%)        3422M (84%)        3422M (84%)        3422M (84%)        3422M (84%)        3416M (83%)    
[2.199s][info][gc,heap     ] GC(6)      Used:      674M (16%)         674M (16%)         674M (16%)         674M (16%)         680M (17%)         674M (16%)    
[2.200s][info][gc,heap     ] GC(6)      Live:         -               613M (15%)         613M (15%)         613M (15%)            -                  -          
[2.200s][info][gc,heap     ] GC(6) Allocated:         -                 0M (0%)            0M (0%)            0M (0%)             -                  -          
[2.200s][info][gc,heap     ] GC(6)   Garbage:         -                60M (1%)           60M (1%)           60M (1%)             -                  -          
[2.200s][info][gc,heap     ] GC(6) Reclaimed:         -                  -                 0M (0%)            0M (0%)             -                  -          
[2.200s][info][gc          ] GC(6) Garbage Collection (Timer) 674M(16%)->674M(16%)
[2.487s][info][gc,start    ] GC(7) Garbage Collection (Timer)
[2.487s][info][gc,task     ] GC(7) Using 3 workers
[2.488s][info][gc,phases   ] GC(7) Pause Mark Start 0.006ms
[2.498s][info][gc,phases   ] GC(7) Concurrent Mark 10.668ms
[2.499s][info][gc,phases   ] GC(7) Pause Mark End 0.009ms
[2.499s][info][gc,phases   ] GC(7) Concurrent Mark Free 0.001ms
[2.499s][info][gc,phases   ] GC(7) Concurrent Process Non-Strong References 0.787ms
[2.500s][info][gc,phases   ] GC(7) Concurrent Reset Relocation Set 0.001ms
[2.503s][info][gc,phases   ] GC(7) Concurrent Select Relocation Set 3.437ms
[2.503s][info][gc,phases   ] GC(7) Pause Relocate Start 0.008ms
[2.508s][info][gc,phases   ] GC(7) Concurrent Relocate 5.107ms
[2.509s][info][gc,load     ] GC(7) Load: 0.00/0.00/0.00
[2.509s][info][gc,mmu      ] GC(7) MMU: 2ms/99.3%, 5ms/99.6%, 10ms/99.8%, 20ms/99.9%, 50ms/99.9%, 100ms/100.0%
[2.509s][info][gc,marking  ] GC(7) Mark: 2 stripe(s), 2 proactive flush(es), 1 terminate flush(es), 0 completion(s), 0 continuation(s) 
[2.509s][info][gc,marking  ] GC(7) Mark Stack Usage: 32M
[2.509s][info][gc,nmethod  ] GC(7) NMethods: 452 registered, 0 unregistered
[2.509s][info][gc,metaspace] GC(7) Metaspace: 1M used, 1M committed, 1088M reserved
[2.509s][info][gc,ref      ] GC(7) Soft: 181 encountered, 0 discovered, 0 enqueued
[2.509s][info][gc,ref      ] GC(7) Weak: 296 encountered, 192 discovered, 33 enqueued
[2.509s][info][gc,ref      ] GC(7) Final: 0 encountered, 0 discovered, 0 enqueued
[2.509s][info][gc,ref      ] GC(7) Phantom: 24 encountered, 21 discovered, 17 enqueued
[2.509s][info][gc,reloc    ] GC(7) Small Pages: 381 / 762M, Empty: 0M, Relocated: 3M, In-Place: 0
[2.509s][info][gc,reloc    ] GC(7) Medium Pages: 0 / 0M, Empty: 0M, Relocated: 0M, In-Place: 0
[2.509s][info][gc,reloc    ] GC(7) Large Pages: 0 / 0M, Empty: 0M, Relocated: 0M, In-Place: 0
[2.509s][info][gc,reloc    ] GC(7) Forwarding Usage: 0M
[2.509s][info][gc,heap     ] GC(7) Min Capacity: 4096M(100%)
[2.509s][info][gc,heap     ] GC(7) Max Capacity: 4096M(100%)
[2.509s][info][gc,heap     ] GC(7) Soft Max Capacity: 4096M(100%)
[2.509s][info][gc,heap     ] GC(7)                Mark Start          Mark End        Relocate Start      Relocate End           High               Low         
[2.509s][info][gc,heap     ] GC(7)  Capacity:     4096M (100%)       4096M (100%)       4096M (100%)       4096M (100%)       4096M (100%)       4096M (100%)   
[2.509s][info][gc,heap     ] GC(7)      Free:     3334M (81%)        3332M (81%)        3330M (81%)        3332M (81%)        3334M (81%)        3324M (81%)    
[2.509s][info][gc,heap     ] GC(7)      Used:      762M (19%)         764M (19%)         766M (19%)         764M (19%)         772M (19%)         762M (19%)    
[2.509s][info][gc,heap     ] GC(7)      Live:         -               691M (17%)         691M (17%)         691M (17%)            -                  -          
[2.509s][info][gc,heap     ] GC(7) Allocated:         -                 2M (0%)            4M (0%)            3M (0%)             -                  -          
[2.509s][info][gc,heap     ] GC(7)   Garbage:         -                70M (2%)           70M (2%)           68M (2%)             -                  -          
[2.509s][info][gc,heap     ] GC(7) Reclaimed:         -                  -                 0M (0%)            1M (0%)             -                  -          
[2.509s][info][gc          ] GC(7) Garbage Collection (Timer) 762M(19%)->764M(19%)
[2.688s][info][gc,start    ] GC(8) Garbage Collection (Warmup)
[2.688s][info][gc,task     ] GC(8) Using 3 workers
[2.689s][info][gc,phases   ] GC(8) Pause Mark Start 0.006ms
[2.702s][info][gc,phases   ] GC(8) Concurrent Mark 13.556ms
[2.702s][info][gc,phases   ] GC(8) Pause Mark End 0.009ms
[2.702s][info][gc,phases   ] GC(8) Concurrent Mark Free 0.001ms
[2.704s][info][gc,phases   ] GC(8) Concurrent Process Non-Strong References 1.103ms
[2.704s][info][gc,phases   ] GC(8) Concurrent Reset Relocation Set 0.001ms
[2.708s][info][gc,phases   ] GC(8) Concurrent Select Relocation Set 4.341ms
[2.708s][info][gc,phases   ] GC(8) Pause Relocate Start 0.007ms
[2.715s][info][gc,phases   ] GC(8) Concurrent Relocate 6.425ms
[2.715s][info][gc,load     ] GC(8) Load: 0.00/0.00/0.00
[2.715s][info][gc,mmu      ] GC(8) MMU: 2ms/99.3%, 5ms/99.6%, 10ms/99.8%, 20ms/99.9%, 50ms/99.9%, 100ms/100.0%
[2.715s][info][gc,marking  ] GC(8) Mark: 2 stripe(s), 2 proactive flush(es), 1 terminate flush(es), 0 completion(s), 0 continuation(s) 
[2.715s][info][gc,marking  ] GC(8) Mark Stack Usage: 32M
[2.715s][info][gc,nmethod  ] GC(8) NMethods: 452 registered, 0 unregistered
[2.715s][info][gc,metaspace] GC(8) Metaspace: 1M used, 1M committed, 1088M reserved
[2.715s][info][gc,ref      ] GC(8) Soft: 181 encountered, 0 discovered, 0 enqueued
[2.715s][info][gc,ref      ] GC(8) Weak: 263 encountered, 2 discovered, 0 enqueued
[2.715s][info][gc,ref      ] GC(8) Final: 0 encountered, 0 discovered, 0 enqueued
[2.715s][info][gc,ref      ] GC(8) Phantom: 7 encountered, 4 discovered, 0 enqueued
[2.715s][info][gc,reloc    ] GC(8) Small Pages: 415 / 830M, Empty: 0M, Relocated: 5M, In-Place: 0
[2.715s][info][gc,reloc    ] GC(8) Medium Pages: 0 / 0M, Empty: 0M, Relocated: 0M, In-Place: 0
[2.715s][info][gc,reloc    ] GC(8) Large Pages: 0 / 0M, Empty: 0M, Relocated: 0M, In-Place: 0
[2.715s][info][gc,reloc    ] GC(8) Forwarding Usage: 0M
[2.715s][info][gc,heap     ] GC(8) Min Capacity: 4096M(100%)
[2.715s][info][gc,heap     ] GC(8) Max Capacity: 4096M(100%)
[2.715s][info][gc,heap     ] GC(8) Soft Max Capacity: 4096M(100%)
[2.715s][info][gc,heap     ] GC(8)                Mark Start          Mark End        Relocate Start      Relocate End           High               Low         
[2.715s][info][gc,heap     ] GC(8)  Capacity:     4096M (100%)       4096M (100%)       4096M (100%)       4096M (100%)       4096M (100%)       4096M (100%)   
[2.715s][info][gc,heap     ] GC(8)      Free:     3266M (80%)        3264M (80%)        3262M (80%)        3264M (80%)        3266M (80%)        3256M (79%)    
[2.715s][info][gc,heap     ] GC(8)      Used:      830M (20%)         832M (20%)         834M (20%)         832M (20%)         840M (21%)         830M (20%)    
[2.715s][info][gc,heap     ] GC(8)      Live:         -               754M (18%)         754M (18%)         754M (18%)            -                  -          
[2.715s][info][gc,heap     ] GC(8) Allocated:         -                 2M (0%)            4M (0%)            3M (0%)             -                  -          
[2.716s][info][gc,heap     ] GC(8)   Garbage:         -                75M (2%)           75M (2%)           73M (2%)             -                  -          
[2.716s][info][gc,heap     ] GC(8) Reclaimed:         -                  -                 0M (0%)            1M (0%)             -                  -          
[2.716s][info][gc          ] GC(8) Garbage Collection (Warmup) 830M(20%)->832M(20%)
[2.988s][info][gc,start    ] GC(9) Garbage Collection (Timer)
[2.988s][info][gc,task     ] GC(9) Using 3 workers
[2.988s][info][gc,phases   ] GC(9) Pause Mark Start 0.006ms
[3.003s][info][gc,phases   ] GC(9) Concurrent Mark 14.565ms
[3.003s][info][gc,phases   ] GC(9) Pause Mark End 0.010ms
[3.003s][info][gc,phases   ] GC(9) Concurrent Mark Free 0.001ms
[3.004s][info][gc,phases   ] GC(9) Concurrent Process Non-Strong References 0.778ms
[3.004s][info][gc,phases   ] GC(9) Concurrent Reset Relocation Set 0.001ms
[3.007s][info][gc,phases   ] GC(9) Concurrent Select Relocation Set 2.594ms
[3.007s][info][gc,phases   ] GC(9) Pause Relocate Start 0.007ms
[3.010s][info][gc,phases   ] GC(9) Concurrent Relocate 2.887ms
[3.010s][info][gc,load     ] GC(9) Load: 0.00/0.00/0.00
[3.010s][info][gc,mmu      ] GC(9) MMU: 2ms/99.3%, 5ms/99.6%, 10ms/99.8%, 20ms/99.9%, 50ms/99.9%, 100ms/100.0%
[3.010s][info][gc,marking  ] GC(9) Mark: 2 stripe(s), 2 proactive flush(es), 1 terminate flush(es), 0 completion(s), 0 continuation(s) 
[3.010s][info][gc,marking  ] GC(9) Mark Stack Usage: 32M
[3.010s][info][gc,nmethod  ] GC(9) NMethods: 452 registered, 0 unregistered
[3.010s][info][gc,metaspace] GC(9) Metaspace: 1M used, 1M committed, 1088M reserved
[3.010s][info][gc,ref      ] GC(9) Soft: 181 encountered, 0 discovered, 0 enqueued
[3.010s][info][gc,ref      ] GC(9) Weak: 263 encountered, 2 discovered, 0 enqueued
[3.010s][info][gc,ref      ] GC(9) Final: 0 encountered, 0 discovered, 0 enqueued
[3.010s][info][gc,ref      ] GC(9) Phantom: 7 encountered, 3 discovered, 0 enqueued
[3.010s][info][gc,reloc    ] GC(9) Small Pages: 464 / 928M, Empty: 0M, Relocated: 1M, In-Place: 0
[3.010s][info][gc,reloc    ] GC(9) Medium Pages: 0 / 0M, Empty: 0M, Relocated: 0M, In-Place: 0
[3.010s][info][gc,reloc    ] GC(9) Large Pages: 0 / 0M, Empty: 0M, Relocated: 0M, In-Place: 0
[3.010s][info][gc,reloc    ] GC(9) Forwarding Usage: 0M
[3.010s][info][gc,heap     ] GC(9) Min Capacity: 4096M(100%)
[3.011s][info][gc,heap     ] GC(9) Max Capacity: 4096M(100%)
[3.011s][info][gc,heap     ] GC(9) Soft Max Capacity: 4096M(100%)
[3.011s][info][gc,heap     ] GC(9)                Mark Start          Mark End        Relocate Start      Relocate End           High               Low         
[3.011s][info][gc,heap     ] GC(9)  Capacity:     4096M (100%)       4096M (100%)       4096M (100%)       4096M (100%)       4096M (100%)       4096M (100%)   
[3.011s][info][gc,heap     ] GC(9)      Free:     3168M (77%)        3166M (77%)        3164M (77%)        3164M (77%)        3168M (77%)        3158M (77%)    
[3.011s][info][gc,heap     ] GC(9)      Used:      928M (23%)         930M (23%)         932M (23%)         932M (23%)         938M (23%)         928M (23%)    
[3.011s][info][gc,heap     ] GC(9)      Live:         -               844M (21%)         844M (21%)         844M (21%)            -                  -          
[3.011s][info][gc,heap     ] GC(9) Allocated:         -                 2M (0%)            4M (0%)            4M (0%)             -                  -          
[3.011s][info][gc,heap     ] GC(9)   Garbage:         -                83M (2%)           83M (2%)           83M (2%)             -                  -          
[3.011s][info][gc,heap     ] GC(9) Reclaimed:         -                  -                 0M (0%)            0M (0%)             -                  -          
[3.011s][info][gc          ] GC(9) Garbage Collection (Timer) 928M(23%)->932M(23%)
[3.288s][info][gc,start    ] GC(10) Garbage Collection (Timer)
[3.288s][info][gc,task     ] GC(10) Using 3 workers
[3.288s][info][gc,phases   ] GC(10) Pause Mark Start 0.006ms
[3.303s][info][gc,phases   ] GC(10) Concurrent Mark 14.916ms
[3.303s][info][gc,phases   ] GC(10) Pause Mark End 0.009ms
[3.303s][info][gc,phases   ] GC(10) Concurrent Mark Free 0.001ms
[3.304s][info][gc,phases   ] GC(10) Concurrent Process Non-Strong References 0.626ms
[3.304s][info][gc,phases   ] GC(10) Concurrent Reset Relocation Set 0.001ms
[3.307s][info][gc,phases   ] GC(10) Concurrent Select Relocation Set 2.551ms
[3.307s][info][gc,phases   ] GC(10) Pause Relocate Start 0.005ms
[3.311s][info][gc,phases   ] GC(10) Concurrent Relocate 4.183ms
[3.311s][info][gc,load     ] GC(10) Load: 0.00/0.00/0.00
[3.311s][info][gc,mmu      ] GC(10) MMU: 2ms/99.3%, 5ms/99.6%, 10ms/99.8%, 20ms/99.9%, 50ms/99.9%, 100ms/100.0%
[3.311s][info][gc,marking  ] GC(10) Mark: 2 stripe(s), 2 proactive flush(es), 1 terminate flush(es), 0 completion(s), 0 continuation(s) 
[3.312s][info][gc,marking  ] GC(10) Mark Stack Usage: 32M
[3.312s][info][gc,nmethod  ] GC(10) NMethods: 452 registered, 0 unregistered
[3.312s][info][gc,metaspace] GC(10) Metaspace: 1M used, 1M committed, 1088M reserved
[3.312s][info][gc,ref      ] GC(10) Soft: 181 encountered, 0 discovered, 0 enqueued
[3.312s][info][gc,ref      ] GC(10) Weak: 263 encountered, 172 discovered, 0 enqueued
[3.312s][info][gc,ref      ] GC(10) Final: 0 encountered, 0 discovered, 0 enqueued
[3.312s][info][gc,ref      ] GC(10) Phantom: 7 encountered, 3 discovered, 0 enqueued
[3.312s][info][gc,reloc    ] GC(10) Small Pages: 513 / 1026M, Empty: 0M, Relocated: 3M, In-Place: 0
[3.312s][info][gc,reloc    ] GC(10) Medium Pages: 1 / 32M, Empty: 0M, Relocated: 0M, In-Place: 0
[3.312s][info][gc,reloc    ] GC(10) Large Pages: 0 / 0M, Empty: 0M, Relocated: 0M, In-Place: 0
[3.312s][info][gc,reloc    ] GC(10) Forwarding Usage: 0M
[3.312s][info][gc,heap     ] GC(10) Min Capacity: 4096M(100%)
[3.312s][info][gc,heap     ] GC(10) Max Capacity: 4096M(100%)
[3.312s][info][gc,heap     ] GC(10) Soft Max Capacity: 4096M(100%)
[3.312s][info][gc,heap     ] GC(10)                Mark Start          Mark End        Relocate Start      Relocate End           High               Low         
[3.312s][info][gc,heap     ] GC(10)  Capacity:     4096M (100%)       4096M (100%)       4096M (100%)       4096M (100%)       4096M (100%)       4096M (100%)   
[3.312s][info][gc,heap     ] GC(10)      Free:     3038M (74%)        3036M (74%)        3034M (74%)        3038M (74%)        3038M (74%)        3028M (74%)    
[3.312s][info][gc,heap     ] GC(10)      Used:     1058M (26%)        1060M (26%)        1062M (26%)        1058M (26%)        1068M (26%)        1058M (26%)    
[3.312s][info][gc,heap     ] GC(10)      Live:         -               932M (23%)         932M (23%)         932M (23%)            -                  -          
[3.312s][info][gc,heap     ] GC(10) Allocated:         -                 2M (0%)            4M (0%)            3M (0%)             -                  -          
[3.312s][info][gc,heap     ] GC(10)   Garbage:         -               125M (3%)          125M (3%)          121M (3%)             -                  -          
[3.312s][info][gc,heap     ] GC(10) Reclaimed:         -                  -                 0M (0%)            3M (0%)             -                  -          
[3.312s][info][gc          ] GC(10) Garbage Collection (Timer) 1058M(26%)->1058M(26%)
[3.588s][info][gc,start    ] GC(11) Garbage Collection (Timer)
[3.588s][info][gc,task     ] GC(11) Using 3 workers
[3.588s][info][gc,phases   ] GC(11) Pause Mark Start 0.006ms
[3.605s][info][gc,phases   ] GC(11) Concurrent Mark 16.481ms
[3.605s][info][gc,phases   ] GC(11) Pause Mark End 0.009ms
[3.605s][info][gc,phases   ] GC(11) Concurrent Mark Free 0.001ms
[3.606s][info][gc,phases   ] GC(11) Concurrent Process Non-Strong References 0.569ms
[3.606s][info][gc,phases   ] GC(11) Concurrent Reset Relocation Set 0.001ms
[3.608s][info][gc,phases   ] GC(11) Concurrent Select Relocation Set 2.259ms
[3.608s][info][gc,phases   ] GC(11) Pause Relocate Start 0.006ms
[3.610s][info][gc,phases   ] GC(11) Concurrent Relocate 1.781ms
[3.610s][info][gc,load     ] GC(11) Load: 0.00/0.00/0.00
[3.610s][info][gc,mmu      ] GC(11) MMU: 2ms/99.3%, 5ms/99.6%, 10ms/99.8%, 20ms/99.9%, 50ms/99.9%, 100ms/100.0%
[3.610s][info][gc,marking  ] GC(11) Mark: 2 stripe(s), 2 proactive flush(es), 1 terminate flush(es), 0 completion(s), 0 continuation(s) 
[3.610s][info][gc,marking  ] GC(11) Mark Stack Usage: 32M
[3.610s][info][gc,nmethod  ] GC(11) NMethods: 452 registered, 0 unregistered
[3.610s][info][gc,metaspace] GC(11) Metaspace: 1M used, 1M committed, 1088M reserved
[3.611s][info][gc,ref      ] GC(11) Soft: 181 encountered, 0 discovered, 0 enqueued
[3.611s][info][gc,ref      ] GC(11) Weak: 263 encountered, 160 discovered, 0 enqueued
[3.611s][info][gc,ref      ] GC(11) Final: 0 encountered, 0 discovered, 0 enqueued
[3.611s][info][gc,ref      ] GC(11) Phantom: 7 encountered, 3 discovered, 0 enqueued
[3.611s][info][gc,reloc    ] GC(11) Small Pages: 560 / 1120M, Empty: 0M, Relocated: 1M, In-Place: 0
[3.611s][info][gc,reloc    ] GC(11) Medium Pages: 1 / 32M, Empty: 0M, Relocated: 0M, In-Place: 0
[3.611s][info][gc,reloc    ] GC(11) Large Pages: 0 / 0M, Empty: 0M, Relocated: 0M, In-Place: 0
[3.611s][info][gc,reloc    ] GC(11) Forwarding Usage: 0M
[3.611s][info][gc,heap     ] GC(11) Min Capacity: 4096M(100%)
[3.611s][info][gc,heap     ] GC(11) Max Capacity: 4096M(100%)
[3.611s][info][gc,heap     ] GC(11) Soft Max Capacity: 4096M(100%)
[3.611s][info][gc,heap     ] GC(11)                Mark Start          Mark End        Relocate Start      Relocate End           High               Low         
[3.611s][info][gc,heap     ] GC(11)  Capacity:     4096M (100%)       4096M (100%)       4096M (100%)       4096M (100%)       4096M (100%)       4096M (100%)   
[3.611s][info][gc,heap     ] GC(11)      Free:     2944M (72%)        2942M (72%)        2942M (72%)        2942M (72%)        2944M (72%)        2938M (72%)    
[3.611s][info][gc,heap     ] GC(11)      Used:     1152M (28%)        1154M (28%)        1154M (28%)        1154M (28%)        1158M (28%)        1152M (28%)    
[3.611s][info][gc,heap     ] GC(11)      Live:         -              1021M (25%)        1021M (25%)        1021M (25%)            -                  -          
[3.611s][info][gc,heap     ] GC(11) Allocated:         -                 2M (0%)            2M (0%)            2M (0%)             -                  -          
[3.611s][info][gc,heap     ] GC(11)   Garbage:         -               130M (3%)          130M (3%)          130M (3%)             -                  -          
[3.611s][info][gc,heap     ] GC(11) Reclaimed:         -                  -                 0M (0%)            0M (0%)             -                  -          
[3.611s][info][gc          ] GC(11) Garbage Collection (Timer) 1152M(28%)->1154M(28%)
[3.888s][info][gc,start    ] GC(12) Garbage Collection (Warmup)
[3.888s][info][gc,task     ] GC(12) Using 3 workers
[3.888s][info][gc,phases   ] GC(12) Pause Mark Start 0.006ms
[3.903s][info][gc,phases   ] GC(12) Concurrent Mark 14.870ms
[3.904s][info][gc,phases   ] GC(12) Pause Mark End 0.009ms
[3.904s][info][gc,phases   ] GC(12) Concurrent Mark Free 0.001ms
[3.904s][info][gc,phases   ] GC(12) Concurrent Process Non-Strong References 0.580ms
[3.904s][info][gc,phases   ] GC(12) Concurrent Reset Relocation Set 0.001ms
[3.907s][info][gc,phases   ] GC(12) Concurrent Select Relocation Set 2.625ms
[3.907s][info][gc,phases   ] GC(12) Pause Relocate Start 0.006ms
[3.911s][info][gc,phases   ] GC(12) Concurrent Relocate 3.859ms
[3.911s][info][gc,load     ] GC(12) Load: 0.00/0.00/0.00
[3.911s][info][gc,mmu      ] GC(12) MMU: 2ms/99.3%, 5ms/99.6%, 10ms/99.8%, 20ms/99.9%, 50ms/99.9%, 100ms/100.0%
[3.911s][info][gc,marking  ] GC(12) Mark: 2 stripe(s), 2 proactive flush(es), 1 terminate flush(es), 0 completion(s), 0 continuation(s) 
[3.911s][info][gc,marking  ] GC(12) Mark Stack Usage: 32M
[3.911s][info][gc,nmethod  ] GC(12) NMethods: 452 registered, 0 unregistered
[3.911s][info][gc,metaspace] GC(12) Metaspace: 1M used, 1M committed, 1088M reserved
[3.911s][info][gc,ref      ] GC(12) Soft: 181 encountered, 0 discovered, 0 enqueued
[3.911s][info][gc,ref      ] GC(12) Weak: 263 encountered, 170 discovered, 0 enqueued
[3.911s][info][gc,ref      ] GC(12) Final: 0 encountered, 0 discovered, 0 enqueued
[3.912s][info][gc,ref      ] GC(12) Phantom: 7 encountered, 3 discovered, 0 enqueued
[3.912s][info][gc,reloc    ] GC(12) Small Pages: 607 / 1214M, Empty: 0M, Relocated: 3M, In-Place: 0
[3.912s][info][gc,reloc    ] GC(12) Medium Pages: 1 / 32M, Empty: 0M, Relocated: 0M, In-Place: 0
[3.912s][info][gc,reloc    ] GC(12) Large Pages: 0 / 0M, Empty: 0M, Relocated: 0M, In-Place: 0
[3.912s][info][gc,reloc    ] GC(12) Forwarding Usage: 0M
[3.912s][info][gc,heap     ] GC(12) Min Capacity: 4096M(100%)
[3.912s][info][gc,heap     ] GC(12) Max Capacity: 4096M(100%)
[3.912s][info][gc,heap     ] GC(12) Soft Max Capacity: 4096M(100%)
[3.912s][info][gc,heap     ] GC(12)                Mark Start          Mark End        Relocate Start      Relocate End           High               Low         
[3.912s][info][gc,heap     ] GC(12)  Capacity:     4096M (100%)       4096M (100%)       4096M (100%)       4096M (100%)       4096M (100%)       4096M (100%)   
[3.912s][info][gc,heap     ] GC(12)      Free:     2850M (70%)        2848M (70%)        2848M (70%)        2850M (70%)        2850M (70%)        2842M (69%)    
[3.912s][info][gc,heap     ] GC(12)      Used:     1246M (30%)        1248M (30%)        1248M (30%)        1246M (30%)        1254M (31%)        1246M (30%)    
[3.912s][info][gc,heap     ] GC(12)      Live:         -              1106M (27%)        1106M (27%)        1106M (27%)            -                  -          
[3.912s][info][gc,heap     ] GC(12) Allocated:         -                 2M (0%)            2M (0%)            1M (0%)             -                  -          
[3.912s][info][gc,heap     ] GC(12)   Garbage:         -               139M (3%)          139M (3%)          137M (3%)             -                  -          
[3.912s][info][gc,heap     ] GC(12) Reclaimed:         -                  -                 0M (0%)            1M (0%)             -                  -          
[3.912s][info][gc          ] GC(12) Garbage Collection (Warmup) 1246M(30%)->1246M(30%)
[4.188s][info][gc,start    ] GC(13) Garbage Collection (Timer)
[4.188s][info][gc,task     ] GC(13) Using 3 workers
[4.188s][info][gc,phases   ] GC(13) Pause Mark Start 0.006ms
[4.202s][info][gc,phases   ] GC(13) Concurrent Mark 13.863ms
[4.203s][info][gc,phases   ] GC(13) Pause Mark End 0.009ms
[4.203s][info][gc,phases   ] GC(13) Concurrent Mark Free 0.001ms
[4.203s][info][gc,phases   ] GC(13) Concurrent Process Non-Strong References 0.734ms
[4.203s][info][gc,phases   ] GC(13) Concurrent Reset Relocation Set 0.001ms
[4.206s][info][gc,phases   ] GC(13) Concurrent Select Relocation Set 2.184ms
[4.206s][info][gc,phases   ] GC(13) Pause Relocate Start 0.006ms
[4.208s][info][gc,phases   ] GC(13) Concurrent Relocate 2.390ms
[4.208s][info][gc,load     ] GC(13) Load: 0.00/0.00/0.00
[4.208s][info][gc,mmu      ] GC(13) MMU: 2ms/99.3%, 5ms/99.6%, 10ms/99.8%, 20ms/99.9%, 50ms/99.9%, 100ms/100.0%
[4.208s][info][gc,marking  ] GC(13) Mark: 2 stripe(s), 2 proactive flush(es), 1 terminate flush(es), 0 completion(s), 0 continuation(s) 
[4.208s][info][gc,marking  ] GC(13) Mark Stack Usage: 32M
[4.208s][info][gc,nmethod  ] GC(13) NMethods: 452 registered, 0 unregistered
[4.208s][info][gc,metaspace] GC(13) Metaspace: 1M used, 1M committed, 1088M reserved
[4.208s][info][gc,ref      ] GC(13) Soft: 181 encountered, 0 discovered, 0 enqueued
[4.209s][info][gc,ref      ] GC(13) Weak: 263 encountered, 175 discovered, 0 enqueued
[4.209s][info][gc,ref      ] GC(13) Final: 0 encountered, 0 discovered, 0 enqueued
[4.209s][info][gc,ref      ] GC(13) Phantom: 7 encountered, 3 discovered, 0 enqueued
[4.209s][info][gc,reloc    ] GC(13) Small Pages: 647 / 1294M, Empty: 0M, Relocated: 1M, In-Place: 0
[4.209s][info][gc,reloc    ] GC(13) Medium Pages: 1 / 32M, Empty: 0M, Relocated: 0M, In-Place: 0
[4.209s][info][gc,reloc    ] GC(13) Large Pages: 0 / 0M, Empty: 0M, Relocated: 0M, In-Place: 0
[4.209s][info][gc,reloc    ] GC(13) Forwarding Usage: 0M
[4.209s][info][gc,heap     ] GC(13) Min Capacity: 4096M(100%)
[4.209s][info][gc,heap     ] GC(13) Max Capacity: 4096M(100%)
[4.209s][info][gc,heap     ] GC(13) Soft Max Capacity: 4096M(100%)
[4.209s][info][gc,heap     ] GC(13)                Mark Start          Mark End        Relocate Start      Relocate End           High               Low         
[4.209s][info][gc,heap     ] GC(13)  Capacity:     4096M (100%)       4096M (100%)       4096M (100%)       4096M (100%)       4096M (100%)       4096M (100%)   
[4.209s][info][gc,heap     ] GC(13)      Free:     2770M (68%)        2768M (68%)        2768M (68%)        2766M (68%)        2770M (68%)        2762M (67%)    
[4.209s][info][gc,heap     ] GC(13)      Used:     1326M (32%)        1328M (32%)        1328M (32%)        1330M (32%)        1334M (33%)        1326M (32%)    
[4.209s][info][gc,heap     ] GC(13)      Live:         -              1180M (29%)        1180M (29%)        1180M (29%)            -                  -          
[4.209s][info][gc,heap     ] GC(13) Allocated:         -                 2M (0%)            2M (0%)            4M (0%)             -                  -          
[4.209s][info][gc,heap     ] GC(13)   Garbage:         -               145M (4%)          145M (4%)          145M (4%)             -                  -          
[4.209s][info][gc,heap     ] GC(13) Reclaimed:         -                  -                 0M (0%)            0M (0%)             -                  -          
[4.209s][info][gc          ] GC(13) Garbage Collection (Timer) 1326M(32%)->1330M(32%)
[4.489s][info][gc,start    ] GC(14) Garbage Collection (Timer)
[4.489s][info][gc,task     ] GC(14) Using 3 workers
[4.489s][info][gc,phases   ] GC(14) Pause Mark Start 0.006ms
[4.503s][info][gc,phases   ] GC(14) Concurrent Mark 14.499ms
[4.503s][info][gc,phases   ] GC(14) Pause Mark End 0.009ms
[4.503s][info][gc,phases   ] GC(14) Concurrent Mark Free 0.001ms
[4.504s][info][gc,phases   ] GC(14) Concurrent Process Non-Strong References 0.721ms
[4.504s][info][gc,phases   ] GC(14) Concurrent Reset Relocation Set 0.001ms
[4.506s][info][gc,phases   ] GC(14) Concurrent Select Relocation Set 2.064ms
[4.506s][info][gc,phases   ] GC(14) Pause Relocate Start 0.004ms
[4.509s][info][gc,phases   ] GC(14) Concurrent Relocate 2.810ms
[4.509s][info][gc,load     ] GC(14) Load: 0.00/0.00/0.00
[4.509s][info][gc,mmu      ] GC(14) MMU: 2ms/99.3%, 5ms/99.6%, 10ms/99.8%, 20ms/99.9%, 50ms/99.9%, 100ms/100.0%
[4.509s][info][gc,marking  ] GC(14) Mark: 2 stripe(s), 2 proactive flush(es), 1 terminate flush(es), 0 completion(s), 0 continuation(s) 
[4.510s][info][gc,marking  ] GC(14) Mark Stack Usage: 32M
[4.510s][info][gc,nmethod  ] GC(14) NMethods: 452 registered, 0 unregistered
[4.510s][info][gc,metaspace] GC(14) Metaspace: 1M used, 1M committed, 1088M reserved
[4.510s][info][gc,ref      ] GC(14) Soft: 181 encountered, 0 discovered, 0 enqueued
[4.510s][info][gc,ref      ] GC(14) Weak: 263 encountered, 174 discovered, 0 enqueued
[4.510s][info][gc,ref      ] GC(14) Final: 0 encountered, 0 discovered, 0 enqueued
[4.510s][info][gc,ref      ] GC(14) Phantom: 7 encountered, 3 discovered, 0 enqueued
[4.510s][info][gc,reloc    ] GC(14) Small Pages: 678 / 1356M, Empty: 0M, Relocated: 1M, In-Place: 0
[4.510s][info][gc,reloc    ] GC(14) Medium Pages: 1 / 32M, Empty: 0M, Relocated: 0M, In-Place: 0
[4.510s][info][gc,reloc    ] GC(14) Large Pages: 0 / 0M, Empty: 0M, Relocated: 0M, In-Place: 0
[4.510s][info][gc,reloc    ] GC(14) Forwarding Usage: 0M
[4.510s][info][gc,heap     ] GC(14) Min Capacity: 4096M(100%)
[4.510s][info][gc,heap     ] GC(14) Max Capacity: 4096M(100%)
[4.510s][info][gc,heap     ] GC(14) Soft Max Capacity: 4096M(100%)
[4.510s][info][gc,heap     ] GC(14)                Mark Start          Mark End        Relocate Start      Relocate End           High               Low         
[4.510s][info][gc,heap     ] GC(14)  Capacity:     4096M (100%)       4096M (100%)       4096M (100%)       4096M (100%)       4096M (100%)       4096M (100%)   
[4.510s][info][gc,heap     ] GC(14)      Free:     2708M (66%)        2708M (66%)        2708M (66%)        2708M (66%)        2708M (66%)        2704M (66%)    
[4.510s][info][gc,heap     ] GC(14)      Used:     1388M (34%)        1388M (34%)        1388M (34%)        1388M (34%)        1392M (34%)        1388M (34%)    
[4.510s][info][gc,heap     ] GC(14)      Live:         -              1236M (30%)        1236M (30%)        1236M (30%)            -                  -          
[4.510s][info][gc,heap     ] GC(14) Allocated:         -                 0M (0%)            0M (0%)            0M (0%)             -                  -          
[4.510s][info][gc,heap     ] GC(14)   Garbage:         -               151M (4%)          151M (4%)          151M (4%)             -                  -          
[4.510s][info][gc,heap     ] GC(14) Reclaimed:         -                  -                 0M (0%)            0M (0%)             -                  -          
[4.510s][info][gc          ] GC(14) Garbage Collection (Timer) 1388M(34%)->1388M(34%)
[4.787s][info][gc,start    ] GC(15) Garbage Collection (Timer)
[4.805s][info][gc,task     ] GC(15) Using 3 workers
[4.806s][info][gc,phases   ] GC(15) Pause Mark Start 0.006ms
[4.817s][info][gc,phases   ] GC(15) Concurrent Mark 11.347ms
[4.817s][info][gc,phases   ] GC(15) Pause Mark End 0.009ms
[4.817s][info][gc,phases   ] GC(15) Concurrent Mark Free 0.001ms
[4.818s][info][gc,phases   ] GC(15) Concurrent Process Non-Strong References 0.731ms
[4.818s][info][gc,phases   ] GC(15) Concurrent Reset Relocation Set 0.001ms
[4.820s][info][gc,phases   ] GC(15) Concurrent Select Relocation Set 2.060ms
[4.820s][info][gc,phases   ] GC(15) Pause Relocate Start 0.004ms
[4.822s][info][gc,phases   ] GC(15) Concurrent Relocate 1.222ms
[4.822s][info][gc,load     ] GC(15) Load: 0.00/0.00/0.00
[4.822s][info][gc,mmu      ] GC(15) MMU: 2ms/99.3%, 5ms/99.6%, 10ms/99.8%, 20ms/99.9%, 50ms/99.9%, 100ms/100.0%
[4.822s][info][gc,marking  ] GC(15) Mark: 2 stripe(s), 2 proactive flush(es), 1 terminate flush(es), 0 completion(s), 0 continuation(s) 
[4.822s][info][gc,marking  ] GC(15) Mark Stack Usage: 32M
[4.822s][info][gc,nmethod  ] GC(15) NMethods: 452 registered, 0 unregistered
[4.822s][info][gc,metaspace] GC(15) Metaspace: 1M used, 1M committed, 1088M reserved
[4.822s][info][gc,ref      ] GC(15) Soft: 181 encountered, 0 discovered, 0 enqueued
[4.822s][info][gc,ref      ] GC(15) Weak: 263 encountered, 175 discovered, 0 enqueued
[4.822s][info][gc,ref      ] GC(15) Final: 0 encountered, 0 discovered, 0 enqueued
[4.822s][info][gc,ref      ] GC(15) Phantom: 7 encountered, 3 discovered, 0 enqueued
[4.822s][info][gc,reloc    ] GC(15) Small Pages: 678 / 1356M, Empty: 0M, Relocated: 1M, In-Place: 0
[4.822s][info][gc,reloc    ] GC(15) Medium Pages: 1 / 32M, Empty: 0M, Relocated: 0M, In-Place: 0
[4.822s][info][gc,reloc    ] GC(15) Large Pages: 0 / 0M, Empty: 0M, Relocated: 0M, In-Place: 0
[4.822s][info][gc,reloc    ] GC(15) Forwarding Usage: 0M
[4.822s][info][gc,heap     ] GC(15) Min Capacity: 4096M(100%)
[4.822s][info][gc,heap     ] GC(15) Max Capacity: 4096M(100%)
[4.822s][info][gc,heap     ] GC(15) Soft Max Capacity: 4096M(100%)
[4.822s][info][gc,heap     ] GC(15)                Mark Start          Mark End        Relocate Start      Relocate End           High               Low         
[4.822s][info][gc,heap     ] GC(15)  Capacity:     4096M (100%)       4096M (100%)       4096M (100%)       4096M (100%)       4096M (100%)       4096M (100%)   
[4.822s][info][gc,heap     ] GC(15)      Free:     2708M (66%)        2708M (66%)        2708M (66%)        2708M (66%)        2708M (66%)        2704M (66%)    
[4.822s][info][gc,heap     ] GC(15)      Used:     1388M (34%)        1388M (34%)        1388M (34%)        1388M (34%)        1392M (34%)        1388M (34%)    
[4.822s][info][gc,heap     ] GC(15)      Live:         -              1236M (30%)        1236M (30%)        1236M (30%)            -                  -          
[4.822s][info][gc,heap     ] GC(15) Allocated:         -                 0M (0%)            0M (0%)            0M (0%)             -                  -          
[4.822s][info][gc,heap     ] GC(15)   Garbage:         -               151M (4%)          151M (4%)          151M (4%)             -                  -          
[4.822s][info][gc,heap     ] GC(15) Reclaimed:         -                  -                 0M (0%)            0M (0%)             -                  -          
[4.822s][info][gc          ] GC(15) Garbage Collection (Timer) 1388M(34%)->1388M(34%)
[5.089s][info][gc,start    ] GC(16) Garbage Collection (Timer)
[5.089s][info][gc,task     ] GC(16) Using 3 workers
[5.089s][info][gc,phases   ] GC(16) Pause Mark Start 0.006ms
[5.099s][info][gc,phases   ] GC(16) Concurrent Mark 9.869ms
[5.099s][info][gc,phases   ] GC(16) Pause Mark End 0.010ms
[5.099s][info][gc,phases   ] GC(16) Concurrent Mark Free 0.001ms
[5.100s][info][gc,phases   ] GC(16) Concurrent Process Non-Strong References 0.827ms
[5.100s][info][gc,phases   ] GC(16) Concurrent Reset Relocation Set 0.001ms
[5.102s][info][gc,phases   ] GC(16) Concurrent Select Relocation Set 2.075ms
[5.102s][info][gc,phases   ] GC(16) Pause Relocate Start 0.005ms
[5.103s][info][gc,phases   ] GC(16) Concurrent Relocate 0.525ms
[5.103s][info][gc,load     ] GC(16) Load: 0.00/0.00/0.00
[5.103s][info][gc,mmu      ] GC(16) MMU: 2ms/99.3%, 5ms/99.6%, 10ms/99.8%, 20ms/99.9%, 50ms/99.9%, 100ms/100.0%
[5.103s][info][gc,marking  ] GC(16) Mark: 2 stripe(s), 1 proactive flush(es), 1 terminate flush(es), 0 completion(s), 0 continuation(s) 
[5.103s][info][gc,marking  ] GC(16) Mark Stack Usage: 32M
[5.103s][info][gc,nmethod  ] GC(16) NMethods: 452 registered, 0 unregistered
[5.103s][info][gc,metaspace] GC(16) Metaspace: 1M used, 1M committed, 1088M reserved
[5.103s][info][gc,ref      ] GC(16) Soft: 181 encountered, 0 discovered, 0 enqueued
[5.103s][info][gc,ref      ] GC(16) Weak: 263 encountered, 174 discovered, 0 enqueued
[5.103s][info][gc,ref      ] GC(16) Final: 0 encountered, 0 discovered, 0 enqueued
[5.103s][info][gc,ref      ] GC(16) Phantom: 7 encountered, 4 discovered, 0 enqueued
[5.103s][info][gc,reloc    ] GC(16) Small Pages: 678 / 1356M, Empty: 0M, Relocated: 1M, In-Place: 0
[5.103s][info][gc,reloc    ] GC(16) Medium Pages: 1 / 32M, Empty: 0M, Relocated: 0M, In-Place: 0
[5.103s][info][gc,reloc    ] GC(16) Large Pages: 0 / 0M, Empty: 0M, Relocated: 0M, In-Place: 0
[5.103s][info][gc,reloc    ] GC(16) Forwarding Usage: 0M
[5.103s][info][gc,heap     ] GC(16) Min Capacity: 4096M(100%)
[5.103s][info][gc,heap     ] GC(16) Max Capacity: 4096M(100%)
[5.103s][info][gc,heap     ] GC(16) Soft Max Capacity: 4096M(100%)
[5.103s][info][gc,heap     ] GC(16)                Mark Start          Mark End        Relocate Start      Relocate End           High               Low         
[5.103s][info][gc,heap     ] GC(16)  Capacity:     4096M (100%)       4096M (100%)       4096M (100%)       4096M (100%)       4096M (100%)       4096M (100%)   
[5.103s][info][gc,heap     ] GC(16)      Free:     2708M (66%)        2708M (66%)        2708M (66%)        2708M (66%)        2708M (66%)        2704M (66%)    
[5.103s][info][gc,heap     ] GC(16)      Used:     1388M (34%)        1388M (34%)        1388M (34%)        1388M (34%)        1392M (34%)        1388M (34%)    
[5.103s][info][gc,heap     ] GC(16)      Live:         -              1236M (30%)        1236M (30%)        1236M (30%)            -                  -          
[5.103s][info][gc,heap     ] GC(16) Allocated:         -                 0M (0%)            0M (0%)            0M (0%)             -                  -          
[5.103s][info][gc,heap     ] GC(16)   Garbage:         -               151M (4%)          151M (4%)          151M (4%)             -                  -          
[5.104s][info][gc,heap     ] GC(16) Reclaimed:         -                  -                 0M (0%)            0M (0%)             -                  -          
[5.104s][info][gc          ] GC(16) Garbage Collection (Timer) 1388M(34%)->1388M(34%)
[5.388s][info][gc,start    ] GC(17) Garbage Collection (Timer)
[5.388s][info][gc,task     ] GC(17) Using 3 workers
[5.388s][info][gc,phases   ] GC(17) Pause Mark Start 0.006ms
[5.399s][info][gc,phases   ] GC(17) Concurrent Mark 10.134ms
[5.399s][info][gc,phases   ] GC(17) Pause Mark End 0.011ms
[5.399s][info][gc,phases   ] GC(17) Concurrent Mark Free 0.001ms
[5.400s][info][gc,phases   ] GC(17) Concurrent Process Non-Strong References 0.739ms
[5.400s][info][gc,phases   ] GC(17) Concurrent Reset Relocation Set 0.001ms
[5.402s][info][gc,phases   ] GC(17) Concurrent Select Relocation Set 2.127ms
[5.402s][info][gc,phases   ] GC(17) Pause Relocate Start 0.005ms
[5.402s][info][gc,phases   ] GC(17) Concurrent Relocate 0.254ms
[5.402s][info][gc,load     ] GC(17) Load: 0.00/0.00/0.00
[5.402s][info][gc,mmu      ] GC(17) MMU: 2ms/99.3%, 5ms/99.6%, 10ms/99.8%, 20ms/99.9%, 50ms/99.9%, 100ms/100.0%
[5.402s][info][gc,marking  ] GC(17) Mark: 2 stripe(s), 1 proactive flush(es), 1 terminate flush(es), 0 completion(s), 0 continuation(s) 
[5.402s][info][gc,marking  ] GC(17) Mark Stack Usage: 32M
[5.402s][info][gc,nmethod  ] GC(17) NMethods: 452 registered, 0 unregistered
[5.402s][info][gc,metaspace] GC(17) Metaspace: 1M used, 1M committed, 1088M reserved
[5.403s][info][gc,ref      ] GC(17) Soft: 181 encountered, 0 discovered, 0 enqueued
[5.403s][info][gc,ref      ] GC(17) Weak: 263 encountered, 179 discovered, 0 enqueued
[5.403s][info][gc,ref      ] GC(17) Final: 0 encountered, 0 discovered, 0 enqueued
[5.403s][info][gc,ref      ] GC(17) Phantom: 7 encountered, 3 discovered, 0 enqueued
[5.403s][info][gc,reloc    ] GC(17) Small Pages: 678 / 1356M, Empty: 0M, Relocated: 1M, In-Place: 0
[5.403s][info][gc,reloc    ] GC(17) Medium Pages: 1 / 32M, Empty: 0M, Relocated: 0M, In-Place: 0
[5.403s][info][gc,reloc    ] GC(17) Large Pages: 0 / 0M, Empty: 0M, Relocated: 0M, In-Place: 0
[5.403s][info][gc,reloc    ] GC(17) Forwarding Usage: 0M
[5.403s][info][gc,heap     ] GC(17) Min Capacity: 4096M(100%)
[5.403s][info][gc,heap     ] GC(17) Max Capacity: 4096M(100%)
[5.403s][info][gc,heap     ] GC(17) Soft Max Capacity: 4096M(100%)
[5.403s][info][gc,heap     ] GC(17)                Mark Start          Mark End        Relocate Start      Relocate End           High               Low         
[5.403s][info][gc,heap     ] GC(17)  Capacity:     4096M (100%)       4096M (100%)       4096M (100%)       4096M (100%)       4096M (100%)       4096M (100%)   
[5.403s][info][gc,heap     ] GC(17)      Free:     2708M (66%)        2708M (66%)        2708M (66%)        2708M (66%)        2708M (66%)        2704M (66%)    
[5.403s][info][gc,heap     ] GC(17)      Used:     1388M (34%)        1388M (34%)        1388M (34%)        1388M (34%)        1392M (34%)        1388M (34%)    
[5.403s][info][gc,heap     ] GC(17)      Live:         -              1236M (30%)        1236M (30%)        1236M (30%)            -                  -          
[5.403s][info][gc,heap     ] GC(17) Allocated:         -                 0M (0%)            0M (0%)            0M (0%)             -                  -          
[5.403s][info][gc,heap     ] GC(17)   Garbage:         -               151M (4%)          151M (4%)          151M (4%)             -                  -          
[5.403s][info][gc,heap     ] GC(17) Reclaimed:         -                  -                 0M (0%)            0M (0%)             -                  -          
[5.403s][info][gc          ] GC(17) Garbage Collection (Timer) 1388M(34%)->1388M(34%)
[5.688s][info][gc,start    ] GC(18) Garbage Collection (Timer)
[5.688s][info][gc,task     ] GC(18) Using 3 workers
[5.688s][info][gc,phases   ] GC(18) Pause Mark Start 0.006ms
[5.700s][info][gc,phases   ] GC(18) Concurrent Mark 11.666ms
[5.700s][info][gc,phases   ] GC(18) Pause Mark End 0.010ms
[5.701s][info][gc,phases   ] GC(18) Concurrent Mark Free 0.001ms
[5.701s][info][gc,phases   ] GC(18) Concurrent Process Non-Strong References 0.580ms
[5.701s][info][gc,phases   ] GC(18) Concurrent Reset Relocation Set 0.001ms
[5.704s][info][gc,phases   ] GC(18) Concurrent Select Relocation Set 2.284ms
[5.704s][info][gc,phases   ] GC(18) Pause Relocate Start 0.006ms
[5.706s][info][gc,phases   ] GC(18) Concurrent Relocate 2.216ms
[5.706s][info][gc,load     ] GC(18) Load: 0.00/0.00/0.00
[5.706s][info][gc,mmu      ] GC(18) MMU: 2ms/99.3%, 5ms/99.6%, 10ms/99.8%, 20ms/99.9%, 50ms/99.9%, 100ms/100.0%
[5.706s][info][gc,marking  ] GC(18) Mark: 2 stripe(s), 2 proactive flush(es), 1 terminate flush(es), 0 completion(s), 0 continuation(s) 
[5.706s][info][gc,marking  ] GC(18) Mark Stack Usage: 32M
[5.706s][info][gc,nmethod  ] GC(18) NMethods: 459 registered, 0 unregistered
[5.706s][info][gc,metaspace] GC(18) Metaspace: 1M used, 1M committed, 1088M reserved
[5.706s][info][gc,ref      ] GC(18) Soft: 181 encountered, 0 discovered, 0 enqueued
[5.706s][info][gc,ref      ] GC(18) Weak: 263 encountered, 175 discovered, 0 enqueued
[5.706s][info][gc,ref      ] GC(18) Final: 0 encountered, 0 discovered, 0 enqueued
[5.706s][info][gc,ref      ] GC(18) Phantom: 7 encountered, 3 discovered, 0 enqueued
[5.706s][info][gc,reloc    ] GC(18) Small Pages: 716 / 1432M, Empty: 0M, Relocated: 1M, In-Place: 0
[5.706s][info][gc,reloc    ] GC(18) Medium Pages: 2 / 64M, Empty: 32M, Relocated: 0M, In-Place: 0
[5.706s][info][gc,reloc    ] GC(18) Large Pages: 0 / 0M, Empty: 0M, Relocated: 0M, In-Place: 0
[5.706s][info][gc,reloc    ] GC(18) Forwarding Usage: 0M
[5.707s][info][gc,heap     ] GC(18) Min Capacity: 4096M(100%)
[5.707s][info][gc,heap     ] GC(18) Max Capacity: 4096M(100%)
[5.707s][info][gc,heap     ] GC(18) Soft Max Capacity: 4096M(100%)
[5.707s][info][gc,heap     ] GC(18)                Mark Start          Mark End        Relocate Start      Relocate End           High               Low         
[5.707s][info][gc,heap     ] GC(18)  Capacity:     4096M (100%)       4096M (100%)       4096M (100%)       4096M (100%)       4096M (100%)       4096M (100%)   
[5.707s][info][gc,heap     ] GC(18)      Free:     2600M (63%)        2598M (63%)        2630M (64%)        2630M (64%)        2630M (64%)        2598M (63%)    
[5.707s][info][gc,heap     ] GC(18)      Used:     1496M (37%)        1498M (37%)        1466M (36%)        1466M (36%)        1498M (37%)        1466M (36%)    
[5.707s][info][gc,heap     ] GC(18)      Live:         -              1306M (32%)        1306M (32%)        1306M (32%)            -                  -          
[5.707s][info][gc,heap     ] GC(18) Allocated:         -                 2M (0%)            2M (0%)            2M (0%)             -                  -          
[5.707s][info][gc,heap     ] GC(18)   Garbage:         -               189M (5%)          157M (4%)          157M (4%)             -                  -          
[5.707s][info][gc,heap     ] GC(18) Reclaimed:         -                  -                32M (1%)           32M (1%)             -                  -          
[5.707s][info][gc          ] GC(18) Garbage Collection (Timer) 1496M(37%)->1466M(36%)
[5.988s][info][gc,start    ] GC(19) Garbage Collection (Timer)
[5.988s][info][gc,task     ] GC(19) Using 3 workers
[5.988s][info][gc,phases   ] GC(19) Pause Mark Start 0.006ms
[6.004s][info][gc,phases   ] GC(19) Concurrent Mark 14.941ms
[6.004s][info][gc,phases   ] GC(19) Pause Mark End 0.009ms
[6.004s][info][gc,phases   ] GC(19) Concurrent Mark Free 0.001ms
[6.004s][info][gc,phases   ] GC(19) Concurrent Process Non-Strong References 0.515ms
[6.004s][info][gc,phases   ] GC(19) Concurrent Reset Relocation Set 0.001ms
[6.007s][info][gc,phases   ] GC(19) Concurrent Select Relocation Set 2.377ms
[6.007s][info][gc,phases   ] GC(19) Pause Relocate Start 0.006ms
[6.013s][info][gc,phases   ] GC(19) Concurrent Relocate 6.233ms
[6.013s][info][gc,load     ] GC(19) Load: 0.00/0.00/0.00
[6.013s][info][gc,mmu      ] GC(19) MMU: 2ms/99.3%, 5ms/99.6%, 10ms/99.8%, 20ms/99.9%, 50ms/99.9%, 100ms/100.0%
[6.013s][info][gc,marking  ] GC(19) Mark: 2 stripe(s), 2 proactive flush(es), 1 terminate flush(es), 0 completion(s), 0 continuation(s) 
[6.013s][info][gc,marking  ] GC(19) Mark Stack Usage: 32M
[6.013s][info][gc,nmethod  ] GC(19) NMethods: 459 registered, 0 unregistered
[6.013s][info][gc,metaspace] GC(19) Metaspace: 1M used, 1M committed, 1088M reserved
[6.014s][info][gc,ref      ] GC(19) Soft: 181 encountered, 0 discovered, 0 enqueued
[6.014s][info][gc,ref      ] GC(19) Weak: 263 encountered, 172 discovered, 0 enqueued
[6.014s][info][gc,ref      ] GC(19) Final: 0 encountered, 0 discovered, 0 enqueued
[6.014s][info][gc,ref      ] GC(19) Phantom: 7 encountered, 2 discovered, 0 enqueued
[6.014s][info][gc,reloc    ] GC(19) Small Pages: 754 / 1508M, Empty: 0M, Relocated: 4M, In-Place: 0
[6.014s][info][gc,reloc    ] GC(19) Medium Pages: 1 / 32M, Empty: 0M, Relocated: 0M, In-Place: 0
[6.014s][info][gc,reloc    ] GC(19) Large Pages: 0 / 0M, Empty: 0M, Relocated: 0M, In-Place: 0
[6.014s][info][gc,reloc    ] GC(19) Forwarding Usage: 0M
[6.014s][info][gc,heap     ] GC(19) Min Capacity: 4096M(100%)
[6.014s][info][gc,heap     ] GC(19) Max Capacity: 4096M(100%)
[6.014s][info][gc,heap     ] GC(19) Soft Max Capacity: 4096M(100%)
[6.014s][info][gc,heap     ] GC(19)                Mark Start          Mark End        Relocate Start      Relocate End           High               Low         
[6.014s][info][gc,heap     ] GC(19)  Capacity:     4096M (100%)       4096M (100%)       4096M (100%)       4096M (100%)       4096M (100%)       4096M (100%)   
[6.014s][info][gc,heap     ] GC(19)      Free:     2556M (62%)        2554M (62%)        2554M (62%)        2556M (62%)        2556M (62%)        2548M (62%)    
[6.014s][info][gc,heap     ] GC(19)      Used:     1540M (38%)        1542M (38%)        1542M (38%)        1540M (38%)        1548M (38%)        1540M (38%)    
[6.014s][info][gc,heap     ] GC(19)      Live:         -              1374M (34%)        1374M (34%)        1374M (34%)            -                  -          
[6.014s][info][gc,heap     ] GC(19) Allocated:         -                 2M (0%)            2M (0%)            1M (0%)             -                  -          
[6.014s][info][gc,heap     ] GC(19)   Garbage:         -               165M (4%)          165M (4%)          163M (4%)             -                  -          
[6.014s][info][gc,heap     ] GC(19) Reclaimed:         -                  -                 0M (0%)            1M (0%)             -                  -          
[6.014s][info][gc          ] GC(19) Garbage Collection (Timer) 1540M(38%)->1540M(38%)
[6.288s][info][gc,start    ] GC(20) Garbage Collection (Timer)
[6.288s][info][gc,task     ] GC(20) Using 3 workers
[6.288s][info][gc,phases   ] GC(20) Pause Mark Start 0.006ms
[6.305s][info][gc,phases   ] GC(20) Concurrent Mark 15.984ms
[6.305s][info][gc,phases   ] GC(20) Pause Mark End 0.010ms
[6.305s][info][gc,phases   ] GC(20) Concurrent Mark Free 0.001ms
[6.305s][info][gc,phases   ] GC(20) Concurrent Process Non-Strong References 0.630ms
[6.305s][info][gc,phases   ] GC(20) Concurrent Reset Relocation Set 0.001ms
[6.309s][info][gc,phases   ] GC(20) Concurrent Select Relocation Set 3.071ms
[6.309s][info][gc,phases   ] GC(20) Pause Relocate Start 0.007ms
[6.311s][info][gc,phases   ] GC(20) Concurrent Relocate 2.393ms
[6.311s][info][gc,load     ] GC(20) Load: 0.00/0.00/0.00
[6.311s][info][gc,mmu      ] GC(20) MMU: 2ms/99.3%, 5ms/99.6%, 10ms/99.8%, 20ms/99.9%, 50ms/99.9%, 100ms/100.0%
[6.312s][info][gc,marking  ] GC(20) Mark: 2 stripe(s), 2 proactive flush(es), 1 terminate flush(es), 0 completion(s), 0 continuation(s) 
[6.312s][info][gc,marking  ] GC(20) Mark Stack Usage: 32M
[6.312s][info][gc,nmethod  ] GC(20) NMethods: 459 registered, 0 unregistered
[6.312s][info][gc,metaspace] GC(20) Metaspace: 1M used, 1M committed, 1088M reserved
[6.312s][info][gc,ref      ] GC(20) Soft: 181 encountered, 0 discovered, 0 enqueued
[6.312s][info][gc,ref      ] GC(20) Weak: 263 encountered, 175 discovered, 0 enqueued
[6.312s][info][gc,ref      ] GC(20) Final: 0 encountered, 0 discovered, 0 enqueued
[6.312s][info][gc,ref      ] GC(20) Phantom: 7 encountered, 3 discovered, 0 enqueued
[6.312s][info][gc,reloc    ] GC(20) Small Pages: 796 / 1592M, Empty: 0M, Relocated: 1M, In-Place: 0
[6.312s][info][gc,reloc    ] GC(20) Medium Pages: 1 / 32M, Empty: 0M, Relocated: 0M, In-Place: 0
[6.312s][info][gc,reloc    ] GC(20) Large Pages: 0 / 0M, Empty: 0M, Relocated: 0M, In-Place: 0
[6.312s][info][gc,reloc    ] GC(20) Forwarding Usage: 0M
[6.312s][info][gc,heap     ] GC(20) Min Capacity: 4096M(100%)
[6.312s][info][gc,heap     ] GC(20) Max Capacity: 4096M(100%)
[6.312s][info][gc,heap     ] GC(20) Soft Max Capacity: 4096M(100%)
[6.312s][info][gc,heap     ] GC(20)                Mark Start          Mark End        Relocate Start      Relocate End           High               Low         
[6.312s][info][gc,heap     ] GC(20)  Capacity:     4096M (100%)       4096M (100%)       4096M (100%)       4096M (100%)       4096M (100%)       4096M (100%)   
[6.312s][info][gc,heap     ] GC(20)      Free:     2472M (60%)        2470M (60%)        2470M (60%)        2468M (60%)        2472M (60%)        2464M (60%)    
[6.312s][info][gc,heap     ] GC(20)      Used:     1624M (40%)        1626M (40%)        1626M (40%)        1628M (40%)        1632M (40%)        1624M (40%)    
[6.312s][info][gc,heap     ] GC(20)      Live:         -              1453M (35%)        1453M (35%)        1453M (35%)            -                  -          
[6.312s][info][gc,heap     ] GC(20) Allocated:         -                 2M (0%)            2M (0%)            4M (0%)             -                  -          
[6.312s][info][gc,heap     ] GC(20)   Garbage:         -               170M (4%)          170M (4%)          170M (4%)             -                  -          
[6.312s][info][gc,heap     ] GC(20) Reclaimed:         -                  -                 0M (0%)            0M (0%)             -                  -          
[6.312s][info][gc          ] GC(20) Garbage Collection (Timer) 1624M(40%)->1628M(40%)
[6.588s][info][gc,start    ] GC(21) Garbage Collection (Timer)
[6.588s][info][gc,task     ] GC(21) Using 3 workers
[6.588s][info][gc,phases   ] GC(21) Pause Mark Start 0.006ms
[6.603s][info][gc,phases   ] GC(21) Concurrent Mark 15.119ms
[6.603s][info][gc,phases   ] GC(21) Pause Mark End 0.009ms
[6.604s][info][gc,phases   ] GC(21) Concurrent Mark Free 0.001ms
[6.604s][info][gc,phases   ] GC(21) Concurrent Process Non-Strong References 0.598ms
[6.604s][info][gc,phases   ] GC(21) Concurrent Reset Relocation Set 0.001ms
[6.606s][info][gc,phases   ] GC(21) Concurrent Select Relocation Set 2.125ms
[6.607s][info][gc,phases   ] GC(21) Pause Relocate Start 0.006ms
[6.610s][info][gc,phases   ] GC(21) Concurrent Relocate 3.123ms
[6.610s][info][gc,load     ] GC(21) Load: 0.00/0.00/0.00
[6.610s][info][gc,mmu      ] GC(21) MMU: 2ms/99.3%, 5ms/99.6%, 10ms/99.8%, 20ms/99.9%, 50ms/99.9%, 100ms/100.0%
[6.610s][info][gc,marking  ] GC(21) Mark: 2 stripe(s), 2 proactive flush(es), 1 terminate flush(es), 0 completion(s), 0 continuation(s) 
[6.610s][info][gc,marking  ] GC(21) Mark Stack Usage: 32M
[6.610s][info][gc,nmethod  ] GC(21) NMethods: 459 registered, 0 unregistered
[6.610s][info][gc,metaspace] GC(21) Metaspace: 1M used, 1M committed, 1088M reserved
[6.610s][info][gc,ref      ] GC(21) Soft: 181 encountered, 0 discovered, 0 enqueued
[6.610s][info][gc,ref      ] GC(21) Weak: 263 encountered, 175 discovered, 0 enqueued
[6.610s][info][gc,ref      ] GC(21) Final: 0 encountered, 0 discovered, 0 enqueued
[6.610s][info][gc,ref      ] GC(21) Phantom: 7 encountered, 3 discovered, 0 enqueued
[6.610s][info][gc,reloc    ] GC(21) Small Pages: 834 / 1668M, Empty: 0M, Relocated: 1M, In-Place: 0
[6.610s][info][gc,reloc    ] GC(21) Medium Pages: 1 / 32M, Empty: 0M, Relocated: 0M, In-Place: 0
[6.610s][info][gc,reloc    ] GC(21) Large Pages: 0 / 0M, Empty: 0M, Relocated: 0M, In-Place: 0
[6.610s][info][gc,reloc    ] GC(21) Forwarding Usage: 0M
[6.610s][info][gc,heap     ] GC(21) Min Capacity: 4096M(100%)
[6.610s][info][gc,heap     ] GC(21) Max Capacity: 4096M(100%)
[6.610s][info][gc,heap     ] GC(21) Soft Max Capacity: 4096M(100%)
[6.610s][info][gc,heap     ] GC(21)                Mark Start          Mark End        Relocate Start      Relocate End           High               Low         
[6.610s][info][gc,heap     ] GC(21)  Capacity:     4096M (100%)       4096M (100%)       4096M (100%)       4096M (100%)       4096M (100%)       4096M (100%)   
[6.610s][info][gc,heap     ] GC(21)      Free:     2396M (58%)        2394M (58%)        2394M (58%)        2394M (58%)        2396M (58%)        2388M (58%)    
[6.610s][info][gc,heap     ] GC(21)      Used:     1700M (42%)        1702M (42%)        1702M (42%)        1702M (42%)        1708M (42%)        1700M (42%)    
[6.610s][info][gc,heap     ] GC(21)      Live:         -              1521M (37%)        1521M (37%)        1521M (37%)            -                  -          
[6.610s][info][gc,heap     ] GC(21) Allocated:         -                 2M (0%)            2M (0%)            2M (0%)             -                  -          
[6.610s][info][gc,heap     ] GC(21)   Garbage:         -               178M (4%)          178M (4%)          178M (4%)             -                  -          
[6.610s][info][gc,heap     ] GC(21) Reclaimed:         -                  -                 0M (0%)            0M (0%)             -                  -          
[6.610s][info][gc          ] GC(21) Garbage Collection (Timer) 1700M(42%)->1702M(42%)
[6.889s][info][gc,start    ] GC(22) Garbage Collection (Timer)
[6.889s][info][gc,task     ] GC(22) Using 3 workers
[6.890s][info][gc,phases   ] GC(22) Pause Mark Start 0.006ms
[6.905s][info][gc,phases   ] GC(22) Concurrent Mark 15.787ms
[6.906s][info][gc,phases   ] GC(22) Pause Mark End 0.009ms
[6.906s][info][gc,phases   ] GC(22) Concurrent Mark Free 0.001ms
[6.906s][info][gc,phases   ] GC(22) Concurrent Process Non-Strong References 0.475ms
[6.906s][info][gc,phases   ] GC(22) Concurrent Reset Relocation Set 0.001ms
[6.909s][info][gc,phases   ] GC(22) Concurrent Select Relocation Set 2.454ms
[6.909s][info][gc,phases   ] GC(22) Pause Relocate Start 0.006ms
[6.913s][info][gc,phases   ] GC(22) Concurrent Relocate 3.942ms
[6.913s][info][gc,load     ] GC(22) Load: 0.00/0.00/0.00
[6.913s][info][gc,mmu      ] GC(22) MMU: 2ms/99.3%, 5ms/99.6%, 10ms/99.8%, 20ms/99.9%, 50ms/99.9%, 100ms/100.0%
[6.913s][info][gc,marking  ] GC(22) Mark: 2 stripe(s), 2 proactive flush(es), 1 terminate flush(es), 0 completion(s), 0 continuation(s) 
[6.913s][info][gc,marking  ] GC(22) Mark Stack Usage: 32M
[6.913s][info][gc,nmethod  ] GC(22) NMethods: 459 registered, 0 unregistered
[6.913s][info][gc,metaspace] GC(22) Metaspace: 1M used, 1M committed, 1088M reserved
[6.913s][info][gc,ref      ] GC(22) Soft: 181 encountered, 0 discovered, 0 enqueued
[6.913s][info][gc,ref      ] GC(22) Weak: 263 encountered, 171 discovered, 0 enqueued
[6.913s][info][gc,ref      ] GC(22) Final: 0 encountered, 0 discovered, 0 enqueued
[6.913s][info][gc,ref      ] GC(22) Phantom: 7 encountered, 2 discovered, 0 enqueued
[6.913s][info][gc,reloc    ] GC(22) Small Pages: 876 / 1752M, Empty: 0M, Relocated: 3M, In-Place: 0
[6.913s][info][gc,reloc    ] GC(22) Medium Pages: 1 / 32M, Empty: 0M, Relocated: 0M, In-Place: 0
[6.913s][info][gc,reloc    ] GC(22) Large Pages: 0 / 0M, Empty: 0M, Relocated: 0M, In-Place: 0
[6.913s][info][gc,reloc    ] GC(22) Forwarding Usage: 0M
[6.914s][info][gc,heap     ] GC(22) Min Capacity: 4096M(100%)
[6.914s][info][gc,heap     ] GC(22) Max Capacity: 4096M(100%)
[6.914s][info][gc,heap     ] GC(22) Soft Max Capacity: 4096M(100%)
[6.914s][info][gc,heap     ] GC(22)                Mark Start          Mark End        Relocate Start      Relocate End           High               Low         
[6.914s][info][gc,heap     ] GC(22)  Capacity:     4096M (100%)       4096M (100%)       4096M (100%)       4096M (100%)       4096M (100%)       4096M (100%)   
[6.914s][info][gc,heap     ] GC(22)      Free:     2312M (56%)        2310M (56%)        2310M (56%)        2314M (56%)        2314M (56%)        2304M (56%)    
[6.914s][info][gc,heap     ] GC(22)      Used:     1784M (44%)        1786M (44%)        1786M (44%)        1782M (44%)        1792M (44%)        1782M (44%)    
[6.914s][info][gc,heap     ] GC(22)      Live:         -              1596M (39%)        1596M (39%)        1596M (39%)            -                  -          
[6.914s][info][gc,heap     ] GC(22) Allocated:         -                 2M (0%)            2M (0%)            1M (0%)             -                  -          
[6.914s][info][gc,heap     ] GC(22)   Garbage:         -               187M (5%)          187M (5%)          183M (4%)             -                  -          
[6.914s][info][gc,heap     ] GC(22) Reclaimed:         -                  -                 0M (0%)            3M (0%)             -                  -          
[6.914s][info][gc          ] GC(22) Garbage Collection (Timer) 1784M(44%)->1782M(44%)
[7.188s][info][gc,start    ] GC(23) Garbage Collection (Timer)
[7.188s][info][gc,task     ] GC(23) Using 3 workers
[7.188s][info][gc,phases   ] GC(23) Pause Mark Start 0.006ms
[7.207s][info][gc,phases   ] GC(23) Concurrent Mark 18.672ms
[7.207s][info][gc,phases   ] GC(23) Pause Mark End 0.010ms
[7.208s][info][gc,phases   ] GC(23) Concurrent Mark Free 0.001ms
[7.208s][info][gc,phases   ] GC(23) Concurrent Process Non-Strong References 0.643ms
[7.208s][info][gc,phases   ] GC(23) Concurrent Reset Relocation Set 0.001ms
[7.211s][info][gc,phases   ] GC(23) Concurrent Select Relocation Set 2.451ms
[7.211s][info][gc,phases   ] GC(23) Pause Relocate Start 0.006ms
[7.214s][info][gc,phases   ] GC(23) Concurrent Relocate 3.008ms
[7.214s][info][gc,load     ] GC(23) Load: 0.00/0.00/0.00
[7.214s][info][gc,mmu      ] GC(23) MMU: 2ms/99.3%, 5ms/99.6%, 10ms/99.8%, 20ms/99.9%, 50ms/99.9%, 100ms/100.0%
[7.214s][info][gc,marking  ] GC(23) Mark: 2 stripe(s), 2 proactive flush(es), 1 terminate flush(es), 0 completion(s), 0 continuation(s) 
[7.214s][info][gc,marking  ] GC(23) Mark Stack Usage: 32M
[7.214s][info][gc,nmethod  ] GC(23) NMethods: 460 registered, 0 unregistered
[7.214s][info][gc,metaspace] GC(23) Metaspace: 1M used, 1M committed, 1088M reserved
[7.214s][info][gc,ref      ] GC(23) Soft: 181 encountered, 0 discovered, 0 enqueued
[7.214s][info][gc,ref      ] GC(23) Weak: 263 encountered, 170 discovered, 0 enqueued
[7.214s][info][gc,ref      ] GC(23) Final: 0 encountered, 0 discovered, 0 enqueued
[7.214s][info][gc,ref      ] GC(23) Phantom: 7 encountered, 3 discovered, 0 enqueued
[7.214s][info][gc,reloc    ] GC(23) Small Pages: 913 / 1826M, Empty: 0M, Relocated: 1M, In-Place: 0
[7.214s][info][gc,reloc    ] GC(23) Medium Pages: 1 / 32M, Empty: 0M, Relocated: 0M, In-Place: 0
[7.214s][info][gc,reloc    ] GC(23) Large Pages: 0 / 0M, Empty: 0M, Relocated: 0M, In-Place: 0
[7.214s][info][gc,reloc    ] GC(23) Forwarding Usage: 0M
[7.214s][info][gc,heap     ] GC(23) Min Capacity: 4096M(100%)
[7.214s][info][gc,heap     ] GC(23) Max Capacity: 4096M(100%)
[7.214s][info][gc,heap     ] GC(23) Soft Max Capacity: 4096M(100%)
[7.214s][info][gc,heap     ] GC(23)                Mark Start          Mark End        Relocate Start      Relocate End           High               Low         
[7.215s][info][gc,heap     ] GC(23)  Capacity:     4096M (100%)       4096M (100%)       4096M (100%)       4096M (100%)       4096M (100%)       4096M (100%)   
[7.215s][info][gc,heap     ] GC(23)      Free:     2238M (55%)        2236M (55%)        2236M (55%)        2234M (55%)        2238M (55%)        2232M (54%)    
[7.215s][info][gc,heap     ] GC(23)      Used:     1858M (45%)        1860M (45%)        1860M (45%)        1862M (45%)        1864M (46%)        1858M (45%)    
[7.215s][info][gc,heap     ] GC(23)      Live:         -              1667M (41%)        1667M (41%)        1667M (41%)            -                  -          
[7.215s][info][gc,heap     ] GC(23) Allocated:         -                 2M (0%)            2M (0%)            4M (0%)             -                  -          
[7.215s][info][gc,heap     ] GC(23)   Garbage:         -               190M (5%)          190M (5%)          190M (5%)             -                  -          
[7.215s][info][gc,heap     ] GC(23) Reclaimed:         -                  -                 0M (0%)            0M (0%)             -                  -          
[7.215s][info][gc          ] GC(23) Garbage Collection (Timer) 1858M(45%)->1862M(45%)
[7.487s][info][gc,start    ] GC(24) Garbage Collection (Timer)
[7.487s][info][gc,task     ] GC(24) Using 3 workers
[7.487s][info][gc,phases   ] GC(24) Pause Mark Start 0.006ms
[7.504s][info][gc,phases   ] GC(24) Concurrent Mark 16.536ms
[7.504s][info][gc,phases   ] GC(24) Pause Mark End 0.009ms
[7.504s][info][gc,phases   ] GC(24) Concurrent Mark Free 0.001ms
[7.505s][info][gc,phases   ] GC(24) Concurrent Process Non-Strong References 0.498ms
[7.505s][info][gc,phases   ] GC(24) Concurrent Reset Relocation Set 0.001ms
[7.507s][info][gc,phases   ] GC(24) Concurrent Select Relocation Set 2.400ms
[7.507s][info][gc,phases   ] GC(24) Pause Relocate Start 0.006ms
[7.509s][info][gc,phases   ] GC(24) Concurrent Relocate 1.078ms
[7.509s][info][gc,load     ] GC(24) Load: 0.00/0.00/0.00
[7.509s][info][gc,mmu      ] GC(24) MMU: 2ms/99.3%, 5ms/99.6%, 10ms/99.8%, 20ms/99.9%, 50ms/99.9%, 100ms/100.0%
[7.509s][info][gc,marking  ] GC(24) Mark: 2 stripe(s), 2 proactive flush(es), 1 terminate flush(es), 0 completion(s), 0 continuation(s) 
[7.509s][info][gc,marking  ] GC(24) Mark Stack Usage: 32M
[7.509s][info][gc,nmethod  ] GC(24) NMethods: 461 registered, 0 unregistered
[7.509s][info][gc,metaspace] GC(24) Metaspace: 1M used, 1M committed, 1088M reserved
[7.509s][info][gc,ref      ] GC(24) Soft: 181 encountered, 0 discovered, 0 enqueued
[7.509s][info][gc,ref      ] GC(24) Weak: 263 encountered, 0 discovered, 0 enqueued
[7.509s][info][gc,ref      ] GC(24) Final: 0 encountered, 0 discovered, 0 enqueued
[7.509s][info][gc,ref      ] GC(24) Phantom: 7 encountered, 3 discovered, 0 enqueued
[7.509s][info][gc,reloc    ] GC(24) Small Pages: 951 / 1902M, Empty: 0M, Relocated: 0M, In-Place: 0
[7.509s][info][gc,reloc    ] GC(24) Medium Pages: 1 / 32M, Empty: 0M, Relocated: 0M, In-Place: 0
[7.509s][info][gc,reloc    ] GC(24) Large Pages: 0 / 0M, Empty: 0M, Relocated: 0M, In-Place: 0
[7.509s][info][gc,reloc    ] GC(24) Forwarding Usage: 0M
[7.509s][info][gc,heap     ] GC(24) Min Capacity: 4096M(100%)
[7.509s][info][gc,heap     ] GC(24) Max Capacity: 4096M(100%)
[7.509s][info][gc,heap     ] GC(24) Soft Max Capacity: 4096M(100%)
[7.509s][info][gc,heap     ] GC(24)                Mark Start          Mark End        Relocate Start      Relocate End           High               Low         
[7.509s][info][gc,heap     ] GC(24)  Capacity:     4096M (100%)       4096M (100%)       4096M (100%)       4096M (100%)       4096M (100%)       4096M (100%)   
[7.509s][info][gc,heap     ] GC(24)      Free:     2162M (53%)        2160M (53%)        2160M (53%)        2160M (53%)        2162M (53%)        2156M (53%)    
[7.509s][info][gc,heap     ] GC(24)      Used:     1934M (47%)        1936M (47%)        1936M (47%)        1936M (47%)        1940M (47%)        1934M (47%)    
[7.509s][info][gc,heap     ] GC(24)      Live:         -              1735M (42%)        1735M (42%)        1735M (42%)            -                  -          
[7.509s][info][gc,heap     ] GC(24) Allocated:         -                 2M (0%)            2M (0%)            2M (0%)             -                  -          
[7.509s][info][gc,heap     ] GC(24)   Garbage:         -               198M (5%)          198M (5%)          198M (5%)             -                  -          
[7.509s][info][gc,heap     ] GC(24) Reclaimed:         -                  -                 0M (0%)            0M (0%)             -                  -          
[7.509s][info][gc          ] GC(24) Garbage Collection (Timer) 1934M(47%)->1936M(47%)
[7.789s][info][gc,start    ] GC(25) Garbage Collection (Timer)
[7.789s][info][gc,task     ] GC(25) Using 3 workers
[7.789s][info][gc,phases   ] GC(25) Pause Mark Start 0.006ms
[7.805s][info][gc,phases   ] GC(25) Concurrent Mark 16.297ms
[7.806s][info][gc,phases   ] GC(25) Pause Mark End 0.010ms
[7.806s][info][gc,phases   ] GC(25) Concurrent Mark Free 0.001ms
[7.806s][info][gc,phases   ] GC(25) Concurrent Process Non-Strong References 0.578ms
[7.806s][info][gc,phases   ] GC(25) Concurrent Reset Relocation Set 0.001ms
[7.809s][info][gc,phases   ] GC(25) Concurrent Select Relocation Set 2.386ms
[7.809s][info][gc,phases   ] GC(25) Pause Relocate Start 0.006ms
[7.811s][info][gc,phases   ] GC(25) Concurrent Relocate 1.716ms
[7.811s][info][gc,load     ] GC(25) Load: 0.00/0.00/0.00
[7.811s][info][gc,mmu      ] GC(25) MMU: 2ms/99.3%, 5ms/99.6%, 10ms/99.8%, 20ms/99.9%, 50ms/99.9%, 100ms/100.0%
[7.811s][info][gc,marking  ] GC(25) Mark: 2 stripe(s), 2 proactive flush(es), 1 terminate flush(es), 0 completion(s), 0 continuation(s) 
[7.811s][info][gc,marking  ] GC(25) Mark Stack Usage: 32M
[7.811s][info][gc,nmethod  ] GC(25) NMethods: 461 registered, 0 unregistered
[7.811s][info][gc,metaspace] GC(25) Metaspace: 1M used, 1M committed, 1088M reserved
[7.811s][info][gc,ref      ] GC(25) Soft: 181 encountered, 0 discovered, 0 enqueued
[7.811s][info][gc,ref      ] GC(25) Weak: 263 encountered, 176 discovered, 0 enqueued
[7.811s][info][gc,ref      ] GC(25) Final: 0 encountered, 0 discovered, 0 enqueued
[7.811s][info][gc,ref      ] GC(25) Phantom: 7 encountered, 3 discovered, 0 enqueued
[7.811s][info][gc,reloc    ] GC(25) Small Pages: 987 / 1974M, Empty: 0M, Relocated: 1M, In-Place: 0
[7.811s][info][gc,reloc    ] GC(25) Medium Pages: 1 / 32M, Empty: 0M, Relocated: 0M, In-Place: 0
[7.811s][info][gc,reloc    ] GC(25) Large Pages: 0 / 0M, Empty: 0M, Relocated: 0M, In-Place: 0
[7.811s][info][gc,reloc    ] GC(25) Forwarding Usage: 0M
[7.811s][info][gc,heap     ] GC(25) Min Capacity: 4096M(100%)
[7.811s][info][gc,heap     ] GC(25) Max Capacity: 4096M(100%)
[7.811s][info][gc,heap     ] GC(25) Soft Max Capacity: 4096M(100%)
[7.811s][info][gc,heap     ] GC(25)                Mark Start          Mark End        Relocate Start      Relocate End           High               Low         
[7.811s][info][gc,heap     ] GC(25)  Capacity:     4096M (100%)       4096M (100%)       4096M (100%)       4096M (100%)       4096M (100%)       4096M (100%)   
[7.811s][info][gc,heap     ] GC(25)      Free:     2090M (51%)        2088M (51%)        2086M (51%)        2086M (51%)        2090M (51%)        2080M (51%)    
[7.811s][info][gc,heap     ] GC(25)      Used:     2006M (49%)        2008M (49%)        2010M (49%)        2010M (49%)        2016M (49%)        2006M (49%)    
[7.811s][info][gc,heap     ] GC(25)      Live:         -              1800M (44%)        1800M (44%)        1800M (44%)            -                  -          
[7.811s][info][gc,heap     ] GC(25) Allocated:         -                 2M (0%)            4M (0%)            4M (0%)             -                  -          
[7.811s][info][gc,heap     ] GC(25)   Garbage:         -               205M (5%)          205M (5%)          205M (5%)             -                  -          
[7.811s][info][gc,heap     ] GC(25) Reclaimed:         -                  -                 0M (0%)            0M (0%)             -                  -          
[7.811s][info][gc          ] GC(25) Garbage Collection (Timer) 2006M(49%)->2010M(49%)
[8.088s][info][gc,start    ] GC(26) Garbage Collection (Timer)
[8.088s][info][gc,task     ] GC(26) Using 3 workers
[8.089s][info][gc,phases   ] GC(26) Pause Mark Start 0.006ms
[8.108s][info][gc,phases   ] GC(26) Concurrent Mark 18.944ms
[8.108s][info][gc,phases   ] GC(26) Pause Mark End 0.010ms
[8.108s][info][gc,phases   ] GC(26) Concurrent Mark Free 0.001ms
[8.109s][info][gc,phases   ] GC(26) Concurrent Process Non-Strong References 0.864ms
[8.109s][info][gc,phases   ] GC(26) Concurrent Reset Relocation Set 0.001ms
[8.111s][info][gc,phases   ] GC(26) Concurrent Select Relocation Set 2.118ms
[8.111s][info][gc,phases   ] GC(26) Pause Relocate Start 0.005ms
[8.114s][info][gc,phases   ] GC(26) Concurrent Relocate 2.580ms
[8.114s][info][gc,load     ] GC(26) Load: 0.00/0.00/0.00
[8.114s][info][gc,mmu      ] GC(26) MMU: 2ms/99.3%, 5ms/99.6%, 10ms/99.8%, 20ms/99.9%, 50ms/99.9%, 100ms/100.0%
[8.114s][info][gc,marking  ] GC(26) Mark: 2 stripe(s), 1 proactive flush(es), 1 terminate flush(es), 0 completion(s), 0 continuation(s) 
[8.114s][info][gc,marking  ] GC(26) Mark Stack Usage: 32M
[8.114s][info][gc,nmethod  ] GC(26) NMethods: 461 registered, 0 unregistered
[8.114s][info][gc,metaspace] GC(26) Metaspace: 1M used, 1M committed, 1088M reserved
[8.114s][info][gc,ref      ] GC(26) Soft: 181 encountered, 0 discovered, 0 enqueued
[8.114s][info][gc,ref      ] GC(26) Weak: 263 encountered, 171 discovered, 0 enqueued
[8.114s][info][gc,ref      ] GC(26) Final: 0 encountered, 0 discovered, 0 enqueued
[8.114s][info][gc,ref      ] GC(26) Phantom: 7 encountered, 3 discovered, 0 enqueued
[8.114s][info][gc,reloc    ] GC(26) Small Pages: 1017 / 2034M, Empty: 0M, Relocated: 1M, In-Place: 0
[8.114s][info][gc,reloc    ] GC(26) Medium Pages: 1 / 32M, Empty: 0M, Relocated: 0M, In-Place: 0
[8.114s][info][gc,reloc    ] GC(26) Large Pages: 0 / 0M, Empty: 0M, Relocated: 0M, In-Place: 0
[8.114s][info][gc,reloc    ] GC(26) Forwarding Usage: 0M
[8.114s][info][gc,heap     ] GC(26) Min Capacity: 4096M(100%)
[8.114s][info][gc,heap     ] GC(26) Max Capacity: 4096M(100%)
[8.114s][info][gc,heap     ] GC(26) Soft Max Capacity: 4096M(100%)
[8.114s][info][gc,heap     ] GC(26)                Mark Start          Mark End        Relocate Start      Relocate End           High               Low         
[8.114s][info][gc,heap     ] GC(26)  Capacity:     4096M (100%)       4096M (100%)       4096M (100%)       4096M (100%)       4096M (100%)       4096M (100%)   
[8.114s][info][gc,heap     ] GC(26)      Free:     2030M (50%)        2030M (50%)        2030M (50%)        2030M (50%)        2030M (50%)        2024M (49%)    
[8.114s][info][gc,heap     ] GC(26)      Used:     2066M (50%)        2066M (50%)        2066M (50%)        2066M (50%)        2072M (51%)        2066M (50%)    
[8.114s][info][gc,heap     ] GC(26)      Live:         -              1854M (45%)        1854M (45%)        1854M (45%)            -                  -          
[8.114s][info][gc,heap     ] GC(26) Allocated:         -                 0M (0%)            0M (0%)            0M (0%)             -                  -          
[8.114s][info][gc,heap     ] GC(26)   Garbage:         -               211M (5%)          211M (5%)          211M (5%)             -                  -          
[8.114s][info][gc,heap     ] GC(26) Reclaimed:         -                  -                 0M (0%)            0M (0%)             -                  -          
[8.114s][info][gc          ] GC(26) Garbage Collection (Timer) 2066M(50%)->2066M(50%)
[8.387s][info][gc,start    ] GC(27) Garbage Collection (Timer)
[8.387s][info][gc,task     ] GC(27) Using 3 workers
[8.388s][info][gc,phases   ] GC(27) Pause Mark Start 0.005ms
[8.402s][info][gc,phases   ] GC(27) Concurrent Mark 14.367ms
[8.402s][info][gc,phases   ] GC(27) Pause Mark End 0.010ms
[8.402s][info][gc,phases   ] GC(27) Concurrent Mark Free 0.001ms
[8.403s][info][gc,phases   ] GC(27) Concurrent Process Non-Strong References 0.817ms
[8.403s][info][gc,phases   ] GC(27) Concurrent Reset Relocation Set 0.001ms
[8.405s][info][gc,phases   ] GC(27) Concurrent Select Relocation Set 2.089ms
[8.405s][info][gc,phases   ] GC(27) Pause Relocate Start 0.004ms
[8.407s][info][gc,phases   ] GC(27) Concurrent Relocate 1.569ms
[8.407s][info][gc,load     ] GC(27) Load: 0.00/0.00/0.00
[8.407s][info][gc,mmu      ] GC(27) MMU: 2ms/99.3%, 5ms/99.6%, 10ms/99.8%, 20ms/99.9%, 50ms/99.9%, 100ms/100.0%
[8.407s][info][gc,marking  ] GC(27) Mark: 2 stripe(s), 1 proactive flush(es), 1 terminate flush(es), 0 completion(s), 0 continuation(s) 
[8.407s][info][gc,marking  ] GC(27) Mark Stack Usage: 32M
[8.407s][info][gc,nmethod  ] GC(27) NMethods: 461 registered, 0 unregistered
[8.407s][info][gc,metaspace] GC(27) Metaspace: 1M used, 1M committed, 1088M reserved
[8.407s][info][gc,ref      ] GC(27) Soft: 181 encountered, 0 discovered, 0 enqueued
[8.407s][info][gc,ref      ] GC(27) Weak: 263 encountered, 174 discovered, 0 enqueued
[8.407s][info][gc,ref      ] GC(27) Final: 0 encountered, 0 discovered, 0 enqueued
[8.407s][info][gc,ref      ] GC(27) Phantom: 7 encountered, 3 discovered, 0 enqueued
[8.407s][info][gc,reloc    ] GC(27) Small Pages: 1017 / 2034M, Empty: 0M, Relocated: 1M, In-Place: 0
[8.407s][info][gc,reloc    ] GC(27) Medium Pages: 1 / 32M, Empty: 0M, Relocated: 0M, In-Place: 0
[8.407s][info][gc,reloc    ] GC(27) Large Pages: 0 / 0M, Empty: 0M, Relocated: 0M, In-Place: 0
[8.407s][info][gc,reloc    ] GC(27) Forwarding Usage: 0M
[8.407s][info][gc,heap     ] GC(27) Min Capacity: 4096M(100%)
[8.408s][info][gc,heap     ] GC(27) Max Capacity: 4096M(100%)
[8.408s][info][gc,heap     ] GC(27) Soft Max Capacity: 4096M(100%)
[8.408s][info][gc,heap     ] GC(27)                Mark Start          Mark End        Relocate Start      Relocate End           High               Low         
[8.408s][info][gc,heap     ] GC(27)  Capacity:     4096M (100%)       4096M (100%)       4096M (100%)       4096M (100%)       4096M (100%)       4096M (100%)   
[8.408s][info][gc,heap     ] GC(27)      Free:     2030M (50%)        2030M (50%)        2030M (50%)        2030M (50%)        2030M (50%)        2024M (49%)    
[8.408s][info][gc,heap     ] GC(27)      Used:     2066M (50%)        2066M (50%)        2066M (50%)        2066M (50%)        2072M (51%)        2066M (50%)    
[8.408s][info][gc,heap     ] GC(27)      Live:         -              1854M (45%)        1854M (45%)        1854M (45%)            -                  -          
[8.408s][info][gc,heap     ] GC(27) Allocated:         -                 0M (0%)            0M (0%)            0M (0%)             -                  -          
[8.408s][info][gc,heap     ] GC(27)   Garbage:         -               211M (5%)          211M (5%)          211M (5%)             -                  -          
[8.408s][info][gc,heap     ] GC(27) Reclaimed:         -                  -                 0M (0%)            0M (0%)             -                  -          
[8.408s][info][gc          ] GC(27) Garbage Collection (Timer) 2066M(50%)->2066M(50%)
[8.689s][info][gc,start    ] GC(28) Garbage Collection (Timer)
[8.689s][info][gc,task     ] GC(28) Using 3 workers
[8.689s][info][gc,phases   ] GC(28) Pause Mark Start 0.008ms
[8.701s][info][gc,phases   ] GC(28) Concurrent Mark 12.204ms
[8.701s][info][gc,phases   ] GC(28) Pause Mark End 0.011ms
[8.702s][info][gc,phases   ] GC(28) Concurrent Mark Free 0.001ms
[8.702s][info][gc,phases   ] GC(28) Concurrent Process Non-Strong References 0.747ms
[8.702s][info][gc,phases   ] GC(28) Concurrent Reset Relocation Set 0.001ms
[8.705s][info][gc,phases   ] GC(28) Concurrent Select Relocation Set 2.065ms
[8.705s][info][gc,phases   ] GC(28) Pause Relocate Start 0.006ms
[8.705s][info][gc,phases   ] GC(28) Concurrent Relocate 0.344ms
[8.705s][info][gc,load     ] GC(28) Load: 0.00/0.00/0.00
[8.705s][info][gc,mmu      ] GC(28) MMU: 2ms/99.3%, 5ms/99.6%, 10ms/99.8%, 20ms/99.9%, 50ms/99.9%, 100ms/100.0%
[8.705s][info][gc,marking  ] GC(28) Mark: 2 stripe(s), 1 proactive flush(es), 1 terminate flush(es), 0 completion(s), 0 continuation(s) 
[8.705s][info][gc,marking  ] GC(28) Mark Stack Usage: 32M
[8.705s][info][gc,nmethod  ] GC(28) NMethods: 461 registered, 0 unregistered
[8.705s][info][gc,metaspace] GC(28) Metaspace: 1M used, 1M committed, 1088M reserved
[8.705s][info][gc,ref      ] GC(28) Soft: 181 encountered, 0 discovered, 0 enqueued
[8.705s][info][gc,ref      ] GC(28) Weak: 263 encountered, 3 discovered, 0 enqueued
[8.705s][info][gc,ref      ] GC(28) Final: 0 encountered, 0 discovered, 0 enqueued
[8.705s][info][gc,ref      ] GC(28) Phantom: 7 encountered, 3 discovered, 0 enqueued
[8.705s][info][gc,reloc    ] GC(28) Small Pages: 1017 / 2034M, Empty: 0M, Relocated: 1M, In-Place: 0
[8.705s][info][gc,reloc    ] GC(28) Medium Pages: 1 / 32M, Empty: 0M, Relocated: 0M, In-Place: 0
[8.705s][info][gc,reloc    ] GC(28) Large Pages: 0 / 0M, Empty: 0M, Relocated: 0M, In-Place: 0
[8.705s][info][gc,reloc    ] GC(28) Forwarding Usage: 0M
[8.705s][info][gc,heap     ] GC(28) Min Capacity: 4096M(100%)
[8.705s][info][gc,heap     ] GC(28) Max Capacity: 4096M(100%)
[8.706s][info][gc,heap     ] GC(28) Soft Max Capacity: 4096M(100%)
[8.706s][info][gc,heap     ] GC(28)                Mark Start          Mark End        Relocate Start      Relocate End           High               Low         
[8.706s][info][gc,heap     ] GC(28)  Capacity:     4096M (100%)       4096M (100%)       4096M (100%)       4096M (100%)       4096M (100%)       4096M (100%)   
[8.706s][info][gc,heap     ] GC(28)      Free:     2030M (50%)        2030M (50%)        2030M (50%)        2032M (50%)        2032M (50%)        2028M (50%)    
[8.706s][info][gc,heap     ] GC(28)      Used:     2066M (50%)        2066M (50%)        2066M (50%)        2064M (50%)        2068M (50%)        2064M (50%)    
[8.706s][info][gc,heap     ] GC(28)      Live:         -              1854M (45%)        1854M (45%)        1854M (45%)            -                  -          
[8.706s][info][gc,heap     ] GC(28) Allocated:         -                 0M (0%)            0M (0%)            0M (0%)             -                  -          
[8.706s][info][gc,heap     ] GC(28)   Garbage:         -               211M (5%)          211M (5%)          209M (5%)             -                  -          
[8.706s][info][gc,heap     ] GC(28) Reclaimed:         -                  -                 0M (0%)            2M (0%)             -                  -          
[8.706s][info][gc          ] GC(28) Garbage Collection (Timer) 2066M(50%)->2064M(50%)
[8.988s][info][gc,start    ] GC(29) Garbage Collection (Timer)
[8.988s][info][gc,task     ] GC(29) Using 3 workers
[8.988s][info][gc,phases   ] GC(29) Pause Mark Start 0.006ms
[9.001s][info][gc,phases   ] GC(29) Concurrent Mark 12.261ms
[9.001s][info][gc,phases   ] GC(29) Pause Mark End 0.011ms
[9.001s][info][gc,phases   ] GC(29) Concurrent Mark Free 0.001ms
[9.002s][info][gc,phases   ] GC(29) Concurrent Process Non-Strong References 0.810ms
[9.002s][info][gc,phases   ] GC(29) Concurrent Reset Relocation Set 0.001ms
[9.004s][info][gc,phases   ] GC(29) Concurrent Select Relocation Set 2.113ms
[9.004s][info][gc,phases   ] GC(29) Pause Relocate Start 0.005ms
[9.004s][info][gc,phases   ] GC(29) Concurrent Relocate 0.334ms
[9.004s][info][gc,load     ] GC(29) Load: 0.00/0.00/0.00
[9.004s][info][gc,mmu      ] GC(29) MMU: 2ms/99.3%, 5ms/99.6%, 10ms/99.8%, 20ms/99.9%, 50ms/99.9%, 100ms/100.0%
[9.004s][info][gc,marking  ] GC(29) Mark: 2 stripe(s), 1 proactive flush(es), 1 terminate flush(es), 0 completion(s), 0 continuation(s) 
[9.005s][info][gc,marking  ] GC(29) Mark Stack Usage: 32M
[9.005s][info][gc,nmethod  ] GC(29) NMethods: 461 registered, 0 unregistered
[9.005s][info][gc,metaspace] GC(29) Metaspace: 1M used, 1M committed, 1088M reserved
[9.005s][info][gc,ref      ] GC(29) Soft: 181 encountered, 0 discovered, 0 enqueued
[9.005s][info][gc,ref      ] GC(29) Weak: 263 encountered, 174 discovered, 0 enqueued
[9.005s][info][gc,ref      ] GC(29) Final: 0 encountered, 0 discovered, 0 enqueued
[9.005s][info][gc,ref      ] GC(29) Phantom: 7 encountered, 4 discovered, 0 enqueued
[9.005s][info][gc,reloc    ] GC(29) Small Pages: 1016 / 2032M, Empty: 0M, Relocated: 1M, In-Place: 0
[9.005s][info][gc,reloc    ] GC(29) Medium Pages: 1 / 32M, Empty: 0M, Relocated: 0M, In-Place: 0
[9.005s][info][gc,reloc    ] GC(29) Large Pages: 0 / 0M, Empty: 0M, Relocated: 0M, In-Place: 0
[9.005s][info][gc,reloc    ] GC(29) Forwarding Usage: 0M
[9.005s][info][gc,heap     ] GC(29) Min Capacity: 4096M(100%)
[9.005s][info][gc,heap     ] GC(29) Max Capacity: 4096M(100%)
[9.005s][info][gc,heap     ] GC(29) Soft Max Capacity: 4096M(100%)
[9.005s][info][gc,heap     ] GC(29)                Mark Start          Mark End        Relocate Start      Relocate End           High               Low         
[9.005s][info][gc,heap     ] GC(29)  Capacity:     4096M (100%)       4096M (100%)       4096M (100%)       4096M (100%)       4096M (100%)       4096M (100%)   
[9.005s][info][gc,heap     ] GC(29)      Free:     2032M (50%)        2032M (50%)        2032M (50%)        2032M (50%)        2032M (50%)        2028M (50%)    
[9.005s][info][gc,heap     ] GC(29)      Used:     2064M (50%)        2064M (50%)        2064M (50%)        2064M (50%)        2068M (50%)        2064M (50%)    
[9.005s][info][gc,heap     ] GC(29)      Live:         -              1854M (45%)        1854M (45%)        1854M (45%)            -                  -          
[9.005s][info][gc,heap     ] GC(29) Allocated:         -                 0M (0%)            0M (0%)            0M (0%)             -                  -          
[9.005s][info][gc,heap     ] GC(29)   Garbage:         -               209M (5%)          209M (5%)          209M (5%)             -                  -          
[9.005s][info][gc,heap     ] GC(29) Reclaimed:         -                  -                 0M (0%)            0M (0%)             -                  -          
[9.005s][info][gc          ] GC(29) Garbage Collection (Timer) 2064M(50%)->2064M(50%)
[9.287s][info][gc,start    ] GC(30) Garbage Collection (Timer)
[9.287s][info][gc,task     ] GC(30) Using 3 workers
[9.288s][info][gc,phases   ] GC(30) Pause Mark Start 0.006ms
[9.304s][info][gc,phases   ] GC(30) Concurrent Mark 16.121ms
[9.304s][info][gc,phases   ] GC(30) Pause Mark End 0.009ms
[9.304s][info][gc,phases   ] GC(30) Concurrent Mark Free 0.001ms
[9.305s][info][gc,phases   ] GC(30) Concurrent Process Non-Strong References 0.642ms
[9.305s][info][gc,phases   ] GC(30) Concurrent Reset Relocation Set 0.001ms
[9.307s][info][gc,phases   ] GC(30) Concurrent Select Relocation Set 2.284ms
[9.307s][info][gc,phases   ] GC(30) Pause Relocate Start 0.005ms
[9.310s][info][gc,phases   ] GC(30) Concurrent Relocate 2.777ms
[9.310s][info][gc,load     ] GC(30) Load: 0.00/0.00/0.00
[9.310s][info][gc,mmu      ] GC(30) MMU: 2ms/99.3%, 5ms/99.6%, 10ms/99.8%, 20ms/99.9%, 50ms/99.9%, 100ms/100.0%
[9.310s][info][gc,marking  ] GC(30) Mark: 2 stripe(s), 2 proactive flush(es), 1 terminate flush(es), 0 completion(s), 0 continuation(s) 
[9.310s][info][gc,marking  ] GC(30) Mark Stack Usage: 32M
[9.310s][info][gc,nmethod  ] GC(30) NMethods: 470 registered, 0 unregistered
[9.310s][info][gc,metaspace] GC(30) Metaspace: 1M used, 1M committed, 1088M reserved
[9.310s][info][gc,ref      ] GC(30) Soft: 181 encountered, 0 discovered, 0 enqueued
[9.310s][info][gc,ref      ] GC(30) Weak: 263 encountered, 214 discovered, 0 enqueued
[9.310s][info][gc,ref      ] GC(30) Final: 0 encountered, 0 discovered, 0 enqueued
[9.310s][info][gc,ref      ] GC(30) Phantom: 7 encountered, 2 discovered, 0 enqueued
[9.310s][info][gc,reloc    ] GC(30) Small Pages: 1049 / 2098M, Empty: 0M, Relocated: 1M, In-Place: 0
[9.310s][info][gc,reloc    ] GC(30) Medium Pages: 1 / 32M, Empty: 0M, Relocated: 0M, In-Place: 0
[9.310s][info][gc,reloc    ] GC(30) Large Pages: 0 / 0M, Empty: 0M, Relocated: 0M, In-Place: 0
[9.311s][info][gc,reloc    ] GC(30) Forwarding Usage: 0M
[9.311s][info][gc,heap     ] GC(30) Min Capacity: 4096M(100%)
[9.311s][info][gc,heap     ] GC(30) Max Capacity: 4096M(100%)
[9.311s][info][gc,heap     ] GC(30) Soft Max Capacity: 4096M(100%)
[9.311s][info][gc,heap     ] GC(30)                Mark Start          Mark End        Relocate Start      Relocate End           High               Low         
[9.311s][info][gc,heap     ] GC(30)  Capacity:     4096M (100%)       4096M (100%)       4096M (100%)       4096M (100%)       4096M (100%)       4096M (100%)   
[9.311s][info][gc,heap     ] GC(30)      Free:     1966M (48%)        1964M (48%)        1964M (48%)        1964M (48%)        1966M (48%)        1960M (48%)    
[9.311s][info][gc,heap     ] GC(30)      Used:     2130M (52%)        2132M (52%)        2132M (52%)        2132M (52%)        2136M (52%)        2130M (52%)    
[9.311s][info][gc,heap     ] GC(30)      Live:         -              1914M (47%)        1914M (47%)        1914M (47%)            -                  -          
[9.311s][info][gc,heap     ] GC(30) Allocated:         -                 2M (0%)            2M (0%)            2M (0%)             -                  -          
[9.311s][info][gc,heap     ] GC(30)   Garbage:         -               215M (5%)          215M (5%)          215M (5%)             -                  -          
[9.311s][info][gc,heap     ] GC(30) Reclaimed:         -                  -                 0M (0%)            0M (0%)             -                  -          
[9.311s][info][gc          ] GC(30) Garbage Collection (Timer) 2130M(52%)->2132M(52%)
[9.588s][info][gc,start    ] GC(31) Garbage Collection (Timer)
[9.588s][info][gc,task     ] GC(31) Using 3 workers
[9.588s][info][gc,phases   ] GC(31) Pause Mark Start 0.006ms
[9.605s][info][gc,phases   ] GC(31) Concurrent Mark 16.649ms
[9.605s][info][gc,phases   ] GC(31) Pause Mark End 0.009ms
[9.605s][info][gc,phases   ] GC(31) Concurrent Mark Free 0.001ms
[9.606s][info][gc,phases   ] GC(31) Concurrent Process Non-Strong References 0.495ms
[9.606s][info][gc,phases   ] GC(31) Concurrent Reset Relocation Set 0.001ms
[9.608s][info][gc,phases   ] GC(31) Concurrent Select Relocation Set 2.418ms
[9.608s][info][gc,phases   ] GC(31) Pause Relocate Start 0.005ms
[9.610s][info][gc,phases   ] GC(31) Concurrent Relocate 1.846ms
[9.610s][info][gc,load     ] GC(31) Load: 0.00/0.00/0.00
[9.611s][info][gc,mmu      ] GC(31) MMU: 2ms/99.3%, 5ms/99.6%, 10ms/99.8%, 20ms/99.9%, 50ms/99.9%, 100ms/100.0%
[9.611s][info][gc,marking  ] GC(31) Mark: 2 stripe(s), 2 proactive flush(es), 1 terminate flush(es), 0 completion(s), 0 continuation(s) 
[9.611s][info][gc,marking  ] GC(31) Mark Stack Usage: 32M
[9.611s][info][gc,nmethod  ] GC(31) NMethods: 470 registered, 0 unregistered
[9.611s][info][gc,metaspace] GC(31) Metaspace: 1M used, 1M committed, 1088M reserved
[9.611s][info][gc,ref      ] GC(31) Soft: 181 encountered, 0 discovered, 0 enqueued
[9.611s][info][gc,ref      ] GC(31) Weak: 263 encountered, 2 discovered, 0 enqueued
[9.611s][info][gc,ref      ] GC(31) Final: 0 encountered, 0 discovered, 0 enqueued
[9.611s][info][gc,ref      ] GC(31) Phantom: 7 encountered, 4 discovered, 0 enqueued
[9.611s][info][gc,reloc    ] GC(31) Small Pages: 1078 / 2156M, Empty: 0M, Relocated: 1M, In-Place: 0
[9.611s][info][gc,reloc    ] GC(31) Medium Pages: 2 / 64M, Empty: 32M, Relocated: 0M, In-Place: 0
[9.611s][info][gc,reloc    ] GC(31) Large Pages: 0 / 0M, Empty: 0M, Relocated: 0M, In-Place: 0
[9.611s][info][gc,reloc    ] GC(31) Forwarding Usage: 0M
[9.611s][info][gc,heap     ] GC(31) Min Capacity: 4096M(100%)
[9.611s][info][gc,heap     ] GC(31) Max Capacity: 4096M(100%)
[9.611s][info][gc,heap     ] GC(31) Soft Max Capacity: 4096M(100%)
[9.611s][info][gc,heap     ] GC(31)                Mark Start          Mark End        Relocate Start      Relocate End           High               Low         
[9.611s][info][gc,heap     ] GC(31)  Capacity:     4096M (100%)       4096M (100%)       4096M (100%)       4096M (100%)       4096M (100%)       4096M (100%)   
[9.611s][info][gc,heap     ] GC(31)      Free:     1876M (46%)        1874M (46%)        1904M (46%)        1904M (46%)        1904M (46%)        1872M (46%)    
[9.611s][info][gc,heap     ] GC(31)      Used:     2220M (54%)        2222M (54%)        2192M (54%)        2192M (54%)        2224M (54%)        2192M (54%)    
[9.611s][info][gc,heap     ] GC(31)      Live:         -              1966M (48%)        1966M (48%)        1966M (48%)            -                  -          
[9.611s][info][gc,heap     ] GC(31) Allocated:         -                 2M (0%)            4M (0%)            4M (0%)             -                  -          
[9.611s][info][gc,heap     ] GC(31)   Garbage:         -               253M (6%)          221M (5%)          221M (5%)             -                  -          
[9.611s][info][gc,heap     ] GC(31) Reclaimed:         -                  -                32M (1%)           32M (1%)             -                  -          
[9.611s][info][gc          ] GC(31) Garbage Collection (Timer) 2220M(54%)->2192M(54%)
[9.887s][info][gc,start    ] GC(32) Garbage Collection (Timer)
[9.887s][info][gc,task     ] GC(32) Using 3 workers
[9.887s][info][gc,phases   ] GC(32) Pause Mark Start 0.006ms
[9.903s][info][gc,phases   ] GC(32) Concurrent Mark 15.808ms
[9.903s][info][gc,phases   ] GC(32) Pause Mark End 0.009ms
[9.904s][info][gc,phases   ] GC(32) Concurrent Mark Free 0.001ms
[9.904s][info][gc,phases   ] GC(32) Concurrent Process Non-Strong References 0.574ms
[9.904s][info][gc,phases   ] GC(32) Concurrent Reset Relocation Set 0.001ms
[9.907s][info][gc,phases   ] GC(32) Concurrent Select Relocation Set 2.503ms
[9.907s][info][gc,phases   ] GC(32) Pause Relocate Start 0.006ms
[9.910s][info][gc,phases   ] GC(32) Concurrent Relocate 2.941ms
[9.910s][info][gc,load     ] GC(32) Load: 0.00/0.00/0.00
[9.910s][info][gc,mmu      ] GC(32) MMU: 2ms/99.3%, 5ms/99.6%, 10ms/99.8%, 20ms/99.9%, 50ms/99.9%, 100ms/100.0%
[9.910s][info][gc,marking  ] GC(32) Mark: 2 stripe(s), 2 proactive flush(es), 1 terminate flush(es), 0 completion(s), 0 continuation(s) 
[9.910s][info][gc,marking  ] GC(32) Mark Stack Usage: 32M
[9.910s][info][gc,nmethod  ] GC(32) NMethods: 470 registered, 0 unregistered
[9.910s][info][gc,metaspace] GC(32) Metaspace: 1M used, 1M committed, 1088M reserved
[9.910s][info][gc,ref      ] GC(32) Soft: 181 encountered, 0 discovered, 0 enqueued
[9.910s][info][gc,ref      ] GC(32) Weak: 263 encountered, 0 discovered, 0 enqueued
[9.910s][info][gc,ref      ] GC(32) Final: 0 encountered, 0 discovered, 0 enqueued
[9.910s][info][gc,ref      ] GC(32) Phantom: 7 encountered, 2 discovered, 0 enqueued
[9.910s][info][gc,reloc    ] GC(32) Small Pages: 1107 / 2214M, Empty: 0M, Relocated: 3M, In-Place: 0
[9.910s][info][gc,reloc    ] GC(32) Medium Pages: 1 / 32M, Empty: 0M, Relocated: 0M, In-Place: 0
[9.910s][info][gc,reloc    ] GC(32) Large Pages: 0 / 0M, Empty: 0M, Relocated: 0M, In-Place: 0
[9.910s][info][gc,reloc    ] GC(32) Forwarding Usage: 0M
[9.910s][info][gc,heap     ] GC(32) Min Capacity: 4096M(100%)
[9.910s][info][gc,heap     ] GC(32) Max Capacity: 4096M(100%)
[9.910s][info][gc,heap     ] GC(32) Soft Max Capacity: 4096M(100%)
[9.910s][info][gc,heap     ] GC(32)                Mark Start          Mark End        Relocate Start      Relocate End           High               Low         
[9.911s][info][gc,heap     ] GC(32)  Capacity:     4096M (100%)       4096M (100%)       4096M (100%)       4096M (100%)       4096M (100%)       4096M (100%)   
[9.911s][info][gc,heap     ] GC(32)      Free:     1850M (45%)        1848M (45%)        1848M (45%)        1852M (45%)        1852M (45%)        1842M (45%)    
[9.911s][info][gc,heap     ] GC(32)      Used:     2246M (55%)        2248M (55%)        2248M (55%)        2244M (55%)        2254M (55%)        2244M (55%)    
[9.911s][info][gc,heap     ] GC(32)      Live:         -              2018M (49%)        2018M (49%)        2018M (49%)            -                  -          
[9.911s][info][gc,heap     ] GC(32) Allocated:         -                 2M (0%)            2M (0%)            2M (0%)             -                  -          
[9.911s][info][gc,heap     ] GC(32)   Garbage:         -               227M (6%)          227M (6%)          223M (5%)             -                  -          
[9.911s][info][gc,heap     ] GC(32) Reclaimed:         -                  -                 0M (0%)            4M (0%)             -                  -          
[9.911s][info][gc          ] GC(32) Garbage Collection (Timer) 2246M(55%)->2244M(55%)
[10.188s][info][gc,start    ] GC(33) Garbage Collection (Timer)
[10.188s][info][gc,task     ] GC(33) Using 3 workers
[10.188s][info][gc,phases   ] GC(33) Pause Mark Start 0.006ms
[10.205s][info][gc,phases   ] GC(33) Concurrent Mark 16.881ms
[10.206s][info][gc,phases   ] GC(33) Pause Mark End 0.009ms
[10.206s][info][gc,phases   ] GC(33) Concurrent Mark Free 0.001ms
[10.206s][info][gc,phases   ] GC(33) Concurrent Process Non-Strong References 0.681ms
[10.206s][info][gc,phases   ] GC(33) Concurrent Reset Relocation Set 0.001ms
[10.209s][info][gc,phases   ] GC(33) Concurrent Select Relocation Set 2.379ms
[10.209s][info][gc,phases   ] GC(33) Pause Relocate Start 0.007ms
[10.213s][info][gc,phases   ] GC(33) Concurrent Relocate 3.397ms
[10.213s][info][gc,load     ] GC(33) Load: 0.00/0.00/0.00
[10.213s][info][gc,mmu      ] GC(33) MMU: 2ms/99.3%, 5ms/99.6%, 10ms/99.8%, 20ms/99.9%, 50ms/99.9%, 100ms/100.0%
[10.213s][info][gc,marking  ] GC(33) Mark: 2 stripe(s), 2 proactive flush(es), 1 terminate flush(es), 0 completion(s), 0 continuation(s) 
[10.213s][info][gc,marking  ] GC(33) Mark Stack Usage: 32M
[10.213s][info][gc,nmethod  ] GC(33) NMethods: 470 registered, 0 unregistered
[10.213s][info][gc,metaspace] GC(33) Metaspace: 1M used, 1M committed, 1088M reserved
[10.213s][info][gc,ref      ] GC(33) Soft: 181 encountered, 0 discovered, 0 enqueued
[10.213s][info][gc,ref      ] GC(33) Weak: 263 encountered, 173 discovered, 0 enqueued
[10.213s][info][gc,ref      ] GC(33) Final: 0 encountered, 0 discovered, 0 enqueued
[10.213s][info][gc,ref      ] GC(33) Phantom: 7 encountered, 3 discovered, 0 enqueued
[10.213s][info][gc,reloc    ] GC(33) Small Pages: 1133 / 2266M, Empty: 0M, Relocated: 3M, In-Place: 0
[10.213s][info][gc,reloc    ] GC(33) Medium Pages: 1 / 32M, Empty: 0M, Relocated: 0M, In-Place: 0
[10.213s][info][gc,reloc    ] GC(33) Large Pages: 0 / 0M, Empty: 0M, Relocated: 0M, In-Place: 0
[10.213s][info][gc,reloc    ] GC(33) Forwarding Usage: 0M
[10.213s][info][gc,heap     ] GC(33) Min Capacity: 4096M(100%)
[10.213s][info][gc,heap     ] GC(33) Max Capacity: 4096M(100%)
[10.213s][info][gc,heap     ] GC(33) Soft Max Capacity: 4096M(100%)
[10.213s][info][gc,heap     ] GC(33)                Mark Start          Mark End        Relocate Start      Relocate End           High               Low         
[10.213s][info][gc,heap     ] GC(33)  Capacity:     4096M (100%)       4096M (100%)       4096M (100%)       4096M (100%)       4096M (100%)       4096M (100%)   
[10.213s][info][gc,heap     ] GC(33)      Free:     1798M (44%)        1796M (44%)        1796M (44%)        1798M (44%)        1798M (44%)        1790M (44%)    
[10.213s][info][gc,heap     ] GC(33)      Used:     2298M (56%)        2300M (56%)        2300M (56%)        2298M (56%)        2306M (56%)        2298M (56%)    
[10.213s][info][gc,heap     ] GC(33)      Live:         -              2067M (50%)        2067M (50%)        2067M (50%)            -                  -          
[10.213s][info][gc,heap     ] GC(33) Allocated:         -                 2M (0%)            2M (0%)            2M (0%)             -                  -          
[10.213s][info][gc,heap     ] GC(33)   Garbage:         -               230M (6%)          230M (6%)          228M (6%)             -                  -          
[10.213s][info][gc,heap     ] GC(33) Reclaimed:         -                  -                 0M (0%)            2M (0%)             -                  -          
[10.213s][info][gc          ] GC(33) Garbage Collection (Timer) 2298M(56%)->2298M(56%)
[10.288s][info][gc,stats    ] === Garbage Collection Statistics =======================================================================================================================
[10.288s][info][gc,stats    ]                                                              Last 10s              Last 10m              Last 10h                Total
[10.288s][info][gc,stats    ]                                                              Avg / Max             Avg / Max             Avg / Max             Avg / Max
[10.288s][info][gc,stats    ]   Collector: Garbage Collection Cycle                     21.452 / 34.231       21.452 / 34.231       21.452 / 34.231       21.452 / 34.231      ms
[10.288s][info][gc,stats    ]  Contention: Mark Segment Reset Contention                     2 / 5                 2 / 5                 2 / 5                 2 / 5           ops/s
[10.288s][info][gc,stats    ]  Contention: Mark SeqNum Reset Contention                      1 / 3                 1 / 3                 1 / 3                 1 / 3           ops/s
[10.288s][info][gc,stats    ]    Critical: Allocation Stall                                  0 / 0                 0 / 0                 0 / 0                 0 / 0           ops/s
[10.288s][info][gc,stats    ]    Critical: Allocation Stall                              0.000 / 0.000         0.000 / 0.000         0.000 / 0.000         0.000 / 0.000       ms
[10.288s][info][gc,stats    ]    Critical: GC Locker Stall                                   0 / 0                 0 / 0                 0 / 0                 0 / 0           ops/s
[10.288s][info][gc,stats    ]    Critical: GC Locker Stall                               0.000 / 0.000         0.000 / 0.000         0.000 / 0.000         0.000 / 0.000       ms
[10.288s][info][gc,stats    ]    Critical: Relocation Stall                                  0 / 0                 0 / 0                 0 / 0                 0 / 0           ops/s
[10.288s][info][gc,stats    ]    Critical: Relocation Stall                              0.000 / 0.000         0.000 / 0.000         0.000 / 0.000         0.000 / 0.000       ms
[10.288s][info][gc,stats    ]      Memory: Allocation Rate                                 240 / 680             240 / 680             240 / 680             240 / 680         MB/s
[10.288s][info][gc,stats    ]      Memory: Out Of Memory                                     0 / 0                 0 / 0                 0 / 0                 0 / 0           ops/s
[10.288s][info][gc,stats    ]      Memory: Page Cache Flush                                  0 / 0                 0 / 0                 0 / 0                 0 / 0           MB/s
[10.288s][info][gc,stats    ]      Memory: Page Cache Hit L1                                10 / 16               10 / 16               10 / 16               10 / 16          ops/s
[10.288s][info][gc,stats    ]      Memory: Page Cache Hit L2                                 0 / 0                 0 / 0                 0 / 0                 0 / 0           ops/s
[10.289s][info][gc,stats    ]      Memory: Page Cache Hit L3                               114 / 340             114 / 340             114 / 340             114 / 340         ops/s
[10.289s][info][gc,stats    ]      Memory: Page Cache Miss                                   0 / 1                 0 / 1                 0 / 1                 0 / 1           ops/s
[10.289s][info][gc,stats    ]      Memory: Uncommit                                          0 / 0                 0 / 0                 0 / 0                 0 / 0           MB/s
[10.289s][info][gc,stats    ]      Memory: Undo Object Allocation Failed                     0 / 0                 0 / 0                 0 / 0                 0 / 0           ops/s
[10.289s][info][gc,stats    ]      Memory: Undo Object Allocation Succeeded                  0 / 0                 0 / 0                 0 / 0                 0 / 0           ops/s
[10.289s][info][gc,stats    ]      Memory: Undo Page Allocation                              0 / 0                 0 / 0                 0 / 0                 0 / 0           ops/s
[10.289s][info][gc,stats    ]       Phase: Concurrent Mark                              14.252 / 24.726       14.252 / 24.726       14.252 / 24.726       14.252 / 24.726      ms
[10.289s][info][gc,stats    ]       Phase: Concurrent Mark Continue                      0.000 / 0.000         0.000 / 0.000         0.000 / 0.000         0.000 / 0.000       ms
[10.289s][info][gc,stats    ]       Phase: Concurrent Mark Free                          0.001 / 0.001         0.001 / 0.001         0.001 / 0.001         0.001 / 0.001       ms
[10.289s][info][gc,stats    ]       Phase: Concurrent Process Non-Strong References      0.675 / 1.103         0.675 / 1.103         0.675 / 1.103         0.675 / 1.103       ms
[10.289s][info][gc,stats    ]       Phase: Concurrent Relocate                           2.383 / 6.425         2.383 / 6.425         2.383 / 6.425         2.383 / 6.425       ms
[10.289s][info][gc,stats    ]       Phase: Concurrent Reset Relocation Set               0.001 / 0.001         0.001 / 0.001         0.001 / 0.001         0.001 / 0.001       ms
[10.289s][info][gc,stats    ]       Phase: Concurrent Select Relocation Set              2.635 / 9.346         2.635 / 9.346         2.635 / 9.346         2.635 / 9.346       ms
[10.289s][info][gc,stats    ]       Phase: Pause Mark End                                0.010 / 0.014         0.010 / 0.014         0.010 / 0.014         0.010 / 0.014       ms
[10.289s][info][gc,stats    ]       Phase: Pause Mark Start                              0.006 / 0.008         0.006 / 0.008         0.006 / 0.008         0.006 / 0.008       ms
[10.289s][info][gc,stats    ]       Phase: Pause Relocate Start                          0.006 / 0.009         0.006 / 0.009         0.006 / 0.009         0.006 / 0.009       ms
[10.289s][info][gc,stats    ]    Subphase: Concurrent Classes Purge                      0.074 / 0.144         0.074 / 0.144         0.074 / 0.144         0.074 / 0.144       ms
[10.289s][info][gc,stats    ]    Subphase: Concurrent Classes Unlink                     0.230 / 0.300         0.230 / 0.300         0.230 / 0.300         0.230 / 0.300       ms
[10.289s][info][gc,stats    ]    Subphase: Concurrent Mark                              13.241 / 24.206       13.241 / 24.206       13.241 / 24.206       13.241 / 24.206      ms
[10.289s][info][gc,stats    ]    Subphase: Concurrent Mark Try Flush                     0.163 / 5.107         0.163 / 5.107         0.163 / 5.107         0.163 / 5.107       ms
[10.289s][info][gc,stats    ]    Subphase: Concurrent Mark Try Terminate                 0.857 / 2.199         0.857 / 2.199         0.857 / 2.199         0.857 / 2.199       ms
[10.289s][info][gc,stats    ]    Subphase: Concurrent References Enqueue                 0.000 / 0.003         0.000 / 0.003         0.000 / 0.003         0.000 / 0.003       ms
[10.289s][info][gc,stats    ]    Subphase: Concurrent References Process                 0.088 / 0.139         0.088 / 0.139         0.088 / 0.139         0.088 / 0.139       ms
[10.289s][info][gc,stats    ]    Subphase: Concurrent Roots ClassLoaderDataGraph         0.052 / 0.259         0.052 / 0.259         0.052 / 0.259         0.052 / 0.259       ms
[10.289s][info][gc,stats    ]    Subphase: Concurrent Roots CodeCache                    0.000 / 0.000         0.000 / 0.000         0.000 / 0.000         0.000 / 0.000       ms
[10.289s][info][gc,stats    ]    Subphase: Concurrent Roots JavaThreads                  0.192 / 0.790         0.192 / 0.790         0.192 / 0.790         0.192 / 0.790       ms
[10.289s][info][gc,stats    ]    Subphase: Concurrent Roots OopStorageSet                0.009 / 0.043         0.009 / 0.043         0.009 / 0.043         0.009 / 0.043       ms
[10.289s][info][gc,stats    ]    Subphase: Concurrent Weak Roots OopStorageSet           0.112 / 0.262         0.112 / 0.262         0.112 / 0.262         0.112 / 0.262       ms
[10.289s][info][gc,stats    ]    Subphase: Pause Mark Try Complete                       0.000 / 0.000         0.000 / 0.000         0.000 / 0.000         0.000 / 0.000       ms
[10.289s][info][gc,stats    ]      System: Java Threads                                     13 / 14               13 / 14               13 / 14               13 / 14          threads
[10.289s][info][gc,stats    ] =========================================================================================================================================================
[10.489s][info][gc,start    ] GC(34) Garbage Collection (Timer)
[10.489s][info][gc,task     ] GC(34) Using 3 workers
[10.489s][info][gc,phases   ] GC(34) Pause Mark Start 0.006ms
[10.508s][info][gc,phases   ] GC(34) Concurrent Mark 19.074ms
[10.508s][info][gc,phases   ] GC(34) Pause Mark End 0.009ms
[10.508s][info][gc,phases   ] GC(34) Concurrent Mark Free 0.001ms
[10.509s][info][gc,phases   ] GC(34) Concurrent Process Non-Strong References 0.665ms
[10.509s][info][gc,phases   ] GC(34) Concurrent Reset Relocation Set 0.001ms
[10.511s][info][gc,phases   ] GC(34) Concurrent Select Relocation Set 2.232ms
[10.512s][info][gc,phases   ] GC(34) Pause Relocate Start 0.006ms
[10.515s][info][gc,phases   ] GC(34) Concurrent Relocate 2.786ms
[10.515s][info][gc,load     ] GC(34) Load: 0.00/0.00/0.00
[10.515s][info][gc,mmu      ] GC(34) MMU: 2ms/99.3%, 5ms/99.6%, 10ms/99.8%, 20ms/99.9%, 50ms/99.9%, 100ms/100.0%
[10.515s][info][gc,marking  ] GC(34) Mark: 2 stripe(s), 2 proactive flush(es), 1 terminate flush(es), 0 completion(s), 0 continuation(s) 
[10.515s][info][gc,marking  ] GC(34) Mark Stack Usage: 32M
[10.515s][info][gc,nmethod  ] GC(34) NMethods: 470 registered, 0 unregistered
[10.515s][info][gc,metaspace] GC(34) Metaspace: 1M used, 1M committed, 1088M reserved
[10.515s][info][gc,ref      ] GC(34) Soft: 181 encountered, 0 discovered, 0 enqueued
[10.515s][info][gc,ref      ] GC(34) Weak: 263 encountered, 174 discovered, 0 enqueued
[10.515s][info][gc,ref      ] GC(34) Final: 0 encountered, 0 discovered, 0 enqueued
[10.515s][info][gc,ref      ] GC(34) Phantom: 7 encountered, 3 discovered, 0 enqueued
[10.515s][info][gc,reloc    ] GC(34) Small Pages: 1157 / 2314M, Empty: 0M, Relocated: 3M, In-Place: 0
[10.515s][info][gc,reloc    ] GC(34) Medium Pages: 1 / 32M, Empty: 0M, Relocated: 0M, In-Place: 0
[10.515s][info][gc,reloc    ] GC(34) Large Pages: 0 / 0M, Empty: 0M, Relocated: 0M, In-Place: 0
[10.515s][info][gc,reloc    ] GC(34) Forwarding Usage: 0M
[10.515s][info][gc,heap     ] GC(34) Min Capacity: 4096M(100%)
[10.515s][info][gc,heap     ] GC(34) Max Capacity: 4096M(100%)
[10.515s][info][gc,heap     ] GC(34) Soft Max Capacity: 4096M(100%)
[10.515s][info][gc,heap     ] GC(34)                Mark Start          Mark End        Relocate Start      Relocate End           High               Low         
[10.515s][info][gc,heap     ] GC(34)  Capacity:     4096M (100%)       4096M (100%)       4096M (100%)       4096M (100%)       4096M (100%)       4096M (100%)   
[10.515s][info][gc,heap     ] GC(34)      Free:     1750M (43%)        1748M (43%)        1748M (43%)        1748M (43%)        1750M (43%)        1742M (43%)    
[10.515s][info][gc,heap     ] GC(34)      Used:     2346M (57%)        2348M (57%)        2348M (57%)        2348M (57%)        2354M (57%)        2346M (57%)    
[10.515s][info][gc,heap     ] GC(34)      Live:         -              2113M (52%)        2113M (52%)        2113M (52%)            -                  -          
[10.515s][info][gc,heap     ] GC(34) Allocated:         -                 2M (0%)            2M (0%)            2M (0%)             -                  -          
[10.515s][info][gc,heap     ] GC(34)   Garbage:         -               232M (6%)          232M (6%)          232M (6%)             -                  -          
[10.515s][info][gc,heap     ] GC(34) Reclaimed:         -                  -                 0M (0%)            0M (0%)             -                  -          
[10.515s][info][gc          ] GC(34) Garbage Collection (Timer) 2346M(57%)->2348M(57%)
[10.789s][info][gc,start    ] GC(35) Garbage Collection (Timer)
[10.789s][info][gc,task     ] GC(35) Using 3 workers
[10.790s][info][gc,phases   ] GC(35) Pause Mark Start 0.005ms
[10.806s][info][gc,phases   ] GC(35) Concurrent Mark 15.917ms
[10.806s][info][gc,phases   ] GC(35) Pause Mark End 0.009ms
[10.806s][info][gc,phases   ] GC(35) Concurrent Mark Free 0.001ms
[10.807s][info][gc,phases   ] GC(35) Concurrent Process Non-Strong References 0.634ms
[10.807s][info][gc,phases   ] GC(35) Concurrent Reset Relocation Set 0.001ms
[10.809s][info][gc,phases   ] GC(35) Concurrent Select Relocation Set 2.285ms
[10.809s][info][gc,phases   ] GC(35) Pause Relocate Start 0.006ms
[10.813s][info][gc,phases   ] GC(35) Concurrent Relocate 3.791ms
[10.813s][info][gc,load     ] GC(35) Load: 0.00/0.00/0.00
[10.813s][info][gc,mmu      ] GC(35) MMU: 2ms/99.3%, 5ms/99.6%, 10ms/99.8%, 20ms/99.9%, 50ms/99.9%, 100ms/100.0%
[10.813s][info][gc,marking  ] GC(35) Mark: 2 stripe(s), 2 proactive flush(es), 1 terminate flush(es), 0 completion(s), 0 continuation(s) 
[10.813s][info][gc,marking  ] GC(35) Mark Stack Usage: 32M
[10.813s][info][gc,nmethod  ] GC(35) NMethods: 470 registered, 0 unregistered
[10.813s][info][gc,metaspace] GC(35) Metaspace: 1M used, 1M committed, 1088M reserved
[10.813s][info][gc,ref      ] GC(35) Soft: 181 encountered, 0 discovered, 0 enqueued
[10.813s][info][gc,ref      ] GC(35) Weak: 263 encountered, 214 discovered, 0 enqueued
[10.813s][info][gc,ref      ] GC(35) Final: 0 encountered, 0 discovered, 0 enqueued
[10.813s][info][gc,ref      ] GC(35) Phantom: 7 encountered, 2 discovered, 0 enqueued
[10.813s][info][gc,reloc    ] GC(35) Small Pages: 1181 / 2362M, Empty: 0M, Relocated: 3M, In-Place: 0
[10.813s][info][gc,reloc    ] GC(35) Medium Pages: 1 / 32M, Empty: 0M, Relocated: 0M, In-Place: 0
[10.814s][info][gc,reloc    ] GC(35) Large Pages: 0 / 0M, Empty: 0M, Relocated: 0M, In-Place: 0
[10.814s][info][gc,reloc    ] GC(35) Forwarding Usage: 0M
[10.814s][info][gc,heap     ] GC(35) Min Capacity: 4096M(100%)
[10.814s][info][gc,heap     ] GC(35) Max Capacity: 4096M(100%)
[10.814s][info][gc,heap     ] GC(35) Soft Max Capacity: 4096M(100%)
[10.814s][info][gc,heap     ] GC(35)                Mark Start          Mark End        Relocate Start      Relocate End           High               Low         
[10.814s][info][gc,heap     ] GC(35)  Capacity:     4096M (100%)       4096M (100%)       4096M (100%)       4096M (100%)       4096M (100%)       4096M (100%)   
[10.814s][info][gc,heap     ] GC(35)      Free:     1702M (42%)        1700M (42%)        1700M (42%)        1700M (42%)        1702M (42%)        1694M (41%)    
[10.814s][info][gc,heap     ] GC(35)      Used:     2394M (58%)        2396M (58%)        2396M (58%)        2396M (58%)        2402M (59%)        2394M (58%)    
[10.814s][info][gc,heap     ] GC(35)      Live:         -              2156M (53%)        2156M (53%)        2156M (53%)            -                  -          
[10.814s][info][gc,heap     ] GC(35) Allocated:         -                 2M (0%)            2M (0%)            2M (0%)             -                  -          
[10.814s][info][gc,heap     ] GC(35)   Garbage:         -               237M (6%)          237M (6%)          237M (6%)             -                  -          
[10.814s][info][gc,heap     ] GC(35) Reclaimed:         -                  -                 0M (0%)            0M (0%)             -                  -          
[10.814s][info][gc          ] GC(35) Garbage Collection (Timer) 2394M(58%)->2396M(58%)
[11.088s][info][gc,start    ] GC(36) Garbage Collection (Timer)
[11.088s][info][gc,task     ] GC(36) Using 3 workers
[11.088s][info][gc,phases   ] GC(36) Pause Mark Start 0.006ms
[11.105s][info][gc,phases   ] GC(36) Concurrent Mark 16.548ms
[11.105s][info][gc,phases   ] GC(36) Pause Mark End 0.009ms
[11.105s][info][gc,phases   ] GC(36) Concurrent Mark Free 0.001ms
[11.106s][info][gc,phases   ] GC(36) Concurrent Process Non-Strong References 0.742ms
[11.106s][info][gc,phases   ] GC(36) Concurrent Reset Relocation Set 0.001ms
[11.109s][info][gc,phases   ] GC(36) Concurrent Select Relocation Set 2.539ms
[11.109s][info][gc,phases   ] GC(36) Pause Relocate Start 0.006ms
[11.115s][info][gc,phases   ] GC(36) Concurrent Relocate 5.862ms
[11.115s][info][gc,load     ] GC(36) Load: 0.00/0.00/0.00
[11.115s][info][gc,mmu      ] GC(36) MMU: 2ms/99.3%, 5ms/99.6%, 10ms/99.8%, 20ms/99.9%, 50ms/99.9%, 100ms/100.0%
[11.115s][info][gc,marking  ] GC(36) Mark: 2 stripe(s), 2 proactive flush(es), 1 terminate flush(es), 0 completion(s), 0 continuation(s) 
[11.115s][info][gc,marking  ] GC(36) Mark Stack Usage: 32M
[11.115s][info][gc,nmethod  ] GC(36) NMethods: 470 registered, 0 unregistered
[11.115s][info][gc,metaspace] GC(36) Metaspace: 1M used, 1M committed, 1088M reserved
[11.115s][info][gc,ref      ] GC(36) Soft: 181 encountered, 0 discovered, 0 enqueued
[11.115s][info][gc,ref      ] GC(36) Weak: 263 encountered, 173 discovered, 0 enqueued
[11.115s][info][gc,ref      ] GC(36) Final: 0 encountered, 0 discovered, 0 enqueued
[11.115s][info][gc,ref      ] GC(36) Phantom: 7 encountered, 3 discovered, 0 enqueued
[11.115s][info][gc,reloc    ] GC(36) Small Pages: 1208 / 2416M, Empty: 0M, Relocated: 6M, In-Place: 0
[11.115s][info][gc,reloc    ] GC(36) Medium Pages: 1 / 32M, Empty: 0M, Relocated: 0M, In-Place: 0
[11.115s][info][gc,reloc    ] GC(36) Large Pages: 0 / 0M, Empty: 0M, Relocated: 0M, In-Place: 0
[11.115s][info][gc,reloc    ] GC(36) Forwarding Usage: 0M
[11.116s][info][gc,heap     ] GC(36) Min Capacity: 4096M(100%)
[11.116s][info][gc,heap     ] GC(36) Max Capacity: 4096M(100%)
[11.116s][info][gc,heap     ] GC(36) Soft Max Capacity: 4096M(100%)
[11.116s][info][gc,heap     ] GC(36)                Mark Start          Mark End        Relocate Start      Relocate End           High               Low         
[11.116s][info][gc,heap     ] GC(36)  Capacity:     4096M (100%)       4096M (100%)       4096M (100%)       4096M (100%)       4096M (100%)       4096M (100%)   
[11.116s][info][gc,heap     ] GC(36)      Free:     1648M (40%)        1646M (40%)        1646M (40%)        1646M (40%)        1648M (40%)        1640M (40%)    
[11.116s][info][gc,heap     ] GC(36)      Used:     2448M (60%)        2450M (60%)        2450M (60%)        2450M (60%)        2456M (60%)        2448M (60%)    
[11.116s][info][gc,heap     ] GC(36)      Live:         -              2204M (54%)        2204M (54%)        2204M (54%)            -                  -          
[11.116s][info][gc,heap     ] GC(36) Allocated:         -                 2M (0%)            2M (0%)            2M (0%)             -                  -          
[11.116s][info][gc,heap     ] GC(36)   Garbage:         -               243M (6%)          243M (6%)          243M (6%)             -                  -          
[11.116s][info][gc,heap     ] GC(36) Reclaimed:         -                  -                 0M (0%)            0M (0%)             -                  -          
[11.116s][info][gc          ] GC(36) Garbage Collection (Timer) 2448M(60%)->2450M(60%)
[11.388s][info][gc,start    ] GC(37) Garbage Collection (Timer)
[11.388s][info][gc,task     ] GC(37) Using 3 workers
[11.388s][info][gc,phases   ] GC(37) Pause Mark Start 0.006ms
[11.407s][info][gc,phases   ] GC(37) Concurrent Mark 18.712ms
[11.407s][info][gc,phases   ] GC(37) Pause Mark End 0.008ms
[11.407s][info][gc,phases   ] GC(37) Concurrent Mark Free 0.001ms
[11.408s][info][gc,phases   ] GC(37) Concurrent Process Non-Strong References 0.648ms
[11.408s][info][gc,phases   ] GC(37) Concurrent Reset Relocation Set 0.001ms
[11.410s][info][gc,phases   ] GC(37) Concurrent Select Relocation Set 2.226ms
[11.411s][info][gc,phases   ] GC(37) Pause Relocate Start 0.006ms
[11.415s][info][gc,phases   ] GC(37) Concurrent Relocate 4.627ms
[11.415s][info][gc,load     ] GC(37) Load: 0.00/0.00/0.00
[11.415s][info][gc,mmu      ] GC(37) MMU: 2ms/99.3%, 5ms/99.6%, 10ms/99.8%, 20ms/99.9%, 50ms/99.9%, 100ms/100.0%
[11.415s][info][gc,marking  ] GC(37) Mark: 2 stripe(s), 2 proactive flush(es), 1 terminate flush(es), 0 completion(s), 0 continuation(s) 
[11.415s][info][gc,marking  ] GC(37) Mark Stack Usage: 32M
[11.416s][info][gc,nmethod  ] GC(37) NMethods: 470 registered, 0 unregistered
[11.416s][info][gc,metaspace] GC(37) Metaspace: 1M used, 1M committed, 1088M reserved
[11.416s][info][gc,ref      ] GC(37) Soft: 181 encountered, 0 discovered, 0 enqueued
[11.416s][info][gc,ref      ] GC(37) Weak: 263 encountered, 171 discovered, 0 enqueued
[11.416s][info][gc,ref      ] GC(37) Final: 0 encountered, 0 discovered, 0 enqueued
[11.416s][info][gc,ref      ] GC(37) Phantom: 7 encountered, 3 discovered, 0 enqueued
[11.416s][info][gc,reloc    ] GC(37) Small Pages: 1237 / 2474M, Empty: 0M, Relocated: 3M, In-Place: 0
[11.416s][info][gc,reloc    ] GC(37) Medium Pages: 1 / 32M, Empty: 0M, Relocated: 0M, In-Place: 0
[11.416s][info][gc,reloc    ] GC(37) Large Pages: 0 / 0M, Empty: 0M, Relocated: 0M, In-Place: 0
[11.416s][info][gc,reloc    ] GC(37) Forwarding Usage: 0M
[11.416s][info][gc,heap     ] GC(37) Min Capacity: 4096M(100%)
[11.416s][info][gc,heap     ] GC(37) Max Capacity: 4096M(100%)
[11.416s][info][gc,heap     ] GC(37) Soft Max Capacity: 4096M(100%)
[11.416s][info][gc,heap     ] GC(37)                Mark Start          Mark End        Relocate Start      Relocate End           High               Low         
[11.416s][info][gc,heap     ] GC(37)  Capacity:     4096M (100%)       4096M (100%)       4096M (100%)       4096M (100%)       4096M (100%)       4096M (100%)   
[11.416s][info][gc,heap     ] GC(37)      Free:     1590M (39%)        1588M (39%)        1586M (39%)        1590M (39%)        1590M (39%)        1580M (39%)    
[11.416s][info][gc,heap     ] GC(37)      Used:     2506M (61%)        2508M (61%)        2510M (61%)        2506M (61%)        2516M (61%)        2506M (61%)    
[11.416s][info][gc,heap     ] GC(37)      Live:         -              2256M (55%)        2256M (55%)        2256M (55%)            -                  -          
[11.416s][info][gc,heap     ] GC(37) Allocated:         -                 2M (0%)            4M (0%)            3M (0%)             -                  -          
[11.416s][info][gc,heap     ] GC(37)   Garbage:         -               249M (6%)          249M (6%)          245M (6%)             -                  -          
[11.416s][info][gc,heap     ] GC(37) Reclaimed:         -                  -                 0M (0%)            3M (0%)             -                  -          
[11.416s][info][gc          ] GC(37) Garbage Collection (Timer) 2506M(61%)->2506M(61%)
[11.688s][info][gc,start    ] GC(38) Garbage Collection (Timer)
[11.688s][info][gc,task     ] GC(38) Using 3 workers
[11.688s][info][gc,phases   ] GC(38) Pause Mark Start 0.006ms
[11.707s][info][gc,phases   ] GC(38) Concurrent Mark 18.688ms
[11.707s][info][gc,phases   ] GC(38) Pause Mark End 0.009ms
[11.707s][info][gc,phases   ] GC(38) Concurrent Mark Free 0.001ms
[11.708s][info][gc,phases   ] GC(38) Concurrent Process Non-Strong References 0.682ms
[11.708s][info][gc,phases   ] GC(38) Concurrent Reset Relocation Set 0.001ms
[11.711s][info][gc,phases   ] GC(38) Concurrent Select Relocation Set 2.591ms
[11.711s][info][gc,phases   ] GC(38) Pause Relocate Start 0.006ms
[11.714s][info][gc,phases   ] GC(38) Concurrent Relocate 2.577ms
[11.714s][info][gc,load     ] GC(38) Load: 0.00/0.00/0.00
[11.714s][info][gc,mmu      ] GC(38) MMU: 2ms/99.3%, 5ms/99.6%, 10ms/99.8%, 20ms/99.9%, 50ms/99.9%, 100ms/100.0%
[11.714s][info][gc,marking  ] GC(38) Mark: 2 stripe(s), 2 proactive flush(es), 1 terminate flush(es), 0 completion(s), 0 continuation(s) 
[11.714s][info][gc,marking  ] GC(38) Mark Stack Usage: 32M
[11.714s][info][gc,nmethod  ] GC(38) NMethods: 470 registered, 0 unregistered
[11.714s][info][gc,metaspace] GC(38) Metaspace: 1M used, 1M committed, 1088M reserved
[11.714s][info][gc,ref      ] GC(38) Soft: 181 encountered, 0 discovered, 0 enqueued
[11.714s][info][gc,ref      ] GC(38) Weak: 263 encountered, 175 discovered, 0 enqueued
[11.714s][info][gc,ref      ] GC(38) Final: 0 encountered, 0 discovered, 0 enqueued
[11.714s][info][gc,ref      ] GC(38) Phantom: 7 encountered, 3 discovered, 0 enqueued
[11.714s][info][gc,reloc    ] GC(38) Small Pages: 1259 / 2518M, Empty: 0M, Relocated: 1M, In-Place: 0
[11.714s][info][gc,reloc    ] GC(38) Medium Pages: 1 / 32M, Empty: 0M, Relocated: 0M, In-Place: 0
[11.714s][info][gc,reloc    ] GC(38) Large Pages: 0 / 0M, Empty: 0M, Relocated: 0M, In-Place: 0
[11.714s][info][gc,reloc    ] GC(38) Forwarding Usage: 0M
[11.714s][info][gc,heap     ] GC(38) Min Capacity: 4096M(100%)
[11.714s][info][gc,heap     ] GC(38) Max Capacity: 4096M(100%)
[11.714s][info][gc,heap     ] GC(38) Soft Max Capacity: 4096M(100%)
[11.714s][info][gc,heap     ] GC(38)                Mark Start          Mark End        Relocate Start      Relocate End           High               Low         
[11.714s][info][gc,heap     ] GC(38)  Capacity:     4096M (100%)       4096M (100%)       4096M (100%)       4096M (100%)       4096M (100%)       4096M (100%)   
[11.714s][info][gc,heap     ] GC(38)      Free:     1546M (38%)        1544M (38%)        1544M (38%)        1544M (38%)        1546M (38%)        1540M (38%)    
[11.714s][info][gc,heap     ] GC(38)      Used:     2550M (62%)        2552M (62%)        2552M (62%)        2552M (62%)        2556M (62%)        2550M (62%)    
[11.714s][info][gc,heap     ] GC(38)      Live:         -              2300M (56%)        2300M (56%)        2300M (56%)            -                  -          
[11.714s][info][gc,heap     ] GC(38) Allocated:         -                 2M (0%)            2M (0%)            2M (0%)             -                  -          
[11.714s][info][gc,heap     ] GC(38)   Garbage:         -               249M (6%)          249M (6%)          249M (6%)             -                  -          
[11.714s][info][gc,heap     ] GC(38) Reclaimed:         -                  -                 0M (0%)            0M (0%)             -                  -          
[11.714s][info][gc          ] GC(38) Garbage Collection (Timer) 2550M(62%)->2552M(62%)
[11.989s][info][gc,start    ] GC(39) Garbage Collection (Timer)
[11.989s][info][gc,task     ] GC(39) Using 3 workers
[11.989s][info][gc,phases   ] GC(39) Pause Mark Start 0.006ms
[12.006s][info][gc,phases   ] GC(39) Concurrent Mark 17.343ms
[12.006s][info][gc,phases   ] GC(39) Pause Mark End 0.010ms
[12.007s][info][gc,phases   ] GC(39) Concurrent Mark Free 0.001ms
[12.007s][info][gc,phases   ] GC(39) Concurrent Process Non-Strong References 0.724ms
[12.007s][info][gc,phases   ] GC(39) Concurrent Reset Relocation Set 0.001ms
[12.010s][info][gc,phases   ] GC(39) Concurrent Select Relocation Set 2.348ms
[12.010s][info][gc,phases   ] GC(39) Pause Relocate Start 0.005ms
[12.013s][info][gc,phases   ] GC(39) Concurrent Relocate 2.832ms
[12.013s][info][gc,load     ] GC(39) Load: 0.00/0.00/0.00
[12.013s][info][gc,mmu      ] GC(39) MMU: 2ms/99.3%, 5ms/99.6%, 10ms/99.8%, 20ms/99.9%, 50ms/99.9%, 100ms/100.0%
[12.013s][info][gc,marking  ] GC(39) Mark: 2 stripe(s), 2 proactive flush(es), 1 terminate flush(es), 0 completion(s), 0 continuation(s) 
[12.013s][info][gc,marking  ] GC(39) Mark Stack Usage: 32M
[12.013s][info][gc,nmethod  ] GC(39) NMethods: 470 registered, 0 unregistered
[12.013s][info][gc,metaspace] GC(39) Metaspace: 1M used, 1M committed, 1088M reserved
[12.013s][info][gc,ref      ] GC(39) Soft: 181 encountered, 0 discovered, 0 enqueued
[12.013s][info][gc,ref      ] GC(39) Weak: 263 encountered, 174 discovered, 0 enqueued
[12.013s][info][gc,ref      ] GC(39) Final: 0 encountered, 0 discovered, 0 enqueued
[12.013s][info][gc,ref      ] GC(39) Phantom: 7 encountered, 2 discovered, 0 enqueued
[12.013s][info][gc,reloc    ] GC(39) Small Pages: 1289 / 2578M, Empty: 0M, Relocated: 1M, In-Place: 0
[12.013s][info][gc,reloc    ] GC(39) Medium Pages: 1 / 32M, Empty: 0M, Relocated: 0M, In-Place: 0
[12.013s][info][gc,reloc    ] GC(39) Large Pages: 0 / 0M, Empty: 0M, Relocated: 0M, In-Place: 0
[12.013s][info][gc,reloc    ] GC(39) Forwarding Usage: 0M
[12.013s][info][gc,heap     ] GC(39) Min Capacity: 4096M(100%)
[12.013s][info][gc,heap     ] GC(39) Max Capacity: 4096M(100%)
[12.013s][info][gc,heap     ] GC(39) Soft Max Capacity: 4096M(100%)
[12.013s][info][gc,heap     ] GC(39)                Mark Start          Mark End        Relocate Start      Relocate End           High               Low         
[12.013s][info][gc,heap     ] GC(39)  Capacity:     4096M (100%)       4096M (100%)       4096M (100%)       4096M (100%)       4096M (100%)       4096M (100%)   
[12.013s][info][gc,heap     ] GC(39)      Free:     1486M (36%)        1484M (36%)        1484M (36%)        1484M (36%)        1486M (36%)        1478M (36%)    
[12.013s][info][gc,heap     ] GC(39)      Used:     2610M (64%)        2612M (64%)        2612M (64%)        2612M (64%)        2618M (64%)        2610M (64%)    
[12.013s][info][gc,heap     ] GC(39)      Live:         -              2353M (57%)        2353M (57%)        2353M (57%)            -                  -          
[12.014s][info][gc,heap     ] GC(39) Allocated:         -                 2M (0%)            2M (0%)            2M (0%)             -                  -          
[12.014s][info][gc,heap     ] GC(39)   Garbage:         -               256M (6%)          256M (6%)          256M (6%)             -                  -          
[12.014s][info][gc,heap     ] GC(39) Reclaimed:         -                  -                 0M (0%)            0M (0%)             -                  -          
[12.014s][info][gc          ] GC(39) Garbage Collection (Timer) 2610M(64%)->2612M(64%)
[12.288s][info][gc,start    ] GC(40) Garbage Collection (Timer)
[12.288s][info][gc,task     ] GC(40) Using 3 workers
[12.288s][info][gc,phases   ] GC(40) Pause Mark Start 0.006ms
[12.307s][info][gc,phases   ] GC(40) Concurrent Mark 19.118ms
[12.308s][info][gc,phases   ] GC(40) Pause Mark End 0.009ms
[12.308s][info][gc,phases   ] GC(40) Concurrent Mark Free 0.001ms
[12.308s][info][gc,phases   ] GC(40) Concurrent Process Non-Strong References 0.765ms
[12.308s][info][gc,phases   ] GC(40) Concurrent Reset Relocation Set 0.001ms
[12.311s][info][gc,phases   ] GC(40) Concurrent Select Relocation Set 2.391ms
[12.311s][info][gc,phases   ] GC(40) Pause Relocate Start 0.006ms
[12.313s][info][gc,phases   ] GC(40) Concurrent Relocate 1.818ms
[12.313s][info][gc,load     ] GC(40) Load: 0.00/0.00/0.00
[12.313s][info][gc,mmu      ] GC(40) MMU: 2ms/99.3%, 5ms/99.6%, 10ms/99.8%, 20ms/99.9%, 50ms/99.9%, 100ms/100.0%
[12.313s][info][gc,marking  ] GC(40) Mark: 2 stripe(s), 2 proactive flush(es), 1 terminate flush(es), 0 completion(s), 0 continuation(s) 
[12.313s][info][gc,marking  ] GC(40) Mark Stack Usage: 32M
[12.313s][info][gc,nmethod  ] GC(40) NMethods: 470 registered, 0 unregistered
[12.313s][info][gc,metaspace] GC(40) Metaspace: 1M used, 1M committed, 1088M reserved
[12.313s][info][gc,ref      ] GC(40) Soft: 181 encountered, 0 discovered, 0 enqueued
[12.313s][info][gc,ref      ] GC(40) Weak: 263 encountered, 0 discovered, 0 enqueued
[12.313s][info][gc,ref      ] GC(40) Final: 0 encountered, 0 discovered, 0 enqueued
[12.313s][info][gc,ref      ] GC(40) Phantom: 7 encountered, 2 discovered, 0 enqueued
[12.313s][info][gc,reloc    ] GC(40) Small Pages: 1320 / 2640M, Empty: 0M, Relocated: 1M, In-Place: 0
[12.313s][info][gc,reloc    ] GC(40) Medium Pages: 1 / 32M, Empty: 0M, Relocated: 0M, In-Place: 0
[12.313s][info][gc,reloc    ] GC(40) Large Pages: 0 / 0M, Empty: 0M, Relocated: 0M, In-Place: 0
[12.313s][info][gc,reloc    ] GC(40) Forwarding Usage: 0M
[12.313s][info][gc,heap     ] GC(40) Min Capacity: 4096M(100%)
[12.313s][info][gc,heap     ] GC(40) Max Capacity: 4096M(100%)
[12.313s][info][gc,heap     ] GC(40) Soft Max Capacity: 4096M(100%)
[12.313s][info][gc,heap     ] GC(40)                Mark Start          Mark End        Relocate Start      Relocate End           High               Low         
[12.313s][info][gc,heap     ] GC(40)  Capacity:     4096M (100%)       4096M (100%)       4096M (100%)       4096M (100%)       4096M (100%)       4096M (100%)   
[12.314s][info][gc,heap     ] GC(40)      Free:     1424M (35%)        1422M (35%)        1422M (35%)        1422M (35%)        1424M (35%)        1416M (35%)    
[12.314s][info][gc,heap     ] GC(40)      Used:     2672M (65%)        2674M (65%)        2674M (65%)        2674M (65%)        2680M (65%)        2672M (65%)    
[12.314s][info][gc,heap     ] GC(40)      Live:         -              2408M (59%)        2408M (59%)        2408M (59%)            -                  -          
[12.314s][info][gc,heap     ] GC(40) Allocated:         -                 2M (0%)            2M (0%)            2M (0%)             -                  -          
[12.314s][info][gc,heap     ] GC(40)   Garbage:         -               263M (6%)          263M (6%)          263M (6%)             -                  -          
[12.314s][info][gc,heap     ] GC(40) Reclaimed:         -                  -                 0M (0%)            0M (0%)             -                  -          
[12.314s][info][gc          ] GC(40) Garbage Collection (Timer) 2672M(65%)->2674M(65%)
[12.588s][info][gc,start    ] GC(41) Garbage Collection (Timer)
[12.588s][info][gc,task     ] GC(41) Using 3 workers
[12.588s][info][gc,phases   ] GC(41) Pause Mark Start 0.006ms
[12.607s][info][gc,phases   ] GC(41) Concurrent Mark 18.572ms
[12.607s][info][gc,phases   ] GC(41) Pause Mark End 0.010ms
[12.607s][info][gc,phases   ] GC(41) Concurrent Mark Free 0.001ms
[12.608s][info][gc,phases   ] GC(41) Concurrent Process Non-Strong References 0.594ms
[12.608s][info][gc,phases   ] GC(41) Concurrent Reset Relocation Set 0.001ms
[12.610s][info][gc,phases   ] GC(41) Concurrent Select Relocation Set 2.123ms
[12.610s][info][gc,phases   ] GC(41) Pause Relocate Start 0.005ms
[12.612s][info][gc,phases   ] GC(41) Concurrent Relocate 2.125ms
[12.612s][info][gc,load     ] GC(41) Load: 0.00/0.00/0.00
[12.612s][info][gc,mmu      ] GC(41) MMU: 2ms/99.3%, 5ms/99.6%, 10ms/99.8%, 20ms/99.9%, 50ms/99.9%, 100ms/100.0%
[12.612s][info][gc,marking  ] GC(41) Mark: 2 stripe(s), 2 proactive flush(es), 1 terminate flush(es), 0 completion(s), 0 continuation(s) 
[12.612s][info][gc,marking  ] GC(41) Mark Stack Usage: 32M
[12.612s][info][gc,nmethod  ] GC(41) NMethods: 470 registered, 0 unregistered
[12.613s][info][gc,metaspace] GC(41) Metaspace: 1M used, 1M committed, 1088M reserved
[12.613s][info][gc,ref      ] GC(41) Soft: 181 encountered, 0 discovered, 0 enqueued
[12.613s][info][gc,ref      ] GC(41) Weak: 263 encountered, 0 discovered, 0 enqueued
[12.613s][info][gc,ref      ] GC(41) Final: 0 encountered, 0 discovered, 0 enqueued
[12.613s][info][gc,ref      ] GC(41) Phantom: 7 encountered, 3 discovered, 0 enqueued
[12.613s][info][gc,reloc    ] GC(41) Small Pages: 1355 / 2710M, Empty: 0M, Relocated: 1M, In-Place: 0
[12.613s][info][gc,reloc    ] GC(41) Medium Pages: 1 / 32M, Empty: 0M, Relocated: 0M, In-Place: 0
[12.613s][info][gc,reloc    ] GC(41) Large Pages: 0 / 0M, Empty: 0M, Relocated: 0M, In-Place: 0
[12.613s][info][gc,reloc    ] GC(41) Forwarding Usage: 0M
[12.613s][info][gc,heap     ] GC(41) Min Capacity: 4096M(100%)
[12.613s][info][gc,heap     ] GC(41) Max Capacity: 4096M(100%)
[12.613s][info][gc,heap     ] GC(41) Soft Max Capacity: 4096M(100%)
[12.613s][info][gc,heap     ] GC(41)                Mark Start          Mark End        Relocate Start      Relocate End           High               Low         
[12.613s][info][gc,heap     ] GC(41)  Capacity:     4096M (100%)       4096M (100%)       4096M (100%)       4096M (100%)       4096M (100%)       4096M (100%)   
[12.613s][info][gc,heap     ] GC(41)      Free:     1354M (33%)        1352M (33%)        1352M (33%)        1354M (33%)        1354M (33%)        1346M (33%)    
[12.613s][info][gc,heap     ] GC(41)      Used:     2742M (67%)        2744M (67%)        2744M (67%)        2742M (67%)        2750M (67%)        2742M (67%)    
[12.613s][info][gc,heap     ] GC(41)      Live:         -              2471M (60%)        2471M (60%)        2471M (60%)            -                  -          
[12.613s][info][gc,heap     ] GC(41) Allocated:         -                 2M (0%)            2M (0%)            2M (0%)             -                  -          
[12.613s][info][gc,heap     ] GC(41)   Garbage:         -               270M (7%)          270M (7%)          268M (7%)             -                  -          
[12.613s][info][gc,heap     ] GC(41) Reclaimed:         -                  -                 0M (0%)            2M (0%)             -                  -          
[12.613s][info][gc          ] GC(41) Garbage Collection (Timer) 2742M(67%)->2742M(67%)
[12.887s][info][gc,start    ] GC(42) Garbage Collection (Timer)
[12.887s][info][gc,task     ] GC(42) Using 3 workers
[12.887s][info][gc,phases   ] GC(42) Pause Mark Start 0.006ms
[12.905s][info][gc,phases   ] GC(42) Concurrent Mark 17.656ms
[12.905s][info][gc,phases   ] GC(42) Pause Mark End 0.010ms
[12.905s][info][gc,phases   ] GC(42) Concurrent Mark Free 0.001ms
[12.906s][info][gc,phases   ] GC(42) Concurrent Process Non-Strong References 0.870ms
[12.906s][info][gc,phases   ] GC(42) Concurrent Reset Relocation Set 0.001ms
[12.909s][info][gc,phases   ] GC(42) Concurrent Select Relocation Set 2.111ms
[12.909s][info][gc,phases   ] GC(42) Pause Relocate Start 0.005ms
[12.913s][info][gc,phases   ] GC(42) Concurrent Relocate 3.937ms
[12.913s][info][gc,load     ] GC(42) Load: 0.00/0.00/0.00
[12.913s][info][gc,mmu      ] GC(42) MMU: 2ms/99.3%, 5ms/99.6%, 10ms/99.8%, 20ms/99.9%, 50ms/99.9%, 100ms/100.0%
[12.913s][info][gc,marking  ] GC(42) Mark: 2 stripe(s), 1 proactive flush(es), 1 terminate flush(es), 0 completion(s), 0 continuation(s) 
[12.913s][info][gc,marking  ] GC(42) Mark Stack Usage: 32M
[12.913s][info][gc,nmethod  ] GC(42) NMethods: 470 registered, 0 unregistered
[12.913s][info][gc,metaspace] GC(42) Metaspace: 1M used, 1M committed, 1088M reserved
[12.913s][info][gc,ref      ] GC(42) Soft: 181 encountered, 0 discovered, 0 enqueued
[12.913s][info][gc,ref      ] GC(42) Weak: 263 encountered, 178 discovered, 0 enqueued
[12.913s][info][gc,ref      ] GC(42) Final: 0 encountered, 0 discovered, 0 enqueued
[12.913s][info][gc,ref      ] GC(42) Phantom: 7 encountered, 3 discovered, 0 enqueued
[12.913s][info][gc,reloc    ] GC(42) Small Pages: 1355 / 2710M, Empty: 0M, Relocated: 5M, In-Place: 0
[12.913s][info][gc,reloc    ] GC(42) Medium Pages: 1 / 32M, Empty: 0M, Relocated: 0M, In-Place: 0
[12.913s][info][gc,reloc    ] GC(42) Large Pages: 0 / 0M, Empty: 0M, Relocated: 0M, In-Place: 0
[12.913s][info][gc,reloc    ] GC(42) Forwarding Usage: 0M
[12.913s][info][gc,heap     ] GC(42) Min Capacity: 4096M(100%)
[12.913s][info][gc,heap     ] GC(42) Max Capacity: 4096M(100%)
[12.913s][info][gc,heap     ] GC(42) Soft Max Capacity: 4096M(100%)
[12.913s][info][gc,heap     ] GC(42)                Mark Start          Mark End        Relocate Start      Relocate End           High               Low         
[12.913s][info][gc,heap     ] GC(42)  Capacity:     4096M (100%)       4096M (100%)       4096M (100%)       4096M (100%)       4096M (100%)       4096M (100%)   
[12.913s][info][gc,heap     ] GC(42)      Free:     1354M (33%)        1354M (33%)        1354M (33%)        1358M (33%)        1358M (33%)        1350M (33%)    
[12.913s][info][gc,heap     ] GC(42)      Used:     2742M (67%)        2742M (67%)        2742M (67%)        2738M (67%)        2746M (67%)        2738M (67%)    
[12.913s][info][gc,heap     ] GC(42)      Live:         -              2472M (60%)        2472M (60%)        2472M (60%)            -                  -          
[12.913s][info][gc,heap     ] GC(42) Allocated:         -                 0M (0%)            0M (0%)            0M (0%)             -                  -          
[12.913s][info][gc,heap     ] GC(42)   Garbage:         -               269M (7%)          269M (7%)          265M (6%)             -                  -          
[12.913s][info][gc,heap     ] GC(42) Reclaimed:         -                  -                 0M (0%)            4M (0%)             -                  -          
[12.913s][info][gc          ] GC(42) Garbage Collection (Timer) 2742M(67%)->2738M(67%)
[13.189s][info][gc,start    ] GC(43) Garbage Collection (Timer)
[13.189s][info][gc,task     ] GC(43) Using 3 workers
[13.189s][info][gc,phases   ] GC(43) Pause Mark Start 0.006ms
[13.204s][info][gc,phases   ] GC(43) Concurrent Mark 14.838ms
[13.204s][info][gc,phases   ] GC(43) Pause Mark End 0.010ms
[13.204s][info][gc,phases   ] GC(43) Concurrent Mark Free 0.001ms
[13.205s][info][gc,phases   ] GC(43) Concurrent Process Non-Strong References 0.892ms
[13.205s][info][gc,phases   ] GC(43) Concurrent Reset Relocation Set 0.001ms
[13.207s][info][gc,phases   ] GC(43) Concurrent Select Relocation Set 2.110ms
[13.207s][info][gc,phases   ] GC(43) Pause Relocate Start 0.006ms
[13.208s][info][gc,phases   ] GC(43) Concurrent Relocate 0.689ms
[13.208s][info][gc,load     ] GC(43) Load: 0.00/0.00/0.00
[13.208s][info][gc,mmu      ] GC(43) MMU: 2ms/99.3%, 5ms/99.6%, 10ms/99.8%, 20ms/99.9%, 50ms/99.9%, 100ms/100.0%
[13.208s][info][gc,marking  ] GC(43) Mark: 2 stripe(s), 1 proactive flush(es), 1 terminate flush(es), 0 completion(s), 0 continuation(s) 
[13.208s][info][gc,marking  ] GC(43) Mark Stack Usage: 32M
[13.208s][info][gc,nmethod  ] GC(43) NMethods: 470 registered, 0 unregistered
[13.208s][info][gc,metaspace] GC(43) Metaspace: 1M used, 1M committed, 1088M reserved
[13.208s][info][gc,ref      ] GC(43) Soft: 181 encountered, 0 discovered, 0 enqueued
[13.208s][info][gc,ref      ] GC(43) Weak: 263 encountered, 2 discovered, 0 enqueued
[13.209s][info][gc,ref      ] GC(43) Final: 0 encountered, 0 discovered, 0 enqueued
[13.209s][info][gc,ref      ] GC(43) Phantom: 7 encountered, 3 discovered, 0 enqueued
[13.209s][info][gc,reloc    ] GC(43) Small Pages: 1353 / 2706M, Empty: 0M, Relocated: 1M, In-Place: 0
[13.209s][info][gc,reloc    ] GC(43) Medium Pages: 1 / 32M, Empty: 0M, Relocated: 0M, In-Place: 0
[13.209s][info][gc,reloc    ] GC(43) Large Pages: 0 / 0M, Empty: 0M, Relocated: 0M, In-Place: 0
[13.209s][info][gc,reloc    ] GC(43) Forwarding Usage: 0M
[13.209s][info][gc,heap     ] GC(43) Min Capacity: 4096M(100%)
[13.209s][info][gc,heap     ] GC(43) Max Capacity: 4096M(100%)
[13.209s][info][gc,heap     ] GC(43) Soft Max Capacity: 4096M(100%)
[13.209s][info][gc,heap     ] GC(43)                Mark Start          Mark End        Relocate Start      Relocate End           High               Low         
[13.209s][info][gc,heap     ] GC(43)  Capacity:     4096M (100%)       4096M (100%)       4096M (100%)       4096M (100%)       4096M (100%)       4096M (100%)   
[13.209s][info][gc,heap     ] GC(43)      Free:     1358M (33%)        1358M (33%)        1358M (33%)        1358M (33%)        1358M (33%)        1354M (33%)    
[13.209s][info][gc,heap     ] GC(43)      Used:     2738M (67%)        2738M (67%)        2738M (67%)        2738M (67%)        2742M (67%)        2738M (67%)    
[13.209s][info][gc,heap     ] GC(43)      Live:         -              2472M (60%)        2472M (60%)        2472M (60%)            -                  -          
[13.209s][info][gc,heap     ] GC(43) Allocated:         -                 0M (0%)            0M (0%)            0M (0%)             -                  -          
[13.209s][info][gc,heap     ] GC(43)   Garbage:         -               265M (6%)          265M (6%)          265M (6%)             -                  -          
[13.209s][info][gc,heap     ] GC(43) Reclaimed:         -                  -                 0M (0%)            0M (0%)             -                  -          
[13.209s][info][gc          ] GC(43) Garbage Collection (Timer) 2738M(67%)->2738M(67%)
[13.489s][info][gc,start    ] GC(44) Garbage Collection (Timer)
[13.489s][info][gc,task     ] GC(44) Using 3 workers
[13.489s][info][gc,phases   ] GC(44) Pause Mark Start 0.006ms
[13.505s][info][gc,phases   ] GC(44) Concurrent Mark 16.191ms
[13.505s][info][gc,phases   ] GC(44) Pause Mark End 0.009ms
[13.506s][info][gc,phases   ] GC(44) Concurrent Mark Free 0.001ms
[13.506s][info][gc,phases   ] GC(44) Concurrent Process Non-Strong References 0.727ms
[13.506s][info][gc,phases   ] GC(44) Concurrent Reset Relocation Set 0.001ms
[13.509s][info][gc,phases   ] GC(44) Concurrent Select Relocation Set 2.328ms
[13.509s][info][gc,phases   ] GC(44) Pause Relocate Start 0.006ms
[13.509s][info][gc,phases   ] GC(44) Concurrent Relocate 0.244ms
[13.509s][info][gc,load     ] GC(44) Load: 0.00/0.00/0.00
[13.509s][info][gc,mmu      ] GC(44) MMU: 2ms/99.3%, 5ms/99.6%, 10ms/99.8%, 20ms/99.9%, 50ms/99.9%, 100ms/100.0%
[13.509s][info][gc,marking  ] GC(44) Mark: 2 stripe(s), 2 proactive flush(es), 1 terminate flush(es), 0 completion(s), 0 continuation(s) 
[13.509s][info][gc,marking  ] GC(44) Mark Stack Usage: 32M
[13.509s][info][gc,nmethod  ] GC(44) NMethods: 470 registered, 0 unregistered
[13.509s][info][gc,metaspace] GC(44) Metaspace: 1M used, 1M committed, 1088M reserved
[13.509s][info][gc,ref      ] GC(44) Soft: 181 encountered, 0 discovered, 0 enqueued
[13.509s][info][gc,ref      ] GC(44) Weak: 263 encountered, 176 discovered, 0 enqueued
[13.509s][info][gc,ref      ] GC(44) Final: 0 encountered, 0 discovered, 0 enqueued
[13.510s][info][gc,ref      ] GC(44) Phantom: 7 encountered, 4 discovered, 0 enqueued
[13.510s][info][gc,reloc    ] GC(44) Small Pages: 1353 / 2706M, Empty: 0M, Relocated: 1M, In-Place: 0
[13.510s][info][gc,reloc    ] GC(44) Medium Pages: 1 / 32M, Empty: 0M, Relocated: 0M, In-Place: 0
[13.510s][info][gc,reloc    ] GC(44) Large Pages: 0 / 0M, Empty: 0M, Relocated: 0M, In-Place: 0
[13.510s][info][gc,reloc    ] GC(44) Forwarding Usage: 0M
[13.510s][info][gc,heap     ] GC(44) Min Capacity: 4096M(100%)
[13.510s][info][gc,heap     ] GC(44) Max Capacity: 4096M(100%)
[13.510s][info][gc,heap     ] GC(44) Soft Max Capacity: 4096M(100%)
[13.510s][info][gc,heap     ] GC(44)                Mark Start          Mark End        Relocate Start      Relocate End           High               Low         
[13.510s][info][gc,heap     ] GC(44)  Capacity:     4096M (100%)       4096M (100%)       4096M (100%)       4096M (100%)       4096M (100%)       4096M (100%)   
[13.510s][info][gc,heap     ] GC(44)      Free:     1358M (33%)        1358M (33%)        1358M (33%)        1358M (33%)        1358M (33%)        1354M (33%)    
[13.510s][info][gc,heap     ] GC(44)      Used:     2738M (67%)        2738M (67%)        2738M (67%)        2738M (67%)        2742M (67%)        2738M (67%)    
[13.510s][info][gc,heap     ] GC(44)      Live:         -              2472M (60%)        2472M (60%)        2472M (60%)            -                  -          
[13.510s][info][gc,heap     ] GC(44) Allocated:         -                 0M (0%)            0M (0%)            0M (0%)             -                  -          
[13.510s][info][gc,heap     ] GC(44)   Garbage:         -               265M (6%)          265M (6%)          265M (6%)             -                  -          
[13.510s][info][gc,heap     ] GC(44) Reclaimed:         -                  -                 0M (0%)            0M (0%)             -                  -          
[13.510s][info][gc          ] GC(44) Garbage Collection (Timer) 2738M(67%)->2738M(67%)
[13.787s][info][gc,start    ] GC(45) Garbage Collection (Timer)
[13.787s][info][gc,task     ] GC(45) Using 3 workers
[13.787s][info][gc,phases   ] GC(45) Pause Mark Start 0.006ms
[13.804s][info][gc,phases   ] GC(45) Concurrent Mark 16.105ms
[13.804s][info][gc,phases   ] GC(45) Pause Mark End 0.010ms
[13.804s][info][gc,phases   ] GC(45) Concurrent Mark Free 0.001ms
[13.805s][info][gc,phases   ] GC(45) Concurrent Process Non-Strong References 0.792ms
[13.805s][info][gc,phases   ] GC(45) Concurrent Reset Relocation Set 0.001ms
[13.807s][info][gc,phases   ] GC(45) Concurrent Select Relocation Set 2.156ms
[13.807s][info][gc,phases   ] GC(45) Pause Relocate Start 0.005ms
[13.810s][info][gc,phases   ] GC(45) Concurrent Relocate 2.555ms
[13.810s][info][gc,load     ] GC(45) Load: 0.00/0.00/0.00
[13.810s][info][gc,mmu      ] GC(45) MMU: 2ms/99.3%, 5ms/99.6%, 10ms/99.8%, 20ms/99.9%, 50ms/99.9%, 100ms/100.0%
[13.810s][info][gc,marking  ] GC(45) Mark: 2 stripe(s), 2 proactive flush(es), 1 terminate flush(es), 0 completion(s), 0 continuation(s) 
[13.810s][info][gc,marking  ] GC(45) Mark Stack Usage: 32M
[13.810s][info][gc,nmethod  ] GC(45) NMethods: 477 registered, 0 unregistered
[13.810s][info][gc,metaspace] GC(45) Metaspace: 1M used, 1M committed, 1088M reserved
[13.810s][info][gc,ref      ] GC(45) Soft: 181 encountered, 0 discovered, 0 enqueued
[13.810s][info][gc,ref      ] GC(45) Weak: 263 encountered, 0 discovered, 0 enqueued
[13.810s][info][gc,ref      ] GC(45) Final: 0 encountered, 0 discovered, 0 enqueued
[13.810s][info][gc,ref      ] GC(45) Phantom: 7 encountered, 2 discovered, 0 enqueued
[13.810s][info][gc,reloc    ] GC(45) Small Pages: 1371 / 2742M, Empty: 0M, Relocated: 1M, In-Place: 0
[13.810s][info][gc,reloc    ] GC(45) Medium Pages: 1 / 32M, Empty: 0M, Relocated: 0M, In-Place: 0
[13.810s][info][gc,reloc    ] GC(45) Large Pages: 0 / 0M, Empty: 0M, Relocated: 0M, In-Place: 0
[13.810s][info][gc,reloc    ] GC(45) Forwarding Usage: 0M
[13.810s][info][gc,heap     ] GC(45) Min Capacity: 4096M(100%)
[13.810s][info][gc,heap     ] GC(45) Max Capacity: 4096M(100%)
[13.810s][info][gc,heap     ] GC(45) Soft Max Capacity: 4096M(100%)
[13.810s][info][gc,heap     ] GC(45)                Mark Start          Mark End        Relocate Start      Relocate End           High               Low         
[13.810s][info][gc,heap     ] GC(45)  Capacity:     4096M (100%)       4096M (100%)       4096M (100%)       4096M (100%)       4096M (100%)       4096M (100%)   
[13.810s][info][gc,heap     ] GC(45)      Free:     1322M (32%)        1320M (32%)        1320M (32%)        1320M (32%)        1322M (32%)        1316M (32%)    
[13.810s][info][gc,heap     ] GC(45)      Used:     2774M (68%)        2776M (68%)        2776M (68%)        2776M (68%)        2780M (68%)        2774M (68%)    
[13.810s][info][gc,heap     ] GC(45)      Live:         -              2503M (61%)        2503M (61%)        2503M (61%)            -                  -          
[13.810s][info][gc,heap     ] GC(45) Allocated:         -                 2M (0%)            2M (0%)            2M (0%)             -                  -          
[13.810s][info][gc,heap     ] GC(45)   Garbage:         -               270M (7%)          270M (7%)          270M (7%)             -                  -          
[13.810s][info][gc,heap     ] GC(45) Reclaimed:         -                  -                 0M (0%)            0M (0%)             -                  -          
[13.811s][info][gc          ] GC(45) Garbage Collection (Timer) 2774M(68%)->2776M(68%)
[14.088s][info][gc,start    ] GC(46) Garbage Collection (Timer)
[14.088s][info][gc,task     ] GC(46) Using 3 workers
[14.089s][info][gc,phases   ] GC(46) Pause Mark Start 0.006ms
[14.107s][info][gc,phases   ] GC(46) Concurrent Mark 18.550ms
[14.107s][info][gc,phases   ] GC(46) Pause Mark End 0.010ms
[14.107s][info][gc,phases   ] GC(46) Concurrent Mark Free 0.001ms
[14.108s][info][gc,phases   ] GC(46) Concurrent Process Non-Strong References 0.625ms
[14.108s][info][gc,phases   ] GC(46) Concurrent Reset Relocation Set 0.001ms
[14.110s][info][gc,phases   ] GC(46) Concurrent Select Relocation Set 2.256ms
[14.111s][info][gc,phases   ] GC(46) Pause Relocate Start 0.005ms
[14.115s][info][gc,phases   ] GC(46) Concurrent Relocate 4.580ms
[14.115s][info][gc,load     ] GC(46) Load: 0.00/0.00/0.00
[14.115s][info][gc,mmu      ] GC(46) MMU: 2ms/99.3%, 5ms/99.6%, 10ms/99.8%, 20ms/99.9%, 50ms/99.9%, 100ms/100.0%
[14.115s][info][gc,marking  ] GC(46) Mark: 2 stripe(s), 2 proactive flush(es), 1 terminate flush(es), 0 completion(s), 0 continuation(s) 
[14.115s][info][gc,marking  ] GC(46) Mark Stack Usage: 32M
[14.115s][info][gc,nmethod  ] GC(46) NMethods: 477 registered, 0 unregistered
[14.115s][info][gc,metaspace] GC(46) Metaspace: 1M used, 1M committed, 1088M reserved
[14.115s][info][gc,ref      ] GC(46) Soft: 181 encountered, 0 discovered, 0 enqueued
[14.116s][info][gc,ref      ] GC(46) Weak: 263 encountered, 174 discovered, 0 enqueued
[14.116s][info][gc,ref      ] GC(46) Final: 0 encountered, 0 discovered, 0 enqueued
[14.116s][info][gc,ref      ] GC(46) Phantom: 7 encountered, 4 discovered, 0 enqueued
[14.116s][info][gc,reloc    ] GC(46) Small Pages: 1397 / 2794M, Empty: 0M, Relocated: 3M, In-Place: 0
[14.116s][info][gc,reloc    ] GC(46) Medium Pages: 1 / 32M, Empty: 0M, Relocated: 0M, In-Place: 0
[14.116s][info][gc,reloc    ] GC(46) Large Pages: 0 / 0M, Empty: 0M, Relocated: 0M, In-Place: 0
[14.116s][info][gc,reloc    ] GC(46) Forwarding Usage: 0M
[14.116s][info][gc,heap     ] GC(46) Min Capacity: 4096M(100%)
[14.116s][info][gc,heap     ] GC(46) Max Capacity: 4096M(100%)
[14.116s][info][gc,heap     ] GC(46) Soft Max Capacity: 4096M(100%)
[14.116s][info][gc,heap     ] GC(46)                Mark Start          Mark End        Relocate Start      Relocate End           High               Low         
[14.116s][info][gc,heap     ] GC(46)  Capacity:     4096M (100%)       4096M (100%)       4096M (100%)       4096M (100%)       4096M (100%)       4096M (100%)   
[14.116s][info][gc,heap     ] GC(46)      Free:     1270M (31%)        1268M (31%)        1268M (31%)        1272M (31%)        1272M (31%)        1262M (31%)    
[14.116s][info][gc,heap     ] GC(46)      Used:     2826M (69%)        2828M (69%)        2828M (69%)        2824M (69%)        2834M (69%)        2824M (69%)    
[14.116s][info][gc,heap     ] GC(46)      Live:         -              2549M (62%)        2549M (62%)        2549M (62%)            -                  -          
[14.116s][info][gc,heap     ] GC(46) Allocated:         -                 2M (0%)            2M (0%)            1M (0%)             -                  -          
[14.116s][info][gc,heap     ] GC(46)   Garbage:         -               276M (7%)          276M (7%)          272M (7%)             -                  -          
[14.116s][info][gc,heap     ] GC(46) Reclaimed:         -                  -                 0M (0%)            3M (0%)             -                  -          
[14.116s][info][gc          ] GC(46) Garbage Collection (Timer) 2826M(69%)->2824M(69%)
[14.388s][info][gc,start    ] GC(47) Garbage Collection (Timer)
[14.388s][info][gc,task     ] GC(47) Using 3 workers
[14.389s][info][gc,phases   ] GC(47) Pause Mark Start 0.005ms
[14.408s][info][gc,phases   ] GC(47) Concurrent Mark 19.843ms
[14.409s][info][gc,phases   ] GC(47) Pause Mark End 0.010ms
[14.409s][info][gc,phases   ] GC(47) Concurrent Mark Free 0.001ms
[14.410s][info][gc,phases   ] GC(47) Concurrent Process Non-Strong References 0.743ms
[14.410s][info][gc,phases   ] GC(47) Concurrent Reset Relocation Set 0.001ms
[14.412s][info][gc,phases   ] GC(47) Concurrent Select Relocation Set 2.321ms
[14.412s][info][gc,phases   ] GC(47) Pause Relocate Start 0.005ms
[14.415s][info][gc,phases   ] GC(47) Concurrent Relocate 2.369ms
[14.415s][info][gc,load     ] GC(47) Load: 0.00/0.00/0.00
[14.415s][info][gc,mmu      ] GC(47) MMU: 2ms/99.3%, 5ms/99.6%, 10ms/99.8%, 20ms/99.9%, 50ms/99.9%, 100ms/100.0%
[14.415s][info][gc,marking  ] GC(47) Mark: 2 stripe(s), 2 proactive flush(es), 1 terminate flush(es), 0 completion(s), 0 continuation(s) 
[14.415s][info][gc,marking  ] GC(47) Mark Stack Usage: 32M
[14.415s][info][gc,nmethod  ] GC(47) NMethods: 477 registered, 0 unregistered
[14.415s][info][gc,metaspace] GC(47) Metaspace: 1M used, 1M committed, 1088M reserved
[14.415s][info][gc,ref      ] GC(47) Soft: 181 encountered, 0 discovered, 0 enqueued
[14.415s][info][gc,ref      ] GC(47) Weak: 263 encountered, 166 discovered, 0 enqueued
[14.415s][info][gc,ref      ] GC(47) Final: 0 encountered, 0 discovered, 0 enqueued
[14.415s][info][gc,ref      ] GC(47) Phantom: 7 encountered, 3 discovered, 0 enqueued
[14.415s][info][gc,reloc    ] GC(47) Small Pages: 1431 / 2862M, Empty: 0M, Relocated: 1M, In-Place: 0
[14.415s][info][gc,reloc    ] GC(47) Medium Pages: 1 / 32M, Empty: 0M, Relocated: 0M, In-Place: 0
[14.415s][info][gc,reloc    ] GC(47) Large Pages: 0 / 0M, Empty: 0M, Relocated: 0M, In-Place: 0
[14.415s][info][gc,reloc    ] GC(47) Forwarding Usage: 0M
[14.415s][info][gc,heap     ] GC(47) Min Capacity: 4096M(100%)
[14.415s][info][gc,heap     ] GC(47) Max Capacity: 4096M(100%)
[14.415s][info][gc,heap     ] GC(47) Soft Max Capacity: 4096M(100%)
[14.415s][info][gc,heap     ] GC(47)                Mark Start          Mark End        Relocate Start      Relocate End           High               Low         
[14.415s][info][gc,heap     ] GC(47)  Capacity:     4096M (100%)       4096M (100%)       4096M (100%)       4096M (100%)       4096M (100%)       4096M (100%)   
[14.415s][info][gc,heap     ] GC(47)      Free:     1202M (29%)        1200M (29%)        1200M (29%)        1200M (29%)        1202M (29%)        1196M (29%)    
[14.415s][info][gc,heap     ] GC(47)      Used:     2894M (71%)        2896M (71%)        2896M (71%)        2896M (71%)        2900M (71%)        2894M (71%)    
[14.415s][info][gc,heap     ] GC(47)      Live:         -              2614M (64%)        2614M (64%)        2614M (64%)            -                  -          
[14.415s][info][gc,heap     ] GC(47) Allocated:         -                 2M (0%)            2M (0%)            2M (0%)             -                  -          
[14.415s][info][gc,heap     ] GC(47)   Garbage:         -               279M (7%)          279M (7%)          279M (7%)             -                  -          
[14.415s][info][gc,heap     ] GC(47) Reclaimed:         -                  -                 0M (0%)            0M (0%)             -                  -          
[14.415s][info][gc          ] GC(47) Garbage Collection (Timer) 2894M(71%)->2896M(71%)
[14.688s][info][gc,start    ] GC(48) Garbage Collection (Timer)
[14.688s][info][gc,task     ] GC(48) Using 3 workers
[14.688s][info][gc,phases   ] GC(48) Pause Mark Start 0.006ms
[14.708s][info][gc,phases   ] GC(48) Concurrent Mark 19.768ms
[14.708s][info][gc,phases   ] GC(48) Pause Mark End 0.009ms
[14.709s][info][gc,phases   ] GC(48) Concurrent Mark Free 0.001ms
[14.709s][info][gc,phases   ] GC(48) Concurrent Process Non-Strong References 0.666ms
[14.709s][info][gc,phases   ] GC(48) Concurrent Reset Relocation Set 0.001ms
[14.712s][info][gc,phases   ] GC(48) Concurrent Select Relocation Set 2.259ms
[14.712s][info][gc,phases   ] GC(48) Pause Relocate Start 0.005ms
[14.714s][info][gc,phases   ] GC(48) Concurrent Relocate 2.025ms
[14.714s][info][gc,load     ] GC(48) Load: 0.00/0.00/0.00
[14.714s][info][gc,mmu      ] GC(48) MMU: 2ms/99.3%, 5ms/99.6%, 10ms/99.8%, 20ms/99.9%, 50ms/99.9%, 100ms/100.0%
[14.714s][info][gc,marking  ] GC(48) Mark: 2 stripe(s), 2 proactive flush(es), 1 terminate flush(es), 0 completion(s), 0 continuation(s) 
[14.714s][info][gc,marking  ] GC(48) Mark Stack Usage: 32M
[14.714s][info][gc,nmethod  ] GC(48) NMethods: 477 registered, 0 unregistered
[14.714s][info][gc,metaspace] GC(48) Metaspace: 1M used, 1M committed, 1088M reserved
[14.714s][info][gc,ref      ] GC(48) Soft: 181 encountered, 0 discovered, 0 enqueued
[14.714s][info][gc,ref      ] GC(48) Weak: 263 encountered, 173 discovered, 0 enqueued
[14.714s][info][gc,ref      ] GC(48) Final: 0 encountered, 0 discovered, 0 enqueued
[14.714s][info][gc,ref      ] GC(48) Phantom: 7 encountered, 3 discovered, 0 enqueued
[14.714s][info][gc,reloc    ] GC(48) Small Pages: 1462 / 2924M, Empty: 0M, Relocated: 1M, In-Place: 0
[14.714s][info][gc,reloc    ] GC(48) Medium Pages: 1 / 32M, Empty: 0M, Relocated: 0M, In-Place: 0
[14.714s][info][gc,reloc    ] GC(48) Large Pages: 0 / 0M, Empty: 0M, Relocated: 0M, In-Place: 0
[14.714s][info][gc,reloc    ] GC(48) Forwarding Usage: 0M
[14.714s][info][gc,heap     ] GC(48) Min Capacity: 4096M(100%)
[14.714s][info][gc,heap     ] GC(48) Max Capacity: 4096M(100%)
[14.714s][info][gc,heap     ] GC(48) Soft Max Capacity: 4096M(100%)
[14.714s][info][gc,heap     ] GC(48)                Mark Start          Mark End        Relocate Start      Relocate End           High               Low         
[14.714s][info][gc,heap     ] GC(48)  Capacity:     4096M (100%)       4096M (100%)       4096M (100%)       4096M (100%)       4096M (100%)       4096M (100%)   
[14.714s][info][gc,heap     ] GC(48)      Free:     1140M (28%)        1138M (28%)        1138M (28%)        1138M (28%)        1140M (28%)        1134M (28%)    
[14.714s][info][gc,heap     ] GC(48)      Used:     2956M (72%)        2958M (72%)        2958M (72%)        2958M (72%)        2962M (72%)        2956M (72%)    
[14.714s][info][gc,heap     ] GC(48)      Live:         -              2670M (65%)        2670M (65%)        2670M (65%)            -                  -          
[14.714s][info][gc,heap     ] GC(48) Allocated:         -                 2M (0%)            2M (0%)            2M (0%)             -                  -          
[14.715s][info][gc,heap     ] GC(48)   Garbage:         -               285M (7%)          285M (7%)          285M (7%)             -                  -          
[14.715s][info][gc,heap     ] GC(48) Reclaimed:         -                  -                 0M (0%)            0M (0%)             -                  -          
[14.715s][info][gc          ] GC(48) Garbage Collection (Timer) 2956M(72%)->2958M(72%)
[14.988s][info][gc,start    ] GC(49) Garbage Collection (Timer)
[14.988s][info][gc,task     ] GC(49) Using 3 workers
[14.988s][info][gc,phases   ] GC(49) Pause Mark Start 0.006ms
[15.008s][info][gc,phases   ] GC(49) Concurrent Mark 20.148ms
[15.008s][info][gc,phases   ] GC(49) Pause Mark End 0.011ms
[15.009s][info][gc,phases   ] GC(49) Concurrent Mark Free 0.001ms
[15.010s][info][gc,phases   ] GC(49) Concurrent Process Non-Strong References 1.052ms
[15.010s][info][gc,phases   ] GC(49) Concurrent Reset Relocation Set 0.001ms
[15.012s][info][gc,phases   ] GC(49) Concurrent Select Relocation Set 2.241ms
[15.012s][info][gc,phases   ] GC(49) Pause Relocate Start 0.005ms
[15.015s][info][gc,phases   ] GC(49) Concurrent Relocate 2.596ms
[15.015s][info][gc,load     ] GC(49) Load: 0.00/0.00/0.00
[15.015s][info][gc,mmu      ] GC(49) MMU: 2ms/99.3%, 5ms/99.6%, 10ms/99.8%, 20ms/99.9%, 50ms/99.9%, 100ms/100.0%
[15.015s][info][gc,marking  ] GC(49) Mark: 2 stripe(s), 2 proactive flush(es), 1 terminate flush(es), 0 completion(s), 0 continuation(s) 
[15.015s][info][gc,marking  ] GC(49) Mark Stack Usage: 32M
[15.015s][info][gc,nmethod  ] GC(49) NMethods: 477 registered, 0 unregistered
[15.015s][info][gc,metaspace] GC(49) Metaspace: 1M used, 1M committed, 1088M reserved
[15.015s][info][gc,ref      ] GC(49) Soft: 181 encountered, 0 discovered, 0 enqueued
[15.015s][info][gc,ref      ] GC(49) Weak: 263 encountered, 0 discovered, 0 enqueued
[15.015s][info][gc,ref      ] GC(49) Final: 0 encountered, 0 discovered, 0 enqueued
[15.015s][info][gc,ref      ] GC(49) Phantom: 7 encountered, 2 discovered, 0 enqueued
[15.015s][info][gc,reloc    ] GC(49) Small Pages: 1497 / 2994M, Empty: 0M, Relocated: 1M, In-Place: 0
[15.015s][info][gc,reloc    ] GC(49) Medium Pages: 1 / 32M, Empty: 0M, Relocated: 0M, In-Place: 0
[15.015s][info][gc,reloc    ] GC(49) Large Pages: 0 / 0M, Empty: 0M, Relocated: 0M, In-Place: 0
[15.015s][info][gc,reloc    ] GC(49) Forwarding Usage: 0M
[15.015s][info][gc,heap     ] GC(49) Min Capacity: 4096M(100%)
[15.015s][info][gc,heap     ] GC(49) Max Capacity: 4096M(100%)
[15.015s][info][gc,heap     ] GC(49) Soft Max Capacity: 4096M(100%)
[15.015s][info][gc,heap     ] GC(49)                Mark Start          Mark End        Relocate Start      Relocate End           High               Low         
[15.016s][info][gc,heap     ] GC(49)  Capacity:     4096M (100%)       4096M (100%)       4096M (100%)       4096M (100%)       4096M (100%)       4096M (100%)   
[15.016s][info][gc,heap     ] GC(49)      Free:     1070M (26%)        1068M (26%)        1068M (26%)        1068M (26%)        1070M (26%)        1064M (26%)    
[15.016s][info][gc,heap     ] GC(49)      Used:     3026M (74%)        3028M (74%)        3028M (74%)        3028M (74%)        3032M (74%)        3026M (74%)    
[15.016s][info][gc,heap     ] GC(49)      Live:         -              2734M (67%)        2734M (67%)        2734M (67%)            -                  -          
[15.016s][info][gc,heap     ] GC(49) Allocated:         -                 2M (0%)            2M (0%)            2M (0%)             -                  -          
[15.016s][info][gc,heap     ] GC(49)   Garbage:         -               291M (7%)          291M (7%)          291M (7%)             -                  -          
[15.016s][info][gc,heap     ] GC(49) Reclaimed:         -                  -                 0M (0%)            0M (0%)             -                  -          
[15.016s][info][gc          ] GC(49) Garbage Collection (Timer) 3026M(74%)->3028M(74%)
[15.288s][info][gc,start    ] GC(50) Garbage Collection (Timer)
[15.288s][info][gc,task     ] GC(50) Using 3 workers
[15.288s][info][gc,phases   ] GC(50) Pause Mark Start 0.006ms
[15.308s][info][gc,phases   ] GC(50) Concurrent Mark 20.253ms
[15.309s][info][gc,phases   ] GC(50) Pause Mark End 0.009ms
[15.309s][info][gc,phases   ] GC(50) Concurrent Mark Free 0.001ms
[15.310s][info][gc,phases   ] GC(50) Concurrent Process Non-Strong References 0.783ms
[15.310s][info][gc,phases   ] GC(50) Concurrent Reset Relocation Set 0.001ms
[15.312s][info][gc,phases   ] GC(50) Concurrent Select Relocation Set 2.248ms
[15.312s][info][gc,phases   ] GC(50) Pause Relocate Start 0.004ms
[15.316s][info][gc,phases   ] GC(50) Concurrent Relocate 4.372ms
[15.317s][info][gc,load     ] GC(50) Load: 0.00/0.00/0.00
[15.317s][info][gc,mmu      ] GC(50) MMU: 2ms/99.3%, 5ms/99.6%, 10ms/99.8%, 20ms/99.9%, 50ms/99.9%, 100ms/100.0%
[15.317s][info][gc,marking  ] GC(50) Mark: 2 stripe(s), 2 proactive flush(es), 1 terminate flush(es), 0 completion(s), 0 continuation(s) 
[15.317s][info][gc,marking  ] GC(50) Mark Stack Usage: 32M
[15.317s][info][gc,nmethod  ] GC(50) NMethods: 478 registered, 0 unregistered
[15.317s][info][gc,metaspace] GC(50) Metaspace: 1M used, 1M committed, 1088M reserved
[15.317s][info][gc,ref      ] GC(50) Soft: 181 encountered, 0 discovered, 0 enqueued
[15.317s][info][gc,ref      ] GC(50) Weak: 263 encountered, 0 discovered, 0 enqueued
[15.317s][info][gc,ref      ] GC(50) Final: 0 encountered, 0 discovered, 0 enqueued
[15.317s][info][gc,ref      ] GC(50) Phantom: 7 encountered, 1 discovered, 0 enqueued
[15.317s][info][gc,reloc    ] GC(50) Small Pages: 1534 / 3068M, Empty: 0M, Relocated: 3M, In-Place: 0
[15.317s][info][gc,reloc    ] GC(50) Medium Pages: 1 / 32M, Empty: 0M, Relocated: 0M, In-Place: 0
[15.317s][info][gc,reloc    ] GC(50) Large Pages: 0 / 0M, Empty: 0M, Relocated: 0M, In-Place: 0
[15.317s][info][gc,reloc    ] GC(50) Forwarding Usage: 0M
[15.317s][info][gc,heap     ] GC(50) Min Capacity: 4096M(100%)
[15.317s][info][gc,heap     ] GC(50) Max Capacity: 4096M(100%)
[15.317s][info][gc,heap     ] GC(50) Soft Max Capacity: 4096M(100%)
[15.317s][info][gc,heap     ] GC(50)                Mark Start          Mark End        Relocate Start      Relocate End           High               Low         
[15.317s][info][gc,heap     ] GC(50)  Capacity:     4096M (100%)       4096M (100%)       4096M (100%)       4096M (100%)       4096M (100%)       4096M (100%)   
[15.317s][info][gc,heap     ] GC(50)      Free:      996M (24%)         994M (24%)         994M (24%)         996M (24%)         996M (24%)         988M (24%)    
[15.317s][info][gc,heap     ] GC(50)      Used:     3100M (76%)        3102M (76%)        3102M (76%)        3100M (76%)        3108M (76%)        3100M (76%)    
[15.317s][info][gc,heap     ] GC(50)      Live:         -              2800M (68%)        2800M (68%)        2800M (68%)            -                  -          
[15.317s][info][gc,heap     ] GC(50) Allocated:         -                 2M (0%)            2M (0%)            2M (0%)             -                  -          
[15.317s][info][gc,heap     ] GC(50)   Garbage:         -               299M (7%)          299M (7%)          297M (7%)             -                  -          
[15.317s][info][gc,heap     ] GC(50) Reclaimed:         -                  -                 0M (0%)            2M (0%)             -                  -          
[15.317s][info][gc          ] GC(50) Garbage Collection (Timer) 3100M(76%)->3100M(76%)
[15.587s][info][gc,start    ] GC(51) Garbage Collection (Timer)
[15.587s][info][gc,task     ] GC(51) Using 3 workers
[15.587s][info][gc,phases   ] GC(51) Pause Mark Start 0.006ms
[15.610s][info][gc,phases   ] GC(51) Concurrent Mark 22.275ms
[15.610s][info][gc,phases   ] GC(51) Pause Mark End 0.009ms
[15.610s][info][gc,phases   ] GC(51) Concurrent Mark Free 0.001ms
[15.611s][info][gc,phases   ] GC(51) Concurrent Process Non-Strong References 0.446ms
[15.611s][info][gc,phases   ] GC(51) Concurrent Reset Relocation Set 0.001ms
[15.613s][info][gc,phases   ] GC(51) Concurrent Select Relocation Set 2.187ms
[15.613s][info][gc,phases   ] GC(51) Pause Relocate Start 0.005ms
[15.615s][info][gc,phases   ] GC(51) Concurrent Relocate 2.336ms
[15.615s][info][gc,load     ] GC(51) Load: 0.00/0.00/0.00
[15.615s][info][gc,mmu      ] GC(51) MMU: 2ms/99.3%, 5ms/99.6%, 10ms/99.8%, 20ms/99.9%, 50ms/99.9%, 100ms/100.0%
[15.615s][info][gc,marking  ] GC(51) Mark: 2 stripe(s), 2 proactive flush(es), 1 terminate flush(es), 0 completion(s), 0 continuation(s) 
[15.615s][info][gc,marking  ] GC(51) Mark Stack Usage: 32M
[15.616s][info][gc,nmethod  ] GC(51) NMethods: 478 registered, 0 unregistered
[15.616s][info][gc,metaspace] GC(51) Metaspace: 1M used, 1M committed, 1088M reserved
[15.616s][info][gc,ref      ] GC(51) Soft: 181 encountered, 0 discovered, 0 enqueued
[15.616s][info][gc,ref      ] GC(51) Weak: 263 encountered, 206 discovered, 0 enqueued
[15.616s][info][gc,ref      ] GC(51) Final: 0 encountered, 0 discovered, 0 enqueued
[15.616s][info][gc,ref      ] GC(51) Phantom: 7 encountered, 2 discovered, 0 enqueued
[15.616s][info][gc,reloc    ] GC(51) Small Pages: 1568 / 3136M, Empty: 0M, Relocated: 1M, In-Place: 0
[15.616s][info][gc,reloc    ] GC(51) Medium Pages: 1 / 32M, Empty: 0M, Relocated: 0M, In-Place: 0
[15.616s][info][gc,reloc    ] GC(51) Large Pages: 0 / 0M, Empty: 0M, Relocated: 0M, In-Place: 0
[15.616s][info][gc,reloc    ] GC(51) Forwarding Usage: 0M
[15.616s][info][gc,heap     ] GC(51) Min Capacity: 4096M(100%)
[15.616s][info][gc,heap     ] GC(51) Max Capacity: 4096M(100%)
[15.616s][info][gc,heap     ] GC(51) Soft Max Capacity: 4096M(100%)
[15.616s][info][gc,heap     ] GC(51)                Mark Start          Mark End        Relocate Start      Relocate End           High               Low         
[15.616s][info][gc,heap     ] GC(51)  Capacity:     4096M (100%)       4096M (100%)       4096M (100%)       4096M (100%)       4096M (100%)       4096M (100%)   
[15.616s][info][gc,heap     ] GC(51)      Free:      928M (23%)         926M (23%)         926M (23%)         926M (23%)         928M (23%)         922M (23%)    
[15.616s][info][gc,heap     ] GC(51)      Used:     3168M (77%)        3170M (77%)        3170M (77%)        3170M (77%)        3174M (77%)        3168M (77%)    
[15.616s][info][gc,heap     ] GC(51)      Live:         -              2864M (70%)        2864M (70%)        2864M (70%)            -                  -          
[15.616s][info][gc,heap     ] GC(51) Allocated:         -                 2M (0%)            2M (0%)            2M (0%)             -                  -          
[15.616s][info][gc,heap     ] GC(51)   Garbage:         -               303M (7%)          303M (7%)          303M (7%)             -                  -          
[15.616s][info][gc,heap     ] GC(51) Reclaimed:         -                  -                 0M (0%)            0M (0%)             -                  -          
[15.616s][info][gc          ] GC(51) Garbage Collection (Timer) 3168M(77%)->3170M(77%)
[15.888s][info][gc,start    ] GC(52) Garbage Collection (Timer)
[15.888s][info][gc,task     ] GC(52) Using 3 workers
[15.888s][info][gc,phases   ] GC(52) Pause Mark Start 0.006ms
[15.907s][info][gc,phases   ] GC(52) Concurrent Mark 19.346ms
[15.907s][info][gc,phases   ] GC(52) Pause Mark End 0.009ms
[15.907s][info][gc,phases   ] GC(52) Concurrent Mark Free 0.001ms
[15.908s][info][gc,phases   ] GC(52) Concurrent Process Non-Strong References 0.771ms
[15.908s][info][gc,phases   ] GC(52) Concurrent Reset Relocation Set 0.001ms
[15.911s][info][gc,phases   ] GC(52) Concurrent Select Relocation Set 2.206ms
[15.911s][info][gc,phases   ] GC(52) Pause Relocate Start 0.005ms
[15.915s][info][gc,phases   ] GC(52) Concurrent Relocate 4.643ms
[15.915s][info][gc,load     ] GC(52) Load: 0.00/0.00/0.00
[15.916s][info][gc,mmu      ] GC(52) MMU: 2ms/99.3%, 5ms/99.6%, 10ms/99.8%, 20ms/99.9%, 50ms/99.9%, 100ms/100.0%
[15.916s][info][gc,marking  ] GC(52) Mark: 2 stripe(s), 2 proactive flush(es), 1 terminate flush(es), 0 completion(s), 0 continuation(s) 
[15.916s][info][gc,marking  ] GC(52) Mark Stack Usage: 32M
[15.916s][info][gc,nmethod  ] GC(52) NMethods: 478 registered, 0 unregistered
[15.916s][info][gc,metaspace] GC(52) Metaspace: 1M used, 1M committed, 1088M reserved
[15.916s][info][gc,ref      ] GC(52) Soft: 181 encountered, 0 discovered, 0 enqueued
[15.916s][info][gc,ref      ] GC(52) Weak: 263 encountered, 173 discovered, 0 enqueued
[15.916s][info][gc,ref      ] GC(52) Final: 0 encountered, 0 discovered, 0 enqueued
[15.916s][info][gc,ref      ] GC(52) Phantom: 7 encountered, 2 discovered, 0 enqueued
[15.916s][info][gc,reloc    ] GC(52) Small Pages: 1597 / 3194M, Empty: 0M, Relocated: 3M, In-Place: 0
[15.916s][info][gc,reloc    ] GC(52) Medium Pages: 1 / 32M, Empty: 0M, Relocated: 0M, In-Place: 0
[15.916s][info][gc,reloc    ] GC(52) Large Pages: 0 / 0M, Empty: 0M, Relocated: 0M, In-Place: 0
[15.916s][info][gc,reloc    ] GC(52) Forwarding Usage: 0M
[15.916s][info][gc,heap     ] GC(52) Min Capacity: 4096M(100%)
[15.916s][info][gc,heap     ] GC(52) Max Capacity: 4096M(100%)
[15.916s][info][gc,heap     ] GC(52) Soft Max Capacity: 4096M(100%)
[15.916s][info][gc,heap     ] GC(52)                Mark Start          Mark End        Relocate Start      Relocate End           High               Low         
[15.916s][info][gc,heap     ] GC(52)  Capacity:     4096M (100%)       4096M (100%)       4096M (100%)       4096M (100%)       4096M (100%)       4096M (100%)   
[15.916s][info][gc,heap     ] GC(52)      Free:      870M (21%)         868M (21%)         868M (21%)         870M (21%)         870M (21%)         862M (21%)    
[15.916s][info][gc,heap     ] GC(52)      Used:     3226M (79%)        3228M (79%)        3228M (79%)        3226M (79%)        3234M (79%)        3226M (79%)    
[15.916s][info][gc,heap     ] GC(52)      Live:         -              2915M (71%)        2915M (71%)        2915M (71%)            -                  -          
[15.916s][info][gc,heap     ] GC(52) Allocated:         -                 2M (0%)            2M (0%)            1M (0%)             -                  -          
[15.916s][info][gc,heap     ] GC(52)   Garbage:         -               310M (8%)          310M (8%)          308M (8%)             -                  -          
[15.916s][info][gc,heap     ] GC(52) Reclaimed:         -                  -                 0M (0%)            1M (0%)             -                  -          
[15.916s][info][gc          ] GC(52) Garbage Collection (Timer) 3226M(79%)->3226M(79%)
[16.189s][info][gc,start    ] GC(53) Garbage Collection (Timer)
[16.189s][info][gc,task     ] GC(53) Using 3 workers
[16.189s][info][gc,phases   ] GC(53) Pause Mark Start 0.006ms
[16.210s][info][gc,phases   ] GC(53) Concurrent Mark 20.913ms
[16.211s][info][gc,phases   ] GC(53) Pause Mark End 0.009ms
[16.211s][info][gc,phases   ] GC(53) Concurrent Mark Free 0.001ms
[16.211s][info][gc,phases   ] GC(53) Concurrent Process Non-Strong References 0.785ms
[16.211s][info][gc,phases   ] GC(53) Concurrent Reset Relocation Set 0.001ms
[16.214s][info][gc,phases   ] GC(53) Concurrent Select Relocation Set 2.211ms
[16.214s][info][gc,phases   ] GC(53) Pause Relocate Start 0.005ms
[16.216s][info][gc,phases   ] GC(53) Concurrent Relocate 2.494ms
[16.217s][info][gc,load     ] GC(53) Load: 0.00/0.00/0.00
[16.217s][info][gc,mmu      ] GC(53) MMU: 2ms/99.3%, 5ms/99.6%, 10ms/99.8%, 20ms/99.9%, 50ms/99.9%, 100ms/100.0%
[16.217s][info][gc,marking  ] GC(53) Mark: 2 stripe(s), 2 proactive flush(es), 1 terminate flush(es), 0 completion(s), 0 continuation(s) 
[16.217s][info][gc,marking  ] GC(53) Mark Stack Usage: 32M
[16.217s][info][gc,nmethod  ] GC(53) NMethods: 478 registered, 0 unregistered
[16.217s][info][gc,metaspace] GC(53) Metaspace: 1M used, 1M committed, 1088M reserved
[16.217s][info][gc,ref      ] GC(53) Soft: 181 encountered, 0 discovered, 0 enqueued
[16.217s][info][gc,ref      ] GC(53) Weak: 263 encountered, 0 discovered, 0 enqueued
[16.217s][info][gc,ref      ] GC(53) Final: 0 encountered, 0 discovered, 0 enqueued
[16.217s][info][gc,ref      ] GC(53) Phantom: 7 encountered, 2 discovered, 0 enqueued
[16.217s][info][gc,reloc    ] GC(53) Small Pages: 1622 / 3244M, Empty: 0M, Relocated: 1M, In-Place: 0
[16.217s][info][gc,reloc    ] GC(53) Medium Pages: 2 / 64M, Empty: 32M, Relocated: 0M, In-Place: 0
[16.217s][info][gc,reloc    ] GC(53) Large Pages: 0 / 0M, Empty: 0M, Relocated: 0M, In-Place: 0
[16.217s][info][gc,reloc    ] GC(53) Forwarding Usage: 0M
[16.217s][info][gc,heap     ] GC(53) Min Capacity: 4096M(100%)
[16.217s][info][gc,heap     ] GC(53) Max Capacity: 4096M(100%)
[16.217s][info][gc,heap     ] GC(53) Soft Max Capacity: 4096M(100%)
[16.217s][info][gc,heap     ] GC(53)                Mark Start          Mark End        Relocate Start      Relocate End           High               Low         
[16.217s][info][gc,heap     ] GC(53)  Capacity:     4096M (100%)       4096M (100%)       4096M (100%)       4096M (100%)       4096M (100%)       4096M (100%)   
[16.217s][info][gc,heap     ] GC(53)      Free:      788M (19%)         786M (19%)         818M (20%)         818M (20%)         818M (20%)         786M (19%)    
[16.217s][info][gc,heap     ] GC(53)      Used:     3308M (81%)        3310M (81%)        3278M (80%)        3278M (80%)        3310M (81%)        3278M (80%)    
[16.217s][info][gc,heap     ] GC(53)      Live:         -              2963M (72%)        2963M (72%)        2963M (72%)            -                  -          
[16.217s][info][gc,heap     ] GC(53) Allocated:         -                 2M (0%)            2M (0%)            2M (0%)             -                  -          
[16.217s][info][gc,heap     ] GC(53)   Garbage:         -               344M (8%)          312M (8%)          312M (8%)             -                  -          
[16.217s][info][gc,heap     ] GC(53) Reclaimed:         -                  -                32M (1%)           32M (1%)             -                  -          
[16.217s][info][gc          ] GC(53) Garbage Collection (Timer) 3308M(81%)->3278M(80%)
[16.488s][info][gc,start    ] GC(54) Garbage Collection (Timer)
[16.488s][info][gc,task     ] GC(54) Using 3 workers
[16.488s][info][gc,phases   ] GC(54) Pause Mark Start 0.005ms
[16.510s][info][gc,phases   ] GC(54) Concurrent Mark 21.258ms
[16.510s][info][gc,phases   ] GC(54) Pause Mark End 0.009ms
[16.510s][info][gc,phases   ] GC(54) Concurrent Mark Free 0.001ms
[16.510s][info][gc,phases   ] GC(54) Concurrent Process Non-Strong References 0.631ms
[16.511s][info][gc,phases   ] GC(54) Concurrent Reset Relocation Set 0.001ms
[16.513s][info][gc,phases   ] GC(54) Concurrent Select Relocation Set 2.246ms
[16.513s][info][gc,phases   ] GC(54) Pause Relocate Start 0.005ms
[16.515s][info][gc,phases   ] GC(54) Concurrent Relocate 1.991ms
[16.515s][info][gc,load     ] GC(54) Load: 0.00/0.00/0.00
[16.515s][info][gc,mmu      ] GC(54) MMU: 2ms/99.3%, 5ms/99.6%, 10ms/99.8%, 20ms/99.9%, 50ms/99.9%, 100ms/100.0%
[16.515s][info][gc,marking  ] GC(54) Mark: 2 stripe(s), 2 proactive flush(es), 1 terminate flush(es), 0 completion(s), 0 continuation(s) 
[16.515s][info][gc,marking  ] GC(54) Mark Stack Usage: 32M
[16.515s][info][gc,nmethod  ] GC(54) NMethods: 478 registered, 0 unregistered
[16.515s][info][gc,metaspace] GC(54) Metaspace: 1M used, 1M committed, 1088M reserved
[16.515s][info][gc,ref      ] GC(54) Soft: 181 encountered, 0 discovered, 0 enqueued
[16.515s][info][gc,ref      ] GC(54) Weak: 263 encountered, 173 discovered, 0 enqueued
[16.515s][info][gc,ref      ] GC(54) Final: 0 encountered, 0 discovered, 0 enqueued
[16.515s][info][gc,ref      ] GC(54) Phantom: 7 encountered, 2 discovered, 0 enqueued
[16.515s][info][gc,reloc    ] GC(54) Small Pages: 1651 / 3302M, Empty: 0M, Relocated: 1M, In-Place: 0
[16.515s][info][gc,reloc    ] GC(54) Medium Pages: 1 / 32M, Empty: 0M, Relocated: 0M, In-Place: 0
[16.515s][info][gc,reloc    ] GC(54) Large Pages: 0 / 0M, Empty: 0M, Relocated: 0M, In-Place: 0
[16.515s][info][gc,reloc    ] GC(54) Forwarding Usage: 0M
[16.515s][info][gc,heap     ] GC(54) Min Capacity: 4096M(100%)
[16.515s][info][gc,heap     ] GC(54) Max Capacity: 4096M(100%)
[16.515s][info][gc,heap     ] GC(54) Soft Max Capacity: 4096M(100%)
[16.515s][info][gc,heap     ] GC(54)                Mark Start          Mark End        Relocate Start      Relocate End           High               Low         
[16.515s][info][gc,heap     ] GC(54)  Capacity:     4096M (100%)       4096M (100%)       4096M (100%)       4096M (100%)       4096M (100%)       4096M (100%)   
[16.516s][info][gc,heap     ] GC(54)      Free:      762M (19%)         760M (19%)         760M (19%)         760M (19%)         762M (19%)         756M (18%)    
[16.516s][info][gc,heap     ] GC(54)      Used:     3334M (81%)        3336M (81%)        3336M (81%)        3336M (81%)        3340M (82%)        3334M (81%)    
[16.516s][info][gc,heap     ] GC(54)      Live:         -              3015M (74%)        3015M (74%)        3015M (74%)            -                  -          
[16.516s][info][gc,heap     ] GC(54) Allocated:         -                 2M (0%)            2M (0%)            2M (0%)             -                  -          
[16.516s][info][gc,heap     ] GC(54)   Garbage:         -               318M (8%)          318M (8%)          318M (8%)             -                  -          
[16.516s][info][gc,heap     ] GC(54) Reclaimed:         -                  -                 0M (0%)            0M (0%)             -                  -          
[16.516s][info][gc          ] GC(54) Garbage Collection (Timer) 3334M(81%)->3336M(81%)
[16.787s][info][gc,start    ] GC(55) Garbage Collection (Timer)
[16.787s][info][gc,task     ] GC(55) Using 3 workers
[16.787s][info][gc,phases   ] GC(55) Pause Mark Start 0.006ms
[16.808s][info][gc,phases   ] GC(55) Concurrent Mark 20.770ms
[16.808s][info][gc,phases   ] GC(55) Pause Mark End 0.010ms
[16.809s][info][gc,phases   ] GC(55) Concurrent Mark Free 0.001ms
[16.809s][info][gc,phases   ] GC(55) Concurrent Process Non-Strong References 0.732ms
[16.809s][info][gc,phases   ] GC(55) Concurrent Reset Relocation Set 0.001ms
[16.812s][info][gc,phases   ] GC(55) Concurrent Select Relocation Set 2.240ms
[16.812s][info][gc,phases   ] GC(55) Pause Relocate Start 0.005ms
[16.816s][info][gc,phases   ] GC(55) Concurrent Relocate 4.252ms
[16.816s][info][gc,load     ] GC(55) Load: 0.00/0.00/0.00
[16.816s][info][gc,mmu      ] GC(55) MMU: 2ms/99.3%, 5ms/99.6%, 10ms/99.8%, 20ms/99.9%, 50ms/99.9%, 100ms/100.0%
[16.816s][info][gc,marking  ] GC(55) Mark: 2 stripe(s), 2 proactive flush(es), 1 terminate flush(es), 0 completion(s), 0 continuation(s) 
[16.816s][info][gc,marking  ] GC(55) Mark Stack Usage: 32M
[16.816s][info][gc,nmethod  ] GC(55) NMethods: 478 registered, 0 unregistered
[16.816s][info][gc,metaspace] GC(55) Metaspace: 1M used, 1M committed, 1088M reserved
[16.816s][info][gc,ref      ] GC(55) Soft: 181 encountered, 0 discovered, 0 enqueued
[16.816s][info][gc,ref      ] GC(55) Weak: 263 encountered, 171 discovered, 0 enqueued
[16.816s][info][gc,ref      ] GC(55) Final: 0 encountered, 0 discovered, 0 enqueued
[16.816s][info][gc,ref      ] GC(55) Phantom: 7 encountered, 2 discovered, 0 enqueued
[16.816s][info][gc,reloc    ] GC(55) Small Pages: 1680 / 3360M, Empty: 0M, Relocated: 2M, In-Place: 0
[16.816s][info][gc,reloc    ] GC(55) Medium Pages: 1 / 32M, Empty: 0M, Relocated: 0M, In-Place: 0
[16.817s][info][gc,reloc    ] GC(55) Large Pages: 0 / 0M, Empty: 0M, Relocated: 0M, In-Place: 0
[16.817s][info][gc,reloc    ] GC(55) Forwarding Usage: 0M
[16.817s][info][gc,heap     ] GC(55) Min Capacity: 4096M(100%)
[16.817s][info][gc,heap     ] GC(55) Max Capacity: 4096M(100%)
[16.817s][info][gc,heap     ] GC(55) Soft Max Capacity: 4096M(100%)
[16.817s][info][gc,heap     ] GC(55)                Mark Start          Mark End        Relocate Start      Relocate End           High               Low         
[16.817s][info][gc,heap     ] GC(55)  Capacity:     4096M (100%)       4096M (100%)       4096M (100%)       4096M (100%)       4096M (100%)       4096M (100%)   
[16.817s][info][gc,heap     ] GC(55)      Free:      704M (17%)         702M (17%)         702M (17%)         704M (17%)         704M (17%)         696M (17%)    
[16.817s][info][gc,heap     ] GC(55)      Used:     3392M (83%)        3394M (83%)        3394M (83%)        3392M (83%)        3400M (83%)        3392M (83%)    
[16.817s][info][gc,heap     ] GC(55)      Live:         -              3066M (75%)        3066M (75%)        3066M (75%)            -                  -          
[16.817s][info][gc,heap     ] GC(55) Allocated:         -                 2M (0%)            2M (0%)            2M (0%)             -                  -          
[16.817s][info][gc,heap     ] GC(55)   Garbage:         -               325M (8%)          325M (8%)          323M (8%)             -                  -          
[16.817s][info][gc,heap     ] GC(55) Reclaimed:         -                  -                 0M (0%)            2M (0%)             -                  -          
[16.817s][info][gc          ] GC(55) Garbage Collection (Timer) 3392M(83%)->3392M(83%)
[17.088s][info][gc,start    ] GC(56) Garbage Collection (Timer)
[17.088s][info][gc,task     ] GC(56) Using 3 workers
[17.088s][info][gc,phases   ] GC(56) Pause Mark Start 0.006ms
[17.108s][info][gc,phases   ] GC(56) Concurrent Mark 20.428ms
[17.109s][info][gc,phases   ] GC(56) Pause Mark End 0.010ms
[17.109s][info][gc,phases   ] GC(56) Concurrent Mark Free 0.001ms
[17.110s][info][gc,phases   ] GC(56) Concurrent Process Non-Strong References 0.835ms
[17.110s][info][gc,phases   ] GC(56) Concurrent Reset Relocation Set 0.001ms
[17.112s][info][gc,phases   ] GC(56) Concurrent Select Relocation Set 2.129ms
[17.112s][info][gc,phases   ] GC(56) Pause Relocate Start 0.005ms
[17.114s][info][gc,phases   ] GC(56) Concurrent Relocate 2.411ms
[17.114s][info][gc,load     ] GC(56) Load: 0.00/0.00/0.00
[17.114s][info][gc,mmu      ] GC(56) MMU: 2ms/99.3%, 5ms/99.6%, 10ms/99.8%, 20ms/99.9%, 50ms/99.9%, 100ms/100.0%
[17.114s][info][gc,marking  ] GC(56) Mark: 2 stripe(s), 1 proactive flush(es), 1 terminate flush(es), 0 completion(s), 0 continuation(s) 
[17.115s][info][gc,marking  ] GC(56) Mark Stack Usage: 32M
[17.115s][info][gc,nmethod  ] GC(56) NMethods: 478 registered, 0 unregistered
[17.115s][info][gc,metaspace] GC(56) Metaspace: 1M used, 1M committed, 1088M reserved
[17.115s][info][gc,ref      ] GC(56) Soft: 181 encountered, 0 discovered, 0 enqueued
[17.115s][info][gc,ref      ] GC(56) Weak: 263 encountered, 178 discovered, 0 enqueued
[17.115s][info][gc,ref      ] GC(56) Final: 0 encountered, 0 discovered, 0 enqueued
[17.115s][info][gc,ref      ] GC(56) Phantom: 7 encountered, 4 discovered, 0 enqueued
[17.115s][info][gc,reloc    ] GC(56) Small Pages: 1691 / 3382M, Empty: 0M, Relocated: 1M, In-Place: 0
[17.115s][info][gc,reloc    ] GC(56) Medium Pages: 1 / 32M, Empty: 0M, Relocated: 0M, In-Place: 0
[17.115s][info][gc,reloc    ] GC(56) Large Pages: 0 / 0M, Empty: 0M, Relocated: 0M, In-Place: 0
[17.115s][info][gc,reloc    ] GC(56) Forwarding Usage: 0M
[17.115s][info][gc,heap     ] GC(56) Min Capacity: 4096M(100%)
[17.115s][info][gc,heap     ] GC(56) Max Capacity: 4096M(100%)
[17.115s][info][gc,heap     ] GC(56) Soft Max Capacity: 4096M(100%)
[17.115s][info][gc,heap     ] GC(56)                Mark Start          Mark End        Relocate Start      Relocate End           High               Low         
[17.115s][info][gc,heap     ] GC(56)  Capacity:     4096M (100%)       4096M (100%)       4096M (100%)       4096M (100%)       4096M (100%)       4096M (100%)   
[17.115s][info][gc,heap     ] GC(56)      Free:      682M (17%)         682M (17%)         682M (17%)         682M (17%)         682M (17%)         678M (17%)    
[17.115s][info][gc,heap     ] GC(56)      Used:     3414M (83%)        3414M (83%)        3414M (83%)        3414M (83%)        3418M (83%)        3414M (83%)    
[17.115s][info][gc,heap     ] GC(56)      Live:         -              3087M (75%)        3087M (75%)        3087M (75%)            -                  -          
[17.115s][info][gc,heap     ] GC(56) Allocated:         -                 0M (0%)            0M (0%)            0M (0%)             -                  -          
[17.115s][info][gc,heap     ] GC(56)   Garbage:         -               326M (8%)          326M (8%)          326M (8%)             -                  -          
[17.115s][info][gc,heap     ] GC(56) Reclaimed:         -                  -                 0M (0%)            0M (0%)             -                  -          
[17.115s][info][gc          ] GC(56) Garbage Collection (Timer) 3414M(83%)->3414M(83%)
[17.388s][info][gc,start    ] GC(57) Garbage Collection (Timer)
[17.389s][info][gc,task     ] GC(57) Using 3 workers
[17.389s][info][gc,phases   ] GC(57) Pause Mark Start 0.013ms
[17.408s][info][gc,phases   ] GC(57) Concurrent Mark 19.048ms
[17.408s][info][gc,phases   ] GC(57) Pause Mark End 0.012ms
[17.408s][info][gc,phases   ] GC(57) Concurrent Mark Free 0.001ms
[17.409s][info][gc,phases   ] GC(57) Concurrent Process Non-Strong References 0.898ms
[17.409s][info][gc,phases   ] GC(57) Concurrent Reset Relocation Set 0.001ms
[17.411s][info][gc,phases   ] GC(57) Concurrent Select Relocation Set 2.102ms
[17.411s][info][gc,phases   ] GC(57) Pause Relocate Start 0.006ms
[17.412s][info][gc,phases   ] GC(57) Concurrent Relocate 0.238ms
[17.412s][info][gc,load     ] GC(57) Load: 0.00/0.00/0.00
[17.412s][info][gc,mmu      ] GC(57) MMU: 2ms/99.3%, 5ms/99.6%, 10ms/99.8%, 20ms/99.9%, 50ms/99.9%, 100ms/100.0%
[17.412s][info][gc,marking  ] GC(57) Mark: 2 stripe(s), 2 proactive flush(es), 1 terminate flush(es), 0 completion(s), 0 continuation(s) 
[17.412s][info][gc,marking  ] GC(57) Mark Stack Usage: 32M
[17.412s][info][gc,nmethod  ] GC(57) NMethods: 478 registered, 0 unregistered
[17.412s][info][gc,metaspace] GC(57) Metaspace: 1M used, 1M committed, 1088M reserved
[17.412s][info][gc,ref      ] GC(57) Soft: 181 encountered, 0 discovered, 0 enqueued
[17.412s][info][gc,ref      ] GC(57) Weak: 263 encountered, 176 discovered, 0 enqueued
[17.412s][info][gc,ref      ] GC(57) Final: 0 encountered, 0 discovered, 0 enqueued
[17.412s][info][gc,ref      ] GC(57) Phantom: 7 encountered, 3 discovered, 0 enqueued
[17.412s][info][gc,reloc    ] GC(57) Small Pages: 1691 / 3382M, Empty: 0M, Relocated: 1M, In-Place: 0
[17.412s][info][gc,reloc    ] GC(57) Medium Pages: 1 / 32M, Empty: 0M, Relocated: 0M, In-Place: 0
[17.412s][info][gc,reloc    ] GC(57) Large Pages: 0 / 0M, Empty: 0M, Relocated: 0M, In-Place: 0
[17.412s][info][gc,reloc    ] GC(57) Forwarding Usage: 0M
[17.412s][info][gc,heap     ] GC(57) Min Capacity: 4096M(100%)
[17.412s][info][gc,heap     ] GC(57) Max Capacity: 4096M(100%)
[17.412s][info][gc,heap     ] GC(57) Soft Max Capacity: 4096M(100%)
[17.412s][info][gc,heap     ] GC(57)                Mark Start          Mark End        Relocate Start      Relocate End           High               Low         
[17.412s][info][gc,heap     ] GC(57)  Capacity:     4096M (100%)       4096M (100%)       4096M (100%)       4096M (100%)       4096M (100%)       4096M (100%)   
[17.412s][info][gc,heap     ] GC(57)      Free:      682M (17%)         682M (17%)         682M (17%)         682M (17%)         682M (17%)         678M (17%)    
[17.412s][info][gc,heap     ] GC(57)      Used:     3414M (83%)        3414M (83%)        3414M (83%)        3414M (83%)        3418M (83%)        3414M (83%)    
[17.412s][info][gc,heap     ] GC(57)      Live:         -              3087M (75%)        3087M (75%)        3087M (75%)            -                  -          
[17.412s][info][gc,heap     ] GC(57) Allocated:         -                 0M (0%)            0M (0%)            0M (0%)             -                  -          
[17.412s][info][gc,heap     ] GC(57)   Garbage:         -               326M (8%)          326M (8%)          326M (8%)             -                  -          
[17.412s][info][gc,heap     ] GC(57) Reclaimed:         -                  -                 0M (0%)            0M (0%)             -                  -          
[17.412s][info][gc          ] GC(57) Garbage Collection (Timer) 3414M(83%)->3414M(83%)
[17.688s][info][gc,start    ] GC(58) Garbage Collection (Timer)
[17.688s][info][gc,task     ] GC(58) Using 3 workers
[17.688s][info][gc,phases   ] GC(58) Pause Mark Start 0.006ms
[17.706s][info][gc,phases   ] GC(58) Concurrent Mark 17.637ms
[17.706s][info][gc,phases   ] GC(58) Pause Mark End 0.011ms
[17.706s][info][gc,phases   ] GC(58) Concurrent Mark Free 0.001ms
[17.707s][info][gc,phases   ] GC(58) Concurrent Process Non-Strong References 0.823ms
[17.707s][info][gc,phases   ] GC(58) Concurrent Reset Relocation Set 0.001ms
[17.709s][info][gc,phases   ] GC(58) Concurrent Select Relocation Set 2.125ms
[17.709s][info][gc,phases   ] GC(58) Pause Relocate Start 0.005ms
[17.710s][info][gc,phases   ] GC(58) Concurrent Relocate 0.214ms
[17.710s][info][gc,load     ] GC(58) Load: 0.00/0.00/0.00
[17.710s][info][gc,mmu      ] GC(58) MMU: 2ms/99.3%, 5ms/99.6%, 10ms/99.8%, 20ms/99.9%, 50ms/99.9%, 100ms/100.0%
[17.710s][info][gc,marking  ] GC(58) Mark: 2 stripe(s), 1 proactive flush(es), 1 terminate flush(es), 0 completion(s), 0 continuation(s) 
[17.710s][info][gc,marking  ] GC(58) Mark Stack Usage: 32M
[17.710s][info][gc,nmethod  ] GC(58) NMethods: 478 registered, 0 unregistered
[17.710s][info][gc,metaspace] GC(58) Metaspace: 1M used, 1M committed, 1088M reserved
[17.710s][info][gc,ref      ] GC(58) Soft: 181 encountered, 0 discovered, 0 enqueued
[17.710s][info][gc,ref      ] GC(58) Weak: 263 encountered, 2 discovered, 0 enqueued
[17.710s][info][gc,ref      ] GC(58) Final: 0 encountered, 0 discovered, 0 enqueued
[17.710s][info][gc,ref      ] GC(58) Phantom: 7 encountered, 3 discovered, 0 enqueued
[17.710s][info][gc,reloc    ] GC(58) Small Pages: 1691 / 3382M, Empty: 0M, Relocated: 1M, In-Place: 0
[17.710s][info][gc,reloc    ] GC(58) Medium Pages: 1 / 32M, Empty: 0M, Relocated: 0M, In-Place: 0
[17.710s][info][gc,reloc    ] GC(58) Large Pages: 0 / 0M, Empty: 0M, Relocated: 0M, In-Place: 0
[17.710s][info][gc,reloc    ] GC(58) Forwarding Usage: 0M
[17.710s][info][gc,heap     ] GC(58) Min Capacity: 4096M(100%)
[17.710s][info][gc,heap     ] GC(58) Max Capacity: 4096M(100%)
[17.710s][info][gc,heap     ] GC(58) Soft Max Capacity: 4096M(100%)
[17.710s][info][gc,heap     ] GC(58)                Mark Start          Mark End        Relocate Start      Relocate End           High               Low         
[17.710s][info][gc,heap     ] GC(58)  Capacity:     4096M (100%)       4096M (100%)       4096M (100%)       4096M (100%)       4096M (100%)       4096M (100%)   
[17.710s][info][gc,heap     ] GC(58)      Free:      682M (17%)         682M (17%)         682M (17%)         682M (17%)         682M (17%)         678M (17%)    
[17.710s][info][gc,heap     ] GC(58)      Used:     3414M (83%)        3414M (83%)        3414M (83%)        3414M (83%)        3418M (83%)        3414M (83%)    
[17.710s][info][gc,heap     ] GC(58)      Live:         -              3087M (75%)        3087M (75%)        3087M (75%)            -                  -          
[17.710s][info][gc,heap     ] GC(58) Allocated:         -                 0M (0%)            0M (0%)            0M (0%)             -                  -          
[17.710s][info][gc,heap     ] GC(58)   Garbage:         -               326M (8%)          326M (8%)          326M (8%)             -                  -          
[17.710s][info][gc,heap     ] GC(58) Reclaimed:         -                  -                 0M (0%)            0M (0%)             -                  -          
[17.710s][info][gc          ] GC(58) Garbage Collection (Timer) 3414M(83%)->3414M(83%)
[17.908s][info][gc,heap,exit] Heap
[17.908s][info][gc,heap,exit]  ZHeap           used 3418M, capacity 4096M, max capacity 4096M
[17.908s][info][gc,heap,exit]  Metaspace       used 1599K, committed 1792K, reserved 1114112K
[17.908s][info][gc,heap,exit]   class space    used 147K, committed 256K, reserved 1048576K
