[0.023s][info][gc,init] Initializing The Z Garbage Collector
[0.023s][info][gc,init] Version: 17.0.11+1-LTS (release)
[0.023s][info][gc,init] NUMA Support: Disabled
[0.023s][info][gc,init] CPUs: 12 total, 12 available
[0.023s][info][gc,init] Memory: 24496M
[0.023s][info][gc,init] Large Page Support: Disabled
[0.023s][info][gc,init] GC Workers: 3 (dynamic)
[0.024s][info][gc,init] Address Space Type: Contiguous/Unrestricted/Complete
[0.024s][info][gc,init] Address Space Size: 65536M x 3 = 196608M
[0.024s][info][gc,init] Min Capacity: 4096M
[0.025s][info][gc,init] Initial Capacity: 4096M
[0.158s][info][gc,init] Max Capacity: 4096M
[0.158s][info][gc,init] Medium Page Size: 32M
[0.158s][info][gc,init] Pre-touch: Disabled
[0.158s][info][gc,init] Uncommit: Implicitly Disabled (-Xms equals -Xmx)
[0.387s][info][gc,init] Runtime Workers: 4
[0.388s][info][gc     ] Using The Z Garbage Collector
[0.398s][info][gc,metaspace] CDS archive(s) mapped at: [0x0000020881000000-0x0000020881bc0000-0x0000020881bc0000), size 12320768, SharedBaseAddress: 0x0000020881000000, ArchiveRelocationMode: 1.
[0.398s][info][gc,metaspace] Compressed class space mapped at: 0x0000020882000000-0x00000208c2000000, reserved size: 1073741824
[0.398s][info][gc,metaspace] Narrow klass base: 0x0000020881000000, Narrow klass shift: 0, Narrow klass range: 0x100000000
[0.522s][info][gc,start    ] GC(0) Garbage Collection (Timer)
[0.522s][info][gc,task     ] GC(0) Using 3 workers
[0.522s][info][gc,phases   ] GC(0) Pause Mark Start 0.006ms
[0.525s][info][gc,phases   ] GC(0) Concurrent Mark 3.324ms
[0.526s][info][gc,phases   ] GC(0) Pause Mark End 0.015ms
[0.526s][info][gc,phases   ] GC(0) Concurrent Mark Free 0.001ms
[0.526s][info][gc,phases   ] GC(0) Concurrent Process Non-Strong References 0.475ms
[0.526s][info][gc,phases   ] GC(0) Concurrent Reset Relocation Set 0.000ms
[0.535s][info][gc,phases   ] GC(0) Concurrent Select Relocation Set 9.137ms
[0.535s][info][gc,phases   ] GC(0) Pause Relocate Start 0.006ms
[0.537s][info][gc,phases   ] GC(0) Concurrent Relocate 1.562ms
[0.537s][info][gc,load     ] GC(0) Load: 0.00/0.00/0.00
[0.537s][info][gc,mmu      ] GC(0) MMU: 2ms/99.3%, 5ms/99.6%, 10ms/99.8%, 20ms/99.9%, 50ms/99.9%, 100ms/100.0%
[0.537s][info][gc,marking  ] GC(0) Mark: 2 stripe(s), 1 proactive flush(es), 1 terminate flush(es), 0 completion(s), 0 continuation(s) 
[0.537s][info][gc,marking  ] GC(0) Mark Stack Usage: 32M
[0.537s][info][gc,nmethod  ] GC(0) NMethods: 159 registered, 0 unregistered
[0.537s][info][gc,metaspace] GC(0) Metaspace: 0M used, 0M committed, 1088M reserved
[0.537s][info][gc,ref      ] GC(0) Soft: 36 encountered, 0 discovered, 0 enqueued
[0.537s][info][gc,ref      ] GC(0) Weak: 103 encountered, 18 discovered, 18 enqueued
[0.537s][info][gc,ref      ] GC(0) Final: 0 encountered, 0 discovered, 0 enqueued
[0.537s][info][gc,ref      ] GC(0) Phantom: 16 encountered, 13 discovered, 13 enqueued
[0.537s][info][gc,reloc    ] GC(0) Small Pages: 3 / 6M, Empty: 0M, Relocated: 1M, In-Place: 0
[0.537s][info][gc,reloc    ] GC(0) Medium Pages: 0 / 0M, Empty: 0M, Relocated: 0M, In-Place: 0
[0.537s][info][gc,reloc    ] GC(0) Large Pages: 0 / 0M, Empty: 0M, Relocated: 0M, In-Place: 0
[0.538s][info][gc,reloc    ] GC(0) Forwarding Usage: 0M
[0.538s][info][gc,heap     ] GC(0) Min Capacity: 4096M(100%)
[0.538s][info][gc,heap     ] GC(0) Max Capacity: 4096M(100%)
[0.538s][info][gc,heap     ] GC(0) Soft Max Capacity: 4096M(100%)
[0.538s][info][gc,heap     ] GC(0)                Mark Start          Mark End        Relocate Start      Relocate End           High               Low         
[0.538s][info][gc,heap     ] GC(0)  Capacity:     4096M (100%)       4096M (100%)       4096M (100%)       4096M (100%)       4096M (100%)       4096M (100%)   
[0.538s][info][gc,heap     ] GC(0)      Free:     4090M (100%)       4090M (100%)       4090M (100%)       4090M (100%)       4090M (100%)       4084M (100%)   
[0.538s][info][gc,heap     ] GC(0)      Used:        6M (0%)            6M (0%)            6M (0%)            6M (0%)           12M (0%)            6M (0%)     
[0.538s][info][gc,heap     ] GC(0)      Live:         -                 1M (0%)            1M (0%)            1M (0%)             -                  -          
[0.538s][info][gc,heap     ] GC(0) Allocated:         -                 0M (0%)            0M (0%)            0M (0%)             -                  -          
[0.538s][info][gc,heap     ] GC(0)   Garbage:         -                 4M (0%)            4M (0%)            4M (0%)             -                  -          
[0.538s][info][gc,heap     ] GC(0) Reclaimed:         -                  -                 0M (0%)            0M (0%)             -                  -          
[0.538s][info][gc          ] GC(0) Garbage Collection (Timer) 6M(0%)->6M(0%)
[0.821s][info][gc,start    ] GC(1) Garbage Collection (Timer)
[0.821s][info][gc,task     ] GC(1) Using 3 workers
[0.822s][info][gc,phases   ] GC(1) Pause Mark Start 0.006ms
[0.836s][info][gc,phases   ] GC(1) Concurrent Mark 14.827ms
[0.837s][info][gc,phases   ] GC(1) Pause Mark End 0.010ms
[0.837s][info][gc,phases   ] GC(1) Concurrent Mark Free 0.001ms
[0.837s][info][gc,phases   ] GC(1) Concurrent Process Non-Strong References 0.558ms
[0.837s][info][gc,phases   ] GC(1) Concurrent Reset Relocation Set 0.001ms
[0.840s][info][gc,phases   ] GC(1) Concurrent Select Relocation Set 2.264ms
[0.840s][info][gc,phases   ] GC(1) Pause Relocate Start 0.006ms
[0.841s][info][gc,phases   ] GC(1) Concurrent Relocate 1.500ms
[0.842s][info][gc,load     ] GC(1) Load: 0.00/0.00/0.00
[0.842s][info][gc,mmu      ] GC(1) MMU: 2ms/99.3%, 5ms/99.6%, 10ms/99.8%, 20ms/99.9%, 50ms/99.9%, 100ms/100.0%
[0.842s][info][gc,marking  ] GC(1) Mark: 2 stripe(s), 2 proactive flush(es), 1 terminate flush(es), 0 completion(s), 0 continuation(s) 
[0.842s][info][gc,marking  ] GC(1) Mark Stack Usage: 32M
[0.842s][info][gc,nmethod  ] GC(1) NMethods: 292 registered, 0 unregistered
[0.842s][info][gc,metaspace] GC(1) Metaspace: 0M used, 0M committed, 1088M reserved
[0.842s][info][gc,ref      ] GC(1) Soft: 72 encountered, 0 discovered, 0 enqueued
[0.842s][info][gc,ref      ] GC(1) Weak: 177 encountered, 99 discovered, 23 enqueued
[0.842s][info][gc,ref      ] GC(1) Final: 0 encountered, 0 discovered, 0 enqueued
[0.842s][info][gc,ref      ] GC(1) Phantom: 13 encountered, 8 discovered, 6 enqueued
[0.842s][info][gc,reloc    ] GC(1) Small Pages: 114 / 228M, Empty: 0M, Relocated: 1M, In-Place: 0
[0.842s][info][gc,reloc    ] GC(1) Medium Pages: 0 / 0M, Empty: 0M, Relocated: 0M, In-Place: 0
[0.842s][info][gc,reloc    ] GC(1) Large Pages: 0 / 0M, Empty: 0M, Relocated: 0M, In-Place: 0
[0.842s][info][gc,reloc    ] GC(1) Forwarding Usage: 0M
[0.842s][info][gc,heap     ] GC(1) Min Capacity: 4096M(100%)
[0.842s][info][gc,heap     ] GC(1) Max Capacity: 4096M(100%)
[0.842s][info][gc,heap     ] GC(1) Soft Max Capacity: 4096M(100%)
[0.842s][info][gc,heap     ] GC(1)                Mark Start          Mark End        Relocate Start      Relocate End           High               Low         
[0.842s][info][gc,heap     ] GC(1)  Capacity:     4096M (100%)       4096M (100%)       4096M (100%)       4096M (100%)       4096M (100%)       4096M (100%)   
[0.842s][info][gc,heap     ] GC(1)      Free:     3868M (94%)        3864M (94%)        3862M (94%)        3866M (94%)        3868M (94%)        3856M (94%)    
[0.842s][info][gc,heap     ] GC(1)      Used:      228M (6%)          232M (6%)          234M (6%)          230M (6%)          240M (6%)          228M (6%)     
[0.842s][info][gc,heap     ] GC(1)      Live:         -               198M (5%)          198M (5%)          198M (5%)             -                  -          
[0.842s][info][gc,heap     ] GC(1) Allocated:         -                 4M (0%)            6M (0%)            7M (0%)             -                  -          
[0.842s][info][gc,heap     ] GC(1)   Garbage:         -                29M (1%)           29M (1%)           23M (1%)             -                  -          
[0.842s][info][gc,heap     ] GC(1) Reclaimed:         -                  -                 0M (0%)            5M (0%)             -                  -          
[0.842s][info][gc          ] GC(1) Garbage Collection (Timer) 228M(6%)->230M(6%)
[1.121s][info][gc,start    ] GC(2) Garbage Collection (Warmup)
[1.121s][info][gc,task     ] GC(2) Using 3 workers
[1.121s][info][gc,phases   ] GC(2) Pause Mark Start 0.006ms
[1.141s][info][gc,phases   ] GC(2) Concurrent Mark 20.119ms
[1.141s][info][gc,phases   ] GC(2) Pause Mark End 0.011ms
[1.141s][info][gc,phases   ] GC(2) Concurrent Mark Free 0.001ms
[1.142s][info][gc,phases   ] GC(2) Concurrent Process Non-Strong References 0.540ms
[1.142s][info][gc,phases   ] GC(2) Concurrent Reset Relocation Set 0.001ms
[1.144s][info][gc,phases   ] GC(2) Concurrent Select Relocation Set 2.449ms
[1.145s][info][gc,phases   ] GC(2) Pause Relocate Start 0.006ms
[1.146s][info][gc,phases   ] GC(2) Concurrent Relocate 1.750ms
[1.147s][info][gc,load     ] GC(2) Load: 0.00/0.00/0.00
[1.147s][info][gc,mmu      ] GC(2) MMU: 2ms/99.3%, 5ms/99.6%, 10ms/99.8%, 20ms/99.9%, 50ms/99.9%, 100ms/100.0%
[1.147s][info][gc,marking  ] GC(2) Mark: 2 stripe(s), 2 proactive flush(es), 1 terminate flush(es), 0 completion(s), 0 continuation(s) 
[1.147s][info][gc,marking  ] GC(2) Mark Stack Usage: 32M
[1.147s][info][gc,nmethod  ] GC(2) NMethods: 374 registered, 0 unregistered
[1.147s][info][gc,metaspace] GC(2) Metaspace: 1M used, 1M committed, 1088M reserved
[1.147s][info][gc,ref      ] GC(2) Soft: 118 encountered, 0 discovered, 0 enqueued
[1.147s][info][gc,ref      ] GC(2) Weak: 175 encountered, 6 discovered, 5 enqueued
[1.147s][info][gc,ref      ] GC(2) Final: 0 encountered, 0 discovered, 0 enqueued
[1.147s][info][gc,ref      ] GC(2) Phantom: 12 encountered, 9 discovered, 5 enqueued
[1.147s][info][gc,reloc    ] GC(2) Small Pages: 236 / 472M, Empty: 0M, Relocated: 1M, In-Place: 0
[1.147s][info][gc,reloc    ] GC(2) Medium Pages: 0 / 0M, Empty: 0M, Relocated: 0M, In-Place: 0
[1.147s][info][gc,reloc    ] GC(2) Large Pages: 0 / 0M, Empty: 0M, Relocated: 0M, In-Place: 0
[1.147s][info][gc,reloc    ] GC(2) Forwarding Usage: 0M
[1.147s][info][gc,heap     ] GC(2) Min Capacity: 4096M(100%)
[1.147s][info][gc,heap     ] GC(2) Max Capacity: 4096M(100%)
[1.147s][info][gc,heap     ] GC(2) Soft Max Capacity: 4096M(100%)
[1.147s][info][gc,heap     ] GC(2)                Mark Start          Mark End        Relocate Start      Relocate End           High               Low         
[1.147s][info][gc,heap     ] GC(2)  Capacity:     4096M (100%)       4096M (100%)       4096M (100%)       4096M (100%)       4096M (100%)       4096M (100%)   
[1.147s][info][gc,heap     ] GC(2)      Free:     3624M (88%)        3620M (88%)        3618M (88%)        3622M (88%)        3624M (88%)        3614M (88%)    
[1.147s][info][gc,heap     ] GC(2)      Used:      472M (12%)         476M (12%)         478M (12%)         474M (12%)         482M (12%)         472M (12%)    
[1.147s][info][gc,heap     ] GC(2)      Live:         -               422M (10%)         422M (10%)         422M (10%)            -                  -          
[1.147s][info][gc,heap     ] GC(2) Allocated:         -                 4M (0%)            6M (0%)            6M (0%)             -                  -          
[1.147s][info][gc,heap     ] GC(2)   Garbage:         -                49M (1%)           49M (1%)           45M (1%)             -                  -          
[1.147s][info][gc,heap     ] GC(2) Reclaimed:         -                  -                 0M (0%)            4M (0%)             -                  -          
[1.147s][info][gc          ] GC(2) Garbage Collection (Warmup) 472M(12%)->474M(12%)
[1.420s][info][gc,start    ] GC(3) Garbage Collection (Timer)
[1.421s][info][gc,task     ] GC(3) Using 3 workers
[1.421s][info][gc,phases   ] GC(3) Pause Mark Start 0.006ms
[1.448s][info][gc,phases   ] GC(3) Concurrent Mark 26.790ms
[1.448s][info][gc,phases   ] GC(3) Pause Mark End 0.009ms
[1.448s][info][gc,phases   ] GC(3) Concurrent Mark Free 0.001ms
[1.449s][info][gc,phases   ] GC(3) Concurrent Process Non-Strong References 0.712ms
[1.449s][info][gc,phases   ] GC(3) Concurrent Reset Relocation Set 0.001ms
[1.451s][info][gc,phases   ] GC(3) Concurrent Select Relocation Set 2.279ms
[1.451s][info][gc,phases   ] GC(3) Pause Relocate Start 0.006ms
[1.457s][info][gc,phases   ] GC(3) Concurrent Relocate 5.699ms
[1.457s][info][gc,load     ] GC(3) Load: 0.00/0.00/0.00
[1.457s][info][gc,mmu      ] GC(3) MMU: 2ms/99.3%, 5ms/99.6%, 10ms/99.8%, 20ms/99.9%, 50ms/99.9%, 100ms/100.0%
[1.457s][info][gc,marking  ] GC(3) Mark: 2 stripe(s), 2 proactive flush(es), 1 terminate flush(es), 0 completion(s), 0 continuation(s) 
[1.457s][info][gc,marking  ] GC(3) Mark Stack Usage: 32M
[1.457s][info][gc,nmethod  ] GC(3) NMethods: 378 registered, 0 unregistered
[1.457s][info][gc,metaspace] GC(3) Metaspace: 1M used, 1M committed, 1088M reserved
[1.458s][info][gc,ref      ] GC(3) Soft: 118 encountered, 0 discovered, 0 enqueued
[1.458s][info][gc,ref      ] GC(3) Weak: 170 encountered, 106 discovered, 0 enqueued
[1.458s][info][gc,ref      ] GC(3) Final: 0 encountered, 0 discovered, 0 enqueued
[1.458s][info][gc,ref      ] GC(3) Phantom: 7 encountered, 3 discovered, 0 enqueued
[1.458s][info][gc,reloc    ] GC(3) Small Pages: 328 / 656M, Empty: 0M, Relocated: 3M, In-Place: 0
[1.458s][info][gc,reloc    ] GC(3) Medium Pages: 0 / 0M, Empty: 0M, Relocated: 0M, In-Place: 0
[1.458s][info][gc,reloc    ] GC(3) Large Pages: 0 / 0M, Empty: 0M, Relocated: 0M, In-Place: 0
[1.458s][info][gc,reloc    ] GC(3) Forwarding Usage: 0M
[1.458s][info][gc,heap     ] GC(3) Min Capacity: 4096M(100%)
[1.458s][info][gc,heap     ] GC(3) Max Capacity: 4096M(100%)
[1.458s][info][gc,heap     ] GC(3) Soft Max Capacity: 4096M(100%)
[1.458s][info][gc,heap     ] GC(3)                Mark Start          Mark End        Relocate Start      Relocate End           High               Low         
[1.458s][info][gc,heap     ] GC(3)  Capacity:     4096M (100%)       4096M (100%)       4096M (100%)       4096M (100%)       4096M (100%)       4096M (100%)   
[1.458s][info][gc,heap     ] GC(3)      Free:     3440M (84%)        3438M (84%)        3438M (84%)        3440M (84%)        3440M (84%)        3432M (84%)    
[1.458s][info][gc,heap     ] GC(3)      Used:      656M (16%)         658M (16%)         658M (16%)         656M (16%)         664M (16%)         656M (16%)    
[1.458s][info][gc,heap     ] GC(3)      Live:         -               593M (14%)         593M (14%)         593M (14%)            -                  -          
[1.458s][info][gc,heap     ] GC(3) Allocated:         -                 2M (0%)            2M (0%)            3M (0%)             -                  -          
[1.458s][info][gc,heap     ] GC(3)   Garbage:         -                62M (2%)           62M (2%)           58M (1%)             -                  -          
[1.458s][info][gc,heap     ] GC(3) Reclaimed:         -                  -                 0M (0%)            3M (0%)             -                  -          
[1.458s][info][gc          ] GC(3) Garbage Collection (Timer) 656M(16%)->656M(16%)
[1.721s][info][gc,start    ] GC(4) Garbage Collection (Timer)
[1.721s][info][gc,task     ] GC(4) Using 3 workers
[1.721s][info][gc,phases   ] GC(4) Pause Mark Start 0.006ms
[1.739s][info][gc,phases   ] GC(4) Concurrent Mark 17.887ms
[1.739s][info][gc,phases   ] GC(4) Pause Mark End 0.010ms
[1.739s][info][gc,phases   ] GC(4) Concurrent Mark Free 0.001ms
[1.740s][info][gc,phases   ] GC(4) Concurrent Process Non-Strong References 0.573ms
[1.740s][info][gc,phases   ] GC(4) Concurrent Reset Relocation Set 0.001ms
[1.743s][info][gc,phases   ] GC(4) Concurrent Select Relocation Set 3.530ms
[1.743s][info][gc,phases   ] GC(4) Pause Relocate Start 0.008ms
[1.746s][info][gc,phases   ] GC(4) Concurrent Relocate 2.440ms
[1.746s][info][gc,load     ] GC(4) Load: 0.00/0.00/0.00
[1.746s][info][gc,mmu      ] GC(4) MMU: 2ms/99.3%, 5ms/99.6%, 10ms/99.8%, 20ms/99.9%, 50ms/99.9%, 100ms/100.0%
[1.746s][info][gc,marking  ] GC(4) Mark: 2 stripe(s), 2 proactive flush(es), 1 terminate flush(es), 0 completion(s), 0 continuation(s) 
[1.746s][info][gc,marking  ] GC(4) Mark Stack Usage: 32M
[1.746s][info][gc,nmethod  ] GC(4) NMethods: 380 registered, 0 unregistered
[1.746s][info][gc,metaspace] GC(4) Metaspace: 1M used, 1M committed, 1088M reserved
[1.746s][info][gc,ref      ] GC(4) Soft: 118 encountered, 0 discovered, 0 enqueued
[1.746s][info][gc,ref      ] GC(4) Weak: 170 encountered, 1 discovered, 0 enqueued
[1.746s][info][gc,ref      ] GC(4) Final: 0 encountered, 0 discovered, 0 enqueued
[1.746s][info][gc,ref      ] GC(4) Phantom: 7 encountered, 3 discovered, 0 enqueued
[1.746s][info][gc,reloc    ] GC(4) Small Pages: 340 / 680M, Empty: 0M, Relocated: 1M, In-Place: 0
[1.746s][info][gc,reloc    ] GC(4) Medium Pages: 0 / 0M, Empty: 0M, Relocated: 0M, In-Place: 0
[1.746s][info][gc,reloc    ] GC(4) Large Pages: 0 / 0M, Empty: 0M, Relocated: 0M, In-Place: 0
[1.746s][info][gc,reloc    ] GC(4) Forwarding Usage: 0M
[1.746s][info][gc,heap     ] GC(4) Min Capacity: 4096M(100%)
[1.746s][info][gc,heap     ] GC(4) Max Capacity: 4096M(100%)
[1.746s][info][gc,heap     ] GC(4) Soft Max Capacity: 4096M(100%)
[1.747s][info][gc,heap     ] GC(4)                Mark Start          Mark End        Relocate Start      Relocate End           High               Low         
[1.747s][info][gc,heap     ] GC(4)  Capacity:     4096M (100%)       4096M (100%)       4096M (100%)       4096M (100%)       4096M (100%)       4096M (100%)   
[1.747s][info][gc,heap     ] GC(4)      Free:     3416M (83%)        3416M (83%)        3416M (83%)        3416M (83%)        3416M (83%)        3412M (83%)    
[1.747s][info][gc,heap     ] GC(4)      Used:      680M (17%)         680M (17%)         680M (17%)         680M (17%)         684M (17%)         680M (17%)    
[1.747s][info][gc,heap     ] GC(4)      Live:         -               618M (15%)         618M (15%)         618M (15%)            -                  -          
[1.747s][info][gc,heap     ] GC(4) Allocated:         -                 0M (0%)            0M (0%)            0M (0%)             -                  -          
[1.747s][info][gc,heap     ] GC(4)   Garbage:         -                61M (1%)           61M (1%)           61M (1%)             -                  -          
[1.747s][info][gc,heap     ] GC(4) Reclaimed:         -                  -                 0M (0%)            0M (0%)             -                  -          
[1.747s][info][gc          ] GC(4) Garbage Collection (Timer) 680M(17%)->680M(17%)
[2.021s][info][gc,start    ] GC(5) Garbage Collection (Timer)
[2.021s][info][gc,task     ] GC(5) Using 3 workers
[2.021s][info][gc,phases   ] GC(5) Pause Mark Start 0.006ms
[2.030s][info][gc,phases   ] GC(5) Concurrent Mark 8.316ms
[2.030s][info][gc,phases   ] GC(5) Pause Mark End 0.010ms
[2.030s][info][gc,phases   ] GC(5) Concurrent Mark Free 0.001ms
[2.031s][info][gc,phases   ] GC(5) Concurrent Process Non-Strong References 0.810ms
[2.031s][info][gc,phases   ] GC(5) Concurrent Reset Relocation Set 0.001ms
[2.033s][info][gc,phases   ] GC(5) Concurrent Select Relocation Set 2.110ms
[2.033s][info][gc,phases   ] GC(5) Pause Relocate Start 0.004ms
[2.034s][info][gc,phases   ] GC(5) Concurrent Relocate 0.785ms
[2.034s][info][gc,load     ] GC(5) Load: 0.00/0.00/0.00
[2.034s][info][gc,mmu      ] GC(5) MMU: 2ms/99.3%, 5ms/99.6%, 10ms/99.8%, 20ms/99.9%, 50ms/99.9%, 100ms/100.0%
[2.034s][info][gc,marking  ] GC(5) Mark: 2 stripe(s), 1 proactive flush(es), 1 terminate flush(es), 0 completion(s), 0 continuation(s) 
[2.034s][info][gc,marking  ] GC(5) Mark Stack Usage: 32M
[2.034s][info][gc,nmethod  ] GC(5) NMethods: 380 registered, 0 unregistered
[2.034s][info][gc,metaspace] GC(5) Metaspace: 1M used, 1M committed, 1088M reserved
[2.034s][info][gc,ref      ] GC(5) Soft: 118 encountered, 0 discovered, 0 enqueued
[2.034s][info][gc,ref      ] GC(5) Weak: 170 encountered, 81 discovered, 0 enqueued
[2.034s][info][gc,ref      ] GC(5) Final: 0 encountered, 0 discovered, 0 enqueued
[2.034s][info][gc,ref      ] GC(5) Phantom: 7 encountered, 5 discovered, 0 enqueued
[2.034s][info][gc,reloc    ] GC(5) Small Pages: 340 / 680M, Empty: 0M, Relocated: 1M, In-Place: 0
[2.034s][info][gc,reloc    ] GC(5) Medium Pages: 0 / 0M, Empty: 0M, Relocated: 0M, In-Place: 0
[2.034s][info][gc,reloc    ] GC(5) Large Pages: 0 / 0M, Empty: 0M, Relocated: 0M, In-Place: 0
[2.034s][info][gc,reloc    ] GC(5) Forwarding Usage: 0M
[2.034s][info][gc,heap     ] GC(5) Min Capacity: 4096M(100%)
[2.034s][info][gc,heap     ] GC(5) Max Capacity: 4096M(100%)
[2.034s][info][gc,heap     ] GC(5) Soft Max Capacity: 4096M(100%)
[2.035s][info][gc,heap     ] GC(5)                Mark Start          Mark End        Relocate Start      Relocate End           High               Low         
[2.035s][info][gc,heap     ] GC(5)  Capacity:     4096M (100%)       4096M (100%)       4096M (100%)       4096M (100%)       4096M (100%)       4096M (100%)   
[2.035s][info][gc,heap     ] GC(5)      Free:     3416M (83%)        3416M (83%)        3416M (83%)        3416M (83%)        3416M (83%)        3412M (83%)    
[2.035s][info][gc,heap     ] GC(5)      Used:      680M (17%)         680M (17%)         680M (17%)         680M (17%)         684M (17%)         680M (17%)    
[2.035s][info][gc,heap     ] GC(5)      Live:         -               618M (15%)         618M (15%)         618M (15%)            -                  -          
[2.035s][info][gc,heap     ] GC(5) Allocated:         -                 0M (0%)            0M (0%)            0M (0%)             -                  -          
[2.035s][info][gc,heap     ] GC(5)   Garbage:         -                61M (1%)           61M (1%)           61M (1%)             -                  -          
[2.035s][info][gc,heap     ] GC(5) Reclaimed:         -                  -                 0M (0%)            0M (0%)             -                  -          
[2.035s][info][gc          ] GC(5) Garbage Collection (Timer) 680M(17%)->680M(17%)
[2.321s][info][gc,start    ] GC(6) Garbage Collection (Timer)
[2.321s][info][gc,task     ] GC(6) Using 3 workers
[2.321s][info][gc,phases   ] GC(6) Pause Mark Start 0.006ms
[2.328s][info][gc,phases   ] GC(6) Concurrent Mark 7.191ms
[2.328s][info][gc,phases   ] GC(6) Pause Mark End 0.010ms
[2.328s][info][gc,phases   ] GC(6) Concurrent Mark Free 0.001ms
[2.329s][info][gc,phases   ] GC(6) Concurrent Process Non-Strong References 0.499ms
[2.329s][info][gc,phases   ] GC(6) Concurrent Reset Relocation Set 0.001ms
[2.331s][info][gc,phases   ] GC(6) Concurrent Select Relocation Set 1.982ms
[2.331s][info][gc,phases   ] GC(6) Pause Relocate Start 0.004ms
[2.331s][info][gc,phases   ] GC(6) Concurrent Relocate 0.235ms
[2.331s][info][gc,load     ] GC(6) Load: 0.00/0.00/0.00
[2.332s][info][gc,mmu      ] GC(6) MMU: 2ms/99.3%, 5ms/99.6%, 10ms/99.8%, 20ms/99.9%, 50ms/99.9%, 100ms/100.0%
[2.332s][info][gc,marking  ] GC(6) Mark: 2 stripe(s), 4 proactive flush(es), 1 terminate flush(es), 0 completion(s), 0 continuation(s) 
[2.332s][info][gc,marking  ] GC(6) Mark Stack Usage: 32M
[2.332s][info][gc,nmethod  ] GC(6) NMethods: 380 registered, 0 unregistered
[2.332s][info][gc,metaspace] GC(6) Metaspace: 1M used, 1M committed, 1088M reserved
[2.332s][info][gc,ref      ] GC(6) Soft: 118 encountered, 0 discovered, 0 enqueued
[2.332s][info][gc,ref      ] GC(6) Weak: 170 encountered, 106 discovered, 0 enqueued
[2.332s][info][gc,ref      ] GC(6) Final: 0 encountered, 0 discovered, 0 enqueued
[2.332s][info][gc,ref      ] GC(6) Phantom: 7 encountered, 3 discovered, 0 enqueued
[2.332s][info][gc,reloc    ] GC(6) Small Pages: 340 / 680M, Empty: 0M, Relocated: 1M, In-Place: 0
[2.332s][info][gc,reloc    ] GC(6) Medium Pages: 0 / 0M, Empty: 0M, Relocated: 0M, In-Place: 0
[2.332s][info][gc,reloc    ] GC(6) Large Pages: 0 / 0M, Empty: 0M, Relocated: 0M, In-Place: 0
[2.332s][info][gc,reloc    ] GC(6) Forwarding Usage: 0M
[2.332s][info][gc,heap     ] GC(6) Min Capacity: 4096M(100%)
[2.332s][info][gc,heap     ] GC(6) Max Capacity: 4096M(100%)
[2.332s][info][gc,heap     ] GC(6) Soft Max Capacity: 4096M(100%)
[2.332s][info][gc,heap     ] GC(6)                Mark Start          Mark End        Relocate Start      Relocate End           High               Low         
[2.332s][info][gc,heap     ] GC(6)  Capacity:     4096M (100%)       4096M (100%)       4096M (100%)       4096M (100%)       4096M (100%)       4096M (100%)   
[2.332s][info][gc,heap     ] GC(6)      Free:     3416M (83%)        3416M (83%)        3416M (83%)        3416M (83%)        3416M (83%)        3412M (83%)    
[2.332s][info][gc,heap     ] GC(6)      Used:      680M (17%)         680M (17%)         680M (17%)         680M (17%)         684M (17%)         680M (17%)    
[2.332s][info][gc,heap     ] GC(6)      Live:         -               618M (15%)         618M (15%)         618M (15%)            -                  -          
[2.332s][info][gc,heap     ] GC(6) Allocated:         -                 0M (0%)            0M (0%)            0M (0%)             -                  -          
[2.332s][info][gc,heap     ] GC(6)   Garbage:         -                61M (1%)           61M (1%)           61M (1%)             -                  -          
[2.332s][info][gc,heap     ] GC(6) Reclaimed:         -                  -                 0M (0%)            0M (0%)             -                  -          
[2.332s][info][gc          ] GC(6) Garbage Collection (Timer) 680M(17%)->680M(17%)
[2.621s][info][gc,start    ] GC(7) Garbage Collection (Timer)
[2.622s][info][gc,task     ] GC(7) Using 3 workers
[2.622s][info][gc,phases   ] GC(7) Pause Mark Start 0.005ms
[2.630s][info][gc,phases   ] GC(7) Concurrent Mark 7.848ms
[2.630s][info][gc,phases   ] GC(7) Pause Mark End 0.009ms
[2.630s][info][gc,phases   ] GC(7) Concurrent Mark Free 0.001ms
[2.630s][info][gc,phases   ] GC(7) Concurrent Process Non-Strong References 0.453ms
[2.630s][info][gc,phases   ] GC(7) Concurrent Reset Relocation Set 0.001ms
[2.633s][info][gc,phases   ] GC(7) Concurrent Select Relocation Set 2.439ms
[2.633s][info][gc,phases   ] GC(7) Pause Relocate Start 0.005ms
[2.635s][info][gc,phases   ] GC(7) Concurrent Relocate 2.349ms
[2.636s][info][gc,load     ] GC(7) Load: 0.00/0.00/0.00
[2.636s][info][gc,mmu      ] GC(7) MMU: 2ms/99.3%, 5ms/99.6%, 10ms/99.8%, 20ms/99.9%, 50ms/99.9%, 100ms/100.0%
[2.636s][info][gc,marking  ] GC(7) Mark: 2 stripe(s), 2 proactive flush(es), 1 terminate flush(es), 0 completion(s), 0 continuation(s) 
[2.636s][info][gc,marking  ] GC(7) Mark Stack Usage: 32M
[2.636s][info][gc,nmethod  ] GC(7) NMethods: 462 registered, 0 unregistered
[2.636s][info][gc,metaspace] GC(7) Metaspace: 1M used, 1M committed, 1088M reserved
[2.636s][info][gc,ref      ] GC(7) Soft: 181 encountered, 0 discovered, 0 enqueued
[2.636s][info][gc,ref      ] GC(7) Weak: 296 encountered, 142 discovered, 33 enqueued
[2.636s][info][gc,ref      ] GC(7) Final: 0 encountered, 0 discovered, 0 enqueued
[2.636s][info][gc,ref      ] GC(7) Phantom: 24 encountered, 21 discovered, 17 enqueued
[2.636s][info][gc,reloc    ] GC(7) Small Pages: 354 / 708M, Empty: 0M, Relocated: 1M, In-Place: 0
[2.636s][info][gc,reloc    ] GC(7) Medium Pages: 0 / 0M, Empty: 0M, Relocated: 0M, In-Place: 0
[2.636s][info][gc,reloc    ] GC(7) Large Pages: 0 / 0M, Empty: 0M, Relocated: 0M, In-Place: 0
[2.636s][info][gc,reloc    ] GC(7) Forwarding Usage: 0M
[2.636s][info][gc,heap     ] GC(7) Min Capacity: 4096M(100%)
[2.636s][info][gc,heap     ] GC(7) Max Capacity: 4096M(100%)
[2.636s][info][gc,heap     ] GC(7) Soft Max Capacity: 4096M(100%)
[2.636s][info][gc,heap     ] GC(7)                Mark Start          Mark End        Relocate Start      Relocate End           High               Low         
[2.636s][info][gc,heap     ] GC(7)  Capacity:     4096M (100%)       4096M (100%)       4096M (100%)       4096M (100%)       4096M (100%)       4096M (100%)   
[2.636s][info][gc,heap     ] GC(7)      Free:     3388M (83%)        3386M (83%)        3384M (83%)        3384M (83%)        3388M (83%)        3378M (82%)    
[2.636s][info][gc,heap     ] GC(7)      Used:      708M (17%)         710M (17%)         712M (17%)         712M (17%)         718M (18%)         708M (17%)    
[2.636s][info][gc,heap     ] GC(7)      Live:         -               641M (16%)         641M (16%)         641M (16%)            -                  -          
[2.636s][info][gc,heap     ] GC(7) Allocated:         -                 2M (0%)            4M (0%)            4M (0%)             -                  -          
[2.636s][info][gc,heap     ] GC(7)   Garbage:         -                66M (2%)           66M (2%)           66M (2%)             -                  -          
[2.636s][info][gc,heap     ] GC(7) Reclaimed:         -                  -                 0M (0%)            0M (0%)             -                  -          
[2.636s][info][gc          ] GC(7) Garbage Collection (Timer) 708M(17%)->712M(17%)
[2.921s][info][gc,start    ] GC(8) Garbage Collection (Timer)
[2.921s][info][gc,task     ] GC(8) Using 3 workers
[2.921s][info][gc,phases   ] GC(8) Pause Mark Start 0.006ms
[2.932s][info][gc,phases   ] GC(8) Concurrent Mark 10.932ms
[2.932s][info][gc,phases   ] GC(8) Pause Mark End 0.009ms
[2.932s][info][gc,phases   ] GC(8) Concurrent Mark Free 0.001ms
[2.933s][info][gc,phases   ] GC(8) Concurrent Process Non-Strong References 0.477ms
[2.933s][info][gc,phases   ] GC(8) Concurrent Reset Relocation Set 0.001ms
[2.935s][info][gc,phases   ] GC(8) Concurrent Select Relocation Set 2.252ms
[2.935s][info][gc,phases   ] GC(8) Pause Relocate Start 0.005ms
[2.938s][info][gc,phases   ] GC(8) Concurrent Relocate 2.485ms
[2.938s][info][gc,load     ] GC(8) Load: 0.00/0.00/0.00
[2.938s][info][gc,mmu      ] GC(8) MMU: 2ms/99.3%, 5ms/99.6%, 10ms/99.8%, 20ms/99.9%, 50ms/99.9%, 100ms/100.0%
[2.938s][info][gc,marking  ] GC(8) Mark: 2 stripe(s), 2 proactive flush(es), 1 terminate flush(es), 0 completion(s), 0 continuation(s) 
[2.938s][info][gc,marking  ] GC(8) Mark Stack Usage: 32M
[2.938s][info][gc,nmethod  ] GC(8) NMethods: 462 registered, 0 unregistered
[2.938s][info][gc,metaspace] GC(8) Metaspace: 1M used, 1M committed, 1088M reserved
[2.938s][info][gc,ref      ] GC(8) Soft: 181 encountered, 0 discovered, 0 enqueued
[2.938s][info][gc,ref      ] GC(8) Weak: 263 encountered, 168 discovered, 0 enqueued
[2.938s][info][gc,ref      ] GC(8) Final: 0 encountered, 0 discovered, 0 enqueued
[2.938s][info][gc,ref      ] GC(8) Phantom: 7 encountered, 5 discovered, 0 enqueued
[2.938s][info][gc,reloc    ] GC(8) Small Pages: 405 / 810M, Empty: 0M, Relocated: 1M, In-Place: 0
[2.938s][info][gc,reloc    ] GC(8) Medium Pages: 0 / 0M, Empty: 0M, Relocated: 0M, In-Place: 0
[2.938s][info][gc,reloc    ] GC(8) Large Pages: 0 / 0M, Empty: 0M, Relocated: 0M, In-Place: 0
[2.938s][info][gc,reloc    ] GC(8) Forwarding Usage: 0M
[2.938s][info][gc,heap     ] GC(8) Min Capacity: 4096M(100%)
[2.938s][info][gc,heap     ] GC(8) Max Capacity: 4096M(100%)
[2.938s][info][gc,heap     ] GC(8) Soft Max Capacity: 4096M(100%)
[2.938s][info][gc,heap     ] GC(8)                Mark Start          Mark End        Relocate Start      Relocate End           High               Low         
[2.938s][info][gc,heap     ] GC(8)  Capacity:     4096M (100%)       4096M (100%)       4096M (100%)       4096M (100%)       4096M (100%)       4096M (100%)   
[2.938s][info][gc,heap     ] GC(8)      Free:     3286M (80%)        3284M (80%)        3284M (80%)        3286M (80%)        3286M (80%)        3280M (80%)    
[2.938s][info][gc,heap     ] GC(8)      Used:      810M (20%)         812M (20%)         812M (20%)         810M (20%)         816M (20%)         810M (20%)    
[2.938s][info][gc,heap     ] GC(8)      Live:         -               733M (18%)         733M (18%)         733M (18%)            -                  -          
[2.938s][info][gc,heap     ] GC(8) Allocated:         -                 2M (0%)            2M (0%)            1M (0%)             -                  -          
[2.938s][info][gc,heap     ] GC(8)   Garbage:         -                76M (2%)           76M (2%)           74M (2%)             -                  -          
[2.938s][info][gc,heap     ] GC(8) Reclaimed:         -                  -                 0M (0%)            1M (0%)             -                  -          
[2.938s][info][gc          ] GC(8) Garbage Collection (Timer) 810M(20%)->810M(20%)
[3.021s][info][gc,start    ] GC(9) Garbage Collection (Warmup)
[3.022s][info][gc,task     ] GC(9) Using 3 workers
[3.022s][info][gc,phases   ] GC(9) Pause Mark Start 0.006ms
[3.033s][info][gc,phases   ] GC(9) Concurrent Mark 10.807ms
[3.033s][info][gc,phases   ] GC(9) Pause Mark End 0.009ms
[3.033s][info][gc,phases   ] GC(9) Concurrent Mark Free 0.001ms
[3.033s][info][gc,phases   ] GC(9) Concurrent Process Non-Strong References 0.586ms
[3.033s][info][gc,phases   ] GC(9) Concurrent Reset Relocation Set 0.001ms
[3.036s][info][gc,phases   ] GC(9) Concurrent Select Relocation Set 2.592ms
[3.036s][info][gc,phases   ] GC(9) Pause Relocate Start 0.006ms
[3.039s][info][gc,phases   ] GC(9) Concurrent Relocate 2.464ms
[3.039s][info][gc,load     ] GC(9) Load: 0.00/0.00/0.00
[3.039s][info][gc,mmu      ] GC(9) MMU: 2ms/99.3%, 5ms/99.6%, 10ms/99.8%, 20ms/99.9%, 50ms/99.9%, 100ms/100.0%
[3.039s][info][gc,marking  ] GC(9) Mark: 2 stripe(s), 2 proactive flush(es), 1 terminate flush(es), 0 completion(s), 0 continuation(s) 
[3.039s][info][gc,marking  ] GC(9) Mark Stack Usage: 32M
[3.039s][info][gc,nmethod  ] GC(9) NMethods: 462 registered, 0 unregistered
[3.039s][info][gc,metaspace] GC(9) Metaspace: 1M used, 1M committed, 1088M reserved
[3.039s][info][gc,ref      ] GC(9) Soft: 181 encountered, 0 discovered, 0 enqueued
[3.039s][info][gc,ref      ] GC(9) Weak: 263 encountered, 161 discovered, 0 enqueued
[3.039s][info][gc,ref      ] GC(9) Final: 0 encountered, 0 discovered, 0 enqueued
[3.039s][info][gc,ref      ] GC(9) Phantom: 7 encountered, 3 discovered, 0 enqueued
[3.039s][info][gc,reloc    ] GC(9) Small Pages: 421 / 842M, Empty: 0M, Relocated: 1M, In-Place: 0
[3.039s][info][gc,reloc    ] GC(9) Medium Pages: 0 / 0M, Empty: 0M, Relocated: 0M, In-Place: 0
[3.039s][info][gc,reloc    ] GC(9) Large Pages: 0 / 0M, Empty: 0M, Relocated: 0M, In-Place: 0
[3.039s][info][gc,reloc    ] GC(9) Forwarding Usage: 0M
[3.039s][info][gc,heap     ] GC(9) Min Capacity: 4096M(100%)
[3.039s][info][gc,heap     ] GC(9) Max Capacity: 4096M(100%)
[3.039s][info][gc,heap     ] GC(9) Soft Max Capacity: 4096M(100%)
[3.039s][info][gc,heap     ] GC(9)                Mark Start          Mark End        Relocate Start      Relocate End           High               Low         
[3.039s][info][gc,heap     ] GC(9)  Capacity:     4096M (100%)       4096M (100%)       4096M (100%)       4096M (100%)       4096M (100%)       4096M (100%)   
[3.039s][info][gc,heap     ] GC(9)      Free:     3254M (79%)        3252M (79%)        3252M (79%)        3250M (79%)        3254M (79%)        3244M (79%)    
[3.039s][info][gc,heap     ] GC(9)      Used:      842M (21%)         844M (21%)         844M (21%)         846M (21%)         852M (21%)         842M (21%)    
[3.039s][info][gc,heap     ] GC(9)      Live:         -               764M (19%)         764M (19%)         764M (19%)            -                  -          
[3.039s][info][gc,heap     ] GC(9) Allocated:         -                 2M (0%)            2M (0%)            4M (0%)             -                  -          
[3.040s][info][gc,heap     ] GC(9)   Garbage:         -                77M (2%)           77M (2%)           77M (2%)             -                  -          
[3.040s][info][gc,heap     ] GC(9) Reclaimed:         -                  -                 0M (0%)            0M (0%)             -                  -          
[3.040s][info][gc          ] GC(9) Garbage Collection (Warmup) 842M(21%)->846M(21%)
[3.321s][info][gc,start    ] GC(10) Garbage Collection (Timer)
[3.321s][info][gc,task     ] GC(10) Using 3 workers
[3.321s][info][gc,phases   ] GC(10) Pause Mark Start 0.006ms
[3.333s][info][gc,phases   ] GC(10) Concurrent Mark 11.457ms
[3.333s][info][gc,phases   ] GC(10) Pause Mark End 0.008ms
[3.333s][info][gc,phases   ] GC(10) Concurrent Mark Free 0.001ms
[3.334s][info][gc,phases   ] GC(10) Concurrent Process Non-Strong References 0.655ms
[3.334s][info][gc,phases   ] GC(10) Concurrent Reset Relocation Set 0.001ms
[3.337s][info][gc,phases   ] GC(10) Concurrent Select Relocation Set 2.578ms
[3.337s][info][gc,phases   ] GC(10) Pause Relocate Start 0.005ms
[3.342s][info][gc,phases   ] GC(10) Concurrent Relocate 4.711ms
[3.342s][info][gc,load     ] GC(10) Load: 0.00/0.00/0.00
[3.342s][info][gc,mmu      ] GC(10) MMU: 2ms/99.3%, 5ms/99.6%, 10ms/99.8%, 20ms/99.9%, 50ms/99.9%, 100ms/100.0%
[3.342s][info][gc,marking  ] GC(10) Mark: 2 stripe(s), 2 proactive flush(es), 1 terminate flush(es), 0 completion(s), 0 continuation(s) 
[3.342s][info][gc,marking  ] GC(10) Mark Stack Usage: 32M
[3.342s][info][gc,nmethod  ] GC(10) NMethods: 462 registered, 0 unregistered
[3.342s][info][gc,metaspace] GC(10) Metaspace: 1M used, 1M committed, 1088M reserved
[3.342s][info][gc,ref      ] GC(10) Soft: 181 encountered, 0 discovered, 0 enqueued
[3.342s][info][gc,ref      ] GC(10) Weak: 263 encountered, 104 discovered, 0 enqueued
[3.342s][info][gc,ref      ] GC(10) Final: 0 encountered, 0 discovered, 0 enqueued
[3.342s][info][gc,ref      ] GC(10) Phantom: 7 encountered, 3 discovered, 0 enqueued
[3.342s][info][gc,reloc    ] GC(10) Small Pages: 473 / 946M, Empty: 0M, Relocated: 5M, In-Place: 0
[3.342s][info][gc,reloc    ] GC(10) Medium Pages: 0 / 0M, Empty: 0M, Relocated: 0M, In-Place: 0
[3.342s][info][gc,reloc    ] GC(10) Large Pages: 0 / 0M, Empty: 0M, Relocated: 0M, In-Place: 0
[3.342s][info][gc,reloc    ] GC(10) Forwarding Usage: 0M
[3.342s][info][gc,heap     ] GC(10) Min Capacity: 4096M(100%)
[3.342s][info][gc,heap     ] GC(10) Max Capacity: 4096M(100%)
[3.342s][info][gc,heap     ] GC(10) Soft Max Capacity: 4096M(100%)
[3.342s][info][gc,heap     ] GC(10)                Mark Start          Mark End        Relocate Start      Relocate End           High               Low         
[3.342s][info][gc,heap     ] GC(10)  Capacity:     4096M (100%)       4096M (100%)       4096M (100%)       4096M (100%)       4096M (100%)       4096M (100%)   
[3.342s][info][gc,heap     ] GC(10)      Free:     3150M (77%)        3148M (77%)        3148M (77%)        3152M (77%)        3152M (77%)        3142M (77%)    
[3.342s][info][gc,heap     ] GC(10)      Used:      946M (23%)         948M (23%)         948M (23%)         944M (23%)         954M (23%)         944M (23%)    
[3.342s][info][gc,heap     ] GC(10)      Live:         -               858M (21%)         858M (21%)         858M (21%)            -                  -          
[3.342s][info][gc,heap     ] GC(10) Allocated:         -                 2M (0%)            2M (0%)            3M (0%)             -                  -          
[3.342s][info][gc,heap     ] GC(10)   Garbage:         -                87M (2%)           87M (2%)           81M (2%)             -                  -          
[3.343s][info][gc,heap     ] GC(10) Reclaimed:         -                  -                 0M (0%)            5M (0%)             -                  -          
[3.343s][info][gc          ] GC(10) Garbage Collection (Timer) 946M(23%)->944M(23%)
[3.621s][info][gc,start    ] GC(11) Garbage Collection (Timer)
[3.621s][info][gc,task     ] GC(11) Using 3 workers
[3.621s][info][gc,phases   ] GC(11) Pause Mark Start 0.006ms
[3.636s][info][gc,phases   ] GC(11) Concurrent Mark 14.444ms
[3.636s][info][gc,phases   ] GC(11) Pause Mark End 0.009ms
[3.636s][info][gc,phases   ] GC(11) Concurrent Mark Free 0.001ms
[3.637s][info][gc,phases   ] GC(11) Concurrent Process Non-Strong References 0.939ms
[3.637s][info][gc,phases   ] GC(11) Concurrent Reset Relocation Set 0.002ms
[3.639s][info][gc,phases   ] GC(11) Concurrent Select Relocation Set 2.178ms
[3.639s][info][gc,phases   ] GC(11) Pause Relocate Start 0.005ms
[3.639s][info][gc,phases   ] GC(11) Concurrent Relocate 0.018ms
[3.639s][info][gc,load     ] GC(11) Load: 0.00/0.00/0.00
[3.640s][info][gc,mmu      ] GC(11) MMU: 2ms/99.3%, 5ms/99.6%, 10ms/99.8%, 20ms/99.9%, 50ms/99.9%, 100ms/100.0%
[3.640s][info][gc,marking  ] GC(11) Mark: 2 stripe(s), 2 proactive flush(es), 1 terminate flush(es), 0 completion(s), 0 continuation(s) 
[3.640s][info][gc,marking  ] GC(11) Mark Stack Usage: 32M
[3.640s][info][gc,nmethod  ] GC(11) NMethods: 462 registered, 0 unregistered
[3.640s][info][gc,metaspace] GC(11) Metaspace: 1M used, 1M committed, 1088M reserved
[3.640s][info][gc,ref      ] GC(11) Soft: 181 encountered, 0 discovered, 0 enqueued
[3.640s][info][gc,ref      ] GC(11) Weak: 263 encountered, 160 discovered, 0 enqueued
[3.640s][info][gc,ref      ] GC(11) Final: 0 encountered, 0 discovered, 0 enqueued
[3.640s][info][gc,ref      ] GC(11) Phantom: 7 encountered, 3 discovered, 0 enqueued
[3.640s][info][gc,reloc    ] GC(11) Small Pages: 515 / 1030M, Empty: 0M, Relocated: 0M, In-Place: 0
[3.640s][info][gc,reloc    ] GC(11) Medium Pages: 1 / 32M, Empty: 0M, Relocated: 0M, In-Place: 0
[3.640s][info][gc,reloc    ] GC(11) Large Pages: 0 / 0M, Empty: 0M, Relocated: 0M, In-Place: 0
[3.640s][info][gc,reloc    ] GC(11) Forwarding Usage: 0M
[3.640s][info][gc,heap     ] GC(11) Min Capacity: 4096M(100%)
[3.640s][info][gc,heap     ] GC(11) Max Capacity: 4096M(100%)
[3.640s][info][gc,heap     ] GC(11) Soft Max Capacity: 4096M(100%)
[3.640s][info][gc,heap     ] GC(11)                Mark Start          Mark End        Relocate Start      Relocate End           High               Low         
[3.640s][info][gc,heap     ] GC(11)  Capacity:     4096M (100%)       4096M (100%)       4096M (100%)       4096M (100%)       4096M (100%)       4096M (100%)   
[3.640s][info][gc,heap     ] GC(11)      Free:     3034M (74%)        3032M (74%)        3032M (74%)        3032M (74%)        3034M (74%)        3032M (74%)    
[3.640s][info][gc,heap     ] GC(11)      Used:     1062M (26%)        1064M (26%)        1064M (26%)        1064M (26%)        1064M (26%)        1062M (26%)    
[3.640s][info][gc,heap     ] GC(11)      Live:         -               940M (23%)         940M (23%)         940M (23%)            -                  -          
[3.640s][info][gc,heap     ] GC(11) Allocated:         -                 2M (0%)            2M (0%)            2M (0%)             -                  -          
[3.640s][info][gc,heap     ] GC(11)   Garbage:         -               121M (3%)          121M (3%)          121M (3%)             -                  -          
[3.640s][info][gc,heap     ] GC(11) Reclaimed:         -                  -                 0M (0%)            0M (0%)             -                  -          
[3.640s][info][gc          ] GC(11) Garbage Collection (Timer) 1062M(26%)->1064M(26%)
[3.921s][info][gc,start    ] GC(12) Garbage Collection (Timer)
[3.921s][info][gc,task     ] GC(12) Using 3 workers
[3.921s][info][gc,phases   ] GC(12) Pause Mark Start 0.006ms
[3.934s][info][gc,phases   ] GC(12) Concurrent Mark 13.361ms
[3.935s][info][gc,phases   ] GC(12) Pause Mark End 0.009ms
[3.935s][info][gc,phases   ] GC(12) Concurrent Mark Free 0.001ms
[3.935s][info][gc,phases   ] GC(12) Concurrent Process Non-Strong References 0.588ms
[3.935s][info][gc,phases   ] GC(12) Concurrent Reset Relocation Set 0.001ms
[3.938s][info][gc,phases   ] GC(12) Concurrent Select Relocation Set 2.288ms
[3.938s][info][gc,phases   ] GC(12) Pause Relocate Start 0.006ms
[3.938s][info][gc,phases   ] GC(12) Concurrent Relocate 0.046ms
[3.938s][info][gc,load     ] GC(12) Load: 0.00/0.00/0.00
[3.938s][info][gc,mmu      ] GC(12) MMU: 2ms/99.3%, 5ms/99.6%, 10ms/99.8%, 20ms/99.9%, 50ms/99.9%, 100ms/100.0%
[3.938s][info][gc,marking  ] GC(12) Mark: 2 stripe(s), 2 proactive flush(es), 1 terminate flush(es), 0 completion(s), 0 continuation(s) 
[3.938s][info][gc,marking  ] GC(12) Mark Stack Usage: 32M
[3.938s][info][gc,nmethod  ] GC(12) NMethods: 462 registered, 0 unregistered
[3.938s][info][gc,metaspace] GC(12) Metaspace: 1M used, 1M committed, 1088M reserved
[3.938s][info][gc,ref      ] GC(12) Soft: 181 encountered, 0 discovered, 0 enqueued
[3.938s][info][gc,ref      ] GC(12) Weak: 263 encountered, 109 discovered, 0 enqueued
[3.938s][info][gc,ref      ] GC(12) Final: 0 encountered, 0 discovered, 0 enqueued
[3.938s][info][gc,ref      ] GC(12) Phantom: 7 encountered, 3 discovered, 0 enqueued
[3.938s][info][gc,reloc    ] GC(12) Small Pages: 558 / 1116M, Empty: 0M, Relocated: 0M, In-Place: 0
[3.938s][info][gc,reloc    ] GC(12) Medium Pages: 1 / 32M, Empty: 0M, Relocated: 0M, In-Place: 0
[3.938s][info][gc,reloc    ] GC(12) Large Pages: 0 / 0M, Empty: 0M, Relocated: 0M, In-Place: 0
[3.938s][info][gc,reloc    ] GC(12) Forwarding Usage: 0M
[3.938s][info][gc,heap     ] GC(12) Min Capacity: 4096M(100%)
[3.938s][info][gc,heap     ] GC(12) Max Capacity: 4096M(100%)
[3.938s][info][gc,heap     ] GC(12) Soft Max Capacity: 4096M(100%)
[3.938s][info][gc,heap     ] GC(12)                Mark Start          Mark End        Relocate Start      Relocate End           High               Low         
[3.938s][info][gc,heap     ] GC(12)  Capacity:     4096M (100%)       4096M (100%)       4096M (100%)       4096M (100%)       4096M (100%)       4096M (100%)   
[3.938s][info][gc,heap     ] GC(12)      Free:     2948M (72%)        2946M (72%)        2946M (72%)        2946M (72%)        2948M (72%)        2946M (72%)    
[3.939s][info][gc,heap     ] GC(12)      Used:     1148M (28%)        1150M (28%)        1150M (28%)        1150M (28%)        1150M (28%)        1148M (28%)    
[3.939s][info][gc,heap     ] GC(12)      Live:         -              1019M (25%)        1019M (25%)        1019M (25%)            -                  -          
[3.939s][info][gc,heap     ] GC(12) Allocated:         -                 2M (0%)            2M (0%)            2M (0%)             -                  -          
[3.939s][info][gc,heap     ] GC(12)   Garbage:         -               128M (3%)          128M (3%)          128M (3%)             -                  -          
[3.939s][info][gc,heap     ] GC(12) Reclaimed:         -                  -                 0M (0%)            0M (0%)             -                  -          
[3.939s][info][gc          ] GC(12) Garbage Collection (Timer) 1148M(28%)->1150M(28%)
[4.221s][info][gc,start    ] GC(13) Garbage Collection (Warmup)
[4.221s][info][gc,task     ] GC(13) Using 3 workers
[4.222s][info][gc,phases   ] GC(13) Pause Mark Start 0.006ms
[4.239s][info][gc,phases   ] GC(13) Concurrent Mark 16.803ms
[4.239s][info][gc,phases   ] GC(13) Pause Mark End 0.009ms
[4.239s][info][gc,phases   ] GC(13) Concurrent Mark Free 0.001ms
[4.240s][info][gc,phases   ] GC(13) Concurrent Process Non-Strong References 0.536ms
[4.240s][info][gc,phases   ] GC(13) Concurrent Reset Relocation Set 0.001ms
[4.242s][info][gc,phases   ] GC(13) Concurrent Select Relocation Set 2.373ms
[4.242s][info][gc,phases   ] GC(13) Pause Relocate Start 0.006ms
[4.242s][info][gc,phases   ] GC(13) Concurrent Relocate 0.025ms
[4.242s][info][gc,load     ] GC(13) Load: 0.00/0.00/0.00
[4.242s][info][gc,mmu      ] GC(13) MMU: 2ms/99.3%, 5ms/99.6%, 10ms/99.8%, 20ms/99.9%, 50ms/99.9%, 100ms/100.0%
[4.242s][info][gc,marking  ] GC(13) Mark: 2 stripe(s), 2 proactive flush(es), 1 terminate flush(es), 0 completion(s), 0 continuation(s) 
[4.242s][info][gc,marking  ] GC(13) Mark Stack Usage: 32M
[4.242s][info][gc,nmethod  ] GC(13) NMethods: 462 registered, 0 unregistered
[4.242s][info][gc,metaspace] GC(13) Metaspace: 1M used, 1M committed, 1088M reserved
[4.243s][info][gc,ref      ] GC(13) Soft: 181 encountered, 0 discovered, 0 enqueued
[4.243s][info][gc,ref      ] GC(13) Weak: 263 encountered, 119 discovered, 0 enqueued
[4.243s][info][gc,ref      ] GC(13) Final: 0 encountered, 0 discovered, 0 enqueued
[4.243s][info][gc,ref      ] GC(13) Phantom: 7 encountered, 3 discovered, 0 enqueued
[4.243s][info][gc,reloc    ] GC(13) Small Pages: 606 / 1212M, Empty: 0M, Relocated: 0M, In-Place: 0
[4.243s][info][gc,reloc    ] GC(13) Medium Pages: 1 / 32M, Empty: 0M, Relocated: 0M, In-Place: 0
[4.243s][info][gc,reloc    ] GC(13) Large Pages: 0 / 0M, Empty: 0M, Relocated: 0M, In-Place: 0
[4.243s][info][gc,reloc    ] GC(13) Forwarding Usage: 0M
[4.243s][info][gc,heap     ] GC(13) Min Capacity: 4096M(100%)
[4.243s][info][gc,heap     ] GC(13) Max Capacity: 4096M(100%)
[4.243s][info][gc,heap     ] GC(13) Soft Max Capacity: 4096M(100%)
[4.243s][info][gc,heap     ] GC(13)                Mark Start          Mark End        Relocate Start      Relocate End           High               Low         
[4.243s][info][gc,heap     ] GC(13)  Capacity:     4096M (100%)       4096M (100%)       4096M (100%)       4096M (100%)       4096M (100%)       4096M (100%)   
[4.243s][info][gc,heap     ] GC(13)      Free:     2852M (70%)        2850M (70%)        2850M (70%)        2850M (70%)        2852M (70%)        2850M (70%)    
[4.243s][info][gc,heap     ] GC(13)      Used:     1244M (30%)        1246M (30%)        1246M (30%)        1246M (30%)        1246M (30%)        1244M (30%)    
[4.243s][info][gc,heap     ] GC(13)      Live:         -              1106M (27%)        1106M (27%)        1106M (27%)            -                  -          
[4.243s][info][gc,heap     ] GC(13) Allocated:         -                 2M (0%)            2M (0%)            2M (0%)             -                  -          
[4.243s][info][gc,heap     ] GC(13)   Garbage:         -               137M (3%)          137M (3%)          137M (3%)             -                  -          
[4.243s][info][gc,heap     ] GC(13) Reclaimed:         -                  -                 0M (0%)            0M (0%)             -                  -          
[4.243s][info][gc          ] GC(13) Garbage Collection (Warmup) 1244M(30%)->1246M(30%)
[4.520s][info][gc,start    ] GC(14) Garbage Collection (Timer)
[4.520s][info][gc,task     ] GC(14) Using 3 workers
[4.521s][info][gc,phases   ] GC(14) Pause Mark Start 0.006ms
[4.534s][info][gc,phases   ] GC(14) Concurrent Mark 13.838ms
[4.535s][info][gc,phases   ] GC(14) Pause Mark End 0.009ms
[4.535s][info][gc,phases   ] GC(14) Concurrent Mark Free 0.001ms
[4.536s][info][gc,phases   ] GC(14) Concurrent Process Non-Strong References 0.800ms
[4.536s][info][gc,phases   ] GC(14) Concurrent Reset Relocation Set 0.001ms
[4.538s][info][gc,phases   ] GC(14) Concurrent Select Relocation Set 2.200ms
[4.538s][info][gc,phases   ] GC(14) Pause Relocate Start 0.006ms
[4.538s][info][gc,phases   ] GC(14) Concurrent Relocate 0.091ms
[4.538s][info][gc,load     ] GC(14) Load: 0.00/0.00/0.00
[4.538s][info][gc,mmu      ] GC(14) MMU: 2ms/99.3%, 5ms/99.6%, 10ms/99.8%, 20ms/99.9%, 50ms/99.9%, 100ms/100.0%
[4.538s][info][gc,marking  ] GC(14) Mark: 2 stripe(s), 2 proactive flush(es), 1 terminate flush(es), 0 completion(s), 0 continuation(s) 
[4.538s][info][gc,marking  ] GC(14) Mark Stack Usage: 32M
[4.538s][info][gc,nmethod  ] GC(14) NMethods: 462 registered, 0 unregistered
[4.538s][info][gc,metaspace] GC(14) Metaspace: 1M used, 1M committed, 1088M reserved
[4.538s][info][gc,ref      ] GC(14) Soft: 181 encountered, 0 discovered, 0 enqueued
[4.538s][info][gc,ref      ] GC(14) Weak: 263 encountered, 130 discovered, 0 enqueued
[4.539s][info][gc,ref      ] GC(14) Final: 0 encountered, 0 discovered, 0 enqueued
[4.539s][info][gc,ref      ] GC(14) Phantom: 7 encountered, 4 discovered, 0 enqueued
[4.539s][info][gc,reloc    ] GC(14) Small Pages: 648 / 1296M, Empty: 0M, Relocated: 0M, In-Place: 0
[4.539s][info][gc,reloc    ] GC(14) Medium Pages: 1 / 32M, Empty: 0M, Relocated: 0M, In-Place: 0
[4.539s][info][gc,reloc    ] GC(14) Large Pages: 0 / 0M, Empty: 0M, Relocated: 0M, In-Place: 0
[4.539s][info][gc,reloc    ] GC(14) Forwarding Usage: 0M
[4.539s][info][gc,heap     ] GC(14) Min Capacity: 4096M(100%)
[4.539s][info][gc,heap     ] GC(14) Max Capacity: 4096M(100%)
[4.539s][info][gc,heap     ] GC(14) Soft Max Capacity: 4096M(100%)
[4.539s][info][gc,heap     ] GC(14)                Mark Start          Mark End        Relocate Start      Relocate End           High               Low         
[4.539s][info][gc,heap     ] GC(14)  Capacity:     4096M (100%)       4096M (100%)       4096M (100%)       4096M (100%)       4096M (100%)       4096M (100%)   
[4.539s][info][gc,heap     ] GC(14)      Free:     2768M (68%)        2766M (68%)        2766M (68%)        2766M (68%)        2768M (68%)        2766M (68%)    
[4.539s][info][gc,heap     ] GC(14)      Used:     1328M (32%)        1330M (32%)        1330M (32%)        1330M (32%)        1330M (32%)        1328M (32%)    
[4.539s][info][gc,heap     ] GC(14)      Live:         -              1183M (29%)        1183M (29%)        1183M (29%)            -                  -          
[4.539s][info][gc,heap     ] GC(14) Allocated:         -                 2M (0%)            2M (0%)            2M (0%)             -                  -          
[4.539s][info][gc,heap     ] GC(14)   Garbage:         -               144M (4%)          144M (4%)          144M (4%)             -                  -          
[4.539s][info][gc,heap     ] GC(14) Reclaimed:         -                  -                 0M (0%)            0M (0%)             -                  -          
[4.539s][info][gc          ] GC(14) Garbage Collection (Timer) 1328M(32%)->1330M(32%)
[4.822s][info][gc,start    ] GC(15) Garbage Collection (Timer)
[4.822s][info][gc,task     ] GC(15) Using 3 workers
[4.822s][info][gc,phases   ] GC(15) Pause Mark Start 0.006ms
[4.837s][info][gc,phases   ] GC(15) Concurrent Mark 14.997ms
[4.837s][info][gc,phases   ] GC(15) Pause Mark End 0.009ms
[4.837s][info][gc,phases   ] GC(15) Concurrent Mark Free 0.001ms
[4.838s][info][gc,phases   ] GC(15) Concurrent Process Non-Strong References 0.500ms
[4.838s][info][gc,phases   ] GC(15) Concurrent Reset Relocation Set 0.000ms
[4.840s][info][gc,phases   ] GC(15) Concurrent Select Relocation Set 2.073ms
[4.840s][info][gc,phases   ] GC(15) Pause Relocate Start 0.004ms
[4.840s][info][gc,phases   ] GC(15) Concurrent Relocate 0.102ms
[4.840s][info][gc,load     ] GC(15) Load: 0.00/0.00/0.00
[4.840s][info][gc,mmu      ] GC(15) MMU: 2ms/99.3%, 5ms/99.6%, 10ms/99.8%, 20ms/99.9%, 50ms/99.9%, 100ms/100.0%
[4.840s][info][gc,marking  ] GC(15) Mark: 2 stripe(s), 1 proactive flush(es), 1 terminate flush(es), 0 completion(s), 0 continuation(s) 
[4.840s][info][gc,marking  ] GC(15) Mark Stack Usage: 32M
[4.840s][info][gc,nmethod  ] GC(15) NMethods: 462 registered, 0 unregistered
[4.840s][info][gc,metaspace] GC(15) Metaspace: 1M used, 1M committed, 1088M reserved
[4.840s][info][gc,ref      ] GC(15) Soft: 181 encountered, 0 discovered, 0 enqueued
[4.840s][info][gc,ref      ] GC(15) Weak: 263 encountered, 140 discovered, 0 enqueued
[4.840s][info][gc,ref      ] GC(15) Final: 0 encountered, 0 discovered, 0 enqueued
[4.840s][info][gc,ref      ] GC(15) Phantom: 7 encountered, 3 discovered, 0 enqueued
[4.840s][info][gc,reloc    ] GC(15) Small Pages: 678 / 1356M, Empty: 0M, Relocated: 0M, In-Place: 0
[4.840s][info][gc,reloc    ] GC(15) Medium Pages: 1 / 32M, Empty: 0M, Relocated: 0M, In-Place: 0
[4.840s][info][gc,reloc    ] GC(15) Large Pages: 0 / 0M, Empty: 0M, Relocated: 0M, In-Place: 0
[4.840s][info][gc,reloc    ] GC(15) Forwarding Usage: 0M
[4.840s][info][gc,heap     ] GC(15) Min Capacity: 4096M(100%)
[4.841s][info][gc,heap     ] GC(15) Max Capacity: 4096M(100%)
[4.841s][info][gc,heap     ] GC(15) Soft Max Capacity: 4096M(100%)
[4.841s][info][gc,heap     ] GC(15)                Mark Start          Mark End        Relocate Start      Relocate End           High               Low         
[4.841s][info][gc,heap     ] GC(15)  Capacity:     4096M (100%)       4096M (100%)       4096M (100%)       4096M (100%)       4096M (100%)       4096M (100%)   
[4.841s][info][gc,heap     ] GC(15)      Free:     2708M (66%)        2708M (66%)        2708M (66%)        2708M (66%)        2708M (66%)        2708M (66%)    
[4.841s][info][gc,heap     ] GC(15)      Used:     1388M (34%)        1388M (34%)        1388M (34%)        1388M (34%)        1388M (34%)        1388M (34%)    
[4.841s][info][gc,heap     ] GC(15)      Live:         -              1237M (30%)        1237M (30%)        1237M (30%)            -                  -          
[4.841s][info][gc,heap     ] GC(15) Allocated:         -                 0M (0%)            0M (0%)            0M (0%)             -                  -          
[4.841s][info][gc,heap     ] GC(15)   Garbage:         -               150M (4%)          150M (4%)          150M (4%)             -                  -          
[4.841s][info][gc,heap     ] GC(15) Reclaimed:         -                  -                 0M (0%)            0M (0%)             -                  -          
[4.841s][info][gc          ] GC(15) Garbage Collection (Timer) 1388M(34%)->1388M(34%)
[5.121s][info][gc,start    ] GC(16) Garbage Collection (Timer)
[5.121s][info][gc,task     ] GC(16) Using 3 workers
[5.121s][info][gc,phases   ] GC(16) Pause Mark Start 0.006ms
[5.132s][info][gc,phases   ] GC(16) Concurrent Mark 11.417ms
[5.133s][info][gc,phases   ] GC(16) Pause Mark End 0.009ms
[5.133s][info][gc,phases   ] GC(16) Concurrent Mark Free 0.001ms
[5.134s][info][gc,phases   ] GC(16) Concurrent Process Non-Strong References 0.832ms
[5.134s][info][gc,phases   ] GC(16) Concurrent Reset Relocation Set 0.000ms
[5.136s][info][gc,phases   ] GC(16) Concurrent Select Relocation Set 2.145ms
[5.136s][info][gc,phases   ] GC(16) Pause Relocate Start 0.004ms
[5.136s][info][gc,phases   ] GC(16) Concurrent Relocate 0.112ms
[5.136s][info][gc,load     ] GC(16) Load: 0.00/0.00/0.00
[5.136s][info][gc,mmu      ] GC(16) MMU: 2ms/99.3%, 5ms/99.6%, 10ms/99.8%, 20ms/99.9%, 50ms/99.9%, 100ms/100.0%
[5.136s][info][gc,marking  ] GC(16) Mark: 2 stripe(s), 2 proactive flush(es), 1 terminate flush(es), 0 completion(s), 0 continuation(s) 
[5.136s][info][gc,marking  ] GC(16) Mark Stack Usage: 32M
[5.136s][info][gc,nmethod  ] GC(16) NMethods: 462 registered, 0 unregistered
[5.136s][info][gc,metaspace] GC(16) Metaspace: 1M used, 1M committed, 1088M reserved
[5.136s][info][gc,ref      ] GC(16) Soft: 181 encountered, 0 discovered, 0 enqueued
[5.136s][info][gc,ref      ] GC(16) Weak: 263 encountered, 135 discovered, 0 enqueued
[5.136s][info][gc,ref      ] GC(16) Final: 0 encountered, 0 discovered, 0 enqueued
[5.136s][info][gc,ref      ] GC(16) Phantom: 7 encountered, 3 discovered, 0 enqueued
[5.136s][info][gc,reloc    ] GC(16) Small Pages: 678 / 1356M, Empty: 0M, Relocated: 0M, In-Place: 0
[5.136s][info][gc,reloc    ] GC(16) Medium Pages: 1 / 32M, Empty: 0M, Relocated: 0M, In-Place: 0
[5.136s][info][gc,reloc    ] GC(16) Large Pages: 0 / 0M, Empty: 0M, Relocated: 0M, In-Place: 0
[5.136s][info][gc,reloc    ] GC(16) Forwarding Usage: 0M
[5.136s][info][gc,heap     ] GC(16) Min Capacity: 4096M(100%)
[5.137s][info][gc,heap     ] GC(16) Max Capacity: 4096M(100%)
[5.137s][info][gc,heap     ] GC(16) Soft Max Capacity: 4096M(100%)
[5.137s][info][gc,heap     ] GC(16)                Mark Start          Mark End        Relocate Start      Relocate End           High               Low         
[5.137s][info][gc,heap     ] GC(16)  Capacity:     4096M (100%)       4096M (100%)       4096M (100%)       4096M (100%)       4096M (100%)       4096M (100%)   
[5.137s][info][gc,heap     ] GC(16)      Free:     2708M (66%)        2708M (66%)        2708M (66%)        2708M (66%)        2708M (66%)        2708M (66%)    
[5.137s][info][gc,heap     ] GC(16)      Used:     1388M (34%)        1388M (34%)        1388M (34%)        1388M (34%)        1388M (34%)        1388M (34%)    
[5.137s][info][gc,heap     ] GC(16)      Live:         -              1237M (30%)        1237M (30%)        1237M (30%)            -                  -          
[5.137s][info][gc,heap     ] GC(16) Allocated:         -                 0M (0%)            0M (0%)            0M (0%)             -                  -          
[5.137s][info][gc,heap     ] GC(16)   Garbage:         -               150M (4%)          150M (4%)          150M (4%)             -                  -          
[5.137s][info][gc,heap     ] GC(16) Reclaimed:         -                  -                 0M (0%)            0M (0%)             -                  -          
[5.137s][info][gc          ] GC(16) Garbage Collection (Timer) 1388M(34%)->1388M(34%)
[5.422s][info][gc,start    ] GC(17) Garbage Collection (Timer)
[5.422s][info][gc,task     ] GC(17) Using 3 workers
[5.422s][info][gc,phases   ] GC(17) Pause Mark Start 0.008ms
[5.431s][info][gc,phases   ] GC(17) Concurrent Mark 9.300ms
[5.431s][info][gc,phases   ] GC(17) Pause Mark End 0.010ms
[5.431s][info][gc,phases   ] GC(17) Concurrent Mark Free 0.001ms
[5.432s][info][gc,phases   ] GC(17) Concurrent Process Non-Strong References 0.838ms
[5.432s][info][gc,phases   ] GC(17) Concurrent Reset Relocation Set 0.000ms
[5.435s][info][gc,phases   ] GC(17) Concurrent Select Relocation Set 2.134ms
[5.435s][info][gc,phases   ] GC(17) Pause Relocate Start 0.004ms
[5.435s][info][gc,phases   ] GC(17) Concurrent Relocate 0.111ms
[5.435s][info][gc,load     ] GC(17) Load: 0.00/0.00/0.00
[5.435s][info][gc,mmu      ] GC(17) MMU: 2ms/99.3%, 5ms/99.6%, 10ms/99.8%, 20ms/99.9%, 50ms/99.9%, 100ms/100.0%
[5.435s][info][gc,marking  ] GC(17) Mark: 2 stripe(s), 4 proactive flush(es), 1 terminate flush(es), 0 completion(s), 0 continuation(s) 
[5.435s][info][gc,marking  ] GC(17) Mark Stack Usage: 32M
[5.435s][info][gc,nmethod  ] GC(17) NMethods: 462 registered, 0 unregistered
[5.435s][info][gc,metaspace] GC(17) Metaspace: 1M used, 1M committed, 1088M reserved
[5.435s][info][gc,ref      ] GC(17) Soft: 181 encountered, 0 discovered, 0 enqueued
[5.435s][info][gc,ref      ] GC(17) Weak: 263 encountered, 84 discovered, 0 enqueued
[5.435s][info][gc,ref      ] GC(17) Final: 0 encountered, 0 discovered, 0 enqueued
[5.435s][info][gc,ref      ] GC(17) Phantom: 7 encountered, 3 discovered, 0 enqueued
[5.435s][info][gc,reloc    ] GC(17) Small Pages: 678 / 1356M, Empty: 0M, Relocated: 0M, In-Place: 0
[5.435s][info][gc,reloc    ] GC(17) Medium Pages: 1 / 32M, Empty: 0M, Relocated: 0M, In-Place: 0
[5.435s][info][gc,reloc    ] GC(17) Large Pages: 0 / 0M, Empty: 0M, Relocated: 0M, In-Place: 0
[5.435s][info][gc,reloc    ] GC(17) Forwarding Usage: 0M
[5.435s][info][gc,heap     ] GC(17) Min Capacity: 4096M(100%)
[5.435s][info][gc,heap     ] GC(17) Max Capacity: 4096M(100%)
[5.435s][info][gc,heap     ] GC(17) Soft Max Capacity: 4096M(100%)
[5.435s][info][gc,heap     ] GC(17)                Mark Start          Mark End        Relocate Start      Relocate End           High               Low         
[5.435s][info][gc,heap     ] GC(17)  Capacity:     4096M (100%)       4096M (100%)       4096M (100%)       4096M (100%)       4096M (100%)       4096M (100%)   
[5.435s][info][gc,heap     ] GC(17)      Free:     2708M (66%)        2708M (66%)        2708M (66%)        2708M (66%)        2708M (66%)        2708M (66%)    
[5.435s][info][gc,heap     ] GC(17)      Used:     1388M (34%)        1388M (34%)        1388M (34%)        1388M (34%)        1388M (34%)        1388M (34%)    
[5.435s][info][gc,heap     ] GC(17)      Live:         -              1237M (30%)        1237M (30%)        1237M (30%)            -                  -          
[5.435s][info][gc,heap     ] GC(17) Allocated:         -                 0M (0%)            0M (0%)            0M (0%)             -                  -          
[5.435s][info][gc,heap     ] GC(17)   Garbage:         -               150M (4%)          150M (4%)          150M (4%)             -                  -          
[5.436s][info][gc,heap     ] GC(17) Reclaimed:         -                  -                 0M (0%)            0M (0%)             -                  -          
[5.436s][info][gc          ] GC(17) Garbage Collection (Timer) 1388M(34%)->1388M(34%)
[5.721s][info][gc,start    ] GC(18) Garbage Collection (Timer)
[5.721s][info][gc,task     ] GC(18) Using 3 workers
[5.721s][info][gc,phases   ] GC(18) Pause Mark Start 0.006ms
[5.732s][info][gc,phases   ] GC(18) Concurrent Mark 10.239ms
[5.732s][info][gc,phases   ] GC(18) Pause Mark End 0.010ms
[5.732s][info][gc,phases   ] GC(18) Concurrent Mark Free 0.001ms
[5.733s][info][gc,phases   ] GC(18) Concurrent Process Non-Strong References 0.839ms
[5.733s][info][gc,phases   ] GC(18) Concurrent Reset Relocation Set 0.001ms
[5.735s][info][gc,phases   ] GC(18) Concurrent Select Relocation Set 2.185ms
[5.735s][info][gc,phases   ] GC(18) Pause Relocate Start 0.005ms
[5.735s][info][gc,phases   ] GC(18) Concurrent Relocate 0.112ms
[5.735s][info][gc,load     ] GC(18) Load: 0.00/0.00/0.00
[5.735s][info][gc,mmu      ] GC(18) MMU: 2ms/99.3%, 5ms/99.6%, 10ms/99.8%, 20ms/99.9%, 50ms/99.9%, 100ms/100.0%
[5.735s][info][gc,marking  ] GC(18) Mark: 2 stripe(s), 2 proactive flush(es), 1 terminate flush(es), 0 completion(s), 0 continuation(s) 
[5.735s][info][gc,marking  ] GC(18) Mark Stack Usage: 32M
[5.735s][info][gc,nmethod  ] GC(18) NMethods: 462 registered, 0 unregistered
[5.735s][info][gc,metaspace] GC(18) Metaspace: 1M used, 1M committed, 1088M reserved
[5.735s][info][gc,ref      ] GC(18) Soft: 181 encountered, 0 discovered, 0 enqueued
[5.736s][info][gc,ref      ] GC(18) Weak: 263 encountered, 107 discovered, 0 enqueued
[5.736s][info][gc,ref      ] GC(18) Final: 0 encountered, 0 discovered, 0 enqueued
[5.736s][info][gc,ref      ] GC(18) Phantom: 7 encountered, 3 discovered, 0 enqueued
[5.736s][info][gc,reloc    ] GC(18) Small Pages: 678 / 1356M, Empty: 0M, Relocated: 0M, In-Place: 0
[5.736s][info][gc,reloc    ] GC(18) Medium Pages: 1 / 32M, Empty: 0M, Relocated: 0M, In-Place: 0
[5.736s][info][gc,reloc    ] GC(18) Large Pages: 0 / 0M, Empty: 0M, Relocated: 0M, In-Place: 0
[5.736s][info][gc,reloc    ] GC(18) Forwarding Usage: 0M
[5.736s][info][gc,heap     ] GC(18) Min Capacity: 4096M(100%)
[5.736s][info][gc,heap     ] GC(18) Max Capacity: 4096M(100%)
[5.736s][info][gc,heap     ] GC(18) Soft Max Capacity: 4096M(100%)
[5.736s][info][gc,heap     ] GC(18)                Mark Start          Mark End        Relocate Start      Relocate End           High               Low         
[5.736s][info][gc,heap     ] GC(18)  Capacity:     4096M (100%)       4096M (100%)       4096M (100%)       4096M (100%)       4096M (100%)       4096M (100%)   
[5.736s][info][gc,heap     ] GC(18)      Free:     2708M (66%)        2708M (66%)        2708M (66%)        2708M (66%)        2708M (66%)        2708M (66%)    
[5.736s][info][gc,heap     ] GC(18)      Used:     1388M (34%)        1388M (34%)        1388M (34%)        1388M (34%)        1388M (34%)        1388M (34%)    
[5.736s][info][gc,heap     ] GC(18)      Live:         -              1237M (30%)        1237M (30%)        1237M (30%)            -                  -          
[5.736s][info][gc,heap     ] GC(18) Allocated:         -                 0M (0%)            0M (0%)            0M (0%)             -                  -          
[5.736s][info][gc,heap     ] GC(18)   Garbage:         -               150M (4%)          150M (4%)          150M (4%)             -                  -          
[5.736s][info][gc,heap     ] GC(18) Reclaimed:         -                  -                 0M (0%)            0M (0%)             -                  -          
[5.736s][info][gc          ] GC(18) Garbage Collection (Timer) 1388M(34%)->1388M(34%)
[6.020s][info][gc,start    ] GC(19) Garbage Collection (Timer)
[6.021s][info][gc,task     ] GC(19) Using 3 workers
[6.021s][info][gc,phases   ] GC(19) Pause Mark Start 0.006ms
[6.032s][info][gc,phases   ] GC(19) Concurrent Mark 11.456ms
[6.032s][info][gc,phases   ] GC(19) Pause Mark End 0.009ms
[6.032s][info][gc,phases   ] GC(19) Concurrent Mark Free 0.001ms
[6.033s][info][gc,phases   ] GC(19) Concurrent Process Non-Strong References 0.621ms
[6.033s][info][gc,phases   ] GC(19) Concurrent Reset Relocation Set 0.000ms
[6.036s][info][gc,phases   ] GC(19) Concurrent Select Relocation Set 2.336ms
[6.036s][info][gc,phases   ] GC(19) Pause Relocate Start 0.007ms
[6.039s][info][gc,phases   ] GC(19) Concurrent Relocate 2.811ms
[6.039s][info][gc,load     ] GC(19) Load: 0.00/0.00/0.00
[6.039s][info][gc,mmu      ] GC(19) MMU: 2ms/99.3%, 5ms/99.6%, 10ms/99.8%, 20ms/99.9%, 50ms/99.9%, 100ms/100.0%
[6.039s][info][gc,marking  ] GC(19) Mark: 2 stripe(s), 2 proactive flush(es), 1 terminate flush(es), 0 completion(s), 0 continuation(s) 
[6.039s][info][gc,marking  ] GC(19) Mark Stack Usage: 32M
[6.039s][info][gc,nmethod  ] GC(19) NMethods: 469 registered, 0 unregistered
[6.039s][info][gc,metaspace] GC(19) Metaspace: 1M used, 1M committed, 1088M reserved
[6.039s][info][gc,ref      ] GC(19) Soft: 181 encountered, 0 discovered, 0 enqueued
[6.039s][info][gc,ref      ] GC(19) Weak: 263 encountered, 134 discovered, 0 enqueued
[6.039s][info][gc,ref      ] GC(19) Final: 0 encountered, 0 discovered, 0 enqueued
[6.039s][info][gc,ref      ] GC(19) Phantom: 7 encountered, 3 discovered, 0 enqueued
[6.039s][info][gc,reloc    ] GC(19) Small Pages: 716 / 1432M, Empty: 0M, Relocated: 1M, In-Place: 0
[6.039s][info][gc,reloc    ] GC(19) Medium Pages: 2 / 64M, Empty: 32M, Relocated: 0M, In-Place: 0
[6.039s][info][gc,reloc    ] GC(19) Large Pages: 0 / 0M, Empty: 0M, Relocated: 0M, In-Place: 0
[6.039s][info][gc,reloc    ] GC(19) Forwarding Usage: 0M
[6.039s][info][gc,heap     ] GC(19) Min Capacity: 4096M(100%)
[6.039s][info][gc,heap     ] GC(19) Max Capacity: 4096M(100%)
[6.039s][info][gc,heap     ] GC(19) Soft Max Capacity: 4096M(100%)
[6.039s][info][gc,heap     ] GC(19)                Mark Start          Mark End        Relocate Start      Relocate End           High               Low         
[6.039s][info][gc,heap     ] GC(19)  Capacity:     4096M (100%)       4096M (100%)       4096M (100%)       4096M (100%)       4096M (100%)       4096M (100%)   
[6.039s][info][gc,heap     ] GC(19)      Free:     2600M (63%)        2598M (63%)        2630M (64%)        2630M (64%)        2630M (64%)        2598M (63%)    
[6.039s][info][gc,heap     ] GC(19)      Used:     1496M (37%)        1498M (37%)        1466M (36%)        1466M (36%)        1498M (37%)        1466M (36%)    
[6.039s][info][gc,heap     ] GC(19)      Live:         -              1305M (32%)        1305M (32%)        1305M (32%)            -                  -          
[6.039s][info][gc,heap     ] GC(19) Allocated:         -                 2M (0%)            2M (0%)            1M (0%)             -                  -          
[6.039s][info][gc,heap     ] GC(19)   Garbage:         -               190M (5%)          158M (4%)          158M (4%)             -                  -          
[6.039s][info][gc,heap     ] GC(19) Reclaimed:         -                  -                32M (1%)           31M (1%)             -                  -          
[6.039s][info][gc          ] GC(19) Garbage Collection (Timer) 1496M(37%)->1466M(36%)
[6.322s][info][gc,start    ] GC(20) Garbage Collection (Timer)
[6.322s][info][gc,task     ] GC(20) Using 3 workers
[6.322s][info][gc,phases   ] GC(20) Pause Mark Start 0.006ms
[6.336s][info][gc,phases   ] GC(20) Concurrent Mark 13.528ms
[6.336s][info][gc,phases   ] GC(20) Pause Mark End 0.009ms
[6.336s][info][gc,phases   ] GC(20) Concurrent Mark Free 0.001ms
[6.337s][info][gc,phases   ] GC(20) Concurrent Process Non-Strong References 0.716ms
[6.337s][info][gc,phases   ] GC(20) Concurrent Reset Relocation Set 0.001ms
[6.339s][info][gc,phases   ] GC(20) Concurrent Select Relocation Set 2.163ms
[6.339s][info][gc,phases   ] GC(20) Pause Relocate Start 0.006ms
[6.342s][info][gc,phases   ] GC(20) Concurrent Relocate 2.571ms
[6.342s][info][gc,load     ] GC(20) Load: 0.00/0.00/0.00
[6.342s][info][gc,mmu      ] GC(20) MMU: 2ms/99.3%, 5ms/99.6%, 10ms/99.8%, 20ms/99.9%, 50ms/99.9%, 100ms/100.0%
[6.342s][info][gc,marking  ] GC(20) Mark: 2 stripe(s), 2 proactive flush(es), 1 terminate flush(es), 0 completion(s), 0 continuation(s) 
[6.342s][info][gc,marking  ] GC(20) Mark Stack Usage: 32M
[6.342s][info][gc,nmethod  ] GC(20) NMethods: 469 registered, 0 unregistered
[6.342s][info][gc,metaspace] GC(20) Metaspace: 1M used, 1M committed, 1088M reserved
[6.342s][info][gc,ref      ] GC(20) Soft: 181 encountered, 0 discovered, 0 enqueued
[6.342s][info][gc,ref      ] GC(20) Weak: 263 encountered, 128 discovered, 0 enqueued
[6.342s][info][gc,ref      ] GC(20) Final: 0 encountered, 0 discovered, 0 enqueued
[6.342s][info][gc,ref      ] GC(20) Phantom: 7 encountered, 3 discovered, 0 enqueued
[6.342s][info][gc,reloc    ] GC(20) Small Pages: 756 / 1512M, Empty: 0M, Relocated: 1M, In-Place: 0
[6.342s][info][gc,reloc    ] GC(20) Medium Pages: 1 / 32M, Empty: 0M, Relocated: 0M, In-Place: 0
[6.342s][info][gc,reloc    ] GC(20) Large Pages: 0 / 0M, Empty: 0M, Relocated: 0M, In-Place: 0
[6.342s][info][gc,reloc    ] GC(20) Forwarding Usage: 0M
[6.342s][info][gc,heap     ] GC(20) Min Capacity: 4096M(100%)
[6.342s][info][gc,heap     ] GC(20) Max Capacity: 4096M(100%)
[6.342s][info][gc,heap     ] GC(20) Soft Max Capacity: 4096M(100%)
[6.342s][info][gc,heap     ] GC(20)                Mark Start          Mark End        Relocate Start      Relocate End           High               Low         
[6.342s][info][gc,heap     ] GC(20)  Capacity:     4096M (100%)       4096M (100%)       4096M (100%)       4096M (100%)       4096M (100%)       4096M (100%)   
[6.342s][info][gc,heap     ] GC(20)      Free:     2552M (62%)        2550M (62%)        2550M (62%)        2550M (62%)        2552M (62%)        2544M (62%)    
[6.342s][info][gc,heap     ] GC(20)      Used:     1544M (38%)        1546M (38%)        1546M (38%)        1546M (38%)        1552M (38%)        1544M (38%)    
[6.342s][info][gc,heap     ] GC(20)      Live:         -              1377M (34%)        1377M (34%)        1377M (34%)            -                  -          
[6.342s][info][gc,heap     ] GC(20) Allocated:         -                 2M (0%)            2M (0%)            2M (0%)             -                  -          
[6.342s][info][gc,heap     ] GC(20)   Garbage:         -               166M (4%)          166M (4%)          166M (4%)             -                  -          
[6.342s][info][gc,heap     ] GC(20) Reclaimed:         -                  -                 0M (0%)            0M (0%)             -                  -          
[6.342s][info][gc          ] GC(20) Garbage Collection (Timer) 1544M(38%)->1546M(38%)
[6.621s][info][gc,start    ] GC(21) Garbage Collection (Timer)
[6.621s][info][gc,task     ] GC(21) Using 3 workers
[6.621s][info][gc,phases   ] GC(21) Pause Mark Start 0.006ms
[6.636s][info][gc,phases   ] GC(21) Concurrent Mark 14.433ms
[6.636s][info][gc,phases   ] GC(21) Pause Mark End 0.009ms
[6.636s][info][gc,phases   ] GC(21) Concurrent Mark Free 0.001ms
[6.637s][info][gc,phases   ] GC(21) Concurrent Process Non-Strong References 0.636ms
[6.637s][info][gc,phases   ] GC(21) Concurrent Reset Relocation Set 0.001ms
[6.639s][info][gc,phases   ] GC(21) Concurrent Select Relocation Set 2.255ms
[6.639s][info][gc,phases   ] GC(21) Pause Relocate Start 0.005ms
[6.644s][info][gc,phases   ] GC(21) Concurrent Relocate 5.045ms
[6.644s][info][gc,load     ] GC(21) Load: 0.00/0.00/0.00
[6.644s][info][gc,mmu      ] GC(21) MMU: 2ms/99.3%, 5ms/99.6%, 10ms/99.8%, 20ms/99.9%, 50ms/99.9%, 100ms/100.0%
[6.644s][info][gc,marking  ] GC(21) Mark: 2 stripe(s), 2 proactive flush(es), 1 terminate flush(es), 0 completion(s), 0 continuation(s) 
[6.644s][info][gc,marking  ] GC(21) Mark Stack Usage: 32M
[6.644s][info][gc,nmethod  ] GC(21) NMethods: 469 registered, 0 unregistered
[6.644s][info][gc,metaspace] GC(21) Metaspace: 1M used, 1M committed, 1088M reserved
[6.644s][info][gc,ref      ] GC(21) Soft: 181 encountered, 0 discovered, 0 enqueued
[6.644s][info][gc,ref      ] GC(21) Weak: 263 encountered, 134 discovered, 0 enqueued
[6.644s][info][gc,ref      ] GC(21) Final: 0 encountered, 0 discovered, 0 enqueued
[6.644s][info][gc,ref      ] GC(21) Phantom: 7 encountered, 3 discovered, 0 enqueued
[6.644s][info][gc,reloc    ] GC(21) Small Pages: 798 / 1596M, Empty: 0M, Relocated: 5M, In-Place: 0
[6.645s][info][gc,reloc    ] GC(21) Medium Pages: 1 / 32M, Empty: 0M, Relocated: 0M, In-Place: 0
[6.645s][info][gc,reloc    ] GC(21) Large Pages: 0 / 0M, Empty: 0M, Relocated: 0M, In-Place: 0
[6.645s][info][gc,reloc    ] GC(21) Forwarding Usage: 0M
[6.645s][info][gc,heap     ] GC(21) Min Capacity: 4096M(100%)
[6.645s][info][gc,heap     ] GC(21) Max Capacity: 4096M(100%)
[6.645s][info][gc,heap     ] GC(21) Soft Max Capacity: 4096M(100%)
[6.645s][info][gc,heap     ] GC(21)                Mark Start          Mark End        Relocate Start      Relocate End           High               Low         
[6.645s][info][gc,heap     ] GC(21)  Capacity:     4096M (100%)       4096M (100%)       4096M (100%)       4096M (100%)       4096M (100%)       4096M (100%)   
[6.645s][info][gc,heap     ] GC(21)      Free:     2468M (60%)        2466M (60%)        2466M (60%)        2470M (60%)        2470M (60%)        2460M (60%)    
[6.645s][info][gc,heap     ] GC(21)      Used:     1628M (40%)        1630M (40%)        1630M (40%)        1626M (40%)        1636M (40%)        1626M (40%)    
[6.645s][info][gc,heap     ] GC(21)      Live:         -              1453M (35%)        1453M (35%)        1453M (35%)            -                  -          
[6.645s][info][gc,heap     ] GC(21) Allocated:         -                 2M (0%)            2M (0%)            1M (0%)             -                  -          
[6.645s][info][gc,heap     ] GC(21)   Garbage:         -               174M (4%)          174M (4%)          170M (4%)             -                  -          
[6.645s][info][gc,heap     ] GC(21) Reclaimed:         -                  -                 0M (0%)            3M (0%)             -                  -          
[6.645s][info][gc          ] GC(21) Garbage Collection (Timer) 1628M(40%)->1626M(40%)
[6.921s][info][gc,start    ] GC(22) Garbage Collection (Timer)
[6.921s][info][gc,task     ] GC(22) Using 3 workers
[6.921s][info][gc,phases   ] GC(22) Pause Mark Start 0.007ms
[6.939s][info][gc,phases   ] GC(22) Concurrent Mark 17.062ms
[6.939s][info][gc,phases   ] GC(22) Pause Mark End 0.009ms
[6.939s][info][gc,phases   ] GC(22) Concurrent Mark Free 0.001ms
[6.939s][info][gc,phases   ] GC(22) Concurrent Process Non-Strong References 0.588ms
[6.940s][info][gc,phases   ] GC(22) Concurrent Reset Relocation Set 0.001ms
[6.942s][info][gc,phases   ] GC(22) Concurrent Select Relocation Set 2.416ms
[6.942s][info][gc,phases   ] GC(22) Pause Relocate Start 0.006ms
[6.946s][info][gc,phases   ] GC(22) Concurrent Relocate 3.686ms
[6.946s][info][gc,load     ] GC(22) Load: 0.00/0.00/0.00
[6.946s][info][gc,mmu      ] GC(22) MMU: 2ms/99.3%, 5ms/99.6%, 10ms/99.8%, 20ms/99.9%, 50ms/99.9%, 100ms/100.0%
[6.946s][info][gc,marking  ] GC(22) Mark: 2 stripe(s), 2 proactive flush(es), 1 terminate flush(es), 0 completion(s), 0 continuation(s) 
[6.946s][info][gc,marking  ] GC(22) Mark Stack Usage: 32M
[6.946s][info][gc,nmethod  ] GC(22) NMethods: 469 registered, 0 unregistered
[6.946s][info][gc,metaspace] GC(22) Metaspace: 1M used, 1M committed, 1088M reserved
[6.946s][info][gc,ref      ] GC(22) Soft: 181 encountered, 0 discovered, 0 enqueued
[6.946s][info][gc,ref      ] GC(22) Weak: 263 encountered, 163 discovered, 0 enqueued
[6.946s][info][gc,ref      ] GC(22) Final: 0 encountered, 0 discovered, 0 enqueued
[6.946s][info][gc,ref      ] GC(22) Phantom: 7 encountered, 3 discovered, 0 enqueued
[6.946s][info][gc,reloc    ] GC(22) Small Pages: 838 / 1676M, Empty: 0M, Relocated: 3M, In-Place: 0
[6.946s][info][gc,reloc    ] GC(22) Medium Pages: 1 / 32M, Empty: 0M, Relocated: 0M, In-Place: 0
[6.946s][info][gc,reloc    ] GC(22) Large Pages: 0 / 0M, Empty: 0M, Relocated: 0M, In-Place: 0
[6.946s][info][gc,reloc    ] GC(22) Forwarding Usage: 0M
[6.946s][info][gc,heap     ] GC(22) Min Capacity: 4096M(100%)
[6.946s][info][gc,heap     ] GC(22) Max Capacity: 4096M(100%)
[6.946s][info][gc,heap     ] GC(22) Soft Max Capacity: 4096M(100%)
[6.946s][info][gc,heap     ] GC(22)                Mark Start          Mark End        Relocate Start      Relocate End           High               Low         
[6.946s][info][gc,heap     ] GC(22)  Capacity:     4096M (100%)       4096M (100%)       4096M (100%)       4096M (100%)       4096M (100%)       4096M (100%)   
[6.947s][info][gc,heap     ] GC(22)      Free:     2388M (58%)        2386M (58%)        2386M (58%)        2386M (58%)        2388M (58%)        2380M (58%)    
[6.947s][info][gc,heap     ] GC(22)      Used:     1708M (42%)        1710M (42%)        1710M (42%)        1710M (42%)        1716M (42%)        1708M (42%)    
[6.947s][info][gc,heap     ] GC(22)      Live:         -              1528M (37%)        1528M (37%)        1528M (37%)            -                  -          
[6.947s][info][gc,heap     ] GC(22) Allocated:         -                 2M (0%)            2M (0%)            3M (0%)             -                  -          
[6.947s][info][gc,heap     ] GC(22)   Garbage:         -               179M (4%)          179M (4%)          177M (4%)             -                  -          
[6.947s][info][gc,heap     ] GC(22) Reclaimed:         -                  -                 0M (0%)            1M (0%)             -                  -          
[6.947s][info][gc          ] GC(22) Garbage Collection (Timer) 1708M(42%)->1710M(42%)
[7.222s][info][gc,start    ] GC(23) Garbage Collection (Timer)
[7.222s][info][gc,task     ] GC(23) Using 3 workers
[7.222s][info][gc,phases   ] GC(23) Pause Mark Start 0.006ms
[7.238s][info][gc,phases   ] GC(23) Concurrent Mark 16.742ms
[7.239s][info][gc,phases   ] GC(23) Pause Mark End 0.009ms
[7.239s][info][gc,phases   ] GC(23) Concurrent Mark Free 0.001ms
[7.240s][info][gc,phases   ] GC(23) Concurrent Process Non-Strong References 0.753ms
[7.240s][info][gc,phases   ] GC(23) Concurrent Reset Relocation Set 0.001ms
[7.242s][info][gc,phases   ] GC(23) Concurrent Select Relocation Set 2.141ms
[7.242s][info][gc,phases   ] GC(23) Pause Relocate Start 0.005ms
[7.247s][info][gc,phases   ] GC(23) Concurrent Relocate 5.016ms
[7.247s][info][gc,load     ] GC(23) Load: 0.00/0.00/0.00
[7.247s][info][gc,mmu      ] GC(23) MMU: 2ms/99.3%, 5ms/99.6%, 10ms/99.8%, 20ms/99.9%, 50ms/99.9%, 100ms/100.0%
[7.247s][info][gc,marking  ] GC(23) Mark: 2 stripe(s), 2 proactive flush(es), 1 terminate flush(es), 0 completion(s), 0 continuation(s) 
[7.247s][info][gc,marking  ] GC(23) Mark Stack Usage: 32M
[7.247s][info][gc,nmethod  ] GC(23) NMethods: 469 registered, 0 unregistered
[7.247s][info][gc,metaspace] GC(23) Metaspace: 1M used, 1M committed, 1088M reserved
[7.247s][info][gc,ref      ] GC(23) Soft: 181 encountered, 0 discovered, 0 enqueued
[7.247s][info][gc,ref      ] GC(23) Weak: 263 encountered, 146 discovered, 0 enqueued
[7.247s][info][gc,ref      ] GC(23) Final: 0 encountered, 0 discovered, 0 enqueued
[7.247s][info][gc,ref      ] GC(23) Phantom: 7 encountered, 3 discovered, 0 enqueued
[7.247s][info][gc,reloc    ] GC(23) Small Pages: 881 / 1762M, Empty: 0M, Relocated: 5M, In-Place: 0
[7.247s][info][gc,reloc    ] GC(23) Medium Pages: 1 / 32M, Empty: 0M, Relocated: 0M, In-Place: 0
[7.247s][info][gc,reloc    ] GC(23) Large Pages: 0 / 0M, Empty: 0M, Relocated: 0M, In-Place: 0
[7.247s][info][gc,reloc    ] GC(23) Forwarding Usage: 0M
[7.247s][info][gc,heap     ] GC(23) Min Capacity: 4096M(100%)
[7.247s][info][gc,heap     ] GC(23) Max Capacity: 4096M(100%)
[7.248s][info][gc,heap     ] GC(23) Soft Max Capacity: 4096M(100%)
[7.248s][info][gc,heap     ] GC(23)                Mark Start          Mark End        Relocate Start      Relocate End           High               Low         
[7.248s][info][gc,heap     ] GC(23)  Capacity:     4096M (100%)       4096M (100%)       4096M (100%)       4096M (100%)       4096M (100%)       4096M (100%)   
[7.248s][info][gc,heap     ] GC(23)      Free:     2302M (56%)        2300M (56%)        2300M (56%)        2304M (56%)        2304M (56%)        2294M (56%)    
[7.248s][info][gc,heap     ] GC(23)      Used:     1794M (44%)        1796M (44%)        1796M (44%)        1792M (44%)        1802M (44%)        1792M (44%)    
[7.248s][info][gc,heap     ] GC(23)      Live:         -              1607M (39%)        1607M (39%)        1607M (39%)            -                  -          
[7.248s][info][gc,heap     ] GC(23) Allocated:         -                 2M (0%)            2M (0%)            1M (0%)             -                  -          
[7.248s][info][gc,heap     ] GC(23)   Garbage:         -               186M (5%)          186M (5%)          182M (4%)             -                  -          
[7.248s][info][gc,heap     ] GC(23) Reclaimed:         -                  -                 0M (0%)            3M (0%)             -                  -          
[7.248s][info][gc          ] GC(23) Garbage Collection (Timer) 1794M(44%)->1792M(44%)
[7.521s][info][gc,start    ] GC(24) Garbage Collection (Timer)
[7.521s][info][gc,task     ] GC(24) Using 3 workers
[7.521s][info][gc,phases   ] GC(24) Pause Mark Start 0.006ms
[7.537s][info][gc,phases   ] GC(24) Concurrent Mark 15.694ms
[7.537s][info][gc,phases   ] GC(24) Pause Mark End 0.009ms
[7.537s][info][gc,phases   ] GC(24) Concurrent Mark Free 0.001ms
[7.537s][info][gc,phases   ] GC(24) Concurrent Process Non-Strong References 0.640ms
[7.537s][info][gc,phases   ] GC(24) Concurrent Reset Relocation Set 0.001ms
[7.540s][info][gc,phases   ] GC(24) Concurrent Select Relocation Set 2.290ms
[7.540s][info][gc,phases   ] GC(24) Pause Relocate Start 0.006ms
[7.543s][info][gc,phases   ] GC(24) Concurrent Relocate 2.713ms
[7.543s][info][gc,load     ] GC(24) Load: 0.00/0.00/0.00
[7.543s][info][gc,mmu      ] GC(24) MMU: 2ms/99.3%, 5ms/99.6%, 10ms/99.8%, 20ms/99.9%, 50ms/99.9%, 100ms/100.0%
[7.543s][info][gc,marking  ] GC(24) Mark: 2 stripe(s), 2 proactive flush(es), 1 terminate flush(es), 0 completion(s), 0 continuation(s) 
[7.543s][info][gc,marking  ] GC(24) Mark Stack Usage: 32M
[7.543s][info][gc,nmethod  ] GC(24) NMethods: 470 registered, 0 unregistered
[7.543s][info][gc,metaspace] GC(24) Metaspace: 1M used, 1M committed, 1088M reserved
[7.543s][info][gc,ref      ] GC(24) Soft: 181 encountered, 0 discovered, 0 enqueued
[7.543s][info][gc,ref      ] GC(24) Weak: 263 encountered, 129 discovered, 0 enqueued
[7.543s][info][gc,ref      ] GC(24) Final: 0 encountered, 0 discovered, 0 enqueued
[7.543s][info][gc,ref      ] GC(24) Phantom: 7 encountered, 3 discovered, 0 enqueued
[7.543s][info][gc,reloc    ] GC(24) Small Pages: 918 / 1836M, Empty: 0M, Relocated: 1M, In-Place: 0
[7.543s][info][gc,reloc    ] GC(24) Medium Pages: 1 / 32M, Empty: 0M, Relocated: 0M, In-Place: 0
[7.543s][info][gc,reloc    ] GC(24) Large Pages: 0 / 0M, Empty: 0M, Relocated: 0M, In-Place: 0
[7.543s][info][gc,reloc    ] GC(24) Forwarding Usage: 0M
[7.543s][info][gc,heap     ] GC(24) Min Capacity: 4096M(100%)
[7.543s][info][gc,heap     ] GC(24) Max Capacity: 4096M(100%)
[7.543s][info][gc,heap     ] GC(24) Soft Max Capacity: 4096M(100%)
[7.543s][info][gc,heap     ] GC(24)                Mark Start          Mark End        Relocate Start      Relocate End           High               Low         
[7.543s][info][gc,heap     ] GC(24)  Capacity:     4096M (100%)       4096M (100%)       4096M (100%)       4096M (100%)       4096M (100%)       4096M (100%)   
[7.543s][info][gc,heap     ] GC(24)      Free:     2228M (54%)        2226M (54%)        2226M (54%)        2226M (54%)        2228M (54%)        2222M (54%)    
[7.543s][info][gc,heap     ] GC(24)      Used:     1868M (46%)        1870M (46%)        1870M (46%)        1870M (46%)        1874M (46%)        1868M (46%)    
[7.543s][info][gc,heap     ] GC(24)      Live:         -              1677M (41%)        1677M (41%)        1677M (41%)            -                  -          
[7.543s][info][gc,heap     ] GC(24) Allocated:         -                 2M (0%)            2M (0%)            2M (0%)             -                  -          
[7.543s][info][gc,heap     ] GC(24)   Garbage:         -               190M (5%)          190M (5%)          190M (5%)             -                  -          
[7.543s][info][gc,heap     ] GC(24) Reclaimed:         -                  -                 0M (0%)            0M (0%)             -                  -          
[7.543s][info][gc          ] GC(24) Garbage Collection (Timer) 1868M(46%)->1870M(46%)
[7.821s][info][gc,start    ] GC(25) Garbage Collection (Timer)
[7.821s][info][gc,task     ] GC(25) Using 3 workers
[7.821s][info][gc,phases   ] GC(25) Pause Mark Start 0.006ms
[7.839s][info][gc,phases   ] GC(25) Concurrent Mark 18.249ms
[7.840s][info][gc,phases   ] GC(25) Pause Mark End 0.010ms
[7.840s][info][gc,phases   ] GC(25) Concurrent Mark Free 0.001ms
[7.840s][info][gc,phases   ] GC(25) Concurrent Process Non-Strong References 0.565ms
[7.840s][info][gc,phases   ] GC(25) Concurrent Reset Relocation Set 0.001ms
[7.844s][info][gc,phases   ] GC(25) Concurrent Select Relocation Set 3.052ms
[7.844s][info][gc,phases   ] GC(25) Pause Relocate Start 0.007ms
[7.847s][info][gc,phases   ] GC(25) Concurrent Relocate 3.258ms
[7.847s][info][gc,load     ] GC(25) Load: 0.00/0.00/0.00
[7.847s][info][gc,mmu      ] GC(25) MMU: 2ms/99.3%, 5ms/99.6%, 10ms/99.8%, 20ms/99.9%, 50ms/99.9%, 100ms/100.0%
[7.847s][info][gc,marking  ] GC(25) Mark: 2 stripe(s), 2 proactive flush(es), 1 terminate flush(es), 0 completion(s), 0 continuation(s) 
[7.847s][info][gc,marking  ] GC(25) Mark Stack Usage: 32M
[7.847s][info][gc,nmethod  ] GC(25) NMethods: 471 registered, 0 unregistered
[7.847s][info][gc,metaspace] GC(25) Metaspace: 1M used, 1M committed, 1088M reserved
[7.847s][info][gc,ref      ] GC(25) Soft: 181 encountered, 0 discovered, 0 enqueued
[7.847s][info][gc,ref      ] GC(25) Weak: 263 encountered, 129 discovered, 0 enqueued
[7.847s][info][gc,ref      ] GC(25) Final: 0 encountered, 0 discovered, 0 enqueued
[7.847s][info][gc,ref      ] GC(25) Phantom: 7 encountered, 3 discovered, 0 enqueued
[7.847s][info][gc,reloc    ] GC(25) Small Pages: 951 / 1902M, Empty: 0M, Relocated: 1M, In-Place: 0
[7.847s][info][gc,reloc    ] GC(25) Medium Pages: 1 / 32M, Empty: 0M, Relocated: 0M, In-Place: 0
[7.847s][info][gc,reloc    ] GC(25) Large Pages: 0 / 0M, Empty: 0M, Relocated: 0M, In-Place: 0
[7.847s][info][gc,reloc    ] GC(25) Forwarding Usage: 0M
[7.847s][info][gc,heap     ] GC(25) Min Capacity: 4096M(100%)
[7.847s][info][gc,heap     ] GC(25) Max Capacity: 4096M(100%)
[7.847s][info][gc,heap     ] GC(25) Soft Max Capacity: 4096M(100%)
[7.848s][info][gc,heap     ] GC(25)                Mark Start          Mark End        Relocate Start      Relocate End           High               Low         
[7.848s][info][gc,heap     ] GC(25)  Capacity:     4096M (100%)       4096M (100%)       4096M (100%)       4096M (100%)       4096M (100%)       4096M (100%)   
[7.848s][info][gc,heap     ] GC(25)      Free:     2162M (53%)        2160M (53%)        2160M (53%)        2160M (53%)        2162M (53%)        2156M (53%)    
[7.848s][info][gc,heap     ] GC(25)      Used:     1934M (47%)        1936M (47%)        1936M (47%)        1936M (47%)        1940M (47%)        1934M (47%)    
[7.848s][info][gc,heap     ] GC(25)      Live:         -              1737M (42%)        1737M (42%)        1737M (42%)            -                  -          
[7.848s][info][gc,heap     ] GC(25) Allocated:         -                 2M (0%)            2M (0%)            2M (0%)             -                  -          
[7.848s][info][gc,heap     ] GC(25)   Garbage:         -               196M (5%)          196M (5%)          196M (5%)             -                  -          
[7.848s][info][gc,heap     ] GC(25) Reclaimed:         -                  -                 0M (0%)            0M (0%)             -                  -          
[7.848s][info][gc          ] GC(25) Garbage Collection (Timer) 1934M(47%)->1936M(47%)
[8.120s][info][gc,start    ] GC(26) Garbage Collection (Timer)
[8.120s][info][gc,task     ] GC(26) Using 3 workers
[8.121s][info][gc,phases   ] GC(26) Pause Mark Start 0.006ms
[8.136s][info][gc,phases   ] GC(26) Concurrent Mark 14.986ms
[8.136s][info][gc,phases   ] GC(26) Pause Mark End 0.009ms
[8.136s][info][gc,phases   ] GC(26) Concurrent Mark Free 0.001ms
[8.136s][info][gc,phases   ] GC(26) Concurrent Process Non-Strong References 0.523ms
[8.136s][info][gc,phases   ] GC(26) Concurrent Reset Relocation Set 0.001ms
[8.139s][info][gc,phases   ] GC(26) Concurrent Select Relocation Set 2.297ms
[8.139s][info][gc,phases   ] GC(26) Pause Relocate Start 0.005ms
[8.141s][info][gc,phases   ] GC(26) Concurrent Relocate 2.464ms
[8.141s][info][gc,load     ] GC(26) Load: 0.00/0.00/0.00
[8.142s][info][gc,mmu      ] GC(26) MMU: 2ms/99.3%, 5ms/99.6%, 10ms/99.8%, 20ms/99.9%, 50ms/99.9%, 100ms/100.0%
[8.142s][info][gc,marking  ] GC(26) Mark: 2 stripe(s), 2 proactive flush(es), 1 terminate flush(es), 0 completion(s), 0 continuation(s) 
[8.142s][info][gc,marking  ] GC(26) Mark Stack Usage: 32M
[8.142s][info][gc,nmethod  ] GC(26) NMethods: 471 registered, 0 unregistered
[8.142s][info][gc,metaspace] GC(26) Metaspace: 1M used, 1M committed, 1088M reserved
[8.142s][info][gc,ref      ] GC(26) Soft: 181 encountered, 0 discovered, 0 enqueued
[8.142s][info][gc,ref      ] GC(26) Weak: 263 encountered, 128 discovered, 0 enqueued
[8.142s][info][gc,ref      ] GC(26) Final: 0 encountered, 0 discovered, 0 enqueued
[8.142s][info][gc,ref      ] GC(26) Phantom: 7 encountered, 3 discovered, 0 enqueued
[8.142s][info][gc,reloc    ] GC(26) Small Pages: 980 / 1960M, Empty: 0M, Relocated: 1M, In-Place: 0
[8.142s][info][gc,reloc    ] GC(26) Medium Pages: 1 / 32M, Empty: 0M, Relocated: 0M, In-Place: 0
[8.142s][info][gc,reloc    ] GC(26) Large Pages: 0 / 0M, Empty: 0M, Relocated: 0M, In-Place: 0
[8.142s][info][gc,reloc    ] GC(26) Forwarding Usage: 0M
[8.142s][info][gc,heap     ] GC(26) Min Capacity: 4096M(100%)
[8.142s][info][gc,heap     ] GC(26) Max Capacity: 4096M(100%)
[8.142s][info][gc,heap     ] GC(26) Soft Max Capacity: 4096M(100%)
[8.142s][info][gc,heap     ] GC(26)                Mark Start          Mark End        Relocate Start      Relocate End           High               Low         
[8.142s][info][gc,heap     ] GC(26)  Capacity:     4096M (100%)       4096M (100%)       4096M (100%)       4096M (100%)       4096M (100%)       4096M (100%)   
[8.142s][info][gc,heap     ] GC(26)      Free:     2104M (51%)        2102M (51%)        2102M (51%)        2102M (51%)        2104M (51%)        2098M (51%)    
[8.142s][info][gc,heap     ] GC(26)      Used:     1992M (49%)        1994M (49%)        1994M (49%)        1994M (49%)        1998M (49%)        1992M (49%)    
[8.142s][info][gc,heap     ] GC(26)      Live:         -              1790M (44%)        1790M (44%)        1790M (44%)            -                  -          
[8.142s][info][gc,heap     ] GC(26) Allocated:         -                 2M (0%)            2M (0%)            2M (0%)             -                  -          
[8.142s][info][gc,heap     ] GC(26)   Garbage:         -               201M (5%)          201M (5%)          201M (5%)             -                  -          
[8.142s][info][gc,heap     ] GC(26) Reclaimed:         -                  -                 0M (0%)            0M (0%)             -                  -          
[8.142s][info][gc          ] GC(26) Garbage Collection (Timer) 1992M(49%)->1994M(49%)
[8.421s][info][gc,start    ] GC(27) Garbage Collection (Timer)
[8.421s][info][gc,task     ] GC(27) Using 3 workers
[8.421s][info][gc,phases   ] GC(27) Pause Mark Start 0.006ms
[8.437s][info][gc,phases   ] GC(27) Concurrent Mark 15.962ms
[8.437s][info][gc,phases   ] GC(27) Pause Mark End 0.009ms
[8.437s][info][gc,phases   ] GC(27) Concurrent Mark Free 0.001ms
[8.438s][info][gc,phases   ] GC(27) Concurrent Process Non-Strong References 0.550ms
[8.438s][info][gc,phases   ] GC(27) Concurrent Reset Relocation Set 0.001ms
[8.441s][info][gc,phases   ] GC(27) Concurrent Select Relocation Set 2.881ms
[8.441s][info][gc,phases   ] GC(27) Pause Relocate Start 0.007ms
[8.448s][info][gc,phases   ] GC(27) Concurrent Relocate 6.708ms
[8.448s][info][gc,load     ] GC(27) Load: 0.00/0.00/0.00
[8.448s][info][gc,mmu      ] GC(27) MMU: 2ms/99.3%, 5ms/99.6%, 10ms/99.8%, 20ms/99.9%, 50ms/99.9%, 100ms/100.0%
[8.448s][info][gc,marking  ] GC(27) Mark: 2 stripe(s), 2 proactive flush(es), 1 terminate flush(es), 0 completion(s), 0 continuation(s) 
[8.448s][info][gc,marking  ] GC(27) Mark Stack Usage: 32M
[8.448s][info][gc,nmethod  ] GC(27) NMethods: 471 registered, 0 unregistered
[8.448s][info][gc,metaspace] GC(27) Metaspace: 1M used, 1M committed, 1088M reserved
[8.448s][info][gc,ref      ] GC(27) Soft: 181 encountered, 0 discovered, 0 enqueued
[8.448s][info][gc,ref      ] GC(27) Weak: 263 encountered, 128 discovered, 0 enqueued
[8.448s][info][gc,ref      ] GC(27) Final: 0 encountered, 0 discovered, 0 enqueued
[8.448s][info][gc,ref      ] GC(27) Phantom: 7 encountered, 3 discovered, 0 enqueued
[8.448s][info][gc,reloc    ] GC(27) Small Pages: 1006 / 2012M, Empty: 0M, Relocated: 5M, In-Place: 0
[8.448s][info][gc,reloc    ] GC(27) Medium Pages: 1 / 32M, Empty: 0M, Relocated: 0M, In-Place: 0
[8.448s][info][gc,reloc    ] GC(27) Large Pages: 0 / 0M, Empty: 0M, Relocated: 0M, In-Place: 0
[8.448s][info][gc,reloc    ] GC(27) Forwarding Usage: 0M
[8.448s][info][gc,heap     ] GC(27) Min Capacity: 4096M(100%)
[8.448s][info][gc,heap     ] GC(27) Max Capacity: 4096M(100%)
[8.448s][info][gc,heap     ] GC(27) Soft Max Capacity: 4096M(100%)
[8.448s][info][gc,heap     ] GC(27)                Mark Start          Mark End        Relocate Start      Relocate End           High               Low         
[8.449s][info][gc,heap     ] GC(27)  Capacity:     4096M (100%)       4096M (100%)       4096M (100%)       4096M (100%)       4096M (100%)       4096M (100%)   
[8.449s][info][gc,heap     ] GC(27)      Free:     2052M (50%)        2050M (50%)        2050M (50%)        2054M (50%)        2054M (50%)        2044M (50%)    
[8.449s][info][gc,heap     ] GC(27)      Used:     2044M (50%)        2046M (50%)        2046M (50%)        2042M (50%)        2052M (50%)        2042M (50%)    
[8.449s][info][gc,heap     ] GC(27)      Live:         -              1836M (45%)        1836M (45%)        1836M (45%)            -                  -          
[8.449s][info][gc,heap     ] GC(27) Allocated:         -                 2M (0%)            2M (0%)            1M (0%)             -                  -          
[8.449s][info][gc,heap     ] GC(27)   Garbage:         -               207M (5%)          207M (5%)          203M (5%)             -                  -          
[8.449s][info][gc,heap     ] GC(27) Reclaimed:         -                  -                 0M (0%)            3M (0%)             -                  -          
[8.449s][info][gc          ] GC(27) Garbage Collection (Timer) 2044M(50%)->2042M(50%)
[8.722s][info][gc,start    ] GC(28) Garbage Collection (Timer)
[8.722s][info][gc,task     ] GC(28) Using 3 workers
[8.722s][info][gc,phases   ] GC(28) Pause Mark Start 0.006ms
[8.737s][info][gc,phases   ] GC(28) Concurrent Mark 15.151ms
[8.737s][info][gc,phases   ] GC(28) Pause Mark End 0.009ms
[8.737s][info][gc,phases   ] GC(28) Concurrent Mark Free 0.001ms
[8.738s][info][gc,phases   ] GC(28) Concurrent Process Non-Strong References 0.860ms
[8.738s][info][gc,phases   ] GC(28) Concurrent Reset Relocation Set 0.001ms
[8.740s][info][gc,phases   ] GC(28) Concurrent Select Relocation Set 2.138ms
[8.740s][info][gc,phases   ] GC(28) Pause Relocate Start 0.005ms
[8.741s][info][gc,phases   ] GC(28) Concurrent Relocate 0.086ms
[8.741s][info][gc,load     ] GC(28) Load: 0.00/0.00/0.00
[8.741s][info][gc,mmu      ] GC(28) MMU: 2ms/99.3%, 5ms/99.6%, 10ms/99.8%, 20ms/99.9%, 50ms/99.9%, 100ms/100.0%
[8.741s][info][gc,marking  ] GC(28) Mark: 2 stripe(s), 1 proactive flush(es), 1 terminate flush(es), 0 completion(s), 0 continuation(s) 
[8.741s][info][gc,marking  ] GC(28) Mark Stack Usage: 32M
[8.741s][info][gc,nmethod  ] GC(28) NMethods: 471 registered, 0 unregistered
[8.741s][info][gc,metaspace] GC(28) Metaspace: 1M used, 1M committed, 1088M reserved
[8.741s][info][gc,ref      ] GC(28) Soft: 181 encountered, 0 discovered, 0 enqueued
[8.741s][info][gc,ref      ] GC(28) Weak: 263 encountered, 138 discovered, 0 enqueued
[8.741s][info][gc,ref      ] GC(28) Final: 0 encountered, 0 discovered, 0 enqueued
[8.741s][info][gc,ref      ] GC(28) Phantom: 7 encountered, 3 discovered, 0 enqueued
[8.741s][info][gc,reloc    ] GC(28) Small Pages: 1015 / 2030M, Empty: 0M, Relocated: 0M, In-Place: 0
[8.741s][info][gc,reloc    ] GC(28) Medium Pages: 1 / 32M, Empty: 0M, Relocated: 0M, In-Place: 0
[8.741s][info][gc,reloc    ] GC(28) Large Pages: 0 / 0M, Empty: 0M, Relocated: 0M, In-Place: 0
[8.741s][info][gc,reloc    ] GC(28) Forwarding Usage: 0M
[8.741s][info][gc,heap     ] GC(28) Min Capacity: 4096M(100%)
[8.741s][info][gc,heap     ] GC(28) Max Capacity: 4096M(100%)
[8.741s][info][gc,heap     ] GC(28) Soft Max Capacity: 4096M(100%)
[8.741s][info][gc,heap     ] GC(28)                Mark Start          Mark End        Relocate Start      Relocate End           High               Low         
[8.741s][info][gc,heap     ] GC(28)  Capacity:     4096M (100%)       4096M (100%)       4096M (100%)       4096M (100%)       4096M (100%)       4096M (100%)   
[8.741s][info][gc,heap     ] GC(28)      Free:     2034M (50%)        2034M (50%)        2034M (50%)        2034M (50%)        2034M (50%)        2034M (50%)    
[8.741s][info][gc,heap     ] GC(28)      Used:     2062M (50%)        2062M (50%)        2062M (50%)        2062M (50%)        2062M (50%)        2062M (50%)    
[8.741s][info][gc,heap     ] GC(28)      Live:         -              1855M (45%)        1855M (45%)        1855M (45%)            -                  -          
[8.741s][info][gc,heap     ] GC(28) Allocated:         -                 0M (0%)            0M (0%)            0M (0%)             -                  -          
[8.741s][info][gc,heap     ] GC(28)   Garbage:         -               206M (5%)          206M (5%)          206M (5%)             -                  -          
[8.741s][info][gc,heap     ] GC(28) Reclaimed:         -                  -                 0M (0%)            0M (0%)             -                  -          
[8.741s][info][gc          ] GC(28) Garbage Collection (Timer) 2062M(50%)->2062M(50%)
[9.021s][info][gc,start    ] GC(29) Garbage Collection (Timer)
[9.021s][info][gc,task     ] GC(29) Using 3 workers
[9.022s][info][gc,phases   ] GC(29) Pause Mark Start 0.006ms
[9.035s][info][gc,phases   ] GC(29) Concurrent Mark 12.858ms
[9.035s][info][gc,phases   ] GC(29) Pause Mark End 0.009ms
[9.035s][info][gc,phases   ] GC(29) Concurrent Mark Free 0.001ms
[9.036s][info][gc,phases   ] GC(29) Concurrent Process Non-Strong References 0.750ms
[9.036s][info][gc,phases   ] GC(29) Concurrent Reset Relocation Set 0.001ms
[9.038s][info][gc,phases   ] GC(29) Concurrent Select Relocation Set 2.228ms
[9.038s][info][gc,phases   ] GC(29) Pause Relocate Start 0.005ms
[9.038s][info][gc,phases   ] GC(29) Concurrent Relocate 0.115ms
[9.038s][info][gc,load     ] GC(29) Load: 0.00/0.00/0.00
[9.038s][info][gc,mmu      ] GC(29) MMU: 2ms/99.3%, 5ms/99.6%, 10ms/99.8%, 20ms/99.9%, 50ms/99.9%, 100ms/100.0%
[9.038s][info][gc,marking  ] GC(29) Mark: 2 stripe(s), 1 proactive flush(es), 1 terminate flush(es), 0 completion(s), 0 continuation(s) 
[9.038s][info][gc,marking  ] GC(29) Mark Stack Usage: 32M
[9.038s][info][gc,nmethod  ] GC(29) NMethods: 471 registered, 0 unregistered
[9.038s][info][gc,metaspace] GC(29) Metaspace: 1M used, 1M committed, 1088M reserved
[9.038s][info][gc,ref      ] GC(29) Soft: 181 encountered, 0 discovered, 0 enqueued
[9.038s][info][gc,ref      ] GC(29) Weak: 263 encountered, 126 discovered, 0 enqueued
[9.038s][info][gc,ref      ] GC(29) Final: 0 encountered, 0 discovered, 0 enqueued
[9.038s][info][gc,ref      ] GC(29) Phantom: 7 encountered, 3 discovered, 0 enqueued
[9.038s][info][gc,reloc    ] GC(29) Small Pages: 1015 / 2030M, Empty: 0M, Relocated: 0M, In-Place: 0
[9.039s][info][gc,reloc    ] GC(29) Medium Pages: 1 / 32M, Empty: 0M, Relocated: 0M, In-Place: 0
[9.039s][info][gc,reloc    ] GC(29) Large Pages: 0 / 0M, Empty: 0M, Relocated: 0M, In-Place: 0
[9.039s][info][gc,reloc    ] GC(29) Forwarding Usage: 0M
[9.039s][info][gc,heap     ] GC(29) Min Capacity: 4096M(100%)
[9.039s][info][gc,heap     ] GC(29) Max Capacity: 4096M(100%)
[9.039s][info][gc,heap     ] GC(29) Soft Max Capacity: 4096M(100%)
[9.039s][info][gc,heap     ] GC(29)                Mark Start          Mark End        Relocate Start      Relocate End           High               Low         
[9.039s][info][gc,heap     ] GC(29)  Capacity:     4096M (100%)       4096M (100%)       4096M (100%)       4096M (100%)       4096M (100%)       4096M (100%)   
[9.039s][info][gc,heap     ] GC(29)      Free:     2034M (50%)        2034M (50%)        2034M (50%)        2034M (50%)        2034M (50%)        2034M (50%)    
[9.039s][info][gc,heap     ] GC(29)      Used:     2062M (50%)        2062M (50%)        2062M (50%)        2062M (50%)        2062M (50%)        2062M (50%)    
[9.039s][info][gc,heap     ] GC(29)      Live:         -              1855M (45%)        1855M (45%)        1855M (45%)            -                  -          
[9.039s][info][gc,heap     ] GC(29) Allocated:         -                 0M (0%)            0M (0%)            0M (0%)             -                  -          
[9.039s][info][gc,heap     ] GC(29)   Garbage:         -               206M (5%)          206M (5%)          206M (5%)             -                  -          
[9.039s][info][gc,heap     ] GC(29) Reclaimed:         -                  -                 0M (0%)            0M (0%)             -                  -          
[9.039s][info][gc          ] GC(29) Garbage Collection (Timer) 2062M(50%)->2062M(50%)
[9.321s][info][gc,start    ] GC(30) Garbage Collection (Timer)
[9.321s][info][gc,task     ] GC(30) Using 3 workers
[9.322s][info][gc,phases   ] GC(30) Pause Mark Start 0.006ms
[9.335s][info][gc,phases   ] GC(30) Concurrent Mark 13.785ms
[9.336s][info][gc,phases   ] GC(30) Pause Mark End 0.014ms
[9.336s][info][gc,phases   ] GC(30) Concurrent Mark Free 0.001ms
[9.336s][info][gc,phases   ] GC(30) Concurrent Process Non-Strong References 0.734ms
[9.336s][info][gc,phases   ] GC(30) Concurrent Reset Relocation Set 0.001ms
[9.339s][info][gc,phases   ] GC(30) Concurrent Select Relocation Set 2.465ms
[9.339s][info][gc,phases   ] GC(30) Pause Relocate Start 0.007ms
[9.339s][info][gc,phases   ] GC(30) Concurrent Relocate 0.077ms
[9.339s][info][gc,load     ] GC(30) Load: 0.00/0.00/0.00
[9.339s][info][gc,mmu      ] GC(30) MMU: 2ms/99.3%, 5ms/99.6%, 10ms/99.8%, 20ms/99.9%, 50ms/99.9%, 100ms/100.0%
[9.339s][info][gc,marking  ] GC(30) Mark: 2 stripe(s), 10 proactive flush(es), 1 terminate flush(es), 0 completion(s), 0 continuation(s) 
[9.339s][info][gc,marking  ] GC(30) Mark Stack Usage: 32M
[9.339s][info][gc,nmethod  ] GC(30) NMethods: 471 registered, 0 unregistered
[9.339s][info][gc,metaspace] GC(30) Metaspace: 1M used, 1M committed, 1088M reserved
[9.339s][info][gc,ref      ] GC(30) Soft: 181 encountered, 0 discovered, 0 enqueued
[9.339s][info][gc,ref      ] GC(30) Weak: 263 encountered, 154 discovered, 0 enqueued
[9.339s][info][gc,ref      ] GC(30) Final: 0 encountered, 0 discovered, 0 enqueued
[9.339s][info][gc,ref      ] GC(30) Phantom: 7 encountered, 3 discovered, 0 enqueued
[9.340s][info][gc,reloc    ] GC(30) Small Pages: 1015 / 2030M, Empty: 0M, Relocated: 0M, In-Place: 0
[9.340s][info][gc,reloc    ] GC(30) Medium Pages: 1 / 32M, Empty: 0M, Relocated: 0M, In-Place: 0
[9.340s][info][gc,reloc    ] GC(30) Large Pages: 0 / 0M, Empty: 0M, Relocated: 0M, In-Place: 0
[9.340s][info][gc,reloc    ] GC(30) Forwarding Usage: 0M
[9.340s][info][gc,heap     ] GC(30) Min Capacity: 4096M(100%)
[9.340s][info][gc,heap     ] GC(30) Max Capacity: 4096M(100%)
[9.340s][info][gc,heap     ] GC(30) Soft Max Capacity: 4096M(100%)
[9.340s][info][gc,heap     ] GC(30)                Mark Start          Mark End        Relocate Start      Relocate End           High               Low         
[9.340s][info][gc,heap     ] GC(30)  Capacity:     4096M (100%)       4096M (100%)       4096M (100%)       4096M (100%)       4096M (100%)       4096M (100%)   
[9.340s][info][gc,heap     ] GC(30)      Free:     2034M (50%)        2034M (50%)        2034M (50%)        2034M (50%)        2034M (50%)        2034M (50%)    
[9.340s][info][gc,heap     ] GC(30)      Used:     2062M (50%)        2062M (50%)        2062M (50%)        2062M (50%)        2062M (50%)        2062M (50%)    
[9.340s][info][gc,heap     ] GC(30)      Live:         -              1855M (45%)        1855M (45%)        1855M (45%)            -                  -          
[9.340s][info][gc,heap     ] GC(30) Allocated:         -                 0M (0%)            0M (0%)            0M (0%)             -                  -          
[9.340s][info][gc,heap     ] GC(30)   Garbage:         -               206M (5%)          206M (5%)          206M (5%)             -                  -          
[9.340s][info][gc,heap     ] GC(30) Reclaimed:         -                  -                 0M (0%)            0M (0%)             -                  -          
[9.340s][info][gc          ] GC(30) Garbage Collection (Timer) 2062M(50%)->2062M(50%)
[9.622s][info][gc,start    ] GC(31) Garbage Collection (Timer)
[9.622s][info][gc,task     ] GC(31) Using 3 workers
[9.622s][info][gc,phases   ] GC(31) Pause Mark Start 0.006ms
[9.635s][info][gc,phases   ] GC(31) Concurrent Mark 13.444ms
[9.636s][info][gc,phases   ] GC(31) Pause Mark End 0.023ms
[9.636s][info][gc,phases   ] GC(31) Concurrent Mark Free 0.001ms
[9.636s][info][gc,phases   ] GC(31) Concurrent Process Non-Strong References 0.556ms
[9.636s][info][gc,phases   ] GC(31) Concurrent Reset Relocation Set 0.001ms
[9.639s][info][gc,phases   ] GC(31) Concurrent Select Relocation Set 2.278ms
[9.639s][info][gc,phases   ] GC(31) Pause Relocate Start 0.004ms
[9.641s][info][gc,phases   ] GC(31) Concurrent Relocate 2.123ms
[9.641s][info][gc,load     ] GC(31) Load: 0.00/0.00/0.00
[9.641s][info][gc,mmu      ] GC(31) MMU: 2ms/98.9%, 5ms/99.5%, 10ms/99.7%, 20ms/99.8%, 50ms/99.9%, 100ms/100.0%
[9.641s][info][gc,marking  ] GC(31) Mark: 2 stripe(s), 2 proactive flush(es), 1 terminate flush(es), 0 completion(s), 0 continuation(s) 
[9.641s][info][gc,marking  ] GC(31) Mark Stack Usage: 32M
[9.641s][info][gc,nmethod  ] GC(31) NMethods: 480 registered, 0 unregistered
[9.641s][info][gc,metaspace] GC(31) Metaspace: 1M used, 1M committed, 1088M reserved
[9.641s][info][gc,ref      ] GC(31) Soft: 181 encountered, 0 discovered, 0 enqueued
[9.641s][info][gc,ref      ] GC(31) Weak: 263 encountered, 133 discovered, 0 enqueued
[9.641s][info][gc,ref      ] GC(31) Final: 0 encountered, 0 discovered, 0 enqueued
[9.641s][info][gc,ref      ] GC(31) Phantom: 7 encountered, 3 discovered, 0 enqueued
[9.641s][info][gc,reloc    ] GC(31) Small Pages: 1022 / 2044M, Empty: 0M, Relocated: 1M, In-Place: 0
[9.641s][info][gc,reloc    ] GC(31) Medium Pages: 1 / 32M, Empty: 0M, Relocated: 0M, In-Place: 0
[9.642s][info][gc,reloc    ] GC(31) Large Pages: 0 / 0M, Empty: 0M, Relocated: 0M, In-Place: 0
[9.642s][info][gc,reloc    ] GC(31) Forwarding Usage: 0M
[9.642s][info][gc,heap     ] GC(31) Min Capacity: 4096M(100%)
[9.642s][info][gc,heap     ] GC(31) Max Capacity: 4096M(100%)
[9.642s][info][gc,heap     ] GC(31) Soft Max Capacity: 4096M(100%)
[9.642s][info][gc,heap     ] GC(31)                Mark Start          Mark End        Relocate Start      Relocate End           High               Low         
[9.642s][info][gc,heap     ] GC(31)  Capacity:     4096M (100%)       4096M (100%)       4096M (100%)       4096M (100%)       4096M (100%)       4096M (100%)   
[9.642s][info][gc,heap     ] GC(31)      Free:     2020M (49%)        2018M (49%)        2018M (49%)        2018M (49%)        2020M (49%)        2014M (49%)    
[9.642s][info][gc,heap     ] GC(31)      Used:     2076M (51%)        2078M (51%)        2078M (51%)        2078M (51%)        2082M (51%)        2076M (51%)    
[9.642s][info][gc,heap     ] GC(31)      Live:         -              1867M (46%)        1867M (46%)        1867M (46%)            -                  -          
[9.642s][info][gc,heap     ] GC(31) Allocated:         -                 2M (0%)            2M (0%)            2M (0%)             -                  -          
[9.642s][info][gc,heap     ] GC(31)   Garbage:         -               208M (5%)          208M (5%)          208M (5%)             -                  -          
[9.642s][info][gc,heap     ] GC(31) Reclaimed:         -                  -                 0M (0%)            0M (0%)             -                  -          
[9.642s][info][gc          ] GC(31) Garbage Collection (Timer) 2076M(51%)->2078M(51%)
[9.921s][info][gc,start    ] GC(32) Garbage Collection (Timer)
[9.921s][info][gc,task     ] GC(32) Using 3 workers
[9.921s][info][gc,phases   ] GC(32) Pause Mark Start 0.006ms
[9.937s][info][gc,phases   ] GC(32) Concurrent Mark 15.770ms
[9.937s][info][gc,phases   ] GC(32) Pause Mark End 0.009ms
[9.937s][info][gc,phases   ] GC(32) Concurrent Mark Free 0.001ms
[9.938s][info][gc,phases   ] GC(32) Concurrent Process Non-Strong References 0.645ms
[9.938s][info][gc,phases   ] GC(32) Concurrent Reset Relocation Set 0.001ms
[9.940s][info][gc,phases   ] GC(32) Concurrent Select Relocation Set 2.135ms
[9.940s][info][gc,phases   ] GC(32) Pause Relocate Start 0.005ms
[9.942s][info][gc,phases   ] GC(32) Concurrent Relocate 2.173ms
[9.942s][info][gc,load     ] GC(32) Load: 0.00/0.00/0.00
[9.943s][info][gc,mmu      ] GC(32) MMU: 2ms/98.9%, 5ms/99.5%, 10ms/99.7%, 20ms/99.8%, 50ms/99.9%, 100ms/100.0%
[9.943s][info][gc,marking  ] GC(32) Mark: 2 stripe(s), 2 proactive flush(es), 1 terminate flush(es), 0 completion(s), 0 continuation(s) 
[9.943s][info][gc,marking  ] GC(32) Mark Stack Usage: 32M
[9.943s][info][gc,nmethod  ] GC(32) NMethods: 480 registered, 0 unregistered
[9.943s][info][gc,metaspace] GC(32) Metaspace: 1M used, 1M committed, 1088M reserved
[9.943s][info][gc,ref      ] GC(32) Soft: 181 encountered, 0 discovered, 0 enqueued
[9.943s][info][gc,ref      ] GC(32) Weak: 263 encountered, 129 discovered, 0 enqueued
[9.943s][info][gc,ref      ] GC(32) Final: 0 encountered, 0 discovered, 0 enqueued
[9.943s][info][gc,ref      ] GC(32) Phantom: 7 encountered, 3 discovered, 0 enqueued
[9.943s][info][gc,reloc    ] GC(32) Small Pages: 1056 / 2112M, Empty: 0M, Relocated: 1M, In-Place: 0
[9.943s][info][gc,reloc    ] GC(32) Medium Pages: 1 / 32M, Empty: 0M, Relocated: 0M, In-Place: 0
[9.943s][info][gc,reloc    ] GC(32) Large Pages: 0 / 0M, Empty: 0M, Relocated: 0M, In-Place: 0
[9.943s][info][gc,reloc    ] GC(32) Forwarding Usage: 0M
[9.943s][info][gc,heap     ] GC(32) Min Capacity: 4096M(100%)
[9.943s][info][gc,heap     ] GC(32) Max Capacity: 4096M(100%)
[9.943s][info][gc,heap     ] GC(32) Soft Max Capacity: 4096M(100%)
[9.943s][info][gc,heap     ] GC(32)                Mark Start          Mark End        Relocate Start      Relocate End           High               Low         
[9.943s][info][gc,heap     ] GC(32)  Capacity:     4096M (100%)       4096M (100%)       4096M (100%)       4096M (100%)       4096M (100%)       4096M (100%)   
[9.943s][info][gc,heap     ] GC(32)      Free:     1952M (48%)        1950M (48%)        1950M (48%)        1950M (48%)        1952M (48%)        1946M (48%)    
[9.943s][info][gc,heap     ] GC(32)      Used:     2144M (52%)        2146M (52%)        2146M (52%)        2146M (52%)        2150M (52%)        2144M (52%)    
[9.943s][info][gc,heap     ] GC(32)      Live:         -              1929M (47%)        1929M (47%)        1929M (47%)            -                  -          
[9.943s][info][gc,heap     ] GC(32) Allocated:         -                 2M (0%)            2M (0%)            2M (0%)             -                  -          
[9.943s][info][gc,heap     ] GC(32)   Garbage:         -               214M (5%)          214M (5%)          214M (5%)             -                  -          
[9.943s][info][gc,heap     ] GC(32) Reclaimed:         -                  -                 0M (0%)            0M (0%)             -                  -          
[9.943s][info][gc          ] GC(32) Garbage Collection (Timer) 2144M(52%)->2146M(52%)
[10.221s][info][gc,start    ] GC(33) Garbage Collection (Timer)
[10.221s][info][gc,task     ] GC(33) Using 3 workers
[10.221s][info][gc,phases   ] GC(33) Pause Mark Start 0.006ms
[10.237s][info][gc,phases   ] GC(33) Concurrent Mark 15.979ms
[10.237s][info][gc,phases   ] GC(33) Pause Mark End 0.009ms
[10.237s][info][gc,phases   ] GC(33) Concurrent Mark Free 0.001ms
[10.238s][info][gc,phases   ] GC(33) Concurrent Process Non-Strong References 0.589ms
[10.238s][info][gc,phases   ] GC(33) Concurrent Reset Relocation Set 0.001ms
[10.241s][info][gc,phases   ] GC(33) Concurrent Select Relocation Set 2.556ms
[10.241s][info][gc,phases   ] GC(33) Pause Relocate Start 0.006ms
[10.244s][info][gc,phases   ] GC(33) Concurrent Relocate 2.675ms
[10.244s][info][gc,load     ] GC(33) Load: 0.00/0.00/0.00
[10.244s][info][gc,mmu      ] GC(33) MMU: 2ms/98.9%, 5ms/99.5%, 10ms/99.7%, 20ms/99.8%, 50ms/99.9%, 100ms/100.0%
[10.244s][info][gc,marking  ] GC(33) Mark: 2 stripe(s), 2 proactive flush(es), 1 terminate flush(es), 0 completion(s), 0 continuation(s) 
[10.244s][info][gc,marking  ] GC(33) Mark Stack Usage: 32M
[10.244s][info][gc,nmethod  ] GC(33) NMethods: 480 registered, 0 unregistered
[10.244s][info][gc,metaspace] GC(33) Metaspace: 1M used, 1M committed, 1088M reserved
[10.244s][info][gc,ref      ] GC(33) Soft: 181 encountered, 0 discovered, 0 enqueued
[10.244s][info][gc,ref      ] GC(33) Weak: 263 encountered, 134 discovered, 0 enqueued
[10.244s][info][gc,ref      ] GC(33) Final: 0 encountered, 0 discovered, 0 enqueued
[10.244s][info][gc,ref      ] GC(33) Phantom: 7 encountered, 3 discovered, 0 enqueued
[10.244s][info][gc,reloc    ] GC(33) Small Pages: 1088 / 2176M, Empty: 0M, Relocated: 1M, In-Place: 0
[10.244s][info][gc,reloc    ] GC(33) Medium Pages: 2 / 64M, Empty: 32M, Relocated: 0M, In-Place: 0
[10.244s][info][gc,reloc    ] GC(33) Large Pages: 0 / 0M, Empty: 0M, Relocated: 0M, In-Place: 0
[10.244s][info][gc,reloc    ] GC(33) Forwarding Usage: 0M
[10.244s][info][gc,heap     ] GC(33) Min Capacity: 4096M(100%)
[10.244s][info][gc,heap     ] GC(33) Max Capacity: 4096M(100%)
[10.244s][info][gc,heap     ] GC(33) Soft Max Capacity: 4096M(100%)
[10.244s][info][gc,heap     ] GC(33)                Mark Start          Mark End        Relocate Start      Relocate End           High               Low         
[10.244s][info][gc,heap     ] GC(33)  Capacity:     4096M (100%)       4096M (100%)       4096M (100%)       4096M (100%)       4096M (100%)       4096M (100%)   
[10.244s][info][gc,heap     ] GC(33)      Free:     1856M (45%)        1854M (45%)        1886M (46%)        1886M (46%)        1886M (46%)        1854M (45%)    
[10.244s][info][gc,heap     ] GC(33)      Used:     2240M (55%)        2242M (55%)        2210M (54%)        2210M (54%)        2242M (55%)        2210M (54%)    
[10.244s][info][gc,heap     ] GC(33)      Live:         -              1987M (49%)        1987M (49%)        1987M (49%)            -                  -          
[10.245s][info][gc,heap     ] GC(33) Allocated:         -                 2M (0%)            2M (0%)            2M (0%)             -                  -          
[10.245s][info][gc,heap     ] GC(33)   Garbage:         -               252M (6%)          220M (5%)          220M (5%)             -                  -          
[10.245s][info][gc,heap     ] GC(33) Reclaimed:         -                  -                32M (1%)           32M (1%)             -                  -          
[10.245s][info][gc          ] GC(33) Garbage Collection (Timer) 2240M(55%)->2210M(54%)
[10.421s][info][gc,stats    ] === Garbage Collection Statistics =======================================================================================================================
[10.421s][info][gc,stats    ]                                                              Last 10s              Last 10m              Last 10h                Total
[10.421s][info][gc,stats    ]                                                              Avg / Max             Avg / Max             Avg / Max             Avg / Max
[10.421s][info][gc,stats    ]   Collector: Garbage Collection Cycle                     19.922 / 36.885       19.922 / 36.885       19.922 / 36.885       19.922 / 36.885      ms
[10.421s][info][gc,stats    ]  Contention: Mark Segment Reset Contention                     2 / 5                 2 / 5                 2 / 5                 2 / 5           ops/s
[10.421s][info][gc,stats    ]  Contention: Mark SeqNum Reset Contention                      1 / 3                 1 / 3                 1 / 3                 1 / 3           ops/s
[10.421s][info][gc,stats    ]    Critical: Allocation Stall                                  0 / 0                 0 / 0                 0 / 0                 0 / 0           ops/s
[10.422s][info][gc,stats    ]    Critical: Allocation Stall                              0.000 / 0.000         0.000 / 0.000         0.000 / 0.000         0.000 / 0.000       ms
[10.422s][info][gc,stats    ]    Critical: GC Locker Stall                                   0 / 0                 0 / 0                 0 / 0                 0 / 0           ops/s
[10.422s][info][gc,stats    ]    Critical: GC Locker Stall                               0.000 / 0.000         0.000 / 0.000         0.000 / 0.000         0.000 / 0.000       ms
[10.422s][info][gc,stats    ]    Critical: Relocation Stall                                  0 / 0                 0 / 0                 0 / 0                 0 / 0           ops/s
[10.422s][info][gc,stats    ]    Critical: Relocation Stall                              0.000 / 0.000         0.000 / 0.000         0.000 / 0.000         0.000 / 0.000       ms
[10.422s][info][gc,stats    ]      Memory: Allocation Rate                                 234 / 662             234 / 662             234 / 662             234 / 662         MB/s
[10.422s][info][gc,stats    ]      Memory: Out Of Memory                                     0 / 0                 0 / 0                 0 / 0                 0 / 0           ops/s
[10.422s][info][gc,stats    ]      Memory: Page Cache Flush                                  0 / 0                 0 / 0                 0 / 0                 0 / 0           MB/s
[10.422s][info][gc,stats    ]      Memory: Page Cache Hit L1                                 7 / 18                7 / 18                7 / 18                7 / 18          ops/s
[10.422s][info][gc,stats    ]      Memory: Page Cache Hit L2                                 0 / 0                 0 / 0                 0 / 0                 0 / 0           ops/s
[10.422s][info][gc,stats    ]      Memory: Page Cache Hit L3                               110 / 328             110 / 328             110 / 328             110 / 328         ops/s
[10.422s][info][gc,stats    ]      Memory: Page Cache Miss                                   0 / 1                 0 / 1                 0 / 1                 0 / 1           ops/s
[10.422s][info][gc,stats    ]      Memory: Uncommit                                          0 / 0                 0 / 0                 0 / 0                 0 / 0           MB/s
[10.422s][info][gc,stats    ]      Memory: Undo Object Allocation Failed                     0 / 0                 0 / 0                 0 / 0                 0 / 0           ops/s
[10.422s][info][gc,stats    ]      Memory: Undo Object Allocation Succeeded                  0 / 0                 0 / 0                 0 / 0                 0 / 0           ops/s
[10.422s][info][gc,stats    ]      Memory: Undo Page Allocation                              0 / 0                 0 / 0                 0 / 0                 0 / 0           ops/s
[10.422s][info][gc,stats    ]       Phase: Concurrent Mark                              13.794 / 26.790       13.794 / 26.790       13.794 / 26.790       13.794 / 26.790      ms
[10.422s][info][gc,stats    ]       Phase: Concurrent Mark Continue                      0.000 / 0.000         0.000 / 0.000         0.000 / 0.000         0.000 / 0.000       ms
[10.422s][info][gc,stats    ]       Phase: Concurrent Mark Free                          0.001 / 0.001         0.001 / 0.001         0.001 / 0.001         0.001 / 0.001       ms
[10.422s][info][gc,stats    ]       Phase: Concurrent Process Non-Strong References      0.645 / 0.939         0.645 / 0.939         0.645 / 0.939         0.645 / 0.939       ms
[10.422s][info][gc,stats    ]       Phase: Concurrent Relocate                           2.003 / 6.708         2.003 / 6.708         2.003 / 6.708         2.003 / 6.708       ms
[10.422s][info][gc,stats    ]       Phase: Concurrent Reset Relocation Set               0.001 / 0.002         0.001 / 0.002         0.001 / 0.002         0.001 / 0.002       ms
[10.422s][info][gc,stats    ]       Phase: Concurrent Select Relocation Set              2.553 / 9.137         2.553 / 9.137         2.553 / 9.137         2.553 / 9.137       ms
[10.422s][info][gc,stats    ]       Phase: Pause Mark End                                0.010 / 0.023         0.010 / 0.023         0.010 / 0.023         0.010 / 0.023       ms
[10.422s][info][gc,stats    ]       Phase: Pause Mark Start                              0.006 / 0.008         0.006 / 0.008         0.006 / 0.008         0.006 / 0.008       ms
[10.422s][info][gc,stats    ]       Phase: Pause Relocate Start                          0.005 / 0.008         0.005 / 0.008         0.005 / 0.008         0.005 / 0.008       ms
[10.422s][info][gc,stats    ]    Subphase: Concurrent Classes Purge                      0.064 / 0.120         0.064 / 0.120         0.064 / 0.120         0.064 / 0.120       ms
[10.422s][info][gc,stats    ]    Subphase: Concurrent Classes Unlink                     0.243 / 0.318         0.243 / 0.318         0.243 / 0.318         0.243 / 0.318       ms
[10.423s][info][gc,stats    ]    Subphase: Concurrent Mark                              12.735 / 25.952       12.735 / 25.952       12.735 / 25.952       12.735 / 25.952      ms
[10.423s][info][gc,stats    ]    Subphase: Concurrent Mark Try Flush                     0.175 / 4.244         0.175 / 4.244         0.175 / 4.244         0.175 / 4.244       ms
[10.423s][info][gc,stats    ]    Subphase: Concurrent Mark Try Terminate                 0.944 / 2.408         0.944 / 2.408         0.944 / 2.408         0.944 / 2.408       ms
[10.423s][info][gc,stats    ]    Subphase: Concurrent References Enqueue                 0.001 / 0.004         0.001 / 0.004         0.001 / 0.004         0.001 / 0.004       ms
[10.423s][info][gc,stats    ]    Subphase: Concurrent References Process                 0.078 / 0.133         0.078 / 0.133         0.078 / 0.133         0.078 / 0.133       ms
[10.423s][info][gc,stats    ]    Subphase: Concurrent Roots ClassLoaderDataGraph         0.046 / 0.259         0.046 / 0.259         0.046 / 0.259         0.046 / 0.259       ms
[10.423s][info][gc,stats    ]    Subphase: Concurrent Roots CodeCache                    0.000 / 0.000         0.000 / 0.000         0.000 / 0.000         0.000 / 0.000       ms
[10.423s][info][gc,stats    ]    Subphase: Concurrent Roots JavaThreads                  0.167 / 0.497         0.167 / 0.497         0.167 / 0.497         0.167 / 0.497       ms
[10.423s][info][gc,stats    ]    Subphase: Concurrent Roots OopStorageSet                0.011 / 0.089         0.011 / 0.089         0.011 / 0.089         0.011 / 0.089       ms
[10.423s][info][gc,stats    ]    Subphase: Concurrent Weak Roots OopStorageSet           0.103 / 0.205         0.103 / 0.205         0.103 / 0.205         0.103 / 0.205       ms
[10.423s][info][gc,stats    ]    Subphase: Pause Mark Try Complete                       0.000 / 0.000         0.000 / 0.000         0.000 / 0.000         0.000 / 0.000       ms
[10.423s][info][gc,stats    ]      System: Java Threads                                     12 / 14               12 / 14               12 / 14               12 / 14          threads
[10.423s][info][gc,stats    ] =========================================================================================================================================================
[10.521s][info][gc,start    ] GC(34) Garbage Collection (Timer)
[10.521s][info][gc,task     ] GC(34) Using 3 workers
[10.521s][info][gc,phases   ] GC(34) Pause Mark Start 0.006ms
[10.538s][info][gc,phases   ] GC(34) Concurrent Mark 16.555ms
[10.538s][info][gc,phases   ] GC(34) Pause Mark End 0.009ms
[10.538s][info][gc,phases   ] GC(34) Concurrent Mark Free 0.001ms
[10.539s][info][gc,phases   ] GC(34) Concurrent Process Non-Strong References 0.708ms
[10.539s][info][gc,phases   ] GC(34) Concurrent Reset Relocation Set 0.001ms
[10.542s][info][gc,phases   ] GC(34) Concurrent Select Relocation Set 3.255ms
[10.542s][info][gc,phases   ] GC(34) Pause Relocate Start 0.006ms
[10.546s][info][gc,phases   ] GC(34) Concurrent Relocate 4.059ms
[10.547s][info][gc,load     ] GC(34) Load: 0.00/0.00/0.00
[10.547s][info][gc,mmu      ] GC(34) MMU: 2ms/98.9%, 5ms/99.5%, 10ms/99.7%, 20ms/99.8%, 50ms/99.9%, 100ms/100.0%
[10.547s][info][gc,marking  ] GC(34) Mark: 2 stripe(s), 2 proactive flush(es), 1 terminate flush(es), 0 completion(s), 0 continuation(s) 
[10.547s][info][gc,marking  ] GC(34) Mark Stack Usage: 32M
[10.547s][info][gc,nmethod  ] GC(34) NMethods: 480 registered, 0 unregistered
[10.547s][info][gc,metaspace] GC(34) Metaspace: 1M used, 1M committed, 1088M reserved
[10.547s][info][gc,ref      ] GC(34) Soft: 181 encountered, 0 discovered, 0 enqueued
[10.547s][info][gc,ref      ] GC(34) Weak: 263 encountered, 129 discovered, 0 enqueued
[10.547s][info][gc,ref      ] GC(34) Final: 0 encountered, 0 discovered, 0 enqueued
[10.547s][info][gc,ref      ] GC(34) Phantom: 7 encountered, 3 discovered, 0 enqueued
[10.547s][info][gc,reloc    ] GC(34) Small Pages: 1116 / 2232M, Empty: 0M, Relocated: 3M, In-Place: 0
[10.547s][info][gc,reloc    ] GC(34) Medium Pages: 1 / 32M, Empty: 0M, Relocated: 0M, In-Place: 0
[10.547s][info][gc,reloc    ] GC(34) Large Pages: 0 / 0M, Empty: 0M, Relocated: 0M, In-Place: 0
[10.547s][info][gc,reloc    ] GC(34) Forwarding Usage: 0M
[10.547s][info][gc,heap     ] GC(34) Min Capacity: 4096M(100%)
[10.547s][info][gc,heap     ] GC(34) Max Capacity: 4096M(100%)
[10.547s][info][gc,heap     ] GC(34) Soft Max Capacity: 4096M(100%)
[10.547s][info][gc,heap     ] GC(34)                Mark Start          Mark End        Relocate Start      Relocate End           High               Low         
[10.547s][info][gc,heap     ] GC(34)  Capacity:     4096M (100%)       4096M (100%)       4096M (100%)       4096M (100%)       4096M (100%)       4096M (100%)   
[10.547s][info][gc,heap     ] GC(34)      Free:     1832M (45%)        1830M (45%)        1830M (45%)        1832M (45%)        1832M (45%)        1824M (45%)    
[10.547s][info][gc,heap     ] GC(34)      Used:     2264M (55%)        2266M (55%)        2266M (55%)        2264M (55%)        2272M (55%)        2264M (55%)    
[10.547s][info][gc,heap     ] GC(34)      Live:         -              2037M (50%)        2037M (50%)        2037M (50%)            -                  -          
[10.547s][info][gc,heap     ] GC(34) Allocated:         -                 2M (0%)            2M (0%)            2M (0%)             -                  -          
[10.547s][info][gc,heap     ] GC(34)   Garbage:         -               226M (6%)          226M (6%)          224M (5%)             -                  -          
[10.547s][info][gc,heap     ] GC(34) Reclaimed:         -                  -                 0M (0%)            2M (0%)             -                  -          
[10.547s][info][gc          ] GC(34) Garbage Collection (Timer) 2264M(55%)->2264M(55%)
[10.822s][info][gc,start    ] GC(35) Garbage Collection (Timer)
[10.822s][info][gc,task     ] GC(35) Using 3 workers
[10.822s][info][gc,phases   ] GC(35) Pause Mark Start 0.006ms
[10.840s][info][gc,phases   ] GC(35) Concurrent Mark 17.562ms
[10.840s][info][gc,phases   ] GC(35) Pause Mark End 0.009ms
[10.840s][info][gc,phases   ] GC(35) Concurrent Mark Free 0.001ms
[10.841s][info][gc,phases   ] GC(35) Concurrent Process Non-Strong References 0.820ms
[10.841s][info][gc,phases   ] GC(35) Concurrent Reset Relocation Set 0.001ms
[10.843s][info][gc,phases   ] GC(35) Concurrent Select Relocation Set 2.190ms
[10.843s][info][gc,phases   ] GC(35) Pause Relocate Start 0.005ms
[10.849s][info][gc,phases   ] GC(35) Concurrent Relocate 5.793ms
[10.849s][info][gc,load     ] GC(35) Load: 0.00/0.00/0.00
[10.849s][info][gc,mmu      ] GC(35) MMU: 2ms/98.9%, 5ms/99.5%, 10ms/99.7%, 20ms/99.8%, 50ms/99.9%, 100ms/100.0%
[10.849s][info][gc,marking  ] GC(35) Mark: 2 stripe(s), 2 proactive flush(es), 1 terminate flush(es), 0 completion(s), 0 continuation(s) 
[10.849s][info][gc,marking  ] GC(35) Mark Stack Usage: 32M
[10.849s][info][gc,nmethod  ] GC(35) NMethods: 480 registered, 0 unregistered
[10.849s][info][gc,metaspace] GC(35) Metaspace: 1M used, 1M committed, 1088M reserved
[10.850s][info][gc,ref      ] GC(35) Soft: 181 encountered, 0 discovered, 0 enqueued
[10.850s][info][gc,ref      ] GC(35) Weak: 263 encountered, 133 discovered, 0 enqueued
[10.850s][info][gc,ref      ] GC(35) Final: 0 encountered, 0 discovered, 0 enqueued
[10.850s][info][gc,ref      ] GC(35) Phantom: 7 encountered, 3 discovered, 0 enqueued
[10.850s][info][gc,reloc    ] GC(35) Small Pages: 1147 / 2294M, Empty: 0M, Relocated: 5M, In-Place: 0
[10.850s][info][gc,reloc    ] GC(35) Medium Pages: 1 / 32M, Empty: 0M, Relocated: 0M, In-Place: 0
[10.850s][info][gc,reloc    ] GC(35) Large Pages: 0 / 0M, Empty: 0M, Relocated: 0M, In-Place: 0
[10.850s][info][gc,reloc    ] GC(35) Forwarding Usage: 0M
[10.850s][info][gc,heap     ] GC(35) Min Capacity: 4096M(100%)
[10.850s][info][gc,heap     ] GC(35) Max Capacity: 4096M(100%)
[10.850s][info][gc,heap     ] GC(35) Soft Max Capacity: 4096M(100%)
[10.850s][info][gc,heap     ] GC(35)                Mark Start          Mark End        Relocate Start      Relocate End           High               Low         
[10.850s][info][gc,heap     ] GC(35)  Capacity:     4096M (100%)       4096M (100%)       4096M (100%)       4096M (100%)       4096M (100%)       4096M (100%)   
[10.850s][info][gc,heap     ] GC(35)      Free:     1770M (43%)        1768M (43%)        1768M (43%)        1770M (43%)        1770M (43%)        1762M (43%)    
[10.850s][info][gc,heap     ] GC(35)      Used:     2326M (57%)        2328M (57%)        2328M (57%)        2326M (57%)        2334M (57%)        2326M (57%)    
[10.850s][info][gc,heap     ] GC(35)      Live:         -              2094M (51%)        2094M (51%)        2094M (51%)            -                  -          
[10.850s][info][gc,heap     ] GC(35) Allocated:         -                 2M (0%)            2M (0%)            1M (0%)             -                  -          
[10.850s][info][gc,heap     ] GC(35)   Garbage:         -               231M (6%)          231M (6%)          229M (6%)             -                  -          
[10.850s][info][gc,heap     ] GC(35) Reclaimed:         -                  -                 0M (0%)            1M (0%)             -                  -          
[10.850s][info][gc          ] GC(35) Garbage Collection (Timer) 2326M(57%)->2326M(57%)
[11.122s][info][gc,start    ] GC(36) Garbage Collection (Timer)
[11.122s][info][gc,task     ] GC(36) Using 3 workers
[11.122s][info][gc,phases   ] GC(36) Pause Mark Start 0.006ms
[11.139s][info][gc,phases   ] GC(36) Concurrent Mark 17.577ms
[11.139s][info][gc,phases   ] GC(36) Pause Mark End 0.009ms
[11.140s][info][gc,phases   ] GC(36) Concurrent Mark Free 0.001ms
[11.140s][info][gc,phases   ] GC(36) Concurrent Process Non-Strong References 0.669ms
[11.140s][info][gc,phases   ] GC(36) Concurrent Reset Relocation Set 0.001ms
[11.143s][info][gc,phases   ] GC(36) Concurrent Select Relocation Set 2.220ms
[11.143s][info][gc,phases   ] GC(36) Pause Relocate Start 0.005ms
[11.145s][info][gc,phases   ] GC(36) Concurrent Relocate 2.417ms
[11.145s][info][gc,load     ] GC(36) Load: 0.00/0.00/0.00
[11.145s][info][gc,mmu      ] GC(36) MMU: 2ms/98.9%, 5ms/99.5%, 10ms/99.7%, 20ms/99.8%, 50ms/99.9%, 100ms/100.0%
[11.145s][info][gc,marking  ] GC(36) Mark: 2 stripe(s), 2 proactive flush(es), 1 terminate flush(es), 0 completion(s), 0 continuation(s) 
[11.145s][info][gc,marking  ] GC(36) Mark Stack Usage: 32M
[11.145s][info][gc,nmethod  ] GC(36) NMethods: 480 registered, 0 unregistered
[11.145s][info][gc,metaspace] GC(36) Metaspace: 1M used, 1M committed, 1088M reserved
[11.145s][info][gc,ref      ] GC(36) Soft: 181 encountered, 0 discovered, 0 enqueued
[11.146s][info][gc,ref      ] GC(36) Weak: 263 encountered, 122 discovered, 0 enqueued
[11.146s][info][gc,ref      ] GC(36) Final: 0 encountered, 0 discovered, 0 enqueued
[11.146s][info][gc,ref      ] GC(36) Phantom: 7 encountered, 3 discovered, 0 enqueued
[11.146s][info][gc,reloc    ] GC(36) Small Pages: 1175 / 2350M, Empty: 0M, Relocated: 1M, In-Place: 0
[11.146s][info][gc,reloc    ] GC(36) Medium Pages: 1 / 32M, Empty: 0M, Relocated: 0M, In-Place: 0
[11.146s][info][gc,reloc    ] GC(36) Large Pages: 0 / 0M, Empty: 0M, Relocated: 0M, In-Place: 0
[11.146s][info][gc,reloc    ] GC(36) Forwarding Usage: 0M
[11.146s][info][gc,heap     ] GC(36) Min Capacity: 4096M(100%)
[11.146s][info][gc,heap     ] GC(36) Max Capacity: 4096M(100%)
[11.146s][info][gc,heap     ] GC(36) Soft Max Capacity: 4096M(100%)
[11.146s][info][gc,heap     ] GC(36)                Mark Start          Mark End        Relocate Start      Relocate End           High               Low         
[11.146s][info][gc,heap     ] GC(36)  Capacity:     4096M (100%)       4096M (100%)       4096M (100%)       4096M (100%)       4096M (100%)       4096M (100%)   
[11.146s][info][gc,heap     ] GC(36)      Free:     1714M (42%)        1712M (42%)        1712M (42%)        1712M (42%)        1714M (42%)        1706M (42%)    
[11.146s][info][gc,heap     ] GC(36)      Used:     2382M (58%)        2384M (58%)        2384M (58%)        2384M (58%)        2390M (58%)        2382M (58%)    
[11.146s][info][gc,heap     ] GC(36)      Live:         -              2146M (52%)        2146M (52%)        2146M (52%)            -                  -          
[11.146s][info][gc,heap     ] GC(36) Allocated:         -                 2M (0%)            2M (0%)            2M (0%)             -                  -          
[11.146s][info][gc,heap     ] GC(36)   Garbage:         -               235M (6%)          235M (6%)          235M (6%)             -                  -          
[11.146s][info][gc,heap     ] GC(36) Reclaimed:         -                  -                 0M (0%)            0M (0%)             -                  -          
[11.146s][info][gc          ] GC(36) Garbage Collection (Timer) 2382M(58%)->2384M(58%)
[11.420s][info][gc,start    ] GC(37) Garbage Collection (Timer)
[11.420s][info][gc,task     ] GC(37) Using 3 workers
[11.420s][info][gc,phases   ] GC(37) Pause Mark Start 0.006ms
[11.438s][info][gc,phases   ] GC(37) Concurrent Mark 17.753ms
[11.438s][info][gc,phases   ] GC(37) Pause Mark End 0.009ms
[11.439s][info][gc,phases   ] GC(37) Concurrent Mark Free 0.001ms
[11.439s][info][gc,phases   ] GC(37) Concurrent Process Non-Strong References 0.871ms
[11.439s][info][gc,phases   ] GC(37) Concurrent Reset Relocation Set 0.001ms
[11.442s][info][gc,phases   ] GC(37) Concurrent Select Relocation Set 2.237ms
[11.442s][info][gc,phases   ] GC(37) Pause Relocate Start 0.005ms
[11.444s][info][gc,phases   ] GC(37) Concurrent Relocate 2.036ms
[11.444s][info][gc,load     ] GC(37) Load: 0.00/0.00/0.00
[11.444s][info][gc,mmu      ] GC(37) MMU: 2ms/98.9%, 5ms/99.5%, 10ms/99.7%, 20ms/99.8%, 50ms/99.9%, 100ms/100.0%
[11.444s][info][gc,marking  ] GC(37) Mark: 2 stripe(s), 2 proactive flush(es), 1 terminate flush(es), 0 completion(s), 0 continuation(s) 
[11.444s][info][gc,marking  ] GC(37) Mark Stack Usage: 32M
[11.444s][info][gc,nmethod  ] GC(37) NMethods: 480 registered, 0 unregistered
[11.444s][info][gc,metaspace] GC(37) Metaspace: 1M used, 1M committed, 1088M reserved
[11.444s][info][gc,ref      ] GC(37) Soft: 181 encountered, 0 discovered, 0 enqueued
[11.444s][info][gc,ref      ] GC(37) Weak: 263 encountered, 126 discovered, 0 enqueued
[11.444s][info][gc,ref      ] GC(37) Final: 0 encountered, 0 discovered, 0 enqueued
[11.444s][info][gc,ref      ] GC(37) Phantom: 7 encountered, 3 discovered, 0 enqueued
[11.444s][info][gc,reloc    ] GC(37) Small Pages: 1203 / 2406M, Empty: 0M, Relocated: 1M, In-Place: 0
[11.444s][info][gc,reloc    ] GC(37) Medium Pages: 1 / 32M, Empty: 0M, Relocated: 0M, In-Place: 0
[11.444s][info][gc,reloc    ] GC(37) Large Pages: 0 / 0M, Empty: 0M, Relocated: 0M, In-Place: 0
[11.444s][info][gc,reloc    ] GC(37) Forwarding Usage: 0M
[11.444s][info][gc,heap     ] GC(37) Min Capacity: 4096M(100%)
[11.444s][info][gc,heap     ] GC(37) Max Capacity: 4096M(100%)
[11.445s][info][gc,heap     ] GC(37) Soft Max Capacity: 4096M(100%)
[11.445s][info][gc,heap     ] GC(37)                Mark Start          Mark End        Relocate Start      Relocate End           High               Low         
[11.445s][info][gc,heap     ] GC(37)  Capacity:     4096M (100%)       4096M (100%)       4096M (100%)       4096M (100%)       4096M (100%)       4096M (100%)   
[11.445s][info][gc,heap     ] GC(37)      Free:     1658M (40%)        1656M (40%)        1656M (40%)        1656M (40%)        1658M (40%)        1650M (40%)    
[11.445s][info][gc,heap     ] GC(37)      Used:     2438M (60%)        2440M (60%)        2440M (60%)        2440M (60%)        2446M (60%)        2438M (60%)    
[11.445s][info][gc,heap     ] GC(37)      Live:         -              2196M (54%)        2196M (54%)        2196M (54%)            -                  -          
[11.445s][info][gc,heap     ] GC(37) Allocated:         -                 2M (0%)            2M (0%)            2M (0%)             -                  -          
[11.445s][info][gc,heap     ] GC(37)   Garbage:         -               241M (6%)          241M (6%)          241M (6%)             -                  -          
[11.445s][info][gc,heap     ] GC(37) Reclaimed:         -                  -                 0M (0%)            0M (0%)             -                  -          
[11.445s][info][gc          ] GC(37) Garbage Collection (Timer) 2438M(60%)->2440M(60%)
[11.721s][info][gc,start    ] GC(38) Garbage Collection (Timer)
[11.721s][info][gc,task     ] GC(38) Using 3 workers
[11.721s][info][gc,phases   ] GC(38) Pause Mark Start 0.006ms
[11.739s][info][gc,phases   ] GC(38) Concurrent Mark 17.693ms
[11.739s][info][gc,phases   ] GC(38) Pause Mark End 0.009ms
[11.739s][info][gc,phases   ] GC(38) Concurrent Mark Free 0.001ms
[11.740s][info][gc,phases   ] GC(38) Concurrent Process Non-Strong References 0.609ms
[11.740s][info][gc,phases   ] GC(38) Concurrent Reset Relocation Set 0.001ms
[11.742s][info][gc,phases   ] GC(38) Concurrent Select Relocation Set 2.155ms
[11.743s][info][gc,phases   ] GC(38) Pause Relocate Start 0.005ms
[11.746s][info][gc,phases   ] GC(38) Concurrent Relocate 3.210ms
[11.746s][info][gc,load     ] GC(38) Load: 0.00/0.00/0.00
[11.746s][info][gc,mmu      ] GC(38) MMU: 2ms/98.9%, 5ms/99.5%, 10ms/99.7%, 20ms/99.8%, 50ms/99.9%, 100ms/100.0%
[11.746s][info][gc,marking  ] GC(38) Mark: 2 stripe(s), 2 proactive flush(es), 1 terminate flush(es), 0 completion(s), 0 continuation(s) 
[11.746s][info][gc,marking  ] GC(38) Mark Stack Usage: 32M
[11.746s][info][gc,nmethod  ] GC(38) NMethods: 480 registered, 0 unregistered
[11.746s][info][gc,metaspace] GC(38) Metaspace: 1M used, 1M committed, 1088M reserved
[11.746s][info][gc,ref      ] GC(38) Soft: 181 encountered, 0 discovered, 0 enqueued
[11.746s][info][gc,ref      ] GC(38) Weak: 263 encountered, 131 discovered, 0 enqueued
[11.746s][info][gc,ref      ] GC(38) Final: 0 encountered, 0 discovered, 0 enqueued
[11.746s][info][gc,ref      ] GC(38) Phantom: 7 encountered, 3 discovered, 0 enqueued
[11.746s][info][gc,reloc    ] GC(38) Small Pages: 1231 / 2462M, Empty: 0M, Relocated: 2M, In-Place: 0
[11.746s][info][gc,reloc    ] GC(38) Medium Pages: 1 / 32M, Empty: 0M, Relocated: 0M, In-Place: 0
[11.746s][info][gc,reloc    ] GC(38) Large Pages: 0 / 0M, Empty: 0M, Relocated: 0M, In-Place: 0
[11.746s][info][gc,reloc    ] GC(38) Forwarding Usage: 0M
[11.746s][info][gc,heap     ] GC(38) Min Capacity: 4096M(100%)
[11.746s][info][gc,heap     ] GC(38) Max Capacity: 4096M(100%)
[11.746s][info][gc,heap     ] GC(38) Soft Max Capacity: 4096M(100%)
[11.746s][info][gc,heap     ] GC(38)                Mark Start          Mark End        Relocate Start      Relocate End           High               Low         
[11.746s][info][gc,heap     ] GC(38)  Capacity:     4096M (100%)       4096M (100%)       4096M (100%)       4096M (100%)       4096M (100%)       4096M (100%)   
[11.746s][info][gc,heap     ] GC(38)      Free:     1602M (39%)        1600M (39%)        1600M (39%)        1604M (39%)        1604M (39%)        1594M (39%)    
[11.746s][info][gc,heap     ] GC(38)      Used:     2494M (61%)        2496M (61%)        2496M (61%)        2492M (61%)        2502M (61%)        2492M (61%)    
[11.747s][info][gc,heap     ] GC(38)      Live:         -              2246M (55%)        2246M (55%)        2246M (55%)            -                  -          
[11.747s][info][gc,heap     ] GC(38) Allocated:         -                 2M (0%)            2M (0%)            2M (0%)             -                  -          
[11.747s][info][gc,heap     ] GC(38)   Garbage:         -               247M (6%)          247M (6%)          243M (6%)             -                  -          
[11.747s][info][gc,heap     ] GC(38) Reclaimed:         -                  -                 0M (0%)            4M (0%)             -                  -          
[11.747s][info][gc          ] GC(38) Garbage Collection (Timer) 2494M(61%)->2492M(61%)
[12.022s][info][gc,start    ] GC(39) Garbage Collection (Timer)
[12.022s][info][gc,task     ] GC(39) Using 3 workers
[12.022s][info][gc,phases   ] GC(39) Pause Mark Start 0.006ms
[12.039s][info][gc,phases   ] GC(39) Concurrent Mark 16.845ms
[12.039s][info][gc,phases   ] GC(39) Pause Mark End 0.009ms
[12.039s][info][gc,phases   ] GC(39) Concurrent Mark Free 0.001ms
[12.040s][info][gc,phases   ] GC(39) Concurrent Process Non-Strong References 0.647ms
[12.041s][info][gc,phases   ] GC(39) Concurrent Reset Relocation Set 0.001ms
[12.043s][info][gc,phases   ] GC(39) Concurrent Select Relocation Set 2.443ms
[12.043s][info][gc,phases   ] GC(39) Pause Relocate Start 0.006ms
[12.047s][info][gc,phases   ] GC(39) Concurrent Relocate 3.991ms
[12.048s][info][gc,load     ] GC(39) Load: 0.00/0.00/0.00
[12.048s][info][gc,mmu      ] GC(39) MMU: 2ms/98.9%, 5ms/99.5%, 10ms/99.7%, 20ms/99.8%, 50ms/99.9%, 100ms/100.0%
[12.048s][info][gc,marking  ] GC(39) Mark: 2 stripe(s), 2 proactive flush(es), 1 terminate flush(es), 0 completion(s), 0 continuation(s) 
[12.048s][info][gc,marking  ] GC(39) Mark Stack Usage: 32M
[12.048s][info][gc,nmethod  ] GC(39) NMethods: 480 registered, 0 unregistered
[12.048s][info][gc,metaspace] GC(39) Metaspace: 1M used, 1M committed, 1088M reserved
[12.048s][info][gc,ref      ] GC(39) Soft: 181 encountered, 0 discovered, 0 enqueued
[12.048s][info][gc,ref      ] GC(39) Weak: 263 encountered, 128 discovered, 0 enqueued
[12.048s][info][gc,ref      ] GC(39) Final: 0 encountered, 0 discovered, 0 enqueued
[12.048s][info][gc,ref      ] GC(39) Phantom: 7 encountered, 3 discovered, 0 enqueued
[12.048s][info][gc,reloc    ] GC(39) Small Pages: 1253 / 2506M, Empty: 0M, Relocated: 3M, In-Place: 0
[12.048s][info][gc,reloc    ] GC(39) Medium Pages: 1 / 32M, Empty: 0M, Relocated: 0M, In-Place: 0
[12.048s][info][gc,reloc    ] GC(39) Large Pages: 0 / 0M, Empty: 0M, Relocated: 0M, In-Place: 0
[12.048s][info][gc,reloc    ] GC(39) Forwarding Usage: 0M
[12.048s][info][gc,heap     ] GC(39) Min Capacity: 4096M(100%)
[12.048s][info][gc,heap     ] GC(39) Max Capacity: 4096M(100%)
[12.048s][info][gc,heap     ] GC(39) Soft Max Capacity: 4096M(100%)
[12.048s][info][gc,heap     ] GC(39)                Mark Start          Mark End        Relocate Start      Relocate End           High               Low         
[12.048s][info][gc,heap     ] GC(39)  Capacity:     4096M (100%)       4096M (100%)       4096M (100%)       4096M (100%)       4096M (100%)       4096M (100%)   
[12.048s][info][gc,heap     ] GC(39)      Free:     1558M (38%)        1556M (38%)        1556M (38%)        1558M (38%)        1558M (38%)        1550M (38%)    
[12.048s][info][gc,heap     ] GC(39)      Used:     2538M (62%)        2540M (62%)        2540M (62%)        2538M (62%)        2546M (62%)        2538M (62%)    
[12.048s][info][gc,heap     ] GC(39)      Live:         -              2288M (56%)        2288M (56%)        2288M (56%)            -                  -          
[12.048s][info][gc,heap     ] GC(39) Allocated:         -                 2M (0%)            2M (0%)            2M (0%)             -                  -          
[12.048s][info][gc,heap     ] GC(39)   Garbage:         -               249M (6%)          249M (6%)          247M (6%)             -                  -          
[12.048s][info][gc,heap     ] GC(39) Reclaimed:         -                  -                 0M (0%)            2M (0%)             -                  -          
[12.048s][info][gc          ] GC(39) Garbage Collection (Timer) 2538M(62%)->2538M(62%)
[12.320s][info][gc,start    ] GC(40) Garbage Collection (Timer)
[12.320s][info][gc,task     ] GC(40) Using 3 workers
[12.321s][info][gc,phases   ] GC(40) Pause Mark Start 0.006ms
[12.338s][info][gc,phases   ] GC(40) Concurrent Mark 16.977ms
[12.338s][info][gc,phases   ] GC(40) Pause Mark End 0.009ms
[12.338s][info][gc,phases   ] GC(40) Concurrent Mark Free 0.001ms
[12.339s][info][gc,phases   ] GC(40) Concurrent Process Non-Strong References 0.675ms
[12.339s][info][gc,phases   ] GC(40) Concurrent Reset Relocation Set 0.001ms
[12.341s][info][gc,phases   ] GC(40) Concurrent Select Relocation Set 2.231ms
[12.341s][info][gc,phases   ] GC(40) Pause Relocate Start 0.005ms
[12.344s][info][gc,phases   ] GC(40) Concurrent Relocate 2.523ms
[12.344s][info][gc,load     ] GC(40) Load: 0.00/0.00/0.00
[12.344s][info][gc,mmu      ] GC(40) MMU: 2ms/98.9%, 5ms/99.5%, 10ms/99.7%, 20ms/99.8%, 50ms/99.9%, 100ms/100.0%
[12.344s][info][gc,marking  ] GC(40) Mark: 2 stripe(s), 2 proactive flush(es), 1 terminate flush(es), 0 completion(s), 0 continuation(s) 
[12.344s][info][gc,marking  ] GC(40) Mark Stack Usage: 32M
[12.344s][info][gc,nmethod  ] GC(40) NMethods: 480 registered, 0 unregistered
[12.344s][info][gc,metaspace] GC(40) Metaspace: 1M used, 1M committed, 1088M reserved
[12.344s][info][gc,ref      ] GC(40) Soft: 181 encountered, 0 discovered, 0 enqueued
[12.344s][info][gc,ref      ] GC(40) Weak: 263 encountered, 188 discovered, 0 enqueued
[12.344s][info][gc,ref      ] GC(40) Final: 0 encountered, 0 discovered, 0 enqueued
[12.344s][info][gc,ref      ] GC(40) Phantom: 7 encountered, 3 discovered, 0 enqueued
[12.344s][info][gc,reloc    ] GC(40) Small Pages: 1275 / 2550M, Empty: 0M, Relocated: 1M, In-Place: 0
[12.344s][info][gc,reloc    ] GC(40) Medium Pages: 1 / 32M, Empty: 0M, Relocated: 0M, In-Place: 0
[12.344s][info][gc,reloc    ] GC(40) Large Pages: 0 / 0M, Empty: 0M, Relocated: 0M, In-Place: 0
[12.344s][info][gc,reloc    ] GC(40) Forwarding Usage: 0M
[12.344s][info][gc,heap     ] GC(40) Min Capacity: 4096M(100%)
[12.344s][info][gc,heap     ] GC(40) Max Capacity: 4096M(100%)
[12.344s][info][gc,heap     ] GC(40) Soft Max Capacity: 4096M(100%)
[12.344s][info][gc,heap     ] GC(40)                Mark Start          Mark End        Relocate Start      Relocate End           High               Low         
[12.344s][info][gc,heap     ] GC(40)  Capacity:     4096M (100%)       4096M (100%)       4096M (100%)       4096M (100%)       4096M (100%)       4096M (100%)   
[12.344s][info][gc,heap     ] GC(40)      Free:     1514M (37%)        1512M (37%)        1512M (37%)        1512M (37%)        1514M (37%)        1508M (37%)    
[12.344s][info][gc,heap     ] GC(40)      Used:     2582M (63%)        2584M (63%)        2584M (63%)        2584M (63%)        2588M (63%)        2582M (63%)    
[12.344s][info][gc,heap     ] GC(40)      Live:         -              2330M (57%)        2330M (57%)        2330M (57%)            -                  -          
[12.344s][info][gc,heap     ] GC(40) Allocated:         -                 2M (0%)            2M (0%)            2M (0%)             -                  -          
[12.344s][info][gc,heap     ] GC(40)   Garbage:         -               251M (6%)          251M (6%)          251M (6%)             -                  -          
[12.344s][info][gc,heap     ] GC(40) Reclaimed:         -                  -                 0M (0%)            0M (0%)             -                  -          
[12.344s][info][gc          ] GC(40) Garbage Collection (Timer) 2582M(63%)->2584M(63%)
[12.621s][info][gc,start    ] GC(41) Garbage Collection (Timer)
[12.621s][info][gc,task     ] GC(41) Using 3 workers
[12.621s][info][gc,phases   ] GC(41) Pause Mark Start 0.006ms
[12.639s][info][gc,phases   ] GC(41) Concurrent Mark 17.721ms
[12.639s][info][gc,phases   ] GC(41) Pause Mark End 0.009ms
[12.639s][info][gc,phases   ] GC(41) Concurrent Mark Free 0.001ms
[12.640s][info][gc,phases   ] GC(41) Concurrent Process Non-Strong References 0.531ms
[12.640s][info][gc,phases   ] GC(41) Concurrent Reset Relocation Set 0.001ms
[12.642s][info][gc,phases   ] GC(41) Concurrent Select Relocation Set 2.181ms
[12.642s][info][gc,phases   ] GC(41) Pause Relocate Start 0.005ms
[12.644s][info][gc,phases   ] GC(41) Concurrent Relocate 1.974ms
[12.644s][info][gc,load     ] GC(41) Load: 0.00/0.00/0.00
[12.644s][info][gc,mmu      ] GC(41) MMU: 2ms/98.9%, 5ms/99.5%, 10ms/99.7%, 20ms/99.8%, 50ms/99.9%, 100ms/100.0%
[12.644s][info][gc,marking  ] GC(41) Mark: 2 stripe(s), 2 proactive flush(es), 1 terminate flush(es), 0 completion(s), 0 continuation(s) 
[12.644s][info][gc,marking  ] GC(41) Mark Stack Usage: 32M
[12.644s][info][gc,nmethod  ] GC(41) NMethods: 480 registered, 0 unregistered
[12.644s][info][gc,metaspace] GC(41) Metaspace: 1M used, 1M committed, 1088M reserved
[12.644s][info][gc,ref      ] GC(41) Soft: 181 encountered, 0 discovered, 0 enqueued
[12.644s][info][gc,ref      ] GC(41) Weak: 263 encountered, 129 discovered, 0 enqueued
[12.644s][info][gc,ref      ] GC(41) Final: 0 encountered, 0 discovered, 0 enqueued
[12.645s][info][gc,ref      ] GC(41) Phantom: 7 encountered, 3 discovered, 0 enqueued
[12.645s][info][gc,reloc    ] GC(41) Small Pages: 1299 / 2598M, Empty: 0M, Relocated: 1M, In-Place: 0
[12.645s][info][gc,reloc    ] GC(41) Medium Pages: 1 / 32M, Empty: 0M, Relocated: 0M, In-Place: 0
[12.645s][info][gc,reloc    ] GC(41) Large Pages: 0 / 0M, Empty: 0M, Relocated: 0M, In-Place: 0
[12.645s][info][gc,reloc    ] GC(41) Forwarding Usage: 0M
[12.645s][info][gc,heap     ] GC(41) Min Capacity: 4096M(100%)
[12.645s][info][gc,heap     ] GC(41) Max Capacity: 4096M(100%)
[12.645s][info][gc,heap     ] GC(41) Soft Max Capacity: 4096M(100%)
[12.645s][info][gc,heap     ] GC(41)                Mark Start          Mark End        Relocate Start      Relocate End           High               Low         
[12.645s][info][gc,heap     ] GC(41)  Capacity:     4096M (100%)       4096M (100%)       4096M (100%)       4096M (100%)       4096M (100%)       4096M (100%)   
[12.645s][info][gc,heap     ] GC(41)      Free:     1466M (36%)        1464M (36%)        1464M (36%)        1464M (36%)        1466M (36%)        1460M (36%)    
[12.645s][info][gc,heap     ] GC(41)      Used:     2630M (64%)        2632M (64%)        2632M (64%)        2632M (64%)        2636M (64%)        2630M (64%)    
[12.645s][info][gc,heap     ] GC(41)      Live:         -              2374M (58%)        2374M (58%)        2374M (58%)            -                  -          
[12.645s][info][gc,heap     ] GC(41) Allocated:         -                 2M (0%)            2M (0%)            2M (0%)             -                  -          
[12.645s][info][gc,heap     ] GC(41)   Garbage:         -               255M (6%)          255M (6%)          255M (6%)             -                  -          
[12.645s][info][gc,heap     ] GC(41) Reclaimed:         -                  -                 0M (0%)            0M (0%)             -                  -          
[12.645s][info][gc          ] GC(41) Garbage Collection (Timer) 2630M(64%)->2632M(64%)
[12.922s][info][gc,start    ] GC(42) Garbage Collection (Timer)
[12.922s][info][gc,task     ] GC(42) Using 3 workers
[12.922s][info][gc,phases   ] GC(42) Pause Mark Start 0.006ms
[12.940s][info][gc,phases   ] GC(42) Concurrent Mark 17.937ms
[12.940s][info][gc,phases   ] GC(42) Pause Mark End 0.009ms
[12.940s][info][gc,phases   ] GC(42) Concurrent Mark Free 0.001ms
[12.941s][info][gc,phases   ] GC(42) Concurrent Process Non-Strong References 1.380ms
[12.942s][info][gc,phases   ] GC(42) Concurrent Reset Relocation Set 0.001ms
[12.944s][info][gc,phases   ] GC(42) Concurrent Select Relocation Set 2.219ms
[12.944s][info][gc,phases   ] GC(42) Pause Relocate Start 0.006ms
[12.949s][info][gc,phases   ] GC(42) Concurrent Relocate 4.722ms
[12.949s][info][gc,load     ] GC(42) Load: 0.00/0.00/0.00
[12.949s][info][gc,mmu      ] GC(42) MMU: 2ms/98.9%, 5ms/99.5%, 10ms/99.7%, 20ms/99.8%, 50ms/99.9%, 100ms/100.0%
[12.949s][info][gc,marking  ] GC(42) Mark: 2 stripe(s), 2 proactive flush(es), 1 terminate flush(es), 0 completion(s), 0 continuation(s) 
[12.949s][info][gc,marking  ] GC(42) Mark Stack Usage: 32M
[12.949s][info][gc,nmethod  ] GC(42) NMethods: 480 registered, 0 unregistered
[12.949s][info][gc,metaspace] GC(42) Metaspace: 1M used, 1M committed, 1088M reserved
[12.949s][info][gc,ref      ] GC(42) Soft: 181 encountered, 0 discovered, 0 enqueued
[12.949s][info][gc,ref      ] GC(42) Weak: 263 encountered, 129 discovered, 0 enqueued
[12.949s][info][gc,ref      ] GC(42) Final: 0 encountered, 0 discovered, 0 enqueued
[12.949s][info][gc,ref      ] GC(42) Phantom: 7 encountered, 3 discovered, 0 enqueued
[12.949s][info][gc,reloc    ] GC(42) Small Pages: 1329 / 2658M, Empty: 0M, Relocated: 5M, In-Place: 0
[12.949s][info][gc,reloc    ] GC(42) Medium Pages: 1 / 32M, Empty: 0M, Relocated: 0M, In-Place: 0
[12.949s][info][gc,reloc    ] GC(42) Large Pages: 0 / 0M, Empty: 0M, Relocated: 0M, In-Place: 0
[12.949s][info][gc,reloc    ] GC(42) Forwarding Usage: 0M
[12.949s][info][gc,heap     ] GC(42) Min Capacity: 4096M(100%)
[12.949s][info][gc,heap     ] GC(42) Max Capacity: 4096M(100%)
[12.949s][info][gc,heap     ] GC(42) Soft Max Capacity: 4096M(100%)
[12.949s][info][gc,heap     ] GC(42)                Mark Start          Mark End        Relocate Start      Relocate End           High               Low         
[12.949s][info][gc,heap     ] GC(42)  Capacity:     4096M (100%)       4096M (100%)       4096M (100%)       4096M (100%)       4096M (100%)       4096M (100%)   
[12.950s][info][gc,heap     ] GC(42)      Free:     1406M (34%)        1404M (34%)        1404M (34%)        1404M (34%)        1406M (34%)        1398M (34%)    
[12.950s][info][gc,heap     ] GC(42)      Used:     2690M (66%)        2692M (66%)        2692M (66%)        2692M (66%)        2698M (66%)        2690M (66%)    
[12.950s][info][gc,heap     ] GC(42)      Live:         -              2427M (59%)        2427M (59%)        2427M (59%)            -                  -          
[12.950s][info][gc,heap     ] GC(42) Allocated:         -                 2M (0%)            2M (0%)            2M (0%)             -                  -          
[12.950s][info][gc,heap     ] GC(42)   Garbage:         -               262M (6%)          262M (6%)          262M (6%)             -                  -          
[12.950s][info][gc,heap     ] GC(42) Reclaimed:         -                  -                 0M (0%)            0M (0%)             -                  -          
[12.950s][info][gc          ] GC(42) Garbage Collection (Timer) 2690M(66%)->2692M(66%)
[13.221s][info][gc,start    ] GC(43) Garbage Collection (Timer)
[13.221s][info][gc,task     ] GC(43) Using 3 workers
[13.221s][info][gc,phases   ] GC(43) Pause Mark Start 0.006ms
[13.253s][info][gc,phases   ] GC(43) Concurrent Mark 31.248ms
[13.253s][info][gc,phases   ] GC(43) Pause Mark End 0.009ms
[13.253s][info][gc,phases   ] GC(43) Concurrent Mark Free 0.001ms
[13.253s][info][gc,phases   ] GC(43) Concurrent Process Non-Strong References 0.587ms
[13.254s][info][gc,phases   ] GC(43) Concurrent Reset Relocation Set 0.001ms
[13.256s][info][gc,phases   ] GC(43) Concurrent Select Relocation Set 2.054ms
[13.256s][info][gc,phases   ] GC(43) Pause Relocate Start 0.004ms
[13.259s][info][gc,phases   ] GC(43) Concurrent Relocate 3.040ms
[13.259s][info][gc,load     ] GC(43) Load: 0.00/0.00/0.00
[13.259s][info][gc,mmu      ] GC(43) MMU: 2ms/98.9%, 5ms/99.5%, 10ms/99.7%, 20ms/99.8%, 50ms/99.9%, 100ms/100.0%
[13.259s][info][gc,marking  ] GC(43) Mark: 2 stripe(s), 10 proactive flush(es), 1 terminate flush(es), 0 completion(s), 0 continuation(s) 
[13.259s][info][gc,marking  ] GC(43) Mark Stack Usage: 32M
[13.259s][info][gc,nmethod  ] GC(43) NMethods: 480 registered, 0 unregistered
[13.259s][info][gc,metaspace] GC(43) Metaspace: 1M used, 1M committed, 1088M reserved
[13.259s][info][gc,ref      ] GC(43) Soft: 181 encountered, 0 discovered, 0 enqueued
[13.259s][info][gc,ref      ] GC(43) Weak: 263 encountered, 100 discovered, 0 enqueued
[13.259s][info][gc,ref      ] GC(43) Final: 0 encountered, 0 discovered, 0 enqueued
[13.259s][info][gc,ref      ] GC(43) Phantom: 7 encountered, 3 discovered, 0 enqueued
[13.259s][info][gc,reloc    ] GC(43) Small Pages: 1354 / 2708M, Empty: 0M, Relocated: 1M, In-Place: 0
[13.259s][info][gc,reloc    ] GC(43) Medium Pages: 1 / 32M, Empty: 0M, Relocated: 0M, In-Place: 0
[13.259s][info][gc,reloc    ] GC(43) Large Pages: 0 / 0M, Empty: 0M, Relocated: 0M, In-Place: 0
[13.259s][info][gc,reloc    ] GC(43) Forwarding Usage: 0M
[13.259s][info][gc,heap     ] GC(43) Min Capacity: 4096M(100%)
[13.259s][info][gc,heap     ] GC(43) Max Capacity: 4096M(100%)
[13.259s][info][gc,heap     ] GC(43) Soft Max Capacity: 4096M(100%)
[13.259s][info][gc,heap     ] GC(43)                Mark Start          Mark End        Relocate Start      Relocate End           High               Low         
[13.259s][info][gc,heap     ] GC(43)  Capacity:     4096M (100%)       4096M (100%)       4096M (100%)       4096M (100%)       4096M (100%)       4096M (100%)   
[13.259s][info][gc,heap     ] GC(43)      Free:     1356M (33%)        1356M (33%)        1356M (33%)        1356M (33%)        1356M (33%)        1350M (33%)    
[13.259s][info][gc,heap     ] GC(43)      Used:     2740M (67%)        2740M (67%)        2740M (67%)        2740M (67%)        2746M (67%)        2740M (67%)    
[13.260s][info][gc,heap     ] GC(43)      Live:         -              2472M (60%)        2472M (60%)        2472M (60%)            -                  -          
[13.260s][info][gc,heap     ] GC(43) Allocated:         -                 0M (0%)            0M (0%)            0M (0%)             -                  -          
[13.260s][info][gc,heap     ] GC(43)   Garbage:         -               267M (7%)          267M (7%)          267M (7%)             -                  -          
[13.260s][info][gc,heap     ] GC(43) Reclaimed:         -                  -                 0M (0%)            0M (0%)             -                  -          
[13.260s][info][gc          ] GC(43) Garbage Collection (Timer) 2740M(67%)->2740M(67%)
[13.521s][info][gc,start    ] GC(44) Garbage Collection (Timer)
[13.521s][info][gc,task     ] GC(44) Using 3 workers
[13.521s][info][gc,phases   ] GC(44) Pause Mark Start 0.006ms
[13.538s][info][gc,phases   ] GC(44) Concurrent Mark 17.140ms
[13.538s][info][gc,phases   ] GC(44) Pause Mark End 0.010ms
[13.538s][info][gc,phases   ] GC(44) Concurrent Mark Free 0.001ms
[13.539s][info][gc,phases   ] GC(44) Concurrent Process Non-Strong References 0.857ms
[13.539s][info][gc,phases   ] GC(44) Concurrent Reset Relocation Set 0.001ms
[13.542s][info][gc,phases   ] GC(44) Concurrent Select Relocation Set 2.093ms
[13.542s][info][gc,phases   ] GC(44) Pause Relocate Start 0.005ms
[13.544s][info][gc,phases   ] GC(44) Concurrent Relocate 2.358ms
[13.544s][info][gc,load     ] GC(44) Load: 0.00/0.00/0.00
[13.544s][info][gc,mmu      ] GC(44) MMU: 2ms/98.9%, 5ms/99.5%, 10ms/99.7%, 20ms/99.8%, 50ms/99.9%, 100ms/100.0%
[13.544s][info][gc,marking  ] GC(44) Mark: 2 stripe(s), 1 proactive flush(es), 1 terminate flush(es), 0 completion(s), 0 continuation(s) 
[13.544s][info][gc,marking  ] GC(44) Mark Stack Usage: 32M
[13.544s][info][gc,nmethod  ] GC(44) NMethods: 480 registered, 0 unregistered
[13.544s][info][gc,metaspace] GC(44) Metaspace: 1M used, 1M committed, 1088M reserved
[13.544s][info][gc,ref      ] GC(44) Soft: 181 encountered, 0 discovered, 0 enqueued
[13.544s][info][gc,ref      ] GC(44) Weak: 263 encountered, 82 discovered, 0 enqueued
[13.544s][info][gc,ref      ] GC(44) Final: 0 encountered, 0 discovered, 0 enqueued
[13.544s][info][gc,ref      ] GC(44) Phantom: 7 encountered, 3 discovered, 0 enqueued
[13.544s][info][gc,reloc    ] GC(44) Small Pages: 1354 / 2708M, Empty: 0M, Relocated: 1M, In-Place: 0
[13.544s][info][gc,reloc    ] GC(44) Medium Pages: 1 / 32M, Empty: 0M, Relocated: 0M, In-Place: 0
[13.544s][info][gc,reloc    ] GC(44) Large Pages: 0 / 0M, Empty: 0M, Relocated: 0M, In-Place: 0
[13.544s][info][gc,reloc    ] GC(44) Forwarding Usage: 0M
[13.544s][info][gc,heap     ] GC(44) Min Capacity: 4096M(100%)
[13.544s][info][gc,heap     ] GC(44) Max Capacity: 4096M(100%)
[13.545s][info][gc,heap     ] GC(44) Soft Max Capacity: 4096M(100%)
[13.545s][info][gc,heap     ] GC(44)                Mark Start          Mark End        Relocate Start      Relocate End           High               Low         
[13.545s][info][gc,heap     ] GC(44)  Capacity:     4096M (100%)       4096M (100%)       4096M (100%)       4096M (100%)       4096M (100%)       4096M (100%)   
[13.545s][info][gc,heap     ] GC(44)      Free:     1356M (33%)        1356M (33%)        1356M (33%)        1358M (33%)        1358M (33%)        1354M (33%)    
[13.545s][info][gc,heap     ] GC(44)      Used:     2740M (67%)        2740M (67%)        2740M (67%)        2738M (67%)        2742M (67%)        2738M (67%)    
[13.545s][info][gc,heap     ] GC(44)      Live:         -              2472M (60%)        2472M (60%)        2472M (60%)            -                  -          
[13.545s][info][gc,heap     ] GC(44) Allocated:         -                 0M (0%)            0M (0%)            0M (0%)             -                  -          
[13.545s][info][gc,heap     ] GC(44)   Garbage:         -               267M (7%)          267M (7%)          265M (6%)             -                  -          
[13.545s][info][gc,heap     ] GC(44) Reclaimed:         -                  -                 0M (0%)            2M (0%)             -                  -          
[13.545s][info][gc          ] GC(44) Garbage Collection (Timer) 2740M(67%)->2738M(67%)
[13.821s][info][gc,start    ] GC(45) Garbage Collection (Timer)
[13.821s][info][gc,task     ] GC(45) Using 3 workers
[13.821s][info][gc,phases   ] GC(45) Pause Mark Start 0.006ms
[13.836s][info][gc,phases   ] GC(45) Concurrent Mark 15.060ms
[13.836s][info][gc,phases   ] GC(45) Pause Mark End 0.010ms
[13.837s][info][gc,phases   ] GC(45) Concurrent Mark Free 0.001ms
[13.837s][info][gc,phases   ] GC(45) Concurrent Process Non-Strong References 0.687ms
[13.837s][info][gc,phases   ] GC(45) Concurrent Reset Relocation Set 0.001ms
[13.839s][info][gc,phases   ] GC(45) Concurrent Select Relocation Set 2.071ms
[13.839s][info][gc,phases   ] GC(45) Pause Relocate Start 0.004ms
[13.840s][info][gc,phases   ] GC(45) Concurrent Relocate 0.231ms
[13.840s][info][gc,load     ] GC(45) Load: 0.00/0.00/0.00
[13.840s][info][gc,mmu      ] GC(45) MMU: 2ms/98.9%, 5ms/99.5%, 10ms/99.7%, 20ms/99.8%, 50ms/99.9%, 100ms/100.0%
[13.840s][info][gc,marking  ] GC(45) Mark: 2 stripe(s), 1 proactive flush(es), 1 terminate flush(es), 0 completion(s), 0 continuation(s) 
[13.840s][info][gc,marking  ] GC(45) Mark Stack Usage: 32M
[13.840s][info][gc,nmethod  ] GC(45) NMethods: 480 registered, 0 unregistered
[13.840s][info][gc,metaspace] GC(45) Metaspace: 1M used, 1M committed, 1088M reserved
[13.840s][info][gc,ref      ] GC(45) Soft: 181 encountered, 0 discovered, 0 enqueued
[13.840s][info][gc,ref      ] GC(45) Weak: 263 encountered, 137 discovered, 0 enqueued
[13.840s][info][gc,ref      ] GC(45) Final: 0 encountered, 0 discovered, 0 enqueued
[13.840s][info][gc,ref      ] GC(45) Phantom: 7 encountered, 3 discovered, 0 enqueued
[13.840s][info][gc,reloc    ] GC(45) Small Pages: 1353 / 2706M, Empty: 0M, Relocated: 1M, In-Place: 0
[13.840s][info][gc,reloc    ] GC(45) Medium Pages: 1 / 32M, Empty: 0M, Relocated: 0M, In-Place: 0
[13.840s][info][gc,reloc    ] GC(45) Large Pages: 0 / 0M, Empty: 0M, Relocated: 0M, In-Place: 0
[13.840s][info][gc,reloc    ] GC(45) Forwarding Usage: 0M
[13.840s][info][gc,heap     ] GC(45) Min Capacity: 4096M(100%)
[13.840s][info][gc,heap     ] GC(45) Max Capacity: 4096M(100%)
[13.840s][info][gc,heap     ] GC(45) Soft Max Capacity: 4096M(100%)
[13.840s][info][gc,heap     ] GC(45)                Mark Start          Mark End        Relocate Start      Relocate End           High               Low         
[13.840s][info][gc,heap     ] GC(45)  Capacity:     4096M (100%)       4096M (100%)       4096M (100%)       4096M (100%)       4096M (100%)       4096M (100%)   
[13.840s][info][gc,heap     ] GC(45)      Free:     1358M (33%)        1358M (33%)        1358M (33%)        1358M (33%)        1358M (33%)        1354M (33%)    
[13.840s][info][gc,heap     ] GC(45)      Used:     2738M (67%)        2738M (67%)        2738M (67%)        2738M (67%)        2742M (67%)        2738M (67%)    
[13.840s][info][gc,heap     ] GC(45)      Live:         -              2472M (60%)        2472M (60%)        2472M (60%)            -                  -          
[13.840s][info][gc,heap     ] GC(45) Allocated:         -                 0M (0%)            0M (0%)            0M (0%)             -                  -          
[13.840s][info][gc,heap     ] GC(45)   Garbage:         -               265M (6%)          265M (6%)          265M (6%)             -                  -          
[13.840s][info][gc,heap     ] GC(45) Reclaimed:         -                  -                 0M (0%)            0M (0%)             -                  -          
[13.840s][info][gc          ] GC(45) Garbage Collection (Timer) 2738M(67%)->2738M(67%)
[14.121s][info][gc,start    ] GC(46) Garbage Collection (Timer)
[14.121s][info][gc,task     ] GC(46) Using 3 workers
[14.121s][info][gc,phases   ] GC(46) Pause Mark Start 0.006ms
[14.137s][info][gc,phases   ] GC(46) Concurrent Mark 16.068ms
[14.137s][info][gc,phases   ] GC(46) Pause Mark End 0.009ms
[14.137s][info][gc,phases   ] GC(46) Concurrent Mark Free 0.001ms
[14.138s][info][gc,phases   ] GC(46) Concurrent Process Non-Strong References 0.897ms
[14.138s][info][gc,phases   ] GC(46) Concurrent Reset Relocation Set 0.001ms
[14.140s][info][gc,phases   ] GC(46) Concurrent Select Relocation Set 2.101ms
[14.141s][info][gc,phases   ] GC(46) Pause Relocate Start 0.004ms
[14.141s][info][gc,phases   ] GC(46) Concurrent Relocate 0.218ms
[14.141s][info][gc,load     ] GC(46) Load: 0.00/0.00/0.00
[14.141s][info][gc,mmu      ] GC(46) MMU: 2ms/98.9%, 5ms/99.5%, 10ms/99.7%, 20ms/99.8%, 50ms/99.9%, 100ms/100.0%
[14.141s][info][gc,marking  ] GC(46) Mark: 2 stripe(s), 5 proactive flush(es), 1 terminate flush(es), 0 completion(s), 0 continuation(s) 
[14.141s][info][gc,marking  ] GC(46) Mark Stack Usage: 32M
[14.141s][info][gc,nmethod  ] GC(46) NMethods: 480 registered, 0 unregistered
[14.141s][info][gc,metaspace] GC(46) Metaspace: 1M used, 1M committed, 1088M reserved
[14.141s][info][gc,ref      ] GC(46) Soft: 181 encountered, 0 discovered, 0 enqueued
[14.141s][info][gc,ref      ] GC(46) Weak: 263 encountered, 81 discovered, 0 enqueued
[14.141s][info][gc,ref      ] GC(46) Final: 0 encountered, 0 discovered, 0 enqueued
[14.141s][info][gc,ref      ] GC(46) Phantom: 7 encountered, 3 discovered, 0 enqueued
[14.141s][info][gc,reloc    ] GC(46) Small Pages: 1353 / 2706M, Empty: 0M, Relocated: 1M, In-Place: 0
[14.141s][info][gc,reloc    ] GC(46) Medium Pages: 1 / 32M, Empty: 0M, Relocated: 0M, In-Place: 0
[14.141s][info][gc,reloc    ] GC(46) Large Pages: 0 / 0M, Empty: 0M, Relocated: 0M, In-Place: 0
[14.141s][info][gc,reloc    ] GC(46) Forwarding Usage: 0M
[14.141s][info][gc,heap     ] GC(46) Min Capacity: 4096M(100%)
[14.141s][info][gc,heap     ] GC(46) Max Capacity: 4096M(100%)
[14.141s][info][gc,heap     ] GC(46) Soft Max Capacity: 4096M(100%)
[14.141s][info][gc,heap     ] GC(46)                Mark Start          Mark End        Relocate Start      Relocate End           High               Low         
[14.141s][info][gc,heap     ] GC(46)  Capacity:     4096M (100%)       4096M (100%)       4096M (100%)       4096M (100%)       4096M (100%)       4096M (100%)   
[14.141s][info][gc,heap     ] GC(46)      Free:     1358M (33%)        1358M (33%)        1358M (33%)        1358M (33%)        1358M (33%)        1354M (33%)    
[14.141s][info][gc,heap     ] GC(46)      Used:     2738M (67%)        2738M (67%)        2738M (67%)        2738M (67%)        2742M (67%)        2738M (67%)    
[14.141s][info][gc,heap     ] GC(46)      Live:         -              2472M (60%)        2472M (60%)        2472M (60%)            -                  -          
[14.141s][info][gc,heap     ] GC(46) Allocated:         -                 0M (0%)            0M (0%)            0M (0%)             -                  -          
[14.142s][info][gc,heap     ] GC(46)   Garbage:         -               265M (6%)          265M (6%)          265M (6%)             -                  -          
[14.142s][info][gc,heap     ] GC(46) Reclaimed:         -                  -                 0M (0%)            0M (0%)             -                  -          
[14.142s][info][gc          ] GC(46) Garbage Collection (Timer) 2738M(67%)->2738M(67%)
[14.421s][info][gc,start    ] GC(47) Garbage Collection (Timer)
[14.421s][info][gc,task     ] GC(47) Using 3 workers
[14.421s][info][gc,phases   ] GC(47) Pause Mark Start 0.006ms
[14.438s][info][gc,phases   ] GC(47) Concurrent Mark 16.921ms
[14.438s][info][gc,phases   ] GC(47) Pause Mark End 0.010ms
[14.438s][info][gc,phases   ] GC(47) Concurrent Mark Free 0.001ms
[14.439s][info][gc,phases   ] GC(47) Concurrent Process Non-Strong References 0.687ms
[14.439s][info][gc,phases   ] GC(47) Concurrent Reset Relocation Set 0.001ms
[14.441s][info][gc,phases   ] GC(47) Concurrent Select Relocation Set 2.196ms
[14.441s][info][gc,phases   ] GC(47) Pause Relocate Start 0.004ms
[14.446s][info][gc,phases   ] GC(47) Concurrent Relocate 4.158ms
[14.446s][info][gc,load     ] GC(47) Load: 0.00/0.00/0.00
[14.446s][info][gc,mmu      ] GC(47) MMU: 2ms/98.9%, 5ms/99.5%, 10ms/99.7%, 20ms/99.8%, 50ms/99.9%, 100ms/100.0%
[14.446s][info][gc,marking  ] GC(47) Mark: 2 stripe(s), 2 proactive flush(es), 1 terminate flush(es), 0 completion(s), 0 continuation(s) 
[14.446s][info][gc,marking  ] GC(47) Mark Stack Usage: 32M
[14.446s][info][gc,nmethod  ] GC(47) NMethods: 486 registered, 0 unregistered
[14.446s][info][gc,metaspace] GC(47) Metaspace: 1M used, 1M committed, 1088M reserved
[14.446s][info][gc,ref      ] GC(47) Soft: 181 encountered, 0 discovered, 0 enqueued
[14.446s][info][gc,ref      ] GC(47) Weak: 263 encountered, 128 discovered, 0 enqueued
[14.446s][info][gc,ref      ] GC(47) Final: 0 encountered, 0 discovered, 0 enqueued
[14.446s][info][gc,ref      ] GC(47) Phantom: 7 encountered, 3 discovered, 0 enqueued
[14.446s][info][gc,reloc    ] GC(47) Small Pages: 1372 / 2744M, Empty: 0M, Relocated: 3M, In-Place: 0
[14.446s][info][gc,reloc    ] GC(47) Medium Pages: 1 / 32M, Empty: 0M, Relocated: 0M, In-Place: 0
[14.446s][info][gc,reloc    ] GC(47) Large Pages: 0 / 0M, Empty: 0M, Relocated: 0M, In-Place: 0
[14.446s][info][gc,reloc    ] GC(47) Forwarding Usage: 0M
[14.446s][info][gc,heap     ] GC(47) Min Capacity: 4096M(100%)
[14.446s][info][gc,heap     ] GC(47) Max Capacity: 4096M(100%)
[14.446s][info][gc,heap     ] GC(47) Soft Max Capacity: 4096M(100%)
[14.446s][info][gc,heap     ] GC(47)                Mark Start          Mark End        Relocate Start      Relocate End           High               Low         
[14.446s][info][gc,heap     ] GC(47)  Capacity:     4096M (100%)       4096M (100%)       4096M (100%)       4096M (100%)       4096M (100%)       4096M (100%)   
[14.446s][info][gc,heap     ] GC(47)      Free:     1320M (32%)        1318M (32%)        1316M (32%)        1320M (32%)        1320M (32%)        1310M (32%)    
[14.446s][info][gc,heap     ] GC(47)      Used:     2776M (68%)        2778M (68%)        2780M (68%)        2776M (68%)        2786M (68%)        2776M (68%)    
[14.446s][info][gc,heap     ] GC(47)      Live:         -              2504M (61%)        2504M (61%)        2504M (61%)            -                  -          
[14.446s][info][gc,heap     ] GC(47) Allocated:         -                 2M (0%)            4M (0%)            3M (0%)             -                  -          
[14.446s][info][gc,heap     ] GC(47)   Garbage:         -               271M (7%)          271M (7%)          267M (7%)             -                  -          
[14.446s][info][gc,heap     ] GC(47) Reclaimed:         -                  -                 0M (0%)            3M (0%)             -                  -          
[14.446s][info][gc          ] GC(47) Garbage Collection (Timer) 2776M(68%)->2776M(68%)
[14.722s][info][gc,start    ] GC(48) Garbage Collection (Timer)
[14.722s][info][gc,task     ] GC(48) Using 3 workers
[14.722s][info][gc,phases   ] GC(48) Pause Mark Start 0.006ms
[14.740s][info][gc,phases   ] GC(48) Concurrent Mark 17.876ms
[14.740s][info][gc,phases   ] GC(48) Pause Mark End 0.009ms
[14.740s][info][gc,phases   ] GC(48) Concurrent Mark Free 0.001ms
[14.741s][info][gc,phases   ] GC(48) Concurrent Process Non-Strong References 0.782ms
[14.741s][info][gc,phases   ] GC(48) Concurrent Reset Relocation Set 0.001ms
[14.743s][info][gc,phases   ] GC(48) Concurrent Select Relocation Set 2.247ms
[14.743s][info][gc,phases   ] GC(48) Pause Relocate Start 0.005ms
[14.746s][info][gc,phases   ] GC(48) Concurrent Relocate 2.355ms
[14.746s][info][gc,load     ] GC(48) Load: 0.00/0.00/0.00
[14.746s][info][gc,mmu      ] GC(48) MMU: 2ms/98.9%, 5ms/99.5%, 10ms/99.7%, 20ms/99.8%, 50ms/99.9%, 100ms/100.0%
[14.746s][info][gc,marking  ] GC(48) Mark: 2 stripe(s), 2 proactive flush(es), 1 terminate flush(es), 0 completion(s), 0 continuation(s) 
[14.746s][info][gc,marking  ] GC(48) Mark Stack Usage: 32M
[14.746s][info][gc,nmethod  ] GC(48) NMethods: 486 registered, 0 unregistered
[14.746s][info][gc,metaspace] GC(48) Metaspace: 1M used, 1M committed, 1088M reserved
[14.746s][info][gc,ref      ] GC(48) Soft: 181 encountered, 0 discovered, 0 enqueued
[14.746s][info][gc,ref      ] GC(48) Weak: 263 encountered, 127 discovered, 0 enqueued
[14.746s][info][gc,ref      ] GC(48) Final: 0 encountered, 0 discovered, 0 enqueued
[14.746s][info][gc,ref      ] GC(48) Phantom: 7 encountered, 3 discovered, 0 enqueued
[14.746s][info][gc,reloc    ] GC(48) Small Pages: 1401 / 2802M, Empty: 0M, Relocated: 1M, In-Place: 0
[14.746s][info][gc,reloc    ] GC(48) Medium Pages: 1 / 32M, Empty: 0M, Relocated: 0M, In-Place: 0
[14.746s][info][gc,reloc    ] GC(48) Large Pages: 0 / 0M, Empty: 0M, Relocated: 0M, In-Place: 0
[14.746s][info][gc,reloc    ] GC(48) Forwarding Usage: 0M
[14.746s][info][gc,heap     ] GC(48) Min Capacity: 4096M(100%)
[14.746s][info][gc,heap     ] GC(48) Max Capacity: 4096M(100%)
[14.746s][info][gc,heap     ] GC(48) Soft Max Capacity: 4096M(100%)
[14.746s][info][gc,heap     ] GC(48)                Mark Start          Mark End        Relocate Start      Relocate End           High               Low         
[14.746s][info][gc,heap     ] GC(48)  Capacity:     4096M (100%)       4096M (100%)       4096M (100%)       4096M (100%)       4096M (100%)       4096M (100%)   
[14.747s][info][gc,heap     ] GC(48)      Free:     1262M (31%)        1260M (31%)        1260M (31%)        1260M (31%)        1262M (31%)        1254M (31%)    
[14.747s][info][gc,heap     ] GC(48)      Used:     2834M (69%)        2836M (69%)        2836M (69%)        2836M (69%)        2842M (69%)        2834M (69%)    
[14.747s][info][gc,heap     ] GC(48)      Live:         -              2559M (62%)        2559M (62%)        2559M (62%)            -                  -          
[14.747s][info][gc,heap     ] GC(48) Allocated:         -                 2M (0%)            2M (0%)            2M (0%)             -                  -          
[14.747s][info][gc,heap     ] GC(48)   Garbage:         -               274M (7%)          274M (7%)          274M (7%)             -                  -          
[14.747s][info][gc,heap     ] GC(48) Reclaimed:         -                  -                 0M (0%)            0M (0%)             -                  -          
[14.747s][info][gc          ] GC(48) Garbage Collection (Timer) 2834M(69%)->2836M(69%)
[15.021s][info][gc,start    ] GC(49) Garbage Collection (Timer)
[15.021s][info][gc,task     ] GC(49) Using 3 workers
[15.021s][info][gc,phases   ] GC(49) Pause Mark Start 0.006ms
[15.040s][info][gc,phases   ] GC(49) Concurrent Mark 19.068ms
[15.040s][info][gc,phases   ] GC(49) Pause Mark End 0.009ms
[15.040s][info][gc,phases   ] GC(49) Concurrent Mark Free 0.001ms
[15.041s][info][gc,phases   ] GC(49) Concurrent Process Non-Strong References 0.736ms
[15.041s][info][gc,phases   ] GC(49) Concurrent Reset Relocation Set 0.001ms
[15.044s][info][gc,phases   ] GC(49) Concurrent Select Relocation Set 3.170ms
[15.045s][info][gc,phases   ] GC(49) Pause Relocate Start 0.005ms
[15.047s][info][gc,phases   ] GC(49) Concurrent Relocate 2.259ms
[15.047s][info][gc,load     ] GC(49) Load: 0.00/0.00/0.00
[15.047s][info][gc,mmu      ] GC(49) MMU: 2ms/98.9%, 5ms/99.5%, 10ms/99.7%, 20ms/99.8%, 50ms/99.9%, 100ms/100.0%
[15.047s][info][gc,marking  ] GC(49) Mark: 2 stripe(s), 2 proactive flush(es), 1 terminate flush(es), 0 completion(s), 0 continuation(s) 
[15.047s][info][gc,marking  ] GC(49) Mark Stack Usage: 32M
[15.047s][info][gc,nmethod  ] GC(49) NMethods: 486 registered, 0 unregistered
[15.047s][info][gc,metaspace] GC(49) Metaspace: 1M used, 1M committed, 1088M reserved
[15.047s][info][gc,ref      ] GC(49) Soft: 181 encountered, 0 discovered, 0 enqueued
[15.047s][info][gc,ref      ] GC(49) Weak: 263 encountered, 128 discovered, 0 enqueued
[15.047s][info][gc,ref      ] GC(49) Final: 0 encountered, 0 discovered, 0 enqueued
[15.047s][info][gc,ref      ] GC(49) Phantom: 7 encountered, 3 discovered, 0 enqueued
[15.047s][info][gc,reloc    ] GC(49) Small Pages: 1429 / 2858M, Empty: 0M, Relocated: 1M, In-Place: 0
[15.047s][info][gc,reloc    ] GC(49) Medium Pages: 1 / 32M, Empty: 0M, Relocated: 0M, In-Place: 0
[15.047s][info][gc,reloc    ] GC(49) Large Pages: 0 / 0M, Empty: 0M, Relocated: 0M, In-Place: 0
[15.047s][info][gc,reloc    ] GC(49) Forwarding Usage: 0M
[15.047s][info][gc,heap     ] GC(49) Min Capacity: 4096M(100%)
[15.047s][info][gc,heap     ] GC(49) Max Capacity: 4096M(100%)
[15.047s][info][gc,heap     ] GC(49) Soft Max Capacity: 4096M(100%)
[15.047s][info][gc,heap     ] GC(49)                Mark Start          Mark End        Relocate Start      Relocate End           High               Low         
[15.047s][info][gc,heap     ] GC(49)  Capacity:     4096M (100%)       4096M (100%)       4096M (100%)       4096M (100%)       4096M (100%)       4096M (100%)   
[15.047s][info][gc,heap     ] GC(49)      Free:     1206M (29%)        1204M (29%)        1204M (29%)        1204M (29%)        1206M (29%)        1198M (29%)    
[15.047s][info][gc,heap     ] GC(49)      Used:     2890M (71%)        2892M (71%)        2892M (71%)        2892M (71%)        2898M (71%)        2890M (71%)    
[15.048s][info][gc,heap     ] GC(49)      Live:         -              2609M (64%)        2609M (64%)        2609M (64%)            -                  -          
[15.048s][info][gc,heap     ] GC(49) Allocated:         -                 2M (0%)            2M (0%)            2M (0%)             -                  -          
[15.048s][info][gc,heap     ] GC(49)   Garbage:         -               280M (7%)          280M (7%)          280M (7%)             -                  -          
[15.048s][info][gc,heap     ] GC(49) Reclaimed:         -                  -                 0M (0%)            0M (0%)             -                  -          
[15.048s][info][gc          ] GC(49) Garbage Collection (Timer) 2890M(71%)->2892M(71%)
[15.321s][info][gc,start    ] GC(50) Garbage Collection (Timer)
[15.321s][info][gc,task     ] GC(50) Using 3 workers
[15.321s][info][gc,phases   ] GC(50) Pause Mark Start 0.006ms
[15.341s][info][gc,phases   ] GC(50) Concurrent Mark 19.349ms
[15.341s][info][gc,phases   ] GC(50) Pause Mark End 0.009ms
[15.341s][info][gc,phases   ] GC(50) Concurrent Mark Free 0.001ms
[15.342s][info][gc,phases   ] GC(50) Concurrent Process Non-Strong References 0.657ms
[15.342s][info][gc,phases   ] GC(50) Concurrent Reset Relocation Set 0.001ms
[15.344s][info][gc,phases   ] GC(50) Concurrent Select Relocation Set 2.197ms
[15.344s][info][gc,phases   ] GC(50) Pause Relocate Start 0.005ms
[15.348s][info][gc,phases   ] GC(50) Concurrent Relocate 3.914ms
[15.348s][info][gc,load     ] GC(50) Load: 0.00/0.00/0.00
[15.348s][info][gc,mmu      ] GC(50) MMU: 2ms/98.9%, 5ms/99.5%, 10ms/99.7%, 20ms/99.8%, 50ms/99.9%, 100ms/100.0%
[15.348s][info][gc,marking  ] GC(50) Mark: 2 stripe(s), 2 proactive flush(es), 1 terminate flush(es), 0 completion(s), 0 continuation(s) 
[15.348s][info][gc,marking  ] GC(50) Mark Stack Usage: 32M
[15.348s][info][gc,nmethod  ] GC(50) NMethods: 486 registered, 0 unregistered
[15.348s][info][gc,metaspace] GC(50) Metaspace: 1M used, 1M committed, 1088M reserved
[15.348s][info][gc,ref      ] GC(50) Soft: 181 encountered, 0 discovered, 0 enqueued
[15.348s][info][gc,ref      ] GC(50) Weak: 263 encountered, 128 discovered, 0 enqueued
[15.349s][info][gc,ref      ] GC(50) Final: 0 encountered, 0 discovered, 0 enqueued
[15.349s][info][gc,ref      ] GC(50) Phantom: 7 encountered, 3 discovered, 0 enqueued
[15.349s][info][gc,reloc    ] GC(50) Small Pages: 1458 / 2916M, Empty: 0M, Relocated: 2M, In-Place: 0
[15.349s][info][gc,reloc    ] GC(50) Medium Pages: 1 / 32M, Empty: 0M, Relocated: 0M, In-Place: 0
[15.349s][info][gc,reloc    ] GC(50) Large Pages: 0 / 0M, Empty: 0M, Relocated: 0M, In-Place: 0
[15.349s][info][gc,reloc    ] GC(50) Forwarding Usage: 0M
[15.349s][info][gc,heap     ] GC(50) Min Capacity: 4096M(100%)
[15.349s][info][gc,heap     ] GC(50) Max Capacity: 4096M(100%)
[15.349s][info][gc,heap     ] GC(50) Soft Max Capacity: 4096M(100%)
[15.349s][info][gc,heap     ] GC(50)                Mark Start          Mark End        Relocate Start      Relocate End           High               Low         
[15.349s][info][gc,heap     ] GC(50)  Capacity:     4096M (100%)       4096M (100%)       4096M (100%)       4096M (100%)       4096M (100%)       4096M (100%)   
[15.349s][info][gc,heap     ] GC(50)      Free:     1148M (28%)        1146M (28%)        1146M (28%)        1150M (28%)        1150M (28%)        1140M (28%)    
[15.349s][info][gc,heap     ] GC(50)      Used:     2948M (72%)        2950M (72%)        2950M (72%)        2946M (72%)        2956M (72%)        2946M (72%)    
[15.349s][info][gc,heap     ] GC(50)      Live:         -              2661M (65%)        2661M (65%)        2661M (65%)            -                  -          
[15.349s][info][gc,heap     ] GC(50) Allocated:         -                 2M (0%)            2M (0%)            2M (0%)             -                  -          
[15.349s][info][gc,heap     ] GC(50)   Garbage:         -               286M (7%)          286M (7%)          282M (7%)             -                  -          
[15.349s][info][gc,heap     ] GC(50) Reclaimed:         -                  -                 0M (0%)            4M (0%)             -                  -          
[15.349s][info][gc          ] GC(50) Garbage Collection (Timer) 2948M(72%)->2946M(72%)
[15.622s][info][gc,start    ] GC(51) Garbage Collection (Timer)
[15.622s][info][gc,task     ] GC(51) Using 3 workers
[15.622s][info][gc,phases   ] GC(51) Pause Mark Start 0.006ms
[15.643s][info][gc,phases   ] GC(51) Concurrent Mark 20.796ms
[15.643s][info][gc,phases   ] GC(51) Pause Mark End 0.009ms
[15.643s][info][gc,phases   ] GC(51) Concurrent Mark Free 0.001ms
[15.644s][info][gc,phases   ] GC(51) Concurrent Process Non-Strong References 0.639ms
[15.644s][info][gc,phases   ] GC(51) Concurrent Reset Relocation Set 0.001ms
[15.646s][info][gc,phases   ] GC(51) Concurrent Select Relocation Set 2.375ms
[15.646s][info][gc,phases   ] GC(51) Pause Relocate Start 0.006ms
[15.650s][info][gc,phases   ] GC(51) Concurrent Relocate 3.857ms
[15.650s][info][gc,load     ] GC(51) Load: 0.00/0.00/0.00
[15.650s][info][gc,mmu      ] GC(51) MMU: 2ms/98.9%, 5ms/99.5%, 10ms/99.7%, 20ms/99.8%, 50ms/99.9%, 100ms/100.0%
[15.650s][info][gc,marking  ] GC(51) Mark: 2 stripe(s), 2 proactive flush(es), 1 terminate flush(es), 0 completion(s), 0 continuation(s) 
[15.650s][info][gc,marking  ] GC(51) Mark Stack Usage: 32M
[15.650s][info][gc,nmethod  ] GC(51) NMethods: 486 registered, 0 unregistered
[15.650s][info][gc,metaspace] GC(51) Metaspace: 1M used, 1M committed, 1088M reserved
[15.650s][info][gc,ref      ] GC(51) Soft: 181 encountered, 0 discovered, 0 enqueued
[15.650s][info][gc,ref      ] GC(51) Weak: 263 encountered, 97 discovered, 0 enqueued
[15.650s][info][gc,ref      ] GC(51) Final: 0 encountered, 0 discovered, 0 enqueued
[15.650s][info][gc,ref      ] GC(51) Phantom: 7 encountered, 3 discovered, 0 enqueued
[15.650s][info][gc,reloc    ] GC(51) Small Pages: 1494 / 2988M, Empty: 0M, Relocated: 3M, In-Place: 0
[15.650s][info][gc,reloc    ] GC(51) Medium Pages: 1 / 32M, Empty: 0M, Relocated: 0M, In-Place: 0
[15.650s][info][gc,reloc    ] GC(51) Large Pages: 0 / 0M, Empty: 0M, Relocated: 0M, In-Place: 0
[15.650s][info][gc,reloc    ] GC(51) Forwarding Usage: 0M
[15.650s][info][gc,heap     ] GC(51) Min Capacity: 4096M(100%)
[15.651s][info][gc,heap     ] GC(51) Max Capacity: 4096M(100%)
[15.651s][info][gc,heap     ] GC(51) Soft Max Capacity: 4096M(100%)
[15.651s][info][gc,heap     ] GC(51)                Mark Start          Mark End        Relocate Start      Relocate End           High               Low         
[15.651s][info][gc,heap     ] GC(51)  Capacity:     4096M (100%)       4096M (100%)       4096M (100%)       4096M (100%)       4096M (100%)       4096M (100%)   
[15.651s][info][gc,heap     ] GC(51)      Free:     1076M (26%)        1074M (26%)        1074M (26%)        1076M (26%)        1076M (26%)        1068M (26%)    
[15.651s][info][gc,heap     ] GC(51)      Used:     3020M (74%)        3022M (74%)        3022M (74%)        3020M (74%)        3028M (74%)        3020M (74%)    
[15.651s][info][gc,heap     ] GC(51)      Live:         -              2728M (67%)        2728M (67%)        2728M (67%)            -                  -          
[15.651s][info][gc,heap     ] GC(51) Allocated:         -                 2M (0%)            2M (0%)            2M (0%)             -                  -          
[15.651s][info][gc,heap     ] GC(51)   Garbage:         -               291M (7%)          291M (7%)          289M (7%)             -                  -          
[15.651s][info][gc,heap     ] GC(51) Reclaimed:         -                  -                 0M (0%)            2M (0%)             -                  -          
[15.651s][info][gc          ] GC(51) Garbage Collection (Timer) 3020M(74%)->3020M(74%)
[15.922s][info][gc,start    ] GC(52) Garbage Collection (Timer)
[15.922s][info][gc,task     ] GC(52) Using 3 workers
[15.922s][info][gc,phases   ] GC(52) Pause Mark Start 0.006ms
[15.943s][info][gc,phases   ] GC(52) Concurrent Mark 21.226ms
[15.943s][info][gc,phases   ] GC(52) Pause Mark End 0.009ms
[15.943s][info][gc,phases   ] GC(52) Concurrent Mark Free 0.001ms
[15.944s][info][gc,phases   ] GC(52) Concurrent Process Non-Strong References 0.805ms
[15.944s][info][gc,phases   ] GC(52) Concurrent Reset Relocation Set 0.001ms
[15.947s][info][gc,phases   ] GC(52) Concurrent Select Relocation Set 2.387ms
[15.947s][info][gc,phases   ] GC(52) Pause Relocate Start 0.006ms
[15.947s][info][gc,phases   ] GC(52) Concurrent Relocate 0.539ms
[15.947s][info][gc,load     ] GC(52) Load: 0.00/0.00/0.00
[15.947s][info][gc,mmu      ] GC(52) MMU: 2ms/98.9%, 5ms/99.5%, 10ms/99.7%, 20ms/99.8%, 50ms/99.9%, 100ms/100.0%
[15.947s][info][gc,marking  ] GC(52) Mark: 2 stripe(s), 2 proactive flush(es), 1 terminate flush(es), 0 completion(s), 0 continuation(s) 
[15.948s][info][gc,marking  ] GC(52) Mark Stack Usage: 32M
[15.948s][info][gc,nmethod  ] GC(52) NMethods: 487 registered, 0 unregistered
[15.948s][info][gc,metaspace] GC(52) Metaspace: 1M used, 1M committed, 1088M reserved
[15.948s][info][gc,ref      ] GC(52) Soft: 181 encountered, 0 discovered, 0 enqueued
[15.948s][info][gc,ref      ] GC(52) Weak: 263 encountered, 121 discovered, 0 enqueued
[15.948s][info][gc,ref      ] GC(52) Final: 0 encountered, 0 discovered, 0 enqueued
[15.948s][info][gc,ref      ] GC(52) Phantom: 7 encountered, 3 discovered, 0 enqueued
[15.948s][info][gc,reloc    ] GC(52) Small Pages: 1529 / 3058M, Empty: 0M, Relocated: 1M, In-Place: 0
[15.948s][info][gc,reloc    ] GC(52) Medium Pages: 1 / 32M, Empty: 0M, Relocated: 0M, In-Place: 0
[15.948s][info][gc,reloc    ] GC(52) Large Pages: 0 / 0M, Empty: 0M, Relocated: 0M, In-Place: 0
[15.948s][info][gc,reloc    ] GC(52) Forwarding Usage: 0M
[15.948s][info][gc,heap     ] GC(52) Min Capacity: 4096M(100%)
[15.948s][info][gc,heap     ] GC(52) Max Capacity: 4096M(100%)
[15.948s][info][gc,heap     ] GC(52) Soft Max Capacity: 4096M(100%)
[15.948s][info][gc,heap     ] GC(52)                Mark Start          Mark End        Relocate Start      Relocate End           High               Low         
[15.948s][info][gc,heap     ] GC(52)  Capacity:     4096M (100%)       4096M (100%)       4096M (100%)       4096M (100%)       4096M (100%)       4096M (100%)   
[15.948s][info][gc,heap     ] GC(52)      Free:     1006M (25%)        1004M (25%)        1004M (25%)        1004M (25%)        1006M (25%)        1000M (24%)    
[15.948s][info][gc,heap     ] GC(52)      Used:     3090M (75%)        3092M (75%)        3092M (75%)        3092M (75%)        3096M (76%)        3090M (75%)    
[15.948s][info][gc,heap     ] GC(52)      Live:         -              2793M (68%)        2793M (68%)        2793M (68%)            -                  -          
[15.948s][info][gc,heap     ] GC(52) Allocated:         -                 2M (0%)            2M (0%)            2M (0%)             -                  -          
[15.948s][info][gc,heap     ] GC(52)   Garbage:         -               296M (7%)          296M (7%)          296M (7%)             -                  -          
[15.948s][info][gc,heap     ] GC(52) Reclaimed:         -                  -                 0M (0%)            0M (0%)             -                  -          
[15.948s][info][gc          ] GC(52) Garbage Collection (Timer) 3090M(75%)->3092M(75%)
[16.221s][info][gc,start    ] GC(53) Garbage Collection (Timer)
[16.221s][info][gc,task     ] GC(53) Using 3 workers
[16.221s][info][gc,phases   ] GC(53) Pause Mark Start 0.006ms
[16.241s][info][gc,phases   ] GC(53) Concurrent Mark 19.860ms
[16.241s][info][gc,phases   ] GC(53) Pause Mark End 0.009ms
[16.241s][info][gc,phases   ] GC(53) Concurrent Mark Free 0.001ms
[16.242s][info][gc,phases   ] GC(53) Concurrent Process Non-Strong References 0.867ms
[16.242s][info][gc,phases   ] GC(53) Concurrent Reset Relocation Set 0.001ms
[16.245s][info][gc,phases   ] GC(53) Concurrent Select Relocation Set 2.249ms
[16.245s][info][gc,phases   ] GC(53) Pause Relocate Start 0.006ms
[16.247s][info][gc,phases   ] GC(53) Concurrent Relocate 1.764ms
[16.247s][info][gc,load     ] GC(53) Load: 0.00/0.00/0.00
[16.247s][info][gc,mmu      ] GC(53) MMU: 2ms/98.9%, 5ms/99.5%, 10ms/99.7%, 20ms/99.8%, 50ms/99.9%, 100ms/100.0%
[16.247s][info][gc,marking  ] GC(53) Mark: 2 stripe(s), 2 proactive flush(es), 1 terminate flush(es), 0 completion(s), 0 continuation(s) 
[16.247s][info][gc,marking  ] GC(53) Mark Stack Usage: 32M
[16.247s][info][gc,nmethod  ] GC(53) NMethods: 487 registered, 0 unregistered
[16.247s][info][gc,metaspace] GC(53) Metaspace: 1M used, 1M committed, 1088M reserved
[16.247s][info][gc,ref      ] GC(53) Soft: 181 encountered, 0 discovered, 0 enqueued
[16.247s][info][gc,ref      ] GC(53) Weak: 263 encountered, 128 discovered, 0 enqueued
[16.247s][info][gc,ref      ] GC(53) Final: 0 encountered, 0 discovered, 0 enqueued
[16.247s][info][gc,ref      ] GC(53) Phantom: 7 encountered, 3 discovered, 0 enqueued
[16.247s][info][gc,reloc    ] GC(53) Small Pages: 1565 / 3130M, Empty: 0M, Relocated: 1M, In-Place: 0
[16.247s][info][gc,reloc    ] GC(53) Medium Pages: 1 / 32M, Empty: 0M, Relocated: 0M, In-Place: 0
[16.247s][info][gc,reloc    ] GC(53) Large Pages: 0 / 0M, Empty: 0M, Relocated: 0M, In-Place: 0
[16.247s][info][gc,reloc    ] GC(53) Forwarding Usage: 0M
[16.247s][info][gc,heap     ] GC(53) Min Capacity: 4096M(100%)
[16.247s][info][gc,heap     ] GC(53) Max Capacity: 4096M(100%)
[16.247s][info][gc,heap     ] GC(53) Soft Max Capacity: 4096M(100%)
[16.247s][info][gc,heap     ] GC(53)                Mark Start          Mark End        Relocate Start      Relocate End           High               Low         
[16.247s][info][gc,heap     ] GC(53)  Capacity:     4096M (100%)       4096M (100%)       4096M (100%)       4096M (100%)       4096M (100%)       4096M (100%)   
[16.247s][info][gc,heap     ] GC(53)      Free:      934M (23%)         932M (23%)         932M (23%)         932M (23%)         934M (23%)         928M (23%)    
[16.248s][info][gc,heap     ] GC(53)      Used:     3162M (77%)        3164M (77%)        3164M (77%)        3164M (77%)        3168M (77%)        3162M (77%)    
[16.248s][info][gc,heap     ] GC(53)      Live:         -              2859M (70%)        2859M (70%)        2859M (70%)            -                  -          
[16.248s][info][gc,heap     ] GC(53) Allocated:         -                 2M (0%)            2M (0%)            2M (0%)             -                  -          
[16.248s][info][gc,heap     ] GC(53)   Garbage:         -               302M (7%)          302M (7%)          302M (7%)             -                  -          
[16.248s][info][gc,heap     ] GC(53) Reclaimed:         -                  -                 0M (0%)            0M (0%)             -                  -          
[16.248s][info][gc          ] GC(53) Garbage Collection (Timer) 3162M(77%)->3164M(77%)
[16.521s][info][gc,start    ] GC(54) Garbage Collection (Timer)
[16.521s][info][gc,task     ] GC(54) Using 3 workers
[16.521s][info][gc,phases   ] GC(54) Pause Mark Start 0.006ms
[16.541s][info][gc,phases   ] GC(54) Concurrent Mark 19.822ms
[16.541s][info][gc,phases   ] GC(54) Pause Mark End 0.009ms
[16.541s][info][gc,phases   ] GC(54) Concurrent Mark Free 0.001ms
[16.542s][info][gc,phases   ] GC(54) Concurrent Process Non-Strong References 0.640ms
[16.542s][info][gc,phases   ] GC(54) Concurrent Reset Relocation Set 0.001ms
[16.544s][info][gc,phases   ] GC(54) Concurrent Select Relocation Set 2.201ms
[16.545s][info][gc,phases   ] GC(54) Pause Relocate Start 0.005ms
[16.547s][info][gc,phases   ] GC(54) Concurrent Relocate 1.759ms
[16.547s][info][gc,load     ] GC(54) Load: 0.00/0.00/0.00
[16.547s][info][gc,mmu      ] GC(54) MMU: 2ms/98.9%, 5ms/99.5%, 10ms/99.7%, 20ms/99.8%, 50ms/99.9%, 100ms/100.0%
[16.547s][info][gc,marking  ] GC(54) Mark: 2 stripe(s), 2 proactive flush(es), 1 terminate flush(es), 0 completion(s), 0 continuation(s) 
[16.547s][info][gc,marking  ] GC(54) Mark Stack Usage: 32M
[16.547s][info][gc,nmethod  ] GC(54) NMethods: 487 registered, 0 unregistered
[16.547s][info][gc,metaspace] GC(54) Metaspace: 1M used, 1M committed, 1088M reserved
[16.547s][info][gc,ref      ] GC(54) Soft: 181 encountered, 0 discovered, 0 enqueued
[16.547s][info][gc,ref      ] GC(54) Weak: 263 encountered, 129 discovered, 0 enqueued
[16.547s][info][gc,ref      ] GC(54) Final: 0 encountered, 0 discovered, 0 enqueued
[16.547s][info][gc,ref      ] GC(54) Phantom: 7 encountered, 3 discovered, 0 enqueued
[16.547s][info][gc,reloc    ] GC(54) Small Pages: 1601 / 3202M, Empty: 0M, Relocated: 1M, In-Place: 0
[16.547s][info][gc,reloc    ] GC(54) Medium Pages: 1 / 32M, Empty: 0M, Relocated: 0M, In-Place: 0
[16.547s][info][gc,reloc    ] GC(54) Large Pages: 0 / 0M, Empty: 0M, Relocated: 0M, In-Place: 0
[16.547s][info][gc,reloc    ] GC(54) Forwarding Usage: 0M
[16.547s][info][gc,heap     ] GC(54) Min Capacity: 4096M(100%)
[16.547s][info][gc,heap     ] GC(54) Max Capacity: 4096M(100%)
[16.547s][info][gc,heap     ] GC(54) Soft Max Capacity: 4096M(100%)
[16.547s][info][gc,heap     ] GC(54)                Mark Start          Mark End        Relocate Start      Relocate End           High               Low         
[16.547s][info][gc,heap     ] GC(54)  Capacity:     4096M (100%)       4096M (100%)       4096M (100%)       4096M (100%)       4096M (100%)       4096M (100%)   
[16.547s][info][gc,heap     ] GC(54)      Free:      862M (21%)         860M (21%)         860M (21%)         860M (21%)         862M (21%)         854M (21%)    
[16.547s][info][gc,heap     ] GC(54)      Used:     3234M (79%)        3236M (79%)        3236M (79%)        3236M (79%)        3242M (79%)        3234M (79%)    
[16.547s][info][gc,heap     ] GC(54)      Live:         -              2923M (71%)        2923M (71%)        2923M (71%)            -                  -          
[16.547s][info][gc,heap     ] GC(54) Allocated:         -                 2M (0%)            2M (0%)            2M (0%)             -                  -          
[16.547s][info][gc,heap     ] GC(54)   Garbage:         -               310M (8%)          310M (8%)          310M (8%)             -                  -          
[16.547s][info][gc,heap     ] GC(54) Reclaimed:         -                  -                 0M (0%)            0M (0%)             -                  -          
[16.547s][info][gc          ] GC(54) Garbage Collection (Timer) 3234M(79%)->3236M(79%)
[16.821s][info][gc,start    ] GC(55) Garbage Collection (Timer)
[16.821s][info][gc,task     ] GC(55) Using 3 workers
[16.821s][info][gc,phases   ] GC(55) Pause Mark Start 0.006ms
[16.842s][info][gc,phases   ] GC(55) Concurrent Mark 20.563ms
[16.842s][info][gc,phases   ] GC(55) Pause Mark End 0.009ms
[16.842s][info][gc,phases   ] GC(55) Concurrent Mark Free 0.001ms
[16.843s][info][gc,phases   ] GC(55) Concurrent Process Non-Strong References 0.708ms
[16.843s][info][gc,phases   ] GC(55) Concurrent Reset Relocation Set 0.001ms
[16.845s][info][gc,phases   ] GC(55) Concurrent Select Relocation Set 2.212ms
[16.845s][info][gc,phases   ] GC(55) Pause Relocate Start 0.004ms
[16.847s][info][gc,phases   ] GC(55) Concurrent Relocate 1.850ms
[16.847s][info][gc,load     ] GC(55) Load: 0.00/0.00/0.00
[16.847s][info][gc,mmu      ] GC(55) MMU: 2ms/98.9%, 5ms/99.5%, 10ms/99.7%, 20ms/99.8%, 50ms/99.9%, 100ms/100.0%
[16.847s][info][gc,marking  ] GC(55) Mark: 2 stripe(s), 2 proactive flush(es), 1 terminate flush(es), 0 completion(s), 0 continuation(s) 
[16.847s][info][gc,marking  ] GC(55) Mark Stack Usage: 32M
[16.847s][info][gc,nmethod  ] GC(55) NMethods: 487 registered, 0 unregistered
[16.847s][info][gc,metaspace] GC(55) Metaspace: 1M used, 1M committed, 1088M reserved
[16.847s][info][gc,ref      ] GC(55) Soft: 181 encountered, 0 discovered, 0 enqueued
[16.847s][info][gc,ref      ] GC(55) Weak: 263 encountered, 128 discovered, 0 enqueued
[16.847s][info][gc,ref      ] GC(55) Final: 0 encountered, 0 discovered, 0 enqueued
[16.847s][info][gc,ref      ] GC(55) Phantom: 7 encountered, 3 discovered, 0 enqueued
[16.847s][info][gc,reloc    ] GC(55) Small Pages: 1633 / 3266M, Empty: 0M, Relocated: 1M, In-Place: 0
[16.847s][info][gc,reloc    ] GC(55) Medium Pages: 2 / 64M, Empty: 32M, Relocated: 0M, In-Place: 0
[16.848s][info][gc,reloc    ] GC(55) Large Pages: 0 / 0M, Empty: 0M, Relocated: 0M, In-Place: 0
[16.848s][info][gc,reloc    ] GC(55) Forwarding Usage: 0M
[16.848s][info][gc,heap     ] GC(55) Min Capacity: 4096M(100%)
[16.848s][info][gc,heap     ] GC(55) Max Capacity: 4096M(100%)
[16.848s][info][gc,heap     ] GC(55) Soft Max Capacity: 4096M(100%)
[16.848s][info][gc,heap     ] GC(55)                Mark Start          Mark End        Relocate Start      Relocate End           High               Low         
[16.848s][info][gc,heap     ] GC(55)  Capacity:     4096M (100%)       4096M (100%)       4096M (100%)       4096M (100%)       4096M (100%)       4096M (100%)   
[16.848s][info][gc,heap     ] GC(55)      Free:      766M (19%)         764M (19%)         796M (19%)         796M (19%)         796M (19%)         764M (19%)    
[16.848s][info][gc,heap     ] GC(55)      Used:     3330M (81%)        3332M (81%)        3300M (81%)        3300M (81%)        3332M (81%)        3300M (81%)    
[16.848s][info][gc,heap     ] GC(55)      Live:         -              2982M (73%)        2982M (73%)        2982M (73%)            -                  -          
[16.848s][info][gc,heap     ] GC(55) Allocated:         -                 2M (0%)            2M (0%)            2M (0%)             -                  -          
[16.848s][info][gc,heap     ] GC(55)   Garbage:         -               347M (8%)          315M (8%)          315M (8%)             -                  -          
[16.848s][info][gc,heap     ] GC(55) Reclaimed:         -                  -                32M (1%)           32M (1%)             -                  -          
[16.848s][info][gc          ] GC(55) Garbage Collection (Timer) 3330M(81%)->3300M(81%)
[17.122s][info][gc,start    ] GC(56) Garbage Collection (Timer)
[17.122s][info][gc,task     ] GC(56) Using 3 workers
[17.122s][info][gc,phases   ] GC(56) Pause Mark Start 0.006ms
[17.144s][info][gc,phases   ] GC(56) Concurrent Mark 22.358ms
[17.144s][info][gc,phases   ] GC(56) Pause Mark End 0.009ms
[17.145s][info][gc,phases   ] GC(56) Concurrent Mark Free 0.001ms
[17.145s][info][gc,phases   ] GC(56) Concurrent Process Non-Strong References 0.539ms
[17.145s][info][gc,phases   ] GC(56) Concurrent Reset Relocation Set 0.001ms
[17.147s][info][gc,phases   ] GC(56) Concurrent Select Relocation Set 2.284ms
[17.148s][info][gc,phases   ] GC(56) Pause Relocate Start 0.005ms
[17.151s][info][gc,phases   ] GC(56) Concurrent Relocate 3.855ms
[17.152s][info][gc,load     ] GC(56) Load: 0.00/0.00/0.00
[17.152s][info][gc,mmu      ] GC(56) MMU: 2ms/98.9%, 5ms/99.5%, 10ms/99.7%, 20ms/99.8%, 50ms/99.9%, 100ms/100.0%
[17.152s][info][gc,marking  ] GC(56) Mark: 2 stripe(s), 2 proactive flush(es), 1 terminate flush(es), 0 completion(s), 0 continuation(s) 
[17.152s][info][gc,marking  ] GC(56) Mark Stack Usage: 32M
[17.152s][info][gc,nmethod  ] GC(56) NMethods: 487 registered, 0 unregistered
[17.152s][info][gc,metaspace] GC(56) Metaspace: 1M used, 1M committed, 1088M reserved
[17.152s][info][gc,ref      ] GC(56) Soft: 181 encountered, 0 discovered, 0 enqueued
[17.152s][info][gc,ref      ] GC(56) Weak: 263 encountered, 153 discovered, 0 enqueued
[17.152s][info][gc,ref      ] GC(56) Final: 0 encountered, 0 discovered, 0 enqueued
[17.152s][info][gc,ref      ] GC(56) Phantom: 7 encountered, 3 discovered, 0 enqueued
[17.152s][info][gc,reloc    ] GC(56) Small Pages: 1661 / 3322M, Empty: 0M, Relocated: 2M, In-Place: 0
[17.152s][info][gc,reloc    ] GC(56) Medium Pages: 1 / 32M, Empty: 0M, Relocated: 0M, In-Place: 0
[17.152s][info][gc,reloc    ] GC(56) Large Pages: 0 / 0M, Empty: 0M, Relocated: 0M, In-Place: 0
[17.152s][info][gc,reloc    ] GC(56) Forwarding Usage: 0M
[17.152s][info][gc,heap     ] GC(56) Min Capacity: 4096M(100%)
[17.152s][info][gc,heap     ] GC(56) Max Capacity: 4096M(100%)
[17.152s][info][gc,heap     ] GC(56) Soft Max Capacity: 4096M(100%)
[17.152s][info][gc,heap     ] GC(56)                Mark Start          Mark End        Relocate Start      Relocate End           High               Low         
[17.152s][info][gc,heap     ] GC(56)  Capacity:     4096M (100%)       4096M (100%)       4096M (100%)       4096M (100%)       4096M (100%)       4096M (100%)   
[17.152s][info][gc,heap     ] GC(56)      Free:      742M (18%)         740M (18%)         740M (18%)         744M (18%)         744M (18%)         734M (18%)    
[17.152s][info][gc,heap     ] GC(56)      Used:     3354M (82%)        3356M (82%)        3356M (82%)        3352M (82%)        3362M (82%)        3352M (82%)    
[17.152s][info][gc,heap     ] GC(56)      Live:         -              3032M (74%)        3032M (74%)        3032M (74%)            -                  -          
[17.152s][info][gc,heap     ] GC(56) Allocated:         -                 2M (0%)            2M (0%)            1M (0%)             -                  -          
[17.152s][info][gc,heap     ] GC(56)   Garbage:         -               321M (8%)          321M (8%)          317M (8%)             -                  -          
[17.152s][info][gc,heap     ] GC(56) Reclaimed:         -                  -                 0M (0%)            3M (0%)             -                  -          
[17.152s][info][gc          ] GC(56) Garbage Collection (Timer) 3354M(82%)->3352M(82%)
[17.421s][info][gc,start    ] GC(57) Garbage Collection (Timer)
[17.421s][info][gc,task     ] GC(57) Using 3 workers
[17.421s][info][gc,phases   ] GC(57) Pause Mark Start 0.006ms
[17.445s][info][gc,phases   ] GC(57) Concurrent Mark 23.706ms
[17.445s][info][gc,phases   ] GC(57) Pause Mark End 0.009ms
[17.445s][info][gc,phases   ] GC(57) Concurrent Mark Free 0.001ms
[17.446s][info][gc,phases   ] GC(57) Concurrent Process Non-Strong References 0.839ms
[17.446s][info][gc,phases   ] GC(57) Concurrent Reset Relocation Set 0.001ms
[17.448s][info][gc,phases   ] GC(57) Concurrent Select Relocation Set 2.141ms
[17.448s][info][gc,phases   ] GC(57) Pause Relocate Start 0.004ms
[17.451s][info][gc,phases   ] GC(57) Concurrent Relocate 3.127ms
[17.451s][info][gc,load     ] GC(57) Load: 0.00/0.00/0.00
[17.451s][info][gc,mmu      ] GC(57) MMU: 2ms/98.9%, 5ms/99.5%, 10ms/99.7%, 20ms/99.8%, 50ms/99.9%, 100ms/100.0%
[17.451s][info][gc,marking  ] GC(57) Mark: 2 stripe(s), 1 proactive flush(es), 1 terminate flush(es), 0 completion(s), 0 continuation(s) 
[17.451s][info][gc,marking  ] GC(57) Mark Stack Usage: 32M
[17.451s][info][gc,nmethod  ] GC(57) NMethods: 487 registered, 0 unregistered
[17.451s][info][gc,metaspace] GC(57) Metaspace: 1M used, 1M committed, 1088M reserved
[17.451s][info][gc,ref      ] GC(57) Soft: 181 encountered, 0 discovered, 0 enqueued
[17.451s][info][gc,ref      ] GC(57) Weak: 263 encountered, 73 discovered, 0 enqueued
[17.452s][info][gc,ref      ] GC(57) Final: 0 encountered, 0 discovered, 0 enqueued
[17.452s][info][gc,ref      ] GC(57) Phantom: 7 encountered, 3 discovered, 0 enqueued
[17.452s][info][gc,reloc    ] GC(57) Small Pages: 1692 / 3384M, Empty: 0M, Relocated: 1M, In-Place: 0
[17.452s][info][gc,reloc    ] GC(57) Medium Pages: 1 / 32M, Empty: 0M, Relocated: 0M, In-Place: 0
[17.452s][info][gc,reloc    ] GC(57) Large Pages: 0 / 0M, Empty: 0M, Relocated: 0M, In-Place: 0
[17.452s][info][gc,reloc    ] GC(57) Forwarding Usage: 0M
[17.452s][info][gc,heap     ] GC(57) Min Capacity: 4096M(100%)
[17.452s][info][gc,heap     ] GC(57) Max Capacity: 4096M(100%)
[17.452s][info][gc,heap     ] GC(57) Soft Max Capacity: 4096M(100%)
[17.452s][info][gc,heap     ] GC(57)                Mark Start          Mark End        Relocate Start      Relocate End           High               Low         
[17.452s][info][gc,heap     ] GC(57)  Capacity:     4096M (100%)       4096M (100%)       4096M (100%)       4096M (100%)       4096M (100%)       4096M (100%)   
[17.452s][info][gc,heap     ] GC(57)      Free:      680M (17%)         680M (17%)         680M (17%)         680M (17%)         680M (17%)         674M (16%)    
[17.452s][info][gc,heap     ] GC(57)      Used:     3416M (83%)        3416M (83%)        3416M (83%)        3416M (83%)        3422M (84%)        3416M (83%)    
[17.452s][info][gc,heap     ] GC(57)      Live:         -              3091M (75%)        3091M (75%)        3091M (75%)            -                  -          
[17.452s][info][gc,heap     ] GC(57) Allocated:         -                 0M (0%)            0M (0%)            0M (0%)             -                  -          
[17.452s][info][gc,heap     ] GC(57)   Garbage:         -               324M (8%)          324M (8%)          324M (8%)             -                  -          
[17.452s][info][gc,heap     ] GC(57) Reclaimed:         -                  -                 0M (0%)            0M (0%)             -                  -          
[17.452s][info][gc          ] GC(57) Garbage Collection (Timer) 3416M(83%)->3416M(83%)
[17.722s][info][gc,start    ] GC(58) Garbage Collection (Timer)
[17.722s][info][gc,task     ] GC(58) Using 3 workers
[17.722s][info][gc,phases   ] GC(58) Pause Mark Start 0.006ms
[17.745s][info][gc,phases   ] GC(58) Concurrent Mark 23.042ms
[17.745s][info][gc,phases   ] GC(58) Pause Mark End 0.011ms
[17.745s][info][gc,phases   ] GC(58) Concurrent Mark Free 0.001ms
[17.746s][info][gc,phases   ] GC(58) Concurrent Process Non-Strong References 0.839ms
[17.746s][info][gc,phases   ] GC(58) Concurrent Reset Relocation Set 0.001ms
[17.748s][info][gc,phases   ] GC(58) Concurrent Select Relocation Set 2.128ms
[17.748s][info][gc,phases   ] GC(58) Pause Relocate Start 0.006ms
[17.751s][info][gc,phases   ] GC(58) Concurrent Relocate 2.429ms
[17.751s][info][gc,load     ] GC(58) Load: 0.00/0.00/0.00
[17.751s][info][gc,mmu      ] GC(58) MMU: 2ms/98.9%, 5ms/99.5%, 10ms/99.7%, 20ms/99.8%, 50ms/99.9%, 100ms/100.0%
[17.751s][info][gc,marking  ] GC(58) Mark: 2 stripe(s), 10 proactive flush(es), 1 terminate flush(es), 0 completion(s), 0 continuation(s) 
[17.751s][info][gc,marking  ] GC(58) Mark Stack Usage: 32M
[17.751s][info][gc,nmethod  ] GC(58) NMethods: 487 registered, 0 unregistered
[17.751s][info][gc,metaspace] GC(58) Metaspace: 1M used, 1M committed, 1088M reserved
[17.751s][info][gc,ref      ] GC(58) Soft: 181 encountered, 0 discovered, 0 enqueued
[17.751s][info][gc,ref      ] GC(58) Weak: 263 encountered, 98 discovered, 0 enqueued
[17.751s][info][gc,ref      ] GC(58) Final: 0 encountered, 0 discovered, 0 enqueued
[17.751s][info][gc,ref      ] GC(58) Phantom: 7 encountered, 3 discovered, 0 enqueued
[17.751s][info][gc,reloc    ] GC(58) Small Pages: 1692 / 3384M, Empty: 0M, Relocated: 1M, In-Place: 0
[17.751s][info][gc,reloc    ] GC(58) Medium Pages: 1 / 32M, Empty: 0M, Relocated: 0M, In-Place: 0
[17.751s][info][gc,reloc    ] GC(58) Large Pages: 0 / 0M, Empty: 0M, Relocated: 0M, In-Place: 0
[17.751s][info][gc,reloc    ] GC(58) Forwarding Usage: 0M
[17.751s][info][gc,heap     ] GC(58) Min Capacity: 4096M(100%)
[17.751s][info][gc,heap     ] GC(58) Max Capacity: 4096M(100%)
[17.751s][info][gc,heap     ] GC(58) Soft Max Capacity: 4096M(100%)
[17.751s][info][gc,heap     ] GC(58)                Mark Start          Mark End        Relocate Start      Relocate End           High               Low         
[17.751s][info][gc,heap     ] GC(58)  Capacity:     4096M (100%)       4096M (100%)       4096M (100%)       4096M (100%)       4096M (100%)       4096M (100%)   
[17.751s][info][gc,heap     ] GC(58)      Free:      680M (17%)         680M (17%)         680M (17%)         682M (17%)         682M (17%)         678M (17%)    
[17.751s][info][gc,heap     ] GC(58)      Used:     3416M (83%)        3416M (83%)        3416M (83%)        3414M (83%)        3418M (83%)        3414M (83%)    
[17.751s][info][gc,heap     ] GC(58)      Live:         -              3091M (75%)        3091M (75%)        3091M (75%)            -                  -          
[17.751s][info][gc,heap     ] GC(58) Allocated:         -                 0M (0%)            0M (0%)            0M (0%)             -                  -          
[17.751s][info][gc,heap     ] GC(58)   Garbage:         -               324M (8%)          324M (8%)          322M (8%)             -                  -          
[17.751s][info][gc,heap     ] GC(58) Reclaimed:         -                  -                 0M (0%)            2M (0%)             -                  -          
[17.752s][info][gc          ] GC(58) Garbage Collection (Timer) 3416M(83%)->3414M(83%)
[18.021s][info][gc,start    ] GC(59) Garbage Collection (Timer)
[18.021s][info][gc,task     ] GC(59) Using 3 workers
[18.021s][info][gc,phases   ] GC(59) Pause Mark Start 0.012ms
[18.040s][info][gc,phases   ] GC(59) Concurrent Mark 18.767ms
[18.040s][info][gc,phases   ] GC(59) Pause Mark End 0.011ms
[18.040s][info][gc,phases   ] GC(59) Concurrent Mark Free 0.001ms
[18.041s][info][gc,phases   ] GC(59) Concurrent Process Non-Strong References 0.927ms
[18.041s][info][gc,phases   ] GC(59) Concurrent Reset Relocation Set 0.001ms
[18.043s][info][gc,phases   ] GC(59) Concurrent Select Relocation Set 2.152ms
[18.043s][info][gc,phases   ] GC(59) Pause Relocate Start 0.006ms
[18.045s][info][gc,phases   ] GC(59) Concurrent Relocate 1.719ms
[18.045s][info][gc,load     ] GC(59) Load: 0.00/0.00/0.00
[18.045s][info][gc,mmu      ] GC(59) MMU: 2ms/98.9%, 5ms/99.5%, 10ms/99.7%, 20ms/99.8%, 50ms/99.9%, 100ms/100.0%
[18.045s][info][gc,marking  ] GC(59) Mark: 2 stripe(s), 5 proactive flush(es), 1 terminate flush(es), 0 completion(s), 0 continuation(s) 
[18.045s][info][gc,marking  ] GC(59) Mark Stack Usage: 32M
[18.045s][info][gc,nmethod  ] GC(59) NMethods: 487 registered, 0 unregistered
[18.045s][info][gc,metaspace] GC(59) Metaspace: 1M used, 1M committed, 1088M reserved
[18.045s][info][gc,ref      ] GC(59) Soft: 181 encountered, 0 discovered, 0 enqueued
[18.045s][info][gc,ref      ] GC(59) Weak: 263 encountered, 138 discovered, 0 enqueued
[18.045s][info][gc,ref      ] GC(59) Final: 0 encountered, 0 discovered, 0 enqueued
[18.045s][info][gc,ref      ] GC(59) Phantom: 7 encountered, 3 discovered, 0 enqueued
[18.045s][info][gc,reloc    ] GC(59) Small Pages: 1691 / 3382M, Empty: 0M, Relocated: 1M, In-Place: 0
[18.045s][info][gc,reloc    ] GC(59) Medium Pages: 1 / 32M, Empty: 0M, Relocated: 0M, In-Place: 0
[18.045s][info][gc,reloc    ] GC(59) Large Pages: 0 / 0M, Empty: 0M, Relocated: 0M, In-Place: 0
[18.045s][info][gc,reloc    ] GC(59) Forwarding Usage: 0M
[18.045s][info][gc,heap     ] GC(59) Min Capacity: 4096M(100%)
[18.045s][info][gc,heap     ] GC(59) Max Capacity: 4096M(100%)
[18.045s][info][gc,heap     ] GC(59) Soft Max Capacity: 4096M(100%)
[18.045s][info][gc,heap     ] GC(59)                Mark Start          Mark End        Relocate Start      Relocate End           High               Low         
[18.046s][info][gc,heap     ] GC(59)  Capacity:     4096M (100%)       4096M (100%)       4096M (100%)       4096M (100%)       4096M (100%)       4096M (100%)   
[18.046s][info][gc,heap     ] GC(59)      Free:      682M (17%)         682M (17%)         682M (17%)         682M (17%)         682M (17%)         678M (17%)    
[18.046s][info][gc,heap     ] GC(59)      Used:     3414M (83%)        3414M (83%)        3414M (83%)        3414M (83%)        3418M (83%)        3414M (83%)    
[18.046s][info][gc,heap     ] GC(59)      Live:         -              3091M (75%)        3091M (75%)        3091M (75%)            -                  -          
[18.046s][info][gc,heap     ] GC(59) Allocated:         -                 0M (0%)            0M (0%)            0M (0%)             -                  -          
[18.046s][info][gc,heap     ] GC(59)   Garbage:         -               322M (8%)          322M (8%)          322M (8%)             -                  -          
[18.046s][info][gc,heap     ] GC(59) Reclaimed:         -                  -                 0M (0%)            0M (0%)             -                  -          
[18.046s][info][gc          ] GC(59) Garbage Collection (Timer) 3414M(83%)->3414M(83%)
[18.321s][info][gc,start    ] GC(60) Garbage Collection (Timer)
[18.321s][info][gc,task     ] GC(60) Using 3 workers
[18.321s][info][gc,phases   ] GC(60) Pause Mark Start 0.006ms
[18.339s][info][gc,phases   ] GC(60) Concurrent Mark 18.359ms
[18.340s][info][gc,phases   ] GC(60) Pause Mark End 0.010ms
[18.340s][info][gc,phases   ] GC(60) Concurrent Mark Free 0.001ms
[18.341s][info][gc,phases   ] GC(60) Concurrent Process Non-Strong References 0.841ms
[18.341s][info][gc,phases   ] GC(60) Concurrent Reset Relocation Set 0.001ms
[18.343s][info][gc,phases   ] GC(60) Concurrent Select Relocation Set 2.125ms
[18.343s][info][gc,phases   ] GC(60) Pause Relocate Start 0.005ms
[18.343s][info][gc,phases   ] GC(60) Concurrent Relocate 0.232ms
[18.343s][info][gc,load     ] GC(60) Load: 0.00/0.00/0.00
[18.343s][info][gc,mmu      ] GC(60) MMU: 2ms/98.9%, 5ms/99.5%, 10ms/99.7%, 20ms/99.8%, 50ms/99.9%, 100ms/100.0%
[18.343s][info][gc,marking  ] GC(60) Mark: 2 stripe(s), 3 proactive flush(es), 1 terminate flush(es), 0 completion(s), 0 continuation(s) 
[18.343s][info][gc,marking  ] GC(60) Mark Stack Usage: 32M
[18.343s][info][gc,nmethod  ] GC(60) NMethods: 487 registered, 0 unregistered
[18.343s][info][gc,metaspace] GC(60) Metaspace: 1M used, 1M committed, 1088M reserved
[18.343s][info][gc,ref      ] GC(60) Soft: 181 encountered, 0 discovered, 0 enqueued
[18.343s][info][gc,ref      ] GC(60) Weak: 263 encountered, 78 discovered, 0 enqueued
[18.343s][info][gc,ref      ] GC(60) Final: 0 encountered, 0 discovered, 0 enqueued
[18.343s][info][gc,ref      ] GC(60) Phantom: 7 encountered, 3 discovered, 0 enqueued
[18.343s][info][gc,reloc    ] GC(60) Small Pages: 1691 / 3382M, Empty: 0M, Relocated: 1M, In-Place: 0
[18.343s][info][gc,reloc    ] GC(60) Medium Pages: 1 / 32M, Empty: 0M, Relocated: 0M, In-Place: 0
[18.344s][info][gc,reloc    ] GC(60) Large Pages: 0 / 0M, Empty: 0M, Relocated: 0M, In-Place: 0
[18.344s][info][gc,reloc    ] GC(60) Forwarding Usage: 0M
[18.344s][info][gc,heap     ] GC(60) Min Capacity: 4096M(100%)
[18.344s][info][gc,heap     ] GC(60) Max Capacity: 4096M(100%)
[18.344s][info][gc,heap     ] GC(60) Soft Max Capacity: 4096M(100%)
[18.344s][info][gc,heap     ] GC(60)                Mark Start          Mark End        Relocate Start      Relocate End           High               Low         
[18.344s][info][gc,heap     ] GC(60)  Capacity:     4096M (100%)       4096M (100%)       4096M (100%)       4096M (100%)       4096M (100%)       4096M (100%)   
[18.344s][info][gc,heap     ] GC(60)      Free:      682M (17%)         682M (17%)         682M (17%)         682M (17%)         682M (17%)         678M (17%)    
[18.344s][info][gc,heap     ] GC(60)      Used:     3414M (83%)        3414M (83%)        3414M (83%)        3414M (83%)        3418M (83%)        3414M (83%)    
[18.344s][info][gc,heap     ] GC(60)      Live:         -              3091M (75%)        3091M (75%)        3091M (75%)            -                  -          
[18.344s][info][gc,heap     ] GC(60) Allocated:         -                 0M (0%)            0M (0%)            0M (0%)             -                  -          
[18.344s][info][gc,heap     ] GC(60)   Garbage:         -               322M (8%)          322M (8%)          322M (8%)             -                  -          
[18.344s][info][gc,heap     ] GC(60) Reclaimed:         -                  -                 0M (0%)            0M (0%)             -                  -          
[18.344s][info][gc          ] GC(60) Garbage Collection (Timer) 3414M(83%)->3414M(83%)
[18.399s][info][gc,heap,exit] Heap
[18.399s][info][gc,heap,exit]  ZHeap           used 3418M, capacity 4096M, max capacity 4096M
[18.399s][info][gc,heap,exit]  Metaspace       used 1605K, committed 1792K, reserved 1114112K
[18.399s][info][gc,heap,exit]   class space    used 147K, committed 256K, reserved 1048576K
