[0.022s][info][gc,init] Initializing The Z Garbage Collector
[0.022s][info][gc,init] Version: 17.0.11+1-LTS (release)
[0.022s][info][gc,init] NUMA Support: Disabled
[0.023s][info][gc,init] CPUs: 12 total, 12 available
[0.023s][info][gc,init] Memory: 24496M
[0.023s][info][gc,init] Large Page Support: Disabled
[0.023s][info][gc,init] GC Workers: 3 (dynamic)
[0.024s][info][gc,init] Address Space Type: Contiguous/Unrestricted/Complete
[0.024s][info][gc,init] Address Space Size: 65536M x 3 = 196608M
[0.024s][info][gc,init] Min Capacity: 4096M
[0.024s][info][gc,init] Initial Capacity: 4096M
[0.025s][info][gc,init] Max Capacity: 4096M
[0.025s][info][gc,init] Medium Page Size: 32M
[0.025s][info][gc,init] Pre-touch: Disabled
[0.025s][info][gc,init] Uncommit: Implicitly Disabled (-Xms equals -Xmx)
[0.250s][info][gc,init] Runtime Workers: 2
[0.250s][info][gc     ] Using The Z Garbage Collector
[0.260s][info][gc,metaspace] CDS archive(s) mapped at: [0x000001a45c000000-0x000001a45cbc0000-0x000001a45cbc0000), size 12320768, SharedBaseAddress: 0x000001a45c000000, ArchiveRelocationMode: 1.
[0.260s][info][gc,metaspace] Compressed class space mapped at: 0x000001a45d000000-0x000001a49d000000, reserved size: 1073741824
[0.260s][info][gc,metaspace] Narrow klass base: 0x000001a45c000000, Narrow klass shift: 0, Narrow klass range: 0x100000000
[0.384s][info][gc,start    ] GC(0) Garbage Collection (Timer)
[0.384s][info][gc,task     ] GC(0) Using 3 workers
[0.384s][info][gc,phases   ] GC(0) Pause Mark Start 0.006ms
[0.387s][info][gc,phases   ] GC(0) Concurrent Mark 3.220ms
[0.387s][info][gc,phases   ] GC(0) Pause Mark End 0.015ms
[0.388s][info][gc,phases   ] GC(0) Concurrent Mark Free 0.001ms
[0.388s][info][gc,phases   ] GC(0) Concurrent Process Non-Strong References 0.411ms
[0.388s][info][gc,phases   ] GC(0) Concurrent Reset Relocation Set 0.001ms
[0.400s][info][gc,phases   ] GC(0) Concurrent Select Relocation Set 11.853ms
[0.400s][info][gc,phases   ] GC(0) Pause Relocate Start 0.007ms
[0.402s][info][gc,phases   ] GC(0) Concurrent Relocate 1.513ms
[0.402s][info][gc,load     ] GC(0) Load: 0.00/0.00/0.00
[0.402s][info][gc,mmu      ] GC(0) MMU: 2ms/99.3%, 5ms/99.6%, 10ms/99.8%, 20ms/99.9%, 50ms/99.9%, 100ms/100.0%
[0.402s][info][gc,marking  ] GC(0) Mark: 2 stripe(s), 1 proactive flush(es), 1 terminate flush(es), 0 completion(s), 0 continuation(s) 
[0.402s][info][gc,marking  ] GC(0) Mark Stack Usage: 32M
[0.402s][info][gc,nmethod  ] GC(0) NMethods: 158 registered, 0 unregistered
[0.402s][info][gc,metaspace] GC(0) Metaspace: 0M used, 0M committed, 1088M reserved
[0.402s][info][gc,ref      ] GC(0) Soft: 36 encountered, 0 discovered, 0 enqueued
[0.402s][info][gc,ref      ] GC(0) Weak: 103 encountered, 20 discovered, 18 enqueued
[0.402s][info][gc,ref      ] GC(0) Final: 0 encountered, 0 discovered, 0 enqueued
[0.402s][info][gc,ref      ] GC(0) Phantom: 16 encountered, 13 discovered, 13 enqueued
[0.402s][info][gc,reloc    ] GC(0) Small Pages: 3 / 6M, Empty: 0M, Relocated: 1M, In-Place: 0
[0.402s][info][gc,reloc    ] GC(0) Medium Pages: 0 / 0M, Empty: 0M, Relocated: 0M, In-Place: 0
[0.402s][info][gc,reloc    ] GC(0) Large Pages: 0 / 0M, Empty: 0M, Relocated: 0M, In-Place: 0
[0.402s][info][gc,reloc    ] GC(0) Forwarding Usage: 0M
[0.402s][info][gc,heap     ] GC(0) Min Capacity: 4096M(100%)
[0.402s][info][gc,heap     ] GC(0) Max Capacity: 4096M(100%)
[0.402s][info][gc,heap     ] GC(0) Soft Max Capacity: 4096M(100%)
[0.402s][info][gc,heap     ] GC(0)                Mark Start          Mark End        Relocate Start      Relocate End           High               Low         
[0.402s][info][gc,heap     ] GC(0)  Capacity:     4096M (100%)       4096M (100%)       4096M (100%)       4096M (100%)       4096M (100%)       4096M (100%)   
[0.402s][info][gc,heap     ] GC(0)      Free:     4090M (100%)       4090M (100%)       4090M (100%)       4090M (100%)       4090M (100%)       4086M (100%)   
[0.402s][info][gc,heap     ] GC(0)      Used:        6M (0%)            6M (0%)            6M (0%)            6M (0%)           10M (0%)            6M (0%)     
[0.402s][info][gc,heap     ] GC(0)      Live:         -                 1M (0%)            1M (0%)            1M (0%)             -                  -          
[0.402s][info][gc,heap     ] GC(0) Allocated:         -                 0M (0%)            0M (0%)            0M (0%)             -                  -          
[0.402s][info][gc,heap     ] GC(0)   Garbage:         -                 4M (0%)            4M (0%)            4M (0%)             -                  -          
[0.402s][info][gc,heap     ] GC(0) Reclaimed:         -                  -                 0M (0%)            0M (0%)             -                  -          
[0.402s][info][gc          ] GC(0) Garbage Collection (Timer) 6M(0%)->6M(0%)
[0.681s][info][gc,start    ] GC(1) Garbage Collection (Timer)
[0.681s][info][gc,task     ] GC(1) Using 3 workers
[0.681s][info][gc,phases   ] GC(1) Pause Mark Start 0.006ms
[0.696s][info][gc,phases   ] GC(1) Concurrent Mark 14.526ms
[0.696s][info][gc,phases   ] GC(1) Pause Mark End 0.009ms
[0.696s][info][gc,phases   ] GC(1) Concurrent Mark Free 0.001ms
[0.697s][info][gc,phases   ] GC(1) Concurrent Process Non-Strong References 0.647ms
[0.697s][info][gc,phases   ] GC(1) Concurrent Reset Relocation Set 0.001ms
[0.700s][info][gc,phases   ] GC(1) Concurrent Select Relocation Set 2.610ms
[0.700s][info][gc,phases   ] GC(1) Pause Relocate Start 0.007ms
[0.702s][info][gc,phases   ] GC(1) Concurrent Relocate 1.805ms
[0.702s][info][gc,load     ] GC(1) Load: 0.00/0.00/0.00
[0.702s][info][gc,mmu      ] GC(1) MMU: 2ms/99.3%, 5ms/99.6%, 10ms/99.8%, 20ms/99.9%, 50ms/99.9%, 100ms/100.0%
[0.702s][info][gc,marking  ] GC(1) Mark: 2 stripe(s), 3 proactive flush(es), 1 terminate flush(es), 0 completion(s), 0 continuation(s) 
[0.702s][info][gc,marking  ] GC(1) Mark Stack Usage: 32M
[0.702s][info][gc,nmethod  ] GC(1) NMethods: 294 registered, 0 unregistered
[0.702s][info][gc,metaspace] GC(1) Metaspace: 0M used, 0M committed, 1088M reserved
[0.702s][info][gc,ref      ] GC(1) Soft: 72 encountered, 0 discovered, 0 enqueued
[0.702s][info][gc,ref      ] GC(1) Weak: 177 encountered, 27 discovered, 23 enqueued
[0.702s][info][gc,ref      ] GC(1) Final: 0 encountered, 0 discovered, 0 enqueued
[0.702s][info][gc,ref      ] GC(1) Phantom: 13 encountered, 9 discovered, 6 enqueued
[0.702s][info][gc,reloc    ] GC(1) Small Pages: 116 / 232M, Empty: 0M, Relocated: 1M, In-Place: 0
[0.702s][info][gc,reloc    ] GC(1) Medium Pages: 0 / 0M, Empty: 0M, Relocated: 0M, In-Place: 0
[0.702s][info][gc,reloc    ] GC(1) Large Pages: 0 / 0M, Empty: 0M, Relocated: 0M, In-Place: 0
[0.702s][info][gc,reloc    ] GC(1) Forwarding Usage: 0M
[0.702s][info][gc,heap     ] GC(1) Min Capacity: 4096M(100%)
[0.702s][info][gc,heap     ] GC(1) Max Capacity: 4096M(100%)
[0.702s][info][gc,heap     ] GC(1) Soft Max Capacity: 4096M(100%)
[0.702s][info][gc,heap     ] GC(1)                Mark Start          Mark End        Relocate Start      Relocate End           High               Low         
[0.702s][info][gc,heap     ] GC(1)  Capacity:     4096M (100%)       4096M (100%)       4096M (100%)       4096M (100%)       4096M (100%)       4096M (100%)   
[0.702s][info][gc,heap     ] GC(1)      Free:     3864M (94%)        3860M (94%)        3856M (94%)        3860M (94%)        3864M (94%)        3850M (94%)    
[0.703s][info][gc,heap     ] GC(1)      Used:      232M (6%)          236M (6%)          240M (6%)          236M (6%)          246M (6%)          232M (6%)     
[0.703s][info][gc,heap     ] GC(1)      Live:         -               202M (5%)          202M (5%)          202M (5%)             -                  -          
[0.703s][info][gc,heap     ] GC(1) Allocated:         -                 4M (0%)            8M (0%)            9M (0%)             -                  -          
[0.703s][info][gc,heap     ] GC(1)   Garbage:         -                29M (1%)           29M (1%)           23M (1%)             -                  -          
[0.703s][info][gc,heap     ] GC(1) Reclaimed:         -                  -                 0M (0%)            5M (0%)             -                  -          
[0.703s][info][gc          ] GC(1) Garbage Collection (Timer) 232M(6%)->236M(6%)
[0.982s][info][gc,start    ] GC(2) Garbage Collection (Warmup)
[0.982s][info][gc,task     ] GC(2) Using 3 workers
[0.982s][info][gc,phases   ] GC(2) Pause Mark Start 0.007ms
[1.007s][info][gc,phases   ] GC(2) Concurrent Mark 25.001ms
[1.007s][info][gc,phases   ] GC(2) Pause Mark End 0.008ms
[1.007s][info][gc,phases   ] GC(2) Concurrent Mark Free 0.001ms
[1.008s][info][gc,phases   ] GC(2) Concurrent Process Non-Strong References 0.570ms
[1.008s][info][gc,phases   ] GC(2) Concurrent Reset Relocation Set 0.001ms
[1.011s][info][gc,phases   ] GC(2) Concurrent Select Relocation Set 3.365ms
[1.011s][info][gc,phases   ] GC(2) Pause Relocate Start 0.007ms
[1.014s][info][gc,phases   ] GC(2) Concurrent Relocate 2.477ms
[1.014s][info][gc,load     ] GC(2) Load: 0.00/0.00/0.00
[1.014s][info][gc,mmu      ] GC(2) MMU: 2ms/99.3%, 5ms/99.6%, 10ms/99.8%, 20ms/99.9%, 50ms/99.9%, 100ms/100.0%
[1.014s][info][gc,marking  ] GC(2) Mark: 2 stripe(s), 5 proactive flush(es), 1 terminate flush(es), 0 completion(s), 0 continuation(s) 
[1.014s][info][gc,marking  ] GC(2) Mark Stack Usage: 32M
[1.014s][info][gc,nmethod  ] GC(2) NMethods: 295 registered, 0 unregistered
[1.014s][info][gc,metaspace] GC(2) Metaspace: 0M used, 0M committed, 1088M reserved
[1.014s][info][gc,ref      ] GC(2) Soft: 72 encountered, 0 discovered, 0 enqueued
[1.014s][info][gc,ref      ] GC(2) Weak: 154 encountered, 111 discovered, 0 enqueued
[1.014s][info][gc,ref      ] GC(2) Final: 0 encountered, 0 discovered, 0 enqueued
[1.014s][info][gc,ref      ] GC(2) Phantom: 7 encountered, 5 discovered, 0 enqueued
[1.014s][info][gc,reloc    ] GC(2) Small Pages: 231 / 462M, Empty: 0M, Relocated: 1M, In-Place: 0
[1.015s][info][gc,reloc    ] GC(2) Medium Pages: 0 / 0M, Empty: 0M, Relocated: 0M, In-Place: 0
[1.015s][info][gc,reloc    ] GC(2) Large Pages: 0 / 0M, Empty: 0M, Relocated: 0M, In-Place: 0
[1.015s][info][gc,reloc    ] GC(2) Forwarding Usage: 0M
[1.015s][info][gc,heap     ] GC(2) Min Capacity: 4096M(100%)
[1.015s][info][gc,heap     ] GC(2) Max Capacity: 4096M(100%)
[1.015s][info][gc,heap     ] GC(2) Soft Max Capacity: 4096M(100%)
[1.015s][info][gc,heap     ] GC(2)                Mark Start          Mark End        Relocate Start      Relocate End           High               Low         
[1.015s][info][gc,heap     ] GC(2)  Capacity:     4096M (100%)       4096M (100%)       4096M (100%)       4096M (100%)       4096M (100%)       4096M (100%)   
[1.015s][info][gc,heap     ] GC(2)      Free:     3634M (89%)        3632M (89%)        3628M (89%)        3628M (89%)        3634M (89%)        3622M (88%)    
[1.015s][info][gc,heap     ] GC(2)      Used:      462M (11%)         464M (11%)         468M (11%)         468M (11%)         474M (12%)         462M (11%)    
[1.015s][info][gc,heap     ] GC(2)      Live:         -               416M (10%)         416M (10%)         416M (10%)            -                  -          
[1.015s][info][gc,heap     ] GC(2) Allocated:         -                 2M (0%)            6M (0%)            7M (0%)             -                  -          
[1.015s][info][gc,heap     ] GC(2)   Garbage:         -                45M (1%)           45M (1%)           43M (1%)             -                  -          
[1.015s][info][gc,heap     ] GC(2) Reclaimed:         -                  -                 0M (0%)            1M (0%)             -                  -          
[1.015s][info][gc          ] GC(2) Garbage Collection (Warmup) 462M(11%)->468M(11%)
[1.281s][info][gc,start    ] GC(3) Garbage Collection (Timer)
[1.281s][info][gc,task     ] GC(3) Using 3 workers
[1.281s][info][gc,phases   ] GC(3) Pause Mark Start 0.006ms
[1.305s][info][gc,phases   ] GC(3) Concurrent Mark 23.291ms
[1.305s][info][gc,phases   ] GC(3) Pause Mark End 0.009ms
[1.305s][info][gc,phases   ] GC(3) Concurrent Mark Free 0.001ms
[1.306s][info][gc,phases   ] GC(3) Concurrent Process Non-Strong References 0.530ms
[1.306s][info][gc,phases   ] GC(3) Concurrent Reset Relocation Set 0.001ms
[1.309s][info][gc,phases   ] GC(3) Concurrent Select Relocation Set 3.719ms
[1.310s][info][gc,phases   ] GC(3) Pause Relocate Start 0.006ms
[1.315s][info][gc,phases   ] GC(3) Concurrent Relocate 5.027ms
[1.315s][info][gc,load     ] GC(3) Load: 0.00/0.00/0.00
[1.315s][info][gc,mmu      ] GC(3) MMU: 2ms/99.3%, 5ms/99.6%, 10ms/99.8%, 20ms/99.9%, 50ms/99.9%, 100ms/100.0%
[1.315s][info][gc,marking  ] GC(3) Mark: 2 stripe(s), 3 proactive flush(es), 1 terminate flush(es), 0 completion(s), 0 continuation(s) 
[1.315s][info][gc,marking  ] GC(3) Mark Stack Usage: 32M
[1.315s][info][gc,nmethod  ] GC(3) NMethods: 375 registered, 0 unregistered
[1.315s][info][gc,metaspace] GC(3) Metaspace: 1M used, 1M committed, 1088M reserved
[1.315s][info][gc,ref      ] GC(3) Soft: 118 encountered, 0 discovered, 0 enqueued
[1.315s][info][gc,ref      ] GC(3) Weak: 175 encountered, 111 discovered, 5 enqueued
[1.315s][info][gc,ref      ] GC(3) Final: 0 encountered, 0 discovered, 0 enqueued
[1.315s][info][gc,ref      ] GC(3) Phantom: 12 encountered, 8 discovered, 5 enqueued
[1.315s][info][gc,reloc    ] GC(3) Small Pages: 294 / 588M, Empty: 0M, Relocated: 3M, In-Place: 0
[1.315s][info][gc,reloc    ] GC(3) Medium Pages: 0 / 0M, Empty: 0M, Relocated: 0M, In-Place: 0
[1.315s][info][gc,reloc    ] GC(3) Large Pages: 0 / 0M, Empty: 0M, Relocated: 0M, In-Place: 0
[1.315s][info][gc,reloc    ] GC(3) Forwarding Usage: 0M
[1.315s][info][gc,heap     ] GC(3) Min Capacity: 4096M(100%)
[1.315s][info][gc,heap     ] GC(3) Max Capacity: 4096M(100%)
[1.315s][info][gc,heap     ] GC(3) Soft Max Capacity: 4096M(100%)
[1.315s][info][gc,heap     ] GC(3)                Mark Start          Mark End        Relocate Start      Relocate End           High               Low         
[1.315s][info][gc,heap     ] GC(3)  Capacity:     4096M (100%)       4096M (100%)       4096M (100%)       4096M (100%)       4096M (100%)       4096M (100%)   
[1.315s][info][gc,heap     ] GC(3)      Free:     3508M (86%)        3504M (86%)        3504M (86%)        3508M (86%)        3508M (86%)        3498M (85%)    
[1.315s][info][gc,heap     ] GC(3)      Used:      588M (14%)         592M (14%)         592M (14%)         588M (14%)         598M (15%)         588M (14%)    
[1.315s][info][gc,heap     ] GC(3)      Live:         -               529M (13%)         529M (13%)         529M (13%)            -                  -          
[1.315s][info][gc,heap     ] GC(3) Allocated:         -                 4M (0%)            4M (0%)            5M (0%)             -                  -          
[1.315s][info][gc,heap     ] GC(3)   Garbage:         -                58M (1%)           58M (1%)           52M (1%)             -                  -          
[1.315s][info][gc,heap     ] GC(3) Reclaimed:         -                  -                 0M (0%)            5M (0%)             -                  -          
[1.315s][info][gc          ] GC(3) Garbage Collection (Timer) 588M(14%)->588M(14%)
[1.582s][info][gc,start    ] GC(4) Garbage Collection (Timer)
[1.582s][info][gc,task     ] GC(4) Using 3 workers
[1.582s][info][gc,phases   ] GC(4) Pause Mark Start 0.006ms
[1.599s][info][gc,phases   ] GC(4) Concurrent Mark 16.360ms
[1.599s][info][gc,phases   ] GC(4) Pause Mark End 0.009ms
[1.599s][info][gc,phases   ] GC(4) Concurrent Mark Free 0.001ms
[1.600s][info][gc,phases   ] GC(4) Concurrent Process Non-Strong References 0.732ms
[1.600s][info][gc,phases   ] GC(4) Concurrent Reset Relocation Set 0.001ms
[1.602s][info][gc,phases   ] GC(4) Concurrent Select Relocation Set 2.149ms
[1.602s][info][gc,phases   ] GC(4) Pause Relocate Start 0.008ms
[1.604s][info][gc,phases   ] GC(4) Concurrent Relocate 1.798ms
[1.604s][info][gc,load     ] GC(4) Load: 0.00/0.00/0.00
[1.604s][info][gc,mmu      ] GC(4) MMU: 2ms/99.3%, 5ms/99.6%, 10ms/99.8%, 20ms/99.9%, 50ms/99.9%, 100ms/100.0%
[1.604s][info][gc,marking  ] GC(4) Mark: 2 stripe(s), 1 proactive flush(es), 1 terminate flush(es), 0 completion(s), 0 continuation(s) 
[1.604s][info][gc,marking  ] GC(4) Mark Stack Usage: 32M
[1.604s][info][gc,nmethod  ] GC(4) NMethods: 384 registered, 0 unregistered
[1.604s][info][gc,metaspace] GC(4) Metaspace: 1M used, 1M committed, 1088M reserved
[1.604s][info][gc,ref      ] GC(4) Soft: 118 encountered, 0 discovered, 0 enqueued
[1.604s][info][gc,ref      ] GC(4) Weak: 170 encountered, 4 discovered, 0 enqueued
[1.604s][info][gc,ref      ] GC(4) Final: 0 encountered, 0 discovered, 0 enqueued
[1.604s][info][gc,ref      ] GC(4) Phantom: 7 encountered, 3 discovered, 0 enqueued
[1.604s][info][gc,reloc    ] GC(4) Small Pages: 342 / 684M, Empty: 0M, Relocated: 1M, In-Place: 0
[1.604s][info][gc,reloc    ] GC(4) Medium Pages: 0 / 0M, Empty: 0M, Relocated: 0M, In-Place: 0
[1.604s][info][gc,reloc    ] GC(4) Large Pages: 0 / 0M, Empty: 0M, Relocated: 0M, In-Place: 0
[1.604s][info][gc,reloc    ] GC(4) Forwarding Usage: 0M
[1.604s][info][gc,heap     ] GC(4) Min Capacity: 4096M(100%)
[1.604s][info][gc,heap     ] GC(4) Max Capacity: 4096M(100%)
[1.604s][info][gc,heap     ] GC(4) Soft Max Capacity: 4096M(100%)
[1.604s][info][gc,heap     ] GC(4)                Mark Start          Mark End        Relocate Start      Relocate End           High               Low         
[1.604s][info][gc,heap     ] GC(4)  Capacity:     4096M (100%)       4096M (100%)       4096M (100%)       4096M (100%)       4096M (100%)       4096M (100%)   
[1.604s][info][gc,heap     ] GC(4)      Free:     3412M (83%)        3412M (83%)        3412M (83%)        3412M (83%)        3412M (83%)        3406M (83%)    
[1.604s][info][gc,heap     ] GC(4)      Used:      684M (17%)         684M (17%)         684M (17%)         684M (17%)         690M (17%)         684M (17%)    
[1.605s][info][gc,heap     ] GC(4)      Live:         -               619M (15%)         619M (15%)         619M (15%)            -                  -          
[1.605s][info][gc,heap     ] GC(4) Allocated:         -                 0M (0%)            0M (0%)            0M (0%)             -                  -          
[1.605s][info][gc,heap     ] GC(4)   Garbage:         -                64M (2%)           64M (2%)           64M (2%)             -                  -          
[1.605s][info][gc,heap     ] GC(4) Reclaimed:         -                  -                 0M (0%)            0M (0%)             -                  -          
[1.605s][info][gc          ] GC(4) Garbage Collection (Timer) 684M(17%)->684M(17%)
[1.882s][info][gc,start    ] GC(5) Garbage Collection (Timer)
[1.882s][info][gc,task     ] GC(5) Using 3 workers
[1.882s][info][gc,phases   ] GC(5) Pause Mark Start 0.006ms
[1.892s][info][gc,phases   ] GC(5) Concurrent Mark 10.036ms
[1.893s][info][gc,phases   ] GC(5) Pause Mark End 0.009ms
[1.893s][info][gc,phases   ] GC(5) Concurrent Mark Free 0.001ms
[1.893s][info][gc,phases   ] GC(5) Concurrent Process Non-Strong References 0.712ms
[1.893s][info][gc,phases   ] GC(5) Concurrent Reset Relocation Set 0.001ms
[1.896s][info][gc,phases   ] GC(5) Concurrent Select Relocation Set 2.073ms
[1.896s][info][gc,phases   ] GC(5) Pause Relocate Start 0.004ms
[1.897s][info][gc,phases   ] GC(5) Concurrent Relocate 0.866ms
[1.897s][info][gc,load     ] GC(5) Load: 0.00/0.00/0.00
[1.897s][info][gc,mmu      ] GC(5) MMU: 2ms/99.3%, 5ms/99.6%, 10ms/99.8%, 20ms/99.9%, 50ms/99.9%, 100ms/100.0%
[1.897s][info][gc,marking  ] GC(5) Mark: 2 stripe(s), 1 proactive flush(es), 1 terminate flush(es), 0 completion(s), 0 continuation(s) 
[1.897s][info][gc,marking  ] GC(5) Mark Stack Usage: 32M
[1.897s][info][gc,nmethod  ] GC(5) NMethods: 384 registered, 0 unregistered
[1.897s][info][gc,metaspace] GC(5) Metaspace: 1M used, 1M committed, 1088M reserved
[1.897s][info][gc,ref      ] GC(5) Soft: 118 encountered, 0 discovered, 0 enqueued
[1.897s][info][gc,ref      ] GC(5) Weak: 170 encountered, 8 discovered, 0 enqueued
[1.897s][info][gc,ref      ] GC(5) Final: 0 encountered, 0 discovered, 0 enqueued
[1.897s][info][gc,ref      ] GC(5) Phantom: 7 encountered, 3 discovered, 0 enqueued
[1.897s][info][gc,reloc    ] GC(5) Small Pages: 342 / 684M, Empty: 0M, Relocated: 1M, In-Place: 0
[1.897s][info][gc,reloc    ] GC(5) Medium Pages: 0 / 0M, Empty: 0M, Relocated: 0M, In-Place: 0
[1.897s][info][gc,reloc    ] GC(5) Large Pages: 0 / 0M, Empty: 0M, Relocated: 0M, In-Place: 0
[1.897s][info][gc,reloc    ] GC(5) Forwarding Usage: 0M
[1.897s][info][gc,heap     ] GC(5) Min Capacity: 4096M(100%)
[1.897s][info][gc,heap     ] GC(5) Max Capacity: 4096M(100%)
[1.897s][info][gc,heap     ] GC(5) Soft Max Capacity: 4096M(100%)
[1.897s][info][gc,heap     ] GC(5)                Mark Start          Mark End        Relocate Start      Relocate End           High               Low         
[1.897s][info][gc,heap     ] GC(5)  Capacity:     4096M (100%)       4096M (100%)       4096M (100%)       4096M (100%)       4096M (100%)       4096M (100%)   
[1.897s][info][gc,heap     ] GC(5)      Free:     3412M (83%)        3412M (83%)        3412M (83%)        3412M (83%)        3412M (83%)        3406M (83%)    
[1.897s][info][gc,heap     ] GC(5)      Used:      684M (17%)         684M (17%)         684M (17%)         684M (17%)         690M (17%)         684M (17%)    
[1.897s][info][gc,heap     ] GC(5)      Live:         -               619M (15%)         619M (15%)         619M (15%)            -                  -          
[1.897s][info][gc,heap     ] GC(5) Allocated:         -                 0M (0%)            0M (0%)            0M (0%)             -                  -          
[1.897s][info][gc,heap     ] GC(5)   Garbage:         -                64M (2%)           64M (2%)           64M (2%)             -                  -          
[1.897s][info][gc,heap     ] GC(5) Reclaimed:         -                  -                 0M (0%)            0M (0%)             -                  -          
[1.897s][info][gc          ] GC(5) Garbage Collection (Timer) 684M(17%)->684M(17%)
[2.182s][info][gc,start    ] GC(6) Garbage Collection (Timer)
[2.182s][info][gc,task     ] GC(6) Using 3 workers
[2.182s][info][gc,phases   ] GC(6) Pause Mark Start 0.006ms
[2.188s][info][gc,phases   ] GC(6) Concurrent Mark 6.355ms
[2.189s][info][gc,phases   ] GC(6) Pause Mark End 0.009ms
[2.189s][info][gc,phases   ] GC(6) Concurrent Mark Free 0.001ms
[2.189s][info][gc,phases   ] GC(6) Concurrent Process Non-Strong References 0.725ms
[2.189s][info][gc,phases   ] GC(6) Concurrent Reset Relocation Set 0.001ms
[2.192s][info][gc,phases   ] GC(6) Concurrent Select Relocation Set 2.096ms
[2.192s][info][gc,phases   ] GC(6) Pause Relocate Start 0.004ms
[2.192s][info][gc,phases   ] GC(6) Concurrent Relocate 0.439ms
[2.192s][info][gc,load     ] GC(6) Load: 0.00/0.00/0.00
[2.192s][info][gc,mmu      ] GC(6) MMU: 2ms/99.3%, 5ms/99.6%, 10ms/99.8%, 20ms/99.9%, 50ms/99.9%, 100ms/100.0%
[2.192s][info][gc,marking  ] GC(6) Mark: 2 stripe(s), 1 proactive flush(es), 1 terminate flush(es), 0 completion(s), 0 continuation(s) 
[2.192s][info][gc,marking  ] GC(6) Mark Stack Usage: 32M
[2.192s][info][gc,nmethod  ] GC(6) NMethods: 384 registered, 0 unregistered
[2.192s][info][gc,metaspace] GC(6) Metaspace: 1M used, 1M committed, 1088M reserved
[2.193s][info][gc,ref      ] GC(6) Soft: 118 encountered, 0 discovered, 0 enqueued
[2.193s][info][gc,ref      ] GC(6) Weak: 170 encountered, 116 discovered, 0 enqueued
[2.193s][info][gc,ref      ] GC(6) Final: 0 encountered, 0 discovered, 0 enqueued
[2.193s][info][gc,ref      ] GC(6) Phantom: 7 encountered, 3 discovered, 0 enqueued
[2.193s][info][gc,reloc    ] GC(6) Small Pages: 342 / 684M, Empty: 0M, Relocated: 1M, In-Place: 0
[2.193s][info][gc,reloc    ] GC(6) Medium Pages: 0 / 0M, Empty: 0M, Relocated: 0M, In-Place: 0
[2.193s][info][gc,reloc    ] GC(6) Large Pages: 0 / 0M, Empty: 0M, Relocated: 0M, In-Place: 0
[2.193s][info][gc,reloc    ] GC(6) Forwarding Usage: 0M
[2.193s][info][gc,heap     ] GC(6) Min Capacity: 4096M(100%)
[2.193s][info][gc,heap     ] GC(6) Max Capacity: 4096M(100%)
[2.193s][info][gc,heap     ] GC(6) Soft Max Capacity: 4096M(100%)
[2.193s][info][gc,heap     ] GC(6)                Mark Start          Mark End        Relocate Start      Relocate End           High               Low         
[2.193s][info][gc,heap     ] GC(6)  Capacity:     4096M (100%)       4096M (100%)       4096M (100%)       4096M (100%)       4096M (100%)       4096M (100%)   
[2.193s][info][gc,heap     ] GC(6)      Free:     3412M (83%)        3412M (83%)        3412M (83%)        3414M (83%)        3414M (83%)        3410M (83%)    
[2.193s][info][gc,heap     ] GC(6)      Used:      684M (17%)         684M (17%)         684M (17%)         682M (17%)         686M (17%)         682M (17%)    
[2.193s][info][gc,heap     ] GC(6)      Live:         -               619M (15%)         619M (15%)         619M (15%)            -                  -          
[2.193s][info][gc,heap     ] GC(6) Allocated:         -                 0M (0%)            0M (0%)            0M (0%)             -                  -          
[2.193s][info][gc,heap     ] GC(6)   Garbage:         -                64M (2%)           64M (2%)           62M (2%)             -                  -          
[2.193s][info][gc,heap     ] GC(6) Reclaimed:         -                  -                 0M (0%)            2M (0%)             -                  -          
[2.193s][info][gc          ] GC(6) Garbage Collection (Timer) 684M(17%)->682M(17%)
[2.481s][info][gc,start    ] GC(7) Garbage Collection (Timer)
[2.481s][info][gc,task     ] GC(7) Using 3 workers
[2.481s][info][gc,phases   ] GC(7) Pause Mark Start 0.006ms
[2.488s][info][gc,phases   ] GC(7) Concurrent Mark 6.312ms
[2.488s][info][gc,phases   ] GC(7) Pause Mark End 0.010ms
[2.488s][info][gc,phases   ] GC(7) Concurrent Mark Free 0.001ms
[2.489s][info][gc,phases   ] GC(7) Concurrent Process Non-Strong References 0.792ms
[2.489s][info][gc,phases   ] GC(7) Concurrent Reset Relocation Set 0.001ms
[2.491s][info][gc,phases   ] GC(7) Concurrent Select Relocation Set 2.140ms
[2.491s][info][gc,phases   ] GC(7) Pause Relocate Start 0.005ms
[2.492s][info][gc,phases   ] GC(7) Concurrent Relocate 0.559ms
[2.492s][info][gc,load     ] GC(7) Load: 0.00/0.00/0.00
[2.492s][info][gc,mmu      ] GC(7) MMU: 2ms/99.3%, 5ms/99.6%, 10ms/99.8%, 20ms/99.9%, 50ms/99.9%, 100ms/100.0%
[2.492s][info][gc,marking  ] GC(7) Mark: 2 stripe(s), 1 proactive flush(es), 1 terminate flush(es), 0 completion(s), 0 continuation(s) 
[2.492s][info][gc,marking  ] GC(7) Mark Stack Usage: 32M
[2.492s][info][gc,nmethod  ] GC(7) NMethods: 384 registered, 0 unregistered
[2.492s][info][gc,metaspace] GC(7) Metaspace: 1M used, 1M committed, 1088M reserved
[2.492s][info][gc,ref      ] GC(7) Soft: 118 encountered, 0 discovered, 0 enqueued
[2.492s][info][gc,ref      ] GC(7) Weak: 170 encountered, 9 discovered, 0 enqueued
[2.492s][info][gc,ref      ] GC(7) Final: 0 encountered, 0 discovered, 0 enqueued
[2.492s][info][gc,ref      ] GC(7) Phantom: 7 encountered, 3 discovered, 0 enqueued
[2.492s][info][gc,reloc    ] GC(7) Small Pages: 341 / 682M, Empty: 0M, Relocated: 1M, In-Place: 0
[2.492s][info][gc,reloc    ] GC(7) Medium Pages: 0 / 0M, Empty: 0M, Relocated: 0M, In-Place: 0
[2.493s][info][gc,reloc    ] GC(7) Large Pages: 0 / 0M, Empty: 0M, Relocated: 0M, In-Place: 0
[2.493s][info][gc,reloc    ] GC(7) Forwarding Usage: 0M
[2.493s][info][gc,heap     ] GC(7) Min Capacity: 4096M(100%)
[2.493s][info][gc,heap     ] GC(7) Max Capacity: 4096M(100%)
[2.493s][info][gc,heap     ] GC(7) Soft Max Capacity: 4096M(100%)
[2.493s][info][gc,heap     ] GC(7)                Mark Start          Mark End        Relocate Start      Relocate End           High               Low         
[2.493s][info][gc,heap     ] GC(7)  Capacity:     4096M (100%)       4096M (100%)       4096M (100%)       4096M (100%)       4096M (100%)       4096M (100%)   
[2.493s][info][gc,heap     ] GC(7)      Free:     3414M (83%)        3414M (83%)        3414M (83%)        3414M (83%)        3414M (83%)        3410M (83%)    
[2.493s][info][gc,heap     ] GC(7)      Used:      682M (17%)         682M (17%)         682M (17%)         682M (17%)         686M (17%)         682M (17%)    
[2.493s][info][gc,heap     ] GC(7)      Live:         -               619M (15%)         619M (15%)         619M (15%)            -                  -          
[2.493s][info][gc,heap     ] GC(7) Allocated:         -                 0M (0%)            0M (0%)            0M (0%)             -                  -          
[2.493s][info][gc,heap     ] GC(7)   Garbage:         -                62M (2%)           62M (2%)           62M (2%)             -                  -          
[2.493s][info][gc,heap     ] GC(7) Reclaimed:         -                  -                 0M (0%)            0M (0%)             -                  -          
[2.493s][info][gc          ] GC(7) Garbage Collection (Timer) 682M(17%)->682M(17%)
[2.783s][info][gc,start    ] GC(8) Garbage Collection (Timer)
[2.783s][info][gc,task     ] GC(8) Using 3 workers
[2.783s][info][gc,phases   ] GC(8) Pause Mark Start 0.006ms
[2.791s][info][gc,phases   ] GC(8) Concurrent Mark 8.396ms
[2.792s][info][gc,phases   ] GC(8) Pause Mark End 0.009ms
[2.792s][info][gc,phases   ] GC(8) Concurrent Mark Free 0.001ms
[2.792s][info][gc,phases   ] GC(8) Concurrent Process Non-Strong References 0.611ms
[2.792s][info][gc,phases   ] GC(8) Concurrent Reset Relocation Set 0.001ms
[2.795s][info][gc,phases   ] GC(8) Concurrent Select Relocation Set 2.659ms
[2.795s][info][gc,phases   ] GC(8) Pause Relocate Start 0.005ms
[2.800s][info][gc,phases   ] GC(8) Concurrent Relocate 4.923ms
[2.800s][info][gc,load     ] GC(8) Load: 0.00/0.00/0.00
[2.800s][info][gc,mmu      ] GC(8) MMU: 2ms/99.3%, 5ms/99.6%, 10ms/99.8%, 20ms/99.9%, 50ms/99.9%, 100ms/100.0%
[2.800s][info][gc,marking  ] GC(8) Mark: 2 stripe(s), 2 proactive flush(es), 1 terminate flush(es), 0 completion(s), 0 continuation(s) 
[2.800s][info][gc,marking  ] GC(8) Mark Stack Usage: 32M
[2.800s][info][gc,nmethod  ] GC(8) NMethods: 463 registered, 0 unregistered
[2.800s][info][gc,metaspace] GC(8) Metaspace: 1M used, 1M committed, 1088M reserved
[2.800s][info][gc,ref      ] GC(8) Soft: 181 encountered, 0 discovered, 0 enqueued
[2.800s][info][gc,ref      ] GC(8) Weak: 296 encountered, 42 discovered, 33 enqueued
[2.800s][info][gc,ref      ] GC(8) Final: 0 encountered, 0 discovered, 0 enqueued
[2.801s][info][gc,ref      ] GC(8) Phantom: 24 encountered, 20 discovered, 17 enqueued
[2.801s][info][gc,reloc    ] GC(8) Small Pages: 372 / 744M, Empty: 0M, Relocated: 3M, In-Place: 0
[2.801s][info][gc,reloc    ] GC(8) Medium Pages: 0 / 0M, Empty: 0M, Relocated: 0M, In-Place: 0
[2.801s][info][gc,reloc    ] GC(8) Large Pages: 0 / 0M, Empty: 0M, Relocated: 0M, In-Place: 0
[2.801s][info][gc,reloc    ] GC(8) Forwarding Usage: 0M
[2.801s][info][gc,heap     ] GC(8) Min Capacity: 4096M(100%)
[2.801s][info][gc,heap     ] GC(8) Max Capacity: 4096M(100%)
[2.801s][info][gc,heap     ] GC(8) Soft Max Capacity: 4096M(100%)
[2.801s][info][gc,heap     ] GC(8)                Mark Start          Mark End        Relocate Start      Relocate End           High               Low         
[2.801s][info][gc,heap     ] GC(8)  Capacity:     4096M (100%)       4096M (100%)       4096M (100%)       4096M (100%)       4096M (100%)       4096M (100%)   
[2.801s][info][gc,heap     ] GC(8)      Free:     3352M (82%)        3350M (82%)        3350M (82%)        3352M (82%)        3352M (82%)        3344M (82%)    
[2.801s][info][gc,heap     ] GC(8)      Used:      744M (18%)         746M (18%)         746M (18%)         744M (18%)         752M (18%)         744M (18%)    
[2.801s][info][gc,heap     ] GC(8)      Live:         -               673M (16%)         673M (16%)         673M (16%)            -                  -          
[2.801s][info][gc,heap     ] GC(8) Allocated:         -                 2M (0%)            2M (0%)            3M (0%)             -                  -          
[2.801s][info][gc,heap     ] GC(8)   Garbage:         -                70M (2%)           70M (2%)           66M (2%)             -                  -          
[2.801s][info][gc,heap     ] GC(8) Reclaimed:         -                  -                 0M (0%)            3M (0%)             -                  -          
[2.801s][info][gc          ] GC(8) Garbage Collection (Timer) 744M(18%)->744M(18%)
[3.081s][info][gc,start    ] GC(9) Garbage Collection (Warmup)
[3.081s][info][gc,task     ] GC(9) Using 3 workers
[3.082s][info][gc,phases   ] GC(9) Pause Mark Start 0.005ms
[3.096s][info][gc,phases   ] GC(9) Concurrent Mark 14.391ms
[3.096s][info][gc,phases   ] GC(9) Pause Mark End 0.009ms
[3.096s][info][gc,phases   ] GC(9) Concurrent Mark Free 0.001ms
[3.097s][info][gc,phases   ] GC(9) Concurrent Process Non-Strong References 0.561ms
[3.097s][info][gc,phases   ] GC(9) Concurrent Reset Relocation Set 0.001ms
[3.099s][info][gc,phases   ] GC(9) Concurrent Select Relocation Set 2.454ms
[3.099s][info][gc,phases   ] GC(9) Pause Relocate Start 0.007ms
[3.103s][info][gc,phases   ] GC(9) Concurrent Relocate 3.718ms
[3.103s][info][gc,load     ] GC(9) Load: 0.00/0.00/0.00
[3.103s][info][gc,mmu      ] GC(9) MMU: 2ms/99.3%, 5ms/99.6%, 10ms/99.8%, 20ms/99.9%, 50ms/99.9%, 100ms/100.0%
[3.103s][info][gc,marking  ] GC(9) Mark: 2 stripe(s), 2 proactive flush(es), 1 terminate flush(es), 0 completion(s), 0 continuation(s) 
[3.103s][info][gc,marking  ] GC(9) Mark Stack Usage: 32M
[3.103s][info][gc,nmethod  ] GC(9) NMethods: 464 registered, 0 unregistered
[3.103s][info][gc,metaspace] GC(9) Metaspace: 1M used, 1M committed, 1088M reserved
[3.104s][info][gc,ref      ] GC(9) Soft: 181 encountered, 0 discovered, 0 enqueued
[3.104s][info][gc,ref      ] GC(9) Weak: 263 encountered, 87 discovered, 0 enqueued
[3.104s][info][gc,ref      ] GC(9) Final: 0 encountered, 0 discovered, 0 enqueued
[3.104s][info][gc,ref      ] GC(9) Phantom: 7 encountered, 3 discovered, 0 enqueued
[3.104s][info][gc,reloc    ] GC(9) Small Pages: 422 / 844M, Empty: 0M, Relocated: 2M, In-Place: 0
[3.104s][info][gc,reloc    ] GC(9) Medium Pages: 0 / 0M, Empty: 0M, Relocated: 0M, In-Place: 0
[3.104s][info][gc,reloc    ] GC(9) Large Pages: 0 / 0M, Empty: 0M, Relocated: 0M, In-Place: 0
[3.104s][info][gc,reloc    ] GC(9) Forwarding Usage: 0M
[3.104s][info][gc,heap     ] GC(9) Min Capacity: 4096M(100%)
[3.104s][info][gc,heap     ] GC(9) Max Capacity: 4096M(100%)
[3.104s][info][gc,heap     ] GC(9) Soft Max Capacity: 4096M(100%)
[3.104s][info][gc,heap     ] GC(9)                Mark Start          Mark End        Relocate Start      Relocate End           High               Low         
[3.104s][info][gc,heap     ] GC(9)  Capacity:     4096M (100%)       4096M (100%)       4096M (100%)       4096M (100%)       4096M (100%)       4096M (100%)   
[3.104s][info][gc,heap     ] GC(9)      Free:     3252M (79%)        3250M (79%)        3250M (79%)        3248M (79%)        3252M (79%)        3242M (79%)    
[3.104s][info][gc,heap     ] GC(9)      Used:      844M (21%)         846M (21%)         846M (21%)         848M (21%)         854M (21%)         844M (21%)    
[3.104s][info][gc,heap     ] GC(9)      Live:         -               767M (19%)         767M (19%)         767M (19%)            -                  -          
[3.104s][info][gc,heap     ] GC(9) Allocated:         -                 2M (0%)            2M (0%)            4M (0%)             -                  -          
[3.104s][info][gc,heap     ] GC(9)   Garbage:         -                76M (2%)           76M (2%)           76M (2%)             -                  -          
[3.104s][info][gc,heap     ] GC(9) Reclaimed:         -                  -                 0M (0%)            0M (0%)             -                  -          
[3.104s][info][gc          ] GC(9) Garbage Collection (Warmup) 844M(21%)->848M(21%)
[3.382s][info][gc,start    ] GC(10) Garbage Collection (Timer)
[3.382s][info][gc,task     ] GC(10) Using 3 workers
[3.382s][info][gc,phases   ] GC(10) Pause Mark Start 0.006ms
[3.400s][info][gc,phases   ] GC(10) Concurrent Mark 17.787ms
[3.400s][info][gc,phases   ] GC(10) Pause Mark End 0.009ms
[3.401s][info][gc,phases   ] GC(10) Concurrent Mark Free 0.001ms
[3.401s][info][gc,phases   ] GC(10) Concurrent Process Non-Strong References 0.791ms
[3.402s][info][gc,phases   ] GC(10) Concurrent Reset Relocation Set 0.001ms
[3.404s][info][gc,phases   ] GC(10) Concurrent Select Relocation Set 2.203ms
[3.404s][info][gc,phases   ] GC(10) Pause Relocate Start 0.006ms
[3.407s][info][gc,phases   ] GC(10) Concurrent Relocate 2.939ms
[3.407s][info][gc,load     ] GC(10) Load: 0.00/0.00/0.00
[3.407s][info][gc,mmu      ] GC(10) MMU: 2ms/99.3%, 5ms/99.6%, 10ms/99.8%, 20ms/99.9%, 50ms/99.9%, 100ms/100.0%
[3.407s][info][gc,marking  ] GC(10) Mark: 2 stripe(s), 2 proactive flush(es), 1 terminate flush(es), 0 completion(s), 0 continuation(s) 
[3.407s][info][gc,marking  ] GC(10) Mark Stack Usage: 32M
[3.407s][info][gc,nmethod  ] GC(10) NMethods: 464 registered, 0 unregistered
[3.407s][info][gc,metaspace] GC(10) Metaspace: 1M used, 1M committed, 1088M reserved
[3.407s][info][gc,ref      ] GC(10) Soft: 181 encountered, 0 discovered, 0 enqueued
[3.407s][info][gc,ref      ] GC(10) Weak: 263 encountered, 83 discovered, 0 enqueued
[3.407s][info][gc,ref      ] GC(10) Final: 0 encountered, 0 discovered, 0 enqueued
[3.407s][info][gc,ref      ] GC(10) Phantom: 7 encountered, 3 discovered, 0 enqueued
[3.407s][info][gc,reloc    ] GC(10) Small Pages: 474 / 948M, Empty: 0M, Relocated: 2M, In-Place: 0
[3.407s][info][gc,reloc    ] GC(10) Medium Pages: 0 / 0M, Empty: 0M, Relocated: 0M, In-Place: 0
[3.407s][info][gc,reloc    ] GC(10) Large Pages: 0 / 0M, Empty: 0M, Relocated: 0M, In-Place: 0
[3.407s][info][gc,reloc    ] GC(10) Forwarding Usage: 0M
[3.407s][info][gc,heap     ] GC(10) Min Capacity: 4096M(100%)
[3.408s][info][gc,heap     ] GC(10) Max Capacity: 4096M(100%)
[3.408s][info][gc,heap     ] GC(10) Soft Max Capacity: 4096M(100%)
[3.408s][info][gc,heap     ] GC(10)                Mark Start          Mark End        Relocate Start      Relocate End           High               Low         
[3.408s][info][gc,heap     ] GC(10)  Capacity:     4096M (100%)       4096M (100%)       4096M (100%)       4096M (100%)       4096M (100%)       4096M (100%)   
[3.408s][info][gc,heap     ] GC(10)      Free:     3148M (77%)        3146M (77%)        3146M (77%)        3146M (77%)        3148M (77%)        3140M (77%)    
[3.408s][info][gc,heap     ] GC(10)      Used:      948M (23%)         950M (23%)         950M (23%)         950M (23%)         956M (23%)         948M (23%)    
[3.408s][info][gc,heap     ] GC(10)      Live:         -               861M (21%)         861M (21%)         861M (21%)            -                  -          
[3.408s][info][gc,heap     ] GC(10) Allocated:         -                 2M (0%)            2M (0%)            2M (0%)             -                  -          
[3.408s][info][gc,heap     ] GC(10)   Garbage:         -                86M (2%)           86M (2%)           86M (2%)             -                  -          
[3.408s][info][gc,heap     ] GC(10) Reclaimed:         -                  -                 0M (0%)            0M (0%)             -                  -          
[3.408s][info][gc          ] GC(10) Garbage Collection (Timer) 948M(23%)->950M(23%)
[3.682s][info][gc,start    ] GC(11) Garbage Collection (Timer)
[3.682s][info][gc,task     ] GC(11) Using 3 workers
[3.682s][info][gc,phases   ] GC(11) Pause Mark Start 0.011ms
[3.696s][info][gc,phases   ] GC(11) Concurrent Mark 14.359ms
[3.696s][info][gc,phases   ] GC(11) Pause Mark End 0.010ms
[3.696s][info][gc,phases   ] GC(11) Concurrent Mark Free 0.001ms
[3.697s][info][gc,phases   ] GC(11) Concurrent Process Non-Strong References 0.599ms
[3.697s][info][gc,phases   ] GC(11) Concurrent Reset Relocation Set 0.001ms
[3.700s][info][gc,phases   ] GC(11) Concurrent Select Relocation Set 2.420ms
[3.700s][info][gc,phases   ] GC(11) Pause Relocate Start 0.006ms
[3.703s][info][gc,phases   ] GC(11) Concurrent Relocate 3.112ms
[3.703s][info][gc,load     ] GC(11) Load: 0.00/0.00/0.00
[3.703s][info][gc,mmu      ] GC(11) MMU: 2ms/99.3%, 5ms/99.6%, 10ms/99.8%, 20ms/99.9%, 50ms/99.9%, 100ms/100.0%
[3.703s][info][gc,marking  ] GC(11) Mark: 2 stripe(s), 2 proactive flush(es), 1 terminate flush(es), 0 completion(s), 0 continuation(s) 
[3.703s][info][gc,marking  ] GC(11) Mark Stack Usage: 32M
[3.703s][info][gc,nmethod  ] GC(11) NMethods: 464 registered, 0 unregistered
[3.703s][info][gc,metaspace] GC(11) Metaspace: 1M used, 1M committed, 1088M reserved
[3.703s][info][gc,ref      ] GC(11) Soft: 181 encountered, 0 discovered, 0 enqueued
[3.703s][info][gc,ref      ] GC(11) Weak: 263 encountered, 95 discovered, 0 enqueued
[3.703s][info][gc,ref      ] GC(11) Final: 0 encountered, 0 discovered, 0 enqueued
[3.703s][info][gc,ref      ] GC(11) Phantom: 7 encountered, 3 discovered, 0 enqueued
[3.703s][info][gc,reloc    ] GC(11) Small Pages: 516 / 1032M, Empty: 0M, Relocated: 3M, In-Place: 0
[3.703s][info][gc,reloc    ] GC(11) Medium Pages: 1 / 32M, Empty: 0M, Relocated: 0M, In-Place: 0
[3.703s][info][gc,reloc    ] GC(11) Large Pages: 0 / 0M, Empty: 0M, Relocated: 0M, In-Place: 0
[3.703s][info][gc,reloc    ] GC(11) Forwarding Usage: 0M
[3.703s][info][gc,heap     ] GC(11) Min Capacity: 4096M(100%)
[3.703s][info][gc,heap     ] GC(11) Max Capacity: 4096M(100%)
[3.703s][info][gc,heap     ] GC(11) Soft Max Capacity: 4096M(100%)
[3.703s][info][gc,heap     ] GC(11)                Mark Start          Mark End        Relocate Start      Relocate End           High               Low         
[3.703s][info][gc,heap     ] GC(11)  Capacity:     4096M (100%)       4096M (100%)       4096M (100%)       4096M (100%)       4096M (100%)       4096M (100%)   
[3.703s][info][gc,heap     ] GC(11)      Free:     3032M (74%)        3030M (74%)        3030M (74%)        3032M (74%)        3032M (74%)        3024M (74%)    
[3.703s][info][gc,heap     ] GC(11)      Used:     1064M (26%)        1066M (26%)        1066M (26%)        1064M (26%)        1072M (26%)        1064M (26%)    
[3.703s][info][gc,heap     ] GC(11)      Live:         -               936M (23%)         936M (23%)         936M (23%)            -                  -          
[3.704s][info][gc,heap     ] GC(11) Allocated:         -                 2M (0%)            2M (0%)            1M (0%)             -                  -          
[3.704s][info][gc,heap     ] GC(11)   Garbage:         -               127M (3%)          127M (3%)          125M (3%)             -                  -          
[3.704s][info][gc,heap     ] GC(11) Reclaimed:         -                  -                 0M (0%)            1M (0%)             -                  -          
[3.704s][info][gc          ] GC(11) Garbage Collection (Timer) 1064M(26%)->1064M(26%)
[3.982s][info][gc,start    ] GC(12) Garbage Collection (Timer)
[3.982s][info][gc,task     ] GC(12) Using 3 workers
[3.982s][info][gc,phases   ] GC(12) Pause Mark Start 0.006ms
[3.997s][info][gc,phases   ] GC(12) Concurrent Mark 15.163ms
[3.997s][info][gc,phases   ] GC(12) Pause Mark End 0.009ms
[3.997s][info][gc,phases   ] GC(12) Concurrent Mark Free 0.001ms
[3.998s][info][gc,phases   ] GC(12) Concurrent Process Non-Strong References 0.577ms
[3.998s][info][gc,phases   ] GC(12) Concurrent Reset Relocation Set 0.001ms
[4.000s][info][gc,phases   ] GC(12) Concurrent Select Relocation Set 2.305ms
[4.001s][info][gc,phases   ] GC(12) Pause Relocate Start 0.006ms
[4.006s][info][gc,phases   ] GC(12) Concurrent Relocate 5.321ms
[4.006s][info][gc,load     ] GC(12) Load: 0.00/0.00/0.00
[4.006s][info][gc,mmu      ] GC(12) MMU: 2ms/99.3%, 5ms/99.6%, 10ms/99.8%, 20ms/99.9%, 50ms/99.9%, 100ms/100.0%
[4.006s][info][gc,marking  ] GC(12) Mark: 2 stripe(s), 2 proactive flush(es), 1 terminate flush(es), 0 completion(s), 0 continuation(s) 
[4.006s][info][gc,marking  ] GC(12) Mark Stack Usage: 32M
[4.006s][info][gc,nmethod  ] GC(12) NMethods: 464 registered, 0 unregistered
[4.006s][info][gc,metaspace] GC(12) Metaspace: 1M used, 1M committed, 1088M reserved
[4.006s][info][gc,ref      ] GC(12) Soft: 181 encountered, 0 discovered, 0 enqueued
[4.006s][info][gc,ref      ] GC(12) Weak: 263 encountered, 92 discovered, 0 enqueued
[4.006s][info][gc,ref      ] GC(12) Final: 0 encountered, 0 discovered, 0 enqueued
[4.006s][info][gc,ref      ] GC(12) Phantom: 7 encountered, 3 discovered, 0 enqueued
[4.006s][info][gc,reloc    ] GC(12) Small Pages: 566 / 1132M, Empty: 0M, Relocated: 4M, In-Place: 0
[4.006s][info][gc,reloc    ] GC(12) Medium Pages: 1 / 32M, Empty: 0M, Relocated: 0M, In-Place: 0
[4.006s][info][gc,reloc    ] GC(12) Large Pages: 0 / 0M, Empty: 0M, Relocated: 0M, In-Place: 0
[4.006s][info][gc,reloc    ] GC(12) Forwarding Usage: 0M
[4.006s][info][gc,heap     ] GC(12) Min Capacity: 4096M(100%)
[4.007s][info][gc,heap     ] GC(12) Max Capacity: 4096M(100%)
[4.007s][info][gc,heap     ] GC(12) Soft Max Capacity: 4096M(100%)
[4.007s][info][gc,heap     ] GC(12)                Mark Start          Mark End        Relocate Start      Relocate End           High               Low         
[4.007s][info][gc,heap     ] GC(12)  Capacity:     4096M (100%)       4096M (100%)       4096M (100%)       4096M (100%)       4096M (100%)       4096M (100%)   
[4.007s][info][gc,heap     ] GC(12)      Free:     2932M (72%)        2930M (72%)        2930M (72%)        2934M (72%)        2934M (72%)        2924M (71%)    
[4.007s][info][gc,heap     ] GC(12)      Used:     1164M (28%)        1166M (28%)        1166M (28%)        1162M (28%)        1172M (29%)        1162M (28%)    
[4.007s][info][gc,heap     ] GC(12)      Live:         -              1028M (25%)        1028M (25%)        1028M (25%)            -                  -          
[4.007s][info][gc,heap     ] GC(12) Allocated:         -                 2M (0%)            2M (0%)            1M (0%)             -                  -          
[4.007s][info][gc,heap     ] GC(12)   Garbage:         -               135M (3%)          135M (3%)          131M (3%)             -                  -          
[4.007s][info][gc,heap     ] GC(12) Reclaimed:         -                  -                 0M (0%)            3M (0%)             -                  -          
[4.007s][info][gc          ] GC(12) Garbage Collection (Timer) 1164M(28%)->1162M(28%)
[4.281s][info][gc,start    ] GC(13) Garbage Collection (Warmup)
[4.281s][info][gc,task     ] GC(13) Using 3 workers
[4.281s][info][gc,phases   ] GC(13) Pause Mark Start 0.006ms
[4.299s][info][gc,phases   ] GC(13) Concurrent Mark 17.250ms
[4.299s][info][gc,phases   ] GC(13) Pause Mark End 0.009ms
[4.299s][info][gc,phases   ] GC(13) Concurrent Mark Free 0.001ms
[4.300s][info][gc,phases   ] GC(13) Concurrent Process Non-Strong References 0.632ms
[4.300s][info][gc,phases   ] GC(13) Concurrent Reset Relocation Set 0.001ms
[4.302s][info][gc,phases   ] GC(13) Concurrent Select Relocation Set 2.311ms
[4.302s][info][gc,phases   ] GC(13) Pause Relocate Start 0.006ms
[4.302s][info][gc,phases   ] GC(13) Concurrent Relocate 0.106ms
[4.302s][info][gc,load     ] GC(13) Load: 0.00/0.00/0.00
[4.302s][info][gc,mmu      ] GC(13) MMU: 2ms/99.3%, 5ms/99.6%, 10ms/99.8%, 20ms/99.9%, 50ms/99.9%, 100ms/100.0%
[4.302s][info][gc,marking  ] GC(13) Mark: 2 stripe(s), 2 proactive flush(es), 1 terminate flush(es), 0 completion(s), 0 continuation(s) 
[4.302s][info][gc,marking  ] GC(13) Mark Stack Usage: 32M
[4.302s][info][gc,nmethod  ] GC(13) NMethods: 464 registered, 0 unregistered
[4.302s][info][gc,metaspace] GC(13) Metaspace: 1M used, 1M committed, 1088M reserved
[4.302s][info][gc,ref      ] GC(13) Soft: 181 encountered, 0 discovered, 0 enqueued
[4.303s][info][gc,ref      ] GC(13) Weak: 263 encountered, 96 discovered, 0 enqueued
[4.303s][info][gc,ref      ] GC(13) Final: 0 encountered, 0 discovered, 0 enqueued
[4.303s][info][gc,ref      ] GC(13) Phantom: 7 encountered, 3 discovered, 0 enqueued
[4.303s][info][gc,reloc    ] GC(13) Small Pages: 612 / 1224M, Empty: 0M, Relocated: 0M, In-Place: 0
[4.303s][info][gc,reloc    ] GC(13) Medium Pages: 1 / 32M, Empty: 0M, Relocated: 0M, In-Place: 0
[4.303s][info][gc,reloc    ] GC(13) Large Pages: 0 / 0M, Empty: 0M, Relocated: 0M, In-Place: 0
[4.303s][info][gc,reloc    ] GC(13) Forwarding Usage: 0M
[4.303s][info][gc,heap     ] GC(13) Min Capacity: 4096M(100%)
[4.303s][info][gc,heap     ] GC(13) Max Capacity: 4096M(100%)
[4.303s][info][gc,heap     ] GC(13) Soft Max Capacity: 4096M(100%)
[4.303s][info][gc,heap     ] GC(13)                Mark Start          Mark End        Relocate Start      Relocate End           High               Low         
[4.303s][info][gc,heap     ] GC(13)  Capacity:     4096M (100%)       4096M (100%)       4096M (100%)       4096M (100%)       4096M (100%)       4096M (100%)   
[4.303s][info][gc,heap     ] GC(13)      Free:     2840M (69%)        2838M (69%)        2838M (69%)        2838M (69%)        2840M (69%)        2838M (69%)    
[4.303s][info][gc,heap     ] GC(13)      Used:     1256M (31%)        1258M (31%)        1258M (31%)        1258M (31%)        1258M (31%)        1256M (31%)    
[4.303s][info][gc,heap     ] GC(13)      Live:         -              1115M (27%)        1115M (27%)        1115M (27%)            -                  -          
[4.303s][info][gc,heap     ] GC(13) Allocated:         -                 2M (0%)            2M (0%)            2M (0%)             -                  -          
[4.303s][info][gc,heap     ] GC(13)   Garbage:         -               140M (3%)          140M (3%)          140M (3%)             -                  -          
[4.303s][info][gc,heap     ] GC(13) Reclaimed:         -                  -                 0M (0%)            0M (0%)             -                  -          
[4.303s][info][gc          ] GC(13) Garbage Collection (Warmup) 1256M(31%)->1258M(31%)
[4.582s][info][gc,start    ] GC(14) Garbage Collection (Timer)
[4.582s][info][gc,task     ] GC(14) Using 3 workers
[4.582s][info][gc,phases   ] GC(14) Pause Mark Start 0.006ms
[4.597s][info][gc,phases   ] GC(14) Concurrent Mark 14.418ms
[4.597s][info][gc,phases   ] GC(14) Pause Mark End 0.008ms
[4.597s][info][gc,phases   ] GC(14) Concurrent Mark Free 0.001ms
[4.598s][info][gc,phases   ] GC(14) Concurrent Process Non-Strong References 0.629ms
[4.598s][info][gc,phases   ] GC(14) Concurrent Reset Relocation Set 0.001ms
[4.600s][info][gc,phases   ] GC(14) Concurrent Select Relocation Set 2.422ms
[4.600s][info][gc,phases   ] GC(14) Pause Relocate Start 0.006ms
[4.603s][info][gc,phases   ] GC(14) Concurrent Relocate 2.338ms
[4.603s][info][gc,load     ] GC(14) Load: 0.00/0.00/0.00
[4.603s][info][gc,mmu      ] GC(14) MMU: 2ms/99.3%, 5ms/99.6%, 10ms/99.8%, 20ms/99.9%, 50ms/99.9%, 100ms/100.0%
[4.603s][info][gc,marking  ] GC(14) Mark: 2 stripe(s), 2 proactive flush(es), 1 terminate flush(es), 0 completion(s), 0 continuation(s) 
[4.603s][info][gc,marking  ] GC(14) Mark Stack Usage: 32M
[4.603s][info][gc,nmethod  ] GC(14) NMethods: 464 registered, 0 unregistered
[4.603s][info][gc,metaspace] GC(14) Metaspace: 1M used, 1M committed, 1088M reserved
[4.603s][info][gc,ref      ] GC(14) Soft: 181 encountered, 0 discovered, 0 enqueued
[4.603s][info][gc,ref      ] GC(14) Weak: 263 encountered, 109 discovered, 0 enqueued
[4.603s][info][gc,ref      ] GC(14) Final: 0 encountered, 0 discovered, 0 enqueued
[4.603s][info][gc,ref      ] GC(14) Phantom: 7 encountered, 3 discovered, 0 enqueued
[4.603s][info][gc,reloc    ] GC(14) Small Pages: 660 / 1320M, Empty: 0M, Relocated: 1M, In-Place: 0
[4.603s][info][gc,reloc    ] GC(14) Medium Pages: 1 / 32M, Empty: 0M, Relocated: 0M, In-Place: 0
[4.603s][info][gc,reloc    ] GC(14) Large Pages: 0 / 0M, Empty: 0M, Relocated: 0M, In-Place: 0
[4.603s][info][gc,reloc    ] GC(14) Forwarding Usage: 0M
[4.603s][info][gc,heap     ] GC(14) Min Capacity: 4096M(100%)
[4.603s][info][gc,heap     ] GC(14) Max Capacity: 4096M(100%)
[4.603s][info][gc,heap     ] GC(14) Soft Max Capacity: 4096M(100%)
[4.603s][info][gc,heap     ] GC(14)                Mark Start          Mark End        Relocate Start      Relocate End           High               Low         
[4.603s][info][gc,heap     ] GC(14)  Capacity:     4096M (100%)       4096M (100%)       4096M (100%)       4096M (100%)       4096M (100%)       4096M (100%)   
[4.603s][info][gc,heap     ] GC(14)      Free:     2744M (67%)        2742M (67%)        2742M (67%)        2740M (67%)        2744M (67%)        2738M (67%)    
[4.603s][info][gc,heap     ] GC(14)      Used:     1352M (33%)        1354M (33%)        1354M (33%)        1356M (33%)        1358M (33%)        1352M (33%)    
[4.603s][info][gc,heap     ] GC(14)      Live:         -              1201M (29%)        1201M (29%)        1201M (29%)            -                  -          
[4.603s][info][gc,heap     ] GC(14) Allocated:         -                 2M (0%)            2M (0%)            4M (0%)             -                  -          
[4.604s][info][gc,heap     ] GC(14)   Garbage:         -               150M (4%)          150M (4%)          150M (4%)             -                  -          
[4.604s][info][gc,heap     ] GC(14) Reclaimed:         -                  -                 0M (0%)            0M (0%)             -                  -          
[4.604s][info][gc          ] GC(14) Garbage Collection (Timer) 1352M(33%)->1356M(33%)
[4.882s][info][gc,start    ] GC(15) Garbage Collection (Timer)
[4.882s][info][gc,task     ] GC(15) Using 3 workers
[4.882s][info][gc,phases   ] GC(15) Pause Mark Start 0.006ms
[4.897s][info][gc,phases   ] GC(15) Concurrent Mark 15.049ms
[4.898s][info][gc,phases   ] GC(15) Pause Mark End 0.009ms
[4.898s][info][gc,phases   ] GC(15) Concurrent Mark Free 0.001ms
[4.899s][info][gc,phases   ] GC(15) Concurrent Process Non-Strong References 0.757ms
[4.899s][info][gc,phases   ] GC(15) Concurrent Reset Relocation Set 0.001ms
[4.901s][info][gc,phases   ] GC(15) Concurrent Select Relocation Set 2.005ms
[4.901s][info][gc,phases   ] GC(15) Pause Relocate Start 0.004ms
[4.904s][info][gc,phases   ] GC(15) Concurrent Relocate 2.940ms
[4.904s][info][gc,load     ] GC(15) Load: 0.00/0.00/0.00
[4.904s][info][gc,mmu      ] GC(15) MMU: 2ms/99.3%, 5ms/99.6%, 10ms/99.8%, 20ms/99.9%, 50ms/99.9%, 100ms/100.0%
[4.904s][info][gc,marking  ] GC(15) Mark: 2 stripe(s), 1 proactive flush(es), 1 terminate flush(es), 0 completion(s), 0 continuation(s) 
[4.904s][info][gc,marking  ] GC(15) Mark Stack Usage: 32M
[4.904s][info][gc,nmethod  ] GC(15) NMethods: 464 registered, 0 unregistered
[4.904s][info][gc,metaspace] GC(15) Metaspace: 1M used, 1M committed, 1088M reserved
[4.904s][info][gc,ref      ] GC(15) Soft: 181 encountered, 0 discovered, 0 enqueued
[4.904s][info][gc,ref      ] GC(15) Weak: 263 encountered, 96 discovered, 0 enqueued
[4.904s][info][gc,ref      ] GC(15) Final: 0 encountered, 0 discovered, 0 enqueued
[4.904s][info][gc,ref      ] GC(15) Phantom: 7 encountered, 1 discovered, 0 enqueued
[4.904s][info][gc,reloc    ] GC(15) Small Pages: 682 / 1364M, Empty: 0M, Relocated: 3M, In-Place: 0
[4.904s][info][gc,reloc    ] GC(15) Medium Pages: 1 / 32M, Empty: 0M, Relocated: 0M, In-Place: 0
[4.904s][info][gc,reloc    ] GC(15) Large Pages: 0 / 0M, Empty: 0M, Relocated: 0M, In-Place: 0
[4.904s][info][gc,reloc    ] GC(15) Forwarding Usage: 0M
[4.904s][info][gc,heap     ] GC(15) Min Capacity: 4096M(100%)
[4.904s][info][gc,heap     ] GC(15) Max Capacity: 4096M(100%)
[4.904s][info][gc,heap     ] GC(15) Soft Max Capacity: 4096M(100%)
[4.904s][info][gc,heap     ] GC(15)                Mark Start          Mark End        Relocate Start      Relocate End           High               Low         
[4.904s][info][gc,heap     ] GC(15)  Capacity:     4096M (100%)       4096M (100%)       4096M (100%)       4096M (100%)       4096M (100%)       4096M (100%)   
[4.904s][info][gc,heap     ] GC(15)      Free:     2700M (66%)        2700M (66%)        2700M (66%)        2702M (66%)        2702M (66%)        2694M (66%)    
[4.904s][info][gc,heap     ] GC(15)      Used:     1396M (34%)        1396M (34%)        1396M (34%)        1394M (34%)        1402M (34%)        1394M (34%)    
[4.904s][info][gc,heap     ] GC(15)      Live:         -              1240M (30%)        1240M (30%)        1240M (30%)            -                  -          
[4.905s][info][gc,heap     ] GC(15) Allocated:         -                 0M (0%)            0M (0%)            0M (0%)             -                  -          
[4.905s][info][gc,heap     ] GC(15)   Garbage:         -               155M (4%)          155M (4%)          153M (4%)             -                  -          
[4.905s][info][gc,heap     ] GC(15) Reclaimed:         -                  -                 0M (0%)            2M (0%)             -                  -          
[4.905s][info][gc          ] GC(15) Garbage Collection (Timer) 1396M(34%)->1394M(34%)
[5.182s][info][gc,start    ] GC(16) Garbage Collection (Timer)
[5.182s][info][gc,task     ] GC(16) Using 3 workers
[5.182s][info][gc,phases   ] GC(16) Pause Mark Start 0.006ms
[5.192s][info][gc,phases   ] GC(16) Concurrent Mark 10.133ms
[5.192s][info][gc,phases   ] GC(16) Pause Mark End 0.011ms
[5.193s][info][gc,phases   ] GC(16) Concurrent Mark Free 0.001ms
[5.193s][info][gc,phases   ] GC(16) Concurrent Process Non-Strong References 0.807ms
[5.193s][info][gc,phases   ] GC(16) Concurrent Reset Relocation Set 0.001ms
[5.196s][info][gc,phases   ] GC(16) Concurrent Select Relocation Set 2.109ms
[5.196s][info][gc,phases   ] GC(16) Pause Relocate Start 0.005ms
[5.196s][info][gc,phases   ] GC(16) Concurrent Relocate 0.449ms
[5.196s][info][gc,load     ] GC(16) Load: 0.00/0.00/0.00
[5.196s][info][gc,mmu      ] GC(16) MMU: 2ms/99.3%, 5ms/99.6%, 10ms/99.8%, 20ms/99.9%, 50ms/99.9%, 100ms/100.0%
[5.196s][info][gc,marking  ] GC(16) Mark: 2 stripe(s), 1 proactive flush(es), 1 terminate flush(es), 0 completion(s), 0 continuation(s) 
[5.196s][info][gc,marking  ] GC(16) Mark Stack Usage: 32M
[5.196s][info][gc,nmethod  ] GC(16) NMethods: 464 registered, 0 unregistered
[5.196s][info][gc,metaspace] GC(16) Metaspace: 1M used, 1M committed, 1088M reserved
[5.196s][info][gc,ref      ] GC(16) Soft: 181 encountered, 0 discovered, 0 enqueued
[5.196s][info][gc,ref      ] GC(16) Weak: 263 encountered, 96 discovered, 0 enqueued
[5.196s][info][gc,ref      ] GC(16) Final: 0 encountered, 0 discovered, 0 enqueued
[5.196s][info][gc,ref      ] GC(16) Phantom: 7 encountered, 4 discovered, 0 enqueued
[5.196s][info][gc,reloc    ] GC(16) Small Pages: 681 / 1362M, Empty: 0M, Relocated: 3M, In-Place: 0
[5.197s][info][gc,reloc    ] GC(16) Medium Pages: 1 / 32M, Empty: 0M, Relocated: 0M, In-Place: 0
[5.197s][info][gc,reloc    ] GC(16) Large Pages: 0 / 0M, Empty: 0M, Relocated: 0M, In-Place: 0
[5.197s][info][gc,reloc    ] GC(16) Forwarding Usage: 0M
[5.197s][info][gc,heap     ] GC(16) Min Capacity: 4096M(100%)
[5.197s][info][gc,heap     ] GC(16) Max Capacity: 4096M(100%)
[5.197s][info][gc,heap     ] GC(16) Soft Max Capacity: 4096M(100%)
[5.197s][info][gc,heap     ] GC(16)                Mark Start          Mark End        Relocate Start      Relocate End           High               Low         
[5.197s][info][gc,heap     ] GC(16)  Capacity:     4096M (100%)       4096M (100%)       4096M (100%)       4096M (100%)       4096M (100%)       4096M (100%)   
[5.197s][info][gc,heap     ] GC(16)      Free:     2702M (66%)        2702M (66%)        2702M (66%)        2702M (66%)        2702M (66%)        2696M (66%)    
[5.197s][info][gc,heap     ] GC(16)      Used:     1394M (34%)        1394M (34%)        1394M (34%)        1394M (34%)        1400M (34%)        1394M (34%)    
[5.197s][info][gc,heap     ] GC(16)      Live:         -              1240M (30%)        1240M (30%)        1240M (30%)            -                  -          
[5.197s][info][gc,heap     ] GC(16) Allocated:         -                 0M (0%)            0M (0%)            0M (0%)             -                  -          
[5.197s][info][gc,heap     ] GC(16)   Garbage:         -               153M (4%)          153M (4%)          153M (4%)             -                  -          
[5.197s][info][gc,heap     ] GC(16) Reclaimed:         -                  -                 0M (0%)            0M (0%)             -                  -          
[5.197s][info][gc          ] GC(16) Garbage Collection (Timer) 1394M(34%)->1394M(34%)
[5.482s][info][gc,start    ] GC(17) Garbage Collection (Timer)
[5.482s][info][gc,task     ] GC(17) Using 3 workers
[5.482s][info][gc,phases   ] GC(17) Pause Mark Start 0.006ms
[5.492s][info][gc,phases   ] GC(17) Concurrent Mark 9.454ms
[5.492s][info][gc,phases   ] GC(17) Pause Mark End 0.009ms
[5.492s][info][gc,phases   ] GC(17) Concurrent Mark Free 0.001ms
[5.493s][info][gc,phases   ] GC(17) Concurrent Process Non-Strong References 0.661ms
[5.493s][info][gc,phases   ] GC(17) Concurrent Reset Relocation Set 0.001ms
[5.495s][info][gc,phases   ] GC(17) Concurrent Select Relocation Set 2.105ms
[5.495s][info][gc,phases   ] GC(17) Pause Relocate Start 0.005ms
[5.496s][info][gc,phases   ] GC(17) Concurrent Relocate 0.546ms
[5.496s][info][gc,load     ] GC(17) Load: 0.00/0.00/0.00
[5.496s][info][gc,mmu      ] GC(17) MMU: 2ms/99.3%, 5ms/99.6%, 10ms/99.8%, 20ms/99.9%, 50ms/99.9%, 100ms/100.0%
[5.496s][info][gc,marking  ] GC(17) Mark: 2 stripe(s), 2 proactive flush(es), 1 terminate flush(es), 0 completion(s), 0 continuation(s) 
[5.496s][info][gc,marking  ] GC(17) Mark Stack Usage: 32M
[5.496s][info][gc,nmethod  ] GC(17) NMethods: 464 registered, 0 unregistered
[5.496s][info][gc,metaspace] GC(17) Metaspace: 1M used, 1M committed, 1088M reserved
[5.496s][info][gc,ref      ] GC(17) Soft: 181 encountered, 0 discovered, 0 enqueued
[5.496s][info][gc,ref      ] GC(17) Weak: 263 encountered, 96 discovered, 0 enqueued
[5.496s][info][gc,ref      ] GC(17) Final: 0 encountered, 0 discovered, 0 enqueued
[5.496s][info][gc,ref      ] GC(17) Phantom: 7 encountered, 3 discovered, 0 enqueued
[5.496s][info][gc,reloc    ] GC(17) Small Pages: 681 / 1362M, Empty: 0M, Relocated: 3M, In-Place: 0
[5.496s][info][gc,reloc    ] GC(17) Medium Pages: 1 / 32M, Empty: 0M, Relocated: 0M, In-Place: 0
[5.496s][info][gc,reloc    ] GC(17) Large Pages: 0 / 0M, Empty: 0M, Relocated: 0M, In-Place: 0
[5.496s][info][gc,reloc    ] GC(17) Forwarding Usage: 0M
[5.496s][info][gc,heap     ] GC(17) Min Capacity: 4096M(100%)
[5.496s][info][gc,heap     ] GC(17) Max Capacity: 4096M(100%)
[5.496s][info][gc,heap     ] GC(17) Soft Max Capacity: 4096M(100%)
[5.496s][info][gc,heap     ] GC(17)                Mark Start          Mark End        Relocate Start      Relocate End           High               Low         
[5.496s][info][gc,heap     ] GC(17)  Capacity:     4096M (100%)       4096M (100%)       4096M (100%)       4096M (100%)       4096M (100%)       4096M (100%)   
[5.496s][info][gc,heap     ] GC(17)      Free:     2702M (66%)        2702M (66%)        2702M (66%)        2702M (66%)        2702M (66%)        2696M (66%)    
[5.496s][info][gc,heap     ] GC(17)      Used:     1394M (34%)        1394M (34%)        1394M (34%)        1394M (34%)        1400M (34%)        1394M (34%)    
[5.496s][info][gc,heap     ] GC(17)      Live:         -              1240M (30%)        1240M (30%)        1240M (30%)            -                  -          
[5.496s][info][gc,heap     ] GC(17) Allocated:         -                 0M (0%)            0M (0%)            0M (0%)             -                  -          
[5.496s][info][gc,heap     ] GC(17)   Garbage:         -               153M (4%)          153M (4%)          153M (4%)             -                  -          
[5.496s][info][gc,heap     ] GC(17) Reclaimed:         -                  -                 0M (0%)            0M (0%)             -                  -          
[5.496s][info][gc          ] GC(17) Garbage Collection (Timer) 1394M(34%)->1394M(34%)
[5.783s][info][gc,start    ] GC(18) Garbage Collection (Timer)
[5.783s][info][gc,task     ] GC(18) Using 3 workers
[5.783s][info][gc,phases   ] GC(18) Pause Mark Start 0.006ms
[5.794s][info][gc,phases   ] GC(18) Concurrent Mark 10.691ms
[5.794s][info][gc,phases   ] GC(18) Pause Mark End 0.009ms
[5.794s][info][gc,phases   ] GC(18) Concurrent Mark Free 0.001ms
[5.794s][info][gc,phases   ] GC(18) Concurrent Process Non-Strong References 0.626ms
[5.795s][info][gc,phases   ] GC(18) Concurrent Reset Relocation Set 0.001ms
[5.797s][info][gc,phases   ] GC(18) Concurrent Select Relocation Set 2.467ms
[5.797s][info][gc,phases   ] GC(18) Pause Relocate Start 0.005ms
[5.801s][info][gc,phases   ] GC(18) Concurrent Relocate 3.481ms
[5.801s][info][gc,load     ] GC(18) Load: 0.00/0.00/0.00
[5.801s][info][gc,mmu      ] GC(18) MMU: 2ms/99.3%, 5ms/99.6%, 10ms/99.8%, 20ms/99.9%, 50ms/99.9%, 100ms/100.0%
[5.801s][info][gc,marking  ] GC(18) Mark: 2 stripe(s), 2 proactive flush(es), 1 terminate flush(es), 0 completion(s), 0 continuation(s) 
[5.801s][info][gc,marking  ] GC(18) Mark Stack Usage: 32M
[5.801s][info][gc,nmethod  ] GC(18) NMethods: 474 registered, 0 unregistered
[5.801s][info][gc,metaspace] GC(18) Metaspace: 1M used, 1M committed, 1088M reserved
[5.801s][info][gc,ref      ] GC(18) Soft: 181 encountered, 0 discovered, 0 enqueued
[5.801s][info][gc,ref      ] GC(18) Weak: 263 encountered, 109 discovered, 0 enqueued
[5.801s][info][gc,ref      ] GC(18) Final: 0 encountered, 0 discovered, 0 enqueued
[5.801s][info][gc,ref      ] GC(18) Phantom: 7 encountered, 3 discovered, 0 enqueued
[5.801s][info][gc,reloc    ] GC(18) Small Pages: 688 / 1376M, Empty: 0M, Relocated: 3M, In-Place: 0
[5.801s][info][gc,reloc    ] GC(18) Medium Pages: 1 / 32M, Empty: 0M, Relocated: 0M, In-Place: 0
[5.801s][info][gc,reloc    ] GC(18) Large Pages: 0 / 0M, Empty: 0M, Relocated: 0M, In-Place: 0
[5.801s][info][gc,reloc    ] GC(18) Forwarding Usage: 0M
[5.801s][info][gc,heap     ] GC(18) Min Capacity: 4096M(100%)
[5.801s][info][gc,heap     ] GC(18) Max Capacity: 4096M(100%)
[5.801s][info][gc,heap     ] GC(18) Soft Max Capacity: 4096M(100%)
[5.801s][info][gc,heap     ] GC(18)                Mark Start          Mark End        Relocate Start      Relocate End           High               Low         
[5.801s][info][gc,heap     ] GC(18)  Capacity:     4096M (100%)       4096M (100%)       4096M (100%)       4096M (100%)       4096M (100%)       4096M (100%)   
[5.802s][info][gc,heap     ] GC(18)      Free:     2688M (66%)        2686M (66%)        2684M (66%)        2686M (66%)        2688M (66%)        2678M (65%)    
[5.802s][info][gc,heap     ] GC(18)      Used:     1408M (34%)        1410M (34%)        1412M (34%)        1410M (34%)        1418M (35%)        1408M (34%)    
[5.802s][info][gc,heap     ] GC(18)      Live:         -              1252M (31%)        1252M (31%)        1252M (31%)            -                  -          
[5.802s][info][gc,heap     ] GC(18) Allocated:         -                 2M (0%)            4M (0%)            4M (0%)             -                  -          
[5.802s][info][gc,heap     ] GC(18)   Garbage:         -               155M (4%)          155M (4%)          153M (4%)             -                  -          
[5.802s][info][gc,heap     ] GC(18) Reclaimed:         -                  -                 0M (0%)            2M (0%)             -                  -          
[5.802s][info][gc          ] GC(18) Garbage Collection (Timer) 1408M(34%)->1410M(34%)
[6.083s][info][gc,start    ] GC(19) Garbage Collection (Timer)
[6.083s][info][gc,task     ] GC(19) Using 3 workers
[6.083s][info][gc,phases   ] GC(19) Pause Mark Start 0.006ms
[6.095s][info][gc,phases   ] GC(19) Concurrent Mark 12.486ms
[6.095s][info][gc,phases   ] GC(19) Pause Mark End 0.009ms
[6.096s][info][gc,phases   ] GC(19) Concurrent Mark Free 0.001ms
[6.096s][info][gc,phases   ] GC(19) Concurrent Process Non-Strong References 0.640ms
[6.096s][info][gc,phases   ] GC(19) Concurrent Reset Relocation Set 0.001ms
[6.099s][info][gc,phases   ] GC(19) Concurrent Select Relocation Set 2.340ms
[6.099s][info][gc,phases   ] GC(19) Pause Relocate Start 0.006ms
[6.101s][info][gc,phases   ] GC(19) Concurrent Relocate 2.136ms
[6.101s][info][gc,load     ] GC(19) Load: 0.00/0.00/0.00
[6.101s][info][gc,mmu      ] GC(19) MMU: 2ms/99.3%, 5ms/99.6%, 10ms/99.8%, 20ms/99.9%, 50ms/99.9%, 100ms/100.0%
[6.101s][info][gc,marking  ] GC(19) Mark: 2 stripe(s), 2 proactive flush(es), 1 terminate flush(es), 0 completion(s), 0 continuation(s) 
[6.101s][info][gc,marking  ] GC(19) Mark Stack Usage: 32M
[6.101s][info][gc,nmethod  ] GC(19) NMethods: 474 registered, 0 unregistered
[6.101s][info][gc,metaspace] GC(19) Metaspace: 1M used, 1M committed, 1088M reserved
[6.101s][info][gc,ref      ] GC(19) Soft: 181 encountered, 0 discovered, 0 enqueued
[6.101s][info][gc,ref      ] GC(19) Weak: 263 encountered, 134 discovered, 0 enqueued
[6.101s][info][gc,ref      ] GC(19) Final: 0 encountered, 0 discovered, 0 enqueued
[6.101s][info][gc,ref      ] GC(19) Phantom: 7 encountered, 3 discovered, 0 enqueued
[6.101s][info][gc,reloc    ] GC(19) Small Pages: 730 / 1460M, Empty: 0M, Relocated: 1M, In-Place: 0
[6.101s][info][gc,reloc    ] GC(19) Medium Pages: 2 / 64M, Empty: 32M, Relocated: 0M, In-Place: 0
[6.101s][info][gc,reloc    ] GC(19) Large Pages: 0 / 0M, Empty: 0M, Relocated: 0M, In-Place: 0
[6.101s][info][gc,reloc    ] GC(19) Forwarding Usage: 0M
[6.101s][info][gc,heap     ] GC(19) Min Capacity: 4096M(100%)
[6.101s][info][gc,heap     ] GC(19) Max Capacity: 4096M(100%)
[6.101s][info][gc,heap     ] GC(19) Soft Max Capacity: 4096M(100%)
[6.101s][info][gc,heap     ] GC(19)                Mark Start          Mark End        Relocate Start      Relocate End           High               Low         
[6.102s][info][gc,heap     ] GC(19)  Capacity:     4096M (100%)       4096M (100%)       4096M (100%)       4096M (100%)       4096M (100%)       4096M (100%)   
[6.102s][info][gc,heap     ] GC(19)      Free:     2572M (63%)        2570M (63%)        2602M (64%)        2602M (64%)        2602M (64%)        2570M (63%)    
[6.102s][info][gc,heap     ] GC(19)      Used:     1524M (37%)        1526M (37%)        1494M (36%)        1494M (36%)        1526M (37%)        1494M (36%)    
[6.102s][info][gc,heap     ] GC(19)      Live:         -              1329M (32%)        1329M (32%)        1329M (32%)            -                  -          
[6.102s][info][gc,heap     ] GC(19) Allocated:         -                 2M (0%)            2M (0%)            1M (0%)             -                  -          
[6.102s][info][gc,heap     ] GC(19)   Garbage:         -               194M (5%)          162M (4%)          162M (4%)             -                  -          
[6.102s][info][gc,heap     ] GC(19) Reclaimed:         -                  -                32M (1%)           31M (1%)             -                  -          
[6.102s][info][gc          ] GC(19) Garbage Collection (Timer) 1524M(37%)->1494M(36%)
[6.381s][info][gc,start    ] GC(20) Garbage Collection (Timer)
[6.381s][info][gc,task     ] GC(20) Using 3 workers
[6.381s][info][gc,phases   ] GC(20) Pause Mark Start 0.006ms
[6.396s][info][gc,phases   ] GC(20) Concurrent Mark 14.564ms
[6.396s][info][gc,phases   ] GC(20) Pause Mark End 0.009ms
[6.396s][info][gc,phases   ] GC(20) Concurrent Mark Free 0.001ms
[6.397s][info][gc,phases   ] GC(20) Concurrent Process Non-Strong References 0.596ms
[6.397s][info][gc,phases   ] GC(20) Concurrent Reset Relocation Set 0.001ms
[6.399s][info][gc,phases   ] GC(20) Concurrent Select Relocation Set 2.183ms
[6.399s][info][gc,phases   ] GC(20) Pause Relocate Start 0.005ms
[6.402s][info][gc,phases   ] GC(20) Concurrent Relocate 2.042ms
[6.402s][info][gc,load     ] GC(20) Load: 0.00/0.00/0.00
[6.402s][info][gc,mmu      ] GC(20) MMU: 2ms/99.3%, 5ms/99.6%, 10ms/99.8%, 20ms/99.9%, 50ms/99.9%, 100ms/100.0%
[6.402s][info][gc,marking  ] GC(20) Mark: 2 stripe(s), 2 proactive flush(es), 1 terminate flush(es), 0 completion(s), 0 continuation(s) 
[6.402s][info][gc,marking  ] GC(20) Mark Stack Usage: 32M
[6.402s][info][gc,nmethod  ] GC(20) NMethods: 474 registered, 0 unregistered
[6.402s][info][gc,metaspace] GC(20) Metaspace: 1M used, 1M committed, 1088M reserved
[6.402s][info][gc,ref      ] GC(20) Soft: 181 encountered, 0 discovered, 0 enqueued
[6.402s][info][gc,ref      ] GC(20) Weak: 263 encountered, 94 discovered, 0 enqueued
[6.402s][info][gc,ref      ] GC(20) Final: 0 encountered, 0 discovered, 0 enqueued
[6.402s][info][gc,ref      ] GC(20) Phantom: 7 encountered, 3 discovered, 0 enqueued
[6.402s][info][gc,reloc    ] GC(20) Small Pages: 770 / 1540M, Empty: 0M, Relocated: 1M, In-Place: 0
[6.402s][info][gc,reloc    ] GC(20) Medium Pages: 1 / 32M, Empty: 0M, Relocated: 0M, In-Place: 0
[6.402s][info][gc,reloc    ] GC(20) Large Pages: 0 / 0M, Empty: 0M, Relocated: 0M, In-Place: 0
[6.402s][info][gc,reloc    ] GC(20) Forwarding Usage: 0M
[6.402s][info][gc,heap     ] GC(20) Min Capacity: 4096M(100%)
[6.402s][info][gc,heap     ] GC(20) Max Capacity: 4096M(100%)
[6.402s][info][gc,heap     ] GC(20) Soft Max Capacity: 4096M(100%)
[6.402s][info][gc,heap     ] GC(20)                Mark Start          Mark End        Relocate Start      Relocate End           High               Low         
[6.402s][info][gc,heap     ] GC(20)  Capacity:     4096M (100%)       4096M (100%)       4096M (100%)       4096M (100%)       4096M (100%)       4096M (100%)   
[6.402s][info][gc,heap     ] GC(20)      Free:     2524M (62%)        2522M (62%)        2522M (62%)        2522M (62%)        2524M (62%)        2518M (61%)    
[6.402s][info][gc,heap     ] GC(20)      Used:     1572M (38%)        1574M (38%)        1574M (38%)        1574M (38%)        1578M (39%)        1572M (38%)    
[6.402s][info][gc,heap     ] GC(20)      Live:         -              1402M (34%)        1402M (34%)        1402M (34%)            -                  -          
[6.402s][info][gc,heap     ] GC(20) Allocated:         -                 2M (0%)            2M (0%)            2M (0%)             -                  -          
[6.402s][info][gc,heap     ] GC(20)   Garbage:         -               169M (4%)          169M (4%)          169M (4%)             -                  -          
[6.402s][info][gc,heap     ] GC(20) Reclaimed:         -                  -                 0M (0%)            0M (0%)             -                  -          
[6.402s][info][gc          ] GC(20) Garbage Collection (Timer) 1572M(38%)->1574M(38%)
[6.682s][info][gc,start    ] GC(21) Garbage Collection (Timer)
[6.682s][info][gc,task     ] GC(21) Using 3 workers
[6.682s][info][gc,phases   ] GC(21) Pause Mark Start 0.006ms
[6.698s][info][gc,phases   ] GC(21) Concurrent Mark 16.415ms
[6.698s][info][gc,phases   ] GC(21) Pause Mark End 0.009ms
[6.699s][info][gc,phases   ] GC(21) Concurrent Mark Free 0.001ms
[6.699s][info][gc,phases   ] GC(21) Concurrent Process Non-Strong References 0.530ms
[6.699s][info][gc,phases   ] GC(21) Concurrent Reset Relocation Set 0.001ms
[6.702s][info][gc,phases   ] GC(21) Concurrent Select Relocation Set 2.600ms
[6.702s][info][gc,phases   ] GC(21) Pause Relocate Start 0.007ms
[6.707s][info][gc,phases   ] GC(21) Concurrent Relocate 4.441ms
[6.707s][info][gc,load     ] GC(21) Load: 0.00/0.00/0.00
[6.707s][info][gc,mmu      ] GC(21) MMU: 2ms/99.3%, 5ms/99.6%, 10ms/99.8%, 20ms/99.9%, 50ms/99.9%, 100ms/100.0%
[6.707s][info][gc,marking  ] GC(21) Mark: 2 stripe(s), 2 proactive flush(es), 1 terminate flush(es), 0 completion(s), 0 continuation(s) 
[6.707s][info][gc,marking  ] GC(21) Mark Stack Usage: 32M
[6.707s][info][gc,nmethod  ] GC(21) NMethods: 474 registered, 0 unregistered
[6.707s][info][gc,metaspace] GC(21) Metaspace: 1M used, 1M committed, 1088M reserved
[6.707s][info][gc,ref      ] GC(21) Soft: 181 encountered, 0 discovered, 0 enqueued
[6.707s][info][gc,ref      ] GC(21) Weak: 263 encountered, 98 discovered, 0 enqueued
[6.707s][info][gc,ref      ] GC(21) Final: 0 encountered, 0 discovered, 0 enqueued
[6.707s][info][gc,ref      ] GC(21) Phantom: 7 encountered, 2 discovered, 0 enqueued
[6.707s][info][gc,reloc    ] GC(21) Small Pages: 806 / 1612M, Empty: 0M, Relocated: 3M, In-Place: 0
[6.707s][info][gc,reloc    ] GC(21) Medium Pages: 1 / 32M, Empty: 0M, Relocated: 0M, In-Place: 0
[6.707s][info][gc,reloc    ] GC(21) Large Pages: 0 / 0M, Empty: 0M, Relocated: 0M, In-Place: 0
[6.707s][info][gc,reloc    ] GC(21) Forwarding Usage: 0M
[6.707s][info][gc,heap     ] GC(21) Min Capacity: 4096M(100%)
[6.707s][info][gc,heap     ] GC(21) Max Capacity: 4096M(100%)
[6.707s][info][gc,heap     ] GC(21) Soft Max Capacity: 4096M(100%)
[6.707s][info][gc,heap     ] GC(21)                Mark Start          Mark End        Relocate Start      Relocate End           High               Low         
[6.707s][info][gc,heap     ] GC(21)  Capacity:     4096M (100%)       4096M (100%)       4096M (100%)       4096M (100%)       4096M (100%)       4096M (100%)   
[6.707s][info][gc,heap     ] GC(21)      Free:     2452M (60%)        2450M (60%)        2450M (60%)        2452M (60%)        2452M (60%)        2444M (60%)    
[6.707s][info][gc,heap     ] GC(21)      Used:     1644M (40%)        1646M (40%)        1646M (40%)        1644M (40%)        1652M (40%)        1644M (40%)    
[6.707s][info][gc,heap     ] GC(21)      Live:         -              1467M (36%)        1467M (36%)        1467M (36%)            -                  -          
[6.707s][info][gc,heap     ] GC(21) Allocated:         -                 2M (0%)            2M (0%)            2M (0%)             -                  -          
[6.708s][info][gc,heap     ] GC(21)   Garbage:         -               176M (4%)          176M (4%)          174M (4%)             -                  -          
[6.708s][info][gc,heap     ] GC(21) Reclaimed:         -                  -                 0M (0%)            2M (0%)             -                  -          
[6.708s][info][gc          ] GC(21) Garbage Collection (Timer) 1644M(40%)->1644M(40%)
[6.982s][info][gc,start    ] GC(22) Garbage Collection (Timer)
[6.982s][info][gc,task     ] GC(22) Using 3 workers
[6.982s][info][gc,phases   ] GC(22) Pause Mark Start 0.008ms
[6.998s][info][gc,phases   ] GC(22) Concurrent Mark 15.749ms
[6.998s][info][gc,phases   ] GC(22) Pause Mark End 0.009ms
[6.998s][info][gc,phases   ] GC(22) Concurrent Mark Free 0.001ms
[6.999s][info][gc,phases   ] GC(22) Concurrent Process Non-Strong References 0.661ms
[6.999s][info][gc,phases   ] GC(22) Concurrent Reset Relocation Set 0.001ms
[7.001s][info][gc,phases   ] GC(22) Concurrent Select Relocation Set 2.175ms
[7.001s][info][gc,phases   ] GC(22) Pause Relocate Start 0.005ms
[7.007s][info][gc,phases   ] GC(22) Concurrent Relocate 5.927ms
[7.007s][info][gc,load     ] GC(22) Load: 0.00/0.00/0.00
[7.007s][info][gc,mmu      ] GC(22) MMU: 2ms/99.3%, 5ms/99.6%, 10ms/99.8%, 20ms/99.9%, 50ms/99.9%, 100ms/100.0%
[7.007s][info][gc,marking  ] GC(22) Mark: 2 stripe(s), 2 proactive flush(es), 1 terminate flush(es), 0 completion(s), 0 continuation(s) 
[7.007s][info][gc,marking  ] GC(22) Mark Stack Usage: 32M
[7.007s][info][gc,nmethod  ] GC(22) NMethods: 474 registered, 0 unregistered
[7.007s][info][gc,metaspace] GC(22) Metaspace: 1M used, 1M committed, 1088M reserved
[7.007s][info][gc,ref      ] GC(22) Soft: 181 encountered, 0 discovered, 0 enqueued
[7.007s][info][gc,ref      ] GC(22) Weak: 263 encountered, 91 discovered, 0 enqueued
[7.008s][info][gc,ref      ] GC(22) Final: 0 encountered, 0 discovered, 0 enqueued
[7.008s][info][gc,ref      ] GC(22) Phantom: 7 encountered, 3 discovered, 0 enqueued
[7.008s][info][gc,reloc    ] GC(22) Small Pages: 853 / 1706M, Empty: 0M, Relocated: 5M, In-Place: 0
[7.008s][info][gc,reloc    ] GC(22) Medium Pages: 1 / 32M, Empty: 0M, Relocated: 0M, In-Place: 0
[7.008s][info][gc,reloc    ] GC(22) Large Pages: 0 / 0M, Empty: 0M, Relocated: 0M, In-Place: 0
[7.008s][info][gc,reloc    ] GC(22) Forwarding Usage: 0M
[7.008s][info][gc,heap     ] GC(22) Min Capacity: 4096M(100%)
[7.008s][info][gc,heap     ] GC(22) Max Capacity: 4096M(100%)
[7.008s][info][gc,heap     ] GC(22) Soft Max Capacity: 4096M(100%)
[7.008s][info][gc,heap     ] GC(22)                Mark Start          Mark End        Relocate Start      Relocate End           High               Low         
[7.008s][info][gc,heap     ] GC(22)  Capacity:     4096M (100%)       4096M (100%)       4096M (100%)       4096M (100%)       4096M (100%)       4096M (100%)   
[7.008s][info][gc,heap     ] GC(22)      Free:     2358M (58%)        2356M (58%)        2356M (58%)        2356M (58%)        2358M (58%)        2350M (57%)    
[7.008s][info][gc,heap     ] GC(22)      Used:     1738M (42%)        1740M (42%)        1740M (42%)        1740M (42%)        1746M (43%)        1738M (42%)    
[7.008s][info][gc,heap     ] GC(22)      Live:         -              1554M (38%)        1554M (38%)        1554M (38%)            -                  -          
[7.008s][info][gc,heap     ] GC(22) Allocated:         -                 2M (0%)            2M (0%)            2M (0%)             -                  -          
[7.008s][info][gc,heap     ] GC(22)   Garbage:         -               183M (4%)          183M (4%)          183M (4%)             -                  -          
[7.008s][info][gc,heap     ] GC(22) Reclaimed:         -                  -                 0M (0%)            0M (0%)             -                  -          
[7.008s][info][gc          ] GC(22) Garbage Collection (Timer) 1738M(42%)->1740M(42%)
[7.282s][info][gc,start    ] GC(23) Garbage Collection (Timer)
[7.282s][info][gc,task     ] GC(23) Using 3 workers
[7.282s][info][gc,phases   ] GC(23) Pause Mark Start 0.005ms
[7.299s][info][gc,phases   ] GC(23) Concurrent Mark 16.630ms
[7.299s][info][gc,phases   ] GC(23) Pause Mark End 0.009ms
[7.299s][info][gc,phases   ] GC(23) Concurrent Mark Free 0.001ms
[7.300s][info][gc,phases   ] GC(23) Concurrent Process Non-Strong References 0.610ms
[7.300s][info][gc,phases   ] GC(23) Concurrent Reset Relocation Set 0.001ms
[7.303s][info][gc,phases   ] GC(23) Concurrent Select Relocation Set 2.759ms
[7.303s][info][gc,phases   ] GC(23) Pause Relocate Start 0.005ms
[7.308s][info][gc,phases   ] GC(23) Concurrent Relocate 4.935ms
[7.308s][info][gc,load     ] GC(23) Load: 0.00/0.00/0.00
[7.308s][info][gc,mmu      ] GC(23) MMU: 2ms/99.3%, 5ms/99.6%, 10ms/99.8%, 20ms/99.9%, 50ms/99.9%, 100ms/100.0%
[7.308s][info][gc,marking  ] GC(23) Mark: 2 stripe(s), 2 proactive flush(es), 1 terminate flush(es), 0 completion(s), 0 continuation(s) 
[7.308s][info][gc,marking  ] GC(23) Mark Stack Usage: 32M
[7.308s][info][gc,nmethod  ] GC(23) NMethods: 474 registered, 0 unregistered
[7.308s][info][gc,metaspace] GC(23) Metaspace: 1M used, 1M committed, 1088M reserved
[7.308s][info][gc,ref      ] GC(23) Soft: 181 encountered, 0 discovered, 0 enqueued
[7.308s][info][gc,ref      ] GC(23) Weak: 263 encountered, 96 discovered, 0 enqueued
[7.308s][info][gc,ref      ] GC(23) Final: 0 encountered, 0 discovered, 0 enqueued
[7.308s][info][gc,ref      ] GC(23) Phantom: 7 encountered, 3 discovered, 0 enqueued
[7.308s][info][gc,reloc    ] GC(23) Small Pages: 900 / 1800M, Empty: 0M, Relocated: 3M, In-Place: 0
[7.308s][info][gc,reloc    ] GC(23) Medium Pages: 1 / 32M, Empty: 0M, Relocated: 0M, In-Place: 0
[7.308s][info][gc,reloc    ] GC(23) Large Pages: 0 / 0M, Empty: 0M, Relocated: 0M, In-Place: 0
[7.308s][info][gc,reloc    ] GC(23) Forwarding Usage: 0M
[7.308s][info][gc,heap     ] GC(23) Min Capacity: 4096M(100%)
[7.308s][info][gc,heap     ] GC(23) Max Capacity: 4096M(100%)
[7.308s][info][gc,heap     ] GC(23) Soft Max Capacity: 4096M(100%)
[7.309s][info][gc,heap     ] GC(23)                Mark Start          Mark End        Relocate Start      Relocate End           High               Low         
[7.309s][info][gc,heap     ] GC(23)  Capacity:     4096M (100%)       4096M (100%)       4096M (100%)       4096M (100%)       4096M (100%)       4096M (100%)   
[7.309s][info][gc,heap     ] GC(23)      Free:     2264M (55%)        2262M (55%)        2262M (55%)        2266M (55%)        2266M (55%)        2256M (55%)    
[7.309s][info][gc,heap     ] GC(23)      Used:     1832M (45%)        1834M (45%)        1834M (45%)        1830M (45%)        1840M (45%)        1830M (45%)    
[7.309s][info][gc,heap     ] GC(23)      Live:         -              1639M (40%)        1639M (40%)        1639M (40%)            -                  -          
[7.309s][info][gc,heap     ] GC(23) Allocated:         -                 2M (0%)            2M (0%)            1M (0%)             -                  -          
[7.309s][info][gc,heap     ] GC(23)   Garbage:         -               192M (5%)          192M (5%)          188M (5%)             -                  -          
[7.309s][info][gc,heap     ] GC(23) Reclaimed:         -                  -                 0M (0%)            3M (0%)             -                  -          
[7.309s][info][gc          ] GC(23) Garbage Collection (Timer) 1832M(45%)->1830M(45%)
[7.583s][info][gc,start    ] GC(24) Garbage Collection (Timer)
[7.583s][info][gc,task     ] GC(24) Using 3 workers
[7.583s][info][gc,phases   ] GC(24) Pause Mark Start 0.006ms
[7.602s][info][gc,phases   ] GC(24) Concurrent Mark 19.144ms
[7.602s][info][gc,phases   ] GC(24) Pause Mark End 0.009ms
[7.603s][info][gc,phases   ] GC(24) Concurrent Mark Free 0.001ms
[7.603s][info][gc,phases   ] GC(24) Concurrent Process Non-Strong References 0.612ms
[7.603s][info][gc,phases   ] GC(24) Concurrent Reset Relocation Set 0.001ms
[7.606s][info][gc,phases   ] GC(24) Concurrent Select Relocation Set 2.376ms
[7.606s][info][gc,phases   ] GC(24) Pause Relocate Start 0.006ms
[7.609s][info][gc,phases   ] GC(24) Concurrent Relocate 3.526ms
[7.609s][info][gc,load     ] GC(24) Load: 0.00/0.00/0.00
[7.610s][info][gc,mmu      ] GC(24) MMU: 2ms/99.3%, 5ms/99.6%, 10ms/99.8%, 20ms/99.9%, 50ms/99.9%, 100ms/100.0%
[7.610s][info][gc,marking  ] GC(24) Mark: 2 stripe(s), 2 proactive flush(es), 1 terminate flush(es), 0 completion(s), 0 continuation(s) 
[7.610s][info][gc,marking  ] GC(24) Mark Stack Usage: 32M
[7.610s][info][gc,nmethod  ] GC(24) NMethods: 476 registered, 0 unregistered
[7.610s][info][gc,metaspace] GC(24) Metaspace: 1M used, 1M committed, 1088M reserved
[7.610s][info][gc,ref      ] GC(24) Soft: 181 encountered, 0 discovered, 0 enqueued
[7.610s][info][gc,ref      ] GC(24) Weak: 263 encountered, 173 discovered, 0 enqueued
[7.610s][info][gc,ref      ] GC(24) Final: 0 encountered, 0 discovered, 0 enqueued
[7.610s][info][gc,ref      ] GC(24) Phantom: 7 encountered, 2 discovered, 0 enqueued
[7.610s][info][gc,reloc    ] GC(24) Small Pages: 936 / 1872M, Empty: 0M, Relocated: 1M, In-Place: 0
[7.610s][info][gc,reloc    ] GC(24) Medium Pages: 1 / 32M, Empty: 0M, Relocated: 0M, In-Place: 0
[7.610s][info][gc,reloc    ] GC(24) Large Pages: 0 / 0M, Empty: 0M, Relocated: 0M, In-Place: 0
[7.610s][info][gc,reloc    ] GC(24) Forwarding Usage: 0M
[7.610s][info][gc,heap     ] GC(24) Min Capacity: 4096M(100%)
[7.610s][info][gc,heap     ] GC(24) Max Capacity: 4096M(100%)
[7.610s][info][gc,heap     ] GC(24) Soft Max Capacity: 4096M(100%)
[7.610s][info][gc,heap     ] GC(24)                Mark Start          Mark End        Relocate Start      Relocate End           High               Low         
[7.610s][info][gc,heap     ] GC(24)  Capacity:     4096M (100%)       4096M (100%)       4096M (100%)       4096M (100%)       4096M (100%)       4096M (100%)   
[7.610s][info][gc,heap     ] GC(24)      Free:     2192M (54%)        2190M (53%)        2190M (53%)        2190M (53%)        2192M (54%)        2186M (53%)    
[7.610s][info][gc,heap     ] GC(24)      Used:     1904M (46%)        1906M (47%)        1906M (47%)        1906M (47%)        1910M (47%)        1904M (46%)    
[7.610s][info][gc,heap     ] GC(24)      Live:         -              1708M (42%)        1708M (42%)        1708M (42%)            -                  -          
[7.610s][info][gc,heap     ] GC(24) Allocated:         -                 2M (0%)            2M (0%)            2M (0%)             -                  -          
[7.610s][info][gc,heap     ] GC(24)   Garbage:         -               195M (5%)          195M (5%)          195M (5%)             -                  -          
[7.610s][info][gc,heap     ] GC(24) Reclaimed:         -                  -                 0M (0%)            0M (0%)             -                  -          
[7.610s][info][gc          ] GC(24) Garbage Collection (Timer) 1904M(46%)->1906M(47%)
[7.882s][info][gc,start    ] GC(25) Garbage Collection (Timer)
[7.882s][info][gc,task     ] GC(25) Using 3 workers
[7.882s][info][gc,phases   ] GC(25) Pause Mark Start 0.006ms
[7.902s][info][gc,phases   ] GC(25) Concurrent Mark 19.913ms
[7.903s][info][gc,phases   ] GC(25) Pause Mark End 0.009ms
[7.903s][info][gc,phases   ] GC(25) Concurrent Mark Free 0.001ms
[7.903s][info][gc,phases   ] GC(25) Concurrent Process Non-Strong References 0.519ms
[7.903s][info][gc,phases   ] GC(25) Concurrent Reset Relocation Set 0.001ms
[7.906s][info][gc,phases   ] GC(25) Concurrent Select Relocation Set 2.388ms
[7.906s][info][gc,phases   ] GC(25) Pause Relocate Start 0.006ms
[7.907s][info][gc,phases   ] GC(25) Concurrent Relocate 1.364ms
[7.907s][info][gc,load     ] GC(25) Load: 0.00/0.00/0.00
[7.907s][info][gc,mmu      ] GC(25) MMU: 2ms/99.3%, 5ms/99.6%, 10ms/99.8%, 20ms/99.9%, 50ms/99.9%, 100ms/100.0%
[7.907s][info][gc,marking  ] GC(25) Mark: 2 stripe(s), 2 proactive flush(es), 1 terminate flush(es), 0 completion(s), 0 continuation(s) 
[7.907s][info][gc,marking  ] GC(25) Mark Stack Usage: 32M
[7.907s][info][gc,nmethod  ] GC(25) NMethods: 476 registered, 0 unregistered
[7.907s][info][gc,metaspace] GC(25) Metaspace: 1M used, 1M committed, 1088M reserved
[7.907s][info][gc,ref      ] GC(25) Soft: 181 encountered, 0 discovered, 0 enqueued
[7.907s][info][gc,ref      ] GC(25) Weak: 263 encountered, 173 discovered, 0 enqueued
[7.908s][info][gc,ref      ] GC(25) Final: 0 encountered, 0 discovered, 0 enqueued
[7.908s][info][gc,ref      ] GC(25) Phantom: 7 encountered, 3 discovered, 0 enqueued
[7.908s][info][gc,reloc    ] GC(25) Small Pages: 975 / 1950M, Empty: 0M, Relocated: 1M, In-Place: 0
[7.908s][info][gc,reloc    ] GC(25) Medium Pages: 1 / 32M, Empty: 0M, Relocated: 0M, In-Place: 0
[7.908s][info][gc,reloc    ] GC(25) Large Pages: 0 / 0M, Empty: 0M, Relocated: 0M, In-Place: 0
[7.908s][info][gc,reloc    ] GC(25) Forwarding Usage: 0M
[7.908s][info][gc,heap     ] GC(25) Min Capacity: 4096M(100%)
[7.908s][info][gc,heap     ] GC(25) Max Capacity: 4096M(100%)
[7.908s][info][gc,heap     ] GC(25) Soft Max Capacity: 4096M(100%)
[7.908s][info][gc,heap     ] GC(25)                Mark Start          Mark End        Relocate Start      Relocate End           High               Low         
[7.908s][info][gc,heap     ] GC(25)  Capacity:     4096M (100%)       4096M (100%)       4096M (100%)       4096M (100%)       4096M (100%)       4096M (100%)   
[7.908s][info][gc,heap     ] GC(25)      Free:     2114M (52%)        2112M (52%)        2112M (52%)        2112M (52%)        2114M (52%)        2108M (51%)    
[7.908s][info][gc,heap     ] GC(25)      Used:     1982M (48%)        1984M (48%)        1984M (48%)        1984M (48%)        1988M (49%)        1982M (48%)    
[7.908s][info][gc,heap     ] GC(25)      Live:         -              1778M (43%)        1778M (43%)        1778M (43%)            -                  -          
[7.908s][info][gc,heap     ] GC(25) Allocated:         -                 2M (0%)            2M (0%)            2M (0%)             -                  -          
[7.908s][info][gc,heap     ] GC(25)   Garbage:         -               203M (5%)          203M (5%)          203M (5%)             -                  -          
[7.908s][info][gc,heap     ] GC(25) Reclaimed:         -                  -                 0M (0%)            0M (0%)             -                  -          
[7.908s][info][gc          ] GC(25) Garbage Collection (Timer) 1982M(48%)->1984M(48%)
[8.182s][info][gc,start    ] GC(26) Garbage Collection (Timer)
[8.182s][info][gc,task     ] GC(26) Using 3 workers
[8.182s][info][gc,phases   ] GC(26) Pause Mark Start 0.005ms
[8.198s][info][gc,phases   ] GC(26) Concurrent Mark 16.231ms
[8.198s][info][gc,phases   ] GC(26) Pause Mark End 0.009ms
[8.198s][info][gc,phases   ] GC(26) Concurrent Mark Free 0.001ms
[8.199s][info][gc,phases   ] GC(26) Concurrent Process Non-Strong References 0.538ms
[8.199s][info][gc,phases   ] GC(26) Concurrent Reset Relocation Set 0.001ms
[8.201s][info][gc,phases   ] GC(26) Concurrent Select Relocation Set 2.245ms
[8.202s][info][gc,phases   ] GC(26) Pause Relocate Start 0.006ms
[8.206s][info][gc,phases   ] GC(26) Concurrent Relocate 4.198ms
[8.206s][info][gc,load     ] GC(26) Load: 0.00/0.00/0.00
[8.206s][info][gc,mmu      ] GC(26) MMU: 2ms/99.3%, 5ms/99.6%, 10ms/99.8%, 20ms/99.9%, 50ms/99.9%, 100ms/100.0%
[8.206s][info][gc,marking  ] GC(26) Mark: 2 stripe(s), 2 proactive flush(es), 1 terminate flush(es), 0 completion(s), 0 continuation(s) 
[8.206s][info][gc,marking  ] GC(26) Mark Stack Usage: 32M
[8.206s][info][gc,nmethod  ] GC(26) NMethods: 476 registered, 0 unregistered
[8.206s][info][gc,metaspace] GC(26) Metaspace: 1M used, 1M committed, 1088M reserved
[8.206s][info][gc,ref      ] GC(26) Soft: 181 encountered, 0 discovered, 0 enqueued
[8.206s][info][gc,ref      ] GC(26) Weak: 263 encountered, 101 discovered, 0 enqueued
[8.206s][info][gc,ref      ] GC(26) Final: 0 encountered, 0 discovered, 0 enqueued
[8.206s][info][gc,ref      ] GC(26) Phantom: 7 encountered, 2 discovered, 0 enqueued
[8.206s][info][gc,reloc    ] GC(26) Small Pages: 1010 / 2020M, Empty: 0M, Relocated: 2M, In-Place: 0
[8.206s][info][gc,reloc    ] GC(26) Medium Pages: 1 / 32M, Empty: 0M, Relocated: 0M, In-Place: 0
[8.206s][info][gc,reloc    ] GC(26) Large Pages: 0 / 0M, Empty: 0M, Relocated: 0M, In-Place: 0
[8.206s][info][gc,reloc    ] GC(26) Forwarding Usage: 0M
[8.206s][info][gc,heap     ] GC(26) Min Capacity: 4096M(100%)
[8.206s][info][gc,heap     ] GC(26) Max Capacity: 4096M(100%)
[8.206s][info][gc,heap     ] GC(26) Soft Max Capacity: 4096M(100%)
[8.206s][info][gc,heap     ] GC(26)                Mark Start          Mark End        Relocate Start      Relocate End           High               Low         
[8.206s][info][gc,heap     ] GC(26)  Capacity:     4096M (100%)       4096M (100%)       4096M (100%)       4096M (100%)       4096M (100%)       4096M (100%)   
[8.206s][info][gc,heap     ] GC(26)      Free:     2044M (50%)        2042M (50%)        2042M (50%)        2044M (50%)        2044M (50%)        2036M (50%)    
[8.206s][info][gc,heap     ] GC(26)      Used:     2052M (50%)        2054M (50%)        2054M (50%)        2052M (50%)        2060M (50%)        2052M (50%)    
[8.206s][info][gc,heap     ] GC(26)      Live:         -              1841M (45%)        1841M (45%)        1841M (45%)            -                  -          
[8.207s][info][gc,heap     ] GC(26) Allocated:         -                 2M (0%)            2M (0%)            1M (0%)             -                  -          
[8.207s][info][gc,heap     ] GC(26)   Garbage:         -               210M (5%)          210M (5%)          208M (5%)             -                  -          
[8.207s][info][gc,heap     ] GC(26) Reclaimed:         -                  -                 0M (0%)            1M (0%)             -                  -          
[8.207s][info][gc          ] GC(26) Garbage Collection (Timer) 2052M(50%)->2052M(50%)
[8.482s][info][gc,start    ] GC(27) Garbage Collection (Timer)
[8.482s][info][gc,task     ] GC(27) Using 3 workers
[8.482s][info][gc,phases   ] GC(27) Pause Mark Start 0.007ms
[8.506s][info][gc,phases   ] GC(27) Concurrent Mark 23.668ms
[8.506s][info][gc,phases   ] GC(27) Pause Mark End 0.009ms
[8.506s][info][gc,phases   ] GC(27) Concurrent Mark Free 0.001ms
[8.507s][info][gc,phases   ] GC(27) Concurrent Process Non-Strong References 0.915ms
[8.507s][info][gc,phases   ] GC(27) Concurrent Reset Relocation Set 0.001ms
[8.509s][info][gc,phases   ] GC(27) Concurrent Select Relocation Set 2.121ms
[8.509s][info][gc,phases   ] GC(27) Pause Relocate Start 0.006ms
[8.511s][info][gc,phases   ] GC(27) Concurrent Relocate 1.891ms
[8.511s][info][gc,load     ] GC(27) Load: 0.00/0.00/0.00
[8.512s][info][gc,mmu      ] GC(27) MMU: 2ms/99.3%, 5ms/99.6%, 10ms/99.8%, 20ms/99.9%, 50ms/99.9%, 100ms/100.0%
[8.512s][info][gc,marking  ] GC(27) Mark: 2 stripe(s), 4 proactive flush(es), 1 terminate flush(es), 0 completion(s), 0 continuation(s) 
[8.512s][info][gc,marking  ] GC(27) Mark Stack Usage: 32M
[8.512s][info][gc,nmethod  ] GC(27) NMethods: 476 registered, 0 unregistered
[8.512s][info][gc,metaspace] GC(27) Metaspace: 1M used, 1M committed, 1088M reserved
[8.512s][info][gc,ref      ] GC(27) Soft: 181 encountered, 0 discovered, 0 enqueued
[8.512s][info][gc,ref      ] GC(27) Weak: 263 encountered, 80 discovered, 0 enqueued
[8.512s][info][gc,ref      ] GC(27) Final: 0 encountered, 0 discovered, 0 enqueued
[8.512s][info][gc,ref      ] GC(27) Phantom: 7 encountered, 3 discovered, 0 enqueued
[8.512s][info][gc,reloc    ] GC(27) Small Pages: 1016 / 2032M, Empty: 0M, Relocated: 1M, In-Place: 0
[8.512s][info][gc,reloc    ] GC(27) Medium Pages: 1 / 32M, Empty: 0M, Relocated: 0M, In-Place: 0
[8.512s][info][gc,reloc    ] GC(27) Large Pages: 0 / 0M, Empty: 0M, Relocated: 0M, In-Place: 0
[8.512s][info][gc,reloc    ] GC(27) Forwarding Usage: 0M
[8.512s][info][gc,heap     ] GC(27) Min Capacity: 4096M(100%)
[8.512s][info][gc,heap     ] GC(27) Max Capacity: 4096M(100%)
[8.512s][info][gc,heap     ] GC(27) Soft Max Capacity: 4096M(100%)
[8.512s][info][gc,heap     ] GC(27)                Mark Start          Mark End        Relocate Start      Relocate End           High               Low         
[8.512s][info][gc,heap     ] GC(27)  Capacity:     4096M (100%)       4096M (100%)       4096M (100%)       4096M (100%)       4096M (100%)       4096M (100%)   
[8.512s][info][gc,heap     ] GC(27)      Free:     2032M (50%)        2032M (50%)        2032M (50%)        2032M (50%)        2032M (50%)        2028M (50%)    
[8.512s][info][gc,heap     ] GC(27)      Used:     2064M (50%)        2064M (50%)        2064M (50%)        2064M (50%)        2068M (50%)        2064M (50%)    
[8.512s][info][gc,heap     ] GC(27)      Live:         -              1853M (45%)        1853M (45%)        1853M (45%)            -                  -          
[8.512s][info][gc,heap     ] GC(27) Allocated:         -                 0M (0%)            0M (0%)            0M (0%)             -                  -          
[8.512s][info][gc,heap     ] GC(27)   Garbage:         -               210M (5%)          210M (5%)          210M (5%)             -                  -          
[8.512s][info][gc,heap     ] GC(27) Reclaimed:         -                  -                 0M (0%)            0M (0%)             -                  -          
[8.512s][info][gc          ] GC(27) Garbage Collection (Timer) 2064M(50%)->2064M(50%)
[8.782s][info][gc,start    ] GC(28) Garbage Collection (Timer)
[8.782s][info][gc,task     ] GC(28) Using 3 workers
[8.783s][info][gc,phases   ] GC(28) Pause Mark Start 0.006ms
[8.802s][info][gc,phases   ] GC(28) Concurrent Mark 19.784ms
[8.803s][info][gc,phases   ] GC(28) Pause Mark End 0.009ms
[8.803s][info][gc,phases   ] GC(28) Concurrent Mark Free 0.001ms
[8.803s][info][gc,phases   ] GC(28) Concurrent Process Non-Strong References 0.595ms
[8.803s][info][gc,phases   ] GC(28) Concurrent Reset Relocation Set 0.001ms
[8.805s][info][gc,phases   ] GC(28) Concurrent Select Relocation Set 2.062ms
[8.805s][info][gc,phases   ] GC(28) Pause Relocate Start 0.005ms
[8.806s][info][gc,phases   ] GC(28) Concurrent Relocate 0.155ms
[8.806s][info][gc,load     ] GC(28) Load: 0.00/0.00/0.00
[8.806s][info][gc,mmu      ] GC(28) MMU: 2ms/99.3%, 5ms/99.6%, 10ms/99.8%, 20ms/99.9%, 50ms/99.9%, 100ms/100.0%
[8.806s][info][gc,marking  ] GC(28) Mark: 2 stripe(s), 2 proactive flush(es), 1 terminate flush(es), 0 completion(s), 0 continuation(s) 
[8.806s][info][gc,marking  ] GC(28) Mark Stack Usage: 32M
[8.806s][info][gc,nmethod  ] GC(28) NMethods: 476 registered, 0 unregistered
[8.806s][info][gc,metaspace] GC(28) Metaspace: 1M used, 1M committed, 1088M reserved
[8.806s][info][gc,ref      ] GC(28) Soft: 181 encountered, 0 discovered, 0 enqueued
[8.806s][info][gc,ref      ] GC(28) Weak: 263 encountered, 79 discovered, 0 enqueued
[8.806s][info][gc,ref      ] GC(28) Final: 0 encountered, 0 discovered, 0 enqueued
[8.806s][info][gc,ref      ] GC(28) Phantom: 7 encountered, 4 discovered, 0 enqueued
[8.806s][info][gc,reloc    ] GC(28) Small Pages: 1016 / 2032M, Empty: 0M, Relocated: 1M, In-Place: 0
[8.806s][info][gc,reloc    ] GC(28) Medium Pages: 1 / 32M, Empty: 0M, Relocated: 0M, In-Place: 0
[8.806s][info][gc,reloc    ] GC(28) Large Pages: 0 / 0M, Empty: 0M, Relocated: 0M, In-Place: 0
[8.806s][info][gc,reloc    ] GC(28) Forwarding Usage: 0M
[8.806s][info][gc,heap     ] GC(28) Min Capacity: 4096M(100%)
[8.806s][info][gc,heap     ] GC(28) Max Capacity: 4096M(100%)
[8.806s][info][gc,heap     ] GC(28) Soft Max Capacity: 4096M(100%)
[8.806s][info][gc,heap     ] GC(28)                Mark Start          Mark End        Relocate Start      Relocate End           High               Low         
[8.806s][info][gc,heap     ] GC(28)  Capacity:     4096M (100%)       4096M (100%)       4096M (100%)       4096M (100%)       4096M (100%)       4096M (100%)   
[8.806s][info][gc,heap     ] GC(28)      Free:     2032M (50%)        2032M (50%)        2032M (50%)        2032M (50%)        2032M (50%)        2028M (50%)    
[8.806s][info][gc,heap     ] GC(28)      Used:     2064M (50%)        2064M (50%)        2064M (50%)        2064M (50%)        2068M (50%)        2064M (50%)    
[8.806s][info][gc,heap     ] GC(28)      Live:         -              1853M (45%)        1853M (45%)        1853M (45%)            -                  -          
[8.806s][info][gc,heap     ] GC(28) Allocated:         -                 0M (0%)            0M (0%)            0M (0%)             -                  -          
[8.806s][info][gc,heap     ] GC(28)   Garbage:         -               210M (5%)          210M (5%)          210M (5%)             -                  -          
[8.806s][info][gc,heap     ] GC(28) Reclaimed:         -                  -                 0M (0%)            0M (0%)             -                  -          
[8.806s][info][gc          ] GC(28) Garbage Collection (Timer) 2064M(50%)->2064M(50%)
[9.082s][info][gc,start    ] GC(29) Garbage Collection (Timer)
[9.082s][info][gc,task     ] GC(29) Using 3 workers
[9.082s][info][gc,phases   ] GC(29) Pause Mark Start 0.006ms
[9.100s][info][gc,phases   ] GC(29) Concurrent Mark 17.965ms
[9.100s][info][gc,phases   ] GC(29) Pause Mark End 0.009ms
[9.100s][info][gc,phases   ] GC(29) Concurrent Mark Free 0.001ms
[9.101s][info][gc,phases   ] GC(29) Concurrent Process Non-Strong References 0.819ms
[9.101s][info][gc,phases   ] GC(29) Concurrent Reset Relocation Set 0.001ms
[9.103s][info][gc,phases   ] GC(29) Concurrent Select Relocation Set 2.099ms
[9.103s][info][gc,phases   ] GC(29) Pause Relocate Start 0.005ms
[9.103s][info][gc,phases   ] GC(29) Concurrent Relocate 0.232ms
[9.104s][info][gc,load     ] GC(29) Load: 0.00/0.00/0.00
[9.104s][info][gc,mmu      ] GC(29) MMU: 2ms/99.3%, 5ms/99.6%, 10ms/99.8%, 20ms/99.9%, 50ms/99.9%, 100ms/100.0%
[9.104s][info][gc,marking  ] GC(29) Mark: 2 stripe(s), 3 proactive flush(es), 1 terminate flush(es), 0 completion(s), 0 continuation(s) 
[9.104s][info][gc,marking  ] GC(29) Mark Stack Usage: 32M
[9.104s][info][gc,nmethod  ] GC(29) NMethods: 476 registered, 0 unregistered
[9.104s][info][gc,metaspace] GC(29) Metaspace: 1M used, 1M committed, 1088M reserved
[9.104s][info][gc,ref      ] GC(29) Soft: 181 encountered, 0 discovered, 0 enqueued
[9.104s][info][gc,ref      ] GC(29) Weak: 263 encountered, 76 discovered, 0 enqueued
[9.104s][info][gc,ref      ] GC(29) Final: 0 encountered, 0 discovered, 0 enqueued
[9.104s][info][gc,ref      ] GC(29) Phantom: 7 encountered, 3 discovered, 0 enqueued
[9.104s][info][gc,reloc    ] GC(29) Small Pages: 1016 / 2032M, Empty: 0M, Relocated: 1M, In-Place: 0
[9.104s][info][gc,reloc    ] GC(29) Medium Pages: 1 / 32M, Empty: 0M, Relocated: 0M, In-Place: 0
[9.104s][info][gc,reloc    ] GC(29) Large Pages: 0 / 0M, Empty: 0M, Relocated: 0M, In-Place: 0
[9.104s][info][gc,reloc    ] GC(29) Forwarding Usage: 0M
[9.104s][info][gc,heap     ] GC(29) Min Capacity: 4096M(100%)
[9.104s][info][gc,heap     ] GC(29) Max Capacity: 4096M(100%)
[9.104s][info][gc,heap     ] GC(29) Soft Max Capacity: 4096M(100%)
[9.104s][info][gc,heap     ] GC(29)                Mark Start          Mark End        Relocate Start      Relocate End           High               Low         
[9.104s][info][gc,heap     ] GC(29)  Capacity:     4096M (100%)       4096M (100%)       4096M (100%)       4096M (100%)       4096M (100%)       4096M (100%)   
[9.104s][info][gc,heap     ] GC(29)      Free:     2032M (50%)        2032M (50%)        2032M (50%)        2032M (50%)        2032M (50%)        2028M (50%)    
[9.104s][info][gc,heap     ] GC(29)      Used:     2064M (50%)        2064M (50%)        2064M (50%)        2064M (50%)        2068M (50%)        2064M (50%)    
[9.104s][info][gc,heap     ] GC(29)      Live:         -              1853M (45%)        1853M (45%)        1853M (45%)            -                  -          
[9.104s][info][gc,heap     ] GC(29) Allocated:         -                 0M (0%)            0M (0%)            0M (0%)             -                  -          
[9.104s][info][gc,heap     ] GC(29)   Garbage:         -               210M (5%)          210M (5%)          210M (5%)             -                  -          
[9.104s][info][gc,heap     ] GC(29) Reclaimed:         -                  -                 0M (0%)            0M (0%)             -                  -          
[9.104s][info][gc          ] GC(29) Garbage Collection (Timer) 2064M(50%)->2064M(50%)
[9.382s][info][gc,start    ] GC(30) Garbage Collection (Timer)
[9.382s][info][gc,task     ] GC(30) Using 3 workers
[9.382s][info][gc,phases   ] GC(30) Pause Mark Start 0.006ms
[9.396s][info][gc,phases   ] GC(30) Concurrent Mark 14.162ms
[9.396s][info][gc,phases   ] GC(30) Pause Mark End 0.009ms
[9.396s][info][gc,phases   ] GC(30) Concurrent Mark Free 0.001ms
[9.397s][info][gc,phases   ] GC(30) Concurrent Process Non-Strong References 0.674ms
[9.397s][info][gc,phases   ] GC(30) Concurrent Reset Relocation Set 0.001ms
[9.399s][info][gc,phases   ] GC(30) Concurrent Select Relocation Set 2.215ms
[9.400s][info][gc,phases   ] GC(30) Pause Relocate Start 0.005ms
[9.401s][info][gc,phases   ] GC(30) Concurrent Relocate 1.523ms
[9.401s][info][gc,load     ] GC(30) Load: 0.00/0.00/0.00
[9.401s][info][gc,mmu      ] GC(30) MMU: 2ms/99.3%, 5ms/99.6%, 10ms/99.8%, 20ms/99.9%, 50ms/99.9%, 100ms/100.0%
[9.401s][info][gc,marking  ] GC(30) Mark: 2 stripe(s), 2 proactive flush(es), 1 terminate flush(es), 0 completion(s), 0 continuation(s) 
[9.401s][info][gc,marking  ] GC(30) Mark Stack Usage: 32M
[9.401s][info][gc,nmethod  ] GC(30) NMethods: 487 registered, 0 unregistered
[9.401s][info][gc,metaspace] GC(30) Metaspace: 1M used, 1M committed, 1088M reserved
[9.401s][info][gc,ref      ] GC(30) Soft: 181 encountered, 0 discovered, 0 enqueued
[9.401s][info][gc,ref      ] GC(30) Weak: 263 encountered, 173 discovered, 0 enqueued
[9.401s][info][gc,ref      ] GC(30) Final: 0 encountered, 0 discovered, 0 enqueued
[9.401s][info][gc,ref      ] GC(30) Phantom: 7 encountered, 3 discovered, 0 enqueued
[9.401s][info][gc,reloc    ] GC(30) Small Pages: 1032 / 2064M, Empty: 0M, Relocated: 1M, In-Place: 0
[9.401s][info][gc,reloc    ] GC(30) Medium Pages: 1 / 32M, Empty: 0M, Relocated: 0M, In-Place: 0
[9.402s][info][gc,reloc    ] GC(30) Large Pages: 0 / 0M, Empty: 0M, Relocated: 0M, In-Place: 0
[9.402s][info][gc,reloc    ] GC(30) Forwarding Usage: 0M
[9.402s][info][gc,heap     ] GC(30) Min Capacity: 4096M(100%)
[9.402s][info][gc,heap     ] GC(30) Max Capacity: 4096M(100%)
[9.402s][info][gc,heap     ] GC(30) Soft Max Capacity: 4096M(100%)
[9.402s][info][gc,heap     ] GC(30)                Mark Start          Mark End        Relocate Start      Relocate End           High               Low         
[9.402s][info][gc,heap     ] GC(30)  Capacity:     4096M (100%)       4096M (100%)       4096M (100%)       4096M (100%)       4096M (100%)       4096M (100%)   
[9.402s][info][gc,heap     ] GC(30)      Free:     2000M (49%)        1998M (49%)        1998M (49%)        1998M (49%)        2000M (49%)        1994M (49%)    
[9.402s][info][gc,heap     ] GC(30)      Used:     2096M (51%)        2098M (51%)        2098M (51%)        2098M (51%)        2102M (51%)        2096M (51%)    
[9.402s][info][gc,heap     ] GC(30)      Live:         -              1882M (46%)        1882M (46%)        1882M (46%)            -                  -          
[9.402s][info][gc,heap     ] GC(30) Allocated:         -                 2M (0%)            2M (0%)            2M (0%)             -                  -          
[9.402s][info][gc,heap     ] GC(30)   Garbage:         -               213M (5%)          213M (5%)          213M (5%)             -                  -          
[9.402s][info][gc,heap     ] GC(30) Reclaimed:         -                  -                 0M (0%)            0M (0%)             -                  -          
[9.402s][info][gc          ] GC(30) Garbage Collection (Timer) 2096M(51%)->2098M(51%)
[9.682s][info][gc,start    ] GC(31) Garbage Collection (Timer)
[9.682s][info][gc,task     ] GC(31) Using 3 workers
[9.682s][info][gc,phases   ] GC(31) Pause Mark Start 0.005ms
[9.697s][info][gc,phases   ] GC(31) Concurrent Mark 14.696ms
[9.697s][info][gc,phases   ] GC(31) Pause Mark End 0.009ms
[9.697s][info][gc,phases   ] GC(31) Concurrent Mark Free 0.001ms
[9.698s][info][gc,phases   ] GC(31) Concurrent Process Non-Strong References 0.825ms
[9.698s][info][gc,phases   ] GC(31) Concurrent Reset Relocation Set 0.001ms
[9.701s][info][gc,phases   ] GC(31) Concurrent Select Relocation Set 2.306ms
[9.701s][info][gc,phases   ] GC(31) Pause Relocate Start 0.006ms
[9.706s][info][gc,phases   ] GC(31) Concurrent Relocate 4.706ms
[9.706s][info][gc,load     ] GC(31) Load: 0.00/0.00/0.00
[9.706s][info][gc,mmu      ] GC(31) MMU: 2ms/99.3%, 5ms/99.6%, 10ms/99.8%, 20ms/99.9%, 50ms/99.9%, 100ms/100.0%
[9.706s][info][gc,marking  ] GC(31) Mark: 2 stripe(s), 2 proactive flush(es), 1 terminate flush(es), 0 completion(s), 0 continuation(s) 
[9.706s][info][gc,marking  ] GC(31) Mark Stack Usage: 32M
[9.706s][info][gc,nmethod  ] GC(31) NMethods: 487 registered, 0 unregistered
[9.706s][info][gc,metaspace] GC(31) Metaspace: 1M used, 1M committed, 1088M reserved
[9.706s][info][gc,ref      ] GC(31) Soft: 181 encountered, 0 discovered, 0 enqueued
[9.706s][info][gc,ref      ] GC(31) Weak: 263 encountered, 173 discovered, 0 enqueued
[9.706s][info][gc,ref      ] GC(31) Final: 0 encountered, 0 discovered, 0 enqueued
[9.706s][info][gc,ref      ] GC(31) Phantom: 7 encountered, 3 discovered, 0 enqueued
[9.706s][info][gc,reloc    ] GC(31) Small Pages: 1056 / 2112M, Empty: 0M, Relocated: 3M, In-Place: 0
[9.706s][info][gc,reloc    ] GC(31) Medium Pages: 1 / 32M, Empty: 0M, Relocated: 0M, In-Place: 0
[9.706s][info][gc,reloc    ] GC(31) Large Pages: 0 / 0M, Empty: 0M, Relocated: 0M, In-Place: 0
[9.706s][info][gc,reloc    ] GC(31) Forwarding Usage: 0M
[9.706s][info][gc,heap     ] GC(31) Min Capacity: 4096M(100%)
[9.706s][info][gc,heap     ] GC(31) Max Capacity: 4096M(100%)
[9.706s][info][gc,heap     ] GC(31) Soft Max Capacity: 4096M(100%)
[9.706s][info][gc,heap     ] GC(31)                Mark Start          Mark End        Relocate Start      Relocate End           High               Low         
[9.706s][info][gc,heap     ] GC(31)  Capacity:     4096M (100%)       4096M (100%)       4096M (100%)       4096M (100%)       4096M (100%)       4096M (100%)   
[9.706s][info][gc,heap     ] GC(31)      Free:     1952M (48%)        1950M (48%)        1950M (48%)        1950M (48%)        1952M (48%)        1944M (47%)    
[9.706s][info][gc,heap     ] GC(31)      Used:     2144M (52%)        2146M (52%)        2146M (52%)        2146M (52%)        2152M (53%)        2144M (52%)    
[9.706s][info][gc,heap     ] GC(31)      Live:         -              1925M (47%)        1925M (47%)        1925M (47%)            -                  -          
[9.706s][info][gc,heap     ] GC(31) Allocated:         -                 2M (0%)            2M (0%)            2M (0%)             -                  -          
[9.706s][info][gc,heap     ] GC(31)   Garbage:         -               218M (5%)          218M (5%)          218M (5%)             -                  -          
[9.706s][info][gc,heap     ] GC(31) Reclaimed:         -                  -                 0M (0%)            0M (0%)             -                  -          
[9.706s][info][gc          ] GC(31) Garbage Collection (Timer) 2144M(52%)->2146M(52%)
[9.982s][info][gc,start    ] GC(32) Garbage Collection (Timer)
[9.982s][info][gc,task     ] GC(32) Using 3 workers
[9.982s][info][gc,phases   ] GC(32) Pause Mark Start 0.006ms
[9.999s][info][gc,phases   ] GC(32) Concurrent Mark 15.944ms
[9.999s][info][gc,phases   ] GC(32) Pause Mark End 0.009ms
[9.999s][info][gc,phases   ] GC(32) Concurrent Mark Free 0.001ms
[9.999s][info][gc,phases   ] GC(32) Concurrent Process Non-Strong References 0.484ms
[9.999s][info][gc,phases   ] GC(32) Concurrent Reset Relocation Set 0.001ms
[10.002s][info][gc,phases   ] GC(32) Concurrent Select Relocation Set 2.617ms
[10.002s][info][gc,phases   ] GC(32) Pause Relocate Start 0.006ms
[10.004s][info][gc,phases   ] GC(32) Concurrent Relocate 1.297ms
[10.004s][info][gc,load     ] GC(32) Load: 0.00/0.00/0.00
[10.004s][info][gc,mmu      ] GC(32) MMU: 2ms/99.3%, 5ms/99.6%, 10ms/99.8%, 20ms/99.9%, 50ms/99.9%, 100ms/100.0%
[10.004s][info][gc,marking  ] GC(32) Mark: 2 stripe(s), 2 proactive flush(es), 1 terminate flush(es), 0 completion(s), 0 continuation(s) 
[10.004s][info][gc,marking  ] GC(32) Mark Stack Usage: 32M
[10.004s][info][gc,nmethod  ] GC(32) NMethods: 487 registered, 0 unregistered
[10.004s][info][gc,metaspace] GC(32) Metaspace: 1M used, 1M committed, 1088M reserved
[10.004s][info][gc,ref      ] GC(32) Soft: 181 encountered, 0 discovered, 0 enqueued
[10.004s][info][gc,ref      ] GC(32) Weak: 263 encountered, 171 discovered, 0 enqueued
[10.004s][info][gc,ref      ] GC(32) Final: 0 encountered, 0 discovered, 0 enqueued
[10.004s][info][gc,ref      ] GC(32) Phantom: 7 encountered, 2 discovered, 0 enqueued
[10.004s][info][gc,reloc    ] GC(32) Small Pages: 1077 / 2154M, Empty: 0M, Relocated: 1M, In-Place: 0
[10.004s][info][gc,reloc    ] GC(32) Medium Pages: 2 / 64M, Empty: 32M, Relocated: 0M, In-Place: 0
[10.004s][info][gc,reloc    ] GC(32) Large Pages: 0 / 0M, Empty: 0M, Relocated: 0M, In-Place: 0
[10.004s][info][gc,reloc    ] GC(32) Forwarding Usage: 0M
[10.004s][info][gc,heap     ] GC(32) Min Capacity: 4096M(100%)
[10.004s][info][gc,heap     ] GC(32) Max Capacity: 4096M(100%)
[10.004s][info][gc,heap     ] GC(32) Soft Max Capacity: 4096M(100%)
[10.004s][info][gc,heap     ] GC(32)                Mark Start          Mark End        Relocate Start      Relocate End           High               Low         
[10.004s][info][gc,heap     ] GC(32)  Capacity:     4096M (100%)       4096M (100%)       4096M (100%)       4096M (100%)       4096M (100%)       4096M (100%)   
[10.004s][info][gc,heap     ] GC(32)      Free:     1878M (46%)        1876M (46%)        1908M (47%)        1908M (47%)        1908M (47%)        1876M (46%)    
[10.004s][info][gc,heap     ] GC(32)      Used:     2218M (54%)        2220M (54%)        2188M (53%)        2188M (53%)        2220M (54%)        2188M (53%)    
[10.004s][info][gc,heap     ] GC(32)      Live:         -              1962M (48%)        1962M (48%)        1962M (48%)            -                  -          
[10.004s][info][gc,heap     ] GC(32) Allocated:         -                 2M (0%)            2M (0%)            2M (0%)             -                  -          
[10.004s][info][gc,heap     ] GC(32)   Garbage:         -               255M (6%)          223M (5%)          223M (5%)             -                  -          
[10.004s][info][gc,heap     ] GC(32) Reclaimed:         -                  -                32M (1%)           32M (1%)             -                  -          
[10.004s][info][gc          ] GC(32) Garbage Collection (Timer) 2218M(54%)->2188M(53%)
[10.281s][info][gc,stats    ] === Garbage Collection Statistics =======================================================================================================================
[10.282s][info][gc,stats    ]                                                              Last 10s              Last 10m              Last 10h                Total
[10.282s][info][gc,stats    ]                                                              Avg / Max             Avg / Max             Avg / Max             Avg / Max
[10.282s][info][gc,stats    ]   Collector: Garbage Collection Cycle                     21.616 / 33.510       21.616 / 33.510       21.616 / 33.510       21.616 / 33.510      ms
[10.282s][info][gc,start    ] GC(33) Garbage Collection (Timer)
[10.282s][info][gc,stats    ]  Contention: Mark Segment Reset Contention                     3 / 5                 3 / 5                 3 / 5                 3 / 5           ops/s
[10.282s][info][gc,task     ] GC(33) Using 3 workers
[10.283s][info][gc,stats    ]  Contention: Mark SeqNum Reset Contention                      2 / 3                 2 / 3                 2 / 3                 2 / 3           ops/s
[10.283s][info][gc,stats    ]    Critical: Allocation Stall                                  0 / 0                 0 / 0                 0 / 0                 0 / 0           ops/s
[10.283s][info][gc,stats    ]    Critical: Allocation Stall                              0.000 / 0.000         0.000 / 0.000         0.000 / 0.000         0.000 / 0.000       ms
[10.283s][info][gc,stats    ]    Critical: GC Locker Stall                                   0 / 0                 0 / 0                 0 / 0                 0 / 0           ops/s
[10.283s][info][gc,phases   ] GC(33) Pause Mark Start 0.006ms
[10.283s][info][gc,stats    ]    Critical: GC Locker Stall                               0.000 / 0.000         0.000 / 0.000         0.000 / 0.000         0.000 / 0.000       ms
[10.283s][info][gc,stats    ]    Critical: Relocation Stall                                  0 / 0                 0 / 0                 0 / 0                 0 / 0           ops/s
[10.283s][info][gc,stats    ]    Critical: Relocation Stall                              0.000 / 0.000         0.000 / 0.000         0.000 / 0.000         0.000 / 0.000       ms
[10.283s][info][gc,stats    ]      Memory: Allocation Rate                                 233 / 594             233 / 594             233 / 594             233 / 594         MB/s
[10.283s][info][gc,stats    ]      Memory: Out Of Memory                                     0 / 0                 0 / 0                 0 / 0                 0 / 0           ops/s
[10.283s][info][gc,stats    ]      Memory: Page Cache Flush                                  0 / 0                 0 / 0                 0 / 0                 0 / 0           MB/s
[10.283s][info][gc,stats    ]      Memory: Page Cache Hit L1                                10 / 14               10 / 14               10 / 14               10 / 14          ops/s
[10.283s][info][gc,stats    ]      Memory: Page Cache Hit L2                                 0 / 0                 0 / 0                 0 / 0                 0 / 0           ops/s
[10.283s][info][gc,stats    ]      Memory: Page Cache Hit L3                               110 / 295             110 / 295             110 / 295             110 / 295         ops/s
[10.283s][info][gc,stats    ]      Memory: Page Cache Miss                                   0 / 1                 0 / 1                 0 / 1                 0 / 1           ops/s
[10.283s][info][gc,stats    ]      Memory: Uncommit                                          0 / 0                 0 / 0                 0 / 0                 0 / 0           MB/s
[10.283s][info][gc,stats    ]      Memory: Undo Object Allocation Failed                     0 / 0                 0 / 0                 0 / 0                 0 / 0           ops/s
[10.283s][info][gc,stats    ]      Memory: Undo Object Allocation Succeeded                  0 / 1                 0 / 1                 0 / 1                 0 / 1           ops/s
[10.283s][info][gc,stats    ]      Memory: Undo Page Allocation                              0 / 0                 0 / 0                 0 / 0                 0 / 0           ops/s
[10.283s][info][gc,stats    ]       Phase: Concurrent Mark                              14.835 / 25.001       14.835 / 25.001       14.835 / 25.001       14.835 / 25.001      ms
[10.283s][info][gc,stats    ]       Phase: Concurrent Mark Continue                      0.000 / 0.000         0.000 / 0.000         0.000 / 0.000         0.000 / 0.000       ms
[10.283s][info][gc,stats    ]       Phase: Concurrent Mark Free                          0.001 / 0.001         0.001 / 0.001         0.001 / 0.001         0.001 / 0.001       ms
[10.283s][info][gc,stats    ]       Phase: Concurrent Process Non-Strong References      0.648 / 0.915         0.648 / 0.915         0.648 / 0.915         0.648 / 0.915       ms
[10.283s][info][gc,stats    ]       Phase: Concurrent Relocate                           2.507 / 5.927         2.507 / 5.927         2.507 / 5.927         2.507 / 5.927       ms
[10.283s][info][gc,stats    ]       Phase: Concurrent Reset Relocation Set               0.001 / 0.001         0.001 / 0.001         0.001 / 0.001         0.001 / 0.001       ms
[10.283s][info][gc,stats    ]       Phase: Concurrent Select Relocation Set              2.665 / 11.853        2.665 / 11.853        2.665 / 11.853        2.665 / 11.853      ms
[10.283s][info][gc,stats    ]       Phase: Pause Mark End                                0.009 / 0.015         0.009 / 0.015         0.009 / 0.015         0.009 / 0.015       ms
[10.283s][info][gc,stats    ]       Phase: Pause Mark Start                              0.006 / 0.011         0.006 / 0.011         0.006 / 0.011         0.006 / 0.011       ms
[10.283s][info][gc,stats    ]       Phase: Pause Relocate Start                          0.006 / 0.008         0.006 / 0.008         0.006 / 0.008         0.006 / 0.008       ms
[10.283s][info][gc,stats    ]    Subphase: Concurrent Classes Purge                      0.069 / 0.127         0.069 / 0.127         0.069 / 0.127         0.069 / 0.127       ms
[10.283s][info][gc,stats    ]    Subphase: Concurrent Classes Unlink                     0.227 / 0.318         0.227 / 0.318         0.227 / 0.318         0.227 / 0.318       ms
[10.284s][info][gc,stats    ]    Subphase: Concurrent Mark                              13.896 / 24.505       13.896 / 24.505       13.896 / 24.505       13.896 / 24.505      ms
[10.284s][info][gc,stats    ]    Subphase: Concurrent Mark Try Flush                     0.521 / 7.461         0.521 / 7.461         0.521 / 7.461         0.521 / 7.461       ms
[10.284s][info][gc,stats    ]    Subphase: Concurrent Mark Try Terminate                 1.067 / 2.542         1.067 / 2.542         1.067 / 2.542         1.067 / 2.542       ms
[10.284s][info][gc,stats    ]    Subphase: Concurrent References Enqueue                 0.001 / 0.004         0.001 / 0.004         0.001 / 0.004         0.001 / 0.004       ms
[10.284s][info][gc,stats    ]    Subphase: Concurrent References Process                 0.088 / 0.152         0.088 / 0.152         0.088 / 0.152         0.088 / 0.152       ms
[10.284s][info][gc,stats    ]    Subphase: Concurrent Roots ClassLoaderDataGraph         0.045 / 0.197         0.045 / 0.197         0.045 / 0.197         0.045 / 0.197       ms
[10.284s][info][gc,stats    ]    Subphase: Concurrent Roots CodeCache                    0.000 / 0.000         0.000 / 0.000         0.000 / 0.000         0.000 / 0.000       ms
[10.284s][info][gc,stats    ]    Subphase: Concurrent Roots JavaThreads                  0.181 / 0.636         0.181 / 0.636         0.181 / 0.636         0.181 / 0.636       ms
[10.284s][info][gc,stats    ]    Subphase: Concurrent Roots OopStorageSet                0.011 / 0.054         0.011 / 0.054         0.011 / 0.054         0.011 / 0.054       ms
[10.284s][info][gc,stats    ]    Subphase: Concurrent Weak Roots OopStorageSet           0.096 / 0.189         0.096 / 0.189         0.096 / 0.189         0.096 / 0.189       ms
[10.284s][info][gc,stats    ]    Subphase: Pause Mark Try Complete                       0.000 / 0.000         0.000 / 0.000         0.000 / 0.000         0.000 / 0.000       ms
[10.284s][info][gc,stats    ]      System: Java Threads                                     12 / 14               12 / 14               12 / 14               12 / 14          threads
[10.284s][info][gc,stats    ] =========================================================================================================================================================
[10.300s][info][gc,phases   ] GC(33) Concurrent Mark 17.069ms
[10.300s][info][gc,phases   ] GC(33) Pause Mark End 0.009ms
[10.300s][info][gc,phases   ] GC(33) Concurrent Mark Free 0.001ms
[10.301s][info][gc,phases   ] GC(33) Concurrent Process Non-Strong References 0.665ms
[10.301s][info][gc,phases   ] GC(33) Concurrent Reset Relocation Set 0.001ms
[10.304s][info][gc,phases   ] GC(33) Concurrent Select Relocation Set 2.626ms
[10.304s][info][gc,phases   ] GC(33) Pause Relocate Start 0.007ms
[10.306s][info][gc,phases   ] GC(33) Concurrent Relocate 1.604ms
[10.306s][info][gc,load     ] GC(33) Load: 0.00/0.00/0.00
[10.306s][info][gc,mmu      ] GC(33) MMU: 2ms/99.3%, 5ms/99.6%, 10ms/99.8%, 20ms/99.9%, 50ms/99.9%, 100ms/100.0%
[10.306s][info][gc,marking  ] GC(33) Mark: 2 stripe(s), 2 proactive flush(es), 1 terminate flush(es), 0 completion(s), 0 continuation(s) 
[10.306s][info][gc,marking  ] GC(33) Mark Stack Usage: 32M
[10.306s][info][gc,nmethod  ] GC(33) NMethods: 487 registered, 0 unregistered
[10.306s][info][gc,metaspace] GC(33) Metaspace: 1M used, 1M committed, 1088M reserved
[10.306s][info][gc,ref      ] GC(33) Soft: 181 encountered, 0 discovered, 0 enqueued
[10.306s][info][gc,ref      ] GC(33) Weak: 263 encountered, 173 discovered, 0 enqueued
[10.306s][info][gc,ref      ] GC(33) Final: 0 encountered, 0 discovered, 0 enqueued
[10.306s][info][gc,ref      ] GC(33) Phantom: 7 encountered, 2 discovered, 0 enqueued
[10.306s][info][gc,reloc    ] GC(33) Small Pages: 1104 / 2208M, Empty: 0M, Relocated: 1M, In-Place: 0
[10.306s][info][gc,reloc    ] GC(33) Medium Pages: 1 / 32M, Empty: 0M, Relocated: 0M, In-Place: 0
[10.306s][info][gc,reloc    ] GC(33) Large Pages: 0 / 0M, Empty: 0M, Relocated: 0M, In-Place: 0
[10.306s][info][gc,reloc    ] GC(33) Forwarding Usage: 0M
[10.306s][info][gc,heap     ] GC(33) Min Capacity: 4096M(100%)
[10.306s][info][gc,heap     ] GC(33) Max Capacity: 4096M(100%)
[10.306s][info][gc,heap     ] GC(33) Soft Max Capacity: 4096M(100%)
[10.306s][info][gc,heap     ] GC(33)                Mark Start          Mark End        Relocate Start      Relocate End           High               Low         
[10.306s][info][gc,heap     ] GC(33)  Capacity:     4096M (100%)       4096M (100%)       4096M (100%)       4096M (100%)       4096M (100%)       4096M (100%)   
[10.306s][info][gc,heap     ] GC(33)      Free:     1856M (45%)        1854M (45%)        1854M (45%)        1854M (45%)        1856M (45%)        1848M (45%)    
[10.306s][info][gc,heap     ] GC(33)      Used:     2240M (55%)        2242M (55%)        2242M (55%)        2242M (55%)        2248M (55%)        2240M (55%)    
[10.306s][info][gc,heap     ] GC(33)      Live:         -              2011M (49%)        2011M (49%)        2011M (49%)            -                  -          
[10.306s][info][gc,heap     ] GC(33) Allocated:         -                 2M (0%)            2M (0%)            2M (0%)             -                  -          
[10.306s][info][gc,heap     ] GC(33)   Garbage:         -               228M (6%)          228M (6%)          228M (6%)             -                  -          
[10.306s][info][gc,heap     ] GC(33) Reclaimed:         -                  -                 0M (0%)            0M (0%)             -                  -          
[10.306s][info][gc          ] GC(33) Garbage Collection (Timer) 2240M(55%)->2242M(55%)
[10.582s][info][gc,start    ] GC(34) Garbage Collection (Timer)
[10.582s][info][gc,task     ] GC(34) Using 3 workers
[10.582s][info][gc,phases   ] GC(34) Pause Mark Start 0.006ms
[10.599s][info][gc,phases   ] GC(34) Concurrent Mark 16.481ms
[10.599s][info][gc,phases   ] GC(34) Pause Mark End 0.009ms
[10.599s][info][gc,phases   ] GC(34) Concurrent Mark Free 0.001ms
[10.600s][info][gc,phases   ] GC(34) Concurrent Process Non-Strong References 0.641ms
[10.600s][info][gc,phases   ] GC(34) Concurrent Reset Relocation Set 0.002ms
[10.603s][info][gc,phases   ] GC(34) Concurrent Select Relocation Set 3.124ms
[10.603s][info][gc,phases   ] GC(34) Pause Relocate Start 0.006ms
[10.608s][info][gc,phases   ] GC(34) Concurrent Relocate 4.300ms
[10.608s][info][gc,load     ] GC(34) Load: 0.00/0.00/0.00
[10.608s][info][gc,mmu      ] GC(34) MMU: 2ms/99.3%, 5ms/99.6%, 10ms/99.8%, 20ms/99.9%, 50ms/99.9%, 100ms/100.0%
[10.608s][info][gc,marking  ] GC(34) Mark: 2 stripe(s), 2 proactive flush(es), 1 terminate flush(es), 0 completion(s), 0 continuation(s) 
[10.608s][info][gc,marking  ] GC(34) Mark Stack Usage: 32M
[10.608s][info][gc,nmethod  ] GC(34) NMethods: 487 registered, 0 unregistered
[10.608s][info][gc,metaspace] GC(34) Metaspace: 1M used, 1M committed, 1088M reserved
[10.608s][info][gc,ref      ] GC(34) Soft: 181 encountered, 0 discovered, 0 enqueued
[10.608s][info][gc,ref      ] GC(34) Weak: 263 encountered, 173 discovered, 0 enqueued
[10.608s][info][gc,ref      ] GC(34) Final: 0 encountered, 0 discovered, 0 enqueued
[10.608s][info][gc,ref      ] GC(34) Phantom: 7 encountered, 2 discovered, 0 enqueued
[10.608s][info][gc,reloc    ] GC(34) Small Pages: 1132 / 2264M, Empty: 0M, Relocated: 3M, In-Place: 0
[10.608s][info][gc,reloc    ] GC(34) Medium Pages: 1 / 32M, Empty: 0M, Relocated: 0M, In-Place: 0
[10.608s][info][gc,reloc    ] GC(34) Large Pages: 0 / 0M, Empty: 0M, Relocated: 0M, In-Place: 0
[10.608s][info][gc,reloc    ] GC(34) Forwarding Usage: 0M
[10.608s][info][gc,heap     ] GC(34) Min Capacity: 4096M(100%)
[10.608s][info][gc,heap     ] GC(34) Max Capacity: 4096M(100%)
[10.608s][info][gc,heap     ] GC(34) Soft Max Capacity: 4096M(100%)
[10.608s][info][gc,heap     ] GC(34)                Mark Start          Mark End        Relocate Start      Relocate End           High               Low         
[10.608s][info][gc,heap     ] GC(34)  Capacity:     4096M (100%)       4096M (100%)       4096M (100%)       4096M (100%)       4096M (100%)       4096M (100%)   
[10.608s][info][gc,heap     ] GC(34)      Free:     1800M (44%)        1798M (44%)        1798M (44%)        1802M (44%)        1802M (44%)        1792M (44%)    
[10.608s][info][gc,heap     ] GC(34)      Used:     2296M (56%)        2298M (56%)        2298M (56%)        2294M (56%)        2304M (56%)        2294M (56%)    
[10.609s][info][gc,heap     ] GC(34)      Live:         -              2061M (50%)        2061M (50%)        2061M (50%)            -                  -          
[10.609s][info][gc,heap     ] GC(34) Allocated:         -                 2M (0%)            2M (0%)            1M (0%)             -                  -          
[10.609s][info][gc,heap     ] GC(34)   Garbage:         -               234M (6%)          234M (6%)          230M (6%)             -                  -          
[10.609s][info][gc,heap     ] GC(34) Reclaimed:         -                  -                 0M (0%)            3M (0%)             -                  -          
[10.609s][info][gc          ] GC(34) Garbage Collection (Timer) 2296M(56%)->2294M(56%)
[10.881s][info][gc,start    ] GC(35) Garbage Collection (Timer)
[10.882s][info][gc,task     ] GC(35) Using 3 workers
[10.882s][info][gc,phases   ] GC(35) Pause Mark Start 0.005ms
[10.899s][info][gc,phases   ] GC(35) Concurrent Mark 17.022ms
[10.899s][info][gc,phases   ] GC(35) Pause Mark End 0.009ms
[10.899s][info][gc,phases   ] GC(35) Concurrent Mark Free 0.001ms
[10.900s][info][gc,phases   ] GC(35) Concurrent Process Non-Strong References 0.781ms
[10.900s][info][gc,phases   ] GC(35) Concurrent Reset Relocation Set 0.001ms
[10.902s][info][gc,phases   ] GC(35) Concurrent Select Relocation Set 2.244ms
[10.902s][info][gc,phases   ] GC(35) Pause Relocate Start 0.005ms
[10.905s][info][gc,phases   ] GC(35) Concurrent Relocate 2.479ms
[10.905s][info][gc,load     ] GC(35) Load: 0.00/0.00/0.00
[10.905s][info][gc,mmu      ] GC(35) MMU: 2ms/99.3%, 5ms/99.6%, 10ms/99.8%, 20ms/99.9%, 50ms/99.9%, 100ms/100.0%
[10.905s][info][gc,marking  ] GC(35) Mark: 2 stripe(s), 2 proactive flush(es), 1 terminate flush(es), 0 completion(s), 0 continuation(s) 
[10.905s][info][gc,marking  ] GC(35) Mark Stack Usage: 32M
[10.905s][info][gc,nmethod  ] GC(35) NMethods: 487 registered, 0 unregistered
[10.905s][info][gc,metaspace] GC(35) Metaspace: 1M used, 1M committed, 1088M reserved
[10.905s][info][gc,ref      ] GC(35) Soft: 181 encountered, 0 discovered, 0 enqueued
[10.905s][info][gc,ref      ] GC(35) Weak: 263 encountered, 173 discovered, 0 enqueued
[10.905s][info][gc,ref      ] GC(35) Final: 0 encountered, 0 discovered, 0 enqueued
[10.905s][info][gc,ref      ] GC(35) Phantom: 7 encountered, 3 discovered, 0 enqueued
[10.905s][info][gc,reloc    ] GC(35) Small Pages: 1160 / 2320M, Empty: 0M, Relocated: 1M, In-Place: 0
[10.905s][info][gc,reloc    ] GC(35) Medium Pages: 1 / 32M, Empty: 0M, Relocated: 0M, In-Place: 0
[10.905s][info][gc,reloc    ] GC(35) Large Pages: 0 / 0M, Empty: 0M, Relocated: 0M, In-Place: 0
[10.905s][info][gc,reloc    ] GC(35) Forwarding Usage: 0M
[10.905s][info][gc,heap     ] GC(35) Min Capacity: 4096M(100%)
[10.905s][info][gc,heap     ] GC(35) Max Capacity: 4096M(100%)
[10.905s][info][gc,heap     ] GC(35) Soft Max Capacity: 4096M(100%)
[10.905s][info][gc,heap     ] GC(35)                Mark Start          Mark End        Relocate Start      Relocate End           High               Low         
[10.905s][info][gc,heap     ] GC(35)  Capacity:     4096M (100%)       4096M (100%)       4096M (100%)       4096M (100%)       4096M (100%)       4096M (100%)   
[10.905s][info][gc,heap     ] GC(35)      Free:     1744M (43%)        1742M (43%)        1742M (43%)        1742M (43%)        1744M (43%)        1738M (42%)    
[10.906s][info][gc,heap     ] GC(35)      Used:     2352M (57%)        2354M (57%)        2354M (57%)        2354M (57%)        2358M (58%)        2352M (57%)    
[10.906s][info][gc,heap     ] GC(35)      Live:         -              2116M (52%)        2116M (52%)        2116M (52%)            -                  -          
[10.906s][info][gc,heap     ] GC(35) Allocated:         -                 2M (0%)            2M (0%)            2M (0%)             -                  -          
[10.906s][info][gc,heap     ] GC(35)   Garbage:         -               235M (6%)          235M (6%)          235M (6%)             -                  -          
[10.906s][info][gc,heap     ] GC(35) Reclaimed:         -                  -                 0M (0%)            0M (0%)             -                  -          
[10.906s][info][gc          ] GC(35) Garbage Collection (Timer) 2352M(57%)->2354M(57%)
[11.182s][info][gc,start    ] GC(36) Garbage Collection (Timer)
[11.182s][info][gc,task     ] GC(36) Using 3 workers
[11.183s][info][gc,phases   ] GC(36) Pause Mark Start 0.006ms
[11.205s][info][gc,phases   ] GC(36) Concurrent Mark 22.586ms
[11.205s][info][gc,phases   ] GC(36) Pause Mark End 0.010ms
[11.205s][info][gc,phases   ] GC(36) Concurrent Mark Free 0.001ms
[11.206s][info][gc,phases   ] GC(36) Concurrent Process Non-Strong References 0.548ms
[11.206s][info][gc,phases   ] GC(36) Concurrent Reset Relocation Set 0.004ms
[11.210s][info][gc,phases   ] GC(36) Concurrent Select Relocation Set 3.521ms
[11.210s][info][gc,phases   ] GC(36) Pause Relocate Start 0.008ms
[11.214s][info][gc,phases   ] GC(36) Concurrent Relocate 4.259ms
[11.214s][info][gc,load     ] GC(36) Load: 0.00/0.00/0.00
[11.214s][info][gc,mmu      ] GC(36) MMU: 2ms/99.3%, 5ms/99.6%, 10ms/99.8%, 20ms/99.9%, 50ms/99.9%, 100ms/100.0%
[11.214s][info][gc,marking  ] GC(36) Mark: 2 stripe(s), 2 proactive flush(es), 1 terminate flush(es), 0 completion(s), 0 continuation(s) 
[11.214s][info][gc,marking  ] GC(36) Mark Stack Usage: 32M
[11.214s][info][gc,nmethod  ] GC(36) NMethods: 487 registered, 0 unregistered
[11.214s][info][gc,metaspace] GC(36) Metaspace: 1M used, 1M committed, 1088M reserved
[11.214s][info][gc,ref      ] GC(36) Soft: 181 encountered, 0 discovered, 0 enqueued
[11.215s][info][gc,ref      ] GC(36) Weak: 263 encountered, 173 discovered, 0 enqueued
[11.215s][info][gc,ref      ] GC(36) Final: 0 encountered, 0 discovered, 0 enqueued
[11.215s][info][gc,ref      ] GC(36) Phantom: 7 encountered, 3 discovered, 0 enqueued
[11.215s][info][gc,reloc    ] GC(36) Small Pages: 1185 / 2370M, Empty: 0M, Relocated: 3M, In-Place: 0
[11.215s][info][gc,reloc    ] GC(36) Medium Pages: 1 / 32M, Empty: 0M, Relocated: 0M, In-Place: 0
[11.215s][info][gc,reloc    ] GC(36) Large Pages: 0 / 0M, Empty: 0M, Relocated: 0M, In-Place: 0
[11.215s][info][gc,reloc    ] GC(36) Forwarding Usage: 0M
[11.215s][info][gc,heap     ] GC(36) Min Capacity: 4096M(100%)
[11.215s][info][gc,heap     ] GC(36) Max Capacity: 4096M(100%)
[11.215s][info][gc,heap     ] GC(36) Soft Max Capacity: 4096M(100%)
[11.215s][info][gc,heap     ] GC(36)                Mark Start          Mark End        Relocate Start      Relocate End           High               Low         
[11.215s][info][gc,heap     ] GC(36)  Capacity:     4096M (100%)       4096M (100%)       4096M (100%)       4096M (100%)       4096M (100%)       4096M (100%)   
[11.215s][info][gc,heap     ] GC(36)      Free:     1694M (41%)        1692M (41%)        1692M (41%)        1694M (41%)        1694M (41%)        1686M (41%)    
[11.215s][info][gc,heap     ] GC(36)      Used:     2402M (59%)        2404M (59%)        2404M (59%)        2402M (59%)        2410M (59%)        2402M (59%)    
[11.215s][info][gc,heap     ] GC(36)      Live:         -              2160M (53%)        2160M (53%)        2160M (53%)            -                  -          
[11.215s][info][gc,heap     ] GC(36) Allocated:         -                 2M (0%)            2M (0%)            1M (0%)             -                  -          
[11.215s][info][gc,heap     ] GC(36)   Garbage:         -               241M (6%)          241M (6%)          239M (6%)             -                  -          
[11.215s][info][gc,heap     ] GC(36) Reclaimed:         -                  -                 0M (0%)            1M (0%)             -                  -          
[11.215s][info][gc          ] GC(36) Garbage Collection (Timer) 2402M(59%)->2402M(59%)
[11.482s][info][gc,start    ] GC(37) Garbage Collection (Timer)
[11.482s][info][gc,task     ] GC(37) Using 3 workers
[11.482s][info][gc,phases   ] GC(37) Pause Mark Start 0.006ms
[11.500s][info][gc,phases   ] GC(37) Concurrent Mark 17.751ms
[11.500s][info][gc,phases   ] GC(37) Pause Mark End 0.009ms
[11.501s][info][gc,phases   ] GC(37) Concurrent Mark Free 0.001ms
[11.501s][info][gc,phases   ] GC(37) Concurrent Process Non-Strong References 0.494ms
[11.501s][info][gc,phases   ] GC(37) Concurrent Reset Relocation Set 0.001ms
[11.503s][info][gc,phases   ] GC(37) Concurrent Select Relocation Set 2.154ms
[11.503s][info][gc,phases   ] GC(37) Pause Relocate Start 0.005ms
[11.506s][info][gc,phases   ] GC(37) Concurrent Relocate 2.619ms
[11.506s][info][gc,load     ] GC(37) Load: 0.00/0.00/0.00
[11.506s][info][gc,mmu      ] GC(37) MMU: 2ms/99.3%, 5ms/99.6%, 10ms/99.8%, 20ms/99.9%, 50ms/99.9%, 100ms/100.0%
[11.506s][info][gc,marking  ] GC(37) Mark: 2 stripe(s), 2 proactive flush(es), 1 terminate flush(es), 0 completion(s), 0 continuation(s) 
[11.506s][info][gc,marking  ] GC(37) Mark Stack Usage: 32M
[11.506s][info][gc,nmethod  ] GC(37) NMethods: 487 registered, 0 unregistered
[11.506s][info][gc,metaspace] GC(37) Metaspace: 1M used, 1M committed, 1088M reserved
[11.506s][info][gc,ref      ] GC(37) Soft: 181 encountered, 0 discovered, 0 enqueued
[11.506s][info][gc,ref      ] GC(37) Weak: 263 encountered, 173 discovered, 0 enqueued
[11.506s][info][gc,ref      ] GC(37) Final: 0 encountered, 0 discovered, 0 enqueued
[11.506s][info][gc,ref      ] GC(37) Phantom: 7 encountered, 2 discovered, 0 enqueued
[11.506s][info][gc,reloc    ] GC(37) Small Pages: 1213 / 2426M, Empty: 0M, Relocated: 1M, In-Place: 0
[11.506s][info][gc,reloc    ] GC(37) Medium Pages: 1 / 32M, Empty: 0M, Relocated: 0M, In-Place: 0
[11.506s][info][gc,reloc    ] GC(37) Large Pages: 0 / 0M, Empty: 0M, Relocated: 0M, In-Place: 0
[11.506s][info][gc,reloc    ] GC(37) Forwarding Usage: 0M
[11.506s][info][gc,heap     ] GC(37) Min Capacity: 4096M(100%)
[11.507s][info][gc,heap     ] GC(37) Max Capacity: 4096M(100%)
[11.507s][info][gc,heap     ] GC(37) Soft Max Capacity: 4096M(100%)
[11.507s][info][gc,heap     ] GC(37)                Mark Start          Mark End        Relocate Start      Relocate End           High               Low         
[11.507s][info][gc,heap     ] GC(37)  Capacity:     4096M (100%)       4096M (100%)       4096M (100%)       4096M (100%)       4096M (100%)       4096M (100%)   
[11.507s][info][gc,heap     ] GC(37)      Free:     1638M (40%)        1636M (40%)        1636M (40%)        1636M (40%)        1638M (40%)        1632M (40%)    
[11.507s][info][gc,heap     ] GC(37)      Used:     2458M (60%)        2460M (60%)        2460M (60%)        2460M (60%)        2464M (60%)        2458M (60%)    
[11.507s][info][gc,heap     ] GC(37)      Live:         -              2213M (54%)        2213M (54%)        2213M (54%)            -                  -          
[11.507s][info][gc,heap     ] GC(37) Allocated:         -                 2M (0%)            2M (0%)            2M (0%)             -                  -          
[11.507s][info][gc,heap     ] GC(37)   Garbage:         -               244M (6%)          244M (6%)          244M (6%)             -                  -          
[11.507s][info][gc,heap     ] GC(37) Reclaimed:         -                  -                 0M (0%)            0M (0%)             -                  -          
[11.507s][info][gc          ] GC(37) Garbage Collection (Timer) 2458M(60%)->2460M(60%)
[11.782s][info][gc,start    ] GC(38) Garbage Collection (Timer)
[11.782s][info][gc,task     ] GC(38) Using 3 workers
[11.782s][info][gc,phases   ] GC(38) Pause Mark Start 0.006ms
[11.800s][info][gc,phases   ] GC(38) Concurrent Mark 17.444ms
[11.800s][info][gc,phases   ] GC(38) Pause Mark End 0.009ms
[11.800s][info][gc,phases   ] GC(38) Concurrent Mark Free 0.001ms
[11.801s][info][gc,phases   ] GC(38) Concurrent Process Non-Strong References 0.681ms
[11.801s][info][gc,phases   ] GC(38) Concurrent Reset Relocation Set 0.001ms
[11.803s][info][gc,phases   ] GC(38) Concurrent Select Relocation Set 2.225ms
[11.803s][info][gc,phases   ] GC(38) Pause Relocate Start 0.005ms
[11.805s][info][gc,phases   ] GC(38) Concurrent Relocate 2.015ms
[11.805s][info][gc,load     ] GC(38) Load: 0.00/0.00/0.00
[11.806s][info][gc,mmu      ] GC(38) MMU: 2ms/99.3%, 5ms/99.6%, 10ms/99.8%, 20ms/99.9%, 50ms/99.9%, 100ms/100.0%
[11.806s][info][gc,marking  ] GC(38) Mark: 2 stripe(s), 2 proactive flush(es), 1 terminate flush(es), 0 completion(s), 0 continuation(s) 
[11.806s][info][gc,marking  ] GC(38) Mark Stack Usage: 32M
[11.806s][info][gc,nmethod  ] GC(38) NMethods: 487 registered, 0 unregistered
[11.806s][info][gc,metaspace] GC(38) Metaspace: 1M used, 1M committed, 1088M reserved
[11.806s][info][gc,ref      ] GC(38) Soft: 181 encountered, 0 discovered, 0 enqueued
[11.806s][info][gc,ref      ] GC(38) Weak: 263 encountered, 173 discovered, 0 enqueued
[11.806s][info][gc,ref      ] GC(38) Final: 0 encountered, 0 discovered, 0 enqueued
[11.806s][info][gc,ref      ] GC(38) Phantom: 7 encountered, 2 discovered, 0 enqueued
[11.806s][info][gc,reloc    ] GC(38) Small Pages: 1240 / 2480M, Empty: 0M, Relocated: 1M, In-Place: 0
[11.806s][info][gc,reloc    ] GC(38) Medium Pages: 1 / 32M, Empty: 0M, Relocated: 0M, In-Place: 0
[11.806s][info][gc,reloc    ] GC(38) Large Pages: 0 / 0M, Empty: 0M, Relocated: 0M, In-Place: 0
[11.806s][info][gc,reloc    ] GC(38) Forwarding Usage: 0M
[11.806s][info][gc,heap     ] GC(38) Min Capacity: 4096M(100%)
[11.806s][info][gc,heap     ] GC(38) Max Capacity: 4096M(100%)
[11.806s][info][gc,heap     ] GC(38) Soft Max Capacity: 4096M(100%)
[11.806s][info][gc,heap     ] GC(38)                Mark Start          Mark End        Relocate Start      Relocate End           High               Low         
[11.806s][info][gc,heap     ] GC(38)  Capacity:     4096M (100%)       4096M (100%)       4096M (100%)       4096M (100%)       4096M (100%)       4096M (100%)   
[11.806s][info][gc,heap     ] GC(38)      Free:     1584M (39%)        1582M (39%)        1582M (39%)        1582M (39%)        1584M (39%)        1578M (39%)    
[11.806s][info][gc,heap     ] GC(38)      Used:     2512M (61%)        2514M (61%)        2514M (61%)        2514M (61%)        2518M (61%)        2512M (61%)    
[11.806s][info][gc,heap     ] GC(38)      Live:         -              2262M (55%)        2262M (55%)        2262M (55%)            -                  -          
[11.806s][info][gc,heap     ] GC(38) Allocated:         -                 2M (0%)            2M (0%)            2M (0%)             -                  -          
[11.806s][info][gc,heap     ] GC(38)   Garbage:         -               249M (6%)          249M (6%)          249M (6%)             -                  -          
[11.806s][info][gc,heap     ] GC(38) Reclaimed:         -                  -                 0M (0%)            0M (0%)             -                  -          
[11.806s][info][gc          ] GC(38) Garbage Collection (Timer) 2512M(61%)->2514M(61%)
[12.082s][info][gc,start    ] GC(39) Garbage Collection (Timer)
[12.082s][info][gc,task     ] GC(39) Using 3 workers
[12.082s][info][gc,phases   ] GC(39) Pause Mark Start 0.006ms
[12.099s][info][gc,phases   ] GC(39) Concurrent Mark 17.484ms
[12.099s][info][gc,phases   ] GC(39) Pause Mark End 0.009ms
[12.100s][info][gc,phases   ] GC(39) Concurrent Mark Free 0.001ms
[12.101s][info][gc,phases   ] GC(39) Concurrent Process Non-Strong References 0.977ms
[12.101s][info][gc,phases   ] GC(39) Concurrent Reset Relocation Set 0.001ms
[12.103s][info][gc,phases   ] GC(39) Concurrent Select Relocation Set 2.189ms
[12.103s][info][gc,phases   ] GC(39) Pause Relocate Start 0.005ms
[12.105s][info][gc,phases   ] GC(39) Concurrent Relocate 1.854ms
[12.105s][info][gc,load     ] GC(39) Load: 0.00/0.00/0.00
[12.105s][info][gc,mmu      ] GC(39) MMU: 2ms/99.3%, 5ms/99.6%, 10ms/99.8%, 20ms/99.9%, 50ms/99.9%, 100ms/100.0%
[12.105s][info][gc,marking  ] GC(39) Mark: 2 stripe(s), 2 proactive flush(es), 1 terminate flush(es), 0 completion(s), 0 continuation(s) 
[12.105s][info][gc,marking  ] GC(39) Mark Stack Usage: 32M
[12.105s][info][gc,nmethod  ] GC(39) NMethods: 487 registered, 0 unregistered
[12.105s][info][gc,metaspace] GC(39) Metaspace: 1M used, 1M committed, 1088M reserved
[12.105s][info][gc,ref      ] GC(39) Soft: 181 encountered, 0 discovered, 0 enqueued
[12.105s][info][gc,ref      ] GC(39) Weak: 263 encountered, 173 discovered, 0 enqueued
[12.105s][info][gc,ref      ] GC(39) Final: 0 encountered, 0 discovered, 0 enqueued
[12.105s][info][gc,ref      ] GC(39) Phantom: 7 encountered, 2 discovered, 0 enqueued
[12.105s][info][gc,reloc    ] GC(39) Small Pages: 1264 / 2528M, Empty: 0M, Relocated: 1M, In-Place: 0
[12.105s][info][gc,reloc    ] GC(39) Medium Pages: 1 / 32M, Empty: 0M, Relocated: 0M, In-Place: 0
[12.105s][info][gc,reloc    ] GC(39) Large Pages: 0 / 0M, Empty: 0M, Relocated: 0M, In-Place: 0
[12.105s][info][gc,reloc    ] GC(39) Forwarding Usage: 0M
[12.105s][info][gc,heap     ] GC(39) Min Capacity: 4096M(100%)
[12.105s][info][gc,heap     ] GC(39) Max Capacity: 4096M(100%)
[12.105s][info][gc,heap     ] GC(39) Soft Max Capacity: 4096M(100%)
[12.105s][info][gc,heap     ] GC(39)                Mark Start          Mark End        Relocate Start      Relocate End           High               Low         
[12.105s][info][gc,heap     ] GC(39)  Capacity:     4096M (100%)       4096M (100%)       4096M (100%)       4096M (100%)       4096M (100%)       4096M (100%)   
[12.105s][info][gc,heap     ] GC(39)      Free:     1536M (38%)        1534M (37%)        1534M (37%)        1534M (37%)        1536M (38%)        1530M (37%)    
[12.106s][info][gc,heap     ] GC(39)      Used:     2560M (62%)        2562M (63%)        2562M (63%)        2562M (63%)        2566M (63%)        2560M (62%)    
[12.106s][info][gc,heap     ] GC(39)      Live:         -              2305M (56%)        2305M (56%)        2305M (56%)            -                  -          
[12.106s][info][gc,heap     ] GC(39) Allocated:         -                 2M (0%)            2M (0%)            2M (0%)             -                  -          
[12.106s][info][gc,heap     ] GC(39)   Garbage:         -               254M (6%)          254M (6%)          254M (6%)             -                  -          
[12.106s][info][gc,heap     ] GC(39) Reclaimed:         -                  -                 0M (0%)            0M (0%)             -                  -          
[12.106s][info][gc          ] GC(39) Garbage Collection (Timer) 2560M(62%)->2562M(63%)
[12.383s][info][gc,start    ] GC(40) Garbage Collection (Timer)
[12.383s][info][gc,task     ] GC(40) Using 3 workers
[12.383s][info][gc,phases   ] GC(40) Pause Mark Start 0.005ms
[12.400s][info][gc,phases   ] GC(40) Concurrent Mark 16.888ms
[12.400s][info][gc,phases   ] GC(40) Pause Mark End 0.009ms
[12.400s][info][gc,phases   ] GC(40) Concurrent Mark Free 0.001ms
[12.401s][info][gc,phases   ] GC(40) Concurrent Process Non-Strong References 0.733ms
[12.401s][info][gc,phases   ] GC(40) Concurrent Reset Relocation Set 0.001ms
[12.403s][info][gc,phases   ] GC(40) Concurrent Select Relocation Set 2.550ms
[12.404s][info][gc,phases   ] GC(40) Pause Relocate Start 0.007ms
[12.405s][info][gc,phases   ] GC(40) Concurrent Relocate 1.612ms
[12.405s][info][gc,load     ] GC(40) Load: 0.00/0.00/0.00
[12.405s][info][gc,mmu      ] GC(40) MMU: 2ms/99.3%, 5ms/99.6%, 10ms/99.8%, 20ms/99.9%, 50ms/99.9%, 100ms/100.0%
[12.405s][info][gc,marking  ] GC(40) Mark: 2 stripe(s), 2 proactive flush(es), 1 terminate flush(es), 0 completion(s), 0 continuation(s) 
[12.405s][info][gc,marking  ] GC(40) Mark Stack Usage: 32M
[12.405s][info][gc,nmethod  ] GC(40) NMethods: 487 registered, 0 unregistered
[12.405s][info][gc,metaspace] GC(40) Metaspace: 1M used, 1M committed, 1088M reserved
[12.405s][info][gc,ref      ] GC(40) Soft: 181 encountered, 0 discovered, 0 enqueued
[12.406s][info][gc,ref      ] GC(40) Weak: 263 encountered, 173 discovered, 0 enqueued
[12.406s][info][gc,ref      ] GC(40) Final: 0 encountered, 0 discovered, 0 enqueued
[12.406s][info][gc,ref      ] GC(40) Phantom: 7 encountered, 3 discovered, 0 enqueued
[12.406s][info][gc,reloc    ] GC(40) Small Pages: 1286 / 2572M, Empty: 0M, Relocated: 1M, In-Place: 0
[12.406s][info][gc,reloc    ] GC(40) Medium Pages: 1 / 32M, Empty: 0M, Relocated: 0M, In-Place: 0
[12.406s][info][gc,reloc    ] GC(40) Large Pages: 0 / 0M, Empty: 0M, Relocated: 0M, In-Place: 0
[12.406s][info][gc,reloc    ] GC(40) Forwarding Usage: 0M
[12.406s][info][gc,heap     ] GC(40) Min Capacity: 4096M(100%)
[12.406s][info][gc,heap     ] GC(40) Max Capacity: 4096M(100%)
[12.406s][info][gc,heap     ] GC(40) Soft Max Capacity: 4096M(100%)
[12.406s][info][gc,heap     ] GC(40)                Mark Start          Mark End        Relocate Start      Relocate End           High               Low         
[12.406s][info][gc,heap     ] GC(40)  Capacity:     4096M (100%)       4096M (100%)       4096M (100%)       4096M (100%)       4096M (100%)       4096M (100%)   
[12.406s][info][gc,heap     ] GC(40)      Free:     1492M (36%)        1490M (36%)        1488M (36%)        1488M (36%)        1492M (36%)        1484M (36%)    
[12.406s][info][gc,heap     ] GC(40)      Used:     2604M (64%)        2606M (64%)        2608M (64%)        2608M (64%)        2612M (64%)        2604M (64%)    
[12.406s][info][gc,heap     ] GC(40)      Live:         -              2345M (57%)        2345M (57%)        2345M (57%)            -                  -          
[12.406s][info][gc,heap     ] GC(40) Allocated:         -                 2M (0%)            4M (0%)            4M (0%)             -                  -          
[12.406s][info][gc,heap     ] GC(40)   Garbage:         -               258M (6%)          258M (6%)          258M (6%)             -                  -          
[12.406s][info][gc,heap     ] GC(40) Reclaimed:         -                  -                 0M (0%)            0M (0%)             -                  -          
[12.406s][info][gc          ] GC(40) Garbage Collection (Timer) 2604M(64%)->2608M(64%)
[12.682s][info][gc,start    ] GC(41) Garbage Collection (Timer)
[12.682s][info][gc,task     ] GC(41) Using 3 workers
[12.682s][info][gc,phases   ] GC(41) Pause Mark Start 0.006ms
[12.700s][info][gc,phases   ] GC(41) Concurrent Mark 17.796ms
[12.700s][info][gc,phases   ] GC(41) Pause Mark End 0.008ms
[12.700s][info][gc,phases   ] GC(41) Concurrent Mark Free 0.001ms
[12.701s][info][gc,phases   ] GC(41) Concurrent Process Non-Strong References 0.879ms
[12.701s][info][gc,phases   ] GC(41) Concurrent Reset Relocation Set 0.001ms
[12.704s][info][gc,phases   ] GC(41) Concurrent Select Relocation Set 2.438ms
[12.704s][info][gc,phases   ] GC(41) Pause Relocate Start 0.005ms
[12.709s][info][gc,phases   ] GC(41) Concurrent Relocate 4.882ms
[12.709s][info][gc,load     ] GC(41) Load: 0.00/0.00/0.00
[12.709s][info][gc,mmu      ] GC(41) MMU: 2ms/99.3%, 5ms/99.6%, 10ms/99.8%, 20ms/99.9%, 50ms/99.9%, 100ms/100.0%
[12.709s][info][gc,marking  ] GC(41) Mark: 2 stripe(s), 2 proactive flush(es), 1 terminate flush(es), 0 completion(s), 0 continuation(s) 
[12.709s][info][gc,marking  ] GC(41) Mark Stack Usage: 32M
[12.709s][info][gc,nmethod  ] GC(41) NMethods: 487 registered, 0 unregistered
[12.709s][info][gc,metaspace] GC(41) Metaspace: 1M used, 1M committed, 1088M reserved
[12.709s][info][gc,ref      ] GC(41) Soft: 181 encountered, 0 discovered, 0 enqueued
[12.709s][info][gc,ref      ] GC(41) Weak: 263 encountered, 211 discovered, 0 enqueued
[12.709s][info][gc,ref      ] GC(41) Final: 0 encountered, 0 discovered, 0 enqueued
[12.709s][info][gc,ref      ] GC(41) Phantom: 7 encountered, 2 discovered, 0 enqueued
[12.709s][info][gc,reloc    ] GC(41) Small Pages: 1311 / 2622M, Empty: 0M, Relocated: 3M, In-Place: 0
[12.709s][info][gc,reloc    ] GC(41) Medium Pages: 1 / 32M, Empty: 0M, Relocated: 0M, In-Place: 0
[12.709s][info][gc,reloc    ] GC(41) Large Pages: 0 / 0M, Empty: 0M, Relocated: 0M, In-Place: 0
[12.709s][info][gc,reloc    ] GC(41) Forwarding Usage: 0M
[12.709s][info][gc,heap     ] GC(41) Min Capacity: 4096M(100%)
[12.709s][info][gc,heap     ] GC(41) Max Capacity: 4096M(100%)
[12.709s][info][gc,heap     ] GC(41) Soft Max Capacity: 4096M(100%)
[12.709s][info][gc,heap     ] GC(41)                Mark Start          Mark End        Relocate Start      Relocate End           High               Low         
[12.709s][info][gc,heap     ] GC(41)  Capacity:     4096M (100%)       4096M (100%)       4096M (100%)       4096M (100%)       4096M (100%)       4096M (100%)   
[12.709s][info][gc,heap     ] GC(41)      Free:     1442M (35%)        1440M (35%)        1440M (35%)        1442M (35%)        1442M (35%)        1434M (35%)    
[12.709s][info][gc,heap     ] GC(41)      Used:     2654M (65%)        2656M (65%)        2656M (65%)        2654M (65%)        2662M (65%)        2654M (65%)    
[12.709s][info][gc,heap     ] GC(41)      Live:         -              2390M (58%)        2390M (58%)        2390M (58%)            -                  -          
[12.709s][info][gc,heap     ] GC(41) Allocated:         -                 2M (0%)            2M (0%)            1M (0%)             -                  -          
[12.709s][info][gc,heap     ] GC(41)   Garbage:         -               263M (6%)          263M (6%)          261M (6%)             -                  -          
[12.710s][info][gc,heap     ] GC(41) Reclaimed:         -                  -                 0M (0%)            1M (0%)             -                  -          
[12.710s][info][gc          ] GC(41) Garbage Collection (Timer) 2654M(65%)->2654M(65%)
[12.982s][info][gc,start    ] GC(42) Garbage Collection (Timer)
[12.982s][info][gc,task     ] GC(42) Using 3 workers
[12.982s][info][gc,phases   ] GC(42) Pause Mark Start 0.005ms
[13.000s][info][gc,phases   ] GC(42) Concurrent Mark 17.908ms
[13.000s][info][gc,phases   ] GC(42) Pause Mark End 0.009ms
[13.000s][info][gc,phases   ] GC(42) Concurrent Mark Free 0.001ms
[13.001s][info][gc,phases   ] GC(42) Concurrent Process Non-Strong References 0.821ms
[13.001s][info][gc,phases   ] GC(42) Concurrent Reset Relocation Set 0.001ms
[13.003s][info][gc,phases   ] GC(42) Concurrent Select Relocation Set 2.210ms
[13.003s][info][gc,phases   ] GC(42) Pause Relocate Start 0.005ms
[13.008s][info][gc,phases   ] GC(42) Concurrent Relocate 4.824ms
[13.010s][info][gc,load     ] GC(42) Load: 0.00/0.00/0.00
[13.010s][info][gc,mmu      ] GC(42) MMU: 2ms/99.3%, 5ms/99.6%, 10ms/99.8%, 20ms/99.9%, 50ms/99.9%, 100ms/100.0%
[13.010s][info][gc,marking  ] GC(42) Mark: 2 stripe(s), 2 proactive flush(es), 1 terminate flush(es), 0 completion(s), 0 continuation(s) 
[13.010s][info][gc,marking  ] GC(42) Mark Stack Usage: 32M
[13.010s][info][gc,nmethod  ] GC(42) NMethods: 487 registered, 0 unregistered
[13.010s][info][gc,metaspace] GC(42) Metaspace: 1M used, 1M committed, 1088M reserved
[13.010s][info][gc,ref      ] GC(42) Soft: 181 encountered, 0 discovered, 0 enqueued
[13.011s][info][gc,ref      ] GC(42) Weak: 263 encountered, 76 discovered, 0 enqueued
[13.011s][info][gc,ref      ] GC(42) Final: 0 encountered, 0 discovered, 0 enqueued
[13.011s][info][gc,ref      ] GC(42) Phantom: 7 encountered, 3 discovered, 0 enqueued
[13.011s][info][gc,reloc    ] GC(42) Small Pages: 1336 / 2672M, Empty: 0M, Relocated: 3M, In-Place: 0
[13.011s][info][gc,reloc    ] GC(42) Medium Pages: 1 / 32M, Empty: 0M, Relocated: 0M, In-Place: 0
[13.011s][info][gc,reloc    ] GC(42) Large Pages: 0 / 0M, Empty: 0M, Relocated: 0M, In-Place: 0
[13.011s][info][gc,reloc    ] GC(42) Forwarding Usage: 0M
[13.011s][info][gc,heap     ] GC(42) Min Capacity: 4096M(100%)
[13.011s][info][gc,heap     ] GC(42) Max Capacity: 4096M(100%)
[13.011s][info][gc,heap     ] GC(42) Soft Max Capacity: 4096M(100%)
[13.011s][info][gc,heap     ] GC(42)                Mark Start          Mark End        Relocate Start      Relocate End           High               Low         
[13.011s][info][gc,heap     ] GC(42)  Capacity:     4096M (100%)       4096M (100%)       4096M (100%)       4096M (100%)       4096M (100%)       4096M (100%)   
[13.011s][info][gc,heap     ] GC(42)      Free:     1392M (34%)        1390M (34%)        1390M (34%)        1392M (34%)        1392M (34%)        1384M (34%)    
[13.011s][info][gc,heap     ] GC(42)      Used:     2704M (66%)        2706M (66%)        2706M (66%)        2704M (66%)        2712M (66%)        2704M (66%)    
[13.011s][info][gc,heap     ] GC(42)      Live:         -              2436M (59%)        2436M (59%)        2436M (59%)            -                  -          
[13.011s][info][gc,heap     ] GC(42) Allocated:         -                 2M (0%)            2M (0%)            1M (0%)             -                  -          
[13.011s][info][gc,heap     ] GC(42)   Garbage:         -               267M (7%)          267M (7%)          265M (6%)             -                  -          
[13.011s][info][gc,heap     ] GC(42) Reclaimed:         -                  -                 0M (0%)            1M (0%)             -                  -          
[13.011s][info][gc          ] GC(42) Garbage Collection (Timer) 2704M(66%)->2704M(66%)
[13.281s][info][gc,start    ] GC(43) Garbage Collection (Timer)
[13.281s][info][gc,task     ] GC(43) Using 3 workers
[13.281s][info][gc,phases   ] GC(43) Pause Mark Start 0.006ms
[13.300s][info][gc,phases   ] GC(43) Concurrent Mark 18.958ms
[13.301s][info][gc,phases   ] GC(43) Pause Mark End 0.010ms
[13.301s][info][gc,phases   ] GC(43) Concurrent Mark Free 0.001ms
[13.301s][info][gc,phases   ] GC(43) Concurrent Process Non-Strong References 0.811ms
[13.302s][info][gc,phases   ] GC(43) Concurrent Reset Relocation Set 0.002ms
[13.304s][info][gc,phases   ] GC(43) Concurrent Select Relocation Set 2.143ms
[13.304s][info][gc,phases   ] GC(43) Pause Relocate Start 0.005ms
[13.306s][info][gc,phases   ] GC(43) Concurrent Relocate 1.884ms
[13.306s][info][gc,load     ] GC(43) Load: 0.00/0.00/0.00
[13.306s][info][gc,mmu      ] GC(43) MMU: 2ms/99.3%, 5ms/99.6%, 10ms/99.8%, 20ms/99.9%, 50ms/99.9%, 100ms/100.0%
[13.306s][info][gc,marking  ] GC(43) Mark: 2 stripe(s), 1 proactive flush(es), 1 terminate flush(es), 0 completion(s), 0 continuation(s) 
[13.306s][info][gc,marking  ] GC(43) Mark Stack Usage: 32M
[13.306s][info][gc,nmethod  ] GC(43) NMethods: 487 registered, 0 unregistered
[13.306s][info][gc,metaspace] GC(43) Metaspace: 1M used, 1M committed, 1088M reserved
[13.306s][info][gc,ref      ] GC(43) Soft: 181 encountered, 0 discovered, 0 enqueued
[13.306s][info][gc,ref      ] GC(43) Weak: 263 encountered, 86 discovered, 0 enqueued
[13.306s][info][gc,ref      ] GC(43) Final: 0 encountered, 0 discovered, 0 enqueued
[13.306s][info][gc,ref      ] GC(43) Phantom: 7 encountered, 3 discovered, 0 enqueued
[13.306s][info][gc,reloc    ] GC(43) Small Pages: 1356 / 2712M, Empty: 0M, Relocated: 0M, In-Place: 0
[13.306s][info][gc,reloc    ] GC(43) Medium Pages: 1 / 32M, Empty: 0M, Relocated: 0M, In-Place: 0
[13.306s][info][gc,reloc    ] GC(43) Large Pages: 0 / 0M, Empty: 0M, Relocated: 0M, In-Place: 0
[13.306s][info][gc,reloc    ] GC(43) Forwarding Usage: 0M
[13.306s][info][gc,heap     ] GC(43) Min Capacity: 4096M(100%)
[13.306s][info][gc,heap     ] GC(43) Max Capacity: 4096M(100%)
[13.306s][info][gc,heap     ] GC(43) Soft Max Capacity: 4096M(100%)
[13.306s][info][gc,heap     ] GC(43)                Mark Start          Mark End        Relocate Start      Relocate End           High               Low         
[13.306s][info][gc,heap     ] GC(43)  Capacity:     4096M (100%)       4096M (100%)       4096M (100%)       4096M (100%)       4096M (100%)       4096M (100%)   
[13.306s][info][gc,heap     ] GC(43)      Free:     1352M (33%)        1352M (33%)        1352M (33%)        1352M (33%)        1352M (33%)        1348M (33%)    
[13.306s][info][gc,heap     ] GC(43)      Used:     2744M (67%)        2744M (67%)        2744M (67%)        2744M (67%)        2748M (67%)        2744M (67%)    
[13.306s][info][gc,heap     ] GC(43)      Live:         -              2473M (60%)        2473M (60%)        2473M (60%)            -                  -          
[13.306s][info][gc,heap     ] GC(43) Allocated:         -                 0M (0%)            0M (0%)            0M (0%)             -                  -          
[13.307s][info][gc,heap     ] GC(43)   Garbage:         -               270M (7%)          270M (7%)          270M (7%)             -                  -          
[13.307s][info][gc,heap     ] GC(43) Reclaimed:         -                  -                 0M (0%)            0M (0%)             -                  -          
[13.307s][info][gc          ] GC(43) Garbage Collection (Timer) 2744M(67%)->2744M(67%)
[13.582s][info][gc,start    ] GC(44) Garbage Collection (Timer)
[13.582s][info][gc,task     ] GC(44) Using 3 workers
[13.582s][info][gc,phases   ] GC(44) Pause Mark Start 0.006ms
[13.600s][info][gc,phases   ] GC(44) Concurrent Mark 17.193ms
[13.600s][info][gc,phases   ] GC(44) Pause Mark End 0.010ms
[13.600s][info][gc,phases   ] GC(44) Concurrent Mark Free 0.001ms
[13.601s][info][gc,phases   ] GC(44) Concurrent Process Non-Strong References 0.820ms
[13.601s][info][gc,phases   ] GC(44) Concurrent Reset Relocation Set 0.001ms
[13.603s][info][gc,phases   ] GC(44) Concurrent Select Relocation Set 2.095ms
[13.603s][info][gc,phases   ] GC(44) Pause Relocate Start 0.006ms
[13.604s][info][gc,phases   ] GC(44) Concurrent Relocate 0.714ms
[13.604s][info][gc,load     ] GC(44) Load: 0.00/0.00/0.00
[13.604s][info][gc,mmu      ] GC(44) MMU: 2ms/99.3%, 5ms/99.6%, 10ms/99.8%, 20ms/99.9%, 50ms/99.9%, 100ms/100.0%
[13.604s][info][gc,marking  ] GC(44) Mark: 2 stripe(s), 1 proactive flush(es), 1 terminate flush(es), 0 completion(s), 0 continuation(s) 
[13.604s][info][gc,marking  ] GC(44) Mark Stack Usage: 32M
[13.604s][info][gc,nmethod  ] GC(44) NMethods: 487 registered, 0 unregistered
[13.604s][info][gc,metaspace] GC(44) Metaspace: 1M used, 1M committed, 1088M reserved
[13.604s][info][gc,ref      ] GC(44) Soft: 181 encountered, 0 discovered, 0 enqueued
[13.604s][info][gc,ref      ] GC(44) Weak: 263 encountered, 174 discovered, 0 enqueued
[13.604s][info][gc,ref      ] GC(44) Final: 0 encountered, 0 discovered, 0 enqueued
[13.604s][info][gc,ref      ] GC(44) Phantom: 7 encountered, 3 discovered, 0 enqueued
[13.604s][info][gc,reloc    ] GC(44) Small Pages: 1356 / 2712M, Empty: 0M, Relocated: 0M, In-Place: 0
[13.604s][info][gc,reloc    ] GC(44) Medium Pages: 1 / 32M, Empty: 0M, Relocated: 0M, In-Place: 0
[13.604s][info][gc,reloc    ] GC(44) Large Pages: 0 / 0M, Empty: 0M, Relocated: 0M, In-Place: 0
[13.604s][info][gc,reloc    ] GC(44) Forwarding Usage: 0M
[13.604s][info][gc,heap     ] GC(44) Min Capacity: 4096M(100%)
[13.604s][info][gc,heap     ] GC(44) Max Capacity: 4096M(100%)
[13.604s][info][gc,heap     ] GC(44) Soft Max Capacity: 4096M(100%)
[13.604s][info][gc,heap     ] GC(44)                Mark Start          Mark End        Relocate Start      Relocate End           High               Low         
[13.604s][info][gc,heap     ] GC(44)  Capacity:     4096M (100%)       4096M (100%)       4096M (100%)       4096M (100%)       4096M (100%)       4096M (100%)   
[13.604s][info][gc,heap     ] GC(44)      Free:     1352M (33%)        1352M (33%)        1352M (33%)        1354M (33%)        1354M (33%)        1350M (33%)    
[13.605s][info][gc,heap     ] GC(44)      Used:     2744M (67%)        2744M (67%)        2744M (67%)        2742M (67%)        2746M (67%)        2742M (67%)    
[13.605s][info][gc,heap     ] GC(44)      Live:         -              2473M (60%)        2473M (60%)        2473M (60%)            -                  -          
[13.605s][info][gc,heap     ] GC(44) Allocated:         -                 0M (0%)            0M (0%)            0M (0%)             -                  -          
[13.605s][info][gc,heap     ] GC(44)   Garbage:         -               270M (7%)          270M (7%)          268M (7%)             -                  -          
[13.605s][info][gc,heap     ] GC(44) Reclaimed:         -                  -                 0M (0%)            2M (0%)             -                  -          
[13.605s][info][gc          ] GC(44) Garbage Collection (Timer) 2744M(67%)->2742M(67%)
[13.881s][info][gc,start    ] GC(45) Garbage Collection (Timer)
[13.882s][info][gc,task     ] GC(45) Using 3 workers
[13.882s][info][gc,phases   ] GC(45) Pause Mark Start 0.005ms
[13.896s][info][gc,phases   ] GC(45) Concurrent Mark 14.608ms
[13.896s][info][gc,phases   ] GC(45) Pause Mark End 0.010ms
[13.897s][info][gc,phases   ] GC(45) Concurrent Mark Free 0.001ms
[13.897s][info][gc,phases   ] GC(45) Concurrent Process Non-Strong References 0.735ms
[13.897s][info][gc,phases   ] GC(45) Concurrent Reset Relocation Set 0.001ms
[13.900s][info][gc,phases   ] GC(45) Concurrent Select Relocation Set 2.071ms
[13.900s][info][gc,phases   ] GC(45) Pause Relocate Start 0.005ms
[13.900s][info][gc,phases   ] GC(45) Concurrent Relocate 0.125ms
[13.900s][info][gc,load     ] GC(45) Load: 0.00/0.00/0.00
[13.900s][info][gc,mmu      ] GC(45) MMU: 2ms/99.3%, 5ms/99.6%, 10ms/99.8%, 20ms/99.9%, 50ms/99.9%, 100ms/100.0%
[13.900s][info][gc,marking  ] GC(45) Mark: 2 stripe(s), 1 proactive flush(es), 1 terminate flush(es), 0 completion(s), 0 continuation(s) 
[13.900s][info][gc,marking  ] GC(45) Mark Stack Usage: 32M
[13.900s][info][gc,nmethod  ] GC(45) NMethods: 487 registered, 0 unregistered
[13.900s][info][gc,metaspace] GC(45) Metaspace: 1M used, 1M committed, 1088M reserved
[13.900s][info][gc,ref      ] GC(45) Soft: 181 encountered, 0 discovered, 0 enqueued
[13.900s][info][gc,ref      ] GC(45) Weak: 263 encountered, 40 discovered, 0 enqueued
[13.900s][info][gc,ref      ] GC(45) Final: 0 encountered, 0 discovered, 0 enqueued
[13.900s][info][gc,ref      ] GC(45) Phantom: 7 encountered, 2 discovered, 0 enqueued
[13.900s][info][gc,reloc    ] GC(45) Small Pages: 1355 / 2710M, Empty: 0M, Relocated: 0M, In-Place: 0
[13.900s][info][gc,reloc    ] GC(45) Medium Pages: 1 / 32M, Empty: 0M, Relocated: 0M, In-Place: 0
[13.900s][info][gc,reloc    ] GC(45) Large Pages: 0 / 0M, Empty: 0M, Relocated: 0M, In-Place: 0
[13.900s][info][gc,reloc    ] GC(45) Forwarding Usage: 0M
[13.900s][info][gc,heap     ] GC(45) Min Capacity: 4096M(100%)
[13.900s][info][gc,heap     ] GC(45) Max Capacity: 4096M(100%)
[13.900s][info][gc,heap     ] GC(45) Soft Max Capacity: 4096M(100%)
[13.900s][info][gc,heap     ] GC(45)                Mark Start          Mark End        Relocate Start      Relocate End           High               Low         
[13.900s][info][gc,heap     ] GC(45)  Capacity:     4096M (100%)       4096M (100%)       4096M (100%)       4096M (100%)       4096M (100%)       4096M (100%)   
[13.900s][info][gc,heap     ] GC(45)      Free:     1354M (33%)        1354M (33%)        1354M (33%)        1354M (33%)        1354M (33%)        1354M (33%)    
[13.900s][info][gc,heap     ] GC(45)      Used:     2742M (67%)        2742M (67%)        2742M (67%)        2742M (67%)        2742M (67%)        2742M (67%)    
[13.900s][info][gc,heap     ] GC(45)      Live:         -              2473M (60%)        2473M (60%)        2473M (60%)            -                  -          
[13.900s][info][gc,heap     ] GC(45) Allocated:         -                 0M (0%)            0M (0%)            0M (0%)             -                  -          
[13.900s][info][gc,heap     ] GC(45)   Garbage:         -               268M (7%)          268M (7%)          268M (7%)             -                  -          
[13.901s][info][gc,heap     ] GC(45) Reclaimed:         -                  -                 0M (0%)            0M (0%)             -                  -          
[13.901s][info][gc          ] GC(45) Garbage Collection (Timer) 2742M(67%)->2742M(67%)
[14.182s][info][gc,start    ] GC(46) Garbage Collection (Timer)
[14.182s][info][gc,task     ] GC(46) Using 3 workers
[14.182s][info][gc,phases   ] GC(46) Pause Mark Start 0.006ms
[14.198s][info][gc,phases   ] GC(46) Concurrent Mark 15.524ms
[14.198s][info][gc,phases   ] GC(46) Pause Mark End 0.011ms
[14.198s][info][gc,phases   ] GC(46) Concurrent Mark Free 0.001ms
[14.199s][info][gc,phases   ] GC(46) Concurrent Process Non-Strong References 0.783ms
[14.199s][info][gc,phases   ] GC(46) Concurrent Reset Relocation Set 0.001ms
[14.201s][info][gc,phases   ] GC(46) Concurrent Select Relocation Set 2.100ms
[14.201s][info][gc,phases   ] GC(46) Pause Relocate Start 0.006ms
[14.201s][info][gc,phases   ] GC(46) Concurrent Relocate 0.104ms
[14.201s][info][gc,load     ] GC(46) Load: 0.00/0.00/0.00
[14.201s][info][gc,mmu      ] GC(46) MMU: 2ms/99.3%, 5ms/99.6%, 10ms/99.8%, 20ms/99.9%, 50ms/99.9%, 100ms/100.0%
[14.201s][info][gc,marking  ] GC(46) Mark: 2 stripe(s), 1 proactive flush(es), 1 terminate flush(es), 0 completion(s), 0 continuation(s) 
[14.201s][info][gc,marking  ] GC(46) Mark Stack Usage: 32M
[14.201s][info][gc,nmethod  ] GC(46) NMethods: 487 registered, 0 unregistered
[14.201s][info][gc,metaspace] GC(46) Metaspace: 1M used, 1M committed, 1088M reserved
[14.201s][info][gc,ref      ] GC(46) Soft: 181 encountered, 0 discovered, 0 enqueued
[14.202s][info][gc,ref      ] GC(46) Weak: 263 encountered, 174 discovered, 0 enqueued
[14.202s][info][gc,ref      ] GC(46) Final: 0 encountered, 0 discovered, 0 enqueued
[14.202s][info][gc,ref      ] GC(46) Phantom: 7 encountered, 1 discovered, 0 enqueued
[14.202s][info][gc,reloc    ] GC(46) Small Pages: 1355 / 2710M, Empty: 0M, Relocated: 0M, In-Place: 0
[14.202s][info][gc,reloc    ] GC(46) Medium Pages: 1 / 32M, Empty: 0M, Relocated: 0M, In-Place: 0
[14.202s][info][gc,reloc    ] GC(46) Large Pages: 0 / 0M, Empty: 0M, Relocated: 0M, In-Place: 0
[14.202s][info][gc,reloc    ] GC(46) Forwarding Usage: 0M
[14.202s][info][gc,heap     ] GC(46) Min Capacity: 4096M(100%)
[14.202s][info][gc,heap     ] GC(46) Max Capacity: 4096M(100%)
[14.202s][info][gc,heap     ] GC(46) Soft Max Capacity: 4096M(100%)
[14.202s][info][gc,heap     ] GC(46)                Mark Start          Mark End        Relocate Start      Relocate End           High               Low         
[14.202s][info][gc,heap     ] GC(46)  Capacity:     4096M (100%)       4096M (100%)       4096M (100%)       4096M (100%)       4096M (100%)       4096M (100%)   
[14.202s][info][gc,heap     ] GC(46)      Free:     1354M (33%)        1354M (33%)        1354M (33%)        1354M (33%)        1354M (33%)        1354M (33%)    
[14.202s][info][gc,heap     ] GC(46)      Used:     2742M (67%)        2742M (67%)        2742M (67%)        2742M (67%)        2742M (67%)        2742M (67%)    
[14.202s][info][gc,heap     ] GC(46)      Live:         -              2473M (60%)        2473M (60%)        2473M (60%)            -                  -          
[14.202s][info][gc,heap     ] GC(46) Allocated:         -                 0M (0%)            0M (0%)            0M (0%)             -                  -          
[14.202s][info][gc,heap     ] GC(46)   Garbage:         -               268M (7%)          268M (7%)          268M (7%)             -                  -          
[14.202s][info][gc,heap     ] GC(46) Reclaimed:         -                  -                 0M (0%)            0M (0%)             -                  -          
[14.202s][info][gc          ] GC(46) Garbage Collection (Timer) 2742M(67%)->2742M(67%)
[14.481s][info][gc,start    ] GC(47) Garbage Collection (Timer)
[14.481s][info][gc,task     ] GC(47) Using 3 workers
[14.481s][info][gc,phases   ] GC(47) Pause Mark Start 0.006ms
[14.501s][info][gc,phases   ] GC(47) Concurrent Mark 19.783ms
[14.501s][info][gc,phases   ] GC(47) Pause Mark End 0.009ms
[14.502s][info][gc,phases   ] GC(47) Concurrent Mark Free 0.001ms
[14.502s][info][gc,phases   ] GC(47) Concurrent Process Non-Strong References 0.655ms
[14.502s][info][gc,phases   ] GC(47) Concurrent Reset Relocation Set 0.001ms
[14.505s][info][gc,phases   ] GC(47) Concurrent Select Relocation Set 2.276ms
[14.505s][info][gc,phases   ] GC(47) Pause Relocate Start 0.004ms
[14.507s][info][gc,phases   ] GC(47) Concurrent Relocate 2.053ms
[14.507s][info][gc,load     ] GC(47) Load: 0.00/0.00/0.00
[14.507s][info][gc,mmu      ] GC(47) MMU: 2ms/99.3%, 5ms/99.6%, 10ms/99.8%, 20ms/99.9%, 50ms/99.9%, 100ms/100.0%
[14.507s][info][gc,marking  ] GC(47) Mark: 2 stripe(s), 2 proactive flush(es), 1 terminate flush(es), 0 completion(s), 0 continuation(s) 
[14.507s][info][gc,marking  ] GC(47) Mark Stack Usage: 32M
[14.507s][info][gc,nmethod  ] GC(47) NMethods: 491 registered, 0 unregistered
[14.507s][info][gc,metaspace] GC(47) Metaspace: 1M used, 1M committed, 1088M reserved
[14.507s][info][gc,ref      ] GC(47) Soft: 181 encountered, 0 discovered, 0 enqueued
[14.507s][info][gc,ref      ] GC(47) Weak: 263 encountered, 122 discovered, 0 enqueued
[14.507s][info][gc,ref      ] GC(47) Final: 0 encountered, 0 discovered, 0 enqueued
[14.507s][info][gc,ref      ] GC(47) Phantom: 7 encountered, 2 discovered, 0 enqueued
[14.507s][info][gc,reloc    ] GC(47) Small Pages: 1384 / 2768M, Empty: 0M, Relocated: 1M, In-Place: 0
[14.507s][info][gc,reloc    ] GC(47) Medium Pages: 1 / 32M, Empty: 0M, Relocated: 0M, In-Place: 0
[14.507s][info][gc,reloc    ] GC(47) Large Pages: 0 / 0M, Empty: 0M, Relocated: 0M, In-Place: 0
[14.507s][info][gc,reloc    ] GC(47) Forwarding Usage: 0M
[14.507s][info][gc,heap     ] GC(47) Min Capacity: 4096M(100%)
[14.507s][info][gc,heap     ] GC(47) Max Capacity: 4096M(100%)
[14.507s][info][gc,heap     ] GC(47) Soft Max Capacity: 4096M(100%)
[14.507s][info][gc,heap     ] GC(47)                Mark Start          Mark End        Relocate Start      Relocate End           High               Low         
[14.507s][info][gc,heap     ] GC(47)  Capacity:     4096M (100%)       4096M (100%)       4096M (100%)       4096M (100%)       4096M (100%)       4096M (100%)   
[14.507s][info][gc,heap     ] GC(47)      Free:     1296M (32%)        1294M (32%)        1294M (32%)        1296M (32%)        1296M (32%)        1292M (32%)    
[14.507s][info][gc,heap     ] GC(47)      Used:     2800M (68%)        2802M (68%)        2802M (68%)        2800M (68%)        2804M (68%)        2800M (68%)    
[14.508s][info][gc,heap     ] GC(47)      Live:         -              2523M (62%)        2523M (62%)        2523M (62%)            -                  -          
[14.508s][info][gc,heap     ] GC(47) Allocated:         -                 2M (0%)            2M (0%)            2M (0%)             -                  -          
[14.508s][info][gc,heap     ] GC(47)   Garbage:         -               276M (7%)          276M (7%)          274M (7%)             -                  -          
[14.508s][info][gc,heap     ] GC(47) Reclaimed:         -                  -                 0M (0%)            2M (0%)             -                  -          
[14.508s][info][gc          ] GC(47) Garbage Collection (Timer) 2800M(68%)->2800M(68%)
[14.781s][info][gc,start    ] GC(48) Garbage Collection (Timer)
[14.781s][info][gc,task     ] GC(48) Using 3 workers
[14.782s][info][gc,phases   ] GC(48) Pause Mark Start 0.005ms
[14.802s][info][gc,phases   ] GC(48) Concurrent Mark 20.576ms
[14.802s][info][gc,phases   ] GC(48) Pause Mark End 0.009ms
[14.802s][info][gc,phases   ] GC(48) Concurrent Mark Free 0.001ms
[14.803s][info][gc,phases   ] GC(48) Concurrent Process Non-Strong References 0.573ms
[14.803s][info][gc,phases   ] GC(48) Concurrent Reset Relocation Set 0.001ms
[14.805s][info][gc,phases   ] GC(48) Concurrent Select Relocation Set 2.169ms
[14.805s][info][gc,phases   ] GC(48) Pause Relocate Start 0.005ms
[14.808s][info][gc,phases   ] GC(48) Concurrent Relocate 2.190ms
[14.808s][info][gc,load     ] GC(48) Load: 0.00/0.00/0.00
[14.808s][info][gc,mmu      ] GC(48) MMU: 2ms/99.3%, 5ms/99.6%, 10ms/99.8%, 20ms/99.9%, 50ms/99.9%, 100ms/100.0%
[14.808s][info][gc,marking  ] GC(48) Mark: 2 stripe(s), 2 proactive flush(es), 1 terminate flush(es), 0 completion(s), 0 continuation(s) 
[14.808s][info][gc,marking  ] GC(48) Mark Stack Usage: 32M
[14.808s][info][gc,nmethod  ] GC(48) NMethods: 491 registered, 0 unregistered
[14.808s][info][gc,metaspace] GC(48) Metaspace: 1M used, 1M committed, 1088M reserved
[14.808s][info][gc,ref      ] GC(48) Soft: 181 encountered, 0 discovered, 0 enqueued
[14.808s][info][gc,ref      ] GC(48) Weak: 263 encountered, 170 discovered, 0 enqueued
[14.808s][info][gc,ref      ] GC(48) Final: 0 encountered, 0 discovered, 0 enqueued
[14.808s][info][gc,ref      ] GC(48) Phantom: 7 encountered, 2 discovered, 0 enqueued
[14.808s][info][gc,reloc    ] GC(48) Small Pages: 1412 / 2824M, Empty: 0M, Relocated: 1M, In-Place: 0
[14.808s][info][gc,reloc    ] GC(48) Medium Pages: 1 / 32M, Empty: 0M, Relocated: 0M, In-Place: 0
[14.808s][info][gc,reloc    ] GC(48) Large Pages: 0 / 0M, Empty: 0M, Relocated: 0M, In-Place: 0
[14.808s][info][gc,reloc    ] GC(48) Forwarding Usage: 0M
[14.808s][info][gc,heap     ] GC(48) Min Capacity: 4096M(100%)
[14.808s][info][gc,heap     ] GC(48) Max Capacity: 4096M(100%)
[14.808s][info][gc,heap     ] GC(48) Soft Max Capacity: 4096M(100%)
[14.808s][info][gc,heap     ] GC(48)                Mark Start          Mark End        Relocate Start      Relocate End           High               Low         
[14.808s][info][gc,heap     ] GC(48)  Capacity:     4096M (100%)       4096M (100%)       4096M (100%)       4096M (100%)       4096M (100%)       4096M (100%)   
[14.808s][info][gc,heap     ] GC(48)      Free:     1240M (30%)        1238M (30%)        1238M (30%)        1238M (30%)        1240M (30%)        1234M (30%)    
[14.808s][info][gc,heap     ] GC(48)      Used:     2856M (70%)        2858M (70%)        2858M (70%)        2858M (70%)        2862M (70%)        2856M (70%)    
[14.808s][info][gc,heap     ] GC(48)      Live:         -              2575M (63%)        2575M (63%)        2575M (63%)            -                  -          
[14.808s][info][gc,heap     ] GC(48) Allocated:         -                 2M (0%)            2M (0%)            2M (0%)             -                  -          
[14.808s][info][gc,heap     ] GC(48)   Garbage:         -               280M (7%)          280M (7%)          280M (7%)             -                  -          
[14.808s][info][gc,heap     ] GC(48) Reclaimed:         -                  -                 0M (0%)            0M (0%)             -                  -          
[14.808s][info][gc          ] GC(48) Garbage Collection (Timer) 2856M(70%)->2858M(70%)
[15.082s][info][gc,start    ] GC(49) Garbage Collection (Timer)
[15.082s][info][gc,task     ] GC(49) Using 3 workers
[15.082s][info][gc,phases   ] GC(49) Pause Mark Start 0.006ms
[15.101s][info][gc,phases   ] GC(49) Concurrent Mark 18.797ms
[15.101s][info][gc,phases   ] GC(49) Pause Mark End 0.009ms
[15.101s][info][gc,phases   ] GC(49) Concurrent Mark Free 0.001ms
[15.101s][info][gc,phases   ] GC(49) Concurrent Process Non-Strong References 0.539ms
[15.101s][info][gc,phases   ] GC(49) Concurrent Reset Relocation Set 0.001ms
[15.104s][info][gc,phases   ] GC(49) Concurrent Select Relocation Set 2.293ms
[15.104s][info][gc,phases   ] GC(49) Pause Relocate Start 0.005ms
[15.108s][info][gc,phases   ] GC(49) Concurrent Relocate 4.216ms
[15.108s][info][gc,load     ] GC(49) Load: 0.00/0.00/0.00
[15.108s][info][gc,mmu      ] GC(49) MMU: 2ms/99.3%, 5ms/99.6%, 10ms/99.8%, 20ms/99.9%, 50ms/99.9%, 100ms/100.0%
[15.108s][info][gc,marking  ] GC(49) Mark: 2 stripe(s), 2 proactive flush(es), 1 terminate flush(es), 0 completion(s), 0 continuation(s) 
[15.108s][info][gc,marking  ] GC(49) Mark Stack Usage: 32M
[15.108s][info][gc,nmethod  ] GC(49) NMethods: 491 registered, 0 unregistered
[15.108s][info][gc,metaspace] GC(49) Metaspace: 1M used, 1M committed, 1088M reserved
[15.108s][info][gc,ref      ] GC(49) Soft: 181 encountered, 0 discovered, 0 enqueued
[15.108s][info][gc,ref      ] GC(49) Weak: 263 encountered, 58 discovered, 0 enqueued
[15.109s][info][gc,ref      ] GC(49) Final: 0 encountered, 0 discovered, 0 enqueued
[15.109s][info][gc,ref      ] GC(49) Phantom: 7 encountered, 3 discovered, 0 enqueued
[15.109s][info][gc,reloc    ] GC(49) Small Pages: 1437 / 2874M, Empty: 0M, Relocated: 3M, In-Place: 0
[15.109s][info][gc,reloc    ] GC(49) Medium Pages: 1 / 32M, Empty: 0M, Relocated: 0M, In-Place: 0
[15.109s][info][gc,reloc    ] GC(49) Large Pages: 0 / 0M, Empty: 0M, Relocated: 0M, In-Place: 0
[15.109s][info][gc,reloc    ] GC(49) Forwarding Usage: 0M
[15.109s][info][gc,heap     ] GC(49) Min Capacity: 4096M(100%)
[15.109s][info][gc,heap     ] GC(49) Max Capacity: 4096M(100%)
[15.109s][info][gc,heap     ] GC(49) Soft Max Capacity: 4096M(100%)
[15.109s][info][gc,heap     ] GC(49)                Mark Start          Mark End        Relocate Start      Relocate End           High               Low         
[15.109s][info][gc,heap     ] GC(49)  Capacity:     4096M (100%)       4096M (100%)       4096M (100%)       4096M (100%)       4096M (100%)       4096M (100%)   
[15.109s][info][gc,heap     ] GC(49)      Free:     1190M (29%)        1188M (29%)        1188M (29%)        1190M (29%)        1190M (29%)        1182M (29%)    
[15.109s][info][gc,heap     ] GC(49)      Used:     2906M (71%)        2908M (71%)        2908M (71%)        2906M (71%)        2914M (71%)        2906M (71%)    
[15.109s][info][gc,heap     ] GC(49)      Live:         -              2620M (64%)        2620M (64%)        2620M (64%)            -                  -          
[15.109s][info][gc,heap     ] GC(49) Allocated:         -                 2M (0%)            2M (0%)            1M (0%)             -                  -          
[15.109s][info][gc,heap     ] GC(49)   Garbage:         -               285M (7%)          285M (7%)          283M (7%)             -                  -          
[15.109s][info][gc,heap     ] GC(49) Reclaimed:         -                  -                 0M (0%)            1M (0%)             -                  -          
[15.109s][info][gc          ] GC(49) Garbage Collection (Timer) 2906M(71%)->2906M(71%)
[15.381s][info][gc,start    ] GC(50) Garbage Collection (Timer)
[15.381s][info][gc,task     ] GC(50) Using 3 workers
[15.382s][info][gc,phases   ] GC(50) Pause Mark Start 0.006ms
[15.401s][info][gc,phases   ] GC(50) Concurrent Mark 19.573ms
[15.401s][info][gc,phases   ] GC(50) Pause Mark End 0.009ms
[15.401s][info][gc,phases   ] GC(50) Concurrent Mark Free 0.001ms
[15.402s][info][gc,phases   ] GC(50) Concurrent Process Non-Strong References 0.850ms
[15.402s][info][gc,phases   ] GC(50) Concurrent Reset Relocation Set 0.001ms
[15.405s][info][gc,phases   ] GC(50) Concurrent Select Relocation Set 2.256ms
[15.405s][info][gc,phases   ] GC(50) Pause Relocate Start 0.005ms
[15.409s][info][gc,phases   ] GC(50) Concurrent Relocate 3.926ms
[15.409s][info][gc,load     ] GC(50) Load: 0.00/0.00/0.00
[15.409s][info][gc,mmu      ] GC(50) MMU: 2ms/99.3%, 5ms/99.6%, 10ms/99.8%, 20ms/99.9%, 50ms/99.9%, 100ms/100.0%
[15.409s][info][gc,marking  ] GC(50) Mark: 2 stripe(s), 2 proactive flush(es), 1 terminate flush(es), 0 completion(s), 0 continuation(s) 
[15.409s][info][gc,marking  ] GC(50) Mark Stack Usage: 32M
[15.409s][info][gc,nmethod  ] GC(50) NMethods: 491 registered, 0 unregistered
[15.409s][info][gc,metaspace] GC(50) Metaspace: 1M used, 1M committed, 1088M reserved
[15.409s][info][gc,ref      ] GC(50) Soft: 181 encountered, 0 discovered, 0 enqueued
[15.409s][info][gc,ref      ] GC(50) Weak: 263 encountered, 76 discovered, 0 enqueued
[15.409s][info][gc,ref      ] GC(50) Final: 0 encountered, 0 discovered, 0 enqueued
[15.409s][info][gc,ref      ] GC(50) Phantom: 7 encountered, 3 discovered, 0 enqueued
[15.409s][info][gc,reloc    ] GC(50) Small Pages: 1465 / 2930M, Empty: 0M, Relocated: 3M, In-Place: 0
[15.409s][info][gc,reloc    ] GC(50) Medium Pages: 1 / 32M, Empty: 0M, Relocated: 0M, In-Place: 0
[15.409s][info][gc,reloc    ] GC(50) Large Pages: 0 / 0M, Empty: 0M, Relocated: 0M, In-Place: 0
[15.409s][info][gc,reloc    ] GC(50) Forwarding Usage: 0M
[15.409s][info][gc,heap     ] GC(50) Min Capacity: 4096M(100%)
[15.409s][info][gc,heap     ] GC(50) Max Capacity: 4096M(100%)
[15.409s][info][gc,heap     ] GC(50) Soft Max Capacity: 4096M(100%)
[15.409s][info][gc,heap     ] GC(50)                Mark Start          Mark End        Relocate Start      Relocate End           High               Low         
[15.409s][info][gc,heap     ] GC(50)  Capacity:     4096M (100%)       4096M (100%)       4096M (100%)       4096M (100%)       4096M (100%)       4096M (100%)   
[15.409s][info][gc,heap     ] GC(50)      Free:     1134M (28%)        1132M (28%)        1132M (28%)        1134M (28%)        1134M (28%)        1126M (27%)    
[15.409s][info][gc,heap     ] GC(50)      Used:     2962M (72%)        2964M (72%)        2964M (72%)        2962M (72%)        2970M (73%)        2962M (72%)    
[15.409s][info][gc,heap     ] GC(50)      Live:         -              2672M (65%)        2672M (65%)        2672M (65%)            -                  -          
[15.409s][info][gc,heap     ] GC(50) Allocated:         -                 2M (0%)            2M (0%)            1M (0%)             -                  -          
[15.409s][info][gc,heap     ] GC(50)   Garbage:         -               289M (7%)          289M (7%)          287M (7%)             -                  -          
[15.409s][info][gc,heap     ] GC(50) Reclaimed:         -                  -                 0M (0%)            1M (0%)             -                  -          
[15.409s][info][gc          ] GC(50) Garbage Collection (Timer) 2962M(72%)->2962M(72%)
[15.682s][info][gc,start    ] GC(51) Garbage Collection (Timer)
[15.682s][info][gc,task     ] GC(51) Using 3 workers
[15.682s][info][gc,phases   ] GC(51) Pause Mark Start 0.005ms
[15.703s][info][gc,phases   ] GC(51) Concurrent Mark 20.896ms
[15.703s][info][gc,phases   ] GC(51) Pause Mark End 0.011ms
[15.703s][info][gc,phases   ] GC(51) Concurrent Mark Free 0.001ms
[15.704s][info][gc,phases   ] GC(51) Concurrent Process Non-Strong References 0.475ms
[15.704s][info][gc,phases   ] GC(51) Concurrent Reset Relocation Set 0.001ms
[15.706s][info][gc,phases   ] GC(51) Concurrent Select Relocation Set 2.224ms
[15.706s][info][gc,phases   ] GC(51) Pause Relocate Start 0.004ms
[15.712s][info][gc,phases   ] GC(51) Concurrent Relocate 5.137ms
[15.712s][info][gc,load     ] GC(51) Load: 0.00/0.00/0.00
[15.712s][info][gc,mmu      ] GC(51) MMU: 2ms/99.3%, 5ms/99.6%, 10ms/99.8%, 20ms/99.9%, 50ms/99.9%, 100ms/100.0%
[15.712s][info][gc,marking  ] GC(51) Mark: 2 stripe(s), 2 proactive flush(es), 1 terminate flush(es), 0 completion(s), 0 continuation(s) 
[15.712s][info][gc,marking  ] GC(51) Mark Stack Usage: 32M
[15.712s][info][gc,nmethod  ] GC(51) NMethods: 491 registered, 0 unregistered
[15.712s][info][gc,metaspace] GC(51) Metaspace: 1M used, 1M committed, 1088M reserved
[15.712s][info][gc,ref      ] GC(51) Soft: 181 encountered, 0 discovered, 0 enqueued
[15.712s][info][gc,ref      ] GC(51) Weak: 263 encountered, 152 discovered, 0 enqueued
[15.712s][info][gc,ref      ] GC(51) Final: 0 encountered, 0 discovered, 0 enqueued
[15.712s][info][gc,ref      ] GC(51) Phantom: 7 encountered, 2 discovered, 0 enqueued
[15.712s][info][gc,reloc    ] GC(51) Small Pages: 1501 / 3002M, Empty: 0M, Relocated: 5M, In-Place: 0
[15.712s][info][gc,reloc    ] GC(51) Medium Pages: 1 / 32M, Empty: 0M, Relocated: 0M, In-Place: 0
[15.712s][info][gc,reloc    ] GC(51) Large Pages: 0 / 0M, Empty: 0M, Relocated: 0M, In-Place: 0
[15.712s][info][gc,reloc    ] GC(51) Forwarding Usage: 0M
[15.712s][info][gc,heap     ] GC(51) Min Capacity: 4096M(100%)
[15.712s][info][gc,heap     ] GC(51) Max Capacity: 4096M(100%)
[15.712s][info][gc,heap     ] GC(51) Soft Max Capacity: 4096M(100%)
[15.712s][info][gc,heap     ] GC(51)                Mark Start          Mark End        Relocate Start      Relocate End           High               Low         
[15.712s][info][gc,heap     ] GC(51)  Capacity:     4096M (100%)       4096M (100%)       4096M (100%)       4096M (100%)       4096M (100%)       4096M (100%)   
[15.712s][info][gc,heap     ] GC(51)      Free:     1062M (26%)        1060M (26%)        1060M (26%)        1062M (26%)        1062M (26%)        1054M (26%)    
[15.712s][info][gc,heap     ] GC(51)      Used:     3034M (74%)        3036M (74%)        3036M (74%)        3034M (74%)        3042M (74%)        3034M (74%)    
[15.712s][info][gc,heap     ] GC(51)      Live:         -              2738M (67%)        2738M (67%)        2738M (67%)            -                  -          
[15.712s][info][gc,heap     ] GC(51) Allocated:         -                 2M (0%)            2M (0%)            2M (0%)             -                  -          
[15.712s][info][gc,heap     ] GC(51)   Garbage:         -               295M (7%)          295M (7%)          293M (7%)             -                  -          
[15.712s][info][gc,heap     ] GC(51) Reclaimed:         -                  -                 0M (0%)            2M (0%)             -                  -          
[15.712s][info][gc          ] GC(51) Garbage Collection (Timer) 3034M(74%)->3034M(74%)
[15.982s][info][gc,start    ] GC(52) Garbage Collection (Timer)
[15.982s][info][gc,task     ] GC(52) Using 3 workers
[15.983s][info][gc,phases   ] GC(52) Pause Mark Start 0.006ms
[16.004s][info][gc,phases   ] GC(52) Concurrent Mark 20.959ms
[16.004s][info][gc,phases   ] GC(52) Pause Mark End 0.009ms
[16.004s][info][gc,phases   ] GC(52) Concurrent Mark Free 0.001ms
[16.005s][info][gc,phases   ] GC(52) Concurrent Process Non-Strong References 0.695ms
[16.005s][info][gc,phases   ] GC(52) Concurrent Reset Relocation Set 0.001ms
[16.007s][info][gc,phases   ] GC(52) Concurrent Select Relocation Set 2.286ms
[16.007s][info][gc,phases   ] GC(52) Pause Relocate Start 0.005ms
[16.010s][info][gc,phases   ] GC(52) Concurrent Relocate 2.253ms
[16.010s][info][gc,load     ] GC(52) Load: 0.00/0.00/0.00
[16.010s][info][gc,mmu      ] GC(52) MMU: 2ms/99.3%, 5ms/99.6%, 10ms/99.8%, 20ms/99.9%, 50ms/99.9%, 100ms/100.0%
[16.010s][info][gc,marking  ] GC(52) Mark: 2 stripe(s), 2 proactive flush(es), 1 terminate flush(es), 0 completion(s), 0 continuation(s) 
[16.010s][info][gc,marking  ] GC(52) Mark Stack Usage: 32M
[16.010s][info][gc,nmethod  ] GC(52) NMethods: 492 registered, 0 unregistered
[16.010s][info][gc,metaspace] GC(52) Metaspace: 1M used, 1M committed, 1088M reserved
[16.010s][info][gc,ref      ] GC(52) Soft: 181 encountered, 0 discovered, 0 enqueued
[16.010s][info][gc,ref      ] GC(52) Weak: 263 encountered, 173 discovered, 0 enqueued
[16.010s][info][gc,ref      ] GC(52) Final: 0 encountered, 0 discovered, 0 enqueued
[16.010s][info][gc,ref      ] GC(52) Phantom: 7 encountered, 2 discovered, 0 enqueued
[16.010s][info][gc,reloc    ] GC(52) Small Pages: 1540 / 3080M, Empty: 0M, Relocated: 0M, In-Place: 0
[16.010s][info][gc,reloc    ] GC(52) Medium Pages: 1 / 32M, Empty: 0M, Relocated: 0M, In-Place: 0
[16.010s][info][gc,reloc    ] GC(52) Large Pages: 0 / 0M, Empty: 0M, Relocated: 0M, In-Place: 0
[16.010s][info][gc,reloc    ] GC(52) Forwarding Usage: 0M
[16.010s][info][gc,heap     ] GC(52) Min Capacity: 4096M(100%)
[16.010s][info][gc,heap     ] GC(52) Max Capacity: 4096M(100%)
[16.010s][info][gc,heap     ] GC(52) Soft Max Capacity: 4096M(100%)
[16.010s][info][gc,heap     ] GC(52)                Mark Start          Mark End        Relocate Start      Relocate End           High               Low         
[16.010s][info][gc,heap     ] GC(52)  Capacity:     4096M (100%)       4096M (100%)       4096M (100%)       4096M (100%)       4096M (100%)       4096M (100%)   
[16.010s][info][gc,heap     ] GC(52)      Free:      984M (24%)         982M (24%)         982M (24%)         982M (24%)         984M (24%)         978M (24%)    
[16.010s][info][gc,heap     ] GC(52)      Used:     3112M (76%)        3114M (76%)        3114M (76%)        3114M (76%)        3118M (76%)        3112M (76%)    
[16.010s][info][gc,heap     ] GC(52)      Live:         -              2810M (69%)        2810M (69%)        2810M (69%)            -                  -          
[16.010s][info][gc,heap     ] GC(52) Allocated:         -                 2M (0%)            2M (0%)            2M (0%)             -                  -          
[16.010s][info][gc,heap     ] GC(52)   Garbage:         -               301M (7%)          301M (7%)          301M (7%)             -                  -          
[16.010s][info][gc,heap     ] GC(52) Reclaimed:         -                  -                 0M (0%)            0M (0%)             -                  -          
[16.010s][info][gc          ] GC(52) Garbage Collection (Timer) 3112M(76%)->3114M(76%)
[16.282s][info][gc,start    ] GC(53) Garbage Collection (Timer)
[16.282s][info][gc,task     ] GC(53) Using 3 workers
[16.282s][info][gc,phases   ] GC(53) Pause Mark Start 0.006ms
[16.303s][info][gc,phases   ] GC(53) Concurrent Mark 20.792ms
[16.303s][info][gc,phases   ] GC(53) Pause Mark End 0.009ms
[16.303s][info][gc,phases   ] GC(53) Concurrent Mark Free 0.001ms
[16.304s][info][gc,phases   ] GC(53) Concurrent Process Non-Strong References 0.819ms
[16.304s][info][gc,phases   ] GC(53) Concurrent Reset Relocation Set 0.001ms
[16.307s][info][gc,phases   ] GC(53) Concurrent Select Relocation Set 2.336ms
[16.307s][info][gc,phases   ] GC(53) Pause Relocate Start 0.005ms
[16.309s][info][gc,phases   ] GC(53) Concurrent Relocate 2.139ms
[16.309s][info][gc,load     ] GC(53) Load: 0.00/0.00/0.00
[16.309s][info][gc,mmu      ] GC(53) MMU: 2ms/99.3%, 5ms/99.6%, 10ms/99.8%, 20ms/99.9%, 50ms/99.9%, 100ms/100.0%
[16.309s][info][gc,marking  ] GC(53) Mark: 2 stripe(s), 2 proactive flush(es), 1 terminate flush(es), 0 completion(s), 0 continuation(s) 
[16.309s][info][gc,marking  ] GC(53) Mark Stack Usage: 32M
[16.309s][info][gc,nmethod  ] GC(53) NMethods: 492 registered, 0 unregistered
[16.309s][info][gc,metaspace] GC(53) Metaspace: 1M used, 1M committed, 1088M reserved
[16.309s][info][gc,ref      ] GC(53) Soft: 181 encountered, 0 discovered, 0 enqueued
[16.309s][info][gc,ref      ] GC(53) Weak: 263 encountered, 173 discovered, 0 enqueued
[16.309s][info][gc,ref      ] GC(53) Final: 0 encountered, 0 discovered, 0 enqueued
[16.309s][info][gc,ref      ] GC(53) Phantom: 7 encountered, 3 discovered, 0 enqueued
[16.309s][info][gc,reloc    ] GC(53) Small Pages: 1569 / 3138M, Empty: 0M, Relocated: 1M, In-Place: 0
[16.309s][info][gc,reloc    ] GC(53) Medium Pages: 1 / 32M, Empty: 0M, Relocated: 0M, In-Place: 0
[16.309s][info][gc,reloc    ] GC(53) Large Pages: 0 / 0M, Empty: 0M, Relocated: 0M, In-Place: 0
[16.309s][info][gc,reloc    ] GC(53) Forwarding Usage: 0M
[16.309s][info][gc,heap     ] GC(53) Min Capacity: 4096M(100%)
[16.309s][info][gc,heap     ] GC(53) Max Capacity: 4096M(100%)
[16.309s][info][gc,heap     ] GC(53) Soft Max Capacity: 4096M(100%)
[16.310s][info][gc,heap     ] GC(53)                Mark Start          Mark End        Relocate Start      Relocate End           High               Low         
[16.310s][info][gc,heap     ] GC(53)  Capacity:     4096M (100%)       4096M (100%)       4096M (100%)       4096M (100%)       4096M (100%)       4096M (100%)   
[16.310s][info][gc,heap     ] GC(53)      Free:      926M (23%)         924M (23%)         924M (23%)         924M (23%)         926M (23%)         918M (22%)    
[16.310s][info][gc,heap     ] GC(53)      Used:     3170M (77%)        3172M (77%)        3172M (77%)        3172M (77%)        3178M (78%)        3170M (77%)    
[16.310s][info][gc,heap     ] GC(53)      Live:         -              2862M (70%)        2862M (70%)        2862M (70%)            -                  -          
[16.310s][info][gc,heap     ] GC(53) Allocated:         -                 2M (0%)            2M (0%)            2M (0%)             -                  -          
[16.310s][info][gc,heap     ] GC(53)   Garbage:         -               307M (8%)          307M (8%)          307M (8%)             -                  -          
[16.310s][info][gc,heap     ] GC(53) Reclaimed:         -                  -                 0M (0%)            0M (0%)             -                  -          
[16.310s][info][gc          ] GC(53) Garbage Collection (Timer) 3170M(77%)->3172M(77%)
[16.582s][info][gc,start    ] GC(54) Garbage Collection (Timer)
[16.582s][info][gc,task     ] GC(54) Using 3 workers
[16.582s][info][gc,phases   ] GC(54) Pause Mark Start 0.006ms
[16.602s][info][gc,phases   ] GC(54) Concurrent Mark 20.177ms
[16.603s][info][gc,phases   ] GC(54) Pause Mark End 0.009ms
[16.603s][info][gc,phases   ] GC(54) Concurrent Mark Free 0.001ms
[16.604s][info][gc,phases   ] GC(54) Concurrent Process Non-Strong References 0.908ms
[16.604s][info][gc,phases   ] GC(54) Concurrent Reset Relocation Set 0.001ms
[16.606s][info][gc,phases   ] GC(54) Concurrent Select Relocation Set 2.268ms
[16.606s][info][gc,phases   ] GC(54) Pause Relocate Start 0.005ms
[16.610s][info][gc,phases   ] GC(54) Concurrent Relocate 4.178ms
[16.610s][info][gc,load     ] GC(54) Load: 0.00/0.00/0.00
[16.610s][info][gc,mmu      ] GC(54) MMU: 2ms/99.3%, 5ms/99.6%, 10ms/99.8%, 20ms/99.9%, 50ms/99.9%, 100ms/100.0%
[16.611s][info][gc,marking  ] GC(54) Mark: 2 stripe(s), 2 proactive flush(es), 1 terminate flush(es), 0 completion(s), 0 continuation(s) 
[16.611s][info][gc,marking  ] GC(54) Mark Stack Usage: 32M
[16.611s][info][gc,nmethod  ] GC(54) NMethods: 492 registered, 0 unregistered
[16.611s][info][gc,metaspace] GC(54) Metaspace: 1M used, 1M committed, 1088M reserved
[16.611s][info][gc,ref      ] GC(54) Soft: 181 encountered, 0 discovered, 0 enqueued
[16.611s][info][gc,ref      ] GC(54) Weak: 263 encountered, 174 discovered, 0 enqueued
[16.611s][info][gc,ref      ] GC(54) Final: 0 encountered, 0 discovered, 0 enqueued
[16.611s][info][gc,ref      ] GC(54) Phantom: 7 encountered, 2 discovered, 0 enqueued
[16.611s][info][gc,reloc    ] GC(54) Small Pages: 1599 / 3198M, Empty: 0M, Relocated: 2M, In-Place: 0
[16.611s][info][gc,reloc    ] GC(54) Medium Pages: 1 / 32M, Empty: 0M, Relocated: 0M, In-Place: 0
[16.611s][info][gc,reloc    ] GC(54) Large Pages: 0 / 0M, Empty: 0M, Relocated: 0M, In-Place: 0
[16.611s][info][gc,reloc    ] GC(54) Forwarding Usage: 0M
[16.611s][info][gc,heap     ] GC(54) Min Capacity: 4096M(100%)
[16.611s][info][gc,heap     ] GC(54) Max Capacity: 4096M(100%)
[16.611s][info][gc,heap     ] GC(54) Soft Max Capacity: 4096M(100%)
[16.611s][info][gc,heap     ] GC(54)                Mark Start          Mark End        Relocate Start      Relocate End           High               Low         
[16.611s][info][gc,heap     ] GC(54)  Capacity:     4096M (100%)       4096M (100%)       4096M (100%)       4096M (100%)       4096M (100%)       4096M (100%)   
[16.611s][info][gc,heap     ] GC(54)      Free:      866M (21%)         864M (21%)         864M (21%)         868M (21%)         868M (21%)         858M (21%)    
[16.611s][info][gc,heap     ] GC(54)      Used:     3230M (79%)        3232M (79%)        3232M (79%)        3228M (79%)        3238M (79%)        3228M (79%)    
[16.611s][info][gc,heap     ] GC(54)      Live:         -              2915M (71%)        2915M (71%)        2915M (71%)            -                  -          
[16.611s][info][gc,heap     ] GC(54) Allocated:         -                 2M (0%)            2M (0%)            1M (0%)             -                  -          
[16.611s][info][gc,heap     ] GC(54)   Garbage:         -               314M (8%)          314M (8%)          310M (8%)             -                  -          
[16.611s][info][gc,heap     ] GC(54) Reclaimed:         -                  -                 0M (0%)            3M (0%)             -                  -          
[16.611s][info][gc          ] GC(54) Garbage Collection (Timer) 3230M(79%)->3228M(79%)
[16.882s][info][gc,start    ] GC(55) Garbage Collection (Timer)
[16.882s][info][gc,task     ] GC(55) Using 3 workers
[16.882s][info][gc,phases   ] GC(55) Pause Mark Start 0.005ms
[16.907s][info][gc,phases   ] GC(55) Concurrent Mark 24.815ms
[16.907s][info][gc,phases   ] GC(55) Pause Mark End 0.009ms
[16.907s][info][gc,phases   ] GC(55) Concurrent Mark Free 0.001ms
[16.908s][info][gc,phases   ] GC(55) Concurrent Process Non-Strong References 0.503ms
[16.908s][info][gc,phases   ] GC(55) Concurrent Reset Relocation Set 0.001ms
[16.910s][info][gc,phases   ] GC(55) Concurrent Select Relocation Set 2.355ms
[16.910s][info][gc,phases   ] GC(55) Pause Relocate Start 0.005ms
[16.913s][info][gc,phases   ] GC(55) Concurrent Relocate 1.995ms
[16.913s][info][gc,load     ] GC(55) Load: 0.00/0.00/0.00
[16.913s][info][gc,mmu      ] GC(55) MMU: 2ms/99.3%, 5ms/99.6%, 10ms/99.8%, 20ms/99.9%, 50ms/99.9%, 100ms/100.0%
[16.913s][info][gc,marking  ] GC(55) Mark: 2 stripe(s), 2 proactive flush(es), 1 terminate flush(es), 0 completion(s), 0 continuation(s) 
[16.913s][info][gc,marking  ] GC(55) Mark Stack Usage: 32M
[16.913s][info][gc,nmethod  ] GC(55) NMethods: 492 registered, 0 unregistered
[16.913s][info][gc,metaspace] GC(55) Metaspace: 1M used, 1M committed, 1088M reserved
[16.913s][info][gc,ref      ] GC(55) Soft: 181 encountered, 0 discovered, 0 enqueued
[16.913s][info][gc,ref      ] GC(55) Weak: 263 encountered, 173 discovered, 0 enqueued
[16.913s][info][gc,ref      ] GC(55) Final: 0 encountered, 0 discovered, 0 enqueued
[16.913s][info][gc,ref      ] GC(55) Phantom: 7 encountered, 3 discovered, 0 enqueued
[16.913s][info][gc,reloc    ] GC(55) Small Pages: 1627 / 3254M, Empty: 0M, Relocated: 1M, In-Place: 0
[16.913s][info][gc,reloc    ] GC(55) Medium Pages: 2 / 64M, Empty: 32M, Relocated: 0M, In-Place: 0
[16.913s][info][gc,reloc    ] GC(55) Large Pages: 0 / 0M, Empty: 0M, Relocated: 0M, In-Place: 0
[16.913s][info][gc,reloc    ] GC(55) Forwarding Usage: 0M
[16.913s][info][gc,heap     ] GC(55) Min Capacity: 4096M(100%)
[16.913s][info][gc,heap     ] GC(55) Max Capacity: 4096M(100%)
[16.913s][info][gc,heap     ] GC(55) Soft Max Capacity: 4096M(100%)
[16.913s][info][gc,heap     ] GC(55)                Mark Start          Mark End        Relocate Start      Relocate End           High               Low         
[16.913s][info][gc,heap     ] GC(55)  Capacity:     4096M (100%)       4096M (100%)       4096M (100%)       4096M (100%)       4096M (100%)       4096M (100%)   
[16.913s][info][gc,heap     ] GC(55)      Free:      778M (19%)         776M (19%)         808M (20%)         808M (20%)         808M (20%)         776M (19%)    
[16.913s][info][gc,heap     ] GC(55)      Used:     3318M (81%)        3320M (81%)        3288M (80%)        3288M (80%)        3320M (81%)        3288M (80%)    
[16.913s][info][gc,heap     ] GC(55)      Live:         -              2969M (73%)        2969M (73%)        2969M (73%)            -                  -          
[16.913s][info][gc,heap     ] GC(55) Allocated:         -                 2M (0%)            2M (0%)            2M (0%)             -                  -          
[16.913s][info][gc,heap     ] GC(55)   Garbage:         -               348M (9%)          316M (8%)          316M (8%)             -                  -          
[16.913s][info][gc,heap     ] GC(55) Reclaimed:         -                  -                32M (1%)           32M (1%)             -                  -          
[16.913s][info][gc          ] GC(55) Garbage Collection (Timer) 3318M(81%)->3288M(80%)
[17.182s][info][gc,start    ] GC(56) Garbage Collection (Timer)
[17.182s][info][gc,task     ] GC(56) Using 3 workers
[17.182s][info][gc,phases   ] GC(56) Pause Mark Start 0.005ms
[17.205s][info][gc,phases   ] GC(56) Concurrent Mark 22.734ms
[17.205s][info][gc,phases   ] GC(56) Pause Mark End 0.009ms
[17.206s][info][gc,phases   ] GC(56) Concurrent Mark Free 0.001ms
[17.206s][info][gc,phases   ] GC(56) Concurrent Process Non-Strong References 0.630ms
[17.206s][info][gc,phases   ] GC(56) Concurrent Reset Relocation Set 0.001ms
[17.209s][info][gc,phases   ] GC(56) Concurrent Select Relocation Set 2.409ms
[17.209s][info][gc,phases   ] GC(56) Pause Relocate Start 0.007ms
[17.211s][info][gc,phases   ] GC(56) Concurrent Relocate 2.162ms
[17.211s][info][gc,load     ] GC(56) Load: 0.00/0.00/0.00
[17.211s][info][gc,mmu      ] GC(56) MMU: 2ms/99.3%, 5ms/99.6%, 10ms/99.8%, 20ms/99.9%, 50ms/99.9%, 100ms/100.0%
[17.211s][info][gc,marking  ] GC(56) Mark: 2 stripe(s), 2 proactive flush(es), 1 terminate flush(es), 0 completion(s), 0 continuation(s) 
[17.211s][info][gc,marking  ] GC(56) Mark Stack Usage: 32M
[17.211s][info][gc,nmethod  ] GC(56) NMethods: 492 registered, 0 unregistered
[17.211s][info][gc,metaspace] GC(56) Metaspace: 1M used, 1M committed, 1088M reserved
[17.211s][info][gc,ref      ] GC(56) Soft: 181 encountered, 0 discovered, 0 enqueued
[17.211s][info][gc,ref      ] GC(56) Weak: 263 encountered, 173 discovered, 0 enqueued
[17.211s][info][gc,ref      ] GC(56) Final: 0 encountered, 0 discovered, 0 enqueued
[17.211s][info][gc,ref      ] GC(56) Phantom: 7 encountered, 3 discovered, 0 enqueued
[17.211s][info][gc,reloc    ] GC(56) Small Pages: 1651 / 3302M, Empty: 0M, Relocated: 1M, In-Place: 0
[17.211s][info][gc,reloc    ] GC(56) Medium Pages: 1 / 32M, Empty: 0M, Relocated: 0M, In-Place: 0
[17.211s][info][gc,reloc    ] GC(56) Large Pages: 0 / 0M, Empty: 0M, Relocated: 0M, In-Place: 0
[17.211s][info][gc,reloc    ] GC(56) Forwarding Usage: 0M
[17.212s][info][gc,heap     ] GC(56) Min Capacity: 4096M(100%)
[17.212s][info][gc,heap     ] GC(56) Max Capacity: 4096M(100%)
[17.212s][info][gc,heap     ] GC(56) Soft Max Capacity: 4096M(100%)
[17.212s][info][gc,heap     ] GC(56)                Mark Start          Mark End        Relocate Start      Relocate End           High               Low         
[17.212s][info][gc,heap     ] GC(56)  Capacity:     4096M (100%)       4096M (100%)       4096M (100%)       4096M (100%)       4096M (100%)       4096M (100%)   
[17.212s][info][gc,heap     ] GC(56)      Free:      762M (19%)         760M (19%)         760M (19%)         760M (19%)         762M (19%)         756M (18%)    
[17.212s][info][gc,heap     ] GC(56)      Used:     3334M (81%)        3336M (81%)        3336M (81%)        3336M (81%)        3340M (82%)        3334M (81%)    
[17.212s][info][gc,heap     ] GC(56)      Live:         -              3013M (74%)        3013M (74%)        3013M (74%)            -                  -          
[17.212s][info][gc,heap     ] GC(56) Allocated:         -                 2M (0%)            2M (0%)            2M (0%)             -                  -          
[17.212s][info][gc,heap     ] GC(56)   Garbage:         -               320M (8%)          320M (8%)          320M (8%)             -                  -          
[17.212s][info][gc,heap     ] GC(56) Reclaimed:         -                  -                 0M (0%)            0M (0%)             -                  -          
[17.212s][info][gc          ] GC(56) Garbage Collection (Timer) 3334M(81%)->3336M(81%)
[17.483s][info][gc,start    ] GC(57) Garbage Collection (Timer)
[17.483s][info][gc,task     ] GC(57) Using 3 workers
[17.483s][info][gc,phases   ] GC(57) Pause Mark Start 0.006ms
[17.507s][info][gc,phases   ] GC(57) Concurrent Mark 24.227ms
[17.508s][info][gc,phases   ] GC(57) Pause Mark End 0.009ms
[17.508s][info][gc,phases   ] GC(57) Concurrent Mark Free 0.001ms
[17.508s][info][gc,phases   ] GC(57) Concurrent Process Non-Strong References 0.493ms
[17.508s][info][gc,phases   ] GC(57) Concurrent Reset Relocation Set 0.001ms
[17.512s][info][gc,phases   ] GC(57) Concurrent Select Relocation Set 3.733ms
[17.512s][info][gc,phases   ] GC(57) Pause Relocate Start 0.009ms
[17.515s][info][gc,phases   ] GC(57) Concurrent Relocate 3.226ms
[17.515s][info][gc,load     ] GC(57) Load: 0.00/0.00/0.00
[17.515s][info][gc,mmu      ] GC(57) MMU: 2ms/99.3%, 5ms/99.6%, 10ms/99.8%, 20ms/99.9%, 50ms/99.9%, 100ms/100.0%
[17.516s][info][gc,marking  ] GC(57) Mark: 2 stripe(s), 2 proactive flush(es), 1 terminate flush(es), 0 completion(s), 0 continuation(s) 
[17.516s][info][gc,marking  ] GC(57) Mark Stack Usage: 32M
[17.516s][info][gc,nmethod  ] GC(57) NMethods: 492 registered, 0 unregistered
[17.516s][info][gc,metaspace] GC(57) Metaspace: 1M used, 1M committed, 1088M reserved
[17.516s][info][gc,ref      ] GC(57) Soft: 181 encountered, 0 discovered, 0 enqueued
[17.516s][info][gc,ref      ] GC(57) Weak: 263 encountered, 211 discovered, 0 enqueued
[17.516s][info][gc,ref      ] GC(57) Final: 0 encountered, 0 discovered, 0 enqueued
[17.516s][info][gc,ref      ] GC(57) Phantom: 7 encountered, 2 discovered, 0 enqueued
[17.516s][info][gc,reloc    ] GC(57) Small Pages: 1666 / 3332M, Empty: 0M, Relocated: 2M, In-Place: 0
[17.516s][info][gc,reloc    ] GC(57) Medium Pages: 1 / 32M, Empty: 0M, Relocated: 0M, In-Place: 0
[17.516s][info][gc,reloc    ] GC(57) Large Pages: 0 / 0M, Empty: 0M, Relocated: 0M, In-Place: 0
[17.516s][info][gc,reloc    ] GC(57) Forwarding Usage: 0M
[17.516s][info][gc,heap     ] GC(57) Min Capacity: 4096M(100%)
[17.516s][info][gc,heap     ] GC(57) Max Capacity: 4096M(100%)
[17.516s][info][gc,heap     ] GC(57) Soft Max Capacity: 4096M(100%)
[17.516s][info][gc,heap     ] GC(57)                Mark Start          Mark End        Relocate Start      Relocate End           High               Low         
[17.516s][info][gc,heap     ] GC(57)  Capacity:     4096M (100%)       4096M (100%)       4096M (100%)       4096M (100%)       4096M (100%)       4096M (100%)   
[17.516s][info][gc,heap     ] GC(57)      Free:      732M (18%)         730M (18%)         730M (18%)         732M (18%)         732M (18%)         724M (18%)    
[17.516s][info][gc,heap     ] GC(57)      Used:     3364M (82%)        3366M (82%)        3366M (82%)        3364M (82%)        3372M (82%)        3364M (82%)    
[17.516s][info][gc,heap     ] GC(57)      Live:         -              3039M (74%)        3039M (74%)        3039M (74%)            -                  -          
[17.516s][info][gc,heap     ] GC(57) Allocated:         -                 2M (0%)            2M (0%)            2M (0%)             -                  -          
[17.516s][info][gc,heap     ] GC(57)   Garbage:         -               324M (8%)          324M (8%)          322M (8%)             -                  -          
[17.516s][info][gc,heap     ] GC(57) Reclaimed:         -                  -                 0M (0%)            2M (0%)             -                  -          
[17.516s][info][gc          ] GC(57) Garbage Collection (Timer) 3364M(82%)->3364M(82%)
[17.781s][info][gc,start    ] GC(58) Garbage Collection (Timer)
[17.781s][info][gc,task     ] GC(58) Using 3 workers
[17.782s][info][gc,phases   ] GC(58) Pause Mark Start 0.006ms
[17.804s][info][gc,phases   ] GC(58) Concurrent Mark 22.037ms
[17.804s][info][gc,phases   ] GC(58) Pause Mark End 0.010ms
[17.804s][info][gc,phases   ] GC(58) Concurrent Mark Free 0.001ms
[17.805s][info][gc,phases   ] GC(58) Concurrent Process Non-Strong References 0.839ms
[17.805s][info][gc,phases   ] GC(58) Concurrent Reset Relocation Set 0.001ms
[17.807s][info][gc,phases   ] GC(58) Concurrent Select Relocation Set 2.313ms
[17.808s][info][gc,phases   ] GC(58) Pause Relocate Start 0.005ms
[17.813s][info][gc,phases   ] GC(58) Concurrent Relocate 4.877ms
[17.813s][info][gc,load     ] GC(58) Load: 0.00/0.00/0.00
[17.813s][info][gc,mmu      ] GC(58) MMU: 2ms/99.3%, 5ms/99.6%, 10ms/99.8%, 20ms/99.9%, 50ms/99.9%, 100ms/100.0%
[17.813s][info][gc,marking  ] GC(58) Mark: 2 stripe(s), 2 proactive flush(es), 1 terminate flush(es), 0 completion(s), 0 continuation(s) 
[17.813s][info][gc,marking  ] GC(58) Mark Stack Usage: 32M
[17.813s][info][gc,nmethod  ] GC(58) NMethods: 492 registered, 0 unregistered
[17.813s][info][gc,metaspace] GC(58) Metaspace: 1M used, 1M committed, 1088M reserved
[17.813s][info][gc,ref      ] GC(58) Soft: 181 encountered, 0 discovered, 0 enqueued
[17.813s][info][gc,ref      ] GC(58) Weak: 263 encountered, 175 discovered, 0 enqueued
[17.813s][info][gc,ref      ] GC(58) Final: 0 encountered, 0 discovered, 0 enqueued
[17.813s][info][gc,ref      ] GC(58) Phantom: 7 encountered, 2 discovered, 0 enqueued
[17.813s][info][gc,reloc    ] GC(58) Small Pages: 1688 / 3376M, Empty: 0M, Relocated: 3M, In-Place: 0
[17.813s][info][gc,reloc    ] GC(58) Medium Pages: 1 / 32M, Empty: 0M, Relocated: 0M, In-Place: 0
[17.813s][info][gc,reloc    ] GC(58) Large Pages: 0 / 0M, Empty: 0M, Relocated: 0M, In-Place: 0
[17.813s][info][gc,reloc    ] GC(58) Forwarding Usage: 0M
[17.813s][info][gc,heap     ] GC(58) Min Capacity: 4096M(100%)
[17.813s][info][gc,heap     ] GC(58) Max Capacity: 4096M(100%)
[17.813s][info][gc,heap     ] GC(58) Soft Max Capacity: 4096M(100%)
[17.813s][info][gc,heap     ] GC(58)                Mark Start          Mark End        Relocate Start      Relocate End           High               Low         
[17.813s][info][gc,heap     ] GC(58)  Capacity:     4096M (100%)       4096M (100%)       4096M (100%)       4096M (100%)       4096M (100%)       4096M (100%)   
[17.813s][info][gc,heap     ] GC(58)      Free:      688M (17%)         686M (17%)         686M (17%)         688M (17%)         688M (17%)         680M (17%)    
[17.813s][info][gc,heap     ] GC(58)      Used:     3408M (83%)        3410M (83%)        3410M (83%)        3408M (83%)        3416M (83%)        3408M (83%)    
[17.813s][info][gc,heap     ] GC(58)      Live:         -              3080M (75%)        3080M (75%)        3080M (75%)            -                  -          
[17.813s][info][gc,heap     ] GC(58) Allocated:         -                 2M (0%)            2M (0%)            1M (0%)             -                  -          
[17.813s][info][gc,heap     ] GC(58)   Garbage:         -               327M (8%)          327M (8%)          325M (8%)             -                  -          
[17.813s][info][gc,heap     ] GC(58) Reclaimed:         -                  -                 0M (0%)            1M (0%)             -                  -          
[17.813s][info][gc          ] GC(58) Garbage Collection (Timer) 3408M(83%)->3408M(83%)
[18.082s][info][gc,start    ] GC(59) Garbage Collection (Timer)
[18.082s][info][gc,task     ] GC(59) Using 3 workers
[18.082s][info][gc,phases   ] GC(59) Pause Mark Start 0.006ms
[18.107s][info][gc,phases   ] GC(59) Concurrent Mark 24.186ms
[18.107s][info][gc,phases   ] GC(59) Pause Mark End 0.009ms
[18.107s][info][gc,phases   ] GC(59) Concurrent Mark Free 0.001ms
[18.108s][info][gc,phases   ] GC(59) Concurrent Process Non-Strong References 0.804ms
[18.108s][info][gc,phases   ] GC(59) Concurrent Reset Relocation Set 0.001ms
[18.110s][info][gc,phases   ] GC(59) Concurrent Select Relocation Set 2.090ms
[18.110s][info][gc,phases   ] GC(59) Pause Relocate Start 0.004ms
[18.113s][info][gc,phases   ] GC(59) Concurrent Relocate 2.879ms
[18.113s][info][gc,load     ] GC(59) Load: 0.00/0.00/0.00
[18.113s][info][gc,mmu      ] GC(59) MMU: 2ms/99.3%, 5ms/99.6%, 10ms/99.8%, 20ms/99.9%, 50ms/99.9%, 100ms/100.0%
[18.113s][info][gc,marking  ] GC(59) Mark: 2 stripe(s), 7 proactive flush(es), 1 terminate flush(es), 0 completion(s), 0 continuation(s) 
[18.113s][info][gc,marking  ] GC(59) Mark Stack Usage: 32M
[18.113s][info][gc,nmethod  ] GC(59) NMethods: 492 registered, 0 unregistered
[18.113s][info][gc,metaspace] GC(59) Metaspace: 1M used, 1M committed, 1088M reserved
[18.113s][info][gc,ref      ] GC(59) Soft: 181 encountered, 0 discovered, 0 enqueued
[18.113s][info][gc,ref      ] GC(59) Weak: 263 encountered, 175 discovered, 0 enqueued
[18.113s][info][gc,ref      ] GC(59) Final: 0 encountered, 0 discovered, 0 enqueued
[18.113s][info][gc,ref      ] GC(59) Phantom: 7 encountered, 3 discovered, 0 enqueued
[18.113s][info][gc,reloc    ] GC(59) Small Pages: 1693 / 3386M, Empty: 0M, Relocated: 1M, In-Place: 0
[18.113s][info][gc,reloc    ] GC(59) Medium Pages: 1 / 32M, Empty: 0M, Relocated: 0M, In-Place: 0
[18.113s][info][gc,reloc    ] GC(59) Large Pages: 0 / 0M, Empty: 0M, Relocated: 0M, In-Place: 0
[18.113s][info][gc,reloc    ] GC(59) Forwarding Usage: 0M
[18.113s][info][gc,heap     ] GC(59) Min Capacity: 4096M(100%)
[18.113s][info][gc,heap     ] GC(59) Max Capacity: 4096M(100%)
[18.113s][info][gc,heap     ] GC(59) Soft Max Capacity: 4096M(100%)
[18.113s][info][gc,heap     ] GC(59)                Mark Start          Mark End        Relocate Start      Relocate End           High               Low         
[18.113s][info][gc,heap     ] GC(59)  Capacity:     4096M (100%)       4096M (100%)       4096M (100%)       4096M (100%)       4096M (100%)       4096M (100%)   
[18.113s][info][gc,heap     ] GC(59)      Free:      678M (17%)         678M (17%)         678M (17%)         678M (17%)         678M (17%)         674M (16%)    
[18.113s][info][gc,heap     ] GC(59)      Used:     3418M (83%)        3418M (83%)        3418M (83%)        3418M (83%)        3422M (84%)        3418M (83%)    
[18.113s][info][gc,heap     ] GC(59)      Live:         -              3090M (75%)        3090M (75%)        3090M (75%)            -                  -          
[18.113s][info][gc,heap     ] GC(59) Allocated:         -                 0M (0%)            0M (0%)            0M (0%)             -                  -          
[18.113s][info][gc,heap     ] GC(59)   Garbage:         -               327M (8%)          327M (8%)          327M (8%)             -                  -          
[18.114s][info][gc,heap     ] GC(59) Reclaimed:         -                  -                 0M (0%)            0M (0%)             -                  -          
[18.114s][info][gc          ] GC(59) Garbage Collection (Timer) 3418M(83%)->3418M(83%)
[18.382s][info][gc,start    ] GC(60) Garbage Collection (Timer)
[18.382s][info][gc,task     ] GC(60) Using 3 workers
[18.382s][info][gc,phases   ] GC(60) Pause Mark Start 0.006ms
[18.411s][info][gc,phases   ] GC(60) Concurrent Mark 28.790ms
[18.411s][info][gc,phases   ] GC(60) Pause Mark End 0.009ms
[18.411s][info][gc,phases   ] GC(60) Concurrent Mark Free 0.001ms
[18.412s][info][gc,phases   ] GC(60) Concurrent Process Non-Strong References 0.862ms
[18.412s][info][gc,phases   ] GC(60) Concurrent Reset Relocation Set 0.001ms
[18.414s][info][gc,phases   ] GC(60) Concurrent Select Relocation Set 2.111ms
[18.414s][info][gc,phases   ] GC(60) Pause Relocate Start 0.005ms
[18.415s][info][gc,phases   ] GC(60) Concurrent Relocate 0.366ms
[18.415s][info][gc,load     ] GC(60) Load: 0.00/0.00/0.00
[18.415s][info][gc,mmu      ] GC(60) MMU: 2ms/99.3%, 5ms/99.6%, 10ms/99.8%, 20ms/99.9%, 50ms/99.9%, 100ms/100.0%
[18.415s][info][gc,marking  ] GC(60) Mark: 2 stripe(s), 10 proactive flush(es), 1 terminate flush(es), 0 completion(s), 0 continuation(s) 
[18.415s][info][gc,marking  ] GC(60) Mark Stack Usage: 32M
[18.415s][info][gc,nmethod  ] GC(60) NMethods: 492 registered, 0 unregistered
[18.415s][info][gc,metaspace] GC(60) Metaspace: 1M used, 1M committed, 1088M reserved
[18.415s][info][gc,ref      ] GC(60) Soft: 181 encountered, 0 discovered, 0 enqueued
[18.415s][info][gc,ref      ] GC(60) Weak: 263 encountered, 173 discovered, 0 enqueued
[18.415s][info][gc,ref      ] GC(60) Final: 0 encountered, 0 discovered, 0 enqueued
[18.415s][info][gc,ref      ] GC(60) Phantom: 7 encountered, 3 discovered, 0 enqueued
[18.415s][info][gc,reloc    ] GC(60) Small Pages: 1693 / 3386M, Empty: 0M, Relocated: 1M, In-Place: 0
[18.415s][info][gc,reloc    ] GC(60) Medium Pages: 1 / 32M, Empty: 0M, Relocated: 0M, In-Place: 0
[18.415s][info][gc,reloc    ] GC(60) Large Pages: 0 / 0M, Empty: 0M, Relocated: 0M, In-Place: 0
[18.415s][info][gc,reloc    ] GC(60) Forwarding Usage: 0M
[18.415s][info][gc,heap     ] GC(60) Min Capacity: 4096M(100%)
[18.415s][info][gc,heap     ] GC(60) Max Capacity: 4096M(100%)
[18.415s][info][gc,heap     ] GC(60) Soft Max Capacity: 4096M(100%)
[18.415s][info][gc,heap     ] GC(60)                Mark Start          Mark End        Relocate Start      Relocate End           High               Low         
[18.415s][info][gc,heap     ] GC(60)  Capacity:     4096M (100%)       4096M (100%)       4096M (100%)       4096M (100%)       4096M (100%)       4096M (100%)   
[18.415s][info][gc,heap     ] GC(60)      Free:      678M (17%)         678M (17%)         678M (17%)         678M (17%)         678M (17%)         674M (16%)    
[18.415s][info][gc,heap     ] GC(60)      Used:     3418M (83%)        3418M (83%)        3418M (83%)        3418M (83%)        3422M (84%)        3418M (83%)    
[18.415s][info][gc,heap     ] GC(60)      Live:         -              3090M (75%)        3090M (75%)        3090M (75%)            -                  -          
[18.415s][info][gc,heap     ] GC(60) Allocated:         -                 0M (0%)            0M (0%)            0M (0%)             -                  -          
[18.416s][info][gc,heap     ] GC(60)   Garbage:         -               327M (8%)          327M (8%)          327M (8%)             -                  -          
[18.416s][info][gc,heap     ] GC(60) Reclaimed:         -                  -                 0M (0%)            0M (0%)             -                  -          
[18.416s][info][gc          ] GC(60) Garbage Collection (Timer) 3418M(83%)->3418M(83%)
[18.682s][info][gc,start    ] GC(61) Garbage Collection (Timer)
[18.682s][info][gc,task     ] GC(61) Using 3 workers
[18.682s][info][gc,phases   ] GC(61) Pause Mark Start 0.006ms
[18.710s][info][gc,phases   ] GC(61) Concurrent Mark 28.692ms
[18.711s][info][gc,phases   ] GC(61) Pause Mark End 0.009ms
[18.711s][info][gc,phases   ] GC(61) Concurrent Mark Free 0.001ms
[18.712s][info][gc,phases   ] GC(61) Concurrent Process Non-Strong References 0.874ms
[18.712s][info][gc,phases   ] GC(61) Concurrent Reset Relocation Set 0.001ms
[18.714s][info][gc,phases   ] GC(61) Concurrent Select Relocation Set 2.101ms
[18.714s][info][gc,phases   ] GC(61) Pause Relocate Start 0.004ms
[18.714s][info][gc,phases   ] GC(61) Concurrent Relocate 0.367ms
[18.714s][info][gc,load     ] GC(61) Load: 0.00/0.00/0.00
[18.714s][info][gc,mmu      ] GC(61) MMU: 2ms/99.3%, 5ms/99.6%, 10ms/99.8%, 20ms/99.9%, 50ms/99.9%, 100ms/100.0%
[18.714s][info][gc,marking  ] GC(61) Mark: 2 stripe(s), 10 proactive flush(es), 1 terminate flush(es), 0 completion(s), 0 continuation(s) 
[18.714s][info][gc,marking  ] GC(61) Mark Stack Usage: 32M
[18.714s][info][gc,nmethod  ] GC(61) NMethods: 492 registered, 0 unregistered
[18.714s][info][gc,metaspace] GC(61) Metaspace: 1M used, 1M committed, 1088M reserved
[18.715s][info][gc,ref      ] GC(61) Soft: 181 encountered, 0 discovered, 0 enqueued
[18.715s][info][gc,ref      ] GC(61) Weak: 263 encountered, 175 discovered, 0 enqueued
[18.715s][info][gc,ref      ] GC(61) Final: 0 encountered, 0 discovered, 0 enqueued
[18.715s][info][gc,ref      ] GC(61) Phantom: 7 encountered, 3 discovered, 0 enqueued
[18.715s][info][gc,reloc    ] GC(61) Small Pages: 1693 / 3386M, Empty: 0M, Relocated: 1M, In-Place: 0
[18.715s][info][gc,reloc    ] GC(61) Medium Pages: 1 / 32M, Empty: 0M, Relocated: 0M, In-Place: 0
[18.715s][info][gc,reloc    ] GC(61) Large Pages: 0 / 0M, Empty: 0M, Relocated: 0M, In-Place: 0
[18.715s][info][gc,reloc    ] GC(61) Forwarding Usage: 0M
[18.715s][info][gc,heap     ] GC(61) Min Capacity: 4096M(100%)
[18.715s][info][gc,heap     ] GC(61) Max Capacity: 4096M(100%)
[18.715s][info][gc,heap     ] GC(61) Soft Max Capacity: 4096M(100%)
[18.715s][info][gc,heap     ] GC(61)                Mark Start          Mark End        Relocate Start      Relocate End           High               Low         
[18.715s][info][gc,heap     ] GC(61)  Capacity:     4096M (100%)       4096M (100%)       4096M (100%)       4096M (100%)       4096M (100%)       4096M (100%)   
[18.715s][info][gc,heap     ] GC(61)      Free:      678M (17%)         678M (17%)         678M (17%)         678M (17%)         678M (17%)         674M (16%)    
[18.715s][info][gc,heap     ] GC(61)      Used:     3418M (83%)        3418M (83%)        3418M (83%)        3418M (83%)        3422M (84%)        3418M (83%)    
[18.715s][info][gc,heap     ] GC(61)      Live:         -              3090M (75%)        3090M (75%)        3090M (75%)            -                  -          
[18.715s][info][gc,heap     ] GC(61) Allocated:         -                 0M (0%)            0M (0%)            0M (0%)             -                  -          
[18.715s][info][gc,heap     ] GC(61)   Garbage:         -               327M (8%)          327M (8%)          327M (8%)             -                  -          
[18.715s][info][gc,heap     ] GC(61) Reclaimed:         -                  -                 0M (0%)            0M (0%)             -                  -          
[18.715s][info][gc          ] GC(61) Garbage Collection (Timer) 3418M(83%)->3418M(83%)
[18.871s][info][gc,heap,exit] Heap
[18.872s][info][gc,heap,exit]  ZHeap           used 3422M, capacity 4096M, max capacity 4096M
[18.872s][info][gc,heap,exit]  Metaspace       used 1581K, committed 1792K, reserved 1114112K
[18.872s][info][gc,heap,exit]   class space    used 147K, committed 256K, reserved 1048576K
