[0.026s][info][gc,init] Initializing The Z Garbage Collector
[0.026s][info][gc,init] Version: 17.0.11+1-LTS (release)
[0.026s][info][gc,init] NUMA Support: Disabled
[0.026s][info][gc,init] CPUs: 12 total, 12 available
[0.026s][info][gc,init] Memory: 24496M
[0.026s][info][gc,init] Large Page Support: Disabled
[0.026s][info][gc,init] GC Workers: 3 (dynamic)
[0.027s][info][gc,init] Address Space Type: Contiguous/Unrestricted/Complete
[0.027s][info][gc,init] Address Space Size: 65536M x 3 = 196608M
[0.027s][info][gc,init] Min Capacity: 4096M
[0.027s][info][gc,init] Initial Capacity: 4096M
[0.028s][info][gc,init] Max Capacity: 4096M
[0.028s][info][gc,init] Medium Page Size: 32M
[0.028s][info][gc,init] Pre-touch: Disabled
[0.028s][info][gc,init] Uncommit: Implicitly Disabled (-Xms equals -Xmx)
[0.251s][info][gc,init] Runtime Workers: 6
[0.252s][info][gc     ] Using The Z Garbage Collector
[0.262s][info][gc,metaspace] CDS archive(s) mapped at: [0x0000024b00000000-0x0000024b00bc0000-0x0000024b00bc0000), size 12320768, SharedBaseAddress: 0x0000024b00000000, ArchiveRelocationMode: 1.
[0.262s][info][gc,metaspace] Compressed class space mapped at: 0x0000024b01000000-0x0000024b41000000, reserved size: 1073741824
[0.262s][info][gc,metaspace] Narrow klass base: 0x0000024b00000000, Narrow klass shift: 0, Narrow klass range: 0x100000000
[0.393s][info][gc,start    ] GC(0) Garbage Collection (Timer)
[0.394s][info][gc,task     ] GC(0) Using 3 workers
[0.394s][info][gc,phases   ] GC(0) Pause Mark Start 0.006ms
[0.397s][info][gc,phases   ] GC(0) Concurrent Mark 3.671ms
[0.398s][info][gc,phases   ] GC(0) Pause Mark End 0.014ms
[0.398s][info][gc,phases   ] GC(0) Concurrent Mark Free 0.001ms
[0.398s][info][gc,phases   ] GC(0) Concurrent Process Non-Strong References 0.422ms
[0.398s][info][gc,phases   ] GC(0) Concurrent Reset Relocation Set 0.000ms
[0.407s][info][gc,phases   ] GC(0) Concurrent Select Relocation Set 9.147ms
[0.407s][info][gc,phases   ] GC(0) Pause Relocate Start 0.006ms
[0.409s][info][gc,phases   ] GC(0) Concurrent Relocate 1.593ms
[0.409s][info][gc,load     ] GC(0) Load: 0.00/0.00/0.00
[0.409s][info][gc,mmu      ] GC(0) MMU: 2ms/99.3%, 5ms/99.6%, 10ms/99.8%, 20ms/99.9%, 50ms/99.9%, 100ms/100.0%
[0.409s][info][gc,marking  ] GC(0) Mark: 2 stripe(s), 1 proactive flush(es), 1 terminate flush(es), 0 completion(s), 0 continuation(s) 
[0.409s][info][gc,marking  ] GC(0) Mark Stack Usage: 32M
[0.409s][info][gc,nmethod  ] GC(0) NMethods: 158 registered, 0 unregistered
[0.409s][info][gc,metaspace] GC(0) Metaspace: 0M used, 0M committed, 1088M reserved
[0.409s][info][gc,ref      ] GC(0) Soft: 36 encountered, 0 discovered, 0 enqueued
[0.409s][info][gc,ref      ] GC(0) Weak: 103 encountered, 18 discovered, 18 enqueued
[0.409s][info][gc,ref      ] GC(0) Final: 0 encountered, 0 discovered, 0 enqueued
[0.409s][info][gc,ref      ] GC(0) Phantom: 16 encountered, 13 discovered, 13 enqueued
[0.409s][info][gc,reloc    ] GC(0) Small Pages: 3 / 6M, Empty: 0M, Relocated: 1M, In-Place: 0
[0.410s][info][gc,reloc    ] GC(0) Medium Pages: 0 / 0M, Empty: 0M, Relocated: 0M, In-Place: 0
[0.410s][info][gc,reloc    ] GC(0) Large Pages: 0 / 0M, Empty: 0M, Relocated: 0M, In-Place: 0
[0.410s][info][gc,reloc    ] GC(0) Forwarding Usage: 0M
[0.410s][info][gc,heap     ] GC(0) Min Capacity: 4096M(100%)
[0.410s][info][gc,heap     ] GC(0) Max Capacity: 4096M(100%)
[0.410s][info][gc,heap     ] GC(0) Soft Max Capacity: 4096M(100%)
[0.410s][info][gc,heap     ] GC(0)                Mark Start          Mark End        Relocate Start      Relocate End           High               Low         
[0.410s][info][gc,heap     ] GC(0)  Capacity:     4096M (100%)       4096M (100%)       4096M (100%)       4096M (100%)       4096M (100%)       4096M (100%)   
[0.410s][info][gc,heap     ] GC(0)      Free:     4090M (100%)       4090M (100%)       4090M (100%)       4090M (100%)       4090M (100%)       4086M (100%)   
[0.410s][info][gc,heap     ] GC(0)      Used:        6M (0%)            6M (0%)            6M (0%)            6M (0%)           10M (0%)            6M (0%)     
[0.410s][info][gc,heap     ] GC(0)      Live:         -                 1M (0%)            1M (0%)            1M (0%)             -                  -          
[0.410s][info][gc,heap     ] GC(0) Allocated:         -                 0M (0%)            0M (0%)            0M (0%)             -                  -          
[0.410s][info][gc,heap     ] GC(0)   Garbage:         -                 4M (0%)            4M (0%)            4M (0%)             -                  -          
[0.410s][info][gc,heap     ] GC(0) Reclaimed:         -                  -                 0M (0%)            0M (0%)             -                  -          
[0.410s][info][gc          ] GC(0) Garbage Collection (Timer) 6M(0%)->6M(0%)
[0.685s][info][gc,start    ] GC(1) Garbage Collection (Timer)
[0.685s][info][gc,task     ] GC(1) Using 3 workers
[0.685s][info][gc,phases   ] GC(1) Pause Mark Start 0.006ms
[0.698s][info][gc,phases   ] GC(1) Concurrent Mark 12.762ms
[0.698s][info][gc,phases   ] GC(1) Pause Mark End 0.009ms
[0.698s][info][gc,phases   ] GC(1) Concurrent Mark Free 0.001ms
[0.699s][info][gc,phases   ] GC(1) Concurrent Process Non-Strong References 0.907ms
[0.699s][info][gc,phases   ] GC(1) Concurrent Reset Relocation Set 0.001ms
[0.701s][info][gc,phases   ] GC(1) Concurrent Select Relocation Set 2.107ms
[0.702s][info][gc,phases   ] GC(1) Pause Relocate Start 0.005ms
[0.703s][info][gc,phases   ] GC(1) Concurrent Relocate 0.852ms
[0.703s][info][gc,load     ] GC(1) Load: 0.00/0.00/0.00
[0.703s][info][gc,mmu      ] GC(1) MMU: 2ms/99.3%, 5ms/99.6%, 10ms/99.8%, 20ms/99.9%, 50ms/99.9%, 100ms/100.0%
[0.703s][info][gc,marking  ] GC(1) Mark: 2 stripe(s), 3 proactive flush(es), 1 terminate flush(es), 0 completion(s), 0 continuation(s) 
[0.703s][info][gc,marking  ] GC(1) Mark Stack Usage: 32M
[0.703s][info][gc,nmethod  ] GC(1) NMethods: 288 registered, 0 unregistered
[0.703s][info][gc,metaspace] GC(1) Metaspace: 0M used, 0M committed, 1088M reserved
[0.703s][info][gc,ref      ] GC(1) Soft: 72 encountered, 0 discovered, 0 enqueued
[0.703s][info][gc,ref      ] GC(1) Weak: 177 encountered, 135 discovered, 23 enqueued
[0.703s][info][gc,ref      ] GC(1) Final: 0 encountered, 0 discovered, 0 enqueued
[0.703s][info][gc,ref      ] GC(1) Phantom: 13 encountered, 11 discovered, 6 enqueued
[0.703s][info][gc,reloc    ] GC(1) Small Pages: 126 / 252M, Empty: 0M, Relocated: 1M, In-Place: 0
[0.703s][info][gc,reloc    ] GC(1) Medium Pages: 0 / 0M, Empty: 0M, Relocated: 0M, In-Place: 0
[0.703s][info][gc,reloc    ] GC(1) Large Pages: 0 / 0M, Empty: 0M, Relocated: 0M, In-Place: 0
[0.703s][info][gc,reloc    ] GC(1) Forwarding Usage: 0M
[0.703s][info][gc,heap     ] GC(1) Min Capacity: 4096M(100%)
[0.703s][info][gc,heap     ] GC(1) Max Capacity: 4096M(100%)
[0.703s][info][gc,heap     ] GC(1) Soft Max Capacity: 4096M(100%)
[0.703s][info][gc,heap     ] GC(1)                Mark Start          Mark End        Relocate Start      Relocate End           High               Low         
[0.703s][info][gc,heap     ] GC(1)  Capacity:     4096M (100%)       4096M (100%)       4096M (100%)       4096M (100%)       4096M (100%)       4096M (100%)   
[0.703s][info][gc,heap     ] GC(1)      Free:     3844M (94%)        3840M (94%)        3836M (94%)        3840M (94%)        3844M (94%)        3830M (94%)    
[0.703s][info][gc,heap     ] GC(1)      Used:      252M (6%)          256M (6%)          260M (6%)          256M (6%)          266M (6%)          252M (6%)     
[0.703s][info][gc,heap     ] GC(1)      Live:         -               221M (5%)          221M (5%)          221M (5%)             -                  -          
[0.703s][info][gc,heap     ] GC(1) Allocated:         -                 4M (0%)            8M (0%)            7M (0%)             -                  -          
[0.703s][info][gc,heap     ] GC(1)   Garbage:         -                30M (1%)           30M (1%)           26M (1%)             -                  -          
[0.703s][info][gc,heap     ] GC(1) Reclaimed:         -                  -                 0M (0%)            3M (0%)             -                  -          
[0.703s][info][gc          ] GC(1) Garbage Collection (Timer) 252M(6%)->256M(6%)
[0.985s][info][gc,start    ] GC(2) Garbage Collection (Warmup)
[0.985s][info][gc,task     ] GC(2) Using 3 workers
[0.985s][info][gc,phases   ] GC(2) Pause Mark Start 0.005ms
[1.010s][info][gc,phases   ] GC(2) Concurrent Mark 25.429ms
[1.011s][info][gc,phases   ] GC(2) Pause Mark End 0.008ms
[1.011s][info][gc,phases   ] GC(2) Concurrent Mark Free 0.001ms
[1.011s][info][gc,phases   ] GC(2) Concurrent Process Non-Strong References 0.541ms
[1.011s][info][gc,phases   ] GC(2) Concurrent Reset Relocation Set 0.001ms
[1.014s][info][gc,phases   ] GC(2) Concurrent Select Relocation Set 2.286ms
[1.014s][info][gc,phases   ] GC(2) Pause Relocate Start 0.005ms
[1.016s][info][gc,phases   ] GC(2) Concurrent Relocate 1.798ms
[1.016s][info][gc,load     ] GC(2) Load: 0.00/0.00/0.00
[1.016s][info][gc,mmu      ] GC(2) MMU: 2ms/99.3%, 5ms/99.6%, 10ms/99.8%, 20ms/99.9%, 50ms/99.9%, 100ms/100.0%
[1.016s][info][gc,marking  ] GC(2) Mark: 2 stripe(s), 4 proactive flush(es), 1 terminate flush(es), 0 completion(s), 0 continuation(s) 
[1.016s][info][gc,marking  ] GC(2) Mark Stack Usage: 32M
[1.016s][info][gc,nmethod  ] GC(2) NMethods: 306 registered, 0 unregistered
[1.016s][info][gc,metaspace] GC(2) Metaspace: 0M used, 1M committed, 1088M reserved
[1.016s][info][gc,ref      ] GC(2) Soft: 72 encountered, 0 discovered, 0 enqueued
[1.016s][info][gc,ref      ] GC(2) Weak: 154 encountered, 112 discovered, 0 enqueued
[1.016s][info][gc,ref      ] GC(2) Final: 0 encountered, 0 discovered, 0 enqueued
[1.016s][info][gc,ref      ] GC(2) Phantom: 7 encountered, 5 discovered, 0 enqueued
[1.016s][info][gc,reloc    ] GC(2) Small Pages: 244 / 488M, Empty: 0M, Relocated: 2M, In-Place: 0
[1.016s][info][gc,reloc    ] GC(2) Medium Pages: 0 / 0M, Empty: 0M, Relocated: 0M, In-Place: 0
[1.016s][info][gc,reloc    ] GC(2) Large Pages: 0 / 0M, Empty: 0M, Relocated: 0M, In-Place: 0
[1.016s][info][gc,reloc    ] GC(2) Forwarding Usage: 0M
[1.016s][info][gc,heap     ] GC(2) Min Capacity: 4096M(100%)
[1.016s][info][gc,heap     ] GC(2) Max Capacity: 4096M(100%)
[1.016s][info][gc,heap     ] GC(2) Soft Max Capacity: 4096M(100%)
[1.016s][info][gc,heap     ] GC(2)                Mark Start          Mark End        Relocate Start      Relocate End           High               Low         
[1.016s][info][gc,heap     ] GC(2)  Capacity:     4096M (100%)       4096M (100%)       4096M (100%)       4096M (100%)       4096M (100%)       4096M (100%)   
[1.016s][info][gc,heap     ] GC(2)      Free:     3608M (88%)        3600M (88%)        3598M (88%)        3602M (88%)        3608M (88%)        3594M (88%)    
[1.016s][info][gc,heap     ] GC(2)      Used:      488M (12%)         496M (12%)         498M (12%)         494M (12%)         502M (12%)         488M (12%)    
[1.016s][info][gc,heap     ] GC(2)      Live:         -               439M (11%)         439M (11%)         439M (11%)            -                  -          
[1.016s][info][gc,heap     ] GC(2) Allocated:         -                 8M (0%)           10M (0%)            9M (0%)             -                  -          
[1.016s][info][gc,heap     ] GC(2)   Garbage:         -                48M (1%)           48M (1%)           44M (1%)             -                  -          
[1.017s][info][gc,heap     ] GC(2) Reclaimed:         -                  -                 0M (0%)            3M (0%)             -                  -          
[1.017s][info][gc          ] GC(2) Garbage Collection (Warmup) 488M(12%)->494M(12%)
[1.285s][info][gc,start    ] GC(3) Garbage Collection (Timer)
[1.285s][info][gc,task     ] GC(3) Using 3 workers
[1.285s][info][gc,phases   ] GC(3) Pause Mark Start 0.006ms
[1.311s][info][gc,phases   ] GC(3) Concurrent Mark 25.259ms
[1.311s][info][gc,phases   ] GC(3) Pause Mark End 0.009ms
[1.311s][info][gc,phases   ] GC(3) Concurrent Mark Free 0.001ms
[1.312s][info][gc,phases   ] GC(3) Concurrent Process Non-Strong References 0.613ms
[1.312s][info][gc,phases   ] GC(3) Concurrent Reset Relocation Set 0.001ms
[1.315s][info][gc,phases   ] GC(3) Concurrent Select Relocation Set 3.410ms
[1.315s][info][gc,phases   ] GC(3) Pause Relocate Start 0.006ms
[1.323s][info][gc,phases   ] GC(3) Concurrent Relocate 7.092ms
[1.323s][info][gc,load     ] GC(3) Load: 0.00/0.00/0.00
[1.323s][info][gc,mmu      ] GC(3) MMU: 2ms/99.3%, 5ms/99.6%, 10ms/99.8%, 20ms/99.9%, 50ms/99.9%, 100ms/100.0%
[1.323s][info][gc,marking  ] GC(3) Mark: 2 stripe(s), 4 proactive flush(es), 1 terminate flush(es), 0 completion(s), 0 continuation(s) 
[1.323s][info][gc,marking  ] GC(3) Mark Stack Usage: 32M
[1.323s][info][gc,nmethod  ] GC(3) NMethods: 372 registered, 0 unregistered
[1.323s][info][gc,metaspace] GC(3) Metaspace: 1M used, 1M committed, 1088M reserved
[1.323s][info][gc,ref      ] GC(3) Soft: 118 encountered, 0 discovered, 0 enqueued
[1.323s][info][gc,ref      ] GC(3) Weak: 175 encountered, 6 discovered, 5 enqueued
[1.323s][info][gc,ref      ] GC(3) Final: 0 encountered, 0 discovered, 0 enqueued
[1.323s][info][gc,ref      ] GC(3) Phantom: 12 encountered, 8 discovered, 5 enqueued
[1.323s][info][gc,reloc    ] GC(3) Small Pages: 333 / 666M, Empty: 0M, Relocated: 5M, In-Place: 0
[1.323s][info][gc,reloc    ] GC(3) Medium Pages: 0 / 0M, Empty: 0M, Relocated: 0M, In-Place: 0
[1.323s][info][gc,reloc    ] GC(3) Large Pages: 0 / 0M, Empty: 0M, Relocated: 0M, In-Place: 0
[1.323s][info][gc,reloc    ] GC(3) Forwarding Usage: 0M
[1.323s][info][gc,heap     ] GC(3) Min Capacity: 4096M(100%)
[1.323s][info][gc,heap     ] GC(3) Max Capacity: 4096M(100%)
[1.323s][info][gc,heap     ] GC(3) Soft Max Capacity: 4096M(100%)
[1.323s][info][gc,heap     ] GC(3)                Mark Start          Mark End        Relocate Start      Relocate End           High               Low         
[1.323s][info][gc,heap     ] GC(3)  Capacity:     4096M (100%)       4096M (100%)       4096M (100%)       4096M (100%)       4096M (100%)       4096M (100%)   
[1.323s][info][gc,heap     ] GC(3)      Free:     3430M (84%)        3428M (84%)        3426M (84%)        3428M (84%)        3430M (84%)        3422M (84%)    
[1.323s][info][gc,heap     ] GC(3)      Used:      666M (16%)         668M (16%)         670M (16%)         668M (16%)         674M (16%)         666M (16%)    
[1.323s][info][gc,heap     ] GC(3)      Live:         -               602M (15%)         602M (15%)         602M (15%)            -                  -          
[1.323s][info][gc,heap     ] GC(3) Allocated:         -                 2M (0%)            4M (0%)            5M (0%)             -                  -          
[1.323s][info][gc,heap     ] GC(3)   Garbage:         -                63M (2%)           63M (2%)           59M (1%)             -                  -          
[1.324s][info][gc,heap     ] GC(3) Reclaimed:         -                  -                 0M (0%)            3M (0%)             -                  -          
[1.324s][info][gc          ] GC(3) Garbage Collection (Timer) 666M(16%)->668M(16%)
[1.584s][info][gc,start    ] GC(4) Garbage Collection (Timer)
[1.585s][info][gc,task     ] GC(4) Using 3 workers
[1.585s][info][gc,phases   ] GC(4) Pause Mark Start 0.005ms
[1.604s][info][gc,phases   ] GC(4) Concurrent Mark 19.787ms
[1.605s][info][gc,phases   ] GC(4) Pause Mark End 0.009ms
[1.605s][info][gc,phases   ] GC(4) Concurrent Mark Free 0.001ms
[1.605s][info][gc,phases   ] GC(4) Concurrent Process Non-Strong References 0.589ms
[1.605s][info][gc,phases   ] GC(4) Concurrent Reset Relocation Set 0.001ms
[1.607s][info][gc,phases   ] GC(4) Concurrent Select Relocation Set 2.053ms
[1.607s][info][gc,phases   ] GC(4) Pause Relocate Start 0.004ms
[1.610s][info][gc,phases   ] GC(4) Concurrent Relocate 2.058ms
[1.610s][info][gc,load     ] GC(4) Load: 0.00/0.00/0.00
[1.610s][info][gc,mmu      ] GC(4) MMU: 2ms/99.3%, 5ms/99.6%, 10ms/99.8%, 20ms/99.9%, 50ms/99.9%, 100ms/100.0%
[1.610s][info][gc,marking  ] GC(4) Mark: 2 stripe(s), 4 proactive flush(es), 1 terminate flush(es), 0 completion(s), 0 continuation(s) 
[1.610s][info][gc,marking  ] GC(4) Mark Stack Usage: 32M
[1.610s][info][gc,nmethod  ] GC(4) NMethods: 372 registered, 0 unregistered
[1.610s][info][gc,metaspace] GC(4) Metaspace: 1M used, 1M committed, 1088M reserved
[1.610s][info][gc,ref      ] GC(4) Soft: 118 encountered, 0 discovered, 0 enqueued
[1.610s][info][gc,ref      ] GC(4) Weak: 170 encountered, 40 discovered, 0 enqueued
[1.610s][info][gc,ref      ] GC(4) Final: 0 encountered, 0 discovered, 0 enqueued
[1.610s][info][gc,ref      ] GC(4) Phantom: 7 encountered, 3 discovered, 0 enqueued
[1.610s][info][gc,reloc    ] GC(4) Small Pages: 340 / 680M, Empty: 0M, Relocated: 1M, In-Place: 0
[1.610s][info][gc,reloc    ] GC(4) Medium Pages: 0 / 0M, Empty: 0M, Relocated: 0M, In-Place: 0
[1.610s][info][gc,reloc    ] GC(4) Large Pages: 0 / 0M, Empty: 0M, Relocated: 0M, In-Place: 0
[1.610s][info][gc,reloc    ] GC(4) Forwarding Usage: 0M
[1.610s][info][gc,heap     ] GC(4) Min Capacity: 4096M(100%)
[1.610s][info][gc,heap     ] GC(4) Max Capacity: 4096M(100%)
[1.610s][info][gc,heap     ] GC(4) Soft Max Capacity: 4096M(100%)
[1.610s][info][gc,heap     ] GC(4)                Mark Start          Mark End        Relocate Start      Relocate End           High               Low         
[1.610s][info][gc,heap     ] GC(4)  Capacity:     4096M (100%)       4096M (100%)       4096M (100%)       4096M (100%)       4096M (100%)       4096M (100%)   
[1.610s][info][gc,heap     ] GC(4)      Free:     3416M (83%)        3416M (83%)        3416M (83%)        3418M (83%)        3418M (83%)        3414M (83%)    
[1.610s][info][gc,heap     ] GC(4)      Used:      680M (17%)         680M (17%)         680M (17%)         678M (17%)         682M (17%)         678M (17%)    
[1.610s][info][gc,heap     ] GC(4)      Live:         -               617M (15%)         617M (15%)         617M (15%)            -                  -          
[1.610s][info][gc,heap     ] GC(4) Allocated:         -                 0M (0%)            0M (0%)            0M (0%)             -                  -          
[1.610s][info][gc,heap     ] GC(4)   Garbage:         -                62M (2%)           62M (2%)           60M (1%)             -                  -          
[1.610s][info][gc,heap     ] GC(4) Reclaimed:         -                  -                 0M (0%)            2M (0%)             -                  -          
[1.610s][info][gc          ] GC(4) Garbage Collection (Timer) 680M(17%)->678M(17%)
[1.885s][info][gc,start    ] GC(5) Garbage Collection (Timer)
[1.885s][info][gc,task     ] GC(5) Using 3 workers
[1.885s][info][gc,phases   ] GC(5) Pause Mark Start 0.006ms
[1.895s][info][gc,phases   ] GC(5) Concurrent Mark 10.213ms
[1.895s][info][gc,phases   ] GC(5) Pause Mark End 0.011ms
[1.895s][info][gc,phases   ] GC(5) Concurrent Mark Free 0.001ms
[1.896s][info][gc,phases   ] GC(5) Concurrent Process Non-Strong References 0.678ms
[1.896s][info][gc,phases   ] GC(5) Concurrent Reset Relocation Set 0.001ms
[1.898s][info][gc,phases   ] GC(5) Concurrent Select Relocation Set 2.171ms
[1.899s][info][gc,phases   ] GC(5) Pause Relocate Start 0.007ms
[1.899s][info][gc,phases   ] GC(5) Concurrent Relocate 0.359ms
[1.899s][info][gc,load     ] GC(5) Load: 0.00/0.00/0.00
[1.899s][info][gc,mmu      ] GC(5) MMU: 2ms/99.3%, 5ms/99.6%, 10ms/99.8%, 20ms/99.9%, 50ms/99.9%, 100ms/100.0%
[1.899s][info][gc,marking  ] GC(5) Mark: 2 stripe(s), 2 proactive flush(es), 1 terminate flush(es), 0 completion(s), 0 continuation(s) 
[1.899s][info][gc,marking  ] GC(5) Mark Stack Usage: 32M
[1.899s][info][gc,nmethod  ] GC(5) NMethods: 372 registered, 0 unregistered
[1.899s][info][gc,metaspace] GC(5) Metaspace: 1M used, 1M committed, 1088M reserved
[1.899s][info][gc,ref      ] GC(5) Soft: 118 encountered, 0 discovered, 0 enqueued
[1.899s][info][gc,ref      ] GC(5) Weak: 170 encountered, 91 discovered, 0 enqueued
[1.899s][info][gc,ref      ] GC(5) Final: 0 encountered, 0 discovered, 0 enqueued
[1.899s][info][gc,ref      ] GC(5) Phantom: 7 encountered, 3 discovered, 0 enqueued
[1.899s][info][gc,reloc    ] GC(5) Small Pages: 339 / 678M, Empty: 0M, Relocated: 1M, In-Place: 0
[1.899s][info][gc,reloc    ] GC(5) Medium Pages: 0 / 0M, Empty: 0M, Relocated: 0M, In-Place: 0
[1.899s][info][gc,reloc    ] GC(5) Large Pages: 0 / 0M, Empty: 0M, Relocated: 0M, In-Place: 0
[1.899s][info][gc,reloc    ] GC(5) Forwarding Usage: 0M
[1.900s][info][gc,heap     ] GC(5) Min Capacity: 4096M(100%)
[1.900s][info][gc,heap     ] GC(5) Max Capacity: 4096M(100%)
[1.900s][info][gc,heap     ] GC(5) Soft Max Capacity: 4096M(100%)
[1.900s][info][gc,heap     ] GC(5)                Mark Start          Mark End        Relocate Start      Relocate End           High               Low         
[1.900s][info][gc,heap     ] GC(5)  Capacity:     4096M (100%)       4096M (100%)       4096M (100%)       4096M (100%)       4096M (100%)       4096M (100%)   
[1.900s][info][gc,heap     ] GC(5)      Free:     3418M (83%)        3418M (83%)        3418M (83%)        3418M (83%)        3418M (83%)        3414M (83%)    
[1.900s][info][gc,heap     ] GC(5)      Used:      678M (17%)         678M (17%)         678M (17%)         678M (17%)         682M (17%)         678M (17%)    
[1.900s][info][gc,heap     ] GC(5)      Live:         -               617M (15%)         617M (15%)         617M (15%)            -                  -          
[1.900s][info][gc,heap     ] GC(5) Allocated:         -                 0M (0%)            0M (0%)            0M (0%)             -                  -          
[1.900s][info][gc,heap     ] GC(5)   Garbage:         -                60M (1%)           60M (1%)           60M (1%)             -                  -          
[1.900s][info][gc,heap     ] GC(5) Reclaimed:         -                  -                 0M (0%)            0M (0%)             -                  -          
[1.900s][info][gc          ] GC(5) Garbage Collection (Timer) 678M(17%)->678M(17%)
[2.185s][info][gc,start    ] GC(6) Garbage Collection (Timer)
[2.185s][info][gc,task     ] GC(6) Using 3 workers
[2.185s][info][gc,phases   ] GC(6) Pause Mark Start 0.006ms
[2.193s][info][gc,phases   ] GC(6) Concurrent Mark 8.314ms
[2.193s][info][gc,phases   ] GC(6) Pause Mark End 0.010ms
[2.194s][info][gc,phases   ] GC(6) Concurrent Mark Free 0.001ms
[2.194s][info][gc,phases   ] GC(6) Concurrent Process Non-Strong References 0.470ms
[2.194s][info][gc,phases   ] GC(6) Concurrent Reset Relocation Set 0.001ms
[2.196s][info][gc,phases   ] GC(6) Concurrent Select Relocation Set 2.329ms
[2.197s][info][gc,phases   ] GC(6) Pause Relocate Start 0.004ms
[2.197s][info][gc,phases   ] GC(6) Concurrent Relocate 0.227ms
[2.197s][info][gc,load     ] GC(6) Load: 0.00/0.00/0.00
[2.197s][info][gc,mmu      ] GC(6) MMU: 2ms/99.3%, 5ms/99.6%, 10ms/99.8%, 20ms/99.9%, 50ms/99.9%, 100ms/100.0%
[2.197s][info][gc,marking  ] GC(6) Mark: 2 stripe(s), 10 proactive flush(es), 1 terminate flush(es), 0 completion(s), 0 continuation(s) 
[2.197s][info][gc,marking  ] GC(6) Mark Stack Usage: 32M
[2.197s][info][gc,nmethod  ] GC(6) NMethods: 372 registered, 0 unregistered
[2.197s][info][gc,metaspace] GC(6) Metaspace: 1M used, 1M committed, 1088M reserved
[2.197s][info][gc,ref      ] GC(6) Soft: 118 encountered, 0 discovered, 0 enqueued
[2.197s][info][gc,ref      ] GC(6) Weak: 170 encountered, 0 discovered, 0 enqueued
[2.197s][info][gc,ref      ] GC(6) Final: 0 encountered, 0 discovered, 0 enqueued
[2.197s][info][gc,ref      ] GC(6) Phantom: 7 encountered, 4 discovered, 0 enqueued
[2.197s][info][gc,reloc    ] GC(6) Small Pages: 339 / 678M, Empty: 0M, Relocated: 1M, In-Place: 0
[2.197s][info][gc,reloc    ] GC(6) Medium Pages: 0 / 0M, Empty: 0M, Relocated: 0M, In-Place: 0
[2.197s][info][gc,reloc    ] GC(6) Large Pages: 0 / 0M, Empty: 0M, Relocated: 0M, In-Place: 0
[2.197s][info][gc,reloc    ] GC(6) Forwarding Usage: 0M
[2.197s][info][gc,heap     ] GC(6) Min Capacity: 4096M(100%)
[2.197s][info][gc,heap     ] GC(6) Max Capacity: 4096M(100%)
[2.197s][info][gc,heap     ] GC(6) Soft Max Capacity: 4096M(100%)
[2.197s][info][gc,heap     ] GC(6)                Mark Start          Mark End        Relocate Start      Relocate End           High               Low         
[2.197s][info][gc,heap     ] GC(6)  Capacity:     4096M (100%)       4096M (100%)       4096M (100%)       4096M (100%)       4096M (100%)       4096M (100%)   
[2.197s][info][gc,heap     ] GC(6)      Free:     3418M (83%)        3418M (83%)        3418M (83%)        3418M (83%)        3418M (83%)        3414M (83%)    
[2.197s][info][gc,heap     ] GC(6)      Used:      678M (17%)         678M (17%)         678M (17%)         678M (17%)         682M (17%)         678M (17%)    
[2.197s][info][gc,heap     ] GC(6)      Live:         -               617M (15%)         617M (15%)         617M (15%)            -                  -          
[2.197s][info][gc,heap     ] GC(6) Allocated:         -                 0M (0%)            0M (0%)            0M (0%)             -                  -          
[2.197s][info][gc,heap     ] GC(6)   Garbage:         -                60M (1%)           60M (1%)           60M (1%)             -                  -          
[2.198s][info][gc,heap     ] GC(6) Reclaimed:         -                  -                 0M (0%)            0M (0%)             -                  -          
[2.198s][info][gc          ] GC(6) Garbage Collection (Timer) 678M(17%)->678M(17%)
[2.485s][info][gc,start    ] GC(7) Garbage Collection (Timer)
[2.485s][info][gc,task     ] GC(7) Using 3 workers
[2.485s][info][gc,phases   ] GC(7) Pause Mark Start 0.006ms
[2.496s][info][gc,phases   ] GC(7) Concurrent Mark 10.821ms
[2.496s][info][gc,phases   ] GC(7) Pause Mark End 0.009ms
[2.496s][info][gc,phases   ] GC(7) Concurrent Mark Free 0.001ms
[2.497s][info][gc,phases   ] GC(7) Concurrent Process Non-Strong References 0.545ms
[2.497s][info][gc,phases   ] GC(7) Concurrent Reset Relocation Set 0.001ms
[2.499s][info][gc,phases   ] GC(7) Concurrent Select Relocation Set 2.288ms
[2.500s][info][gc,phases   ] GC(7) Pause Relocate Start 0.006ms
[2.501s][info][gc,phases   ] GC(7) Concurrent Relocate 0.988ms
[2.501s][info][gc,load     ] GC(7) Load: 0.00/0.00/0.00
[2.501s][info][gc,mmu      ] GC(7) MMU: 2ms/99.3%, 5ms/99.6%, 10ms/99.8%, 20ms/99.9%, 50ms/99.9%, 100ms/100.0%
[2.501s][info][gc,marking  ] GC(7) Mark: 2 stripe(s), 2 proactive flush(es), 1 terminate flush(es), 0 completion(s), 0 continuation(s) 
[2.501s][info][gc,marking  ] GC(7) Mark Stack Usage: 32M
[2.501s][info][gc,nmethod  ] GC(7) NMethods: 454 registered, 0 unregistered
[2.501s][info][gc,metaspace] GC(7) Metaspace: 1M used, 1M committed, 1088M reserved
[2.501s][info][gc,ref      ] GC(7) Soft: 181 encountered, 0 discovered, 0 enqueued
[2.501s][info][gc,ref      ] GC(7) Weak: 296 encountered, 38 discovered, 33 enqueued
[2.501s][info][gc,ref      ] GC(7) Final: 0 encountered, 0 discovered, 0 enqueued
[2.501s][info][gc,ref      ] GC(7) Phantom: 24 encountered, 20 discovered, 17 enqueued
[2.501s][info][gc,reloc    ] GC(7) Small Pages: 359 / 718M, Empty: 0M, Relocated: 0M, In-Place: 0
[2.501s][info][gc,reloc    ] GC(7) Medium Pages: 0 / 0M, Empty: 0M, Relocated: 0M, In-Place: 0
[2.501s][info][gc,reloc    ] GC(7) Large Pages: 0 / 0M, Empty: 0M, Relocated: 0M, In-Place: 0
[2.501s][info][gc,reloc    ] GC(7) Forwarding Usage: 0M
[2.501s][info][gc,heap     ] GC(7) Min Capacity: 4096M(100%)
[2.501s][info][gc,heap     ] GC(7) Max Capacity: 4096M(100%)
[2.501s][info][gc,heap     ] GC(7) Soft Max Capacity: 4096M(100%)
[2.501s][info][gc,heap     ] GC(7)                Mark Start          Mark End        Relocate Start      Relocate End           High               Low         
[2.501s][info][gc,heap     ] GC(7)  Capacity:     4096M (100%)       4096M (100%)       4096M (100%)       4096M (100%)       4096M (100%)       4096M (100%)   
[2.501s][info][gc,heap     ] GC(7)      Free:     3378M (82%)        3374M (82%)        3374M (82%)        3374M (82%)        3378M (82%)        3368M (82%)    
[2.501s][info][gc,heap     ] GC(7)      Used:      718M (18%)         722M (18%)         722M (18%)         722M (18%)         728M (18%)         718M (18%)    
[2.501s][info][gc,heap     ] GC(7)      Live:         -               650M (16%)         650M (16%)         650M (16%)            -                  -          
[2.501s][info][gc,heap     ] GC(7) Allocated:         -                 4M (0%)            4M (0%)            4M (0%)             -                  -          
[2.502s][info][gc,heap     ] GC(7)   Garbage:         -                67M (2%)           67M (2%)           67M (2%)             -                  -          
[2.502s][info][gc,heap     ] GC(7) Reclaimed:         -                  -                 0M (0%)            0M (0%)             -                  -          
[2.502s][info][gc          ] GC(7) Garbage Collection (Timer) 718M(18%)->722M(18%)
[2.786s][info][gc,start    ] GC(8) Garbage Collection (Warmup)
[2.786s][info][gc,task     ] GC(8) Using 3 workers
[2.786s][info][gc,phases   ] GC(8) Pause Mark Start 0.006ms
[2.797s][info][gc,phases   ] GC(8) Concurrent Mark 11.373ms
[2.797s][info][gc,phases   ] GC(8) Pause Mark End 0.009ms
[2.798s][info][gc,phases   ] GC(8) Concurrent Mark Free 0.001ms
[2.798s][info][gc,phases   ] GC(8) Concurrent Process Non-Strong References 0.553ms
[2.798s][info][gc,phases   ] GC(8) Concurrent Reset Relocation Set 0.001ms
[2.801s][info][gc,phases   ] GC(8) Concurrent Select Relocation Set 2.355ms
[2.801s][info][gc,phases   ] GC(8) Pause Relocate Start 0.006ms
[2.803s][info][gc,phases   ] GC(8) Concurrent Relocate 2.501ms
[2.803s][info][gc,load     ] GC(8) Load: 0.00/0.00/0.00
[2.803s][info][gc,mmu      ] GC(8) MMU: 2ms/99.3%, 5ms/99.6%, 10ms/99.8%, 20ms/99.9%, 50ms/99.9%, 100ms/100.0%
[2.803s][info][gc,marking  ] GC(8) Mark: 2 stripe(s), 2 proactive flush(es), 1 terminate flush(es), 0 completion(s), 0 continuation(s) 
[2.804s][info][gc,marking  ] GC(8) Mark Stack Usage: 32M
[2.804s][info][gc,nmethod  ] GC(8) NMethods: 454 registered, 0 unregistered
[2.804s][info][gc,metaspace] GC(8) Metaspace: 1M used, 1M committed, 1088M reserved
[2.804s][info][gc,ref      ] GC(8) Soft: 181 encountered, 0 discovered, 0 enqueued
[2.804s][info][gc,ref      ] GC(8) Weak: 263 encountered, 194 discovered, 0 enqueued
[2.804s][info][gc,ref      ] GC(8) Final: 0 encountered, 0 discovered, 0 enqueued
[2.804s][info][gc,ref      ] GC(8) Phantom: 7 encountered, 4 discovered, 0 enqueued
[2.804s][info][gc,reloc    ] GC(8) Small Pages: 414 / 828M, Empty: 0M, Relocated: 1M, In-Place: 0
[2.804s][info][gc,reloc    ] GC(8) Medium Pages: 0 / 0M, Empty: 0M, Relocated: 0M, In-Place: 0
[2.804s][info][gc,reloc    ] GC(8) Large Pages: 0 / 0M, Empty: 0M, Relocated: 0M, In-Place: 0
[2.804s][info][gc,reloc    ] GC(8) Forwarding Usage: 0M
[2.804s][info][gc,heap     ] GC(8) Min Capacity: 4096M(100%)
[2.804s][info][gc,heap     ] GC(8) Max Capacity: 4096M(100%)
[2.804s][info][gc,heap     ] GC(8) Soft Max Capacity: 4096M(100%)
[2.804s][info][gc,heap     ] GC(8)                Mark Start          Mark End        Relocate Start      Relocate End           High               Low         
[2.804s][info][gc,heap     ] GC(8)  Capacity:     4096M (100%)       4096M (100%)       4096M (100%)       4096M (100%)       4096M (100%)       4096M (100%)   
[2.804s][info][gc,heap     ] GC(8)      Free:     3268M (80%)        3266M (80%)        3266M (80%)        3268M (80%)        3268M (80%)        3262M (80%)    
[2.804s][info][gc,heap     ] GC(8)      Used:      828M (20%)         830M (20%)         830M (20%)         828M (20%)         834M (20%)         828M (20%)    
[2.804s][info][gc,heap     ] GC(8)      Live:         -               750M (18%)         750M (18%)         750M (18%)            -                  -          
[2.804s][info][gc,heap     ] GC(8) Allocated:         -                 2M (0%)            2M (0%)            1M (0%)             -                  -          
[2.804s][info][gc,heap     ] GC(8)   Garbage:         -                77M (2%)           77M (2%)           75M (2%)             -                  -          
[2.804s][info][gc,heap     ] GC(8) Reclaimed:         -                  -                 0M (0%)            1M (0%)             -                  -          
[2.804s][info][gc          ] GC(8) Garbage Collection (Warmup) 828M(20%)->828M(20%)
[3.085s][info][gc,start    ] GC(9) Garbage Collection (Timer)
[3.085s][info][gc,task     ] GC(9) Using 3 workers
[3.085s][info][gc,phases   ] GC(9) Pause Mark Start 0.005ms
[3.101s][info][gc,phases   ] GC(9) Concurrent Mark 15.205ms
[3.101s][info][gc,phases   ] GC(9) Pause Mark End 0.009ms
[3.101s][info][gc,phases   ] GC(9) Concurrent Mark Free 0.001ms
[3.102s][info][gc,phases   ] GC(9) Concurrent Process Non-Strong References 0.687ms
[3.102s][info][gc,phases   ] GC(9) Concurrent Reset Relocation Set 0.001ms
[3.104s][info][gc,phases   ] GC(9) Concurrent Select Relocation Set 2.249ms
[3.104s][info][gc,phases   ] GC(9) Pause Relocate Start 0.005ms
[3.106s][info][gc,phases   ] GC(9) Concurrent Relocate 2.168ms
[3.106s][info][gc,load     ] GC(9) Load: 0.00/0.00/0.00
[3.106s][info][gc,mmu      ] GC(9) MMU: 2ms/99.3%, 5ms/99.6%, 10ms/99.8%, 20ms/99.9%, 50ms/99.9%, 100ms/100.0%
[3.106s][info][gc,marking  ] GC(9) Mark: 2 stripe(s), 3 proactive flush(es), 1 terminate flush(es), 0 completion(s), 0 continuation(s) 
[3.106s][info][gc,marking  ] GC(9) Mark Stack Usage: 32M
[3.106s][info][gc,nmethod  ] GC(9) NMethods: 454 registered, 0 unregistered
[3.107s][info][gc,metaspace] GC(9) Metaspace: 1M used, 1M committed, 1088M reserved
[3.107s][info][gc,ref      ] GC(9) Soft: 181 encountered, 0 discovered, 0 enqueued
[3.107s][info][gc,ref      ] GC(9) Weak: 263 encountered, 226 discovered, 0 enqueued
[3.107s][info][gc,ref      ] GC(9) Final: 0 encountered, 0 discovered, 0 enqueued
[3.107s][info][gc,ref      ] GC(9) Phantom: 7 encountered, 3 discovered, 0 enqueued
[3.107s][info][gc,reloc    ] GC(9) Small Pages: 464 / 928M, Empty: 0M, Relocated: 1M, In-Place: 0
[3.107s][info][gc,reloc    ] GC(9) Medium Pages: 0 / 0M, Empty: 0M, Relocated: 0M, In-Place: 0
[3.107s][info][gc,reloc    ] GC(9) Large Pages: 0 / 0M, Empty: 0M, Relocated: 0M, In-Place: 0
[3.107s][info][gc,reloc    ] GC(9) Forwarding Usage: 0M
[3.107s][info][gc,heap     ] GC(9) Min Capacity: 4096M(100%)
[3.107s][info][gc,heap     ] GC(9) Max Capacity: 4096M(100%)
[3.107s][info][gc,heap     ] GC(9) Soft Max Capacity: 4096M(100%)
[3.107s][info][gc,heap     ] GC(9)                Mark Start          Mark End        Relocate Start      Relocate End           High               Low         
[3.107s][info][gc,heap     ] GC(9)  Capacity:     4096M (100%)       4096M (100%)       4096M (100%)       4096M (100%)       4096M (100%)       4096M (100%)   
[3.107s][info][gc,heap     ] GC(9)      Free:     3168M (77%)        3166M (77%)        3166M (77%)        3166M (77%)        3168M (77%)        3160M (77%)    
[3.107s][info][gc,heap     ] GC(9)      Used:      928M (23%)         930M (23%)         930M (23%)         930M (23%)         936M (23%)         928M (23%)    
[3.107s][info][gc,heap     ] GC(9)      Live:         -               842M (21%)         842M (21%)         842M (21%)            -                  -          
[3.107s][info][gc,heap     ] GC(9) Allocated:         -                 2M (0%)            2M (0%)            2M (0%)             -                  -          
[3.107s][info][gc,heap     ] GC(9)   Garbage:         -                85M (2%)           85M (2%)           85M (2%)             -                  -          
[3.107s][info][gc,heap     ] GC(9) Reclaimed:         -                  -                 0M (0%)            0M (0%)             -                  -          
[3.107s][info][gc          ] GC(9) Garbage Collection (Timer) 928M(23%)->930M(23%)
[3.385s][info][gc,start    ] GC(10) Garbage Collection (Timer)
[3.385s][info][gc,task     ] GC(10) Using 3 workers
[3.385s][info][gc,phases   ] GC(10) Pause Mark Start 0.005ms
[3.398s][info][gc,phases   ] GC(10) Concurrent Mark 12.900ms
[3.398s][info][gc,phases   ] GC(10) Pause Mark End 0.009ms
[3.398s][info][gc,phases   ] GC(10) Concurrent Mark Free 0.001ms
[3.399s][info][gc,phases   ] GC(10) Concurrent Process Non-Strong References 0.732ms
[3.399s][info][gc,phases   ] GC(10) Concurrent Reset Relocation Set 0.001ms
[3.402s][info][gc,phases   ] GC(10) Concurrent Select Relocation Set 2.337ms
[3.402s][info][gc,phases   ] GC(10) Pause Relocate Start 0.006ms
[3.407s][info][gc,phases   ] GC(10) Concurrent Relocate 5.444ms
[3.407s][info][gc,load     ] GC(10) Load: 0.00/0.00/0.00
[3.407s][info][gc,mmu      ] GC(10) MMU: 2ms/99.3%, 5ms/99.6%, 10ms/99.8%, 20ms/99.9%, 50ms/99.9%, 100ms/100.0%
[3.407s][info][gc,marking  ] GC(10) Mark: 2 stripe(s), 2 proactive flush(es), 1 terminate flush(es), 0 completion(s), 0 continuation(s) 
[3.407s][info][gc,marking  ] GC(10) Mark Stack Usage: 32M
[3.407s][info][gc,nmethod  ] GC(10) NMethods: 454 registered, 0 unregistered
[3.407s][info][gc,metaspace] GC(10) Metaspace: 1M used, 1M committed, 1088M reserved
[3.407s][info][gc,ref      ] GC(10) Soft: 181 encountered, 0 discovered, 0 enqueued
[3.408s][info][gc,ref      ] GC(10) Weak: 263 encountered, 5 discovered, 0 enqueued
[3.408s][info][gc,ref      ] GC(10) Final: 0 encountered, 0 discovered, 0 enqueued
[3.408s][info][gc,ref      ] GC(10) Phantom: 7 encountered, 3 discovered, 0 enqueued
[3.408s][info][gc,reloc    ] GC(10) Small Pages: 507 / 1014M, Empty: 0M, Relocated: 5M, In-Place: 0
[3.408s][info][gc,reloc    ] GC(10) Medium Pages: 1 / 32M, Empty: 0M, Relocated: 0M, In-Place: 0
[3.408s][info][gc,reloc    ] GC(10) Large Pages: 0 / 0M, Empty: 0M, Relocated: 0M, In-Place: 0
[3.408s][info][gc,reloc    ] GC(10) Forwarding Usage: 0M
[3.408s][info][gc,heap     ] GC(10) Min Capacity: 4096M(100%)
[3.408s][info][gc,heap     ] GC(10) Max Capacity: 4096M(100%)
[3.408s][info][gc,heap     ] GC(10) Soft Max Capacity: 4096M(100%)
[3.408s][info][gc,heap     ] GC(10)                Mark Start          Mark End        Relocate Start      Relocate End           High               Low         
[3.408s][info][gc,heap     ] GC(10)  Capacity:     4096M (100%)       4096M (100%)       4096M (100%)       4096M (100%)       4096M (100%)       4096M (100%)   
[3.408s][info][gc,heap     ] GC(10)      Free:     3050M (74%)        3048M (74%)        3048M (74%)        3052M (75%)        3052M (75%)        3042M (74%)    
[3.408s][info][gc,heap     ] GC(10)      Used:     1046M (26%)        1048M (26%)        1048M (26%)        1044M (25%)        1054M (26%)        1044M (25%)    
[3.408s][info][gc,heap     ] GC(10)      Live:         -               920M (22%)         920M (22%)         920M (22%)            -                  -          
[3.408s][info][gc,heap     ] GC(10) Allocated:         -                 2M (0%)            2M (0%)            1M (0%)             -                  -          
[3.408s][info][gc,heap     ] GC(10)   Garbage:         -               125M (3%)          125M (3%)          121M (3%)             -                  -          
[3.408s][info][gc,heap     ] GC(10) Reclaimed:         -                  -                 0M (0%)            3M (0%)             -                  -          
[3.408s][info][gc          ] GC(10) Garbage Collection (Timer) 1046M(26%)->1044M(25%)
[3.685s][info][gc,start    ] GC(11) Garbage Collection (Timer)
[3.686s][info][gc,task     ] GC(11) Using 3 workers
[3.686s][info][gc,phases   ] GC(11) Pause Mark Start 0.006ms
[3.701s][info][gc,phases   ] GC(11) Concurrent Mark 15.360ms
[3.701s][info][gc,phases   ] GC(11) Pause Mark End 0.009ms
[3.701s][info][gc,phases   ] GC(11) Concurrent Mark Free 0.001ms
[3.702s][info][gc,phases   ] GC(11) Concurrent Process Non-Strong References 0.503ms
[3.702s][info][gc,phases   ] GC(11) Concurrent Reset Relocation Set 0.001ms
[3.704s][info][gc,phases   ] GC(11) Concurrent Select Relocation Set 2.205ms
[3.704s][info][gc,phases   ] GC(11) Pause Relocate Start 0.005ms
[3.706s][info][gc,phases   ] GC(11) Concurrent Relocate 2.063ms
[3.706s][info][gc,load     ] GC(11) Load: 0.00/0.00/0.00
[3.707s][info][gc,mmu      ] GC(11) MMU: 2ms/99.3%, 5ms/99.6%, 10ms/99.8%, 20ms/99.9%, 50ms/99.9%, 100ms/100.0%
[3.707s][info][gc,marking  ] GC(11) Mark: 2 stripe(s), 2 proactive flush(es), 1 terminate flush(es), 0 completion(s), 0 continuation(s) 
[3.707s][info][gc,marking  ] GC(11) Mark Stack Usage: 32M
[3.707s][info][gc,nmethod  ] GC(11) NMethods: 454 registered, 0 unregistered
[3.707s][info][gc,metaspace] GC(11) Metaspace: 1M used, 1M committed, 1088M reserved
[3.707s][info][gc,ref      ] GC(11) Soft: 181 encountered, 0 discovered, 0 enqueued
[3.707s][info][gc,ref      ] GC(11) Weak: 263 encountered, 226 discovered, 0 enqueued
[3.707s][info][gc,ref      ] GC(11) Final: 0 encountered, 0 discovered, 0 enqueued
[3.707s][info][gc,ref      ] GC(11) Phantom: 7 encountered, 3 discovered, 0 enqueued
[3.707s][info][gc,reloc    ] GC(11) Small Pages: 558 / 1116M, Empty: 0M, Relocated: 1M, In-Place: 0
[3.707s][info][gc,reloc    ] GC(11) Medium Pages: 1 / 32M, Empty: 0M, Relocated: 0M, In-Place: 0
[3.707s][info][gc,reloc    ] GC(11) Large Pages: 0 / 0M, Empty: 0M, Relocated: 0M, In-Place: 0
[3.707s][info][gc,reloc    ] GC(11) Forwarding Usage: 0M
[3.707s][info][gc,heap     ] GC(11) Min Capacity: 4096M(100%)
[3.707s][info][gc,heap     ] GC(11) Max Capacity: 4096M(100%)
[3.707s][info][gc,heap     ] GC(11) Soft Max Capacity: 4096M(100%)
[3.707s][info][gc,heap     ] GC(11)                Mark Start          Mark End        Relocate Start      Relocate End           High               Low         
[3.707s][info][gc,heap     ] GC(11)  Capacity:     4096M (100%)       4096M (100%)       4096M (100%)       4096M (100%)       4096M (100%)       4096M (100%)   
[3.707s][info][gc,heap     ] GC(11)      Free:     2948M (72%)        2946M (72%)        2944M (72%)        2944M (72%)        2948M (72%)        2940M (72%)    
[3.707s][info][gc,heap     ] GC(11)      Used:     1148M (28%)        1150M (28%)        1152M (28%)        1152M (28%)        1156M (28%)        1148M (28%)    
[3.707s][info][gc,heap     ] GC(11)      Live:         -              1016M (25%)        1016M (25%)        1016M (25%)            -                  -          
[3.707s][info][gc,heap     ] GC(11) Allocated:         -                 2M (0%)            4M (0%)            4M (0%)             -                  -          
[3.707s][info][gc,heap     ] GC(11)   Garbage:         -               131M (3%)          131M (3%)          131M (3%)             -                  -          
[3.707s][info][gc,heap     ] GC(11) Reclaimed:         -                  -                 0M (0%)            0M (0%)             -                  -          
[3.708s][info][gc          ] GC(11) Garbage Collection (Timer) 1148M(28%)->1152M(28%)
[3.984s][info][gc,start    ] GC(12) Garbage Collection (Warmup)
[3.985s][info][gc,task     ] GC(12) Using 3 workers
[3.985s][info][gc,phases   ] GC(12) Pause Mark Start 0.006ms
[4.000s][info][gc,phases   ] GC(12) Concurrent Mark 14.739ms
[4.000s][info][gc,phases   ] GC(12) Pause Mark End 0.010ms
[4.000s][info][gc,phases   ] GC(12) Concurrent Mark Free 0.001ms
[4.000s][info][gc,phases   ] GC(12) Concurrent Process Non-Strong References 0.643ms
[4.000s][info][gc,phases   ] GC(12) Concurrent Reset Relocation Set 0.001ms
[4.003s][info][gc,phases   ] GC(12) Concurrent Select Relocation Set 2.237ms
[4.003s][info][gc,phases   ] GC(12) Pause Relocate Start 0.005ms
[4.005s][info][gc,phases   ] GC(12) Concurrent Relocate 2.262ms
[4.005s][info][gc,load     ] GC(12) Load: 0.00/0.00/0.00
[4.005s][info][gc,mmu      ] GC(12) MMU: 2ms/99.3%, 5ms/99.6%, 10ms/99.8%, 20ms/99.9%, 50ms/99.9%, 100ms/100.0%
[4.005s][info][gc,marking  ] GC(12) Mark: 2 stripe(s), 2 proactive flush(es), 1 terminate flush(es), 0 completion(s), 0 continuation(s) 
[4.005s][info][gc,marking  ] GC(12) Mark Stack Usage: 32M
[4.005s][info][gc,nmethod  ] GC(12) NMethods: 454 registered, 0 unregistered
[4.006s][info][gc,metaspace] GC(12) Metaspace: 1M used, 1M committed, 1088M reserved
[4.006s][info][gc,ref      ] GC(12) Soft: 181 encountered, 0 discovered, 0 enqueued
[4.006s][info][gc,ref      ] GC(12) Weak: 263 encountered, 226 discovered, 0 enqueued
[4.006s][info][gc,ref      ] GC(12) Final: 0 encountered, 0 discovered, 0 enqueued
[4.006s][info][gc,ref      ] GC(12) Phantom: 7 encountered, 4 discovered, 0 enqueued
[4.006s][info][gc,reloc    ] GC(12) Small Pages: 607 / 1214M, Empty: 0M, Relocated: 1M, In-Place: 0
[4.006s][info][gc,reloc    ] GC(12) Medium Pages: 1 / 32M, Empty: 0M, Relocated: 0M, In-Place: 0
[4.006s][info][gc,reloc    ] GC(12) Large Pages: 0 / 0M, Empty: 0M, Relocated: 0M, In-Place: 0
[4.006s][info][gc,reloc    ] GC(12) Forwarding Usage: 0M
[4.006s][info][gc,heap     ] GC(12) Min Capacity: 4096M(100%)
[4.006s][info][gc,heap     ] GC(12) Max Capacity: 4096M(100%)
[4.006s][info][gc,heap     ] GC(12) Soft Max Capacity: 4096M(100%)
[4.006s][info][gc,heap     ] GC(12)                Mark Start          Mark End        Relocate Start      Relocate End           High               Low         
[4.006s][info][gc,heap     ] GC(12)  Capacity:     4096M (100%)       4096M (100%)       4096M (100%)       4096M (100%)       4096M (100%)       4096M (100%)   
[4.006s][info][gc,heap     ] GC(12)      Free:     2850M (70%)        2848M (70%)        2848M (70%)        2848M (70%)        2850M (70%)        2842M (69%)    
[4.006s][info][gc,heap     ] GC(12)      Used:     1246M (30%)        1248M (30%)        1248M (30%)        1248M (30%)        1254M (31%)        1246M (30%)    
[4.006s][info][gc,heap     ] GC(12)      Live:         -              1105M (27%)        1105M (27%)        1105M (27%)            -                  -          
[4.006s][info][gc,heap     ] GC(12) Allocated:         -                 2M (0%)            2M (0%)            2M (0%)             -                  -          
[4.006s][info][gc,heap     ] GC(12)   Garbage:         -               140M (3%)          140M (3%)          140M (3%)             -                  -          
[4.006s][info][gc,heap     ] GC(12) Reclaimed:         -                  -                 0M (0%)            0M (0%)             -                  -          
[4.006s][info][gc          ] GC(12) Garbage Collection (Warmup) 1246M(30%)->1248M(30%)
[4.285s][info][gc,start    ] GC(13) Garbage Collection (Timer)
[4.285s][info][gc,task     ] GC(13) Using 3 workers
[4.285s][info][gc,phases   ] GC(13) Pause Mark Start 0.006ms
[4.300s][info][gc,phases   ] GC(13) Concurrent Mark 14.579ms
[4.300s][info][gc,phases   ] GC(13) Pause Mark End 0.009ms
[4.300s][info][gc,phases   ] GC(13) Concurrent Mark Free 0.001ms
[4.300s][info][gc,phases   ] GC(13) Concurrent Process Non-Strong References 0.444ms
[4.300s][info][gc,phases   ] GC(13) Concurrent Reset Relocation Set 0.001ms
[4.303s][info][gc,phases   ] GC(13) Concurrent Select Relocation Set 2.433ms
[4.303s][info][gc,phases   ] GC(13) Pause Relocate Start 0.006ms
[4.305s][info][gc,phases   ] GC(13) Concurrent Relocate 1.922ms
[4.305s][info][gc,load     ] GC(13) Load: 0.00/0.00/0.00
[4.305s][info][gc,mmu      ] GC(13) MMU: 2ms/99.3%, 5ms/99.6%, 10ms/99.8%, 20ms/99.9%, 50ms/99.9%, 100ms/100.0%
[4.305s][info][gc,marking  ] GC(13) Mark: 2 stripe(s), 2 proactive flush(es), 1 terminate flush(es), 0 completion(s), 0 continuation(s) 
[4.305s][info][gc,marking  ] GC(13) Mark Stack Usage: 32M
[4.305s][info][gc,nmethod  ] GC(13) NMethods: 454 registered, 0 unregistered
[4.305s][info][gc,metaspace] GC(13) Metaspace: 1M used, 1M committed, 1088M reserved
[4.305s][info][gc,ref      ] GC(13) Soft: 181 encountered, 0 discovered, 0 enqueued
[4.305s][info][gc,ref      ] GC(13) Weak: 263 encountered, 226 discovered, 0 enqueued
[4.305s][info][gc,ref      ] GC(13) Final: 0 encountered, 0 discovered, 0 enqueued
[4.305s][info][gc,ref      ] GC(13) Phantom: 7 encountered, 4 discovered, 0 enqueued
[4.305s][info][gc,reloc    ] GC(13) Small Pages: 653 / 1306M, Empty: 0M, Relocated: 1M, In-Place: 0
[4.305s][info][gc,reloc    ] GC(13) Medium Pages: 1 / 32M, Empty: 0M, Relocated: 0M, In-Place: 0
[4.305s][info][gc,reloc    ] GC(13) Large Pages: 0 / 0M, Empty: 0M, Relocated: 0M, In-Place: 0
[4.305s][info][gc,reloc    ] GC(13) Forwarding Usage: 0M
[4.305s][info][gc,heap     ] GC(13) Min Capacity: 4096M(100%)
[4.305s][info][gc,heap     ] GC(13) Max Capacity: 4096M(100%)
[4.305s][info][gc,heap     ] GC(13) Soft Max Capacity: 4096M(100%)
[4.306s][info][gc,heap     ] GC(13)                Mark Start          Mark End        Relocate Start      Relocate End           High               Low         
[4.306s][info][gc,heap     ] GC(13)  Capacity:     4096M (100%)       4096M (100%)       4096M (100%)       4096M (100%)       4096M (100%)       4096M (100%)   
[4.306s][info][gc,heap     ] GC(13)      Free:     2758M (67%)        2756M (67%)        2756M (67%)        2756M (67%)        2758M (67%)        2750M (67%)    
[4.306s][info][gc,heap     ] GC(13)      Used:     1338M (33%)        1340M (33%)        1340M (33%)        1340M (33%)        1346M (33%)        1338M (33%)    
[4.306s][info][gc,heap     ] GC(13)      Live:         -              1188M (29%)        1188M (29%)        1188M (29%)            -                  -          
[4.306s][info][gc,heap     ] GC(13) Allocated:         -                 2M (0%)            2M (0%)            2M (0%)             -                  -          
[4.306s][info][gc,heap     ] GC(13)   Garbage:         -               149M (4%)          149M (4%)          149M (4%)             -                  -          
[4.306s][info][gc,heap     ] GC(13) Reclaimed:         -                  -                 0M (0%)            0M (0%)             -                  -          
[4.306s][info][gc          ] GC(13) Garbage Collection (Timer) 1338M(33%)->1340M(33%)
[4.586s][info][gc,start    ] GC(14) Garbage Collection (Timer)
[4.586s][info][gc,task     ] GC(14) Using 3 workers
[4.586s][info][gc,phases   ] GC(14) Pause Mark Start 0.005ms
[4.602s][info][gc,phases   ] GC(14) Concurrent Mark 16.343ms
[4.602s][info][gc,phases   ] GC(14) Pause Mark End 0.010ms
[4.603s][info][gc,phases   ] GC(14) Concurrent Mark Free 0.001ms
[4.603s][info][gc,phases   ] GC(14) Concurrent Process Non-Strong References 0.566ms
[4.603s][info][gc,phases   ] GC(14) Concurrent Reset Relocation Set 0.001ms
[4.605s][info][gc,phases   ] GC(14) Concurrent Select Relocation Set 2.056ms
[4.605s][info][gc,phases   ] GC(14) Pause Relocate Start 0.004ms
[4.610s][info][gc,phases   ] GC(14) Concurrent Relocate 4.420ms
[4.610s][info][gc,load     ] GC(14) Load: 0.00/0.00/0.00
[4.610s][info][gc,mmu      ] GC(14) MMU: 2ms/99.3%, 5ms/99.6%, 10ms/99.8%, 20ms/99.9%, 50ms/99.9%, 100ms/100.0%
[4.610s][info][gc,marking  ] GC(14) Mark: 2 stripe(s), 2 proactive flush(es), 1 terminate flush(es), 0 completion(s), 0 continuation(s) 
[4.610s][info][gc,marking  ] GC(14) Mark Stack Usage: 32M
[4.610s][info][gc,nmethod  ] GC(14) NMethods: 454 registered, 0 unregistered
[4.610s][info][gc,metaspace] GC(14) Metaspace: 1M used, 1M committed, 1088M reserved
[4.610s][info][gc,ref      ] GC(14) Soft: 181 encountered, 0 discovered, 0 enqueued
[4.610s][info][gc,ref      ] GC(14) Weak: 263 encountered, 0 discovered, 0 enqueued
[4.610s][info][gc,ref      ] GC(14) Final: 0 encountered, 0 discovered, 0 enqueued
[4.610s][info][gc,ref      ] GC(14) Phantom: 7 encountered, 4 discovered, 0 enqueued
[4.610s][info][gc,reloc    ] GC(14) Small Pages: 677 / 1354M, Empty: 0M, Relocated: 3M, In-Place: 0
[4.610s][info][gc,reloc    ] GC(14) Medium Pages: 1 / 32M, Empty: 0M, Relocated: 0M, In-Place: 0
[4.610s][info][gc,reloc    ] GC(14) Large Pages: 0 / 0M, Empty: 0M, Relocated: 0M, In-Place: 0
[4.610s][info][gc,reloc    ] GC(14) Forwarding Usage: 0M
[4.610s][info][gc,heap     ] GC(14) Min Capacity: 4096M(100%)
[4.610s][info][gc,heap     ] GC(14) Max Capacity: 4096M(100%)
[4.610s][info][gc,heap     ] GC(14) Soft Max Capacity: 4096M(100%)
[4.610s][info][gc,heap     ] GC(14)                Mark Start          Mark End        Relocate Start      Relocate End           High               Low         
[4.610s][info][gc,heap     ] GC(14)  Capacity:     4096M (100%)       4096M (100%)       4096M (100%)       4096M (100%)       4096M (100%)       4096M (100%)   
[4.610s][info][gc,heap     ] GC(14)      Free:     2710M (66%)        2710M (66%)        2710M (66%)        2714M (66%)        2714M (66%)        2704M (66%)    
[4.611s][info][gc,heap     ] GC(14)      Used:     1386M (34%)        1386M (34%)        1386M (34%)        1382M (34%)        1392M (34%)        1382M (34%)    
[4.611s][info][gc,heap     ] GC(14)      Live:         -              1231M (30%)        1231M (30%)        1231M (30%)            -                  -          
[4.611s][info][gc,heap     ] GC(14) Allocated:         -                 0M (0%)            0M (0%)            0M (0%)             -                  -          
[4.611s][info][gc,heap     ] GC(14)   Garbage:         -               154M (4%)          154M (4%)          150M (4%)             -                  -          
[4.611s][info][gc,heap     ] GC(14) Reclaimed:         -                  -                 0M (0%)            4M (0%)             -                  -          
[4.611s][info][gc          ] GC(14) Garbage Collection (Timer) 1386M(34%)->1382M(34%)
[4.886s][info][gc,start    ] GC(15) Garbage Collection (Timer)
[4.886s][info][gc,task     ] GC(15) Using 3 workers
[4.886s][info][gc,phases   ] GC(15) Pause Mark Start 0.006ms
[4.897s][info][gc,phases   ] GC(15) Concurrent Mark 11.282ms
[4.897s][info][gc,phases   ] GC(15) Pause Mark End 0.009ms
[4.897s][info][gc,phases   ] GC(15) Concurrent Mark Free 0.001ms
[4.898s][info][gc,phases   ] GC(15) Concurrent Process Non-Strong References 0.841ms
[4.898s][info][gc,phases   ] GC(15) Concurrent Reset Relocation Set 0.001ms
[4.900s][info][gc,phases   ] GC(15) Concurrent Select Relocation Set 2.114ms
[4.901s][info][gc,phases   ] GC(15) Pause Relocate Start 0.004ms
[4.903s][info][gc,phases   ] GC(15) Concurrent Relocate 1.949ms
[4.903s][info][gc,load     ] GC(15) Load: 0.00/0.00/0.00
[4.903s][info][gc,mmu      ] GC(15) MMU: 2ms/99.3%, 5ms/99.6%, 10ms/99.8%, 20ms/99.9%, 50ms/99.9%, 100ms/100.0%
[4.903s][info][gc,marking  ] GC(15) Mark: 2 stripe(s), 2 proactive flush(es), 1 terminate flush(es), 0 completion(s), 0 continuation(s) 
[4.903s][info][gc,marking  ] GC(15) Mark Stack Usage: 32M
[4.903s][info][gc,nmethod  ] GC(15) NMethods: 454 registered, 0 unregistered
[4.903s][info][gc,metaspace] GC(15) Metaspace: 1M used, 1M committed, 1088M reserved
[4.903s][info][gc,ref      ] GC(15) Soft: 181 encountered, 0 discovered, 0 enqueued
[4.903s][info][gc,ref      ] GC(15) Weak: 263 encountered, 0 discovered, 0 enqueued
[4.903s][info][gc,ref      ] GC(15) Final: 0 encountered, 0 discovered, 0 enqueued
[4.903s][info][gc,ref      ] GC(15) Phantom: 7 encountered, 4 discovered, 0 enqueued
[4.903s][info][gc,reloc    ] GC(15) Small Pages: 675 / 1350M, Empty: 0M, Relocated: 3M, In-Place: 0
[4.903s][info][gc,reloc    ] GC(15) Medium Pages: 1 / 32M, Empty: 0M, Relocated: 0M, In-Place: 0
[4.903s][info][gc,reloc    ] GC(15) Large Pages: 0 / 0M, Empty: 0M, Relocated: 0M, In-Place: 0
[4.903s][info][gc,reloc    ] GC(15) Forwarding Usage: 0M
[4.903s][info][gc,heap     ] GC(15) Min Capacity: 4096M(100%)
[4.903s][info][gc,heap     ] GC(15) Max Capacity: 4096M(100%)
[4.903s][info][gc,heap     ] GC(15) Soft Max Capacity: 4096M(100%)
[4.903s][info][gc,heap     ] GC(15)                Mark Start          Mark End        Relocate Start      Relocate End           High               Low         
[4.903s][info][gc,heap     ] GC(15)  Capacity:     4096M (100%)       4096M (100%)       4096M (100%)       4096M (100%)       4096M (100%)       4096M (100%)   
[4.903s][info][gc,heap     ] GC(15)      Free:     2714M (66%)        2714M (66%)        2714M (66%)        2714M (66%)        2714M (66%)        2708M (66%)    
[4.903s][info][gc,heap     ] GC(15)      Used:     1382M (34%)        1382M (34%)        1382M (34%)        1382M (34%)        1388M (34%)        1382M (34%)    
[4.903s][info][gc,heap     ] GC(15)      Live:         -              1231M (30%)        1231M (30%)        1231M (30%)            -                  -          
[4.903s][info][gc,heap     ] GC(15) Allocated:         -                 0M (0%)            0M (0%)            0M (0%)             -                  -          
[4.903s][info][gc,heap     ] GC(15)   Garbage:         -               150M (4%)          150M (4%)          150M (4%)             -                  -          
[4.903s][info][gc,heap     ] GC(15) Reclaimed:         -                  -                 0M (0%)            0M (0%)             -                  -          
[4.903s][info][gc          ] GC(15) Garbage Collection (Timer) 1382M(34%)->1382M(34%)
[5.185s][info][gc,start    ] GC(16) Garbage Collection (Timer)
[5.185s][info][gc,task     ] GC(16) Using 3 workers
[5.185s][info][gc,phases   ] GC(16) Pause Mark Start 0.006ms
[5.200s][info][gc,phases   ] GC(16) Concurrent Mark 14.388ms
[5.200s][info][gc,phases   ] GC(16) Pause Mark End 0.011ms
[5.200s][info][gc,phases   ] GC(16) Concurrent Mark Free 0.001ms
[5.200s][info][gc,phases   ] GC(16) Concurrent Process Non-Strong References 0.671ms
[5.201s][info][gc,phases   ] GC(16) Concurrent Reset Relocation Set 0.001ms
[5.203s][info][gc,phases   ] GC(16) Concurrent Select Relocation Set 2.058ms
[5.203s][info][gc,phases   ] GC(16) Pause Relocate Start 0.004ms
[5.204s][info][gc,phases   ] GC(16) Concurrent Relocate 0.707ms
[5.204s][info][gc,load     ] GC(16) Load: 0.00/0.00/0.00
[5.204s][info][gc,mmu      ] GC(16) MMU: 2ms/99.3%, 5ms/99.6%, 10ms/99.8%, 20ms/99.9%, 50ms/99.9%, 100ms/100.0%
[5.204s][info][gc,marking  ] GC(16) Mark: 2 stripe(s), 10 proactive flush(es), 1 terminate flush(es), 0 completion(s), 0 continuation(s) 
[5.204s][info][gc,marking  ] GC(16) Mark Stack Usage: 32M
[5.204s][info][gc,nmethod  ] GC(16) NMethods: 454 registered, 0 unregistered
[5.204s][info][gc,metaspace] GC(16) Metaspace: 1M used, 1M committed, 1088M reserved
[5.204s][info][gc,ref      ] GC(16) Soft: 181 encountered, 0 discovered, 0 enqueued
[5.204s][info][gc,ref      ] GC(16) Weak: 263 encountered, 0 discovered, 0 enqueued
[5.204s][info][gc,ref      ] GC(16) Final: 0 encountered, 0 discovered, 0 enqueued
[5.204s][info][gc,ref      ] GC(16) Phantom: 7 encountered, 4 discovered, 0 enqueued
[5.204s][info][gc,reloc    ] GC(16) Small Pages: 675 / 1350M, Empty: 0M, Relocated: 3M, In-Place: 0
[5.204s][info][gc,reloc    ] GC(16) Medium Pages: 1 / 32M, Empty: 0M, Relocated: 0M, In-Place: 0
[5.204s][info][gc,reloc    ] GC(16) Large Pages: 0 / 0M, Empty: 0M, Relocated: 0M, In-Place: 0
[5.204s][info][gc,reloc    ] GC(16) Forwarding Usage: 0M
[5.204s][info][gc,heap     ] GC(16) Min Capacity: 4096M(100%)
[5.204s][info][gc,heap     ] GC(16) Max Capacity: 4096M(100%)
[5.204s][info][gc,heap     ] GC(16) Soft Max Capacity: 4096M(100%)
[5.204s][info][gc,heap     ] GC(16)                Mark Start          Mark End        Relocate Start      Relocate End           High               Low         
[5.204s][info][gc,heap     ] GC(16)  Capacity:     4096M (100%)       4096M (100%)       4096M (100%)       4096M (100%)       4096M (100%)       4096M (100%)   
[5.204s][info][gc,heap     ] GC(16)      Free:     2714M (66%)        2714M (66%)        2714M (66%)        2714M (66%)        2714M (66%)        2708M (66%)    
[5.204s][info][gc,heap     ] GC(16)      Used:     1382M (34%)        1382M (34%)        1382M (34%)        1382M (34%)        1388M (34%)        1382M (34%)    
[5.204s][info][gc,heap     ] GC(16)      Live:         -              1231M (30%)        1231M (30%)        1231M (30%)            -                  -          
[5.204s][info][gc,heap     ] GC(16) Allocated:         -                 0M (0%)            0M (0%)            0M (0%)             -                  -          
[5.204s][info][gc,heap     ] GC(16)   Garbage:         -               150M (4%)          150M (4%)          150M (4%)             -                  -          
[5.204s][info][gc,heap     ] GC(16) Reclaimed:         -                  -                 0M (0%)            0M (0%)             -                  -          
[5.204s][info][gc          ] GC(16) Garbage Collection (Timer) 1382M(34%)->1382M(34%)
[5.486s][info][gc,start    ] GC(17) Garbage Collection (Timer)
[5.486s][info][gc,task     ] GC(17) Using 3 workers
[5.486s][info][gc,phases   ] GC(17) Pause Mark Start 0.006ms
[5.495s][info][gc,phases   ] GC(17) Concurrent Mark 9.465ms
[5.496s][info][gc,phases   ] GC(17) Pause Mark End 0.009ms
[5.496s][info][gc,phases   ] GC(17) Concurrent Mark Free 0.001ms
[5.497s][info][gc,phases   ] GC(17) Concurrent Process Non-Strong References 0.417ms
[5.497s][info][gc,phases   ] GC(17) Concurrent Reset Relocation Set 0.001ms
[5.499s][info][gc,phases   ] GC(17) Concurrent Select Relocation Set 2.280ms
[5.499s][info][gc,phases   ] GC(17) Pause Relocate Start 0.005ms
[5.503s][info][gc,phases   ] GC(17) Concurrent Relocate 3.377ms
[5.503s][info][gc,load     ] GC(17) Load: 0.00/0.00/0.00
[5.503s][info][gc,mmu      ] GC(17) MMU: 2ms/99.3%, 5ms/99.6%, 10ms/99.8%, 20ms/99.9%, 50ms/99.9%, 100ms/100.0%
[5.503s][info][gc,marking  ] GC(17) Mark: 2 stripe(s), 2 proactive flush(es), 1 terminate flush(es), 0 completion(s), 0 continuation(s) 
[5.503s][info][gc,marking  ] GC(17) Mark Stack Usage: 32M
[5.503s][info][gc,nmethod  ] GC(17) NMethods: 461 registered, 0 unregistered
[5.503s][info][gc,metaspace] GC(17) Metaspace: 1M used, 1M committed, 1088M reserved
[5.503s][info][gc,ref      ] GC(17) Soft: 181 encountered, 0 discovered, 0 enqueued
[5.503s][info][gc,ref      ] GC(17) Weak: 263 encountered, 226 discovered, 0 enqueued
[5.503s][info][gc,ref      ] GC(17) Final: 0 encountered, 0 discovered, 0 enqueued
[5.503s][info][gc,ref      ] GC(17) Phantom: 7 encountered, 3 discovered, 0 enqueued
[5.503s][info][gc,reloc    ] GC(17) Small Pages: 682 / 1364M, Empty: 0M, Relocated: 3M, In-Place: 0
[5.503s][info][gc,reloc    ] GC(17) Medium Pages: 1 / 32M, Empty: 0M, Relocated: 0M, In-Place: 0
[5.503s][info][gc,reloc    ] GC(17) Large Pages: 0 / 0M, Empty: 0M, Relocated: 0M, In-Place: 0
[5.503s][info][gc,reloc    ] GC(17) Forwarding Usage: 0M
[5.503s][info][gc,heap     ] GC(17) Min Capacity: 4096M(100%)
[5.503s][info][gc,heap     ] GC(17) Max Capacity: 4096M(100%)
[5.503s][info][gc,heap     ] GC(17) Soft Max Capacity: 4096M(100%)
[5.503s][info][gc,heap     ] GC(17)                Mark Start          Mark End        Relocate Start      Relocate End           High               Low         
[5.503s][info][gc,heap     ] GC(17)  Capacity:     4096M (100%)       4096M (100%)       4096M (100%)       4096M (100%)       4096M (100%)       4096M (100%)   
[5.503s][info][gc,heap     ] GC(17)      Free:     2700M (66%)        2696M (66%)        2696M (66%)        2696M (66%)        2700M (66%)        2690M (66%)    
[5.503s][info][gc,heap     ] GC(17)      Used:     1396M (34%)        1400M (34%)        1400M (34%)        1400M (34%)        1406M (34%)        1396M (34%)    
[5.503s][info][gc,heap     ] GC(17)      Live:         -              1243M (30%)        1243M (30%)        1243M (30%)            -                  -          
[5.503s][info][gc,heap     ] GC(17) Allocated:         -                 4M (0%)            4M (0%)            4M (0%)             -                  -          
[5.503s][info][gc,heap     ] GC(17)   Garbage:         -               152M (4%)          152M (4%)          152M (4%)             -                  -          
[5.503s][info][gc,heap     ] GC(17) Reclaimed:         -                  -                 0M (0%)            0M (0%)             -                  -          
[5.503s][info][gc          ] GC(17) Garbage Collection (Timer) 1396M(34%)->1400M(34%)
[5.785s][info][gc,start    ] GC(18) Garbage Collection (Timer)
[5.785s][info][gc,task     ] GC(18) Using 3 workers
[5.785s][info][gc,phases   ] GC(18) Pause Mark Start 0.006ms
[5.797s][info][gc,phases   ] GC(18) Concurrent Mark 12.332ms
[5.798s][info][gc,phases   ] GC(18) Pause Mark End 0.009ms
[5.798s][info][gc,phases   ] GC(18) Concurrent Mark Free 0.001ms
[5.798s][info][gc,phases   ] GC(18) Concurrent Process Non-Strong References 0.636ms
[5.798s][info][gc,phases   ] GC(18) Concurrent Reset Relocation Set 0.001ms
[5.801s][info][gc,phases   ] GC(18) Concurrent Select Relocation Set 2.583ms
[5.801s][info][gc,phases   ] GC(18) Pause Relocate Start 0.007ms
[5.806s][info][gc,phases   ] GC(18) Concurrent Relocate 4.553ms
[5.806s][info][gc,load     ] GC(18) Load: 0.00/0.00/0.00
[5.806s][info][gc,mmu      ] GC(18) MMU: 2ms/99.3%, 5ms/99.6%, 10ms/99.8%, 20ms/99.9%, 50ms/99.9%, 100ms/100.0%
[5.806s][info][gc,marking  ] GC(18) Mark: 2 stripe(s), 2 proactive flush(es), 1 terminate flush(es), 0 completion(s), 0 continuation(s) 
[5.806s][info][gc,marking  ] GC(18) Mark Stack Usage: 32M
[5.806s][info][gc,nmethod  ] GC(18) NMethods: 461 registered, 0 unregistered
[5.806s][info][gc,metaspace] GC(18) Metaspace: 1M used, 1M committed, 1088M reserved
[5.806s][info][gc,ref      ] GC(18) Soft: 181 encountered, 0 discovered, 0 enqueued
[5.806s][info][gc,ref      ] GC(18) Weak: 263 encountered, 226 discovered, 0 enqueued
[5.806s][info][gc,ref      ] GC(18) Final: 0 encountered, 0 discovered, 0 enqueued
[5.806s][info][gc,ref      ] GC(18) Phantom: 7 encountered, 4 discovered, 0 enqueued
[5.806s][info][gc,reloc    ] GC(18) Small Pages: 727 / 1454M, Empty: 0M, Relocated: 3M, In-Place: 0
[5.806s][info][gc,reloc    ] GC(18) Medium Pages: 2 / 64M, Empty: 32M, Relocated: 0M, In-Place: 0
[5.806s][info][gc,reloc    ] GC(18) Large Pages: 0 / 0M, Empty: 0M, Relocated: 0M, In-Place: 0
[5.806s][info][gc,reloc    ] GC(18) Forwarding Usage: 0M
[5.806s][info][gc,heap     ] GC(18) Min Capacity: 4096M(100%)
[5.806s][info][gc,heap     ] GC(18) Max Capacity: 4096M(100%)
[5.806s][info][gc,heap     ] GC(18) Soft Max Capacity: 4096M(100%)
[5.807s][info][gc,heap     ] GC(18)                Mark Start          Mark End        Relocate Start      Relocate End           High               Low         
[5.807s][info][gc,heap     ] GC(18)  Capacity:     4096M (100%)       4096M (100%)       4096M (100%)       4096M (100%)       4096M (100%)       4096M (100%)   
[5.807s][info][gc,heap     ] GC(18)      Free:     2578M (63%)        2576M (63%)        2608M (64%)        2608M (64%)        2608M (64%)        2576M (63%)    
[5.807s][info][gc,heap     ] GC(18)      Used:     1518M (37%)        1520M (37%)        1488M (36%)        1488M (36%)        1520M (37%)        1488M (36%)    
[5.807s][info][gc,heap     ] GC(18)      Live:         -              1325M (32%)        1325M (32%)        1325M (32%)            -                  -          
[5.807s][info][gc,heap     ] GC(18) Allocated:         -                 2M (0%)            2M (0%)            1M (0%)             -                  -          
[5.807s][info][gc,heap     ] GC(18)   Garbage:         -               192M (5%)          160M (4%)          160M (4%)             -                  -          
[5.807s][info][gc,heap     ] GC(18) Reclaimed:         -                  -                32M (1%)           31M (1%)             -                  -          
[5.807s][info][gc          ] GC(18) Garbage Collection (Timer) 1518M(37%)->1488M(36%)
[6.085s][info][gc,start    ] GC(19) Garbage Collection (Timer)
[6.086s][info][gc,task     ] GC(19) Using 3 workers
[6.086s][info][gc,phases   ] GC(19) Pause Mark Start 0.006ms
[6.103s][info][gc,phases   ] GC(19) Concurrent Mark 16.982ms
[6.103s][info][gc,phases   ] GC(19) Pause Mark End 0.009ms
[6.103s][info][gc,phases   ] GC(19) Concurrent Mark Free 0.001ms
[6.103s][info][gc,phases   ] GC(19) Concurrent Process Non-Strong References 0.436ms
[6.103s][info][gc,phases   ] GC(19) Concurrent Reset Relocation Set 0.001ms
[6.106s][info][gc,phases   ] GC(19) Concurrent Select Relocation Set 2.227ms
[6.106s][info][gc,phases   ] GC(19) Pause Relocate Start 0.006ms
[6.108s][info][gc,phases   ] GC(19) Concurrent Relocate 1.705ms
[6.108s][info][gc,load     ] GC(19) Load: 0.00/0.00/0.00
[6.108s][info][gc,mmu      ] GC(19) MMU: 2ms/99.3%, 5ms/99.6%, 10ms/99.8%, 20ms/99.9%, 50ms/99.9%, 100ms/100.0%
[6.108s][info][gc,marking  ] GC(19) Mark: 2 stripe(s), 2 proactive flush(es), 1 terminate flush(es), 0 completion(s), 0 continuation(s) 
[6.108s][info][gc,marking  ] GC(19) Mark Stack Usage: 32M
[6.108s][info][gc,nmethod  ] GC(19) NMethods: 461 registered, 0 unregistered
[6.108s][info][gc,metaspace] GC(19) Metaspace: 1M used, 1M committed, 1088M reserved
[6.108s][info][gc,ref      ] GC(19) Soft: 181 encountered, 0 discovered, 0 enqueued
[6.108s][info][gc,ref      ] GC(19) Weak: 263 encountered, 229 discovered, 0 enqueued
[6.108s][info][gc,ref      ] GC(19) Final: 0 encountered, 0 discovered, 0 enqueued
[6.108s][info][gc,ref      ] GC(19) Phantom: 7 encountered, 2 discovered, 0 enqueued
[6.108s][info][gc,reloc    ] GC(19) Small Pages: 770 / 1540M, Empty: 0M, Relocated: 1M, In-Place: 0
[6.108s][info][gc,reloc    ] GC(19) Medium Pages: 1 / 32M, Empty: 0M, Relocated: 0M, In-Place: 0
[6.108s][info][gc,reloc    ] GC(19) Large Pages: 0 / 0M, Empty: 0M, Relocated: 0M, In-Place: 0
[6.108s][info][gc,reloc    ] GC(19) Forwarding Usage: 0M
[6.108s][info][gc,heap     ] GC(19) Min Capacity: 4096M(100%)
[6.108s][info][gc,heap     ] GC(19) Max Capacity: 4096M(100%)
[6.108s][info][gc,heap     ] GC(19) Soft Max Capacity: 4096M(100%)
[6.108s][info][gc,heap     ] GC(19)                Mark Start          Mark End        Relocate Start      Relocate End           High               Low         
[6.108s][info][gc,heap     ] GC(19)  Capacity:     4096M (100%)       4096M (100%)       4096M (100%)       4096M (100%)       4096M (100%)       4096M (100%)   
[6.108s][info][gc,heap     ] GC(19)      Free:     2524M (62%)        2522M (62%)        2520M (62%)        2520M (62%)        2524M (62%)        2516M (61%)    
[6.108s][info][gc,heap     ] GC(19)      Used:     1572M (38%)        1574M (38%)        1576M (38%)        1576M (38%)        1580M (39%)        1572M (38%)    
[6.108s][info][gc,heap     ] GC(19)      Live:         -              1403M (34%)        1403M (34%)        1403M (34%)            -                  -          
[6.108s][info][gc,heap     ] GC(19) Allocated:         -                 2M (0%)            4M (0%)            4M (0%)             -                  -          
[6.108s][info][gc,heap     ] GC(19)   Garbage:         -               168M (4%)          168M (4%)          168M (4%)             -                  -          
[6.108s][info][gc,heap     ] GC(19) Reclaimed:         -                  -                 0M (0%)            0M (0%)             -                  -          
[6.108s][info][gc          ] GC(19) Garbage Collection (Timer) 1572M(38%)->1576M(38%)
[6.385s][info][gc,start    ] GC(20) Garbage Collection (Timer)
[6.385s][info][gc,task     ] GC(20) Using 3 workers
[6.385s][info][gc,phases   ] GC(20) Pause Mark Start 0.006ms
[6.402s][info][gc,phases   ] GC(20) Concurrent Mark 17.351ms
[6.402s][info][gc,phases   ] GC(20) Pause Mark End 0.012ms
[6.402s][info][gc,phases   ] GC(20) Concurrent Mark Free 0.001ms
[6.403s][info][gc,phases   ] GC(20) Concurrent Process Non-Strong References 0.518ms
[6.403s][info][gc,phases   ] GC(20) Concurrent Reset Relocation Set 0.001ms
[6.406s][info][gc,phases   ] GC(20) Concurrent Select Relocation Set 2.606ms
[6.406s][info][gc,phases   ] GC(20) Pause Relocate Start 0.007ms
[6.409s][info][gc,phases   ] GC(20) Concurrent Relocate 2.684ms
[6.409s][info][gc,load     ] GC(20) Load: 0.00/0.00/0.00
[6.409s][info][gc,mmu      ] GC(20) MMU: 2ms/99.3%, 5ms/99.6%, 10ms/99.8%, 20ms/99.9%, 50ms/99.9%, 100ms/100.0%
[6.409s][info][gc,marking  ] GC(20) Mark: 2 stripe(s), 3 proactive flush(es), 1 terminate flush(es), 0 completion(s), 0 continuation(s) 
[6.409s][info][gc,marking  ] GC(20) Mark Stack Usage: 32M
[6.409s][info][gc,nmethod  ] GC(20) NMethods: 461 registered, 0 unregistered
[6.409s][info][gc,metaspace] GC(20) Metaspace: 1M used, 1M committed, 1088M reserved
[6.409s][info][gc,ref      ] GC(20) Soft: 181 encountered, 0 discovered, 0 enqueued
[6.409s][info][gc,ref      ] GC(20) Weak: 263 encountered, 226 discovered, 0 enqueued
[6.409s][info][gc,ref      ] GC(20) Final: 0 encountered, 0 discovered, 0 enqueued
[6.409s][info][gc,ref      ] GC(20) Phantom: 7 encountered, 4 discovered, 0 enqueued
[6.409s][info][gc,reloc    ] GC(20) Small Pages: 811 / 1622M, Empty: 0M, Relocated: 1M, In-Place: 0
[6.409s][info][gc,reloc    ] GC(20) Medium Pages: 1 / 32M, Empty: 0M, Relocated: 0M, In-Place: 0
[6.409s][info][gc,reloc    ] GC(20) Large Pages: 0 / 0M, Empty: 0M, Relocated: 0M, In-Place: 0
[6.409s][info][gc,reloc    ] GC(20) Forwarding Usage: 0M
[6.409s][info][gc,heap     ] GC(20) Min Capacity: 4096M(100%)
[6.409s][info][gc,heap     ] GC(20) Max Capacity: 4096M(100%)
[6.409s][info][gc,heap     ] GC(20) Soft Max Capacity: 4096M(100%)
[6.409s][info][gc,heap     ] GC(20)                Mark Start          Mark End        Relocate Start      Relocate End           High               Low         
[6.409s][info][gc,heap     ] GC(20)  Capacity:     4096M (100%)       4096M (100%)       4096M (100%)       4096M (100%)       4096M (100%)       4096M (100%)   
[6.409s][info][gc,heap     ] GC(20)      Free:     2442M (60%)        2440M (60%)        2440M (60%)        2440M (60%)        2442M (60%)        2436M (59%)    
[6.409s][info][gc,heap     ] GC(20)      Used:     1654M (40%)        1656M (40%)        1656M (40%)        1656M (40%)        1660M (41%)        1654M (40%)    
[6.409s][info][gc,heap     ] GC(20)      Live:         -              1478M (36%)        1478M (36%)        1478M (36%)            -                  -          
[6.409s][info][gc,heap     ] GC(20) Allocated:         -                 2M (0%)            2M (0%)            2M (0%)             -                  -          
[6.409s][info][gc,heap     ] GC(20)   Garbage:         -               175M (4%)          175M (4%)          175M (4%)             -                  -          
[6.409s][info][gc,heap     ] GC(20) Reclaimed:         -                  -                 0M (0%)            0M (0%)             -                  -          
[6.409s][info][gc          ] GC(20) Garbage Collection (Timer) 1654M(40%)->1656M(40%)
[6.685s][info][gc,start    ] GC(21) Garbage Collection (Timer)
[6.685s][info][gc,task     ] GC(21) Using 3 workers
[6.686s][info][gc,phases   ] GC(21) Pause Mark Start 0.006ms
[6.702s][info][gc,phases   ] GC(21) Concurrent Mark 15.913ms
[6.702s][info][gc,phases   ] GC(21) Pause Mark End 0.009ms
[6.702s][info][gc,phases   ] GC(21) Concurrent Mark Free 0.001ms
[6.703s][info][gc,phases   ] GC(21) Concurrent Process Non-Strong References 0.593ms
[6.703s][info][gc,phases   ] GC(21) Concurrent Reset Relocation Set 0.001ms
[6.705s][info][gc,phases   ] GC(21) Concurrent Select Relocation Set 2.196ms
[6.705s][info][gc,phases   ] GC(21) Pause Relocate Start 0.006ms
[6.709s][info][gc,phases   ] GC(21) Concurrent Relocate 3.757ms
[6.709s][info][gc,load     ] GC(21) Load: 0.00/0.00/0.00
[6.709s][info][gc,mmu      ] GC(21) MMU: 2ms/99.3%, 5ms/99.6%, 10ms/99.8%, 20ms/99.9%, 50ms/99.9%, 100ms/100.0%
[6.709s][info][gc,marking  ] GC(21) Mark: 2 stripe(s), 2 proactive flush(es), 1 terminate flush(es), 0 completion(s), 0 continuation(s) 
[6.709s][info][gc,marking  ] GC(21) Mark Stack Usage: 32M
[6.709s][info][gc,nmethod  ] GC(21) NMethods: 461 registered, 0 unregistered
[6.709s][info][gc,metaspace] GC(21) Metaspace: 1M used, 1M committed, 1088M reserved
[6.709s][info][gc,ref      ] GC(21) Soft: 181 encountered, 0 discovered, 0 enqueued
[6.709s][info][gc,ref      ] GC(21) Weak: 263 encountered, 229 discovered, 0 enqueued
[6.709s][info][gc,ref      ] GC(21) Final: 0 encountered, 0 discovered, 0 enqueued
[6.709s][info][gc,ref      ] GC(21) Phantom: 7 encountered, 3 discovered, 0 enqueued
[6.709s][info][gc,reloc    ] GC(21) Small Pages: 849 / 1698M, Empty: 0M, Relocated: 3M, In-Place: 0
[6.709s][info][gc,reloc    ] GC(21) Medium Pages: 1 / 32M, Empty: 0M, Relocated: 0M, In-Place: 0
[6.709s][info][gc,reloc    ] GC(21) Large Pages: 0 / 0M, Empty: 0M, Relocated: 0M, In-Place: 0
[6.709s][info][gc,reloc    ] GC(21) Forwarding Usage: 0M
[6.709s][info][gc,heap     ] GC(21) Min Capacity: 4096M(100%)
[6.709s][info][gc,heap     ] GC(21) Max Capacity: 4096M(100%)
[6.709s][info][gc,heap     ] GC(21) Soft Max Capacity: 4096M(100%)
[6.709s][info][gc,heap     ] GC(21)                Mark Start          Mark End        Relocate Start      Relocate End           High               Low         
[6.709s][info][gc,heap     ] GC(21)  Capacity:     4096M (100%)       4096M (100%)       4096M (100%)       4096M (100%)       4096M (100%)       4096M (100%)   
[6.709s][info][gc,heap     ] GC(21)      Free:     2366M (58%)        2364M (58%)        2364M (58%)        2366M (58%)        2366M (58%)        2358M (58%)    
[6.709s][info][gc,heap     ] GC(21)      Used:     1730M (42%)        1732M (42%)        1732M (42%)        1730M (42%)        1738M (42%)        1730M (42%)    
[6.709s][info][gc,heap     ] GC(21)      Live:         -              1545M (38%)        1545M (38%)        1545M (38%)            -                  -          
[6.710s][info][gc,heap     ] GC(21) Allocated:         -                 2M (0%)            2M (0%)            1M (0%)             -                  -          
[6.710s][info][gc,heap     ] GC(21)   Garbage:         -               184M (4%)          184M (4%)          182M (4%)             -                  -          
[6.710s][info][gc,heap     ] GC(21) Reclaimed:         -                  -                 0M (0%)            1M (0%)             -                  -          
[6.710s][info][gc          ] GC(21) Garbage Collection (Timer) 1730M(42%)->1730M(42%)
[6.985s][info][gc,start    ] GC(22) Garbage Collection (Timer)
[6.985s][info][gc,task     ] GC(22) Using 3 workers
[6.985s][info][gc,phases   ] GC(22) Pause Mark Start 0.006ms
[7.002s][info][gc,phases   ] GC(22) Concurrent Mark 16.150ms
[7.002s][info][gc,phases   ] GC(22) Pause Mark End 0.009ms
[7.002s][info][gc,phases   ] GC(22) Concurrent Mark Free 0.001ms
[7.002s][info][gc,phases   ] GC(22) Concurrent Process Non-Strong References 0.391ms
[7.002s][info][gc,phases   ] GC(22) Concurrent Reset Relocation Set 0.001ms
[7.005s][info][gc,phases   ] GC(22) Concurrent Select Relocation Set 2.388ms
[7.005s][info][gc,phases   ] GC(22) Pause Relocate Start 0.006ms
[7.009s][info][gc,phases   ] GC(22) Concurrent Relocate 4.530ms
[7.009s][info][gc,load     ] GC(22) Load: 0.00/0.00/0.00
[7.010s][info][gc,mmu      ] GC(22) MMU: 2ms/99.3%, 5ms/99.6%, 10ms/99.8%, 20ms/99.9%, 50ms/99.9%, 100ms/100.0%
[7.010s][info][gc,marking  ] GC(22) Mark: 2 stripe(s), 2 proactive flush(es), 1 terminate flush(es), 0 completion(s), 0 continuation(s) 
[7.010s][info][gc,marking  ] GC(22) Mark Stack Usage: 32M
[7.010s][info][gc,nmethod  ] GC(22) NMethods: 461 registered, 0 unregistered
[7.010s][info][gc,metaspace] GC(22) Metaspace: 1M used, 1M committed, 1088M reserved
[7.010s][info][gc,ref      ] GC(22) Soft: 181 encountered, 0 discovered, 0 enqueued
[7.010s][info][gc,ref      ] GC(22) Weak: 263 encountered, 226 discovered, 0 enqueued
[7.010s][info][gc,ref      ] GC(22) Final: 0 encountered, 0 discovered, 0 enqueued
[7.010s][info][gc,ref      ] GC(22) Phantom: 7 encountered, 3 discovered, 0 enqueued
[7.010s][info][gc,reloc    ] GC(22) Small Pages: 886 / 1772M, Empty: 0M, Relocated: 3M, In-Place: 0
[7.010s][info][gc,reloc    ] GC(22) Medium Pages: 1 / 32M, Empty: 0M, Relocated: 0M, In-Place: 0
[7.010s][info][gc,reloc    ] GC(22) Large Pages: 0 / 0M, Empty: 0M, Relocated: 0M, In-Place: 0
[7.010s][info][gc,reloc    ] GC(22) Forwarding Usage: 0M
[7.010s][info][gc,heap     ] GC(22) Min Capacity: 4096M(100%)
[7.010s][info][gc,heap     ] GC(22) Max Capacity: 4096M(100%)
[7.010s][info][gc,heap     ] GC(22) Soft Max Capacity: 4096M(100%)
[7.010s][info][gc,heap     ] GC(22)                Mark Start          Mark End        Relocate Start      Relocate End           High               Low         
[7.010s][info][gc,heap     ] GC(22)  Capacity:     4096M (100%)       4096M (100%)       4096M (100%)       4096M (100%)       4096M (100%)       4096M (100%)   
[7.010s][info][gc,heap     ] GC(22)      Free:     2292M (56%)        2290M (56%)        2290M (56%)        2292M (56%)        2292M (56%)        2284M (56%)    
[7.010s][info][gc,heap     ] GC(22)      Used:     1804M (44%)        1806M (44%)        1806M (44%)        1804M (44%)        1812M (44%)        1804M (44%)    
[7.010s][info][gc,heap     ] GC(22)      Live:         -              1613M (39%)        1613M (39%)        1613M (39%)            -                  -          
[7.010s][info][gc,heap     ] GC(22) Allocated:         -                 2M (0%)            2M (0%)            1M (0%)             -                  -          
[7.010s][info][gc,heap     ] GC(22)   Garbage:         -               190M (5%)          190M (5%)          188M (5%)             -                  -          
[7.010s][info][gc,heap     ] GC(22) Reclaimed:         -                  -                 0M (0%)            1M (0%)             -                  -          
[7.010s][info][gc          ] GC(22) Garbage Collection (Timer) 1804M(44%)->1804M(44%)
[7.285s][info][gc,start    ] GC(23) Garbage Collection (Timer)
[7.285s][info][gc,task     ] GC(23) Using 3 workers
[7.285s][info][gc,phases   ] GC(23) Pause Mark Start 0.006ms
[7.301s][info][gc,phases   ] GC(23) Concurrent Mark 16.575ms
[7.302s][info][gc,phases   ] GC(23) Pause Mark End 0.010ms
[7.302s][info][gc,phases   ] GC(23) Concurrent Mark Free 0.001ms
[7.302s][info][gc,phases   ] GC(23) Concurrent Process Non-Strong References 0.512ms
[7.302s][info][gc,phases   ] GC(23) Concurrent Reset Relocation Set 0.001ms
[7.305s][info][gc,phases   ] GC(23) Concurrent Select Relocation Set 2.509ms
[7.305s][info][gc,phases   ] GC(23) Pause Relocate Start 0.006ms
[7.308s][info][gc,phases   ] GC(23) Concurrent Relocate 2.299ms
[7.308s][info][gc,load     ] GC(23) Load: 0.00/0.00/0.00
[7.308s][info][gc,mmu      ] GC(23) MMU: 2ms/99.3%, 5ms/99.6%, 10ms/99.8%, 20ms/99.9%, 50ms/99.9%, 100ms/100.0%
[7.308s][info][gc,marking  ] GC(23) Mark: 2 stripe(s), 3 proactive flush(es), 1 terminate flush(es), 0 completion(s), 0 continuation(s) 
[7.308s][info][gc,marking  ] GC(23) Mark Stack Usage: 32M
[7.308s][info][gc,nmethod  ] GC(23) NMethods: 463 registered, 0 unregistered
[7.308s][info][gc,metaspace] GC(23) Metaspace: 1M used, 1M committed, 1088M reserved
[7.308s][info][gc,ref      ] GC(23) Soft: 181 encountered, 0 discovered, 0 enqueued
[7.308s][info][gc,ref      ] GC(23) Weak: 263 encountered, 226 discovered, 0 enqueued
[7.308s][info][gc,ref      ] GC(23) Final: 0 encountered, 0 discovered, 0 enqueued
[7.308s][info][gc,ref      ] GC(23) Phantom: 7 encountered, 3 discovered, 0 enqueued
[7.308s][info][gc,reloc    ] GC(23) Small Pages: 922 / 1844M, Empty: 0M, Relocated: 1M, In-Place: 0
[7.308s][info][gc,reloc    ] GC(23) Medium Pages: 1 / 32M, Empty: 0M, Relocated: 0M, In-Place: 0
[7.308s][info][gc,reloc    ] GC(23) Large Pages: 0 / 0M, Empty: 0M, Relocated: 0M, In-Place: 0
[7.308s][info][gc,reloc    ] GC(23) Forwarding Usage: 0M
[7.308s][info][gc,heap     ] GC(23) Min Capacity: 4096M(100%)
[7.308s][info][gc,heap     ] GC(23) Max Capacity: 4096M(100%)
[7.308s][info][gc,heap     ] GC(23) Soft Max Capacity: 4096M(100%)
[7.308s][info][gc,heap     ] GC(23)                Mark Start          Mark End        Relocate Start      Relocate End           High               Low         
[7.308s][info][gc,heap     ] GC(23)  Capacity:     4096M (100%)       4096M (100%)       4096M (100%)       4096M (100%)       4096M (100%)       4096M (100%)   
[7.308s][info][gc,heap     ] GC(23)      Free:     2220M (54%)        2218M (54%)        2218M (54%)        2216M (54%)        2220M (54%)        2212M (54%)    
[7.308s][info][gc,heap     ] GC(23)      Used:     1876M (46%)        1878M (46%)        1878M (46%)        1880M (46%)        1884M (46%)        1876M (46%)    
[7.308s][info][gc,heap     ] GC(23)      Live:         -              1681M (41%)        1681M (41%)        1681M (41%)            -                  -          
[7.308s][info][gc,heap     ] GC(23) Allocated:         -                 2M (0%)            2M (0%)            4M (0%)             -                  -          
[7.308s][info][gc,heap     ] GC(23)   Garbage:         -               194M (5%)          194M (5%)          194M (5%)             -                  -          
[7.308s][info][gc,heap     ] GC(23) Reclaimed:         -                  -                 0M (0%)            0M (0%)             -                  -          
[7.308s][info][gc          ] GC(23) Garbage Collection (Timer) 1876M(46%)->1880M(46%)
[7.585s][info][gc,start    ] GC(24) Garbage Collection (Timer)
[7.585s][info][gc,task     ] GC(24) Using 3 workers
[7.586s][info][gc,phases   ] GC(24) Pause Mark Start 0.006ms
[7.601s][info][gc,phases   ] GC(24) Concurrent Mark 14.812ms
[7.601s][info][gc,phases   ] GC(24) Pause Mark End 0.009ms
[7.601s][info][gc,phases   ] GC(24) Concurrent Mark Free 0.001ms
[7.602s][info][gc,phases   ] GC(24) Concurrent Process Non-Strong References 0.592ms
[7.602s][info][gc,phases   ] GC(24) Concurrent Reset Relocation Set 0.001ms
[7.604s][info][gc,phases   ] GC(24) Concurrent Select Relocation Set 2.232ms
[7.604s][info][gc,phases   ] GC(24) Pause Relocate Start 0.005ms
[7.607s][info][gc,phases   ] GC(24) Concurrent Relocate 2.403ms
[7.607s][info][gc,load     ] GC(24) Load: 0.00/0.00/0.00
[7.607s][info][gc,mmu      ] GC(24) MMU: 2ms/99.3%, 5ms/99.6%, 10ms/99.8%, 20ms/99.9%, 50ms/99.9%, 100ms/100.0%
[7.607s][info][gc,marking  ] GC(24) Mark: 2 stripe(s), 2 proactive flush(es), 1 terminate flush(es), 0 completion(s), 0 continuation(s) 
[7.607s][info][gc,marking  ] GC(24) Mark Stack Usage: 32M
[7.607s][info][gc,nmethod  ] GC(24) NMethods: 463 registered, 0 unregistered
[7.607s][info][gc,metaspace] GC(24) Metaspace: 1M used, 1M committed, 1088M reserved
[7.607s][info][gc,ref      ] GC(24) Soft: 181 encountered, 0 discovered, 0 enqueued
[7.607s][info][gc,ref      ] GC(24) Weak: 263 encountered, 229 discovered, 0 enqueued
[7.607s][info][gc,ref      ] GC(24) Final: 0 encountered, 0 discovered, 0 enqueued
[7.607s][info][gc,ref      ] GC(24) Phantom: 7 encountered, 3 discovered, 0 enqueued
[7.607s][info][gc,reloc    ] GC(24) Small Pages: 950 / 1900M, Empty: 0M, Relocated: 1M, In-Place: 0
[7.607s][info][gc,reloc    ] GC(24) Medium Pages: 1 / 32M, Empty: 0M, Relocated: 0M, In-Place: 0
[7.607s][info][gc,reloc    ] GC(24) Large Pages: 0 / 0M, Empty: 0M, Relocated: 0M, In-Place: 0
[7.607s][info][gc,reloc    ] GC(24) Forwarding Usage: 0M
[7.607s][info][gc,heap     ] GC(24) Min Capacity: 4096M(100%)
[7.607s][info][gc,heap     ] GC(24) Max Capacity: 4096M(100%)
[7.607s][info][gc,heap     ] GC(24) Soft Max Capacity: 4096M(100%)
[7.607s][info][gc,heap     ] GC(24)                Mark Start          Mark End        Relocate Start      Relocate End           High               Low         
[7.607s][info][gc,heap     ] GC(24)  Capacity:     4096M (100%)       4096M (100%)       4096M (100%)       4096M (100%)       4096M (100%)       4096M (100%)   
[7.607s][info][gc,heap     ] GC(24)      Free:     2164M (53%)        2162M (53%)        2162M (53%)        2162M (53%)        2164M (53%)        2158M (53%)    
[7.607s][info][gc,heap     ] GC(24)      Used:     1932M (47%)        1934M (47%)        1934M (47%)        1934M (47%)        1938M (47%)        1932M (47%)    
[7.607s][info][gc,heap     ] GC(24)      Live:         -              1731M (42%)        1731M (42%)        1731M (42%)            -                  -          
[7.607s][info][gc,heap     ] GC(24) Allocated:         -                 2M (0%)            2M (0%)            2M (0%)             -                  -          
[7.607s][info][gc,heap     ] GC(24)   Garbage:         -               200M (5%)          200M (5%)          200M (5%)             -                  -          
[7.607s][info][gc,heap     ] GC(24) Reclaimed:         -                  -                 0M (0%)            0M (0%)             -                  -          
[7.607s][info][gc          ] GC(24) Garbage Collection (Timer) 1932M(47%)->1934M(47%)
[7.885s][info][gc,start    ] GC(25) Garbage Collection (Timer)
[7.885s][info][gc,task     ] GC(25) Using 3 workers
[7.886s][info][gc,phases   ] GC(25) Pause Mark Start 0.006ms
[7.901s][info][gc,phases   ] GC(25) Concurrent Mark 15.245ms
[7.901s][info][gc,phases   ] GC(25) Pause Mark End 0.009ms
[7.901s][info][gc,phases   ] GC(25) Concurrent Mark Free 0.001ms
[7.902s][info][gc,phases   ] GC(25) Concurrent Process Non-Strong References 0.679ms
[7.902s][info][gc,phases   ] GC(25) Concurrent Reset Relocation Set 0.001ms
[7.904s][info][gc,phases   ] GC(25) Concurrent Select Relocation Set 2.209ms
[7.904s][info][gc,phases   ] GC(25) Pause Relocate Start 0.005ms
[7.907s][info][gc,phases   ] GC(25) Concurrent Relocate 2.748ms
[7.907s][info][gc,load     ] GC(25) Load: 0.00/0.00/0.00
[7.907s][info][gc,mmu      ] GC(25) MMU: 2ms/99.3%, 5ms/99.6%, 10ms/99.8%, 20ms/99.9%, 50ms/99.9%, 100ms/100.0%
[7.907s][info][gc,marking  ] GC(25) Mark: 2 stripe(s), 2 proactive flush(es), 1 terminate flush(es), 0 completion(s), 0 continuation(s) 
[7.907s][info][gc,marking  ] GC(25) Mark Stack Usage: 32M
[7.907s][info][gc,nmethod  ] GC(25) NMethods: 463 registered, 0 unregistered
[7.907s][info][gc,metaspace] GC(25) Metaspace: 1M used, 1M committed, 1088M reserved
[7.907s][info][gc,ref      ] GC(25) Soft: 181 encountered, 0 discovered, 0 enqueued
[7.907s][info][gc,ref      ] GC(25) Weak: 263 encountered, 229 discovered, 0 enqueued
[7.907s][info][gc,ref      ] GC(25) Final: 0 encountered, 0 discovered, 0 enqueued
[7.907s][info][gc,ref      ] GC(25) Phantom: 7 encountered, 3 discovered, 0 enqueued
[7.907s][info][gc,reloc    ] GC(25) Small Pages: 990 / 1980M, Empty: 0M, Relocated: 1M, In-Place: 0
[7.907s][info][gc,reloc    ] GC(25) Medium Pages: 1 / 32M, Empty: 0M, Relocated: 0M, In-Place: 0
[7.907s][info][gc,reloc    ] GC(25) Large Pages: 0 / 0M, Empty: 0M, Relocated: 0M, In-Place: 0
[7.907s][info][gc,reloc    ] GC(25) Forwarding Usage: 0M
[7.908s][info][gc,heap     ] GC(25) Min Capacity: 4096M(100%)
[7.908s][info][gc,heap     ] GC(25) Max Capacity: 4096M(100%)
[7.908s][info][gc,heap     ] GC(25) Soft Max Capacity: 4096M(100%)
[7.908s][info][gc,heap     ] GC(25)                Mark Start          Mark End        Relocate Start      Relocate End           High               Low         
[7.908s][info][gc,heap     ] GC(25)  Capacity:     4096M (100%)       4096M (100%)       4096M (100%)       4096M (100%)       4096M (100%)       4096M (100%)   
[7.908s][info][gc,heap     ] GC(25)      Free:     2084M (51%)        2082M (51%)        2082M (51%)        2082M (51%)        2084M (51%)        2078M (51%)    
[7.908s][info][gc,heap     ] GC(25)      Used:     2012M (49%)        2014M (49%)        2014M (49%)        2014M (49%)        2018M (49%)        2012M (49%)    
[7.908s][info][gc,heap     ] GC(25)      Live:         -              1804M (44%)        1804M (44%)        1804M (44%)            -                  -          
[7.908s][info][gc,heap     ] GC(25) Allocated:         -                 2M (0%)            2M (0%)            2M (0%)             -                  -          
[7.908s][info][gc,heap     ] GC(25)   Garbage:         -               207M (5%)          207M (5%)          207M (5%)             -                  -          
[7.908s][info][gc,heap     ] GC(25) Reclaimed:         -                  -                 0M (0%)            0M (0%)             -                  -          
[7.908s][info][gc          ] GC(25) Garbage Collection (Timer) 2012M(49%)->2014M(49%)
[8.185s][info][gc,start    ] GC(26) Garbage Collection (Timer)
[8.185s][info][gc,task     ] GC(26) Using 3 workers
[8.185s][info][gc,phases   ] GC(26) Pause Mark Start 0.006ms
[8.203s][info][gc,phases   ] GC(26) Concurrent Mark 17.499ms
[8.203s][info][gc,phases   ] GC(26) Pause Mark End 0.009ms
[8.203s][info][gc,phases   ] GC(26) Concurrent Mark Free 0.001ms
[8.204s][info][gc,phases   ] GC(26) Concurrent Process Non-Strong References 0.596ms
[8.204s][info][gc,phases   ] GC(26) Concurrent Reset Relocation Set 0.001ms
[8.206s][info][gc,phases   ] GC(26) Concurrent Select Relocation Set 2.116ms
[8.206s][info][gc,phases   ] GC(26) Pause Relocate Start 0.004ms
[8.209s][info][gc,phases   ] GC(26) Concurrent Relocate 2.951ms
[8.209s][info][gc,load     ] GC(26) Load: 0.00/0.00/0.00
[8.209s][info][gc,mmu      ] GC(26) MMU: 2ms/99.3%, 5ms/99.6%, 10ms/99.8%, 20ms/99.9%, 50ms/99.9%, 100ms/100.0%
[8.209s][info][gc,marking  ] GC(26) Mark: 2 stripe(s), 1 proactive flush(es), 1 terminate flush(es), 0 completion(s), 0 continuation(s) 
[8.209s][info][gc,marking  ] GC(26) Mark Stack Usage: 32M
[8.209s][info][gc,nmethod  ] GC(26) NMethods: 463 registered, 0 unregistered
[8.209s][info][gc,metaspace] GC(26) Metaspace: 1M used, 1M committed, 1088M reserved
[8.209s][info][gc,ref      ] GC(26) Soft: 181 encountered, 0 discovered, 0 enqueued
[8.209s][info][gc,ref      ] GC(26) Weak: 263 encountered, 190 discovered, 0 enqueued
[8.209s][info][gc,ref      ] GC(26) Final: 0 encountered, 0 discovered, 0 enqueued
[8.209s][info][gc,ref      ] GC(26) Phantom: 7 encountered, 4 discovered, 0 enqueued
[8.209s][info][gc,reloc    ] GC(26) Small Pages: 1013 / 2026M, Empty: 0M, Relocated: 1M, In-Place: 0
[8.209s][info][gc,reloc    ] GC(26) Medium Pages: 1 / 32M, Empty: 0M, Relocated: 0M, In-Place: 0
[8.209s][info][gc,reloc    ] GC(26) Large Pages: 0 / 0M, Empty: 0M, Relocated: 0M, In-Place: 0
[8.210s][info][gc,reloc    ] GC(26) Forwarding Usage: 0M
[8.210s][info][gc,heap     ] GC(26) Min Capacity: 4096M(100%)
[8.210s][info][gc,heap     ] GC(26) Max Capacity: 4096M(100%)
[8.210s][info][gc,heap     ] GC(26) Soft Max Capacity: 4096M(100%)
[8.210s][info][gc,heap     ] GC(26)                Mark Start          Mark End        Relocate Start      Relocate End           High               Low         
[8.210s][info][gc,heap     ] GC(26)  Capacity:     4096M (100%)       4096M (100%)       4096M (100%)       4096M (100%)       4096M (100%)       4096M (100%)   
[8.210s][info][gc,heap     ] GC(26)      Free:     2038M (50%)        2038M (50%)        2038M (50%)        2038M (50%)        2038M (50%)        2034M (50%)    
[8.210s][info][gc,heap     ] GC(26)      Used:     2058M (50%)        2058M (50%)        2058M (50%)        2058M (50%)        2062M (50%)        2058M (50%)    
[8.210s][info][gc,heap     ] GC(26)      Live:         -              1846M (45%)        1846M (45%)        1846M (45%)            -                  -          
[8.210s][info][gc,heap     ] GC(26) Allocated:         -                 0M (0%)            0M (0%)            0M (0%)             -                  -          
[8.210s][info][gc,heap     ] GC(26)   Garbage:         -               211M (5%)          211M (5%)          211M (5%)             -                  -          
[8.210s][info][gc,heap     ] GC(26) Reclaimed:         -                  -                 0M (0%)            0M (0%)             -                  -          
[8.210s][info][gc          ] GC(26) Garbage Collection (Timer) 2058M(50%)->2058M(50%)
[8.484s][info][gc,start    ] GC(27) Garbage Collection (Timer)
[8.485s][info][gc,task     ] GC(27) Using 3 workers
[8.485s][info][gc,phases   ] GC(27) Pause Mark Start 0.006ms
[8.506s][info][gc,phases   ] GC(27) Concurrent Mark 21.416ms
[8.506s][info][gc,phases   ] GC(27) Pause Mark End 0.010ms
[8.506s][info][gc,phases   ] GC(27) Concurrent Mark Free 0.001ms
[8.507s][info][gc,phases   ] GC(27) Concurrent Process Non-Strong References 0.849ms
[8.507s][info][gc,phases   ] GC(27) Concurrent Reset Relocation Set 0.001ms
[8.509s][info][gc,phases   ] GC(27) Concurrent Select Relocation Set 2.147ms
[8.510s][info][gc,phases   ] GC(27) Pause Relocate Start 0.005ms
[8.510s][info][gc,phases   ] GC(27) Concurrent Relocate 0.362ms
[8.510s][info][gc,load     ] GC(27) Load: 0.00/0.00/0.00
[8.510s][info][gc,mmu      ] GC(27) MMU: 2ms/99.3%, 5ms/99.6%, 10ms/99.8%, 20ms/99.9%, 50ms/99.9%, 100ms/100.0%
[8.510s][info][gc,marking  ] GC(27) Mark: 2 stripe(s), 10 proactive flush(es), 1 terminate flush(es), 0 completion(s), 0 continuation(s) 
[8.510s][info][gc,marking  ] GC(27) Mark Stack Usage: 32M
[8.510s][info][gc,nmethod  ] GC(27) NMethods: 463 registered, 0 unregistered
[8.510s][info][gc,metaspace] GC(27) Metaspace: 1M used, 1M committed, 1088M reserved
[8.510s][info][gc,ref      ] GC(27) Soft: 181 encountered, 0 discovered, 0 enqueued
[8.510s][info][gc,ref      ] GC(27) Weak: 263 encountered, 1 discovered, 0 enqueued
[8.510s][info][gc,ref      ] GC(27) Final: 0 encountered, 0 discovered, 0 enqueued
[8.510s][info][gc,ref      ] GC(27) Phantom: 7 encountered, 4 discovered, 0 enqueued
[8.510s][info][gc,reloc    ] GC(27) Small Pages: 1013 / 2026M, Empty: 0M, Relocated: 1M, In-Place: 0
[8.510s][info][gc,reloc    ] GC(27) Medium Pages: 1 / 32M, Empty: 0M, Relocated: 0M, In-Place: 0
[8.510s][info][gc,reloc    ] GC(27) Large Pages: 0 / 0M, Empty: 0M, Relocated: 0M, In-Place: 0
[8.510s][info][gc,reloc    ] GC(27) Forwarding Usage: 0M
[8.511s][info][gc,heap     ] GC(27) Min Capacity: 4096M(100%)
[8.511s][info][gc,heap     ] GC(27) Max Capacity: 4096M(100%)
[8.511s][info][gc,heap     ] GC(27) Soft Max Capacity: 4096M(100%)
[8.511s][info][gc,heap     ] GC(27)                Mark Start          Mark End        Relocate Start      Relocate End           High               Low         
[8.511s][info][gc,heap     ] GC(27)  Capacity:     4096M (100%)       4096M (100%)       4096M (100%)       4096M (100%)       4096M (100%)       4096M (100%)   
[8.511s][info][gc,heap     ] GC(27)      Free:     2038M (50%)        2038M (50%)        2038M (50%)        2038M (50%)        2038M (50%)        2034M (50%)    
[8.511s][info][gc,heap     ] GC(27)      Used:     2058M (50%)        2058M (50%)        2058M (50%)        2058M (50%)        2062M (50%)        2058M (50%)    
[8.511s][info][gc,heap     ] GC(27)      Live:         -              1846M (45%)        1846M (45%)        1846M (45%)            -                  -          
[8.511s][info][gc,heap     ] GC(27) Allocated:         -                 0M (0%)            0M (0%)            0M (0%)             -                  -          
[8.511s][info][gc,heap     ] GC(27)   Garbage:         -               211M (5%)          211M (5%)          211M (5%)             -                  -          
[8.511s][info][gc,heap     ] GC(27) Reclaimed:         -                  -                 0M (0%)            0M (0%)             -                  -          
[8.511s][info][gc          ] GC(27) Garbage Collection (Timer) 2058M(50%)->2058M(50%)
[8.785s][info][gc,start    ] GC(28) Garbage Collection (Timer)
[8.785s][info][gc,task     ] GC(28) Using 3 workers
[8.785s][info][gc,phases   ] GC(28) Pause Mark Start 0.006ms
[8.805s][info][gc,phases   ] GC(28) Concurrent Mark 19.763ms
[8.805s][info][gc,phases   ] GC(28) Pause Mark End 0.009ms
[8.805s][info][gc,phases   ] GC(28) Concurrent Mark Free 0.001ms
[8.806s][info][gc,phases   ] GC(28) Concurrent Process Non-Strong References 0.782ms
[8.806s][info][gc,phases   ] GC(28) Concurrent Reset Relocation Set 0.001ms
[8.808s][info][gc,phases   ] GC(28) Concurrent Select Relocation Set 2.162ms
[8.808s][info][gc,phases   ] GC(28) Pause Relocate Start 0.004ms
[8.809s][info][gc,phases   ] GC(28) Concurrent Relocate 0.323ms
[8.809s][info][gc,load     ] GC(28) Load: 0.00/0.00/0.00
[8.809s][info][gc,mmu      ] GC(28) MMU: 2ms/99.3%, 5ms/99.6%, 10ms/99.8%, 20ms/99.9%, 50ms/99.9%, 100ms/100.0%
[8.809s][info][gc,marking  ] GC(28) Mark: 2 stripe(s), 7 proactive flush(es), 1 terminate flush(es), 0 completion(s), 0 continuation(s) 
[8.809s][info][gc,marking  ] GC(28) Mark Stack Usage: 32M
[8.809s][info][gc,nmethod  ] GC(28) NMethods: 463 registered, 0 unregistered
[8.809s][info][gc,metaspace] GC(28) Metaspace: 1M used, 1M committed, 1088M reserved
[8.809s][info][gc,ref      ] GC(28) Soft: 181 encountered, 0 discovered, 0 enqueued
[8.809s][info][gc,ref      ] GC(28) Weak: 263 encountered, 226 discovered, 0 enqueued
[8.809s][info][gc,ref      ] GC(28) Final: 0 encountered, 0 discovered, 0 enqueued
[8.809s][info][gc,ref      ] GC(28) Phantom: 7 encountered, 4 discovered, 0 enqueued
[8.809s][info][gc,reloc    ] GC(28) Small Pages: 1013 / 2026M, Empty: 0M, Relocated: 1M, In-Place: 0
[8.809s][info][gc,reloc    ] GC(28) Medium Pages: 1 / 32M, Empty: 0M, Relocated: 0M, In-Place: 0
[8.809s][info][gc,reloc    ] GC(28) Large Pages: 0 / 0M, Empty: 0M, Relocated: 0M, In-Place: 0
[8.809s][info][gc,reloc    ] GC(28) Forwarding Usage: 0M
[8.809s][info][gc,heap     ] GC(28) Min Capacity: 4096M(100%)
[8.809s][info][gc,heap     ] GC(28) Max Capacity: 4096M(100%)
[8.809s][info][gc,heap     ] GC(28) Soft Max Capacity: 4096M(100%)
[8.809s][info][gc,heap     ] GC(28)                Mark Start          Mark End        Relocate Start      Relocate End           High               Low         
[8.809s][info][gc,heap     ] GC(28)  Capacity:     4096M (100%)       4096M (100%)       4096M (100%)       4096M (100%)       4096M (100%)       4096M (100%)   
[8.809s][info][gc,heap     ] GC(28)      Free:     2038M (50%)        2038M (50%)        2038M (50%)        2038M (50%)        2038M (50%)        2034M (50%)    
[8.809s][info][gc,heap     ] GC(28)      Used:     2058M (50%)        2058M (50%)        2058M (50%)        2058M (50%)        2062M (50%)        2058M (50%)    
[8.809s][info][gc,heap     ] GC(28)      Live:         -              1846M (45%)        1846M (45%)        1846M (45%)            -                  -          
[8.809s][info][gc,heap     ] GC(28) Allocated:         -                 0M (0%)            0M (0%)            0M (0%)             -                  -          
[8.809s][info][gc,heap     ] GC(28)   Garbage:         -               211M (5%)          211M (5%)          211M (5%)             -                  -          
[8.809s][info][gc,heap     ] GC(28) Reclaimed:         -                  -                 0M (0%)            0M (0%)             -                  -          
[8.809s][info][gc          ] GC(28) Garbage Collection (Timer) 2058M(50%)->2058M(50%)
[9.086s][info][gc,start    ] GC(29) Garbage Collection (Timer)
[9.086s][info][gc,task     ] GC(29) Using 3 workers
[9.086s][info][gc,phases   ] GC(29) Pause Mark Start 0.006ms
[9.103s][info][gc,phases   ] GC(29) Concurrent Mark 16.918ms
[9.103s][info][gc,phases   ] GC(29) Pause Mark End 0.009ms
[9.103s][info][gc,phases   ] GC(29) Concurrent Mark Free 0.001ms
[9.104s][info][gc,phases   ] GC(29) Concurrent Process Non-Strong References 0.816ms
[9.104s][info][gc,phases   ] GC(29) Concurrent Reset Relocation Set 0.001ms
[9.106s][info][gc,phases   ] GC(29) Concurrent Select Relocation Set 2.188ms
[9.106s][info][gc,phases   ] GC(29) Pause Relocate Start 0.006ms
[9.109s][info][gc,phases   ] GC(29) Concurrent Relocate 2.879ms
[9.109s][info][gc,load     ] GC(29) Load: 0.00/0.00/0.00
[9.109s][info][gc,mmu      ] GC(29) MMU: 2ms/99.3%, 5ms/99.6%, 10ms/99.8%, 20ms/99.9%, 50ms/99.9%, 100ms/100.0%
[9.109s][info][gc,marking  ] GC(29) Mark: 2 stripe(s), 10 proactive flush(es), 1 terminate flush(es), 0 completion(s), 0 continuation(s) 
[9.109s][info][gc,marking  ] GC(29) Mark Stack Usage: 32M
[9.109s][info][gc,nmethod  ] GC(29) NMethods: 473 registered, 0 unregistered
[9.109s][info][gc,metaspace] GC(29) Metaspace: 1M used, 1M committed, 1088M reserved
[9.109s][info][gc,ref      ] GC(29) Soft: 181 encountered, 0 discovered, 0 enqueued
[9.109s][info][gc,ref      ] GC(29) Weak: 263 encountered, 0 discovered, 0 enqueued
[9.110s][info][gc,ref      ] GC(29) Final: 0 encountered, 0 discovered, 0 enqueued
[9.110s][info][gc,ref      ] GC(29) Phantom: 7 encountered, 4 discovered, 0 enqueued
[9.110s][info][gc,reloc    ] GC(29) Small Pages: 1013 / 2026M, Empty: 0M, Relocated: 1M, In-Place: 0
[9.110s][info][gc,reloc    ] GC(29) Medium Pages: 1 / 32M, Empty: 0M, Relocated: 0M, In-Place: 0
[9.110s][info][gc,reloc    ] GC(29) Large Pages: 0 / 0M, Empty: 0M, Relocated: 0M, In-Place: 0
[9.110s][info][gc,reloc    ] GC(29) Forwarding Usage: 0M
[9.110s][info][gc,heap     ] GC(29) Min Capacity: 4096M(100%)
[9.110s][info][gc,heap     ] GC(29) Max Capacity: 4096M(100%)
[9.110s][info][gc,heap     ] GC(29) Soft Max Capacity: 4096M(100%)
[9.110s][info][gc,heap     ] GC(29)                Mark Start          Mark End        Relocate Start      Relocate End           High               Low         
[9.110s][info][gc,heap     ] GC(29)  Capacity:     4096M (100%)       4096M (100%)       4096M (100%)       4096M (100%)       4096M (100%)       4096M (100%)   
[9.110s][info][gc,heap     ] GC(29)      Free:     2038M (50%)        2034M (50%)        2034M (50%)        2034M (50%)        2038M (50%)        2030M (50%)    
[9.110s][info][gc,heap     ] GC(29)      Used:     2058M (50%)        2062M (50%)        2062M (50%)        2062M (50%)        2066M (50%)        2058M (50%)    
[9.110s][info][gc,heap     ] GC(29)      Live:         -              1846M (45%)        1846M (45%)        1846M (45%)            -                  -          
[9.110s][info][gc,heap     ] GC(29) Allocated:         -                 4M (0%)            4M (0%)            4M (0%)             -                  -          
[9.110s][info][gc,heap     ] GC(29)   Garbage:         -               211M (5%)          211M (5%)          211M (5%)             -                  -          
[9.110s][info][gc,heap     ] GC(29) Reclaimed:         -                  -                 0M (0%)            0M (0%)             -                  -          
[9.110s][info][gc          ] GC(29) Garbage Collection (Timer) 2058M(50%)->2062M(50%)
[9.385s][info][gc,start    ] GC(30) Garbage Collection (Timer)
[9.385s][info][gc,task     ] GC(30) Using 3 workers
[9.386s][info][gc,phases   ] GC(30) Pause Mark Start 0.006ms
[9.402s][info][gc,phases   ] GC(30) Concurrent Mark 15.932ms
[9.402s][info][gc,phases   ] GC(30) Pause Mark End 0.009ms
[9.402s][info][gc,phases   ] GC(30) Concurrent Mark Free 0.001ms
[9.402s][info][gc,phases   ] GC(30) Concurrent Process Non-Strong References 0.447ms
[9.402s][info][gc,phases   ] GC(30) Concurrent Reset Relocation Set 0.001ms
[9.405s][info][gc,phases   ] GC(30) Concurrent Select Relocation Set 2.255ms
[9.405s][info][gc,phases   ] GC(30) Pause Relocate Start 0.005ms
[9.409s][info][gc,phases   ] GC(30) Concurrent Relocate 3.664ms
[9.409s][info][gc,load     ] GC(30) Load: 0.00/0.00/0.00
[9.409s][info][gc,mmu      ] GC(30) MMU: 2ms/99.3%, 5ms/99.6%, 10ms/99.8%, 20ms/99.9%, 50ms/99.9%, 100ms/100.0%
[9.409s][info][gc,marking  ] GC(30) Mark: 2 stripe(s), 2 proactive flush(es), 1 terminate flush(es), 0 completion(s), 0 continuation(s) 
[9.409s][info][gc,marking  ] GC(30) Mark Stack Usage: 32M
[9.409s][info][gc,nmethod  ] GC(30) NMethods: 473 registered, 0 unregistered
[9.409s][info][gc,metaspace] GC(30) Metaspace: 1M used, 1M committed, 1088M reserved
[9.409s][info][gc,ref      ] GC(30) Soft: 181 encountered, 0 discovered, 0 enqueued
[9.409s][info][gc,ref      ] GC(30) Weak: 263 encountered, 229 discovered, 0 enqueued
[9.409s][info][gc,ref      ] GC(30) Final: 0 encountered, 0 discovered, 0 enqueued
[9.409s][info][gc,ref      ] GC(30) Phantom: 7 encountered, 4 discovered, 0 enqueued
[9.409s][info][gc,reloc    ] GC(30) Small Pages: 1047 / 2094M, Empty: 0M, Relocated: 3M, In-Place: 0
[9.409s][info][gc,reloc    ] GC(30) Medium Pages: 1 / 32M, Empty: 0M, Relocated: 0M, In-Place: 0
[9.409s][info][gc,reloc    ] GC(30) Large Pages: 0 / 0M, Empty: 0M, Relocated: 0M, In-Place: 0
[9.409s][info][gc,reloc    ] GC(30) Forwarding Usage: 0M
[9.409s][info][gc,heap     ] GC(30) Min Capacity: 4096M(100%)
[9.409s][info][gc,heap     ] GC(30) Max Capacity: 4096M(100%)
[9.409s][info][gc,heap     ] GC(30) Soft Max Capacity: 4096M(100%)
[9.409s][info][gc,heap     ] GC(30)                Mark Start          Mark End        Relocate Start      Relocate End           High               Low         
[9.409s][info][gc,heap     ] GC(30)  Capacity:     4096M (100%)       4096M (100%)       4096M (100%)       4096M (100%)       4096M (100%)       4096M (100%)   
[9.409s][info][gc,heap     ] GC(30)      Free:     1970M (48%)        1966M (48%)        1966M (48%)        1968M (48%)        1970M (48%)        1960M (48%)    
[9.409s][info][gc,heap     ] GC(30)      Used:     2126M (52%)        2130M (52%)        2130M (52%)        2128M (52%)        2136M (52%)        2126M (52%)    
[9.409s][info][gc,heap     ] GC(30)      Live:         -              1906M (47%)        1906M (47%)        1906M (47%)            -                  -          
[9.409s][info][gc,heap     ] GC(30) Allocated:         -                 4M (0%)            4M (0%)            3M (0%)             -                  -          
[9.409s][info][gc,heap     ] GC(30)   Garbage:         -               219M (5%)          219M (5%)          217M (5%)             -                  -          
[9.409s][info][gc,heap     ] GC(30) Reclaimed:         -                  -                 0M (0%)            1M (0%)             -                  -          
[9.409s][info][gc          ] GC(30) Garbage Collection (Timer) 2126M(52%)->2128M(52%)
[9.685s][info][gc,start    ] GC(31) Garbage Collection (Timer)
[9.685s][info][gc,task     ] GC(31) Using 3 workers
[9.685s][info][gc,phases   ] GC(31) Pause Mark Start 0.005ms
[9.701s][info][gc,phases   ] GC(31) Concurrent Mark 15.498ms
[9.701s][info][gc,phases   ] GC(31) Pause Mark End 0.010ms
[9.701s][info][gc,phases   ] GC(31) Concurrent Mark Free 0.001ms
[9.702s][info][gc,phases   ] GC(31) Concurrent Process Non-Strong References 0.634ms
[9.702s][info][gc,phases   ] GC(31) Concurrent Reset Relocation Set 0.001ms
[9.705s][info][gc,phases   ] GC(31) Concurrent Select Relocation Set 2.583ms
[9.705s][info][gc,phases   ] GC(31) Pause Relocate Start 0.005ms
[9.707s][info][gc,phases   ] GC(31) Concurrent Relocate 1.910ms
[9.707s][info][gc,load     ] GC(31) Load: 0.00/0.00/0.00
[9.707s][info][gc,mmu      ] GC(31) MMU: 2ms/99.3%, 5ms/99.6%, 10ms/99.8%, 20ms/99.9%, 50ms/99.9%, 100ms/100.0%
[9.707s][info][gc,marking  ] GC(31) Mark: 2 stripe(s), 2 proactive flush(es), 1 terminate flush(es), 0 completion(s), 0 continuation(s) 
[9.707s][info][gc,marking  ] GC(31) Mark Stack Usage: 32M
[9.707s][info][gc,nmethod  ] GC(31) NMethods: 473 registered, 0 unregistered
[9.707s][info][gc,metaspace] GC(31) Metaspace: 1M used, 1M committed, 1088M reserved
[9.707s][info][gc,ref      ] GC(31) Soft: 181 encountered, 0 discovered, 0 enqueued
[9.707s][info][gc,ref      ] GC(31) Weak: 263 encountered, 229 discovered, 0 enqueued
[9.707s][info][gc,ref      ] GC(31) Final: 0 encountered, 0 discovered, 0 enqueued
[9.707s][info][gc,ref      ] GC(31) Phantom: 7 encountered, 3 discovered, 0 enqueued
[9.707s][info][gc,reloc    ] GC(31) Small Pages: 1078 / 2156M, Empty: 0M, Relocated: 1M, In-Place: 0
[9.707s][info][gc,reloc    ] GC(31) Medium Pages: 2 / 64M, Empty: 32M, Relocated: 0M, In-Place: 0
[9.707s][info][gc,reloc    ] GC(31) Large Pages: 0 / 0M, Empty: 0M, Relocated: 0M, In-Place: 0
[9.707s][info][gc,reloc    ] GC(31) Forwarding Usage: 0M
[9.707s][info][gc,heap     ] GC(31) Min Capacity: 4096M(100%)
[9.707s][info][gc,heap     ] GC(31) Max Capacity: 4096M(100%)
[9.707s][info][gc,heap     ] GC(31) Soft Max Capacity: 4096M(100%)
[9.707s][info][gc,heap     ] GC(31)                Mark Start          Mark End        Relocate Start      Relocate End           High               Low         
[9.707s][info][gc,heap     ] GC(31)  Capacity:     4096M (100%)       4096M (100%)       4096M (100%)       4096M (100%)       4096M (100%)       4096M (100%)   
[9.707s][info][gc,heap     ] GC(31)      Free:     1876M (46%)        1874M (46%)        1906M (47%)        1906M (47%)        1906M (47%)        1874M (46%)    
[9.707s][info][gc,heap     ] GC(31)      Used:     2220M (54%)        2222M (54%)        2190M (53%)        2190M (53%)        2222M (54%)        2190M (53%)    
[9.707s][info][gc,heap     ] GC(31)      Live:         -              1965M (48%)        1965M (48%)        1965M (48%)            -                  -          
[9.707s][info][gc,heap     ] GC(31) Allocated:         -                 2M (0%)            2M (0%)            2M (0%)             -                  -          
[9.707s][info][gc,heap     ] GC(31)   Garbage:         -               254M (6%)          222M (5%)          222M (5%)             -                  -          
[9.707s][info][gc,heap     ] GC(31) Reclaimed:         -                  -                32M (1%)           32M (1%)             -                  -          
[9.707s][info][gc          ] GC(31) Garbage Collection (Timer) 2220M(54%)->2190M(53%)
[9.985s][info][gc,start    ] GC(32) Garbage Collection (Timer)
[9.985s][info][gc,task     ] GC(32) Using 3 workers
[9.985s][info][gc,phases   ] GC(32) Pause Mark Start 0.005ms
[10.001s][info][gc,phases   ] GC(32) Concurrent Mark 15.563ms
[10.001s][info][gc,phases   ] GC(32) Pause Mark End 0.009ms
[10.001s][info][gc,phases   ] GC(32) Concurrent Mark Free 0.001ms
[10.002s][info][gc,phases   ] GC(32) Concurrent Process Non-Strong References 0.608ms
[10.002s][info][gc,phases   ] GC(32) Concurrent Reset Relocation Set 0.001ms
[10.004s][info][gc,phases   ] GC(32) Concurrent Select Relocation Set 2.218ms
[10.004s][info][gc,phases   ] GC(32) Pause Relocate Start 0.005ms
[10.006s][info][gc,phases   ] GC(32) Concurrent Relocate 2.277ms
[10.006s][info][gc,load     ] GC(32) Load: 0.00/0.00/0.00
[10.006s][info][gc,mmu      ] GC(32) MMU: 2ms/99.3%, 5ms/99.6%, 10ms/99.8%, 20ms/99.9%, 50ms/99.9%, 100ms/100.0%
[10.006s][info][gc,marking  ] GC(32) Mark: 2 stripe(s), 2 proactive flush(es), 1 terminate flush(es), 0 completion(s), 0 continuation(s) 
[10.006s][info][gc,marking  ] GC(32) Mark Stack Usage: 32M
[10.006s][info][gc,nmethod  ] GC(32) NMethods: 473 registered, 0 unregistered
[10.006s][info][gc,metaspace] GC(32) Metaspace: 1M used, 1M committed, 1088M reserved
[10.006s][info][gc,ref      ] GC(32) Soft: 181 encountered, 0 discovered, 0 enqueued
[10.007s][info][gc,ref      ] GC(32) Weak: 263 encountered, 227 discovered, 0 enqueued
[10.007s][info][gc,ref      ] GC(32) Final: 0 encountered, 0 discovered, 0 enqueued
[10.007s][info][gc,ref      ] GC(32) Phantom: 7 encountered, 3 discovered, 0 enqueued
[10.007s][info][gc,reloc    ] GC(32) Small Pages: 1108 / 2216M, Empty: 0M, Relocated: 1M, In-Place: 0
[10.007s][info][gc,reloc    ] GC(32) Medium Pages: 1 / 32M, Empty: 0M, Relocated: 0M, In-Place: 0
[10.007s][info][gc,reloc    ] GC(32) Large Pages: 0 / 0M, Empty: 0M, Relocated: 0M, In-Place: 0
[10.007s][info][gc,reloc    ] GC(32) Forwarding Usage: 0M
[10.007s][info][gc,heap     ] GC(32) Min Capacity: 4096M(100%)
[10.007s][info][gc,heap     ] GC(32) Max Capacity: 4096M(100%)
[10.007s][info][gc,heap     ] GC(32) Soft Max Capacity: 4096M(100%)
[10.007s][info][gc,heap     ] GC(32)                Mark Start          Mark End        Relocate Start      Relocate End           High               Low         
[10.007s][info][gc,heap     ] GC(32)  Capacity:     4096M (100%)       4096M (100%)       4096M (100%)       4096M (100%)       4096M (100%)       4096M (100%)   
[10.007s][info][gc,heap     ] GC(32)      Free:     1848M (45%)        1846M (45%)        1846M (45%)        1846M (45%)        1848M (45%)        1842M (45%)    
[10.007s][info][gc,heap     ] GC(32)      Used:     2248M (55%)        2250M (55%)        2250M (55%)        2250M (55%)        2254M (55%)        2248M (55%)    
[10.007s][info][gc,heap     ] GC(32)      Live:         -              2020M (49%)        2020M (49%)        2020M (49%)            -                  -          
[10.007s][info][gc,heap     ] GC(32) Allocated:         -                 2M (0%)            2M (0%)            2M (0%)             -                  -          
[10.007s][info][gc,heap     ] GC(32)   Garbage:         -               227M (6%)          227M (6%)          227M (6%)             -                  -          
[10.007s][info][gc,heap     ] GC(32) Reclaimed:         -                  -                 0M (0%)            0M (0%)             -                  -          
[10.007s][info][gc          ] GC(32) Garbage Collection (Timer) 2248M(55%)->2250M(55%)
[10.285s][info][gc,stats    ] === Garbage Collection Statistics =======================================================================================================================
[10.285s][info][gc,start    ] GC(33) Garbage Collection (Timer)
[10.285s][info][gc,stats    ]                                                              Last 10s              Last 10m              Last 10h                Total
[10.285s][info][gc,task     ] GC(33) Using 3 workers
[10.285s][info][gc,stats    ]                                                              Avg / Max             Avg / Max             Avg / Max             Avg / Max
[10.285s][info][gc,stats    ]   Collector: Garbage Collection Cycle                     21.659 / 37.509       21.659 / 37.509       21.659 / 37.509       21.659 / 37.509      ms
[10.285s][info][gc,phases   ] GC(33) Pause Mark Start 0.005ms
[10.285s][info][gc,stats    ]  Contention: Mark Segment Reset Contention                     2 / 6                 2 / 6                 2 / 6                 2 / 6           ops/s
[10.285s][info][gc,stats    ]  Contention: Mark SeqNum Reset Contention                      0 / 2                 0 / 2                 0 / 2                 0 / 2           ops/s
[10.285s][info][gc,stats    ]    Critical: Allocation Stall                                  0 / 0                 0 / 0                 0 / 0                 0 / 0           ops/s
[10.285s][info][gc,stats    ]    Critical: Allocation Stall                              0.000 / 0.000         0.000 / 0.000         0.000 / 0.000         0.000 / 0.000       ms
[10.285s][info][gc,stats    ]    Critical: GC Locker Stall                                   0 / 0                 0 / 0                 0 / 0                 0 / 0           ops/s
[10.285s][info][gc,stats    ]    Critical: GC Locker Stall                               0.000 / 0.000         0.000 / 0.000         0.000 / 0.000         0.000 / 0.000       ms
[10.285s][info][gc,stats    ]    Critical: Relocation Stall                                  0 / 0                 0 / 0                 0 / 0                 0 / 0           ops/s
[10.285s][info][gc,stats    ]    Critical: Relocation Stall                              0.000 / 0.000         0.000 / 0.000         0.000 / 0.000         0.000 / 0.000       ms
[10.285s][info][gc,stats    ]      Memory: Allocation Rate                                 239 / 672             239 / 672             239 / 672             239 / 672         MB/s
[10.285s][info][gc,stats    ]      Memory: Out Of Memory                                     0 / 0                 0 / 0                 0 / 0                 0 / 0           ops/s
[10.285s][info][gc,stats    ]      Memory: Page Cache Flush                                  0 / 0                 0 / 0                 0 / 0                 0 / 0           MB/s
[10.286s][info][gc,stats    ]      Memory: Page Cache Hit L1                                10 / 13               10 / 13               10 / 13               10 / 13          ops/s
[10.286s][info][gc,stats    ]      Memory: Page Cache Hit L2                                 0 / 0                 0 / 0                 0 / 0                 0 / 0           ops/s
[10.286s][info][gc,stats    ]      Memory: Page Cache Hit L3                               113 / 334             113 / 334             113 / 334             113 / 334         ops/s
[10.286s][info][gc,stats    ]      Memory: Page Cache Miss                                   0 / 1                 0 / 1                 0 / 1                 0 / 1           ops/s
[10.286s][info][gc,stats    ]      Memory: Uncommit                                          0 / 0                 0 / 0                 0 / 0                 0 / 0           MB/s
[10.286s][info][gc,stats    ]      Memory: Undo Object Allocation Failed                     0 / 0                 0 / 0                 0 / 0                 0 / 0           ops/s
[10.286s][info][gc,stats    ]      Memory: Undo Object Allocation Succeeded                  0 / 1                 0 / 1                 0 / 1                 0 / 1           ops/s
[10.286s][info][gc,stats    ]      Memory: Undo Page Allocation                              0 / 0                 0 / 0                 0 / 0                 0 / 0           ops/s
[10.286s][info][gc,stats    ]       Phase: Concurrent Mark                              15.147 / 25.429       15.147 / 25.429       15.147 / 25.429       15.147 / 25.429      ms
[10.286s][info][gc,stats    ]       Phase: Concurrent Mark Continue                      0.000 / 0.000         0.000 / 0.000         0.000 / 0.000         0.000 / 0.000       ms
[10.286s][info][gc,stats    ]       Phase: Concurrent Mark Free                          0.001 / 0.001         0.001 / 0.001         0.001 / 0.001         0.001 / 0.001       ms
[10.286s][info][gc,stats    ]       Phase: Concurrent Process Non-Strong References      0.603 / 0.907         0.603 / 0.907         0.603 / 0.907         0.603 / 0.907       ms
[10.286s][info][gc,stats    ]       Phase: Concurrent Relocate                           2.449 / 7.092         2.449 / 7.092         2.449 / 7.092         2.449 / 7.092       ms
[10.286s][info][gc,stats    ]       Phase: Concurrent Reset Relocation Set               0.001 / 0.001         0.001 / 0.001         0.001 / 0.001         0.001 / 0.001       ms
[10.286s][info][gc,stats    ]       Phase: Concurrent Select Relocation Set              2.507 / 9.147         2.507 / 9.147         2.507 / 9.147         2.507 / 9.147       ms
[10.286s][info][gc,stats    ]       Phase: Pause Mark End                                0.009 / 0.014         0.009 / 0.014         0.009 / 0.014         0.009 / 0.014       ms
[10.286s][info][gc,stats    ]       Phase: Pause Mark Start                              0.006 / 0.006         0.006 / 0.006         0.006 / 0.006         0.006 / 0.006       ms
[10.286s][info][gc,stats    ]       Phase: Pause Relocate Start                          0.005 / 0.007         0.005 / 0.007         0.005 / 0.007         0.005 / 0.007       ms
[10.286s][info][gc,stats    ]    Subphase: Concurrent Classes Purge                      0.061 / 0.129         0.061 / 0.129         0.061 / 0.129         0.061 / 0.129       ms
[10.286s][info][gc,stats    ]    Subphase: Concurrent Classes Unlink                     0.216 / 0.298         0.216 / 0.298         0.216 / 0.298         0.216 / 0.298       ms
[10.286s][info][gc,stats    ]    Subphase: Concurrent Mark                              14.166 / 24.809       14.166 / 24.809       14.166 / 24.809       14.166 / 24.809      ms
[10.286s][info][gc,stats    ]    Subphase: Concurrent Mark Try Flush                     0.409 / 6.214         0.409 / 6.214         0.409 / 6.214         0.409 / 6.214       ms
[10.286s][info][gc,stats    ]    Subphase: Concurrent Mark Try Terminate                 1.139 / 2.409         1.139 / 2.409         1.139 / 2.409         1.139 / 2.409       ms
[10.286s][info][gc,stats    ]    Subphase: Concurrent References Enqueue                 0.000 / 0.003         0.000 / 0.003         0.000 / 0.003         0.000 / 0.003       ms
[10.286s][info][gc,stats    ]    Subphase: Concurrent References Process                 0.086 / 0.318         0.086 / 0.318         0.086 / 0.318         0.086 / 0.318       ms
[10.286s][info][gc,stats    ]    Subphase: Concurrent Roots ClassLoaderDataGraph         0.042 / 0.263         0.042 / 0.263         0.042 / 0.263         0.042 / 0.263       ms
[10.286s][info][gc,stats    ]    Subphase: Concurrent Roots CodeCache                    0.000 / 0.000         0.000 / 0.000         0.000 / 0.000         0.000 / 0.000       ms
[10.287s][info][gc,stats    ]    Subphase: Concurrent Roots JavaThreads                  0.164 / 0.485         0.164 / 0.485         0.164 / 0.485         0.164 / 0.485       ms
[10.287s][info][gc,stats    ]    Subphase: Concurrent Roots OopStorageSet                0.015 / 0.092         0.015 / 0.092         0.015 / 0.092         0.015 / 0.092       ms
[10.287s][info][gc,stats    ]    Subphase: Concurrent Weak Roots OopStorageSet           0.092 / 0.230         0.092 / 0.230         0.092 / 0.230         0.092 / 0.230       ms
[10.287s][info][gc,stats    ]    Subphase: Pause Mark Try Complete                       0.000 / 0.000         0.000 / 0.000         0.000 / 0.000         0.000 / 0.000       ms
[10.287s][info][gc,stats    ]      System: Java Threads                                     13 / 14               13 / 14               13 / 14               13 / 14          threads
[10.287s][info][gc,stats    ] =========================================================================================================================================================
[10.302s][info][gc,phases   ] GC(33) Concurrent Mark 16.410ms
[10.302s][info][gc,phases   ] GC(33) Pause Mark End 0.010ms
[10.302s][info][gc,phases   ] GC(33) Concurrent Mark Free 0.001ms
[10.302s][info][gc,phases   ] GC(33) Concurrent Process Non-Strong References 0.586ms
[10.303s][info][gc,phases   ] GC(33) Concurrent Reset Relocation Set 0.001ms
[10.305s][info][gc,phases   ] GC(33) Concurrent Select Relocation Set 2.716ms
[10.305s][info][gc,phases   ] GC(33) Pause Relocate Start 0.007ms
[10.312s][info][gc,phases   ] GC(33) Concurrent Relocate 6.594ms
[10.312s][info][gc,load     ] GC(33) Load: 0.00/0.00/0.00
[10.312s][info][gc,mmu      ] GC(33) MMU: 2ms/99.3%, 5ms/99.6%, 10ms/99.8%, 20ms/99.9%, 50ms/99.9%, 100ms/100.0%
[10.312s][info][gc,marking  ] GC(33) Mark: 2 stripe(s), 2 proactive flush(es), 1 terminate flush(es), 0 completion(s), 0 continuation(s) 
[10.312s][info][gc,marking  ] GC(33) Mark Stack Usage: 32M
[10.312s][info][gc,nmethod  ] GC(33) NMethods: 473 registered, 0 unregistered
[10.312s][info][gc,metaspace] GC(33) Metaspace: 1M used, 1M committed, 1088M reserved
[10.312s][info][gc,ref      ] GC(33) Soft: 181 encountered, 0 discovered, 0 enqueued
[10.312s][info][gc,ref      ] GC(33) Weak: 263 encountered, 227 discovered, 0 enqueued
[10.312s][info][gc,ref      ] GC(33) Final: 0 encountered, 0 discovered, 0 enqueued
[10.312s][info][gc,ref      ] GC(33) Phantom: 7 encountered, 3 discovered, 0 enqueued
[10.312s][info][gc,reloc    ] GC(33) Small Pages: 1136 / 2272M, Empty: 0M, Relocated: 6M, In-Place: 0
[10.312s][info][gc,reloc    ] GC(33) Medium Pages: 1 / 32M, Empty: 0M, Relocated: 0M, In-Place: 0
[10.312s][info][gc,reloc    ] GC(33) Large Pages: 0 / 0M, Empty: 0M, Relocated: 0M, In-Place: 0
[10.313s][info][gc,reloc    ] GC(33) Forwarding Usage: 0M
[10.313s][info][gc,heap     ] GC(33) Min Capacity: 4096M(100%)
[10.313s][info][gc,heap     ] GC(33) Max Capacity: 4096M(100%)
[10.313s][info][gc,heap     ] GC(33) Soft Max Capacity: 4096M(100%)
[10.313s][info][gc,heap     ] GC(33)                Mark Start          Mark End        Relocate Start      Relocate End           High               Low         
[10.313s][info][gc,heap     ] GC(33)  Capacity:     4096M (100%)       4096M (100%)       4096M (100%)       4096M (100%)       4096M (100%)       4096M (100%)   
[10.313s][info][gc,heap     ] GC(33)      Free:     1792M (44%)        1790M (44%)        1790M (44%)        1792M (44%)        1792M (44%)        1784M (44%)    
[10.313s][info][gc,heap     ] GC(33)      Used:     2304M (56%)        2306M (56%)        2306M (56%)        2304M (56%)        2312M (56%)        2304M (56%)    
[10.313s][info][gc,heap     ] GC(33)      Live:         -              2069M (51%)        2069M (51%)        2069M (51%)            -                  -          
[10.313s][info][gc,heap     ] GC(33) Allocated:         -                 2M (0%)            2M (0%)            1M (0%)             -                  -          
[10.313s][info][gc,heap     ] GC(33)   Garbage:         -               234M (6%)          234M (6%)          232M (6%)             -                  -          
[10.313s][info][gc,heap     ] GC(33) Reclaimed:         -                  -                 0M (0%)            1M (0%)             -                  -          
[10.313s][info][gc          ] GC(33) Garbage Collection (Timer) 2304M(56%)->2304M(56%)
[10.584s][info][gc,start    ] GC(34) Garbage Collection (Timer)
[10.585s][info][gc,task     ] GC(34) Using 3 workers
[10.585s][info][gc,phases   ] GC(34) Pause Mark Start 0.006ms
[10.601s][info][gc,phases   ] GC(34) Concurrent Mark 15.877ms
[10.601s][info][gc,phases   ] GC(34) Pause Mark End 0.010ms
[10.601s][info][gc,phases   ] GC(34) Concurrent Mark Free 0.001ms
[10.602s][info][gc,phases   ] GC(34) Concurrent Process Non-Strong References 1.356ms
[10.602s][info][gc,phases   ] GC(34) Concurrent Reset Relocation Set 0.001ms
[10.605s][info][gc,phases   ] GC(34) Concurrent Select Relocation Set 2.245ms
[10.605s][info][gc,phases   ] GC(34) Pause Relocate Start 0.006ms
[10.607s][info][gc,phases   ] GC(34) Concurrent Relocate 1.946ms
[10.607s][info][gc,load     ] GC(34) Load: 0.00/0.00/0.00
[10.607s][info][gc,mmu      ] GC(34) MMU: 2ms/99.3%, 5ms/99.6%, 10ms/99.8%, 20ms/99.9%, 50ms/99.9%, 100ms/100.0%
[10.607s][info][gc,marking  ] GC(34) Mark: 2 stripe(s), 2 proactive flush(es), 1 terminate flush(es), 0 completion(s), 0 continuation(s) 
[10.607s][info][gc,marking  ] GC(34) Mark Stack Usage: 32M
[10.607s][info][gc,nmethod  ] GC(34) NMethods: 473 registered, 0 unregistered
[10.607s][info][gc,metaspace] GC(34) Metaspace: 1M used, 1M committed, 1088M reserved
[10.607s][info][gc,ref      ] GC(34) Soft: 181 encountered, 0 discovered, 0 enqueued
[10.607s][info][gc,ref      ] GC(34) Weak: 263 encountered, 229 discovered, 0 enqueued
[10.607s][info][gc,ref      ] GC(34) Final: 0 encountered, 0 discovered, 0 enqueued
[10.607s][info][gc,ref      ] GC(34) Phantom: 7 encountered, 4 discovered, 0 enqueued
[10.608s][info][gc,reloc    ] GC(34) Small Pages: 1161 / 2322M, Empty: 0M, Relocated: 1M, In-Place: 0
[10.608s][info][gc,reloc    ] GC(34) Medium Pages: 1 / 32M, Empty: 0M, Relocated: 0M, In-Place: 0
[10.608s][info][gc,reloc    ] GC(34) Large Pages: 0 / 0M, Empty: 0M, Relocated: 0M, In-Place: 0
[10.608s][info][gc,reloc    ] GC(34) Forwarding Usage: 0M
[10.608s][info][gc,heap     ] GC(34) Min Capacity: 4096M(100%)
[10.608s][info][gc,heap     ] GC(34) Max Capacity: 4096M(100%)
[10.608s][info][gc,heap     ] GC(34) Soft Max Capacity: 4096M(100%)
[10.608s][info][gc,heap     ] GC(34)                Mark Start          Mark End        Relocate Start      Relocate End           High               Low         
[10.608s][info][gc,heap     ] GC(34)  Capacity:     4096M (100%)       4096M (100%)       4096M (100%)       4096M (100%)       4096M (100%)       4096M (100%)   
[10.608s][info][gc,heap     ] GC(34)      Free:     1742M (43%)        1740M (42%)        1740M (42%)        1740M (42%)        1742M (43%)        1734M (42%)    
[10.608s][info][gc,heap     ] GC(34)      Used:     2354M (57%)        2356M (58%)        2356M (58%)        2356M (58%)        2362M (58%)        2354M (57%)    
[10.608s][info][gc,heap     ] GC(34)      Live:         -              2116M (52%)        2116M (52%)        2116M (52%)            -                  -          
[10.608s][info][gc,heap     ] GC(34) Allocated:         -                 2M (0%)            2M (0%)            2M (0%)             -                  -          
[10.608s][info][gc,heap     ] GC(34)   Garbage:         -               237M (6%)          237M (6%)          237M (6%)             -                  -          
[10.608s][info][gc,heap     ] GC(34) Reclaimed:         -                  -                 0M (0%)            0M (0%)             -                  -          
[10.608s][info][gc          ] GC(34) Garbage Collection (Timer) 2354M(57%)->2356M(58%)
[10.885s][info][gc,start    ] GC(35) Garbage Collection (Timer)
[10.885s][info][gc,task     ] GC(35) Using 3 workers
[10.885s][info][gc,phases   ] GC(35) Pause Mark Start 0.006ms
[10.902s][info][gc,phases   ] GC(35) Concurrent Mark 16.567ms
[10.902s][info][gc,phases   ] GC(35) Pause Mark End 0.009ms
[10.902s][info][gc,phases   ] GC(35) Concurrent Mark Free 0.001ms
[10.902s][info][gc,phases   ] GC(35) Concurrent Process Non-Strong References 0.557ms
[10.902s][info][gc,phases   ] GC(35) Concurrent Reset Relocation Set 0.001ms
[10.905s][info][gc,phases   ] GC(35) Concurrent Select Relocation Set 2.336ms
[10.905s][info][gc,phases   ] GC(35) Pause Relocate Start 0.006ms
[10.906s][info][gc,phases   ] GC(35) Concurrent Relocate 1.260ms
[10.907s][info][gc,load     ] GC(35) Load: 0.00/0.00/0.00
[10.907s][info][gc,mmu      ] GC(35) MMU: 2ms/99.3%, 5ms/99.6%, 10ms/99.8%, 20ms/99.9%, 50ms/99.9%, 100ms/100.0%
[10.907s][info][gc,marking  ] GC(35) Mark: 2 stripe(s), 2 proactive flush(es), 1 terminate flush(es), 0 completion(s), 0 continuation(s) 
[10.907s][info][gc,marking  ] GC(35) Mark Stack Usage: 32M
[10.907s][info][gc,nmethod  ] GC(35) NMethods: 473 registered, 0 unregistered
[10.907s][info][gc,metaspace] GC(35) Metaspace: 1M used, 1M committed, 1088M reserved
[10.907s][info][gc,ref      ] GC(35) Soft: 181 encountered, 0 discovered, 0 enqueued
[10.907s][info][gc,ref      ] GC(35) Weak: 263 encountered, 229 discovered, 0 enqueued
[10.907s][info][gc,ref      ] GC(35) Final: 0 encountered, 0 discovered, 0 enqueued
[10.907s][info][gc,ref      ] GC(35) Phantom: 7 encountered, 4 discovered, 0 enqueued
[10.907s][info][gc,reloc    ] GC(35) Small Pages: 1186 / 2372M, Empty: 0M, Relocated: 1M, In-Place: 0
[10.907s][info][gc,reloc    ] GC(35) Medium Pages: 1 / 32M, Empty: 0M, Relocated: 0M, In-Place: 0
[10.907s][info][gc,reloc    ] GC(35) Large Pages: 0 / 0M, Empty: 0M, Relocated: 0M, In-Place: 0
[10.907s][info][gc,reloc    ] GC(35) Forwarding Usage: 0M
[10.907s][info][gc,heap     ] GC(35) Min Capacity: 4096M(100%)
[10.907s][info][gc,heap     ] GC(35) Max Capacity: 4096M(100%)
[10.907s][info][gc,heap     ] GC(35) Soft Max Capacity: 4096M(100%)
[10.907s][info][gc,heap     ] GC(35)                Mark Start          Mark End        Relocate Start      Relocate End           High               Low         
[10.907s][info][gc,heap     ] GC(35)  Capacity:     4096M (100%)       4096M (100%)       4096M (100%)       4096M (100%)       4096M (100%)       4096M (100%)   
[10.907s][info][gc,heap     ] GC(35)      Free:     1692M (41%)        1690M (41%)        1690M (41%)        1690M (41%)        1692M (41%)        1684M (41%)    
[10.907s][info][gc,heap     ] GC(35)      Used:     2404M (59%)        2406M (59%)        2406M (59%)        2406M (59%)        2412M (59%)        2404M (59%)    
[10.907s][info][gc,heap     ] GC(35)      Live:         -              2161M (53%)        2161M (53%)        2161M (53%)            -                  -          
[10.907s][info][gc,heap     ] GC(35) Allocated:         -                 2M (0%)            2M (0%)            2M (0%)             -                  -          
[10.907s][info][gc,heap     ] GC(35)   Garbage:         -               242M (6%)          242M (6%)          242M (6%)             -                  -          
[10.907s][info][gc,heap     ] GC(35) Reclaimed:         -                  -                 0M (0%)            0M (0%)             -                  -          
[10.907s][info][gc          ] GC(35) Garbage Collection (Timer) 2404M(59%)->2406M(59%)
[11.185s][info][gc,start    ] GC(36) Garbage Collection (Timer)
[11.185s][info][gc,task     ] GC(36) Using 3 workers
[11.186s][info][gc,phases   ] GC(36) Pause Mark Start 0.006ms
[11.202s][info][gc,phases   ] GC(36) Concurrent Mark 16.818ms
[11.203s][info][gc,phases   ] GC(36) Pause Mark End 0.009ms
[11.203s][info][gc,phases   ] GC(36) Concurrent Mark Free 0.001ms
[11.204s][info][gc,phases   ] GC(36) Concurrent Process Non-Strong References 0.882ms
[11.204s][info][gc,phases   ] GC(36) Concurrent Reset Relocation Set 0.001ms
[11.206s][info][gc,phases   ] GC(36) Concurrent Select Relocation Set 2.578ms
[11.206s][info][gc,phases   ] GC(36) Pause Relocate Start 0.006ms
[11.211s][info][gc,phases   ] GC(36) Concurrent Relocate 4.528ms
[11.211s][info][gc,load     ] GC(36) Load: 0.00/0.00/0.00
[11.211s][info][gc,mmu      ] GC(36) MMU: 2ms/99.3%, 5ms/99.6%, 10ms/99.8%, 20ms/99.9%, 50ms/99.9%, 100ms/100.0%
[11.211s][info][gc,marking  ] GC(36) Mark: 2 stripe(s), 2 proactive flush(es), 1 terminate flush(es), 0 completion(s), 0 continuation(s) 
[11.211s][info][gc,marking  ] GC(36) Mark Stack Usage: 32M
[11.211s][info][gc,nmethod  ] GC(36) NMethods: 473 registered, 0 unregistered
[11.211s][info][gc,metaspace] GC(36) Metaspace: 1M used, 1M committed, 1088M reserved
[11.211s][info][gc,ref      ] GC(36) Soft: 181 encountered, 0 discovered, 0 enqueued
[11.211s][info][gc,ref      ] GC(36) Weak: 263 encountered, 229 discovered, 0 enqueued
[11.211s][info][gc,ref      ] GC(36) Final: 0 encountered, 0 discovered, 0 enqueued
[11.211s][info][gc,ref      ] GC(36) Phantom: 7 encountered, 2 discovered, 0 enqueued
[11.211s][info][gc,reloc    ] GC(36) Small Pages: 1211 / 2422M, Empty: 0M, Relocated: 3M, In-Place: 0
[11.211s][info][gc,reloc    ] GC(36) Medium Pages: 1 / 32M, Empty: 0M, Relocated: 0M, In-Place: 0
[11.211s][info][gc,reloc    ] GC(36) Large Pages: 0 / 0M, Empty: 0M, Relocated: 0M, In-Place: 0
[11.211s][info][gc,reloc    ] GC(36) Forwarding Usage: 0M
[11.211s][info][gc,heap     ] GC(36) Min Capacity: 4096M(100%)
[11.211s][info][gc,heap     ] GC(36) Max Capacity: 4096M(100%)
[11.211s][info][gc,heap     ] GC(36) Soft Max Capacity: 4096M(100%)
[11.212s][info][gc,heap     ] GC(36)                Mark Start          Mark End        Relocate Start      Relocate End           High               Low         
[11.212s][info][gc,heap     ] GC(36)  Capacity:     4096M (100%)       4096M (100%)       4096M (100%)       4096M (100%)       4096M (100%)       4096M (100%)   
[11.212s][info][gc,heap     ] GC(36)      Free:     1642M (40%)        1640M (40%)        1640M (40%)        1644M (40%)        1644M (40%)        1634M (40%)    
[11.212s][info][gc,heap     ] GC(36)      Used:     2454M (60%)        2456M (60%)        2456M (60%)        2452M (60%)        2462M (60%)        2452M (60%)    
[11.212s][info][gc,heap     ] GC(36)      Live:         -              2206M (54%)        2206M (54%)        2206M (54%)            -                  -          
[11.212s][info][gc,heap     ] GC(36) Allocated:         -                 2M (0%)            2M (0%)            1M (0%)             -                  -          
[11.212s][info][gc,heap     ] GC(36)   Garbage:         -               247M (6%)          247M (6%)          243M (6%)             -                  -          
[11.212s][info][gc,heap     ] GC(36) Reclaimed:         -                  -                 0M (0%)            3M (0%)             -                  -          
[11.212s][info][gc          ] GC(36) Garbage Collection (Timer) 2454M(60%)->2452M(60%)
[11.485s][info][gc,start    ] GC(37) Garbage Collection (Timer)
[11.485s][info][gc,task     ] GC(37) Using 3 workers
[11.485s][info][gc,phases   ] GC(37) Pause Mark Start 0.005ms
[11.503s][info][gc,phases   ] GC(37) Concurrent Mark 18.575ms
[11.504s][info][gc,phases   ] GC(37) Pause Mark End 0.010ms
[11.504s][info][gc,phases   ] GC(37) Concurrent Mark Free 0.001ms
[11.504s][info][gc,phases   ] GC(37) Concurrent Process Non-Strong References 0.545ms
[11.504s][info][gc,phases   ] GC(37) Concurrent Reset Relocation Set 0.001ms
[11.507s][info][gc,phases   ] GC(37) Concurrent Select Relocation Set 2.290ms
[11.507s][info][gc,phases   ] GC(37) Pause Relocate Start 0.005ms
[11.509s][info][gc,phases   ] GC(37) Concurrent Relocate 2.511ms
[11.509s][info][gc,load     ] GC(37) Load: 0.00/0.00/0.00
[11.509s][info][gc,mmu      ] GC(37) MMU: 2ms/99.3%, 5ms/99.6%, 10ms/99.8%, 20ms/99.9%, 50ms/99.9%, 100ms/100.0%
[11.509s][info][gc,marking  ] GC(37) Mark: 2 stripe(s), 2 proactive flush(es), 1 terminate flush(es), 0 completion(s), 0 continuation(s) 
[11.509s][info][gc,marking  ] GC(37) Mark Stack Usage: 32M
[11.510s][info][gc,nmethod  ] GC(37) NMethods: 473 registered, 0 unregistered
[11.510s][info][gc,metaspace] GC(37) Metaspace: 1M used, 1M committed, 1088M reserved
[11.510s][info][gc,ref      ] GC(37) Soft: 181 encountered, 0 discovered, 0 enqueued
[11.510s][info][gc,ref      ] GC(37) Weak: 263 encountered, 226 discovered, 0 enqueued
[11.510s][info][gc,ref      ] GC(37) Final: 0 encountered, 0 discovered, 0 enqueued
[11.510s][info][gc,ref      ] GC(37) Phantom: 7 encountered, 4 discovered, 0 enqueued
[11.510s][info][gc,reloc    ] GC(37) Small Pages: 1236 / 2472M, Empty: 0M, Relocated: 1M, In-Place: 0
[11.510s][info][gc,reloc    ] GC(37) Medium Pages: 1 / 32M, Empty: 0M, Relocated: 0M, In-Place: 0
[11.510s][info][gc,reloc    ] GC(37) Large Pages: 0 / 0M, Empty: 0M, Relocated: 0M, In-Place: 0
[11.510s][info][gc,reloc    ] GC(37) Forwarding Usage: 0M
[11.510s][info][gc,heap     ] GC(37) Min Capacity: 4096M(100%)
[11.510s][info][gc,heap     ] GC(37) Max Capacity: 4096M(100%)
[11.510s][info][gc,heap     ] GC(37) Soft Max Capacity: 4096M(100%)
[11.510s][info][gc,heap     ] GC(37)                Mark Start          Mark End        Relocate Start      Relocate End           High               Low         
[11.510s][info][gc,heap     ] GC(37)  Capacity:     4096M (100%)       4096M (100%)       4096M (100%)       4096M (100%)       4096M (100%)       4096M (100%)   
[11.510s][info][gc,heap     ] GC(37)      Free:     1592M (39%)        1590M (39%)        1590M (39%)        1590M (39%)        1592M (39%)        1584M (39%)    
[11.510s][info][gc,heap     ] GC(37)      Used:     2504M (61%)        2506M (61%)        2506M (61%)        2506M (61%)        2512M (61%)        2504M (61%)    
[11.510s][info][gc,heap     ] GC(37)      Live:         -              2254M (55%)        2254M (55%)        2254M (55%)            -                  -          
[11.510s][info][gc,heap     ] GC(37) Allocated:         -                 2M (0%)            2M (0%)            2M (0%)             -                  -          
[11.510s][info][gc,heap     ] GC(37)   Garbage:         -               249M (6%)          249M (6%)          249M (6%)             -                  -          
[11.510s][info][gc,heap     ] GC(37) Reclaimed:         -                  -                 0M (0%)            0M (0%)             -                  -          
[11.510s][info][gc          ] GC(37) Garbage Collection (Timer) 2504M(61%)->2506M(61%)
[11.785s][info][gc,start    ] GC(38) Garbage Collection (Timer)
[11.785s][info][gc,task     ] GC(38) Using 3 workers
[11.785s][info][gc,phases   ] GC(38) Pause Mark Start 0.006ms
[11.803s][info][gc,phases   ] GC(38) Concurrent Mark 17.890ms
[11.803s][info][gc,phases   ] GC(38) Pause Mark End 0.010ms
[11.803s][info][gc,phases   ] GC(38) Concurrent Mark Free 0.001ms
[11.804s][info][gc,phases   ] GC(38) Concurrent Process Non-Strong References 0.899ms
[11.804s][info][gc,phases   ] GC(38) Concurrent Reset Relocation Set 0.001ms
[11.806s][info][gc,phases   ] GC(38) Concurrent Select Relocation Set 2.259ms
[11.807s][info][gc,phases   ] GC(38) Pause Relocate Start 0.005ms
[11.809s][info][gc,phases   ] GC(38) Concurrent Relocate 2.405ms
[11.809s][info][gc,load     ] GC(38) Load: 0.00/0.00/0.00
[11.809s][info][gc,mmu      ] GC(38) MMU: 2ms/99.3%, 5ms/99.6%, 10ms/99.8%, 20ms/99.9%, 50ms/99.9%, 100ms/100.0%
[11.809s][info][gc,marking  ] GC(38) Mark: 2 stripe(s), 2 proactive flush(es), 1 terminate flush(es), 0 completion(s), 0 continuation(s) 
[11.809s][info][gc,marking  ] GC(38) Mark Stack Usage: 32M
[11.809s][info][gc,nmethod  ] GC(38) NMethods: 473 registered, 0 unregistered
[11.809s][info][gc,metaspace] GC(38) Metaspace: 1M used, 1M committed, 1088M reserved
[11.809s][info][gc,ref      ] GC(38) Soft: 181 encountered, 0 discovered, 0 enqueued
[11.809s][info][gc,ref      ] GC(38) Weak: 263 encountered, 229 discovered, 0 enqueued
[11.809s][info][gc,ref      ] GC(38) Final: 0 encountered, 0 discovered, 0 enqueued
[11.809s][info][gc,ref      ] GC(38) Phantom: 7 encountered, 4 discovered, 0 enqueued
[11.809s][info][gc,reloc    ] GC(38) Small Pages: 1264 / 2528M, Empty: 0M, Relocated: 1M, In-Place: 0
[11.809s][info][gc,reloc    ] GC(38) Medium Pages: 1 / 32M, Empty: 0M, Relocated: 0M, In-Place: 0
[11.809s][info][gc,reloc    ] GC(38) Large Pages: 0 / 0M, Empty: 0M, Relocated: 0M, In-Place: 0
[11.809s][info][gc,reloc    ] GC(38) Forwarding Usage: 0M
[11.810s][info][gc,heap     ] GC(38) Min Capacity: 4096M(100%)
[11.810s][info][gc,heap     ] GC(38) Max Capacity: 4096M(100%)
[11.810s][info][gc,heap     ] GC(38) Soft Max Capacity: 4096M(100%)
[11.810s][info][gc,heap     ] GC(38)                Mark Start          Mark End        Relocate Start      Relocate End           High               Low         
[11.810s][info][gc,heap     ] GC(38)  Capacity:     4096M (100%)       4096M (100%)       4096M (100%)       4096M (100%)       4096M (100%)       4096M (100%)   
[11.810s][info][gc,heap     ] GC(38)      Free:     1536M (38%)        1534M (37%)        1534M (37%)        1534M (37%)        1536M (38%)        1528M (37%)    
[11.810s][info][gc,heap     ] GC(38)      Used:     2560M (62%)        2562M (63%)        2562M (63%)        2562M (63%)        2568M (63%)        2560M (62%)    
[11.810s][info][gc,heap     ] GC(38)      Live:         -              2305M (56%)        2305M (56%)        2305M (56%)            -                  -          
[11.810s][info][gc,heap     ] GC(38) Allocated:         -                 2M (0%)            2M (0%)            2M (0%)             -                  -          
[11.810s][info][gc,heap     ] GC(38)   Garbage:         -               254M (6%)          254M (6%)          254M (6%)             -                  -          
[11.810s][info][gc,heap     ] GC(38) Reclaimed:         -                  -                 0M (0%)            0M (0%)             -                  -          
[11.810s][info][gc          ] GC(38) Garbage Collection (Timer) 2560M(62%)->2562M(63%)
[12.085s][info][gc,start    ] GC(39) Garbage Collection (Timer)
[12.085s][info][gc,task     ] GC(39) Using 3 workers
[12.085s][info][gc,phases   ] GC(39) Pause Mark Start 0.006ms
[12.102s][info][gc,phases   ] GC(39) Concurrent Mark 17.313ms
[12.102s][info][gc,phases   ] GC(39) Pause Mark End 0.009ms
[12.103s][info][gc,phases   ] GC(39) Concurrent Mark Free 0.001ms
[12.103s][info][gc,phases   ] GC(39) Concurrent Process Non-Strong References 0.553ms
[12.103s][info][gc,phases   ] GC(39) Concurrent Reset Relocation Set 0.001ms
[12.105s][info][gc,phases   ] GC(39) Concurrent Select Relocation Set 2.174ms
[12.106s][info][gc,phases   ] GC(39) Pause Relocate Start 0.004ms
[12.108s][info][gc,phases   ] GC(39) Concurrent Relocate 2.760ms
[12.108s][info][gc,load     ] GC(39) Load: 0.00/0.00/0.00
[12.108s][info][gc,mmu      ] GC(39) MMU: 2ms/99.3%, 5ms/99.6%, 10ms/99.8%, 20ms/99.9%, 50ms/99.9%, 100ms/100.0%
[12.109s][info][gc,marking  ] GC(39) Mark: 2 stripe(s), 2 proactive flush(es), 1 terminate flush(es), 0 completion(s), 0 continuation(s) 
[12.109s][info][gc,marking  ] GC(39) Mark Stack Usage: 32M
[12.109s][info][gc,nmethod  ] GC(39) NMethods: 473 registered, 0 unregistered
[12.109s][info][gc,metaspace] GC(39) Metaspace: 1M used, 1M committed, 1088M reserved
[12.109s][info][gc,ref      ] GC(39) Soft: 181 encountered, 0 discovered, 0 enqueued
[12.109s][info][gc,ref      ] GC(39) Weak: 263 encountered, 229 discovered, 0 enqueued
[12.109s][info][gc,ref      ] GC(39) Final: 0 encountered, 0 discovered, 0 enqueued
[12.109s][info][gc,ref      ] GC(39) Phantom: 7 encountered, 2 discovered, 0 enqueued
[12.109s][info][gc,reloc    ] GC(39) Small Pages: 1288 / 2576M, Empty: 0M, Relocated: 1M, In-Place: 0
[12.109s][info][gc,reloc    ] GC(39) Medium Pages: 1 / 32M, Empty: 0M, Relocated: 0M, In-Place: 0
[12.109s][info][gc,reloc    ] GC(39) Large Pages: 0 / 0M, Empty: 0M, Relocated: 0M, In-Place: 0
[12.109s][info][gc,reloc    ] GC(39) Forwarding Usage: 0M
[12.109s][info][gc,heap     ] GC(39) Min Capacity: 4096M(100%)
[12.109s][info][gc,heap     ] GC(39) Max Capacity: 4096M(100%)
[12.109s][info][gc,heap     ] GC(39) Soft Max Capacity: 4096M(100%)
[12.109s][info][gc,heap     ] GC(39)                Mark Start          Mark End        Relocate Start      Relocate End           High               Low         
[12.109s][info][gc,heap     ] GC(39)  Capacity:     4096M (100%)       4096M (100%)       4096M (100%)       4096M (100%)       4096M (100%)       4096M (100%)   
[12.109s][info][gc,heap     ] GC(39)      Free:     1488M (36%)        1486M (36%)        1484M (36%)        1484M (36%)        1488M (36%)        1478M (36%)    
[12.109s][info][gc,heap     ] GC(39)      Used:     2608M (64%)        2610M (64%)        2612M (64%)        2612M (64%)        2618M (64%)        2608M (64%)    
[12.109s][info][gc,heap     ] GC(39)      Live:         -              2348M (57%)        2348M (57%)        2348M (57%)            -                  -          
[12.109s][info][gc,heap     ] GC(39) Allocated:         -                 2M (0%)            4M (0%)            4M (0%)             -                  -          
[12.109s][info][gc,heap     ] GC(39)   Garbage:         -               259M (6%)          259M (6%)          259M (6%)             -                  -          
[12.109s][info][gc,heap     ] GC(39) Reclaimed:         -                  -                 0M (0%)            0M (0%)             -                  -          
[12.109s][info][gc          ] GC(39) Garbage Collection (Timer) 2608M(64%)->2612M(64%)
[12.385s][info][gc,start    ] GC(40) Garbage Collection (Timer)
[12.385s][info][gc,task     ] GC(40) Using 3 workers
[12.386s][info][gc,phases   ] GC(40) Pause Mark Start 0.007ms
[12.405s][info][gc,phases   ] GC(40) Concurrent Mark 19.589ms
[12.405s][info][gc,phases   ] GC(40) Pause Mark End 0.010ms
[12.405s][info][gc,phases   ] GC(40) Concurrent Mark Free 0.001ms
[12.406s][info][gc,phases   ] GC(40) Concurrent Process Non-Strong References 0.669ms
[12.406s][info][gc,phases   ] GC(40) Concurrent Reset Relocation Set 0.001ms
[12.409s][info][gc,phases   ] GC(40) Concurrent Select Relocation Set 2.669ms
[12.409s][info][gc,phases   ] GC(40) Pause Relocate Start 0.006ms
[12.414s][info][gc,phases   ] GC(40) Concurrent Relocate 4.943ms
[12.414s][info][gc,load     ] GC(40) Load: 0.00/0.00/0.00
[12.414s][info][gc,mmu      ] GC(40) MMU: 2ms/99.3%, 5ms/99.6%, 10ms/99.8%, 20ms/99.9%, 50ms/99.9%, 100ms/100.0%
[12.414s][info][gc,marking  ] GC(40) Mark: 2 stripe(s), 2 proactive flush(es), 1 terminate flush(es), 0 completion(s), 0 continuation(s) 
[12.414s][info][gc,marking  ] GC(40) Mark Stack Usage: 32M
[12.414s][info][gc,nmethod  ] GC(40) NMethods: 473 registered, 0 unregistered
[12.414s][info][gc,metaspace] GC(40) Metaspace: 1M used, 1M committed, 1088M reserved
[12.414s][info][gc,ref      ] GC(40) Soft: 181 encountered, 0 discovered, 0 enqueued
[12.414s][info][gc,ref      ] GC(40) Weak: 263 encountered, 229 discovered, 0 enqueued
[12.414s][info][gc,ref      ] GC(40) Final: 0 encountered, 0 discovered, 0 enqueued
[12.414s][info][gc,ref      ] GC(40) Phantom: 7 encountered, 4 discovered, 0 enqueued
[12.415s][info][gc,reloc    ] GC(40) Small Pages: 1314 / 2628M, Empty: 0M, Relocated: 3M, In-Place: 0
[12.415s][info][gc,reloc    ] GC(40) Medium Pages: 1 / 32M, Empty: 0M, Relocated: 0M, In-Place: 0
[12.415s][info][gc,reloc    ] GC(40) Large Pages: 0 / 0M, Empty: 0M, Relocated: 0M, In-Place: 0
[12.415s][info][gc,reloc    ] GC(40) Forwarding Usage: 0M
[12.415s][info][gc,heap     ] GC(40) Min Capacity: 4096M(100%)
[12.415s][info][gc,heap     ] GC(40) Max Capacity: 4096M(100%)
[12.415s][info][gc,heap     ] GC(40) Soft Max Capacity: 4096M(100%)
[12.415s][info][gc,heap     ] GC(40)                Mark Start          Mark End        Relocate Start      Relocate End           High               Low         
[12.415s][info][gc,heap     ] GC(40)  Capacity:     4096M (100%)       4096M (100%)       4096M (100%)       4096M (100%)       4096M (100%)       4096M (100%)   
[12.415s][info][gc,heap     ] GC(40)      Free:     1436M (35%)        1434M (35%)        1432M (35%)        1436M (35%)        1436M (35%)        1428M (35%)    
[12.415s][info][gc,heap     ] GC(40)      Used:     2660M (65%)        2662M (65%)        2664M (65%)        2660M (65%)        2668M (65%)        2660M (65%)    
[12.415s][info][gc,heap     ] GC(40)      Live:         -              2394M (58%)        2394M (58%)        2394M (58%)            -                  -          
[12.415s][info][gc,heap     ] GC(40) Allocated:         -                 2M (0%)            4M (0%)            3M (0%)             -                  -          
[12.415s][info][gc,heap     ] GC(40)   Garbage:         -               265M (6%)          265M (6%)          261M (6%)             -                  -          
[12.415s][info][gc,heap     ] GC(40) Reclaimed:         -                  -                 0M (0%)            3M (0%)             -                  -          
[12.415s][info][gc          ] GC(40) Garbage Collection (Timer) 2660M(65%)->2660M(65%)
[12.685s][info][gc,start    ] GC(41) Garbage Collection (Timer)
[12.685s][info][gc,task     ] GC(41) Using 3 workers
[12.685s][info][gc,phases   ] GC(41) Pause Mark Start 0.005ms
[12.704s][info][gc,phases   ] GC(41) Concurrent Mark 18.086ms
[12.704s][info][gc,phases   ] GC(41) Pause Mark End 0.009ms
[12.704s][info][gc,phases   ] GC(41) Concurrent Mark Free 0.001ms
[12.705s][info][gc,phases   ] GC(41) Concurrent Process Non-Strong References 0.612ms
[12.705s][info][gc,phases   ] GC(41) Concurrent Reset Relocation Set 0.005ms
[12.707s][info][gc,phases   ] GC(41) Concurrent Select Relocation Set 2.301ms
[12.707s][info][gc,phases   ] GC(41) Pause Relocate Start 0.005ms
[12.713s][info][gc,phases   ] GC(41) Concurrent Relocate 5.537ms
[12.713s][info][gc,load     ] GC(41) Load: 0.00/0.00/0.00
[12.713s][info][gc,mmu      ] GC(41) MMU: 2ms/99.3%, 5ms/99.6%, 10ms/99.8%, 20ms/99.9%, 50ms/99.9%, 100ms/100.0%
[12.713s][info][gc,marking  ] GC(41) Mark: 2 stripe(s), 2 proactive flush(es), 1 terminate flush(es), 0 completion(s), 0 continuation(s) 
[12.713s][info][gc,marking  ] GC(41) Mark Stack Usage: 32M
[12.713s][info][gc,nmethod  ] GC(41) NMethods: 473 registered, 0 unregistered
[12.713s][info][gc,metaspace] GC(41) Metaspace: 1M used, 1M committed, 1088M reserved
[12.713s][info][gc,ref      ] GC(41) Soft: 181 encountered, 0 discovered, 0 enqueued
[12.713s][info][gc,ref      ] GC(41) Weak: 263 encountered, 229 discovered, 0 enqueued
[12.713s][info][gc,ref      ] GC(41) Final: 0 encountered, 0 discovered, 0 enqueued
[12.713s][info][gc,ref      ] GC(41) Phantom: 7 encountered, 2 discovered, 0 enqueued
[12.713s][info][gc,reloc    ] GC(41) Small Pages: 1345 / 2690M, Empty: 0M, Relocated: 5M, In-Place: 0
[12.713s][info][gc,reloc    ] GC(41) Medium Pages: 1 / 32M, Empty: 0M, Relocated: 0M, In-Place: 0
[12.713s][info][gc,reloc    ] GC(41) Large Pages: 0 / 0M, Empty: 0M, Relocated: 0M, In-Place: 0
[12.713s][info][gc,reloc    ] GC(41) Forwarding Usage: 0M
[12.713s][info][gc,heap     ] GC(41) Min Capacity: 4096M(100%)
[12.713s][info][gc,heap     ] GC(41) Max Capacity: 4096M(100%)
[12.713s][info][gc,heap     ] GC(41) Soft Max Capacity: 4096M(100%)
[12.713s][info][gc,heap     ] GC(41)                Mark Start          Mark End        Relocate Start      Relocate End           High               Low         
[12.713s][info][gc,heap     ] GC(41)  Capacity:     4096M (100%)       4096M (100%)       4096M (100%)       4096M (100%)       4096M (100%)       4096M (100%)   
[12.713s][info][gc,heap     ] GC(41)      Free:     1374M (34%)        1372M (33%)        1372M (33%)        1374M (34%)        1374M (34%)        1366M (33%)    
[12.713s][info][gc,heap     ] GC(41)      Used:     2722M (66%)        2724M (67%)        2724M (67%)        2722M (66%)        2730M (67%)        2722M (66%)    
[12.713s][info][gc,heap     ] GC(41)      Live:         -              2454M (60%)        2454M (60%)        2454M (60%)            -                  -          
[12.713s][info][gc,heap     ] GC(41) Allocated:         -                 2M (0%)            2M (0%)            2M (0%)             -                  -          
[12.713s][info][gc,heap     ] GC(41)   Garbage:         -               267M (7%)          267M (7%)          265M (6%)             -                  -          
[12.714s][info][gc,heap     ] GC(41) Reclaimed:         -                  -                 0M (0%)            2M (0%)             -                  -          
[12.714s][info][gc          ] GC(41) Garbage Collection (Timer) 2722M(66%)->2722M(66%)
[12.986s][info][gc,start    ] GC(42) Garbage Collection (Timer)
[12.986s][info][gc,task     ] GC(42) Using 3 workers
[12.986s][info][gc,phases   ] GC(42) Pause Mark Start 0.006ms
[13.005s][info][gc,phases   ] GC(42) Concurrent Mark 18.714ms
[13.005s][info][gc,phases   ] GC(42) Pause Mark End 0.010ms
[13.005s][info][gc,phases   ] GC(42) Concurrent Mark Free 0.001ms
[13.006s][info][gc,phases   ] GC(42) Concurrent Process Non-Strong References 0.829ms
[13.006s][info][gc,phases   ] GC(42) Concurrent Reset Relocation Set 0.001ms
[13.008s][info][gc,phases   ] GC(42) Concurrent Select Relocation Set 2.108ms
[13.008s][info][gc,phases   ] GC(42) Pause Relocate Start 0.005ms
[13.012s][info][gc,phases   ] GC(42) Concurrent Relocate 3.314ms
[13.012s][info][gc,load     ] GC(42) Load: 0.00/0.00/0.00
[13.012s][info][gc,mmu      ] GC(42) MMU: 2ms/99.3%, 5ms/99.6%, 10ms/99.8%, 20ms/99.9%, 50ms/99.9%, 100ms/100.0%
[13.012s][info][gc,marking  ] GC(42) Mark: 2 stripe(s), 1 proactive flush(es), 1 terminate flush(es), 0 completion(s), 0 continuation(s) 
[13.012s][info][gc,marking  ] GC(42) Mark Stack Usage: 32M
[13.012s][info][gc,nmethod  ] GC(42) NMethods: 473 registered, 0 unregistered
[13.012s][info][gc,metaspace] GC(42) Metaspace: 1M used, 1M committed, 1088M reserved
[13.012s][info][gc,ref      ] GC(42) Soft: 181 encountered, 0 discovered, 0 enqueued
[13.012s][info][gc,ref      ] GC(42) Weak: 263 encountered, 1 discovered, 0 enqueued
[13.012s][info][gc,ref      ] GC(42) Final: 0 encountered, 0 discovered, 0 enqueued
[13.012s][info][gc,ref      ] GC(42) Phantom: 7 encountered, 4 discovered, 0 enqueued
[13.012s][info][gc,reloc    ] GC(42) Small Pages: 1349 / 2698M, Empty: 0M, Relocated: 1M, In-Place: 0
[13.012s][info][gc,reloc    ] GC(42) Medium Pages: 1 / 32M, Empty: 0M, Relocated: 0M, In-Place: 0
[13.012s][info][gc,reloc    ] GC(42) Large Pages: 0 / 0M, Empty: 0M, Relocated: 0M, In-Place: 0
[13.012s][info][gc,reloc    ] GC(42) Forwarding Usage: 0M
[13.012s][info][gc,heap     ] GC(42) Min Capacity: 4096M(100%)
[13.012s][info][gc,heap     ] GC(42) Max Capacity: 4096M(100%)
[13.012s][info][gc,heap     ] GC(42) Soft Max Capacity: 4096M(100%)
[13.012s][info][gc,heap     ] GC(42)                Mark Start          Mark End        Relocate Start      Relocate End           High               Low         
[13.012s][info][gc,heap     ] GC(42)  Capacity:     4096M (100%)       4096M (100%)       4096M (100%)       4096M (100%)       4096M (100%)       4096M (100%)   
[13.012s][info][gc,heap     ] GC(42)      Free:     1366M (33%)        1366M (33%)        1366M (33%)        1366M (33%)        1366M (33%)        1362M (33%)    
[13.012s][info][gc,heap     ] GC(42)      Used:     2730M (67%)        2730M (67%)        2730M (67%)        2730M (67%)        2734M (67%)        2730M (67%)    
[13.012s][info][gc,heap     ] GC(42)      Live:         -              2463M (60%)        2463M (60%)        2463M (60%)            -                  -          
[13.012s][info][gc,heap     ] GC(42) Allocated:         -                 0M (0%)            0M (0%)            0M (0%)             -                  -          
[13.012s][info][gc,heap     ] GC(42)   Garbage:         -               266M (7%)          266M (7%)          266M (7%)             -                  -          
[13.012s][info][gc,heap     ] GC(42) Reclaimed:         -                  -                 0M (0%)            0M (0%)             -                  -          
[13.012s][info][gc          ] GC(42) Garbage Collection (Timer) 2730M(67%)->2730M(67%)
[13.285s][info][gc,start    ] GC(43) Garbage Collection (Timer)
[13.285s][info][gc,task     ] GC(43) Using 3 workers
[13.285s][info][gc,phases   ] GC(43) Pause Mark Start 0.005ms
[13.302s][info][gc,phases   ] GC(43) Concurrent Mark 16.705ms
[13.302s][info][gc,phases   ] GC(43) Pause Mark End 0.010ms
[13.302s][info][gc,phases   ] GC(43) Concurrent Mark Free 0.001ms
[13.303s][info][gc,phases   ] GC(43) Concurrent Process Non-Strong References 0.832ms
[13.303s][info][gc,phases   ] GC(43) Concurrent Reset Relocation Set 0.001ms
[13.305s][info][gc,phases   ] GC(43) Concurrent Select Relocation Set 2.085ms
[13.305s][info][gc,phases   ] GC(43) Pause Relocate Start 0.004ms
[13.307s][info][gc,phases   ] GC(43) Concurrent Relocate 1.581ms
[13.307s][info][gc,load     ] GC(43) Load: 0.00/0.00/0.00
[13.307s][info][gc,mmu      ] GC(43) MMU: 2ms/99.3%, 5ms/99.6%, 10ms/99.8%, 20ms/99.9%, 50ms/99.9%, 100ms/100.0%
[13.307s][info][gc,marking  ] GC(43) Mark: 2 stripe(s), 1 proactive flush(es), 1 terminate flush(es), 0 completion(s), 0 continuation(s) 
[13.307s][info][gc,marking  ] GC(43) Mark Stack Usage: 32M
[13.307s][info][gc,nmethod  ] GC(43) NMethods: 473 registered, 0 unregistered
[13.307s][info][gc,metaspace] GC(43) Metaspace: 1M used, 1M committed, 1088M reserved
[13.307s][info][gc,ref      ] GC(43) Soft: 181 encountered, 0 discovered, 0 enqueued
[13.307s][info][gc,ref      ] GC(43) Weak: 263 encountered, 192 discovered, 0 enqueued
[13.307s][info][gc,ref      ] GC(43) Final: 0 encountered, 0 discovered, 0 enqueued
[13.307s][info][gc,ref      ] GC(43) Phantom: 7 encountered, 4 discovered, 0 enqueued
[13.307s][info][gc,reloc    ] GC(43) Small Pages: 1349 / 2698M, Empty: 0M, Relocated: 1M, In-Place: 0
[13.307s][info][gc,reloc    ] GC(43) Medium Pages: 1 / 32M, Empty: 0M, Relocated: 0M, In-Place: 0
[13.307s][info][gc,reloc    ] GC(43) Large Pages: 0 / 0M, Empty: 0M, Relocated: 0M, In-Place: 0
[13.307s][info][gc,reloc    ] GC(43) Forwarding Usage: 0M
[13.307s][info][gc,heap     ] GC(43) Min Capacity: 4096M(100%)
[13.307s][info][gc,heap     ] GC(43) Max Capacity: 4096M(100%)
[13.307s][info][gc,heap     ] GC(43) Soft Max Capacity: 4096M(100%)
[13.307s][info][gc,heap     ] GC(43)                Mark Start          Mark End        Relocate Start      Relocate End           High               Low         
[13.307s][info][gc,heap     ] GC(43)  Capacity:     4096M (100%)       4096M (100%)       4096M (100%)       4096M (100%)       4096M (100%)       4096M (100%)   
[13.307s][info][gc,heap     ] GC(43)      Free:     1366M (33%)        1366M (33%)        1366M (33%)        1366M (33%)        1366M (33%)        1362M (33%)    
[13.307s][info][gc,heap     ] GC(43)      Used:     2730M (67%)        2730M (67%)        2730M (67%)        2730M (67%)        2734M (67%)        2730M (67%)    
[13.307s][info][gc,heap     ] GC(43)      Live:         -              2463M (60%)        2463M (60%)        2463M (60%)            -                  -          
[13.308s][info][gc,heap     ] GC(43) Allocated:         -                 0M (0%)            0M (0%)            0M (0%)             -                  -          
[13.308s][info][gc,heap     ] GC(43)   Garbage:         -               266M (7%)          266M (7%)          266M (7%)             -                  -          
[13.308s][info][gc,heap     ] GC(43) Reclaimed:         -                  -                 0M (0%)            0M (0%)             -                  -          
[13.308s][info][gc          ] GC(43) Garbage Collection (Timer) 2730M(67%)->2730M(67%)
[13.585s][info][gc,start    ] GC(44) Garbage Collection (Timer)
[13.585s][info][gc,task     ] GC(44) Using 3 workers
[13.585s][info][gc,phases   ] GC(44) Pause Mark Start 0.006ms
[13.601s][info][gc,phases   ] GC(44) Concurrent Mark 16.202ms
[13.601s][info][gc,phases   ] GC(44) Pause Mark End 0.011ms
[13.602s][info][gc,phases   ] GC(44) Concurrent Mark Free 0.001ms
[13.602s][info][gc,phases   ] GC(44) Concurrent Process Non-Strong References 0.855ms
[13.603s][info][gc,phases   ] GC(44) Concurrent Reset Relocation Set 0.001ms
[13.605s][info][gc,phases   ] GC(44) Concurrent Select Relocation Set 2.113ms
[13.605s][info][gc,phases   ] GC(44) Pause Relocate Start 0.005ms
[13.605s][info][gc,phases   ] GC(44) Concurrent Relocate 0.278ms
[13.605s][info][gc,load     ] GC(44) Load: 0.00/0.00/0.00
[13.605s][info][gc,mmu      ] GC(44) MMU: 2ms/99.3%, 5ms/99.6%, 10ms/99.8%, 20ms/99.9%, 50ms/99.9%, 100ms/100.0%
[13.605s][info][gc,marking  ] GC(44) Mark: 2 stripe(s), 2 proactive flush(es), 1 terminate flush(es), 0 completion(s), 0 continuation(s) 
[13.605s][info][gc,marking  ] GC(44) Mark Stack Usage: 32M
[13.605s][info][gc,nmethod  ] GC(44) NMethods: 473 registered, 0 unregistered
[13.605s][info][gc,metaspace] GC(44) Metaspace: 1M used, 1M committed, 1088M reserved
[13.605s][info][gc,ref      ] GC(44) Soft: 181 encountered, 0 discovered, 0 enqueued
[13.605s][info][gc,ref      ] GC(44) Weak: 263 encountered, 226 discovered, 0 enqueued
[13.605s][info][gc,ref      ] GC(44) Final: 0 encountered, 0 discovered, 0 enqueued
[13.605s][info][gc,ref      ] GC(44) Phantom: 7 encountered, 4 discovered, 0 enqueued
[13.605s][info][gc,reloc    ] GC(44) Small Pages: 1349 / 2698M, Empty: 0M, Relocated: 1M, In-Place: 0
[13.606s][info][gc,reloc    ] GC(44) Medium Pages: 1 / 32M, Empty: 0M, Relocated: 0M, In-Place: 0
[13.606s][info][gc,reloc    ] GC(44) Large Pages: 0 / 0M, Empty: 0M, Relocated: 0M, In-Place: 0
[13.606s][info][gc,reloc    ] GC(44) Forwarding Usage: 0M
[13.606s][info][gc,heap     ] GC(44) Min Capacity: 4096M(100%)
[13.606s][info][gc,heap     ] GC(44) Max Capacity: 4096M(100%)
[13.606s][info][gc,heap     ] GC(44) Soft Max Capacity: 4096M(100%)
[13.606s][info][gc,heap     ] GC(44)                Mark Start          Mark End        Relocate Start      Relocate End           High               Low         
[13.606s][info][gc,heap     ] GC(44)  Capacity:     4096M (100%)       4096M (100%)       4096M (100%)       4096M (100%)       4096M (100%)       4096M (100%)   
[13.606s][info][gc,heap     ] GC(44)      Free:     1366M (33%)        1366M (33%)        1366M (33%)        1366M (33%)        1366M (33%)        1362M (33%)    
[13.606s][info][gc,heap     ] GC(44)      Used:     2730M (67%)        2730M (67%)        2730M (67%)        2730M (67%)        2734M (67%)        2730M (67%)    
[13.606s][info][gc,heap     ] GC(44)      Live:         -              2463M (60%)        2463M (60%)        2463M (60%)            -                  -          
[13.606s][info][gc,heap     ] GC(44) Allocated:         -                 0M (0%)            0M (0%)            0M (0%)             -                  -          
[13.606s][info][gc,heap     ] GC(44)   Garbage:         -               266M (7%)          266M (7%)          266M (7%)             -                  -          
[13.606s][info][gc,heap     ] GC(44) Reclaimed:         -                  -                 0M (0%)            0M (0%)             -                  -          
[13.606s][info][gc          ] GC(44) Garbage Collection (Timer) 2730M(67%)->2730M(67%)
[13.885s][info][gc,start    ] GC(45) Garbage Collection (Timer)
[13.885s][info][gc,task     ] GC(45) Using 3 workers
[13.885s][info][gc,phases   ] GC(45) Pause Mark Start 0.006ms
[13.902s][info][gc,phases   ] GC(45) Concurrent Mark 16.823ms
[13.902s][info][gc,phases   ] GC(45) Pause Mark End 0.009ms
[13.902s][info][gc,phases   ] GC(45) Concurrent Mark Free 0.001ms
[13.903s][info][gc,phases   ] GC(45) Concurrent Process Non-Strong References 0.793ms
[13.903s][info][gc,phases   ] GC(45) Concurrent Reset Relocation Set 0.001ms
[13.905s][info][gc,phases   ] GC(45) Concurrent Select Relocation Set 2.189ms
[13.905s][info][gc,phases   ] GC(45) Pause Relocate Start 0.005ms
[13.909s][info][gc,phases   ] GC(45) Concurrent Relocate 3.544ms
[13.909s][info][gc,load     ] GC(45) Load: 0.00/0.00/0.00
[13.909s][info][gc,mmu      ] GC(45) MMU: 2ms/99.3%, 5ms/99.6%, 10ms/99.8%, 20ms/99.9%, 50ms/99.9%, 100ms/100.0%
[13.909s][info][gc,marking  ] GC(45) Mark: 2 stripe(s), 2 proactive flush(es), 1 terminate flush(es), 0 completion(s), 0 continuation(s) 
[13.909s][info][gc,marking  ] GC(45) Mark Stack Usage: 32M
[13.909s][info][gc,nmethod  ] GC(45) NMethods: 480 registered, 0 unregistered
[13.909s][info][gc,metaspace] GC(45) Metaspace: 1M used, 1M committed, 1088M reserved
[13.909s][info][gc,ref      ] GC(45) Soft: 181 encountered, 0 discovered, 0 enqueued
[13.909s][info][gc,ref      ] GC(45) Weak: 263 encountered, 229 discovered, 0 enqueued
[13.909s][info][gc,ref      ] GC(45) Final: 0 encountered, 0 discovered, 0 enqueued
[13.909s][info][gc,ref      ] GC(45) Phantom: 7 encountered, 2 discovered, 0 enqueued
[13.909s][info][gc,reloc    ] GC(45) Small Pages: 1366 / 2732M, Empty: 0M, Relocated: 1M, In-Place: 0
[13.909s][info][gc,reloc    ] GC(45) Medium Pages: 1 / 32M, Empty: 0M, Relocated: 0M, In-Place: 0
[13.909s][info][gc,reloc    ] GC(45) Large Pages: 0 / 0M, Empty: 0M, Relocated: 0M, In-Place: 0
[13.909s][info][gc,reloc    ] GC(45) Forwarding Usage: 0M
[13.909s][info][gc,heap     ] GC(45) Min Capacity: 4096M(100%)
[13.909s][info][gc,heap     ] GC(45) Max Capacity: 4096M(100%)
[13.909s][info][gc,heap     ] GC(45) Soft Max Capacity: 4096M(100%)
[13.909s][info][gc,heap     ] GC(45)                Mark Start          Mark End        Relocate Start      Relocate End           High               Low         
[13.910s][info][gc,heap     ] GC(45)  Capacity:     4096M (100%)       4096M (100%)       4096M (100%)       4096M (100%)       4096M (100%)       4096M (100%)   
[13.910s][info][gc,heap     ] GC(45)      Free:     1332M (33%)        1330M (32%)        1330M (32%)        1332M (33%)        1332M (33%)        1324M (32%)    
[13.910s][info][gc,heap     ] GC(45)      Used:     2764M (67%)        2766M (68%)        2766M (68%)        2764M (67%)        2772M (68%)        2764M (67%)    
[13.910s][info][gc,heap     ] GC(45)      Live:         -              2490M (61%)        2490M (61%)        2490M (61%)            -                  -          
[13.910s][info][gc,heap     ] GC(45) Allocated:         -                 2M (0%)            2M (0%)            2M (0%)             -                  -          
[13.910s][info][gc,heap     ] GC(45)   Garbage:         -               273M (7%)          273M (7%)          271M (7%)             -                  -          
[13.910s][info][gc,heap     ] GC(45) Reclaimed:         -                  -                 0M (0%)            2M (0%)             -                  -          
[13.910s][info][gc          ] GC(45) Garbage Collection (Timer) 2764M(67%)->2764M(67%)
[14.184s][info][gc,start    ] GC(46) Garbage Collection (Timer)
[14.185s][info][gc,task     ] GC(46) Using 3 workers
[14.185s][info][gc,phases   ] GC(46) Pause Mark Start 0.005ms
[14.204s][info][gc,phases   ] GC(46) Concurrent Mark 19.474ms
[14.204s][info][gc,phases   ] GC(46) Pause Mark End 0.009ms
[14.205s][info][gc,phases   ] GC(46) Concurrent Mark Free 0.001ms
[14.205s][info][gc,phases   ] GC(46) Concurrent Process Non-Strong References 0.626ms
[14.205s][info][gc,phases   ] GC(46) Concurrent Reset Relocation Set 0.001ms
[14.207s][info][gc,phases   ] GC(46) Concurrent Select Relocation Set 2.232ms
[14.208s][info][gc,phases   ] GC(46) Pause Relocate Start 0.005ms
[14.210s][info][gc,phases   ] GC(46) Concurrent Relocate 2.312ms
[14.210s][info][gc,load     ] GC(46) Load: 0.00/0.00/0.00
[14.210s][info][gc,mmu      ] GC(46) MMU: 2ms/99.3%, 5ms/99.6%, 10ms/99.8%, 20ms/99.9%, 50ms/99.9%, 100ms/100.0%
[14.210s][info][gc,marking  ] GC(46) Mark: 2 stripe(s), 2 proactive flush(es), 1 terminate flush(es), 0 completion(s), 0 continuation(s) 
[14.210s][info][gc,marking  ] GC(46) Mark Stack Usage: 32M
[14.210s][info][gc,nmethod  ] GC(46) NMethods: 480 registered, 0 unregistered
[14.210s][info][gc,metaspace] GC(46) Metaspace: 1M used, 1M committed, 1088M reserved
[14.210s][info][gc,ref      ] GC(46) Soft: 181 encountered, 0 discovered, 0 enqueued
[14.210s][info][gc,ref      ] GC(46) Weak: 263 encountered, 226 discovered, 0 enqueued
[14.210s][info][gc,ref      ] GC(46) Final: 0 encountered, 0 discovered, 0 enqueued
[14.210s][info][gc,ref      ] GC(46) Phantom: 7 encountered, 4 discovered, 0 enqueued
[14.210s][info][gc,reloc    ] GC(46) Small Pages: 1398 / 2796M, Empty: 0M, Relocated: 1M, In-Place: 0
[14.210s][info][gc,reloc    ] GC(46) Medium Pages: 1 / 32M, Empty: 0M, Relocated: 0M, In-Place: 0
[14.210s][info][gc,reloc    ] GC(46) Large Pages: 0 / 0M, Empty: 0M, Relocated: 0M, In-Place: 0
[14.210s][info][gc,reloc    ] GC(46) Forwarding Usage: 0M
[14.210s][info][gc,heap     ] GC(46) Min Capacity: 4096M(100%)
[14.210s][info][gc,heap     ] GC(46) Max Capacity: 4096M(100%)
[14.210s][info][gc,heap     ] GC(46) Soft Max Capacity: 4096M(100%)
[14.210s][info][gc,heap     ] GC(46)                Mark Start          Mark End        Relocate Start      Relocate End           High               Low         
[14.211s][info][gc,heap     ] GC(46)  Capacity:     4096M (100%)       4096M (100%)       4096M (100%)       4096M (100%)       4096M (100%)       4096M (100%)   
[14.211s][info][gc,heap     ] GC(46)      Free:     1268M (31%)        1266M (31%)        1266M (31%)        1266M (31%)        1268M (31%)        1260M (31%)    
[14.211s][info][gc,heap     ] GC(46)      Used:     2828M (69%)        2830M (69%)        2830M (69%)        2830M (69%)        2836M (69%)        2828M (69%)    
[14.211s][info][gc,heap     ] GC(46)      Live:         -              2549M (62%)        2549M (62%)        2549M (62%)            -                  -          
[14.211s][info][gc,heap     ] GC(46) Allocated:         -                 2M (0%)            2M (0%)            2M (0%)             -                  -          
[14.211s][info][gc,heap     ] GC(46)   Garbage:         -               278M (7%)          278M (7%)          278M (7%)             -                  -          
[14.211s][info][gc,heap     ] GC(46) Reclaimed:         -                  -                 0M (0%)            0M (0%)             -                  -          
[14.211s][info][gc          ] GC(46) Garbage Collection (Timer) 2828M(69%)->2830M(69%)
[14.485s][info][gc,start    ] GC(47) Garbage Collection (Timer)
[14.486s][info][gc,task     ] GC(47) Using 3 workers
[14.486s][info][gc,phases   ] GC(47) Pause Mark Start 0.006ms
[14.506s][info][gc,phases   ] GC(47) Concurrent Mark 20.325ms
[14.506s][info][gc,phases   ] GC(47) Pause Mark End 0.009ms
[14.506s][info][gc,phases   ] GC(47) Concurrent Mark Free 0.001ms
[14.507s][info][gc,phases   ] GC(47) Concurrent Process Non-Strong References 0.670ms
[14.507s][info][gc,phases   ] GC(47) Concurrent Reset Relocation Set 0.001ms
[14.509s][info][gc,phases   ] GC(47) Concurrent Select Relocation Set 2.306ms
[14.510s][info][gc,phases   ] GC(47) Pause Relocate Start 0.005ms
[14.514s][info][gc,phases   ] GC(47) Concurrent Relocate 3.824ms
[14.514s][info][gc,load     ] GC(47) Load: 0.00/0.00/0.00
[14.514s][info][gc,mmu      ] GC(47) MMU: 2ms/99.3%, 5ms/99.6%, 10ms/99.8%, 20ms/99.9%, 50ms/99.9%, 100ms/100.0%
[14.514s][info][gc,marking  ] GC(47) Mark: 2 stripe(s), 2 proactive flush(es), 1 terminate flush(es), 0 completion(s), 0 continuation(s) 
[14.514s][info][gc,marking  ] GC(47) Mark Stack Usage: 32M
[14.514s][info][gc,nmethod  ] GC(47) NMethods: 480 registered, 0 unregistered
[14.514s][info][gc,metaspace] GC(47) Metaspace: 1M used, 1M committed, 1088M reserved
[14.514s][info][gc,ref      ] GC(47) Soft: 181 encountered, 0 discovered, 0 enqueued
[14.514s][info][gc,ref      ] GC(47) Weak: 263 encountered, 229 discovered, 0 enqueued
[14.514s][info][gc,ref      ] GC(47) Final: 0 encountered, 0 discovered, 0 enqueued
[14.514s][info][gc,ref      ] GC(47) Phantom: 7 encountered, 2 discovered, 0 enqueued
[14.514s][info][gc,reloc    ] GC(47) Small Pages: 1433 / 2866M, Empty: 0M, Relocated: 3M, In-Place: 0
[14.514s][info][gc,reloc    ] GC(47) Medium Pages: 1 / 32M, Empty: 0M, Relocated: 0M, In-Place: 0
[14.514s][info][gc,reloc    ] GC(47) Large Pages: 0 / 0M, Empty: 0M, Relocated: 0M, In-Place: 0
[14.514s][info][gc,reloc    ] GC(47) Forwarding Usage: 0M
[14.514s][info][gc,heap     ] GC(47) Min Capacity: 4096M(100%)
[14.514s][info][gc,heap     ] GC(47) Max Capacity: 4096M(100%)
[14.514s][info][gc,heap     ] GC(47) Soft Max Capacity: 4096M(100%)
[14.514s][info][gc,heap     ] GC(47)                Mark Start          Mark End        Relocate Start      Relocate End           High               Low         
[14.514s][info][gc,heap     ] GC(47)  Capacity:     4096M (100%)       4096M (100%)       4096M (100%)       4096M (100%)       4096M (100%)       4096M (100%)   
[14.514s][info][gc,heap     ] GC(47)      Free:     1198M (29%)        1196M (29%)        1196M (29%)        1200M (29%)        1200M (29%)        1190M (29%)    
[14.514s][info][gc,heap     ] GC(47)      Used:     2898M (71%)        2900M (71%)        2900M (71%)        2896M (71%)        2906M (71%)        2896M (71%)    
[14.514s][info][gc,heap     ] GC(47)      Live:         -              2612M (64%)        2612M (64%)        2612M (64%)            -                  -          
[14.514s][info][gc,heap     ] GC(47) Allocated:         -                 2M (0%)            2M (0%)            2M (0%)             -                  -          
[14.514s][info][gc,heap     ] GC(47)   Garbage:         -               285M (7%)          285M (7%)          281M (7%)             -                  -          
[14.514s][info][gc,heap     ] GC(47) Reclaimed:         -                  -                 0M (0%)            4M (0%)             -                  -          
[14.514s][info][gc          ] GC(47) Garbage Collection (Timer) 2898M(71%)->2896M(71%)
[14.785s][info][gc,start    ] GC(48) Garbage Collection (Timer)
[14.785s][info][gc,task     ] GC(48) Using 3 workers
[14.785s][info][gc,phases   ] GC(48) Pause Mark Start 0.006ms
[14.804s][info][gc,phases   ] GC(48) Concurrent Mark 19.260ms
[14.804s][info][gc,phases   ] GC(48) Pause Mark End 0.009ms
[14.805s][info][gc,phases   ] GC(48) Concurrent Mark Free 0.001ms
[14.805s][info][gc,phases   ] GC(48) Concurrent Process Non-Strong References 0.805ms
[14.805s][info][gc,phases   ] GC(48) Concurrent Reset Relocation Set 0.001ms
[14.808s][info][gc,phases   ] GC(48) Concurrent Select Relocation Set 2.262ms
[14.808s][info][gc,phases   ] GC(48) Pause Relocate Start 0.005ms
[14.813s][info][gc,phases   ] GC(48) Concurrent Relocate 5.439ms
[14.813s][info][gc,load     ] GC(48) Load: 0.00/0.00/0.00
[14.813s][info][gc,mmu      ] GC(48) MMU: 2ms/99.3%, 5ms/99.6%, 10ms/99.8%, 20ms/99.9%, 50ms/99.9%, 100ms/100.0%
[14.814s][info][gc,marking  ] GC(48) Mark: 2 stripe(s), 2 proactive flush(es), 1 terminate flush(es), 0 completion(s), 0 continuation(s) 
[14.814s][info][gc,marking  ] GC(48) Mark Stack Usage: 32M
[14.814s][info][gc,nmethod  ] GC(48) NMethods: 480 registered, 0 unregistered
[14.814s][info][gc,metaspace] GC(48) Metaspace: 1M used, 1M committed, 1088M reserved
[14.814s][info][gc,ref      ] GC(48) Soft: 181 encountered, 0 discovered, 0 enqueued
[14.814s][info][gc,ref      ] GC(48) Weak: 263 encountered, 226 discovered, 0 enqueued
[14.814s][info][gc,ref      ] GC(48) Final: 0 encountered, 0 discovered, 0 enqueued
[14.814s][info][gc,ref      ] GC(48) Phantom: 7 encountered, 4 discovered, 0 enqueued
[14.814s][info][gc,reloc    ] GC(48) Small Pages: 1463 / 2926M, Empty: 0M, Relocated: 3M, In-Place: 0
[14.814s][info][gc,reloc    ] GC(48) Medium Pages: 1 / 32M, Empty: 0M, Relocated: 0M, In-Place: 0
[14.814s][info][gc,reloc    ] GC(48) Large Pages: 0 / 0M, Empty: 0M, Relocated: 0M, In-Place: 0
[14.814s][info][gc,reloc    ] GC(48) Forwarding Usage: 0M
[14.814s][info][gc,heap     ] GC(48) Min Capacity: 4096M(100%)
[14.814s][info][gc,heap     ] GC(48) Max Capacity: 4096M(100%)
[14.814s][info][gc,heap     ] GC(48) Soft Max Capacity: 4096M(100%)
[14.814s][info][gc,heap     ] GC(48)                Mark Start          Mark End        Relocate Start      Relocate End           High               Low         
[14.814s][info][gc,heap     ] GC(48)  Capacity:     4096M (100%)       4096M (100%)       4096M (100%)       4096M (100%)       4096M (100%)       4096M (100%)   
[14.814s][info][gc,heap     ] GC(48)      Free:     1138M (28%)        1136M (28%)        1136M (28%)        1138M (28%)        1138M (28%)        1130M (28%)    
[14.814s][info][gc,heap     ] GC(48)      Used:     2958M (72%)        2960M (72%)        2960M (72%)        2958M (72%)        2966M (72%)        2958M (72%)    
[14.814s][info][gc,heap     ] GC(48)      Live:         -              2669M (65%)        2669M (65%)        2669M (65%)            -                  -          
[14.814s][info][gc,heap     ] GC(48) Allocated:         -                 2M (0%)            2M (0%)            1M (0%)             -                  -          
[14.814s][info][gc,heap     ] GC(48)   Garbage:         -               288M (7%)          288M (7%)          286M (7%)             -                  -          
[14.814s][info][gc,heap     ] GC(48) Reclaimed:         -                  -                 0M (0%)            1M (0%)             -                  -          
[14.814s][info][gc          ] GC(48) Garbage Collection (Timer) 2958M(72%)->2958M(72%)
[15.084s][info][gc,start    ] GC(49) Garbage Collection (Timer)
[15.085s][info][gc,task     ] GC(49) Using 3 workers
[15.085s][info][gc,phases   ] GC(49) Pause Mark Start 0.006ms
[15.106s][info][gc,phases   ] GC(49) Concurrent Mark 21.056ms
[15.106s][info][gc,phases   ] GC(49) Pause Mark End 0.009ms
[15.106s][info][gc,phases   ] GC(49) Concurrent Mark Free 0.001ms
[15.107s][info][gc,phases   ] GC(49) Concurrent Process Non-Strong References 0.843ms
[15.107s][info][gc,phases   ] GC(49) Concurrent Reset Relocation Set 0.001ms
[15.110s][info][gc,phases   ] GC(49) Concurrent Select Relocation Set 2.693ms
[15.110s][info][gc,phases   ] GC(49) Pause Relocate Start 0.006ms
[15.112s][info][gc,phases   ] GC(49) Concurrent Relocate 1.699ms
[15.112s][info][gc,load     ] GC(49) Load: 0.00/0.00/0.00
[15.112s][info][gc,mmu      ] GC(49) MMU: 2ms/99.3%, 5ms/99.6%, 10ms/99.8%, 20ms/99.9%, 50ms/99.9%, 100ms/100.0%
[15.112s][info][gc,marking  ] GC(49) Mark: 2 stripe(s), 2 proactive flush(es), 1 terminate flush(es), 0 completion(s), 0 continuation(s) 
[15.112s][info][gc,marking  ] GC(49) Mark Stack Usage: 32M
[15.112s][info][gc,nmethod  ] GC(49) NMethods: 480 registered, 0 unregistered
[15.112s][info][gc,metaspace] GC(49) Metaspace: 1M used, 1M committed, 1088M reserved
[15.112s][info][gc,ref      ] GC(49) Soft: 181 encountered, 0 discovered, 0 enqueued
[15.112s][info][gc,ref      ] GC(49) Weak: 263 encountered, 226 discovered, 0 enqueued
[15.112s][info][gc,ref      ] GC(49) Final: 0 encountered, 0 discovered, 0 enqueued
[15.112s][info][gc,ref      ] GC(49) Phantom: 7 encountered, 3 discovered, 0 enqueued
[15.112s][info][gc,reloc    ] GC(49) Small Pages: 1495 / 2990M, Empty: 0M, Relocated: 1M, In-Place: 0
[15.112s][info][gc,reloc    ] GC(49) Medium Pages: 1 / 32M, Empty: 0M, Relocated: 0M, In-Place: 0
[15.112s][info][gc,reloc    ] GC(49) Large Pages: 0 / 0M, Empty: 0M, Relocated: 0M, In-Place: 0
[15.112s][info][gc,reloc    ] GC(49) Forwarding Usage: 0M
[15.112s][info][gc,heap     ] GC(49) Min Capacity: 4096M(100%)
[15.112s][info][gc,heap     ] GC(49) Max Capacity: 4096M(100%)
[15.112s][info][gc,heap     ] GC(49) Soft Max Capacity: 4096M(100%)
[15.112s][info][gc,heap     ] GC(49)                Mark Start          Mark End        Relocate Start      Relocate End           High               Low         
[15.112s][info][gc,heap     ] GC(49)  Capacity:     4096M (100%)       4096M (100%)       4096M (100%)       4096M (100%)       4096M (100%)       4096M (100%)   
[15.112s][info][gc,heap     ] GC(49)      Free:     1074M (26%)        1072M (26%)        1072M (26%)        1072M (26%)        1074M (26%)        1068M (26%)    
[15.112s][info][gc,heap     ] GC(49)      Used:     3022M (74%)        3024M (74%)        3024M (74%)        3024M (74%)        3028M (74%)        3022M (74%)    
[15.112s][info][gc,heap     ] GC(49)      Live:         -              2728M (67%)        2728M (67%)        2728M (67%)            -                  -          
[15.112s][info][gc,heap     ] GC(49) Allocated:         -                 2M (0%)            2M (0%)            2M (0%)             -                  -          
[15.112s][info][gc,heap     ] GC(49)   Garbage:         -               293M (7%)          293M (7%)          293M (7%)             -                  -          
[15.112s][info][gc,heap     ] GC(49) Reclaimed:         -                  -                 0M (0%)            0M (0%)             -                  -          
[15.112s][info][gc          ] GC(49) Garbage Collection (Timer) 3022M(74%)->3024M(74%)
[15.385s][info][gc,start    ] GC(50) Garbage Collection (Timer)
[15.385s][info][gc,task     ] GC(50) Using 3 workers
[15.385s][info][gc,phases   ] GC(50) Pause Mark Start 0.006ms
[15.405s][info][gc,phases   ] GC(50) Concurrent Mark 19.899ms
[15.405s][info][gc,phases   ] GC(50) Pause Mark End 0.009ms
[15.405s][info][gc,phases   ] GC(50) Concurrent Mark Free 0.001ms
[15.406s][info][gc,phases   ] GC(50) Concurrent Process Non-Strong References 0.629ms
[15.406s][info][gc,phases   ] GC(50) Concurrent Reset Relocation Set 0.001ms
[15.408s][info][gc,phases   ] GC(50) Concurrent Select Relocation Set 2.465ms
[15.409s][info][gc,phases   ] GC(50) Pause Relocate Start 0.005ms
[15.413s][info][gc,phases   ] GC(50) Concurrent Relocate 4.433ms
[15.413s][info][gc,load     ] GC(50) Load: 0.00/0.00/0.00
[15.413s][info][gc,mmu      ] GC(50) MMU: 2ms/99.3%, 5ms/99.6%, 10ms/99.8%, 20ms/99.9%, 50ms/99.9%, 100ms/100.0%
[15.413s][info][gc,marking  ] GC(50) Mark: 2 stripe(s), 2 proactive flush(es), 1 terminate flush(es), 0 completion(s), 0 continuation(s) 
[15.413s][info][gc,marking  ] GC(50) Mark Stack Usage: 32M
[15.413s][info][gc,nmethod  ] GC(50) NMethods: 481 registered, 0 unregistered
[15.413s][info][gc,metaspace] GC(50) Metaspace: 1M used, 1M committed, 1088M reserved
[15.413s][info][gc,ref      ] GC(50) Soft: 181 encountered, 0 discovered, 0 enqueued
[15.413s][info][gc,ref      ] GC(50) Weak: 263 encountered, 184 discovered, 0 enqueued
[15.414s][info][gc,ref      ] GC(50) Final: 0 encountered, 0 discovered, 0 enqueued
[15.414s][info][gc,ref      ] GC(50) Phantom: 7 encountered, 4 discovered, 0 enqueued
[15.414s][info][gc,reloc    ] GC(50) Small Pages: 1523 / 3046M, Empty: 0M, Relocated: 3M, In-Place: 0
[15.414s][info][gc,reloc    ] GC(50) Medium Pages: 1 / 32M, Empty: 0M, Relocated: 0M, In-Place: 0
[15.414s][info][gc,reloc    ] GC(50) Large Pages: 0 / 0M, Empty: 0M, Relocated: 0M, In-Place: 0
[15.414s][info][gc,reloc    ] GC(50) Forwarding Usage: 0M
[15.414s][info][gc,heap     ] GC(50) Min Capacity: 4096M(100%)
[15.414s][info][gc,heap     ] GC(50) Max Capacity: 4096M(100%)
[15.414s][info][gc,heap     ] GC(50) Soft Max Capacity: 4096M(100%)
[15.414s][info][gc,heap     ] GC(50)                Mark Start          Mark End        Relocate Start      Relocate End           High               Low         
[15.414s][info][gc,heap     ] GC(50)  Capacity:     4096M (100%)       4096M (100%)       4096M (100%)       4096M (100%)       4096M (100%)       4096M (100%)   
[15.414s][info][gc,heap     ] GC(50)      Free:     1018M (25%)        1016M (25%)        1016M (25%)        1018M (25%)        1018M (25%)        1010M (25%)    
[15.414s][info][gc,heap     ] GC(50)      Used:     3078M (75%)        3080M (75%)        3080M (75%)        3078M (75%)        3086M (75%)        3078M (75%)    
[15.414s][info][gc,heap     ] GC(50)      Live:         -              2779M (68%)        2779M (68%)        2779M (68%)            -                  -          
[15.414s][info][gc,heap     ] GC(50) Allocated:         -                 2M (0%)            2M (0%)            1M (0%)             -                  -          
[15.414s][info][gc,heap     ] GC(50)   Garbage:         -               298M (7%)          298M (7%)          296M (7%)             -                  -          
[15.414s][info][gc,heap     ] GC(50) Reclaimed:         -                  -                 0M (0%)            1M (0%)             -                  -          
[15.414s][info][gc          ] GC(50) Garbage Collection (Timer) 3078M(75%)->3078M(75%)
[15.685s][info][gc,start    ] GC(51) Garbage Collection (Timer)
[15.685s][info][gc,task     ] GC(51) Using 3 workers
[15.686s][info][gc,phases   ] GC(51) Pause Mark Start 0.006ms
[15.705s][info][gc,phases   ] GC(51) Concurrent Mark 19.411ms
[15.705s][info][gc,phases   ] GC(51) Pause Mark End 0.009ms
[15.705s][info][gc,phases   ] GC(51) Concurrent Mark Free 0.001ms
[15.706s][info][gc,phases   ] GC(51) Concurrent Process Non-Strong References 0.659ms
[15.706s][info][gc,phases   ] GC(51) Concurrent Reset Relocation Set 0.001ms
[15.708s][info][gc,phases   ] GC(51) Concurrent Select Relocation Set 2.325ms
[15.709s][info][gc,phases   ] GC(51) Pause Relocate Start 0.005ms
[15.711s][info][gc,phases   ] GC(51) Concurrent Relocate 2.510ms
[15.711s][info][gc,load     ] GC(51) Load: 0.00/0.00/0.00
[15.711s][info][gc,mmu      ] GC(51) MMU: 2ms/99.3%, 5ms/99.6%, 10ms/99.8%, 20ms/99.9%, 50ms/99.9%, 100ms/100.0%
[15.711s][info][gc,marking  ] GC(51) Mark: 2 stripe(s), 2 proactive flush(es), 1 terminate flush(es), 0 completion(s), 0 continuation(s) 
[15.711s][info][gc,marking  ] GC(51) Mark Stack Usage: 32M
[15.711s][info][gc,nmethod  ] GC(51) NMethods: 481 registered, 0 unregistered
[15.711s][info][gc,metaspace] GC(51) Metaspace: 1M used, 1M committed, 1088M reserved
[15.711s][info][gc,ref      ] GC(51) Soft: 181 encountered, 0 discovered, 0 enqueued
[15.711s][info][gc,ref      ] GC(51) Weak: 263 encountered, 229 discovered, 0 enqueued
[15.711s][info][gc,ref      ] GC(51) Final: 0 encountered, 0 discovered, 0 enqueued
[15.711s][info][gc,ref      ] GC(51) Phantom: 7 encountered, 4 discovered, 0 enqueued
[15.711s][info][gc,reloc    ] GC(51) Small Pages: 1558 / 3116M, Empty: 0M, Relocated: 1M, In-Place: 0
[15.712s][info][gc,reloc    ] GC(51) Medium Pages: 1 / 32M, Empty: 0M, Relocated: 0M, In-Place: 0
[15.712s][info][gc,reloc    ] GC(51) Large Pages: 0 / 0M, Empty: 0M, Relocated: 0M, In-Place: 0
[15.712s][info][gc,reloc    ] GC(51) Forwarding Usage: 0M
[15.712s][info][gc,heap     ] GC(51) Min Capacity: 4096M(100%)
[15.712s][info][gc,heap     ] GC(51) Max Capacity: 4096M(100%)
[15.712s][info][gc,heap     ] GC(51) Soft Max Capacity: 4096M(100%)
[15.712s][info][gc,heap     ] GC(51)                Mark Start          Mark End        Relocate Start      Relocate End           High               Low         
[15.712s][info][gc,heap     ] GC(51)  Capacity:     4096M (100%)       4096M (100%)       4096M (100%)       4096M (100%)       4096M (100%)       4096M (100%)   
[15.712s][info][gc,heap     ] GC(51)      Free:      948M (23%)         946M (23%)         946M (23%)         946M (23%)         948M (23%)         942M (23%)    
[15.712s][info][gc,heap     ] GC(51)      Used:     3148M (77%)        3150M (77%)        3150M (77%)        3150M (77%)        3154M (77%)        3148M (77%)    
[15.712s][info][gc,heap     ] GC(51)      Live:         -              2843M (69%)        2843M (69%)        2843M (69%)            -                  -          
[15.712s][info][gc,heap     ] GC(51) Allocated:         -                 2M (0%)            2M (0%)            2M (0%)             -                  -          
[15.712s][info][gc,heap     ] GC(51)   Garbage:         -               304M (7%)          304M (7%)          304M (7%)             -                  -          
[15.712s][info][gc,heap     ] GC(51) Reclaimed:         -                  -                 0M (0%)            0M (0%)             -                  -          
[15.712s][info][gc          ] GC(51) Garbage Collection (Timer) 3148M(77%)->3150M(77%)
[15.984s][info][gc,start    ] GC(52) Garbage Collection (Timer)
[15.984s][info][gc,task     ] GC(52) Using 3 workers
[15.984s][info][gc,phases   ] GC(52) Pause Mark Start 0.005ms
[16.004s][info][gc,phases   ] GC(52) Concurrent Mark 19.935ms
[16.005s][info][gc,phases   ] GC(52) Pause Mark End 0.009ms
[16.005s][info][gc,phases   ] GC(52) Concurrent Mark Free 0.001ms
[16.005s][info][gc,phases   ] GC(52) Concurrent Process Non-Strong References 0.657ms
[16.005s][info][gc,phases   ] GC(52) Concurrent Reset Relocation Set 0.001ms
[16.008s][info][gc,phases   ] GC(52) Concurrent Select Relocation Set 2.361ms
[16.008s][info][gc,phases   ] GC(52) Pause Relocate Start 0.005ms
[16.012s][info][gc,phases   ] GC(52) Concurrent Relocate 3.976ms
[16.012s][info][gc,load     ] GC(52) Load: 0.00/0.00/0.00
[16.012s][info][gc,mmu      ] GC(52) MMU: 2ms/99.3%, 5ms/99.6%, 10ms/99.8%, 20ms/99.9%, 50ms/99.9%, 100ms/100.0%
[16.012s][info][gc,marking  ] GC(52) Mark: 2 stripe(s), 2 proactive flush(es), 1 terminate flush(es), 0 completion(s), 0 continuation(s) 
[16.012s][info][gc,marking  ] GC(52) Mark Stack Usage: 32M
[16.012s][info][gc,nmethod  ] GC(52) NMethods: 481 registered, 0 unregistered
[16.012s][info][gc,metaspace] GC(52) Metaspace: 1M used, 1M committed, 1088M reserved
[16.012s][info][gc,ref      ] GC(52) Soft: 181 encountered, 0 discovered, 0 enqueued
[16.012s][info][gc,ref      ] GC(52) Weak: 263 encountered, 178 discovered, 0 enqueued
[16.012s][info][gc,ref      ] GC(52) Final: 0 encountered, 0 discovered, 0 enqueued
[16.012s][info][gc,ref      ] GC(52) Phantom: 7 encountered, 4 discovered, 0 enqueued
[16.012s][info][gc,reloc    ] GC(52) Small Pages: 1575 / 3150M, Empty: 0M, Relocated: 2M, In-Place: 0
[16.012s][info][gc,reloc    ] GC(52) Medium Pages: 1 / 32M, Empty: 0M, Relocated: 0M, In-Place: 0
[16.012s][info][gc,reloc    ] GC(52) Large Pages: 0 / 0M, Empty: 0M, Relocated: 0M, In-Place: 0
[16.012s][info][gc,reloc    ] GC(52) Forwarding Usage: 0M
[16.013s][info][gc,heap     ] GC(52) Min Capacity: 4096M(100%)
[16.013s][info][gc,heap     ] GC(52) Max Capacity: 4096M(100%)
[16.013s][info][gc,heap     ] GC(52) Soft Max Capacity: 4096M(100%)
[16.013s][info][gc,heap     ] GC(52)                Mark Start          Mark End        Relocate Start      Relocate End           High               Low         
[16.013s][info][gc,heap     ] GC(52)  Capacity:     4096M (100%)       4096M (100%)       4096M (100%)       4096M (100%)       4096M (100%)       4096M (100%)   
[16.013s][info][gc,heap     ] GC(52)      Free:      914M (22%)         912M (22%)         912M (22%)         914M (22%)         914M (22%)         906M (22%)    
[16.013s][info][gc,heap     ] GC(52)      Used:     3182M (78%)        3184M (78%)        3184M (78%)        3182M (78%)        3190M (78%)        3182M (78%)    
[16.013s][info][gc,heap     ] GC(52)      Live:         -              2873M (70%)        2873M (70%)        2873M (70%)            -                  -          
[16.013s][info][gc,heap     ] GC(52) Allocated:         -                 2M (0%)            2M (0%)            2M (0%)             -                  -          
[16.013s][info][gc,heap     ] GC(52)   Garbage:         -               308M (8%)          308M (8%)          306M (7%)             -                  -          
[16.013s][info][gc,heap     ] GC(52) Reclaimed:         -                  -                 0M (0%)            2M (0%)             -                  -          
[16.013s][info][gc          ] GC(52) Garbage Collection (Timer) 3182M(78%)->3182M(78%)
[16.285s][info][gc,start    ] GC(53) Garbage Collection (Timer)
[16.285s][info][gc,task     ] GC(53) Using 3 workers
[16.285s][info][gc,phases   ] GC(53) Pause Mark Start 0.009ms
[16.309s][info][gc,phases   ] GC(53) Concurrent Mark 23.727ms
[16.309s][info][gc,phases   ] GC(53) Pause Mark End 0.012ms
[16.309s][info][gc,phases   ] GC(53) Concurrent Mark Free 0.001ms
[16.310s][info][gc,phases   ] GC(53) Concurrent Process Non-Strong References 0.755ms
[16.310s][info][gc,phases   ] GC(53) Concurrent Reset Relocation Set 0.001ms
[16.314s][info][gc,phases   ] GC(53) Concurrent Select Relocation Set 3.350ms
[16.314s][info][gc,phases   ] GC(53) Pause Relocate Start 0.009ms
[16.316s][info][gc,phases   ] GC(53) Concurrent Relocate 2.297ms
[16.316s][info][gc,load     ] GC(53) Load: 0.00/0.00/0.00
[16.316s][info][gc,mmu      ] GC(53) MMU: 2ms/99.3%, 5ms/99.6%, 10ms/99.8%, 20ms/99.9%, 50ms/99.9%, 100ms/100.0%
[16.316s][info][gc,marking  ] GC(53) Mark: 2 stripe(s), 3 proactive flush(es), 1 terminate flush(es), 0 completion(s), 0 continuation(s) 
[16.316s][info][gc,marking  ] GC(53) Mark Stack Usage: 32M
[16.316s][info][gc,nmethod  ] GC(53) NMethods: 481 registered, 0 unregistered
[16.316s][info][gc,metaspace] GC(53) Metaspace: 1M used, 1M committed, 1088M reserved
[16.316s][info][gc,ref      ] GC(53) Soft: 181 encountered, 0 discovered, 0 enqueued
[16.317s][info][gc,ref      ] GC(53) Weak: 263 encountered, 227 discovered, 0 enqueued
[16.317s][info][gc,ref      ] GC(53) Final: 0 encountered, 0 discovered, 0 enqueued
[16.317s][info][gc,ref      ] GC(53) Phantom: 7 encountered, 4 discovered, 0 enqueued
[16.317s][info][gc,reloc    ] GC(53) Small Pages: 1588 / 3176M, Empty: 0M, Relocated: 1M, In-Place: 0
[16.317s][info][gc,reloc    ] GC(53) Medium Pages: 1 / 32M, Empty: 0M, Relocated: 0M, In-Place: 0
[16.317s][info][gc,reloc    ] GC(53) Large Pages: 0 / 0M, Empty: 0M, Relocated: 0M, In-Place: 0
[16.317s][info][gc,reloc    ] GC(53) Forwarding Usage: 0M
[16.317s][info][gc,heap     ] GC(53) Min Capacity: 4096M(100%)
[16.317s][info][gc,heap     ] GC(53) Max Capacity: 4096M(100%)
[16.317s][info][gc,heap     ] GC(53) Soft Max Capacity: 4096M(100%)
[16.317s][info][gc,heap     ] GC(53)                Mark Start          Mark End        Relocate Start      Relocate End           High               Low         
[16.317s][info][gc,heap     ] GC(53)  Capacity:     4096M (100%)       4096M (100%)       4096M (100%)       4096M (100%)       4096M (100%)       4096M (100%)   
[16.317s][info][gc,heap     ] GC(53)      Free:      888M (22%)         886M (22%)         884M (22%)         884M (22%)         888M (22%)         880M (21%)    
[16.317s][info][gc,heap     ] GC(53)      Used:     3208M (78%)        3210M (78%)        3212M (78%)        3212M (78%)        3216M (79%)        3208M (78%)    
[16.317s][info][gc,heap     ] GC(53)      Live:         -              2898M (71%)        2898M (71%)        2898M (71%)            -                  -          
[16.317s][info][gc,heap     ] GC(53) Allocated:         -                 2M (0%)            4M (0%)            4M (0%)             -                  -          
[16.317s][info][gc,heap     ] GC(53)   Garbage:         -               309M (8%)          309M (8%)          309M (8%)             -                  -          
[16.317s][info][gc,heap     ] GC(53) Reclaimed:         -                  -                 0M (0%)            0M (0%)             -                  -          
[16.317s][info][gc          ] GC(53) Garbage Collection (Timer) 3208M(78%)->3212M(78%)
[16.585s][info][gc,start    ] GC(54) Garbage Collection (Timer)
[16.585s][info][gc,task     ] GC(54) Using 3 workers
[16.586s][info][gc,phases   ] GC(54) Pause Mark Start 0.006ms
[16.614s][info][gc,phases   ] GC(54) Concurrent Mark 27.983ms
[16.614s][info][gc,phases   ] GC(54) Pause Mark End 0.011ms
[16.614s][info][gc,phases   ] GC(54) Concurrent Mark Free 0.001ms
[16.615s][info][gc,phases   ] GC(54) Concurrent Process Non-Strong References 0.655ms
[16.615s][info][gc,phases   ] GC(54) Concurrent Reset Relocation Set 0.001ms
[16.618s][info][gc,phases   ] GC(54) Concurrent Select Relocation Set 2.794ms
[16.618s][info][gc,phases   ] GC(54) Pause Relocate Start 0.008ms
[16.623s][info][gc,phases   ] GC(54) Concurrent Relocate 5.422ms
[16.623s][info][gc,load     ] GC(54) Load: 0.00/0.00/0.00
[16.623s][info][gc,mmu      ] GC(54) MMU: 2ms/99.3%, 5ms/99.6%, 10ms/99.8%, 20ms/99.9%, 50ms/99.9%, 100ms/100.0%
[16.624s][info][gc,marking  ] GC(54) Mark: 2 stripe(s), 2 proactive flush(es), 1 terminate flush(es), 0 completion(s), 0 continuation(s) 
[16.624s][info][gc,marking  ] GC(54) Mark Stack Usage: 32M
[16.624s][info][gc,nmethod  ] GC(54) NMethods: 481 registered, 0 unregistered
[16.624s][info][gc,metaspace] GC(54) Metaspace: 1M used, 1M committed, 1088M reserved
[16.624s][info][gc,ref      ] GC(54) Soft: 181 encountered, 0 discovered, 0 enqueued
[16.624s][info][gc,ref      ] GC(54) Weak: 263 encountered, 229 discovered, 0 enqueued
[16.624s][info][gc,ref      ] GC(54) Final: 0 encountered, 0 discovered, 0 enqueued
[16.624s][info][gc,ref      ] GC(54) Phantom: 7 encountered, 2 discovered, 0 enqueued
[16.624s][info][gc,reloc    ] GC(54) Small Pages: 1605 / 3210M, Empty: 0M, Relocated: 5M, In-Place: 0
[16.624s][info][gc,reloc    ] GC(54) Medium Pages: 2 / 64M, Empty: 32M, Relocated: 0M, In-Place: 0
[16.624s][info][gc,reloc    ] GC(54) Large Pages: 0 / 0M, Empty: 0M, Relocated: 0M, In-Place: 0
[16.624s][info][gc,reloc    ] GC(54) Forwarding Usage: 0M
[16.624s][info][gc,heap     ] GC(54) Min Capacity: 4096M(100%)
[16.624s][info][gc,heap     ] GC(54) Max Capacity: 4096M(100%)
[16.624s][info][gc,heap     ] GC(54) Soft Max Capacity: 4096M(100%)
[16.624s][info][gc,heap     ] GC(54)                Mark Start          Mark End        Relocate Start      Relocate End           High               Low         
[16.624s][info][gc,heap     ] GC(54)  Capacity:     4096M (100%)       4096M (100%)       4096M (100%)       4096M (100%)       4096M (100%)       4096M (100%)   
[16.624s][info][gc,heap     ] GC(54)      Free:      822M (20%)         820M (20%)         852M (21%)         854M (21%)         854M (21%)         820M (20%)    
[16.624s][info][gc,heap     ] GC(54)      Used:     3274M (80%)        3276M (80%)        3244M (79%)        3242M (79%)        3276M (80%)        3242M (79%)    
[16.624s][info][gc,heap     ] GC(54)      Live:         -              2929M (72%)        2929M (72%)        2929M (72%)            -                  -          
[16.624s][info][gc,heap     ] GC(54) Allocated:         -                 2M (0%)            2M (0%)            1M (0%)             -                  -          
[16.624s][info][gc,heap     ] GC(54)   Garbage:         -               344M (8%)          312M (8%)          310M (8%)             -                  -          
[16.624s][info][gc,heap     ] GC(54) Reclaimed:         -                  -                32M (1%)           33M (1%)             -                  -          
[16.624s][info][gc          ] GC(54) Garbage Collection (Timer) 3274M(80%)->3242M(79%)
[16.885s][info][gc,start    ] GC(55) Garbage Collection (Timer)
[16.885s][info][gc,task     ] GC(55) Using 3 workers
[16.885s][info][gc,phases   ] GC(55) Pause Mark Start 0.006ms
[16.907s][info][gc,phases   ] GC(55) Concurrent Mark 21.791ms
[16.908s][info][gc,phases   ] GC(55) Pause Mark End 0.009ms
[16.908s][info][gc,phases   ] GC(55) Concurrent Mark Free 0.001ms
[16.908s][info][gc,phases   ] GC(55) Concurrent Process Non-Strong References 0.519ms
[16.908s][info][gc,phases   ] GC(55) Concurrent Reset Relocation Set 0.001ms
[16.911s][info][gc,phases   ] GC(55) Concurrent Select Relocation Set 2.871ms
[16.911s][info][gc,phases   ] GC(55) Pause Relocate Start 0.006ms
[16.914s][info][gc,phases   ] GC(55) Concurrent Relocate 2.885ms
[16.914s][info][gc,load     ] GC(55) Load: 0.00/0.00/0.00
[16.914s][info][gc,mmu      ] GC(55) MMU: 2ms/99.3%, 5ms/99.6%, 10ms/99.8%, 20ms/99.9%, 50ms/99.9%, 100ms/100.0%
[16.914s][info][gc,marking  ] GC(55) Mark: 2 stripe(s), 3 proactive flush(es), 1 terminate flush(es), 0 completion(s), 0 continuation(s) 
[16.914s][info][gc,marking  ] GC(55) Mark Stack Usage: 32M
[16.914s][info][gc,nmethod  ] GC(55) NMethods: 481 registered, 0 unregistered
[16.914s][info][gc,metaspace] GC(55) Metaspace: 1M used, 1M committed, 1088M reserved
[16.914s][info][gc,ref      ] GC(55) Soft: 181 encountered, 0 discovered, 0 enqueued
[16.914s][info][gc,ref      ] GC(55) Weak: 263 encountered, 229 discovered, 0 enqueued
[16.915s][info][gc,ref      ] GC(55) Final: 0 encountered, 0 discovered, 0 enqueued
[16.915s][info][gc,ref      ] GC(55) Phantom: 7 encountered, 2 discovered, 0 enqueued
[16.915s][info][gc,reloc    ] GC(55) Small Pages: 1625 / 3250M, Empty: 0M, Relocated: 1M, In-Place: 0
[16.915s][info][gc,reloc    ] GC(55) Medium Pages: 1 / 32M, Empty: 0M, Relocated: 0M, In-Place: 0
[16.915s][info][gc,reloc    ] GC(55) Large Pages: 0 / 0M, Empty: 0M, Relocated: 0M, In-Place: 0
[16.915s][info][gc,reloc    ] GC(55) Forwarding Usage: 0M
[16.915s][info][gc,heap     ] GC(55) Min Capacity: 4096M(100%)
[16.915s][info][gc,heap     ] GC(55) Max Capacity: 4096M(100%)
[16.915s][info][gc,heap     ] GC(55) Soft Max Capacity: 4096M(100%)
[16.915s][info][gc,heap     ] GC(55)                Mark Start          Mark End        Relocate Start      Relocate End           High               Low         
[16.915s][info][gc,heap     ] GC(55)  Capacity:     4096M (100%)       4096M (100%)       4096M (100%)       4096M (100%)       4096M (100%)       4096M (100%)   
[16.915s][info][gc,heap     ] GC(55)      Free:      814M (20%)         812M (20%)         812M (20%)         812M (20%)         814M (20%)         808M (20%)    
[16.915s][info][gc,heap     ] GC(55)      Used:     3282M (80%)        3284M (80%)        3284M (80%)        3284M (80%)        3288M (80%)        3282M (80%)    
[16.915s][info][gc,heap     ] GC(55)      Live:         -              2967M (72%)        2967M (72%)        2967M (72%)            -                  -          
[16.915s][info][gc,heap     ] GC(55) Allocated:         -                 2M (0%)            2M (0%)            2M (0%)             -                  -          
[16.915s][info][gc,heap     ] GC(55)   Garbage:         -               314M (8%)          314M (8%)          314M (8%)             -                  -          
[16.915s][info][gc,heap     ] GC(55) Reclaimed:         -                  -                 0M (0%)            0M (0%)             -                  -          
[16.915s][info][gc          ] GC(55) Garbage Collection (Timer) 3282M(80%)->3284M(80%)
[17.185s][info][gc,start    ] GC(56) Garbage Collection (Timer)
[17.185s][info][gc,task     ] GC(56) Using 3 workers
[17.185s][info][gc,phases   ] GC(56) Pause Mark Start 0.011ms
[17.208s][info][gc,phases   ] GC(56) Concurrent Mark 23.349ms
[17.208s][info][gc,phases   ] GC(56) Pause Mark End 0.012ms
[17.209s][info][gc,phases   ] GC(56) Concurrent Mark Free 0.001ms
[17.209s][info][gc,phases   ] GC(56) Concurrent Process Non-Strong References 0.673ms
[17.209s][info][gc,phases   ] GC(56) Concurrent Reset Relocation Set 0.001ms
[17.212s][info][gc,phases   ] GC(56) Concurrent Select Relocation Set 2.557ms
[17.212s][info][gc,phases   ] GC(56) Pause Relocate Start 0.006ms
[17.215s][info][gc,phases   ] GC(56) Concurrent Relocate 2.728ms
[17.215s][info][gc,load     ] GC(56) Load: 0.00/0.00/0.00
[17.215s][info][gc,mmu      ] GC(56) MMU: 2ms/99.3%, 5ms/99.6%, 10ms/99.8%, 20ms/99.9%, 50ms/99.9%, 100ms/100.0%
[17.215s][info][gc,marking  ] GC(56) Mark: 2 stripe(s), 2 proactive flush(es), 1 terminate flush(es), 0 completion(s), 0 continuation(s) 
[17.215s][info][gc,marking  ] GC(56) Mark Stack Usage: 32M
[17.215s][info][gc,nmethod  ] GC(56) NMethods: 481 registered, 0 unregistered
[17.215s][info][gc,metaspace] GC(56) Metaspace: 1M used, 1M committed, 1088M reserved
[17.215s][info][gc,ref      ] GC(56) Soft: 181 encountered, 0 discovered, 0 enqueued
[17.215s][info][gc,ref      ] GC(56) Weak: 263 encountered, 195 discovered, 0 enqueued
[17.215s][info][gc,ref      ] GC(56) Final: 0 encountered, 0 discovered, 0 enqueued
[17.215s][info][gc,ref      ] GC(56) Phantom: 7 encountered, 4 discovered, 0 enqueued
[17.215s][info][gc,reloc    ] GC(56) Small Pages: 1649 / 3298M, Empty: 0M, Relocated: 1M, In-Place: 0
[17.215s][info][gc,reloc    ] GC(56) Medium Pages: 1 / 32M, Empty: 0M, Relocated: 0M, In-Place: 0
[17.215s][info][gc,reloc    ] GC(56) Large Pages: 0 / 0M, Empty: 0M, Relocated: 0M, In-Place: 0
[17.215s][info][gc,reloc    ] GC(56) Forwarding Usage: 0M
[17.215s][info][gc,heap     ] GC(56) Min Capacity: 4096M(100%)
[17.215s][info][gc,heap     ] GC(56) Max Capacity: 4096M(100%)
[17.216s][info][gc,heap     ] GC(56) Soft Max Capacity: 4096M(100%)
[17.216s][info][gc,heap     ] GC(56)                Mark Start          Mark End        Relocate Start      Relocate End           High               Low         
[17.216s][info][gc,heap     ] GC(56)  Capacity:     4096M (100%)       4096M (100%)       4096M (100%)       4096M (100%)       4096M (100%)       4096M (100%)   
[17.216s][info][gc,heap     ] GC(56)      Free:      766M (19%)         764M (19%)         764M (19%)         764M (19%)         766M (19%)         760M (19%)    
[17.216s][info][gc,heap     ] GC(56)      Used:     3330M (81%)        3332M (81%)        3332M (81%)        3332M (81%)        3336M (81%)        3330M (81%)    
[17.216s][info][gc,heap     ] GC(56)      Live:         -              3011M (74%)        3011M (74%)        3011M (74%)            -                  -          
[17.216s][info][gc,heap     ] GC(56) Allocated:         -                 2M (0%)            2M (0%)            2M (0%)             -                  -          
[17.216s][info][gc,heap     ] GC(56)   Garbage:         -               318M (8%)          318M (8%)          318M (8%)             -                  -          
[17.216s][info][gc,heap     ] GC(56) Reclaimed:         -                  -                 0M (0%)            0M (0%)             -                  -          
[17.216s][info][gc          ] GC(56) Garbage Collection (Timer) 3330M(81%)->3332M(81%)
[17.498s][info][gc,start    ] GC(57) Garbage Collection (Timer)
[17.498s][info][gc,task     ] GC(57) Using 3 workers
[17.499s][info][gc,phases   ] GC(57) Pause Mark Start 0.006ms
[17.530s][info][gc,phases   ] GC(57) Concurrent Mark 31.158ms
[17.530s][info][gc,phases   ] GC(57) Pause Mark End 0.010ms
[17.530s][info][gc,phases   ] GC(57) Concurrent Mark Free 0.001ms
[17.531s][info][gc,phases   ] GC(57) Concurrent Process Non-Strong References 0.519ms
[17.531s][info][gc,phases   ] GC(57) Concurrent Reset Relocation Set 0.001ms
[17.533s][info][gc,phases   ] GC(57) Concurrent Select Relocation Set 2.524ms
[17.533s][info][gc,phases   ] GC(57) Pause Relocate Start 0.006ms
[17.536s][info][gc,phases   ] GC(57) Concurrent Relocate 2.706ms
[17.536s][info][gc,load     ] GC(57) Load: 0.00/0.00/0.00
[17.536s][info][gc,mmu      ] GC(57) MMU: 2ms/99.3%, 5ms/99.6%, 10ms/99.8%, 20ms/99.9%, 50ms/99.9%, 100ms/100.0%
[17.536s][info][gc,marking  ] GC(57) Mark: 2 stripe(s), 3 proactive flush(es), 1 terminate flush(es), 0 completion(s), 0 continuation(s) 
[17.536s][info][gc,marking  ] GC(57) Mark Stack Usage: 32M
[17.536s][info][gc,nmethod  ] GC(57) NMethods: 481 registered, 0 unregistered
[17.536s][info][gc,metaspace] GC(57) Metaspace: 1M used, 1M committed, 1088M reserved
[17.536s][info][gc,ref      ] GC(57) Soft: 181 encountered, 0 discovered, 0 enqueued
[17.536s][info][gc,ref      ] GC(57) Weak: 263 encountered, 3 discovered, 0 enqueued
[17.536s][info][gc,ref      ] GC(57) Final: 0 encountered, 0 discovered, 0 enqueued
[17.536s][info][gc,ref      ] GC(57) Phantom: 7 encountered, 3 discovered, 0 enqueued
[17.536s][info][gc,reloc    ] GC(57) Small Pages: 1664 / 3328M, Empty: 0M, Relocated: 1M, In-Place: 0
[17.537s][info][gc,reloc    ] GC(57) Medium Pages: 1 / 32M, Empty: 0M, Relocated: 0M, In-Place: 0
[17.537s][info][gc,reloc    ] GC(57) Large Pages: 0 / 0M, Empty: 0M, Relocated: 0M, In-Place: 0
[17.537s][info][gc,reloc    ] GC(57) Forwarding Usage: 0M
[17.537s][info][gc,heap     ] GC(57) Min Capacity: 4096M(100%)
[17.537s][info][gc,heap     ] GC(57) Max Capacity: 4096M(100%)
[17.537s][info][gc,heap     ] GC(57) Soft Max Capacity: 4096M(100%)
[17.537s][info][gc,heap     ] GC(57)                Mark Start          Mark End        Relocate Start      Relocate End           High               Low         
[17.537s][info][gc,heap     ] GC(57)  Capacity:     4096M (100%)       4096M (100%)       4096M (100%)       4096M (100%)       4096M (100%)       4096M (100%)   
[17.537s][info][gc,heap     ] GC(57)      Free:      736M (18%)         734M (18%)         734M (18%)         734M (18%)         736M (18%)         728M (18%)    
[17.537s][info][gc,heap     ] GC(57)      Used:     3360M (82%)        3362M (82%)        3362M (82%)        3362M (82%)        3368M (82%)        3360M (82%)    
[17.537s][info][gc,heap     ] GC(57)      Live:         -              3037M (74%)        3037M (74%)        3037M (74%)            -                  -          
[17.537s][info][gc,heap     ] GC(57) Allocated:         -                 2M (0%)            2M (0%)            2M (0%)             -                  -          
[17.537s][info][gc,heap     ] GC(57)   Garbage:         -               322M (8%)          322M (8%)          322M (8%)             -                  -          
[17.537s][info][gc,heap     ] GC(57) Reclaimed:         -                  -                 0M (0%)            0M (0%)             -                  -          
[17.537s][info][gc          ] GC(57) Garbage Collection (Timer) 3360M(82%)->3362M(82%)
[17.795s][info][gc,start    ] GC(58) Garbage Collection (Timer)
[17.795s][info][gc,task     ] GC(58) Using 3 workers
[17.795s][info][gc,phases   ] GC(58) Pause Mark Start 0.006ms
[17.826s][info][gc,phases   ] GC(58) Concurrent Mark 30.776ms
[17.826s][info][gc,phases   ] GC(58) Pause Mark End 0.013ms
[17.826s][info][gc,phases   ] GC(58) Concurrent Mark Free 0.001ms
[17.826s][info][gc,phases   ] GC(58) Concurrent Process Non-Strong References 0.505ms
[17.827s][info][gc,phases   ] GC(58) Concurrent Reset Relocation Set 0.001ms
[17.830s][info][gc,phases   ] GC(58) Concurrent Select Relocation Set 3.208ms
[17.830s][info][gc,phases   ] GC(58) Pause Relocate Start 0.007ms
[17.832s][info][gc,phases   ] GC(58) Concurrent Relocate 2.416ms
[17.832s][info][gc,load     ] GC(58) Load: 0.00/0.00/0.00
[17.832s][info][gc,mmu      ] GC(58) MMU: 2ms/99.3%, 5ms/99.6%, 10ms/99.8%, 20ms/99.9%, 50ms/99.9%, 100ms/100.0%
[17.832s][info][gc,marking  ] GC(58) Mark: 2 stripe(s), 2 proactive flush(es), 1 terminate flush(es), 0 completion(s), 0 continuation(s) 
[17.833s][info][gc,marking  ] GC(58) Mark Stack Usage: 32M
[17.833s][info][gc,nmethod  ] GC(58) NMethods: 481 registered, 0 unregistered
[17.833s][info][gc,metaspace] GC(58) Metaspace: 1M used, 1M committed, 1088M reserved
[17.833s][info][gc,ref      ] GC(58) Soft: 181 encountered, 0 discovered, 0 enqueued
[17.833s][info][gc,ref      ] GC(58) Weak: 263 encountered, 229 discovered, 0 enqueued
[17.833s][info][gc,ref      ] GC(58) Final: 0 encountered, 0 discovered, 0 enqueued
[17.833s][info][gc,ref      ] GC(58) Phantom: 7 encountered, 2 discovered, 0 enqueued
[17.833s][info][gc,reloc    ] GC(58) Small Pages: 1677 / 3354M, Empty: 0M, Relocated: 1M, In-Place: 0
[17.833s][info][gc,reloc    ] GC(58) Medium Pages: 1 / 32M, Empty: 0M, Relocated: 0M, In-Place: 0
[17.833s][info][gc,reloc    ] GC(58) Large Pages: 0 / 0M, Empty: 0M, Relocated: 0M, In-Place: 0
[17.833s][info][gc,reloc    ] GC(58) Forwarding Usage: 0M
[17.833s][info][gc,heap     ] GC(58) Min Capacity: 4096M(100%)
[17.833s][info][gc,heap     ] GC(58) Max Capacity: 4096M(100%)
[17.833s][info][gc,heap     ] GC(58) Soft Max Capacity: 4096M(100%)
[17.833s][info][gc,heap     ] GC(58)                Mark Start          Mark End        Relocate Start      Relocate End           High               Low         
[17.833s][info][gc,heap     ] GC(58)  Capacity:     4096M (100%)       4096M (100%)       4096M (100%)       4096M (100%)       4096M (100%)       4096M (100%)   
[17.833s][info][gc,heap     ] GC(58)      Free:      710M (17%)         708M (17%)         708M (17%)         708M (17%)         710M (17%)         702M (17%)    
[17.833s][info][gc,heap     ] GC(58)      Used:     3386M (83%)        3388M (83%)        3388M (83%)        3388M (83%)        3394M (83%)        3386M (83%)    
[17.833s][info][gc,heap     ] GC(58)      Live:         -              3061M (75%)        3061M (75%)        3061M (75%)            -                  -          
[17.833s][info][gc,heap     ] GC(58) Allocated:         -                 2M (0%)            2M (0%)            2M (0%)             -                  -          
[17.833s][info][gc,heap     ] GC(58)   Garbage:         -               324M (8%)          324M (8%)          324M (8%)             -                  -          
[17.833s][info][gc,heap     ] GC(58) Reclaimed:         -                  -                 0M (0%)            0M (0%)             -                  -          
[17.833s][info][gc          ] GC(58) Garbage Collection (Timer) 3386M(83%)->3388M(83%)
[18.091s][info][gc,start    ] GC(59) Garbage Collection (Timer)
[18.091s][info][gc,task     ] GC(59) Using 3 workers
[18.091s][info][gc,phases   ] GC(59) Pause Mark Start 0.006ms
[18.138s][info][gc,phases   ] GC(59) Concurrent Mark 46.703ms
[18.138s][info][gc,phases   ] GC(59) Pause Mark End 0.010ms
[18.138s][info][gc,phases   ] GC(59) Concurrent Mark Free 0.001ms
[18.139s][info][gc,phases   ] GC(59) Concurrent Process Non-Strong References 0.720ms
[18.139s][info][gc,phases   ] GC(59) Concurrent Reset Relocation Set 0.001ms
[18.141s][info][gc,phases   ] GC(59) Concurrent Select Relocation Set 2.668ms
[18.141s][info][gc,phases   ] GC(59) Pause Relocate Start 0.004ms
[18.144s][info][gc,phases   ] GC(59) Concurrent Relocate 2.269ms
[18.144s][info][gc,load     ] GC(59) Load: 0.00/0.00/0.00
[18.144s][info][gc,mmu      ] GC(59) MMU: 2ms/99.3%, 5ms/99.6%, 10ms/99.8%, 20ms/99.9%, 50ms/99.9%, 100ms/100.0%
[18.144s][info][gc,marking  ] GC(59) Mark: 2 stripe(s), 4 proactive flush(es), 1 terminate flush(es), 0 completion(s), 0 continuation(s) 
[18.144s][info][gc,marking  ] GC(59) Mark Stack Usage: 32M
[18.144s][info][gc,nmethod  ] GC(59) NMethods: 481 registered, 0 unregistered
[18.144s][info][gc,metaspace] GC(59) Metaspace: 1M used, 1M committed, 1088M reserved
[18.144s][info][gc,ref      ] GC(59) Soft: 181 encountered, 0 discovered, 0 enqueued
[18.144s][info][gc,ref      ] GC(59) Weak: 263 encountered, 0 discovered, 0 enqueued
[18.144s][info][gc,ref      ] GC(59) Final: 0 encountered, 0 discovered, 0 enqueued
[18.144s][info][gc,ref      ] GC(59) Phantom: 7 encountered, 4 discovered, 0 enqueued
[18.144s][info][gc,reloc    ] GC(59) Small Pages: 1690 / 3380M, Empty: 0M, Relocated: 0M, In-Place: 0
[18.144s][info][gc,reloc    ] GC(59) Medium Pages: 1 / 32M, Empty: 0M, Relocated: 0M, In-Place: 0
[18.144s][info][gc,reloc    ] GC(59) Large Pages: 0 / 0M, Empty: 0M, Relocated: 0M, In-Place: 0
[18.144s][info][gc,reloc    ] GC(59) Forwarding Usage: 0M
[18.144s][info][gc,heap     ] GC(59) Min Capacity: 4096M(100%)
[18.144s][info][gc,heap     ] GC(59) Max Capacity: 4096M(100%)
[18.144s][info][gc,heap     ] GC(59) Soft Max Capacity: 4096M(100%)
[18.144s][info][gc,heap     ] GC(59)                Mark Start          Mark End        Relocate Start      Relocate End           High               Low         
[18.144s][info][gc,heap     ] GC(59)  Capacity:     4096M (100%)       4096M (100%)       4096M (100%)       4096M (100%)       4096M (100%)       4096M (100%)   
[18.144s][info][gc,heap     ] GC(59)      Free:      684M (17%)         684M (17%)         684M (17%)         684M (17%)         684M (17%)         678M (17%)    
[18.144s][info][gc,heap     ] GC(59)      Used:     3412M (83%)        3412M (83%)        3412M (83%)        3412M (83%)        3418M (83%)        3412M (83%)    
[18.144s][info][gc,heap     ] GC(59)      Live:         -              3083M (75%)        3083M (75%)        3083M (75%)            -                  -          
[18.144s][info][gc,heap     ] GC(59) Allocated:         -                 0M (0%)            0M (0%)            0M (0%)             -                  -          
[18.144s][info][gc,heap     ] GC(59)   Garbage:         -               328M (8%)          328M (8%)          328M (8%)             -                  -          
[18.144s][info][gc,heap     ] GC(59) Reclaimed:         -                  -                 0M (0%)            0M (0%)             -                  -          
[18.144s][info][gc          ] GC(59) Garbage Collection (Timer) 3412M(83%)->3412M(83%)
[18.385s][info][gc,start    ] GC(60) Garbage Collection (Timer)
[18.385s][info][gc,task     ] GC(60) Using 3 workers
[18.385s][info][gc,phases   ] GC(60) Pause Mark Start 0.009ms
[18.431s][info][gc,phases   ] GC(60) Concurrent Mark 46.122ms
[18.432s][info][gc,phases   ] GC(60) Pause Mark End 0.010ms
[18.432s][info][gc,phases   ] GC(60) Concurrent Mark Free 0.001ms
[18.433s][info][gc,phases   ] GC(60) Concurrent Process Non-Strong References 0.818ms
[18.433s][info][gc,phases   ] GC(60) Concurrent Reset Relocation Set 0.001ms
[18.435s][info][gc,phases   ] GC(60) Concurrent Select Relocation Set 2.107ms
[18.435s][info][gc,phases   ] GC(60) Pause Relocate Start 0.004ms
[18.435s][info][gc,phases   ] GC(60) Concurrent Relocate 0.383ms
[18.435s][info][gc,load     ] GC(60) Load: 0.00/0.00/0.00
[18.435s][info][gc,mmu      ] GC(60) MMU: 2ms/99.3%, 5ms/99.6%, 10ms/99.8%, 20ms/99.9%, 50ms/99.9%, 100ms/100.0%
[18.435s][info][gc,marking  ] GC(60) Mark: 2 stripe(s), 2 proactive flush(es), 1 terminate flush(es), 0 completion(s), 0 continuation(s) 
[18.435s][info][gc,marking  ] GC(60) Mark Stack Usage: 32M
[18.435s][info][gc,nmethod  ] GC(60) NMethods: 481 registered, 0 unregistered
[18.435s][info][gc,metaspace] GC(60) Metaspace: 1M used, 1M committed, 1088M reserved
[18.436s][info][gc,ref      ] GC(60) Soft: 181 encountered, 0 discovered, 0 enqueued
[18.436s][info][gc,ref      ] GC(60) Weak: 263 encountered, 226 discovered, 0 enqueued
[18.436s][info][gc,ref      ] GC(60) Final: 0 encountered, 0 discovered, 0 enqueued
[18.436s][info][gc,ref      ] GC(60) Phantom: 7 encountered, 4 discovered, 0 enqueued
[18.436s][info][gc,reloc    ] GC(60) Small Pages: 1690 / 3380M, Empty: 0M, Relocated: 0M, In-Place: 0
[18.436s][info][gc,reloc    ] GC(60) Medium Pages: 1 / 32M, Empty: 0M, Relocated: 0M, In-Place: 0
[18.436s][info][gc,reloc    ] GC(60) Large Pages: 0 / 0M, Empty: 0M, Relocated: 0M, In-Place: 0
[18.436s][info][gc,reloc    ] GC(60) Forwarding Usage: 0M
[18.436s][info][gc,heap     ] GC(60) Min Capacity: 4096M(100%)
[18.436s][info][gc,heap     ] GC(60) Max Capacity: 4096M(100%)
[18.436s][info][gc,heap     ] GC(60) Soft Max Capacity: 4096M(100%)
[18.436s][info][gc,heap     ] GC(60)                Mark Start          Mark End        Relocate Start      Relocate End           High               Low         
[18.436s][info][gc,heap     ] GC(60)  Capacity:     4096M (100%)       4096M (100%)       4096M (100%)       4096M (100%)       4096M (100%)       4096M (100%)   
[18.436s][info][gc,heap     ] GC(60)      Free:      684M (17%)         684M (17%)         684M (17%)         686M (17%)         686M (17%)         682M (17%)    
[18.436s][info][gc,heap     ] GC(60)      Used:     3412M (83%)        3412M (83%)        3412M (83%)        3410M (83%)        3414M (83%)        3410M (83%)    
[18.436s][info][gc,heap     ] GC(60)      Live:         -              3083M (75%)        3083M (75%)        3083M (75%)            -                  -          
[18.436s][info][gc,heap     ] GC(60) Allocated:         -                 0M (0%)            0M (0%)            0M (0%)             -                  -          
[18.436s][info][gc,heap     ] GC(60)   Garbage:         -               328M (8%)          328M (8%)          326M (8%)             -                  -          
[18.436s][info][gc,heap     ] GC(60) Reclaimed:         -                  -                 0M (0%)            2M (0%)             -                  -          
[18.436s][info][gc          ] GC(60) Garbage Collection (Timer) 3412M(83%)->3410M(83%)
[18.698s][info][gc,start    ] GC(61) Garbage Collection (Timer)
[18.698s][info][gc,task     ] GC(61) Using 3 workers
[18.698s][info][gc,phases   ] GC(61) Pause Mark Start 0.006ms
[18.730s][info][gc,phases   ] GC(61) Concurrent Mark 32.007ms
[18.730s][info][gc,phases   ] GC(61) Pause Mark End 0.010ms
[18.730s][info][gc,phases   ] GC(61) Concurrent Mark Free 0.001ms
[18.731s][info][gc,phases   ] GC(61) Concurrent Process Non-Strong References 0.824ms
[18.731s][info][gc,phases   ] GC(61) Concurrent Reset Relocation Set 0.001ms
[18.734s][info][gc,phases   ] GC(61) Concurrent Select Relocation Set 2.527ms
[18.734s][info][gc,phases   ] GC(61) Pause Relocate Start 0.005ms
[18.734s][info][gc,phases   ] GC(61) Concurrent Relocate 0.334ms
[18.734s][info][gc,load     ] GC(61) Load: 0.00/0.00/0.00
[18.734s][info][gc,mmu      ] GC(61) MMU: 2ms/99.3%, 5ms/99.6%, 10ms/99.8%, 20ms/99.9%, 50ms/99.9%, 100ms/100.0%
[18.734s][info][gc,marking  ] GC(61) Mark: 2 stripe(s), 2 proactive flush(es), 1 terminate flush(es), 0 completion(s), 0 continuation(s) 
[18.734s][info][gc,marking  ] GC(61) Mark Stack Usage: 32M
[18.734s][info][gc,nmethod  ] GC(61) NMethods: 481 registered, 0 unregistered
[18.734s][info][gc,metaspace] GC(61) Metaspace: 1M used, 1M committed, 1088M reserved
[18.734s][info][gc,ref      ] GC(61) Soft: 181 encountered, 0 discovered, 0 enqueued
[18.734s][info][gc,ref      ] GC(61) Weak: 263 encountered, 226 discovered, 0 enqueued
[18.734s][info][gc,ref      ] GC(61) Final: 0 encountered, 0 discovered, 0 enqueued
[18.734s][info][gc,ref      ] GC(61) Phantom: 7 encountered, 4 discovered, 0 enqueued
[18.734s][info][gc,reloc    ] GC(61) Small Pages: 1689 / 3378M, Empty: 0M, Relocated: 0M, In-Place: 0
[18.734s][info][gc,reloc    ] GC(61) Medium Pages: 1 / 32M, Empty: 0M, Relocated: 0M, In-Place: 0
[18.734s][info][gc,reloc    ] GC(61) Large Pages: 0 / 0M, Empty: 0M, Relocated: 0M, In-Place: 0
[18.734s][info][gc,reloc    ] GC(61) Forwarding Usage: 0M
[18.734s][info][gc,heap     ] GC(61) Min Capacity: 4096M(100%)
[18.735s][info][gc,heap     ] GC(61) Max Capacity: 4096M(100%)
[18.735s][info][gc,heap     ] GC(61) Soft Max Capacity: 4096M(100%)
[18.735s][info][gc,heap     ] GC(61)                Mark Start          Mark End        Relocate Start      Relocate End           High               Low         
[18.735s][info][gc,heap     ] GC(61)  Capacity:     4096M (100%)       4096M (100%)       4096M (100%)       4096M (100%)       4096M (100%)       4096M (100%)   
[18.735s][info][gc,heap     ] GC(61)      Free:      686M (17%)         686M (17%)         686M (17%)         686M (17%)         686M (17%)         682M (17%)    
[18.735s][info][gc,heap     ] GC(61)      Used:     3410M (83%)        3410M (83%)        3410M (83%)        3410M (83%)        3414M (83%)        3410M (83%)    
[18.735s][info][gc,heap     ] GC(61)      Live:         -              3083M (75%)        3083M (75%)        3083M (75%)            -                  -          
[18.735s][info][gc,heap     ] GC(61) Allocated:         -                 0M (0%)            0M (0%)            0M (0%)             -                  -          
[18.735s][info][gc,heap     ] GC(61)   Garbage:         -               326M (8%)          326M (8%)          326M (8%)             -                  -          
[18.735s][info][gc,heap     ] GC(61) Reclaimed:         -                  -                 0M (0%)            0M (0%)             -                  -          
[18.735s][info][gc          ] GC(61) Garbage Collection (Timer) 3410M(83%)->3410M(83%)
[18.996s][info][gc,start    ] GC(62) Garbage Collection (Timer)
[18.996s][info][gc,task     ] GC(62) Using 3 workers
[18.996s][info][gc,phases   ] GC(62) Pause Mark Start 0.006ms
[19.027s][info][gc,phases   ] GC(62) Concurrent Mark 31.365ms
[19.027s][info][gc,phases   ] GC(62) Pause Mark End 0.010ms
[19.028s][info][gc,phases   ] GC(62) Concurrent Mark Free 0.001ms
[19.028s][info][gc,phases   ] GC(62) Concurrent Process Non-Strong References 0.661ms
[19.028s][info][gc,phases   ] GC(62) Concurrent Reset Relocation Set 0.001ms
[19.031s][info][gc          ] GC(62) Garbage Collection (Timer) Aborted
[19.031s][info][gc,heap,exit] Heap
[19.032s][info][gc,heap,exit]  ZHeap           used 3414M, capacity 4096M, max capacity 4096M
[19.032s][info][gc,heap,exit]  Metaspace       used 1595K, committed 1792K, reserved 1114112K
[19.032s][info][gc,heap,exit]   class space    used 147K, committed 256K, reserved 1048576K
