[0.022s][info][gc,init] Initializing The Z Garbage Collector
[0.023s][info][gc,init] Version: 17.0.11+1-LTS (release)
[0.023s][info][gc,init] NUMA Support: Disabled
[0.023s][info][gc,init] CPUs: 12 total, 12 available
[0.023s][info][gc,init] Memory: 24496M
[0.023s][info][gc,init] Large Page Support: Disabled
[0.023s][info][gc,init] GC Workers: 3 (dynamic)
[0.024s][info][gc,init] Address Space Type: Contiguous/Unrestricted/Complete
[0.024s][info][gc,init] Address Space Size: 65536M x 3 = 196608M
[0.024s][info][gc,init] Min Capacity: 4096M
[0.024s][info][gc,init] Initial Capacity: 4096M
[0.025s][info][gc,init] Max Capacity: 4096M
[0.025s][info][gc,init] Medium Page Size: 32M
[0.025s][info][gc,init] Pre-touch: Disabled
[0.025s][info][gc,init] Uncommit: Implicitly Disabled (-Xms equals -Xmx)
[0.251s][info][gc,init] Runtime Workers: 8
[0.253s][info][gc     ] Using The Z Garbage Collector
[0.262s][info][gc,metaspace] CDS archive(s) mapped at: [0x000002d12a000000-0x000002d12abc0000-0x000002d12abc0000), size 12320768, SharedBaseAddress: 0x000002d12a000000, ArchiveRelocationMode: 1.
[0.262s][info][gc,metaspace] Compressed class space mapped at: 0x000002d12b000000-0x000002d16b000000, reserved size: 1073741824
[0.262s][info][gc,metaspace] Narrow klass base: 0x000002d12a000000, Narrow klass shift: 0, Narrow klass range: 0x100000000
[0.389s][info][gc,start    ] GC(0) Garbage Collection (Timer)
[0.389s][info][gc,task     ] GC(0) Using 3 workers
[0.389s][info][gc,phases   ] GC(0) Pause Mark Start 0.006ms
[0.392s][info][gc,phases   ] GC(0) Concurrent Mark 3.613ms
[0.393s][info][gc,phases   ] GC(0) Pause Mark End 0.017ms
[0.393s][info][gc,phases   ] GC(0) Concurrent Mark Free 0.001ms
[0.393s][info][gc,phases   ] GC(0) Concurrent Process Non-Strong References 0.311ms
[0.393s][info][gc,phases   ] GC(0) Concurrent Reset Relocation Set 0.001ms
[0.403s][info][gc,phases   ] GC(0) Concurrent Select Relocation Set 9.460ms
[0.403s][info][gc,phases   ] GC(0) Pause Relocate Start 0.006ms
[0.403s][info][gc,phases   ] GC(0) Concurrent Relocate 0.119ms
[0.403s][info][gc,load     ] GC(0) Load: 0.00/0.00/0.00
[0.403s][info][gc,mmu      ] GC(0) MMU: 2ms/99.2%, 5ms/99.5%, 10ms/99.8%, 20ms/99.9%, 50ms/99.9%, 100ms/100.0%
[0.403s][info][gc,marking  ] GC(0) Mark: 2 stripe(s), 1 proactive flush(es), 1 terminate flush(es), 0 completion(s), 0 continuation(s) 
[0.403s][info][gc,marking  ] GC(0) Mark Stack Usage: 32M
[0.403s][info][gc,nmethod  ] GC(0) NMethods: 154 registered, 0 unregistered
[0.403s][info][gc,metaspace] GC(0) Metaspace: 0M used, 0M committed, 1088M reserved
[0.403s][info][gc,ref      ] GC(0) Soft: 36 encountered, 0 discovered, 0 enqueued
[0.403s][info][gc,ref      ] GC(0) Weak: 103 encountered, 20 discovered, 18 enqueued
[0.403s][info][gc,ref      ] GC(0) Final: 0 encountered, 0 discovered, 0 enqueued
[0.403s][info][gc,ref      ] GC(0) Phantom: 16 encountered, 13 discovered, 13 enqueued
[0.403s][info][gc,reloc    ] GC(0) Small Pages: 3 / 6M, Empty: 0M, Relocated: 0M, In-Place: 0
[0.403s][info][gc,reloc    ] GC(0) Medium Pages: 0 / 0M, Empty: 0M, Relocated: 0M, In-Place: 0
[0.403s][info][gc,reloc    ] GC(0) Large Pages: 0 / 0M, Empty: 0M, Relocated: 0M, In-Place: 0
[0.403s][info][gc,reloc    ] GC(0) Forwarding Usage: 0M
[0.403s][info][gc,heap     ] GC(0) Min Capacity: 4096M(100%)
[0.403s][info][gc,heap     ] GC(0) Max Capacity: 4096M(100%)
[0.403s][info][gc,heap     ] GC(0) Soft Max Capacity: 4096M(100%)
[0.403s][info][gc,heap     ] GC(0)                Mark Start          Mark End        Relocate Start      Relocate End           High               Low         
[0.403s][info][gc,heap     ] GC(0)  Capacity:     4096M (100%)       4096M (100%)       4096M (100%)       4096M (100%)       4096M (100%)       4096M (100%)   
[0.403s][info][gc,heap     ] GC(0)      Free:     4090M (100%)       4090M (100%)       4090M (100%)       4090M (100%)       4090M (100%)       4090M (100%)   
[0.404s][info][gc,heap     ] GC(0)      Used:        6M (0%)            6M (0%)            6M (0%)            6M (0%)            6M (0%)            6M (0%)     
[0.404s][info][gc,heap     ] GC(0)      Live:         -                 1M (0%)            1M (0%)            1M (0%)             -                  -          
[0.404s][info][gc,heap     ] GC(0) Allocated:         -                 0M (0%)            0M (0%)            0M (0%)             -                  -          
[0.404s][info][gc,heap     ] GC(0)   Garbage:         -                 4M (0%)            4M (0%)            4M (0%)             -                  -          
[0.404s][info][gc,heap     ] GC(0) Reclaimed:         -                  -                 0M (0%)            0M (0%)             -                  -          
[0.404s][info][gc          ] GC(0) Garbage Collection (Timer) 6M(0%)->6M(0%)
[0.686s][info][gc,start    ] GC(1) Garbage Collection (Timer)
[0.686s][info][gc,task     ] GC(1) Using 3 workers
[0.686s][info][gc,phases   ] GC(1) Pause Mark Start 0.006ms
[0.702s][info][gc,phases   ] GC(1) Concurrent Mark 16.255ms
[0.702s][info][gc,phases   ] GC(1) Pause Mark End 0.009ms
[0.703s][info][gc,phases   ] GC(1) Concurrent Mark Free 0.001ms
[0.703s][info][gc,phases   ] GC(1) Concurrent Process Non-Strong References 0.609ms
[0.703s][info][gc,phases   ] GC(1) Concurrent Reset Relocation Set 0.001ms
[0.706s][info][gc,phases   ] GC(1) Concurrent Select Relocation Set 2.506ms
[0.706s][info][gc,phases   ] GC(1) Pause Relocate Start 0.006ms
[0.707s][info][gc,phases   ] GC(1) Concurrent Relocate 0.671ms
[0.707s][info][gc,load     ] GC(1) Load: 0.00/0.00/0.00
[0.707s][info][gc,mmu      ] GC(1) MMU: 2ms/99.2%, 5ms/99.5%, 10ms/99.8%, 20ms/99.9%, 50ms/99.9%, 100ms/100.0%
[0.707s][info][gc,marking  ] GC(1) Mark: 2 stripe(s), 3 proactive flush(es), 1 terminate flush(es), 0 completion(s), 0 continuation(s) 
[0.707s][info][gc,marking  ] GC(1) Mark Stack Usage: 32M
[0.707s][info][gc,nmethod  ] GC(1) NMethods: 293 registered, 0 unregistered
[0.707s][info][gc,metaspace] GC(1) Metaspace: 0M used, 0M committed, 1088M reserved
[0.707s][info][gc,ref      ] GC(1) Soft: 72 encountered, 0 discovered, 0 enqueued
[0.707s][info][gc,ref      ] GC(1) Weak: 177 encountered, 101 discovered, 23 enqueued
[0.707s][info][gc,ref      ] GC(1) Final: 0 encountered, 0 discovered, 0 enqueued
[0.707s][info][gc,ref      ] GC(1) Phantom: 13 encountered, 7 discovered, 6 enqueued
[0.707s][info][gc,reloc    ] GC(1) Small Pages: 120 / 240M, Empty: 0M, Relocated: 0M, In-Place: 0
[0.707s][info][gc,reloc    ] GC(1) Medium Pages: 0 / 0M, Empty: 0M, Relocated: 0M, In-Place: 0
[0.707s][info][gc,reloc    ] GC(1) Large Pages: 0 / 0M, Empty: 0M, Relocated: 0M, In-Place: 0
[0.707s][info][gc,reloc    ] GC(1) Forwarding Usage: 0M
[0.707s][info][gc,heap     ] GC(1) Min Capacity: 4096M(100%)
[0.707s][info][gc,heap     ] GC(1) Max Capacity: 4096M(100%)
[0.707s][info][gc,heap     ] GC(1) Soft Max Capacity: 4096M(100%)
[0.707s][info][gc,heap     ] GC(1)                Mark Start          Mark End        Relocate Start      Relocate End           High               Low         
[0.707s][info][gc,heap     ] GC(1)  Capacity:     4096M (100%)       4096M (100%)       4096M (100%)       4096M (100%)       4096M (100%)       4096M (100%)   
[0.707s][info][gc,heap     ] GC(1)      Free:     3856M (94%)        3854M (94%)        3850M (94%)        3856M (94%)        3856M (94%)        3848M (94%)    
[0.707s][info][gc,heap     ] GC(1)      Used:      240M (6%)          242M (6%)          246M (6%)          240M (6%)          248M (6%)          240M (6%)     
[0.707s][info][gc,heap     ] GC(1)      Live:         -               209M (5%)          209M (5%)          209M (5%)             -                  -          
[0.707s][info][gc,heap     ] GC(1) Allocated:         -                 2M (0%)            6M (0%)            5M (0%)             -                  -          
[0.707s][info][gc,heap     ] GC(1)   Garbage:         -                30M (1%)           30M (1%)           24M (1%)             -                  -          
[0.707s][info][gc,heap     ] GC(1) Reclaimed:         -                  -                 0M (0%)            5M (0%)             -                  -          
[0.707s][info][gc          ] GC(1) Garbage Collection (Timer) 240M(6%)->240M(6%)
[0.986s][info][gc,start    ] GC(2) Garbage Collection (Warmup)
[0.986s][info][gc,task     ] GC(2) Using 3 workers
[0.986s][info][gc,phases   ] GC(2) Pause Mark Start 0.006ms
[1.007s][info][gc,phases   ] GC(2) Concurrent Mark 21.327ms
[1.008s][info][gc,phases   ] GC(2) Pause Mark End 0.010ms
[1.008s][info][gc,phases   ] GC(2) Concurrent Mark Free 0.001ms
[1.008s][info][gc,phases   ] GC(2) Concurrent Process Non-Strong References 0.384ms
[1.008s][info][gc,phases   ] GC(2) Concurrent Reset Relocation Set 0.001ms
[1.010s][info][gc,phases   ] GC(2) Concurrent Select Relocation Set 2.369ms
[1.011s][info][gc,phases   ] GC(2) Pause Relocate Start 0.007ms
[1.011s][info][gc,phases   ] GC(2) Concurrent Relocate 0.026ms
[1.011s][info][gc,load     ] GC(2) Load: 0.00/0.00/0.00
[1.011s][info][gc,mmu      ] GC(2) MMU: 2ms/99.2%, 5ms/99.5%, 10ms/99.8%, 20ms/99.9%, 50ms/99.9%, 100ms/100.0%
[1.011s][info][gc,marking  ] GC(2) Mark: 2 stripe(s), 3 proactive flush(es), 1 terminate flush(es), 0 completion(s), 0 continuation(s) 
[1.011s][info][gc,marking  ] GC(2) Mark Stack Usage: 32M
[1.011s][info][gc,nmethod  ] GC(2) NMethods: 293 registered, 0 unregistered
[1.011s][info][gc,metaspace] GC(2) Metaspace: 0M used, 0M committed, 1088M reserved
[1.011s][info][gc,ref      ] GC(2) Soft: 72 encountered, 0 discovered, 0 enqueued
[1.011s][info][gc,ref      ] GC(2) Weak: 154 encountered, 3 discovered, 0 enqueued
[1.011s][info][gc,ref      ] GC(2) Final: 0 encountered, 0 discovered, 0 enqueued
[1.011s][info][gc,ref      ] GC(2) Phantom: 7 encountered, 1 discovered, 0 enqueued
[1.011s][info][gc,reloc    ] GC(2) Small Pages: 246 / 492M, Empty: 0M, Relocated: 0M, In-Place: 0
[1.011s][info][gc,reloc    ] GC(2) Medium Pages: 0 / 0M, Empty: 0M, Relocated: 0M, In-Place: 0
[1.011s][info][gc,reloc    ] GC(2) Large Pages: 0 / 0M, Empty: 0M, Relocated: 0M, In-Place: 0
[1.011s][info][gc,reloc    ] GC(2) Forwarding Usage: 0M
[1.011s][info][gc,heap     ] GC(2) Min Capacity: 4096M(100%)
[1.011s][info][gc,heap     ] GC(2) Max Capacity: 4096M(100%)
[1.011s][info][gc,heap     ] GC(2) Soft Max Capacity: 4096M(100%)
[1.011s][info][gc,heap     ] GC(2)                Mark Start          Mark End        Relocate Start      Relocate End           High               Low         
[1.011s][info][gc,heap     ] GC(2)  Capacity:     4096M (100%)       4096M (100%)       4096M (100%)       4096M (100%)       4096M (100%)       4096M (100%)   
[1.011s][info][gc,heap     ] GC(2)      Free:     3604M (88%)        3600M (88%)        3598M (88%)        3598M (88%)        3604M (88%)        3598M (88%)    
[1.011s][info][gc,heap     ] GC(2)      Used:      492M (12%)         496M (12%)         498M (12%)         498M (12%)         498M (12%)         492M (12%)    
[1.011s][info][gc,heap     ] GC(2)      Live:         -               444M (11%)         444M (11%)         444M (11%)            -                  -          
[1.011s][info][gc,heap     ] GC(2) Allocated:         -                 4M (0%)            6M (0%)            6M (0%)             -                  -          
[1.011s][info][gc,heap     ] GC(2)   Garbage:         -                47M (1%)           47M (1%)           47M (1%)             -                  -          
[1.012s][info][gc,heap     ] GC(2) Reclaimed:         -                  -                 0M (0%)            0M (0%)             -                  -          
[1.012s][info][gc          ] GC(2) Garbage Collection (Warmup) 492M(12%)->498M(12%)
[1.286s][info][gc,start    ] GC(3) Garbage Collection (Timer)
[1.286s][info][gc,task     ] GC(3) Using 3 workers
[1.286s][info][gc,phases   ] GC(3) Pause Mark Start 0.005ms
[1.320s][info][gc,phases   ] GC(3) Concurrent Mark 33.296ms
[1.320s][info][gc,phases   ] GC(3) Pause Mark End 0.009ms
[1.320s][info][gc,phases   ] GC(3) Concurrent Mark Free 0.001ms
[1.320s][info][gc,phases   ] GC(3) Concurrent Process Non-Strong References 0.507ms
[1.320s][info][gc,phases   ] GC(3) Concurrent Reset Relocation Set 0.000ms
[1.322s][info][gc,phases   ] GC(3) Concurrent Select Relocation Set 2.069ms
[1.323s][info][gc,phases   ] GC(3) Pause Relocate Start 0.007ms
[1.323s][info][gc,phases   ] GC(3) Concurrent Relocate 0.559ms
[1.323s][info][gc,load     ] GC(3) Load: 0.00/0.00/0.00
[1.323s][info][gc,mmu      ] GC(3) MMU: 2ms/99.2%, 5ms/99.5%, 10ms/99.8%, 20ms/99.9%, 50ms/99.9%, 100ms/100.0%
[1.323s][info][gc,marking  ] GC(3) Mark: 2 stripe(s), 10 proactive flush(es), 1 terminate flush(es), 0 completion(s), 0 continuation(s) 
[1.323s][info][gc,marking  ] GC(3) Mark Stack Usage: 32M
[1.323s][info][gc,nmethod  ] GC(3) NMethods: 376 registered, 0 unregistered
[1.323s][info][gc,metaspace] GC(3) Metaspace: 1M used, 1M committed, 1088M reserved
[1.323s][info][gc,ref      ] GC(3) Soft: 118 encountered, 0 discovered, 0 enqueued
[1.323s][info][gc,ref      ] GC(3) Weak: 175 encountered, 20 discovered, 5 enqueued
[1.323s][info][gc,ref      ] GC(3) Final: 0 encountered, 0 discovered, 0 enqueued
[1.323s][info][gc,ref      ] GC(3) Phantom: 12 encountered, 6 discovered, 5 enqueued
[1.323s][info][gc,reloc    ] GC(3) Small Pages: 345 / 690M, Empty: 0M, Relocated: 0M, In-Place: 0
[1.323s][info][gc,reloc    ] GC(3) Medium Pages: 0 / 0M, Empty: 0M, Relocated: 0M, In-Place: 0
[1.323s][info][gc,reloc    ] GC(3) Large Pages: 0 / 0M, Empty: 0M, Relocated: 0M, In-Place: 0
[1.324s][info][gc,reloc    ] GC(3) Forwarding Usage: 0M
[1.324s][info][gc,heap     ] GC(3) Min Capacity: 4096M(100%)
[1.324s][info][gc,heap     ] GC(3) Max Capacity: 4096M(100%)
[1.324s][info][gc,heap     ] GC(3) Soft Max Capacity: 4096M(100%)
[1.324s][info][gc,heap     ] GC(3)                Mark Start          Mark End        Relocate Start      Relocate End           High               Low         
[1.324s][info][gc,heap     ] GC(3)  Capacity:     4096M (100%)       4096M (100%)       4096M (100%)       4096M (100%)       4096M (100%)       4096M (100%)   
[1.324s][info][gc,heap     ] GC(3)      Free:     3406M (83%)        3406M (83%)        3406M (83%)        3408M (83%)        3408M (83%)        3402M (83%)    
[1.324s][info][gc,heap     ] GC(3)      Used:      690M (17%)         690M (17%)         690M (17%)         688M (17%)         694M (17%)         688M (17%)    
[1.324s][info][gc,heap     ] GC(3)      Live:         -               621M (15%)         621M (15%)         621M (15%)            -                  -          
[1.324s][info][gc,heap     ] GC(3) Allocated:         -                 0M (0%)            0M (0%)            0M (0%)             -                  -          
[1.324s][info][gc,heap     ] GC(3)   Garbage:         -                68M (2%)           68M (2%)           66M (2%)             -                  -          
[1.324s][info][gc,heap     ] GC(3) Reclaimed:         -                  -                 0M (0%)            2M (0%)             -                  -          
[1.324s][info][gc          ] GC(3) Garbage Collection (Timer) 690M(17%)->688M(17%)
[1.587s][info][gc,start    ] GC(4) Garbage Collection (Timer)
[1.587s][info][gc,task     ] GC(4) Using 3 workers
[1.587s][info][gc,phases   ] GC(4) Pause Mark Start 0.006ms
[1.605s][info][gc,phases   ] GC(4) Concurrent Mark 17.863ms
[1.605s][info][gc,phases   ] GC(4) Pause Mark End 0.011ms
[1.605s][info][gc,phases   ] GC(4) Concurrent Mark Free 0.001ms
[1.606s][info][gc,phases   ] GC(4) Concurrent Process Non-Strong References 0.755ms
[1.606s][info][gc,phases   ] GC(4) Concurrent Reset Relocation Set 0.001ms
[1.608s][info][gc,phases   ] GC(4) Concurrent Select Relocation Set 2.085ms
[1.608s][info][gc,phases   ] GC(4) Pause Relocate Start 0.005ms
[1.609s][info][gc,phases   ] GC(4) Concurrent Relocate 0.513ms
[1.609s][info][gc,load     ] GC(4) Load: 0.00/0.00/0.00
[1.609s][info][gc,mmu      ] GC(4) MMU: 2ms/99.2%, 5ms/99.5%, 10ms/99.8%, 20ms/99.9%, 50ms/99.9%, 100ms/100.0%
[1.609s][info][gc,marking  ] GC(4) Mark: 2 stripe(s), 10 proactive flush(es), 1 terminate flush(es), 0 completion(s), 0 continuation(s) 
[1.609s][info][gc,marking  ] GC(4) Mark Stack Usage: 32M
[1.609s][info][gc,nmethod  ] GC(4) NMethods: 376 registered, 0 unregistered
[1.609s][info][gc,metaspace] GC(4) Metaspace: 1M used, 1M committed, 1088M reserved
[1.609s][info][gc,ref      ] GC(4) Soft: 118 encountered, 0 discovered, 0 enqueued
[1.609s][info][gc,ref      ] GC(4) Weak: 170 encountered, 35 discovered, 0 enqueued
[1.609s][info][gc,ref      ] GC(4) Final: 0 encountered, 0 discovered, 0 enqueued
[1.609s][info][gc,ref      ] GC(4) Phantom: 7 encountered, 3 discovered, 0 enqueued
[1.609s][info][gc,reloc    ] GC(4) Small Pages: 344 / 688M, Empty: 0M, Relocated: 0M, In-Place: 0
[1.609s][info][gc,reloc    ] GC(4) Medium Pages: 0 / 0M, Empty: 0M, Relocated: 0M, In-Place: 0
[1.609s][info][gc,reloc    ] GC(4) Large Pages: 0 / 0M, Empty: 0M, Relocated: 0M, In-Place: 0
[1.609s][info][gc,reloc    ] GC(4) Forwarding Usage: 0M
[1.609s][info][gc,heap     ] GC(4) Min Capacity: 4096M(100%)
[1.609s][info][gc,heap     ] GC(4) Max Capacity: 4096M(100%)
[1.609s][info][gc,heap     ] GC(4) Soft Max Capacity: 4096M(100%)
[1.609s][info][gc,heap     ] GC(4)                Mark Start          Mark End        Relocate Start      Relocate End           High               Low         
[1.609s][info][gc,heap     ] GC(4)  Capacity:     4096M (100%)       4096M (100%)       4096M (100%)       4096M (100%)       4096M (100%)       4096M (100%)   
[1.609s][info][gc,heap     ] GC(4)      Free:     3408M (83%)        3408M (83%)        3408M (83%)        3408M (83%)        3408M (83%)        3402M (83%)    
[1.609s][info][gc,heap     ] GC(4)      Used:      688M (17%)         688M (17%)         688M (17%)         688M (17%)         694M (17%)         688M (17%)    
[1.609s][info][gc,heap     ] GC(4)      Live:         -               621M (15%)         621M (15%)         621M (15%)            -                  -          
[1.609s][info][gc,heap     ] GC(4) Allocated:         -                 0M (0%)            0M (0%)            0M (0%)             -                  -          
[1.609s][info][gc,heap     ] GC(4)   Garbage:         -                66M (2%)           66M (2%)           66M (2%)             -                  -          
[1.609s][info][gc,heap     ] GC(4) Reclaimed:         -                  -                 0M (0%)            0M (0%)             -                  -          
[1.609s][info][gc          ] GC(4) Garbage Collection (Timer) 688M(17%)->688M(17%)
[1.886s][info][gc,start    ] GC(5) Garbage Collection (Timer)
[1.886s][info][gc,task     ] GC(5) Using 3 workers
[1.886s][info][gc,phases   ] GC(5) Pause Mark Start 0.006ms
[1.896s][info][gc,phases   ] GC(5) Concurrent Mark 9.228ms
[1.896s][info][gc,phases   ] GC(5) Pause Mark End 0.010ms
[1.896s][info][gc,phases   ] GC(5) Concurrent Mark Free 0.001ms
[1.897s][info][gc,phases   ] GC(5) Concurrent Process Non-Strong References 0.780ms
[1.897s][info][gc,phases   ] GC(5) Concurrent Reset Relocation Set 0.001ms
[1.899s][info][gc,phases   ] GC(5) Concurrent Select Relocation Set 2.124ms
[1.899s][info][gc,phases   ] GC(5) Pause Relocate Start 0.004ms
[1.900s][info][gc,phases   ] GC(5) Concurrent Relocate 0.554ms
[1.900s][info][gc,load     ] GC(5) Load: 0.00/0.00/0.00
[1.900s][info][gc,mmu      ] GC(5) MMU: 2ms/99.2%, 5ms/99.5%, 10ms/99.8%, 20ms/99.9%, 50ms/99.9%, 100ms/100.0%
[1.900s][info][gc,marking  ] GC(5) Mark: 2 stripe(s), 5 proactive flush(es), 1 terminate flush(es), 0 completion(s), 0 continuation(s) 
[1.900s][info][gc,marking  ] GC(5) Mark Stack Usage: 32M
[1.900s][info][gc,nmethod  ] GC(5) NMethods: 376 registered, 0 unregistered
[1.900s][info][gc,metaspace] GC(5) Metaspace: 1M used, 1M committed, 1088M reserved
[1.900s][info][gc,ref      ] GC(5) Soft: 118 encountered, 0 discovered, 0 enqueued
[1.900s][info][gc,ref      ] GC(5) Weak: 170 encountered, 13 discovered, 0 enqueued
[1.900s][info][gc,ref      ] GC(5) Final: 0 encountered, 0 discovered, 0 enqueued
[1.900s][info][gc,ref      ] GC(5) Phantom: 7 encountered, 3 discovered, 0 enqueued
[1.900s][info][gc,reloc    ] GC(5) Small Pages: 344 / 688M, Empty: 0M, Relocated: 0M, In-Place: 0
[1.900s][info][gc,reloc    ] GC(5) Medium Pages: 0 / 0M, Empty: 0M, Relocated: 0M, In-Place: 0
[1.900s][info][gc,reloc    ] GC(5) Large Pages: 0 / 0M, Empty: 0M, Relocated: 0M, In-Place: 0
[1.900s][info][gc,reloc    ] GC(5) Forwarding Usage: 0M
[1.900s][info][gc,heap     ] GC(5) Min Capacity: 4096M(100%)
[1.900s][info][gc,heap     ] GC(5) Max Capacity: 4096M(100%)
[1.900s][info][gc,heap     ] GC(5) Soft Max Capacity: 4096M(100%)
[1.900s][info][gc,heap     ] GC(5)                Mark Start          Mark End        Relocate Start      Relocate End           High               Low         
[1.900s][info][gc,heap     ] GC(5)  Capacity:     4096M (100%)       4096M (100%)       4096M (100%)       4096M (100%)       4096M (100%)       4096M (100%)   
[1.900s][info][gc,heap     ] GC(5)      Free:     3408M (83%)        3408M (83%)        3408M (83%)        3408M (83%)        3408M (83%)        3402M (83%)    
[1.900s][info][gc,heap     ] GC(5)      Used:      688M (17%)         688M (17%)         688M (17%)         688M (17%)         694M (17%)         688M (17%)    
[1.900s][info][gc,heap     ] GC(5)      Live:         -               621M (15%)         621M (15%)         621M (15%)            -                  -          
[1.900s][info][gc,heap     ] GC(5) Allocated:         -                 0M (0%)            0M (0%)            0M (0%)             -                  -          
[1.900s][info][gc,heap     ] GC(5)   Garbage:         -                66M (2%)           66M (2%)           66M (2%)             -                  -          
[1.900s][info][gc,heap     ] GC(5) Reclaimed:         -                  -                 0M (0%)            0M (0%)             -                  -          
[1.900s][info][gc          ] GC(5) Garbage Collection (Timer) 688M(17%)->688M(17%)
[2.185s][info][gc,start    ] GC(6) Garbage Collection (Timer)
[2.185s][info][gc,task     ] GC(6) Using 3 workers
[2.186s][info][gc,phases   ] GC(6) Pause Mark Start 0.006ms
[2.195s][info][gc,phases   ] GC(6) Concurrent Mark 8.933ms
[2.195s][info][gc,phases   ] GC(6) Pause Mark End 0.010ms
[2.195s][info][gc,phases   ] GC(6) Concurrent Mark Free 0.001ms
[2.195s][info][gc,phases   ] GC(6) Concurrent Process Non-Strong References 0.370ms
[2.195s][info][gc,phases   ] GC(6) Concurrent Reset Relocation Set 0.001ms
[2.197s][info][gc,phases   ] GC(6) Concurrent Select Relocation Set 1.983ms
[2.197s][info][gc,phases   ] GC(6) Pause Relocate Start 0.004ms
[2.197s][info][gc,phases   ] GC(6) Concurrent Relocate 0.120ms
[2.197s][info][gc,load     ] GC(6) Load: 0.00/0.00/0.00
[2.197s][info][gc,mmu      ] GC(6) MMU: 2ms/99.2%, 5ms/99.5%, 10ms/99.8%, 20ms/99.9%, 50ms/99.9%, 100ms/100.0%
[2.197s][info][gc,marking  ] GC(6) Mark: 2 stripe(s), 10 proactive flush(es), 1 terminate flush(es), 0 completion(s), 0 continuation(s) 
[2.198s][info][gc,marking  ] GC(6) Mark Stack Usage: 32M
[2.198s][info][gc,nmethod  ] GC(6) NMethods: 376 registered, 0 unregistered
[2.198s][info][gc,metaspace] GC(6) Metaspace: 1M used, 1M committed, 1088M reserved
[2.198s][info][gc,ref      ] GC(6) Soft: 118 encountered, 0 discovered, 0 enqueued
[2.198s][info][gc,ref      ] GC(6) Weak: 170 encountered, 99 discovered, 0 enqueued
[2.198s][info][gc,ref      ] GC(6) Final: 0 encountered, 0 discovered, 0 enqueued
[2.198s][info][gc,ref      ] GC(6) Phantom: 7 encountered, 3 discovered, 0 enqueued
[2.198s][info][gc,reloc    ] GC(6) Small Pages: 344 / 688M, Empty: 0M, Relocated: 0M, In-Place: 0
[2.198s][info][gc,reloc    ] GC(6) Medium Pages: 0 / 0M, Empty: 0M, Relocated: 0M, In-Place: 0
[2.198s][info][gc,reloc    ] GC(6) Large Pages: 0 / 0M, Empty: 0M, Relocated: 0M, In-Place: 0
[2.198s][info][gc,reloc    ] GC(6) Forwarding Usage: 0M
[2.198s][info][gc,heap     ] GC(6) Min Capacity: 4096M(100%)
[2.198s][info][gc,heap     ] GC(6) Max Capacity: 4096M(100%)
[2.198s][info][gc,heap     ] GC(6) Soft Max Capacity: 4096M(100%)
[2.198s][info][gc,heap     ] GC(6)                Mark Start          Mark End        Relocate Start      Relocate End           High               Low         
[2.198s][info][gc,heap     ] GC(6)  Capacity:     4096M (100%)       4096M (100%)       4096M (100%)       4096M (100%)       4096M (100%)       4096M (100%)   
[2.198s][info][gc,heap     ] GC(6)      Free:     3408M (83%)        3408M (83%)        3408M (83%)        3408M (83%)        3408M (83%)        3402M (83%)    
[2.198s][info][gc,heap     ] GC(6)      Used:      688M (17%)         688M (17%)         688M (17%)         688M (17%)         694M (17%)         688M (17%)    
[2.198s][info][gc,heap     ] GC(6)      Live:         -               621M (15%)         621M (15%)         621M (15%)            -                  -          
[2.198s][info][gc,heap     ] GC(6) Allocated:         -                 0M (0%)            0M (0%)            0M (0%)             -                  -          
[2.198s][info][gc,heap     ] GC(6)   Garbage:         -                66M (2%)           66M (2%)           66M (2%)             -                  -          
[2.198s][info][gc,heap     ] GC(6) Reclaimed:         -                  -                 0M (0%)            0M (0%)             -                  -          
[2.198s][info][gc          ] GC(6) Garbage Collection (Timer) 688M(17%)->688M(17%)
[2.486s][info][gc,start    ] GC(7) Garbage Collection (Warmup)
[2.486s][info][gc,task     ] GC(7) Using 3 workers
[2.486s][info][gc,phases   ] GC(7) Pause Mark Start 0.006ms
[2.500s][info][gc,phases   ] GC(7) Concurrent Mark 14.079ms
[2.500s][info][gc,phases   ] GC(7) Pause Mark End 0.009ms
[2.500s][info][gc,phases   ] GC(7) Concurrent Mark Free 0.001ms
[2.501s][info][gc,phases   ] GC(7) Concurrent Process Non-Strong References 0.461ms
[2.501s][info][gc,phases   ] GC(7) Concurrent Reset Relocation Set 0.001ms
[2.503s][info][gc,phases   ] GC(7) Concurrent Select Relocation Set 2.252ms
[2.503s][info][gc,phases   ] GC(7) Pause Relocate Start 0.006ms
[2.505s][info][gc,phases   ] GC(7) Concurrent Relocate 1.558ms
[2.505s][info][gc,load     ] GC(7) Load: 0.00/0.00/0.00
[2.505s][info][gc,mmu      ] GC(7) MMU: 2ms/99.2%, 5ms/99.5%, 10ms/99.8%, 20ms/99.9%, 50ms/99.9%, 100ms/100.0%
[2.505s][info][gc,marking  ] GC(7) Mark: 2 stripe(s), 2 proactive flush(es), 1 terminate flush(es), 0 completion(s), 0 continuation(s) 
[2.505s][info][gc,marking  ] GC(7) Mark Stack Usage: 32M
[2.505s][info][gc,nmethod  ] GC(7) NMethods: 453 registered, 0 unregistered
[2.505s][info][gc,metaspace] GC(7) Metaspace: 1M used, 1M committed, 1088M reserved
[2.505s][info][gc,ref      ] GC(7) Soft: 181 encountered, 0 discovered, 0 enqueued
[2.505s][info][gc,ref      ] GC(7) Weak: 296 encountered, 203 discovered, 33 enqueued
[2.505s][info][gc,ref      ] GC(7) Final: 0 encountered, 0 discovered, 0 enqueued
[2.505s][info][gc,ref      ] GC(7) Phantom: 24 encountered, 21 discovered, 17 enqueued
[2.505s][info][gc,reloc    ] GC(7) Small Pages: 423 / 846M, Empty: 0M, Relocated: 0M, In-Place: 0
[2.505s][info][gc,reloc    ] GC(7) Medium Pages: 0 / 0M, Empty: 0M, Relocated: 0M, In-Place: 0
[2.505s][info][gc,reloc    ] GC(7) Large Pages: 0 / 0M, Empty: 0M, Relocated: 0M, In-Place: 0
[2.505s][info][gc,reloc    ] GC(7) Forwarding Usage: 0M
[2.505s][info][gc,heap     ] GC(7) Min Capacity: 4096M(100%)
[2.505s][info][gc,heap     ] GC(7) Max Capacity: 4096M(100%)
[2.505s][info][gc,heap     ] GC(7) Soft Max Capacity: 4096M(100%)
[2.505s][info][gc,heap     ] GC(7)                Mark Start          Mark End        Relocate Start      Relocate End           High               Low         
[2.505s][info][gc,heap     ] GC(7)  Capacity:     4096M (100%)       4096M (100%)       4096M (100%)       4096M (100%)       4096M (100%)       4096M (100%)   
[2.505s][info][gc,heap     ] GC(7)      Free:     3250M (79%)        3248M (79%)        3248M (79%)        3250M (79%)        3250M (79%)        3242M (79%)    
[2.506s][info][gc,heap     ] GC(7)      Used:      846M (21%)         848M (21%)         848M (21%)         846M (21%)         854M (21%)         846M (21%)    
[2.506s][info][gc,heap     ] GC(7)      Live:         -               763M (19%)         763M (19%)         763M (19%)            -                  -          
[2.506s][info][gc,heap     ] GC(7) Allocated:         -                 2M (0%)            2M (0%)            1M (0%)             -                  -          
[2.506s][info][gc,heap     ] GC(7)   Garbage:         -                82M (2%)           82M (2%)           80M (2%)             -                  -          
[2.506s][info][gc,heap     ] GC(7) Reclaimed:         -                  -                 0M (0%)            1M (0%)             -                  -          
[2.506s][info][gc          ] GC(7) Garbage Collection (Warmup) 846M(21%)->846M(21%)
[2.786s][info][gc,start    ] GC(8) Garbage Collection (Timer)
[2.786s][info][gc,task     ] GC(8) Using 3 workers
[2.786s][info][gc,phases   ] GC(8) Pause Mark Start 0.005ms
[2.805s][info][gc,phases   ] GC(8) Concurrent Mark 18.413ms
[2.805s][info][gc,phases   ] GC(8) Pause Mark End 0.009ms
[2.805s][info][gc,phases   ] GC(8) Concurrent Mark Free 0.001ms
[2.806s][info][gc,phases   ] GC(8) Concurrent Process Non-Strong References 0.602ms
[2.806s][info][gc,phases   ] GC(8) Concurrent Reset Relocation Set 0.001ms
[2.808s][info][gc,phases   ] GC(8) Concurrent Select Relocation Set 2.154ms
[2.808s][info][gc,phases   ] GC(8) Pause Relocate Start 0.005ms
[2.810s][info][gc,phases   ] GC(8) Concurrent Relocate 2.027ms
[2.810s][info][gc,load     ] GC(8) Load: 0.00/0.00/0.00
[2.810s][info][gc,mmu      ] GC(8) MMU: 2ms/99.2%, 5ms/99.5%, 10ms/99.8%, 20ms/99.9%, 50ms/99.9%, 100ms/100.0%
[2.810s][info][gc,marking  ] GC(8) Mark: 2 stripe(s), 3 proactive flush(es), 1 terminate flush(es), 0 completion(s), 0 continuation(s) 
[2.810s][info][gc,marking  ] GC(8) Mark Stack Usage: 32M
[2.810s][info][gc,nmethod  ] GC(8) NMethods: 453 registered, 0 unregistered
[2.810s][info][gc,metaspace] GC(8) Metaspace: 1M used, 1M committed, 1088M reserved
[2.810s][info][gc,ref      ] GC(8) Soft: 181 encountered, 0 discovered, 0 enqueued
[2.810s][info][gc,ref      ] GC(8) Weak: 263 encountered, 157 discovered, 0 enqueued
[2.810s][info][gc,ref      ] GC(8) Final: 0 encountered, 0 discovered, 0 enqueued
[2.810s][info][gc,ref      ] GC(8) Phantom: 7 encountered, 2 discovered, 0 enqueued
[2.810s][info][gc,reloc    ] GC(8) Small Pages: 486 / 972M, Empty: 0M, Relocated: 1M, In-Place: 0
[2.810s][info][gc,reloc    ] GC(8) Medium Pages: 1 / 32M, Empty: 0M, Relocated: 0M, In-Place: 0
[2.810s][info][gc,reloc    ] GC(8) Large Pages: 0 / 0M, Empty: 0M, Relocated: 0M, In-Place: 0
[2.810s][info][gc,reloc    ] GC(8) Forwarding Usage: 0M
[2.810s][info][gc,heap     ] GC(8) Min Capacity: 4096M(100%)
[2.810s][info][gc,heap     ] GC(8) Max Capacity: 4096M(100%)
[2.810s][info][gc,heap     ] GC(8) Soft Max Capacity: 4096M(100%)
[2.811s][info][gc,heap     ] GC(8)                Mark Start          Mark End        Relocate Start      Relocate End           High               Low         
[2.811s][info][gc,heap     ] GC(8)  Capacity:     4096M (100%)       4096M (100%)       4096M (100%)       4096M (100%)       4096M (100%)       4096M (100%)   
[2.811s][info][gc,heap     ] GC(8)      Free:     3092M (75%)        3090M (75%)        3090M (75%)        3092M (75%)        3092M (75%)        3084M (75%)    
[2.811s][info][gc,heap     ] GC(8)      Used:     1004M (25%)        1006M (25%)        1006M (25%)        1004M (25%)        1012M (25%)        1004M (25%)    
[2.811s][info][gc,heap     ] GC(8)      Live:         -               879M (21%)         879M (21%)         879M (21%)            -                  -          
[2.811s][info][gc,heap     ] GC(8) Allocated:         -                 2M (0%)            2M (0%)            1M (0%)             -                  -          
[2.811s][info][gc,heap     ] GC(8)   Garbage:         -               124M (3%)          124M (3%)          122M (3%)             -                  -          
[2.811s][info][gc,heap     ] GC(8) Reclaimed:         -                  -                 0M (0%)            1M (0%)             -                  -          
[2.811s][info][gc          ] GC(8) Garbage Collection (Timer) 1004M(25%)->1004M(25%)
[3.086s][info][gc,start    ] GC(9) Garbage Collection (Timer)
[3.086s][info][gc,task     ] GC(9) Using 3 workers
[3.086s][info][gc,phases   ] GC(9) Pause Mark Start 0.005ms
[3.102s][info][gc,phases   ] GC(9) Concurrent Mark 16.198ms
[3.103s][info][gc,phases   ] GC(9) Pause Mark End 0.013ms
[3.103s][info][gc,phases   ] GC(9) Concurrent Mark Free 0.001ms
[3.104s][info][gc,phases   ] GC(9) Concurrent Process Non-Strong References 0.558ms
[3.104s][info][gc,phases   ] GC(9) Concurrent Reset Relocation Set 0.001ms
[3.106s][info][gc,phases   ] GC(9) Concurrent Select Relocation Set 2.746ms
[3.107s][info][gc,phases   ] GC(9) Pause Relocate Start 0.006ms
[3.109s][info][gc,phases   ] GC(9) Concurrent Relocate 2.194ms
[3.109s][info][gc,load     ] GC(9) Load: 0.00/0.00/0.00
[3.109s][info][gc,mmu      ] GC(9) MMU: 2ms/99.2%, 5ms/99.5%, 10ms/99.8%, 20ms/99.9%, 50ms/99.9%, 100ms/100.0%
[3.109s][info][gc,marking  ] GC(9) Mark: 2 stripe(s), 3 proactive flush(es), 1 terminate flush(es), 0 completion(s), 0 continuation(s) 
[3.109s][info][gc,marking  ] GC(9) Mark Stack Usage: 32M
[3.109s][info][gc,nmethod  ] GC(9) NMethods: 454 registered, 0 unregistered
[3.109s][info][gc,metaspace] GC(9) Metaspace: 1M used, 1M committed, 1088M reserved
[3.109s][info][gc,ref      ] GC(9) Soft: 181 encountered, 0 discovered, 0 enqueued
[3.109s][info][gc,ref      ] GC(9) Weak: 263 encountered, 147 discovered, 0 enqueued
[3.109s][info][gc,ref      ] GC(9) Final: 0 encountered, 0 discovered, 0 enqueued
[3.109s][info][gc,ref      ] GC(9) Phantom: 7 encountered, 4 discovered, 0 enqueued
[3.109s][info][gc,reloc    ] GC(9) Small Pages: 533 / 1066M, Empty: 0M, Relocated: 1M, In-Place: 0
[3.109s][info][gc,reloc    ] GC(9) Medium Pages: 1 / 32M, Empty: 0M, Relocated: 0M, In-Place: 0
[3.109s][info][gc,reloc    ] GC(9) Large Pages: 0 / 0M, Empty: 0M, Relocated: 0M, In-Place: 0
[3.109s][info][gc,reloc    ] GC(9) Forwarding Usage: 0M
[3.109s][info][gc,heap     ] GC(9) Min Capacity: 4096M(100%)
[3.110s][info][gc,heap     ] GC(9) Max Capacity: 4096M(100%)
[3.110s][info][gc,heap     ] GC(9) Soft Max Capacity: 4096M(100%)
[3.110s][info][gc,heap     ] GC(9)                Mark Start          Mark End        Relocate Start      Relocate End           High               Low         
[3.110s][info][gc,heap     ] GC(9)  Capacity:     4096M (100%)       4096M (100%)       4096M (100%)       4096M (100%)       4096M (100%)       4096M (100%)   
[3.110s][info][gc,heap     ] GC(9)      Free:     2998M (73%)        2996M (73%)        2996M (73%)        2996M (73%)        2998M (73%)        2990M (73%)    
[3.110s][info][gc,heap     ] GC(9)      Used:     1098M (27%)        1100M (27%)        1100M (27%)        1100M (27%)        1106M (27%)        1098M (27%)    
[3.110s][info][gc,heap     ] GC(9)      Live:         -               966M (24%)         966M (24%)         966M (24%)            -                  -          
[3.110s][info][gc,heap     ] GC(9) Allocated:         -                 2M (0%)            2M (0%)            2M (0%)             -                  -          
[3.110s][info][gc,heap     ] GC(9)   Garbage:         -               131M (3%)          131M (3%)          131M (3%)             -                  -          
[3.110s][info][gc,heap     ] GC(9) Reclaimed:         -                  -                 0M (0%)            0M (0%)             -                  -          
[3.110s][info][gc          ] GC(9) Garbage Collection (Timer) 1098M(27%)->1100M(27%)
[3.386s][info][gc,start    ] GC(10) Garbage Collection (Timer)
[3.386s][info][gc,task     ] GC(10) Using 3 workers
[3.386s][info][gc,phases   ] GC(10) Pause Mark Start 0.005ms
[3.403s][info][gc,phases   ] GC(10) Concurrent Mark 17.326ms
[3.404s][info][gc,phases   ] GC(10) Pause Mark End 0.009ms
[3.404s][info][gc,phases   ] GC(10) Concurrent Mark Free 0.001ms
[3.404s][info][gc,phases   ] GC(10) Concurrent Process Non-Strong References 0.576ms
[3.404s][info][gc,phases   ] GC(10) Concurrent Reset Relocation Set 0.001ms
[3.406s][info][gc,phases   ] GC(10) Concurrent Select Relocation Set 2.067ms
[3.406s][info][gc,phases   ] GC(10) Pause Relocate Start 0.005ms
[3.408s][info][gc,phases   ] GC(10) Concurrent Relocate 1.718ms
[3.408s][info][gc,load     ] GC(10) Load: 0.00/0.00/0.00
[3.408s][info][gc,mmu      ] GC(10) MMU: 2ms/99.2%, 5ms/99.5%, 10ms/99.8%, 20ms/99.9%, 50ms/99.9%, 100ms/100.0%
[3.408s][info][gc,marking  ] GC(10) Mark: 2 stripe(s), 3 proactive flush(es), 1 terminate flush(es), 0 completion(s), 0 continuation(s) 
[3.408s][info][gc,marking  ] GC(10) Mark Stack Usage: 32M
[3.408s][info][gc,nmethod  ] GC(10) NMethods: 454 registered, 0 unregistered
[3.408s][info][gc,metaspace] GC(10) Metaspace: 1M used, 1M committed, 1088M reserved
[3.408s][info][gc,ref      ] GC(10) Soft: 181 encountered, 0 discovered, 0 enqueued
[3.409s][info][gc,ref      ] GC(10) Weak: 263 encountered, 3 discovered, 0 enqueued
[3.409s][info][gc,ref      ] GC(10) Final: 0 encountered, 0 discovered, 0 enqueued
[3.409s][info][gc,ref      ] GC(10) Phantom: 7 encountered, 3 discovered, 0 enqueued
[3.409s][info][gc,reloc    ] GC(10) Small Pages: 586 / 1172M, Empty: 0M, Relocated: 1M, In-Place: 0
[3.409s][info][gc,reloc    ] GC(10) Medium Pages: 1 / 32M, Empty: 0M, Relocated: 0M, In-Place: 0
[3.409s][info][gc,reloc    ] GC(10) Large Pages: 0 / 0M, Empty: 0M, Relocated: 0M, In-Place: 0
[3.409s][info][gc,reloc    ] GC(10) Forwarding Usage: 0M
[3.409s][info][gc,heap     ] GC(10) Min Capacity: 4096M(100%)
[3.409s][info][gc,heap     ] GC(10) Max Capacity: 4096M(100%)
[3.409s][info][gc,heap     ] GC(10) Soft Max Capacity: 4096M(100%)
[3.409s][info][gc,heap     ] GC(10)                Mark Start          Mark End        Relocate Start      Relocate End           High               Low         
[3.409s][info][gc,heap     ] GC(10)  Capacity:     4096M (100%)       4096M (100%)       4096M (100%)       4096M (100%)       4096M (100%)       4096M (100%)   
[3.409s][info][gc,heap     ] GC(10)      Free:     2892M (71%)        2890M (71%)        2890M (71%)        2888M (71%)        2892M (71%)        2882M (70%)    
[3.409s][info][gc,heap     ] GC(10)      Used:     1204M (29%)        1206M (29%)        1206M (29%)        1208M (29%)        1214M (30%)        1204M (29%)    
[3.409s][info][gc,heap     ] GC(10)      Live:         -              1062M (26%)        1062M (26%)        1062M (26%)            -                  -          
[3.409s][info][gc,heap     ] GC(10) Allocated:         -                 2M (0%)            2M (0%)            4M (0%)             -                  -          
[3.409s][info][gc,heap     ] GC(10)   Garbage:         -               141M (3%)          141M (3%)          141M (3%)             -                  -          
[3.409s][info][gc,heap     ] GC(10) Reclaimed:         -                  -                 0M (0%)            0M (0%)             -                  -          
[3.409s][info][gc          ] GC(10) Garbage Collection (Timer) 1204M(29%)->1208M(29%)
[3.487s][info][gc,start    ] GC(11) Garbage Collection (Warmup)
[3.487s][info][gc,task     ] GC(11) Using 3 workers
[3.487s][info][gc,phases   ] GC(11) Pause Mark Start 0.006ms
[3.504s][info][gc,phases   ] GC(11) Concurrent Mark 16.757ms
[3.504s][info][gc,phases   ] GC(11) Pause Mark End 0.009ms
[3.504s][info][gc,phases   ] GC(11) Concurrent Mark Free 0.001ms
[3.504s][info][gc,phases   ] GC(11) Concurrent Process Non-Strong References 0.538ms
[3.505s][info][gc,phases   ] GC(11) Concurrent Reset Relocation Set 0.001ms
[3.507s][info][gc,phases   ] GC(11) Concurrent Select Relocation Set 2.651ms
[3.507s][info][gc,phases   ] GC(11) Pause Relocate Start 0.007ms
[3.510s][info][gc,phases   ] GC(11) Concurrent Relocate 2.135ms
[3.510s][info][gc,load     ] GC(11) Load: 0.00/0.00/0.00
[3.510s][info][gc,mmu      ] GC(11) MMU: 2ms/99.2%, 5ms/99.5%, 10ms/99.8%, 20ms/99.9%, 50ms/99.9%, 100ms/100.0%
[3.510s][info][gc,marking  ] GC(11) Mark: 2 stripe(s), 3 proactive flush(es), 1 terminate flush(es), 0 completion(s), 0 continuation(s) 
[3.510s][info][gc,marking  ] GC(11) Mark Stack Usage: 32M
[3.510s][info][gc,nmethod  ] GC(11) NMethods: 454 registered, 0 unregistered
[3.510s][info][gc,metaspace] GC(11) Metaspace: 1M used, 1M committed, 1088M reserved
[3.510s][info][gc,ref      ] GC(11) Soft: 181 encountered, 0 discovered, 0 enqueued
[3.510s][info][gc,ref      ] GC(11) Weak: 263 encountered, 37 discovered, 0 enqueued
[3.510s][info][gc,ref      ] GC(11) Final: 0 encountered, 0 discovered, 0 enqueued
[3.510s][info][gc,ref      ] GC(11) Phantom: 7 encountered, 2 discovered, 0 enqueued
[3.510s][info][gc,reloc    ] GC(11) Small Pages: 602 / 1204M, Empty: 0M, Relocated: 1M, In-Place: 0
[3.510s][info][gc,reloc    ] GC(11) Medium Pages: 1 / 32M, Empty: 0M, Relocated: 0M, In-Place: 0
[3.510s][info][gc,reloc    ] GC(11) Large Pages: 0 / 0M, Empty: 0M, Relocated: 0M, In-Place: 0
[3.510s][info][gc,reloc    ] GC(11) Forwarding Usage: 0M
[3.510s][info][gc,heap     ] GC(11) Min Capacity: 4096M(100%)
[3.510s][info][gc,heap     ] GC(11) Max Capacity: 4096M(100%)
[3.510s][info][gc,heap     ] GC(11) Soft Max Capacity: 4096M(100%)
[3.510s][info][gc,heap     ] GC(11)                Mark Start          Mark End        Relocate Start      Relocate End           High               Low         
[3.510s][info][gc,heap     ] GC(11)  Capacity:     4096M (100%)       4096M (100%)       4096M (100%)       4096M (100%)       4096M (100%)       4096M (100%)   
[3.510s][info][gc,heap     ] GC(11)      Free:     2860M (70%)        2858M (70%)        2858M (70%)        2860M (70%)        2860M (70%)        2852M (70%)    
[3.510s][info][gc,heap     ] GC(11)      Used:     1236M (30%)        1238M (30%)        1238M (30%)        1236M (30%)        1244M (30%)        1236M (30%)    
[3.510s][info][gc,heap     ] GC(11)      Live:         -              1090M (27%)        1090M (27%)        1090M (27%)            -                  -          
[3.510s][info][gc,heap     ] GC(11) Allocated:         -                 2M (0%)            2M (0%)            1M (0%)             -                  -          
[3.510s][info][gc,heap     ] GC(11)   Garbage:         -               145M (4%)          145M (4%)          143M (4%)             -                  -          
[3.510s][info][gc,heap     ] GC(11) Reclaimed:         -                  -                 0M (0%)            1M (0%)             -                  -          
[3.510s][info][gc          ] GC(11) Garbage Collection (Warmup) 1236M(30%)->1236M(30%)
[3.786s][info][gc,start    ] GC(12) Garbage Collection (Timer)
[3.786s][info][gc,task     ] GC(12) Using 3 workers
[3.786s][info][gc,phases   ] GC(12) Pause Mark Start 0.006ms
[3.799s][info][gc,phases   ] GC(12) Concurrent Mark 12.259ms
[3.799s][info][gc,phases   ] GC(12) Pause Mark End 0.009ms
[3.799s][info][gc,phases   ] GC(12) Concurrent Mark Free 0.001ms
[3.800s][info][gc,phases   ] GC(12) Concurrent Process Non-Strong References 0.684ms
[3.800s][info][gc,phases   ] GC(12) Concurrent Reset Relocation Set 0.001ms
[3.802s][info][gc,phases   ] GC(12) Concurrent Select Relocation Set 2.341ms
[3.802s][info][gc,phases   ] GC(12) Pause Relocate Start 0.005ms
[3.805s][info][gc,phases   ] GC(12) Concurrent Relocate 2.362ms
[3.805s][info][gc,load     ] GC(12) Load: 0.00/0.00/0.00
[3.805s][info][gc,mmu      ] GC(12) MMU: 2ms/99.2%, 5ms/99.5%, 10ms/99.8%, 20ms/99.9%, 50ms/99.9%, 100ms/100.0%
[3.805s][info][gc,marking  ] GC(12) Mark: 2 stripe(s), 2 proactive flush(es), 1 terminate flush(es), 0 completion(s), 0 continuation(s) 
[3.805s][info][gc,marking  ] GC(12) Mark Stack Usage: 32M
[3.805s][info][gc,nmethod  ] GC(12) NMethods: 454 registered, 0 unregistered
[3.805s][info][gc,metaspace] GC(12) Metaspace: 1M used, 1M committed, 1088M reserved
[3.805s][info][gc,ref      ] GC(12) Soft: 181 encountered, 0 discovered, 0 enqueued
[3.805s][info][gc,ref      ] GC(12) Weak: 263 encountered, 10 discovered, 0 enqueued
[3.805s][info][gc,ref      ] GC(12) Final: 0 encountered, 0 discovered, 0 enqueued
[3.805s][info][gc,ref      ] GC(12) Phantom: 7 encountered, 3 discovered, 0 enqueued
[3.805s][info][gc,reloc    ] GC(12) Small Pages: 639 / 1278M, Empty: 0M, Relocated: 1M, In-Place: 0
[3.805s][info][gc,reloc    ] GC(12) Medium Pages: 1 / 32M, Empty: 0M, Relocated: 0M, In-Place: 0
[3.805s][info][gc,reloc    ] GC(12) Large Pages: 0 / 0M, Empty: 0M, Relocated: 0M, In-Place: 0
[3.805s][info][gc,reloc    ] GC(12) Forwarding Usage: 0M
[3.805s][info][gc,heap     ] GC(12) Min Capacity: 4096M(100%)
[3.805s][info][gc,heap     ] GC(12) Max Capacity: 4096M(100%)
[3.805s][info][gc,heap     ] GC(12) Soft Max Capacity: 4096M(100%)
[3.805s][info][gc,heap     ] GC(12)                Mark Start          Mark End        Relocate Start      Relocate End           High               Low         
[3.805s][info][gc,heap     ] GC(12)  Capacity:     4096M (100%)       4096M (100%)       4096M (100%)       4096M (100%)       4096M (100%)       4096M (100%)   
[3.805s][info][gc,heap     ] GC(12)      Free:     2786M (68%)        2784M (68%)        2784M (68%)        2784M (68%)        2786M (68%)        2778M (68%)    
[3.805s][info][gc,heap     ] GC(12)      Used:     1310M (32%)        1312M (32%)        1312M (32%)        1312M (32%)        1318M (32%)        1310M (32%)    
[3.805s][info][gc,heap     ] GC(12)      Live:         -              1159M (28%)        1159M (28%)        1159M (28%)            -                  -          
[3.805s][info][gc,heap     ] GC(12) Allocated:         -                 2M (0%)            2M (0%)            2M (0%)             -                  -          
[3.805s][info][gc,heap     ] GC(12)   Garbage:         -               150M (4%)          150M (4%)          150M (4%)             -                  -          
[3.805s][info][gc,heap     ] GC(12) Reclaimed:         -                  -                 0M (0%)            0M (0%)             -                  -          
[3.806s][info][gc          ] GC(12) Garbage Collection (Timer) 1310M(32%)->1312M(32%)
[4.086s][info][gc,start    ] GC(13) Garbage Collection (Timer)
[4.086s][info][gc,task     ] GC(13) Using 3 workers
[4.086s][info][gc,phases   ] GC(13) Pause Mark Start 0.006ms
[4.104s][info][gc,phases   ] GC(13) Concurrent Mark 17.523ms
[4.104s][info][gc,phases   ] GC(13) Pause Mark End 0.009ms
[4.104s][info][gc,phases   ] GC(13) Concurrent Mark Free 0.001ms
[4.105s][info][gc,phases   ] GC(13) Concurrent Process Non-Strong References 0.803ms
[4.105s][info][gc,phases   ] GC(13) Concurrent Reset Relocation Set 0.001ms
[4.107s][info][gc,phases   ] GC(13) Concurrent Select Relocation Set 2.511ms
[4.107s][info][gc,phases   ] GC(13) Pause Relocate Start 0.004ms
[4.110s][info][gc,phases   ] GC(13) Concurrent Relocate 2.798ms
[4.110s][info][gc,load     ] GC(13) Load: 0.00/0.00/0.00
[4.110s][info][gc,mmu      ] GC(13) MMU: 2ms/99.2%, 5ms/99.5%, 10ms/99.8%, 20ms/99.9%, 50ms/99.9%, 100ms/100.0%
[4.110s][info][gc,marking  ] GC(13) Mark: 2 stripe(s), 2 proactive flush(es), 1 terminate flush(es), 0 completion(s), 0 continuation(s) 
[4.110s][info][gc,marking  ] GC(13) Mark Stack Usage: 32M
[4.110s][info][gc,nmethod  ] GC(13) NMethods: 454 registered, 0 unregistered
[4.110s][info][gc,metaspace] GC(13) Metaspace: 1M used, 1M committed, 1088M reserved
[4.111s][info][gc,ref      ] GC(13) Soft: 181 encountered, 0 discovered, 0 enqueued
[4.111s][info][gc,ref      ] GC(13) Weak: 263 encountered, 166 discovered, 0 enqueued
[4.111s][info][gc,ref      ] GC(13) Final: 0 encountered, 0 discovered, 0 enqueued
[4.111s][info][gc,ref      ] GC(13) Phantom: 7 encountered, 3 discovered, 0 enqueued
[4.111s][info][gc,reloc    ] GC(13) Small Pages: 679 / 1358M, Empty: 0M, Relocated: 1M, In-Place: 0
[4.111s][info][gc,reloc    ] GC(13) Medium Pages: 1 / 32M, Empty: 0M, Relocated: 0M, In-Place: 0
[4.111s][info][gc,reloc    ] GC(13) Large Pages: 0 / 0M, Empty: 0M, Relocated: 0M, In-Place: 0
[4.111s][info][gc,reloc    ] GC(13) Forwarding Usage: 0M
[4.111s][info][gc,heap     ] GC(13) Min Capacity: 4096M(100%)
[4.111s][info][gc,heap     ] GC(13) Max Capacity: 4096M(100%)
[4.111s][info][gc,heap     ] GC(13) Soft Max Capacity: 4096M(100%)
[4.111s][info][gc,heap     ] GC(13)                Mark Start          Mark End        Relocate Start      Relocate End           High               Low         
[4.111s][info][gc,heap     ] GC(13)  Capacity:     4096M (100%)       4096M (100%)       4096M (100%)       4096M (100%)       4096M (100%)       4096M (100%)   
[4.111s][info][gc,heap     ] GC(13)      Free:     2706M (66%)        2706M (66%)        2706M (66%)        2706M (66%)        2706M (66%)        2700M (66%)    
[4.111s][info][gc,heap     ] GC(13)      Used:     1390M (34%)        1390M (34%)        1390M (34%)        1390M (34%)        1396M (34%)        1390M (34%)    
[4.111s][info][gc,heap     ] GC(13)      Live:         -              1231M (30%)        1231M (30%)        1231M (30%)            -                  -          
[4.111s][info][gc,heap     ] GC(13) Allocated:         -                 0M (0%)            0M (0%)            0M (0%)             -                  -          
[4.111s][info][gc,heap     ] GC(13)   Garbage:         -               158M (4%)          158M (4%)          158M (4%)             -                  -          
[4.111s][info][gc,heap     ] GC(13) Reclaimed:         -                  -                 0M (0%)            0M (0%)             -                  -          
[4.111s][info][gc          ] GC(13) Garbage Collection (Timer) 1390M(34%)->1390M(34%)
[4.386s][info][gc,start    ] GC(14) Garbage Collection (Timer)
[4.425s][info][gc,task     ] GC(14) Using 3 workers
[4.425s][info][gc,phases   ] GC(14) Pause Mark Start 0.008ms
[4.438s][info][gc,phases   ] GC(14) Concurrent Mark 13.206ms
[4.439s][info][gc,phases   ] GC(14) Pause Mark End 0.011ms
[4.439s][info][gc,phases   ] GC(14) Concurrent Mark Free 0.001ms
[4.439s][info][gc,phases   ] GC(14) Concurrent Process Non-Strong References 0.788ms
[4.440s][info][gc,phases   ] GC(14) Concurrent Reset Relocation Set 0.001ms
[4.442s][info][gc,phases   ] GC(14) Concurrent Select Relocation Set 2.103ms
[4.442s][info][gc,phases   ] GC(14) Pause Relocate Start 0.006ms
[4.442s][info][gc,phases   ] GC(14) Concurrent Relocate 0.269ms
[4.442s][info][gc,load     ] GC(14) Load: 0.00/0.00/0.00
[4.442s][info][gc,mmu      ] GC(14) MMU: 2ms/99.2%, 5ms/99.5%, 10ms/99.8%, 20ms/99.9%, 50ms/99.9%, 100ms/100.0%
[4.442s][info][gc,marking  ] GC(14) Mark: 2 stripe(s), 1 proactive flush(es), 1 terminate flush(es), 0 completion(s), 0 continuation(s) 
[4.442s][info][gc,marking  ] GC(14) Mark Stack Usage: 32M
[4.442s][info][gc,nmethod  ] GC(14) NMethods: 454 registered, 0 unregistered
[4.442s][info][gc,metaspace] GC(14) Metaspace: 1M used, 1M committed, 1088M reserved
[4.442s][info][gc,ref      ] GC(14) Soft: 181 encountered, 0 discovered, 0 enqueued
[4.442s][info][gc,ref      ] GC(14) Weak: 263 encountered, 142 discovered, 0 enqueued
[4.442s][info][gc,ref      ] GC(14) Final: 0 encountered, 0 discovered, 0 enqueued
[4.442s][info][gc,ref      ] GC(14) Phantom: 7 encountered, 3 discovered, 0 enqueued
[4.442s][info][gc,reloc    ] GC(14) Small Pages: 679 / 1358M, Empty: 0M, Relocated: 1M, In-Place: 0
[4.442s][info][gc,reloc    ] GC(14) Medium Pages: 1 / 32M, Empty: 0M, Relocated: 0M, In-Place: 0
[4.442s][info][gc,reloc    ] GC(14) Large Pages: 0 / 0M, Empty: 0M, Relocated: 0M, In-Place: 0
[4.442s][info][gc,reloc    ] GC(14) Forwarding Usage: 0M
[4.443s][info][gc,heap     ] GC(14) Min Capacity: 4096M(100%)
[4.443s][info][gc,heap     ] GC(14) Max Capacity: 4096M(100%)
[4.443s][info][gc,heap     ] GC(14) Soft Max Capacity: 4096M(100%)
[4.443s][info][gc,heap     ] GC(14)                Mark Start          Mark End        Relocate Start      Relocate End           High               Low         
[4.443s][info][gc,heap     ] GC(14)  Capacity:     4096M (100%)       4096M (100%)       4096M (100%)       4096M (100%)       4096M (100%)       4096M (100%)   
[4.443s][info][gc,heap     ] GC(14)      Free:     2706M (66%)        2706M (66%)        2706M (66%)        2706M (66%)        2706M (66%)        2700M (66%)    
[4.443s][info][gc,heap     ] GC(14)      Used:     1390M (34%)        1390M (34%)        1390M (34%)        1390M (34%)        1396M (34%)        1390M (34%)    
[4.443s][info][gc,heap     ] GC(14)      Live:         -              1231M (30%)        1231M (30%)        1231M (30%)            -                  -          
[4.443s][info][gc,heap     ] GC(14) Allocated:         -                 0M (0%)            0M (0%)            0M (0%)             -                  -          
[4.443s][info][gc,heap     ] GC(14)   Garbage:         -               158M (4%)          158M (4%)          158M (4%)             -                  -          
[4.443s][info][gc,heap     ] GC(14) Reclaimed:         -                  -                 0M (0%)            0M (0%)             -                  -          
[4.443s][info][gc          ] GC(14) Garbage Collection (Timer) 1390M(34%)->1390M(34%)
[4.686s][info][gc,start    ] GC(15) Garbage Collection (Timer)
[4.686s][info][gc,task     ] GC(15) Using 3 workers
[4.686s][info][gc,phases   ] GC(15) Pause Mark Start 0.006ms
[4.697s][info][gc,phases   ] GC(15) Concurrent Mark 10.441ms
[4.697s][info][gc,phases   ] GC(15) Pause Mark End 0.010ms
[4.697s][info][gc,phases   ] GC(15) Concurrent Mark Free 0.001ms
[4.698s][info][gc,phases   ] GC(15) Concurrent Process Non-Strong References 0.819ms
[4.698s][info][gc,phases   ] GC(15) Concurrent Reset Relocation Set 0.001ms
[4.700s][info][gc,phases   ] GC(15) Concurrent Select Relocation Set 2.110ms
[4.700s][info][gc,phases   ] GC(15) Pause Relocate Start 0.006ms
[4.703s][info][gc,phases   ] GC(15) Concurrent Relocate 2.306ms
[4.703s][info][gc,load     ] GC(15) Load: 0.00/0.00/0.00
[4.703s][info][gc,mmu      ] GC(15) MMU: 2ms/99.2%, 5ms/99.5%, 10ms/99.8%, 20ms/99.9%, 50ms/99.9%, 100ms/100.0%
[4.703s][info][gc,marking  ] GC(15) Mark: 2 stripe(s), 1 proactive flush(es), 1 terminate flush(es), 0 completion(s), 0 continuation(s) 
[4.703s][info][gc,marking  ] GC(15) Mark Stack Usage: 32M
[4.703s][info][gc,nmethod  ] GC(15) NMethods: 454 registered, 0 unregistered
[4.703s][info][gc,metaspace] GC(15) Metaspace: 1M used, 1M committed, 1088M reserved
[4.703s][info][gc,ref      ] GC(15) Soft: 181 encountered, 0 discovered, 0 enqueued
[4.703s][info][gc,ref      ] GC(15) Weak: 263 encountered, 210 discovered, 0 enqueued
[4.703s][info][gc,ref      ] GC(15) Final: 0 encountered, 0 discovered, 0 enqueued
[4.703s][info][gc,ref      ] GC(15) Phantom: 7 encountered, 4 discovered, 0 enqueued
[4.703s][info][gc,reloc    ] GC(15) Small Pages: 679 / 1358M, Empty: 0M, Relocated: 1M, In-Place: 0
[4.703s][info][gc,reloc    ] GC(15) Medium Pages: 1 / 32M, Empty: 0M, Relocated: 0M, In-Place: 0
[4.703s][info][gc,reloc    ] GC(15) Large Pages: 0 / 0M, Empty: 0M, Relocated: 0M, In-Place: 0
[4.703s][info][gc,reloc    ] GC(15) Forwarding Usage: 0M
[4.703s][info][gc,heap     ] GC(15) Min Capacity: 4096M(100%)
[4.703s][info][gc,heap     ] GC(15) Max Capacity: 4096M(100%)
[4.703s][info][gc,heap     ] GC(15) Soft Max Capacity: 4096M(100%)
[4.703s][info][gc,heap     ] GC(15)                Mark Start          Mark End        Relocate Start      Relocate End           High               Low         
[4.703s][info][gc,heap     ] GC(15)  Capacity:     4096M (100%)       4096M (100%)       4096M (100%)       4096M (100%)       4096M (100%)       4096M (100%)   
[4.703s][info][gc,heap     ] GC(15)      Free:     2706M (66%)        2706M (66%)        2706M (66%)        2708M (66%)        2708M (66%)        2704M (66%)    
[4.703s][info][gc,heap     ] GC(15)      Used:     1390M (34%)        1390M (34%)        1390M (34%)        1388M (34%)        1392M (34%)        1388M (34%)    
[4.703s][info][gc,heap     ] GC(15)      Live:         -              1231M (30%)        1231M (30%)        1231M (30%)            -                  -          
[4.703s][info][gc,heap     ] GC(15) Allocated:         -                 0M (0%)            0M (0%)            0M (0%)             -                  -          
[4.703s][info][gc,heap     ] GC(15)   Garbage:         -               158M (4%)          158M (4%)          156M (4%)             -                  -          
[4.703s][info][gc,heap     ] GC(15) Reclaimed:         -                  -                 0M (0%)            2M (0%)             -                  -          
[4.703s][info][gc          ] GC(15) Garbage Collection (Timer) 1390M(34%)->1388M(34%)
[4.986s][info][gc,start    ] GC(16) Garbage Collection (Timer)
[4.986s][info][gc,task     ] GC(16) Using 3 workers
[4.986s][info][gc,phases   ] GC(16) Pause Mark Start 0.006ms
[4.997s][info][gc,phases   ] GC(16) Concurrent Mark 10.663ms
[4.997s][info][gc,phases   ] GC(16) Pause Mark End 0.010ms
[4.997s][info][gc,phases   ] GC(16) Concurrent Mark Free 0.001ms
[4.998s][info][gc,phases   ] GC(16) Concurrent Process Non-Strong References 0.886ms
[4.998s][info][gc,phases   ] GC(16) Concurrent Reset Relocation Set 0.001ms
[5.000s][info][gc,phases   ] GC(16) Concurrent Select Relocation Set 2.111ms
[5.001s][info][gc,phases   ] GC(16) Pause Relocate Start 0.005ms
[5.001s][info][gc,phases   ] GC(16) Concurrent Relocate 0.107ms
[5.001s][info][gc,load     ] GC(16) Load: 0.00/0.00/0.00
[5.001s][info][gc,mmu      ] GC(16) MMU: 2ms/99.2%, 5ms/99.5%, 10ms/99.8%, 20ms/99.9%, 50ms/99.9%, 100ms/100.0%
[5.001s][info][gc,marking  ] GC(16) Mark: 2 stripe(s), 3 proactive flush(es), 1 terminate flush(es), 0 completion(s), 0 continuation(s) 
[5.001s][info][gc,marking  ] GC(16) Mark Stack Usage: 32M
[5.001s][info][gc,nmethod  ] GC(16) NMethods: 454 registered, 0 unregistered
[5.001s][info][gc,metaspace] GC(16) Metaspace: 1M used, 1M committed, 1088M reserved
[5.001s][info][gc,ref      ] GC(16) Soft: 181 encountered, 0 discovered, 0 enqueued
[5.001s][info][gc,ref      ] GC(16) Weak: 263 encountered, 148 discovered, 0 enqueued
[5.001s][info][gc,ref      ] GC(16) Final: 0 encountered, 0 discovered, 0 enqueued
[5.001s][info][gc,ref      ] GC(16) Phantom: 7 encountered, 3 discovered, 0 enqueued
[5.001s][info][gc,reloc    ] GC(16) Small Pages: 678 / 1356M, Empty: 0M, Relocated: 0M, In-Place: 0
[5.001s][info][gc,reloc    ] GC(16) Medium Pages: 1 / 32M, Empty: 0M, Relocated: 0M, In-Place: 0
[5.001s][info][gc,reloc    ] GC(16) Large Pages: 0 / 0M, Empty: 0M, Relocated: 0M, In-Place: 0
[5.001s][info][gc,reloc    ] GC(16) Forwarding Usage: 0M
[5.001s][info][gc,heap     ] GC(16) Min Capacity: 4096M(100%)
[5.001s][info][gc,heap     ] GC(16) Max Capacity: 4096M(100%)
[5.001s][info][gc,heap     ] GC(16) Soft Max Capacity: 4096M(100%)
[5.001s][info][gc,heap     ] GC(16)                Mark Start          Mark End        Relocate Start      Relocate End           High               Low         
[5.001s][info][gc,heap     ] GC(16)  Capacity:     4096M (100%)       4096M (100%)       4096M (100%)       4096M (100%)       4096M (100%)       4096M (100%)   
[5.001s][info][gc,heap     ] GC(16)      Free:     2708M (66%)        2708M (66%)        2708M (66%)        2708M (66%)        2708M (66%)        2708M (66%)    
[5.001s][info][gc,heap     ] GC(16)      Used:     1388M (34%)        1388M (34%)        1388M (34%)        1388M (34%)        1388M (34%)        1388M (34%)    
[5.001s][info][gc,heap     ] GC(16)      Live:         -              1231M (30%)        1231M (30%)        1231M (30%)            -                  -          
[5.001s][info][gc,heap     ] GC(16) Allocated:         -                 0M (0%)            0M (0%)            0M (0%)             -                  -          
[5.001s][info][gc,heap     ] GC(16)   Garbage:         -               156M (4%)          156M (4%)          156M (4%)             -                  -          
[5.001s][info][gc,heap     ] GC(16) Reclaimed:         -                  -                 0M (0%)            0M (0%)             -                  -          
[5.001s][info][gc          ] GC(16) Garbage Collection (Timer) 1388M(34%)->1388M(34%)
[5.286s][info][gc,start    ] GC(17) Garbage Collection (Timer)
[5.286s][info][gc,task     ] GC(17) Using 3 workers
[5.286s][info][gc,phases   ] GC(17) Pause Mark Start 0.005ms
[5.303s][info][gc,phases   ] GC(17) Concurrent Mark 16.308ms
[5.303s][info][gc,phases   ] GC(17) Pause Mark End 0.009ms
[5.303s][info][gc,phases   ] GC(17) Concurrent Mark Free 0.001ms
[5.304s][info][gc,phases   ] GC(17) Concurrent Process Non-Strong References 0.518ms
[5.304s][info][gc,phases   ] GC(17) Concurrent Reset Relocation Set 0.001ms
[5.307s][info][gc,phases   ] GC(17) Concurrent Select Relocation Set 3.356ms
[5.307s][info][gc,phases   ] GC(17) Pause Relocate Start 0.007ms
[5.307s][info][gc,phases   ] GC(17) Concurrent Relocate 0.023ms
[5.307s][info][gc,load     ] GC(17) Load: 0.00/0.00/0.00
[5.307s][info][gc,mmu      ] GC(17) MMU: 2ms/99.2%, 5ms/99.5%, 10ms/99.8%, 20ms/99.9%, 50ms/99.9%, 100ms/100.0%
[5.307s][info][gc,marking  ] GC(17) Mark: 2 stripe(s), 2 proactive flush(es), 1 terminate flush(es), 0 completion(s), 0 continuation(s) 
[5.307s][info][gc,marking  ] GC(17) Mark Stack Usage: 32M
[5.307s][info][gc,nmethod  ] GC(17) NMethods: 461 registered, 0 unregistered
[5.307s][info][gc,metaspace] GC(17) Metaspace: 1M used, 1M committed, 1088M reserved
[5.308s][info][gc,ref      ] GC(17) Soft: 181 encountered, 0 discovered, 0 enqueued
[5.308s][info][gc,ref      ] GC(17) Weak: 263 encountered, 163 discovered, 0 enqueued
[5.308s][info][gc,ref      ] GC(17) Final: 0 encountered, 0 discovered, 0 enqueued
[5.308s][info][gc,ref      ] GC(17) Phantom: 7 encountered, 4 discovered, 0 enqueued
[5.308s][info][gc,reloc    ] GC(17) Small Pages: 717 / 1434M, Empty: 0M, Relocated: 0M, In-Place: 0
[5.308s][info][gc,reloc    ] GC(17) Medium Pages: 2 / 64M, Empty: 32M, Relocated: 0M, In-Place: 0
[5.308s][info][gc,reloc    ] GC(17) Large Pages: 0 / 0M, Empty: 0M, Relocated: 0M, In-Place: 0
[5.308s][info][gc,reloc    ] GC(17) Forwarding Usage: 0M
[5.308s][info][gc,heap     ] GC(17) Min Capacity: 4096M(100%)
[5.308s][info][gc,heap     ] GC(17) Max Capacity: 4096M(100%)
[5.308s][info][gc,heap     ] GC(17) Soft Max Capacity: 4096M(100%)
[5.308s][info][gc,heap     ] GC(17)                Mark Start          Mark End        Relocate Start      Relocate End           High               Low         
[5.308s][info][gc,heap     ] GC(17)  Capacity:     4096M (100%)       4096M (100%)       4096M (100%)       4096M (100%)       4096M (100%)       4096M (100%)   
[5.308s][info][gc,heap     ] GC(17)      Free:     2598M (63%)        2596M (63%)        2628M (64%)        2628M (64%)        2628M (64%)        2596M (63%)    
[5.308s][info][gc,heap     ] GC(17)      Used:     1498M (37%)        1500M (37%)        1468M (36%)        1468M (36%)        1500M (37%)        1468M (36%)    
[5.308s][info][gc,heap     ] GC(17)      Live:         -              1302M (32%)        1302M (32%)        1302M (32%)            -                  -          
[5.308s][info][gc,heap     ] GC(17) Allocated:         -                 2M (0%)            2M (0%)            2M (0%)             -                  -          
[5.308s][info][gc,heap     ] GC(17)   Garbage:         -               195M (5%)          163M (4%)          163M (4%)             -                  -          
[5.308s][info][gc,heap     ] GC(17) Reclaimed:         -                  -                32M (1%)           32M (1%)             -                  -          
[5.308s][info][gc          ] GC(17) Garbage Collection (Timer) 1498M(37%)->1468M(36%)
[5.586s][info][gc,start    ] GC(18) Garbage Collection (Timer)
[5.586s][info][gc,task     ] GC(18) Using 3 workers
[5.586s][info][gc,phases   ] GC(18) Pause Mark Start 0.005ms
[5.599s][info][gc,phases   ] GC(18) Concurrent Mark 13.084ms
[5.600s][info][gc,phases   ] GC(18) Pause Mark End 0.009ms
[5.600s][info][gc,phases   ] GC(18) Concurrent Mark Free 0.001ms
[5.600s][info][gc,phases   ] GC(18) Concurrent Process Non-Strong References 0.672ms
[5.600s][info][gc,phases   ] GC(18) Concurrent Reset Relocation Set 0.000ms
[5.603s][info][gc,phases   ] GC(18) Concurrent Select Relocation Set 2.225ms
[5.603s][info][gc,phases   ] GC(18) Pause Relocate Start 0.005ms
[5.605s][info][gc,phases   ] GC(18) Concurrent Relocate 1.774ms
[5.605s][info][gc,load     ] GC(18) Load: 0.00/0.00/0.00
[5.605s][info][gc,mmu      ] GC(18) MMU: 2ms/99.2%, 5ms/99.5%, 10ms/99.8%, 20ms/99.9%, 50ms/99.9%, 100ms/100.0%
[5.605s][info][gc,marking  ] GC(18) Mark: 2 stripe(s), 2 proactive flush(es), 1 terminate flush(es), 0 completion(s), 0 continuation(s) 
[5.605s][info][gc,marking  ] GC(18) Mark Stack Usage: 32M
[5.605s][info][gc,nmethod  ] GC(18) NMethods: 461 registered, 0 unregistered
[5.605s][info][gc,metaspace] GC(18) Metaspace: 1M used, 1M committed, 1088M reserved
[5.605s][info][gc,ref      ] GC(18) Soft: 181 encountered, 0 discovered, 0 enqueued
[5.605s][info][gc,ref      ] GC(18) Weak: 263 encountered, 167 discovered, 0 enqueued
[5.605s][info][gc,ref      ] GC(18) Final: 0 encountered, 0 discovered, 0 enqueued
[5.605s][info][gc,ref      ] GC(18) Phantom: 7 encountered, 3 discovered, 0 enqueued
[5.606s][info][gc,reloc    ] GC(18) Small Pages: 764 / 1528M, Empty: 0M, Relocated: 1M, In-Place: 0
[5.606s][info][gc,reloc    ] GC(18) Medium Pages: 1 / 32M, Empty: 0M, Relocated: 0M, In-Place: 0
[5.606s][info][gc,reloc    ] GC(18) Large Pages: 0 / 0M, Empty: 0M, Relocated: 0M, In-Place: 0
[5.606s][info][gc,reloc    ] GC(18) Forwarding Usage: 0M
[5.606s][info][gc,heap     ] GC(18) Min Capacity: 4096M(100%)
[5.606s][info][gc,heap     ] GC(18) Max Capacity: 4096M(100%)
[5.606s][info][gc,heap     ] GC(18) Soft Max Capacity: 4096M(100%)
[5.606s][info][gc,heap     ] GC(18)                Mark Start          Mark End        Relocate Start      Relocate End           High               Low         
[5.606s][info][gc,heap     ] GC(18)  Capacity:     4096M (100%)       4096M (100%)       4096M (100%)       4096M (100%)       4096M (100%)       4096M (100%)   
[5.606s][info][gc,heap     ] GC(18)      Free:     2536M (62%)        2534M (62%)        2534M (62%)        2534M (62%)        2536M (62%)        2528M (62%)    
[5.606s][info][gc,heap     ] GC(18)      Used:     1560M (38%)        1562M (38%)        1562M (38%)        1562M (38%)        1568M (38%)        1560M (38%)    
[5.606s][info][gc,heap     ] GC(18)      Live:         -              1386M (34%)        1386M (34%)        1386M (34%)            -                  -          
[5.606s][info][gc,heap     ] GC(18) Allocated:         -                 2M (0%)            2M (0%)            2M (0%)             -                  -          
[5.606s][info][gc,heap     ] GC(18)   Garbage:         -               173M (4%)          173M (4%)          173M (4%)             -                  -          
[5.606s][info][gc,heap     ] GC(18) Reclaimed:         -                  -                 0M (0%)            0M (0%)             -                  -          
[5.606s][info][gc          ] GC(18) Garbage Collection (Timer) 1560M(38%)->1562M(38%)
[5.886s][info][gc,start    ] GC(19) Garbage Collection (Timer)
[5.886s][info][gc,task     ] GC(19) Using 3 workers
[5.886s][info][gc,phases   ] GC(19) Pause Mark Start 0.005ms
[5.902s][info][gc,phases   ] GC(19) Concurrent Mark 15.788ms
[5.902s][info][gc,phases   ] GC(19) Pause Mark End 0.009ms
[5.902s][info][gc,phases   ] GC(19) Concurrent Mark Free 0.001ms
[5.903s][info][gc,phases   ] GC(19) Concurrent Process Non-Strong References 0.506ms
[5.903s][info][gc,phases   ] GC(19) Concurrent Reset Relocation Set 0.001ms
[5.905s][info][gc,phases   ] GC(19) Concurrent Select Relocation Set 2.380ms
[5.906s][info][gc,phases   ] GC(19) Pause Relocate Start 0.005ms
[5.908s][info][gc,phases   ] GC(19) Concurrent Relocate 2.083ms
[5.908s][info][gc,load     ] GC(19) Load: 0.00/0.00/0.00
[5.908s][info][gc,mmu      ] GC(19) MMU: 2ms/99.2%, 5ms/99.5%, 10ms/99.8%, 20ms/99.9%, 50ms/99.9%, 100ms/100.0%
[5.908s][info][gc,marking  ] GC(19) Mark: 2 stripe(s), 3 proactive flush(es), 1 terminate flush(es), 0 completion(s), 0 continuation(s) 
[5.908s][info][gc,marking  ] GC(19) Mark Stack Usage: 32M
[5.908s][info][gc,nmethod  ] GC(19) NMethods: 461 registered, 0 unregistered
[5.908s][info][gc,metaspace] GC(19) Metaspace: 1M used, 1M committed, 1088M reserved
[5.908s][info][gc,ref      ] GC(19) Soft: 181 encountered, 0 discovered, 0 enqueued
[5.908s][info][gc,ref      ] GC(19) Weak: 263 encountered, 155 discovered, 0 enqueued
[5.908s][info][gc,ref      ] GC(19) Final: 0 encountered, 0 discovered, 0 enqueued
[5.908s][info][gc,ref      ] GC(19) Phantom: 7 encountered, 3 discovered, 0 enqueued
[5.908s][info][gc,reloc    ] GC(19) Small Pages: 811 / 1622M, Empty: 0M, Relocated: 1M, In-Place: 0
[5.908s][info][gc,reloc    ] GC(19) Medium Pages: 1 / 32M, Empty: 0M, Relocated: 0M, In-Place: 0
[5.908s][info][gc,reloc    ] GC(19) Large Pages: 0 / 0M, Empty: 0M, Relocated: 0M, In-Place: 0
[5.908s][info][gc,reloc    ] GC(19) Forwarding Usage: 0M
[5.908s][info][gc,heap     ] GC(19) Min Capacity: 4096M(100%)
[5.908s][info][gc,heap     ] GC(19) Max Capacity: 4096M(100%)
[5.908s][info][gc,heap     ] GC(19) Soft Max Capacity: 4096M(100%)
[5.908s][info][gc,heap     ] GC(19)                Mark Start          Mark End        Relocate Start      Relocate End           High               Low         
[5.908s][info][gc,heap     ] GC(19)  Capacity:     4096M (100%)       4096M (100%)       4096M (100%)       4096M (100%)       4096M (100%)       4096M (100%)   
[5.908s][info][gc,heap     ] GC(19)      Free:     2442M (60%)        2440M (60%)        2440M (60%)        2440M (60%)        2442M (60%)        2434M (59%)    
[5.908s][info][gc,heap     ] GC(19)      Used:     1654M (40%)        1656M (40%)        1656M (40%)        1656M (40%)        1662M (41%)        1654M (40%)    
[5.908s][info][gc,heap     ] GC(19)      Live:         -              1472M (36%)        1472M (36%)        1472M (36%)            -                  -          
[5.908s][info][gc,heap     ] GC(19) Allocated:         -                 2M (0%)            2M (0%)            2M (0%)             -                  -          
[5.908s][info][gc,heap     ] GC(19)   Garbage:         -               181M (4%)          181M (4%)          181M (4%)             -                  -          
[5.908s][info][gc,heap     ] GC(19) Reclaimed:         -                  -                 0M (0%)            0M (0%)             -                  -          
[5.908s][info][gc          ] GC(19) Garbage Collection (Timer) 1654M(40%)->1656M(40%)
[6.186s][info][gc,start    ] GC(20) Garbage Collection (Timer)
[6.186s][info][gc,task     ] GC(20) Using 3 workers
[6.186s][info][gc,phases   ] GC(20) Pause Mark Start 0.006ms
[6.201s][info][gc,phases   ] GC(20) Concurrent Mark 14.578ms
[6.201s][info][gc,phases   ] GC(20) Pause Mark End 0.009ms
[6.201s][info][gc,phases   ] GC(20) Concurrent Mark Free 0.001ms
[6.201s][info][gc,phases   ] GC(20) Concurrent Process Non-Strong References 0.654ms
[6.201s][info][gc,phases   ] GC(20) Concurrent Reset Relocation Set 0.001ms
[6.204s][info][gc,phases   ] GC(20) Concurrent Select Relocation Set 2.478ms
[6.204s][info][gc,phases   ] GC(20) Pause Relocate Start 0.005ms
[6.207s][info][gc,phases   ] GC(20) Concurrent Relocate 2.389ms
[6.207s][info][gc,load     ] GC(20) Load: 0.00/0.00/0.00
[6.207s][info][gc,mmu      ] GC(20) MMU: 2ms/99.2%, 5ms/99.5%, 10ms/99.8%, 20ms/99.9%, 50ms/99.9%, 100ms/100.0%
[6.207s][info][gc,marking  ] GC(20) Mark: 2 stripe(s), 2 proactive flush(es), 1 terminate flush(es), 0 completion(s), 0 continuation(s) 
[6.207s][info][gc,marking  ] GC(20) Mark Stack Usage: 32M
[6.207s][info][gc,nmethod  ] GC(20) NMethods: 461 registered, 0 unregistered
[6.207s][info][gc,metaspace] GC(20) Metaspace: 1M used, 1M committed, 1088M reserved
[6.207s][info][gc,ref      ] GC(20) Soft: 181 encountered, 0 discovered, 0 enqueued
[6.207s][info][gc,ref      ] GC(20) Weak: 263 encountered, 161 discovered, 0 enqueued
[6.207s][info][gc,ref      ] GC(20) Final: 0 encountered, 0 discovered, 0 enqueued
[6.207s][info][gc,ref      ] GC(20) Phantom: 7 encountered, 3 discovered, 0 enqueued
[6.207s][info][gc,reloc    ] GC(20) Small Pages: 856 / 1712M, Empty: 0M, Relocated: 1M, In-Place: 0
[6.207s][info][gc,reloc    ] GC(20) Medium Pages: 1 / 32M, Empty: 0M, Relocated: 0M, In-Place: 0
[6.207s][info][gc,reloc    ] GC(20) Large Pages: 0 / 0M, Empty: 0M, Relocated: 0M, In-Place: 0
[6.207s][info][gc,reloc    ] GC(20) Forwarding Usage: 0M
[6.207s][info][gc,heap     ] GC(20) Min Capacity: 4096M(100%)
[6.207s][info][gc,heap     ] GC(20) Max Capacity: 4096M(100%)
[6.207s][info][gc,heap     ] GC(20) Soft Max Capacity: 4096M(100%)
[6.207s][info][gc,heap     ] GC(20)                Mark Start          Mark End        Relocate Start      Relocate End           High               Low         
[6.207s][info][gc,heap     ] GC(20)  Capacity:     4096M (100%)       4096M (100%)       4096M (100%)       4096M (100%)       4096M (100%)       4096M (100%)   
[6.207s][info][gc,heap     ] GC(20)      Free:     2352M (57%)        2350M (57%)        2350M (57%)        2350M (57%)        2352M (57%)        2344M (57%)    
[6.207s][info][gc,heap     ] GC(20)      Used:     1744M (43%)        1746M (43%)        1746M (43%)        1746M (43%)        1752M (43%)        1744M (43%)    
[6.207s][info][gc,heap     ] GC(20)      Live:         -              1554M (38%)        1554M (38%)        1554M (38%)            -                  -          
[6.207s][info][gc,heap     ] GC(20) Allocated:         -                 2M (0%)            2M (0%)            2M (0%)             -                  -          
[6.207s][info][gc,heap     ] GC(20)   Garbage:         -               189M (5%)          189M (5%)          189M (5%)             -                  -          
[6.207s][info][gc,heap     ] GC(20) Reclaimed:         -                  -                 0M (0%)            0M (0%)             -                  -          
[6.207s][info][gc          ] GC(20) Garbage Collection (Timer) 1744M(43%)->1746M(43%)
[6.486s][info][gc,start    ] GC(21) Garbage Collection (Timer)
[6.486s][info][gc,task     ] GC(21) Using 3 workers
[6.486s][info][gc,phases   ] GC(21) Pause Mark Start 0.006ms
[6.503s][info][gc,phases   ] GC(21) Concurrent Mark 17.014ms
[6.504s][info][gc,phases   ] GC(21) Pause Mark End 0.009ms
[6.504s][info][gc,phases   ] GC(21) Concurrent Mark Free 0.001ms
[6.505s][info][gc,phases   ] GC(21) Concurrent Process Non-Strong References 0.521ms
[6.505s][info][gc,phases   ] GC(21) Concurrent Reset Relocation Set 0.001ms
[6.507s][info][gc,phases   ] GC(21) Concurrent Select Relocation Set 2.217ms
[6.507s][info][gc,phases   ] GC(21) Pause Relocate Start 0.005ms
[6.509s][info][gc,phases   ] GC(21) Concurrent Relocate 1.353ms
[6.509s][info][gc,load     ] GC(21) Load: 0.00/0.00/0.00
[6.509s][info][gc,mmu      ] GC(21) MMU: 2ms/99.2%, 5ms/99.5%, 10ms/99.8%, 20ms/99.9%, 50ms/99.9%, 100ms/100.0%
[6.509s][info][gc,marking  ] GC(21) Mark: 2 stripe(s), 2 proactive flush(es), 1 terminate flush(es), 0 completion(s), 0 continuation(s) 
[6.509s][info][gc,marking  ] GC(21) Mark Stack Usage: 32M
[6.509s][info][gc,nmethod  ] GC(21) NMethods: 461 registered, 0 unregistered
[6.509s][info][gc,metaspace] GC(21) Metaspace: 1M used, 1M committed, 1088M reserved
[6.509s][info][gc,ref      ] GC(21) Soft: 181 encountered, 0 discovered, 0 enqueued
[6.509s][info][gc,ref      ] GC(21) Weak: 263 encountered, 155 discovered, 0 enqueued
[6.509s][info][gc,ref      ] GC(21) Final: 0 encountered, 0 discovered, 0 enqueued
[6.509s][info][gc,ref      ] GC(21) Phantom: 7 encountered, 1 discovered, 0 enqueued
[6.509s][info][gc,reloc    ] GC(21) Small Pages: 904 / 1808M, Empty: 0M, Relocated: 1M, In-Place: 0
[6.509s][info][gc,reloc    ] GC(21) Medium Pages: 1 / 32M, Empty: 0M, Relocated: 0M, In-Place: 0
[6.509s][info][gc,reloc    ] GC(21) Large Pages: 0 / 0M, Empty: 0M, Relocated: 0M, In-Place: 0
[6.509s][info][gc,reloc    ] GC(21) Forwarding Usage: 0M
[6.509s][info][gc,heap     ] GC(21) Min Capacity: 4096M(100%)
[6.509s][info][gc,heap     ] GC(21) Max Capacity: 4096M(100%)
[6.509s][info][gc,heap     ] GC(21) Soft Max Capacity: 4096M(100%)
[6.509s][info][gc,heap     ] GC(21)                Mark Start          Mark End        Relocate Start      Relocate End           High               Low         
[6.509s][info][gc,heap     ] GC(21)  Capacity:     4096M (100%)       4096M (100%)       4096M (100%)       4096M (100%)       4096M (100%)       4096M (100%)   
[6.509s][info][gc,heap     ] GC(21)      Free:     2256M (55%)        2254M (55%)        2252M (55%)        2252M (55%)        2256M (55%)        2246M (55%)    
[6.509s][info][gc,heap     ] GC(21)      Used:     1840M (45%)        1842M (45%)        1844M (45%)        1844M (45%)        1850M (45%)        1840M (45%)    
[6.509s][info][gc,heap     ] GC(21)      Live:         -              1641M (40%)        1641M (40%)        1641M (40%)            -                  -          
[6.509s][info][gc,heap     ] GC(21) Allocated:         -                 2M (0%)            4M (0%)            4M (0%)             -                  -          
[6.509s][info][gc,heap     ] GC(21)   Garbage:         -               198M (5%)          198M (5%)          198M (5%)             -                  -          
[6.509s][info][gc,heap     ] GC(21) Reclaimed:         -                  -                 0M (0%)            0M (0%)             -                  -          
[6.509s][info][gc          ] GC(21) Garbage Collection (Timer) 1840M(45%)->1844M(45%)
[6.786s][info][gc,start    ] GC(22) Garbage Collection (Timer)
[6.786s][info][gc,task     ] GC(22) Using 3 workers
[6.786s][info][gc,phases   ] GC(22) Pause Mark Start 0.006ms
[6.801s][info][gc,phases   ] GC(22) Concurrent Mark 14.909ms
[6.802s][info][gc,phases   ] GC(22) Pause Mark End 0.009ms
[6.802s][info][gc,phases   ] GC(22) Concurrent Mark Free 0.001ms
[6.802s][info][gc,phases   ] GC(22) Concurrent Process Non-Strong References 0.618ms
[6.802s][info][gc,phases   ] GC(22) Concurrent Reset Relocation Set 0.001ms
[6.805s][info][gc,phases   ] GC(22) Concurrent Select Relocation Set 2.213ms
[6.805s][info][gc,phases   ] GC(22) Pause Relocate Start 0.005ms
[6.807s][info][gc,phases   ] GC(22) Concurrent Relocate 1.801ms
[6.807s][info][gc,load     ] GC(22) Load: 0.00/0.00/0.00
[6.807s][info][gc,mmu      ] GC(22) MMU: 2ms/99.2%, 5ms/99.5%, 10ms/99.8%, 20ms/99.9%, 50ms/99.9%, 100ms/100.0%
[6.807s][info][gc,marking  ] GC(22) Mark: 2 stripe(s), 2 proactive flush(es), 1 terminate flush(es), 0 completion(s), 0 continuation(s) 
[6.807s][info][gc,marking  ] GC(22) Mark Stack Usage: 32M
[6.807s][info][gc,nmethod  ] GC(22) NMethods: 463 registered, 0 unregistered
[6.807s][info][gc,metaspace] GC(22) Metaspace: 1M used, 1M committed, 1088M reserved
[6.807s][info][gc,ref      ] GC(22) Soft: 181 encountered, 0 discovered, 0 enqueued
[6.807s][info][gc,ref      ] GC(22) Weak: 263 encountered, 157 discovered, 0 enqueued
[6.807s][info][gc,ref      ] GC(22) Final: 0 encountered, 0 discovered, 0 enqueued
[6.807s][info][gc,ref      ] GC(22) Phantom: 7 encountered, 4 discovered, 0 enqueued
[6.807s][info][gc,reloc    ] GC(22) Small Pages: 946 / 1892M, Empty: 0M, Relocated: 1M, In-Place: 0
[6.807s][info][gc,reloc    ] GC(22) Medium Pages: 1 / 32M, Empty: 0M, Relocated: 0M, In-Place: 0
[6.807s][info][gc,reloc    ] GC(22) Large Pages: 0 / 0M, Empty: 0M, Relocated: 0M, In-Place: 0
[6.807s][info][gc,reloc    ] GC(22) Forwarding Usage: 0M
[6.807s][info][gc,heap     ] GC(22) Min Capacity: 4096M(100%)
[6.807s][info][gc,heap     ] GC(22) Max Capacity: 4096M(100%)
[6.807s][info][gc,heap     ] GC(22) Soft Max Capacity: 4096M(100%)
[6.807s][info][gc,heap     ] GC(22)                Mark Start          Mark End        Relocate Start      Relocate End           High               Low         
[6.807s][info][gc,heap     ] GC(22)  Capacity:     4096M (100%)       4096M (100%)       4096M (100%)       4096M (100%)       4096M (100%)       4096M (100%)   
[6.807s][info][gc,heap     ] GC(22)      Free:     2172M (53%)        2170M (53%)        2168M (53%)        2168M (53%)        2172M (53%)        2162M (53%)    
[6.807s][info][gc,heap     ] GC(22)      Used:     1924M (47%)        1926M (47%)        1928M (47%)        1928M (47%)        1934M (47%)        1924M (47%)    
[6.807s][info][gc,heap     ] GC(22)      Live:         -              1717M (42%)        1717M (42%)        1717M (42%)            -                  -          
[6.807s][info][gc,heap     ] GC(22) Allocated:         -                 2M (0%)            4M (0%)            4M (0%)             -                  -          
[6.807s][info][gc,heap     ] GC(22)   Garbage:         -               206M (5%)          206M (5%)          206M (5%)             -                  -          
[6.807s][info][gc,heap     ] GC(22) Reclaimed:         -                  -                 0M (0%)            0M (0%)             -                  -          
[6.807s][info][gc          ] GC(22) Garbage Collection (Timer) 1924M(47%)->1928M(47%)
[7.086s][info][gc,start    ] GC(23) Garbage Collection (Timer)
[7.086s][info][gc,task     ] GC(23) Using 3 workers
[7.086s][info][gc,phases   ] GC(23) Pause Mark Start 0.005ms
[7.104s][info][gc,phases   ] GC(23) Concurrent Mark 17.156ms
[7.104s][info][gc,phases   ] GC(23) Pause Mark End 0.009ms
[7.104s][info][gc,phases   ] GC(23) Concurrent Mark Free 0.001ms
[7.105s][info][gc,phases   ] GC(23) Concurrent Process Non-Strong References 0.749ms
[7.105s][info][gc,phases   ] GC(23) Concurrent Reset Relocation Set 0.001ms
[7.107s][info][gc,phases   ] GC(23) Concurrent Select Relocation Set 2.189ms
[7.107s][info][gc,phases   ] GC(23) Pause Relocate Start 0.005ms
[7.109s][info][gc,phases   ] GC(23) Concurrent Relocate 2.174ms
[7.109s][info][gc,load     ] GC(23) Load: 0.00/0.00/0.00
[7.109s][info][gc,mmu      ] GC(23) MMU: 2ms/99.2%, 5ms/99.5%, 10ms/99.8%, 20ms/99.9%, 50ms/99.9%, 100ms/100.0%
[7.109s][info][gc,marking  ] GC(23) Mark: 2 stripe(s), 2 proactive flush(es), 1 terminate flush(es), 0 completion(s), 0 continuation(s) 
[7.109s][info][gc,marking  ] GC(23) Mark Stack Usage: 32M
[7.109s][info][gc,nmethod  ] GC(23) NMethods: 463 registered, 0 unregistered
[7.109s][info][gc,metaspace] GC(23) Metaspace: 1M used, 1M committed, 1088M reserved
[7.109s][info][gc,ref      ] GC(23) Soft: 181 encountered, 0 discovered, 0 enqueued
[7.110s][info][gc,ref      ] GC(23) Weak: 263 encountered, 155 discovered, 0 enqueued
[7.110s][info][gc,ref      ] GC(23) Final: 0 encountered, 0 discovered, 0 enqueued
[7.110s][info][gc,ref      ] GC(23) Phantom: 7 encountered, 2 discovered, 0 enqueued
[7.110s][info][gc,reloc    ] GC(23) Small Pages: 992 / 1984M, Empty: 0M, Relocated: 1M, In-Place: 0
[7.110s][info][gc,reloc    ] GC(23) Medium Pages: 1 / 32M, Empty: 0M, Relocated: 0M, In-Place: 0
[7.110s][info][gc,reloc    ] GC(23) Large Pages: 0 / 0M, Empty: 0M, Relocated: 0M, In-Place: 0
[7.110s][info][gc,reloc    ] GC(23) Forwarding Usage: 0M
[7.110s][info][gc,heap     ] GC(23) Min Capacity: 4096M(100%)
[7.110s][info][gc,heap     ] GC(23) Max Capacity: 4096M(100%)
[7.110s][info][gc,heap     ] GC(23) Soft Max Capacity: 4096M(100%)
[7.110s][info][gc,heap     ] GC(23)                Mark Start          Mark End        Relocate Start      Relocate End           High               Low         
[7.110s][info][gc,heap     ] GC(23)  Capacity:     4096M (100%)       4096M (100%)       4096M (100%)       4096M (100%)       4096M (100%)       4096M (100%)   
[7.110s][info][gc,heap     ] GC(23)      Free:     2080M (51%)        2078M (51%)        2078M (51%)        2078M (51%)        2080M (51%)        2072M (51%)    
[7.110s][info][gc,heap     ] GC(23)      Used:     2016M (49%)        2018M (49%)        2018M (49%)        2018M (49%)        2024M (49%)        2016M (49%)    
[7.110s][info][gc,heap     ] GC(23)      Live:         -              1799M (44%)        1799M (44%)        1799M (44%)            -                  -          
[7.110s][info][gc,heap     ] GC(23) Allocated:         -                 2M (0%)            2M (0%)            2M (0%)             -                  -          
[7.110s][info][gc,heap     ] GC(23)   Garbage:         -               216M (5%)          216M (5%)          216M (5%)             -                  -          
[7.110s][info][gc,heap     ] GC(23) Reclaimed:         -                  -                 0M (0%)            0M (0%)             -                  -          
[7.110s][info][gc          ] GC(23) Garbage Collection (Timer) 2016M(49%)->2018M(49%)
[7.385s][info][gc,start    ] GC(24) Garbage Collection (Timer)
[7.385s][info][gc,task     ] GC(24) Using 3 workers
[7.385s][info][gc,phases   ] GC(24) Pause Mark Start 0.006ms
[7.415s][info][gc,phases   ] GC(24) Concurrent Mark 29.813ms
[7.415s][info][gc,phases   ] GC(24) Pause Mark End 0.009ms
[7.416s][info][gc,phases   ] GC(24) Concurrent Mark Free 0.001ms
[7.416s][info][gc,phases   ] GC(24) Concurrent Process Non-Strong References 0.547ms
[7.416s][info][gc,phases   ] GC(24) Concurrent Reset Relocation Set 0.001ms
[7.418s][info][gc,phases   ] GC(24) Concurrent Select Relocation Set 2.047ms
[7.418s][info][gc,phases   ] GC(24) Pause Relocate Start 0.004ms
[7.420s][info][gc,phases   ] GC(24) Concurrent Relocate 1.749ms
[7.420s][info][gc,load     ] GC(24) Load: 0.00/0.00/0.00
[7.420s][info][gc,mmu      ] GC(24) MMU: 2ms/99.2%, 5ms/99.5%, 10ms/99.8%, 20ms/99.9%, 50ms/99.9%, 100ms/100.0%
[7.420s][info][gc,marking  ] GC(24) Mark: 2 stripe(s), 8 proactive flush(es), 1 terminate flush(es), 0 completion(s), 0 continuation(s) 
[7.420s][info][gc,marking  ] GC(24) Mark Stack Usage: 32M
[7.420s][info][gc,nmethod  ] GC(24) NMethods: 463 registered, 0 unregistered
[7.420s][info][gc,metaspace] GC(24) Metaspace: 1M used, 1M committed, 1088M reserved
[7.420s][info][gc,ref      ] GC(24) Soft: 181 encountered, 0 discovered, 0 enqueued
[7.420s][info][gc,ref      ] GC(24) Weak: 263 encountered, 159 discovered, 0 enqueued
[7.420s][info][gc,ref      ] GC(24) Final: 0 encountered, 0 discovered, 0 enqueued
[7.420s][info][gc,ref      ] GC(24) Phantom: 7 encountered, 3 discovered, 0 enqueued
[7.420s][info][gc,reloc    ] GC(24) Small Pages: 1019 / 2038M, Empty: 0M, Relocated: 1M, In-Place: 0
[7.420s][info][gc,reloc    ] GC(24) Medium Pages: 1 / 32M, Empty: 0M, Relocated: 0M, In-Place: 0
[7.421s][info][gc,reloc    ] GC(24) Large Pages: 0 / 0M, Empty: 0M, Relocated: 0M, In-Place: 0
[7.421s][info][gc,reloc    ] GC(24) Forwarding Usage: 0M
[7.421s][info][gc,heap     ] GC(24) Min Capacity: 4096M(100%)
[7.421s][info][gc,heap     ] GC(24) Max Capacity: 4096M(100%)
[7.421s][info][gc,heap     ] GC(24) Soft Max Capacity: 4096M(100%)
[7.421s][info][gc,heap     ] GC(24)                Mark Start          Mark End        Relocate Start      Relocate End           High               Low         
[7.421s][info][gc,heap     ] GC(24)  Capacity:     4096M (100%)       4096M (100%)       4096M (100%)       4096M (100%)       4096M (100%)       4096M (100%)   
[7.421s][info][gc,heap     ] GC(24)      Free:     2026M (49%)        2026M (49%)        2026M (49%)        2026M (49%)        2026M (49%)        2020M (49%)    
[7.421s][info][gc,heap     ] GC(24)      Used:     2070M (51%)        2070M (51%)        2070M (51%)        2070M (51%)        2076M (51%)        2070M (51%)    
[7.421s][info][gc,heap     ] GC(24)      Live:         -              1849M (45%)        1849M (45%)        1849M (45%)            -                  -          
[7.421s][info][gc,heap     ] GC(24) Allocated:         -                 0M (0%)            0M (0%)            0M (0%)             -                  -          
[7.421s][info][gc,heap     ] GC(24)   Garbage:         -               220M (5%)          220M (5%)          220M (5%)             -                  -          
[7.421s][info][gc,heap     ] GC(24) Reclaimed:         -                  -                 0M (0%)            0M (0%)             -                  -          
[7.421s][info][gc          ] GC(24) Garbage Collection (Timer) 2070M(51%)->2070M(51%)
[7.686s][info][gc,start    ] GC(25) Garbage Collection (Timer)
[7.686s][info][gc,task     ] GC(25) Using 3 workers
[7.686s][info][gc,phases   ] GC(25) Pause Mark Start 0.006ms
[7.708s][info][gc,phases   ] GC(25) Concurrent Mark 21.908ms
[7.708s][info][gc,phases   ] GC(25) Pause Mark End 0.010ms
[7.708s][info][gc,phases   ] GC(25) Concurrent Mark Free 0.001ms
[7.709s][info][gc,phases   ] GC(25) Concurrent Process Non-Strong References 0.813ms
[7.709s][info][gc,phases   ] GC(25) Concurrent Reset Relocation Set 0.001ms
[7.712s][info][gc,phases   ] GC(25) Concurrent Select Relocation Set 2.099ms
[7.712s][info][gc,phases   ] GC(25) Pause Relocate Start 0.005ms
[7.713s][info][gc,phases   ] GC(25) Concurrent Relocate 0.899ms
[7.713s][info][gc,load     ] GC(25) Load: 0.00/0.00/0.00
[7.713s][info][gc,mmu      ] GC(25) MMU: 2ms/99.2%, 5ms/99.5%, 10ms/99.8%, 20ms/99.9%, 50ms/99.9%, 100ms/100.0%
[7.713s][info][gc,marking  ] GC(25) Mark: 2 stripe(s), 4 proactive flush(es), 1 terminate flush(es), 0 completion(s), 0 continuation(s) 
[7.713s][info][gc,marking  ] GC(25) Mark Stack Usage: 32M
[7.713s][info][gc,nmethod  ] GC(25) NMethods: 463 registered, 0 unregistered
[7.713s][info][gc,metaspace] GC(25) Metaspace: 1M used, 1M committed, 1088M reserved
[7.713s][info][gc,ref      ] GC(25) Soft: 181 encountered, 0 discovered, 0 enqueued
[7.713s][info][gc,ref      ] GC(25) Weak: 263 encountered, 159 discovered, 0 enqueued
[7.713s][info][gc,ref      ] GC(25) Final: 0 encountered, 0 discovered, 0 enqueued
[7.713s][info][gc,ref      ] GC(25) Phantom: 7 encountered, 3 discovered, 0 enqueued
[7.713s][info][gc,reloc    ] GC(25) Small Pages: 1019 / 2038M, Empty: 0M, Relocated: 1M, In-Place: 0
[7.713s][info][gc,reloc    ] GC(25) Medium Pages: 1 / 32M, Empty: 0M, Relocated: 0M, In-Place: 0
[7.713s][info][gc,reloc    ] GC(25) Large Pages: 0 / 0M, Empty: 0M, Relocated: 0M, In-Place: 0
[7.713s][info][gc,reloc    ] GC(25) Forwarding Usage: 0M
[7.713s][info][gc,heap     ] GC(25) Min Capacity: 4096M(100%)
[7.713s][info][gc,heap     ] GC(25) Max Capacity: 4096M(100%)
[7.713s][info][gc,heap     ] GC(25) Soft Max Capacity: 4096M(100%)
[7.713s][info][gc,heap     ] GC(25)                Mark Start          Mark End        Relocate Start      Relocate End           High               Low         
[7.713s][info][gc,heap     ] GC(25)  Capacity:     4096M (100%)       4096M (100%)       4096M (100%)       4096M (100%)       4096M (100%)       4096M (100%)   
[7.713s][info][gc,heap     ] GC(25)      Free:     2026M (49%)        2026M (49%)        2026M (49%)        2028M (50%)        2028M (50%)        2024M (49%)    
[7.713s][info][gc,heap     ] GC(25)      Used:     2070M (51%)        2070M (51%)        2070M (51%)        2068M (50%)        2072M (51%)        2068M (50%)    
[7.713s][info][gc,heap     ] GC(25)      Live:         -              1849M (45%)        1849M (45%)        1849M (45%)            -                  -          
[7.713s][info][gc,heap     ] GC(25) Allocated:         -                 0M (0%)            0M (0%)            0M (0%)             -                  -          
[7.713s][info][gc,heap     ] GC(25)   Garbage:         -               220M (5%)          220M (5%)          218M (5%)             -                  -          
[7.713s][info][gc,heap     ] GC(25) Reclaimed:         -                  -                 0M (0%)            2M (0%)             -                  -          
[7.713s][info][gc          ] GC(25) Garbage Collection (Timer) 2070M(51%)->2068M(50%)
[7.986s][info][gc,start    ] GC(26) Garbage Collection (Timer)
[7.987s][info][gc,task     ] GC(26) Using 3 workers
[7.987s][info][gc,phases   ] GC(26) Pause Mark Start 0.005ms
[8.007s][info][gc,phases   ] GC(26) Concurrent Mark 20.362ms
[8.007s][info][gc,phases   ] GC(26) Pause Mark End 0.009ms
[8.007s][info][gc,phases   ] GC(26) Concurrent Mark Free 0.001ms
[8.008s][info][gc,phases   ] GC(26) Concurrent Process Non-Strong References 0.665ms
[8.008s][info][gc,phases   ] GC(26) Concurrent Reset Relocation Set 0.001ms
[8.010s][info][gc,phases   ] GC(26) Concurrent Select Relocation Set 2.079ms
[8.010s][info][gc,phases   ] GC(26) Pause Relocate Start 0.004ms
[8.010s][info][gc,phases   ] GC(26) Concurrent Relocate 0.101ms
[8.010s][info][gc,load     ] GC(26) Load: 0.00/0.00/0.00
[8.011s][info][gc,mmu      ] GC(26) MMU: 2ms/99.2%, 5ms/99.5%, 10ms/99.8%, 20ms/99.9%, 50ms/99.9%, 100ms/100.0%
[8.011s][info][gc,marking  ] GC(26) Mark: 2 stripe(s), 10 proactive flush(es), 1 terminate flush(es), 0 completion(s), 0 continuation(s) 
[8.011s][info][gc,marking  ] GC(26) Mark Stack Usage: 32M
[8.011s][info][gc,nmethod  ] GC(26) NMethods: 463 registered, 0 unregistered
[8.011s][info][gc,metaspace] GC(26) Metaspace: 1M used, 1M committed, 1088M reserved
[8.011s][info][gc,ref      ] GC(26) Soft: 181 encountered, 0 discovered, 0 enqueued
[8.011s][info][gc,ref      ] GC(26) Weak: 263 encountered, 206 discovered, 0 enqueued
[8.011s][info][gc,ref      ] GC(26) Final: 0 encountered, 0 discovered, 0 enqueued
[8.011s][info][gc,ref      ] GC(26) Phantom: 7 encountered, 4 discovered, 0 enqueued
[8.011s][info][gc,reloc    ] GC(26) Small Pages: 1018 / 2036M, Empty: 0M, Relocated: 0M, In-Place: 0
[8.011s][info][gc,reloc    ] GC(26) Medium Pages: 1 / 32M, Empty: 0M, Relocated: 0M, In-Place: 0
[8.011s][info][gc,reloc    ] GC(26) Large Pages: 0 / 0M, Empty: 0M, Relocated: 0M, In-Place: 0
[8.011s][info][gc,reloc    ] GC(26) Forwarding Usage: 0M
[8.011s][info][gc,heap     ] GC(26) Min Capacity: 4096M(100%)
[8.011s][info][gc,heap     ] GC(26) Max Capacity: 4096M(100%)
[8.011s][info][gc,heap     ] GC(26) Soft Max Capacity: 4096M(100%)
[8.011s][info][gc,heap     ] GC(26)                Mark Start          Mark End        Relocate Start      Relocate End           High               Low         
[8.011s][info][gc,heap     ] GC(26)  Capacity:     4096M (100%)       4096M (100%)       4096M (100%)       4096M (100%)       4096M (100%)       4096M (100%)   
[8.011s][info][gc,heap     ] GC(26)      Free:     2028M (50%)        2028M (50%)        2028M (50%)        2028M (50%)        2028M (50%)        2028M (50%)    
[8.011s][info][gc,heap     ] GC(26)      Used:     2068M (50%)        2068M (50%)        2068M (50%)        2068M (50%)        2068M (50%)        2068M (50%)    
[8.011s][info][gc,heap     ] GC(26)      Live:         -              1849M (45%)        1849M (45%)        1849M (45%)            -                  -          
[8.011s][info][gc,heap     ] GC(26) Allocated:         -                 0M (0%)            0M (0%)            0M (0%)             -                  -          
[8.011s][info][gc,heap     ] GC(26)   Garbage:         -               218M (5%)          218M (5%)          218M (5%)             -                  -          
[8.011s][info][gc,heap     ] GC(26) Reclaimed:         -                  -                 0M (0%)            0M (0%)             -                  -          
[8.011s][info][gc          ] GC(26) Garbage Collection (Timer) 2068M(50%)->2068M(50%)
[8.286s][info][gc,start    ] GC(27) Garbage Collection (Timer)
[8.286s][info][gc,task     ] GC(27) Using 3 workers
[8.286s][info][gc,phases   ] GC(27) Pause Mark Start 0.006ms
[8.300s][info][gc,phases   ] GC(27) Concurrent Mark 14.306ms
[8.300s][info][gc,phases   ] GC(27) Pause Mark End 0.010ms
[8.300s][info][gc,phases   ] GC(27) Concurrent Mark Free 0.001ms
[8.301s][info][gc,phases   ] GC(27) Concurrent Process Non-Strong References 0.702ms
[8.301s][info][gc,phases   ] GC(27) Concurrent Reset Relocation Set 0.001ms
[8.304s][info][gc,phases   ] GC(27) Concurrent Select Relocation Set 2.494ms
[8.304s][info][gc,phases   ] GC(27) Pause Relocate Start 0.008ms
[8.304s][info][gc,phases   ] GC(27) Concurrent Relocate 0.069ms
[8.304s][info][gc,load     ] GC(27) Load: 0.00/0.00/0.00
[8.304s][info][gc,mmu      ] GC(27) MMU: 2ms/99.2%, 5ms/99.5%, 10ms/99.8%, 20ms/99.9%, 50ms/99.9%, 100ms/100.0%
[8.304s][info][gc,marking  ] GC(27) Mark: 2 stripe(s), 5 proactive flush(es), 1 terminate flush(es), 0 completion(s), 0 continuation(s) 
[8.304s][info][gc,marking  ] GC(27) Mark Stack Usage: 32M
[8.304s][info][gc,nmethod  ] GC(27) NMethods: 463 registered, 0 unregistered
[8.304s][info][gc,metaspace] GC(27) Metaspace: 1M used, 1M committed, 1088M reserved
[8.304s][info][gc,ref      ] GC(27) Soft: 181 encountered, 0 discovered, 0 enqueued
[8.304s][info][gc,ref      ] GC(27) Weak: 263 encountered, 145 discovered, 0 enqueued
[8.304s][info][gc,ref      ] GC(27) Final: 0 encountered, 0 discovered, 0 enqueued
[8.304s][info][gc,ref      ] GC(27) Phantom: 7 encountered, 3 discovered, 0 enqueued
[8.304s][info][gc,reloc    ] GC(27) Small Pages: 1018 / 2036M, Empty: 0M, Relocated: 0M, In-Place: 0
[8.304s][info][gc,reloc    ] GC(27) Medium Pages: 1 / 32M, Empty: 0M, Relocated: 0M, In-Place: 0
[8.304s][info][gc,reloc    ] GC(27) Large Pages: 0 / 0M, Empty: 0M, Relocated: 0M, In-Place: 0
[8.304s][info][gc,reloc    ] GC(27) Forwarding Usage: 0M
[8.304s][info][gc,heap     ] GC(27) Min Capacity: 4096M(100%)
[8.304s][info][gc,heap     ] GC(27) Max Capacity: 4096M(100%)
[8.304s][info][gc,heap     ] GC(27) Soft Max Capacity: 4096M(100%)
[8.304s][info][gc,heap     ] GC(27)                Mark Start          Mark End        Relocate Start      Relocate End           High               Low         
[8.304s][info][gc,heap     ] GC(27)  Capacity:     4096M (100%)       4096M (100%)       4096M (100%)       4096M (100%)       4096M (100%)       4096M (100%)   
[8.304s][info][gc,heap     ] GC(27)      Free:     2028M (50%)        2028M (50%)        2028M (50%)        2028M (50%)        2028M (50%)        2028M (50%)    
[8.305s][info][gc,heap     ] GC(27)      Used:     2068M (50%)        2068M (50%)        2068M (50%)        2068M (50%)        2068M (50%)        2068M (50%)    
[8.305s][info][gc,heap     ] GC(27)      Live:         -              1849M (45%)        1849M (45%)        1849M (45%)            -                  -          
[8.305s][info][gc,heap     ] GC(27) Allocated:         -                 0M (0%)            0M (0%)            0M (0%)             -                  -          
[8.305s][info][gc,heap     ] GC(27)   Garbage:         -               218M (5%)          218M (5%)          218M (5%)             -                  -          
[8.305s][info][gc,heap     ] GC(27) Reclaimed:         -                  -                 0M (0%)            0M (0%)             -                  -          
[8.305s][info][gc          ] GC(27) Garbage Collection (Timer) 2068M(50%)->2068M(50%)
[8.586s][info][gc,start    ] GC(28) Garbage Collection (Timer)
[8.586s][info][gc,task     ] GC(28) Using 3 workers
[8.586s][info][gc,phases   ] GC(28) Pause Mark Start 0.006ms
[8.601s][info][gc,phases   ] GC(28) Concurrent Mark 15.135ms
[8.601s][info][gc,phases   ] GC(28) Pause Mark End 0.009ms
[8.601s][info][gc,phases   ] GC(28) Concurrent Mark Free 0.001ms
[8.602s][info][gc,phases   ] GC(28) Concurrent Process Non-Strong References 0.923ms
[8.602s][info][gc,phases   ] GC(28) Concurrent Reset Relocation Set 0.001ms
[8.605s][info][gc,phases   ] GC(28) Concurrent Select Relocation Set 2.194ms
[8.605s][info][gc,phases   ] GC(28) Pause Relocate Start 0.006ms
[8.605s][info][gc,phases   ] GC(28) Concurrent Relocate 0.057ms
[8.605s][info][gc,load     ] GC(28) Load: 0.00/0.00/0.00
[8.605s][info][gc,mmu      ] GC(28) MMU: 2ms/99.2%, 5ms/99.5%, 10ms/99.8%, 20ms/99.9%, 50ms/99.9%, 100ms/100.0%
[8.605s][info][gc,marking  ] GC(28) Mark: 2 stripe(s), 2 proactive flush(es), 1 terminate flush(es), 0 completion(s), 0 continuation(s) 
[8.605s][info][gc,marking  ] GC(28) Mark Stack Usage: 32M
[8.605s][info][gc,nmethod  ] GC(28) NMethods: 474 registered, 0 unregistered
[8.605s][info][gc,metaspace] GC(28) Metaspace: 1M used, 1M committed, 1088M reserved
[8.605s][info][gc,ref      ] GC(28) Soft: 181 encountered, 0 discovered, 0 enqueued
[8.605s][info][gc,ref      ] GC(28) Weak: 263 encountered, 161 discovered, 0 enqueued
[8.605s][info][gc,ref      ] GC(28) Final: 0 encountered, 0 discovered, 0 enqueued
[8.605s][info][gc,ref      ] GC(28) Phantom: 7 encountered, 3 discovered, 0 enqueued
[8.605s][info][gc,reloc    ] GC(28) Small Pages: 1053 / 2106M, Empty: 0M, Relocated: 0M, In-Place: 0
[8.605s][info][gc,reloc    ] GC(28) Medium Pages: 1 / 32M, Empty: 0M, Relocated: 0M, In-Place: 0
[8.605s][info][gc,reloc    ] GC(28) Large Pages: 0 / 0M, Empty: 0M, Relocated: 0M, In-Place: 0
[8.605s][info][gc,reloc    ] GC(28) Forwarding Usage: 0M
[8.606s][info][gc,heap     ] GC(28) Min Capacity: 4096M(100%)
[8.606s][info][gc,heap     ] GC(28) Max Capacity: 4096M(100%)
[8.606s][info][gc,heap     ] GC(28) Soft Max Capacity: 4096M(100%)
[8.606s][info][gc,heap     ] GC(28)                Mark Start          Mark End        Relocate Start      Relocate End           High               Low         
[8.606s][info][gc,heap     ] GC(28)  Capacity:     4096M (100%)       4096M (100%)       4096M (100%)       4096M (100%)       4096M (100%)       4096M (100%)   
[8.606s][info][gc,heap     ] GC(28)      Free:     1958M (48%)        1956M (48%)        1954M (48%)        1954M (48%)        1958M (48%)        1954M (48%)    
[8.606s][info][gc,heap     ] GC(28)      Used:     2138M (52%)        2140M (52%)        2142M (52%)        2142M (52%)        2142M (52%)        2138M (52%)    
[8.606s][info][gc,heap     ] GC(28)      Live:         -              1912M (47%)        1912M (47%)        1912M (47%)            -                  -          
[8.606s][info][gc,heap     ] GC(28) Allocated:         -                 2M (0%)            4M (0%)            4M (0%)             -                  -          
[8.606s][info][gc,heap     ] GC(28)   Garbage:         -               225M (6%)          225M (6%)          225M (6%)             -                  -          
[8.606s][info][gc,heap     ] GC(28) Reclaimed:         -                  -                 0M (0%)            0M (0%)             -                  -          
[8.606s][info][gc          ] GC(28) Garbage Collection (Timer) 2138M(52%)->2142M(52%)
[8.886s][info][gc,start    ] GC(29) Garbage Collection (Timer)
[8.887s][info][gc,task     ] GC(29) Using 3 workers
[8.887s][info][gc,phases   ] GC(29) Pause Mark Start 0.006ms
[8.905s][info][gc,phases   ] GC(29) Concurrent Mark 18.254ms
[8.905s][info][gc,phases   ] GC(29) Pause Mark End 0.010ms
[8.905s][info][gc,phases   ] GC(29) Concurrent Mark Free 0.001ms
[8.906s][info][gc,phases   ] GC(29) Concurrent Process Non-Strong References 0.528ms
[8.906s][info][gc,phases   ] GC(29) Concurrent Reset Relocation Set 0.000ms
[8.908s][info][gc,phases   ] GC(29) Concurrent Select Relocation Set 2.304ms
[8.908s][info][gc,phases   ] GC(29) Pause Relocate Start 0.006ms
[8.909s][info][gc,phases   ] GC(29) Concurrent Relocate 0.091ms
[8.909s][info][gc,load     ] GC(29) Load: 0.00/0.00/0.00
[8.909s][info][gc,mmu      ] GC(29) MMU: 2ms/99.2%, 5ms/99.5%, 10ms/99.8%, 20ms/99.9%, 50ms/99.9%, 100ms/100.0%
[8.909s][info][gc,marking  ] GC(29) Mark: 2 stripe(s), 3 proactive flush(es), 1 terminate flush(es), 0 completion(s), 0 continuation(s) 
[8.909s][info][gc,marking  ] GC(29) Mark Stack Usage: 32M
[8.909s][info][gc,nmethod  ] GC(29) NMethods: 474 registered, 0 unregistered
[8.909s][info][gc,metaspace] GC(29) Metaspace: 1M used, 1M committed, 1088M reserved
[8.909s][info][gc,ref      ] GC(29) Soft: 181 encountered, 0 discovered, 0 enqueued
[8.909s][info][gc,ref      ] GC(29) Weak: 263 encountered, 161 discovered, 0 enqueued
[8.909s][info][gc,ref      ] GC(29) Final: 0 encountered, 0 discovered, 0 enqueued
[8.909s][info][gc,ref      ] GC(29) Phantom: 7 encountered, 1 discovered, 0 enqueued
[8.909s][info][gc,reloc    ] GC(29) Small Pages: 1091 / 2182M, Empty: 0M, Relocated: 0M, In-Place: 0
[8.909s][info][gc,reloc    ] GC(29) Medium Pages: 2 / 64M, Empty: 32M, Relocated: 0M, In-Place: 0
[8.909s][info][gc,reloc    ] GC(29) Large Pages: 0 / 0M, Empty: 0M, Relocated: 0M, In-Place: 0
[8.909s][info][gc,reloc    ] GC(29) Forwarding Usage: 0M
[8.909s][info][gc,heap     ] GC(29) Min Capacity: 4096M(100%)
[8.909s][info][gc,heap     ] GC(29) Max Capacity: 4096M(100%)
[8.909s][info][gc,heap     ] GC(29) Soft Max Capacity: 4096M(100%)
[8.909s][info][gc,heap     ] GC(29)                Mark Start          Mark End        Relocate Start      Relocate End           High               Low         
[8.909s][info][gc,heap     ] GC(29)  Capacity:     4096M (100%)       4096M (100%)       4096M (100%)       4096M (100%)       4096M (100%)       4096M (100%)   
[8.909s][info][gc,heap     ] GC(29)      Free:     1850M (45%)        1848M (45%)        1880M (46%)        1880M (46%)        1880M (46%)        1848M (45%)    
[8.909s][info][gc,heap     ] GC(29)      Used:     2246M (55%)        2248M (55%)        2216M (54%)        2216M (54%)        2248M (55%)        2216M (54%)    
[8.909s][info][gc,heap     ] GC(29)      Live:         -              1981M (48%)        1981M (48%)        1981M (48%)            -                  -          
[8.909s][info][gc,heap     ] GC(29) Allocated:         -                 2M (0%)            2M (0%)            2M (0%)             -                  -          
[8.909s][info][gc,heap     ] GC(29)   Garbage:         -               264M (6%)          232M (6%)          232M (6%)             -                  -          
[8.909s][info][gc,heap     ] GC(29) Reclaimed:         -                  -                32M (1%)           32M (1%)             -                  -          
[8.909s][info][gc          ] GC(29) Garbage Collection (Timer) 2246M(55%)->2216M(54%)
[9.186s][info][gc,start    ] GC(30) Garbage Collection (Timer)
[9.186s][info][gc,task     ] GC(30) Using 3 workers
[9.186s][info][gc,phases   ] GC(30) Pause Mark Start 0.006ms
[9.204s][info][gc,phases   ] GC(30) Concurrent Mark 17.718ms
[9.204s][info][gc,phases   ] GC(30) Pause Mark End 0.009ms
[9.204s][info][gc,phases   ] GC(30) Concurrent Mark Free 0.001ms
[9.204s][info][gc,phases   ] GC(30) Concurrent Process Non-Strong References 0.487ms
[9.205s][info][gc,phases   ] GC(30) Concurrent Reset Relocation Set 0.000ms
[9.207s][info][gc,phases   ] GC(30) Concurrent Select Relocation Set 2.160ms
[9.207s][info][gc,phases   ] GC(30) Pause Relocate Start 0.004ms
[9.209s][info][gc,phases   ] GC(30) Concurrent Relocate 1.312ms
[9.209s][info][gc,load     ] GC(30) Load: 0.00/0.00/0.00
[9.209s][info][gc,mmu      ] GC(30) MMU: 2ms/99.2%, 5ms/99.5%, 10ms/99.8%, 20ms/99.9%, 50ms/99.9%, 100ms/100.0%
[9.209s][info][gc,marking  ] GC(30) Mark: 2 stripe(s), 2 proactive flush(es), 1 terminate flush(es), 0 completion(s), 0 continuation(s) 
[9.209s][info][gc,marking  ] GC(30) Mark Stack Usage: 32M
[9.209s][info][gc,nmethod  ] GC(30) NMethods: 474 registered, 0 unregistered
[9.209s][info][gc,metaspace] GC(30) Metaspace: 1M used, 1M committed, 1088M reserved
[9.209s][info][gc,ref      ] GC(30) Soft: 181 encountered, 0 discovered, 0 enqueued
[9.209s][info][gc,ref      ] GC(30) Weak: 263 encountered, 155 discovered, 0 enqueued
[9.209s][info][gc,ref      ] GC(30) Final: 0 encountered, 0 discovered, 0 enqueued
[9.209s][info][gc,ref      ] GC(30) Phantom: 7 encountered, 1 discovered, 0 enqueued
[9.209s][info][gc,reloc    ] GC(30) Small Pages: 1124 / 2248M, Empty: 0M, Relocated: 1M, In-Place: 0
[9.209s][info][gc,reloc    ] GC(30) Medium Pages: 1 / 32M, Empty: 0M, Relocated: 0M, In-Place: 0
[9.209s][info][gc,reloc    ] GC(30) Large Pages: 0 / 0M, Empty: 0M, Relocated: 0M, In-Place: 0
[9.209s][info][gc,reloc    ] GC(30) Forwarding Usage: 0M
[9.209s][info][gc,heap     ] GC(30) Min Capacity: 4096M(100%)
[9.209s][info][gc,heap     ] GC(30) Max Capacity: 4096M(100%)
[9.209s][info][gc,heap     ] GC(30) Soft Max Capacity: 4096M(100%)
[9.209s][info][gc,heap     ] GC(30)                Mark Start          Mark End        Relocate Start      Relocate End           High               Low         
[9.209s][info][gc,heap     ] GC(30)  Capacity:     4096M (100%)       4096M (100%)       4096M (100%)       4096M (100%)       4096M (100%)       4096M (100%)   
[9.209s][info][gc,heap     ] GC(30)      Free:     1816M (44%)        1814M (44%)        1812M (44%)        1812M (44%)        1816M (44%)        1806M (44%)    
[9.209s][info][gc,heap     ] GC(30)      Used:     2280M (56%)        2282M (56%)        2284M (56%)        2284M (56%)        2290M (56%)        2280M (56%)    
[9.209s][info][gc,heap     ] GC(30)      Live:         -              2040M (50%)        2040M (50%)        2040M (50%)            -                  -          
[9.209s][info][gc,heap     ] GC(30) Allocated:         -                 2M (0%)            4M (0%)            4M (0%)             -                  -          
[9.209s][info][gc,heap     ] GC(30)   Garbage:         -               239M (6%)          239M (6%)          239M (6%)             -                  -          
[9.209s][info][gc,heap     ] GC(30) Reclaimed:         -                  -                 0M (0%)            0M (0%)             -                  -          
[9.209s][info][gc          ] GC(30) Garbage Collection (Timer) 2280M(56%)->2284M(56%)
[9.486s][info][gc,start    ] GC(31) Garbage Collection (Timer)
[9.486s][info][gc,task     ] GC(31) Using 3 workers
[9.486s][info][gc,phases   ] GC(31) Pause Mark Start 0.005ms
[9.502s][info][gc,phases   ] GC(31) Concurrent Mark 16.242ms
[9.503s][info][gc,phases   ] GC(31) Pause Mark End 0.009ms
[9.503s][info][gc,phases   ] GC(31) Concurrent Mark Free 0.001ms
[9.503s][info][gc,phases   ] GC(31) Concurrent Process Non-Strong References 0.770ms
[9.504s][info][gc,phases   ] GC(31) Concurrent Reset Relocation Set 0.004ms
[9.506s][info][gc,phases   ] GC(31) Concurrent Select Relocation Set 2.399ms
[9.506s][info][gc,phases   ] GC(31) Pause Relocate Start 0.005ms
[9.508s][info][gc,phases   ] GC(31) Concurrent Relocate 2.080ms
[9.508s][info][gc,load     ] GC(31) Load: 0.00/0.00/0.00
[9.508s][info][gc,mmu      ] GC(31) MMU: 2ms/99.2%, 5ms/99.5%, 10ms/99.8%, 20ms/99.9%, 50ms/99.9%, 100ms/100.0%
[9.508s][info][gc,marking  ] GC(31) Mark: 2 stripe(s), 2 proactive flush(es), 1 terminate flush(es), 0 completion(s), 0 continuation(s) 
[9.508s][info][gc,marking  ] GC(31) Mark Stack Usage: 32M
[9.508s][info][gc,nmethod  ] GC(31) NMethods: 474 registered, 0 unregistered
[9.508s][info][gc,metaspace] GC(31) Metaspace: 1M used, 1M committed, 1088M reserved
[9.508s][info][gc,ref      ] GC(31) Soft: 181 encountered, 0 discovered, 0 enqueued
[9.509s][info][gc,ref      ] GC(31) Weak: 263 encountered, 136 discovered, 0 enqueued
[9.509s][info][gc,ref      ] GC(31) Final: 0 encountered, 0 discovered, 0 enqueued
[9.509s][info][gc,ref      ] GC(31) Phantom: 7 encountered, 3 discovered, 0 enqueued
[9.509s][info][gc,reloc    ] GC(31) Small Pages: 1159 / 2318M, Empty: 0M, Relocated: 1M, In-Place: 0
[9.509s][info][gc,reloc    ] GC(31) Medium Pages: 1 / 32M, Empty: 0M, Relocated: 0M, In-Place: 0
[9.509s][info][gc,reloc    ] GC(31) Large Pages: 0 / 0M, Empty: 0M, Relocated: 0M, In-Place: 0
[9.509s][info][gc,reloc    ] GC(31) Forwarding Usage: 0M
[9.509s][info][gc,heap     ] GC(31) Min Capacity: 4096M(100%)
[9.509s][info][gc,heap     ] GC(31) Max Capacity: 4096M(100%)
[9.509s][info][gc,heap     ] GC(31) Soft Max Capacity: 4096M(100%)
[9.509s][info][gc,heap     ] GC(31)                Mark Start          Mark End        Relocate Start      Relocate End           High               Low         
[9.509s][info][gc,heap     ] GC(31)  Capacity:     4096M (100%)       4096M (100%)       4096M (100%)       4096M (100%)       4096M (100%)       4096M (100%)   
[9.509s][info][gc,heap     ] GC(31)      Free:     1746M (43%)        1744M (43%)        1744M (43%)        1744M (43%)        1746M (43%)        1738M (42%)    
[9.509s][info][gc,heap     ] GC(31)      Used:     2350M (57%)        2352M (57%)        2352M (57%)        2352M (57%)        2358M (58%)        2350M (57%)    
[9.509s][info][gc,heap     ] GC(31)      Live:         -              2104M (51%)        2104M (51%)        2104M (51%)            -                  -          
[9.509s][info][gc,heap     ] GC(31) Allocated:         -                 2M (0%)            2M (0%)            2M (0%)             -                  -          
[9.509s][info][gc,heap     ] GC(31)   Garbage:         -               245M (6%)          245M (6%)          245M (6%)             -                  -          
[9.509s][info][gc,heap     ] GC(31) Reclaimed:         -                  -                 0M (0%)            0M (0%)             -                  -          
[9.509s][info][gc          ] GC(31) Garbage Collection (Timer) 2350M(57%)->2352M(57%)
[9.786s][info][gc,start    ] GC(32) Garbage Collection (Timer)
[9.787s][info][gc,task     ] GC(32) Using 3 workers
[9.787s][info][gc,phases   ] GC(32) Pause Mark Start 0.006ms
[9.803s][info][gc,phases   ] GC(32) Concurrent Mark 16.768ms
[9.833s][info][gc,phases   ] GC(32) Pause Mark End 0.011ms
[9.833s][info][gc,phases   ] GC(32) Concurrent Mark Free 0.001ms
[9.833s][info][gc,phases   ] GC(32) Concurrent Process Non-Strong References 0.490ms
[9.833s][info][gc,phases   ] GC(32) Concurrent Reset Relocation Set 0.001ms
[9.836s][info][gc,phases   ] GC(32) Concurrent Select Relocation Set 2.429ms
[9.836s][info][gc,phases   ] GC(32) Pause Relocate Start 0.006ms
[9.838s][info][gc,phases   ] GC(32) Concurrent Relocate 1.584ms
[9.838s][info][gc,load     ] GC(32) Load: 0.00/0.00/0.00
[9.838s][info][gc,mmu      ] GC(32) MMU: 2ms/99.2%, 5ms/99.5%, 10ms/99.8%, 20ms/99.9%, 50ms/99.9%, 100ms/100.0%
[9.838s][info][gc,marking  ] GC(32) Mark: 2 stripe(s), 2 proactive flush(es), 1 terminate flush(es), 0 completion(s), 0 continuation(s) 
[9.838s][info][gc,marking  ] GC(32) Mark Stack Usage: 32M
[9.838s][info][gc,nmethod  ] GC(32) NMethods: 474 registered, 0 unregistered
[9.838s][info][gc,metaspace] GC(32) Metaspace: 1M used, 1M committed, 1088M reserved
[9.838s][info][gc,ref      ] GC(32) Soft: 181 encountered, 0 discovered, 0 enqueued
[9.838s][info][gc,ref      ] GC(32) Weak: 263 encountered, 155 discovered, 0 enqueued
[9.838s][info][gc,ref      ] GC(32) Final: 0 encountered, 0 discovered, 0 enqueued
[9.838s][info][gc,ref      ] GC(32) Phantom: 7 encountered, 2 discovered, 0 enqueued
[9.838s][info][gc,reloc    ] GC(32) Small Pages: 1188 / 2376M, Empty: 0M, Relocated: 1M, In-Place: 0
[9.838s][info][gc,reloc    ] GC(32) Medium Pages: 1 / 32M, Empty: 0M, Relocated: 0M, In-Place: 0
[9.838s][info][gc,reloc    ] GC(32) Large Pages: 0 / 0M, Empty: 0M, Relocated: 0M, In-Place: 0
[9.838s][info][gc,reloc    ] GC(32) Forwarding Usage: 0M
[9.838s][info][gc,heap     ] GC(32) Min Capacity: 4096M(100%)
[9.838s][info][gc,heap     ] GC(32) Max Capacity: 4096M(100%)
[9.838s][info][gc,heap     ] GC(32) Soft Max Capacity: 4096M(100%)
[9.838s][info][gc,heap     ] GC(32)                Mark Start          Mark End        Relocate Start      Relocate End           High               Low         
[9.838s][info][gc,heap     ] GC(32)  Capacity:     4096M (100%)       4096M (100%)       4096M (100%)       4096M (100%)       4096M (100%)       4096M (100%)   
[9.838s][info][gc,heap     ] GC(32)      Free:     1688M (41%)        1678M (41%)        1678M (41%)        1678M (41%)        1688M (41%)        1672M (41%)    
[9.838s][info][gc,heap     ] GC(32)      Used:     2408M (59%)        2418M (59%)        2418M (59%)        2418M (59%)        2424M (59%)        2408M (59%)    
[9.838s][info][gc,heap     ] GC(32)      Live:         -              2157M (53%)        2157M (53%)        2157M (53%)            -                  -          
[9.838s][info][gc,heap     ] GC(32) Allocated:         -                10M (0%)           10M (0%)           10M (0%)             -                  -          
[9.838s][info][gc,heap     ] GC(32)   Garbage:         -               250M (6%)          250M (6%)          250M (6%)             -                  -          
[9.839s][info][gc,heap     ] GC(32) Reclaimed:         -                  -                 0M (0%)            0M (0%)             -                  -          
[9.839s][info][gc          ] GC(32) Garbage Collection (Timer) 2408M(59%)->2418M(59%)
[10.086s][info][gc,start    ] GC(33) Garbage Collection (Timer)
[10.086s][info][gc,task     ] GC(33) Using 3 workers
[10.087s][info][gc,phases   ] GC(33) Pause Mark Start 0.005ms
[10.104s][info][gc,phases   ] GC(33) Concurrent Mark 16.931ms
[10.104s][info][gc,phases   ] GC(33) Pause Mark End 0.009ms
[10.104s][info][gc,phases   ] GC(33) Concurrent Mark Free 0.001ms
[10.105s][info][gc,phases   ] GC(33) Concurrent Process Non-Strong References 0.747ms
[10.105s][info][gc,phases   ] GC(33) Concurrent Reset Relocation Set 0.001ms
[10.107s][info][gc,phases   ] GC(33) Concurrent Select Relocation Set 2.395ms
[10.107s][info][gc,phases   ] GC(33) Pause Relocate Start 0.005ms
[10.112s][info][gc,phases   ] GC(33) Concurrent Relocate 4.270ms
[10.112s][info][gc,load     ] GC(33) Load: 0.00/0.00/0.00
[10.112s][info][gc,mmu      ] GC(33) MMU: 2ms/99.2%, 5ms/99.5%, 10ms/99.8%, 20ms/99.9%, 50ms/99.9%, 100ms/100.0%
[10.112s][info][gc,marking  ] GC(33) Mark: 2 stripe(s), 3 proactive flush(es), 1 terminate flush(es), 0 completion(s), 0 continuation(s) 
[10.112s][info][gc,marking  ] GC(33) Mark Stack Usage: 32M
[10.112s][info][gc,nmethod  ] GC(33) NMethods: 474 registered, 0 unregistered
[10.112s][info][gc,metaspace] GC(33) Metaspace: 1M used, 1M committed, 1088M reserved
[10.112s][info][gc,ref      ] GC(33) Soft: 181 encountered, 0 discovered, 0 enqueued
[10.112s][info][gc,ref      ] GC(33) Weak: 263 encountered, 163 discovered, 0 enqueued
[10.112s][info][gc,ref      ] GC(33) Final: 0 encountered, 0 discovered, 0 enqueued
[10.112s][info][gc,ref      ] GC(33) Phantom: 7 encountered, 1 discovered, 0 enqueued
[10.112s][info][gc,reloc    ] GC(33) Small Pages: 1224 / 2448M, Empty: 0M, Relocated: 3M, In-Place: 0
[10.112s][info][gc,reloc    ] GC(33) Medium Pages: 1 / 32M, Empty: 0M, Relocated: 0M, In-Place: 0
[10.112s][info][gc,reloc    ] GC(33) Large Pages: 0 / 0M, Empty: 0M, Relocated: 0M, In-Place: 0
[10.112s][info][gc,reloc    ] GC(33) Forwarding Usage: 0M
[10.112s][info][gc,heap     ] GC(33) Min Capacity: 4096M(100%)
[10.112s][info][gc,heap     ] GC(33) Max Capacity: 4096M(100%)
[10.112s][info][gc,heap     ] GC(33) Soft Max Capacity: 4096M(100%)
[10.112s][info][gc,heap     ] GC(33)                Mark Start          Mark End        Relocate Start      Relocate End           High               Low         
[10.112s][info][gc,heap     ] GC(33)  Capacity:     4096M (100%)       4096M (100%)       4096M (100%)       4096M (100%)       4096M (100%)       4096M (100%)   
[10.112s][info][gc,heap     ] GC(33)      Free:     1616M (39%)        1614M (39%)        1612M (39%)        1618M (40%)        1618M (40%)        1606M (39%)    
[10.112s][info][gc,heap     ] GC(33)      Used:     2480M (61%)        2482M (61%)        2484M (61%)        2478M (60%)        2490M (61%)        2478M (60%)    
[10.112s][info][gc,heap     ] GC(33)      Live:         -              2221M (54%)        2221M (54%)        2221M (54%)            -                  -          
[10.112s][info][gc,heap     ] GC(33) Allocated:         -                 2M (0%)            4M (0%)            3M (0%)             -                  -          
[10.112s][info][gc,heap     ] GC(33)   Garbage:         -               258M (6%)          258M (6%)          252M (6%)             -                  -          
[10.112s][info][gc,heap     ] GC(33) Reclaimed:         -                  -                 0M (0%)            5M (0%)             -                  -          
[10.113s][info][gc          ] GC(33) Garbage Collection (Timer) 2480M(61%)->2478M(60%)
[10.287s][info][gc,stats    ] === Garbage Collection Statistics =======================================================================================================================
[10.287s][info][gc,stats    ]                                                              Last 10s              Last 10m              Last 10h                Total
[10.287s][info][gc,stats    ]                                                              Avg / Max             Avg / Max             Avg / Max             Avg / Max
[10.287s][info][gc,stats    ]   Collector: Garbage Collection Cycle                     23.706 / 55.858       23.706 / 55.858       23.706 / 55.858       23.706 / 55.858      ms
[10.287s][info][gc,stats    ]  Contention: Mark Segment Reset Contention                     2 / 6                 2 / 6                 2 / 6                 2 / 6           ops/s
[10.287s][info][gc,stats    ]  Contention: Mark SeqNum Reset Contention                      1 / 3                 1 / 3                 1 / 3                 1 / 3           ops/s
[10.287s][info][gc,stats    ]    Critical: Allocation Stall                                  0 / 0                 0 / 0                 0 / 0                 0 / 0           ops/s
[10.287s][info][gc,stats    ]    Critical: Allocation Stall                              0.000 / 0.000         0.000 / 0.000         0.000 / 0.000         0.000 / 0.000       ms
[10.287s][info][gc,stats    ]    Critical: GC Locker Stall                                   0 / 0                 0 / 0                 0 / 0                 0 / 0           ops/s
[10.287s][info][gc,stats    ]    Critical: GC Locker Stall                               0.000 / 0.000         0.000 / 0.000         0.000 / 0.000         0.000 / 0.000       ms
[10.287s][info][gc,stats    ]    Critical: Relocation Stall                                  0 / 0                 0 / 0                 0 / 0                 0 / 0           ops/s
[10.287s][info][gc,stats    ]    Critical: Relocation Stall                              0.000 / 0.000         0.000 / 0.000         0.000 / 0.000         0.000 / 0.000       ms
[10.287s][info][gc,stats    ]      Memory: Allocation Rate                                 259 / 692             259 / 692             259 / 692             259 / 692         MB/s
[10.287s][info][gc,stats    ]      Memory: Out Of Memory                                     0 / 0                 0 / 0                 0 / 0                 0 / 0           ops/s
[10.287s][info][gc,stats    ]      Memory: Page Cache Flush                                  0 / 0                 0 / 0                 0 / 0                 0 / 0           MB/s
[10.287s][info][gc,stats    ]      Memory: Page Cache Hit L1                                 8 / 12                8 / 12                8 / 12                8 / 12          ops/s
[10.287s][info][gc,stats    ]      Memory: Page Cache Hit L2                                 0 / 0                 0 / 0                 0 / 0                 0 / 0           ops/s
[10.287s][info][gc,stats    ]      Memory: Page Cache Hit L3                               124 / 345             124 / 345             124 / 345             124 / 345         ops/s
[10.287s][info][gc,stats    ]      Memory: Page Cache Miss                                   0 / 1                 0 / 1                 0 / 1                 0 / 1           ops/s
[10.287s][info][gc,stats    ]      Memory: Uncommit                                          0 / 0                 0 / 0                 0 / 0                 0 / 0           MB/s
[10.287s][info][gc,stats    ]      Memory: Undo Object Allocation Failed                     0 / 0                 0 / 0                 0 / 0                 0 / 0           ops/s
[10.287s][info][gc,stats    ]      Memory: Undo Object Allocation Succeeded                  0 / 1                 0 / 1                 0 / 1                 0 / 1           ops/s
[10.287s][info][gc,stats    ]      Memory: Undo Page Allocation                              0 / 0                 0 / 0                 0 / 0                 0 / 0           ops/s
[10.287s][info][gc,stats    ]       Phase: Concurrent Mark                              16.284 / 33.296       16.284 / 33.296       16.284 / 33.296       16.284 / 33.296      ms
[10.287s][info][gc,stats    ]       Phase: Concurrent Mark Continue                      0.000 / 0.000         0.000 / 0.000         0.000 / 0.000         0.000 / 0.000       ms
[10.287s][info][gc,stats    ]       Phase: Concurrent Mark Free                          0.001 / 0.001         0.001 / 0.001         0.001 / 0.001         0.001 / 0.001       ms
[10.287s][info][gc,stats    ]       Phase: Concurrent Process Non-Strong References      0.628 / 0.923         0.628 / 0.923         0.628 / 0.923         0.628 / 0.923       ms
[10.287s][info][gc,stats    ]       Phase: Concurrent Relocate                           1.290 / 4.270         1.290 / 4.270         1.290 / 4.270         1.290 / 4.270       ms
[10.287s][info][gc,stats    ]       Phase: Concurrent Reset Relocation Set               0.001 / 0.004         0.001 / 0.004         0.001 / 0.004         0.001 / 0.004       ms
[10.287s][info][gc,stats    ]       Phase: Concurrent Select Relocation Set              2.509 / 9.460         2.509 / 9.460         2.509 / 9.460         2.509 / 9.460       ms
[10.287s][info][gc,stats    ]       Phase: Pause Mark End                                0.010 / 0.017         0.010 / 0.017         0.010 / 0.017         0.010 / 0.017       ms
[10.288s][info][gc,stats    ]       Phase: Pause Mark Start                              0.006 / 0.008         0.006 / 0.008         0.006 / 0.008         0.006 / 0.008       ms
[10.288s][info][gc,stats    ]       Phase: Pause Relocate Start                          0.005 / 0.008         0.005 / 0.008         0.005 / 0.008         0.005 / 0.008       ms
[10.288s][info][gc,stats    ]    Subphase: Concurrent Classes Purge                      0.070 / 0.133         0.070 / 0.133         0.070 / 0.133         0.070 / 0.133       ms
[10.288s][info][gc,stats    ]    Subphase: Concurrent Classes Unlink                     0.242 / 0.302         0.242 / 0.302         0.242 / 0.302         0.242 / 0.302       ms
[10.288s][info][gc,stats    ]    Subphase: Concurrent Mark                              15.283 / 32.835       15.283 / 32.835       15.283 / 32.835       15.283 / 32.835      ms
[10.288s][info][gc,stats    ]    Subphase: Concurrent Mark Try Flush                     0.364 / 6.828         0.364 / 6.828         0.364 / 6.828         0.364 / 6.828       ms
[10.288s][info][gc,stats    ]    Subphase: Concurrent Mark Try Terminate                 1.208 / 2.525         1.208 / 2.525         1.208 / 2.525         1.208 / 2.525       ms
[10.288s][info][gc,stats    ]    Subphase: Concurrent References Enqueue                 0.001 / 0.003         0.001 / 0.003         0.001 / 0.003         0.001 / 0.003       ms
[10.288s][info][gc,stats    ]    Subphase: Concurrent References Process                 0.080 / 0.138         0.080 / 0.138         0.080 / 0.138         0.080 / 0.138       ms
[10.288s][info][gc,stats    ]    Subphase: Concurrent Roots ClassLoaderDataGraph         0.043 / 0.226         0.043 / 0.226         0.043 / 0.226         0.043 / 0.226       ms
[10.288s][info][gc,stats    ]    Subphase: Concurrent Roots CodeCache                    0.000 / 0.000         0.000 / 0.000         0.000 / 0.000         0.000 / 0.000       ms
[10.288s][info][gc,stats    ]    Subphase: Concurrent Roots JavaThreads                  0.175 / 0.736         0.175 / 0.736         0.175 / 0.736         0.175 / 0.736       ms
[10.288s][info][gc,stats    ]    Subphase: Concurrent Roots OopStorageSet                0.009 / 0.048         0.009 / 0.048         0.009 / 0.048         0.009 / 0.048       ms
[10.288s][info][gc,stats    ]    Subphase: Concurrent Weak Roots OopStorageSet           0.087 / 0.125         0.087 / 0.125         0.087 / 0.125         0.087 / 0.125       ms
[10.288s][info][gc,stats    ]    Subphase: Pause Mark Try Complete                       0.000 / 0.000         0.000 / 0.000         0.000 / 0.000         0.000 / 0.000       ms
[10.288s][info][gc,stats    ]      System: Java Threads                                     13 / 14               13 / 14               13 / 14               13 / 14          threads
[10.288s][info][gc,stats    ] =========================================================================================================================================================
[10.386s][info][gc,start    ] GC(34) Garbage Collection (Timer)
[10.386s][info][gc,task     ] GC(34) Using 3 workers
[10.386s][info][gc,phases   ] GC(34) Pause Mark Start 0.005ms
[10.404s][info][gc,phases   ] GC(34) Concurrent Mark 18.272ms
[10.404s][info][gc,phases   ] GC(34) Pause Mark End 0.009ms
[10.404s][info][gc,phases   ] GC(34) Concurrent Mark Free 0.001ms
[10.405s][info][gc,phases   ] GC(34) Concurrent Process Non-Strong References 0.634ms
[10.405s][info][gc,phases   ] GC(34) Concurrent Reset Relocation Set 0.002ms
[10.408s][info][gc,phases   ] GC(34) Concurrent Select Relocation Set 2.326ms
[10.408s][info][gc,phases   ] GC(34) Pause Relocate Start 0.005ms
[10.408s][info][gc,phases   ] GC(34) Concurrent Relocate 0.019ms
[10.408s][info][gc,load     ] GC(34) Load: 0.00/0.00/0.00
[10.408s][info][gc,mmu      ] GC(34) MMU: 2ms/99.2%, 5ms/99.5%, 10ms/99.8%, 20ms/99.9%, 50ms/99.9%, 100ms/100.0%
[10.408s][info][gc,marking  ] GC(34) Mark: 2 stripe(s), 3 proactive flush(es), 1 terminate flush(es), 0 completion(s), 0 continuation(s) 
[10.408s][info][gc,marking  ] GC(34) Mark Stack Usage: 32M
[10.408s][info][gc,nmethod  ] GC(34) NMethods: 474 registered, 0 unregistered
[10.408s][info][gc,metaspace] GC(34) Metaspace: 1M used, 1M committed, 1088M reserved
[10.408s][info][gc,ref      ] GC(34) Soft: 181 encountered, 0 discovered, 0 enqueued
[10.408s][info][gc,ref      ] GC(34) Weak: 263 encountered, 155 discovered, 0 enqueued
[10.408s][info][gc,ref      ] GC(34) Final: 0 encountered, 0 discovered, 0 enqueued
[10.408s][info][gc,ref      ] GC(34) Phantom: 7 encountered, 2 discovered, 0 enqueued
[10.408s][info][gc,reloc    ] GC(34) Small Pages: 1251 / 2502M, Empty: 0M, Relocated: 0M, In-Place: 0
[10.408s][info][gc,reloc    ] GC(34) Medium Pages: 1 / 32M, Empty: 0M, Relocated: 0M, In-Place: 0
[10.408s][info][gc,reloc    ] GC(34) Large Pages: 0 / 0M, Empty: 0M, Relocated: 0M, In-Place: 0
[10.408s][info][gc,reloc    ] GC(34) Forwarding Usage: 0M
[10.408s][info][gc,heap     ] GC(34) Min Capacity: 4096M(100%)
[10.408s][info][gc,heap     ] GC(34) Max Capacity: 4096M(100%)
[10.408s][info][gc,heap     ] GC(34) Soft Max Capacity: 4096M(100%)
[10.408s][info][gc,heap     ] GC(34)                Mark Start          Mark End        Relocate Start      Relocate End           High               Low         
[10.408s][info][gc,heap     ] GC(34)  Capacity:     4096M (100%)       4096M (100%)       4096M (100%)       4096M (100%)       4096M (100%)       4096M (100%)   
[10.408s][info][gc,heap     ] GC(34)      Free:     1562M (38%)        1560M (38%)        1560M (38%)        1560M (38%)        1562M (38%)        1560M (38%)    
[10.408s][info][gc,heap     ] GC(34)      Used:     2534M (62%)        2536M (62%)        2536M (62%)        2536M (62%)        2536M (62%)        2534M (62%)    
[10.408s][info][gc,heap     ] GC(34)      Live:         -              2274M (56%)        2274M (56%)        2274M (56%)            -                  -          
[10.408s][info][gc,heap     ] GC(34) Allocated:         -                 2M (0%)            2M (0%)            2M (0%)             -                  -          
[10.408s][info][gc,heap     ] GC(34)   Garbage:         -               259M (6%)          259M (6%)          259M (6%)             -                  -          
[10.408s][info][gc,heap     ] GC(34) Reclaimed:         -                  -                 0M (0%)            0M (0%)             -                  -          
[10.409s][info][gc          ] GC(34) Garbage Collection (Timer) 2534M(62%)->2536M(62%)
[10.686s][info][gc,start    ] GC(35) Garbage Collection (Timer)
[10.686s][info][gc,task     ] GC(35) Using 3 workers
[10.686s][info][gc,phases   ] GC(35) Pause Mark Start 0.005ms
[10.703s][info][gc,phases   ] GC(35) Concurrent Mark 17.278ms
[10.704s][info][gc,phases   ] GC(35) Pause Mark End 0.008ms
[10.704s][info][gc,phases   ] GC(35) Concurrent Mark Free 0.001ms
[10.704s][info][gc,phases   ] GC(35) Concurrent Process Non-Strong References 0.483ms
[10.704s][info][gc,phases   ] GC(35) Concurrent Reset Relocation Set 0.001ms
[10.707s][info][gc,phases   ] GC(35) Concurrent Select Relocation Set 2.416ms
[10.707s][info][gc,phases   ] GC(35) Pause Relocate Start 0.006ms
[10.707s][info][gc,phases   ] GC(35) Concurrent Relocate 0.087ms
[10.707s][info][gc,load     ] GC(35) Load: 0.00/0.00/0.00
[10.707s][info][gc,mmu      ] GC(35) MMU: 2ms/99.2%, 5ms/99.5%, 10ms/99.8%, 20ms/99.9%, 50ms/99.9%, 100ms/100.0%
[10.707s][info][gc,marking  ] GC(35) Mark: 2 stripe(s), 2 proactive flush(es), 1 terminate flush(es), 0 completion(s), 0 continuation(s) 
[10.707s][info][gc,marking  ] GC(35) Mark Stack Usage: 32M
[10.707s][info][gc,nmethod  ] GC(35) NMethods: 474 registered, 0 unregistered
[10.707s][info][gc,metaspace] GC(35) Metaspace: 1M used, 1M committed, 1088M reserved
[10.707s][info][gc,ref      ] GC(35) Soft: 181 encountered, 0 discovered, 0 enqueued
[10.707s][info][gc,ref      ] GC(35) Weak: 263 encountered, 155 discovered, 0 enqueued
[10.708s][info][gc,ref      ] GC(35) Final: 0 encountered, 0 discovered, 0 enqueued
[10.708s][info][gc,ref      ] GC(35) Phantom: 7 encountered, 2 discovered, 0 enqueued
[10.708s][info][gc,reloc    ] GC(35) Small Pages: 1280 / 2560M, Empty: 0M, Relocated: 0M, In-Place: 0
[10.708s][info][gc,reloc    ] GC(35) Medium Pages: 1 / 32M, Empty: 0M, Relocated: 0M, In-Place: 0
[10.708s][info][gc,reloc    ] GC(35) Large Pages: 0 / 0M, Empty: 0M, Relocated: 0M, In-Place: 0
[10.708s][info][gc,reloc    ] GC(35) Forwarding Usage: 0M
[10.708s][info][gc,heap     ] GC(35) Min Capacity: 4096M(100%)
[10.708s][info][gc,heap     ] GC(35) Max Capacity: 4096M(100%)
[10.708s][info][gc,heap     ] GC(35) Soft Max Capacity: 4096M(100%)
[10.708s][info][gc,heap     ] GC(35)                Mark Start          Mark End        Relocate Start      Relocate End           High               Low         
[10.708s][info][gc,heap     ] GC(35)  Capacity:     4096M (100%)       4096M (100%)       4096M (100%)       4096M (100%)       4096M (100%)       4096M (100%)   
[10.708s][info][gc,heap     ] GC(35)      Free:     1504M (37%)        1502M (37%)        1502M (37%)        1502M (37%)        1504M (37%)        1502M (37%)    
[10.708s][info][gc,heap     ] GC(35)      Used:     2592M (63%)        2594M (63%)        2594M (63%)        2594M (63%)        2594M (63%)        2592M (63%)    
[10.708s][info][gc,heap     ] GC(35)      Live:         -              2327M (57%)        2327M (57%)        2327M (57%)            -                  -          
[10.708s][info][gc,heap     ] GC(35) Allocated:         -                 2M (0%)            2M (0%)            2M (0%)             -                  -          
[10.708s][info][gc,heap     ] GC(35)   Garbage:         -               264M (6%)          264M (6%)          264M (6%)             -                  -          
[10.708s][info][gc,heap     ] GC(35) Reclaimed:         -                  -                 0M (0%)            0M (0%)             -                  -          
[10.708s][info][gc          ] GC(35) Garbage Collection (Timer) 2592M(63%)->2594M(63%)
[10.986s][info][gc,start    ] GC(36) Garbage Collection (Timer)
[10.986s][info][gc,task     ] GC(36) Using 3 workers
[10.986s][info][gc,phases   ] GC(36) Pause Mark Start 0.006ms
[11.005s][info][gc,phases   ] GC(36) Concurrent Mark 18.790ms
[11.005s][info][gc,phases   ] GC(36) Pause Mark End 0.010ms
[11.005s][info][gc,phases   ] GC(36) Concurrent Mark Free 0.001ms
[11.006s][info][gc,phases   ] GC(36) Concurrent Process Non-Strong References 0.548ms
[11.006s][info][gc,phases   ] GC(36) Concurrent Reset Relocation Set 0.000ms
[11.008s][info][gc,phases   ] GC(36) Concurrent Select Relocation Set 2.188ms
[11.008s][info][gc,phases   ] GC(36) Pause Relocate Start 0.005ms
[11.008s][info][gc,phases   ] GC(36) Concurrent Relocate 0.016ms
[11.008s][info][gc,load     ] GC(36) Load: 0.00/0.00/0.00
[11.008s][info][gc,mmu      ] GC(36) MMU: 2ms/99.2%, 5ms/99.5%, 10ms/99.8%, 20ms/99.9%, 50ms/99.9%, 100ms/100.0%
[11.008s][info][gc,marking  ] GC(36) Mark: 2 stripe(s), 2 proactive flush(es), 1 terminate flush(es), 0 completion(s), 0 continuation(s) 
[11.008s][info][gc,marking  ] GC(36) Mark Stack Usage: 32M
[11.008s][info][gc,nmethod  ] GC(36) NMethods: 474 registered, 0 unregistered
[11.008s][info][gc,metaspace] GC(36) Metaspace: 1M used, 1M committed, 1088M reserved
[11.008s][info][gc,ref      ] GC(36) Soft: 181 encountered, 0 discovered, 0 enqueued
[11.008s][info][gc,ref      ] GC(36) Weak: 263 encountered, 161 discovered, 0 enqueued
[11.008s][info][gc,ref      ] GC(36) Final: 0 encountered, 0 discovered, 0 enqueued
[11.008s][info][gc,ref      ] GC(36) Phantom: 7 encountered, 3 discovered, 0 enqueued
[11.008s][info][gc,reloc    ] GC(36) Small Pages: 1313 / 2626M, Empty: 0M, Relocated: 0M, In-Place: 0
[11.008s][info][gc,reloc    ] GC(36) Medium Pages: 1 / 32M, Empty: 0M, Relocated: 0M, In-Place: 0
[11.008s][info][gc,reloc    ] GC(36) Large Pages: 0 / 0M, Empty: 0M, Relocated: 0M, In-Place: 0
[11.008s][info][gc,reloc    ] GC(36) Forwarding Usage: 0M
[11.008s][info][gc,heap     ] GC(36) Min Capacity: 4096M(100%)
[11.009s][info][gc,heap     ] GC(36) Max Capacity: 4096M(100%)
[11.009s][info][gc,heap     ] GC(36) Soft Max Capacity: 4096M(100%)
[11.009s][info][gc,heap     ] GC(36)                Mark Start          Mark End        Relocate Start      Relocate End           High               Low         
[11.009s][info][gc,heap     ] GC(36)  Capacity:     4096M (100%)       4096M (100%)       4096M (100%)       4096M (100%)       4096M (100%)       4096M (100%)   
[11.009s][info][gc,heap     ] GC(36)      Free:     1438M (35%)        1436M (35%)        1436M (35%)        1436M (35%)        1438M (35%)        1436M (35%)    
[11.009s][info][gc,heap     ] GC(36)      Used:     2658M (65%)        2660M (65%)        2660M (65%)        2660M (65%)        2660M (65%)        2658M (65%)    
[11.009s][info][gc,heap     ] GC(36)      Live:         -              2386M (58%)        2386M (58%)        2386M (58%)            -                  -          
[11.009s][info][gc,heap     ] GC(36) Allocated:         -                 2M (0%)            2M (0%)            2M (0%)             -                  -          
[11.009s][info][gc,heap     ] GC(36)   Garbage:         -               271M (7%)          271M (7%)          271M (7%)             -                  -          
[11.009s][info][gc,heap     ] GC(36) Reclaimed:         -                  -                 0M (0%)            0M (0%)             -                  -          
[11.009s][info][gc          ] GC(36) Garbage Collection (Timer) 2658M(65%)->2660M(65%)
[11.286s][info][gc,start    ] GC(37) Garbage Collection (Timer)
[11.286s][info][gc,task     ] GC(37) Using 3 workers
[11.286s][info][gc,phases   ] GC(37) Pause Mark Start 0.006ms
[11.306s][info][gc,phases   ] GC(37) Concurrent Mark 19.599ms
[11.306s][info][gc,phases   ] GC(37) Pause Mark End 0.009ms
[11.306s][info][gc,phases   ] GC(37) Concurrent Mark Free 0.001ms
[11.307s][info][gc,phases   ] GC(37) Concurrent Process Non-Strong References 1.082ms
[11.307s][info][gc,phases   ] GC(37) Concurrent Reset Relocation Set 0.000ms
[11.309s][info][gc,phases   ] GC(37) Concurrent Select Relocation Set 2.222ms
[11.310s][info][gc,phases   ] GC(37) Pause Relocate Start 0.005ms
[11.310s][info][gc,phases   ] GC(37) Concurrent Relocate 0.063ms
[11.310s][info][gc,load     ] GC(37) Load: 0.00/0.00/0.00
[11.310s][info][gc,mmu      ] GC(37) MMU: 2ms/99.2%, 5ms/99.5%, 10ms/99.8%, 20ms/99.9%, 50ms/99.9%, 100ms/100.0%
[11.310s][info][gc,marking  ] GC(37) Mark: 2 stripe(s), 3 proactive flush(es), 1 terminate flush(es), 0 completion(s), 0 continuation(s) 
[11.310s][info][gc,marking  ] GC(37) Mark Stack Usage: 32M
[11.310s][info][gc,nmethod  ] GC(37) NMethods: 474 registered, 0 unregistered
[11.310s][info][gc,metaspace] GC(37) Metaspace: 1M used, 1M committed, 1088M reserved
[11.310s][info][gc,ref      ] GC(37) Soft: 181 encountered, 0 discovered, 0 enqueued
[11.310s][info][gc,ref      ] GC(37) Weak: 263 encountered, 161 discovered, 0 enqueued
[11.310s][info][gc,ref      ] GC(37) Final: 0 encountered, 0 discovered, 0 enqueued
[11.310s][info][gc,ref      ] GC(37) Phantom: 7 encountered, 2 discovered, 0 enqueued
[11.310s][info][gc,reloc    ] GC(37) Small Pages: 1342 / 2684M, Empty: 0M, Relocated: 0M, In-Place: 0
[11.310s][info][gc,reloc    ] GC(37) Medium Pages: 1 / 32M, Empty: 0M, Relocated: 0M, In-Place: 0
[11.310s][info][gc,reloc    ] GC(37) Large Pages: 0 / 0M, Empty: 0M, Relocated: 0M, In-Place: 0
[11.310s][info][gc,reloc    ] GC(37) Forwarding Usage: 0M
[11.310s][info][gc,heap     ] GC(37) Min Capacity: 4096M(100%)
[11.310s][info][gc,heap     ] GC(37) Max Capacity: 4096M(100%)
[11.310s][info][gc,heap     ] GC(37) Soft Max Capacity: 4096M(100%)
[11.310s][info][gc,heap     ] GC(37)                Mark Start          Mark End        Relocate Start      Relocate End           High               Low         
[11.310s][info][gc,heap     ] GC(37)  Capacity:     4096M (100%)       4096M (100%)       4096M (100%)       4096M (100%)       4096M (100%)       4096M (100%)   
[11.310s][info][gc,heap     ] GC(37)      Free:     1380M (34%)        1378M (34%)        1376M (34%)        1376M (34%)        1380M (34%)        1376M (34%)    
[11.310s][info][gc,heap     ] GC(37)      Used:     2716M (66%)        2718M (66%)        2720M (66%)        2720M (66%)        2720M (66%)        2716M (66%)    
[11.310s][info][gc,heap     ] GC(37)      Live:         -              2438M (60%)        2438M (60%)        2438M (60%)            -                  -          
[11.310s][info][gc,heap     ] GC(37) Allocated:         -                 2M (0%)            4M (0%)            4M (0%)             -                  -          
[11.310s][info][gc,heap     ] GC(37)   Garbage:         -               277M (7%)          277M (7%)          277M (7%)             -                  -          
[11.310s][info][gc,heap     ] GC(37) Reclaimed:         -                  -                 0M (0%)            0M (0%)             -                  -          
[11.310s][info][gc          ] GC(37) Garbage Collection (Timer) 2716M(66%)->2720M(66%)
[11.586s][info][gc,start    ] GC(38) Garbage Collection (Timer)
[11.586s][info][gc,task     ] GC(38) Using 3 workers
[11.587s][info][gc,phases   ] GC(38) Pause Mark Start 0.005ms
[11.614s][info][gc,phases   ] GC(38) Concurrent Mark 27.724ms
[11.614s][info][gc,phases   ] GC(38) Pause Mark End 0.010ms
[11.615s][info][gc,phases   ] GC(38) Concurrent Mark Free 0.001ms
[11.615s][info][gc,phases   ] GC(38) Concurrent Process Non-Strong References 0.794ms
[11.615s][info][gc,phases   ] GC(38) Concurrent Reset Relocation Set 0.001ms
[11.618s][info][gc,phases   ] GC(38) Concurrent Select Relocation Set 2.115ms
[11.618s][info][gc,phases   ] GC(38) Pause Relocate Start 0.004ms
[11.618s][info][gc,phases   ] GC(38) Concurrent Relocate 0.068ms
[11.618s][info][gc,load     ] GC(38) Load: 0.00/0.00/0.00
[11.618s][info][gc,mmu      ] GC(38) MMU: 2ms/99.2%, 5ms/99.5%, 10ms/99.8%, 20ms/99.9%, 50ms/99.9%, 100ms/100.0%
[11.618s][info][gc,marking  ] GC(38) Mark: 2 stripe(s), 10 proactive flush(es), 1 terminate flush(es), 0 completion(s), 0 continuation(s) 
[11.618s][info][gc,marking  ] GC(38) Mark Stack Usage: 32M
[11.618s][info][gc,nmethod  ] GC(38) NMethods: 474 registered, 0 unregistered
[11.618s][info][gc,metaspace] GC(38) Metaspace: 1M used, 1M committed, 1088M reserved
[11.618s][info][gc,ref      ] GC(38) Soft: 181 encountered, 0 discovered, 0 enqueued
[11.618s][info][gc,ref      ] GC(38) Weak: 263 encountered, 163 discovered, 0 enqueued
[11.618s][info][gc,ref      ] GC(38) Final: 0 encountered, 0 discovered, 0 enqueued
[11.618s][info][gc,ref      ] GC(38) Phantom: 7 encountered, 3 discovered, 0 enqueued
[11.618s][info][gc,reloc    ] GC(38) Small Pages: 1356 / 2712M, Empty: 0M, Relocated: 0M, In-Place: 0
[11.618s][info][gc,reloc    ] GC(38) Medium Pages: 1 / 32M, Empty: 0M, Relocated: 0M, In-Place: 0
[11.618s][info][gc,reloc    ] GC(38) Large Pages: 0 / 0M, Empty: 0M, Relocated: 0M, In-Place: 0
[11.618s][info][gc,reloc    ] GC(38) Forwarding Usage: 0M
[11.618s][info][gc,heap     ] GC(38) Min Capacity: 4096M(100%)
[11.618s][info][gc,heap     ] GC(38) Max Capacity: 4096M(100%)
[11.618s][info][gc,heap     ] GC(38) Soft Max Capacity: 4096M(100%)
[11.618s][info][gc,heap     ] GC(38)                Mark Start          Mark End        Relocate Start      Relocate End           High               Low         
[11.618s][info][gc,heap     ] GC(38)  Capacity:     4096M (100%)       4096M (100%)       4096M (100%)       4096M (100%)       4096M (100%)       4096M (100%)   
[11.618s][info][gc,heap     ] GC(38)      Free:     1352M (33%)        1352M (33%)        1352M (33%)        1352M (33%)        1352M (33%)        1352M (33%)    
[11.618s][info][gc,heap     ] GC(38)      Used:     2744M (67%)        2744M (67%)        2744M (67%)        2744M (67%)        2744M (67%)        2744M (67%)    
[11.618s][info][gc,heap     ] GC(38)      Live:         -              2463M (60%)        2463M (60%)        2463M (60%)            -                  -          
[11.618s][info][gc,heap     ] GC(38) Allocated:         -                 0M (0%)            0M (0%)            0M (0%)             -                  -          
[11.618s][info][gc,heap     ] GC(38)   Garbage:         -               280M (7%)          280M (7%)          280M (7%)             -                  -          
[11.618s][info][gc,heap     ] GC(38) Reclaimed:         -                  -                 0M (0%)            0M (0%)             -                  -          
[11.618s][info][gc          ] GC(38) Garbage Collection (Timer) 2744M(67%)->2744M(67%)
[11.886s][info][gc,start    ] GC(39) Garbage Collection (Timer)
[11.887s][info][gc,task     ] GC(39) Using 3 workers
[11.887s][info][gc,phases   ] GC(39) Pause Mark Start 0.006ms
[11.904s][info][gc,phases   ] GC(39) Concurrent Mark 17.146ms
[11.904s][info][gc,phases   ] GC(39) Pause Mark End 0.010ms
[11.904s][info][gc,phases   ] GC(39) Concurrent Mark Free 0.001ms
[11.905s][info][gc,phases   ] GC(39) Concurrent Process Non-Strong References 0.837ms
[11.905s][info][gc,phases   ] GC(39) Concurrent Reset Relocation Set 0.000ms
[11.907s][info][gc,phases   ] GC(39) Concurrent Select Relocation Set 2.122ms
[11.907s][info][gc,phases   ] GC(39) Pause Relocate Start 0.005ms
[11.907s][info][gc,phases   ] GC(39) Concurrent Relocate 0.104ms
[11.907s][info][gc,load     ] GC(39) Load: 0.00/0.00/0.00
[11.908s][info][gc,mmu      ] GC(39) MMU: 2ms/99.2%, 5ms/99.5%, 10ms/99.8%, 20ms/99.9%, 50ms/99.9%, 100ms/100.0%
[11.908s][info][gc,marking  ] GC(39) Mark: 2 stripe(s), 3 proactive flush(es), 1 terminate flush(es), 0 completion(s), 0 continuation(s) 
[11.908s][info][gc,marking  ] GC(39) Mark Stack Usage: 32M
[11.908s][info][gc,nmethod  ] GC(39) NMethods: 474 registered, 0 unregistered
[11.908s][info][gc,metaspace] GC(39) Metaspace: 1M used, 1M committed, 1088M reserved
[11.908s][info][gc,ref      ] GC(39) Soft: 181 encountered, 0 discovered, 0 enqueued
[11.908s][info][gc,ref      ] GC(39) Weak: 263 encountered, 145 discovered, 0 enqueued
[11.908s][info][gc,ref      ] GC(39) Final: 0 encountered, 0 discovered, 0 enqueued
[11.908s][info][gc,ref      ] GC(39) Phantom: 7 encountered, 3 discovered, 0 enqueued
[11.908s][info][gc,reloc    ] GC(39) Small Pages: 1356 / 2712M, Empty: 0M, Relocated: 0M, In-Place: 0
[11.908s][info][gc,reloc    ] GC(39) Medium Pages: 1 / 32M, Empty: 0M, Relocated: 0M, In-Place: 0
[11.908s][info][gc,reloc    ] GC(39) Large Pages: 0 / 0M, Empty: 0M, Relocated: 0M, In-Place: 0
[11.908s][info][gc,reloc    ] GC(39) Forwarding Usage: 0M
[11.908s][info][gc,heap     ] GC(39) Min Capacity: 4096M(100%)
[11.908s][info][gc,heap     ] GC(39) Max Capacity: 4096M(100%)
[11.908s][info][gc,heap     ] GC(39) Soft Max Capacity: 4096M(100%)
[11.908s][info][gc,heap     ] GC(39)                Mark Start          Mark End        Relocate Start      Relocate End           High               Low         
[11.908s][info][gc,heap     ] GC(39)  Capacity:     4096M (100%)       4096M (100%)       4096M (100%)       4096M (100%)       4096M (100%)       4096M (100%)   
[11.908s][info][gc,heap     ] GC(39)      Free:     1352M (33%)        1352M (33%)        1352M (33%)        1352M (33%)        1352M (33%)        1352M (33%)    
[11.908s][info][gc,heap     ] GC(39)      Used:     2744M (67%)        2744M (67%)        2744M (67%)        2744M (67%)        2744M (67%)        2744M (67%)    
[11.908s][info][gc,heap     ] GC(39)      Live:         -              2463M (60%)        2463M (60%)        2463M (60%)            -                  -          
[11.908s][info][gc,heap     ] GC(39) Allocated:         -                 0M (0%)            0M (0%)            0M (0%)             -                  -          
[11.908s][info][gc,heap     ] GC(39)   Garbage:         -               280M (7%)          280M (7%)          280M (7%)             -                  -          
[11.908s][info][gc,heap     ] GC(39) Reclaimed:         -                  -                 0M (0%)            0M (0%)             -                  -          
[11.908s][info][gc          ] GC(39) Garbage Collection (Timer) 2744M(67%)->2744M(67%)
[12.186s][info][gc,start    ] GC(40) Garbage Collection (Timer)
[12.187s][info][gc,task     ] GC(40) Using 3 workers
[12.187s][info][gc,phases   ] GC(40) Pause Mark Start 0.006ms
[12.204s][info][gc,phases   ] GC(40) Concurrent Mark 17.258ms
[12.204s][info][gc,phases   ] GC(40) Pause Mark End 0.010ms
[12.204s][info][gc,phases   ] GC(40) Concurrent Mark Free 0.001ms
[12.205s][info][gc,phases   ] GC(40) Concurrent Process Non-Strong References 0.828ms
[12.205s][info][gc,phases   ] GC(40) Concurrent Reset Relocation Set 0.000ms
[12.207s][info][gc,phases   ] GC(40) Concurrent Select Relocation Set 2.134ms
[12.207s][info][gc,phases   ] GC(40) Pause Relocate Start 0.006ms
[12.208s][info][gc,phases   ] GC(40) Concurrent Relocate 0.106ms
[12.208s][info][gc,load     ] GC(40) Load: 0.00/0.00/0.00
[12.208s][info][gc,mmu      ] GC(40) MMU: 2ms/99.2%, 5ms/99.5%, 10ms/99.8%, 20ms/99.9%, 50ms/99.9%, 100ms/100.0%
[12.208s][info][gc,marking  ] GC(40) Mark: 2 stripe(s), 2 proactive flush(es), 1 terminate flush(es), 0 completion(s), 0 continuation(s) 
[12.208s][info][gc,marking  ] GC(40) Mark Stack Usage: 32M
[12.208s][info][gc,nmethod  ] GC(40) NMethods: 474 registered, 0 unregistered
[12.208s][info][gc,metaspace] GC(40) Metaspace: 1M used, 1M committed, 1088M reserved
[12.208s][info][gc,ref      ] GC(40) Soft: 181 encountered, 0 discovered, 0 enqueued
[12.208s][info][gc,ref      ] GC(40) Weak: 263 encountered, 203 discovered, 0 enqueued
[12.208s][info][gc,ref      ] GC(40) Final: 0 encountered, 0 discovered, 0 enqueued
[12.208s][info][gc,ref      ] GC(40) Phantom: 7 encountered, 4 discovered, 0 enqueued
[12.208s][info][gc,reloc    ] GC(40) Small Pages: 1356 / 2712M, Empty: 0M, Relocated: 0M, In-Place: 0
[12.208s][info][gc,reloc    ] GC(40) Medium Pages: 1 / 32M, Empty: 0M, Relocated: 0M, In-Place: 0
[12.208s][info][gc,reloc    ] GC(40) Large Pages: 0 / 0M, Empty: 0M, Relocated: 0M, In-Place: 0
[12.208s][info][gc,reloc    ] GC(40) Forwarding Usage: 0M
[12.208s][info][gc,heap     ] GC(40) Min Capacity: 4096M(100%)
[12.208s][info][gc,heap     ] GC(40) Max Capacity: 4096M(100%)
[12.208s][info][gc,heap     ] GC(40) Soft Max Capacity: 4096M(100%)
[12.208s][info][gc,heap     ] GC(40)                Mark Start          Mark End        Relocate Start      Relocate End           High               Low         
[12.208s][info][gc,heap     ] GC(40)  Capacity:     4096M (100%)       4096M (100%)       4096M (100%)       4096M (100%)       4096M (100%)       4096M (100%)   
[12.208s][info][gc,heap     ] GC(40)      Free:     1352M (33%)        1352M (33%)        1352M (33%)        1352M (33%)        1352M (33%)        1352M (33%)    
[12.208s][info][gc,heap     ] GC(40)      Used:     2744M (67%)        2744M (67%)        2744M (67%)        2744M (67%)        2744M (67%)        2744M (67%)    
[12.208s][info][gc,heap     ] GC(40)      Live:         -              2463M (60%)        2463M (60%)        2463M (60%)            -                  -          
[12.208s][info][gc,heap     ] GC(40) Allocated:         -                 0M (0%)            0M (0%)            0M (0%)             -                  -          
[12.208s][info][gc,heap     ] GC(40)   Garbage:         -               280M (7%)          280M (7%)          280M (7%)             -                  -          
[12.208s][info][gc,heap     ] GC(40) Reclaimed:         -                  -                 0M (0%)            0M (0%)             -                  -          
[12.208s][info][gc          ] GC(40) Garbage Collection (Timer) 2744M(67%)->2744M(67%)
[12.487s][info][gc,start    ] GC(41) Garbage Collection (Timer)
[12.487s][info][gc,task     ] GC(41) Using 3 workers
[12.487s][info][gc,phases   ] GC(41) Pause Mark Start 0.006ms
[12.504s][info][gc,phases   ] GC(41) Concurrent Mark 16.543ms
[12.504s][info][gc,phases   ] GC(41) Pause Mark End 0.009ms
[12.504s][info][gc,phases   ] GC(41) Concurrent Mark Free 0.001ms
[12.504s][info][gc,phases   ] GC(41) Concurrent Process Non-Strong References 0.427ms
[12.504s][info][gc,phases   ] GC(41) Concurrent Reset Relocation Set 0.000ms
[12.507s][info][gc,phases   ] GC(41) Concurrent Select Relocation Set 2.183ms
[12.507s][info][gc,phases   ] GC(41) Pause Relocate Start 0.006ms
[12.509s][info][gc,phases   ] GC(41) Concurrent Relocate 2.039ms
[12.509s][info][gc,load     ] GC(41) Load: 0.00/0.00/0.00
[12.509s][info][gc,mmu      ] GC(41) MMU: 2ms/99.2%, 5ms/99.5%, 10ms/99.8%, 20ms/99.9%, 50ms/99.9%, 100ms/100.0%
[12.509s][info][gc,marking  ] GC(41) Mark: 2 stripe(s), 2 proactive flush(es), 1 terminate flush(es), 0 completion(s), 0 continuation(s) 
[12.509s][info][gc,marking  ] GC(41) Mark Stack Usage: 32M
[12.509s][info][gc,nmethod  ] GC(41) NMethods: 479 registered, 0 unregistered
[12.509s][info][gc,metaspace] GC(41) Metaspace: 1M used, 1M committed, 1088M reserved
[12.509s][info][gc,ref      ] GC(41) Soft: 181 encountered, 0 discovered, 0 enqueued
[12.509s][info][gc,ref      ] GC(41) Weak: 263 encountered, 161 discovered, 0 enqueued
[12.509s][info][gc,ref      ] GC(41) Final: 0 encountered, 0 discovered, 0 enqueued
[12.509s][info][gc,ref      ] GC(41) Phantom: 7 encountered, 2 discovered, 0 enqueued
[12.509s][info][gc,reloc    ] GC(41) Small Pages: 1362 / 2724M, Empty: 0M, Relocated: 1M, In-Place: 0
[12.509s][info][gc,reloc    ] GC(41) Medium Pages: 1 / 32M, Empty: 0M, Relocated: 0M, In-Place: 0
[12.509s][info][gc,reloc    ] GC(41) Large Pages: 0 / 0M, Empty: 0M, Relocated: 0M, In-Place: 0
[12.509s][info][gc,reloc    ] GC(41) Forwarding Usage: 0M
[12.509s][info][gc,heap     ] GC(41) Min Capacity: 4096M(100%)
[12.509s][info][gc,heap     ] GC(41) Max Capacity: 4096M(100%)
[12.509s][info][gc,heap     ] GC(41) Soft Max Capacity: 4096M(100%)
[12.509s][info][gc,heap     ] GC(41)                Mark Start          Mark End        Relocate Start      Relocate End           High               Low         
[12.509s][info][gc,heap     ] GC(41)  Capacity:     4096M (100%)       4096M (100%)       4096M (100%)       4096M (100%)       4096M (100%)       4096M (100%)   
[12.509s][info][gc,heap     ] GC(41)      Free:     1340M (33%)        1338M (33%)        1336M (33%)        1336M (33%)        1340M (33%)        1332M (33%)    
[12.509s][info][gc,heap     ] GC(41)      Used:     2756M (67%)        2758M (67%)        2760M (67%)        2760M (67%)        2764M (67%)        2756M (67%)    
[12.509s][info][gc,heap     ] GC(41)      Live:         -              2472M (60%)        2472M (60%)        2472M (60%)            -                  -          
[12.509s][info][gc,heap     ] GC(41) Allocated:         -                 2M (0%)            4M (0%)            4M (0%)             -                  -          
[12.509s][info][gc,heap     ] GC(41)   Garbage:         -               283M (7%)          283M (7%)          283M (7%)             -                  -          
[12.509s][info][gc,heap     ] GC(41) Reclaimed:         -                  -                 0M (0%)            0M (0%)             -                  -          
[12.509s][info][gc          ] GC(41) Garbage Collection (Timer) 2756M(67%)->2760M(67%)
[12.786s][info][gc,start    ] GC(42) Garbage Collection (Timer)
[12.786s][info][gc,task     ] GC(42) Using 3 workers
[12.786s][info][gc,phases   ] GC(42) Pause Mark Start 0.005ms
[12.804s][info][gc,phases   ] GC(42) Concurrent Mark 17.375ms
[12.804s][info][gc,phases   ] GC(42) Pause Mark End 0.010ms
[12.804s][info][gc,phases   ] GC(42) Concurrent Mark Free 0.001ms
[12.805s][info][gc,phases   ] GC(42) Concurrent Process Non-Strong References 0.685ms
[12.805s][info][gc,phases   ] GC(42) Concurrent Reset Relocation Set 0.001ms
[12.807s][info][gc,phases   ] GC(42) Concurrent Select Relocation Set 2.238ms
[12.807s][info][gc,phases   ] GC(42) Pause Relocate Start 0.006ms
[12.810s][info][gc,phases   ] GC(42) Concurrent Relocate 1.866ms
[12.810s][info][gc,load     ] GC(42) Load: 0.00/0.00/0.00
[12.810s][info][gc,mmu      ] GC(42) MMU: 2ms/99.2%, 5ms/99.5%, 10ms/99.8%, 20ms/99.9%, 50ms/99.9%, 100ms/100.0%
[12.810s][info][gc,marking  ] GC(42) Mark: 2 stripe(s), 2 proactive flush(es), 1 terminate flush(es), 0 completion(s), 0 continuation(s) 
[12.810s][info][gc,marking  ] GC(42) Mark Stack Usage: 32M
[12.810s][info][gc,nmethod  ] GC(42) NMethods: 479 registered, 0 unregistered
[12.810s][info][gc,metaspace] GC(42) Metaspace: 1M used, 1M committed, 1088M reserved
[12.810s][info][gc,ref      ] GC(42) Soft: 181 encountered, 0 discovered, 0 enqueued
[12.810s][info][gc,ref      ] GC(42) Weak: 263 encountered, 163 discovered, 0 enqueued
[12.810s][info][gc,ref      ] GC(42) Final: 0 encountered, 0 discovered, 0 enqueued
[12.810s][info][gc,ref      ] GC(42) Phantom: 7 encountered, 1 discovered, 0 enqueued
[12.810s][info][gc,reloc    ] GC(42) Small Pages: 1392 / 2784M, Empty: 0M, Relocated: 1M, In-Place: 0
[12.810s][info][gc,reloc    ] GC(42) Medium Pages: 1 / 32M, Empty: 0M, Relocated: 0M, In-Place: 0
[12.810s][info][gc,reloc    ] GC(42) Large Pages: 0 / 0M, Empty: 0M, Relocated: 0M, In-Place: 0
[12.810s][info][gc,reloc    ] GC(42) Forwarding Usage: 0M
[12.810s][info][gc,heap     ] GC(42) Min Capacity: 4096M(100%)
[12.810s][info][gc,heap     ] GC(42) Max Capacity: 4096M(100%)
[12.810s][info][gc,heap     ] GC(42) Soft Max Capacity: 4096M(100%)
[12.810s][info][gc,heap     ] GC(42)                Mark Start          Mark End        Relocate Start      Relocate End           High               Low         
[12.810s][info][gc,heap     ] GC(42)  Capacity:     4096M (100%)       4096M (100%)       4096M (100%)       4096M (100%)       4096M (100%)       4096M (100%)   
[12.810s][info][gc,heap     ] GC(42)      Free:     1280M (31%)        1278M (31%)        1278M (31%)        1278M (31%)        1280M (31%)        1274M (31%)    
[12.810s][info][gc,heap     ] GC(42)      Used:     2816M (69%)        2818M (69%)        2818M (69%)        2818M (69%)        2822M (69%)        2816M (69%)    
[12.810s][info][gc,heap     ] GC(42)      Live:         -              2526M (62%)        2526M (62%)        2526M (62%)            -                  -          
[12.810s][info][gc,heap     ] GC(42) Allocated:         -                 2M (0%)            2M (0%)            2M (0%)             -                  -          
[12.810s][info][gc,heap     ] GC(42)   Garbage:         -               289M (7%)          289M (7%)          289M (7%)             -                  -          
[12.810s][info][gc,heap     ] GC(42) Reclaimed:         -                  -                 0M (0%)            0M (0%)             -                  -          
[12.810s][info][gc          ] GC(42) Garbage Collection (Timer) 2816M(69%)->2818M(69%)
[13.086s][info][gc,start    ] GC(43) Garbage Collection (Timer)
[13.086s][info][gc,task     ] GC(43) Using 3 workers
[13.087s][info][gc,phases   ] GC(43) Pause Mark Start 0.005ms
[13.108s][info][gc,phases   ] GC(43) Concurrent Mark 21.161ms
[13.108s][info][gc,phases   ] GC(43) Pause Mark End 0.009ms
[13.108s][info][gc,phases   ] GC(43) Concurrent Mark Free 0.001ms
[13.109s][info][gc,phases   ] GC(43) Concurrent Process Non-Strong References 0.590ms
[13.109s][info][gc,phases   ] GC(43) Concurrent Reset Relocation Set 0.001ms
[13.111s][info][gc,phases   ] GC(43) Concurrent Select Relocation Set 2.353ms
[13.111s][info][gc,phases   ] GC(43) Pause Relocate Start 0.004ms
[13.114s][info][gc,phases   ] GC(43) Concurrent Relocate 2.736ms
[13.114s][info][gc,load     ] GC(43) Load: 0.00/0.00/0.00
[13.114s][info][gc,mmu      ] GC(43) MMU: 2ms/99.2%, 5ms/99.5%, 10ms/99.8%, 20ms/99.9%, 50ms/99.9%, 100ms/100.0%
[13.114s][info][gc,marking  ] GC(43) Mark: 2 stripe(s), 2 proactive flush(es), 1 terminate flush(es), 0 completion(s), 0 continuation(s) 
[13.114s][info][gc,marking  ] GC(43) Mark Stack Usage: 32M
[13.114s][info][gc,nmethod  ] GC(43) NMethods: 479 registered, 0 unregistered
[13.114s][info][gc,metaspace] GC(43) Metaspace: 1M used, 1M committed, 1088M reserved
[13.114s][info][gc,ref      ] GC(43) Soft: 181 encountered, 0 discovered, 0 enqueued
[13.114s][info][gc,ref      ] GC(43) Weak: 263 encountered, 161 discovered, 0 enqueued
[13.114s][info][gc,ref      ] GC(43) Final: 0 encountered, 0 discovered, 0 enqueued
[13.114s][info][gc,ref      ] GC(43) Phantom: 7 encountered, 2 discovered, 0 enqueued
[13.114s][info][gc,reloc    ] GC(43) Small Pages: 1426 / 2852M, Empty: 0M, Relocated: 1M, In-Place: 0
[13.115s][info][gc,reloc    ] GC(43) Medium Pages: 1 / 32M, Empty: 0M, Relocated: 0M, In-Place: 0
[13.115s][info][gc,reloc    ] GC(43) Large Pages: 0 / 0M, Empty: 0M, Relocated: 0M, In-Place: 0
[13.115s][info][gc,reloc    ] GC(43) Forwarding Usage: 0M
[13.115s][info][gc,heap     ] GC(43) Min Capacity: 4096M(100%)
[13.115s][info][gc,heap     ] GC(43) Max Capacity: 4096M(100%)
[13.115s][info][gc,heap     ] GC(43) Soft Max Capacity: 4096M(100%)
[13.115s][info][gc,heap     ] GC(43)                Mark Start          Mark End        Relocate Start      Relocate End           High               Low         
[13.115s][info][gc,heap     ] GC(43)  Capacity:     4096M (100%)       4096M (100%)       4096M (100%)       4096M (100%)       4096M (100%)       4096M (100%)   
[13.115s][info][gc,heap     ] GC(43)      Free:     1212M (30%)        1210M (30%)        1210M (30%)        1212M (30%)        1212M (30%)        1204M (29%)    
[13.115s][info][gc,heap     ] GC(43)      Used:     2884M (70%)        2886M (70%)        2886M (70%)        2884M (70%)        2892M (71%)        2884M (70%)    
[13.115s][info][gc,heap     ] GC(43)      Live:         -              2587M (63%)        2587M (63%)        2587M (63%)            -                  -          
[13.115s][info][gc,heap     ] GC(43) Allocated:         -                 2M (0%)            2M (0%)            2M (0%)             -                  -          
[13.115s][info][gc,heap     ] GC(43)   Garbage:         -               296M (7%)          296M (7%)          294M (7%)             -                  -          
[13.115s][info][gc,heap     ] GC(43) Reclaimed:         -                  -                 0M (0%)            2M (0%)             -                  -          
[13.115s][info][gc          ] GC(43) Garbage Collection (Timer) 2884M(70%)->2884M(70%)
[13.386s][info][gc,start    ] GC(44) Garbage Collection (Timer)
[13.386s][info][gc,task     ] GC(44) Using 3 workers
[13.386s][info][gc,phases   ] GC(44) Pause Mark Start 0.006ms
[13.410s][info][gc,phases   ] GC(44) Concurrent Mark 23.163ms
[13.410s][info][gc,phases   ] GC(44) Pause Mark End 0.010ms
[13.410s][info][gc,phases   ] GC(44) Concurrent Mark Free 0.001ms
[13.410s][info][gc,phases   ] GC(44) Concurrent Process Non-Strong References 0.497ms
[13.410s][info][gc,phases   ] GC(44) Concurrent Reset Relocation Set 0.001ms
[13.413s][info][gc,phases   ] GC(44) Concurrent Select Relocation Set 2.200ms
[13.413s][info][gc,phases   ] GC(44) Pause Relocate Start 0.005ms
[13.415s][info][gc,phases   ] GC(44) Concurrent Relocate 2.519ms
[13.415s][info][gc,load     ] GC(44) Load: 0.00/0.00/0.00
[13.415s][info][gc,mmu      ] GC(44) MMU: 2ms/99.2%, 5ms/99.5%, 10ms/99.8%, 20ms/99.9%, 50ms/99.9%, 100ms/100.0%
[13.415s][info][gc,marking  ] GC(44) Mark: 2 stripe(s), 2 proactive flush(es), 1 terminate flush(es), 0 completion(s), 0 continuation(s) 
[13.415s][info][gc,marking  ] GC(44) Mark Stack Usage: 32M
[13.415s][info][gc,nmethod  ] GC(44) NMethods: 479 registered, 0 unregistered
[13.415s][info][gc,metaspace] GC(44) Metaspace: 1M used, 1M committed, 1088M reserved
[13.416s][info][gc,ref      ] GC(44) Soft: 181 encountered, 0 discovered, 0 enqueued
[13.416s][info][gc,ref      ] GC(44) Weak: 263 encountered, 161 discovered, 0 enqueued
[13.416s][info][gc,ref      ] GC(44) Final: 0 encountered, 0 discovered, 0 enqueued
[13.416s][info][gc,ref      ] GC(44) Phantom: 7 encountered, 2 discovered, 0 enqueued
[13.416s][info][gc,reloc    ] GC(44) Small Pages: 1462 / 2924M, Empty: 0M, Relocated: 1M, In-Place: 0
[13.416s][info][gc,reloc    ] GC(44) Medium Pages: 1 / 32M, Empty: 0M, Relocated: 0M, In-Place: 0
[13.416s][info][gc,reloc    ] GC(44) Large Pages: 0 / 0M, Empty: 0M, Relocated: 0M, In-Place: 0
[13.416s][info][gc,reloc    ] GC(44) Forwarding Usage: 0M
[13.416s][info][gc,heap     ] GC(44) Min Capacity: 4096M(100%)
[13.416s][info][gc,heap     ] GC(44) Max Capacity: 4096M(100%)
[13.416s][info][gc,heap     ] GC(44) Soft Max Capacity: 4096M(100%)
[13.416s][info][gc,heap     ] GC(44)                Mark Start          Mark End        Relocate Start      Relocate End           High               Low         
[13.416s][info][gc,heap     ] GC(44)  Capacity:     4096M (100%)       4096M (100%)       4096M (100%)       4096M (100%)       4096M (100%)       4096M (100%)   
[13.416s][info][gc,heap     ] GC(44)      Free:     1140M (28%)        1138M (28%)        1138M (28%)        1138M (28%)        1140M (28%)        1132M (28%)    
[13.416s][info][gc,heap     ] GC(44)      Used:     2956M (72%)        2958M (72%)        2958M (72%)        2958M (72%)        2964M (72%)        2956M (72%)    
[13.416s][info][gc,heap     ] GC(44)      Live:         -              2653M (65%)        2653M (65%)        2653M (65%)            -                  -          
[13.416s][info][gc,heap     ] GC(44) Allocated:         -                 2M (0%)            2M (0%)            2M (0%)             -                  -          
[13.416s][info][gc,heap     ] GC(44)   Garbage:         -               302M (7%)          302M (7%)          302M (7%)             -                  -          
[13.416s][info][gc,heap     ] GC(44) Reclaimed:         -                  -                 0M (0%)            0M (0%)             -                  -          
[13.416s][info][gc          ] GC(44) Garbage Collection (Timer) 2956M(72%)->2958M(72%)
[13.686s][info][gc,start    ] GC(45) Garbage Collection (Timer)
[13.686s][info][gc,task     ] GC(45) Using 3 workers
[13.686s][info][gc,phases   ] GC(45) Pause Mark Start 0.006ms
[13.709s][info][gc,phases   ] GC(45) Concurrent Mark 22.806ms
[13.709s][info][gc,phases   ] GC(45) Pause Mark End 0.009ms
[13.709s][info][gc,phases   ] GC(45) Concurrent Mark Free 0.001ms
[13.710s][info][gc,phases   ] GC(45) Concurrent Process Non-Strong References 0.614ms
[13.710s][info][gc,phases   ] GC(45) Concurrent Reset Relocation Set 0.001ms
[13.712s][info][gc,phases   ] GC(45) Concurrent Select Relocation Set 2.276ms
[13.713s][info][gc,phases   ] GC(45) Pause Relocate Start 0.005ms
[13.715s][info][gc,phases   ] GC(45) Concurrent Relocate 1.849ms
[13.715s][info][gc,load     ] GC(45) Load: 0.00/0.00/0.00
[13.715s][info][gc,mmu      ] GC(45) MMU: 2ms/99.2%, 5ms/99.5%, 10ms/99.8%, 20ms/99.9%, 50ms/99.9%, 100ms/100.0%
[13.715s][info][gc,marking  ] GC(45) Mark: 2 stripe(s), 3 proactive flush(es), 1 terminate flush(es), 0 completion(s), 0 continuation(s) 
[13.715s][info][gc,marking  ] GC(45) Mark Stack Usage: 32M
[13.715s][info][gc,nmethod  ] GC(45) NMethods: 479 registered, 0 unregistered
[13.715s][info][gc,metaspace] GC(45) Metaspace: 1M used, 1M committed, 1088M reserved
[13.715s][info][gc,ref      ] GC(45) Soft: 181 encountered, 0 discovered, 0 enqueued
[13.715s][info][gc,ref      ] GC(45) Weak: 263 encountered, 148 discovered, 0 enqueued
[13.715s][info][gc,ref      ] GC(45) Final: 0 encountered, 0 discovered, 0 enqueued
[13.715s][info][gc,ref      ] GC(45) Phantom: 7 encountered, 4 discovered, 0 enqueued
[13.715s][info][gc,reloc    ] GC(45) Small Pages: 1501 / 3002M, Empty: 0M, Relocated: 1M, In-Place: 0
[13.715s][info][gc,reloc    ] GC(45) Medium Pages: 1 / 32M, Empty: 0M, Relocated: 0M, In-Place: 0
[13.715s][info][gc,reloc    ] GC(45) Large Pages: 0 / 0M, Empty: 0M, Relocated: 0M, In-Place: 0
[13.715s][info][gc,reloc    ] GC(45) Forwarding Usage: 0M
[13.715s][info][gc,heap     ] GC(45) Min Capacity: 4096M(100%)
[13.715s][info][gc,heap     ] GC(45) Max Capacity: 4096M(100%)
[13.715s][info][gc,heap     ] GC(45) Soft Max Capacity: 4096M(100%)
[13.715s][info][gc,heap     ] GC(45)                Mark Start          Mark End        Relocate Start      Relocate End           High               Low         
[13.715s][info][gc,heap     ] GC(45)  Capacity:     4096M (100%)       4096M (100%)       4096M (100%)       4096M (100%)       4096M (100%)       4096M (100%)   
[13.716s][info][gc,heap     ] GC(45)      Free:     1062M (26%)        1060M (26%)        1060M (26%)        1060M (26%)        1062M (26%)        1054M (26%)    
[13.716s][info][gc,heap     ] GC(45)      Used:     3034M (74%)        3036M (74%)        3036M (74%)        3036M (74%)        3042M (74%)        3034M (74%)    
[13.716s][info][gc,heap     ] GC(45)      Live:         -              2724M (67%)        2724M (67%)        2724M (67%)            -                  -          
[13.716s][info][gc,heap     ] GC(45) Allocated:         -                 2M (0%)            2M (0%)            2M (0%)             -                  -          
[13.716s][info][gc,heap     ] GC(45)   Garbage:         -               309M (8%)          309M (8%)          309M (8%)             -                  -          
[13.716s][info][gc,heap     ] GC(45) Reclaimed:         -                  -                 0M (0%)            0M (0%)             -                  -          
[13.716s][info][gc          ] GC(45) Garbage Collection (Timer) 3034M(74%)->3036M(74%)
[13.986s][info][gc,start    ] GC(46) Garbage Collection (Timer)
[13.987s][info][gc,task     ] GC(46) Using 3 workers
[13.987s][info][gc,phases   ] GC(46) Pause Mark Start 0.006ms
[14.008s][info][gc,phases   ] GC(46) Concurrent Mark 21.060ms
[14.008s][info][gc,phases   ] GC(46) Pause Mark End 0.010ms
[14.008s][info][gc,phases   ] GC(46) Concurrent Mark Free 0.001ms
[14.009s][info][gc,phases   ] GC(46) Concurrent Process Non-Strong References 0.591ms
[14.009s][info][gc,phases   ] GC(46) Concurrent Reset Relocation Set 0.001ms
[14.011s][info][gc,phases   ] GC(46) Concurrent Select Relocation Set 2.266ms
[14.011s][info][gc,phases   ] GC(46) Pause Relocate Start 0.005ms
[14.015s][info][gc,phases   ] GC(46) Concurrent Relocate 3.809ms
[14.015s][info][gc,load     ] GC(46) Load: 0.00/0.00/0.00
[14.015s][info][gc,mmu      ] GC(46) MMU: 2ms/99.2%, 5ms/99.5%, 10ms/99.8%, 20ms/99.9%, 50ms/99.9%, 100ms/100.0%
[14.015s][info][gc,marking  ] GC(46) Mark: 2 stripe(s), 2 proactive flush(es), 1 terminate flush(es), 0 completion(s), 0 continuation(s) 
[14.015s][info][gc,marking  ] GC(46) Mark Stack Usage: 32M
[14.015s][info][gc,nmethod  ] GC(46) NMethods: 480 registered, 0 unregistered
[14.015s][info][gc,metaspace] GC(46) Metaspace: 1M used, 1M committed, 1088M reserved
[14.015s][info][gc,ref      ] GC(46) Soft: 181 encountered, 0 discovered, 0 enqueued
[14.015s][info][gc,ref      ] GC(46) Weak: 263 encountered, 161 discovered, 0 enqueued
[14.015s][info][gc,ref      ] GC(46) Final: 0 encountered, 0 discovered, 0 enqueued
[14.015s][info][gc,ref      ] GC(46) Phantom: 7 encountered, 3 discovered, 0 enqueued
[14.015s][info][gc,reloc    ] GC(46) Small Pages: 1548 / 3096M, Empty: 0M, Relocated: 3M, In-Place: 0
[14.015s][info][gc,reloc    ] GC(46) Medium Pages: 1 / 32M, Empty: 0M, Relocated: 0M, In-Place: 0
[14.015s][info][gc,reloc    ] GC(46) Large Pages: 0 / 0M, Empty: 0M, Relocated: 0M, In-Place: 0
[14.015s][info][gc,reloc    ] GC(46) Forwarding Usage: 0M
[14.015s][info][gc,heap     ] GC(46) Min Capacity: 4096M(100%)
[14.015s][info][gc,heap     ] GC(46) Max Capacity: 4096M(100%)
[14.015s][info][gc,heap     ] GC(46) Soft Max Capacity: 4096M(100%)
[14.015s][info][gc,heap     ] GC(46)                Mark Start          Mark End        Relocate Start      Relocate End           High               Low         
[14.015s][info][gc,heap     ] GC(46)  Capacity:     4096M (100%)       4096M (100%)       4096M (100%)       4096M (100%)       4096M (100%)       4096M (100%)   
[14.015s][info][gc,heap     ] GC(46)      Free:      968M (24%)         966M (24%)         966M (24%)         972M (24%)         972M (24%)         960M (23%)    
[14.015s][info][gc,heap     ] GC(46)      Used:     3128M (76%)        3130M (76%)        3130M (76%)        3124M (76%)        3136M (77%)        3124M (76%)    
[14.015s][info][gc,heap     ] GC(46)      Live:         -              2808M (69%)        2808M (69%)        2808M (69%)            -                  -          
[14.016s][info][gc,heap     ] GC(46) Allocated:         -                 2M (0%)            2M (0%)            1M (0%)             -                  -          
[14.016s][info][gc,heap     ] GC(46)   Garbage:         -               319M (8%)          319M (8%)          313M (8%)             -                  -          
[14.016s][info][gc,heap     ] GC(46) Reclaimed:         -                  -                 0M (0%)            5M (0%)             -                  -          
[14.016s][info][gc          ] GC(46) Garbage Collection (Timer) 3128M(76%)->3124M(76%)
[14.286s][info][gc,start    ] GC(47) Garbage Collection (Timer)
[14.286s][info][gc,task     ] GC(47) Using 3 workers
[14.286s][info][gc,phases   ] GC(47) Pause Mark Start 0.006ms
[14.308s][info][gc,phases   ] GC(47) Concurrent Mark 22.027ms
[14.308s][info][gc,phases   ] GC(47) Pause Mark End 0.009ms
[14.308s][info][gc,phases   ] GC(47) Concurrent Mark Free 0.001ms
[14.309s][info][gc,phases   ] GC(47) Concurrent Process Non-Strong References 0.439ms
[14.309s][info][gc,phases   ] GC(47) Concurrent Reset Relocation Set 0.001ms
[14.311s][info][gc,phases   ] GC(47) Concurrent Select Relocation Set 2.145ms
[14.311s][info][gc,phases   ] GC(47) Pause Relocate Start 0.004ms
[14.311s][info][gc,phases   ] GC(47) Concurrent Relocate 0.016ms
[14.311s][info][gc,load     ] GC(47) Load: 0.00/0.00/0.00
[14.311s][info][gc,mmu      ] GC(47) MMU: 2ms/99.2%, 5ms/99.5%, 10ms/99.8%, 20ms/99.9%, 50ms/99.9%, 100ms/100.0%
[14.311s][info][gc,marking  ] GC(47) Mark: 2 stripe(s), 3 proactive flush(es), 1 terminate flush(es), 0 completion(s), 0 continuation(s) 
[14.311s][info][gc,marking  ] GC(47) Mark Stack Usage: 32M
[14.311s][info][gc,nmethod  ] GC(47) NMethods: 480 registered, 0 unregistered
[14.311s][info][gc,metaspace] GC(47) Metaspace: 1M used, 1M committed, 1088M reserved
[14.311s][info][gc,ref      ] GC(47) Soft: 181 encountered, 0 discovered, 0 enqueued
[14.311s][info][gc,ref      ] GC(47) Weak: 263 encountered, 157 discovered, 0 enqueued
[14.311s][info][gc,ref      ] GC(47) Final: 0 encountered, 0 discovered, 0 enqueued
[14.311s][info][gc,ref      ] GC(47) Phantom: 7 encountered, 3 discovered, 0 enqueued
[14.312s][info][gc,reloc    ] GC(47) Small Pages: 1582 / 3164M, Empty: 0M, Relocated: 0M, In-Place: 0
[14.312s][info][gc,reloc    ] GC(47) Medium Pages: 1 / 32M, Empty: 0M, Relocated: 0M, In-Place: 0
[14.312s][info][gc,reloc    ] GC(47) Large Pages: 0 / 0M, Empty: 0M, Relocated: 0M, In-Place: 0
[14.312s][info][gc,reloc    ] GC(47) Forwarding Usage: 0M
[14.312s][info][gc,heap     ] GC(47) Min Capacity: 4096M(100%)
[14.312s][info][gc,heap     ] GC(47) Max Capacity: 4096M(100%)
[14.312s][info][gc,heap     ] GC(47) Soft Max Capacity: 4096M(100%)
[14.312s][info][gc,heap     ] GC(47)                Mark Start          Mark End        Relocate Start      Relocate End           High               Low         
[14.312s][info][gc,heap     ] GC(47)  Capacity:     4096M (100%)       4096M (100%)       4096M (100%)       4096M (100%)       4096M (100%)       4096M (100%)   
[14.312s][info][gc,heap     ] GC(47)      Free:      900M (22%)         898M (22%)         898M (22%)         898M (22%)         900M (22%)         898M (22%)    
[14.312s][info][gc,heap     ] GC(47)      Used:     3196M (78%)        3198M (78%)        3198M (78%)        3198M (78%)        3198M (78%)        3196M (78%)    
[14.312s][info][gc,heap     ] GC(47)      Live:         -              2874M (70%)        2874M (70%)        2874M (70%)            -                  -          
[14.312s][info][gc,heap     ] GC(47) Allocated:         -                 2M (0%)            2M (0%)            2M (0%)             -                  -          
[14.312s][info][gc,heap     ] GC(47)   Garbage:         -               321M (8%)          321M (8%)          321M (8%)             -                  -          
[14.312s][info][gc,heap     ] GC(47) Reclaimed:         -                  -                 0M (0%)            0M (0%)             -                  -          
[14.312s][info][gc          ] GC(47) Garbage Collection (Timer) 3196M(78%)->3198M(78%)
[14.587s][info][gc,start    ] GC(48) Garbage Collection (Timer)
[14.587s][info][gc,task     ] GC(48) Using 3 workers
[14.587s][info][gc,phases   ] GC(48) Pause Mark Start 0.005ms
[14.607s][info][gc,phases   ] GC(48) Concurrent Mark 20.221ms
[14.607s][info][gc,phases   ] GC(48) Pause Mark End 0.009ms
[14.608s][info][gc,phases   ] GC(48) Concurrent Mark Free 0.001ms
[14.608s][info][gc,phases   ] GC(48) Concurrent Process Non-Strong References 0.728ms
[14.608s][info][gc,phases   ] GC(48) Concurrent Reset Relocation Set 0.000ms
[14.611s][info][gc,phases   ] GC(48) Concurrent Select Relocation Set 2.257ms
[14.611s][info][gc,phases   ] GC(48) Pause Relocate Start 0.005ms
[14.611s][info][gc,phases   ] GC(48) Concurrent Relocate 0.076ms
[14.611s][info][gc,load     ] GC(48) Load: 0.00/0.00/0.00
[14.611s][info][gc,mmu      ] GC(48) MMU: 2ms/99.2%, 5ms/99.5%, 10ms/99.8%, 20ms/99.9%, 50ms/99.9%, 100ms/100.0%
[14.611s][info][gc,marking  ] GC(48) Mark: 2 stripe(s), 2 proactive flush(es), 1 terminate flush(es), 0 completion(s), 0 continuation(s) 
[14.611s][info][gc,marking  ] GC(48) Mark Stack Usage: 32M
[14.611s][info][gc,nmethod  ] GC(48) NMethods: 480 registered, 0 unregistered
[14.611s][info][gc,metaspace] GC(48) Metaspace: 1M used, 1M committed, 1088M reserved
[14.611s][info][gc,ref      ] GC(48) Soft: 181 encountered, 0 discovered, 0 enqueued
[14.611s][info][gc,ref      ] GC(48) Weak: 263 encountered, 161 discovered, 0 enqueued
[14.611s][info][gc,ref      ] GC(48) Final: 0 encountered, 0 discovered, 0 enqueued
[14.611s][info][gc,ref      ] GC(48) Phantom: 7 encountered, 3 discovered, 0 enqueued
[14.611s][info][gc,reloc    ] GC(48) Small Pages: 1618 / 3236M, Empty: 0M, Relocated: 0M, In-Place: 0
[14.611s][info][gc,reloc    ] GC(48) Medium Pages: 2 / 64M, Empty: 32M, Relocated: 0M, In-Place: 0
[14.611s][info][gc,reloc    ] GC(48) Large Pages: 0 / 0M, Empty: 0M, Relocated: 0M, In-Place: 0
[14.612s][info][gc,reloc    ] GC(48) Forwarding Usage: 0M
[14.612s][info][gc,heap     ] GC(48) Min Capacity: 4096M(100%)
[14.612s][info][gc,heap     ] GC(48) Max Capacity: 4096M(100%)
[14.612s][info][gc,heap     ] GC(48) Soft Max Capacity: 4096M(100%)
[14.612s][info][gc,heap     ] GC(48)                Mark Start          Mark End        Relocate Start      Relocate End           High               Low         
[14.612s][info][gc,heap     ] GC(48)  Capacity:     4096M (100%)       4096M (100%)       4096M (100%)       4096M (100%)       4096M (100%)       4096M (100%)   
[14.612s][info][gc,heap     ] GC(48)      Free:      796M (19%)         794M (19%)         826M (20%)         826M (20%)         826M (20%)         794M (19%)    
[14.612s][info][gc,heap     ] GC(48)      Used:     3300M (81%)        3302M (81%)        3270M (80%)        3270M (80%)        3302M (81%)        3270M (80%)    
[14.612s][info][gc,heap     ] GC(48)      Live:         -              2940M (72%)        2940M (72%)        2940M (72%)            -                  -          
[14.612s][info][gc,heap     ] GC(48) Allocated:         -                 2M (0%)            2M (0%)            2M (0%)             -                  -          
[14.612s][info][gc,heap     ] GC(48)   Garbage:         -               359M (9%)          327M (8%)          327M (8%)             -                  -          
[14.612s][info][gc,heap     ] GC(48) Reclaimed:         -                  -                32M (1%)           32M (1%)             -                  -          
[14.612s][info][gc          ] GC(48) Garbage Collection (Timer) 3300M(81%)->3270M(80%)
[14.887s][info][gc,start    ] GC(49) Garbage Collection (Timer)
[14.887s][info][gc,task     ] GC(49) Using 3 workers
[14.887s][info][gc,phases   ] GC(49) Pause Mark Start 0.005ms
[14.908s][info][gc,phases   ] GC(49) Concurrent Mark 20.543ms
[14.908s][info][gc,phases   ] GC(49) Pause Mark End 0.009ms
[14.908s][info][gc,phases   ] GC(49) Concurrent Mark Free 0.001ms
[14.909s][info][gc,phases   ] GC(49) Concurrent Process Non-Strong References 0.642ms
[14.909s][info][gc,phases   ] GC(49) Concurrent Reset Relocation Set 0.000ms
[14.911s][info][gc,phases   ] GC(49) Concurrent Select Relocation Set 2.218ms
[14.911s][info][gc,phases   ] GC(49) Pause Relocate Start 0.006ms
[14.911s][info][gc,phases   ] GC(49) Concurrent Relocate 0.016ms
[14.911s][info][gc,load     ] GC(49) Load: 0.00/0.00/0.00
[14.911s][info][gc,mmu      ] GC(49) MMU: 2ms/99.2%, 5ms/99.5%, 10ms/99.8%, 20ms/99.9%, 50ms/99.9%, 100ms/100.0%
[14.911s][info][gc,marking  ] GC(49) Mark: 2 stripe(s), 2 proactive flush(es), 1 terminate flush(es), 0 completion(s), 0 continuation(s) 
[14.911s][info][gc,marking  ] GC(49) Mark Stack Usage: 32M
[14.911s][info][gc,nmethod  ] GC(49) NMethods: 480 registered, 0 unregistered
[14.911s][info][gc,metaspace] GC(49) Metaspace: 1M used, 1M committed, 1088M reserved
[14.911s][info][gc,ref      ] GC(49) Soft: 181 encountered, 0 discovered, 0 enqueued
[14.911s][info][gc,ref      ] GC(49) Weak: 263 encountered, 161 discovered, 0 enqueued
[14.911s][info][gc,ref      ] GC(49) Final: 0 encountered, 0 discovered, 0 enqueued
[14.911s][info][gc,ref      ] GC(49) Phantom: 7 encountered, 2 discovered, 0 enqueued
[14.911s][info][gc,reloc    ] GC(49) Small Pages: 1654 / 3308M, Empty: 0M, Relocated: 0M, In-Place: 0
[14.911s][info][gc,reloc    ] GC(49) Medium Pages: 1 / 32M, Empty: 0M, Relocated: 0M, In-Place: 0
[14.911s][info][gc,reloc    ] GC(49) Large Pages: 0 / 0M, Empty: 0M, Relocated: 0M, In-Place: 0
[14.912s][info][gc,reloc    ] GC(49) Forwarding Usage: 0M
[14.912s][info][gc,heap     ] GC(49) Min Capacity: 4096M(100%)
[14.912s][info][gc,heap     ] GC(49) Max Capacity: 4096M(100%)
[14.912s][info][gc,heap     ] GC(49) Soft Max Capacity: 4096M(100%)
[14.912s][info][gc,heap     ] GC(49)                Mark Start          Mark End        Relocate Start      Relocate End           High               Low         
[14.912s][info][gc,heap     ] GC(49)  Capacity:     4096M (100%)       4096M (100%)       4096M (100%)       4096M (100%)       4096M (100%)       4096M (100%)   
[14.912s][info][gc,heap     ] GC(49)      Free:      756M (18%)         754M (18%)         754M (18%)         754M (18%)         756M (18%)         754M (18%)    
[14.912s][info][gc,heap     ] GC(49)      Used:     3340M (82%)        3342M (82%)        3342M (82%)        3342M (82%)        3342M (82%)        3340M (82%)    
[14.912s][info][gc,heap     ] GC(49)      Live:         -              3006M (73%)        3006M (73%)        3006M (73%)            -                  -          
[14.912s][info][gc,heap     ] GC(49) Allocated:         -                 2M (0%)            2M (0%)            2M (0%)             -                  -          
[14.912s][info][gc,heap     ] GC(49)   Garbage:         -               333M (8%)          333M (8%)          333M (8%)             -                  -          
[14.912s][info][gc,heap     ] GC(49) Reclaimed:         -                  -                 0M (0%)            0M (0%)             -                  -          
[14.912s][info][gc          ] GC(49) Garbage Collection (Timer) 3340M(82%)->3342M(82%)
[15.186s][info][gc,start    ] GC(50) Garbage Collection (Timer)
[15.186s][info][gc,task     ] GC(50) Using 3 workers
[15.187s][info][gc,phases   ] GC(50) Pause Mark Start 0.006ms
[15.208s][info][gc,phases   ] GC(50) Concurrent Mark 21.114ms
[15.209s][info][gc,phases   ] GC(50) Pause Mark End 0.009ms
[15.209s][info][gc,phases   ] GC(50) Concurrent Mark Free 0.001ms
[15.209s][info][gc,phases   ] GC(50) Concurrent Process Non-Strong References 0.664ms
[15.209s][info][gc,phases   ] GC(50) Concurrent Reset Relocation Set 0.000ms
[15.212s][info][gc,phases   ] GC(50) Concurrent Select Relocation Set 2.204ms
[15.212s][info][gc,phases   ] GC(50) Pause Relocate Start 0.005ms
[15.212s][info][gc,phases   ] GC(50) Concurrent Relocate 0.084ms
[15.212s][info][gc,load     ] GC(50) Load: 0.00/0.00/0.00
[15.212s][info][gc,mmu      ] GC(50) MMU: 2ms/99.2%, 5ms/99.5%, 10ms/99.8%, 20ms/99.9%, 50ms/99.9%, 100ms/100.0%
[15.212s][info][gc,marking  ] GC(50) Mark: 2 stripe(s), 2 proactive flush(es), 1 terminate flush(es), 0 completion(s), 0 continuation(s) 
[15.212s][info][gc,marking  ] GC(50) Mark Stack Usage: 32M
[15.212s][info][gc,nmethod  ] GC(50) NMethods: 480 registered, 0 unregistered
[15.212s][info][gc,metaspace] GC(50) Metaspace: 1M used, 1M committed, 1088M reserved
[15.212s][info][gc,ref      ] GC(50) Soft: 181 encountered, 0 discovered, 0 enqueued
[15.212s][info][gc,ref      ] GC(50) Weak: 263 encountered, 159 discovered, 0 enqueued
[15.212s][info][gc,ref      ] GC(50) Final: 0 encountered, 0 discovered, 0 enqueued
[15.212s][info][gc,ref      ] GC(50) Phantom: 7 encountered, 2 discovered, 0 enqueued
[15.212s][info][gc,reloc    ] GC(50) Small Pages: 1687 / 3374M, Empty: 0M, Relocated: 0M, In-Place: 0
[15.212s][info][gc,reloc    ] GC(50) Medium Pages: 1 / 32M, Empty: 0M, Relocated: 0M, In-Place: 0
[15.212s][info][gc,reloc    ] GC(50) Large Pages: 0 / 0M, Empty: 0M, Relocated: 0M, In-Place: 0
[15.212s][info][gc,reloc    ] GC(50) Forwarding Usage: 0M
[15.212s][info][gc,heap     ] GC(50) Min Capacity: 4096M(100%)
[15.212s][info][gc,heap     ] GC(50) Max Capacity: 4096M(100%)
[15.212s][info][gc,heap     ] GC(50) Soft Max Capacity: 4096M(100%)
[15.213s][info][gc,heap     ] GC(50)                Mark Start          Mark End        Relocate Start      Relocate End           High               Low         
[15.213s][info][gc,heap     ] GC(50)  Capacity:     4096M (100%)       4096M (100%)       4096M (100%)       4096M (100%)       4096M (100%)       4096M (100%)   
[15.213s][info][gc,heap     ] GC(50)      Free:      690M (17%)         688M (17%)         688M (17%)         688M (17%)         690M (17%)         688M (17%)    
[15.213s][info][gc,heap     ] GC(50)      Used:     3406M (83%)        3408M (83%)        3408M (83%)        3408M (83%)        3408M (83%)        3406M (83%)    
[15.213s][info][gc,heap     ] GC(50)      Live:         -              3065M (75%)        3065M (75%)        3065M (75%)            -                  -          
[15.213s][info][gc,heap     ] GC(50) Allocated:         -                 2M (0%)            2M (0%)            2M (0%)             -                  -          
[15.213s][info][gc,heap     ] GC(50)   Garbage:         -               340M (8%)          340M (8%)          340M (8%)             -                  -          
[15.213s][info][gc,heap     ] GC(50) Reclaimed:         -                  -                 0M (0%)            0M (0%)             -                  -          
[15.213s][info][gc          ] GC(50) Garbage Collection (Timer) 3406M(83%)->3408M(83%)
[15.487s][info][gc,start    ] GC(51) Garbage Collection (Timer)
[15.487s][info][gc,task     ] GC(51) Using 3 workers
[15.487s][info][gc,phases   ] GC(51) Pause Mark Start 0.006ms
[15.521s][info][gc,phases   ] GC(51) Concurrent Mark 33.797ms
[15.521s][info][gc,phases   ] GC(51) Pause Mark End 0.010ms
[15.521s][info][gc,phases   ] GC(51) Concurrent Mark Free 0.001ms
[15.522s][info][gc,phases   ] GC(51) Concurrent Process Non-Strong References 0.778ms
[15.522s][info][gc,phases   ] GC(51) Concurrent Reset Relocation Set 0.001ms
[15.524s][info][gc,phases   ] GC(51) Concurrent Select Relocation Set 2.125ms
[15.524s][info][gc,phases   ] GC(51) Pause Relocate Start 0.005ms
[15.524s][info][gc,phases   ] GC(51) Concurrent Relocate 0.097ms
[15.524s][info][gc,load     ] GC(51) Load: 0.00/0.00/0.00
[15.524s][info][gc,mmu      ] GC(51) MMU: 2ms/99.2%, 5ms/99.5%, 10ms/99.8%, 20ms/99.9%, 50ms/99.9%, 100ms/100.0%
[15.524s][info][gc,marking  ] GC(51) Mark: 2 stripe(s), 10 proactive flush(es), 1 terminate flush(es), 0 completion(s), 0 continuation(s) 
[15.524s][info][gc,marking  ] GC(51) Mark Stack Usage: 32M
[15.524s][info][gc,nmethod  ] GC(51) NMethods: 480 registered, 0 unregistered
[15.524s][info][gc,metaspace] GC(51) Metaspace: 1M used, 1M committed, 1088M reserved
[15.524s][info][gc,ref      ] GC(51) Soft: 181 encountered, 0 discovered, 0 enqueued
[15.525s][info][gc,ref      ] GC(51) Weak: 263 encountered, 203 discovered, 0 enqueued
[15.525s][info][gc,ref      ] GC(51) Final: 0 encountered, 0 discovered, 0 enqueued
[15.525s][info][gc,ref      ] GC(51) Phantom: 7 encountered, 3 discovered, 0 enqueued
[15.525s][info][gc,reloc    ] GC(51) Small Pages: 1695 / 3390M, Empty: 0M, Relocated: 0M, In-Place: 0
[15.525s][info][gc,reloc    ] GC(51) Medium Pages: 1 / 32M, Empty: 0M, Relocated: 0M, In-Place: 0
[15.525s][info][gc,reloc    ] GC(51) Large Pages: 0 / 0M, Empty: 0M, Relocated: 0M, In-Place: 0
[15.525s][info][gc,reloc    ] GC(51) Forwarding Usage: 0M
[15.525s][info][gc,heap     ] GC(51) Min Capacity: 4096M(100%)
[15.525s][info][gc,heap     ] GC(51) Max Capacity: 4096M(100%)
[15.525s][info][gc,heap     ] GC(51) Soft Max Capacity: 4096M(100%)
[15.525s][info][gc,heap     ] GC(51)                Mark Start          Mark End        Relocate Start      Relocate End           High               Low         
[15.525s][info][gc,heap     ] GC(51)  Capacity:     4096M (100%)       4096M (100%)       4096M (100%)       4096M (100%)       4096M (100%)       4096M (100%)   
[15.525s][info][gc,heap     ] GC(51)      Free:      674M (16%)         674M (16%)         674M (16%)         674M (16%)         674M (16%)         674M (16%)    
[15.525s][info][gc,heap     ] GC(51)      Used:     3422M (84%)        3422M (84%)        3422M (84%)        3422M (84%)        3422M (84%)        3422M (84%)    
[15.525s][info][gc,heap     ] GC(51)      Live:         -              3079M (75%)        3079M (75%)        3079M (75%)            -                  -          
[15.525s][info][gc,heap     ] GC(51) Allocated:         -                 0M (0%)            0M (0%)            0M (0%)             -                  -          
[15.525s][info][gc,heap     ] GC(51)   Garbage:         -               342M (8%)          342M (8%)          342M (8%)             -                  -          
[15.525s][info][gc,heap     ] GC(51) Reclaimed:         -                  -                 0M (0%)            0M (0%)             -                  -          
[15.525s][info][gc          ] GC(51) Garbage Collection (Timer) 3422M(84%)->3422M(84%)
[15.787s][info][gc,start    ] GC(52) Garbage Collection (Timer)
[15.787s][info][gc,task     ] GC(52) Using 3 workers
[15.787s][info][gc,phases   ] GC(52) Pause Mark Start 0.006ms
[15.806s][info][gc,phases   ] GC(52) Concurrent Mark 19.151ms
[15.807s][info][gc,phases   ] GC(52) Pause Mark End 0.010ms
[15.807s][info][gc,phases   ] GC(52) Concurrent Mark Free 0.001ms
[15.808s][info][gc,phases   ] GC(52) Concurrent Process Non-Strong References 0.878ms
[15.808s][info][gc,phases   ] GC(52) Concurrent Reset Relocation Set 0.001ms
[15.810s][info][gc,phases   ] GC(52) Concurrent Select Relocation Set 2.109ms
[15.810s][info][gc,phases   ] GC(52) Pause Relocate Start 0.005ms
[15.810s][info][gc,phases   ] GC(52) Concurrent Relocate 0.110ms
[15.810s][info][gc,load     ] GC(52) Load: 0.00/0.00/0.00
[15.810s][info][gc,mmu      ] GC(52) MMU: 2ms/99.2%, 5ms/99.5%, 10ms/99.8%, 20ms/99.9%, 50ms/99.9%, 100ms/100.0%
[15.810s][info][gc,marking  ] GC(52) Mark: 2 stripe(s), 2 proactive flush(es), 1 terminate flush(es), 0 completion(s), 0 continuation(s) 
[15.810s][info][gc,marking  ] GC(52) Mark Stack Usage: 32M
[15.810s][info][gc,nmethod  ] GC(52) NMethods: 480 registered, 0 unregistered
[15.810s][info][gc,metaspace] GC(52) Metaspace: 1M used, 1M committed, 1088M reserved
[15.810s][info][gc,ref      ] GC(52) Soft: 181 encountered, 0 discovered, 0 enqueued
[15.810s][info][gc,ref      ] GC(52) Weak: 263 encountered, 163 discovered, 0 enqueued
[15.810s][info][gc,ref      ] GC(52) Final: 0 encountered, 0 discovered, 0 enqueued
[15.810s][info][gc,ref      ] GC(52) Phantom: 7 encountered, 3 discovered, 0 enqueued
[15.810s][info][gc,reloc    ] GC(52) Small Pages: 1695 / 3390M, Empty: 0M, Relocated: 0M, In-Place: 0
[15.811s][info][gc,reloc    ] GC(52) Medium Pages: 1 / 32M, Empty: 0M, Relocated: 0M, In-Place: 0
[15.811s][info][gc,reloc    ] GC(52) Large Pages: 0 / 0M, Empty: 0M, Relocated: 0M, In-Place: 0
[15.811s][info][gc,reloc    ] GC(52) Forwarding Usage: 0M
[15.811s][info][gc,heap     ] GC(52) Min Capacity: 4096M(100%)
[15.811s][info][gc,heap     ] GC(52) Max Capacity: 4096M(100%)
[15.811s][info][gc,heap     ] GC(52) Soft Max Capacity: 4096M(100%)
[15.811s][info][gc,heap     ] GC(52)                Mark Start          Mark End        Relocate Start      Relocate End           High               Low         
[15.811s][info][gc,heap     ] GC(52)  Capacity:     4096M (100%)       4096M (100%)       4096M (100%)       4096M (100%)       4096M (100%)       4096M (100%)   
[15.811s][info][gc,heap     ] GC(52)      Free:      674M (16%)         674M (16%)         674M (16%)         674M (16%)         674M (16%)         674M (16%)    
[15.811s][info][gc,heap     ] GC(52)      Used:     3422M (84%)        3422M (84%)        3422M (84%)        3422M (84%)        3422M (84%)        3422M (84%)    
[15.811s][info][gc,heap     ] GC(52)      Live:         -              3079M (75%)        3079M (75%)        3079M (75%)            -                  -          
[15.811s][info][gc,heap     ] GC(52) Allocated:         -                 0M (0%)            0M (0%)            0M (0%)             -                  -          
[15.811s][info][gc,heap     ] GC(52)   Garbage:         -               342M (8%)          342M (8%)          342M (8%)             -                  -          
[15.811s][info][gc,heap     ] GC(52) Reclaimed:         -                  -                 0M (0%)            0M (0%)             -                  -          
[15.811s][info][gc          ] GC(52) Garbage Collection (Timer) 3422M(84%)->3422M(84%)
[16.086s][info][gc,start    ] GC(53) Garbage Collection (Timer)
[16.086s][info][gc,task     ] GC(53) Using 3 workers
[16.086s][info][gc,phases   ] GC(53) Pause Mark Start 0.006ms
[16.111s][info][gc,phases   ] GC(53) Concurrent Mark 25.033ms
[16.112s][info][gc,phases   ] GC(53) Pause Mark End 0.010ms
[16.112s][info][gc,phases   ] GC(53) Concurrent Mark Free 0.001ms
[16.112s][info][gc,phases   ] GC(53) Concurrent Process Non-Strong References 0.852ms
[16.113s][info][gc,phases   ] GC(53) Concurrent Reset Relocation Set 0.001ms
[16.115s][info][gc,phases   ] GC(53) Concurrent Select Relocation Set 2.060ms
[16.115s][info][gc,phases   ] GC(53) Pause Relocate Start 0.005ms
[16.115s][info][gc,phases   ] GC(53) Concurrent Relocate 0.097ms
[16.115s][info][gc,load     ] GC(53) Load: 0.00/0.00/0.00
[16.115s][info][gc,mmu      ] GC(53) MMU: 2ms/99.2%, 5ms/99.5%, 10ms/99.8%, 20ms/99.9%, 50ms/99.9%, 100ms/100.0%
[16.115s][info][gc,marking  ] GC(53) Mark: 2 stripe(s), 5 proactive flush(es), 1 terminate flush(es), 0 completion(s), 0 continuation(s) 
[16.115s][info][gc,marking  ] GC(53) Mark Stack Usage: 32M
[16.115s][info][gc,nmethod  ] GC(53) NMethods: 480 registered, 0 unregistered
[16.115s][info][gc,metaspace] GC(53) Metaspace: 1M used, 1M committed, 1088M reserved
[16.115s][info][gc,ref      ] GC(53) Soft: 181 encountered, 0 discovered, 0 enqueued
[16.115s][info][gc,ref      ] GC(53) Weak: 263 encountered, 207 discovered, 0 enqueued
[16.115s][info][gc,ref      ] GC(53) Final: 0 encountered, 0 discovered, 0 enqueued
[16.115s][info][gc,ref      ] GC(53) Phantom: 7 encountered, 4 discovered, 0 enqueued
[16.115s][info][gc,reloc    ] GC(53) Small Pages: 1695 / 3390M, Empty: 0M, Relocated: 0M, In-Place: 0
[16.115s][info][gc,reloc    ] GC(53) Medium Pages: 1 / 32M, Empty: 0M, Relocated: 0M, In-Place: 0
[16.115s][info][gc,reloc    ] GC(53) Large Pages: 0 / 0M, Empty: 0M, Relocated: 0M, In-Place: 0
[16.115s][info][gc,reloc    ] GC(53) Forwarding Usage: 0M
[16.115s][info][gc,heap     ] GC(53) Min Capacity: 4096M(100%)
[16.115s][info][gc,heap     ] GC(53) Max Capacity: 4096M(100%)
[16.115s][info][gc,heap     ] GC(53) Soft Max Capacity: 4096M(100%)
[16.115s][info][gc,heap     ] GC(53)                Mark Start          Mark End        Relocate Start      Relocate End           High               Low         
[16.115s][info][gc,heap     ] GC(53)  Capacity:     4096M (100%)       4096M (100%)       4096M (100%)       4096M (100%)       4096M (100%)       4096M (100%)   
[16.115s][info][gc,heap     ] GC(53)      Free:      674M (16%)         674M (16%)         674M (16%)         674M (16%)         674M (16%)         674M (16%)    
[16.116s][info][gc,heap     ] GC(53)      Used:     3422M (84%)        3422M (84%)        3422M (84%)        3422M (84%)        3422M (84%)        3422M (84%)    
[16.116s][info][gc,heap     ] GC(53)      Live:         -              3079M (75%)        3079M (75%)        3079M (75%)            -                  -          
[16.116s][info][gc,heap     ] GC(53) Allocated:         -                 0M (0%)            0M (0%)            0M (0%)             -                  -          
[16.116s][info][gc,heap     ] GC(53)   Garbage:         -               342M (8%)          342M (8%)          342M (8%)             -                  -          
[16.116s][info][gc,heap     ] GC(53) Reclaimed:         -                  -                 0M (0%)            0M (0%)             -                  -          
[16.116s][info][gc          ] GC(53) Garbage Collection (Timer) 3422M(84%)->3422M(84%)
[16.283s][info][gc,heap,exit] Heap
[16.284s][info][gc,heap,exit]  ZHeap           used 3426M, capacity 4096M, max capacity 4096M
[16.284s][info][gc,heap,exit]  Metaspace       used 1599K, committed 1792K, reserved 1114112K
[16.284s][info][gc,heap,exit]   class space    used 147K, committed 256K, reserved 1048576K
