[0.024s][info][gc,init] Initializing The Z Garbage Collector
[0.024s][info][gc,init] Version: 17.0.11+1-LTS (release)
[0.024s][info][gc,init] NUMA Support: Disabled
[0.024s][info][gc,init] CPUs: 12 total, 12 available
[0.024s][info][gc,init] Memory: 24496M
[0.024s][info][gc,init] Large Page Support: Disabled
[0.024s][info][gc,init] GC Workers: 3 (dynamic)
[0.025s][info][gc,init] Address Space Type: Contiguous/Unrestricted/Complete
[0.025s][info][gc,init] Address Space Size: 65536M x 3 = 196608M
[0.025s][info][gc,init] Min Capacity: 4096M
[0.025s][info][gc,init] Initial Capacity: 4096M
[0.026s][info][gc,init] Max Capacity: 4096M
[0.026s][info][gc,init] Medium Page Size: 32M
[0.026s][info][gc,init] Pre-touch: Disabled
[0.026s][info][gc,init] Uncommit: Implicitly Disabled (-Xms equals -Xmx)
[0.242s][info][gc,init] Runtime Workers: 8
[0.243s][info][gc     ] Using The Z Garbage Collector
[0.253s][info][gc,metaspace] CDS archive(s) mapped at: [0x000002640f000000-0x000002640fbc0000-0x000002640fbc0000), size 12320768, SharedBaseAddress: 0x000002640f000000, ArchiveRelocationMode: 1.
[0.253s][info][gc,metaspace] Compressed class space mapped at: 0x0000026410000000-0x0000026450000000, reserved size: 1073741824
[0.253s][info][gc,metaspace] Narrow klass base: 0x000002640f000000, Narrow klass shift: 0, Narrow klass range: 0x100000000
[0.387s][info][gc,start    ] GC(0) Garbage Collection (Timer)
[0.387s][info][gc,task     ] GC(0) Using 3 workers
[0.388s][info][gc,phases   ] GC(0) Pause Mark Start 0.007ms
[0.391s][info][gc,phases   ] GC(0) Concurrent Mark 3.661ms
[0.391s][info][gc,phases   ] GC(0) Pause Mark End 0.016ms
[0.391s][info][gc,phases   ] GC(0) Concurrent Mark Free 0.001ms
[0.392s][info][gc,phases   ] GC(0) Concurrent Process Non-Strong References 0.338ms
[0.392s][info][gc,phases   ] GC(0) Concurrent Reset Relocation Set 0.001ms
[0.402s][info][gc,phases   ] GC(0) Concurrent Select Relocation Set 10.212ms
[0.402s][info][gc,phases   ] GC(0) Pause Relocate Start 0.006ms
[0.404s][info][gc,phases   ] GC(0) Concurrent Relocate 1.504ms
[0.404s][info][gc,load     ] GC(0) Load: 0.00/0.00/0.00
[0.404s][info][gc,mmu      ] GC(0) MMU: 2ms/99.2%, 5ms/99.5%, 10ms/99.8%, 20ms/99.9%, 50ms/99.9%, 100ms/100.0%
[0.404s][info][gc,marking  ] GC(0) Mark: 2 stripe(s), 1 proactive flush(es), 1 terminate flush(es), 0 completion(s), 0 continuation(s) 
[0.404s][info][gc,marking  ] GC(0) Mark Stack Usage: 32M
[0.404s][info][gc,nmethod  ] GC(0) NMethods: 159 registered, 0 unregistered
[0.404s][info][gc,metaspace] GC(0) Metaspace: 0M used, 0M committed, 1088M reserved
[0.404s][info][gc,ref      ] GC(0) Soft: 36 encountered, 0 discovered, 0 enqueued
[0.404s][info][gc,ref      ] GC(0) Weak: 103 encountered, 18 discovered, 18 enqueued
[0.404s][info][gc,ref      ] GC(0) Final: 0 encountered, 0 discovered, 0 enqueued
[0.404s][info][gc,ref      ] GC(0) Phantom: 16 encountered, 13 discovered, 13 enqueued
[0.404s][info][gc,reloc    ] GC(0) Small Pages: 3 / 6M, Empty: 0M, Relocated: 1M, In-Place: 0
[0.404s][info][gc,reloc    ] GC(0) Medium Pages: 0 / 0M, Empty: 0M, Relocated: 0M, In-Place: 0
[0.404s][info][gc,reloc    ] GC(0) Large Pages: 0 / 0M, Empty: 0M, Relocated: 0M, In-Place: 0
[0.404s][info][gc,reloc    ] GC(0) Forwarding Usage: 0M
[0.404s][info][gc,heap     ] GC(0) Min Capacity: 4096M(100%)
[0.404s][info][gc,heap     ] GC(0) Max Capacity: 4096M(100%)
[0.404s][info][gc,heap     ] GC(0) Soft Max Capacity: 4096M(100%)
[0.404s][info][gc,heap     ] GC(0)                Mark Start          Mark End        Relocate Start      Relocate End           High               Low         
[0.404s][info][gc,heap     ] GC(0)  Capacity:     4096M (100%)       4096M (100%)       4096M (100%)       4096M (100%)       4096M (100%)       4096M (100%)   
[0.404s][info][gc,heap     ] GC(0)      Free:     4090M (100%)       4090M (100%)       4090M (100%)       4090M (100%)       4090M (100%)       4086M (100%)   
[0.404s][info][gc,heap     ] GC(0)      Used:        6M (0%)            6M (0%)            6M (0%)            6M (0%)           10M (0%)            6M (0%)     
[0.405s][info][gc,heap     ] GC(0)      Live:         -                 1M (0%)            1M (0%)            1M (0%)             -                  -          
[0.405s][info][gc,heap     ] GC(0) Allocated:         -                 0M (0%)            0M (0%)            0M (0%)             -                  -          
[0.405s][info][gc,heap     ] GC(0)   Garbage:         -                 4M (0%)            4M (0%)            4M (0%)             -                  -          
[0.405s][info][gc,heap     ] GC(0) Reclaimed:         -                  -                 0M (0%)            0M (0%)             -                  -          
[0.405s][info][gc          ] GC(0) Garbage Collection (Timer) 6M(0%)->6M(0%)
[0.676s][info][gc,start    ] GC(1) Garbage Collection (Timer)
[0.676s][info][gc,task     ] GC(1) Using 3 workers
[0.676s][info][gc,phases   ] GC(1) Pause Mark Start 0.007ms
[0.692s][info][gc,phases   ] GC(1) Concurrent Mark 15.347ms
[0.692s][info][gc,phases   ] GC(1) Pause Mark End 0.010ms
[0.692s][info][gc,phases   ] GC(1) Concurrent Mark Free 0.001ms
[0.692s][info][gc,phases   ] GC(1) Concurrent Process Non-Strong References 0.561ms
[0.692s][info][gc,phases   ] GC(1) Concurrent Reset Relocation Set 0.001ms
[0.695s][info][gc,phases   ] GC(1) Concurrent Select Relocation Set 2.385ms
[0.695s][info][gc,phases   ] GC(1) Pause Relocate Start 0.008ms
[0.696s][info][gc,phases   ] GC(1) Concurrent Relocate 0.792ms
[0.696s][info][gc,load     ] GC(1) Load: 0.00/0.00/0.00
[0.696s][info][gc,mmu      ] GC(1) MMU: 2ms/99.2%, 5ms/99.5%, 10ms/99.8%, 20ms/99.9%, 50ms/99.9%, 100ms/100.0%
[0.696s][info][gc,marking  ] GC(1) Mark: 2 stripe(s), 3 proactive flush(es), 1 terminate flush(es), 0 completion(s), 0 continuation(s) 
[0.696s][info][gc,marking  ] GC(1) Mark Stack Usage: 32M
[0.696s][info][gc,nmethod  ] GC(1) NMethods: 293 registered, 0 unregistered
[0.696s][info][gc,metaspace] GC(1) Metaspace: 0M used, 0M committed, 1088M reserved
[0.696s][info][gc,ref      ] GC(1) Soft: 72 encountered, 0 discovered, 0 enqueued
[0.696s][info][gc,ref      ] GC(1) Weak: 177 encountered, 135 discovered, 23 enqueued
[0.696s][info][gc,ref      ] GC(1) Final: 0 encountered, 0 discovered, 0 enqueued
[0.696s][info][gc,ref      ] GC(1) Phantom: 13 encountered, 11 discovered, 6 enqueued
[0.696s][info][gc,reloc    ] GC(1) Small Pages: 120 / 240M, Empty: 0M, Relocated: 0M, In-Place: 0
[0.696s][info][gc,reloc    ] GC(1) Medium Pages: 0 / 0M, Empty: 0M, Relocated: 0M, In-Place: 0
[0.696s][info][gc,reloc    ] GC(1) Large Pages: 0 / 0M, Empty: 0M, Relocated: 0M, In-Place: 0
[0.696s][info][gc,reloc    ] GC(1) Forwarding Usage: 0M
[0.696s][info][gc,heap     ] GC(1) Min Capacity: 4096M(100%)
[0.696s][info][gc,heap     ] GC(1) Max Capacity: 4096M(100%)
[0.696s][info][gc,heap     ] GC(1) Soft Max Capacity: 4096M(100%)
[0.696s][info][gc,heap     ] GC(1)                Mark Start          Mark End        Relocate Start      Relocate End           High               Low         
[0.696s][info][gc,heap     ] GC(1)  Capacity:     4096M (100%)       4096M (100%)       4096M (100%)       4096M (100%)       4096M (100%)       4096M (100%)   
[0.696s][info][gc,heap     ] GC(1)      Free:     3856M (94%)        3854M (94%)        3850M (94%)        3854M (94%)        3856M (94%)        3846M (94%)    
[0.696s][info][gc,heap     ] GC(1)      Used:      240M (6%)          242M (6%)          246M (6%)          242M (6%)          250M (6%)          240M (6%)     
[0.696s][info][gc,heap     ] GC(1)      Live:         -               210M (5%)          210M (5%)          210M (5%)             -                  -          
[0.697s][info][gc,heap     ] GC(1) Allocated:         -                 2M (0%)            6M (0%)            6M (0%)             -                  -          
[0.697s][info][gc,heap     ] GC(1)   Garbage:         -                29M (1%)           29M (1%)           25M (1%)             -                  -          
[0.697s][info][gc,heap     ] GC(1) Reclaimed:         -                  -                 0M (0%)            4M (0%)             -                  -          
[0.697s][info][gc          ] GC(1) Garbage Collection (Timer) 240M(6%)->242M(6%)
[0.976s][info][gc,start    ] GC(2) Garbage Collection (Warmup)
[0.976s][info][gc,task     ] GC(2) Using 3 workers
[0.976s][info][gc,phases   ] GC(2) Pause Mark Start 0.006ms
[0.995s][info][gc,phases   ] GC(2) Concurrent Mark 18.688ms
[0.995s][info][gc,phases   ] GC(2) Pause Mark End 0.011ms
[0.995s][info][gc,phases   ] GC(2) Concurrent Mark Free 0.001ms
[0.996s][info][gc,phases   ] GC(2) Concurrent Process Non-Strong References 0.435ms
[0.996s][info][gc,phases   ] GC(2) Concurrent Reset Relocation Set 0.001ms
[0.998s][info][gc,phases   ] GC(2) Concurrent Select Relocation Set 2.142ms
[0.998s][info][gc,phases   ] GC(2) Pause Relocate Start 0.005ms
[0.999s][info][gc,phases   ] GC(2) Concurrent Relocate 0.845ms
[0.999s][info][gc,load     ] GC(2) Load: 0.00/0.00/0.00
[0.999s][info][gc,mmu      ] GC(2) MMU: 2ms/99.2%, 5ms/99.5%, 10ms/99.8%, 20ms/99.9%, 50ms/99.9%, 100ms/100.0%
[0.999s][info][gc,marking  ] GC(2) Mark: 2 stripe(s), 2 proactive flush(es), 1 terminate flush(es), 0 completion(s), 0 continuation(s) 
[0.999s][info][gc,marking  ] GC(2) Mark Stack Usage: 32M
[0.999s][info][gc,nmethod  ] GC(2) NMethods: 293 registered, 0 unregistered
[0.999s][info][gc,metaspace] GC(2) Metaspace: 0M used, 0M committed, 1088M reserved
[0.999s][info][gc,ref      ] GC(2) Soft: 72 encountered, 0 discovered, 0 enqueued
[0.999s][info][gc,ref      ] GC(2) Weak: 154 encountered, 112 discovered, 0 enqueued
[0.999s][info][gc,ref      ] GC(2) Final: 0 encountered, 0 discovered, 0 enqueued
[0.999s][info][gc,ref      ] GC(2) Phantom: 7 encountered, 5 discovered, 0 enqueued
[0.999s][info][gc,reloc    ] GC(2) Small Pages: 242 / 484M, Empty: 0M, Relocated: 0M, In-Place: 0
[0.999s][info][gc,reloc    ] GC(2) Medium Pages: 0 / 0M, Empty: 0M, Relocated: 0M, In-Place: 0
[0.999s][info][gc,reloc    ] GC(2) Large Pages: 0 / 0M, Empty: 0M, Relocated: 0M, In-Place: 0
[0.999s][info][gc,reloc    ] GC(2) Forwarding Usage: 0M
[0.999s][info][gc,heap     ] GC(2) Min Capacity: 4096M(100%)
[0.999s][info][gc,heap     ] GC(2) Max Capacity: 4096M(100%)
[0.999s][info][gc,heap     ] GC(2) Soft Max Capacity: 4096M(100%)
[0.999s][info][gc,heap     ] GC(2)                Mark Start          Mark End        Relocate Start      Relocate End           High               Low         
[1.000s][info][gc,heap     ] GC(2)  Capacity:     4096M (100%)       4096M (100%)       4096M (100%)       4096M (100%)       4096M (100%)       4096M (100%)   
[1.000s][info][gc,heap     ] GC(2)      Free:     3612M (88%)        3608M (88%)        3606M (88%)        3606M (88%)        3612M (88%)        3602M (88%)    
[1.000s][info][gc,heap     ] GC(2)      Used:      484M (12%)         488M (12%)         490M (12%)         490M (12%)         494M (12%)         484M (12%)    
[1.000s][info][gc,heap     ] GC(2)      Live:         -               437M (11%)         437M (11%)         437M (11%)            -                  -          
[1.000s][info][gc,heap     ] GC(2) Allocated:         -                 4M (0%)            6M (0%)            6M (0%)             -                  -          
[1.000s][info][gc,heap     ] GC(2)   Garbage:         -                46M (1%)           46M (1%)           46M (1%)             -                  -          
[1.000s][info][gc,heap     ] GC(2) Reclaimed:         -                  -                 0M (0%)            0M (0%)             -                  -          
[1.000s][info][gc          ] GC(2) Garbage Collection (Warmup) 484M(12%)->490M(12%)
[1.277s][info][gc,start    ] GC(3) Garbage Collection (Timer)
[1.277s][info][gc,task     ] GC(3) Using 3 workers
[1.277s][info][gc,phases   ] GC(3) Pause Mark Start 0.006ms
[1.300s][info][gc,phases   ] GC(3) Concurrent Mark 23.351ms
[1.300s][info][gc,phases   ] GC(3) Pause Mark End 0.009ms
[1.300s][info][gc,phases   ] GC(3) Concurrent Mark Free 0.001ms
[1.301s][info][gc,phases   ] GC(3) Concurrent Process Non-Strong References 0.726ms
[1.301s][info][gc,phases   ] GC(3) Concurrent Reset Relocation Set 0.001ms
[1.304s][info][gc,phases   ] GC(3) Concurrent Select Relocation Set 2.348ms
[1.304s][info][gc,phases   ] GC(3) Pause Relocate Start 0.004ms
[1.306s][info][gc,phases   ] GC(3) Concurrent Relocate 2.065ms
[1.306s][info][gc,load     ] GC(3) Load: 0.00/0.00/0.00
[1.306s][info][gc,mmu      ] GC(3) MMU: 2ms/99.2%, 5ms/99.5%, 10ms/99.8%, 20ms/99.9%, 50ms/99.9%, 100ms/100.0%
[1.306s][info][gc,marking  ] GC(3) Mark: 2 stripe(s), 4 proactive flush(es), 1 terminate flush(es), 0 completion(s), 0 continuation(s) 
[1.306s][info][gc,marking  ] GC(3) Mark Stack Usage: 32M
[1.306s][info][gc,nmethod  ] GC(3) NMethods: 378 registered, 0 unregistered
[1.306s][info][gc,metaspace] GC(3) Metaspace: 1M used, 1M committed, 1088M reserved
[1.306s][info][gc,ref      ] GC(3) Soft: 118 encountered, 0 discovered, 0 enqueued
[1.306s][info][gc,ref      ] GC(3) Weak: 175 encountered, 6 discovered, 5 enqueued
[1.306s][info][gc,ref      ] GC(3) Final: 0 encountered, 0 discovered, 0 enqueued
[1.306s][info][gc,ref      ] GC(3) Phantom: 12 encountered, 8 discovered, 5 enqueued
[1.306s][info][gc,reloc    ] GC(3) Small Pages: 344 / 688M, Empty: 0M, Relocated: 3M, In-Place: 0
[1.306s][info][gc,reloc    ] GC(3) Medium Pages: 0 / 0M, Empty: 0M, Relocated: 0M, In-Place: 0
[1.306s][info][gc,reloc    ] GC(3) Large Pages: 0 / 0M, Empty: 0M, Relocated: 0M, In-Place: 0
[1.306s][info][gc,reloc    ] GC(3) Forwarding Usage: 0M
[1.306s][info][gc,heap     ] GC(3) Min Capacity: 4096M(100%)
[1.306s][info][gc,heap     ] GC(3) Max Capacity: 4096M(100%)
[1.306s][info][gc,heap     ] GC(3) Soft Max Capacity: 4096M(100%)
[1.306s][info][gc,heap     ] GC(3)                Mark Start          Mark End        Relocate Start      Relocate End           High               Low         
[1.306s][info][gc,heap     ] GC(3)  Capacity:     4096M (100%)       4096M (100%)       4096M (100%)       4096M (100%)       4096M (100%)       4096M (100%)   
[1.306s][info][gc,heap     ] GC(3)      Free:     3408M (83%)        3408M (83%)        3408M (83%)        3416M (83%)        3416M (83%)        3406M (83%)    
[1.306s][info][gc,heap     ] GC(3)      Used:      688M (17%)         688M (17%)         688M (17%)         680M (17%)         690M (17%)         680M (17%)    
[1.306s][info][gc,heap     ] GC(3)      Live:         -               619M (15%)         619M (15%)         619M (15%)            -                  -          
[1.306s][info][gc,heap     ] GC(3) Allocated:         -                 0M (0%)            0M (0%)            0M (0%)             -                  -          
[1.306s][info][gc,heap     ] GC(3)   Garbage:         -                68M (2%)           68M (2%)           60M (1%)             -                  -          
[1.306s][info][gc,heap     ] GC(3) Reclaimed:         -                  -                 0M (0%)            8M (0%)             -                  -          
[1.307s][info][gc          ] GC(3) Garbage Collection (Timer) 688M(17%)->680M(17%)
[1.576s][info][gc,start    ] GC(4) Garbage Collection (Timer)
[1.576s][info][gc,task     ] GC(4) Using 3 workers
[1.577s][info][gc,phases   ] GC(4) Pause Mark Start 0.006ms
[1.590s][info][gc,phases   ] GC(4) Concurrent Mark 13.346ms
[1.590s][info][gc,phases   ] GC(4) Pause Mark End 0.010ms
[1.590s][info][gc,phases   ] GC(4) Concurrent Mark Free 0.001ms
[1.591s][info][gc,phases   ] GC(4) Concurrent Process Non-Strong References 0.887ms
[1.591s][info][gc,phases   ] GC(4) Concurrent Reset Relocation Set 0.001ms
[1.593s][info][gc,phases   ] GC(4) Concurrent Select Relocation Set 2.104ms
[1.593s][info][gc,phases   ] GC(4) Pause Relocate Start 0.006ms
[1.594s][info][gc,phases   ] GC(4) Concurrent Relocate 0.116ms
[1.594s][info][gc,load     ] GC(4) Load: 0.00/0.00/0.00
[1.594s][info][gc,mmu      ] GC(4) MMU: 2ms/99.2%, 5ms/99.5%, 10ms/99.8%, 20ms/99.9%, 50ms/99.9%, 100ms/100.0%
[1.594s][info][gc,marking  ] GC(4) Mark: 2 stripe(s), 1 proactive flush(es), 1 terminate flush(es), 0 completion(s), 0 continuation(s) 
[1.594s][info][gc,marking  ] GC(4) Mark Stack Usage: 32M
[1.594s][info][gc,nmethod  ] GC(4) NMethods: 378 registered, 0 unregistered
[1.594s][info][gc,metaspace] GC(4) Metaspace: 1M used, 1M committed, 1088M reserved
[1.594s][info][gc,ref      ] GC(4) Soft: 118 encountered, 0 discovered, 0 enqueued
[1.594s][info][gc,ref      ] GC(4) Weak: 170 encountered, 68 discovered, 0 enqueued
[1.594s][info][gc,ref      ] GC(4) Final: 0 encountered, 0 discovered, 0 enqueued
[1.594s][info][gc,ref      ] GC(4) Phantom: 7 encountered, 3 discovered, 0 enqueued
[1.594s][info][gc,reloc    ] GC(4) Small Pages: 340 / 680M, Empty: 0M, Relocated: 0M, In-Place: 0
[1.594s][info][gc,reloc    ] GC(4) Medium Pages: 0 / 0M, Empty: 0M, Relocated: 0M, In-Place: 0
[1.594s][info][gc,reloc    ] GC(4) Large Pages: 0 / 0M, Empty: 0M, Relocated: 0M, In-Place: 0
[1.594s][info][gc,reloc    ] GC(4) Forwarding Usage: 0M
[1.594s][info][gc,heap     ] GC(4) Min Capacity: 4096M(100%)
[1.594s][info][gc,heap     ] GC(4) Max Capacity: 4096M(100%)
[1.594s][info][gc,heap     ] GC(4) Soft Max Capacity: 4096M(100%)
[1.594s][info][gc,heap     ] GC(4)                Mark Start          Mark End        Relocate Start      Relocate End           High               Low         
[1.594s][info][gc,heap     ] GC(4)  Capacity:     4096M (100%)       4096M (100%)       4096M (100%)       4096M (100%)       4096M (100%)       4096M (100%)   
[1.594s][info][gc,heap     ] GC(4)      Free:     3416M (83%)        3416M (83%)        3416M (83%)        3416M (83%)        3416M (83%)        3416M (83%)    
[1.594s][info][gc,heap     ] GC(4)      Used:      680M (17%)         680M (17%)         680M (17%)         680M (17%)         680M (17%)         680M (17%)    
[1.594s][info][gc,heap     ] GC(4)      Live:         -               619M (15%)         619M (15%)         619M (15%)            -                  -          
[1.594s][info][gc,heap     ] GC(4) Allocated:         -                 0M (0%)            0M (0%)            0M (0%)             -                  -          
[1.594s][info][gc,heap     ] GC(4)   Garbage:         -                60M (1%)           60M (1%)           60M (1%)             -                  -          
[1.594s][info][gc,heap     ] GC(4) Reclaimed:         -                  -                 0M (0%)            0M (0%)             -                  -          
[1.594s][info][gc          ] GC(4) Garbage Collection (Timer) 680M(17%)->680M(17%)
[1.877s][info][gc,start    ] GC(5) Garbage Collection (Timer)
[1.877s][info][gc,task     ] GC(5) Using 3 workers
[1.877s][info][gc,phases   ] GC(5) Pause Mark Start 0.006ms
[1.884s][info][gc,phases   ] GC(5) Concurrent Mark 6.778ms
[1.884s][info][gc,phases   ] GC(5) Pause Mark End 0.011ms
[1.884s][info][gc,phases   ] GC(5) Concurrent Mark Free 0.001ms
[1.885s][info][gc,phases   ] GC(5) Concurrent Process Non-Strong References 0.611ms
[1.885s][info][gc,phases   ] GC(5) Concurrent Reset Relocation Set 0.001ms
[1.887s][info][gc,phases   ] GC(5) Concurrent Select Relocation Set 2.316ms
[1.887s][info][gc,phases   ] GC(5) Pause Relocate Start 0.005ms
[1.888s][info][gc,phases   ] GC(5) Concurrent Relocate 0.108ms
[1.888s][info][gc,load     ] GC(5) Load: 0.00/0.00/0.00
[1.888s][info][gc,mmu      ] GC(5) MMU: 2ms/99.2%, 5ms/99.5%, 10ms/99.8%, 20ms/99.9%, 50ms/99.9%, 100ms/100.0%
[1.888s][info][gc,marking  ] GC(5) Mark: 2 stripe(s), 1 proactive flush(es), 1 terminate flush(es), 0 completion(s), 0 continuation(s) 
[1.888s][info][gc,marking  ] GC(5) Mark Stack Usage: 32M
[1.888s][info][gc,nmethod  ] GC(5) NMethods: 378 registered, 0 unregistered
[1.888s][info][gc,metaspace] GC(5) Metaspace: 1M used, 1M committed, 1088M reserved
[1.888s][info][gc,ref      ] GC(5) Soft: 118 encountered, 0 discovered, 0 enqueued
[1.888s][info][gc,ref      ] GC(5) Weak: 170 encountered, 87 discovered, 0 enqueued
[1.888s][info][gc,ref      ] GC(5) Final: 0 encountered, 0 discovered, 0 enqueued
[1.888s][info][gc,ref      ] GC(5) Phantom: 7 encountered, 2 discovered, 0 enqueued
[1.888s][info][gc,reloc    ] GC(5) Small Pages: 340 / 680M, Empty: 0M, Relocated: 0M, In-Place: 0
[1.888s][info][gc,reloc    ] GC(5) Medium Pages: 0 / 0M, Empty: 0M, Relocated: 0M, In-Place: 0
[1.888s][info][gc,reloc    ] GC(5) Large Pages: 0 / 0M, Empty: 0M, Relocated: 0M, In-Place: 0
[1.888s][info][gc,reloc    ] GC(5) Forwarding Usage: 0M
[1.888s][info][gc,heap     ] GC(5) Min Capacity: 4096M(100%)
[1.888s][info][gc,heap     ] GC(5) Max Capacity: 4096M(100%)
[1.888s][info][gc,heap     ] GC(5) Soft Max Capacity: 4096M(100%)
[1.888s][info][gc,heap     ] GC(5)                Mark Start          Mark End        Relocate Start      Relocate End           High               Low         
[1.888s][info][gc,heap     ] GC(5)  Capacity:     4096M (100%)       4096M (100%)       4096M (100%)       4096M (100%)       4096M (100%)       4096M (100%)   
[1.888s][info][gc,heap     ] GC(5)      Free:     3416M (83%)        3416M (83%)        3416M (83%)        3416M (83%)        3416M (83%)        3416M (83%)    
[1.888s][info][gc,heap     ] GC(5)      Used:      680M (17%)         680M (17%)         680M (17%)         680M (17%)         680M (17%)         680M (17%)    
[1.888s][info][gc,heap     ] GC(5)      Live:         -               619M (15%)         619M (15%)         619M (15%)            -                  -          
[1.888s][info][gc,heap     ] GC(5) Allocated:         -                 0M (0%)            0M (0%)            0M (0%)             -                  -          
[1.888s][info][gc,heap     ] GC(5)   Garbage:         -                60M (1%)           60M (1%)           60M (1%)             -                  -          
[1.888s][info][gc,heap     ] GC(5) Reclaimed:         -                  -                 0M (0%)            0M (0%)             -                  -          
[1.888s][info][gc          ] GC(5) Garbage Collection (Timer) 680M(17%)->680M(17%)
[2.176s][info][gc,start    ] GC(6) Garbage Collection (Timer)
[2.176s][info][gc,task     ] GC(6) Using 3 workers
[2.176s][info][gc,phases   ] GC(6) Pause Mark Start 0.007ms
[2.183s][info][gc,phases   ] GC(6) Concurrent Mark 6.682ms
[2.183s][info][gc,phases   ] GC(6) Pause Mark End 0.010ms
[2.183s][info][gc,phases   ] GC(6) Concurrent Mark Free 0.001ms
[2.183s][info][gc,phases   ] GC(6) Concurrent Process Non-Strong References 0.593ms
[2.184s][info][gc,phases   ] GC(6) Concurrent Reset Relocation Set 0.001ms
[2.186s][info][gc,phases   ] GC(6) Concurrent Select Relocation Set 2.246ms
[2.186s][info][gc,phases   ] GC(6) Pause Relocate Start 0.007ms
[2.186s][info][gc,phases   ] GC(6) Concurrent Relocate 0.108ms
[2.186s][info][gc,load     ] GC(6) Load: 0.00/0.00/0.00
[2.186s][info][gc,mmu      ] GC(6) MMU: 2ms/99.2%, 5ms/99.5%, 10ms/99.8%, 20ms/99.9%, 50ms/99.9%, 100ms/100.0%
[2.186s][info][gc,marking  ] GC(6) Mark: 2 stripe(s), 1 proactive flush(es), 1 terminate flush(es), 0 completion(s), 0 continuation(s) 
[2.186s][info][gc,marking  ] GC(6) Mark Stack Usage: 32M
[2.186s][info][gc,nmethod  ] GC(6) NMethods: 378 registered, 0 unregistered
[2.186s][info][gc,metaspace] GC(6) Metaspace: 1M used, 1M committed, 1088M reserved
[2.186s][info][gc,ref      ] GC(6) Soft: 118 encountered, 0 discovered, 0 enqueued
[2.186s][info][gc,ref      ] GC(6) Weak: 170 encountered, 80 discovered, 0 enqueued
[2.186s][info][gc,ref      ] GC(6) Final: 0 encountered, 0 discovered, 0 enqueued
[2.186s][info][gc,ref      ] GC(6) Phantom: 7 encountered, 4 discovered, 0 enqueued
[2.186s][info][gc,reloc    ] GC(6) Small Pages: 340 / 680M, Empty: 0M, Relocated: 0M, In-Place: 0
[2.186s][info][gc,reloc    ] GC(6) Medium Pages: 0 / 0M, Empty: 0M, Relocated: 0M, In-Place: 0
[2.186s][info][gc,reloc    ] GC(6) Large Pages: 0 / 0M, Empty: 0M, Relocated: 0M, In-Place: 0
[2.187s][info][gc,reloc    ] GC(6) Forwarding Usage: 0M
[2.187s][info][gc,heap     ] GC(6) Min Capacity: 4096M(100%)
[2.187s][info][gc,heap     ] GC(6) Max Capacity: 4096M(100%)
[2.187s][info][gc,heap     ] GC(6) Soft Max Capacity: 4096M(100%)
[2.187s][info][gc,heap     ] GC(6)                Mark Start          Mark End        Relocate Start      Relocate End           High               Low         
[2.187s][info][gc,heap     ] GC(6)  Capacity:     4096M (100%)       4096M (100%)       4096M (100%)       4096M (100%)       4096M (100%)       4096M (100%)   
[2.187s][info][gc,heap     ] GC(6)      Free:     3416M (83%)        3416M (83%)        3416M (83%)        3416M (83%)        3416M (83%)        3416M (83%)    
[2.187s][info][gc,heap     ] GC(6)      Used:      680M (17%)         680M (17%)         680M (17%)         680M (17%)         680M (17%)         680M (17%)    
[2.187s][info][gc,heap     ] GC(6)      Live:         -               619M (15%)         619M (15%)         619M (15%)            -                  -          
[2.187s][info][gc,heap     ] GC(6) Allocated:         -                 0M (0%)            0M (0%)            0M (0%)             -                  -          
[2.187s][info][gc,heap     ] GC(6)   Garbage:         -                60M (1%)           60M (1%)           60M (1%)             -                  -          
[2.187s][info][gc,heap     ] GC(6) Reclaimed:         -                  -                 0M (0%)            0M (0%)             -                  -          
[2.187s][info][gc          ] GC(6) Garbage Collection (Timer) 680M(17%)->680M(17%)
[2.476s][info][gc,start    ] GC(7) Garbage Collection (Warmup)
[2.476s][info][gc,task     ] GC(7) Using 3 workers
[2.477s][info][gc,phases   ] GC(7) Pause Mark Start 0.005ms
[2.491s][info][gc,phases   ] GC(7) Concurrent Mark 14.335ms
[2.491s][info][gc,phases   ] GC(7) Pause Mark End 0.011ms
[2.491s][info][gc,phases   ] GC(7) Concurrent Mark Free 0.001ms
[2.492s][info][gc,phases   ] GC(7) Concurrent Process Non-Strong References 0.876ms
[2.492s][info][gc,phases   ] GC(7) Concurrent Reset Relocation Set 0.000ms
[2.496s][info][gc,phases   ] GC(7) Concurrent Select Relocation Set 3.366ms
[2.496s][info][gc,phases   ] GC(7) Pause Relocate Start 0.008ms
[2.498s][info][gc,phases   ] GC(7) Concurrent Relocate 2.024ms
[2.498s][info][gc,load     ] GC(7) Load: 0.00/0.00/0.00
[2.498s][info][gc,mmu      ] GC(7) MMU: 2ms/99.2%, 5ms/99.5%, 10ms/99.8%, 20ms/99.9%, 50ms/99.9%, 100ms/100.0%
[2.498s][info][gc,marking  ] GC(7) Mark: 2 stripe(s), 2 proactive flush(es), 1 terminate flush(es), 0 completion(s), 0 continuation(s) 
[2.498s][info][gc,marking  ] GC(7) Mark Stack Usage: 32M
[2.498s][info][gc,nmethod  ] GC(7) NMethods: 456 registered, 0 unregistered
[2.498s][info][gc,metaspace] GC(7) Metaspace: 1M used, 1M committed, 1088M reserved
[2.498s][info][gc,ref      ] GC(7) Soft: 181 encountered, 0 discovered, 0 enqueued
[2.498s][info][gc,ref      ] GC(7) Weak: 296 encountered, 188 discovered, 33 enqueued
[2.498s][info][gc,ref      ] GC(7) Final: 0 encountered, 0 discovered, 0 enqueued
[2.498s][info][gc,ref      ] GC(7) Phantom: 24 encountered, 20 discovered, 17 enqueued
[2.498s][info][gc,reloc    ] GC(7) Small Pages: 423 / 846M, Empty: 0M, Relocated: 0M, In-Place: 0
[2.499s][info][gc,reloc    ] GC(7) Medium Pages: 0 / 0M, Empty: 0M, Relocated: 0M, In-Place: 0
[2.499s][info][gc,reloc    ] GC(7) Large Pages: 0 / 0M, Empty: 0M, Relocated: 0M, In-Place: 0
[2.499s][info][gc,reloc    ] GC(7) Forwarding Usage: 0M
[2.499s][info][gc,heap     ] GC(7) Min Capacity: 4096M(100%)
[2.499s][info][gc,heap     ] GC(7) Max Capacity: 4096M(100%)
[2.499s][info][gc,heap     ] GC(7) Soft Max Capacity: 4096M(100%)
[2.499s][info][gc,heap     ] GC(7)                Mark Start          Mark End        Relocate Start      Relocate End           High               Low         
[2.499s][info][gc,heap     ] GC(7)  Capacity:     4096M (100%)       4096M (100%)       4096M (100%)       4096M (100%)       4096M (100%)       4096M (100%)   
[2.499s][info][gc,heap     ] GC(7)      Free:     3250M (79%)        3248M (79%)        3246M (79%)        3246M (79%)        3250M (79%)        3242M (79%)    
[2.499s][info][gc,heap     ] GC(7)      Used:      846M (21%)         848M (21%)         850M (21%)         850M (21%)         854M (21%)         846M (21%)    
[2.499s][info][gc,heap     ] GC(7)      Live:         -               768M (19%)         768M (19%)         768M (19%)            -                  -          
[2.499s][info][gc,heap     ] GC(7) Allocated:         -                 2M (0%)            4M (0%)            4M (0%)             -                  -          
[2.499s][info][gc,heap     ] GC(7)   Garbage:         -                77M (2%)           77M (2%)           77M (2%)             -                  -          
[2.499s][info][gc,heap     ] GC(7) Reclaimed:         -                  -                 0M (0%)            0M (0%)             -                  -          
[2.499s][info][gc          ] GC(7) Garbage Collection (Warmup) 846M(21%)->850M(21%)
[2.776s][info][gc,start    ] GC(8) Garbage Collection (Timer)
[2.776s][info][gc,task     ] GC(8) Using 3 workers
[2.776s][info][gc,phases   ] GC(8) Pause Mark Start 0.009ms
[2.812s][info][gc,phases   ] GC(8) Concurrent Mark 35.880ms
[2.812s][info][gc,phases   ] GC(8) Pause Mark End 0.010ms
[2.812s][info][gc,phases   ] GC(8) Concurrent Mark Free 0.001ms
[2.813s][info][gc,phases   ] GC(8) Concurrent Process Non-Strong References 0.461ms
[2.813s][info][gc,phases   ] GC(8) Concurrent Reset Relocation Set 0.001ms
[2.816s][info][gc,phases   ] GC(8) Concurrent Select Relocation Set 2.570ms
[2.816s][info][gc,phases   ] GC(8) Pause Relocate Start 0.006ms
[2.818s][info][gc,phases   ] GC(8) Concurrent Relocate 1.968ms
[2.818s][info][gc,load     ] GC(8) Load: 0.00/0.00/0.00
[2.818s][info][gc,mmu      ] GC(8) MMU: 2ms/99.2%, 5ms/99.5%, 10ms/99.8%, 20ms/99.9%, 50ms/99.9%, 100ms/100.0%
[2.818s][info][gc,marking  ] GC(8) Mark: 2 stripe(s), 4 proactive flush(es), 1 terminate flush(es), 0 completion(s), 0 continuation(s) 
[2.818s][info][gc,marking  ] GC(8) Mark Stack Usage: 32M
[2.818s][info][gc,nmethod  ] GC(8) NMethods: 457 registered, 0 unregistered
[2.818s][info][gc,metaspace] GC(8) Metaspace: 1M used, 1M committed, 1088M reserved
[2.818s][info][gc,ref      ] GC(8) Soft: 181 encountered, 0 discovered, 0 enqueued
[2.818s][info][gc,ref      ] GC(8) Weak: 263 encountered, 0 discovered, 0 enqueued
[2.818s][info][gc,ref      ] GC(8) Final: 0 encountered, 0 discovered, 0 enqueued
[2.818s][info][gc,ref      ] GC(8) Phantom: 7 encountered, 3 discovered, 0 enqueued
[2.818s][info][gc,reloc    ] GC(8) Small Pages: 475 / 950M, Empty: 0M, Relocated: 1M, In-Place: 0
[2.818s][info][gc,reloc    ] GC(8) Medium Pages: 0 / 0M, Empty: 0M, Relocated: 0M, In-Place: 0
[2.818s][info][gc,reloc    ] GC(8) Large Pages: 0 / 0M, Empty: 0M, Relocated: 0M, In-Place: 0
[2.818s][info][gc,reloc    ] GC(8) Forwarding Usage: 0M
[2.818s][info][gc,heap     ] GC(8) Min Capacity: 4096M(100%)
[2.818s][info][gc,heap     ] GC(8) Max Capacity: 4096M(100%)
[2.818s][info][gc,heap     ] GC(8) Soft Max Capacity: 4096M(100%)
[2.818s][info][gc,heap     ] GC(8)                Mark Start          Mark End        Relocate Start      Relocate End           High               Low         
[2.818s][info][gc,heap     ] GC(8)  Capacity:     4096M (100%)       4096M (100%)       4096M (100%)       4096M (100%)       4096M (100%)       4096M (100%)   
[2.818s][info][gc,heap     ] GC(8)      Free:     3146M (77%)        3144M (77%)        3142M (77%)        3142M (77%)        3146M (77%)        3138M (77%)    
[2.818s][info][gc,heap     ] GC(8)      Used:      950M (23%)         952M (23%)         954M (23%)         954M (23%)         958M (23%)         950M (23%)    
[2.818s][info][gc,heap     ] GC(8)      Live:         -               862M (21%)         862M (21%)         862M (21%)            -                  -          
[2.818s][info][gc,heap     ] GC(8) Allocated:         -                 2M (0%)            4M (0%)            4M (0%)             -                  -          
[2.818s][info][gc,heap     ] GC(8)   Garbage:         -                87M (2%)           87M (2%)           87M (2%)             -                  -          
[2.818s][info][gc,heap     ] GC(8) Reclaimed:         -                  -                 0M (0%)            0M (0%)             -                  -          
[2.818s][info][gc          ] GC(8) Garbage Collection (Timer) 950M(23%)->954M(23%)
[3.076s][info][gc,start    ] GC(9) Garbage Collection (Timer)
[3.076s][info][gc,task     ] GC(9) Using 3 workers
[3.077s][info][gc,phases   ] GC(9) Pause Mark Start 0.008ms
[3.093s][info][gc,phases   ] GC(9) Concurrent Mark 16.249ms
[3.093s][info][gc,phases   ] GC(9) Pause Mark End 0.010ms
[3.093s][info][gc,phases   ] GC(9) Concurrent Mark Free 0.001ms
[3.094s][info][gc,phases   ] GC(9) Concurrent Process Non-Strong References 0.628ms
[3.094s][info][gc,phases   ] GC(9) Concurrent Reset Relocation Set 0.001ms
[3.097s][info][gc,phases   ] GC(9) Concurrent Select Relocation Set 3.359ms
[3.097s][info][gc,phases   ] GC(9) Pause Relocate Start 0.007ms
[3.102s][info][gc,phases   ] GC(9) Concurrent Relocate 4.637ms
[3.102s][info][gc,load     ] GC(9) Load: 0.00/0.00/0.00
[3.102s][info][gc,mmu      ] GC(9) MMU: 2ms/99.2%, 5ms/99.5%, 10ms/99.8%, 20ms/99.9%, 50ms/99.9%, 100ms/100.0%
[3.102s][info][gc,marking  ] GC(9) Mark: 2 stripe(s), 2 proactive flush(es), 1 terminate flush(es), 0 completion(s), 0 continuation(s) 
[3.102s][info][gc,marking  ] GC(9) Mark Stack Usage: 32M
[3.102s][info][gc,nmethod  ] GC(9) NMethods: 457 registered, 0 unregistered
[3.102s][info][gc,metaspace] GC(9) Metaspace: 1M used, 1M committed, 1088M reserved
[3.102s][info][gc,ref      ] GC(9) Soft: 181 encountered, 0 discovered, 0 enqueued
[3.102s][info][gc,ref      ] GC(9) Weak: 263 encountered, 0 discovered, 0 enqueued
[3.102s][info][gc,ref      ] GC(9) Final: 0 encountered, 0 discovered, 0 enqueued
[3.102s][info][gc,ref      ] GC(9) Phantom: 7 encountered, 2 discovered, 0 enqueued
[3.103s][info][gc,reloc    ] GC(9) Small Pages: 523 / 1046M, Empty: 0M, Relocated: 3M, In-Place: 0
[3.103s][info][gc,reloc    ] GC(9) Medium Pages: 1 / 32M, Empty: 0M, Relocated: 0M, In-Place: 0
[3.103s][info][gc,reloc    ] GC(9) Large Pages: 0 / 0M, Empty: 0M, Relocated: 0M, In-Place: 0
[3.103s][info][gc,reloc    ] GC(9) Forwarding Usage: 0M
[3.103s][info][gc,heap     ] GC(9) Min Capacity: 4096M(100%)
[3.103s][info][gc,heap     ] GC(9) Max Capacity: 4096M(100%)
[3.103s][info][gc,heap     ] GC(9) Soft Max Capacity: 4096M(100%)
[3.103s][info][gc,heap     ] GC(9)                Mark Start          Mark End        Relocate Start      Relocate End           High               Low         
[3.103s][info][gc,heap     ] GC(9)  Capacity:     4096M (100%)       4096M (100%)       4096M (100%)       4096M (100%)       4096M (100%)       4096M (100%)   
[3.103s][info][gc,heap     ] GC(9)      Free:     3018M (74%)        3016M (74%)        3014M (74%)        3018M (74%)        3018M (74%)        3008M (73%)    
[3.103s][info][gc,heap     ] GC(9)      Used:     1078M (26%)        1080M (26%)        1082M (26%)        1078M (26%)        1088M (27%)        1078M (26%)    
[3.103s][info][gc,heap     ] GC(9)      Live:         -               948M (23%)         948M (23%)         948M (23%)            -                  -          
[3.103s][info][gc,heap     ] GC(9) Allocated:         -                 2M (0%)            4M (0%)            3M (0%)             -                  -          
[3.103s][info][gc,heap     ] GC(9)   Garbage:         -               129M (3%)          129M (3%)          125M (3%)             -                  -          
[3.103s][info][gc,heap     ] GC(9) Reclaimed:         -                  -                 0M (0%)            3M (0%)             -                  -          
[3.103s][info][gc          ] GC(9) Garbage Collection (Timer) 1078M(26%)->1078M(26%)
[3.376s][info][gc,start    ] GC(10) Garbage Collection (Timer)
[3.376s][info][gc,task     ] GC(10) Using 3 workers
[3.376s][info][gc,phases   ] GC(10) Pause Mark Start 0.006ms
[3.391s][info][gc,phases   ] GC(10) Concurrent Mark 15.062ms
[3.391s][info][gc,phases   ] GC(10) Pause Mark End 0.009ms
[3.391s][info][gc,phases   ] GC(10) Concurrent Mark Free 0.001ms
[3.392s][info][gc,phases   ] GC(10) Concurrent Process Non-Strong References 0.766ms
[3.392s][info][gc,phases   ] GC(10) Concurrent Reset Relocation Set 0.001ms
[3.394s][info][gc,phases   ] GC(10) Concurrent Select Relocation Set 2.167ms
[3.394s][info][gc,phases   ] GC(10) Pause Relocate Start 0.005ms
[3.397s][info][gc,phases   ] GC(10) Concurrent Relocate 2.879ms
[3.397s][info][gc,load     ] GC(10) Load: 0.00/0.00/0.00
[3.397s][info][gc,mmu      ] GC(10) MMU: 2ms/99.2%, 5ms/99.5%, 10ms/99.8%, 20ms/99.9%, 50ms/99.9%, 100ms/100.0%
[3.397s][info][gc,marking  ] GC(10) Mark: 2 stripe(s), 2 proactive flush(es), 1 terminate flush(es), 0 completion(s), 0 continuation(s) 
[3.397s][info][gc,marking  ] GC(10) Mark Stack Usage: 32M
[3.397s][info][gc,nmethod  ] GC(10) NMethods: 457 registered, 0 unregistered
[3.398s][info][gc,metaspace] GC(10) Metaspace: 1M used, 1M committed, 1088M reserved
[3.398s][info][gc,ref      ] GC(10) Soft: 181 encountered, 0 discovered, 0 enqueued
[3.398s][info][gc,ref      ] GC(10) Weak: 263 encountered, 2 discovered, 0 enqueued
[3.398s][info][gc,ref      ] GC(10) Final: 0 encountered, 0 discovered, 0 enqueued
[3.398s][info][gc,ref      ] GC(10) Phantom: 7 encountered, 2 discovered, 0 enqueued
[3.398s][info][gc,reloc    ] GC(10) Small Pages: 574 / 1148M, Empty: 0M, Relocated: 1M, In-Place: 0
[3.398s][info][gc,reloc    ] GC(10) Medium Pages: 1 / 32M, Empty: 0M, Relocated: 0M, In-Place: 0
[3.398s][info][gc,reloc    ] GC(10) Large Pages: 0 / 0M, Empty: 0M, Relocated: 0M, In-Place: 0
[3.398s][info][gc,reloc    ] GC(10) Forwarding Usage: 0M
[3.398s][info][gc,heap     ] GC(10) Min Capacity: 4096M(100%)
[3.398s][info][gc,heap     ] GC(10) Max Capacity: 4096M(100%)
[3.398s][info][gc,heap     ] GC(10) Soft Max Capacity: 4096M(100%)
[3.398s][info][gc,heap     ] GC(10)                Mark Start          Mark End        Relocate Start      Relocate End           High               Low         
[3.398s][info][gc,heap     ] GC(10)  Capacity:     4096M (100%)       4096M (100%)       4096M (100%)       4096M (100%)       4096M (100%)       4096M (100%)   
[3.398s][info][gc,heap     ] GC(10)      Free:     2916M (71%)        2914M (71%)        2914M (71%)        2912M (71%)        2916M (71%)        2908M (71%)    
[3.398s][info][gc,heap     ] GC(10)      Used:     1180M (29%)        1182M (29%)        1182M (29%)        1184M (29%)        1188M (29%)        1180M (29%)    
[3.398s][info][gc,heap     ] GC(10)      Live:         -              1045M (26%)        1045M (26%)        1045M (26%)            -                  -          
[3.398s][info][gc,heap     ] GC(10) Allocated:         -                 2M (0%)            2M (0%)            4M (0%)             -                  -          
[3.398s][info][gc,heap     ] GC(10)   Garbage:         -               134M (3%)          134M (3%)          134M (3%)             -                  -          
[3.398s][info][gc,heap     ] GC(10) Reclaimed:         -                  -                 0M (0%)            0M (0%)             -                  -          
[3.398s][info][gc          ] GC(10) Garbage Collection (Timer) 1180M(29%)->1184M(29%)
[3.577s][info][gc,start    ] GC(11) Garbage Collection (Warmup)
[3.577s][info][gc,task     ] GC(11) Using 3 workers
[3.577s][info][gc,phases   ] GC(11) Pause Mark Start 0.006ms
[3.591s][info][gc,phases   ] GC(11) Concurrent Mark 14.009ms
[3.591s][info][gc,phases   ] GC(11) Pause Mark End 0.009ms
[3.591s][info][gc,phases   ] GC(11) Concurrent Mark Free 0.001ms
[3.592s][info][gc,phases   ] GC(11) Concurrent Process Non-Strong References 0.725ms
[3.592s][info][gc,phases   ] GC(11) Concurrent Reset Relocation Set 0.001ms
[3.594s][info][gc,phases   ] GC(11) Concurrent Select Relocation Set 2.091ms
[3.594s][info][gc,phases   ] GC(11) Pause Relocate Start 0.005ms
[3.597s][info][gc,phases   ] GC(11) Concurrent Relocate 2.617ms
[3.597s][info][gc,load     ] GC(11) Load: 0.00/0.00/0.00
[3.597s][info][gc,mmu      ] GC(11) MMU: 2ms/99.2%, 5ms/99.5%, 10ms/99.8%, 20ms/99.9%, 50ms/99.9%, 100ms/100.0%
[3.597s][info][gc,marking  ] GC(11) Mark: 2 stripe(s), 2 proactive flush(es), 1 terminate flush(es), 0 completion(s), 0 continuation(s) 
[3.597s][info][gc,marking  ] GC(11) Mark Stack Usage: 32M
[3.597s][info][gc,nmethod  ] GC(11) NMethods: 457 registered, 0 unregistered
[3.597s][info][gc,metaspace] GC(11) Metaspace: 1M used, 1M committed, 1088M reserved
[3.597s][info][gc,ref      ] GC(11) Soft: 181 encountered, 0 discovered, 0 enqueued
[3.597s][info][gc,ref      ] GC(11) Weak: 263 encountered, 0 discovered, 0 enqueued
[3.597s][info][gc,ref      ] GC(11) Final: 0 encountered, 0 discovered, 0 enqueued
[3.597s][info][gc,ref      ] GC(11) Phantom: 7 encountered, 2 discovered, 0 enqueued
[3.597s][info][gc,reloc    ] GC(11) Small Pages: 610 / 1220M, Empty: 0M, Relocated: 1M, In-Place: 0
[3.597s][info][gc,reloc    ] GC(11) Medium Pages: 1 / 32M, Empty: 0M, Relocated: 0M, In-Place: 0
[3.597s][info][gc,reloc    ] GC(11) Large Pages: 0 / 0M, Empty: 0M, Relocated: 0M, In-Place: 0
[3.598s][info][gc,reloc    ] GC(11) Forwarding Usage: 0M
[3.598s][info][gc,heap     ] GC(11) Min Capacity: 4096M(100%)
[3.598s][info][gc,heap     ] GC(11) Max Capacity: 4096M(100%)
[3.598s][info][gc,heap     ] GC(11) Soft Max Capacity: 4096M(100%)
[3.598s][info][gc,heap     ] GC(11)                Mark Start          Mark End        Relocate Start      Relocate End           High               Low         
[3.598s][info][gc,heap     ] GC(11)  Capacity:     4096M (100%)       4096M (100%)       4096M (100%)       4096M (100%)       4096M (100%)       4096M (100%)   
[3.598s][info][gc,heap     ] GC(11)      Free:     2844M (69%)        2842M (69%)        2840M (69%)        2840M (69%)        2844M (69%)        2836M (69%)    
[3.598s][info][gc,heap     ] GC(11)      Used:     1252M (31%)        1254M (31%)        1256M (31%)        1256M (31%)        1260M (31%)        1252M (31%)    
[3.598s][info][gc,heap     ] GC(11)      Live:         -              1110M (27%)        1110M (27%)        1110M (27%)            -                  -          
[3.598s][info][gc,heap     ] GC(11) Allocated:         -                 2M (0%)            4M (0%)            4M (0%)             -                  -          
[3.598s][info][gc,heap     ] GC(11)   Garbage:         -               141M (3%)          141M (3%)          141M (3%)             -                  -          
[3.598s][info][gc,heap     ] GC(11) Reclaimed:         -                  -                 0M (0%)            0M (0%)             -                  -          
[3.598s][info][gc          ] GC(11) Garbage Collection (Warmup) 1252M(31%)->1256M(31%)
[3.877s][info][gc,start    ] GC(12) Garbage Collection (Timer)
[3.877s][info][gc,task     ] GC(12) Using 3 workers
[3.877s][info][gc,phases   ] GC(12) Pause Mark Start 0.006ms
[3.892s][info][gc,phases   ] GC(12) Concurrent Mark 15.219ms
[3.892s][info][gc,phases   ] GC(12) Pause Mark End 0.009ms
[3.892s][info][gc,phases   ] GC(12) Concurrent Mark Free 0.001ms
[3.893s][info][gc,phases   ] GC(12) Concurrent Process Non-Strong References 0.492ms
[3.893s][info][gc,phases   ] GC(12) Concurrent Reset Relocation Set 0.001ms
[3.895s][info][gc,phases   ] GC(12) Concurrent Select Relocation Set 2.255ms
[3.895s][info][gc,phases   ] GC(12) Pause Relocate Start 0.007ms
[3.898s][info][gc,phases   ] GC(12) Concurrent Relocate 2.423ms
[3.898s][info][gc,load     ] GC(12) Load: 0.00/0.00/0.00
[3.898s][info][gc,mmu      ] GC(12) MMU: 2ms/99.2%, 5ms/99.5%, 10ms/99.8%, 20ms/99.9%, 50ms/99.9%, 100ms/100.0%
[3.898s][info][gc,marking  ] GC(12) Mark: 2 stripe(s), 2 proactive flush(es), 1 terminate flush(es), 0 completion(s), 0 continuation(s) 
[3.898s][info][gc,marking  ] GC(12) Mark Stack Usage: 32M
[3.898s][info][gc,nmethod  ] GC(12) NMethods: 457 registered, 0 unregistered
[3.898s][info][gc,metaspace] GC(12) Metaspace: 1M used, 1M committed, 1088M reserved
[3.898s][info][gc,ref      ] GC(12) Soft: 181 encountered, 0 discovered, 0 enqueued
[3.898s][info][gc,ref      ] GC(12) Weak: 263 encountered, 0 discovered, 0 enqueued
[3.898s][info][gc,ref      ] GC(12) Final: 0 encountered, 0 discovered, 0 enqueued
[3.898s][info][gc,ref      ] GC(12) Phantom: 7 encountered, 2 discovered, 0 enqueued
[3.898s][info][gc,reloc    ] GC(12) Small Pages: 662 / 1324M, Empty: 0M, Relocated: 1M, In-Place: 0
[3.898s][info][gc,reloc    ] GC(12) Medium Pages: 1 / 32M, Empty: 0M, Relocated: 0M, In-Place: 0
[3.898s][info][gc,reloc    ] GC(12) Large Pages: 0 / 0M, Empty: 0M, Relocated: 0M, In-Place: 0
[3.898s][info][gc,reloc    ] GC(12) Forwarding Usage: 0M
[3.898s][info][gc,heap     ] GC(12) Min Capacity: 4096M(100%)
[3.898s][info][gc,heap     ] GC(12) Max Capacity: 4096M(100%)
[3.899s][info][gc,heap     ] GC(12) Soft Max Capacity: 4096M(100%)
[3.899s][info][gc,heap     ] GC(12)                Mark Start          Mark End        Relocate Start      Relocate End           High               Low         
[3.899s][info][gc,heap     ] GC(12)  Capacity:     4096M (100%)       4096M (100%)       4096M (100%)       4096M (100%)       4096M (100%)       4096M (100%)   
[3.899s][info][gc,heap     ] GC(12)      Free:     2740M (67%)        2738M (67%)        2738M (67%)        2738M (67%)        2740M (67%)        2734M (67%)    
[3.899s][info][gc,heap     ] GC(12)      Used:     1356M (33%)        1358M (33%)        1358M (33%)        1358M (33%)        1362M (33%)        1356M (33%)    
[3.899s][info][gc,heap     ] GC(12)      Live:         -              1204M (29%)        1204M (29%)        1204M (29%)            -                  -          
[3.899s][info][gc,heap     ] GC(12) Allocated:         -                 2M (0%)            2M (0%)            2M (0%)             -                  -          
[3.899s][info][gc,heap     ] GC(12)   Garbage:         -               151M (4%)          151M (4%)          151M (4%)             -                  -          
[3.899s][info][gc,heap     ] GC(12) Reclaimed:         -                  -                 0M (0%)            0M (0%)             -                  -          
[3.899s][info][gc          ] GC(12) Garbage Collection (Timer) 1356M(33%)->1358M(33%)
[4.176s][info][gc,start    ] GC(13) Garbage Collection (Timer)
[4.176s][info][gc,task     ] GC(13) Using 3 workers
[4.176s][info][gc,phases   ] GC(13) Pause Mark Start 0.006ms
[4.191s][info][gc,phases   ] GC(13) Concurrent Mark 15.071ms
[4.191s][info][gc,phases   ] GC(13) Pause Mark End 0.011ms
[4.191s][info][gc,phases   ] GC(13) Concurrent Mark Free 0.001ms
[4.192s][info][gc,phases   ] GC(13) Concurrent Process Non-Strong References 0.706ms
[4.192s][info][gc,phases   ] GC(13) Concurrent Reset Relocation Set 0.001ms
[4.194s][info][gc,phases   ] GC(13) Concurrent Select Relocation Set 2.051ms
[4.194s][info][gc,phases   ] GC(13) Pause Relocate Start 0.005ms
[4.197s][info][gc,phases   ] GC(13) Concurrent Relocate 2.415ms
[4.197s][info][gc,load     ] GC(13) Load: 0.00/0.00/0.00
[4.197s][info][gc,mmu      ] GC(13) MMU: 2ms/99.2%, 5ms/99.5%, 10ms/99.8%, 20ms/99.9%, 50ms/99.9%, 100ms/100.0%
[4.197s][info][gc,marking  ] GC(13) Mark: 2 stripe(s), 1 proactive flush(es), 1 terminate flush(es), 0 completion(s), 0 continuation(s) 
[4.197s][info][gc,marking  ] GC(13) Mark Stack Usage: 32M
[4.197s][info][gc,nmethod  ] GC(13) NMethods: 457 registered, 0 unregistered
[4.197s][info][gc,metaspace] GC(13) Metaspace: 1M used, 1M committed, 1088M reserved
[4.197s][info][gc,ref      ] GC(13) Soft: 181 encountered, 0 discovered, 0 enqueued
[4.197s][info][gc,ref      ] GC(13) Weak: 263 encountered, 168 discovered, 0 enqueued
[4.197s][info][gc,ref      ] GC(13) Final: 0 encountered, 0 discovered, 0 enqueued
[4.197s][info][gc,ref      ] GC(13) Phantom: 7 encountered, 3 discovered, 0 enqueued
[4.197s][info][gc,reloc    ] GC(13) Small Pages: 679 / 1358M, Empty: 0M, Relocated: 1M, In-Place: 0
[4.197s][info][gc,reloc    ] GC(13) Medium Pages: 1 / 32M, Empty: 0M, Relocated: 0M, In-Place: 0
[4.197s][info][gc,reloc    ] GC(13) Large Pages: 0 / 0M, Empty: 0M, Relocated: 0M, In-Place: 0
[4.197s][info][gc,reloc    ] GC(13) Forwarding Usage: 0M
[4.197s][info][gc,heap     ] GC(13) Min Capacity: 4096M(100%)
[4.197s][info][gc,heap     ] GC(13) Max Capacity: 4096M(100%)
[4.197s][info][gc,heap     ] GC(13) Soft Max Capacity: 4096M(100%)
[4.197s][info][gc,heap     ] GC(13)                Mark Start          Mark End        Relocate Start      Relocate End           High               Low         
[4.197s][info][gc,heap     ] GC(13)  Capacity:     4096M (100%)       4096M (100%)       4096M (100%)       4096M (100%)       4096M (100%)       4096M (100%)   
[4.197s][info][gc,heap     ] GC(13)      Free:     2706M (66%)        2706M (66%)        2706M (66%)        2706M (66%)        2706M (66%)        2702M (66%)    
[4.197s][info][gc,heap     ] GC(13)      Used:     1390M (34%)        1390M (34%)        1390M (34%)        1390M (34%)        1394M (34%)        1390M (34%)    
[4.197s][info][gc,heap     ] GC(13)      Live:         -              1235M (30%)        1235M (30%)        1235M (30%)            -                  -          
[4.197s][info][gc,heap     ] GC(13) Allocated:         -                 0M (0%)            0M (0%)            0M (0%)             -                  -          
[4.197s][info][gc,heap     ] GC(13)   Garbage:         -               154M (4%)          154M (4%)          154M (4%)             -                  -          
[4.197s][info][gc,heap     ] GC(13) Reclaimed:         -                  -                 0M (0%)            0M (0%)             -                  -          
[4.198s][info][gc          ] GC(13) Garbage Collection (Timer) 1390M(34%)->1390M(34%)
[4.476s][info][gc,start    ] GC(14) Garbage Collection (Timer)
[4.476s][info][gc,task     ] GC(14) Using 3 workers
[4.476s][info][gc,phases   ] GC(14) Pause Mark Start 0.006ms
[4.488s][info][gc,phases   ] GC(14) Concurrent Mark 11.295ms
[4.488s][info][gc,phases   ] GC(14) Pause Mark End 0.010ms
[4.488s][info][gc,phases   ] GC(14) Concurrent Mark Free 0.001ms
[4.489s][info][gc,phases   ] GC(14) Concurrent Process Non-Strong References 0.574ms
[4.489s][info][gc,phases   ] GC(14) Concurrent Reset Relocation Set 0.001ms
[4.491s][info][gc,phases   ] GC(14) Concurrent Select Relocation Set 2.058ms
[4.491s][info][gc,phases   ] GC(14) Pause Relocate Start 0.006ms
[4.491s][info][gc,phases   ] GC(14) Concurrent Relocate 0.232ms
[4.491s][info][gc,load     ] GC(14) Load: 0.00/0.00/0.00
[4.491s][info][gc,mmu      ] GC(14) MMU: 2ms/99.2%, 5ms/99.5%, 10ms/99.8%, 20ms/99.9%, 50ms/99.9%, 100ms/100.0%
[4.491s][info][gc,marking  ] GC(14) Mark: 2 stripe(s), 1 proactive flush(es), 1 terminate flush(es), 0 completion(s), 0 continuation(s) 
[4.491s][info][gc,marking  ] GC(14) Mark Stack Usage: 32M
[4.491s][info][gc,nmethod  ] GC(14) NMethods: 457 registered, 0 unregistered
[4.491s][info][gc,metaspace] GC(14) Metaspace: 1M used, 1M committed, 1088M reserved
[4.491s][info][gc,ref      ] GC(14) Soft: 181 encountered, 0 discovered, 0 enqueued
[4.491s][info][gc,ref      ] GC(14) Weak: 263 encountered, 1 discovered, 0 enqueued
[4.491s][info][gc,ref      ] GC(14) Final: 0 encountered, 0 discovered, 0 enqueued
[4.491s][info][gc,ref      ] GC(14) Phantom: 7 encountered, 2 discovered, 0 enqueued
[4.491s][info][gc,reloc    ] GC(14) Small Pages: 679 / 1358M, Empty: 0M, Relocated: 1M, In-Place: 0
[4.492s][info][gc,reloc    ] GC(14) Medium Pages: 1 / 32M, Empty: 0M, Relocated: 0M, In-Place: 0
[4.492s][info][gc,reloc    ] GC(14) Large Pages: 0 / 0M, Empty: 0M, Relocated: 0M, In-Place: 0
[4.492s][info][gc,reloc    ] GC(14) Forwarding Usage: 0M
[4.492s][info][gc,heap     ] GC(14) Min Capacity: 4096M(100%)
[4.492s][info][gc,heap     ] GC(14) Max Capacity: 4096M(100%)
[4.492s][info][gc,heap     ] GC(14) Soft Max Capacity: 4096M(100%)
[4.492s][info][gc,heap     ] GC(14)                Mark Start          Mark End        Relocate Start      Relocate End           High               Low         
[4.492s][info][gc,heap     ] GC(14)  Capacity:     4096M (100%)       4096M (100%)       4096M (100%)       4096M (100%)       4096M (100%)       4096M (100%)   
[4.492s][info][gc,heap     ] GC(14)      Free:     2706M (66%)        2706M (66%)        2706M (66%)        2706M (66%)        2706M (66%)        2702M (66%)    
[4.492s][info][gc,heap     ] GC(14)      Used:     1390M (34%)        1390M (34%)        1390M (34%)        1390M (34%)        1394M (34%)        1390M (34%)    
[4.492s][info][gc,heap     ] GC(14)      Live:         -              1235M (30%)        1235M (30%)        1235M (30%)            -                  -          
[4.492s][info][gc,heap     ] GC(14) Allocated:         -                 0M (0%)            0M (0%)            0M (0%)             -                  -          
[4.492s][info][gc,heap     ] GC(14)   Garbage:         -               154M (4%)          154M (4%)          154M (4%)             -                  -          
[4.492s][info][gc,heap     ] GC(14) Reclaimed:         -                  -                 0M (0%)            0M (0%)             -                  -          
[4.492s][info][gc          ] GC(14) Garbage Collection (Timer) 1390M(34%)->1390M(34%)
[4.776s][info][gc,start    ] GC(15) Garbage Collection (Timer)
[4.776s][info][gc,task     ] GC(15) Using 3 workers
[4.776s][info][gc,phases   ] GC(15) Pause Mark Start 0.007ms
[4.786s][info][gc,phases   ] GC(15) Concurrent Mark 9.753ms
[4.786s][info][gc,phases   ] GC(15) Pause Mark End 0.011ms
[4.786s][info][gc,phases   ] GC(15) Concurrent Mark Free 0.001ms
[4.787s][info][gc,phases   ] GC(15) Concurrent Process Non-Strong References 0.832ms
[4.787s][info][gc,phases   ] GC(15) Concurrent Reset Relocation Set 0.001ms
[4.789s][info][gc,phases   ] GC(15) Concurrent Select Relocation Set 2.103ms
[4.789s][info][gc,phases   ] GC(15) Pause Relocate Start 0.006ms
[4.789s][info][gc,phases   ] GC(15) Concurrent Relocate 0.281ms
[4.789s][info][gc,load     ] GC(15) Load: 0.00/0.00/0.00
[4.789s][info][gc,mmu      ] GC(15) MMU: 2ms/99.2%, 5ms/99.5%, 10ms/99.8%, 20ms/99.9%, 50ms/99.9%, 100ms/100.0%
[4.789s][info][gc,marking  ] GC(15) Mark: 2 stripe(s), 1 proactive flush(es), 1 terminate flush(es), 0 completion(s), 0 continuation(s) 
[4.789s][info][gc,marking  ] GC(15) Mark Stack Usage: 32M
[4.789s][info][gc,nmethod  ] GC(15) NMethods: 457 registered, 0 unregistered
[4.789s][info][gc,metaspace] GC(15) Metaspace: 1M used, 1M committed, 1088M reserved
[4.789s][info][gc,ref      ] GC(15) Soft: 181 encountered, 0 discovered, 0 enqueued
[4.790s][info][gc,ref      ] GC(15) Weak: 263 encountered, 2 discovered, 0 enqueued
[4.790s][info][gc,ref      ] GC(15) Final: 0 encountered, 0 discovered, 0 enqueued
[4.790s][info][gc,ref      ] GC(15) Phantom: 7 encountered, 3 discovered, 0 enqueued
[4.790s][info][gc,reloc    ] GC(15) Small Pages: 679 / 1358M, Empty: 0M, Relocated: 1M, In-Place: 0
[4.790s][info][gc,reloc    ] GC(15) Medium Pages: 1 / 32M, Empty: 0M, Relocated: 0M, In-Place: 0
[4.790s][info][gc,reloc    ] GC(15) Large Pages: 0 / 0M, Empty: 0M, Relocated: 0M, In-Place: 0
[4.790s][info][gc,reloc    ] GC(15) Forwarding Usage: 0M
[4.790s][info][gc,heap     ] GC(15) Min Capacity: 4096M(100%)
[4.790s][info][gc,heap     ] GC(15) Max Capacity: 4096M(100%)
[4.790s][info][gc,heap     ] GC(15) Soft Max Capacity: 4096M(100%)
[4.790s][info][gc,heap     ] GC(15)                Mark Start          Mark End        Relocate Start      Relocate End           High               Low         
[4.790s][info][gc,heap     ] GC(15)  Capacity:     4096M (100%)       4096M (100%)       4096M (100%)       4096M (100%)       4096M (100%)       4096M (100%)   
[4.790s][info][gc,heap     ] GC(15)      Free:     2706M (66%)        2706M (66%)        2706M (66%)        2706M (66%)        2706M (66%)        2702M (66%)    
[4.790s][info][gc,heap     ] GC(15)      Used:     1390M (34%)        1390M (34%)        1390M (34%)        1390M (34%)        1394M (34%)        1390M (34%)    
[4.790s][info][gc,heap     ] GC(15)      Live:         -              1235M (30%)        1235M (30%)        1235M (30%)            -                  -          
[4.790s][info][gc,heap     ] GC(15) Allocated:         -                 0M (0%)            0M (0%)            0M (0%)             -                  -          
[4.790s][info][gc,heap     ] GC(15)   Garbage:         -               154M (4%)          154M (4%)          154M (4%)             -                  -          
[4.790s][info][gc,heap     ] GC(15) Reclaimed:         -                  -                 0M (0%)            0M (0%)             -                  -          
[4.790s][info][gc          ] GC(15) Garbage Collection (Timer) 1390M(34%)->1390M(34%)
[5.076s][info][gc,start    ] GC(16) Garbage Collection (Timer)
[5.076s][info][gc,task     ] GC(16) Using 3 workers
[5.076s][info][gc,phases   ] GC(16) Pause Mark Start 0.006ms
[5.087s][info][gc,phases   ] GC(16) Concurrent Mark 10.270ms
[5.087s][info][gc,phases   ] GC(16) Pause Mark End 0.009ms
[5.087s][info][gc,phases   ] GC(16) Concurrent Mark Free 0.001ms
[5.088s][info][gc,phases   ] GC(16) Concurrent Process Non-Strong References 0.497ms
[5.088s][info][gc,phases   ] GC(16) Concurrent Reset Relocation Set 0.001ms
[5.090s][info][gc,phases   ] GC(16) Concurrent Select Relocation Set 2.187ms
[5.090s][info][gc,phases   ] GC(16) Pause Relocate Start 0.005ms
[5.092s][info][gc,phases   ] GC(16) Concurrent Relocate 1.470ms
[5.092s][info][gc,load     ] GC(16) Load: 0.00/0.00/0.00
[5.092s][info][gc,mmu      ] GC(16) MMU: 2ms/99.2%, 5ms/99.5%, 10ms/99.8%, 20ms/99.9%, 50ms/99.9%, 100ms/100.0%
[5.092s][info][gc,marking  ] GC(16) Mark: 2 stripe(s), 2 proactive flush(es), 1 terminate flush(es), 0 completion(s), 0 continuation(s) 
[5.092s][info][gc,marking  ] GC(16) Mark Stack Usage: 32M
[5.092s][info][gc,nmethod  ] GC(16) NMethods: 464 registered, 0 unregistered
[5.092s][info][gc,metaspace] GC(16) Metaspace: 1M used, 1M committed, 1088M reserved
[5.092s][info][gc,ref      ] GC(16) Soft: 181 encountered, 0 discovered, 0 enqueued
[5.092s][info][gc,ref      ] GC(16) Weak: 263 encountered, 182 discovered, 0 enqueued
[5.092s][info][gc,ref      ] GC(16) Final: 0 encountered, 0 discovered, 0 enqueued
[5.092s][info][gc,ref      ] GC(16) Phantom: 7 encountered, 3 discovered, 0 enqueued
[5.092s][info][gc,reloc    ] GC(16) Small Pages: 692 / 1384M, Empty: 0M, Relocated: 1M, In-Place: 0
[5.092s][info][gc,reloc    ] GC(16) Medium Pages: 1 / 32M, Empty: 0M, Relocated: 0M, In-Place: 0
[5.092s][info][gc,reloc    ] GC(16) Large Pages: 0 / 0M, Empty: 0M, Relocated: 0M, In-Place: 0
[5.092s][info][gc,reloc    ] GC(16) Forwarding Usage: 0M
[5.092s][info][gc,heap     ] GC(16) Min Capacity: 4096M(100%)
[5.092s][info][gc,heap     ] GC(16) Max Capacity: 4096M(100%)
[5.092s][info][gc,heap     ] GC(16) Soft Max Capacity: 4096M(100%)
[5.092s][info][gc,heap     ] GC(16)                Mark Start          Mark End        Relocate Start      Relocate End           High               Low         
[5.092s][info][gc,heap     ] GC(16)  Capacity:     4096M (100%)       4096M (100%)       4096M (100%)       4096M (100%)       4096M (100%)       4096M (100%)   
[5.092s][info][gc,heap     ] GC(16)      Free:     2680M (65%)        2678M (65%)        2676M (65%)        2676M (65%)        2680M (65%)        2670M (65%)    
[5.092s][info][gc,heap     ] GC(16)      Used:     1416M (35%)        1418M (35%)        1420M (35%)        1420M (35%)        1426M (35%)        1416M (35%)    
[5.092s][info][gc,heap     ] GC(16)      Live:         -              1257M (31%)        1257M (31%)        1257M (31%)            -                  -          
[5.092s][info][gc,heap     ] GC(16) Allocated:         -                 2M (0%)            4M (0%)            4M (0%)             -                  -          
[5.092s][info][gc,heap     ] GC(16)   Garbage:         -               158M (4%)          158M (4%)          158M (4%)             -                  -          
[5.092s][info][gc,heap     ] GC(16) Reclaimed:         -                  -                 0M (0%)            0M (0%)             -                  -          
[5.092s][info][gc          ] GC(16) Garbage Collection (Timer) 1416M(35%)->1420M(35%)
[5.376s][info][gc,start    ] GC(17) Garbage Collection (Timer)
[5.376s][info][gc,task     ] GC(17) Using 3 workers
[5.377s][info][gc,phases   ] GC(17) Pause Mark Start 0.006ms
[5.392s][info][gc,phases   ] GC(17) Concurrent Mark 15.067ms
[5.392s][info][gc,phases   ] GC(17) Pause Mark End 0.009ms
[5.392s][info][gc,phases   ] GC(17) Concurrent Mark Free 0.001ms
[5.393s][info][gc,phases   ] GC(17) Concurrent Process Non-Strong References 0.556ms
[5.393s][info][gc,phases   ] GC(17) Concurrent Reset Relocation Set 0.001ms
[5.395s][info][gc,phases   ] GC(17) Concurrent Select Relocation Set 2.281ms
[5.395s][info][gc,phases   ] GC(17) Pause Relocate Start 0.007ms
[5.398s][info][gc,phases   ] GC(17) Concurrent Relocate 2.444ms
[5.398s][info][gc,load     ] GC(17) Load: 0.00/0.00/0.00
[5.398s][info][gc,mmu      ] GC(17) MMU: 2ms/99.2%, 5ms/99.5%, 10ms/99.8%, 20ms/99.9%, 50ms/99.9%, 100ms/100.0%
[5.398s][info][gc,marking  ] GC(17) Mark: 2 stripe(s), 2 proactive flush(es), 1 terminate flush(es), 0 completion(s), 0 continuation(s) 
[5.398s][info][gc,marking  ] GC(17) Mark Stack Usage: 32M
[5.398s][info][gc,nmethod  ] GC(17) NMethods: 464 registered, 0 unregistered
[5.398s][info][gc,metaspace] GC(17) Metaspace: 1M used, 1M committed, 1088M reserved
[5.398s][info][gc,ref      ] GC(17) Soft: 181 encountered, 0 discovered, 0 enqueued
[5.398s][info][gc,ref      ] GC(17) Weak: 263 encountered, 1 discovered, 0 enqueued
[5.398s][info][gc,ref      ] GC(17) Final: 0 encountered, 0 discovered, 0 enqueued
[5.398s][info][gc,ref      ] GC(17) Phantom: 7 encountered, 3 discovered, 0 enqueued
[5.398s][info][gc,reloc    ] GC(17) Small Pages: 745 / 1490M, Empty: 0M, Relocated: 1M, In-Place: 0
[5.398s][info][gc,reloc    ] GC(17) Medium Pages: 2 / 64M, Empty: 32M, Relocated: 0M, In-Place: 0
[5.398s][info][gc,reloc    ] GC(17) Large Pages: 0 / 0M, Empty: 0M, Relocated: 0M, In-Place: 0
[5.398s][info][gc,reloc    ] GC(17) Forwarding Usage: 0M
[5.398s][info][gc,heap     ] GC(17) Min Capacity: 4096M(100%)
[5.398s][info][gc,heap     ] GC(17) Max Capacity: 4096M(100%)
[5.398s][info][gc,heap     ] GC(17) Soft Max Capacity: 4096M(100%)
[5.398s][info][gc,heap     ] GC(17)                Mark Start          Mark End        Relocate Start      Relocate End           High               Low         
[5.398s][info][gc,heap     ] GC(17)  Capacity:     4096M (100%)       4096M (100%)       4096M (100%)       4096M (100%)       4096M (100%)       4096M (100%)   
[5.398s][info][gc,heap     ] GC(17)      Free:     2542M (62%)        2540M (62%)        2570M (63%)        2570M (63%)        2570M (63%)        2538M (62%)    
[5.398s][info][gc,heap     ] GC(17)      Used:     1554M (38%)        1556M (38%)        1526M (37%)        1526M (37%)        1558M (38%)        1526M (37%)    
[5.398s][info][gc,heap     ] GC(17)      Live:         -              1354M (33%)        1354M (33%)        1354M (33%)            -                  -          
[5.398s][info][gc,heap     ] GC(17) Allocated:         -                 2M (0%)            4M (0%)            4M (0%)             -                  -          
[5.398s][info][gc,heap     ] GC(17)   Garbage:         -               199M (5%)          167M (4%)          167M (4%)             -                  -          
[5.398s][info][gc,heap     ] GC(17) Reclaimed:         -                  -                32M (1%)           32M (1%)             -                  -          
[5.398s][info][gc          ] GC(17) Garbage Collection (Timer) 1554M(38%)->1526M(37%)
[5.676s][info][gc,start    ] GC(18) Garbage Collection (Timer)
[5.676s][info][gc,task     ] GC(18) Using 3 workers
[5.676s][info][gc,phases   ] GC(18) Pause Mark Start 0.005ms
[5.690s][info][gc,phases   ] GC(18) Concurrent Mark 14.239ms
[5.691s][info][gc,phases   ] GC(18) Pause Mark End 0.009ms
[5.691s][info][gc,phases   ] GC(18) Concurrent Mark Free 0.001ms
[5.691s][info][gc,phases   ] GC(18) Concurrent Process Non-Strong References 0.420ms
[5.691s][info][gc,phases   ] GC(18) Concurrent Reset Relocation Set 0.001ms
[5.694s][info][gc,phases   ] GC(18) Concurrent Select Relocation Set 2.188ms
[5.694s][info][gc,phases   ] GC(18) Pause Relocate Start 0.006ms
[5.696s][info][gc,phases   ] GC(18) Concurrent Relocate 1.948ms
[5.696s][info][gc,load     ] GC(18) Load: 0.00/0.00/0.00
[5.696s][info][gc,mmu      ] GC(18) MMU: 2ms/99.2%, 5ms/99.5%, 10ms/99.8%, 20ms/99.9%, 50ms/99.9%, 100ms/100.0%
[5.696s][info][gc,marking  ] GC(18) Mark: 2 stripe(s), 2 proactive flush(es), 1 terminate flush(es), 0 completion(s), 0 continuation(s) 
[5.696s][info][gc,marking  ] GC(18) Mark Stack Usage: 32M
[5.696s][info][gc,nmethod  ] GC(18) NMethods: 464 registered, 0 unregistered
[5.696s][info][gc,metaspace] GC(18) Metaspace: 1M used, 1M committed, 1088M reserved
[5.696s][info][gc,ref      ] GC(18) Soft: 181 encountered, 0 discovered, 0 enqueued
[5.696s][info][gc,ref      ] GC(18) Weak: 263 encountered, 2 discovered, 0 enqueued
[5.696s][info][gc,ref      ] GC(18) Final: 0 encountered, 0 discovered, 0 enqueued
[5.696s][info][gc,ref      ] GC(18) Phantom: 7 encountered, 3 discovered, 0 enqueued
[5.696s][info][gc,reloc    ] GC(18) Small Pages: 788 / 1576M, Empty: 0M, Relocated: 1M, In-Place: 0
[5.696s][info][gc,reloc    ] GC(18) Medium Pages: 1 / 32M, Empty: 0M, Relocated: 0M, In-Place: 0
[5.696s][info][gc,reloc    ] GC(18) Large Pages: 0 / 0M, Empty: 0M, Relocated: 0M, In-Place: 0
[5.696s][info][gc,reloc    ] GC(18) Forwarding Usage: 0M
[5.696s][info][gc,heap     ] GC(18) Min Capacity: 4096M(100%)
[5.696s][info][gc,heap     ] GC(18) Max Capacity: 4096M(100%)
[5.696s][info][gc,heap     ] GC(18) Soft Max Capacity: 4096M(100%)
[5.696s][info][gc,heap     ] GC(18)                Mark Start          Mark End        Relocate Start      Relocate End           High               Low         
[5.696s][info][gc,heap     ] GC(18)  Capacity:     4096M (100%)       4096M (100%)       4096M (100%)       4096M (100%)       4096M (100%)       4096M (100%)   
[5.696s][info][gc,heap     ] GC(18)      Free:     2488M (61%)        2486M (61%)        2486M (61%)        2486M (61%)        2488M (61%)        2480M (61%)    
[5.697s][info][gc,heap     ] GC(18)      Used:     1608M (39%)        1610M (39%)        1610M (39%)        1610M (39%)        1616M (39%)        1608M (39%)    
[5.697s][info][gc,heap     ] GC(18)      Live:         -              1432M (35%)        1432M (35%)        1432M (35%)            -                  -          
[5.697s][info][gc,heap     ] GC(18) Allocated:         -                 2M (0%)            2M (0%)            2M (0%)             -                  -          
[5.697s][info][gc,heap     ] GC(18)   Garbage:         -               175M (4%)          175M (4%)          175M (4%)             -                  -          
[5.697s][info][gc,heap     ] GC(18) Reclaimed:         -                  -                 0M (0%)            0M (0%)             -                  -          
[5.697s][info][gc          ] GC(18) Garbage Collection (Timer) 1608M(39%)->1610M(39%)
[5.976s][info][gc,start    ] GC(19) Garbage Collection (Timer)
[5.976s][info][gc,task     ] GC(19) Using 3 workers
[5.977s][info][gc,phases   ] GC(19) Pause Mark Start 0.006ms
[5.994s][info][gc,phases   ] GC(19) Concurrent Mark 16.992ms
[5.994s][info][gc,phases   ] GC(19) Pause Mark End 0.009ms
[5.994s][info][gc,phases   ] GC(19) Concurrent Mark Free 0.001ms
[5.994s][info][gc,phases   ] GC(19) Concurrent Process Non-Strong References 0.558ms
[5.995s][info][gc,phases   ] GC(19) Concurrent Reset Relocation Set 0.001ms
[5.997s][info][gc,phases   ] GC(19) Concurrent Select Relocation Set 2.443ms
[5.997s][info][gc,phases   ] GC(19) Pause Relocate Start 0.006ms
[6.000s][info][gc,phases   ] GC(19) Concurrent Relocate 2.299ms
[6.000s][info][gc,load     ] GC(19) Load: 0.00/0.00/0.00
[6.000s][info][gc,mmu      ] GC(19) MMU: 2ms/99.2%, 5ms/99.5%, 10ms/99.8%, 20ms/99.9%, 50ms/99.9%, 100ms/100.0%
[6.000s][info][gc,marking  ] GC(19) Mark: 2 stripe(s), 2 proactive flush(es), 1 terminate flush(es), 0 completion(s), 0 continuation(s) 
[6.000s][info][gc,marking  ] GC(19) Mark Stack Usage: 32M
[6.000s][info][gc,nmethod  ] GC(19) NMethods: 464 registered, 0 unregistered
[6.000s][info][gc,metaspace] GC(19) Metaspace: 1M used, 1M committed, 1088M reserved
[6.000s][info][gc,ref      ] GC(19) Soft: 181 encountered, 0 discovered, 0 enqueued
[6.000s][info][gc,ref      ] GC(19) Weak: 263 encountered, 3 discovered, 0 enqueued
[6.000s][info][gc,ref      ] GC(19) Final: 0 encountered, 0 discovered, 0 enqueued
[6.000s][info][gc,ref      ] GC(19) Phantom: 7 encountered, 2 discovered, 0 enqueued
[6.000s][info][gc,reloc    ] GC(19) Small Pages: 837 / 1674M, Empty: 0M, Relocated: 1M, In-Place: 0
[6.000s][info][gc,reloc    ] GC(19) Medium Pages: 1 / 32M, Empty: 0M, Relocated: 0M, In-Place: 0
[6.000s][info][gc,reloc    ] GC(19) Large Pages: 0 / 0M, Empty: 0M, Relocated: 0M, In-Place: 0
[6.000s][info][gc,reloc    ] GC(19) Forwarding Usage: 0M
[6.000s][info][gc,heap     ] GC(19) Min Capacity: 4096M(100%)
[6.000s][info][gc,heap     ] GC(19) Max Capacity: 4096M(100%)
[6.000s][info][gc,heap     ] GC(19) Soft Max Capacity: 4096M(100%)
[6.000s][info][gc,heap     ] GC(19)                Mark Start          Mark End        Relocate Start      Relocate End           High               Low         
[6.000s][info][gc,heap     ] GC(19)  Capacity:     4096M (100%)       4096M (100%)       4096M (100%)       4096M (100%)       4096M (100%)       4096M (100%)   
[6.000s][info][gc,heap     ] GC(19)      Free:     2390M (58%)        2388M (58%)        2388M (58%)        2388M (58%)        2390M (58%)        2382M (58%)    
[6.000s][info][gc,heap     ] GC(19)      Used:     1706M (42%)        1708M (42%)        1708M (42%)        1708M (42%)        1714M (42%)        1706M (42%)    
[6.000s][info][gc,heap     ] GC(19)      Live:         -              1521M (37%)        1521M (37%)        1521M (37%)            -                  -          
[6.000s][info][gc,heap     ] GC(19) Allocated:         -                 2M (0%)            2M (0%)            2M (0%)             -                  -          
[6.000s][info][gc,heap     ] GC(19)   Garbage:         -               184M (5%)          184M (5%)          184M (5%)             -                  -          
[6.000s][info][gc,heap     ] GC(19) Reclaimed:         -                  -                 0M (0%)            0M (0%)             -                  -          
[6.000s][info][gc          ] GC(19) Garbage Collection (Timer) 1706M(42%)->1708M(42%)
[6.276s][info][gc,start    ] GC(20) Garbage Collection (Timer)
[6.277s][info][gc,task     ] GC(20) Using 3 workers
[6.277s][info][gc,phases   ] GC(20) Pause Mark Start 0.006ms
[6.295s][info][gc,phases   ] GC(20) Concurrent Mark 18.485ms
[6.295s][info][gc,phases   ] GC(20) Pause Mark End 0.010ms
[6.295s][info][gc,phases   ] GC(20) Concurrent Mark Free 0.001ms
[6.296s][info][gc,phases   ] GC(20) Concurrent Process Non-Strong References 0.807ms
[6.296s][info][gc,phases   ] GC(20) Concurrent Reset Relocation Set 0.001ms
[6.299s][info][gc,phases   ] GC(20) Concurrent Select Relocation Set 2.312ms
[6.299s][info][gc,phases   ] GC(20) Pause Relocate Start 0.005ms
[6.303s][info][gc,phases   ] GC(20) Concurrent Relocate 4.516ms
[6.303s][info][gc,load     ] GC(20) Load: 0.00/0.00/0.00
[6.303s][info][gc,mmu      ] GC(20) MMU: 2ms/99.2%, 5ms/99.5%, 10ms/99.8%, 20ms/99.9%, 50ms/99.9%, 100ms/100.0%
[6.304s][info][gc,marking  ] GC(20) Mark: 2 stripe(s), 2 proactive flush(es), 1 terminate flush(es), 0 completion(s), 0 continuation(s) 
[6.304s][info][gc,marking  ] GC(20) Mark Stack Usage: 32M
[6.304s][info][gc,nmethod  ] GC(20) NMethods: 464 registered, 0 unregistered
[6.304s][info][gc,metaspace] GC(20) Metaspace: 1M used, 1M committed, 1088M reserved
[6.304s][info][gc,ref      ] GC(20) Soft: 181 encountered, 0 discovered, 0 enqueued
[6.304s][info][gc,ref      ] GC(20) Weak: 263 encountered, 0 discovered, 0 enqueued
[6.304s][info][gc,ref      ] GC(20) Final: 0 encountered, 0 discovered, 0 enqueued
[6.304s][info][gc,ref      ] GC(20) Phantom: 7 encountered, 2 discovered, 0 enqueued
[6.304s][info][gc,reloc    ] GC(20) Small Pages: 882 / 1764M, Empty: 0M, Relocated: 2M, In-Place: 0
[6.304s][info][gc,reloc    ] GC(20) Medium Pages: 1 / 32M, Empty: 0M, Relocated: 0M, In-Place: 0
[6.304s][info][gc,reloc    ] GC(20) Large Pages: 0 / 0M, Empty: 0M, Relocated: 0M, In-Place: 0
[6.304s][info][gc,reloc    ] GC(20) Forwarding Usage: 0M
[6.304s][info][gc,heap     ] GC(20) Min Capacity: 4096M(100%)
[6.304s][info][gc,heap     ] GC(20) Max Capacity: 4096M(100%)
[6.304s][info][gc,heap     ] GC(20) Soft Max Capacity: 4096M(100%)
[6.304s][info][gc,heap     ] GC(20)                Mark Start          Mark End        Relocate Start      Relocate End           High               Low         
[6.304s][info][gc,heap     ] GC(20)  Capacity:     4096M (100%)       4096M (100%)       4096M (100%)       4096M (100%)       4096M (100%)       4096M (100%)   
[6.304s][info][gc,heap     ] GC(20)      Free:     2300M (56%)        2298M (56%)        2298M (56%)        2302M (56%)        2302M (56%)        2292M (56%)    
[6.304s][info][gc,heap     ] GC(20)      Used:     1796M (44%)        1798M (44%)        1798M (44%)        1794M (44%)        1804M (44%)        1794M (44%)    
[6.304s][info][gc,heap     ] GC(20)      Live:         -              1602M (39%)        1602M (39%)        1602M (39%)            -                  -          
[6.304s][info][gc,heap     ] GC(20) Allocated:         -                 2M (0%)            2M (0%)            1M (0%)             -                  -          
[6.304s][info][gc,heap     ] GC(20)   Garbage:         -               193M (5%)          193M (5%)          189M (5%)             -                  -          
[6.304s][info][gc,heap     ] GC(20) Reclaimed:         -                  -                 0M (0%)            3M (0%)             -                  -          
[6.304s][info][gc          ] GC(20) Garbage Collection (Timer) 1796M(44%)->1794M(44%)
[6.575s][info][gc,start    ] GC(21) Garbage Collection (Timer)
[6.575s][info][gc,task     ] GC(21) Using 3 workers
[6.575s][info][gc,phases   ] GC(21) Pause Mark Start 0.006ms
[6.591s][info][gc,phases   ] GC(21) Concurrent Mark 15.558ms
[6.591s][info][gc,phases   ] GC(21) Pause Mark End 0.009ms
[6.591s][info][gc,phases   ] GC(21) Concurrent Mark Free 0.001ms
[6.592s][info][gc,phases   ] GC(21) Concurrent Process Non-Strong References 0.514ms
[6.592s][info][gc,phases   ] GC(21) Concurrent Reset Relocation Set 0.001ms
[6.594s][info][gc,phases   ] GC(21) Concurrent Select Relocation Set 2.397ms
[6.594s][info][gc,phases   ] GC(21) Pause Relocate Start 0.005ms
[6.599s][info][gc,phases   ] GC(21) Concurrent Relocate 4.142ms
[6.599s][info][gc,load     ] GC(21) Load: 0.00/0.00/0.00
[6.599s][info][gc,mmu      ] GC(21) MMU: 2ms/99.2%, 5ms/99.5%, 10ms/99.8%, 20ms/99.9%, 50ms/99.9%, 100ms/100.0%
[6.599s][info][gc,marking  ] GC(21) Mark: 2 stripe(s), 2 proactive flush(es), 1 terminate flush(es), 0 completion(s), 0 continuation(s) 
[6.599s][info][gc,marking  ] GC(21) Mark Stack Usage: 32M
[6.599s][info][gc,nmethod  ] GC(21) NMethods: 465 registered, 0 unregistered
[6.599s][info][gc,metaspace] GC(21) Metaspace: 1M used, 1M committed, 1088M reserved
[6.599s][info][gc,ref      ] GC(21) Soft: 181 encountered, 0 discovered, 0 enqueued
[6.599s][info][gc,ref      ] GC(21) Weak: 263 encountered, 2 discovered, 0 enqueued
[6.599s][info][gc,ref      ] GC(21) Final: 0 encountered, 0 discovered, 0 enqueued
[6.599s][info][gc,ref      ] GC(21) Phantom: 7 encountered, 2 discovered, 0 enqueued
[6.599s][info][gc,reloc    ] GC(21) Small Pages: 922 / 1844M, Empty: 0M, Relocated: 3M, In-Place: 0
[6.599s][info][gc,reloc    ] GC(21) Medium Pages: 1 / 32M, Empty: 0M, Relocated: 0M, In-Place: 0
[6.599s][info][gc,reloc    ] GC(21) Large Pages: 0 / 0M, Empty: 0M, Relocated: 0M, In-Place: 0
[6.599s][info][gc,reloc    ] GC(21) Forwarding Usage: 0M
[6.599s][info][gc,heap     ] GC(21) Min Capacity: 4096M(100%)
[6.599s][info][gc,heap     ] GC(21) Max Capacity: 4096M(100%)
[6.599s][info][gc,heap     ] GC(21) Soft Max Capacity: 4096M(100%)
[6.599s][info][gc,heap     ] GC(21)                Mark Start          Mark End        Relocate Start      Relocate End           High               Low         
[6.599s][info][gc,heap     ] GC(21)  Capacity:     4096M (100%)       4096M (100%)       4096M (100%)       4096M (100%)       4096M (100%)       4096M (100%)   
[6.599s][info][gc,heap     ] GC(21)      Free:     2220M (54%)        2218M (54%)        2218M (54%)        2220M (54%)        2220M (54%)        2212M (54%)    
[6.599s][info][gc,heap     ] GC(21)      Used:     1876M (46%)        1878M (46%)        1878M (46%)        1876M (46%)        1884M (46%)        1876M (46%)    
[6.599s][info][gc,heap     ] GC(21)      Live:         -              1677M (41%)        1677M (41%)        1677M (41%)            -                  -          
[6.599s][info][gc,heap     ] GC(21) Allocated:         -                 2M (0%)            2M (0%)            1M (0%)             -                  -          
[6.599s][info][gc,heap     ] GC(21)   Garbage:         -               198M (5%)          198M (5%)          196M (5%)             -                  -          
[6.599s][info][gc,heap     ] GC(21) Reclaimed:         -                  -                 0M (0%)            1M (0%)             -                  -          
[6.599s][info][gc          ] GC(21) Garbage Collection (Timer) 1876M(46%)->1876M(46%)
[6.876s][info][gc,start    ] GC(22) Garbage Collection (Timer)
[6.877s][info][gc,task     ] GC(22) Using 3 workers
[6.877s][info][gc,phases   ] GC(22) Pause Mark Start 0.005ms
[6.892s][info][gc,phases   ] GC(22) Concurrent Mark 15.235ms
[6.892s][info][gc,phases   ] GC(22) Pause Mark End 0.010ms
[6.892s][info][gc,phases   ] GC(22) Concurrent Mark Free 0.001ms
[6.893s][info][gc,phases   ] GC(22) Concurrent Process Non-Strong References 0.671ms
[6.893s][info][gc,phases   ] GC(22) Concurrent Reset Relocation Set 0.001ms
[6.896s][info][gc,phases   ] GC(22) Concurrent Select Relocation Set 2.841ms
[6.896s][info][gc,phases   ] GC(22) Pause Relocate Start 0.006ms
[6.898s][info][gc,phases   ] GC(22) Concurrent Relocate 1.675ms
[6.898s][info][gc,load     ] GC(22) Load: 0.00/0.00/0.00
[6.898s][info][gc,mmu      ] GC(22) MMU: 2ms/99.2%, 5ms/99.5%, 10ms/99.8%, 20ms/99.9%, 50ms/99.9%, 100ms/100.0%
[6.898s][info][gc,marking  ] GC(22) Mark: 2 stripe(s), 2 proactive flush(es), 1 terminate flush(es), 0 completion(s), 0 continuation(s) 
[6.898s][info][gc,marking  ] GC(22) Mark Stack Usage: 32M
[6.898s][info][gc,nmethod  ] GC(22) NMethods: 467 registered, 0 unregistered
[6.898s][info][gc,metaspace] GC(22) Metaspace: 1M used, 1M committed, 1088M reserved
[6.898s][info][gc,ref      ] GC(22) Soft: 181 encountered, 0 discovered, 0 enqueued
[6.898s][info][gc,ref      ] GC(22) Weak: 263 encountered, 0 discovered, 0 enqueued
[6.898s][info][gc,ref      ] GC(22) Final: 0 encountered, 0 discovered, 0 enqueued
[6.898s][info][gc,ref      ] GC(22) Phantom: 7 encountered, 2 discovered, 0 enqueued
[6.898s][info][gc,reloc    ] GC(22) Small Pages: 962 / 1924M, Empty: 0M, Relocated: 1M, In-Place: 0
[6.898s][info][gc,reloc    ] GC(22) Medium Pages: 1 / 32M, Empty: 0M, Relocated: 0M, In-Place: 0
[6.898s][info][gc,reloc    ] GC(22) Large Pages: 0 / 0M, Empty: 0M, Relocated: 0M, In-Place: 0
[6.898s][info][gc,reloc    ] GC(22) Forwarding Usage: 0M
[6.898s][info][gc,heap     ] GC(22) Min Capacity: 4096M(100%)
[6.898s][info][gc,heap     ] GC(22) Max Capacity: 4096M(100%)
[6.898s][info][gc,heap     ] GC(22) Soft Max Capacity: 4096M(100%)
[6.898s][info][gc,heap     ] GC(22)                Mark Start          Mark End        Relocate Start      Relocate End           High               Low         
[6.898s][info][gc,heap     ] GC(22)  Capacity:     4096M (100%)       4096M (100%)       4096M (100%)       4096M (100%)       4096M (100%)       4096M (100%)   
[6.898s][info][gc,heap     ] GC(22)      Free:     2140M (52%)        2138M (52%)        2138M (52%)        2138M (52%)        2140M (52%)        2134M (52%)    
[6.898s][info][gc,heap     ] GC(22)      Used:     1956M (48%)        1958M (48%)        1958M (48%)        1958M (48%)        1962M (48%)        1956M (48%)    
[6.898s][info][gc,heap     ] GC(22)      Live:         -              1752M (43%)        1752M (43%)        1752M (43%)            -                  -          
[6.898s][info][gc,heap     ] GC(22) Allocated:         -                 2M (0%)            2M (0%)            2M (0%)             -                  -          
[6.898s][info][gc,heap     ] GC(22)   Garbage:         -               203M (5%)          203M (5%)          203M (5%)             -                  -          
[6.898s][info][gc,heap     ] GC(22) Reclaimed:         -                  -                 0M (0%)            0M (0%)             -                  -          
[6.898s][info][gc          ] GC(22) Garbage Collection (Timer) 1956M(48%)->1958M(48%)
[7.175s][info][gc,start    ] GC(23) Garbage Collection (Timer)
[7.175s][info][gc,task     ] GC(23) Using 3 workers
[7.176s][info][gc,phases   ] GC(23) Pause Mark Start 0.008ms
[7.195s][info][gc,phases   ] GC(23) Concurrent Mark 19.192ms
[7.195s][info][gc,phases   ] GC(23) Pause Mark End 0.010ms
[7.195s][info][gc,phases   ] GC(23) Concurrent Mark Free 0.001ms
[7.196s][info][gc,phases   ] GC(23) Concurrent Process Non-Strong References 0.664ms
[7.196s][info][gc,phases   ] GC(23) Concurrent Reset Relocation Set 0.001ms
[7.199s][info][gc,phases   ] GC(23) Concurrent Select Relocation Set 2.712ms
[7.199s][info][gc,phases   ] GC(23) Pause Relocate Start 0.008ms
[7.201s][info][gc,phases   ] GC(23) Concurrent Relocate 2.157ms
[7.201s][info][gc,load     ] GC(23) Load: 0.00/0.00/0.00
[7.201s][info][gc,mmu      ] GC(23) MMU: 2ms/99.2%, 5ms/99.5%, 10ms/99.8%, 20ms/99.9%, 50ms/99.9%, 100ms/100.0%
[7.201s][info][gc,marking  ] GC(23) Mark: 2 stripe(s), 2 proactive flush(es), 1 terminate flush(es), 0 completion(s), 0 continuation(s) 
[7.201s][info][gc,marking  ] GC(23) Mark Stack Usage: 32M
[7.201s][info][gc,nmethod  ] GC(23) NMethods: 467 registered, 0 unregistered
[7.202s][info][gc,metaspace] GC(23) Metaspace: 1M used, 1M committed, 1088M reserved
[7.202s][info][gc,ref      ] GC(23) Soft: 181 encountered, 0 discovered, 0 enqueued
[7.202s][info][gc,ref      ] GC(23) Weak: 263 encountered, 0 discovered, 0 enqueued
[7.202s][info][gc,ref      ] GC(23) Final: 0 encountered, 0 discovered, 0 enqueued
[7.202s][info][gc,ref      ] GC(23) Phantom: 7 encountered, 3 discovered, 0 enqueued
[7.202s][info][gc,reloc    ] GC(23) Small Pages: 993 / 1986M, Empty: 0M, Relocated: 1M, In-Place: 0
[7.202s][info][gc,reloc    ] GC(23) Medium Pages: 1 / 32M, Empty: 0M, Relocated: 0M, In-Place: 0
[7.202s][info][gc,reloc    ] GC(23) Large Pages: 0 / 0M, Empty: 0M, Relocated: 0M, In-Place: 0
[7.202s][info][gc,reloc    ] GC(23) Forwarding Usage: 0M
[7.202s][info][gc,heap     ] GC(23) Min Capacity: 4096M(100%)
[7.202s][info][gc,heap     ] GC(23) Max Capacity: 4096M(100%)
[7.202s][info][gc,heap     ] GC(23) Soft Max Capacity: 4096M(100%)
[7.202s][info][gc,heap     ] GC(23)                Mark Start          Mark End        Relocate Start      Relocate End           High               Low         
[7.202s][info][gc,heap     ] GC(23)  Capacity:     4096M (100%)       4096M (100%)       4096M (100%)       4096M (100%)       4096M (100%)       4096M (100%)   
[7.202s][info][gc,heap     ] GC(23)      Free:     2078M (51%)        2076M (51%)        2076M (51%)        2076M (51%)        2078M (51%)        2072M (51%)    
[7.202s][info][gc,heap     ] GC(23)      Used:     2018M (49%)        2020M (49%)        2020M (49%)        2020M (49%)        2024M (49%)        2018M (49%)    
[7.202s][info][gc,heap     ] GC(23)      Live:         -              1808M (44%)        1808M (44%)        1808M (44%)            -                  -          
[7.202s][info][gc,heap     ] GC(23) Allocated:         -                 2M (0%)            2M (0%)            2M (0%)             -                  -          
[7.202s][info][gc,heap     ] GC(23)   Garbage:         -               209M (5%)          209M (5%)          209M (5%)             -                  -          
[7.202s][info][gc,heap     ] GC(23) Reclaimed:         -                  -                 0M (0%)            0M (0%)             -                  -          
[7.202s][info][gc          ] GC(23) Garbage Collection (Timer) 2018M(49%)->2020M(49%)
[7.476s][info][gc,start    ] GC(24) Garbage Collection (Timer)
[7.476s][info][gc,task     ] GC(24) Using 3 workers
[7.476s][info][gc,phases   ] GC(24) Pause Mark Start 0.006ms
[7.506s][info][gc,phases   ] GC(24) Concurrent Mark 29.678ms
[7.506s][info][gc,phases   ] GC(24) Pause Mark End 0.010ms
[7.506s][info][gc,phases   ] GC(24) Concurrent Mark Free 0.001ms
[7.507s][info][gc,phases   ] GC(24) Concurrent Process Non-Strong References 0.471ms
[7.507s][info][gc,phases   ] GC(24) Concurrent Reset Relocation Set 0.001ms
[7.509s][info][gc,phases   ] GC(24) Concurrent Select Relocation Set 2.166ms
[7.509s][info][gc,phases   ] GC(24) Pause Relocate Start 0.005ms
[7.514s][info][gc,phases   ] GC(24) Concurrent Relocate 5.066ms
[7.514s][info][gc,load     ] GC(24) Load: 0.00/0.00/0.00
[7.514s][info][gc,mmu      ] GC(24) MMU: 2ms/99.2%, 5ms/99.5%, 10ms/99.8%, 20ms/99.9%, 50ms/99.9%, 100ms/100.0%
[7.514s][info][gc,marking  ] GC(24) Mark: 2 stripe(s), 10 proactive flush(es), 1 terminate flush(es), 0 completion(s), 0 continuation(s) 
[7.514s][info][gc,marking  ] GC(24) Mark Stack Usage: 32M
[7.514s][info][gc,nmethod  ] GC(24) NMethods: 467 registered, 0 unregistered
[7.514s][info][gc,metaspace] GC(24) Metaspace: 1M used, 1M committed, 1088M reserved
[7.515s][info][gc,ref      ] GC(24) Soft: 181 encountered, 0 discovered, 0 enqueued
[7.515s][info][gc,ref      ] GC(24) Weak: 263 encountered, 159 discovered, 0 enqueued
[7.515s][info][gc,ref      ] GC(24) Final: 0 encountered, 0 discovered, 0 enqueued
[7.515s][info][gc,ref      ] GC(24) Phantom: 7 encountered, 3 discovered, 0 enqueued
[7.515s][info][gc,reloc    ] GC(24) Small Pages: 1019 / 2038M, Empty: 0M, Relocated: 3M, In-Place: 0
[7.515s][info][gc,reloc    ] GC(24) Medium Pages: 1 / 32M, Empty: 0M, Relocated: 0M, In-Place: 0
[7.515s][info][gc,reloc    ] GC(24) Large Pages: 0 / 0M, Empty: 0M, Relocated: 0M, In-Place: 0
[7.515s][info][gc,reloc    ] GC(24) Forwarding Usage: 0M
[7.515s][info][gc,heap     ] GC(24) Min Capacity: 4096M(100%)
[7.515s][info][gc,heap     ] GC(24) Max Capacity: 4096M(100%)
[7.515s][info][gc,heap     ] GC(24) Soft Max Capacity: 4096M(100%)
[7.515s][info][gc,heap     ] GC(24)                Mark Start          Mark End        Relocate Start      Relocate End           High               Low         
[7.515s][info][gc,heap     ] GC(24)  Capacity:     4096M (100%)       4096M (100%)       4096M (100%)       4096M (100%)       4096M (100%)       4096M (100%)   
[7.515s][info][gc,heap     ] GC(24)      Free:     2026M (49%)        2026M (49%)        2026M (49%)        2028M (50%)        2028M (50%)        2020M (49%)    
[7.515s][info][gc,heap     ] GC(24)      Used:     2070M (51%)        2070M (51%)        2070M (51%)        2068M (50%)        2076M (51%)        2068M (50%)    
[7.515s][info][gc,heap     ] GC(24)      Live:         -              1855M (45%)        1855M (45%)        1855M (45%)            -                  -          
[7.515s][info][gc,heap     ] GC(24) Allocated:         -                 0M (0%)            0M (0%)            0M (0%)             -                  -          
[7.515s][info][gc,heap     ] GC(24)   Garbage:         -               214M (5%)          214M (5%)          212M (5%)             -                  -          
[7.515s][info][gc,heap     ] GC(24) Reclaimed:         -                  -                 0M (0%)            2M (0%)             -                  -          
[7.515s][info][gc          ] GC(24) Garbage Collection (Timer) 2070M(51%)->2068M(50%)
[7.776s][info][gc,start    ] GC(25) Garbage Collection (Timer)
[7.776s][info][gc,task     ] GC(25) Using 3 workers
[7.776s][info][gc,phases   ] GC(25) Pause Mark Start 0.006ms
[7.798s][info][gc,phases   ] GC(25) Concurrent Mark 21.611ms
[7.798s][info][gc,phases   ] GC(25) Pause Mark End 0.009ms
[7.798s][info][gc,phases   ] GC(25) Concurrent Mark Free 0.001ms
[7.799s][info][gc,phases   ] GC(25) Concurrent Process Non-Strong References 0.694ms
[7.799s][info][gc,phases   ] GC(25) Concurrent Reset Relocation Set 0.001ms
[7.801s][info][gc,phases   ] GC(25) Concurrent Select Relocation Set 2.013ms
[7.801s][info][gc,phases   ] GC(25) Pause Relocate Start 0.004ms
[7.802s][info][gc,phases   ] GC(25) Concurrent Relocate 0.422ms
[7.802s][info][gc,load     ] GC(25) Load: 0.00/0.00/0.00
[7.802s][info][gc,mmu      ] GC(25) MMU: 2ms/99.2%, 5ms/99.5%, 10ms/99.8%, 20ms/99.9%, 50ms/99.9%, 100ms/100.0%
[7.802s][info][gc,marking  ] GC(25) Mark: 2 stripe(s), 10 proactive flush(es), 1 terminate flush(es), 0 completion(s), 0 continuation(s) 
[7.802s][info][gc,marking  ] GC(25) Mark Stack Usage: 32M
[7.802s][info][gc,nmethod  ] GC(25) NMethods: 467 registered, 0 unregistered
[7.802s][info][gc,metaspace] GC(25) Metaspace: 1M used, 1M committed, 1088M reserved
[7.802s][info][gc,ref      ] GC(25) Soft: 181 encountered, 0 discovered, 0 enqueued
[7.802s][info][gc,ref      ] GC(25) Weak: 263 encountered, 159 discovered, 0 enqueued
[7.802s][info][gc,ref      ] GC(25) Final: 0 encountered, 0 discovered, 0 enqueued
[7.802s][info][gc,ref      ] GC(25) Phantom: 7 encountered, 3 discovered, 0 enqueued
[7.802s][info][gc,reloc    ] GC(25) Small Pages: 1018 / 2036M, Empty: 0M, Relocated: 1M, In-Place: 0
[7.802s][info][gc,reloc    ] GC(25) Medium Pages: 1 / 32M, Empty: 0M, Relocated: 0M, In-Place: 0
[7.802s][info][gc,reloc    ] GC(25) Large Pages: 0 / 0M, Empty: 0M, Relocated: 0M, In-Place: 0
[7.802s][info][gc,reloc    ] GC(25) Forwarding Usage: 0M
[7.802s][info][gc,heap     ] GC(25) Min Capacity: 4096M(100%)
[7.802s][info][gc,heap     ] GC(25) Max Capacity: 4096M(100%)
[7.802s][info][gc,heap     ] GC(25) Soft Max Capacity: 4096M(100%)
[7.802s][info][gc,heap     ] GC(25)                Mark Start          Mark End        Relocate Start      Relocate End           High               Low         
[7.802s][info][gc,heap     ] GC(25)  Capacity:     4096M (100%)       4096M (100%)       4096M (100%)       4096M (100%)       4096M (100%)       4096M (100%)   
[7.802s][info][gc,heap     ] GC(25)      Free:     2028M (50%)        2028M (50%)        2028M (50%)        2028M (50%)        2028M (50%)        2024M (49%)    
[7.802s][info][gc,heap     ] GC(25)      Used:     2068M (50%)        2068M (50%)        2068M (50%)        2068M (50%)        2072M (51%)        2068M (50%)    
[7.802s][info][gc,heap     ] GC(25)      Live:         -              1855M (45%)        1855M (45%)        1855M (45%)            -                  -          
[7.802s][info][gc,heap     ] GC(25) Allocated:         -                 0M (0%)            0M (0%)            0M (0%)             -                  -          
[7.802s][info][gc,heap     ] GC(25)   Garbage:         -               212M (5%)          212M (5%)          212M (5%)             -                  -          
[7.802s][info][gc,heap     ] GC(25) Reclaimed:         -                  -                 0M (0%)            0M (0%)             -                  -          
[7.802s][info][gc          ] GC(25) Garbage Collection (Timer) 2068M(50%)->2068M(50%)
[8.076s][info][gc,start    ] GC(26) Garbage Collection (Timer)
[8.076s][info][gc,task     ] GC(26) Using 3 workers
[8.076s][info][gc,phases   ] GC(26) Pause Mark Start 0.006ms
[8.096s][info][gc,phases   ] GC(26) Concurrent Mark 19.418ms
[8.096s][info][gc,phases   ] GC(26) Pause Mark End 0.009ms
[8.096s][info][gc,phases   ] GC(26) Concurrent Mark Free 0.001ms
[8.097s][info][gc,phases   ] GC(26) Concurrent Process Non-Strong References 0.848ms
[8.097s][info][gc,phases   ] GC(26) Concurrent Reset Relocation Set 0.001ms
[8.099s][info][gc,phases   ] GC(26) Concurrent Select Relocation Set 2.120ms
[8.099s][info][gc,phases   ] GC(26) Pause Relocate Start 0.004ms
[8.099s][info][gc,phases   ] GC(26) Concurrent Relocate 0.213ms
[8.099s][info][gc,load     ] GC(26) Load: 0.00/0.00/0.00
[8.100s][info][gc,mmu      ] GC(26) MMU: 2ms/99.2%, 5ms/99.5%, 10ms/99.8%, 20ms/99.9%, 50ms/99.9%, 100ms/100.0%
[8.100s][info][gc,marking  ] GC(26) Mark: 2 stripe(s), 10 proactive flush(es), 1 terminate flush(es), 0 completion(s), 0 continuation(s) 
[8.100s][info][gc,marking  ] GC(26) Mark Stack Usage: 32M
[8.100s][info][gc,nmethod  ] GC(26) NMethods: 467 registered, 0 unregistered
[8.100s][info][gc,metaspace] GC(26) Metaspace: 1M used, 1M committed, 1088M reserved
[8.100s][info][gc,ref      ] GC(26) Soft: 181 encountered, 0 discovered, 0 enqueued
[8.100s][info][gc,ref      ] GC(26) Weak: 263 encountered, 161 discovered, 0 enqueued
[8.100s][info][gc,ref      ] GC(26) Final: 0 encountered, 0 discovered, 0 enqueued
[8.100s][info][gc,ref      ] GC(26) Phantom: 7 encountered, 3 discovered, 0 enqueued
[8.100s][info][gc,reloc    ] GC(26) Small Pages: 1018 / 2036M, Empty: 0M, Relocated: 1M, In-Place: 0
[8.100s][info][gc,reloc    ] GC(26) Medium Pages: 1 / 32M, Empty: 0M, Relocated: 0M, In-Place: 0
[8.100s][info][gc,reloc    ] GC(26) Large Pages: 0 / 0M, Empty: 0M, Relocated: 0M, In-Place: 0
[8.100s][info][gc,reloc    ] GC(26) Forwarding Usage: 0M
[8.100s][info][gc,heap     ] GC(26) Min Capacity: 4096M(100%)
[8.100s][info][gc,heap     ] GC(26) Max Capacity: 4096M(100%)
[8.100s][info][gc,heap     ] GC(26) Soft Max Capacity: 4096M(100%)
[8.100s][info][gc,heap     ] GC(26)                Mark Start          Mark End        Relocate Start      Relocate End           High               Low         
[8.100s][info][gc,heap     ] GC(26)  Capacity:     4096M (100%)       4096M (100%)       4096M (100%)       4096M (100%)       4096M (100%)       4096M (100%)   
[8.100s][info][gc,heap     ] GC(26)      Free:     2028M (50%)        2028M (50%)        2028M (50%)        2028M (50%)        2028M (50%)        2024M (49%)    
[8.100s][info][gc,heap     ] GC(26)      Used:     2068M (50%)        2068M (50%)        2068M (50%)        2068M (50%)        2072M (51%)        2068M (50%)    
[8.100s][info][gc,heap     ] GC(26)      Live:         -              1855M (45%)        1855M (45%)        1855M (45%)            -                  -          
[8.100s][info][gc,heap     ] GC(26) Allocated:         -                 0M (0%)            0M (0%)            0M (0%)             -                  -          
[8.100s][info][gc,heap     ] GC(26)   Garbage:         -               212M (5%)          212M (5%)          212M (5%)             -                  -          
[8.100s][info][gc,heap     ] GC(26) Reclaimed:         -                  -                 0M (0%)            0M (0%)             -                  -          
[8.100s][info][gc          ] GC(26) Garbage Collection (Timer) 2068M(50%)->2068M(50%)
[8.377s][info][gc,start    ] GC(27) Garbage Collection (Timer)
[8.377s][info][gc,task     ] GC(27) Using 3 workers
[8.377s][info][gc,phases   ] GC(27) Pause Mark Start 0.006ms
[8.395s][info][gc,phases   ] GC(27) Concurrent Mark 18.429ms
[8.395s][info][gc,phases   ] GC(27) Pause Mark End 0.010ms
[8.396s][info][gc,phases   ] GC(27) Concurrent Mark Free 0.001ms
[8.396s][info][gc,phases   ] GC(27) Concurrent Process Non-Strong References 0.788ms
[8.396s][info][gc,phases   ] GC(27) Concurrent Reset Relocation Set 0.001ms
[8.398s][info][gc,phases   ] GC(27) Concurrent Select Relocation Set 2.030ms
[8.399s][info][gc,phases   ] GC(27) Pause Relocate Start 0.007ms
[8.399s][info][gc,phases   ] GC(27) Concurrent Relocate 0.229ms
[8.399s][info][gc,load     ] GC(27) Load: 0.00/0.00/0.00
[8.399s][info][gc,mmu      ] GC(27) MMU: 2ms/99.2%, 5ms/99.5%, 10ms/99.8%, 20ms/99.9%, 50ms/99.9%, 100ms/100.0%
[8.399s][info][gc,marking  ] GC(27) Mark: 2 stripe(s), 10 proactive flush(es), 1 terminate flush(es), 0 completion(s), 0 continuation(s) 
[8.399s][info][gc,marking  ] GC(27) Mark Stack Usage: 32M
[8.399s][info][gc,nmethod  ] GC(27) NMethods: 467 registered, 0 unregistered
[8.399s][info][gc,metaspace] GC(27) Metaspace: 1M used, 1M committed, 1088M reserved
[8.399s][info][gc,ref      ] GC(27) Soft: 181 encountered, 0 discovered, 0 enqueued
[8.399s][info][gc,ref      ] GC(27) Weak: 263 encountered, 2 discovered, 0 enqueued
[8.399s][info][gc,ref      ] GC(27) Final: 0 encountered, 0 discovered, 0 enqueued
[8.399s][info][gc,ref      ] GC(27) Phantom: 7 encountered, 3 discovered, 0 enqueued
[8.399s][info][gc,reloc    ] GC(27) Small Pages: 1018 / 2036M, Empty: 0M, Relocated: 1M, In-Place: 0
[8.399s][info][gc,reloc    ] GC(27) Medium Pages: 1 / 32M, Empty: 0M, Relocated: 0M, In-Place: 0
[8.399s][info][gc,reloc    ] GC(27) Large Pages: 0 / 0M, Empty: 0M, Relocated: 0M, In-Place: 0
[8.399s][info][gc,reloc    ] GC(27) Forwarding Usage: 0M
[8.399s][info][gc,heap     ] GC(27) Min Capacity: 4096M(100%)
[8.399s][info][gc,heap     ] GC(27) Max Capacity: 4096M(100%)
[8.399s][info][gc,heap     ] GC(27) Soft Max Capacity: 4096M(100%)
[8.399s][info][gc,heap     ] GC(27)                Mark Start          Mark End        Relocate Start      Relocate End           High               Low         
[8.399s][info][gc,heap     ] GC(27)  Capacity:     4096M (100%)       4096M (100%)       4096M (100%)       4096M (100%)       4096M (100%)       4096M (100%)   
[8.399s][info][gc,heap     ] GC(27)      Free:     2028M (50%)        2028M (50%)        2028M (50%)        2028M (50%)        2028M (50%)        2024M (49%)    
[8.399s][info][gc,heap     ] GC(27)      Used:     2068M (50%)        2068M (50%)        2068M (50%)        2068M (50%)        2072M (51%)        2068M (50%)    
[8.400s][info][gc,heap     ] GC(27)      Live:         -              1855M (45%)        1855M (45%)        1855M (45%)            -                  -          
[8.400s][info][gc,heap     ] GC(27) Allocated:         -                 0M (0%)            0M (0%)            0M (0%)             -                  -          
[8.400s][info][gc,heap     ] GC(27)   Garbage:         -               212M (5%)          212M (5%)          212M (5%)             -                  -          
[8.400s][info][gc,heap     ] GC(27) Reclaimed:         -                  -                 0M (0%)            0M (0%)             -                  -          
[8.400s][info][gc          ] GC(27) Garbage Collection (Timer) 2068M(50%)->2068M(50%)
[8.676s][info][gc,start    ] GC(28) Garbage Collection (Timer)
[8.676s][info][gc,task     ] GC(28) Using 3 workers
[8.676s][info][gc,phases   ] GC(28) Pause Mark Start 0.006ms
[8.691s][info][gc,phases   ] GC(28) Concurrent Mark 15.176ms
[8.692s][info][gc,phases   ] GC(28) Pause Mark End 0.010ms
[8.692s][info][gc,phases   ] GC(28) Concurrent Mark Free 0.001ms
[8.692s][info][gc,phases   ] GC(28) Concurrent Process Non-Strong References 0.485ms
[8.692s][info][gc,phases   ] GC(28) Concurrent Reset Relocation Set 0.001ms
[8.695s][info][gc,phases   ] GC(28) Concurrent Select Relocation Set 2.756ms
[8.695s][info][gc,phases   ] GC(28) Pause Relocate Start 0.006ms
[8.697s][info][gc,phases   ] GC(28) Concurrent Relocate 1.896ms
[8.697s][info][gc,load     ] GC(28) Load: 0.00/0.00/0.00
[8.697s][info][gc,mmu      ] GC(28) MMU: 2ms/99.2%, 5ms/99.5%, 10ms/99.8%, 20ms/99.9%, 50ms/99.9%, 100ms/100.0%
[8.697s][info][gc,marking  ] GC(28) Mark: 2 stripe(s), 2 proactive flush(es), 1 terminate flush(es), 0 completion(s), 0 continuation(s) 
[8.697s][info][gc,marking  ] GC(28) Mark Stack Usage: 32M
[8.697s][info][gc,nmethod  ] GC(28) NMethods: 477 registered, 0 unregistered
[8.697s][info][gc,metaspace] GC(28) Metaspace: 1M used, 1M committed, 1088M reserved
[8.697s][info][gc,ref      ] GC(28) Soft: 181 encountered, 0 discovered, 0 enqueued
[8.697s][info][gc,ref      ] GC(28) Weak: 263 encountered, 181 discovered, 0 enqueued
[8.697s][info][gc,ref      ] GC(28) Final: 0 encountered, 0 discovered, 0 enqueued
[8.697s][info][gc,ref      ] GC(28) Phantom: 7 encountered, 2 discovered, 0 enqueued
[8.697s][info][gc,reloc    ] GC(28) Small Pages: 1046 / 2092M, Empty: 0M, Relocated: 1M, In-Place: 0
[8.697s][info][gc,reloc    ] GC(28) Medium Pages: 1 / 32M, Empty: 0M, Relocated: 0M, In-Place: 0
[8.697s][info][gc,reloc    ] GC(28) Large Pages: 0 / 0M, Empty: 0M, Relocated: 0M, In-Place: 0
[8.697s][info][gc,reloc    ] GC(28) Forwarding Usage: 0M
[8.697s][info][gc,heap     ] GC(28) Min Capacity: 4096M(100%)
[8.698s][info][gc,heap     ] GC(28) Max Capacity: 4096M(100%)
[8.698s][info][gc,heap     ] GC(28) Soft Max Capacity: 4096M(100%)
[8.698s][info][gc,heap     ] GC(28)                Mark Start          Mark End        Relocate Start      Relocate End           High               Low         
[8.698s][info][gc,heap     ] GC(28)  Capacity:     4096M (100%)       4096M (100%)       4096M (100%)       4096M (100%)       4096M (100%)       4096M (100%)   
[8.698s][info][gc,heap     ] GC(28)      Free:     1972M (48%)        1970M (48%)        1968M (48%)        1968M (48%)        1972M (48%)        1964M (48%)    
[8.698s][info][gc,heap     ] GC(28)      Used:     2124M (52%)        2126M (52%)        2128M (52%)        2128M (52%)        2132M (52%)        2124M (52%)    
[8.698s][info][gc,heap     ] GC(28)      Live:         -              1906M (47%)        1906M (47%)        1906M (47%)            -                  -          
[8.698s][info][gc,heap     ] GC(28) Allocated:         -                 2M (0%)            4M (0%)            4M (0%)             -                  -          
[8.698s][info][gc,heap     ] GC(28)   Garbage:         -               217M (5%)          217M (5%)          217M (5%)             -                  -          
[8.698s][info][gc,heap     ] GC(28) Reclaimed:         -                  -                 0M (0%)            0M (0%)             -                  -          
[8.698s][info][gc          ] GC(28) Garbage Collection (Timer) 2124M(52%)->2128M(52%)
[8.976s][info][gc,start    ] GC(29) Garbage Collection (Timer)
[8.977s][info][gc,task     ] GC(29) Using 3 workers
[8.977s][info][gc,phases   ] GC(29) Pause Mark Start 0.006ms
[8.995s][info][gc,phases   ] GC(29) Concurrent Mark 18.449ms
[8.995s][info][gc,phases   ] GC(29) Pause Mark End 0.010ms
[8.995s][info][gc,phases   ] GC(29) Concurrent Mark Free 0.001ms
[8.996s][info][gc,phases   ] GC(29) Concurrent Process Non-Strong References 0.874ms
[8.996s][info][gc,phases   ] GC(29) Concurrent Reset Relocation Set 0.001ms
[8.999s][info][gc,phases   ] GC(29) Concurrent Select Relocation Set 2.373ms
[8.999s][info][gc,phases   ] GC(29) Pause Relocate Start 0.005ms
[9.001s][info][gc,phases   ] GC(29) Concurrent Relocate 1.767ms
[9.001s][info][gc,load     ] GC(29) Load: 0.00/0.00/0.00
[9.001s][info][gc,mmu      ] GC(29) MMU: 2ms/99.2%, 5ms/99.5%, 10ms/99.8%, 20ms/99.9%, 50ms/99.9%, 100ms/100.0%
[9.001s][info][gc,marking  ] GC(29) Mark: 2 stripe(s), 2 proactive flush(es), 1 terminate flush(es), 0 completion(s), 0 continuation(s) 
[9.001s][info][gc,marking  ] GC(29) Mark Stack Usage: 32M
[9.001s][info][gc,nmethod  ] GC(29) NMethods: 477 registered, 0 unregistered
[9.001s][info][gc,metaspace] GC(29) Metaspace: 1M used, 1M committed, 1088M reserved
[9.001s][info][gc,ref      ] GC(29) Soft: 181 encountered, 0 discovered, 0 enqueued
[9.001s][info][gc,ref      ] GC(29) Weak: 263 encountered, 0 discovered, 0 enqueued
[9.001s][info][gc,ref      ] GC(29) Final: 0 encountered, 0 discovered, 0 enqueued
[9.001s][info][gc,ref      ] GC(29) Phantom: 7 encountered, 3 discovered, 0 enqueued
[9.001s][info][gc,reloc    ] GC(29) Small Pages: 1083 / 2166M, Empty: 0M, Relocated: 1M, In-Place: 0
[9.001s][info][gc,reloc    ] GC(29) Medium Pages: 2 / 64M, Empty: 32M, Relocated: 0M, In-Place: 0
[9.001s][info][gc,reloc    ] GC(29) Large Pages: 0 / 0M, Empty: 0M, Relocated: 0M, In-Place: 0
[9.001s][info][gc,reloc    ] GC(29) Forwarding Usage: 0M
[9.001s][info][gc,heap     ] GC(29) Min Capacity: 4096M(100%)
[9.001s][info][gc,heap     ] GC(29) Max Capacity: 4096M(100%)
[9.001s][info][gc,heap     ] GC(29) Soft Max Capacity: 4096M(100%)
[9.001s][info][gc,heap     ] GC(29)                Mark Start          Mark End        Relocate Start      Relocate End           High               Low         
[9.001s][info][gc,heap     ] GC(29)  Capacity:     4096M (100%)       4096M (100%)       4096M (100%)       4096M (100%)       4096M (100%)       4096M (100%)   
[9.001s][info][gc,heap     ] GC(29)      Free:     1866M (46%)        1864M (46%)        1896M (46%)        1896M (46%)        1896M (46%)        1864M (46%)    
[9.001s][info][gc,heap     ] GC(29)      Used:     2230M (54%)        2232M (54%)        2200M (54%)        2200M (54%)        2232M (54%)        2200M (54%)    
[9.001s][info][gc,heap     ] GC(29)      Live:         -              1972M (48%)        1972M (48%)        1972M (48%)            -                  -          
[9.001s][info][gc,heap     ] GC(29) Allocated:         -                 2M (0%)            2M (0%)            2M (0%)             -                  -          
[9.002s][info][gc,heap     ] GC(29)   Garbage:         -               257M (6%)          225M (6%)          225M (6%)             -                  -          
[9.002s][info][gc,heap     ] GC(29) Reclaimed:         -                  -                32M (1%)           32M (1%)             -                  -          
[9.002s][info][gc          ] GC(29) Garbage Collection (Timer) 2230M(54%)->2200M(54%)
[9.276s][info][gc,start    ] GC(30) Garbage Collection (Timer)
[9.276s][info][gc,task     ] GC(30) Using 3 workers
[9.276s][info][gc,phases   ] GC(30) Pause Mark Start 0.006ms
[9.293s][info][gc,phases   ] GC(30) Concurrent Mark 16.607ms
[9.293s][info][gc,phases   ] GC(30) Pause Mark End 0.010ms
[9.293s][info][gc,phases   ] GC(30) Concurrent Mark Free 0.001ms
[9.294s][info][gc,phases   ] GC(30) Concurrent Process Non-Strong References 0.705ms
[9.294s][info][gc,phases   ] GC(30) Concurrent Reset Relocation Set 0.001ms
[9.296s][info][gc,phases   ] GC(30) Concurrent Select Relocation Set 2.286ms
[9.297s][info][gc,phases   ] GC(30) Pause Relocate Start 0.006ms
[9.300s][info][gc,phases   ] GC(30) Concurrent Relocate 3.319ms
[9.300s][info][gc,load     ] GC(30) Load: 0.00/0.00/0.00
[9.300s][info][gc,mmu      ] GC(30) MMU: 2ms/99.2%, 5ms/99.5%, 10ms/99.8%, 20ms/99.9%, 50ms/99.9%, 100ms/100.0%
[9.300s][info][gc,marking  ] GC(30) Mark: 2 stripe(s), 2 proactive flush(es), 1 terminate flush(es), 0 completion(s), 0 continuation(s) 
[9.300s][info][gc,marking  ] GC(30) Mark Stack Usage: 32M
[9.300s][info][gc,nmethod  ] GC(30) NMethods: 477 registered, 0 unregistered
[9.300s][info][gc,metaspace] GC(30) Metaspace: 1M used, 1M committed, 1088M reserved
[9.300s][info][gc,ref      ] GC(30) Soft: 181 encountered, 0 discovered, 0 enqueued
[9.300s][info][gc,ref      ] GC(30) Weak: 263 encountered, 0 discovered, 0 enqueued
[9.300s][info][gc,ref      ] GC(30) Final: 0 encountered, 0 discovered, 0 enqueued
[9.300s][info][gc,ref      ] GC(30) Phantom: 7 encountered, 3 discovered, 0 enqueued
[9.300s][info][gc,reloc    ] GC(30) Small Pages: 1116 / 2232M, Empty: 0M, Relocated: 1M, In-Place: 0
[9.300s][info][gc,reloc    ] GC(30) Medium Pages: 1 / 32M, Empty: 0M, Relocated: 0M, In-Place: 0
[9.300s][info][gc,reloc    ] GC(30) Large Pages: 0 / 0M, Empty: 0M, Relocated: 0M, In-Place: 0
[9.300s][info][gc,reloc    ] GC(30) Forwarding Usage: 0M
[9.300s][info][gc,heap     ] GC(30) Min Capacity: 4096M(100%)
[9.300s][info][gc,heap     ] GC(30) Max Capacity: 4096M(100%)
[9.300s][info][gc,heap     ] GC(30) Soft Max Capacity: 4096M(100%)
[9.300s][info][gc,heap     ] GC(30)                Mark Start          Mark End        Relocate Start      Relocate End           High               Low         
[9.301s][info][gc,heap     ] GC(30)  Capacity:     4096M (100%)       4096M (100%)       4096M (100%)       4096M (100%)       4096M (100%)       4096M (100%)   
[9.301s][info][gc,heap     ] GC(30)      Free:     1832M (45%)        1830M (45%)        1830M (45%)        1830M (45%)        1832M (45%)        1824M (45%)    
[9.301s][info][gc,heap     ] GC(30)      Used:     2264M (55%)        2266M (55%)        2266M (55%)        2266M (55%)        2272M (55%)        2264M (55%)    
[9.301s][info][gc,heap     ] GC(30)      Live:         -              2031M (50%)        2031M (50%)        2031M (50%)            -                  -          
[9.301s][info][gc,heap     ] GC(30) Allocated:         -                 2M (0%)            2M (0%)            2M (0%)             -                  -          
[9.301s][info][gc,heap     ] GC(30)   Garbage:         -               232M (6%)          232M (6%)          232M (6%)             -                  -          
[9.301s][info][gc,heap     ] GC(30) Reclaimed:         -                  -                 0M (0%)            0M (0%)             -                  -          
[9.301s][info][gc          ] GC(30) Garbage Collection (Timer) 2264M(55%)->2266M(55%)
[9.576s][info][gc,start    ] GC(31) Garbage Collection (Timer)
[9.576s][info][gc,task     ] GC(31) Using 3 workers
[9.576s][info][gc,phases   ] GC(31) Pause Mark Start 0.006ms
[9.593s][info][gc,phases   ] GC(31) Concurrent Mark 16.524ms
[9.593s][info][gc,phases   ] GC(31) Pause Mark End 0.009ms
[9.593s][info][gc,phases   ] GC(31) Concurrent Mark Free 0.001ms
[9.594s][info][gc,phases   ] GC(31) Concurrent Process Non-Strong References 0.964ms
[9.594s][info][gc,phases   ] GC(31) Concurrent Reset Relocation Set 0.001ms
[9.596s][info][gc,phases   ] GC(31) Concurrent Select Relocation Set 2.227ms
[9.596s][info][gc,phases   ] GC(31) Pause Relocate Start 0.005ms
[9.599s][info][gc,phases   ] GC(31) Concurrent Relocate 2.200ms
[9.599s][info][gc,load     ] GC(31) Load: 0.00/0.00/0.00
[9.599s][info][gc,mmu      ] GC(31) MMU: 2ms/99.2%, 5ms/99.5%, 10ms/99.8%, 20ms/99.9%, 50ms/99.9%, 100ms/100.0%
[9.599s][info][gc,marking  ] GC(31) Mark: 2 stripe(s), 2 proactive flush(es), 1 terminate flush(es), 0 completion(s), 0 continuation(s) 
[9.599s][info][gc,marking  ] GC(31) Mark Stack Usage: 32M
[9.599s][info][gc,nmethod  ] GC(31) NMethods: 477 registered, 0 unregistered
[9.599s][info][gc,metaspace] GC(31) Metaspace: 1M used, 1M committed, 1088M reserved
[9.599s][info][gc,ref      ] GC(31) Soft: 181 encountered, 0 discovered, 0 enqueued
[9.599s][info][gc,ref      ] GC(31) Weak: 263 encountered, 181 discovered, 0 enqueued
[9.599s][info][gc,ref      ] GC(31) Final: 0 encountered, 0 discovered, 0 enqueued
[9.599s][info][gc,ref      ] GC(31) Phantom: 7 encountered, 3 discovered, 0 enqueued
[9.599s][info][gc,reloc    ] GC(31) Small Pages: 1148 / 2296M, Empty: 0M, Relocated: 1M, In-Place: 0
[9.599s][info][gc,reloc    ] GC(31) Medium Pages: 1 / 32M, Empty: 0M, Relocated: 0M, In-Place: 0
[9.599s][info][gc,reloc    ] GC(31) Large Pages: 0 / 0M, Empty: 0M, Relocated: 0M, In-Place: 0
[9.599s][info][gc,reloc    ] GC(31) Forwarding Usage: 0M
[9.599s][info][gc,heap     ] GC(31) Min Capacity: 4096M(100%)
[9.599s][info][gc,heap     ] GC(31) Max Capacity: 4096M(100%)
[9.599s][info][gc,heap     ] GC(31) Soft Max Capacity: 4096M(100%)
[9.599s][info][gc,heap     ] GC(31)                Mark Start          Mark End        Relocate Start      Relocate End           High               Low         
[9.599s][info][gc,heap     ] GC(31)  Capacity:     4096M (100%)       4096M (100%)       4096M (100%)       4096M (100%)       4096M (100%)       4096M (100%)   
[9.599s][info][gc,heap     ] GC(31)      Free:     1768M (43%)        1766M (43%)        1766M (43%)        1764M (43%)        1768M (43%)        1758M (43%)    
[9.599s][info][gc,heap     ] GC(31)      Used:     2328M (57%)        2330M (57%)        2330M (57%)        2332M (57%)        2338M (57%)        2328M (57%)    
[9.599s][info][gc,heap     ] GC(31)      Live:         -              2089M (51%)        2089M (51%)        2089M (51%)            -                  -          
[9.599s][info][gc,heap     ] GC(31) Allocated:         -                 2M (0%)            2M (0%)            4M (0%)             -                  -          
[9.599s][info][gc,heap     ] GC(31)   Garbage:         -               238M (6%)          238M (6%)          238M (6%)             -                  -          
[9.599s][info][gc,heap     ] GC(31) Reclaimed:         -                  -                 0M (0%)            0M (0%)             -                  -          
[9.599s][info][gc          ] GC(31) Garbage Collection (Timer) 2328M(57%)->2332M(57%)
[9.876s][info][gc,start    ] GC(32) Garbage Collection (Timer)
[9.876s][info][gc,task     ] GC(32) Using 3 workers
[9.876s][info][gc,phases   ] GC(32) Pause Mark Start 0.006ms
[9.894s][info][gc,phases   ] GC(32) Concurrent Mark 18.254ms
[9.895s][info][gc,phases   ] GC(32) Pause Mark End 0.010ms
[9.895s][info][gc,phases   ] GC(32) Concurrent Mark Free 0.001ms
[9.895s][info][gc,phases   ] GC(32) Concurrent Process Non-Strong References 0.689ms
[9.896s][info][gc,phases   ] GC(32) Concurrent Reset Relocation Set 0.001ms
[9.898s][info][gc,phases   ] GC(32) Concurrent Select Relocation Set 2.376ms
[9.898s][info][gc,phases   ] GC(32) Pause Relocate Start 0.006ms
[9.903s][info][gc,phases   ] GC(32) Concurrent Relocate 4.330ms
[9.903s][info][gc,load     ] GC(32) Load: 0.00/0.00/0.00
[9.903s][info][gc,mmu      ] GC(32) MMU: 2ms/99.2%, 5ms/99.5%, 10ms/99.8%, 20ms/99.9%, 50ms/99.9%, 100ms/100.0%
[9.903s][info][gc,marking  ] GC(32) Mark: 2 stripe(s), 2 proactive flush(es), 1 terminate flush(es), 0 completion(s), 0 continuation(s) 
[9.903s][info][gc,marking  ] GC(32) Mark Stack Usage: 32M
[9.903s][info][gc,nmethod  ] GC(32) NMethods: 477 registered, 0 unregistered
[9.903s][info][gc,metaspace] GC(32) Metaspace: 1M used, 1M committed, 1088M reserved
[9.903s][info][gc,ref      ] GC(32) Soft: 181 encountered, 0 discovered, 0 enqueued
[9.903s][info][gc,ref      ] GC(32) Weak: 263 encountered, 0 discovered, 0 enqueued
[9.903s][info][gc,ref      ] GC(32) Final: 0 encountered, 0 discovered, 0 enqueued
[9.903s][info][gc,ref      ] GC(32) Phantom: 7 encountered, 2 discovered, 0 enqueued
[9.903s][info][gc,reloc    ] GC(32) Small Pages: 1182 / 2364M, Empty: 0M, Relocated: 2M, In-Place: 0
[9.903s][info][gc,reloc    ] GC(32) Medium Pages: 1 / 32M, Empty: 0M, Relocated: 0M, In-Place: 0
[9.903s][info][gc,reloc    ] GC(32) Large Pages: 0 / 0M, Empty: 0M, Relocated: 0M, In-Place: 0
[9.903s][info][gc,reloc    ] GC(32) Forwarding Usage: 0M
[9.903s][info][gc,heap     ] GC(32) Min Capacity: 4096M(100%)
[9.903s][info][gc,heap     ] GC(32) Max Capacity: 4096M(100%)
[9.903s][info][gc,heap     ] GC(32) Soft Max Capacity: 4096M(100%)
[9.903s][info][gc,heap     ] GC(32)                Mark Start          Mark End        Relocate Start      Relocate End           High               Low         
[9.903s][info][gc,heap     ] GC(32)  Capacity:     4096M (100%)       4096M (100%)       4096M (100%)       4096M (100%)       4096M (100%)       4096M (100%)   
[9.903s][info][gc,heap     ] GC(32)      Free:     1700M (42%)        1698M (41%)        1696M (41%)        1700M (42%)        1700M (42%)        1690M (41%)    
[9.903s][info][gc,heap     ] GC(32)      Used:     2396M (58%)        2398M (59%)        2400M (59%)        2396M (58%)        2406M (59%)        2396M (58%)    
[9.903s][info][gc,heap     ] GC(32)      Live:         -              2150M (52%)        2150M (52%)        2150M (52%)            -                  -          
[9.903s][info][gc,heap     ] GC(32) Allocated:         -                 2M (0%)            4M (0%)            3M (0%)             -                  -          
[9.903s][info][gc,heap     ] GC(32)   Garbage:         -               245M (6%)          245M (6%)          241M (6%)             -                  -          
[9.903s][info][gc,heap     ] GC(32) Reclaimed:         -                  -                 0M (0%)            3M (0%)             -                  -          
[9.903s][info][gc          ] GC(32) Garbage Collection (Timer) 2396M(58%)->2396M(58%)
[10.176s][info][gc,start    ] GC(33) Garbage Collection (Timer)
[10.176s][info][gc,task     ] GC(33) Using 3 workers
[10.176s][info][gc,phases   ] GC(33) Pause Mark Start 0.005ms
[10.194s][info][gc,phases   ] GC(33) Concurrent Mark 17.515ms
[10.194s][info][gc,phases   ] GC(33) Pause Mark End 0.009ms
[10.194s][info][gc,phases   ] GC(33) Concurrent Mark Free 0.001ms
[10.195s][info][gc,phases   ] GC(33) Concurrent Process Non-Strong References 0.575ms
[10.195s][info][gc,phases   ] GC(33) Concurrent Reset Relocation Set 0.001ms
[10.197s][info][gc,phases   ] GC(33) Concurrent Select Relocation Set 2.297ms
[10.197s][info][gc,phases   ] GC(33) Pause Relocate Start 0.005ms
[10.199s][info][gc,phases   ] GC(33) Concurrent Relocate 1.697ms
[10.199s][info][gc,load     ] GC(33) Load: 0.00/0.00/0.00
[10.199s][info][gc,mmu      ] GC(33) MMU: 2ms/99.2%, 5ms/99.5%, 10ms/99.8%, 20ms/99.9%, 50ms/99.9%, 100ms/100.0%
[10.199s][info][gc,marking  ] GC(33) Mark: 2 stripe(s), 2 proactive flush(es), 1 terminate flush(es), 0 completion(s), 0 continuation(s) 
[10.199s][info][gc,marking  ] GC(33) Mark Stack Usage: 32M
[10.199s][info][gc,nmethod  ] GC(33) NMethods: 477 registered, 0 unregistered
[10.199s][info][gc,metaspace] GC(33) Metaspace: 1M used, 1M committed, 1088M reserved
[10.199s][info][gc,ref      ] GC(33) Soft: 181 encountered, 0 discovered, 0 enqueued
[10.199s][info][gc,ref      ] GC(33) Weak: 263 encountered, 0 discovered, 0 enqueued
[10.199s][info][gc,ref      ] GC(33) Final: 0 encountered, 0 discovered, 0 enqueued
[10.199s][info][gc,ref      ] GC(33) Phantom: 7 encountered, 2 discovered, 0 enqueued
[10.199s][info][gc,reloc    ] GC(33) Small Pages: 1211 / 2422M, Empty: 0M, Relocated: 1M, In-Place: 0
[10.199s][info][gc,reloc    ] GC(33) Medium Pages: 1 / 32M, Empty: 0M, Relocated: 0M, In-Place: 0
[10.199s][info][gc,reloc    ] GC(33) Large Pages: 0 / 0M, Empty: 0M, Relocated: 0M, In-Place: 0
[10.199s][info][gc,reloc    ] GC(33) Forwarding Usage: 0M
[10.199s][info][gc,heap     ] GC(33) Min Capacity: 4096M(100%)
[10.199s][info][gc,heap     ] GC(33) Max Capacity: 4096M(100%)
[10.199s][info][gc,heap     ] GC(33) Soft Max Capacity: 4096M(100%)
[10.199s][info][gc,heap     ] GC(33)                Mark Start          Mark End        Relocate Start      Relocate End           High               Low         
[10.199s][info][gc,heap     ] GC(33)  Capacity:     4096M (100%)       4096M (100%)       4096M (100%)       4096M (100%)       4096M (100%)       4096M (100%)   
[10.199s][info][gc,heap     ] GC(33)      Free:     1642M (40%)        1640M (40%)        1638M (40%)        1638M (40%)        1642M (40%)        1634M (40%)    
[10.199s][info][gc,heap     ] GC(33)      Used:     2454M (60%)        2456M (60%)        2458M (60%)        2458M (60%)        2462M (60%)        2454M (60%)    
[10.199s][info][gc,heap     ] GC(33)      Live:         -              2206M (54%)        2206M (54%)        2206M (54%)            -                  -          
[10.200s][info][gc,heap     ] GC(33) Allocated:         -                 2M (0%)            4M (0%)            4M (0%)             -                  -          
[10.200s][info][gc,heap     ] GC(33)   Garbage:         -               247M (6%)          247M (6%)          247M (6%)             -                  -          
[10.200s][info][gc,heap     ] GC(33) Reclaimed:         -                  -                 0M (0%)            0M (0%)             -                  -          
[10.200s][info][gc          ] GC(33) Garbage Collection (Timer) 2454M(60%)->2458M(60%)
[10.276s][info][gc,stats    ] === Garbage Collection Statistics =======================================================================================================================
[10.276s][info][gc,stats    ]                                                              Last 10s              Last 10m              Last 10h                Total
[10.276s][info][gc,stats    ]                                                              Avg / Max             Avg / Max             Avg / Max             Avg / Max
[10.277s][info][gc,stats    ]   Collector: Garbage Collection Cycle                     22.353 / 41.855       22.353 / 41.855       22.353 / 41.855       22.353 / 41.855      ms
[10.277s][info][gc,stats    ]  Contention: Mark Segment Reset Contention                     3 / 10                3 / 10                3 / 10                3 / 10          ops/s
[10.277s][info][gc,stats    ]  Contention: Mark SeqNum Reset Contention                      1 / 3                 1 / 3                 1 / 3                 1 / 3           ops/s
[10.277s][info][gc,stats    ]    Critical: Allocation Stall                                  0 / 0                 0 / 0                 0 / 0                 0 / 0           ops/s
[10.277s][info][gc,stats    ]    Critical: Allocation Stall                              0.000 / 0.000         0.000 / 0.000         0.000 / 0.000         0.000 / 0.000       ms
[10.277s][info][gc,stats    ]    Critical: GC Locker Stall                                   0 / 0                 0 / 0                 0 / 0                 0 / 0           ops/s
[10.277s][info][gc,stats    ]    Critical: GC Locker Stall                               0.000 / 0.000         0.000 / 0.000         0.000 / 0.000         0.000 / 0.000       ms
[10.277s][info][gc,stats    ]    Critical: Relocation Stall                                  0 / 0                 0 / 0                 0 / 0                 0 / 0           ops/s
[10.277s][info][gc,stats    ]    Critical: Relocation Stall                              0.000 / 0.000         0.000 / 0.000         0.000 / 0.000         0.000 / 0.000       ms
[10.277s][info][gc,stats    ]      Memory: Allocation Rate                                 256 / 688             256 / 688             256 / 688             256 / 688         MB/s
[10.277s][info][gc,stats    ]      Memory: Out Of Memory                                     0 / 0                 0 / 0                 0 / 0                 0 / 0           ops/s
[10.277s][info][gc,stats    ]      Memory: Page Cache Flush                                  0 / 0                 0 / 0                 0 / 0                 0 / 0           MB/s
[10.277s][info][gc,stats    ]      Memory: Page Cache Hit L1                                 9 / 13                9 / 13                9 / 13                9 / 13          ops/s
[10.277s][info][gc,stats    ]      Memory: Page Cache Hit L2                                 0 / 0                 0 / 0                 0 / 0                 0 / 0           ops/s
[10.277s][info][gc,stats    ]      Memory: Page Cache Hit L3                               122 / 344             122 / 344             122 / 344             122 / 344         ops/s
[10.277s][info][gc,stats    ]      Memory: Page Cache Miss                                   0 / 1                 0 / 1                 0 / 1                 0 / 1           ops/s
[10.277s][info][gc,stats    ]      Memory: Uncommit                                          0 / 0                 0 / 0                 0 / 0                 0 / 0           MB/s
[10.277s][info][gc,stats    ]      Memory: Undo Object Allocation Failed                     0 / 0                 0 / 0                 0 / 0                 0 / 0           ops/s
[10.277s][info][gc,stats    ]      Memory: Undo Object Allocation Succeeded                  0 / 1                 0 / 1                 0 / 1                 0 / 1           ops/s
[10.277s][info][gc,stats    ]      Memory: Undo Page Allocation                              0 / 0                 0 / 0                 0 / 0                 0 / 0           ops/s
[10.277s][info][gc,stats    ]       Phase: Concurrent Mark                              16.218 / 35.880       16.218 / 35.880       16.218 / 35.880       16.218 / 35.880      ms
[10.277s][info][gc,stats    ]       Phase: Concurrent Mark Continue                      0.000 / 0.000         0.000 / 0.000         0.000 / 0.000         0.000 / 0.000       ms
[10.277s][info][gc,stats    ]       Phase: Concurrent Mark Free                          0.001 / 0.001         0.001 / 0.001         0.001 / 0.001         0.001 / 0.001       ms
[10.277s][info][gc,stats    ]       Phase: Concurrent Process Non-Strong References      0.647 / 0.964         0.647 / 0.964         0.647 / 0.964         0.647 / 0.964       ms
[10.277s][info][gc,stats    ]       Phase: Concurrent Relocate                           1.965 / 5.066         1.965 / 5.066         1.965 / 5.066         1.965 / 5.066       ms
[10.277s][info][gc,stats    ]       Phase: Concurrent Reset Relocation Set               0.001 / 0.001         0.001 / 0.001         0.001 / 0.001         0.001 / 0.001       ms
[10.277s][info][gc,stats    ]       Phase: Concurrent Select Relocation Set              2.582 / 10.212        2.582 / 10.212        2.582 / 10.212        2.582 / 10.212      ms
[10.277s][info][gc,stats    ]       Phase: Pause Mark End                                0.010 / 0.016         0.010 / 0.016         0.010 / 0.016         0.010 / 0.016       ms
[10.277s][info][gc,stats    ]       Phase: Pause Mark Start                              0.006 / 0.009         0.006 / 0.009         0.006 / 0.009         0.006 / 0.009       ms
[10.277s][info][gc,stats    ]       Phase: Pause Relocate Start                          0.006 / 0.008         0.006 / 0.008         0.006 / 0.008         0.006 / 0.008       ms
[10.277s][info][gc,stats    ]    Subphase: Concurrent Classes Purge                      0.069 / 0.128         0.069 / 0.128         0.069 / 0.128         0.069 / 0.128       ms
[10.277s][info][gc,stats    ]    Subphase: Concurrent Classes Unlink                     0.235 / 0.300         0.235 / 0.300         0.235 / 0.300         0.235 / 0.300       ms
[10.278s][info][gc,stats    ]    Subphase: Concurrent Mark                              15.193 / 35.270       15.193 / 35.270       15.193 / 35.270       15.193 / 35.270      ms
[10.278s][info][gc,stats    ]    Subphase: Concurrent Mark Try Flush                     0.377 / 17.900        0.377 / 17.900        0.377 / 17.900        0.377 / 17.900      ms
[10.278s][info][gc,stats    ]    Subphase: Concurrent Mark Try Terminate                 1.137 / 2.512         1.137 / 2.512         1.137 / 2.512         1.137 / 2.512       ms
[10.278s][info][gc,stats    ]    Subphase: Concurrent References Enqueue                 0.001 / 0.004         0.001 / 0.004         0.001 / 0.004         0.001 / 0.004       ms
[10.278s][info][gc,stats    ]    Subphase: Concurrent References Process                 0.076 / 0.135         0.076 / 0.135         0.076 / 0.135         0.076 / 0.135       ms
[10.278s][info][gc,stats    ]    Subphase: Concurrent Roots ClassLoaderDataGraph         0.044 / 0.191         0.044 / 0.191         0.044 / 0.191         0.044 / 0.191       ms
[10.278s][info][gc,stats    ]    Subphase: Concurrent Roots CodeCache                    0.000 / 0.000         0.000 / 0.000         0.000 / 0.000         0.000 / 0.000       ms
[10.278s][info][gc,stats    ]    Subphase: Concurrent Roots JavaThreads                  0.181 / 0.604         0.181 / 0.604         0.181 / 0.604         0.181 / 0.604       ms
[10.278s][info][gc,stats    ]    Subphase: Concurrent Roots OopStorageSet                0.011 / 0.045         0.011 / 0.045         0.011 / 0.045         0.011 / 0.045       ms
[10.278s][info][gc,stats    ]    Subphase: Concurrent Weak Roots OopStorageSet           0.100 / 0.328         0.100 / 0.328         0.100 / 0.328         0.100 / 0.328       ms
[10.278s][info][gc,stats    ]    Subphase: Pause Mark Try Complete                       0.000 / 0.000         0.000 / 0.000         0.000 / 0.000         0.000 / 0.000       ms
[10.278s][info][gc,stats    ]      System: Java Threads                                     13 / 14               13 / 14               13 / 14               13 / 14          threads
[10.278s][info][gc,stats    ] =========================================================================================================================================================
[10.476s][info][gc,start    ] GC(34) Garbage Collection (Timer)
[10.476s][info][gc,task     ] GC(34) Using 3 workers
[10.476s][info][gc,phases   ] GC(34) Pause Mark Start 0.005ms
[10.497s][info][gc,phases   ] GC(34) Concurrent Mark 20.688ms
[10.497s][info][gc,phases   ] GC(34) Pause Mark End 0.010ms
[10.497s][info][gc,phases   ] GC(34) Concurrent Mark Free 0.001ms
[10.498s][info][gc,phases   ] GC(34) Concurrent Process Non-Strong References 0.622ms
[10.498s][info][gc,phases   ] GC(34) Concurrent Reset Relocation Set 0.001ms
[10.500s][info][gc,phases   ] GC(34) Concurrent Select Relocation Set 2.181ms
[10.500s][info][gc,phases   ] GC(34) Pause Relocate Start 0.005ms
[10.506s][info][gc,phases   ] GC(34) Concurrent Relocate 5.082ms
[10.506s][info][gc,load     ] GC(34) Load: 0.00/0.00/0.00
[10.506s][info][gc,mmu      ] GC(34) MMU: 2ms/99.2%, 5ms/99.5%, 10ms/99.8%, 20ms/99.9%, 50ms/99.9%, 100ms/100.0%
[10.506s][info][gc,marking  ] GC(34) Mark: 2 stripe(s), 2 proactive flush(es), 1 terminate flush(es), 0 completion(s), 0 continuation(s) 
[10.506s][info][gc,marking  ] GC(34) Mark Stack Usage: 32M
[10.506s][info][gc,nmethod  ] GC(34) NMethods: 477 registered, 0 unregistered
[10.506s][info][gc,metaspace] GC(34) Metaspace: 1M used, 1M committed, 1088M reserved
[10.506s][info][gc,ref      ] GC(34) Soft: 181 encountered, 0 discovered, 0 enqueued
[10.506s][info][gc,ref      ] GC(34) Weak: 263 encountered, 0 discovered, 0 enqueued
[10.506s][info][gc,ref      ] GC(34) Final: 0 encountered, 0 discovered, 0 enqueued
[10.506s][info][gc,ref      ] GC(34) Phantom: 7 encountered, 2 discovered, 0 enqueued
[10.506s][info][gc,reloc    ] GC(34) Small Pages: 1239 / 2478M, Empty: 0M, Relocated: 3M, In-Place: 0
[10.506s][info][gc,reloc    ] GC(34) Medium Pages: 1 / 32M, Empty: 0M, Relocated: 0M, In-Place: 0
[10.506s][info][gc,reloc    ] GC(34) Large Pages: 0 / 0M, Empty: 0M, Relocated: 0M, In-Place: 0
[10.506s][info][gc,reloc    ] GC(34) Forwarding Usage: 0M
[10.506s][info][gc,heap     ] GC(34) Min Capacity: 4096M(100%)
[10.506s][info][gc,heap     ] GC(34) Max Capacity: 4096M(100%)
[10.506s][info][gc,heap     ] GC(34) Soft Max Capacity: 4096M(100%)
[10.506s][info][gc,heap     ] GC(34)                Mark Start          Mark End        Relocate Start      Relocate End           High               Low         
[10.506s][info][gc,heap     ] GC(34)  Capacity:     4096M (100%)       4096M (100%)       4096M (100%)       4096M (100%)       4096M (100%)       4096M (100%)   
[10.506s][info][gc,heap     ] GC(34)      Free:     1586M (39%)        1584M (39%)        1584M (39%)        1586M (39%)        1586M (39%)        1578M (39%)    
[10.506s][info][gc,heap     ] GC(34)      Used:     2510M (61%)        2512M (61%)        2512M (61%)        2510M (61%)        2518M (61%)        2510M (61%)    
[10.506s][info][gc,heap     ] GC(34)      Live:         -              2256M (55%)        2256M (55%)        2256M (55%)            -                  -          
[10.506s][info][gc,heap     ] GC(34) Allocated:         -                 2M (0%)            2M (0%)            1M (0%)             -                  -          
[10.506s][info][gc,heap     ] GC(34)   Garbage:         -               253M (6%)          253M (6%)          251M (6%)             -                  -          
[10.506s][info][gc,heap     ] GC(34) Reclaimed:         -                  -                 0M (0%)            1M (0%)             -                  -          
[10.506s][info][gc          ] GC(34) Garbage Collection (Timer) 2510M(61%)->2510M(61%)
[10.776s][info][gc,start    ] GC(35) Garbage Collection (Timer)
[10.776s][info][gc,task     ] GC(35) Using 3 workers
[10.776s][info][gc,phases   ] GC(35) Pause Mark Start 0.005ms
[10.794s][info][gc,phases   ] GC(35) Concurrent Mark 17.782ms
[10.794s][info][gc,phases   ] GC(35) Pause Mark End 0.009ms
[10.794s][info][gc,phases   ] GC(35) Concurrent Mark Free 0.001ms
[10.795s][info][gc,phases   ] GC(35) Concurrent Process Non-Strong References 0.682ms
[10.795s][info][gc,phases   ] GC(35) Concurrent Reset Relocation Set 0.001ms
[10.797s][info][gc,phases   ] GC(35) Concurrent Select Relocation Set 2.296ms
[10.798s][info][gc,phases   ] GC(35) Pause Relocate Start 0.006ms
[10.800s][info][gc,phases   ] GC(35) Concurrent Relocate 1.810ms
[10.800s][info][gc,load     ] GC(35) Load: 0.00/0.00/0.00
[10.800s][info][gc,mmu      ] GC(35) MMU: 2ms/99.2%, 5ms/99.5%, 10ms/99.8%, 20ms/99.9%, 50ms/99.9%, 100ms/100.0%
[10.800s][info][gc,marking  ] GC(35) Mark: 2 stripe(s), 2 proactive flush(es), 1 terminate flush(es), 0 completion(s), 0 continuation(s) 
[10.800s][info][gc,marking  ] GC(35) Mark Stack Usage: 32M
[10.800s][info][gc,nmethod  ] GC(35) NMethods: 477 registered, 0 unregistered
[10.800s][info][gc,metaspace] GC(35) Metaspace: 1M used, 1M committed, 1088M reserved
[10.800s][info][gc,ref      ] GC(35) Soft: 181 encountered, 0 discovered, 0 enqueued
[10.800s][info][gc,ref      ] GC(35) Weak: 263 encountered, 0 discovered, 0 enqueued
[10.800s][info][gc,ref      ] GC(35) Final: 0 encountered, 0 discovered, 0 enqueued
[10.800s][info][gc,ref      ] GC(35) Phantom: 7 encountered, 2 discovered, 0 enqueued
[10.800s][info][gc,reloc    ] GC(35) Small Pages: 1270 / 2540M, Empty: 0M, Relocated: 1M, In-Place: 0
[10.800s][info][gc,reloc    ] GC(35) Medium Pages: 1 / 32M, Empty: 0M, Relocated: 0M, In-Place: 0
[10.800s][info][gc,reloc    ] GC(35) Large Pages: 0 / 0M, Empty: 0M, Relocated: 0M, In-Place: 0
[10.800s][info][gc,reloc    ] GC(35) Forwarding Usage: 0M
[10.800s][info][gc,heap     ] GC(35) Min Capacity: 4096M(100%)
[10.800s][info][gc,heap     ] GC(35) Max Capacity: 4096M(100%)
[10.800s][info][gc,heap     ] GC(35) Soft Max Capacity: 4096M(100%)
[10.800s][info][gc,heap     ] GC(35)                Mark Start          Mark End        Relocate Start      Relocate End           High               Low         
[10.800s][info][gc,heap     ] GC(35)  Capacity:     4096M (100%)       4096M (100%)       4096M (100%)       4096M (100%)       4096M (100%)       4096M (100%)   
[10.800s][info][gc,heap     ] GC(35)      Free:     1524M (37%)        1522M (37%)        1522M (37%)        1522M (37%)        1524M (37%)        1518M (37%)    
[10.800s][info][gc,heap     ] GC(35)      Used:     2572M (63%)        2574M (63%)        2574M (63%)        2574M (63%)        2578M (63%)        2572M (63%)    
[10.800s][info][gc,heap     ] GC(35)      Live:         -              2313M (56%)        2313M (56%)        2313M (56%)            -                  -          
[10.800s][info][gc,heap     ] GC(35) Allocated:         -                 2M (0%)            2M (0%)            2M (0%)             -                  -          
[10.800s][info][gc,heap     ] GC(35)   Garbage:         -               258M (6%)          258M (6%)          258M (6%)             -                  -          
[10.800s][info][gc,heap     ] GC(35) Reclaimed:         -                  -                 0M (0%)            0M (0%)             -                  -          
[10.800s][info][gc          ] GC(35) Garbage Collection (Timer) 2572M(63%)->2574M(63%)
[11.077s][info][gc,start    ] GC(36) Garbage Collection (Timer)
[11.077s][info][gc,task     ] GC(36) Using 3 workers
[11.077s][info][gc,phases   ] GC(36) Pause Mark Start 0.006ms
[11.096s][info][gc,phases   ] GC(36) Concurrent Mark 18.572ms
[11.096s][info][gc,phases   ] GC(36) Pause Mark End 0.010ms
[11.096s][info][gc,phases   ] GC(36) Concurrent Mark Free 0.001ms
[11.097s][info][gc,phases   ] GC(36) Concurrent Process Non-Strong References 0.693ms
[11.097s][info][gc,phases   ] GC(36) Concurrent Reset Relocation Set 0.001ms
[11.099s][info][gc,phases   ] GC(36) Concurrent Select Relocation Set 2.156ms
[11.099s][info][gc,phases   ] GC(36) Pause Relocate Start 0.005ms
[11.101s][info][gc,phases   ] GC(36) Concurrent Relocate 1.847ms
[11.101s][info][gc,load     ] GC(36) Load: 0.00/0.00/0.00
[11.101s][info][gc,mmu      ] GC(36) MMU: 2ms/99.2%, 5ms/99.5%, 10ms/99.8%, 20ms/99.9%, 50ms/99.9%, 100ms/100.0%
[11.101s][info][gc,marking  ] GC(36) Mark: 2 stripe(s), 2 proactive flush(es), 1 terminate flush(es), 0 completion(s), 0 continuation(s) 
[11.101s][info][gc,marking  ] GC(36) Mark Stack Usage: 32M
[11.101s][info][gc,nmethod  ] GC(36) NMethods: 477 registered, 0 unregistered
[11.101s][info][gc,metaspace] GC(36) Metaspace: 1M used, 1M committed, 1088M reserved
[11.101s][info][gc,ref      ] GC(36) Soft: 181 encountered, 0 discovered, 0 enqueued
[11.101s][info][gc,ref      ] GC(36) Weak: 263 encountered, 0 discovered, 0 enqueued
[11.101s][info][gc,ref      ] GC(36) Final: 0 encountered, 0 discovered, 0 enqueued
[11.101s][info][gc,ref      ] GC(36) Phantom: 7 encountered, 2 discovered, 0 enqueued
[11.101s][info][gc,reloc    ] GC(36) Small Pages: 1301 / 2602M, Empty: 0M, Relocated: 1M, In-Place: 0
[11.101s][info][gc,reloc    ] GC(36) Medium Pages: 1 / 32M, Empty: 0M, Relocated: 0M, In-Place: 0
[11.101s][info][gc,reloc    ] GC(36) Large Pages: 0 / 0M, Empty: 0M, Relocated: 0M, In-Place: 0
[11.101s][info][gc,reloc    ] GC(36) Forwarding Usage: 0M
[11.101s][info][gc,heap     ] GC(36) Min Capacity: 4096M(100%)
[11.101s][info][gc,heap     ] GC(36) Max Capacity: 4096M(100%)
[11.101s][info][gc,heap     ] GC(36) Soft Max Capacity: 4096M(100%)
[11.101s][info][gc,heap     ] GC(36)                Mark Start          Mark End        Relocate Start      Relocate End           High               Low         
[11.101s][info][gc,heap     ] GC(36)  Capacity:     4096M (100%)       4096M (100%)       4096M (100%)       4096M (100%)       4096M (100%)       4096M (100%)   
[11.101s][info][gc,heap     ] GC(36)      Free:     1462M (36%)        1460M (36%)        1460M (36%)        1460M (36%)        1462M (36%)        1456M (36%)    
[11.101s][info][gc,heap     ] GC(36)      Used:     2634M (64%)        2636M (64%)        2636M (64%)        2636M (64%)        2640M (64%)        2634M (64%)    
[11.102s][info][gc,heap     ] GC(36)      Live:         -              2370M (58%)        2370M (58%)        2370M (58%)            -                  -          
[11.102s][info][gc,heap     ] GC(36) Allocated:         -                 2M (0%)            2M (0%)            2M (0%)             -                  -          
[11.102s][info][gc,heap     ] GC(36)   Garbage:         -               263M (6%)          263M (6%)          263M (6%)             -                  -          
[11.102s][info][gc,heap     ] GC(36) Reclaimed:         -                  -                 0M (0%)            0M (0%)             -                  -          
[11.102s][info][gc          ] GC(36) Garbage Collection (Timer) 2634M(64%)->2636M(64%)
[11.376s][info][gc,start    ] GC(37) Garbage Collection (Timer)
[11.376s][info][gc,task     ] GC(37) Using 3 workers
[11.377s][info][gc,phases   ] GC(37) Pause Mark Start 0.006ms
[11.395s][info][gc,phases   ] GC(37) Concurrent Mark 18.392ms
[11.395s][info][gc,phases   ] GC(37) Pause Mark End 0.010ms
[11.395s][info][gc,phases   ] GC(37) Concurrent Mark Free 0.001ms
[11.396s][info][gc,phases   ] GC(37) Concurrent Process Non-Strong References 0.749ms
[11.396s][info][gc,phases   ] GC(37) Concurrent Reset Relocation Set 0.001ms
[11.398s][info][gc,phases   ] GC(37) Concurrent Select Relocation Set 2.211ms
[11.398s][info][gc,phases   ] GC(37) Pause Relocate Start 0.005ms
[11.401s][info][gc,phases   ] GC(37) Concurrent Relocate 2.293ms
[11.401s][info][gc,load     ] GC(37) Load: 0.00/0.00/0.00
[11.401s][info][gc,mmu      ] GC(37) MMU: 2ms/99.2%, 5ms/99.5%, 10ms/99.8%, 20ms/99.9%, 50ms/99.9%, 100ms/100.0%
[11.401s][info][gc,marking  ] GC(37) Mark: 2 stripe(s), 2 proactive flush(es), 1 terminate flush(es), 0 completion(s), 0 continuation(s) 
[11.401s][info][gc,marking  ] GC(37) Mark Stack Usage: 32M
[11.401s][info][gc,nmethod  ] GC(37) NMethods: 477 registered, 0 unregistered
[11.401s][info][gc,metaspace] GC(37) Metaspace: 1M used, 1M committed, 1088M reserved
[11.401s][info][gc,ref      ] GC(37) Soft: 181 encountered, 0 discovered, 0 enqueued
[11.401s][info][gc,ref      ] GC(37) Weak: 263 encountered, 0 discovered, 0 enqueued
[11.401s][info][gc,ref      ] GC(37) Final: 0 encountered, 0 discovered, 0 enqueued
[11.401s][info][gc,ref      ] GC(37) Phantom: 7 encountered, 3 discovered, 0 enqueued
[11.401s][info][gc,reloc    ] GC(37) Small Pages: 1333 / 2666M, Empty: 0M, Relocated: 1M, In-Place: 0
[11.401s][info][gc,reloc    ] GC(37) Medium Pages: 1 / 32M, Empty: 0M, Relocated: 0M, In-Place: 0
[11.401s][info][gc,reloc    ] GC(37) Large Pages: 0 / 0M, Empty: 0M, Relocated: 0M, In-Place: 0
[11.401s][info][gc,reloc    ] GC(37) Forwarding Usage: 0M
[11.401s][info][gc,heap     ] GC(37) Min Capacity: 4096M(100%)
[11.401s][info][gc,heap     ] GC(37) Max Capacity: 4096M(100%)
[11.401s][info][gc,heap     ] GC(37) Soft Max Capacity: 4096M(100%)
[11.401s][info][gc,heap     ] GC(37)                Mark Start          Mark End        Relocate Start      Relocate End           High               Low         
[11.401s][info][gc,heap     ] GC(37)  Capacity:     4096M (100%)       4096M (100%)       4096M (100%)       4096M (100%)       4096M (100%)       4096M (100%)   
[11.401s][info][gc,heap     ] GC(37)      Free:     1398M (34%)        1396M (34%)        1396M (34%)        1396M (34%)        1398M (34%)        1390M (34%)    
[11.402s][info][gc,heap     ] GC(37)      Used:     2698M (66%)        2700M (66%)        2700M (66%)        2700M (66%)        2706M (66%)        2698M (66%)    
[11.402s][info][gc,heap     ] GC(37)      Live:         -              2426M (59%)        2426M (59%)        2426M (59%)            -                  -          
[11.402s][info][gc,heap     ] GC(37) Allocated:         -                 2M (0%)            2M (0%)            2M (0%)             -                  -          
[11.402s][info][gc,heap     ] GC(37)   Garbage:         -               271M (7%)          271M (7%)          271M (7%)             -                  -          
[11.402s][info][gc,heap     ] GC(37) Reclaimed:         -                  -                 0M (0%)            0M (0%)             -                  -          
[11.402s][info][gc          ] GC(37) Garbage Collection (Timer) 2698M(66%)->2700M(66%)
[11.677s][info][gc,start    ] GC(38) Garbage Collection (Timer)
[11.677s][info][gc,task     ] GC(38) Using 3 workers
[11.677s][info][gc,phases   ] GC(38) Pause Mark Start 0.005ms
[11.695s][info][gc,phases   ] GC(38) Concurrent Mark 17.963ms
[11.695s][info][gc,phases   ] GC(38) Pause Mark End 0.010ms
[11.695s][info][gc,phases   ] GC(38) Concurrent Mark Free 0.001ms
[11.696s][info][gc,phases   ] GC(38) Concurrent Process Non-Strong References 0.752ms
[11.696s][info][gc,phases   ] GC(38) Concurrent Reset Relocation Set 0.001ms
[11.698s][info][gc,phases   ] GC(38) Concurrent Select Relocation Set 2.143ms
[11.699s][info][gc,phases   ] GC(38) Pause Relocate Start 0.005ms
[11.702s][info][gc,phases   ] GC(38) Concurrent Relocate 3.699ms
[11.702s][info][gc,load     ] GC(38) Load: 0.00/0.00/0.00
[11.702s][info][gc,mmu      ] GC(38) MMU: 2ms/99.2%, 5ms/99.5%, 10ms/99.8%, 20ms/99.9%, 50ms/99.9%, 100ms/100.0%
[11.702s][info][gc,marking  ] GC(38) Mark: 2 stripe(s), 2 proactive flush(es), 1 terminate flush(es), 0 completion(s), 0 continuation(s) 
[11.702s][info][gc,marking  ] GC(38) Mark Stack Usage: 32M
[11.702s][info][gc,nmethod  ] GC(38) NMethods: 477 registered, 0 unregistered
[11.702s][info][gc,metaspace] GC(38) Metaspace: 1M used, 1M committed, 1088M reserved
[11.702s][info][gc,ref      ] GC(38) Soft: 181 encountered, 0 discovered, 0 enqueued
[11.703s][info][gc,ref      ] GC(38) Weak: 263 encountered, 0 discovered, 0 enqueued
[11.703s][info][gc,ref      ] GC(38) Final: 0 encountered, 0 discovered, 0 enqueued
[11.703s][info][gc,ref      ] GC(38) Phantom: 7 encountered, 3 discovered, 0 enqueued
[11.703s][info][gc,reloc    ] GC(38) Small Pages: 1356 / 2712M, Empty: 0M, Relocated: 2M, In-Place: 0
[11.703s][info][gc,reloc    ] GC(38) Medium Pages: 1 / 32M, Empty: 0M, Relocated: 0M, In-Place: 0
[11.703s][info][gc,reloc    ] GC(38) Large Pages: 0 / 0M, Empty: 0M, Relocated: 0M, In-Place: 0
[11.703s][info][gc,reloc    ] GC(38) Forwarding Usage: 0M
[11.703s][info][gc,heap     ] GC(38) Min Capacity: 4096M(100%)
[11.703s][info][gc,heap     ] GC(38) Max Capacity: 4096M(100%)
[11.703s][info][gc,heap     ] GC(38) Soft Max Capacity: 4096M(100%)
[11.703s][info][gc,heap     ] GC(38)                Mark Start          Mark End        Relocate Start      Relocate End           High               Low         
[11.703s][info][gc,heap     ] GC(38)  Capacity:     4096M (100%)       4096M (100%)       4096M (100%)       4096M (100%)       4096M (100%)       4096M (100%)   
[11.703s][info][gc,heap     ] GC(38)      Free:     1352M (33%)        1350M (33%)        1350M (33%)        1354M (33%)        1354M (33%)        1344M (33%)    
[11.703s][info][gc,heap     ] GC(38)      Used:     2744M (67%)        2746M (67%)        2746M (67%)        2742M (67%)        2752M (67%)        2742M (67%)    
[11.703s][info][gc,heap     ] GC(38)      Live:         -              2467M (60%)        2467M (60%)        2467M (60%)            -                  -          
[11.703s][info][gc,heap     ] GC(38) Allocated:         -                 2M (0%)            2M (0%)            1M (0%)             -                  -          
[11.703s][info][gc,heap     ] GC(38)   Garbage:         -               276M (7%)          276M (7%)          272M (7%)             -                  -          
[11.703s][info][gc,heap     ] GC(38) Reclaimed:         -                  -                 0M (0%)            3M (0%)             -                  -          
[11.703s][info][gc          ] GC(38) Garbage Collection (Timer) 2744M(67%)->2742M(67%)
[11.976s][info][gc,start    ] GC(39) Garbage Collection (Timer)
[11.976s][info][gc,task     ] GC(39) Using 3 workers
[11.976s][info][gc,phases   ] GC(39) Pause Mark Start 0.006ms
[11.992s][info][gc,phases   ] GC(39) Concurrent Mark 16.448ms
[11.992s][info][gc,phases   ] GC(39) Pause Mark End 0.009ms
[11.992s][info][gc,phases   ] GC(39) Concurrent Mark Free 0.001ms
[11.993s][info][gc,phases   ] GC(39) Concurrent Process Non-Strong References 0.691ms
[11.993s][info][gc,phases   ] GC(39) Concurrent Reset Relocation Set 0.001ms
[11.995s][info][gc,phases   ] GC(39) Concurrent Select Relocation Set 2.139ms
[11.996s][info][gc,phases   ] GC(39) Pause Relocate Start 0.004ms
[11.997s][info][gc,phases   ] GC(39) Concurrent Relocate 1.868ms
[11.998s][info][gc,load     ] GC(39) Load: 0.00/0.00/0.00
[11.998s][info][gc,mmu      ] GC(39) MMU: 2ms/99.2%, 5ms/99.5%, 10ms/99.8%, 20ms/99.9%, 50ms/99.9%, 100ms/100.0%
[11.998s][info][gc,marking  ] GC(39) Mark: 2 stripe(s), 1 proactive flush(es), 1 terminate flush(es), 0 completion(s), 0 continuation(s) 
[11.998s][info][gc,marking  ] GC(39) Mark Stack Usage: 32M
[11.998s][info][gc,nmethod  ] GC(39) NMethods: 477 registered, 0 unregistered
[11.998s][info][gc,metaspace] GC(39) Metaspace: 1M used, 1M committed, 1088M reserved
[11.998s][info][gc,ref      ] GC(39) Soft: 181 encountered, 0 discovered, 0 enqueued
[11.998s][info][gc,ref      ] GC(39) Weak: 263 encountered, 1 discovered, 0 enqueued
[11.998s][info][gc,ref      ] GC(39) Final: 0 encountered, 0 discovered, 0 enqueued
[11.998s][info][gc,ref      ] GC(39) Phantom: 7 encountered, 3 discovered, 0 enqueued
[11.998s][info][gc,reloc    ] GC(39) Small Pages: 1357 / 2714M, Empty: 0M, Relocated: 1M, In-Place: 0
[11.998s][info][gc,reloc    ] GC(39) Medium Pages: 1 / 32M, Empty: 0M, Relocated: 0M, In-Place: 0
[11.998s][info][gc,reloc    ] GC(39) Large Pages: 0 / 0M, Empty: 0M, Relocated: 0M, In-Place: 0
[11.998s][info][gc,reloc    ] GC(39) Forwarding Usage: 0M
[11.998s][info][gc,heap     ] GC(39) Min Capacity: 4096M(100%)
[11.998s][info][gc,heap     ] GC(39) Max Capacity: 4096M(100%)
[11.998s][info][gc,heap     ] GC(39) Soft Max Capacity: 4096M(100%)
[11.998s][info][gc,heap     ] GC(39)                Mark Start          Mark End        Relocate Start      Relocate End           High               Low         
[11.998s][info][gc,heap     ] GC(39)  Capacity:     4096M (100%)       4096M (100%)       4096M (100%)       4096M (100%)       4096M (100%)       4096M (100%)   
[11.998s][info][gc,heap     ] GC(39)      Free:     1350M (33%)        1350M (33%)        1350M (33%)        1350M (33%)        1350M (33%)        1346M (33%)    
[11.998s][info][gc,heap     ] GC(39)      Used:     2746M (67%)        2746M (67%)        2746M (67%)        2746M (67%)        2750M (67%)        2746M (67%)    
[11.998s][info][gc,heap     ] GC(39)      Live:         -              2472M (60%)        2472M (60%)        2472M (60%)            -                  -          
[11.998s][info][gc,heap     ] GC(39) Allocated:         -                 0M (0%)            0M (0%)            0M (0%)             -                  -          
[11.998s][info][gc,heap     ] GC(39)   Garbage:         -               273M (7%)          273M (7%)          273M (7%)             -                  -          
[11.998s][info][gc,heap     ] GC(39) Reclaimed:         -                  -                 0M (0%)            0M (0%)             -                  -          
[11.998s][info][gc          ] GC(39) Garbage Collection (Timer) 2746M(67%)->2746M(67%)
[12.276s][info][gc,start    ] GC(40) Garbage Collection (Timer)
[12.276s][info][gc,task     ] GC(40) Using 3 workers
[12.276s][info][gc,phases   ] GC(40) Pause Mark Start 0.006ms
[12.292s][info][gc,phases   ] GC(40) Concurrent Mark 15.297ms
[12.292s][info][gc,phases   ] GC(40) Pause Mark End 0.009ms
[12.292s][info][gc,phases   ] GC(40) Concurrent Mark Free 0.001ms
[12.293s][info][gc,phases   ] GC(40) Concurrent Process Non-Strong References 0.809ms
[12.293s][info][gc,phases   ] GC(40) Concurrent Reset Relocation Set 0.001ms
[12.295s][info][gc,phases   ] GC(40) Concurrent Select Relocation Set 2.099ms
[12.295s][info][gc,phases   ] GC(40) Pause Relocate Start 0.004ms
[12.296s][info][gc,phases   ] GC(40) Concurrent Relocate 0.460ms
[12.296s][info][gc,load     ] GC(40) Load: 0.00/0.00/0.00
[12.296s][info][gc,mmu      ] GC(40) MMU: 2ms/99.2%, 5ms/99.5%, 10ms/99.8%, 20ms/99.9%, 50ms/99.9%, 100ms/100.0%
[12.296s][info][gc,marking  ] GC(40) Mark: 2 stripe(s), 1 proactive flush(es), 1 terminate flush(es), 0 completion(s), 0 continuation(s) 
[12.296s][info][gc,marking  ] GC(40) Mark Stack Usage: 32M
[12.296s][info][gc,nmethod  ] GC(40) NMethods: 477 registered, 0 unregistered
[12.296s][info][gc,metaspace] GC(40) Metaspace: 1M used, 1M committed, 1088M reserved
[12.296s][info][gc,ref      ] GC(40) Soft: 181 encountered, 0 discovered, 0 enqueued
[12.296s][info][gc,ref      ] GC(40) Weak: 263 encountered, 2 discovered, 0 enqueued
[12.296s][info][gc,ref      ] GC(40) Final: 0 encountered, 0 discovered, 0 enqueued
[12.296s][info][gc,ref      ] GC(40) Phantom: 7 encountered, 3 discovered, 0 enqueued
[12.296s][info][gc,reloc    ] GC(40) Small Pages: 1357 / 2714M, Empty: 0M, Relocated: 1M, In-Place: 0
[12.296s][info][gc,reloc    ] GC(40) Medium Pages: 1 / 32M, Empty: 0M, Relocated: 0M, In-Place: 0
[12.296s][info][gc,reloc    ] GC(40) Large Pages: 0 / 0M, Empty: 0M, Relocated: 0M, In-Place: 0
[12.296s][info][gc,reloc    ] GC(40) Forwarding Usage: 0M
[12.296s][info][gc,heap     ] GC(40) Min Capacity: 4096M(100%)
[12.296s][info][gc,heap     ] GC(40) Max Capacity: 4096M(100%)
[12.296s][info][gc,heap     ] GC(40) Soft Max Capacity: 4096M(100%)
[12.296s][info][gc,heap     ] GC(40)                Mark Start          Mark End        Relocate Start      Relocate End           High               Low         
[12.296s][info][gc,heap     ] GC(40)  Capacity:     4096M (100%)       4096M (100%)       4096M (100%)       4096M (100%)       4096M (100%)       4096M (100%)   
[12.296s][info][gc,heap     ] GC(40)      Free:     1350M (33%)        1350M (33%)        1350M (33%)        1350M (33%)        1350M (33%)        1346M (33%)    
[12.296s][info][gc,heap     ] GC(40)      Used:     2746M (67%)        2746M (67%)        2746M (67%)        2746M (67%)        2750M (67%)        2746M (67%)    
[12.296s][info][gc,heap     ] GC(40)      Live:         -              2472M (60%)        2472M (60%)        2472M (60%)            -                  -          
[12.296s][info][gc,heap     ] GC(40) Allocated:         -                 0M (0%)            0M (0%)            0M (0%)             -                  -          
[12.296s][info][gc,heap     ] GC(40)   Garbage:         -               273M (7%)          273M (7%)          273M (7%)             -                  -          
[12.296s][info][gc,heap     ] GC(40) Reclaimed:         -                  -                 0M (0%)            0M (0%)             -                  -          
[12.296s][info][gc          ] GC(40) Garbage Collection (Timer) 2746M(67%)->2746M(67%)
[12.576s][info][gc,start    ] GC(41) Garbage Collection (Timer)
[12.631s][info][gc,task     ] GC(41) Using 3 workers
[12.631s][info][gc,phases   ] GC(41) Pause Mark Start 0.007ms
[12.646s][info][gc,phases   ] GC(41) Concurrent Mark 14.491ms
[12.646s][info][gc,phases   ] GC(41) Pause Mark End 0.010ms
[12.646s][info][gc,phases   ] GC(41) Concurrent Mark Free 0.001ms
[12.647s][info][gc,phases   ] GC(41) Concurrent Process Non-Strong References 0.812ms
[12.647s][info][gc,phases   ] GC(41) Concurrent Reset Relocation Set 0.001ms
[12.649s][info][gc,phases   ] GC(41) Concurrent Select Relocation Set 2.118ms
[12.649s][info][gc,phases   ] GC(41) Pause Relocate Start 0.004ms
[12.649s][info][gc,phases   ] GC(41) Concurrent Relocate 0.247ms
[12.649s][info][gc,load     ] GC(41) Load: 0.00/0.00/0.00
[12.649s][info][gc,mmu      ] GC(41) MMU: 2ms/99.2%, 5ms/99.5%, 10ms/99.8%, 20ms/99.9%, 50ms/99.9%, 100ms/100.0%
[12.649s][info][gc,marking  ] GC(41) Mark: 2 stripe(s), 1 proactive flush(es), 1 terminate flush(es), 0 completion(s), 0 continuation(s) 
[12.650s][info][gc,marking  ] GC(41) Mark Stack Usage: 32M
[12.650s][info][gc,nmethod  ] GC(41) NMethods: 477 registered, 0 unregistered
[12.650s][info][gc,metaspace] GC(41) Metaspace: 1M used, 1M committed, 1088M reserved
[12.650s][info][gc,ref      ] GC(41) Soft: 181 encountered, 0 discovered, 0 enqueued
[12.650s][info][gc,ref      ] GC(41) Weak: 263 encountered, 164 discovered, 0 enqueued
[12.650s][info][gc,ref      ] GC(41) Final: 0 encountered, 0 discovered, 0 enqueued
[12.650s][info][gc,ref      ] GC(41) Phantom: 7 encountered, 4 discovered, 0 enqueued
[12.650s][info][gc,reloc    ] GC(41) Small Pages: 1357 / 2714M, Empty: 0M, Relocated: 1M, In-Place: 0
[12.650s][info][gc,reloc    ] GC(41) Medium Pages: 1 / 32M, Empty: 0M, Relocated: 0M, In-Place: 0
[12.650s][info][gc,reloc    ] GC(41) Large Pages: 0 / 0M, Empty: 0M, Relocated: 0M, In-Place: 0
[12.650s][info][gc,reloc    ] GC(41) Forwarding Usage: 0M
[12.650s][info][gc,heap     ] GC(41) Min Capacity: 4096M(100%)
[12.650s][info][gc,heap     ] GC(41) Max Capacity: 4096M(100%)
[12.650s][info][gc,heap     ] GC(41) Soft Max Capacity: 4096M(100%)
[12.650s][info][gc,heap     ] GC(41)                Mark Start          Mark End        Relocate Start      Relocate End           High               Low         
[12.650s][info][gc,heap     ] GC(41)  Capacity:     4096M (100%)       4096M (100%)       4096M (100%)       4096M (100%)       4096M (100%)       4096M (100%)   
[12.650s][info][gc,heap     ] GC(41)      Free:     1350M (33%)        1350M (33%)        1350M (33%)        1350M (33%)        1350M (33%)        1346M (33%)    
[12.650s][info][gc,heap     ] GC(41)      Used:     2746M (67%)        2746M (67%)        2746M (67%)        2746M (67%)        2750M (67%)        2746M (67%)    
[12.650s][info][gc,heap     ] GC(41)      Live:         -              2472M (60%)        2472M (60%)        2472M (60%)            -                  -          
[12.650s][info][gc,heap     ] GC(41) Allocated:         -                 0M (0%)            0M (0%)            0M (0%)             -                  -          
[12.650s][info][gc,heap     ] GC(41)   Garbage:         -               273M (7%)          273M (7%)          273M (7%)             -                  -          
[12.650s][info][gc,heap     ] GC(41) Reclaimed:         -                  -                 0M (0%)            0M (0%)             -                  -          
[12.650s][info][gc          ] GC(41) Garbage Collection (Timer) 2746M(67%)->2746M(67%)
[12.876s][info][gc,start    ] GC(42) Garbage Collection (Timer)
[12.876s][info][gc,task     ] GC(42) Using 3 workers
[12.876s][info][gc,phases   ] GC(42) Pause Mark Start 0.005ms
[12.893s][info][gc,phases   ] GC(42) Concurrent Mark 16.814ms
[12.893s][info][gc,phases   ] GC(42) Pause Mark End 0.010ms
[12.893s][info][gc,phases   ] GC(42) Concurrent Mark Free 0.001ms
[12.894s][info][gc,phases   ] GC(42) Concurrent Process Non-Strong References 0.809ms
[12.894s][info][gc,phases   ] GC(42) Concurrent Reset Relocation Set 0.001ms
[12.897s][info][gc,phases   ] GC(42) Concurrent Select Relocation Set 2.270ms
[12.897s][info][gc,phases   ] GC(42) Pause Relocate Start 0.005ms
[12.899s][info][gc,phases   ] GC(42) Concurrent Relocate 2.337ms
[12.899s][info][gc,load     ] GC(42) Load: 0.00/0.00/0.00
[12.899s][info][gc,mmu      ] GC(42) MMU: 2ms/99.2%, 5ms/99.5%, 10ms/99.8%, 20ms/99.9%, 50ms/99.9%, 100ms/100.0%
[12.900s][info][gc,marking  ] GC(42) Mark: 2 stripe(s), 2 proactive flush(es), 1 terminate flush(es), 0 completion(s), 0 continuation(s) 
[12.900s][info][gc,marking  ] GC(42) Mark Stack Usage: 32M
[12.900s][info][gc,nmethod  ] GC(42) NMethods: 482 registered, 0 unregistered
[12.900s][info][gc,metaspace] GC(42) Metaspace: 1M used, 1M committed, 1088M reserved
[12.900s][info][gc,ref      ] GC(42) Soft: 181 encountered, 0 discovered, 0 enqueued
[12.900s][info][gc,ref      ] GC(42) Weak: 263 encountered, 0 discovered, 0 enqueued
[12.900s][info][gc,ref      ] GC(42) Final: 0 encountered, 0 discovered, 0 enqueued
[12.900s][info][gc,ref      ] GC(42) Phantom: 7 encountered, 2 discovered, 0 enqueued
[12.900s][info][gc,reloc    ] GC(42) Small Pages: 1373 / 2746M, Empty: 0M, Relocated: 1M, In-Place: 0
[12.900s][info][gc,reloc    ] GC(42) Medium Pages: 1 / 32M, Empty: 0M, Relocated: 0M, In-Place: 0
[12.900s][info][gc,reloc    ] GC(42) Large Pages: 0 / 0M, Empty: 0M, Relocated: 0M, In-Place: 0
[12.900s][info][gc,reloc    ] GC(42) Forwarding Usage: 0M
[12.900s][info][gc,heap     ] GC(42) Min Capacity: 4096M(100%)
[12.900s][info][gc,heap     ] GC(42) Max Capacity: 4096M(100%)
[12.900s][info][gc,heap     ] GC(42) Soft Max Capacity: 4096M(100%)
[12.900s][info][gc,heap     ] GC(42)                Mark Start          Mark End        Relocate Start      Relocate End           High               Low         
[12.900s][info][gc,heap     ] GC(42)  Capacity:     4096M (100%)       4096M (100%)       4096M (100%)       4096M (100%)       4096M (100%)       4096M (100%)   
[12.900s][info][gc,heap     ] GC(42)      Free:     1318M (32%)        1316M (32%)        1316M (32%)        1316M (32%)        1318M (32%)        1312M (32%)    
[12.900s][info][gc,heap     ] GC(42)      Used:     2778M (68%)        2780M (68%)        2780M (68%)        2780M (68%)        2784M (68%)        2778M (68%)    
[12.900s][info][gc,heap     ] GC(42)      Live:         -              2499M (61%)        2499M (61%)        2499M (61%)            -                  -          
[12.900s][info][gc,heap     ] GC(42) Allocated:         -                 2M (0%)            2M (0%)            2M (0%)             -                  -          
[12.900s][info][gc,heap     ] GC(42)   Garbage:         -               278M (7%)          278M (7%)          278M (7%)             -                  -          
[12.900s][info][gc,heap     ] GC(42) Reclaimed:         -                  -                 0M (0%)            0M (0%)             -                  -          
[12.900s][info][gc          ] GC(42) Garbage Collection (Timer) 2778M(68%)->2780M(68%)
[13.176s][info][gc,start    ] GC(43) Garbage Collection (Timer)
[13.176s][info][gc,task     ] GC(43) Using 3 workers
[13.176s][info][gc,phases   ] GC(43) Pause Mark Start 0.006ms
[13.194s][info][gc,phases   ] GC(43) Concurrent Mark 17.540ms
[13.194s][info][gc,phases   ] GC(43) Pause Mark End 0.010ms
[13.194s][info][gc,phases   ] GC(43) Concurrent Mark Free 0.001ms
[13.195s][info][gc,phases   ] GC(43) Concurrent Process Non-Strong References 0.603ms
[13.195s][info][gc,phases   ] GC(43) Concurrent Reset Relocation Set 0.001ms
[13.197s][info][gc,phases   ] GC(43) Concurrent Select Relocation Set 2.182ms
[13.197s][info][gc,phases   ] GC(43) Pause Relocate Start 0.005ms
[13.200s][info][gc,phases   ] GC(43) Concurrent Relocate 2.486ms
[13.200s][info][gc,load     ] GC(43) Load: 0.00/0.00/0.00
[13.200s][info][gc,mmu      ] GC(43) MMU: 2ms/99.2%, 5ms/99.5%, 10ms/99.8%, 20ms/99.9%, 50ms/99.9%, 100ms/100.0%
[13.200s][info][gc,marking  ] GC(43) Mark: 2 stripe(s), 2 proactive flush(es), 1 terminate flush(es), 0 completion(s), 0 continuation(s) 
[13.200s][info][gc,marking  ] GC(43) Mark Stack Usage: 32M
[13.200s][info][gc,nmethod  ] GC(43) NMethods: 482 registered, 0 unregistered
[13.200s][info][gc,metaspace] GC(43) Metaspace: 1M used, 1M committed, 1088M reserved
[13.200s][info][gc,ref      ] GC(43) Soft: 181 encountered, 0 discovered, 0 enqueued
[13.200s][info][gc,ref      ] GC(43) Weak: 263 encountered, 0 discovered, 0 enqueued
[13.200s][info][gc,ref      ] GC(43) Final: 0 encountered, 0 discovered, 0 enqueued
[13.200s][info][gc,ref      ] GC(43) Phantom: 7 encountered, 3 discovered, 0 enqueued
[13.200s][info][gc,reloc    ] GC(43) Small Pages: 1402 / 2804M, Empty: 0M, Relocated: 1M, In-Place: 0
[13.200s][info][gc,reloc    ] GC(43) Medium Pages: 1 / 32M, Empty: 0M, Relocated: 0M, In-Place: 0
[13.200s][info][gc,reloc    ] GC(43) Large Pages: 0 / 0M, Empty: 0M, Relocated: 0M, In-Place: 0
[13.200s][info][gc,reloc    ] GC(43) Forwarding Usage: 0M
[13.200s][info][gc,heap     ] GC(43) Min Capacity: 4096M(100%)
[13.200s][info][gc,heap     ] GC(43) Max Capacity: 4096M(100%)
[13.200s][info][gc,heap     ] GC(43) Soft Max Capacity: 4096M(100%)
[13.200s][info][gc,heap     ] GC(43)                Mark Start          Mark End        Relocate Start      Relocate End           High               Low         
[13.200s][info][gc,heap     ] GC(43)  Capacity:     4096M (100%)       4096M (100%)       4096M (100%)       4096M (100%)       4096M (100%)       4096M (100%)   
[13.200s][info][gc,heap     ] GC(43)      Free:     1260M (31%)        1258M (31%)        1258M (31%)        1260M (31%)        1260M (31%)        1254M (31%)    
[13.200s][info][gc,heap     ] GC(43)      Used:     2836M (69%)        2838M (69%)        2838M (69%)        2836M (69%)        2842M (69%)        2836M (69%)    
[13.201s][info][gc,heap     ] GC(43)      Live:         -              2550M (62%)        2550M (62%)        2550M (62%)            -                  -          
[13.201s][info][gc,heap     ] GC(43) Allocated:         -                 2M (0%)            2M (0%)            2M (0%)             -                  -          
[13.201s][info][gc,heap     ] GC(43)   Garbage:         -               285M (7%)          285M (7%)          283M (7%)             -                  -          
[13.201s][info][gc,heap     ] GC(43) Reclaimed:         -                  -                 0M (0%)            2M (0%)             -                  -          
[13.201s][info][gc          ] GC(43) Garbage Collection (Timer) 2836M(69%)->2836M(69%)
[13.476s][info][gc,start    ] GC(44) Garbage Collection (Timer)
[13.476s][info][gc,task     ] GC(44) Using 3 workers
[13.476s][info][gc,phases   ] GC(44) Pause Mark Start 0.006ms
[13.495s][info][gc,phases   ] GC(44) Concurrent Mark 18.583ms
[13.495s][info][gc,phases   ] GC(44) Pause Mark End 0.009ms
[13.495s][info][gc,phases   ] GC(44) Concurrent Mark Free 0.001ms
[13.496s][info][gc,phases   ] GC(44) Concurrent Process Non-Strong References 0.696ms
[13.496s][info][gc,phases   ] GC(44) Concurrent Reset Relocation Set 0.001ms
[13.498s][info][gc,phases   ] GC(44) Concurrent Select Relocation Set 2.293ms
[13.499s][info][gc,phases   ] GC(44) Pause Relocate Start 0.005ms
[13.502s][info][gc,phases   ] GC(44) Concurrent Relocate 3.277ms
[13.502s][info][gc,load     ] GC(44) Load: 0.00/0.00/0.00
[13.502s][info][gc,mmu      ] GC(44) MMU: 2ms/99.2%, 5ms/99.5%, 10ms/99.8%, 20ms/99.9%, 50ms/99.9%, 100ms/100.0%
[13.502s][info][gc,marking  ] GC(44) Mark: 2 stripe(s), 2 proactive flush(es), 1 terminate flush(es), 0 completion(s), 0 continuation(s) 
[13.502s][info][gc,marking  ] GC(44) Mark Stack Usage: 32M
[13.502s][info][gc,nmethod  ] GC(44) NMethods: 482 registered, 0 unregistered
[13.502s][info][gc,metaspace] GC(44) Metaspace: 1M used, 1M committed, 1088M reserved
[13.502s][info][gc,ref      ] GC(44) Soft: 181 encountered, 0 discovered, 0 enqueued
[13.502s][info][gc,ref      ] GC(44) Weak: 263 encountered, 0 discovered, 0 enqueued
[13.502s][info][gc,ref      ] GC(44) Final: 0 encountered, 0 discovered, 0 enqueued
[13.502s][info][gc,ref      ] GC(44) Phantom: 7 encountered, 3 discovered, 0 enqueued
[13.502s][info][gc,reloc    ] GC(44) Small Pages: 1440 / 2880M, Empty: 0M, Relocated: 2M, In-Place: 0
[13.502s][info][gc,reloc    ] GC(44) Medium Pages: 1 / 32M, Empty: 0M, Relocated: 0M, In-Place: 0
[13.502s][info][gc,reloc    ] GC(44) Large Pages: 0 / 0M, Empty: 0M, Relocated: 0M, In-Place: 0
[13.502s][info][gc,reloc    ] GC(44) Forwarding Usage: 0M
[13.502s][info][gc,heap     ] GC(44) Min Capacity: 4096M(100%)
[13.502s][info][gc,heap     ] GC(44) Max Capacity: 4096M(100%)
[13.502s][info][gc,heap     ] GC(44) Soft Max Capacity: 4096M(100%)
[13.502s][info][gc,heap     ] GC(44)                Mark Start          Mark End        Relocate Start      Relocate End           High               Low         
[13.502s][info][gc,heap     ] GC(44)  Capacity:     4096M (100%)       4096M (100%)       4096M (100%)       4096M (100%)       4096M (100%)       4096M (100%)   
[13.503s][info][gc,heap     ] GC(44)      Free:     1184M (29%)        1182M (29%)        1182M (29%)        1186M (29%)        1186M (29%)        1178M (29%)    
[13.503s][info][gc,heap     ] GC(44)      Used:     2912M (71%)        2914M (71%)        2914M (71%)        2910M (71%)        2918M (71%)        2910M (71%)    
[13.503s][info][gc,heap     ] GC(44)      Live:         -              2620M (64%)        2620M (64%)        2620M (64%)            -                  -          
[13.503s][info][gc,heap     ] GC(44) Allocated:         -                 2M (0%)            2M (0%)            1M (0%)             -                  -          
[13.503s][info][gc,heap     ] GC(44)   Garbage:         -               291M (7%)          291M (7%)          287M (7%)             -                  -          
[13.503s][info][gc,heap     ] GC(44) Reclaimed:         -                  -                 0M (0%)            3M (0%)             -                  -          
[13.503s][info][gc          ] GC(44) Garbage Collection (Timer) 2912M(71%)->2910M(71%)
[13.776s][info][gc,start    ] GC(45) Garbage Collection (Timer)
[13.776s][info][gc,task     ] GC(45) Using 3 workers
[13.776s][info][gc,phases   ] GC(45) Pause Mark Start 0.006ms
[13.796s][info][gc,phases   ] GC(45) Concurrent Mark 19.590ms
[13.796s][info][gc,phases   ] GC(45) Pause Mark End 0.010ms
[13.796s][info][gc,phases   ] GC(45) Concurrent Mark Free 0.001ms
[13.797s][info][gc,phases   ] GC(45) Concurrent Process Non-Strong References 0.752ms
[13.797s][info][gc,phases   ] GC(45) Concurrent Reset Relocation Set 0.001ms
[13.799s][info][gc,phases   ] GC(45) Concurrent Select Relocation Set 2.186ms
[13.800s][info][gc,phases   ] GC(45) Pause Relocate Start 0.005ms
[13.805s][info][gc,phases   ] GC(45) Concurrent Relocate 5.119ms
[13.805s][info][gc,load     ] GC(45) Load: 0.00/0.00/0.00
[13.805s][info][gc,mmu      ] GC(45) MMU: 2ms/99.2%, 5ms/99.5%, 10ms/99.8%, 20ms/99.9%, 50ms/99.9%, 100ms/100.0%
[13.805s][info][gc,marking  ] GC(45) Mark: 2 stripe(s), 2 proactive flush(es), 1 terminate flush(es), 0 completion(s), 0 continuation(s) 
[13.805s][info][gc,marking  ] GC(45) Mark Stack Usage: 32M
[13.805s][info][gc,nmethod  ] GC(45) NMethods: 482 registered, 0 unregistered
[13.805s][info][gc,metaspace] GC(45) Metaspace: 1M used, 1M committed, 1088M reserved
[13.805s][info][gc,ref      ] GC(45) Soft: 181 encountered, 0 discovered, 0 enqueued
[13.805s][info][gc,ref      ] GC(45) Weak: 263 encountered, 0 discovered, 0 enqueued
[13.805s][info][gc,ref      ] GC(45) Final: 0 encountered, 0 discovered, 0 enqueued
[13.805s][info][gc,ref      ] GC(45) Phantom: 7 encountered, 2 discovered, 0 enqueued
[13.805s][info][gc,reloc    ] GC(45) Small Pages: 1467 / 2934M, Empty: 0M, Relocated: 3M, In-Place: 0
[13.805s][info][gc,reloc    ] GC(45) Medium Pages: 1 / 32M, Empty: 0M, Relocated: 0M, In-Place: 0
[13.805s][info][gc,reloc    ] GC(45) Large Pages: 0 / 0M, Empty: 0M, Relocated: 0M, In-Place: 0
[13.805s][info][gc,reloc    ] GC(45) Forwarding Usage: 0M
[13.805s][info][gc,heap     ] GC(45) Min Capacity: 4096M(100%)
[13.805s][info][gc,heap     ] GC(45) Max Capacity: 4096M(100%)
[13.805s][info][gc,heap     ] GC(45) Soft Max Capacity: 4096M(100%)
[13.805s][info][gc,heap     ] GC(45)                Mark Start          Mark End        Relocate Start      Relocate End           High               Low         
[13.806s][info][gc,heap     ] GC(45)  Capacity:     4096M (100%)       4096M (100%)       4096M (100%)       4096M (100%)       4096M (100%)       4096M (100%)   
[13.806s][info][gc,heap     ] GC(45)      Free:     1130M (28%)        1128M (28%)        1128M (28%)        1130M (28%)        1130M (28%)        1122M (27%)    
[13.806s][info][gc,heap     ] GC(45)      Used:     2966M (72%)        2968M (72%)        2968M (72%)        2966M (72%)        2974M (73%)        2966M (72%)    
[13.806s][info][gc,heap     ] GC(45)      Live:         -              2672M (65%)        2672M (65%)        2672M (65%)            -                  -          
[13.806s][info][gc,heap     ] GC(45) Allocated:         -                 2M (0%)            2M (0%)            1M (0%)             -                  -          
[13.806s][info][gc,heap     ] GC(45)   Garbage:         -               293M (7%)          293M (7%)          291M (7%)             -                  -          
[13.806s][info][gc,heap     ] GC(45) Reclaimed:         -                  -                 0M (0%)            1M (0%)             -                  -          
[13.806s][info][gc          ] GC(45) Garbage Collection (Timer) 2966M(72%)->2966M(72%)
[14.076s][info][gc,start    ] GC(46) Garbage Collection (Timer)
[14.076s][info][gc,task     ] GC(46) Using 3 workers
[14.076s][info][gc,phases   ] GC(46) Pause Mark Start 0.006ms
[14.097s][info][gc,phases   ] GC(46) Concurrent Mark 20.568ms
[14.097s][info][gc,phases   ] GC(46) Pause Mark End 0.009ms
[14.097s][info][gc,phases   ] GC(46) Concurrent Mark Free 0.001ms
[14.098s][info][gc,phases   ] GC(46) Concurrent Process Non-Strong References 0.824ms
[14.098s][info][gc,phases   ] GC(46) Concurrent Reset Relocation Set 0.001ms
[14.101s][info][gc,phases   ] GC(46) Concurrent Select Relocation Set 2.273ms
[14.101s][info][gc,phases   ] GC(46) Pause Relocate Start 0.005ms
[14.103s][info][gc,phases   ] GC(46) Concurrent Relocate 2.624ms
[14.104s][info][gc,load     ] GC(46) Load: 0.00/0.00/0.00
[14.104s][info][gc,mmu      ] GC(46) MMU: 2ms/99.2%, 5ms/99.5%, 10ms/99.8%, 20ms/99.9%, 50ms/99.9%, 100ms/100.0%
[14.104s][info][gc,marking  ] GC(46) Mark: 2 stripe(s), 2 proactive flush(es), 1 terminate flush(es), 0 completion(s), 0 continuation(s) 
[14.104s][info][gc,marking  ] GC(46) Mark Stack Usage: 32M
[14.104s][info][gc,nmethod  ] GC(46) NMethods: 482 registered, 0 unregistered
[14.104s][info][gc,metaspace] GC(46) Metaspace: 1M used, 1M committed, 1088M reserved
[14.104s][info][gc,ref      ] GC(46) Soft: 181 encountered, 0 discovered, 0 enqueued
[14.104s][info][gc,ref      ] GC(46) Weak: 263 encountered, 0 discovered, 0 enqueued
[14.104s][info][gc,ref      ] GC(46) Final: 0 encountered, 0 discovered, 0 enqueued
[14.104s][info][gc,ref      ] GC(46) Phantom: 7 encountered, 3 discovered, 0 enqueued
[14.104s][info][gc,reloc    ] GC(46) Small Pages: 1507 / 3014M, Empty: 0M, Relocated: 1M, In-Place: 0
[14.104s][info][gc,reloc    ] GC(46) Medium Pages: 1 / 32M, Empty: 0M, Relocated: 0M, In-Place: 0
[14.104s][info][gc,reloc    ] GC(46) Large Pages: 0 / 0M, Empty: 0M, Relocated: 0M, In-Place: 0
[14.104s][info][gc,reloc    ] GC(46) Forwarding Usage: 0M
[14.104s][info][gc,heap     ] GC(46) Min Capacity: 4096M(100%)
[14.104s][info][gc,heap     ] GC(46) Max Capacity: 4096M(100%)
[14.104s][info][gc,heap     ] GC(46) Soft Max Capacity: 4096M(100%)
[14.104s][info][gc,heap     ] GC(46)                Mark Start          Mark End        Relocate Start      Relocate End           High               Low         
[14.104s][info][gc,heap     ] GC(46)  Capacity:     4096M (100%)       4096M (100%)       4096M (100%)       4096M (100%)       4096M (100%)       4096M (100%)   
[14.104s][info][gc,heap     ] GC(46)      Free:     1050M (26%)        1048M (26%)        1048M (26%)        1048M (26%)        1050M (26%)        1042M (25%)    
[14.104s][info][gc,heap     ] GC(46)      Used:     3046M (74%)        3048M (74%)        3048M (74%)        3048M (74%)        3054M (75%)        3046M (74%)    
[14.104s][info][gc,heap     ] GC(46)      Live:         -              2745M (67%)        2745M (67%)        2745M (67%)            -                  -          
[14.104s][info][gc,heap     ] GC(46) Allocated:         -                 2M (0%)            2M (0%)            2M (0%)             -                  -          
[14.104s][info][gc,heap     ] GC(46)   Garbage:         -               300M (7%)          300M (7%)          300M (7%)             -                  -          
[14.104s][info][gc,heap     ] GC(46) Reclaimed:         -                  -                 0M (0%)            0M (0%)             -                  -          
[14.104s][info][gc          ] GC(46) Garbage Collection (Timer) 3046M(74%)->3048M(74%)
[14.377s][info][gc,start    ] GC(47) Garbage Collection (Timer)
[14.377s][info][gc,task     ] GC(47) Using 3 workers
[14.377s][info][gc,phases   ] GC(47) Pause Mark Start 0.005ms
[14.398s][info][gc,phases   ] GC(47) Concurrent Mark 20.831ms
[14.398s][info][gc,phases   ] GC(47) Pause Mark End 0.009ms
[14.398s][info][gc,phases   ] GC(47) Concurrent Mark Free 0.001ms
[14.399s][info][gc,phases   ] GC(47) Concurrent Process Non-Strong References 0.639ms
[14.399s][info][gc,phases   ] GC(47) Concurrent Reset Relocation Set 0.001ms
[14.401s][info][gc,phases   ] GC(47) Concurrent Select Relocation Set 2.183ms
[14.401s][info][gc,phases   ] GC(47) Pause Relocate Start 0.004ms
[14.403s][info][gc,phases   ] GC(47) Concurrent Relocate 2.123ms
[14.403s][info][gc,load     ] GC(47) Load: 0.00/0.00/0.00
[14.403s][info][gc,mmu      ] GC(47) MMU: 2ms/99.2%, 5ms/99.5%, 10ms/99.8%, 20ms/99.9%, 50ms/99.9%, 100ms/100.0%
[14.403s][info][gc,marking  ] GC(47) Mark: 2 stripe(s), 2 proactive flush(es), 1 terminate flush(es), 0 completion(s), 0 continuation(s) 
[14.403s][info][gc,marking  ] GC(47) Mark Stack Usage: 32M
[14.403s][info][gc,nmethod  ] GC(47) NMethods: 483 registered, 0 unregistered
[14.403s][info][gc,metaspace] GC(47) Metaspace: 1M used, 1M committed, 1088M reserved
[14.403s][info][gc,ref      ] GC(47) Soft: 181 encountered, 0 discovered, 0 enqueued
[14.403s][info][gc,ref      ] GC(47) Weak: 263 encountered, 1 discovered, 0 enqueued
[14.403s][info][gc,ref      ] GC(47) Final: 0 encountered, 0 discovered, 0 enqueued
[14.403s][info][gc,ref      ] GC(47) Phantom: 7 encountered, 2 discovered, 0 enqueued
[14.403s][info][gc,reloc    ] GC(47) Small Pages: 1548 / 3096M, Empty: 0M, Relocated: 1M, In-Place: 0
[14.403s][info][gc,reloc    ] GC(47) Medium Pages: 1 / 32M, Empty: 0M, Relocated: 0M, In-Place: 0
[14.403s][info][gc,reloc    ] GC(47) Large Pages: 0 / 0M, Empty: 0M, Relocated: 0M, In-Place: 0
[14.403s][info][gc,reloc    ] GC(47) Forwarding Usage: 0M
[14.403s][info][gc,heap     ] GC(47) Min Capacity: 4096M(100%)
[14.404s][info][gc,heap     ] GC(47) Max Capacity: 4096M(100%)
[14.404s][info][gc,heap     ] GC(47) Soft Max Capacity: 4096M(100%)
[14.404s][info][gc,heap     ] GC(47)                Mark Start          Mark End        Relocate Start      Relocate End           High               Low         
[14.404s][info][gc,heap     ] GC(47)  Capacity:     4096M (100%)       4096M (100%)       4096M (100%)       4096M (100%)       4096M (100%)       4096M (100%)   
[14.404s][info][gc,heap     ] GC(47)      Free:      968M (24%)         966M (24%)         966M (24%)         966M (24%)         968M (24%)         960M (23%)    
[14.404s][info][gc,heap     ] GC(47)      Used:     3128M (76%)        3130M (76%)        3130M (76%)        3130M (76%)        3136M (77%)        3128M (76%)    
[14.404s][info][gc,heap     ] GC(47)      Live:         -              2819M (69%)        2819M (69%)        2819M (69%)            -                  -          
[14.404s][info][gc,heap     ] GC(47) Allocated:         -                 2M (0%)            2M (0%)            2M (0%)             -                  -          
[14.404s][info][gc,heap     ] GC(47)   Garbage:         -               308M (8%)          308M (8%)          308M (8%)             -                  -          
[14.404s][info][gc,heap     ] GC(47) Reclaimed:         -                  -                 0M (0%)            0M (0%)             -                  -          
[14.404s][info][gc          ] GC(47) Garbage Collection (Timer) 3128M(76%)->3130M(76%)
[14.676s][info][gc,start    ] GC(48) Garbage Collection (Timer)
[14.676s][info][gc,task     ] GC(48) Using 3 workers
[14.676s][info][gc,phases   ] GC(48) Pause Mark Start 0.006ms
[14.698s][info][gc,phases   ] GC(48) Concurrent Mark 21.185ms
[14.698s][info][gc,phases   ] GC(48) Pause Mark End 0.009ms
[14.698s][info][gc,phases   ] GC(48) Concurrent Mark Free 0.001ms
[14.698s][info][gc,phases   ] GC(48) Concurrent Process Non-Strong References 0.540ms
[14.698s][info][gc,phases   ] GC(48) Concurrent Reset Relocation Set 0.001ms
[14.701s][info][gc,phases   ] GC(48) Concurrent Select Relocation Set 2.197ms
[14.701s][info][gc,phases   ] GC(48) Pause Relocate Start 0.004ms
[14.703s][info][gc,phases   ] GC(48) Concurrent Relocate 2.434ms
[14.703s][info][gc,load     ] GC(48) Load: 0.00/0.00/0.00
[14.703s][info][gc,mmu      ] GC(48) MMU: 2ms/99.2%, 5ms/99.5%, 10ms/99.8%, 20ms/99.9%, 50ms/99.9%, 100ms/100.0%
[14.703s][info][gc,marking  ] GC(48) Mark: 2 stripe(s), 2 proactive flush(es), 1 terminate flush(es), 0 completion(s), 0 continuation(s) 
[14.703s][info][gc,marking  ] GC(48) Mark Stack Usage: 32M
[14.703s][info][gc,nmethod  ] GC(48) NMethods: 483 registered, 0 unregistered
[14.703s][info][gc,metaspace] GC(48) Metaspace: 1M used, 1M committed, 1088M reserved
[14.703s][info][gc,ref      ] GC(48) Soft: 181 encountered, 0 discovered, 0 enqueued
[14.704s][info][gc,ref      ] GC(48) Weak: 263 encountered, 0 discovered, 0 enqueued
[14.704s][info][gc,ref      ] GC(48) Final: 0 encountered, 0 discovered, 0 enqueued
[14.704s][info][gc,ref      ] GC(48) Phantom: 7 encountered, 2 discovered, 0 enqueued
[14.704s][info][gc,reloc    ] GC(48) Small Pages: 1590 / 3180M, Empty: 0M, Relocated: 1M, In-Place: 0
[14.704s][info][gc,reloc    ] GC(48) Medium Pages: 1 / 32M, Empty: 0M, Relocated: 0M, In-Place: 0
[14.704s][info][gc,reloc    ] GC(48) Large Pages: 0 / 0M, Empty: 0M, Relocated: 0M, In-Place: 0
[14.704s][info][gc,reloc    ] GC(48) Forwarding Usage: 0M
[14.704s][info][gc,heap     ] GC(48) Min Capacity: 4096M(100%)
[14.704s][info][gc,heap     ] GC(48) Max Capacity: 4096M(100%)
[14.704s][info][gc,heap     ] GC(48) Soft Max Capacity: 4096M(100%)
[14.704s][info][gc,heap     ] GC(48)                Mark Start          Mark End        Relocate Start      Relocate End           High               Low         
[14.704s][info][gc,heap     ] GC(48)  Capacity:     4096M (100%)       4096M (100%)       4096M (100%)       4096M (100%)       4096M (100%)       4096M (100%)   
[14.704s][info][gc,heap     ] GC(48)      Free:      884M (22%)         882M (22%)         882M (22%)         884M (22%)         884M (22%)         876M (21%)    
[14.704s][info][gc,heap     ] GC(48)      Used:     3212M (78%)        3214M (78%)        3214M (78%)        3212M (78%)        3220M (79%)        3212M (78%)    
[14.704s][info][gc,heap     ] GC(48)      Live:         -              2894M (71%)        2894M (71%)        2894M (71%)            -                  -          
[14.704s][info][gc,heap     ] GC(48) Allocated:         -                 2M (0%)            2M (0%)            1M (0%)             -                  -          
[14.704s][info][gc,heap     ] GC(48)   Garbage:         -               317M (8%)          317M (8%)          315M (8%)             -                  -          
[14.704s][info][gc,heap     ] GC(48) Reclaimed:         -                  -                 0M (0%)            1M (0%)             -                  -          
[14.704s][info][gc          ] GC(48) Garbage Collection (Timer) 3212M(78%)->3212M(78%)
[14.976s][info][gc,start    ] GC(49) Garbage Collection (Timer)
[14.976s][info][gc,task     ] GC(49) Using 3 workers
[14.977s][info][gc,phases   ] GC(49) Pause Mark Start 0.006ms
[14.998s][info][gc,phases   ] GC(49) Concurrent Mark 21.579ms
[14.999s][info][gc,phases   ] GC(49) Pause Mark End 0.009ms
[14.999s][info][gc,phases   ] GC(49) Concurrent Mark Free 0.001ms
[14.999s][info][gc,phases   ] GC(49) Concurrent Process Non-Strong References 0.592ms
[14.999s][info][gc,phases   ] GC(49) Concurrent Reset Relocation Set 0.001ms
[15.002s][info][gc,phases   ] GC(49) Concurrent Select Relocation Set 2.213ms
[15.002s][info][gc,phases   ] GC(49) Pause Relocate Start 0.006ms
[15.004s][info][gc,phases   ] GC(49) Concurrent Relocate 2.533ms
[15.004s][info][gc,load     ] GC(49) Load: 0.00/0.00/0.00
[15.004s][info][gc,mmu      ] GC(49) MMU: 2ms/99.2%, 5ms/99.5%, 10ms/99.8%, 20ms/99.9%, 50ms/99.9%, 100ms/100.0%
[15.004s][info][gc,marking  ] GC(49) Mark: 2 stripe(s), 2 proactive flush(es), 1 terminate flush(es), 0 completion(s), 0 continuation(s) 
[15.004s][info][gc,marking  ] GC(49) Mark Stack Usage: 32M
[15.004s][info][gc,nmethod  ] GC(49) NMethods: 483 registered, 0 unregistered
[15.004s][info][gc,metaspace] GC(49) Metaspace: 1M used, 1M committed, 1088M reserved
[15.004s][info][gc,ref      ] GC(49) Soft: 181 encountered, 0 discovered, 0 enqueued
[15.005s][info][gc,ref      ] GC(49) Weak: 263 encountered, 0 discovered, 0 enqueued
[15.005s][info][gc,ref      ] GC(49) Final: 0 encountered, 0 discovered, 0 enqueued
[15.005s][info][gc,ref      ] GC(49) Phantom: 7 encountered, 3 discovered, 0 enqueued
[15.005s][info][gc,reloc    ] GC(49) Small Pages: 1626 / 3252M, Empty: 0M, Relocated: 1M, In-Place: 0
[15.005s][info][gc,reloc    ] GC(49) Medium Pages: 2 / 64M, Empty: 32M, Relocated: 0M, In-Place: 0
[15.005s][info][gc,reloc    ] GC(49) Large Pages: 0 / 0M, Empty: 0M, Relocated: 0M, In-Place: 0
[15.005s][info][gc,reloc    ] GC(49) Forwarding Usage: 0M
[15.005s][info][gc,heap     ] GC(49) Min Capacity: 4096M(100%)
[15.005s][info][gc,heap     ] GC(49) Max Capacity: 4096M(100%)
[15.005s][info][gc,heap     ] GC(49) Soft Max Capacity: 4096M(100%)
[15.005s][info][gc,heap     ] GC(49)                Mark Start          Mark End        Relocate Start      Relocate End           High               Low         
[15.005s][info][gc,heap     ] GC(49)  Capacity:     4096M (100%)       4096M (100%)       4096M (100%)       4096M (100%)       4096M (100%)       4096M (100%)   
[15.005s][info][gc,heap     ] GC(49)      Free:      780M (19%)         778M (19%)         810M (20%)         810M (20%)         810M (20%)         778M (19%)    
[15.005s][info][gc,heap     ] GC(49)      Used:     3316M (81%)        3318M (81%)        3286M (80%)        3286M (80%)        3318M (81%)        3286M (80%)    
[15.005s][info][gc,heap     ] GC(49)      Live:         -              2962M (72%)        2962M (72%)        2962M (72%)            -                  -          
[15.005s][info][gc,heap     ] GC(49) Allocated:         -                 2M (0%)            2M (0%)            2M (0%)             -                  -          
[15.005s][info][gc,heap     ] GC(49)   Garbage:         -               353M (9%)          321M (8%)          321M (8%)             -                  -          
[15.005s][info][gc,heap     ] GC(49) Reclaimed:         -                  -                32M (1%)           32M (1%)             -                  -          
[15.005s][info][gc          ] GC(49) Garbage Collection (Timer) 3316M(81%)->3286M(80%)
[15.276s][info][gc,start    ] GC(50) Garbage Collection (Timer)
[15.276s][info][gc,task     ] GC(50) Using 3 workers
[15.276s][info][gc,phases   ] GC(50) Pause Mark Start 0.006ms
[15.297s][info][gc,phases   ] GC(50) Concurrent Mark 20.985ms
[15.297s][info][gc,phases   ] GC(50) Pause Mark End 0.009ms
[15.297s][info][gc,phases   ] GC(50) Concurrent Mark Free 0.001ms
[15.298s][info][gc,phases   ] GC(50) Concurrent Process Non-Strong References 0.699ms
[15.298s][info][gc,phases   ] GC(50) Concurrent Reset Relocation Set 0.001ms
[15.300s][info][gc,phases   ] GC(50) Concurrent Select Relocation Set 2.240ms
[15.300s][info][gc,phases   ] GC(50) Pause Relocate Start 0.006ms
[15.305s][info][gc,phases   ] GC(50) Concurrent Relocate 4.158ms
[15.305s][info][gc,load     ] GC(50) Load: 0.00/0.00/0.00
[15.305s][info][gc,mmu      ] GC(50) MMU: 2ms/99.2%, 5ms/99.5%, 10ms/99.8%, 20ms/99.9%, 50ms/99.9%, 100ms/100.0%
[15.305s][info][gc,marking  ] GC(50) Mark: 2 stripe(s), 2 proactive flush(es), 1 terminate flush(es), 0 completion(s), 0 continuation(s) 
[15.305s][info][gc,marking  ] GC(50) Mark Stack Usage: 32M
[15.305s][info][gc,nmethod  ] GC(50) NMethods: 483 registered, 0 unregistered
[15.305s][info][gc,metaspace] GC(50) Metaspace: 1M used, 1M committed, 1088M reserved
[15.305s][info][gc,ref      ] GC(50) Soft: 181 encountered, 0 discovered, 0 enqueued
[15.305s][info][gc,ref      ] GC(50) Weak: 263 encountered, 0 discovered, 0 enqueued
[15.305s][info][gc,ref      ] GC(50) Final: 0 encountered, 0 discovered, 0 enqueued
[15.305s][info][gc,ref      ] GC(50) Phantom: 7 encountered, 2 discovered, 0 enqueued
[15.305s][info][gc,reloc    ] GC(50) Small Pages: 1667 / 3334M, Empty: 0M, Relocated: 2M, In-Place: 0
[15.305s][info][gc,reloc    ] GC(50) Medium Pages: 1 / 32M, Empty: 0M, Relocated: 0M, In-Place: 0
[15.305s][info][gc,reloc    ] GC(50) Large Pages: 0 / 0M, Empty: 0M, Relocated: 0M, In-Place: 0
[15.305s][info][gc,reloc    ] GC(50) Forwarding Usage: 0M
[15.305s][info][gc,heap     ] GC(50) Min Capacity: 4096M(100%)
[15.305s][info][gc,heap     ] GC(50) Max Capacity: 4096M(100%)
[15.305s][info][gc,heap     ] GC(50) Soft Max Capacity: 4096M(100%)
[15.305s][info][gc,heap     ] GC(50)                Mark Start          Mark End        Relocate Start      Relocate End           High               Low         
[15.305s][info][gc,heap     ] GC(50)  Capacity:     4096M (100%)       4096M (100%)       4096M (100%)       4096M (100%)       4096M (100%)       4096M (100%)   
[15.305s][info][gc,heap     ] GC(50)      Free:      730M (18%)         728M (18%)         728M (18%)         732M (18%)         732M (18%)         722M (18%)    
[15.305s][info][gc,heap     ] GC(50)      Used:     3366M (82%)        3368M (82%)        3368M (82%)        3364M (82%)        3374M (82%)        3364M (82%)    
[15.305s][info][gc,heap     ] GC(50)      Live:         -              3035M (74%)        3035M (74%)        3035M (74%)            -                  -          
[15.305s][info][gc,heap     ] GC(50) Allocated:         -                 2M (0%)            2M (0%)            1M (0%)             -                  -          
[15.305s][info][gc,heap     ] GC(50)   Garbage:         -               330M (8%)          330M (8%)          326M (8%)             -                  -          
[15.305s][info][gc,heap     ] GC(50) Reclaimed:         -                  -                 0M (0%)            3M (0%)             -                  -          
[15.305s][info][gc          ] GC(50) Garbage Collection (Timer) 3366M(82%)->3364M(82%)
[15.576s][info][gc,start    ] GC(51) Garbage Collection (Timer)
[15.577s][info][gc,task     ] GC(51) Using 3 workers
[15.577s][info][gc,phases   ] GC(51) Pause Mark Start 0.006ms
[15.615s][info][gc,phases   ] GC(51) Concurrent Mark 38.395ms
[15.615s][info][gc,phases   ] GC(51) Pause Mark End 0.010ms
[15.615s][info][gc,phases   ] GC(51) Concurrent Mark Free 0.001ms
[15.616s][info][gc,phases   ] GC(51) Concurrent Process Non-Strong References 0.817ms
[15.616s][info][gc,phases   ] GC(51) Concurrent Reset Relocation Set 0.001ms
[15.618s][info][gc,phases   ] GC(51) Concurrent Select Relocation Set 2.083ms
[15.618s][info][gc,phases   ] GC(51) Pause Relocate Start 0.004ms
[15.622s][info][gc,phases   ] GC(51) Concurrent Relocate 3.208ms
[15.622s][info][gc,load     ] GC(51) Load: 0.00/0.00/0.00
[15.622s][info][gc,mmu      ] GC(51) MMU: 2ms/99.2%, 5ms/99.5%, 10ms/99.8%, 20ms/99.9%, 50ms/99.9%, 100ms/100.0%
[15.622s][info][gc,marking  ] GC(51) Mark: 2 stripe(s), 10 proactive flush(es), 1 terminate flush(es), 0 completion(s), 0 continuation(s) 
[15.622s][info][gc,marking  ] GC(51) Mark Stack Usage: 32M
[15.622s][info][gc,nmethod  ] GC(51) NMethods: 483 registered, 0 unregistered
[15.622s][info][gc,metaspace] GC(51) Metaspace: 1M used, 1M committed, 1088M reserved
[15.622s][info][gc,ref      ] GC(51) Soft: 181 encountered, 0 discovered, 0 enqueued
[15.622s][info][gc,ref      ] GC(51) Weak: 263 encountered, 160 discovered, 0 enqueued
[15.622s][info][gc,ref      ] GC(51) Final: 0 encountered, 0 discovered, 0 enqueued
[15.622s][info][gc,ref      ] GC(51) Phantom: 7 encountered, 3 discovered, 0 enqueued
[15.622s][info][gc,reloc    ] GC(51) Small Pages: 1692 / 3384M, Empty: 0M, Relocated: 1M, In-Place: 0
[15.622s][info][gc,reloc    ] GC(51) Medium Pages: 1 / 32M, Empty: 0M, Relocated: 0M, In-Place: 0
[15.622s][info][gc,reloc    ] GC(51) Large Pages: 0 / 0M, Empty: 0M, Relocated: 0M, In-Place: 0
[15.622s][info][gc,reloc    ] GC(51) Forwarding Usage: 0M
[15.622s][info][gc,heap     ] GC(51) Min Capacity: 4096M(100%)
[15.622s][info][gc,heap     ] GC(51) Max Capacity: 4096M(100%)
[15.622s][info][gc,heap     ] GC(51) Soft Max Capacity: 4096M(100%)
[15.622s][info][gc,heap     ] GC(51)                Mark Start          Mark End        Relocate Start      Relocate End           High               Low         
[15.622s][info][gc,heap     ] GC(51)  Capacity:     4096M (100%)       4096M (100%)       4096M (100%)       4096M (100%)       4096M (100%)       4096M (100%)   
[15.622s][info][gc,heap     ] GC(51)      Free:      680M (17%)         680M (17%)         680M (17%)         680M (17%)         680M (17%)         676M (17%)    
[15.622s][info][gc,heap     ] GC(51)      Used:     3416M (83%)        3416M (83%)        3416M (83%)        3416M (83%)        3420M (83%)        3416M (83%)    
[15.622s][info][gc,heap     ] GC(51)      Live:         -              3083M (75%)        3083M (75%)        3083M (75%)            -                  -          
[15.622s][info][gc,heap     ] GC(51) Allocated:         -                 0M (0%)            0M (0%)            0M (0%)             -                  -          
[15.622s][info][gc,heap     ] GC(51)   Garbage:         -               332M (8%)          332M (8%)          332M (8%)             -                  -          
[15.622s][info][gc,heap     ] GC(51) Reclaimed:         -                  -                 0M (0%)            0M (0%)             -                  -          
[15.622s][info][gc          ] GC(51) Garbage Collection (Timer) 3416M(83%)->3416M(83%)
[15.877s][info][gc,start    ] GC(52) Garbage Collection (Timer)
[15.877s][info][gc,task     ] GC(52) Using 3 workers
[15.877s][info][gc,phases   ] GC(52) Pause Mark Start 0.006ms
[15.910s][info][gc,phases   ] GC(52) Concurrent Mark 32.742ms
[15.910s][info][gc,phases   ] GC(52) Pause Mark End 0.009ms
[15.910s][info][gc,phases   ] GC(52) Concurrent Mark Free 0.001ms
[15.910s][info][gc,phases   ] GC(52) Concurrent Process Non-Strong References 0.696ms
[15.911s][info][gc,phases   ] GC(52) Concurrent Reset Relocation Set 0.001ms
[15.913s][info][gc,phases   ] GC(52) Concurrent Select Relocation Set 2.030ms
[15.913s][info][gc,phases   ] GC(52) Pause Relocate Start 0.004ms
[15.913s][info][gc,phases   ] GC(52) Concurrent Relocate 0.227ms
[15.913s][info][gc,load     ] GC(52) Load: 0.00/0.00/0.00
[15.913s][info][gc,mmu      ] GC(52) MMU: 2ms/99.2%, 5ms/99.5%, 10ms/99.8%, 20ms/99.9%, 50ms/99.9%, 100ms/100.0%
[15.913s][info][gc,marking  ] GC(52) Mark: 2 stripe(s), 9 proactive flush(es), 1 terminate flush(es), 0 completion(s), 0 continuation(s) 
[15.913s][info][gc,marking  ] GC(52) Mark Stack Usage: 32M
[15.913s][info][gc,nmethod  ] GC(52) NMethods: 483 registered, 0 unregistered
[15.913s][info][gc,metaspace] GC(52) Metaspace: 1M used, 1M committed, 1088M reserved
[15.913s][info][gc,ref      ] GC(52) Soft: 181 encountered, 0 discovered, 0 enqueued
[15.913s][info][gc,ref      ] GC(52) Weak: 263 encountered, 160 discovered, 0 enqueued
[15.913s][info][gc,ref      ] GC(52) Final: 0 encountered, 0 discovered, 0 enqueued
[15.913s][info][gc,ref      ] GC(52) Phantom: 7 encountered, 3 discovered, 0 enqueued
[15.913s][info][gc,reloc    ] GC(52) Small Pages: 1692 / 3384M, Empty: 0M, Relocated: 1M, In-Place: 0
[15.913s][info][gc,reloc    ] GC(52) Medium Pages: 1 / 32M, Empty: 0M, Relocated: 0M, In-Place: 0
[15.913s][info][gc,reloc    ] GC(52) Large Pages: 0 / 0M, Empty: 0M, Relocated: 0M, In-Place: 0
[15.913s][info][gc,reloc    ] GC(52) Forwarding Usage: 0M
[15.913s][info][gc,heap     ] GC(52) Min Capacity: 4096M(100%)
[15.913s][info][gc,heap     ] GC(52) Max Capacity: 4096M(100%)
[15.913s][info][gc,heap     ] GC(52) Soft Max Capacity: 4096M(100%)
[15.913s][info][gc,heap     ] GC(52)                Mark Start          Mark End        Relocate Start      Relocate End           High               Low         
[15.914s][info][gc,heap     ] GC(52)  Capacity:     4096M (100%)       4096M (100%)       4096M (100%)       4096M (100%)       4096M (100%)       4096M (100%)   
[15.914s][info][gc,heap     ] GC(52)      Free:      680M (17%)         680M (17%)         680M (17%)         680M (17%)         680M (17%)         676M (17%)    
[15.914s][info][gc,heap     ] GC(52)      Used:     3416M (83%)        3416M (83%)        3416M (83%)        3416M (83%)        3420M (83%)        3416M (83%)    
[15.914s][info][gc,heap     ] GC(52)      Live:         -              3083M (75%)        3083M (75%)        3083M (75%)            -                  -          
[15.914s][info][gc,heap     ] GC(52) Allocated:         -                 0M (0%)            0M (0%)            0M (0%)             -                  -          
[15.914s][info][gc,heap     ] GC(52)   Garbage:         -               332M (8%)          332M (8%)          332M (8%)             -                  -          
[15.914s][info][gc,heap     ] GC(52) Reclaimed:         -                  -                 0M (0%)            0M (0%)             -                  -          
[15.914s][info][gc          ] GC(52) Garbage Collection (Timer) 3416M(83%)->3416M(83%)
[16.176s][info][gc,start    ] GC(53) Garbage Collection (Timer)
[16.176s][info][gc,task     ] GC(53) Using 3 workers
[16.176s][info][gc,phases   ] GC(53) Pause Mark Start 0.006ms
[16.207s][info][gc,phases   ] GC(53) Concurrent Mark 30.397ms
[16.207s][info][gc,phases   ] GC(53) Pause Mark End 0.010ms
[16.207s][info][gc,phases   ] GC(53) Concurrent Mark Free 0.001ms
[16.208s][info][gc,phases   ] GC(53) Concurrent Process Non-Strong References 0.772ms
[16.208s][info][gc,phases   ] GC(53) Concurrent Reset Relocation Set 0.001ms
[16.210s][info][gc,phases   ] GC(53) Concurrent Select Relocation Set 2.088ms
[16.210s][info][gc,phases   ] GC(53) Pause Relocate Start 0.004ms
[16.211s][info][gc,phases   ] GC(53) Concurrent Relocate 0.456ms
[16.211s][info][gc,load     ] GC(53) Load: 0.00/0.00/0.00
[16.211s][info][gc,mmu      ] GC(53) MMU: 2ms/99.2%, 5ms/99.5%, 10ms/99.8%, 20ms/99.9%, 50ms/99.9%, 100ms/100.0%
[16.211s][info][gc,marking  ] GC(53) Mark: 2 stripe(s), 10 proactive flush(es), 1 terminate flush(es), 0 completion(s), 0 continuation(s) 
[16.211s][info][gc,marking  ] GC(53) Mark Stack Usage: 32M
[16.211s][info][gc,nmethod  ] GC(53) NMethods: 483 registered, 0 unregistered
[16.211s][info][gc,metaspace] GC(53) Metaspace: 1M used, 1M committed, 1088M reserved
[16.211s][info][gc,ref      ] GC(53) Soft: 181 encountered, 0 discovered, 0 enqueued
[16.211s][info][gc,ref      ] GC(53) Weak: 263 encountered, 2 discovered, 0 enqueued
[16.211s][info][gc,ref      ] GC(53) Final: 0 encountered, 0 discovered, 0 enqueued
[16.211s][info][gc,ref      ] GC(53) Phantom: 7 encountered, 3 discovered, 0 enqueued
[16.211s][info][gc,reloc    ] GC(53) Small Pages: 1692 / 3384M, Empty: 0M, Relocated: 1M, In-Place: 0
[16.211s][info][gc,reloc    ] GC(53) Medium Pages: 1 / 32M, Empty: 0M, Relocated: 0M, In-Place: 0
[16.211s][info][gc,reloc    ] GC(53) Large Pages: 0 / 0M, Empty: 0M, Relocated: 0M, In-Place: 0
[16.211s][info][gc,reloc    ] GC(53) Forwarding Usage: 0M
[16.211s][info][gc,heap     ] GC(53) Min Capacity: 4096M(100%)
[16.211s][info][gc,heap     ] GC(53) Max Capacity: 4096M(100%)
[16.211s][info][gc,heap     ] GC(53) Soft Max Capacity: 4096M(100%)
[16.211s][info][gc,heap     ] GC(53)                Mark Start          Mark End        Relocate Start      Relocate End           High               Low         
[16.211s][info][gc,heap     ] GC(53)  Capacity:     4096M (100%)       4096M (100%)       4096M (100%)       4096M (100%)       4096M (100%)       4096M (100%)   
[16.211s][info][gc,heap     ] GC(53)      Free:      680M (17%)         680M (17%)         680M (17%)         680M (17%)         680M (17%)         676M (17%)    
[16.211s][info][gc,heap     ] GC(53)      Used:     3416M (83%)        3416M (83%)        3416M (83%)        3416M (83%)        3420M (83%)        3416M (83%)    
[16.211s][info][gc,heap     ] GC(53)      Live:         -              3083M (75%)        3083M (75%)        3083M (75%)            -                  -          
[16.211s][info][gc,heap     ] GC(53) Allocated:         -                 0M (0%)            0M (0%)            0M (0%)             -                  -          
[16.211s][info][gc,heap     ] GC(53)   Garbage:         -               332M (8%)          332M (8%)          332M (8%)             -                  -          
[16.211s][info][gc,heap     ] GC(53) Reclaimed:         -                  -                 0M (0%)            0M (0%)             -                  -          
[16.211s][info][gc          ] GC(53) Garbage Collection (Timer) 3416M(83%)->3416M(83%)
[16.477s][info][gc,start    ] GC(54) Garbage Collection (Timer)
[16.477s][info][gc,task     ] GC(54) Using 3 workers
[16.477s][info][gc,phases   ] GC(54) Pause Mark Start 0.006ms
[16.507s][info][gc,phases   ] GC(54) Concurrent Mark 29.829ms
[16.507s][info][gc,phases   ] GC(54) Pause Mark End 0.010ms
[16.507s][info][gc,phases   ] GC(54) Concurrent Mark Free 0.001ms
[16.508s][info][gc,phases   ] GC(54) Concurrent Process Non-Strong References 0.834ms
[16.508s][info][gc,phases   ] GC(54) Concurrent Reset Relocation Set 0.001ms
[16.510s][info][gc,phases   ] GC(54) Concurrent Select Relocation Set 2.090ms
[16.510s][info][gc,phases   ] GC(54) Pause Relocate Start 0.005ms
[16.511s][info][gc,phases   ] GC(54) Concurrent Relocate 0.442ms
[16.511s][info][gc,load     ] GC(54) Load: 0.00/0.00/0.00
[16.511s][info][gc,mmu      ] GC(54) MMU: 2ms/99.2%, 5ms/99.5%, 10ms/99.8%, 20ms/99.9%, 50ms/99.9%, 100ms/100.0%
[16.511s][info][gc,marking  ] GC(54) Mark: 2 stripe(s), 10 proactive flush(es), 1 terminate flush(es), 0 completion(s), 0 continuation(s) 
[16.511s][info][gc,marking  ] GC(54) Mark Stack Usage: 32M
[16.511s][info][gc,nmethod  ] GC(54) NMethods: 483 registered, 0 unregistered
[16.511s][info][gc,metaspace] GC(54) Metaspace: 1M used, 1M committed, 1088M reserved
[16.511s][info][gc,ref      ] GC(54) Soft: 181 encountered, 0 discovered, 0 enqueued
[16.511s][info][gc,ref      ] GC(54) Weak: 263 encountered, 160 discovered, 0 enqueued
[16.511s][info][gc,ref      ] GC(54) Final: 0 encountered, 0 discovered, 0 enqueued
[16.511s][info][gc,ref      ] GC(54) Phantom: 7 encountered, 3 discovered, 0 enqueued
[16.511s][info][gc,reloc    ] GC(54) Small Pages: 1692 / 3384M, Empty: 0M, Relocated: 1M, In-Place: 0
[16.511s][info][gc,reloc    ] GC(54) Medium Pages: 1 / 32M, Empty: 0M, Relocated: 0M, In-Place: 0
[16.511s][info][gc,reloc    ] GC(54) Large Pages: 0 / 0M, Empty: 0M, Relocated: 0M, In-Place: 0
[16.511s][info][gc,reloc    ] GC(54) Forwarding Usage: 0M
[16.511s][info][gc,heap     ] GC(54) Min Capacity: 4096M(100%)
[16.511s][info][gc,heap     ] GC(54) Max Capacity: 4096M(100%)
[16.511s][info][gc,heap     ] GC(54) Soft Max Capacity: 4096M(100%)
[16.511s][info][gc,heap     ] GC(54)                Mark Start          Mark End        Relocate Start      Relocate End           High               Low         
[16.511s][info][gc,heap     ] GC(54)  Capacity:     4096M (100%)       4096M (100%)       4096M (100%)       4096M (100%)       4096M (100%)       4096M (100%)   
[16.511s][info][gc,heap     ] GC(54)      Free:      680M (17%)         680M (17%)         680M (17%)         680M (17%)         680M (17%)         676M (17%)    
[16.511s][info][gc,heap     ] GC(54)      Used:     3416M (83%)        3416M (83%)        3416M (83%)        3416M (83%)        3420M (83%)        3416M (83%)    
[16.511s][info][gc,heap     ] GC(54)      Live:         -              3083M (75%)        3083M (75%)        3083M (75%)            -                  -          
[16.511s][info][gc,heap     ] GC(54) Allocated:         -                 0M (0%)            0M (0%)            0M (0%)             -                  -          
[16.511s][info][gc,heap     ] GC(54)   Garbage:         -               332M (8%)          332M (8%)          332M (8%)             -                  -          
[16.511s][info][gc,heap     ] GC(54) Reclaimed:         -                  -                 0M (0%)            0M (0%)             -                  -          
[16.511s][info][gc          ] GC(54) Garbage Collection (Timer) 3416M(83%)->3416M(83%)
[16.539s][info][gc,heap,exit] Heap
[16.539s][info][gc,heap,exit]  ZHeap           used 3420M, capacity 4096M, max capacity 4096M
[16.539s][info][gc,heap,exit]  Metaspace       used 1603K, committed 1792K, reserved 1114112K
[16.539s][info][gc,heap,exit]   class space    used 147K, committed 256K, reserved 1048576K
