[0.022s][info][gc,init] Initializing The Z Garbage Collector
[0.022s][info][gc,init] Version: 17.0.11+1-LTS (release)
[0.023s][info][gc,init] NUMA Support: Disabled
[0.023s][info][gc,init] CPUs: 12 total, 12 available
[0.023s][info][gc,init] Memory: 24496M
[0.023s][info][gc,init] Large Page Support: Disabled
[0.023s][info][gc,init] GC Workers: 3 (dynamic)
[0.024s][info][gc,init] Address Space Type: Contiguous/Unrestricted/Complete
[0.024s][info][gc,init] Address Space Size: 65536M x 3 = 196608M
[0.024s][info][gc,init] Min Capacity: 4096M
[0.024s][info][gc,init] Initial Capacity: 4096M
[0.025s][info][gc,init] Max Capacity: 4096M
[0.025s][info][gc,init] Medium Page Size: 32M
[0.025s][info][gc,init] Pre-touch: Disabled
[0.025s][info][gc,init] Uncommit: Implicitly Disabled (-Xms equals -Xmx)
[0.252s][info][gc,init] Runtime Workers: 8
[0.253s][info][gc     ] Using The Z Garbage Collector
[0.263s][info][gc,metaspace] CDS archive(s) mapped at: [0x000001be80000000-0x000001be80bc0000-0x000001be80bc0000), size 12320768, SharedBaseAddress: 0x000001be80000000, ArchiveRelocationMode: 1.
[0.263s][info][gc,metaspace] Compressed class space mapped at: 0x000001be81000000-0x000001bec1000000, reserved size: 1073741824
[0.263s][info][gc,metaspace] Narrow klass base: 0x000001be80000000, Narrow klass shift: 0, Narrow klass range: 0x100000000
[0.386s][info][gc,start    ] GC(0) Garbage Collection (Timer)
[0.386s][info][gc,task     ] GC(0) Using 3 workers
[0.386s][info][gc,phases   ] GC(0) Pause Mark Start 0.006ms
[0.389s][info][gc,phases   ] GC(0) Concurrent Mark 3.014ms
[0.389s][info][gc,phases   ] GC(0) Pause Mark End 0.011ms
[0.389s][info][gc,phases   ] GC(0) Concurrent Mark Free 0.001ms
[0.390s][info][gc,phases   ] GC(0) Concurrent Process Non-Strong References 0.506ms
[0.390s][info][gc,phases   ] GC(0) Concurrent Reset Relocation Set 0.000ms
[0.399s][info][gc,phases   ] GC(0) Concurrent Select Relocation Set 8.937ms
[0.399s][info][gc,phases   ] GC(0) Pause Relocate Start 0.006ms
[0.399s][info][gc,phases   ] GC(0) Concurrent Relocate 0.115ms
[0.399s][info][gc,load     ] GC(0) Load: 0.00/0.00/0.00
[0.399s][info][gc,mmu      ] GC(0) MMU: 2ms/99.5%, 5ms/99.7%, 10ms/99.8%, 20ms/99.9%, 50ms/100.0%, 100ms/100.0%
[0.399s][info][gc,marking  ] GC(0) Mark: 2 stripe(s), 2 proactive flush(es), 1 terminate flush(es), 0 completion(s), 0 continuation(s) 
[0.399s][info][gc,marking  ] GC(0) Mark Stack Usage: 32M
[0.399s][info][gc,nmethod  ] GC(0) NMethods: 158 registered, 0 unregistered
[0.399s][info][gc,metaspace] GC(0) Metaspace: 0M used, 0M committed, 1088M reserved
[0.399s][info][gc,ref      ] GC(0) Soft: 36 encountered, 0 discovered, 0 enqueued
[0.399s][info][gc,ref      ] GC(0) Weak: 103 encountered, 18 discovered, 18 enqueued
[0.399s][info][gc,ref      ] GC(0) Final: 0 encountered, 0 discovered, 0 enqueued
[0.399s][info][gc,ref      ] GC(0) Phantom: 16 encountered, 13 discovered, 13 enqueued
[0.399s][info][gc,reloc    ] GC(0) Small Pages: 3 / 6M, Empty: 0M, Relocated: 0M, In-Place: 0
[0.399s][info][gc,reloc    ] GC(0) Medium Pages: 0 / 0M, Empty: 0M, Relocated: 0M, In-Place: 0
[0.399s][info][gc,reloc    ] GC(0) Large Pages: 0 / 0M, Empty: 0M, Relocated: 0M, In-Place: 0
[0.400s][info][gc,reloc    ] GC(0) Forwarding Usage: 0M
[0.400s][info][gc,heap     ] GC(0) Min Capacity: 4096M(100%)
[0.400s][info][gc,heap     ] GC(0) Max Capacity: 4096M(100%)
[0.400s][info][gc,heap     ] GC(0) Soft Max Capacity: 4096M(100%)
[0.400s][info][gc,heap     ] GC(0)                Mark Start          Mark End        Relocate Start      Relocate End           High               Low         
[0.400s][info][gc,heap     ] GC(0)  Capacity:     4096M (100%)       4096M (100%)       4096M (100%)       4096M (100%)       4096M (100%)       4096M (100%)   
[0.400s][info][gc,heap     ] GC(0)      Free:     4090M (100%)       4090M (100%)       4090M (100%)       4090M (100%)       4090M (100%)       4090M (100%)   
[0.400s][info][gc,heap     ] GC(0)      Used:        6M (0%)            6M (0%)            6M (0%)            6M (0%)            6M (0%)            6M (0%)     
[0.400s][info][gc,heap     ] GC(0)      Live:         -                 1M (0%)            1M (0%)            1M (0%)             -                  -          
[0.400s][info][gc,heap     ] GC(0) Allocated:         -                 0M (0%)            0M (0%)            0M (0%)             -                  -          
[0.400s][info][gc,heap     ] GC(0)   Garbage:         -                 4M (0%)            4M (0%)            4M (0%)             -                  -          
[0.400s][info][gc,heap     ] GC(0) Reclaimed:         -                  -                 0M (0%)            0M (0%)             -                  -          
[0.400s][info][gc          ] GC(0) Garbage Collection (Timer) 6M(0%)->6M(0%)
[0.686s][info][gc,start    ] GC(1) Garbage Collection (Timer)
[0.687s][info][gc,task     ] GC(1) Using 3 workers
[0.687s][info][gc,phases   ] GC(1) Pause Mark Start 0.006ms
[0.702s][info][gc,phases   ] GC(1) Concurrent Mark 15.224ms
[0.702s][info][gc,phases   ] GC(1) Pause Mark End 0.008ms
[0.702s][info][gc,phases   ] GC(1) Concurrent Mark Free 0.001ms
[0.703s][info][gc,phases   ] GC(1) Concurrent Process Non-Strong References 0.708ms
[0.703s][info][gc,phases   ] GC(1) Concurrent Reset Relocation Set 0.000ms
[0.705s][info][gc,phases   ] GC(1) Concurrent Select Relocation Set 2.059ms
[0.705s][info][gc,phases   ] GC(1) Pause Relocate Start 0.004ms
[0.706s][info][gc,phases   ] GC(1) Concurrent Relocate 0.659ms
[0.706s][info][gc,load     ] GC(1) Load: 0.00/0.00/0.00
[0.706s][info][gc,mmu      ] GC(1) MMU: 2ms/99.5%, 5ms/99.7%, 10ms/99.8%, 20ms/99.9%, 50ms/100.0%, 100ms/100.0%
[0.706s][info][gc,marking  ] GC(1) Mark: 2 stripe(s), 3 proactive flush(es), 1 terminate flush(es), 0 completion(s), 0 continuation(s) 
[0.706s][info][gc,marking  ] GC(1) Mark Stack Usage: 32M
[0.706s][info][gc,nmethod  ] GC(1) NMethods: 295 registered, 0 unregistered
[0.706s][info][gc,metaspace] GC(1) Metaspace: 0M used, 0M committed, 1088M reserved
[0.706s][info][gc,ref      ] GC(1) Soft: 72 encountered, 0 discovered, 0 enqueued
[0.706s][info][gc,ref      ] GC(1) Weak: 177 encountered, 103 discovered, 23 enqueued
[0.706s][info][gc,ref      ] GC(1) Final: 0 encountered, 0 discovered, 0 enqueued
[0.706s][info][gc,ref      ] GC(1) Phantom: 13 encountered, 8 discovered, 6 enqueued
[0.706s][info][gc,reloc    ] GC(1) Small Pages: 126 / 252M, Empty: 0M, Relocated: 0M, In-Place: 0
[0.706s][info][gc,reloc    ] GC(1) Medium Pages: 0 / 0M, Empty: 0M, Relocated: 0M, In-Place: 0
[0.706s][info][gc,reloc    ] GC(1) Large Pages: 0 / 0M, Empty: 0M, Relocated: 0M, In-Place: 0
[0.706s][info][gc,reloc    ] GC(1) Forwarding Usage: 0M
[0.706s][info][gc,heap     ] GC(1) Min Capacity: 4096M(100%)
[0.706s][info][gc,heap     ] GC(1) Max Capacity: 4096M(100%)
[0.706s][info][gc,heap     ] GC(1) Soft Max Capacity: 4096M(100%)
[0.706s][info][gc,heap     ] GC(1)                Mark Start          Mark End        Relocate Start      Relocate End           High               Low         
[0.706s][info][gc,heap     ] GC(1)  Capacity:     4096M (100%)       4096M (100%)       4096M (100%)       4096M (100%)       4096M (100%)       4096M (100%)   
[0.706s][info][gc,heap     ] GC(1)      Free:     3844M (94%)        3840M (94%)        3838M (94%)        3842M (94%)        3844M (94%)        3834M (94%)    
[0.707s][info][gc,heap     ] GC(1)      Used:      252M (6%)          256M (6%)          258M (6%)          254M (6%)          262M (6%)          252M (6%)     
[0.707s][info][gc,heap     ] GC(1)      Live:         -               221M (5%)          221M (5%)          221M (5%)             -                  -          
[0.707s][info][gc,heap     ] GC(1) Allocated:         -                 4M (0%)            6M (0%)            5M (0%)             -                  -          
[0.707s][info][gc,heap     ] GC(1)   Garbage:         -                30M (1%)           30M (1%)           26M (1%)             -                  -          
[0.707s][info][gc,heap     ] GC(1) Reclaimed:         -                  -                 0M (0%)            3M (0%)             -                  -          
[0.707s][info][gc          ] GC(1) Garbage Collection (Timer) 252M(6%)->254M(6%)
[0.886s][info][gc,start    ] GC(2) Garbage Collection (Warmup)
[0.886s][info][gc,task     ] GC(2) Using 3 workers
[0.887s][info][gc,phases   ] GC(2) Pause Mark Start 0.006ms
[0.907s][info][gc,phases   ] GC(2) Concurrent Mark 19.817ms
[0.907s][info][gc,phases   ] GC(2) Pause Mark End 0.012ms
[0.907s][info][gc,phases   ] GC(2) Concurrent Mark Free 0.001ms
[0.907s][info][gc,phases   ] GC(2) Concurrent Process Non-Strong References 0.377ms
[0.907s][info][gc,phases   ] GC(2) Concurrent Reset Relocation Set 0.001ms
[0.911s][info][gc,phases   ] GC(2) Concurrent Select Relocation Set 3.434ms
[0.911s][info][gc,phases   ] GC(2) Pause Relocate Start 0.009ms
[0.912s][info][gc,phases   ] GC(2) Concurrent Relocate 0.782ms
[0.912s][info][gc,load     ] GC(2) Load: 0.00/0.00/0.00
[0.912s][info][gc,mmu      ] GC(2) MMU: 2ms/99.4%, 5ms/99.6%, 10ms/99.8%, 20ms/99.9%, 50ms/99.9%, 100ms/100.0%
[0.912s][info][gc,marking  ] GC(2) Mark: 2 stripe(s), 3 proactive flush(es), 1 terminate flush(es), 0 completion(s), 0 continuation(s) 
[0.912s][info][gc,marking  ] GC(2) Mark Stack Usage: 32M
[0.912s][info][gc,nmethod  ] GC(2) NMethods: 295 registered, 0 unregistered
[0.912s][info][gc,metaspace] GC(2) Metaspace: 0M used, 0M committed, 1088M reserved
[0.912s][info][gc,ref      ] GC(2) Soft: 72 encountered, 0 discovered, 0 enqueued
[0.912s][info][gc,ref      ] GC(2) Weak: 154 encountered, 5 discovered, 0 enqueued
[0.912s][info][gc,ref      ] GC(2) Final: 0 encountered, 0 discovered, 0 enqueued
[0.912s][info][gc,ref      ] GC(2) Phantom: 7 encountered, 2 discovered, 0 enqueued
[0.912s][info][gc,reloc    ] GC(2) Small Pages: 208 / 416M, Empty: 0M, Relocated: 1M, In-Place: 0
[0.912s][info][gc,reloc    ] GC(2) Medium Pages: 0 / 0M, Empty: 0M, Relocated: 0M, In-Place: 0
[0.912s][info][gc,reloc    ] GC(2) Large Pages: 0 / 0M, Empty: 0M, Relocated: 0M, In-Place: 0
[0.912s][info][gc,reloc    ] GC(2) Forwarding Usage: 0M
[0.912s][info][gc,heap     ] GC(2) Min Capacity: 4096M(100%)
[0.912s][info][gc,heap     ] GC(2) Max Capacity: 4096M(100%)
[0.912s][info][gc,heap     ] GC(2) Soft Max Capacity: 4096M(100%)
[0.912s][info][gc,heap     ] GC(2)                Mark Start          Mark End        Relocate Start      Relocate End           High               Low         
[0.912s][info][gc,heap     ] GC(2)  Capacity:     4096M (100%)       4096M (100%)       4096M (100%)       4096M (100%)       4096M (100%)       4096M (100%)   
[0.912s][info][gc,heap     ] GC(2)      Free:     3680M (90%)        3676M (90%)        3674M (90%)        3676M (90%)        3680M (90%)        3668M (90%)    
[0.912s][info][gc,heap     ] GC(2)      Used:      416M (10%)         420M (10%)         422M (10%)         420M (10%)         428M (10%)         416M (10%)    
[0.912s][info][gc,heap     ] GC(2)      Live:         -               373M (9%)          373M (9%)          373M (9%)             -                  -          
[0.912s][info][gc,heap     ] GC(2) Allocated:         -                 4M (0%)            6M (0%)            5M (0%)             -                  -          
[0.912s][info][gc,heap     ] GC(2)   Garbage:         -                42M (1%)           42M (1%)           40M (1%)             -                  -          
[0.912s][info][gc,heap     ] GC(2) Reclaimed:         -                  -                 0M (0%)            1M (0%)             -                  -          
[0.912s][info][gc          ] GC(2) Garbage Collection (Warmup) 416M(10%)->420M(10%)
[1.186s][info][gc,start    ] GC(3) Garbage Collection (Timer)
[1.186s][info][gc,task     ] GC(3) Using 3 workers
[1.186s][info][gc,phases   ] GC(3) Pause Mark Start 0.006ms
[1.209s][info][gc,phases   ] GC(3) Concurrent Mark 22.914ms
[1.209s][info][gc,phases   ] GC(3) Pause Mark End 0.012ms
[1.209s][info][gc,phases   ] GC(3) Concurrent Mark Free 0.001ms
[1.210s][info][gc,phases   ] GC(3) Concurrent Process Non-Strong References 0.422ms
[1.210s][info][gc,phases   ] GC(3) Concurrent Reset Relocation Set 0.001ms
[1.212s][info][gc,phases   ] GC(3) Concurrent Select Relocation Set 2.271ms
[1.212s][info][gc,phases   ] GC(3) Pause Relocate Start 0.006ms
[1.213s][info][gc,phases   ] GC(3) Concurrent Relocate 0.907ms
[1.213s][info][gc,load     ] GC(3) Load: 0.00/0.00/0.00
[1.213s][info][gc,mmu      ] GC(3) MMU: 2ms/99.4%, 5ms/99.6%, 10ms/99.8%, 20ms/99.9%, 50ms/99.9%, 100ms/100.0%
[1.213s][info][gc,marking  ] GC(3) Mark: 2 stripe(s), 3 proactive flush(es), 1 terminate flush(es), 0 completion(s), 0 continuation(s) 
[1.213s][info][gc,marking  ] GC(3) Mark Stack Usage: 32M
[1.213s][info][gc,nmethod  ] GC(3) NMethods: 375 registered, 0 unregistered
[1.213s][info][gc,metaspace] GC(3) Metaspace: 1M used, 1M committed, 1088M reserved
[1.214s][info][gc,ref      ] GC(3) Soft: 118 encountered, 0 discovered, 0 enqueued
[1.214s][info][gc,ref      ] GC(3) Weak: 175 encountered, 6 discovered, 5 enqueued
[1.214s][info][gc,ref      ] GC(3) Final: 0 encountered, 0 discovered, 0 enqueued
[1.214s][info][gc,ref      ] GC(3) Phantom: 12 encountered, 10 discovered, 5 enqueued
[1.214s][info][gc,reloc    ] GC(3) Small Pages: 321 / 642M, Empty: 0M, Relocated: 1M, In-Place: 0
[1.214s][info][gc,reloc    ] GC(3) Medium Pages: 0 / 0M, Empty: 0M, Relocated: 0M, In-Place: 0
[1.214s][info][gc,reloc    ] GC(3) Large Pages: 0 / 0M, Empty: 0M, Relocated: 0M, In-Place: 0
[1.214s][info][gc,reloc    ] GC(3) Forwarding Usage: 0M
[1.214s][info][gc,heap     ] GC(3) Min Capacity: 4096M(100%)
[1.214s][info][gc,heap     ] GC(3) Max Capacity: 4096M(100%)
[1.214s][info][gc,heap     ] GC(3) Soft Max Capacity: 4096M(100%)
[1.214s][info][gc,heap     ] GC(3)                Mark Start          Mark End        Relocate Start      Relocate End           High               Low         
[1.214s][info][gc,heap     ] GC(3)  Capacity:     4096M (100%)       4096M (100%)       4096M (100%)       4096M (100%)       4096M (100%)       4096M (100%)   
[1.214s][info][gc,heap     ] GC(3)      Free:     3454M (84%)        3450M (84%)        3446M (84%)        3448M (84%)        3454M (84%)        3440M (84%)    
[1.214s][info][gc,heap     ] GC(3)      Used:      642M (16%)         646M (16%)         650M (16%)         648M (16%)         656M (16%)         642M (16%)    
[1.214s][info][gc,heap     ] GC(3)      Live:         -               579M (14%)         579M (14%)         579M (14%)            -                  -          
[1.214s][info][gc,heap     ] GC(3) Allocated:         -                 4M (0%)            8M (0%)            7M (0%)             -                  -          
[1.214s][info][gc,heap     ] GC(3)   Garbage:         -                62M (2%)           62M (2%)           60M (1%)             -                  -          
[1.214s][info][gc,heap     ] GC(3) Reclaimed:         -                  -                 0M (0%)            1M (0%)             -                  -          
[1.214s][info][gc          ] GC(3) Garbage Collection (Timer) 642M(16%)->648M(16%)
[1.486s][info][gc,start    ] GC(4) Garbage Collection (Timer)
[1.486s][info][gc,task     ] GC(4) Using 3 workers
[1.486s][info][gc,phases   ] GC(4) Pause Mark Start 0.007ms
[1.508s][info][gc,phases   ] GC(4) Concurrent Mark 21.741ms
[1.508s][info][gc,phases   ] GC(4) Pause Mark End 0.012ms
[1.508s][info][gc,phases   ] GC(4) Concurrent Mark Free 0.001ms
[1.509s][info][gc,phases   ] GC(4) Concurrent Process Non-Strong References 0.424ms
[1.509s][info][gc,phases   ] GC(4) Concurrent Reset Relocation Set 0.001ms
[1.512s][info][gc,phases   ] GC(4) Concurrent Select Relocation Set 3.341ms
[1.513s][info][gc,phases   ] GC(4) Pause Relocate Start 0.008ms
[1.513s][info][gc,phases   ] GC(4) Concurrent Relocate 0.746ms
[1.513s][info][gc,load     ] GC(4) Load: 0.00/0.00/0.00
[1.513s][info][gc,mmu      ] GC(4) MMU: 2ms/99.4%, 5ms/99.6%, 10ms/99.8%, 20ms/99.9%, 50ms/99.9%, 100ms/100.0%
[1.514s][info][gc,marking  ] GC(4) Mark: 2 stripe(s), 4 proactive flush(es), 1 terminate flush(es), 0 completion(s), 0 continuation(s) 
[1.514s][info][gc,marking  ] GC(4) Mark Stack Usage: 32M
[1.514s][info][gc,nmethod  ] GC(4) NMethods: 379 registered, 0 unregistered
[1.514s][info][gc,metaspace] GC(4) Metaspace: 1M used, 1M committed, 1088M reserved
[1.514s][info][gc,ref      ] GC(4) Soft: 118 encountered, 0 discovered, 0 enqueued
[1.514s][info][gc,ref      ] GC(4) Weak: 170 encountered, 1 discovered, 0 enqueued
[1.514s][info][gc,ref      ] GC(4) Final: 0 encountered, 0 discovered, 0 enqueued
[1.514s][info][gc,ref      ] GC(4) Phantom: 7 encountered, 4 discovered, 0 enqueued
[1.514s][info][gc,reloc    ] GC(4) Small Pages: 341 / 682M, Empty: 0M, Relocated: 1M, In-Place: 0
[1.514s][info][gc,reloc    ] GC(4) Medium Pages: 0 / 0M, Empty: 0M, Relocated: 0M, In-Place: 0
[1.514s][info][gc,reloc    ] GC(4) Large Pages: 0 / 0M, Empty: 0M, Relocated: 0M, In-Place: 0
[1.514s][info][gc,reloc    ] GC(4) Forwarding Usage: 0M
[1.514s][info][gc,heap     ] GC(4) Min Capacity: 4096M(100%)
[1.514s][info][gc,heap     ] GC(4) Max Capacity: 4096M(100%)
[1.514s][info][gc,heap     ] GC(4) Soft Max Capacity: 4096M(100%)
[1.514s][info][gc,heap     ] GC(4)                Mark Start          Mark End        Relocate Start      Relocate End           High               Low         
[1.514s][info][gc,heap     ] GC(4)  Capacity:     4096M (100%)       4096M (100%)       4096M (100%)       4096M (100%)       4096M (100%)       4096M (100%)   
[1.514s][info][gc,heap     ] GC(4)      Free:     3414M (83%)        3414M (83%)        3414M (83%)        3414M (83%)        3414M (83%)        3408M (83%)    
[1.514s][info][gc,heap     ] GC(4)      Used:      682M (17%)         682M (17%)         682M (17%)         682M (17%)         688M (17%)         682M (17%)    
[1.514s][info][gc,heap     ] GC(4)      Live:         -               617M (15%)         617M (15%)         617M (15%)            -                  -          
[1.514s][info][gc,heap     ] GC(4) Allocated:         -                 0M (0%)            0M (0%)            0M (0%)             -                  -          
[1.514s][info][gc,heap     ] GC(4)   Garbage:         -                64M (2%)           64M (2%)           64M (2%)             -                  -          
[1.514s][info][gc,heap     ] GC(4) Reclaimed:         -                  -                 0M (0%)            0M (0%)             -                  -          
[1.514s][info][gc          ] GC(4) Garbage Collection (Timer) 682M(17%)->682M(17%)
[1.787s][info][gc,start    ] GC(5) Garbage Collection (Timer)
[1.787s][info][gc,task     ] GC(5) Using 3 workers
[1.787s][info][gc,phases   ] GC(5) Pause Mark Start 0.006ms
[1.797s][info][gc,phases   ] GC(5) Concurrent Mark 9.618ms
[1.797s][info][gc,phases   ] GC(5) Pause Mark End 0.009ms
[1.797s][info][gc,phases   ] GC(5) Concurrent Mark Free 0.001ms
[1.798s][info][gc,phases   ] GC(5) Concurrent Process Non-Strong References 0.762ms
[1.798s][info][gc,phases   ] GC(5) Concurrent Reset Relocation Set 0.001ms
[1.800s][info][gc,phases   ] GC(5) Concurrent Select Relocation Set 2.081ms
[1.800s][info][gc,phases   ] GC(5) Pause Relocate Start 0.004ms
[1.801s][info][gc,phases   ] GC(5) Concurrent Relocate 0.531ms
[1.801s][info][gc,load     ] GC(5) Load: 0.00/0.00/0.00
[1.801s][info][gc,mmu      ] GC(5) MMU: 2ms/99.4%, 5ms/99.6%, 10ms/99.8%, 20ms/99.9%, 50ms/99.9%, 100ms/100.0%
[1.801s][info][gc,marking  ] GC(5) Mark: 2 stripe(s), 9 proactive flush(es), 1 terminate flush(es), 0 completion(s), 0 continuation(s) 
[1.801s][info][gc,marking  ] GC(5) Mark Stack Usage: 32M
[1.801s][info][gc,nmethod  ] GC(5) NMethods: 379 registered, 0 unregistered
[1.801s][info][gc,metaspace] GC(5) Metaspace: 1M used, 1M committed, 1088M reserved
[1.801s][info][gc,ref      ] GC(5) Soft: 118 encountered, 0 discovered, 0 enqueued
[1.801s][info][gc,ref      ] GC(5) Weak: 170 encountered, 1 discovered, 0 enqueued
[1.801s][info][gc,ref      ] GC(5) Final: 0 encountered, 0 discovered, 0 enqueued
[1.801s][info][gc,ref      ] GC(5) Phantom: 7 encountered, 4 discovered, 0 enqueued
[1.801s][info][gc,reloc    ] GC(5) Small Pages: 341 / 682M, Empty: 0M, Relocated: 1M, In-Place: 0
[1.801s][info][gc,reloc    ] GC(5) Medium Pages: 0 / 0M, Empty: 0M, Relocated: 0M, In-Place: 0
[1.801s][info][gc,reloc    ] GC(5) Large Pages: 0 / 0M, Empty: 0M, Relocated: 0M, In-Place: 0
[1.801s][info][gc,reloc    ] GC(5) Forwarding Usage: 0M
[1.801s][info][gc,heap     ] GC(5) Min Capacity: 4096M(100%)
[1.801s][info][gc,heap     ] GC(5) Max Capacity: 4096M(100%)
[1.801s][info][gc,heap     ] GC(5) Soft Max Capacity: 4096M(100%)
[1.801s][info][gc,heap     ] GC(5)                Mark Start          Mark End        Relocate Start      Relocate End           High               Low         
[1.801s][info][gc,heap     ] GC(5)  Capacity:     4096M (100%)       4096M (100%)       4096M (100%)       4096M (100%)       4096M (100%)       4096M (100%)   
[1.801s][info][gc,heap     ] GC(5)      Free:     3414M (83%)        3414M (83%)        3414M (83%)        3414M (83%)        3414M (83%)        3408M (83%)    
[1.801s][info][gc,heap     ] GC(5)      Used:      682M (17%)         682M (17%)         682M (17%)         682M (17%)         688M (17%)         682M (17%)    
[1.801s][info][gc,heap     ] GC(5)      Live:         -               617M (15%)         617M (15%)         617M (15%)            -                  -          
[1.801s][info][gc,heap     ] GC(5) Allocated:         -                 0M (0%)            0M (0%)            0M (0%)             -                  -          
[1.801s][info][gc,heap     ] GC(5)   Garbage:         -                64M (2%)           64M (2%)           64M (2%)             -                  -          
[1.801s][info][gc,heap     ] GC(5) Reclaimed:         -                  -                 0M (0%)            0M (0%)             -                  -          
[1.802s][info][gc          ] GC(5) Garbage Collection (Timer) 682M(17%)->682M(17%)
[2.086s][info][gc,start    ] GC(6) Garbage Collection (Timer)
[2.086s][info][gc,task     ] GC(6) Using 3 workers
[2.086s][info][gc,phases   ] GC(6) Pause Mark Start 0.005ms
[2.093s][info][gc,phases   ] GC(6) Concurrent Mark 6.633ms
[2.093s][info][gc,phases   ] GC(6) Pause Mark End 0.009ms
[2.093s][info][gc,phases   ] GC(6) Concurrent Mark Free 0.001ms
[2.094s][info][gc,phases   ] GC(6) Concurrent Process Non-Strong References 0.779ms
[2.094s][info][gc,phases   ] GC(6) Concurrent Reset Relocation Set 0.001ms
[2.096s][info][gc,phases   ] GC(6) Concurrent Select Relocation Set 2.101ms
[2.096s][info][gc,phases   ] GC(6) Pause Relocate Start 0.004ms
[2.097s][info][gc,phases   ] GC(6) Concurrent Relocate 0.507ms
[2.097s][info][gc,load     ] GC(6) Load: 0.00/0.00/0.00
[2.097s][info][gc,mmu      ] GC(6) MMU: 2ms/99.4%, 5ms/99.6%, 10ms/99.8%, 20ms/99.9%, 50ms/99.9%, 100ms/100.0%
[2.097s][info][gc,marking  ] GC(6) Mark: 2 stripe(s), 1 proactive flush(es), 1 terminate flush(es), 0 completion(s), 0 continuation(s) 
[2.097s][info][gc,marking  ] GC(6) Mark Stack Usage: 32M
[2.097s][info][gc,nmethod  ] GC(6) NMethods: 379 registered, 0 unregistered
[2.097s][info][gc,metaspace] GC(6) Metaspace: 1M used, 1M committed, 1088M reserved
[2.097s][info][gc,ref      ] GC(6) Soft: 118 encountered, 0 discovered, 0 enqueued
[2.097s][info][gc,ref      ] GC(6) Weak: 170 encountered, 92 discovered, 0 enqueued
[2.097s][info][gc,ref      ] GC(6) Final: 0 encountered, 0 discovered, 0 enqueued
[2.097s][info][gc,ref      ] GC(6) Phantom: 7 encountered, 2 discovered, 0 enqueued
[2.097s][info][gc,reloc    ] GC(6) Small Pages: 341 / 682M, Empty: 0M, Relocated: 1M, In-Place: 0
[2.097s][info][gc,reloc    ] GC(6) Medium Pages: 0 / 0M, Empty: 0M, Relocated: 0M, In-Place: 0
[2.097s][info][gc,reloc    ] GC(6) Large Pages: 0 / 0M, Empty: 0M, Relocated: 0M, In-Place: 0
[2.097s][info][gc,reloc    ] GC(6) Forwarding Usage: 0M
[2.097s][info][gc,heap     ] GC(6) Min Capacity: 4096M(100%)
[2.097s][info][gc,heap     ] GC(6) Max Capacity: 4096M(100%)
[2.097s][info][gc,heap     ] GC(6) Soft Max Capacity: 4096M(100%)
[2.097s][info][gc,heap     ] GC(6)                Mark Start          Mark End        Relocate Start      Relocate End           High               Low         
[2.098s][info][gc,heap     ] GC(6)  Capacity:     4096M (100%)       4096M (100%)       4096M (100%)       4096M (100%)       4096M (100%)       4096M (100%)   
[2.098s][info][gc,heap     ] GC(6)      Free:     3414M (83%)        3414M (83%)        3414M (83%)        3414M (83%)        3414M (83%)        3408M (83%)    
[2.098s][info][gc,heap     ] GC(6)      Used:      682M (17%)         682M (17%)         682M (17%)         682M (17%)         688M (17%)         682M (17%)    
[2.098s][info][gc,heap     ] GC(6)      Live:         -               617M (15%)         617M (15%)         617M (15%)            -                  -          
[2.098s][info][gc,heap     ] GC(6) Allocated:         -                 0M (0%)            0M (0%)            0M (0%)             -                  -          
[2.098s][info][gc,heap     ] GC(6)   Garbage:         -                64M (2%)           64M (2%)           64M (2%)             -                  -          
[2.098s][info][gc,heap     ] GC(6) Reclaimed:         -                  -                 0M (0%)            0M (0%)             -                  -          
[2.098s][info][gc          ] GC(6) Garbage Collection (Timer) 682M(17%)->682M(17%)
[2.387s][info][gc,start    ] GC(7) Garbage Collection (Timer)
[2.387s][info][gc,task     ] GC(7) Using 3 workers
[2.387s][info][gc,phases   ] GC(7) Pause Mark Start 0.006ms
[2.396s][info][gc,phases   ] GC(7) Concurrent Mark 9.235ms
[2.396s][info][gc,phases   ] GC(7) Pause Mark End 0.010ms
[2.396s][info][gc,phases   ] GC(7) Concurrent Mark Free 0.001ms
[2.397s][info][gc,phases   ] GC(7) Concurrent Process Non-Strong References 0.790ms
[2.397s][info][gc,phases   ] GC(7) Concurrent Reset Relocation Set 0.001ms
[2.400s][info][gc,phases   ] GC(7) Concurrent Select Relocation Set 2.345ms
[2.400s][info][gc,phases   ] GC(7) Pause Relocate Start 0.005ms
[2.401s][info][gc,phases   ] GC(7) Concurrent Relocate 0.623ms
[2.401s][info][gc,load     ] GC(7) Load: 0.00/0.00/0.00
[2.401s][info][gc,mmu      ] GC(7) MMU: 2ms/99.4%, 5ms/99.6%, 10ms/99.8%, 20ms/99.9%, 50ms/99.9%, 100ms/100.0%
[2.401s][info][gc,marking  ] GC(7) Mark: 2 stripe(s), 2 proactive flush(es), 1 terminate flush(es), 0 completion(s), 0 continuation(s) 
[2.401s][info][gc,marking  ] GC(7) Mark Stack Usage: 32M
[2.401s][info][gc,nmethod  ] GC(7) NMethods: 459 registered, 0 unregistered
[2.401s][info][gc,metaspace] GC(7) Metaspace: 1M used, 1M committed, 1088M reserved
[2.401s][info][gc,ref      ] GC(7) Soft: 181 encountered, 0 discovered, 0 enqueued
[2.401s][info][gc,ref      ] GC(7) Weak: 296 encountered, 150 discovered, 33 enqueued
[2.401s][info][gc,ref      ] GC(7) Final: 0 encountered, 0 discovered, 0 enqueued
[2.401s][info][gc,ref      ] GC(7) Phantom: 24 encountered, 20 discovered, 17 enqueued
[2.401s][info][gc,reloc    ] GC(7) Small Pages: 381 / 762M, Empty: 0M, Relocated: 1M, In-Place: 0
[2.401s][info][gc,reloc    ] GC(7) Medium Pages: 0 / 0M, Empty: 0M, Relocated: 0M, In-Place: 0
[2.401s][info][gc,reloc    ] GC(7) Large Pages: 0 / 0M, Empty: 0M, Relocated: 0M, In-Place: 0
[2.401s][info][gc,reloc    ] GC(7) Forwarding Usage: 0M
[2.401s][info][gc,heap     ] GC(7) Min Capacity: 4096M(100%)
[2.401s][info][gc,heap     ] GC(7) Max Capacity: 4096M(100%)
[2.401s][info][gc,heap     ] GC(7) Soft Max Capacity: 4096M(100%)
[2.401s][info][gc,heap     ] GC(7)                Mark Start          Mark End        Relocate Start      Relocate End           High               Low         
[2.401s][info][gc,heap     ] GC(7)  Capacity:     4096M (100%)       4096M (100%)       4096M (100%)       4096M (100%)       4096M (100%)       4096M (100%)   
[2.401s][info][gc,heap     ] GC(7)      Free:     3334M (81%)        3328M (81%)        3326M (81%)        3328M (81%)        3334M (81%)        3322M (81%)    
[2.401s][info][gc,heap     ] GC(7)      Used:      762M (19%)         768M (19%)         770M (19%)         768M (19%)         774M (19%)         762M (19%)    
[2.401s][info][gc,heap     ] GC(7)      Live:         -               688M (17%)         688M (17%)         688M (17%)            -                  -          
[2.401s][info][gc,heap     ] GC(7) Allocated:         -                 6M (0%)            8M (0%)            8M (0%)             -                  -          
[2.401s][info][gc,heap     ] GC(7)   Garbage:         -                73M (2%)           73M (2%)           71M (2%)             -                  -          
[2.401s][info][gc,heap     ] GC(7) Reclaimed:         -                  -                 0M (0%)            2M (0%)             -                  -          
[2.401s][info][gc          ] GC(7) Garbage Collection (Timer) 762M(19%)->768M(19%)
[2.486s][info][gc,start    ] GC(8) Garbage Collection (Warmup)
[2.487s][info][gc,task     ] GC(8) Using 3 workers
[2.487s][info][gc,phases   ] GC(8) Pause Mark Start 0.006ms
[2.498s][info][gc,phases   ] GC(8) Concurrent Mark 11.302ms
[2.498s][info][gc,phases   ] GC(8) Pause Mark End 0.010ms
[2.498s][info][gc,phases   ] GC(8) Concurrent Mark Free 0.001ms
[2.499s][info][gc,phases   ] GC(8) Concurrent Process Non-Strong References 0.761ms
[2.499s][info][gc,phases   ] GC(8) Concurrent Reset Relocation Set 0.001ms
[2.502s][info][gc,phases   ] GC(8) Concurrent Select Relocation Set 2.492ms
[2.502s][info][gc,phases   ] GC(8) Pause Relocate Start 0.006ms
[2.503s][info][gc,phases   ] GC(8) Concurrent Relocate 0.672ms
[2.503s][info][gc,load     ] GC(8) Load: 0.00/0.00/0.00
[2.503s][info][gc,mmu      ] GC(8) MMU: 2ms/99.4%, 5ms/99.6%, 10ms/99.8%, 20ms/99.9%, 50ms/99.9%, 100ms/100.0%
[2.503s][info][gc,marking  ] GC(8) Mark: 2 stripe(s), 2 proactive flush(es), 1 terminate flush(es), 0 completion(s), 0 continuation(s) 
[2.503s][info][gc,marking  ] GC(8) Mark Stack Usage: 32M
[2.503s][info][gc,nmethod  ] GC(8) NMethods: 459 registered, 0 unregistered
[2.503s][info][gc,metaspace] GC(8) Metaspace: 1M used, 1M committed, 1088M reserved
[2.503s][info][gc,ref      ] GC(8) Soft: 181 encountered, 0 discovered, 0 enqueued
[2.503s][info][gc,ref      ] GC(8) Weak: 263 encountered, 131 discovered, 0 enqueued
[2.503s][info][gc,ref      ] GC(8) Final: 0 encountered, 0 discovered, 0 enqueued
[2.503s][info][gc,ref      ] GC(8) Phantom: 7 encountered, 1 discovered, 0 enqueued
[2.503s][info][gc,reloc    ] GC(8) Small Pages: 421 / 842M, Empty: 0M, Relocated: 1M, In-Place: 0
[2.503s][info][gc,reloc    ] GC(8) Medium Pages: 0 / 0M, Empty: 0M, Relocated: 0M, In-Place: 0
[2.503s][info][gc,reloc    ] GC(8) Large Pages: 0 / 0M, Empty: 0M, Relocated: 0M, In-Place: 0
[2.503s][info][gc,reloc    ] GC(8) Forwarding Usage: 0M
[2.503s][info][gc,heap     ] GC(8) Min Capacity: 4096M(100%)
[2.503s][info][gc,heap     ] GC(8) Max Capacity: 4096M(100%)
[2.503s][info][gc,heap     ] GC(8) Soft Max Capacity: 4096M(100%)
[2.503s][info][gc,heap     ] GC(8)                Mark Start          Mark End        Relocate Start      Relocate End           High               Low         
[2.503s][info][gc,heap     ] GC(8)  Capacity:     4096M (100%)       4096M (100%)       4096M (100%)       4096M (100%)       4096M (100%)       4096M (100%)   
[2.503s][info][gc,heap     ] GC(8)      Free:     3254M (79%)        3252M (79%)        3248M (79%)        3248M (79%)        3254M (79%)        3242M (79%)    
[2.503s][info][gc,heap     ] GC(8)      Used:      842M (21%)         844M (21%)         848M (21%)         848M (21%)         854M (21%)         842M (21%)    
[2.503s][info][gc,heap     ] GC(8)      Live:         -               762M (19%)         762M (19%)         762M (19%)            -                  -          
[2.503s][info][gc,heap     ] GC(8) Allocated:         -                 2M (0%)            6M (0%)            6M (0%)             -                  -          
[2.503s][info][gc,heap     ] GC(8)   Garbage:         -                79M (2%)           79M (2%)           79M (2%)             -                  -          
[2.503s][info][gc,heap     ] GC(8) Reclaimed:         -                  -                 0M (0%)            0M (0%)             -                  -          
[2.503s][info][gc          ] GC(8) Garbage Collection (Warmup) 842M(21%)->848M(21%)
[2.787s][info][gc,start    ] GC(9) Garbage Collection (Timer)
[2.787s][info][gc,task     ] GC(9) Using 3 workers
[2.787s][info][gc,phases   ] GC(9) Pause Mark Start 0.006ms
[2.803s][info][gc,phases   ] GC(9) Concurrent Mark 15.587ms
[2.803s][info][gc,phases   ] GC(9) Pause Mark End 0.010ms
[2.803s][info][gc,phases   ] GC(9) Concurrent Mark Free 0.001ms
[2.804s][info][gc,phases   ] GC(9) Concurrent Process Non-Strong References 0.703ms
[2.804s][info][gc,phases   ] GC(9) Concurrent Reset Relocation Set 0.001ms
[2.807s][info][gc,phases   ] GC(9) Concurrent Select Relocation Set 2.329ms
[2.807s][info][gc,phases   ] GC(9) Pause Relocate Start 0.006ms
[2.808s][info][gc,phases   ] GC(9) Concurrent Relocate 1.592ms
[2.808s][info][gc,load     ] GC(9) Load: 0.00/0.00/0.00
[2.808s][info][gc,mmu      ] GC(9) MMU: 2ms/99.4%, 5ms/99.6%, 10ms/99.8%, 20ms/99.9%, 50ms/99.9%, 100ms/100.0%
[2.808s][info][gc,marking  ] GC(9) Mark: 2 stripe(s), 4 proactive flush(es), 1 terminate flush(es), 0 completion(s), 0 continuation(s) 
[2.809s][info][gc,marking  ] GC(9) Mark Stack Usage: 32M
[2.809s][info][gc,nmethod  ] GC(9) NMethods: 459 registered, 0 unregistered
[2.809s][info][gc,metaspace] GC(9) Metaspace: 1M used, 1M committed, 1088M reserved
[2.809s][info][gc,ref      ] GC(9) Soft: 181 encountered, 0 discovered, 0 enqueued
[2.809s][info][gc,ref      ] GC(9) Weak: 263 encountered, 131 discovered, 0 enqueued
[2.809s][info][gc,ref      ] GC(9) Final: 0 encountered, 0 discovered, 0 enqueued
[2.809s][info][gc,ref      ] GC(9) Phantom: 7 encountered, 1 discovered, 0 enqueued
[2.809s][info][gc,reloc    ] GC(9) Small Pages: 488 / 976M, Empty: 0M, Relocated: 1M, In-Place: 0
[2.809s][info][gc,reloc    ] GC(9) Medium Pages: 1 / 32M, Empty: 0M, Relocated: 0M, In-Place: 0
[2.809s][info][gc,reloc    ] GC(9) Large Pages: 0 / 0M, Empty: 0M, Relocated: 0M, In-Place: 0
[2.809s][info][gc,reloc    ] GC(9) Forwarding Usage: 0M
[2.809s][info][gc,heap     ] GC(9) Min Capacity: 4096M(100%)
[2.809s][info][gc,heap     ] GC(9) Max Capacity: 4096M(100%)
[2.809s][info][gc,heap     ] GC(9) Soft Max Capacity: 4096M(100%)
[2.809s][info][gc,heap     ] GC(9)                Mark Start          Mark End        Relocate Start      Relocate End           High               Low         
[2.809s][info][gc,heap     ] GC(9)  Capacity:     4096M (100%)       4096M (100%)       4096M (100%)       4096M (100%)       4096M (100%)       4096M (100%)   
[2.809s][info][gc,heap     ] GC(9)      Free:     3088M (75%)        3086M (75%)        3086M (75%)        3086M (75%)        3088M (75%)        3080M (75%)    
[2.809s][info][gc,heap     ] GC(9)      Used:     1008M (25%)        1010M (25%)        1010M (25%)        1010M (25%)        1016M (25%)        1008M (25%)    
[2.809s][info][gc,heap     ] GC(9)      Live:         -               884M (22%)         884M (22%)         884M (22%)            -                  -          
[2.809s][info][gc,heap     ] GC(9) Allocated:         -                 2M (0%)            2M (0%)            2M (0%)             -                  -          
[2.809s][info][gc,heap     ] GC(9)   Garbage:         -               123M (3%)          123M (3%)          123M (3%)             -                  -          
[2.809s][info][gc,heap     ] GC(9) Reclaimed:         -                  -                 0M (0%)            0M (0%)             -                  -          
[2.809s][info][gc          ] GC(9) Garbage Collection (Timer) 1008M(25%)->1010M(25%)
[3.087s][info][gc,start    ] GC(10) Garbage Collection (Timer)
[3.087s][info][gc,task     ] GC(10) Using 3 workers
[3.087s][info][gc,phases   ] GC(10) Pause Mark Start 0.007ms
[3.105s][info][gc,phases   ] GC(10) Concurrent Mark 17.820ms
[3.105s][info][gc,phases   ] GC(10) Pause Mark End 0.010ms
[3.105s][info][gc,phases   ] GC(10) Concurrent Mark Free 0.001ms
[3.106s][info][gc,phases   ] GC(10) Concurrent Process Non-Strong References 0.477ms
[3.106s][info][gc,phases   ] GC(10) Concurrent Reset Relocation Set 0.001ms
[3.109s][info][gc,phases   ] GC(10) Concurrent Select Relocation Set 3.129ms
[3.109s][info][gc,phases   ] GC(10) Pause Relocate Start 0.007ms
[3.110s][info][gc,phases   ] GC(10) Concurrent Relocate 1.515ms
[3.111s][info][gc,load     ] GC(10) Load: 0.00/0.00/0.00
[3.111s][info][gc,mmu      ] GC(10) MMU: 2ms/99.4%, 5ms/99.6%, 10ms/99.8%, 20ms/99.9%, 50ms/99.9%, 100ms/100.0%
[3.111s][info][gc,marking  ] GC(10) Mark: 2 stripe(s), 3 proactive flush(es), 1 terminate flush(es), 0 completion(s), 0 continuation(s) 
[3.111s][info][gc,marking  ] GC(10) Mark Stack Usage: 32M
[3.111s][info][gc,nmethod  ] GC(10) NMethods: 460 registered, 0 unregistered
[3.111s][info][gc,metaspace] GC(10) Metaspace: 1M used, 1M committed, 1088M reserved
[3.111s][info][gc,ref      ] GC(10) Soft: 181 encountered, 0 discovered, 0 enqueued
[3.111s][info][gc,ref      ] GC(10) Weak: 263 encountered, 13 discovered, 0 enqueued
[3.111s][info][gc,ref      ] GC(10) Final: 0 encountered, 0 discovered, 0 enqueued
[3.111s][info][gc,ref      ] GC(10) Phantom: 7 encountered, 3 discovered, 0 enqueued
[3.111s][info][gc,reloc    ] GC(10) Small Pages: 534 / 1068M, Empty: 0M, Relocated: 1M, In-Place: 0
[3.111s][info][gc,reloc    ] GC(10) Medium Pages: 1 / 32M, Empty: 0M, Relocated: 0M, In-Place: 0
[3.111s][info][gc,reloc    ] GC(10) Large Pages: 0 / 0M, Empty: 0M, Relocated: 0M, In-Place: 0
[3.111s][info][gc,reloc    ] GC(10) Forwarding Usage: 0M
[3.111s][info][gc,heap     ] GC(10) Min Capacity: 4096M(100%)
[3.111s][info][gc,heap     ] GC(10) Max Capacity: 4096M(100%)
[3.111s][info][gc,heap     ] GC(10) Soft Max Capacity: 4096M(100%)
[3.111s][info][gc,heap     ] GC(10)                Mark Start          Mark End        Relocate Start      Relocate End           High               Low         
[3.111s][info][gc,heap     ] GC(10)  Capacity:     4096M (100%)       4096M (100%)       4096M (100%)       4096M (100%)       4096M (100%)       4096M (100%)   
[3.111s][info][gc,heap     ] GC(10)      Free:     2996M (73%)        2994M (73%)        2992M (73%)        2992M (73%)        2996M (73%)        2986M (73%)    
[3.111s][info][gc,heap     ] GC(10)      Used:     1100M (27%)        1102M (27%)        1104M (27%)        1104M (27%)        1110M (27%)        1100M (27%)    
[3.111s][info][gc,heap     ] GC(10)      Live:         -               967M (24%)         967M (24%)         967M (24%)            -                  -          
[3.111s][info][gc,heap     ] GC(10) Allocated:         -                 2M (0%)            4M (0%)            4M (0%)             -                  -          
[3.111s][info][gc,heap     ] GC(10)   Garbage:         -               132M (3%)          132M (3%)          132M (3%)             -                  -          
[3.111s][info][gc,heap     ] GC(10) Reclaimed:         -                  -                 0M (0%)            0M (0%)             -                  -          
[3.112s][info][gc          ] GC(10) Garbage Collection (Timer) 1100M(27%)->1104M(27%)
[3.387s][info][gc,start    ] GC(11) Garbage Collection (Timer)
[3.387s][info][gc,task     ] GC(11) Using 3 workers
[3.387s][info][gc,phases   ] GC(11) Pause Mark Start 0.006ms
[3.403s][info][gc,phases   ] GC(11) Concurrent Mark 16.196ms
[3.404s][info][gc,phases   ] GC(11) Pause Mark End 0.010ms
[3.404s][info][gc,phases   ] GC(11) Concurrent Mark Free 0.001ms
[3.404s][info][gc,phases   ] GC(11) Concurrent Process Non-Strong References 0.577ms
[3.404s][info][gc,phases   ] GC(11) Concurrent Reset Relocation Set 0.001ms
[3.407s][info][gc,phases   ] GC(11) Concurrent Select Relocation Set 2.753ms
[3.407s][info][gc,phases   ] GC(11) Pause Relocate Start 0.006ms
[3.410s][info][gc,phases   ] GC(11) Concurrent Relocate 2.140ms
[3.410s][info][gc,load     ] GC(11) Load: 0.00/0.00/0.00
[3.410s][info][gc,mmu      ] GC(11) MMU: 2ms/99.4%, 5ms/99.6%, 10ms/99.8%, 20ms/99.9%, 50ms/99.9%, 100ms/100.0%
[3.410s][info][gc,marking  ] GC(11) Mark: 2 stripe(s), 3 proactive flush(es), 1 terminate flush(es), 0 completion(s), 0 continuation(s) 
[3.410s][info][gc,marking  ] GC(11) Mark Stack Usage: 32M
[3.410s][info][gc,nmethod  ] GC(11) NMethods: 460 registered, 0 unregistered
[3.410s][info][gc,metaspace] GC(11) Metaspace: 1M used, 1M committed, 1088M reserved
[3.410s][info][gc,ref      ] GC(11) Soft: 181 encountered, 0 discovered, 0 enqueued
[3.410s][info][gc,ref      ] GC(11) Weak: 263 encountered, 115 discovered, 0 enqueued
[3.410s][info][gc,ref      ] GC(11) Final: 0 encountered, 0 discovered, 0 enqueued
[3.410s][info][gc,ref      ] GC(11) Phantom: 7 encountered, 3 discovered, 0 enqueued
[3.410s][info][gc,reloc    ] GC(11) Small Pages: 578 / 1156M, Empty: 0M, Relocated: 1M, In-Place: 0
[3.410s][info][gc,reloc    ] GC(11) Medium Pages: 1 / 32M, Empty: 0M, Relocated: 0M, In-Place: 0
[3.410s][info][gc,reloc    ] GC(11) Large Pages: 0 / 0M, Empty: 0M, Relocated: 0M, In-Place: 0
[3.410s][info][gc,reloc    ] GC(11) Forwarding Usage: 0M
[3.410s][info][gc,heap     ] GC(11) Min Capacity: 4096M(100%)
[3.410s][info][gc,heap     ] GC(11) Max Capacity: 4096M(100%)
[3.410s][info][gc,heap     ] GC(11) Soft Max Capacity: 4096M(100%)
[3.410s][info][gc,heap     ] GC(11)                Mark Start          Mark End        Relocate Start      Relocate End           High               Low         
[3.410s][info][gc,heap     ] GC(11)  Capacity:     4096M (100%)       4096M (100%)       4096M (100%)       4096M (100%)       4096M (100%)       4096M (100%)   
[3.410s][info][gc,heap     ] GC(11)      Free:     2908M (71%)        2906M (71%)        2904M (71%)        2904M (71%)        2908M (71%)        2898M (71%)    
[3.410s][info][gc,heap     ] GC(11)      Used:     1188M (29%)        1190M (29%)        1192M (29%)        1192M (29%)        1198M (29%)        1188M (29%)    
[3.410s][info][gc,heap     ] GC(11)      Live:         -              1047M (26%)        1047M (26%)        1047M (26%)            -                  -          
[3.410s][info][gc,heap     ] GC(11) Allocated:         -                 2M (0%)            4M (0%)            4M (0%)             -                  -          
[3.410s][info][gc,heap     ] GC(11)   Garbage:         -               140M (3%)          140M (3%)          140M (3%)             -                  -          
[3.410s][info][gc,heap     ] GC(11) Reclaimed:         -                  -                 0M (0%)            0M (0%)             -                  -          
[3.410s][info][gc          ] GC(11) Garbage Collection (Timer) 1188M(29%)->1192M(29%)
[3.587s][info][gc,start    ] GC(12) Garbage Collection (Warmup)
[3.587s][info][gc,task     ] GC(12) Using 3 workers
[3.587s][info][gc,phases   ] GC(12) Pause Mark Start 0.006ms
[3.601s][info][gc,phases   ] GC(12) Concurrent Mark 14.256ms
[3.601s][info][gc,phases   ] GC(12) Pause Mark End 0.010ms
[3.601s][info][gc,phases   ] GC(12) Concurrent Mark Free 0.001ms
[3.603s][info][gc,phases   ] GC(12) Concurrent Process Non-Strong References 1.416ms
[3.603s][info][gc,phases   ] GC(12) Concurrent Reset Relocation Set 0.001ms
[3.606s][info][gc,phases   ] GC(12) Concurrent Select Relocation Set 2.525ms
[3.606s][info][gc,phases   ] GC(12) Pause Relocate Start 0.008ms
[3.607s][info][gc,phases   ] GC(12) Concurrent Relocate 1.582ms
[3.607s][info][gc,load     ] GC(12) Load: 0.00/0.00/0.00
[3.607s][info][gc,mmu      ] GC(12) MMU: 2ms/99.4%, 5ms/99.6%, 10ms/99.8%, 20ms/99.9%, 50ms/99.9%, 100ms/100.0%
[3.607s][info][gc,marking  ] GC(12) Mark: 2 stripe(s), 2 proactive flush(es), 1 terminate flush(es), 0 completion(s), 0 continuation(s) 
[3.607s][info][gc,marking  ] GC(12) Mark Stack Usage: 32M
[3.607s][info][gc,nmethod  ] GC(12) NMethods: 460 registered, 0 unregistered
[3.607s][info][gc,metaspace] GC(12) Metaspace: 1M used, 1M committed, 1088M reserved
[3.608s][info][gc,ref      ] GC(12) Soft: 181 encountered, 0 discovered, 0 enqueued
[3.608s][info][gc,ref      ] GC(12) Weak: 263 encountered, 131 discovered, 0 enqueued
[3.608s][info][gc,ref      ] GC(12) Final: 0 encountered, 0 discovered, 0 enqueued
[3.608s][info][gc,ref      ] GC(12) Phantom: 7 encountered, 4 discovered, 0 enqueued
[3.608s][info][gc,reloc    ] GC(12) Small Pages: 613 / 1226M, Empty: 0M, Relocated: 1M, In-Place: 0
[3.608s][info][gc,reloc    ] GC(12) Medium Pages: 1 / 32M, Empty: 0M, Relocated: 0M, In-Place: 0
[3.608s][info][gc,reloc    ] GC(12) Large Pages: 0 / 0M, Empty: 0M, Relocated: 0M, In-Place: 0
[3.608s][info][gc,reloc    ] GC(12) Forwarding Usage: 0M
[3.608s][info][gc,heap     ] GC(12) Min Capacity: 4096M(100%)
[3.608s][info][gc,heap     ] GC(12) Max Capacity: 4096M(100%)
[3.608s][info][gc,heap     ] GC(12) Soft Max Capacity: 4096M(100%)
[3.608s][info][gc,heap     ] GC(12)                Mark Start          Mark End        Relocate Start      Relocate End           High               Low         
[3.608s][info][gc,heap     ] GC(12)  Capacity:     4096M (100%)       4096M (100%)       4096M (100%)       4096M (100%)       4096M (100%)       4096M (100%)   
[3.608s][info][gc,heap     ] GC(12)      Free:     2838M (69%)        2836M (69%)        2834M (69%)        2834M (69%)        2838M (69%)        2828M (69%)    
[3.608s][info][gc,heap     ] GC(12)      Used:     1258M (31%)        1260M (31%)        1262M (31%)        1262M (31%)        1268M (31%)        1258M (31%)    
[3.608s][info][gc,heap     ] GC(12)      Live:         -              1110M (27%)        1110M (27%)        1110M (27%)            -                  -          
[3.608s][info][gc,heap     ] GC(12) Allocated:         -                 2M (0%)            4M (0%)            4M (0%)             -                  -          
[3.608s][info][gc,heap     ] GC(12)   Garbage:         -               147M (4%)          147M (4%)          147M (4%)             -                  -          
[3.608s][info][gc,heap     ] GC(12) Reclaimed:         -                  -                 0M (0%)            0M (0%)             -                  -          
[3.608s][info][gc          ] GC(12) Garbage Collection (Warmup) 1258M(31%)->1262M(31%)
[3.886s][info][gc,start    ] GC(13) Garbage Collection (Timer)
[3.886s][info][gc,task     ] GC(13) Using 3 workers
[3.886s][info][gc,phases   ] GC(13) Pause Mark Start 0.006ms
[3.905s][info][gc,phases   ] GC(13) Concurrent Mark 18.640ms
[3.905s][info][gc,phases   ] GC(13) Pause Mark End 0.009ms
[3.905s][info][gc,phases   ] GC(13) Concurrent Mark Free 0.001ms
[3.906s][info][gc,phases   ] GC(13) Concurrent Process Non-Strong References 0.676ms
[3.906s][info][gc,phases   ] GC(13) Concurrent Reset Relocation Set 0.001ms
[3.909s][info][gc,phases   ] GC(13) Concurrent Select Relocation Set 2.883ms
[3.909s][info][gc,phases   ] GC(13) Pause Relocate Start 0.006ms
[3.912s][info][gc,phases   ] GC(13) Concurrent Relocate 2.586ms
[3.912s][info][gc,load     ] GC(13) Load: 0.00/0.00/0.00
[3.912s][info][gc,mmu      ] GC(13) MMU: 2ms/99.4%, 5ms/99.6%, 10ms/99.8%, 20ms/99.9%, 50ms/99.9%, 100ms/100.0%
[3.912s][info][gc,marking  ] GC(13) Mark: 2 stripe(s), 2 proactive flush(es), 1 terminate flush(es), 0 completion(s), 0 continuation(s) 
[3.912s][info][gc,marking  ] GC(13) Mark Stack Usage: 32M
[3.912s][info][gc,nmethod  ] GC(13) NMethods: 460 registered, 0 unregistered
[3.912s][info][gc,metaspace] GC(13) Metaspace: 1M used, 1M committed, 1088M reserved
[3.912s][info][gc,ref      ] GC(13) Soft: 181 encountered, 0 discovered, 0 enqueued
[3.912s][info][gc,ref      ] GC(13) Weak: 263 encountered, 131 discovered, 0 enqueued
[3.912s][info][gc,ref      ] GC(13) Final: 0 encountered, 0 discovered, 0 enqueued
[3.912s][info][gc,ref      ] GC(13) Phantom: 7 encountered, 3 discovered, 0 enqueued
[3.912s][info][gc,reloc    ] GC(13) Small Pages: 656 / 1312M, Empty: 0M, Relocated: 1M, In-Place: 0
[3.912s][info][gc,reloc    ] GC(13) Medium Pages: 1 / 32M, Empty: 0M, Relocated: 0M, In-Place: 0
[3.912s][info][gc,reloc    ] GC(13) Large Pages: 0 / 0M, Empty: 0M, Relocated: 0M, In-Place: 0
[3.912s][info][gc,reloc    ] GC(13) Forwarding Usage: 0M
[3.912s][info][gc,heap     ] GC(13) Min Capacity: 4096M(100%)
[3.912s][info][gc,heap     ] GC(13) Max Capacity: 4096M(100%)
[3.912s][info][gc,heap     ] GC(13) Soft Max Capacity: 4096M(100%)
[3.912s][info][gc,heap     ] GC(13)                Mark Start          Mark End        Relocate Start      Relocate End           High               Low         
[3.912s][info][gc,heap     ] GC(13)  Capacity:     4096M (100%)       4096M (100%)       4096M (100%)       4096M (100%)       4096M (100%)       4096M (100%)   
[3.912s][info][gc,heap     ] GC(13)      Free:     2752M (67%)        2750M (67%)        2748M (67%)        2748M (67%)        2752M (67%)        2742M (67%)    
[3.912s][info][gc,heap     ] GC(13)      Used:     1344M (33%)        1346M (33%)        1348M (33%)        1348M (33%)        1354M (33%)        1344M (33%)    
[3.912s][info][gc,heap     ] GC(13)      Live:         -              1188M (29%)        1188M (29%)        1188M (29%)            -                  -          
[3.912s][info][gc,heap     ] GC(13) Allocated:         -                 2M (0%)            4M (0%)            4M (0%)             -                  -          
[3.912s][info][gc,heap     ] GC(13)   Garbage:         -               155M (4%)          155M (4%)          155M (4%)             -                  -          
[3.912s][info][gc,heap     ] GC(13) Reclaimed:         -                  -                 0M (0%)            0M (0%)             -                  -          
[3.912s][info][gc          ] GC(13) Garbage Collection (Timer) 1344M(33%)->1348M(33%)
[4.186s][info][gc,start    ] GC(14) Garbage Collection (Timer)
[4.186s][info][gc,task     ] GC(14) Using 3 workers
[4.186s][info][gc,phases   ] GC(14) Pause Mark Start 0.006ms
[4.209s][info][gc,phases   ] GC(14) Concurrent Mark 22.665ms
[4.209s][info][gc,phases   ] GC(14) Pause Mark End 0.013ms
[4.209s][info][gc,phases   ] GC(14) Concurrent Mark Free 0.001ms
[4.210s][info][gc,phases   ] GC(14) Concurrent Process Non-Strong References 0.734ms
[4.210s][info][gc,phases   ] GC(14) Concurrent Reset Relocation Set 0.001ms
[4.212s][info][gc,phases   ] GC(14) Concurrent Select Relocation Set 2.147ms
[4.212s][info][gc,phases   ] GC(14) Pause Relocate Start 0.005ms
[4.213s][info][gc,phases   ] GC(14) Concurrent Relocate 1.555ms
[4.214s][info][gc,load     ] GC(14) Load: 0.00/0.00/0.00
[4.214s][info][gc,mmu      ] GC(14) MMU: 2ms/99.3%, 5ms/99.6%, 10ms/99.8%, 20ms/99.9%, 50ms/99.9%, 100ms/100.0%
[4.214s][info][gc,marking  ] GC(14) Mark: 2 stripe(s), 10 proactive flush(es), 1 terminate flush(es), 0 completion(s), 0 continuation(s) 
[4.214s][info][gc,marking  ] GC(14) Mark Stack Usage: 32M
[4.214s][info][gc,nmethod  ] GC(14) NMethods: 460 registered, 0 unregistered
[4.214s][info][gc,metaspace] GC(14) Metaspace: 1M used, 1M committed, 1088M reserved
[4.214s][info][gc,ref      ] GC(14) Soft: 181 encountered, 0 discovered, 0 enqueued
[4.214s][info][gc,ref      ] GC(14) Weak: 263 encountered, 92 discovered, 0 enqueued
[4.214s][info][gc,ref      ] GC(14) Final: 0 encountered, 0 discovered, 0 enqueued
[4.214s][info][gc,ref      ] GC(14) Phantom: 7 encountered, 3 discovered, 0 enqueued
[4.214s][info][gc,reloc    ] GC(14) Small Pages: 680 / 1360M, Empty: 0M, Relocated: 1M, In-Place: 0
[4.214s][info][gc,reloc    ] GC(14) Medium Pages: 1 / 32M, Empty: 0M, Relocated: 0M, In-Place: 0
[4.214s][info][gc,reloc    ] GC(14) Large Pages: 0 / 0M, Empty: 0M, Relocated: 0M, In-Place: 0
[4.214s][info][gc,reloc    ] GC(14) Forwarding Usage: 0M
[4.214s][info][gc,heap     ] GC(14) Min Capacity: 4096M(100%)
[4.214s][info][gc,heap     ] GC(14) Max Capacity: 4096M(100%)
[4.214s][info][gc,heap     ] GC(14) Soft Max Capacity: 4096M(100%)
[4.214s][info][gc,heap     ] GC(14)                Mark Start          Mark End        Relocate Start      Relocate End           High               Low         
[4.214s][info][gc,heap     ] GC(14)  Capacity:     4096M (100%)       4096M (100%)       4096M (100%)       4096M (100%)       4096M (100%)       4096M (100%)   
[4.214s][info][gc,heap     ] GC(14)      Free:     2704M (66%)        2704M (66%)        2704M (66%)        2704M (66%)        2704M (66%)        2698M (66%)    
[4.214s][info][gc,heap     ] GC(14)      Used:     1392M (34%)        1392M (34%)        1392M (34%)        1392M (34%)        1398M (34%)        1392M (34%)    
[4.214s][info][gc,heap     ] GC(14)      Live:         -              1232M (30%)        1232M (30%)        1232M (30%)            -                  -          
[4.214s][info][gc,heap     ] GC(14) Allocated:         -                 0M (0%)            0M (0%)            0M (0%)             -                  -          
[4.214s][info][gc,heap     ] GC(14)   Garbage:         -               159M (4%)          159M (4%)          159M (4%)             -                  -          
[4.214s][info][gc,heap     ] GC(14) Reclaimed:         -                  -                 0M (0%)            0M (0%)             -                  -          
[4.214s][info][gc          ] GC(14) Garbage Collection (Timer) 1392M(34%)->1392M(34%)
[4.485s][info][gc,start    ] GC(15) Garbage Collection (Timer)
[4.485s][info][gc,task     ] GC(15) Using 3 workers
[4.485s][info][gc,phases   ] GC(15) Pause Mark Start 0.006ms
[4.503s][info][gc,phases   ] GC(15) Concurrent Mark 17.163ms
[4.503s][info][gc,phases   ] GC(15) Pause Mark End 0.010ms
[4.503s][info][gc,phases   ] GC(15) Concurrent Mark Free 0.001ms
[4.504s][info][gc,phases   ] GC(15) Concurrent Process Non-Strong References 0.757ms
[4.504s][info][gc,phases   ] GC(15) Concurrent Reset Relocation Set 0.001ms
[4.506s][info][gc,phases   ] GC(15) Concurrent Select Relocation Set 2.197ms
[4.506s][info][gc,phases   ] GC(15) Pause Relocate Start 0.005ms
[4.507s][info][gc,phases   ] GC(15) Concurrent Relocate 1.145ms
[4.507s][info][gc,load     ] GC(15) Load: 0.00/0.00/0.00
[4.507s][info][gc,mmu      ] GC(15) MMU: 2ms/99.3%, 5ms/99.6%, 10ms/99.8%, 20ms/99.9%, 50ms/99.9%, 100ms/100.0%
[4.507s][info][gc,marking  ] GC(15) Mark: 2 stripe(s), 10 proactive flush(es), 1 terminate flush(es), 0 completion(s), 0 continuation(s) 
[4.507s][info][gc,marking  ] GC(15) Mark Stack Usage: 32M
[4.507s][info][gc,nmethod  ] GC(15) NMethods: 460 registered, 0 unregistered
[4.507s][info][gc,metaspace] GC(15) Metaspace: 1M used, 1M committed, 1088M reserved
[4.507s][info][gc,ref      ] GC(15) Soft: 181 encountered, 0 discovered, 0 enqueued
[4.507s][info][gc,ref      ] GC(15) Weak: 263 encountered, 95 discovered, 0 enqueued
[4.508s][info][gc,ref      ] GC(15) Final: 0 encountered, 0 discovered, 0 enqueued
[4.508s][info][gc,ref      ] GC(15) Phantom: 7 encountered, 3 discovered, 0 enqueued
[4.508s][info][gc,reloc    ] GC(15) Small Pages: 680 / 1360M, Empty: 0M, Relocated: 1M, In-Place: 0
[4.508s][info][gc,reloc    ] GC(15) Medium Pages: 1 / 32M, Empty: 0M, Relocated: 0M, In-Place: 0
[4.508s][info][gc,reloc    ] GC(15) Large Pages: 0 / 0M, Empty: 0M, Relocated: 0M, In-Place: 0
[4.508s][info][gc,reloc    ] GC(15) Forwarding Usage: 0M
[4.508s][info][gc,heap     ] GC(15) Min Capacity: 4096M(100%)
[4.508s][info][gc,heap     ] GC(15) Max Capacity: 4096M(100%)
[4.508s][info][gc,heap     ] GC(15) Soft Max Capacity: 4096M(100%)
[4.508s][info][gc,heap     ] GC(15)                Mark Start          Mark End        Relocate Start      Relocate End           High               Low         
[4.508s][info][gc,heap     ] GC(15)  Capacity:     4096M (100%)       4096M (100%)       4096M (100%)       4096M (100%)       4096M (100%)       4096M (100%)   
[4.508s][info][gc,heap     ] GC(15)      Free:     2704M (66%)        2704M (66%)        2704M (66%)        2704M (66%)        2704M (66%)        2698M (66%)    
[4.508s][info][gc,heap     ] GC(15)      Used:     1392M (34%)        1392M (34%)        1392M (34%)        1392M (34%)        1398M (34%)        1392M (34%)    
[4.508s][info][gc,heap     ] GC(15)      Live:         -              1232M (30%)        1232M (30%)        1232M (30%)            -                  -          
[4.508s][info][gc,heap     ] GC(15) Allocated:         -                 0M (0%)            0M (0%)            0M (0%)             -                  -          
[4.508s][info][gc,heap     ] GC(15)   Garbage:         -               159M (4%)          159M (4%)          159M (4%)             -                  -          
[4.508s][info][gc,heap     ] GC(15) Reclaimed:         -                  -                 0M (0%)            0M (0%)             -                  -          
[4.508s][info][gc          ] GC(15) Garbage Collection (Timer) 1392M(34%)->1392M(34%)
[4.786s][info][gc,start    ] GC(16) Garbage Collection (Timer)
[4.786s][info][gc,task     ] GC(16) Using 3 workers
[4.786s][info][gc,phases   ] GC(16) Pause Mark Start 0.006ms
[4.796s][info][gc,phases   ] GC(16) Concurrent Mark 9.653ms
[4.796s][info][gc,phases   ] GC(16) Pause Mark End 0.011ms
[4.796s][info][gc,phases   ] GC(16) Concurrent Mark Free 0.001ms
[4.797s][info][gc,phases   ] GC(16) Concurrent Process Non-Strong References 0.820ms
[4.797s][info][gc,phases   ] GC(16) Concurrent Reset Relocation Set 0.001ms
[4.799s][info][gc,phases   ] GC(16) Concurrent Select Relocation Set 2.104ms
[4.799s][info][gc,phases   ] GC(16) Pause Relocate Start 0.006ms
[4.801s][info][gc,phases   ] GC(16) Concurrent Relocate 1.041ms
[4.801s][info][gc,load     ] GC(16) Load: 0.00/0.00/0.00
[4.801s][info][gc,mmu      ] GC(16) MMU: 2ms/99.3%, 5ms/99.6%, 10ms/99.8%, 20ms/99.9%, 50ms/99.9%, 100ms/100.0%
[4.801s][info][gc,marking  ] GC(16) Mark: 2 stripe(s), 2 proactive flush(es), 1 terminate flush(es), 0 completion(s), 0 continuation(s) 
[4.801s][info][gc,marking  ] GC(16) Mark Stack Usage: 32M
[4.801s][info][gc,nmethod  ] GC(16) NMethods: 460 registered, 0 unregistered
[4.801s][info][gc,metaspace] GC(16) Metaspace: 1M used, 1M committed, 1088M reserved
[4.801s][info][gc,ref      ] GC(16) Soft: 181 encountered, 0 discovered, 0 enqueued
[4.801s][info][gc,ref      ] GC(16) Weak: 263 encountered, 100 discovered, 0 enqueued
[4.801s][info][gc,ref      ] GC(16) Final: 0 encountered, 0 discovered, 0 enqueued
[4.801s][info][gc,ref      ] GC(16) Phantom: 7 encountered, 4 discovered, 0 enqueued
[4.801s][info][gc,reloc    ] GC(16) Small Pages: 680 / 1360M, Empty: 0M, Relocated: 1M, In-Place: 0
[4.801s][info][gc,reloc    ] GC(16) Medium Pages: 1 / 32M, Empty: 0M, Relocated: 0M, In-Place: 0
[4.801s][info][gc,reloc    ] GC(16) Large Pages: 0 / 0M, Empty: 0M, Relocated: 0M, In-Place: 0
[4.801s][info][gc,reloc    ] GC(16) Forwarding Usage: 0M
[4.801s][info][gc,heap     ] GC(16) Min Capacity: 4096M(100%)
[4.801s][info][gc,heap     ] GC(16) Max Capacity: 4096M(100%)
[4.801s][info][gc,heap     ] GC(16) Soft Max Capacity: 4096M(100%)
[4.801s][info][gc,heap     ] GC(16)                Mark Start          Mark End        Relocate Start      Relocate End           High               Low         
[4.801s][info][gc,heap     ] GC(16)  Capacity:     4096M (100%)       4096M (100%)       4096M (100%)       4096M (100%)       4096M (100%)       4096M (100%)   
[4.801s][info][gc,heap     ] GC(16)      Free:     2704M (66%)        2704M (66%)        2704M (66%)        2704M (66%)        2704M (66%)        2698M (66%)    
[4.801s][info][gc,heap     ] GC(16)      Used:     1392M (34%)        1392M (34%)        1392M (34%)        1392M (34%)        1398M (34%)        1392M (34%)    
[4.801s][info][gc,heap     ] GC(16)      Live:         -              1232M (30%)        1232M (30%)        1232M (30%)            -                  -          
[4.801s][info][gc,heap     ] GC(16) Allocated:         -                 0M (0%)            0M (0%)            0M (0%)             -                  -          
[4.801s][info][gc,heap     ] GC(16)   Garbage:         -               159M (4%)          159M (4%)          159M (4%)             -                  -          
[4.801s][info][gc,heap     ] GC(16) Reclaimed:         -                  -                 0M (0%)            0M (0%)             -                  -          
[4.801s][info][gc          ] GC(16) Garbage Collection (Timer) 1392M(34%)->1392M(34%)
[5.086s][info][gc,start    ] GC(17) Garbage Collection (Timer)
[5.086s][info][gc,task     ] GC(17) Using 3 workers
[5.086s][info][gc,phases   ] GC(17) Pause Mark Start 0.006ms
[5.096s][info][gc,phases   ] GC(17) Concurrent Mark 9.844ms
[5.096s][info][gc,phases   ] GC(17) Pause Mark End 0.009ms
[5.096s][info][gc,phases   ] GC(17) Concurrent Mark Free 0.001ms
[5.098s][info][gc,phases   ] GC(17) Concurrent Process Non-Strong References 1.329ms
[5.098s][info][gc,phases   ] GC(17) Concurrent Reset Relocation Set 0.001ms
[5.100s][info][gc,phases   ] GC(17) Concurrent Select Relocation Set 2.055ms
[5.101s][info][gc,phases   ] GC(17) Pause Relocate Start 0.005ms
[5.102s][info][gc,phases   ] GC(17) Concurrent Relocate 1.386ms
[5.102s][info][gc,load     ] GC(17) Load: 0.00/0.00/0.00
[5.102s][info][gc,mmu      ] GC(17) MMU: 2ms/99.3%, 5ms/99.6%, 10ms/99.8%, 20ms/99.9%, 50ms/99.9%, 100ms/100.0%
[5.102s][info][gc,marking  ] GC(17) Mark: 2 stripe(s), 2 proactive flush(es), 1 terminate flush(es), 0 completion(s), 0 continuation(s) 
[5.102s][info][gc,marking  ] GC(17) Mark Stack Usage: 32M
[5.102s][info][gc,nmethod  ] GC(17) NMethods: 467 registered, 0 unregistered
[5.102s][info][gc,metaspace] GC(17) Metaspace: 1M used, 1M committed, 1088M reserved
[5.102s][info][gc,ref      ] GC(17) Soft: 181 encountered, 0 discovered, 0 enqueued
[5.102s][info][gc,ref      ] GC(17) Weak: 263 encountered, 6 discovered, 0 enqueued
[5.102s][info][gc,ref      ] GC(17) Final: 0 encountered, 0 discovered, 0 enqueued
[5.102s][info][gc,ref      ] GC(17) Phantom: 7 encountered, 1 discovered, 0 enqueued
[5.102s][info][gc,reloc    ] GC(17) Small Pages: 687 / 1374M, Empty: 0M, Relocated: 1M, In-Place: 0
[5.102s][info][gc,reloc    ] GC(17) Medium Pages: 1 / 32M, Empty: 0M, Relocated: 0M, In-Place: 0
[5.102s][info][gc,reloc    ] GC(17) Large Pages: 0 / 0M, Empty: 0M, Relocated: 0M, In-Place: 0
[5.102s][info][gc,reloc    ] GC(17) Forwarding Usage: 0M
[5.102s][info][gc,heap     ] GC(17) Min Capacity: 4096M(100%)
[5.103s][info][gc,heap     ] GC(17) Max Capacity: 4096M(100%)
[5.103s][info][gc,heap     ] GC(17) Soft Max Capacity: 4096M(100%)
[5.103s][info][gc,heap     ] GC(17)                Mark Start          Mark End        Relocate Start      Relocate End           High               Low         
[5.103s][info][gc,heap     ] GC(17)  Capacity:     4096M (100%)       4096M (100%)       4096M (100%)       4096M (100%)       4096M (100%)       4096M (100%)   
[5.103s][info][gc,heap     ] GC(17)      Free:     2690M (66%)        2688M (66%)        2686M (66%)        2686M (66%)        2690M (66%)        2680M (65%)    
[5.103s][info][gc,heap     ] GC(17)      Used:     1406M (34%)        1408M (34%)        1410M (34%)        1410M (34%)        1416M (35%)        1406M (34%)    
[5.103s][info][gc,heap     ] GC(17)      Live:         -              1245M (30%)        1245M (30%)        1245M (30%)            -                  -          
[5.103s][info][gc,heap     ] GC(17) Allocated:         -                 2M (0%)            4M (0%)            4M (0%)             -                  -          
[5.103s][info][gc,heap     ] GC(17)   Garbage:         -               160M (4%)          160M (4%)          160M (4%)             -                  -          
[5.103s][info][gc,heap     ] GC(17) Reclaimed:         -                  -                 0M (0%)            0M (0%)             -                  -          
[5.103s][info][gc          ] GC(17) Garbage Collection (Timer) 1406M(34%)->1410M(34%)
[5.386s][info][gc,start    ] GC(18) Garbage Collection (Timer)
[5.386s][info][gc,task     ] GC(18) Using 3 workers
[5.386s][info][gc,phases   ] GC(18) Pause Mark Start 0.006ms
[5.400s][info][gc,phases   ] GC(18) Concurrent Mark 14.297ms
[5.401s][info][gc,phases   ] GC(18) Pause Mark End 0.009ms
[5.401s][info][gc,phases   ] GC(18) Concurrent Mark Free 0.001ms
[5.401s][info][gc,phases   ] GC(18) Concurrent Process Non-Strong References 0.690ms
[5.402s][info][gc,phases   ] GC(18) Concurrent Reset Relocation Set 0.001ms
[5.404s][info][gc,phases   ] GC(18) Concurrent Select Relocation Set 2.218ms
[5.404s][info][gc,phases   ] GC(18) Pause Relocate Start 0.006ms
[5.406s][info][gc,phases   ] GC(18) Concurrent Relocate 1.898ms
[5.406s][info][gc,load     ] GC(18) Load: 0.00/0.00/0.00
[5.406s][info][gc,mmu      ] GC(18) MMU: 2ms/99.3%, 5ms/99.6%, 10ms/99.8%, 20ms/99.9%, 50ms/99.9%, 100ms/100.0%
[5.406s][info][gc,marking  ] GC(18) Mark: 2 stripe(s), 2 proactive flush(es), 1 terminate flush(es), 0 completion(s), 0 continuation(s) 
[5.406s][info][gc,marking  ] GC(18) Mark Stack Usage: 32M
[5.406s][info][gc,nmethod  ] GC(18) NMethods: 467 registered, 0 unregistered
[5.406s][info][gc,metaspace] GC(18) Metaspace: 1M used, 1M committed, 1088M reserved
[5.406s][info][gc,ref      ] GC(18) Soft: 181 encountered, 0 discovered, 0 enqueued
[5.406s][info][gc,ref      ] GC(18) Weak: 263 encountered, 116 discovered, 0 enqueued
[5.406s][info][gc,ref      ] GC(18) Final: 0 encountered, 0 discovered, 0 enqueued
[5.406s][info][gc,ref      ] GC(18) Phantom: 7 encountered, 2 discovered, 0 enqueued
[5.406s][info][gc,reloc    ] GC(18) Small Pages: 739 / 1478M, Empty: 0M, Relocated: 1M, In-Place: 0
[5.406s][info][gc,reloc    ] GC(18) Medium Pages: 2 / 64M, Empty: 32M, Relocated: 0M, In-Place: 0
[5.406s][info][gc,reloc    ] GC(18) Large Pages: 0 / 0M, Empty: 0M, Relocated: 0M, In-Place: 0
[5.406s][info][gc,reloc    ] GC(18) Forwarding Usage: 0M
[5.406s][info][gc,heap     ] GC(18) Min Capacity: 4096M(100%)
[5.407s][info][gc,heap     ] GC(18) Max Capacity: 4096M(100%)
[5.407s][info][gc,heap     ] GC(18) Soft Max Capacity: 4096M(100%)
[5.407s][info][gc,heap     ] GC(18)                Mark Start          Mark End        Relocate Start      Relocate End           High               Low         
[5.407s][info][gc,heap     ] GC(18)  Capacity:     4096M (100%)       4096M (100%)       4096M (100%)       4096M (100%)       4096M (100%)       4096M (100%)   
[5.407s][info][gc,heap     ] GC(18)      Free:     2554M (62%)        2552M (62%)        2584M (63%)        2582M (63%)        2584M (63%)        2552M (62%)    
[5.407s][info][gc,heap     ] GC(18)      Used:     1542M (38%)        1544M (38%)        1512M (37%)        1514M (37%)        1544M (38%)        1512M (37%)    
[5.407s][info][gc,heap     ] GC(18)      Live:         -              1339M (33%)        1339M (33%)        1339M (33%)            -                  -          
[5.407s][info][gc,heap     ] GC(18) Allocated:         -                 2M (0%)            2M (0%)            4M (0%)             -                  -          
[5.407s][info][gc,heap     ] GC(18)   Garbage:         -               202M (5%)          170M (4%)          170M (4%)             -                  -          
[5.407s][info][gc,heap     ] GC(18) Reclaimed:         -                  -                32M (1%)           32M (1%)             -                  -          
[5.407s][info][gc          ] GC(18) Garbage Collection (Timer) 1542M(38%)->1514M(37%)
[5.687s][info][gc,start    ] GC(19) Garbage Collection (Timer)
[5.687s][info][gc,task     ] GC(19) Using 3 workers
[5.687s][info][gc,phases   ] GC(19) Pause Mark Start 0.006ms
[5.705s][info][gc,phases   ] GC(19) Concurrent Mark 17.441ms
[5.705s][info][gc,phases   ] GC(19) Pause Mark End 0.009ms
[5.705s][info][gc,phases   ] GC(19) Concurrent Mark Free 0.001ms
[5.706s][info][gc,phases   ] GC(19) Concurrent Process Non-Strong References 0.974ms
[5.706s][info][gc,phases   ] GC(19) Concurrent Reset Relocation Set 0.001ms
[5.708s][info][gc,phases   ] GC(19) Concurrent Select Relocation Set 2.197ms
[5.708s][info][gc,phases   ] GC(19) Pause Relocate Start 0.005ms
[5.710s][info][gc,phases   ] GC(19) Concurrent Relocate 1.880ms
[5.710s][info][gc,load     ] GC(19) Load: 0.00/0.00/0.00
[5.710s][info][gc,mmu      ] GC(19) MMU: 2ms/99.3%, 5ms/99.6%, 10ms/99.8%, 20ms/99.9%, 50ms/99.9%, 100ms/100.0%
[5.710s][info][gc,marking  ] GC(19) Mark: 2 stripe(s), 3 proactive flush(es), 1 terminate flush(es), 0 completion(s), 0 continuation(s) 
[5.710s][info][gc,marking  ] GC(19) Mark Stack Usage: 32M
[5.710s][info][gc,nmethod  ] GC(19) NMethods: 467 registered, 0 unregistered
[5.710s][info][gc,metaspace] GC(19) Metaspace: 1M used, 1M committed, 1088M reserved
[5.711s][info][gc,ref      ] GC(19) Soft: 181 encountered, 0 discovered, 0 enqueued
[5.711s][info][gc,ref      ] GC(19) Weak: 263 encountered, 5 discovered, 0 enqueued
[5.711s][info][gc,ref      ] GC(19) Final: 0 encountered, 0 discovered, 0 enqueued
[5.711s][info][gc,ref      ] GC(19) Phantom: 7 encountered, 1 discovered, 0 enqueued
[5.711s][info][gc,reloc    ] GC(19) Small Pages: 789 / 1578M, Empty: 0M, Relocated: 1M, In-Place: 0
[5.711s][info][gc,reloc    ] GC(19) Medium Pages: 1 / 32M, Empty: 0M, Relocated: 0M, In-Place: 0
[5.711s][info][gc,reloc    ] GC(19) Large Pages: 0 / 0M, Empty: 0M, Relocated: 0M, In-Place: 0
[5.711s][info][gc,reloc    ] GC(19) Forwarding Usage: 0M
[5.711s][info][gc,heap     ] GC(19) Min Capacity: 4096M(100%)
[5.711s][info][gc,heap     ] GC(19) Max Capacity: 4096M(100%)
[5.711s][info][gc,heap     ] GC(19) Soft Max Capacity: 4096M(100%)
[5.711s][info][gc,heap     ] GC(19)                Mark Start          Mark End        Relocate Start      Relocate End           High               Low         
[5.711s][info][gc,heap     ] GC(19)  Capacity:     4096M (100%)       4096M (100%)       4096M (100%)       4096M (100%)       4096M (100%)       4096M (100%)   
[5.711s][info][gc,heap     ] GC(19)      Free:     2486M (61%)        2484M (61%)        2484M (61%)        2484M (61%)        2486M (61%)        2478M (60%)    
[5.711s][info][gc,heap     ] GC(19)      Used:     1610M (39%)        1612M (39%)        1612M (39%)        1612M (39%)        1618M (40%)        1610M (39%)    
[5.711s][info][gc,heap     ] GC(19)      Live:         -              1430M (35%)        1430M (35%)        1430M (35%)            -                  -          
[5.711s][info][gc,heap     ] GC(19) Allocated:         -                 2M (0%)            2M (0%)            2M (0%)             -                  -          
[5.711s][info][gc,heap     ] GC(19)   Garbage:         -               179M (4%)          179M (4%)          179M (4%)             -                  -          
[5.711s][info][gc,heap     ] GC(19) Reclaimed:         -                  -                 0M (0%)            0M (0%)             -                  -          
[5.711s][info][gc          ] GC(19) Garbage Collection (Timer) 1610M(39%)->1612M(39%)
[5.986s][info][gc,start    ] GC(20) Garbage Collection (Timer)
[5.986s][info][gc,task     ] GC(20) Using 3 workers
[5.986s][info][gc,phases   ] GC(20) Pause Mark Start 0.005ms
[6.005s][info][gc,phases   ] GC(20) Concurrent Mark 18.610ms
[6.005s][info][gc,phases   ] GC(20) Pause Mark End 0.009ms
[6.005s][info][gc,phases   ] GC(20) Concurrent Mark Free 0.001ms
[6.006s][info][gc,phases   ] GC(20) Concurrent Process Non-Strong References 0.584ms
[6.006s][info][gc,phases   ] GC(20) Concurrent Reset Relocation Set 0.001ms
[6.008s][info][gc,phases   ] GC(20) Concurrent Select Relocation Set 2.347ms
[6.008s][info][gc,phases   ] GC(20) Pause Relocate Start 0.006ms
[6.010s][info][gc,phases   ] GC(20) Concurrent Relocate 1.348ms
[6.010s][info][gc,load     ] GC(20) Load: 0.00/0.00/0.00
[6.010s][info][gc,mmu      ] GC(20) MMU: 2ms/99.3%, 5ms/99.6%, 10ms/99.8%, 20ms/99.9%, 50ms/99.9%, 100ms/100.0%
[6.010s][info][gc,marking  ] GC(20) Mark: 2 stripe(s), 3 proactive flush(es), 1 terminate flush(es), 0 completion(s), 0 continuation(s) 
[6.010s][info][gc,marking  ] GC(20) Mark Stack Usage: 32M
[6.010s][info][gc,nmethod  ] GC(20) NMethods: 467 registered, 0 unregistered
[6.010s][info][gc,metaspace] GC(20) Metaspace: 1M used, 1M committed, 1088M reserved
[6.010s][info][gc,ref      ] GC(20) Soft: 181 encountered, 0 discovered, 0 enqueued
[6.010s][info][gc,ref      ] GC(20) Weak: 263 encountered, 132 discovered, 0 enqueued
[6.010s][info][gc,ref      ] GC(20) Final: 0 encountered, 0 discovered, 0 enqueued
[6.010s][info][gc,ref      ] GC(20) Phantom: 7 encountered, 1 discovered, 0 enqueued
[6.010s][info][gc,reloc    ] GC(20) Small Pages: 835 / 1670M, Empty: 0M, Relocated: 1M, In-Place: 0
[6.010s][info][gc,reloc    ] GC(20) Medium Pages: 1 / 32M, Empty: 0M, Relocated: 0M, In-Place: 0
[6.049s][info][gc,reloc    ] GC(20) Large Pages: 0 / 0M, Empty: 0M, Relocated: 0M, In-Place: 0
[6.049s][info][gc,reloc    ] GC(20) Forwarding Usage: 0M
[6.049s][info][gc,heap     ] GC(20) Min Capacity: 4096M(100%)
[6.049s][info][gc,heap     ] GC(20) Max Capacity: 4096M(100%)
[6.049s][info][gc,heap     ] GC(20) Soft Max Capacity: 4096M(100%)
[6.049s][info][gc,heap     ] GC(20)                Mark Start          Mark End        Relocate Start      Relocate End           High               Low         
[6.049s][info][gc,heap     ] GC(20)  Capacity:     4096M (100%)       4096M (100%)       4096M (100%)       4096M (100%)       4096M (100%)       4096M (100%)   
[6.049s][info][gc,heap     ] GC(20)      Free:     2394M (58%)        2392M (58%)        2390M (58%)        2390M (58%)        2394M (58%)        2384M (58%)    
[6.049s][info][gc,heap     ] GC(20)      Used:     1702M (42%)        1704M (42%)        1706M (42%)        1706M (42%)        1712M (42%)        1702M (42%)    
[6.049s][info][gc,heap     ] GC(20)      Live:         -              1514M (37%)        1514M (37%)        1514M (37%)            -                  -          
[6.049s][info][gc,heap     ] GC(20) Allocated:         -                 2M (0%)            4M (0%)            4M (0%)             -                  -          
[6.049s][info][gc,heap     ] GC(20)   Garbage:         -               187M (5%)          187M (5%)          187M (5%)             -                  -          
[6.049s][info][gc,heap     ] GC(20) Reclaimed:         -                  -                 0M (0%)            0M (0%)             -                  -          
[6.049s][info][gc          ] GC(20) Garbage Collection (Timer) 1702M(42%)->1706M(42%)
[6.286s][info][gc,start    ] GC(21) Garbage Collection (Timer)
[6.286s][info][gc,task     ] GC(21) Using 3 workers
[6.286s][info][gc,phases   ] GC(21) Pause Mark Start 0.006ms
[6.302s][info][gc,phases   ] GC(21) Concurrent Mark 15.869ms
[6.302s][info][gc,phases   ] GC(21) Pause Mark End 0.010ms
[6.303s][info][gc,phases   ] GC(21) Concurrent Mark Free 0.001ms
[6.303s][info][gc,phases   ] GC(21) Concurrent Process Non-Strong References 0.548ms
[6.303s][info][gc,phases   ] GC(21) Concurrent Reset Relocation Set 0.001ms
[6.305s][info][gc,phases   ] GC(21) Concurrent Select Relocation Set 2.258ms
[6.306s][info][gc,phases   ] GC(21) Pause Relocate Start 0.006ms
[6.307s][info][gc,phases   ] GC(21) Concurrent Relocate 1.403ms
[6.307s][info][gc,load     ] GC(21) Load: 0.00/0.00/0.00
[6.307s][info][gc,mmu      ] GC(21) MMU: 2ms/99.3%, 5ms/99.6%, 10ms/99.8%, 20ms/99.9%, 50ms/99.9%, 100ms/100.0%
[6.307s][info][gc,marking  ] GC(21) Mark: 2 stripe(s), 3 proactive flush(es), 1 terminate flush(es), 0 completion(s), 0 continuation(s) 
[6.307s][info][gc,marking  ] GC(21) Mark Stack Usage: 32M
[6.307s][info][gc,nmethod  ] GC(21) NMethods: 467 registered, 0 unregistered
[6.307s][info][gc,metaspace] GC(21) Metaspace: 1M used, 1M committed, 1088M reserved
[6.307s][info][gc,ref      ] GC(21) Soft: 181 encountered, 0 discovered, 0 enqueued
[6.307s][info][gc,ref      ] GC(21) Weak: 263 encountered, 7 discovered, 0 enqueued
[6.307s][info][gc,ref      ] GC(21) Final: 0 encountered, 0 discovered, 0 enqueued
[6.307s][info][gc,ref      ] GC(21) Phantom: 7 encountered, 1 discovered, 0 enqueued
[6.307s][info][gc,reloc    ] GC(21) Small Pages: 876 / 1752M, Empty: 0M, Relocated: 1M, In-Place: 0
[6.308s][info][gc,reloc    ] GC(21) Medium Pages: 1 / 32M, Empty: 0M, Relocated: 0M, In-Place: 0
[6.308s][info][gc,reloc    ] GC(21) Large Pages: 0 / 0M, Empty: 0M, Relocated: 0M, In-Place: 0
[6.308s][info][gc,reloc    ] GC(21) Forwarding Usage: 0M
[6.308s][info][gc,heap     ] GC(21) Min Capacity: 4096M(100%)
[6.308s][info][gc,heap     ] GC(21) Max Capacity: 4096M(100%)
[6.308s][info][gc,heap     ] GC(21) Soft Max Capacity: 4096M(100%)
[6.308s][info][gc,heap     ] GC(21)                Mark Start          Mark End        Relocate Start      Relocate End           High               Low         
[6.308s][info][gc,heap     ] GC(21)  Capacity:     4096M (100%)       4096M (100%)       4096M (100%)       4096M (100%)       4096M (100%)       4096M (100%)   
[6.308s][info][gc,heap     ] GC(21)      Free:     2312M (56%)        2310M (56%)        2310M (56%)        2310M (56%)        2312M (56%)        2304M (56%)    
[6.308s][info][gc,heap     ] GC(21)      Used:     1784M (44%)        1786M (44%)        1786M (44%)        1786M (44%)        1792M (44%)        1784M (44%)    
[6.308s][info][gc,heap     ] GC(21)      Live:         -              1589M (39%)        1589M (39%)        1589M (39%)            -                  -          
[6.308s][info][gc,heap     ] GC(21) Allocated:         -                 2M (0%)            2M (0%)            2M (0%)             -                  -          
[6.308s][info][gc,heap     ] GC(21)   Garbage:         -               194M (5%)          194M (5%)          194M (5%)             -                  -          
[6.308s][info][gc,heap     ] GC(21) Reclaimed:         -                  -                 0M (0%)            0M (0%)             -                  -          
[6.308s][info][gc          ] GC(21) Garbage Collection (Timer) 1784M(44%)->1786M(44%)
[6.587s][info][gc,start    ] GC(22) Garbage Collection (Timer)
[6.587s][info][gc,task     ] GC(22) Using 3 workers
[6.587s][info][gc,phases   ] GC(22) Pause Mark Start 0.006ms
[6.605s][info][gc,phases   ] GC(22) Concurrent Mark 18.374ms
[6.606s][info][gc,phases   ] GC(22) Pause Mark End 0.010ms
[6.606s][info][gc,phases   ] GC(22) Concurrent Mark Free 0.001ms
[6.606s][info][gc,phases   ] GC(22) Concurrent Process Non-Strong References 0.716ms
[6.607s][info][gc,phases   ] GC(22) Concurrent Reset Relocation Set 0.001ms
[6.610s][info][gc,phases   ] GC(22) Concurrent Select Relocation Set 3.101ms
[6.610s][info][gc,phases   ] GC(22) Pause Relocate Start 0.005ms
[6.611s][info][gc,phases   ] GC(22) Concurrent Relocate 1.215ms
[6.611s][info][gc,load     ] GC(22) Load: 0.00/0.00/0.00
[6.611s][info][gc,mmu      ] GC(22) MMU: 2ms/99.3%, 5ms/99.6%, 10ms/99.8%, 20ms/99.9%, 50ms/99.9%, 100ms/100.0%
[6.611s][info][gc,marking  ] GC(22) Mark: 2 stripe(s), 3 proactive flush(es), 1 terminate flush(es), 0 completion(s), 0 continuation(s) 
[6.611s][info][gc,marking  ] GC(22) Mark Stack Usage: 32M
[6.611s][info][gc,nmethod  ] GC(22) NMethods: 468 registered, 0 unregistered
[6.611s][info][gc,metaspace] GC(22) Metaspace: 1M used, 1M committed, 1088M reserved
[6.611s][info][gc,ref      ] GC(22) Soft: 181 encountered, 0 discovered, 0 enqueued
[6.611s][info][gc,ref      ] GC(22) Weak: 263 encountered, 131 discovered, 0 enqueued
[6.611s][info][gc,ref      ] GC(22) Final: 0 encountered, 0 discovered, 0 enqueued
[6.611s][info][gc,ref      ] GC(22) Phantom: 7 encountered, 3 discovered, 0 enqueued
[6.611s][info][gc,reloc    ] GC(22) Small Pages: 924 / 1848M, Empty: 0M, Relocated: 1M, In-Place: 0
[6.611s][info][gc,reloc    ] GC(22) Medium Pages: 1 / 32M, Empty: 0M, Relocated: 0M, In-Place: 0
[6.611s][info][gc,reloc    ] GC(22) Large Pages: 0 / 0M, Empty: 0M, Relocated: 0M, In-Place: 0
[6.612s][info][gc,reloc    ] GC(22) Forwarding Usage: 0M
[6.612s][info][gc,heap     ] GC(22) Min Capacity: 4096M(100%)
[6.612s][info][gc,heap     ] GC(22) Max Capacity: 4096M(100%)
[6.612s][info][gc,heap     ] GC(22) Soft Max Capacity: 4096M(100%)
[6.612s][info][gc,heap     ] GC(22)                Mark Start          Mark End        Relocate Start      Relocate End           High               Low         
[6.612s][info][gc,heap     ] GC(22)  Capacity:     4096M (100%)       4096M (100%)       4096M (100%)       4096M (100%)       4096M (100%)       4096M (100%)   
[6.612s][info][gc,heap     ] GC(22)      Free:     2216M (54%)        2214M (54%)        2214M (54%)        2214M (54%)        2216M (54%)        2208M (54%)    
[6.612s][info][gc,heap     ] GC(22)      Used:     1880M (46%)        1882M (46%)        1882M (46%)        1882M (46%)        1888M (46%)        1880M (46%)    
[6.612s][info][gc,heap     ] GC(22)      Live:         -              1676M (41%)        1676M (41%)        1676M (41%)            -                  -          
[6.612s][info][gc,heap     ] GC(22) Allocated:         -                 2M (0%)            2M (0%)            2M (0%)             -                  -          
[6.612s][info][gc,heap     ] GC(22)   Garbage:         -               203M (5%)          203M (5%)          203M (5%)             -                  -          
[6.612s][info][gc,heap     ] GC(22) Reclaimed:         -                  -                 0M (0%)            0M (0%)             -                  -          
[6.612s][info][gc          ] GC(22) Garbage Collection (Timer) 1880M(46%)->1882M(46%)
[6.886s][info][gc,start    ] GC(23) Garbage Collection (Timer)
[6.886s][info][gc,task     ] GC(23) Using 3 workers
[6.886s][info][gc,phases   ] GC(23) Pause Mark Start 0.006ms
[6.904s][info][gc,phases   ] GC(23) Concurrent Mark 17.306ms
[6.904s][info][gc,phases   ] GC(23) Pause Mark End 0.010ms
[6.904s][info][gc,phases   ] GC(23) Concurrent Mark Free 0.001ms
[6.905s][info][gc,phases   ] GC(23) Concurrent Process Non-Strong References 0.706ms
[6.905s][info][gc,phases   ] GC(23) Concurrent Reset Relocation Set 0.001ms
[6.907s][info][gc,phases   ] GC(23) Concurrent Select Relocation Set 2.293ms
[6.907s][info][gc,phases   ] GC(23) Pause Relocate Start 0.006ms
[6.909s][info][gc,phases   ] GC(23) Concurrent Relocate 1.949ms
[6.910s][info][gc,load     ] GC(23) Load: 0.00/0.00/0.00
[6.910s][info][gc,mmu      ] GC(23) MMU: 2ms/99.3%, 5ms/99.6%, 10ms/99.8%, 20ms/99.9%, 50ms/99.9%, 100ms/100.0%
[6.910s][info][gc,marking  ] GC(23) Mark: 2 stripe(s), 2 proactive flush(es), 1 terminate flush(es), 0 completion(s), 0 continuation(s) 
[6.910s][info][gc,marking  ] GC(23) Mark Stack Usage: 32M
[6.910s][info][gc,nmethod  ] GC(23) NMethods: 469 registered, 0 unregistered
[6.910s][info][gc,metaspace] GC(23) Metaspace: 1M used, 1M committed, 1088M reserved
[6.910s][info][gc,ref      ] GC(23) Soft: 181 encountered, 0 discovered, 0 enqueued
[6.910s][info][gc,ref      ] GC(23) Weak: 263 encountered, 5 discovered, 0 enqueued
[6.910s][info][gc,ref      ] GC(23) Final: 0 encountered, 0 discovered, 0 enqueued
[6.910s][info][gc,ref      ] GC(23) Phantom: 7 encountered, 1 discovered, 0 enqueued
[6.910s][info][gc,reloc    ] GC(23) Small Pages: 968 / 1936M, Empty: 0M, Relocated: 1M, In-Place: 0
[6.910s][info][gc,reloc    ] GC(23) Medium Pages: 1 / 32M, Empty: 0M, Relocated: 0M, In-Place: 0
[6.910s][info][gc,reloc    ] GC(23) Large Pages: 0 / 0M, Empty: 0M, Relocated: 0M, In-Place: 0
[6.910s][info][gc,reloc    ] GC(23) Forwarding Usage: 0M
[6.910s][info][gc,heap     ] GC(23) Min Capacity: 4096M(100%)
[6.910s][info][gc,heap     ] GC(23) Max Capacity: 4096M(100%)
[6.910s][info][gc,heap     ] GC(23) Soft Max Capacity: 4096M(100%)
[6.910s][info][gc,heap     ] GC(23)                Mark Start          Mark End        Relocate Start      Relocate End           High               Low         
[6.910s][info][gc,heap     ] GC(23)  Capacity:     4096M (100%)       4096M (100%)       4096M (100%)       4096M (100%)       4096M (100%)       4096M (100%)   
[6.910s][info][gc,heap     ] GC(23)      Free:     2128M (52%)        2126M (52%)        2126M (52%)        2126M (52%)        2128M (52%)        2120M (52%)    
[6.910s][info][gc,heap     ] GC(23)      Used:     1968M (48%)        1970M (48%)        1970M (48%)        1970M (48%)        1976M (48%)        1968M (48%)    
[6.910s][info][gc,heap     ] GC(23)      Live:         -              1756M (43%)        1756M (43%)        1756M (43%)            -                  -          
[6.910s][info][gc,heap     ] GC(23) Allocated:         -                 2M (0%)            2M (0%)            2M (0%)             -                  -          
[6.910s][info][gc,heap     ] GC(23)   Garbage:         -               211M (5%)          211M (5%)          211M (5%)             -                  -          
[6.910s][info][gc,heap     ] GC(23) Reclaimed:         -                  -                 0M (0%)            0M (0%)             -                  -          
[6.910s][info][gc          ] GC(23) Garbage Collection (Timer) 1968M(48%)->1970M(48%)
[7.187s][info][gc,start    ] GC(24) Garbage Collection (Timer)
[7.187s][info][gc,task     ] GC(24) Using 3 workers
[7.187s][info][gc,phases   ] GC(24) Pause Mark Start 0.006ms
[7.204s][info][gc,phases   ] GC(24) Concurrent Mark 17.417ms
[7.205s][info][gc,phases   ] GC(24) Pause Mark End 0.010ms
[7.205s][info][gc,phases   ] GC(24) Concurrent Mark Free 0.001ms
[7.205s][info][gc,phases   ] GC(24) Concurrent Process Non-Strong References 0.693ms
[7.205s][info][gc,phases   ] GC(24) Concurrent Reset Relocation Set 0.001ms
[7.208s][info][gc,phases   ] GC(24) Concurrent Select Relocation Set 2.190ms
[7.208s][info][gc,phases   ] GC(24) Pause Relocate Start 0.006ms
[7.210s][info][gc,phases   ] GC(24) Concurrent Relocate 1.655ms
[7.210s][info][gc,load     ] GC(24) Load: 0.00/0.00/0.00
[7.210s][info][gc,mmu      ] GC(24) MMU: 2ms/99.3%, 5ms/99.6%, 10ms/99.8%, 20ms/99.9%, 50ms/99.9%, 100ms/100.0%
[7.210s][info][gc,marking  ] GC(24) Mark: 2 stripe(s), 3 proactive flush(es), 1 terminate flush(es), 0 completion(s), 0 continuation(s) 
[7.210s][info][gc,marking  ] GC(24) Mark Stack Usage: 32M
[7.210s][info][gc,nmethod  ] GC(24) NMethods: 469 registered, 0 unregistered
[7.210s][info][gc,metaspace] GC(24) Metaspace: 1M used, 1M committed, 1088M reserved
[7.210s][info][gc,ref      ] GC(24) Soft: 181 encountered, 0 discovered, 0 enqueued
[7.210s][info][gc,ref      ] GC(24) Weak: 263 encountered, 131 discovered, 0 enqueued
[7.210s][info][gc,ref      ] GC(24) Final: 0 encountered, 0 discovered, 0 enqueued
[7.210s][info][gc,ref      ] GC(24) Phantom: 7 encountered, 1 discovered, 0 enqueued
[7.210s][info][gc,reloc    ] GC(24) Small Pages: 1007 / 2014M, Empty: 0M, Relocated: 1M, In-Place: 0
[7.210s][info][gc,reloc    ] GC(24) Medium Pages: 1 / 32M, Empty: 0M, Relocated: 0M, In-Place: 0
[7.210s][info][gc,reloc    ] GC(24) Large Pages: 0 / 0M, Empty: 0M, Relocated: 0M, In-Place: 0
[7.210s][info][gc,reloc    ] GC(24) Forwarding Usage: 0M
[7.210s][info][gc,heap     ] GC(24) Min Capacity: 4096M(100%)
[7.210s][info][gc,heap     ] GC(24) Max Capacity: 4096M(100%)
[7.210s][info][gc,heap     ] GC(24) Soft Max Capacity: 4096M(100%)
[7.210s][info][gc,heap     ] GC(24)                Mark Start          Mark End        Relocate Start      Relocate End           High               Low         
[7.210s][info][gc,heap     ] GC(24)  Capacity:     4096M (100%)       4096M (100%)       4096M (100%)       4096M (100%)       4096M (100%)       4096M (100%)   
[7.210s][info][gc,heap     ] GC(24)      Free:     2050M (50%)        2048M (50%)        2048M (50%)        2048M (50%)        2050M (50%)        2042M (50%)    
[7.210s][info][gc,heap     ] GC(24)      Used:     2046M (50%)        2048M (50%)        2048M (50%)        2048M (50%)        2054M (50%)        2046M (50%)    
[7.210s][info][gc,heap     ] GC(24)      Live:         -              1827M (45%)        1827M (45%)        1827M (45%)            -                  -          
[7.210s][info][gc,heap     ] GC(24) Allocated:         -                 2M (0%)            2M (0%)            2M (0%)             -                  -          
[7.210s][info][gc,heap     ] GC(24)   Garbage:         -               218M (5%)          218M (5%)          218M (5%)             -                  -          
[7.210s][info][gc,heap     ] GC(24) Reclaimed:         -                  -                 0M (0%)            0M (0%)             -                  -          
[7.210s][info][gc          ] GC(24) Garbage Collection (Timer) 2046M(50%)->2048M(50%)
[7.486s][info][gc,start    ] GC(25) Garbage Collection (Timer)
[7.486s][info][gc,task     ] GC(25) Using 3 workers
[7.487s][info][gc,phases   ] GC(25) Pause Mark Start 0.008ms
[7.505s][info][gc,phases   ] GC(25) Concurrent Mark 18.150ms
[7.505s][info][gc,phases   ] GC(25) Pause Mark End 0.011ms
[7.505s][info][gc,phases   ] GC(25) Concurrent Mark Free 0.001ms
[7.506s][info][gc,phases   ] GC(25) Concurrent Process Non-Strong References 0.819ms
[7.506s][info][gc,phases   ] GC(25) Concurrent Reset Relocation Set 0.001ms
[7.508s][info][gc,phases   ] GC(25) Concurrent Select Relocation Set 2.112ms
[7.508s][info][gc,phases   ] GC(25) Pause Relocate Start 0.006ms
[7.510s][info][gc,phases   ] GC(25) Concurrent Relocate 1.677ms
[7.510s][info][gc,load     ] GC(25) Load: 0.00/0.00/0.00
[7.510s][info][gc,mmu      ] GC(25) MMU: 2ms/99.3%, 5ms/99.6%, 10ms/99.8%, 20ms/99.9%, 50ms/99.9%, 100ms/100.0%
[7.510s][info][gc,marking  ] GC(25) Mark: 2 stripe(s), 3 proactive flush(es), 1 terminate flush(es), 0 completion(s), 0 continuation(s) 
[7.510s][info][gc,marking  ] GC(25) Mark Stack Usage: 32M
[7.510s][info][gc,nmethod  ] GC(25) NMethods: 469 registered, 0 unregistered
[7.510s][info][gc,metaspace] GC(25) Metaspace: 1M used, 1M committed, 1088M reserved
[7.510s][info][gc,ref      ] GC(25) Soft: 181 encountered, 0 discovered, 0 enqueued
[7.510s][info][gc,ref      ] GC(25) Weak: 263 encountered, 135 discovered, 0 enqueued
[7.510s][info][gc,ref      ] GC(25) Final: 0 encountered, 0 discovered, 0 enqueued
[7.510s][info][gc,ref      ] GC(25) Phantom: 7 encountered, 4 discovered, 0 enqueued
[7.510s][info][gc,reloc    ] GC(25) Small Pages: 1019 / 2038M, Empty: 0M, Relocated: 1M, In-Place: 0
[7.510s][info][gc,reloc    ] GC(25) Medium Pages: 1 / 32M, Empty: 0M, Relocated: 0M, In-Place: 0
[7.510s][info][gc,reloc    ] GC(25) Large Pages: 0 / 0M, Empty: 0M, Relocated: 0M, In-Place: 0
[7.511s][info][gc,reloc    ] GC(25) Forwarding Usage: 0M
[7.511s][info][gc,heap     ] GC(25) Min Capacity: 4096M(100%)
[7.511s][info][gc,heap     ] GC(25) Max Capacity: 4096M(100%)
[7.511s][info][gc,heap     ] GC(25) Soft Max Capacity: 4096M(100%)
[7.511s][info][gc,heap     ] GC(25)                Mark Start          Mark End        Relocate Start      Relocate End           High               Low         
[7.511s][info][gc,heap     ] GC(25)  Capacity:     4096M (100%)       4096M (100%)       4096M (100%)       4096M (100%)       4096M (100%)       4096M (100%)   
[7.511s][info][gc,heap     ] GC(25)      Free:     2026M (49%)        2026M (49%)        2026M (49%)        2026M (49%)        2026M (49%)        2020M (49%)    
[7.511s][info][gc,heap     ] GC(25)      Used:     2070M (51%)        2070M (51%)        2070M (51%)        2070M (51%)        2076M (51%)        2070M (51%)    
[7.511s][info][gc,heap     ] GC(25)      Live:         -              1847M (45%)        1847M (45%)        1847M (45%)            -                  -          
[7.511s][info][gc,heap     ] GC(25) Allocated:         -                 0M (0%)            0M (0%)            0M (0%)             -                  -          
[7.511s][info][gc,heap     ] GC(25)   Garbage:         -               222M (5%)          222M (5%)          222M (5%)             -                  -          
[7.511s][info][gc,heap     ] GC(25) Reclaimed:         -                  -                 0M (0%)            0M (0%)             -                  -          
[7.511s][info][gc          ] GC(25) Garbage Collection (Timer) 2070M(51%)->2070M(51%)
[7.786s][info][gc,start    ] GC(26) Garbage Collection (Timer)
[7.786s][info][gc,task     ] GC(26) Using 3 workers
[7.786s][info][gc,phases   ] GC(26) Pause Mark Start 0.006ms
[7.800s][info][gc,phases   ] GC(26) Concurrent Mark 13.088ms
[7.800s][info][gc,phases   ] GC(26) Pause Mark End 0.010ms
[7.800s][info][gc,phases   ] GC(26) Concurrent Mark Free 0.001ms
[7.801s][info][gc,phases   ] GC(26) Concurrent Process Non-Strong References 0.796ms
[7.801s][info][gc,phases   ] GC(26) Concurrent Reset Relocation Set 0.001ms
[7.803s][info][gc,phases   ] GC(26) Concurrent Select Relocation Set 2.129ms
[7.803s][info][gc,phases   ] GC(26) Pause Relocate Start 0.006ms
[7.805s][info][gc,phases   ] GC(26) Concurrent Relocate 2.145ms
[7.805s][info][gc,load     ] GC(26) Load: 0.00/0.00/0.00
[7.805s][info][gc,mmu      ] GC(26) MMU: 2ms/99.3%, 5ms/99.6%, 10ms/99.8%, 20ms/99.9%, 50ms/99.9%, 100ms/100.0%
[7.805s][info][gc,marking  ] GC(26) Mark: 2 stripe(s), 1 proactive flush(es), 1 terminate flush(es), 0 completion(s), 0 continuation(s) 
[7.805s][info][gc,marking  ] GC(26) Mark Stack Usage: 32M
[7.805s][info][gc,nmethod  ] GC(26) NMethods: 469 registered, 0 unregistered
[7.805s][info][gc,metaspace] GC(26) Metaspace: 1M used, 1M committed, 1088M reserved
[7.805s][info][gc,ref      ] GC(26) Soft: 181 encountered, 0 discovered, 0 enqueued
[7.805s][info][gc,ref      ] GC(26) Weak: 263 encountered, 11 discovered, 0 enqueued
[7.805s][info][gc,ref      ] GC(26) Final: 0 encountered, 0 discovered, 0 enqueued
[7.805s][info][gc,ref      ] GC(26) Phantom: 7 encountered, 4 discovered, 0 enqueued
[7.805s][info][gc,reloc    ] GC(26) Small Pages: 1019 / 2038M, Empty: 0M, Relocated: 1M, In-Place: 0
[7.806s][info][gc,reloc    ] GC(26) Medium Pages: 1 / 32M, Empty: 0M, Relocated: 0M, In-Place: 0
[7.806s][info][gc,reloc    ] GC(26) Large Pages: 0 / 0M, Empty: 0M, Relocated: 0M, In-Place: 0
[7.806s][info][gc,reloc    ] GC(26) Forwarding Usage: 0M
[7.806s][info][gc,heap     ] GC(26) Min Capacity: 4096M(100%)
[7.806s][info][gc,heap     ] GC(26) Max Capacity: 4096M(100%)
[7.806s][info][gc,heap     ] GC(26) Soft Max Capacity: 4096M(100%)
[7.806s][info][gc,heap     ] GC(26)                Mark Start          Mark End        Relocate Start      Relocate End           High               Low         
[7.806s][info][gc,heap     ] GC(26)  Capacity:     4096M (100%)       4096M (100%)       4096M (100%)       4096M (100%)       4096M (100%)       4096M (100%)   
[7.806s][info][gc,heap     ] GC(26)      Free:     2026M (49%)        2026M (49%)        2026M (49%)        2026M (49%)        2026M (49%)        2020M (49%)    
[7.806s][info][gc,heap     ] GC(26)      Used:     2070M (51%)        2070M (51%)        2070M (51%)        2070M (51%)        2076M (51%)        2070M (51%)    
[7.806s][info][gc,heap     ] GC(26)      Live:         -              1847M (45%)        1847M (45%)        1847M (45%)            -                  -          
[7.806s][info][gc,heap     ] GC(26) Allocated:         -                 0M (0%)            0M (0%)            0M (0%)             -                  -          
[7.806s][info][gc,heap     ] GC(26)   Garbage:         -               222M (5%)          222M (5%)          222M (5%)             -                  -          
[7.806s][info][gc,heap     ] GC(26) Reclaimed:         -                  -                 0M (0%)            0M (0%)             -                  -          
[7.806s][info][gc          ] GC(26) Garbage Collection (Timer) 2070M(51%)->2070M(51%)
[8.086s][info][gc,start    ] GC(27) Garbage Collection (Timer)
[8.087s][info][gc,task     ] GC(27) Using 3 workers
[8.087s][info][gc,phases   ] GC(27) Pause Mark Start 0.006ms
[8.105s][info][gc,phases   ] GC(27) Concurrent Mark 18.640ms
[8.106s][info][gc,phases   ] GC(27) Pause Mark End 0.011ms
[8.106s][info][gc,phases   ] GC(27) Concurrent Mark Free 0.001ms
[8.107s][info][gc,phases   ] GC(27) Concurrent Process Non-Strong References 0.842ms
[8.107s][info][gc,phases   ] GC(27) Concurrent Reset Relocation Set 0.001ms
[8.109s][info][gc,phases   ] GC(27) Concurrent Select Relocation Set 2.111ms
[8.109s][info][gc,phases   ] GC(27) Pause Relocate Start 0.006ms
[8.110s][info][gc,phases   ] GC(27) Concurrent Relocate 1.034ms
[8.110s][info][gc,load     ] GC(27) Load: 0.00/0.00/0.00
[8.110s][info][gc,mmu      ] GC(27) MMU: 2ms/99.3%, 5ms/99.6%, 10ms/99.8%, 20ms/99.9%, 50ms/99.9%, 100ms/100.0%
[8.110s][info][gc,marking  ] GC(27) Mark: 2 stripe(s), 10 proactive flush(es), 1 terminate flush(es), 0 completion(s), 0 continuation(s) 
[8.110s][info][gc,marking  ] GC(27) Mark Stack Usage: 32M
[8.110s][info][gc,nmethod  ] GC(27) NMethods: 469 registered, 0 unregistered
[8.110s][info][gc,metaspace] GC(27) Metaspace: 1M used, 1M committed, 1088M reserved
[8.110s][info][gc,ref      ] GC(27) Soft: 181 encountered, 0 discovered, 0 enqueued
[8.110s][info][gc,ref      ] GC(27) Weak: 263 encountered, 12 discovered, 0 enqueued
[8.110s][info][gc,ref      ] GC(27) Final: 0 encountered, 0 discovered, 0 enqueued
[8.110s][info][gc,ref      ] GC(27) Phantom: 7 encountered, 4 discovered, 0 enqueued
[8.110s][info][gc,reloc    ] GC(27) Small Pages: 1019 / 2038M, Empty: 0M, Relocated: 1M, In-Place: 0
[8.110s][info][gc,reloc    ] GC(27) Medium Pages: 1 / 32M, Empty: 0M, Relocated: 0M, In-Place: 0
[8.110s][info][gc,reloc    ] GC(27) Large Pages: 0 / 0M, Empty: 0M, Relocated: 0M, In-Place: 0
[8.110s][info][gc,reloc    ] GC(27) Forwarding Usage: 0M
[8.110s][info][gc,heap     ] GC(27) Min Capacity: 4096M(100%)
[8.110s][info][gc,heap     ] GC(27) Max Capacity: 4096M(100%)
[8.110s][info][gc,heap     ] GC(27) Soft Max Capacity: 4096M(100%)
[8.110s][info][gc,heap     ] GC(27)                Mark Start          Mark End        Relocate Start      Relocate End           High               Low         
[8.110s][info][gc,heap     ] GC(27)  Capacity:     4096M (100%)       4096M (100%)       4096M (100%)       4096M (100%)       4096M (100%)       4096M (100%)   
[8.111s][info][gc,heap     ] GC(27)      Free:     2026M (49%)        2026M (49%)        2026M (49%)        2026M (49%)        2026M (49%)        2020M (49%)    
[8.111s][info][gc,heap     ] GC(27)      Used:     2070M (51%)        2070M (51%)        2070M (51%)        2070M (51%)        2076M (51%)        2070M (51%)    
[8.111s][info][gc,heap     ] GC(27)      Live:         -              1847M (45%)        1847M (45%)        1847M (45%)            -                  -          
[8.111s][info][gc,heap     ] GC(27) Allocated:         -                 0M (0%)            0M (0%)            0M (0%)             -                  -          
[8.111s][info][gc,heap     ] GC(27)   Garbage:         -               222M (5%)          222M (5%)          222M (5%)             -                  -          
[8.111s][info][gc,heap     ] GC(27) Reclaimed:         -                  -                 0M (0%)            0M (0%)             -                  -          
[8.111s][info][gc          ] GC(27) Garbage Collection (Timer) 2070M(51%)->2070M(51%)
[8.386s][info][gc,start    ] GC(28) Garbage Collection (Timer)
[8.386s][info][gc,task     ] GC(28) Using 3 workers
[8.386s][info][gc,phases   ] GC(28) Pause Mark Start 0.005ms
[8.400s][info][gc,phases   ] GC(28) Concurrent Mark 13.533ms
[8.401s][info][gc,phases   ] GC(28) Pause Mark End 0.009ms
[8.401s][info][gc,phases   ] GC(28) Concurrent Mark Free 0.001ms
[8.401s][info][gc,phases   ] GC(28) Concurrent Process Non-Strong References 0.767ms
[8.402s][info][gc,phases   ] GC(28) Concurrent Reset Relocation Set 0.001ms
[8.404s][info][gc,phases   ] GC(28) Concurrent Select Relocation Set 2.192ms
[8.404s][info][gc,phases   ] GC(28) Pause Relocate Start 0.005ms
[8.406s][info][gc,phases   ] GC(28) Concurrent Relocate 1.855ms
[8.406s][info][gc,load     ] GC(28) Load: 0.00/0.00/0.00
[8.406s][info][gc,mmu      ] GC(28) MMU: 2ms/99.3%, 5ms/99.6%, 10ms/99.8%, 20ms/99.9%, 50ms/99.9%, 100ms/100.0%
[8.406s][info][gc,marking  ] GC(28) Mark: 2 stripe(s), 2 proactive flush(es), 1 terminate flush(es), 0 completion(s), 0 continuation(s) 
[8.406s][info][gc,marking  ] GC(28) Mark Stack Usage: 32M
[8.406s][info][gc,nmethod  ] GC(28) NMethods: 478 registered, 0 unregistered
[8.406s][info][gc,metaspace] GC(28) Metaspace: 1M used, 1M committed, 1088M reserved
[8.406s][info][gc,ref      ] GC(28) Soft: 181 encountered, 0 discovered, 0 enqueued
[8.406s][info][gc,ref      ] GC(28) Weak: 263 encountered, 130 discovered, 0 enqueued
[8.406s][info][gc,ref      ] GC(28) Final: 0 encountered, 0 discovered, 0 enqueued
[8.406s][info][gc,ref      ] GC(28) Phantom: 7 encountered, 2 discovered, 0 enqueued
[8.406s][info][gc,reloc    ] GC(28) Small Pages: 1034 / 2068M, Empty: 0M, Relocated: 1M, In-Place: 0
[8.406s][info][gc,reloc    ] GC(28) Medium Pages: 1 / 32M, Empty: 0M, Relocated: 0M, In-Place: 0
[8.406s][info][gc,reloc    ] GC(28) Large Pages: 0 / 0M, Empty: 0M, Relocated: 0M, In-Place: 0
[8.406s][info][gc,reloc    ] GC(28) Forwarding Usage: 0M
[8.406s][info][gc,heap     ] GC(28) Min Capacity: 4096M(100%)
[8.406s][info][gc,heap     ] GC(28) Max Capacity: 4096M(100%)
[8.406s][info][gc,heap     ] GC(28) Soft Max Capacity: 4096M(100%)
[8.406s][info][gc,heap     ] GC(28)                Mark Start          Mark End        Relocate Start      Relocate End           High               Low         
[8.406s][info][gc,heap     ] GC(28)  Capacity:     4096M (100%)       4096M (100%)       4096M (100%)       4096M (100%)       4096M (100%)       4096M (100%)   
[8.406s][info][gc,heap     ] GC(28)      Free:     1996M (49%)        1994M (49%)        1992M (49%)        1992M (49%)        1996M (49%)        1986M (48%)    
[8.406s][info][gc,heap     ] GC(28)      Used:     2100M (51%)        2102M (51%)        2104M (51%)        2104M (51%)        2110M (52%)        2100M (51%)    
[8.406s][info][gc,heap     ] GC(28)      Live:         -              1874M (46%)        1874M (46%)        1874M (46%)            -                  -          
[8.407s][info][gc,heap     ] GC(28) Allocated:         -                 2M (0%)            4M (0%)            4M (0%)             -                  -          
[8.407s][info][gc,heap     ] GC(28)   Garbage:         -               225M (5%)          225M (5%)          225M (5%)             -                  -          
[8.407s][info][gc,heap     ] GC(28) Reclaimed:         -                  -                 0M (0%)            0M (0%)             -                  -          
[8.407s][info][gc          ] GC(28) Garbage Collection (Timer) 2100M(51%)->2104M(51%)
[8.686s][info][gc,start    ] GC(29) Garbage Collection (Timer)
[8.686s][info][gc,task     ] GC(29) Using 3 workers
[8.686s][info][gc,phases   ] GC(29) Pause Mark Start 0.006ms
[8.702s][info][gc,phases   ] GC(29) Concurrent Mark 16.386ms
[8.703s][info][gc,phases   ] GC(29) Pause Mark End 0.010ms
[8.703s][info][gc,phases   ] GC(29) Concurrent Mark Free 0.001ms
[8.704s][info][gc,phases   ] GC(29) Concurrent Process Non-Strong References 0.614ms
[8.704s][info][gc,phases   ] GC(29) Concurrent Reset Relocation Set 0.001ms
[8.706s][info][gc,phases   ] GC(29) Concurrent Select Relocation Set 2.149ms
[8.706s][info][gc,phases   ] GC(29) Pause Relocate Start 0.005ms
[8.707s][info][gc,phases   ] GC(29) Concurrent Relocate 1.271ms
[8.707s][info][gc,load     ] GC(29) Load: 0.00/0.00/0.00
[8.707s][info][gc,mmu      ] GC(29) MMU: 2ms/99.3%, 5ms/99.6%, 10ms/99.8%, 20ms/99.9%, 50ms/99.9%, 100ms/100.0%
[8.707s][info][gc,marking  ] GC(29) Mark: 2 stripe(s), 2 proactive flush(es), 1 terminate flush(es), 0 completion(s), 0 continuation(s) 
[8.708s][info][gc,marking  ] GC(29) Mark Stack Usage: 32M
[8.708s][info][gc,nmethod  ] GC(29) NMethods: 478 registered, 0 unregistered
[8.708s][info][gc,metaspace] GC(29) Metaspace: 1M used, 1M committed, 1088M reserved
[8.708s][info][gc,ref      ] GC(29) Soft: 181 encountered, 0 discovered, 0 enqueued
[8.708s][info][gc,ref      ] GC(29) Weak: 263 encountered, 132 discovered, 0 enqueued
[8.708s][info][gc,ref      ] GC(29) Final: 0 encountered, 0 discovered, 0 enqueued
[8.708s][info][gc,ref      ] GC(29) Phantom: 7 encountered, 4 discovered, 0 enqueued
[8.708s][info][gc,reloc    ] GC(29) Small Pages: 1074 / 2148M, Empty: 0M, Relocated: 1M, In-Place: 0
[8.708s][info][gc,reloc    ] GC(29) Medium Pages: 2 / 64M, Empty: 32M, Relocated: 0M, In-Place: 0
[8.708s][info][gc,reloc    ] GC(29) Large Pages: 0 / 0M, Empty: 0M, Relocated: 0M, In-Place: 0
[8.708s][info][gc,reloc    ] GC(29) Forwarding Usage: 0M
[8.708s][info][gc,heap     ] GC(29) Min Capacity: 4096M(100%)
[8.708s][info][gc,heap     ] GC(29) Max Capacity: 4096M(100%)
[8.708s][info][gc,heap     ] GC(29) Soft Max Capacity: 4096M(100%)
[8.708s][info][gc,heap     ] GC(29)                Mark Start          Mark End        Relocate Start      Relocate End           High               Low         
[8.708s][info][gc,heap     ] GC(29)  Capacity:     4096M (100%)       4096M (100%)       4096M (100%)       4096M (100%)       4096M (100%)       4096M (100%)   
[8.708s][info][gc,heap     ] GC(29)      Free:     1884M (46%)        1882M (46%)        1914M (47%)        1914M (47%)        1914M (47%)        1882M (46%)    
[8.708s][info][gc,heap     ] GC(29)      Used:     2212M (54%)        2214M (54%)        2182M (53%)        2182M (53%)        2214M (54%)        2182M (53%)    
[8.708s][info][gc,heap     ] GC(29)      Live:         -              1947M (48%)        1947M (48%)        1947M (48%)            -                  -          
[8.708s][info][gc,heap     ] GC(29) Allocated:         -                 2M (0%)            2M (0%)            2M (0%)             -                  -          
[8.708s][info][gc,heap     ] GC(29)   Garbage:         -               264M (6%)          232M (6%)          232M (6%)             -                  -          
[8.708s][info][gc,heap     ] GC(29) Reclaimed:         -                  -                32M (1%)           32M (1%)             -                  -          
[8.708s][info][gc          ] GC(29) Garbage Collection (Timer) 2212M(54%)->2182M(53%)
[8.986s][info][gc,start    ] GC(30) Garbage Collection (Timer)
[8.986s][info][gc,task     ] GC(30) Using 3 workers
[8.986s][info][gc,phases   ] GC(30) Pause Mark Start 0.005ms
[9.005s][info][gc,phases   ] GC(30) Concurrent Mark 18.814ms
[9.005s][info][gc,phases   ] GC(30) Pause Mark End 0.009ms
[9.005s][info][gc,phases   ] GC(30) Concurrent Mark Free 0.001ms
[9.006s][info][gc,phases   ] GC(30) Concurrent Process Non-Strong References 0.598ms
[9.006s][info][gc,phases   ] GC(30) Concurrent Reset Relocation Set 0.001ms
[9.009s][info][gc,phases   ] GC(30) Concurrent Select Relocation Set 2.609ms
[9.009s][info][gc,phases   ] GC(30) Pause Relocate Start 0.006ms
[9.013s][info][gc,phases   ] GC(30) Concurrent Relocate 4.061ms
[9.013s][info][gc,load     ] GC(30) Load: 0.00/0.00/0.00
[9.013s][info][gc,mmu      ] GC(30) MMU: 2ms/99.3%, 5ms/99.6%, 10ms/99.8%, 20ms/99.9%, 50ms/99.9%, 100ms/100.0%
[9.013s][info][gc,marking  ] GC(30) Mark: 2 stripe(s), 2 proactive flush(es), 1 terminate flush(es), 0 completion(s), 0 continuation(s) 
[9.013s][info][gc,marking  ] GC(30) Mark Stack Usage: 32M
[9.013s][info][gc,nmethod  ] GC(30) NMethods: 478 registered, 0 unregistered
[9.013s][info][gc,metaspace] GC(30) Metaspace: 1M used, 1M committed, 1088M reserved
[9.013s][info][gc,ref      ] GC(30) Soft: 181 encountered, 0 discovered, 0 enqueued
[9.013s][info][gc,ref      ] GC(30) Weak: 263 encountered, 5 discovered, 0 enqueued
[9.013s][info][gc,ref      ] GC(30) Final: 0 encountered, 0 discovered, 0 enqueued
[9.013s][info][gc,ref      ] GC(30) Phantom: 7 encountered, 1 discovered, 0 enqueued
[9.013s][info][gc,reloc    ] GC(30) Small Pages: 1111 / 2222M, Empty: 0M, Relocated: 3M, In-Place: 0
[9.013s][info][gc,reloc    ] GC(30) Medium Pages: 1 / 32M, Empty: 0M, Relocated: 0M, In-Place: 0
[9.013s][info][gc,reloc    ] GC(30) Large Pages: 0 / 0M, Empty: 0M, Relocated: 0M, In-Place: 0
[9.013s][info][gc,reloc    ] GC(30) Forwarding Usage: 0M
[9.013s][info][gc,heap     ] GC(30) Min Capacity: 4096M(100%)
[9.013s][info][gc,heap     ] GC(30) Max Capacity: 4096M(100%)
[9.013s][info][gc,heap     ] GC(30) Soft Max Capacity: 4096M(100%)
[9.013s][info][gc,heap     ] GC(30)                Mark Start          Mark End        Relocate Start      Relocate End           High               Low         
[9.014s][info][gc,heap     ] GC(30)  Capacity:     4096M (100%)       4096M (100%)       4096M (100%)       4096M (100%)       4096M (100%)       4096M (100%)   
[9.014s][info][gc,heap     ] GC(30)      Free:     1842M (45%)        1840M (45%)        1840M (45%)        1844M (45%)        1844M (45%)        1832M (45%)    
[9.014s][info][gc,heap     ] GC(30)      Used:     2254M (55%)        2256M (55%)        2256M (55%)        2252M (55%)        2264M (55%)        2252M (55%)    
[9.014s][info][gc,heap     ] GC(30)      Live:         -              2013M (49%)        2013M (49%)        2013M (49%)            -                  -          
[9.014s][info][gc,heap     ] GC(30) Allocated:         -                 2M (0%)            2M (0%)            3M (0%)             -                  -          
[9.014s][info][gc,heap     ] GC(30)   Garbage:         -               240M (6%)          240M (6%)          234M (6%)             -                  -          
[9.014s][info][gc,heap     ] GC(30) Reclaimed:         -                  -                 0M (0%)            5M (0%)             -                  -          
[9.014s][info][gc          ] GC(30) Garbage Collection (Timer) 2254M(55%)->2252M(55%)
[9.286s][info][gc,start    ] GC(31) Garbage Collection (Timer)
[9.286s][info][gc,task     ] GC(31) Using 3 workers
[9.286s][info][gc,phases   ] GC(31) Pause Mark Start 0.006ms
[9.306s][info][gc,phases   ] GC(31) Concurrent Mark 19.749ms
[9.306s][info][gc,phases   ] GC(31) Pause Mark End 0.009ms
[9.306s][info][gc,phases   ] GC(31) Concurrent Mark Free 0.001ms
[9.307s][info][gc,phases   ] GC(31) Concurrent Process Non-Strong References 0.717ms
[9.307s][info][gc,phases   ] GC(31) Concurrent Reset Relocation Set 0.001ms
[9.309s][info][gc,phases   ] GC(31) Concurrent Select Relocation Set 2.237ms
[9.309s][info][gc,phases   ] GC(31) Pause Relocate Start 0.005ms
[9.309s][info][gc,phases   ] GC(31) Concurrent Relocate 0.092ms
[9.309s][info][gc,load     ] GC(31) Load: 0.00/0.00/0.00
[9.309s][info][gc,mmu      ] GC(31) MMU: 2ms/99.3%, 5ms/99.6%, 10ms/99.8%, 20ms/99.9%, 50ms/99.9%, 100ms/100.0%
[9.309s][info][gc,marking  ] GC(31) Mark: 2 stripe(s), 3 proactive flush(es), 1 terminate flush(es), 0 completion(s), 0 continuation(s) 
[9.309s][info][gc,marking  ] GC(31) Mark Stack Usage: 32M
[9.309s][info][gc,nmethod  ] GC(31) NMethods: 478 registered, 0 unregistered
[9.310s][info][gc,metaspace] GC(31) Metaspace: 1M used, 1M committed, 1088M reserved
[9.310s][info][gc,ref      ] GC(31) Soft: 181 encountered, 0 discovered, 0 enqueued
[9.310s][info][gc,ref      ] GC(31) Weak: 263 encountered, 6 discovered, 0 enqueued
[9.310s][info][gc,ref      ] GC(31) Final: 0 encountered, 0 discovered, 0 enqueued
[9.310s][info][gc,ref      ] GC(31) Phantom: 7 encountered, 1 discovered, 0 enqueued
[9.310s][info][gc,reloc    ] GC(31) Small Pages: 1146 / 2292M, Empty: 0M, Relocated: 0M, In-Place: 0
[9.310s][info][gc,reloc    ] GC(31) Medium Pages: 1 / 32M, Empty: 0M, Relocated: 0M, In-Place: 0
[9.310s][info][gc,reloc    ] GC(31) Large Pages: 0 / 0M, Empty: 0M, Relocated: 0M, In-Place: 0
[9.310s][info][gc,reloc    ] GC(31) Forwarding Usage: 0M
[9.310s][info][gc,heap     ] GC(31) Min Capacity: 4096M(100%)
[9.310s][info][gc,heap     ] GC(31) Max Capacity: 4096M(100%)
[9.310s][info][gc,heap     ] GC(31) Soft Max Capacity: 4096M(100%)
[9.310s][info][gc,heap     ] GC(31)                Mark Start          Mark End        Relocate Start      Relocate End           High               Low         
[9.310s][info][gc,heap     ] GC(31)  Capacity:     4096M (100%)       4096M (100%)       4096M (100%)       4096M (100%)       4096M (100%)       4096M (100%)   
[9.310s][info][gc,heap     ] GC(31)      Free:     1772M (43%)        1770M (43%)        1770M (43%)        1770M (43%)        1772M (43%)        1770M (43%)    
[9.310s][info][gc,heap     ] GC(31)      Used:     2324M (57%)        2326M (57%)        2326M (57%)        2326M (57%)        2326M (57%)        2324M (57%)    
[9.310s][info][gc,heap     ] GC(31)      Live:         -              2081M (51%)        2081M (51%)        2081M (51%)            -                  -          
[9.310s][info][gc,heap     ] GC(31) Allocated:         -                 2M (0%)            2M (0%)            2M (0%)             -                  -          
[9.310s][info][gc,heap     ] GC(31)   Garbage:         -               242M (6%)          242M (6%)          242M (6%)             -                  -          
[9.310s][info][gc,heap     ] GC(31) Reclaimed:         -                  -                 0M (0%)            0M (0%)             -                  -          
[9.310s][info][gc          ] GC(31) Garbage Collection (Timer) 2324M(57%)->2326M(57%)
[9.587s][info][gc,start    ] GC(32) Garbage Collection (Timer)
[9.587s][info][gc,task     ] GC(32) Using 3 workers
[9.587s][info][gc,phases   ] GC(32) Pause Mark Start 0.006ms
[9.604s][info][gc,phases   ] GC(32) Concurrent Mark 17.245ms
[9.605s][info][gc,phases   ] GC(32) Pause Mark End 0.009ms
[9.605s][info][gc,phases   ] GC(32) Concurrent Mark Free 0.001ms
[9.605s][info][gc,phases   ] GC(32) Concurrent Process Non-Strong References 0.419ms
[9.606s][info][gc,phases   ] GC(32) Concurrent Reset Relocation Set 0.001ms
[9.608s][info][gc,phases   ] GC(32) Concurrent Select Relocation Set 2.132ms
[9.608s][info][gc,phases   ] GC(32) Pause Relocate Start 0.006ms
[9.608s][info][gc,phases   ] GC(32) Concurrent Relocate 0.016ms
[9.608s][info][gc,load     ] GC(32) Load: 0.00/0.00/0.00
[9.608s][info][gc,mmu      ] GC(32) MMU: 2ms/99.3%, 5ms/99.6%, 10ms/99.8%, 20ms/99.9%, 50ms/99.9%, 100ms/100.0%
[9.608s][info][gc,marking  ] GC(32) Mark: 2 stripe(s), 2 proactive flush(es), 1 terminate flush(es), 0 completion(s), 0 continuation(s) 
[9.608s][info][gc,marking  ] GC(32) Mark Stack Usage: 32M
[9.608s][info][gc,nmethod  ] GC(32) NMethods: 478 registered, 0 unregistered
[9.608s][info][gc,metaspace] GC(32) Metaspace: 1M used, 1M committed, 1088M reserved
[9.608s][info][gc,ref      ] GC(32) Soft: 181 encountered, 0 discovered, 0 enqueued
[9.608s][info][gc,ref      ] GC(32) Weak: 263 encountered, 5 discovered, 0 enqueued
[9.608s][info][gc,ref      ] GC(32) Final: 0 encountered, 0 discovered, 0 enqueued
[9.608s][info][gc,ref      ] GC(32) Phantom: 7 encountered, 1 discovered, 0 enqueued
[9.608s][info][gc,reloc    ] GC(32) Small Pages: 1179 / 2358M, Empty: 0M, Relocated: 0M, In-Place: 0
[9.608s][info][gc,reloc    ] GC(32) Medium Pages: 1 / 32M, Empty: 0M, Relocated: 0M, In-Place: 0
[9.608s][info][gc,reloc    ] GC(32) Large Pages: 0 / 0M, Empty: 0M, Relocated: 0M, In-Place: 0
[9.608s][info][gc,reloc    ] GC(32) Forwarding Usage: 0M
[9.608s][info][gc,heap     ] GC(32) Min Capacity: 4096M(100%)
[9.608s][info][gc,heap     ] GC(32) Max Capacity: 4096M(100%)
[9.608s][info][gc,heap     ] GC(32) Soft Max Capacity: 4096M(100%)
[9.608s][info][gc,heap     ] GC(32)                Mark Start          Mark End        Relocate Start      Relocate End           High               Low         
[9.609s][info][gc,heap     ] GC(32)  Capacity:     4096M (100%)       4096M (100%)       4096M (100%)       4096M (100%)       4096M (100%)       4096M (100%)   
[9.609s][info][gc,heap     ] GC(32)      Free:     1706M (42%)        1704M (42%)        1704M (42%)        1704M (42%)        1706M (42%)        1704M (42%)    
[9.609s][info][gc,heap     ] GC(32)      Used:     2390M (58%)        2392M (58%)        2392M (58%)        2392M (58%)        2392M (58%)        2390M (58%)    
[9.609s][info][gc,heap     ] GC(32)      Live:         -              2140M (52%)        2140M (52%)        2140M (52%)            -                  -          
[9.609s][info][gc,heap     ] GC(32) Allocated:         -                 2M (0%)            2M (0%)            2M (0%)             -                  -          
[9.609s][info][gc,heap     ] GC(32)   Garbage:         -               249M (6%)          249M (6%)          249M (6%)             -                  -          
[9.609s][info][gc,heap     ] GC(32) Reclaimed:         -                  -                 0M (0%)            0M (0%)             -                  -          
[9.609s][info][gc          ] GC(32) Garbage Collection (Timer) 2390M(58%)->2392M(58%)
[9.887s][info][gc,start    ] GC(33) Garbage Collection (Timer)
[9.887s][info][gc,task     ] GC(33) Using 3 workers
[9.887s][info][gc,phases   ] GC(33) Pause Mark Start 0.005ms
[9.906s][info][gc,phases   ] GC(33) Concurrent Mark 19.210ms
[9.907s][info][gc,phases   ] GC(33) Pause Mark End 0.009ms
[9.907s][info][gc,phases   ] GC(33) Concurrent Mark Free 0.001ms
[9.907s][info][gc,phases   ] GC(33) Concurrent Process Non-Strong References 0.457ms
[9.907s][info][gc,phases   ] GC(33) Concurrent Reset Relocation Set 0.000ms
[9.910s][info][gc,phases   ] GC(33) Concurrent Select Relocation Set 2.302ms
[9.910s][info][gc,phases   ] GC(33) Pause Relocate Start 0.005ms
[9.910s][info][gc,phases   ] GC(33) Concurrent Relocate 0.019ms
[9.910s][info][gc,load     ] GC(33) Load: 0.00/0.00/0.00
[9.910s][info][gc,mmu      ] GC(33) MMU: 2ms/99.3%, 5ms/99.6%, 10ms/99.8%, 20ms/99.9%, 50ms/99.9%, 100ms/100.0%
[9.910s][info][gc,marking  ] GC(33) Mark: 2 stripe(s), 2 proactive flush(es), 1 terminate flush(es), 0 completion(s), 0 continuation(s) 
[9.910s][info][gc,marking  ] GC(33) Mark Stack Usage: 32M
[9.910s][info][gc,nmethod  ] GC(33) NMethods: 478 registered, 0 unregistered
[9.910s][info][gc,metaspace] GC(33) Metaspace: 1M used, 1M committed, 1088M reserved
[9.910s][info][gc,ref      ] GC(33) Soft: 181 encountered, 0 discovered, 0 enqueued
[9.911s][info][gc,ref      ] GC(33) Weak: 263 encountered, 5 discovered, 0 enqueued
[9.911s][info][gc,ref      ] GC(33) Final: 0 encountered, 0 discovered, 0 enqueued
[9.911s][info][gc,ref      ] GC(33) Phantom: 7 encountered, 2 discovered, 0 enqueued
[9.911s][info][gc,reloc    ] GC(33) Small Pages: 1210 / 2420M, Empty: 0M, Relocated: 0M, In-Place: 0
[9.911s][info][gc,reloc    ] GC(33) Medium Pages: 1 / 32M, Empty: 0M, Relocated: 0M, In-Place: 0
[9.911s][info][gc,reloc    ] GC(33) Large Pages: 0 / 0M, Empty: 0M, Relocated: 0M, In-Place: 0
[9.911s][info][gc,reloc    ] GC(33) Forwarding Usage: 0M
[9.911s][info][gc,heap     ] GC(33) Min Capacity: 4096M(100%)
[9.911s][info][gc,heap     ] GC(33) Max Capacity: 4096M(100%)
[9.911s][info][gc,heap     ] GC(33) Soft Max Capacity: 4096M(100%)
[9.911s][info][gc,heap     ] GC(33)                Mark Start          Mark End        Relocate Start      Relocate End           High               Low         
[9.911s][info][gc,heap     ] GC(33)  Capacity:     4096M (100%)       4096M (100%)       4096M (100%)       4096M (100%)       4096M (100%)       4096M (100%)   
[9.911s][info][gc,heap     ] GC(33)      Free:     1644M (40%)        1642M (40%)        1642M (40%)        1642M (40%)        1644M (40%)        1642M (40%)    
[9.911s][info][gc,heap     ] GC(33)      Used:     2452M (60%)        2454M (60%)        2454M (60%)        2454M (60%)        2454M (60%)        2452M (60%)    
[9.911s][info][gc,heap     ] GC(33)      Live:         -              2197M (54%)        2197M (54%)        2197M (54%)            -                  -          
[9.911s][info][gc,heap     ] GC(33) Allocated:         -                 2M (0%)            2M (0%)            2M (0%)             -                  -          
[9.911s][info][gc,heap     ] GC(33)   Garbage:         -               254M (6%)          254M (6%)          254M (6%)             -                  -          
[9.911s][info][gc,heap     ] GC(33) Reclaimed:         -                  -                 0M (0%)            0M (0%)             -                  -          
[9.911s][info][gc          ] GC(33) Garbage Collection (Timer) 2452M(60%)->2454M(60%)
[10.187s][info][gc,start    ] GC(34) Garbage Collection (Timer)
[10.187s][info][gc,task     ] GC(34) Using 3 workers
[10.187s][info][gc,phases   ] GC(34) Pause Mark Start 0.006ms
[10.206s][info][gc,phases   ] GC(34) Concurrent Mark 18.755ms
[10.206s][info][gc,phases   ] GC(34) Pause Mark End 0.011ms
[10.206s][info][gc,phases   ] GC(34) Concurrent Mark Free 0.001ms
[10.207s][info][gc,phases   ] GC(34) Concurrent Process Non-Strong References 0.524ms
[10.207s][info][gc,phases   ] GC(34) Concurrent Reset Relocation Set 0.000ms
[10.209s][info][gc,phases   ] GC(34) Concurrent Select Relocation Set 2.638ms
[10.210s][info][gc,phases   ] GC(34) Pause Relocate Start 0.006ms
[10.210s][info][gc,phases   ] GC(34) Concurrent Relocate 0.024ms
[10.210s][info][gc,load     ] GC(34) Load: 0.00/0.00/0.00
[10.210s][info][gc,mmu      ] GC(34) MMU: 2ms/99.3%, 5ms/99.6%, 10ms/99.8%, 20ms/99.9%, 50ms/99.9%, 100ms/100.0%
[10.210s][info][gc,marking  ] GC(34) Mark: 2 stripe(s), 3 proactive flush(es), 1 terminate flush(es), 0 completion(s), 0 continuation(s) 
[10.210s][info][gc,marking  ] GC(34) Mark Stack Usage: 32M
[10.210s][info][gc,nmethod  ] GC(34) NMethods: 478 registered, 0 unregistered
[10.210s][info][gc,metaspace] GC(34) Metaspace: 1M used, 1M committed, 1088M reserved
[10.210s][info][gc,ref      ] GC(34) Soft: 181 encountered, 0 discovered, 0 enqueued
[10.210s][info][gc,ref      ] GC(34) Weak: 263 encountered, 6 discovered, 0 enqueued
[10.210s][info][gc,ref      ] GC(34) Final: 0 encountered, 0 discovered, 0 enqueued
[10.210s][info][gc,ref      ] GC(34) Phantom: 7 encountered, 2 discovered, 0 enqueued
[10.210s][info][gc,reloc    ] GC(34) Small Pages: 1238 / 2476M, Empty: 0M, Relocated: 0M, In-Place: 0
[10.210s][info][gc,reloc    ] GC(34) Medium Pages: 1 / 32M, Empty: 0M, Relocated: 0M, In-Place: 0
[10.210s][info][gc,reloc    ] GC(34) Large Pages: 0 / 0M, Empty: 0M, Relocated: 0M, In-Place: 0
[10.210s][info][gc,reloc    ] GC(34) Forwarding Usage: 0M
[10.210s][info][gc,heap     ] GC(34) Min Capacity: 4096M(100%)
[10.210s][info][gc,heap     ] GC(34) Max Capacity: 4096M(100%)
[10.210s][info][gc,heap     ] GC(34) Soft Max Capacity: 4096M(100%)
[10.210s][info][gc,heap     ] GC(34)                Mark Start          Mark End        Relocate Start      Relocate End           High               Low         
[10.210s][info][gc,heap     ] GC(34)  Capacity:     4096M (100%)       4096M (100%)       4096M (100%)       4096M (100%)       4096M (100%)       4096M (100%)   
[10.210s][info][gc,heap     ] GC(34)      Free:     1588M (39%)        1586M (39%)        1586M (39%)        1586M (39%)        1588M (39%)        1586M (39%)    
[10.210s][info][gc,heap     ] GC(34)      Used:     2508M (61%)        2510M (61%)        2510M (61%)        2510M (61%)        2510M (61%)        2508M (61%)    
[10.211s][info][gc,heap     ] GC(34)      Live:         -              2247M (55%)        2247M (55%)        2247M (55%)            -                  -          
[10.211s][info][gc,heap     ] GC(34) Allocated:         -                 2M (0%)            2M (0%)            2M (0%)             -                  -          
[10.211s][info][gc,heap     ] GC(34)   Garbage:         -               260M (6%)          260M (6%)          260M (6%)             -                  -          
[10.211s][info][gc,heap     ] GC(34) Reclaimed:         -                  -                 0M (0%)            0M (0%)             -                  -          
[10.211s][info][gc          ] GC(34) Garbage Collection (Timer) 2508M(61%)->2510M(61%)
[10.287s][info][gc,stats    ] === Garbage Collection Statistics =======================================================================================================================
[10.287s][info][gc,stats    ]                                                              Last 10s              Last 10m              Last 10h                Total
[10.287s][info][gc,stats    ]                                                              Avg / Max             Avg / Max             Avg / Max             Avg / Max
[10.287s][info][gc,stats    ]   Collector: Garbage Collection Cycle                     21.364 / 27.890       21.364 / 27.890       21.364 / 27.890       21.364 / 27.890      ms
[10.287s][info][gc,stats    ]  Contention: Mark Segment Reset Contention                     5 / 10                5 / 10                5 / 10                5 / 10          ops/s
[10.287s][info][gc,stats    ]  Contention: Mark SeqNum Reset Contention                      1 / 3                 1 / 3                 1 / 3                 1 / 3           ops/s
[10.287s][info][gc,stats    ]    Critical: Allocation Stall                                  0 / 0                 0 / 0                 0 / 0                 0 / 0           ops/s
[10.287s][info][gc,stats    ]    Critical: Allocation Stall                              0.000 / 0.000         0.000 / 0.000         0.000 / 0.000         0.000 / 0.000       ms
[10.287s][info][gc,stats    ]    Critical: GC Locker Stall                                   0 / 0                 0 / 0                 0 / 0                 0 / 0           ops/s
[10.287s][info][gc,stats    ]    Critical: GC Locker Stall                               0.000 / 0.000         0.000 / 0.000         0.000 / 0.000         0.000 / 0.000       ms
[10.288s][info][gc,stats    ]    Critical: Relocation Stall                                  0 / 0                 0 / 0                 0 / 0                 0 / 0           ops/s
[10.288s][info][gc,stats    ]    Critical: Relocation Stall                              0.000 / 0.000         0.000 / 0.000         0.000 / 0.000         0.000 / 0.000       ms
[10.288s][info][gc,stats    ]      Memory: Allocation Rate                                 260 / 686             260 / 686             260 / 686             260 / 686         MB/s
[10.288s][info][gc,stats    ]      Memory: Out Of Memory                                     0 / 0                 0 / 0                 0 / 0                 0 / 0           ops/s
[10.288s][info][gc,stats    ]      Memory: Page Cache Flush                                  0 / 0                 0 / 0                 0 / 0                 0 / 0           MB/s
[10.288s][info][gc,stats    ]      Memory: Page Cache Hit L1                                 9 / 15                9 / 15                9 / 15                9 / 15          ops/s
[10.288s][info][gc,stats    ]      Memory: Page Cache Hit L2                                 0 / 0                 0 / 0                 0 / 0                 0 / 0           ops/s
[10.288s][info][gc,stats    ]      Memory: Page Cache Hit L3                               124 / 341             124 / 341             124 / 341             124 / 341         ops/s
[10.288s][info][gc,stats    ]      Memory: Page Cache Miss                                   0 / 1                 0 / 1                 0 / 1                 0 / 1           ops/s
[10.288s][info][gc,stats    ]      Memory: Uncommit                                          0 / 0                 0 / 0                 0 / 0                 0 / 0           MB/s
[10.288s][info][gc,stats    ]      Memory: Undo Object Allocation Failed                     0 / 0                 0 / 0                 0 / 0                 0 / 0           ops/s
[10.288s][info][gc,stats    ]      Memory: Undo Object Allocation Succeeded                  0 / 1                 0 / 1                 0 / 1                 0 / 1           ops/s
[10.288s][info][gc,stats    ]      Memory: Undo Page Allocation                              0 / 0                 0 / 0                 0 / 0                 0 / 0           ops/s
[10.288s][info][gc,stats    ]       Phase: Concurrent Mark                              15.835 / 22.914       15.835 / 22.914       15.835 / 22.914       15.835 / 22.914      ms
[10.288s][info][gc,stats    ]       Phase: Concurrent Mark Continue                      0.000 / 0.000         0.000 / 0.000         0.000 / 0.000         0.000 / 0.000       ms
[10.288s][info][gc,stats    ]       Phase: Concurrent Mark Free                          0.001 / 0.001         0.001 / 0.001         0.001 / 0.001         0.001 / 0.001       ms
[10.288s][info][gc,stats    ]       Phase: Concurrent Process Non-Strong References      0.699 / 1.416         0.699 / 1.416         0.699 / 1.416         0.699 / 1.416       ms
[10.288s][info][gc,stats    ]       Phase: Concurrent Relocate                           1.246 / 4.061         1.246 / 4.061         1.246 / 4.061         1.246 / 4.061       ms
[10.288s][info][gc,stats    ]       Phase: Concurrent Reset Relocation Set               0.001 / 0.001         0.001 / 0.001         0.001 / 0.001         0.001 / 0.001       ms
[10.288s][info][gc,stats    ]       Phase: Concurrent Select Relocation Set              2.583 / 8.937         2.583 / 8.937         2.583 / 8.937         2.583 / 8.937       ms
[10.288s][info][gc,stats    ]       Phase: Pause Mark End                                0.010 / 0.013         0.010 / 0.013         0.010 / 0.013         0.010 / 0.013       ms
[10.288s][info][gc,stats    ]       Phase: Pause Mark Start                              0.006 / 0.008         0.006 / 0.008         0.006 / 0.008         0.006 / 0.008       ms
[10.288s][info][gc,stats    ]       Phase: Pause Relocate Start                          0.006 / 0.009         0.006 / 0.009         0.006 / 0.009         0.006 / 0.009       ms
[10.288s][info][gc,stats    ]    Subphase: Concurrent Classes Purge                      0.077 / 0.131         0.077 / 0.131         0.077 / 0.131         0.077 / 0.131       ms
[10.288s][info][gc,stats    ]    Subphase: Concurrent Classes Unlink                     0.238 / 0.350         0.238 / 0.350         0.238 / 0.350         0.238 / 0.350       ms
[10.288s][info][gc,stats    ]    Subphase: Concurrent Mark                              14.753 / 22.495       14.753 / 22.495       14.753 / 22.495       14.753 / 22.495      ms
[10.288s][info][gc,stats    ]    Subphase: Concurrent Mark Try Flush                     0.602 / 9.158         0.602 / 9.158         0.602 / 9.158         0.602 / 9.158       ms
[10.288s][info][gc,stats    ]    Subphase: Concurrent Mark Try Terminate                 1.136 / 2.506         1.136 / 2.506         1.136 / 2.506         1.136 / 2.506       ms
[10.288s][info][gc,stats    ]    Subphase: Concurrent References Enqueue                 0.000 / 0.003         0.000 / 0.003         0.000 / 0.003         0.000 / 0.003       ms
[10.288s][info][gc,stats    ]    Subphase: Concurrent References Process                 0.086 / 0.124         0.086 / 0.124         0.086 / 0.124         0.086 / 0.124       ms
[10.288s][info][gc,stats    ]    Subphase: Concurrent Roots ClassLoaderDataGraph         0.049 / 0.139         0.049 / 0.139         0.049 / 0.139         0.049 / 0.139       ms
[10.289s][info][gc,stats    ]    Subphase: Concurrent Roots CodeCache                    0.000 / 0.000         0.000 / 0.000         0.000 / 0.000         0.000 / 0.000       ms
[10.289s][info][gc,stats    ]    Subphase: Concurrent Roots JavaThreads                  0.173 / 0.611         0.173 / 0.611         0.173 / 0.611         0.173 / 0.611       ms
[10.289s][info][gc,stats    ]    Subphase: Concurrent Roots OopStorageSet                0.010 / 0.051         0.010 / 0.051         0.010 / 0.051         0.010 / 0.051       ms
[10.289s][info][gc,stats    ]    Subphase: Concurrent Weak Roots OopStorageSet           0.091 / 0.160         0.091 / 0.160         0.091 / 0.160         0.091 / 0.160       ms
[10.289s][info][gc,stats    ]    Subphase: Pause Mark Try Complete                       0.000 / 0.000         0.000 / 0.000         0.000 / 0.000         0.000 / 0.000       ms
[10.289s][info][gc,stats    ]      System: Java Threads                                     12 / 14               12 / 14               12 / 14               12 / 14          threads
[10.289s][info][gc,stats    ] =========================================================================================================================================================
[10.486s][info][gc,start    ] GC(35) Garbage Collection (Timer)
[10.486s][info][gc,task     ] GC(35) Using 3 workers
[10.486s][info][gc,phases   ] GC(35) Pause Mark Start 0.006ms
[10.506s][info][gc,phases   ] GC(35) Concurrent Mark 19.568ms
[10.506s][info][gc,phases   ] GC(35) Pause Mark End 0.010ms
[10.506s][info][gc,phases   ] GC(35) Concurrent Mark Free 0.001ms
[10.507s][info][gc,phases   ] GC(35) Concurrent Process Non-Strong References 0.672ms
[10.507s][info][gc,phases   ] GC(35) Concurrent Reset Relocation Set 0.001ms
[10.509s][info][gc,phases   ] GC(35) Concurrent Select Relocation Set 2.255ms
[10.509s][info][gc,phases   ] GC(35) Pause Relocate Start 0.005ms
[10.509s][info][gc,phases   ] GC(35) Concurrent Relocate 0.025ms
[10.509s][info][gc,load     ] GC(35) Load: 0.00/0.00/0.00
[10.509s][info][gc,mmu      ] GC(35) MMU: 2ms/99.3%, 5ms/99.6%, 10ms/99.8%, 20ms/99.9%, 50ms/99.9%, 100ms/100.0%
[10.509s][info][gc,marking  ] GC(35) Mark: 2 stripe(s), 3 proactive flush(es), 1 terminate flush(es), 0 completion(s), 0 continuation(s) 
[10.509s][info][gc,marking  ] GC(35) Mark Stack Usage: 32M
[10.509s][info][gc,nmethod  ] GC(35) NMethods: 478 registered, 0 unregistered
[10.509s][info][gc,metaspace] GC(35) Metaspace: 1M used, 1M committed, 1088M reserved
[10.509s][info][gc,ref      ] GC(35) Soft: 181 encountered, 0 discovered, 0 enqueued
[10.509s][info][gc,ref      ] GC(35) Weak: 263 encountered, 3 discovered, 0 enqueued
[10.509s][info][gc,ref      ] GC(35) Final: 0 encountered, 0 discovered, 0 enqueued
[10.509s][info][gc,ref      ] GC(35) Phantom: 7 encountered, 4 discovered, 0 enqueued
[10.509s][info][gc,reloc    ] GC(35) Small Pages: 1266 / 2532M, Empty: 0M, Relocated: 0M, In-Place: 0
[10.510s][info][gc,reloc    ] GC(35) Medium Pages: 1 / 32M, Empty: 0M, Relocated: 0M, In-Place: 0
[10.510s][info][gc,reloc    ] GC(35) Large Pages: 0 / 0M, Empty: 0M, Relocated: 0M, In-Place: 0
[10.510s][info][gc,reloc    ] GC(35) Forwarding Usage: 0M
[10.510s][info][gc,heap     ] GC(35) Min Capacity: 4096M(100%)
[10.510s][info][gc,heap     ] GC(35) Max Capacity: 4096M(100%)
[10.510s][info][gc,heap     ] GC(35) Soft Max Capacity: 4096M(100%)
[10.510s][info][gc,heap     ] GC(35)                Mark Start          Mark End        Relocate Start      Relocate End           High               Low         
[10.510s][info][gc,heap     ] GC(35)  Capacity:     4096M (100%)       4096M (100%)       4096M (100%)       4096M (100%)       4096M (100%)       4096M (100%)   
[10.510s][info][gc,heap     ] GC(35)      Free:     1532M (37%)        1528M (37%)        1528M (37%)        1528M (37%)        1532M (37%)        1528M (37%)    
[10.510s][info][gc,heap     ] GC(35)      Used:     2564M (63%)        2568M (63%)        2568M (63%)        2568M (63%)        2568M (63%)        2564M (63%)    
[10.510s][info][gc,heap     ] GC(35)      Live:         -              2298M (56%)        2298M (56%)        2298M (56%)            -                  -          
[10.510s][info][gc,heap     ] GC(35) Allocated:         -                 4M (0%)            4M (0%)            4M (0%)             -                  -          
[10.510s][info][gc,heap     ] GC(35)   Garbage:         -               265M (6%)          265M (6%)          265M (6%)             -                  -          
[10.510s][info][gc,heap     ] GC(35) Reclaimed:         -                  -                 0M (0%)            0M (0%)             -                  -          
[10.510s][info][gc          ] GC(35) Garbage Collection (Timer) 2564M(63%)->2568M(63%)
[10.787s][info][gc,start    ] GC(36) Garbage Collection (Timer)
[10.787s][info][gc,task     ] GC(36) Using 3 workers
[10.787s][info][gc,phases   ] GC(36) Pause Mark Start 0.007ms
[10.809s][info][gc,phases   ] GC(36) Concurrent Mark 21.408ms
[10.809s][info][gc,phases   ] GC(36) Pause Mark End 0.010ms
[10.809s][info][gc,phases   ] GC(36) Concurrent Mark Free 0.001ms
[10.810s][info][gc,phases   ] GC(36) Concurrent Process Non-Strong References 0.647ms
[10.810s][info][gc,phases   ] GC(36) Concurrent Reset Relocation Set 0.001ms
[10.812s][info][gc,phases   ] GC(36) Concurrent Select Relocation Set 2.647ms
[10.813s][info][gc,phases   ] GC(36) Pause Relocate Start 0.006ms
[10.814s][info][gc,phases   ] GC(36) Concurrent Relocate 1.742ms
[10.814s][info][gc,load     ] GC(36) Load: 0.00/0.00/0.00
[10.815s][info][gc,mmu      ] GC(36) MMU: 2ms/99.3%, 5ms/99.6%, 10ms/99.8%, 20ms/99.9%, 50ms/99.9%, 100ms/100.0%
[10.815s][info][gc,marking  ] GC(36) Mark: 2 stripe(s), 3 proactive flush(es), 1 terminate flush(es), 0 completion(s), 0 continuation(s) 
[10.815s][info][gc,marking  ] GC(36) Mark Stack Usage: 32M
[10.815s][info][gc,nmethod  ] GC(36) NMethods: 478 registered, 0 unregistered
[10.815s][info][gc,metaspace] GC(36) Metaspace: 1M used, 1M committed, 1088M reserved
[10.815s][info][gc,ref      ] GC(36) Soft: 181 encountered, 0 discovered, 0 enqueued
[10.815s][info][gc,ref      ] GC(36) Weak: 263 encountered, 5 discovered, 0 enqueued
[10.815s][info][gc,ref      ] GC(36) Final: 0 encountered, 0 discovered, 0 enqueued
[10.815s][info][gc,ref      ] GC(36) Phantom: 7 encountered, 2 discovered, 0 enqueued
[10.815s][info][gc,reloc    ] GC(36) Small Pages: 1299 / 2598M, Empty: 0M, Relocated: 1M, In-Place: 0
[10.815s][info][gc,reloc    ] GC(36) Medium Pages: 1 / 32M, Empty: 0M, Relocated: 0M, In-Place: 0
[10.815s][info][gc,reloc    ] GC(36) Large Pages: 0 / 0M, Empty: 0M, Relocated: 0M, In-Place: 0
[10.815s][info][gc,reloc    ] GC(36) Forwarding Usage: 0M
[10.815s][info][gc,heap     ] GC(36) Min Capacity: 4096M(100%)
[10.815s][info][gc,heap     ] GC(36) Max Capacity: 4096M(100%)
[10.815s][info][gc,heap     ] GC(36) Soft Max Capacity: 4096M(100%)
[10.815s][info][gc,heap     ] GC(36)                Mark Start          Mark End        Relocate Start      Relocate End           High               Low         
[10.815s][info][gc,heap     ] GC(36)  Capacity:     4096M (100%)       4096M (100%)       4096M (100%)       4096M (100%)       4096M (100%)       4096M (100%)   
[10.815s][info][gc,heap     ] GC(36)      Free:     1466M (36%)        1464M (36%)        1464M (36%)        1464M (36%)        1466M (36%)        1458M (36%)    
[10.815s][info][gc,heap     ] GC(36)      Used:     2630M (64%)        2632M (64%)        2632M (64%)        2632M (64%)        2638M (64%)        2630M (64%)    
[10.815s][info][gc,heap     ] GC(36)      Live:         -              2357M (58%)        2357M (58%)        2357M (58%)            -                  -          
[10.815s][info][gc,heap     ] GC(36) Allocated:         -                 2M (0%)            2M (0%)            2M (0%)             -                  -          
[10.815s][info][gc,heap     ] GC(36)   Garbage:         -               272M (7%)          272M (7%)          272M (7%)             -                  -          
[10.815s][info][gc,heap     ] GC(36) Reclaimed:         -                  -                 0M (0%)            0M (0%)             -                  -          
[10.815s][info][gc          ] GC(36) Garbage Collection (Timer) 2630M(64%)->2632M(64%)
[11.087s][info][gc,start    ] GC(37) Garbage Collection (Timer)
[11.087s][info][gc,task     ] GC(37) Using 3 workers
[11.087s][info][gc,phases   ] GC(37) Pause Mark Start 0.006ms
[11.108s][info][gc,phases   ] GC(37) Concurrent Mark 20.847ms
[11.108s][info][gc,phases   ] GC(37) Pause Mark End 0.010ms
[11.108s][info][gc,phases   ] GC(37) Concurrent Mark Free 0.001ms
[11.109s][info][gc,phases   ] GC(37) Concurrent Process Non-Strong References 0.772ms
[11.109s][info][gc,phases   ] GC(37) Concurrent Reset Relocation Set 0.001ms
[11.112s][info][gc,phases   ] GC(37) Concurrent Select Relocation Set 2.561ms
[11.112s][info][gc,phases   ] GC(37) Pause Relocate Start 0.007ms
[11.115s][info][gc,phases   ] GC(37) Concurrent Relocate 3.510ms
[11.115s][info][gc,load     ] GC(37) Load: 0.00/0.00/0.00
[11.115s][info][gc,mmu      ] GC(37) MMU: 2ms/99.3%, 5ms/99.6%, 10ms/99.8%, 20ms/99.9%, 50ms/99.9%, 100ms/100.0%
[11.115s][info][gc,marking  ] GC(37) Mark: 2 stripe(s), 4 proactive flush(es), 1 terminate flush(es), 0 completion(s), 0 continuation(s) 
[11.115s][info][gc,marking  ] GC(37) Mark Stack Usage: 32M
[11.115s][info][gc,nmethod  ] GC(37) NMethods: 478 registered, 0 unregistered
[11.115s][info][gc,metaspace] GC(37) Metaspace: 1M used, 1M committed, 1088M reserved
[11.115s][info][gc,ref      ] GC(37) Soft: 181 encountered, 0 discovered, 0 enqueued
[11.115s][info][gc,ref      ] GC(37) Weak: 263 encountered, 130 discovered, 0 enqueued
[11.116s][info][gc,ref      ] GC(37) Final: 0 encountered, 0 discovered, 0 enqueued
[11.116s][info][gc,ref      ] GC(37) Phantom: 7 encountered, 3 discovered, 0 enqueued
[11.116s][info][gc,reloc    ] GC(37) Small Pages: 1334 / 2668M, Empty: 0M, Relocated: 1M, In-Place: 0
[11.116s][info][gc,reloc    ] GC(37) Medium Pages: 1 / 32M, Empty: 0M, Relocated: 0M, In-Place: 0
[11.116s][info][gc,reloc    ] GC(37) Large Pages: 0 / 0M, Empty: 0M, Relocated: 0M, In-Place: 0
[11.116s][info][gc,reloc    ] GC(37) Forwarding Usage: 0M
[11.116s][info][gc,heap     ] GC(37) Min Capacity: 4096M(100%)
[11.116s][info][gc,heap     ] GC(37) Max Capacity: 4096M(100%)
[11.116s][info][gc,heap     ] GC(37) Soft Max Capacity: 4096M(100%)
[11.116s][info][gc,heap     ] GC(37)                Mark Start          Mark End        Relocate Start      Relocate End           High               Low         
[11.116s][info][gc,heap     ] GC(37)  Capacity:     4096M (100%)       4096M (100%)       4096M (100%)       4096M (100%)       4096M (100%)       4096M (100%)   
[11.116s][info][gc,heap     ] GC(37)      Free:     1396M (34%)        1394M (34%)        1394M (34%)        1394M (34%)        1396M (34%)        1388M (34%)    
[11.116s][info][gc,heap     ] GC(37)      Used:     2700M (66%)        2702M (66%)        2702M (66%)        2702M (66%)        2708M (66%)        2700M (66%)    
[11.116s][info][gc,heap     ] GC(37)      Live:         -              2421M (59%)        2421M (59%)        2421M (59%)            -                  -          
[11.116s][info][gc,heap     ] GC(37) Allocated:         -                 2M (0%)            2M (0%)            2M (0%)             -                  -          
[11.116s][info][gc,heap     ] GC(37)   Garbage:         -               278M (7%)          278M (7%)          278M (7%)             -                  -          
[11.116s][info][gc,heap     ] GC(37) Reclaimed:         -                  -                 0M (0%)            0M (0%)             -                  -          
[11.116s][info][gc          ] GC(37) Garbage Collection (Timer) 2700M(66%)->2702M(66%)
[11.386s][info][gc,start    ] GC(38) Garbage Collection (Timer)
[11.386s][info][gc,task     ] GC(38) Using 3 workers
[11.386s][info][gc,phases   ] GC(38) Pause Mark Start 0.005ms
[11.412s][info][gc,phases   ] GC(38) Concurrent Mark 25.585ms
[11.412s][info][gc,phases   ] GC(38) Pause Mark End 0.011ms
[11.412s][info][gc,phases   ] GC(38) Concurrent Mark Free 0.001ms
[11.413s][info][gc,phases   ] GC(38) Concurrent Process Non-Strong References 0.829ms
[11.413s][info][gc,phases   ] GC(38) Concurrent Reset Relocation Set 0.001ms
[11.415s][info][gc,phases   ] GC(38) Concurrent Select Relocation Set 2.108ms
[11.415s][info][gc,phases   ] GC(38) Pause Relocate Start 0.005ms
[11.418s][info][gc,phases   ] GC(38) Concurrent Relocate 3.075ms
[11.418s][info][gc,load     ] GC(38) Load: 0.00/0.00/0.00
[11.418s][info][gc,mmu      ] GC(38) MMU: 2ms/99.3%, 5ms/99.6%, 10ms/99.8%, 20ms/99.9%, 50ms/99.9%, 100ms/100.0%
[11.418s][info][gc,marking  ] GC(38) Mark: 2 stripe(s), 10 proactive flush(es), 1 terminate flush(es), 0 completion(s), 0 continuation(s) 
[11.418s][info][gc,marking  ] GC(38) Mark Stack Usage: 32M
[11.418s][info][gc,nmethod  ] GC(38) NMethods: 478 registered, 0 unregistered
[11.418s][info][gc,metaspace] GC(38) Metaspace: 1M used, 1M committed, 1088M reserved
[11.418s][info][gc,ref      ] GC(38) Soft: 181 encountered, 0 discovered, 0 enqueued
[11.418s][info][gc,ref      ] GC(38) Weak: 263 encountered, 9 discovered, 0 enqueued
[11.418s][info][gc,ref      ] GC(38) Final: 0 encountered, 0 discovered, 0 enqueued
[11.418s][info][gc,ref      ] GC(38) Phantom: 7 encountered, 4 discovered, 0 enqueued
[11.418s][info][gc,reloc    ] GC(38) Small Pages: 1362 / 2724M, Empty: 0M, Relocated: 1M, In-Place: 0
[11.418s][info][gc,reloc    ] GC(38) Medium Pages: 1 / 32M, Empty: 0M, Relocated: 0M, In-Place: 0
[11.418s][info][gc,reloc    ] GC(38) Large Pages: 0 / 0M, Empty: 0M, Relocated: 0M, In-Place: 0
[11.418s][info][gc,reloc    ] GC(38) Forwarding Usage: 0M
[11.418s][info][gc,heap     ] GC(38) Min Capacity: 4096M(100%)
[11.419s][info][gc,heap     ] GC(38) Max Capacity: 4096M(100%)
[11.419s][info][gc,heap     ] GC(38) Soft Max Capacity: 4096M(100%)
[11.419s][info][gc,heap     ] GC(38)                Mark Start          Mark End        Relocate Start      Relocate End           High               Low         
[11.419s][info][gc,heap     ] GC(38)  Capacity:     4096M (100%)       4096M (100%)       4096M (100%)       4096M (100%)       4096M (100%)       4096M (100%)   
[11.419s][info][gc,heap     ] GC(38)      Free:     1340M (33%)        1340M (33%)        1340M (33%)        1342M (33%)        1342M (33%)        1334M (33%)    
[11.419s][info][gc,heap     ] GC(38)      Used:     2756M (67%)        2756M (67%)        2756M (67%)        2754M (67%)        2762M (67%)        2754M (67%)    
[11.419s][info][gc,heap     ] GC(38)      Live:         -              2471M (60%)        2471M (60%)        2471M (60%)            -                  -          
[11.419s][info][gc,heap     ] GC(38) Allocated:         -                 0M (0%)            0M (0%)            0M (0%)             -                  -          
[11.419s][info][gc,heap     ] GC(38)   Garbage:         -               284M (7%)          284M (7%)          282M (7%)             -                  -          
[11.419s][info][gc,heap     ] GC(38) Reclaimed:         -                  -                 0M (0%)            2M (0%)             -                  -          
[11.419s][info][gc          ] GC(38) Garbage Collection (Timer) 2756M(67%)->2754M(67%)
[11.685s][info][gc,start    ] GC(39) Garbage Collection (Timer)
[12.044s][info][gc,task     ] GC(39) Using 3 workers
[12.045s][info][gc,phases   ] GC(39) Pause Mark Start 0.007ms
[12.071s][info][gc,phases   ] GC(39) Concurrent Mark 26.809ms
[12.072s][info][gc,phases   ] GC(39) Pause Mark End 0.010ms
[12.072s][info][gc,phases   ] GC(39) Concurrent Mark Free 0.001ms
[12.073s][info][gc,phases   ] GC(39) Concurrent Process Non-Strong References 0.787ms
[12.073s][info][gc,phases   ] GC(39) Concurrent Reset Relocation Set 0.001ms
[12.075s][info][gc,phases   ] GC(39) Concurrent Select Relocation Set 2.066ms
[12.075s][info][gc,phases   ] GC(39) Pause Relocate Start 0.005ms
[12.075s][info][gc,phases   ] GC(39) Concurrent Relocate 0.105ms
[12.075s][info][gc,load     ] GC(39) Load: 0.00/0.00/0.00
[12.075s][info][gc,mmu      ] GC(39) MMU: 2ms/99.3%, 5ms/99.6%, 10ms/99.8%, 20ms/99.9%, 50ms/99.9%, 100ms/100.0%
[12.075s][info][gc,marking  ] GC(39) Mark: 2 stripe(s), 10 proactive flush(es), 1 terminate flush(es), 0 completion(s), 0 continuation(s) 
[12.075s][info][gc,marking  ] GC(39) Mark Stack Usage: 32M
[12.075s][info][gc,nmethod  ] GC(39) NMethods: 478 registered, 0 unregistered
[12.075s][info][gc,metaspace] GC(39) Metaspace: 1M used, 1M committed, 1088M reserved
[12.075s][info][gc,ref      ] GC(39) Soft: 181 encountered, 0 discovered, 0 enqueued
[12.075s][info][gc,ref      ] GC(39) Weak: 263 encountered, 117 discovered, 0 enqueued
[12.075s][info][gc,ref      ] GC(39) Final: 0 encountered, 0 discovered, 0 enqueued
[12.075s][info][gc,ref      ] GC(39) Phantom: 7 encountered, 3 discovered, 0 enqueued
[12.075s][info][gc,reloc    ] GC(39) Small Pages: 1361 / 2722M, Empty: 0M, Relocated: 0M, In-Place: 0
[12.075s][info][gc,reloc    ] GC(39) Medium Pages: 1 / 32M, Empty: 0M, Relocated: 0M, In-Place: 0
[12.075s][info][gc,reloc    ] GC(39) Large Pages: 0 / 0M, Empty: 0M, Relocated: 0M, In-Place: 0
[12.075s][info][gc,reloc    ] GC(39) Forwarding Usage: 0M
[12.075s][info][gc,heap     ] GC(39) Min Capacity: 4096M(100%)
[12.075s][info][gc,heap     ] GC(39) Max Capacity: 4096M(100%)
[12.075s][info][gc,heap     ] GC(39) Soft Max Capacity: 4096M(100%)
[12.075s][info][gc,heap     ] GC(39)                Mark Start          Mark End        Relocate Start      Relocate End           High               Low         
[12.075s][info][gc,heap     ] GC(39)  Capacity:     4096M (100%)       4096M (100%)       4096M (100%)       4096M (100%)       4096M (100%)       4096M (100%)   
[12.076s][info][gc,heap     ] GC(39)      Free:     1342M (33%)        1342M (33%)        1342M (33%)        1342M (33%)        1342M (33%)        1342M (33%)    
[12.076s][info][gc,heap     ] GC(39)      Used:     2754M (67%)        2754M (67%)        2754M (67%)        2754M (67%)        2754M (67%)        2754M (67%)    
[12.076s][info][gc,heap     ] GC(39)      Live:         -              2471M (60%)        2471M (60%)        2471M (60%)            -                  -          
[12.076s][info][gc,heap     ] GC(39) Allocated:         -                 0M (0%)            0M (0%)            0M (0%)             -                  -          
[12.076s][info][gc,heap     ] GC(39)   Garbage:         -               282M (7%)          282M (7%)          282M (7%)             -                  -          
[12.076s][info][gc,heap     ] GC(39) Reclaimed:         -                  -                 0M (0%)            0M (0%)             -                  -          
[12.076s][info][gc          ] GC(39) Garbage Collection (Timer) 2754M(67%)->2754M(67%)
[12.286s][info][gc,start    ] GC(40) Garbage Collection (Timer)
[12.287s][info][gc,task     ] GC(40) Using 3 workers
[12.287s][info][gc,phases   ] GC(40) Pause Mark Start 0.005ms
[12.302s][info][gc,phases   ] GC(40) Concurrent Mark 15.256ms
[12.302s][info][gc,phases   ] GC(40) Pause Mark End 0.010ms
[12.302s][info][gc,phases   ] GC(40) Concurrent Mark Free 0.001ms
[12.303s][info][gc,phases   ] GC(40) Concurrent Process Non-Strong References 0.766ms
[12.303s][info][gc,phases   ] GC(40) Concurrent Reset Relocation Set 0.001ms
[12.305s][info][gc,phases   ] GC(40) Concurrent Select Relocation Set 2.080ms
[12.305s][info][gc,phases   ] GC(40) Pause Relocate Start 0.004ms
[12.305s][info][gc,phases   ] GC(40) Concurrent Relocate 0.086ms
[12.305s][info][gc,load     ] GC(40) Load: 0.00/0.00/0.00
[12.305s][info][gc,mmu      ] GC(40) MMU: 2ms/99.3%, 5ms/99.6%, 10ms/99.8%, 20ms/99.9%, 50ms/99.9%, 100ms/100.0%
[12.305s][info][gc,marking  ] GC(40) Mark: 2 stripe(s), 3 proactive flush(es), 1 terminate flush(es), 0 completion(s), 0 continuation(s) 
[12.306s][info][gc,marking  ] GC(40) Mark Stack Usage: 32M
[12.306s][info][gc,nmethod  ] GC(40) NMethods: 478 registered, 0 unregistered
[12.306s][info][gc,metaspace] GC(40) Metaspace: 1M used, 1M committed, 1088M reserved
[12.306s][info][gc,ref      ] GC(40) Soft: 181 encountered, 0 discovered, 0 enqueued
[12.306s][info][gc,ref      ] GC(40) Weak: 263 encountered, 95 discovered, 0 enqueued
[12.306s][info][gc,ref      ] GC(40) Final: 0 encountered, 0 discovered, 0 enqueued
[12.306s][info][gc,ref      ] GC(40) Phantom: 7 encountered, 3 discovered, 0 enqueued
[12.306s][info][gc,reloc    ] GC(40) Small Pages: 1361 / 2722M, Empty: 0M, Relocated: 0M, In-Place: 0
[12.306s][info][gc,reloc    ] GC(40) Medium Pages: 1 / 32M, Empty: 0M, Relocated: 0M, In-Place: 0
[12.306s][info][gc,reloc    ] GC(40) Large Pages: 0 / 0M, Empty: 0M, Relocated: 0M, In-Place: 0
[12.306s][info][gc,reloc    ] GC(40) Forwarding Usage: 0M
[12.306s][info][gc,heap     ] GC(40) Min Capacity: 4096M(100%)
[12.306s][info][gc,heap     ] GC(40) Max Capacity: 4096M(100%)
[12.306s][info][gc,heap     ] GC(40) Soft Max Capacity: 4096M(100%)
[12.306s][info][gc,heap     ] GC(40)                Mark Start          Mark End        Relocate Start      Relocate End           High               Low         
[12.306s][info][gc,heap     ] GC(40)  Capacity:     4096M (100%)       4096M (100%)       4096M (100%)       4096M (100%)       4096M (100%)       4096M (100%)   
[12.306s][info][gc,heap     ] GC(40)      Free:     1342M (33%)        1342M (33%)        1342M (33%)        1342M (33%)        1342M (33%)        1342M (33%)    
[12.306s][info][gc,heap     ] GC(40)      Used:     2754M (67%)        2754M (67%)        2754M (67%)        2754M (67%)        2754M (67%)        2754M (67%)    
[12.306s][info][gc,heap     ] GC(40)      Live:         -              2471M (60%)        2471M (60%)        2471M (60%)            -                  -          
[12.306s][info][gc,heap     ] GC(40) Allocated:         -                 0M (0%)            0M (0%)            0M (0%)             -                  -          
[12.306s][info][gc,heap     ] GC(40)   Garbage:         -               282M (7%)          282M (7%)          282M (7%)             -                  -          
[12.306s][info][gc,heap     ] GC(40) Reclaimed:         -                  -                 0M (0%)            0M (0%)             -                  -          
[12.306s][info][gc          ] GC(40) Garbage Collection (Timer) 2754M(67%)->2754M(67%)
[12.587s][info][gc,start    ] GC(41) Garbage Collection (Timer)
[12.587s][info][gc,task     ] GC(41) Using 3 workers
[12.588s][info][gc,phases   ] GC(41) Pause Mark Start 0.006ms
[12.607s][info][gc,phases   ] GC(41) Concurrent Mark 19.301ms
[12.608s][info][gc,phases   ] GC(41) Pause Mark End 0.010ms
[12.608s][info][gc,phases   ] GC(41) Concurrent Mark Free 0.001ms
[12.608s][info][gc,phases   ] GC(41) Concurrent Process Non-Strong References 0.737ms
[12.608s][info][gc,phases   ] GC(41) Concurrent Reset Relocation Set 0.000ms
[12.611s][info][gc,phases   ] GC(41) Concurrent Select Relocation Set 2.227ms
[12.611s][info][gc,phases   ] GC(41) Pause Relocate Start 0.005ms
[12.611s][info][gc,phases   ] GC(41) Concurrent Relocate 0.269ms
[12.611s][info][gc,load     ] GC(41) Load: 0.00/0.00/0.00
[12.611s][info][gc,mmu      ] GC(41) MMU: 2ms/99.3%, 5ms/99.6%, 10ms/99.8%, 20ms/99.9%, 50ms/99.9%, 100ms/100.0%
[12.611s][info][gc,marking  ] GC(41) Mark: 2 stripe(s), 3 proactive flush(es), 1 terminate flush(es), 0 completion(s), 0 continuation(s) 
[12.611s][info][gc,marking  ] GC(41) Mark Stack Usage: 32M
[12.611s][info][gc,nmethod  ] GC(41) NMethods: 486 registered, 0 unregistered
[12.611s][info][gc,metaspace] GC(41) Metaspace: 1M used, 1M committed, 1088M reserved
[12.611s][info][gc,ref      ] GC(41) Soft: 181 encountered, 0 discovered, 0 enqueued
[12.611s][info][gc,ref      ] GC(41) Weak: 263 encountered, 131 discovered, 0 enqueued
[12.611s][info][gc,ref      ] GC(41) Final: 0 encountered, 0 discovered, 0 enqueued
[12.612s][info][gc,ref      ] GC(41) Phantom: 7 encountered, 3 discovered, 0 enqueued
[12.612s][info][gc,reloc    ] GC(41) Small Pages: 1396 / 2792M, Empty: 0M, Relocated: 0M, In-Place: 0
[12.612s][info][gc,reloc    ] GC(41) Medium Pages: 1 / 32M, Empty: 0M, Relocated: 0M, In-Place: 0
[12.612s][info][gc,reloc    ] GC(41) Large Pages: 0 / 0M, Empty: 0M, Relocated: 0M, In-Place: 0
[12.612s][info][gc,reloc    ] GC(41) Forwarding Usage: 0M
[12.612s][info][gc,heap     ] GC(41) Min Capacity: 4096M(100%)
[12.612s][info][gc,heap     ] GC(41) Max Capacity: 4096M(100%)
[12.612s][info][gc,heap     ] GC(41) Soft Max Capacity: 4096M(100%)
[12.612s][info][gc,heap     ] GC(41)                Mark Start          Mark End        Relocate Start      Relocate End           High               Low         
[12.612s][info][gc,heap     ] GC(41)  Capacity:     4096M (100%)       4096M (100%)       4096M (100%)       4096M (100%)       4096M (100%)       4096M (100%)   
[12.612s][info][gc,heap     ] GC(41)      Free:     1272M (31%)        1270M (31%)        1268M (31%)        1268M (31%)        1272M (31%)        1264M (31%)    
[12.612s][info][gc,heap     ] GC(41)      Used:     2824M (69%)        2826M (69%)        2828M (69%)        2828M (69%)        2832M (69%)        2824M (69%)    
[12.612s][info][gc,heap     ] GC(41)      Live:         -              2532M (62%)        2532M (62%)        2532M (62%)            -                  -          
[12.612s][info][gc,heap     ] GC(41) Allocated:         -                 2M (0%)            4M (0%)            4M (0%)             -                  -          
[12.612s][info][gc,heap     ] GC(41)   Garbage:         -               291M (7%)          291M (7%)          291M (7%)             -                  -          
[12.612s][info][gc,heap     ] GC(41) Reclaimed:         -                  -                 0M (0%)            0M (0%)             -                  -          
[12.612s][info][gc          ] GC(41) Garbage Collection (Timer) 2824M(69%)->2828M(69%)
[12.886s][info][gc,start    ] GC(42) Garbage Collection (Timer)
[12.886s][info][gc,task     ] GC(42) Using 3 workers
[12.886s][info][gc,phases   ] GC(42) Pause Mark Start 0.006ms
[12.905s][info][gc,phases   ] GC(42) Concurrent Mark 18.743ms
[12.905s][info][gc,phases   ] GC(42) Pause Mark End 0.009ms
[12.905s][info][gc,phases   ] GC(42) Concurrent Mark Free 0.001ms
[12.906s][info][gc,phases   ] GC(42) Concurrent Process Non-Strong References 0.878ms
[12.906s][info][gc,phases   ] GC(42) Concurrent Reset Relocation Set 0.001ms
[12.908s][info][gc,phases   ] GC(42) Concurrent Select Relocation Set 2.180ms
[12.908s][info][gc,phases   ] GC(42) Pause Relocate Start 0.005ms
[12.910s][info][gc,phases   ] GC(42) Concurrent Relocate 1.706ms
[12.910s][info][gc,load     ] GC(42) Load: 0.00/0.00/0.00
[12.910s][info][gc,mmu      ] GC(42) MMU: 2ms/99.3%, 5ms/99.6%, 10ms/99.8%, 20ms/99.9%, 50ms/99.9%, 100ms/100.0%
[12.910s][info][gc,marking  ] GC(42) Mark: 2 stripe(s), 2 proactive flush(es), 1 terminate flush(es), 0 completion(s), 0 continuation(s) 
[12.910s][info][gc,marking  ] GC(42) Mark Stack Usage: 32M
[12.910s][info][gc,nmethod  ] GC(42) NMethods: 486 registered, 0 unregistered
[12.910s][info][gc,metaspace] GC(42) Metaspace: 1M used, 1M committed, 1088M reserved
[12.910s][info][gc,ref      ] GC(42) Soft: 181 encountered, 0 discovered, 0 enqueued
[12.910s][info][gc,ref      ] GC(42) Weak: 263 encountered, 95 discovered, 0 enqueued
[12.910s][info][gc,ref      ] GC(42) Final: 0 encountered, 0 discovered, 0 enqueued
[12.910s][info][gc,ref      ] GC(42) Phantom: 7 encountered, 4 discovered, 0 enqueued
[12.910s][info][gc,reloc    ] GC(42) Small Pages: 1435 / 2870M, Empty: 0M, Relocated: 1M, In-Place: 0
[12.911s][info][gc,reloc    ] GC(42) Medium Pages: 1 / 32M, Empty: 0M, Relocated: 0M, In-Place: 0
[12.911s][info][gc,reloc    ] GC(42) Large Pages: 0 / 0M, Empty: 0M, Relocated: 0M, In-Place: 0
[12.911s][info][gc,reloc    ] GC(42) Forwarding Usage: 0M
[12.911s][info][gc,heap     ] GC(42) Min Capacity: 4096M(100%)
[12.911s][info][gc,heap     ] GC(42) Max Capacity: 4096M(100%)
[12.911s][info][gc,heap     ] GC(42) Soft Max Capacity: 4096M(100%)
[12.911s][info][gc,heap     ] GC(42)                Mark Start          Mark End        Relocate Start      Relocate End           High               Low         
[12.911s][info][gc,heap     ] GC(42)  Capacity:     4096M (100%)       4096M (100%)       4096M (100%)       4096M (100%)       4096M (100%)       4096M (100%)   
[12.911s][info][gc,heap     ] GC(42)      Free:     1194M (29%)        1192M (29%)        1192M (29%)        1194M (29%)        1194M (29%)        1186M (29%)    
[12.911s][info][gc,heap     ] GC(42)      Used:     2902M (71%)        2904M (71%)        2904M (71%)        2902M (71%)        2910M (71%)        2902M (71%)    
[12.911s][info][gc,heap     ] GC(42)      Live:         -              2602M (64%)        2602M (64%)        2602M (64%)            -                  -          
[12.911s][info][gc,heap     ] GC(42) Allocated:         -                 2M (0%)            2M (0%)            2M (0%)             -                  -          
[12.911s][info][gc,heap     ] GC(42)   Garbage:         -               299M (7%)          299M (7%)          297M (7%)             -                  -          
[12.911s][info][gc,heap     ] GC(42) Reclaimed:         -                  -                 0M (0%)            2M (0%)             -                  -          
[12.911s][info][gc          ] GC(42) Garbage Collection (Timer) 2902M(71%)->2902M(71%)
[13.186s][info][gc,start    ] GC(43) Garbage Collection (Timer)
[13.186s][info][gc,task     ] GC(43) Using 3 workers
[13.186s][info][gc,phases   ] GC(43) Pause Mark Start 0.006ms
[13.206s][info][gc,phases   ] GC(43) Concurrent Mark 19.514ms
[13.206s][info][gc,phases   ] GC(43) Pause Mark End 0.010ms
[13.206s][info][gc,phases   ] GC(43) Concurrent Mark Free 0.001ms
[13.207s][info][gc,phases   ] GC(43) Concurrent Process Non-Strong References 0.483ms
[13.207s][info][gc,phases   ] GC(43) Concurrent Reset Relocation Set 0.001ms
[13.209s][info][gc,phases   ] GC(43) Concurrent Select Relocation Set 2.234ms
[13.209s][info][gc,phases   ] GC(43) Pause Relocate Start 0.006ms
[13.210s][info][gc,phases   ] GC(43) Concurrent Relocate 1.145ms
[13.210s][info][gc,load     ] GC(43) Load: 0.00/0.00/0.00
[13.210s][info][gc,mmu      ] GC(43) MMU: 2ms/99.3%, 5ms/99.6%, 10ms/99.8%, 20ms/99.9%, 50ms/99.9%, 100ms/100.0%
[13.210s][info][gc,marking  ] GC(43) Mark: 2 stripe(s), 2 proactive flush(es), 1 terminate flush(es), 0 completion(s), 0 continuation(s) 
[13.210s][info][gc,marking  ] GC(43) Mark Stack Usage: 32M
[13.210s][info][gc,nmethod  ] GC(43) NMethods: 486 registered, 0 unregistered
[13.210s][info][gc,metaspace] GC(43) Metaspace: 1M used, 1M committed, 1088M reserved
[13.210s][info][gc,ref      ] GC(43) Soft: 181 encountered, 0 discovered, 0 enqueued
[13.210s][info][gc,ref      ] GC(43) Weak: 263 encountered, 133 discovered, 0 enqueued
[13.211s][info][gc,ref      ] GC(43) Final: 0 encountered, 0 discovered, 0 enqueued
[13.211s][info][gc,ref      ] GC(43) Phantom: 7 encountered, 2 discovered, 0 enqueued
[13.211s][info][gc,reloc    ] GC(43) Small Pages: 1477 / 2954M, Empty: 0M, Relocated: 1M, In-Place: 0
[13.211s][info][gc,reloc    ] GC(43) Medium Pages: 1 / 32M, Empty: 0M, Relocated: 0M, In-Place: 0
[13.211s][info][gc,reloc    ] GC(43) Large Pages: 0 / 0M, Empty: 0M, Relocated: 0M, In-Place: 0
[13.211s][info][gc,reloc    ] GC(43) Forwarding Usage: 0M
[13.211s][info][gc,heap     ] GC(43) Min Capacity: 4096M(100%)
[13.211s][info][gc,heap     ] GC(43) Max Capacity: 4096M(100%)
[13.211s][info][gc,heap     ] GC(43) Soft Max Capacity: 4096M(100%)
[13.211s][info][gc,heap     ] GC(43)                Mark Start          Mark End        Relocate Start      Relocate End           High               Low         
[13.211s][info][gc,heap     ] GC(43)  Capacity:     4096M (100%)       4096M (100%)       4096M (100%)       4096M (100%)       4096M (100%)       4096M (100%)   
[13.211s][info][gc,heap     ] GC(43)      Free:     1110M (27%)        1108M (27%)        1108M (27%)        1108M (27%)        1110M (27%)        1102M (27%)    
[13.211s][info][gc,heap     ] GC(43)      Used:     2986M (73%)        2988M (73%)        2988M (73%)        2988M (73%)        2994M (73%)        2986M (73%)    
[13.211s][info][gc,heap     ] GC(43)      Live:         -              2679M (65%)        2679M (65%)        2679M (65%)            -                  -          
[13.211s][info][gc,heap     ] GC(43) Allocated:         -                 2M (0%)            2M (0%)            2M (0%)             -                  -          
[13.211s][info][gc,heap     ] GC(43)   Garbage:         -               306M (7%)          306M (7%)          306M (7%)             -                  -          
[13.211s][info][gc,heap     ] GC(43) Reclaimed:         -                  -                 0M (0%)            0M (0%)             -                  -          
[13.211s][info][gc          ] GC(43) Garbage Collection (Timer) 2986M(73%)->2988M(73%)
[13.487s][info][gc,start    ] GC(44) Garbage Collection (Timer)
[13.487s][info][gc,task     ] GC(44) Using 3 workers
[13.487s][info][gc,phases   ] GC(44) Pause Mark Start 0.006ms
[13.509s][info][gc,phases   ] GC(44) Concurrent Mark 22.180ms
[13.509s][info][gc,phases   ] GC(44) Pause Mark End 0.009ms
[13.509s][info][gc,phases   ] GC(44) Concurrent Mark Free 0.001ms
[13.510s][info][gc,phases   ] GC(44) Concurrent Process Non-Strong References 0.639ms
[13.510s][info][gc,phases   ] GC(44) Concurrent Reset Relocation Set 0.001ms
[13.512s][info][gc,phases   ] GC(44) Concurrent Select Relocation Set 2.236ms
[13.512s][info][gc,phases   ] GC(44) Pause Relocate Start 0.005ms
[13.514s][info][gc,phases   ] GC(44) Concurrent Relocate 1.502ms
[13.514s][info][gc,load     ] GC(44) Load: 0.00/0.00/0.00
[13.514s][info][gc,mmu      ] GC(44) MMU: 2ms/99.3%, 5ms/99.6%, 10ms/99.8%, 20ms/99.9%, 50ms/99.9%, 100ms/100.0%
[13.514s][info][gc,marking  ] GC(44) Mark: 2 stripe(s), 4 proactive flush(es), 1 terminate flush(es), 0 completion(s), 0 continuation(s) 
[13.514s][info][gc,marking  ] GC(44) Mark Stack Usage: 32M
[13.514s][info][gc,nmethod  ] GC(44) NMethods: 486 registered, 0 unregistered
[13.514s][info][gc,metaspace] GC(44) Metaspace: 1M used, 1M committed, 1088M reserved
[13.514s][info][gc,ref      ] GC(44) Soft: 181 encountered, 0 discovered, 0 enqueued
[13.514s][info][gc,ref      ] GC(44) Weak: 263 encountered, 132 discovered, 0 enqueued
[13.514s][info][gc,ref      ] GC(44) Final: 0 encountered, 0 discovered, 0 enqueued
[13.514s][info][gc,ref      ] GC(44) Phantom: 7 encountered, 2 discovered, 0 enqueued
[13.514s][info][gc,reloc    ] GC(44) Small Pages: 1519 / 3038M, Empty: 0M, Relocated: 1M, In-Place: 0
[13.514s][info][gc,reloc    ] GC(44) Medium Pages: 1 / 32M, Empty: 0M, Relocated: 0M, In-Place: 0
[13.514s][info][gc,reloc    ] GC(44) Large Pages: 0 / 0M, Empty: 0M, Relocated: 0M, In-Place: 0
[13.514s][info][gc,reloc    ] GC(44) Forwarding Usage: 0M
[13.514s][info][gc,heap     ] GC(44) Min Capacity: 4096M(100%)
[13.514s][info][gc,heap     ] GC(44) Max Capacity: 4096M(100%)
[13.514s][info][gc,heap     ] GC(44) Soft Max Capacity: 4096M(100%)
[13.514s][info][gc,heap     ] GC(44)                Mark Start          Mark End        Relocate Start      Relocate End           High               Low         
[13.514s][info][gc,heap     ] GC(44)  Capacity:     4096M (100%)       4096M (100%)       4096M (100%)       4096M (100%)       4096M (100%)       4096M (100%)   
[13.514s][info][gc,heap     ] GC(44)      Free:     1026M (25%)        1024M (25%)        1024M (25%)        1024M (25%)        1026M (25%)        1018M (25%)    
[13.514s][info][gc,heap     ] GC(44)      Used:     3070M (75%)        3072M (75%)        3072M (75%)        3072M (75%)        3078M (75%)        3070M (75%)    
[13.515s][info][gc,heap     ] GC(44)      Live:         -              2755M (67%)        2755M (67%)        2755M (67%)            -                  -          
[13.515s][info][gc,heap     ] GC(44) Allocated:         -                 2M (0%)            2M (0%)            2M (0%)             -                  -          
[13.515s][info][gc,heap     ] GC(44)   Garbage:         -               314M (8%)          314M (8%)          314M (8%)             -                  -          
[13.515s][info][gc,heap     ] GC(44) Reclaimed:         -                  -                 0M (0%)            0M (0%)             -                  -          
[13.515s][info][gc          ] GC(44) Garbage Collection (Timer) 3070M(75%)->3072M(75%)
[13.787s][info][gc,start    ] GC(45) Garbage Collection (Timer)
[13.787s][info][gc,task     ] GC(45) Using 3 workers
[13.787s][info][gc,phases   ] GC(45) Pause Mark Start 0.005ms
[13.807s][info][gc,phases   ] GC(45) Concurrent Mark 19.898ms
[13.807s][info][gc,phases   ] GC(45) Pause Mark End 0.010ms
[13.807s][info][gc,phases   ] GC(45) Concurrent Mark Free 0.001ms
[13.808s][info][gc,phases   ] GC(45) Concurrent Process Non-Strong References 0.544ms
[13.808s][info][gc,phases   ] GC(45) Concurrent Reset Relocation Set 0.001ms
[13.810s][info][gc,phases   ] GC(45) Concurrent Select Relocation Set 2.271ms
[13.810s][info][gc,phases   ] GC(45) Pause Relocate Start 0.004ms
[13.812s][info][gc,phases   ] GC(45) Concurrent Relocate 1.925ms
[13.813s][info][gc,load     ] GC(45) Load: 0.00/0.00/0.00
[13.813s][info][gc,mmu      ] GC(45) MMU: 2ms/99.3%, 5ms/99.6%, 10ms/99.8%, 20ms/99.9%, 50ms/99.9%, 100ms/100.0%
[13.813s][info][gc,marking  ] GC(45) Mark: 2 stripe(s), 2 proactive flush(es), 1 terminate flush(es), 0 completion(s), 0 continuation(s) 
[13.813s][info][gc,marking  ] GC(45) Mark Stack Usage: 32M
[13.813s][info][gc,nmethod  ] GC(45) NMethods: 487 registered, 0 unregistered
[13.813s][info][gc,metaspace] GC(45) Metaspace: 1M used, 1M committed, 1088M reserved
[13.813s][info][gc,ref      ] GC(45) Soft: 181 encountered, 0 discovered, 0 enqueued
[13.813s][info][gc,ref      ] GC(45) Weak: 263 encountered, 132 discovered, 0 enqueued
[13.813s][info][gc,ref      ] GC(45) Final: 0 encountered, 0 discovered, 0 enqueued
[13.813s][info][gc,ref      ] GC(45) Phantom: 7 encountered, 3 discovered, 0 enqueued
[13.813s][info][gc,reloc    ] GC(45) Small Pages: 1554 / 3108M, Empty: 0M, Relocated: 1M, In-Place: 0
[13.813s][info][gc,reloc    ] GC(45) Medium Pages: 1 / 32M, Empty: 0M, Relocated: 0M, In-Place: 0
[13.813s][info][gc,reloc    ] GC(45) Large Pages: 0 / 0M, Empty: 0M, Relocated: 0M, In-Place: 0
[13.813s][info][gc,reloc    ] GC(45) Forwarding Usage: 0M
[13.813s][info][gc,heap     ] GC(45) Min Capacity: 4096M(100%)
[13.813s][info][gc,heap     ] GC(45) Max Capacity: 4096M(100%)
[13.813s][info][gc,heap     ] GC(45) Soft Max Capacity: 4096M(100%)
[13.813s][info][gc,heap     ] GC(45)                Mark Start          Mark End        Relocate Start      Relocate End           High               Low         
[13.813s][info][gc,heap     ] GC(45)  Capacity:     4096M (100%)       4096M (100%)       4096M (100%)       4096M (100%)       4096M (100%)       4096M (100%)   
[13.813s][info][gc,heap     ] GC(45)      Free:      956M (23%)         954M (23%)         954M (23%)         954M (23%)         956M (23%)         948M (23%)    
[13.813s][info][gc,heap     ] GC(45)      Used:     3140M (77%)        3142M (77%)        3142M (77%)        3142M (77%)        3148M (77%)        3140M (77%)    
[13.813s][info][gc,heap     ] GC(45)      Live:         -              2819M (69%)        2819M (69%)        2819M (69%)            -                  -          
[13.813s][info][gc,heap     ] GC(45) Allocated:         -                 2M (0%)            2M (0%)            2M (0%)             -                  -          
[13.813s][info][gc,heap     ] GC(45)   Garbage:         -               320M (8%)          320M (8%)          320M (8%)             -                  -          
[13.813s][info][gc,heap     ] GC(45) Reclaimed:         -                  -                 0M (0%)            0M (0%)             -                  -          
[13.813s][info][gc          ] GC(45) Garbage Collection (Timer) 3140M(77%)->3142M(77%)
[14.086s][info][gc,start    ] GC(46) Garbage Collection (Timer)
[14.086s][info][gc,task     ] GC(46) Using 3 workers
[14.086s][info][gc,phases   ] GC(46) Pause Mark Start 0.006ms
[14.108s][info][gc,phases   ] GC(46) Concurrent Mark 21.730ms
[14.108s][info][gc,phases   ] GC(46) Pause Mark End 0.011ms
[14.108s][info][gc,phases   ] GC(46) Concurrent Mark Free 0.001ms
[14.109s][info][gc,phases   ] GC(46) Concurrent Process Non-Strong References 0.521ms
[14.109s][info][gc,phases   ] GC(46) Concurrent Reset Relocation Set 0.001ms
[14.112s][info][gc,phases   ] GC(46) Concurrent Select Relocation Set 2.687ms
[14.112s][info][gc,phases   ] GC(46) Pause Relocate Start 0.008ms
[14.114s][info][gc,phases   ] GC(46) Concurrent Relocate 1.879ms
[14.114s][info][gc,load     ] GC(46) Load: 0.00/0.00/0.00
[14.114s][info][gc,mmu      ] GC(46) MMU: 2ms/99.3%, 5ms/99.6%, 10ms/99.8%, 20ms/99.9%, 50ms/99.9%, 100ms/100.0%
[14.114s][info][gc,marking  ] GC(46) Mark: 2 stripe(s), 4 proactive flush(es), 1 terminate flush(es), 0 completion(s), 0 continuation(s) 
[14.114s][info][gc,marking  ] GC(46) Mark Stack Usage: 32M
[14.114s][info][gc,nmethod  ] GC(46) NMethods: 487 registered, 0 unregistered
[14.114s][info][gc,metaspace] GC(46) Metaspace: 1M used, 1M committed, 1088M reserved
[14.114s][info][gc,ref      ] GC(46) Soft: 181 encountered, 0 discovered, 0 enqueued
[14.114s][info][gc,ref      ] GC(46) Weak: 263 encountered, 131 discovered, 0 enqueued
[14.114s][info][gc,ref      ] GC(46) Final: 0 encountered, 0 discovered, 0 enqueued
[14.114s][info][gc,ref      ] GC(46) Phantom: 7 encountered, 2 discovered, 0 enqueued
[14.114s][info][gc,reloc    ] GC(46) Small Pages: 1585 / 3170M, Empty: 0M, Relocated: 1M, In-Place: 0
[14.114s][info][gc,reloc    ] GC(46) Medium Pages: 1 / 32M, Empty: 0M, Relocated: 0M, In-Place: 0
[14.114s][info][gc,reloc    ] GC(46) Large Pages: 0 / 0M, Empty: 0M, Relocated: 0M, In-Place: 0
[14.114s][info][gc,reloc    ] GC(46) Forwarding Usage: 0M
[14.114s][info][gc,heap     ] GC(46) Min Capacity: 4096M(100%)
[14.114s][info][gc,heap     ] GC(46) Max Capacity: 4096M(100%)
[14.114s][info][gc,heap     ] GC(46) Soft Max Capacity: 4096M(100%)
[14.114s][info][gc,heap     ] GC(46)                Mark Start          Mark End        Relocate Start      Relocate End           High               Low         
[14.114s][info][gc,heap     ] GC(46)  Capacity:     4096M (100%)       4096M (100%)       4096M (100%)       4096M (100%)       4096M (100%)       4096M (100%)   
[14.114s][info][gc,heap     ] GC(46)      Free:      894M (22%)         892M (22%)         892M (22%)         894M (22%)         894M (22%)         886M (22%)    
[14.114s][info][gc,heap     ] GC(46)      Used:     3202M (78%)        3204M (78%)        3204M (78%)        3202M (78%)        3210M (78%)        3202M (78%)    
[14.115s][info][gc,heap     ] GC(46)      Live:         -              2873M (70%)        2873M (70%)        2873M (70%)            -                  -          
[14.115s][info][gc,heap     ] GC(46) Allocated:         -                 2M (0%)            2M (0%)            1M (0%)             -                  -          
[14.115s][info][gc,heap     ] GC(46)   Garbage:         -               328M (8%)          328M (8%)          326M (8%)             -                  -          
[14.115s][info][gc,heap     ] GC(46) Reclaimed:         -                  -                 0M (0%)            1M (0%)             -                  -          
[14.115s][info][gc          ] GC(46) Garbage Collection (Timer) 3202M(78%)->3202M(78%)
[14.386s][info][gc,start    ] GC(47) Garbage Collection (Timer)
[14.386s][info][gc,task     ] GC(47) Using 3 workers
[14.386s][info][gc,phases   ] GC(47) Pause Mark Start 0.006ms
[14.407s][info][gc,phases   ] GC(47) Concurrent Mark 20.915ms
[14.407s][info][gc,phases   ] GC(47) Pause Mark End 0.010ms
[14.407s][info][gc,phases   ] GC(47) Concurrent Mark Free 0.001ms
[14.408s][info][gc,phases   ] GC(47) Concurrent Process Non-Strong References 0.679ms
[14.408s][info][gc,phases   ] GC(47) Concurrent Reset Relocation Set 0.001ms
[14.411s][info][gc,phases   ] GC(47) Concurrent Select Relocation Set 2.259ms
[14.411s][info][gc,phases   ] GC(47) Pause Relocate Start 0.004ms
[14.412s][info][gc,phases   ] GC(47) Concurrent Relocate 1.487ms
[14.412s][info][gc,load     ] GC(47) Load: 0.00/0.00/0.00
[14.412s][info][gc,mmu      ] GC(47) MMU: 2ms/99.3%, 5ms/99.6%, 10ms/99.8%, 20ms/99.9%, 50ms/99.9%, 100ms/100.0%
[14.412s][info][gc,marking  ] GC(47) Mark: 2 stripe(s), 2 proactive flush(es), 1 terminate flush(es), 0 completion(s), 0 continuation(s) 
[14.412s][info][gc,marking  ] GC(47) Mark Stack Usage: 32M
[14.412s][info][gc,nmethod  ] GC(47) NMethods: 487 registered, 0 unregistered
[14.412s][info][gc,metaspace] GC(47) Metaspace: 1M used, 1M committed, 1088M reserved
[14.412s][info][gc,ref      ] GC(47) Soft: 181 encountered, 0 discovered, 0 enqueued
[14.412s][info][gc,ref      ] GC(47) Weak: 263 encountered, 93 discovered, 0 enqueued
[14.412s][info][gc,ref      ] GC(47) Final: 0 encountered, 0 discovered, 0 enqueued
[14.413s][info][gc,ref      ] GC(47) Phantom: 7 encountered, 4 discovered, 0 enqueued
[14.413s][info][gc,reloc    ] GC(47) Small Pages: 1610 / 3220M, Empty: 0M, Relocated: 1M, In-Place: 0
[14.413s][info][gc,reloc    ] GC(47) Medium Pages: 1 / 32M, Empty: 0M, Relocated: 0M, In-Place: 0
[14.413s][info][gc,reloc    ] GC(47) Large Pages: 0 / 0M, Empty: 0M, Relocated: 0M, In-Place: 0
[14.413s][info][gc,reloc    ] GC(47) Forwarding Usage: 0M
[14.413s][info][gc,heap     ] GC(47) Min Capacity: 4096M(100%)
[14.413s][info][gc,heap     ] GC(47) Max Capacity: 4096M(100%)
[14.413s][info][gc,heap     ] GC(47) Soft Max Capacity: 4096M(100%)
[14.413s][info][gc,heap     ] GC(47)                Mark Start          Mark End        Relocate Start      Relocate End           High               Low         
[14.413s][info][gc,heap     ] GC(47)  Capacity:     4096M (100%)       4096M (100%)       4096M (100%)       4096M (100%)       4096M (100%)       4096M (100%)   
[14.413s][info][gc,heap     ] GC(47)      Free:      844M (21%)         842M (21%)         842M (21%)         842M (21%)         844M (21%)         836M (20%)    
[14.413s][info][gc,heap     ] GC(47)      Used:     3252M (79%)        3254M (79%)        3254M (79%)        3254M (79%)        3260M (80%)        3252M (79%)    
[14.413s][info][gc,heap     ] GC(47)      Live:         -              2920M (71%)        2920M (71%)        2920M (71%)            -                  -          
[14.413s][info][gc,heap     ] GC(47) Allocated:         -                 2M (0%)            2M (0%)            2M (0%)             -                  -          
[14.413s][info][gc,heap     ] GC(47)   Garbage:         -               331M (8%)          331M (8%)          331M (8%)             -                  -          
[14.413s][info][gc,heap     ] GC(47) Reclaimed:         -                  -                 0M (0%)            0M (0%)             -                  -          
[14.413s][info][gc          ] GC(47) Garbage Collection (Timer) 3252M(79%)->3254M(79%)
[14.687s][info][gc,start    ] GC(48) Garbage Collection (Timer)
[14.687s][info][gc,task     ] GC(48) Using 3 workers
[14.687s][info][gc,phases   ] GC(48) Pause Mark Start 0.005ms
[14.709s][info][gc,phases   ] GC(48) Concurrent Mark 22.062ms
[14.709s][info][gc,phases   ] GC(48) Pause Mark End 0.009ms
[14.709s][info][gc,phases   ] GC(48) Concurrent Mark Free 0.001ms
[14.710s][info][gc,phases   ] GC(48) Concurrent Process Non-Strong References 0.557ms
[14.710s][info][gc,phases   ] GC(48) Concurrent Reset Relocation Set 0.001ms
[14.713s][info][gc,phases   ] GC(48) Concurrent Select Relocation Set 2.685ms
[14.713s][info][gc,phases   ] GC(48) Pause Relocate Start 0.005ms
[14.715s][info][gc,phases   ] GC(48) Concurrent Relocate 2.198ms
[14.715s][info][gc,load     ] GC(48) Load: 0.00/0.00/0.00
[14.715s][info][gc,mmu      ] GC(48) MMU: 2ms/99.3%, 5ms/99.6%, 10ms/99.8%, 20ms/99.9%, 50ms/99.9%, 100ms/100.0%
[14.715s][info][gc,marking  ] GC(48) Mark: 2 stripe(s), 4 proactive flush(es), 1 terminate flush(es), 0 completion(s), 0 continuation(s) 
[14.715s][info][gc,marking  ] GC(48) Mark Stack Usage: 32M
[14.715s][info][gc,nmethod  ] GC(48) NMethods: 487 registered, 0 unregistered
[14.715s][info][gc,metaspace] GC(48) Metaspace: 1M used, 1M committed, 1088M reserved
[14.715s][info][gc,ref      ] GC(48) Soft: 181 encountered, 0 discovered, 0 enqueued
[14.715s][info][gc,ref      ] GC(48) Weak: 263 encountered, 131 discovered, 0 enqueued
[14.715s][info][gc,ref      ] GC(48) Final: 0 encountered, 0 discovered, 0 enqueued
[14.715s][info][gc,ref      ] GC(48) Phantom: 7 encountered, 2 discovered, 0 enqueued
[14.715s][info][gc,reloc    ] GC(48) Small Pages: 1646 / 3292M, Empty: 0M, Relocated: 1M, In-Place: 0
[14.715s][info][gc,reloc    ] GC(48) Medium Pages: 2 / 64M, Empty: 32M, Relocated: 0M, In-Place: 0
[14.715s][info][gc,reloc    ] GC(48) Large Pages: 0 / 0M, Empty: 0M, Relocated: 0M, In-Place: 0
[14.715s][info][gc,reloc    ] GC(48) Forwarding Usage: 0M
[14.715s][info][gc,heap     ] GC(48) Min Capacity: 4096M(100%)
[14.715s][info][gc,heap     ] GC(48) Max Capacity: 4096M(100%)
[14.715s][info][gc,heap     ] GC(48) Soft Max Capacity: 4096M(100%)
[14.716s][info][gc,heap     ] GC(48)                Mark Start          Mark End        Relocate Start      Relocate End           High               Low         
[14.716s][info][gc,heap     ] GC(48)  Capacity:     4096M (100%)       4096M (100%)       4096M (100%)       4096M (100%)       4096M (100%)       4096M (100%)   
[14.716s][info][gc,heap     ] GC(48)      Free:      740M (18%)         738M (18%)         770M (19%)         770M (19%)         770M (19%)         738M (18%)    
[14.716s][info][gc,heap     ] GC(48)      Used:     3356M (82%)        3358M (82%)        3326M (81%)        3326M (81%)        3358M (82%)        3326M (81%)    
[14.716s][info][gc,heap     ] GC(48)      Live:         -              2986M (73%)        2986M (73%)        2986M (73%)            -                  -          
[14.716s][info][gc,heap     ] GC(48) Allocated:         -                 2M (0%)            2M (0%)            2M (0%)             -                  -          
[14.716s][info][gc,heap     ] GC(48)   Garbage:         -               369M (9%)          337M (8%)          337M (8%)             -                  -          
[14.716s][info][gc,heap     ] GC(48) Reclaimed:         -                  -                32M (1%)           32M (1%)             -                  -          
[14.716s][info][gc          ] GC(48) Garbage Collection (Timer) 3356M(82%)->3326M(81%)
[14.986s][info][gc,start    ] GC(49) Garbage Collection (Timer)
[14.986s][info][gc,task     ] GC(49) Using 3 workers
[14.986s][info][gc,phases   ] GC(49) Pause Mark Start 0.005ms
[15.009s][info][gc,phases   ] GC(49) Concurrent Mark 22.569ms
[15.009s][info][gc,phases   ] GC(49) Pause Mark End 0.009ms
[15.009s][info][gc,phases   ] GC(49) Concurrent Mark Free 0.001ms
[15.010s][info][gc,phases   ] GC(49) Concurrent Process Non-Strong References 0.779ms
[15.010s][info][gc,phases   ] GC(49) Concurrent Reset Relocation Set 0.001ms
[15.012s][info][gc,phases   ] GC(49) Concurrent Select Relocation Set 2.246ms
[15.015s][info][gc,phases   ] GC(49) Pause Relocate Start 0.006ms
[15.016s][info][gc,phases   ] GC(49) Concurrent Relocate 1.238ms
[15.016s][info][gc,load     ] GC(49) Load: 0.00/0.00/0.00
[15.016s][info][gc,mmu      ] GC(49) MMU: 2ms/99.3%, 5ms/99.6%, 10ms/99.8%, 20ms/99.9%, 50ms/99.9%, 100ms/100.0%
[15.016s][info][gc,marking  ] GC(49) Mark: 2 stripe(s), 3 proactive flush(es), 1 terminate flush(es), 0 completion(s), 0 continuation(s) 
[15.016s][info][gc,marking  ] GC(49) Mark Stack Usage: 32M
[15.016s][info][gc,nmethod  ] GC(49) NMethods: 487 registered, 0 unregistered
[15.016s][info][gc,metaspace] GC(49) Metaspace: 1M used, 1M committed, 1088M reserved
[15.016s][info][gc,ref      ] GC(49) Soft: 181 encountered, 0 discovered, 0 enqueued
[15.016s][info][gc,ref      ] GC(49) Weak: 263 encountered, 116 discovered, 0 enqueued
[15.016s][info][gc,ref      ] GC(49) Final: 0 encountered, 0 discovered, 0 enqueued
[15.016s][info][gc,ref      ] GC(49) Phantom: 7 encountered, 3 discovered, 0 enqueued
[15.016s][info][gc,reloc    ] GC(49) Small Pages: 1683 / 3366M, Empty: 0M, Relocated: 1M, In-Place: 0
[15.016s][info][gc,reloc    ] GC(49) Medium Pages: 1 / 32M, Empty: 0M, Relocated: 0M, In-Place: 0
[15.016s][info][gc,reloc    ] GC(49) Large Pages: 0 / 0M, Empty: 0M, Relocated: 0M, In-Place: 0
[15.016s][info][gc,reloc    ] GC(49) Forwarding Usage: 0M
[15.016s][info][gc,heap     ] GC(49) Min Capacity: 4096M(100%)
[15.016s][info][gc,heap     ] GC(49) Max Capacity: 4096M(100%)
[15.016s][info][gc,heap     ] GC(49) Soft Max Capacity: 4096M(100%)
[15.016s][info][gc,heap     ] GC(49)                Mark Start          Mark End        Relocate Start      Relocate End           High               Low         
[15.016s][info][gc,heap     ] GC(49)  Capacity:     4096M (100%)       4096M (100%)       4096M (100%)       4096M (100%)       4096M (100%)       4096M (100%)   
[15.016s][info][gc,heap     ] GC(49)      Free:      698M (17%)         696M (17%)         696M (17%)         696M (17%)         698M (17%)         690M (17%)    
[15.016s][info][gc,heap     ] GC(49)      Used:     3398M (83%)        3400M (83%)        3400M (83%)        3400M (83%)        3406M (83%)        3398M (83%)    
[15.016s][info][gc,heap     ] GC(49)      Live:         -              3053M (75%)        3053M (75%)        3053M (75%)            -                  -          
[15.017s][info][gc,heap     ] GC(49) Allocated:         -                 2M (0%)            2M (0%)            2M (0%)             -                  -          
[15.017s][info][gc,heap     ] GC(49)   Garbage:         -               344M (8%)          344M (8%)          344M (8%)             -                  -          
[15.017s][info][gc,heap     ] GC(49) Reclaimed:         -                  -                 0M (0%)            0M (0%)             -                  -          
[15.017s][info][gc          ] GC(49) Garbage Collection (Timer) 3398M(83%)->3400M(83%)
[15.286s][info][gc,start    ] GC(50) Garbage Collection (Timer)
[15.286s][info][gc,task     ] GC(50) Using 3 workers
[15.286s][info][gc,phases   ] GC(50) Pause Mark Start 0.006ms
[15.311s][info][gc,phases   ] GC(50) Concurrent Mark 24.797ms
[15.311s][info][gc,phases   ] GC(50) Pause Mark End 0.011ms
[15.312s][info][gc,phases   ] GC(50) Concurrent Mark Free 0.001ms
[15.312s][info][gc,phases   ] GC(50) Concurrent Process Non-Strong References 0.833ms
[15.312s][info][gc,phases   ] GC(50) Concurrent Reset Relocation Set 0.001ms
[15.315s][info][gc,phases   ] GC(50) Concurrent Select Relocation Set 2.109ms
[15.315s][info][gc,phases   ] GC(50) Pause Relocate Start 0.005ms
[15.316s][info][gc,phases   ] GC(50) Concurrent Relocate 1.657ms
[15.317s][info][gc,load     ] GC(50) Load: 0.00/0.00/0.00
[15.317s][info][gc,mmu      ] GC(50) MMU: 2ms/99.3%, 5ms/99.6%, 10ms/99.8%, 20ms/99.9%, 50ms/99.9%, 100ms/100.0%
[15.317s][info][gc,marking  ] GC(50) Mark: 2 stripe(s), 9 proactive flush(es), 1 terminate flush(es), 0 completion(s), 0 continuation(s) 
[15.317s][info][gc,marking  ] GC(50) Mark Stack Usage: 32M
[15.317s][info][gc,nmethod  ] GC(50) NMethods: 487 registered, 0 unregistered
[15.317s][info][gc,metaspace] GC(50) Metaspace: 1M used, 1M committed, 1088M reserved
[15.317s][info][gc,ref      ] GC(50) Soft: 181 encountered, 0 discovered, 0 enqueued
[15.317s][info][gc,ref      ] GC(50) Weak: 263 encountered, 136 discovered, 0 enqueued
[15.317s][info][gc,ref      ] GC(50) Final: 0 encountered, 0 discovered, 0 enqueued
[15.317s][info][gc,ref      ] GC(50) Phantom: 7 encountered, 4 discovered, 0 enqueued
[15.317s][info][gc,reloc    ] GC(50) Small Pages: 1703 / 3406M, Empty: 0M, Relocated: 1M, In-Place: 0
[15.317s][info][gc,reloc    ] GC(50) Medium Pages: 1 / 32M, Empty: 0M, Relocated: 0M, In-Place: 0
[15.317s][info][gc,reloc    ] GC(50) Large Pages: 0 / 0M, Empty: 0M, Relocated: 0M, In-Place: 0
[15.317s][info][gc,reloc    ] GC(50) Forwarding Usage: 0M
[15.317s][info][gc,heap     ] GC(50) Min Capacity: 4096M(100%)
[15.317s][info][gc,heap     ] GC(50) Max Capacity: 4096M(100%)
[15.317s][info][gc,heap     ] GC(50) Soft Max Capacity: 4096M(100%)
[15.317s][info][gc,heap     ] GC(50)                Mark Start          Mark End        Relocate Start      Relocate End           High               Low         
[15.317s][info][gc,heap     ] GC(50)  Capacity:     4096M (100%)       4096M (100%)       4096M (100%)       4096M (100%)       4096M (100%)       4096M (100%)   
[15.317s][info][gc,heap     ] GC(50)      Free:      658M (16%)         658M (16%)         658M (16%)         658M (16%)         658M (16%)         652M (16%)    
[15.317s][info][gc,heap     ] GC(50)      Used:     3438M (84%)        3438M (84%)        3438M (84%)        3438M (84%)        3444M (84%)        3438M (84%)    
[15.317s][info][gc,heap     ] GC(50)      Live:         -              3088M (75%)        3088M (75%)        3088M (75%)            -                  -          
[15.317s][info][gc,heap     ] GC(50) Allocated:         -                 0M (0%)            0M (0%)            0M (0%)             -                  -          
[15.317s][info][gc,heap     ] GC(50)   Garbage:         -               349M (9%)          349M (9%)          349M (9%)             -                  -          
[15.317s][info][gc,heap     ] GC(50) Reclaimed:         -                  -                 0M (0%)            0M (0%)             -                  -          
[15.317s][info][gc          ] GC(50) Garbage Collection (Timer) 3438M(84%)->3438M(84%)
[15.586s][info][gc,start    ] GC(51) Garbage Collection (Timer)
[15.586s][info][gc,task     ] GC(51) Using 3 workers
[15.586s][info][gc,phases   ] GC(51) Pause Mark Start 0.005ms
[15.606s][info][gc,phases   ] GC(51) Concurrent Mark 19.902ms
[15.606s][info][gc,phases   ] GC(51) Pause Mark End 0.011ms
[15.606s][info][gc,phases   ] GC(51) Concurrent Mark Free 0.001ms
[15.607s][info][gc,phases   ] GC(51) Concurrent Process Non-Strong References 0.810ms
[15.607s][info][gc,phases   ] GC(51) Concurrent Reset Relocation Set 0.001ms
[15.609s][info][gc,phases   ] GC(51) Concurrent Select Relocation Set 2.175ms
[15.609s][info][gc,phases   ] GC(51) Pause Relocate Start 0.005ms
[15.611s][info][gc,phases   ] GC(51) Concurrent Relocate 1.576ms
[15.611s][info][gc,load     ] GC(51) Load: 0.00/0.00/0.00
[15.611s][info][gc,mmu      ] GC(51) MMU: 2ms/99.3%, 5ms/99.6%, 10ms/99.8%, 20ms/99.9%, 50ms/99.9%, 100ms/100.0%
[15.611s][info][gc,marking  ] GC(51) Mark: 2 stripe(s), 2 proactive flush(es), 1 terminate flush(es), 0 completion(s), 0 continuation(s) 
[15.611s][info][gc,marking  ] GC(51) Mark Stack Usage: 32M
[15.611s][info][gc,nmethod  ] GC(51) NMethods: 487 registered, 0 unregistered
[15.611s][info][gc,metaspace] GC(51) Metaspace: 1M used, 1M committed, 1088M reserved
[15.611s][info][gc,ref      ] GC(51) Soft: 181 encountered, 0 discovered, 0 enqueued
[15.611s][info][gc,ref      ] GC(51) Weak: 263 encountered, 121 discovered, 0 enqueued
[15.611s][info][gc,ref      ] GC(51) Final: 0 encountered, 0 discovered, 0 enqueued
[15.611s][info][gc,ref      ] GC(51) Phantom: 7 encountered, 3 discovered, 0 enqueued
[15.612s][info][gc,reloc    ] GC(51) Small Pages: 1703 / 3406M, Empty: 0M, Relocated: 1M, In-Place: 0
[15.612s][info][gc,reloc    ] GC(51) Medium Pages: 1 / 32M, Empty: 0M, Relocated: 0M, In-Place: 0
[15.612s][info][gc,reloc    ] GC(51) Large Pages: 0 / 0M, Empty: 0M, Relocated: 0M, In-Place: 0
[15.612s][info][gc,reloc    ] GC(51) Forwarding Usage: 0M
[15.612s][info][gc,heap     ] GC(51) Min Capacity: 4096M(100%)
[15.612s][info][gc,heap     ] GC(51) Max Capacity: 4096M(100%)
[15.612s][info][gc,heap     ] GC(51) Soft Max Capacity: 4096M(100%)
[15.612s][info][gc,heap     ] GC(51)                Mark Start          Mark End        Relocate Start      Relocate End           High               Low         
[15.612s][info][gc,heap     ] GC(51)  Capacity:     4096M (100%)       4096M (100%)       4096M (100%)       4096M (100%)       4096M (100%)       4096M (100%)   
[15.612s][info][gc,heap     ] GC(51)      Free:      658M (16%)         658M (16%)         658M (16%)         658M (16%)         658M (16%)         652M (16%)    
[15.612s][info][gc,heap     ] GC(51)      Used:     3438M (84%)        3438M (84%)        3438M (84%)        3438M (84%)        3444M (84%)        3438M (84%)    
[15.612s][info][gc,heap     ] GC(51)      Live:         -              3088M (75%)        3088M (75%)        3088M (75%)            -                  -          
[15.612s][info][gc,heap     ] GC(51) Allocated:         -                 0M (0%)            0M (0%)            0M (0%)             -                  -          
[15.612s][info][gc,heap     ] GC(51)   Garbage:         -               349M (9%)          349M (9%)          349M (9%)             -                  -          
[15.612s][info][gc,heap     ] GC(51) Reclaimed:         -                  -                 0M (0%)            0M (0%)             -                  -          
[15.612s][info][gc          ] GC(51) Garbage Collection (Timer) 3438M(84%)->3438M(84%)
[15.887s][info][gc,start    ] GC(52) Garbage Collection (Timer)
[15.887s][info][gc,task     ] GC(52) Using 3 workers
[15.887s][info][gc,phases   ] GC(52) Pause Mark Start 0.006ms
[15.905s][info][gc,phases   ] GC(52) Concurrent Mark 18.674ms
[15.906s][info][gc,phases   ] GC(52) Pause Mark End 0.012ms
[15.906s][info][gc,phases   ] GC(52) Concurrent Mark Free 0.001ms
[15.907s][info][gc,phases   ] GC(52) Concurrent Process Non-Strong References 0.875ms
[15.907s][info][gc,phases   ] GC(52) Concurrent Reset Relocation Set 0.001ms
[15.909s][info][gc,phases   ] GC(52) Concurrent Select Relocation Set 2.101ms
[15.909s][info][gc,phases   ] GC(52) Pause Relocate Start 0.006ms
[15.910s][info][gc,phases   ] GC(52) Concurrent Relocate 0.811ms
[15.910s][info][gc,load     ] GC(52) Load: 0.00/0.00/0.00
[15.910s][info][gc,mmu      ] GC(52) MMU: 2ms/99.3%, 5ms/99.6%, 10ms/99.8%, 20ms/99.9%, 50ms/99.9%, 100ms/100.0%
[15.910s][info][gc,marking  ] GC(52) Mark: 2 stripe(s), 1 proactive flush(es), 1 terminate flush(es), 0 completion(s), 0 continuation(s) 
[15.910s][info][gc,marking  ] GC(52) Mark Stack Usage: 32M
[15.910s][info][gc,nmethod  ] GC(52) NMethods: 487 registered, 0 unregistered
[15.910s][info][gc,metaspace] GC(52) Metaspace: 1M used, 1M committed, 1088M reserved
[15.910s][info][gc,ref      ] GC(52) Soft: 181 encountered, 0 discovered, 0 enqueued
[15.910s][info][gc,ref      ] GC(52) Weak: 263 encountered, 111 discovered, 0 enqueued
[15.910s][info][gc,ref      ] GC(52) Final: 0 encountered, 0 discovered, 0 enqueued
[15.910s][info][gc,ref      ] GC(52) Phantom: 7 encountered, 3 discovered, 0 enqueued
[15.910s][info][gc,reloc    ] GC(52) Small Pages: 1703 / 3406M, Empty: 0M, Relocated: 1M, In-Place: 0
[15.910s][info][gc,reloc    ] GC(52) Medium Pages: 1 / 32M, Empty: 0M, Relocated: 0M, In-Place: 0
[15.910s][info][gc,reloc    ] GC(52) Large Pages: 0 / 0M, Empty: 0M, Relocated: 0M, In-Place: 0
[15.910s][info][gc,reloc    ] GC(52) Forwarding Usage: 0M
[15.910s][info][gc,heap     ] GC(52) Min Capacity: 4096M(100%)
[15.910s][info][gc,heap     ] GC(52) Max Capacity: 4096M(100%)
[15.910s][info][gc,heap     ] GC(52) Soft Max Capacity: 4096M(100%)
[15.910s][info][gc,heap     ] GC(52)                Mark Start          Mark End        Relocate Start      Relocate End           High               Low         
[15.910s][info][gc,heap     ] GC(52)  Capacity:     4096M (100%)       4096M (100%)       4096M (100%)       4096M (100%)       4096M (100%)       4096M (100%)   
[15.910s][info][gc,heap     ] GC(52)      Free:      658M (16%)         658M (16%)         658M (16%)         660M (16%)         660M (16%)         656M (16%)    
[15.910s][info][gc,heap     ] GC(52)      Used:     3438M (84%)        3438M (84%)        3438M (84%)        3436M (84%)        3440M (84%)        3436M (84%)    
[15.910s][info][gc,heap     ] GC(52)      Live:         -              3088M (75%)        3088M (75%)        3088M (75%)            -                  -          
[15.910s][info][gc,heap     ] GC(52) Allocated:         -                 0M (0%)            0M (0%)            0M (0%)             -                  -          
[15.911s][info][gc,heap     ] GC(52)   Garbage:         -               349M (9%)          349M (9%)          347M (8%)             -                  -          
[15.911s][info][gc,heap     ] GC(52) Reclaimed:         -                  -                 0M (0%)            2M (0%)             -                  -          
[15.911s][info][gc          ] GC(52) Garbage Collection (Timer) 3438M(84%)->3436M(84%)
[16.185s][info][gc,heap,exit] Heap
[16.185s][info][gc,heap,exit]  ZHeap           used 3440M, capacity 4096M, max capacity 4096M
[16.185s][info][gc,heap,exit]  Metaspace       used 1603K, committed 1792K, reserved 1114112K
[16.185s][info][gc,heap,exit]   class space    used 147K, committed 256K, reserved 1048576K
