[0.022s][info][gc,init] Initializing The Z Garbage Collector
[0.023s][info][gc,init] Version: 17.0.11+1-LTS (release)
[0.023s][info][gc,init] NUMA Support: Disabled
[0.023s][info][gc,init] CPUs: 12 total, 12 available
[0.023s][info][gc,init] Memory: 24496M
[0.023s][info][gc,init] Large Page Support: Disabled
[0.023s][info][gc,init] GC Workers: 3 (dynamic)
[0.024s][info][gc,init] Address Space Type: Contiguous/Unrestricted/Complete
[0.024s][info][gc,init] Address Space Size: 65536M x 3 = 196608M
[0.024s][info][gc,init] Min Capacity: 4096M
[0.024s][info][gc,init] Initial Capacity: 4096M
[0.025s][info][gc,init] Max Capacity: 4096M
[0.025s][info][gc,init] Medium Page Size: 32M
[0.025s][info][gc,init] Pre-touch: Disabled
[0.025s][info][gc,init] Uncommit: Implicitly Disabled (-Xms equals -Xmx)
[0.240s][info][gc,init] Runtime Workers: 8
[0.242s][info][gc     ] Using The Z Garbage Collector
[0.251s][info][gc,metaspace] CDS archive(s) mapped at: [0x000001a646000000-0x000001a646bc0000-0x000001a646bc0000), size 12320768, SharedBaseAddress: 0x000001a646000000, ArchiveRelocationMode: 1.
[0.251s][info][gc,metaspace] Compressed class space mapped at: 0x000001a647000000-0x000001a687000000, reserved size: 1073741824
[0.251s][info][gc,metaspace] Narrow klass base: 0x000001a646000000, Narrow klass shift: 0, Narrow klass range: 0x100000000
[0.377s][info][gc,start    ] GC(0) Garbage Collection (Timer)
[0.378s][info][gc,task     ] GC(0) Using 3 workers
[0.378s][info][gc,phases   ] GC(0) Pause Mark Start 0.006ms
[0.381s][info][gc,phases   ] GC(0) Concurrent Mark 3.432ms
[0.381s][info][gc,phases   ] GC(0) Pause Mark End 0.013ms
[0.381s][info][gc,phases   ] GC(0) Concurrent Mark Free 0.001ms
[0.382s][info][gc,phases   ] GC(0) Concurrent Process Non-Strong References 0.309ms
[0.382s][info][gc,phases   ] GC(0) Concurrent Reset Relocation Set 0.000ms
[0.391s][info][gc,phases   ] GC(0) Concurrent Select Relocation Set 9.100ms
[0.391s][info][gc,phases   ] GC(0) Pause Relocate Start 0.006ms
[0.393s][info][gc,phases   ] GC(0) Concurrent Relocate 1.489ms
[0.393s][info][gc,load     ] GC(0) Load: 0.00/0.00/0.00
[0.393s][info][gc,mmu      ] GC(0) MMU: 2ms/99.4%, 5ms/99.6%, 10ms/99.8%, 20ms/99.9%, 50ms/100.0%, 100ms/100.0%
[0.393s][info][gc,marking  ] GC(0) Mark: 2 stripe(s), 1 proactive flush(es), 1 terminate flush(es), 0 completion(s), 0 continuation(s) 
[0.393s][info][gc,marking  ] GC(0) Mark Stack Usage: 32M
[0.393s][info][gc,nmethod  ] GC(0) NMethods: 152 registered, 0 unregistered
[0.393s][info][gc,metaspace] GC(0) Metaspace: 0M used, 0M committed, 1088M reserved
[0.393s][info][gc,ref      ] GC(0) Soft: 36 encountered, 0 discovered, 0 enqueued
[0.393s][info][gc,ref      ] GC(0) Weak: 103 encountered, 18 discovered, 18 enqueued
[0.393s][info][gc,ref      ] GC(0) Final: 0 encountered, 0 discovered, 0 enqueued
[0.393s][info][gc,ref      ] GC(0) Phantom: 16 encountered, 13 discovered, 13 enqueued
[0.393s][info][gc,reloc    ] GC(0) Small Pages: 3 / 6M, Empty: 0M, Relocated: 1M, In-Place: 0
[0.393s][info][gc,reloc    ] GC(0) Medium Pages: 0 / 0M, Empty: 0M, Relocated: 0M, In-Place: 0
[0.393s][info][gc,reloc    ] GC(0) Large Pages: 0 / 0M, Empty: 0M, Relocated: 0M, In-Place: 0
[0.393s][info][gc,reloc    ] GC(0) Forwarding Usage: 0M
[0.393s][info][gc,heap     ] GC(0) Min Capacity: 4096M(100%)
[0.393s][info][gc,heap     ] GC(0) Max Capacity: 4096M(100%)
[0.393s][info][gc,heap     ] GC(0) Soft Max Capacity: 4096M(100%)
[0.393s][info][gc,heap     ] GC(0)                Mark Start          Mark End        Relocate Start      Relocate End           High               Low         
[0.393s][info][gc,heap     ] GC(0)  Capacity:     4096M (100%)       4096M (100%)       4096M (100%)       4096M (100%)       4096M (100%)       4096M (100%)   
[0.393s][info][gc,heap     ] GC(0)      Free:     4090M (100%)       4090M (100%)       4090M (100%)       4090M (100%)       4090M (100%)       4086M (100%)   
[0.393s][info][gc,heap     ] GC(0)      Used:        6M (0%)            6M (0%)            6M (0%)            6M (0%)           10M (0%)            6M (0%)     
[0.393s][info][gc,heap     ] GC(0)      Live:         -                 1M (0%)            1M (0%)            1M (0%)             -                  -          
[0.393s][info][gc,heap     ] GC(0) Allocated:         -                 0M (0%)            0M (0%)            0M (0%)             -                  -          
[0.393s][info][gc,heap     ] GC(0)   Garbage:         -                 4M (0%)            4M (0%)            4M (0%)             -                  -          
[0.393s][info][gc,heap     ] GC(0) Reclaimed:         -                  -                 0M (0%)            0M (0%)             -                  -          
[0.393s][info][gc          ] GC(0) Garbage Collection (Timer) 6M(0%)->6M(0%)
[0.673s][info][gc,start    ] GC(1) Garbage Collection (Timer)
[0.673s][info][gc,task     ] GC(1) Using 3 workers
[0.673s][info][gc,phases   ] GC(1) Pause Mark Start 0.006ms
[0.689s][info][gc,phases   ] GC(1) Concurrent Mark 15.739ms
[0.689s][info][gc,phases   ] GC(1) Pause Mark End 0.009ms
[0.689s][info][gc,phases   ] GC(1) Concurrent Mark Free 0.001ms
[0.690s][info][gc,phases   ] GC(1) Concurrent Process Non-Strong References 0.671ms
[0.690s][info][gc,phases   ] GC(1) Concurrent Reset Relocation Set 0.001ms
[0.692s][info][gc,phases   ] GC(1) Concurrent Select Relocation Set 2.211ms
[0.692s][info][gc,phases   ] GC(1) Pause Relocate Start 0.005ms
[0.694s][info][gc,phases   ] GC(1) Concurrent Relocate 1.513ms
[0.694s][info][gc,load     ] GC(1) Load: 0.00/0.00/0.00
[0.694s][info][gc,mmu      ] GC(1) MMU: 2ms/99.4%, 5ms/99.6%, 10ms/99.8%, 20ms/99.9%, 50ms/100.0%, 100ms/100.0%
[0.694s][info][gc,marking  ] GC(1) Mark: 2 stripe(s), 2 proactive flush(es), 1 terminate flush(es), 0 completion(s), 0 continuation(s) 
[0.694s][info][gc,marking  ] GC(1) Mark Stack Usage: 32M
[0.694s][info][gc,nmethod  ] GC(1) NMethods: 290 registered, 0 unregistered
[0.694s][info][gc,metaspace] GC(1) Metaspace: 0M used, 0M committed, 1088M reserved
[0.694s][info][gc,ref      ] GC(1) Soft: 72 encountered, 0 discovered, 0 enqueued
[0.694s][info][gc,ref      ] GC(1) Weak: 177 encountered, 119 discovered, 23 enqueued
[0.694s][info][gc,ref      ] GC(1) Final: 0 encountered, 0 discovered, 0 enqueued
[0.694s][info][gc,ref      ] GC(1) Phantom: 13 encountered, 9 discovered, 6 enqueued
[0.694s][info][gc,reloc    ] GC(1) Small Pages: 129 / 258M, Empty: 0M, Relocated: 1M, In-Place: 0
[0.694s][info][gc,reloc    ] GC(1) Medium Pages: 0 / 0M, Empty: 0M, Relocated: 0M, In-Place: 0
[0.694s][info][gc,reloc    ] GC(1) Large Pages: 0 / 0M, Empty: 0M, Relocated: 0M, In-Place: 0
[0.694s][info][gc,reloc    ] GC(1) Forwarding Usage: 0M
[0.694s][info][gc,heap     ] GC(1) Min Capacity: 4096M(100%)
[0.694s][info][gc,heap     ] GC(1) Max Capacity: 4096M(100%)
[0.694s][info][gc,heap     ] GC(1) Soft Max Capacity: 4096M(100%)
[0.695s][info][gc,heap     ] GC(1)                Mark Start          Mark End        Relocate Start      Relocate End           High               Low         
[0.695s][info][gc,heap     ] GC(1)  Capacity:     4096M (100%)       4096M (100%)       4096M (100%)       4096M (100%)       4096M (100%)       4096M (100%)   
[0.695s][info][gc,heap     ] GC(1)      Free:     3838M (94%)        3834M (94%)        3830M (94%)        3836M (94%)        3838M (94%)        3828M (93%)    
[0.695s][info][gc,heap     ] GC(1)      Used:      258M (6%)          262M (6%)          266M (6%)          260M (6%)          268M (7%)          258M (6%)     
[0.695s][info][gc,heap     ] GC(1)      Live:         -               227M (6%)          227M (6%)          227M (6%)             -                  -          
[0.695s][info][gc,heap     ] GC(1) Allocated:         -                 4M (0%)            8M (0%)            7M (0%)             -                  -          
[0.695s][info][gc,heap     ] GC(1)   Garbage:         -                30M (1%)           30M (1%)           24M (1%)             -                  -          
[0.695s][info][gc,heap     ] GC(1) Reclaimed:         -                  -                 0M (0%)            5M (0%)             -                  -          
[0.695s][info][gc          ] GC(1) Garbage Collection (Timer) 258M(6%)->260M(6%)
[0.873s][info][gc,start    ] GC(2) Garbage Collection (Warmup)
[0.873s][info][gc,task     ] GC(2) Using 3 workers
[0.873s][info][gc,phases   ] GC(2) Pause Mark Start 0.006ms
[0.895s][info][gc,phases   ] GC(2) Concurrent Mark 21.768ms
[0.895s][info][gc,phases   ] GC(2) Pause Mark End 0.009ms
[0.895s][info][gc,phases   ] GC(2) Concurrent Mark Free 0.001ms
[0.896s][info][gc,phases   ] GC(2) Concurrent Process Non-Strong References 0.613ms
[0.896s][info][gc,phases   ] GC(2) Concurrent Reset Relocation Set 0.001ms
[0.898s][info][gc,phases   ] GC(2) Concurrent Select Relocation Set 2.108ms
[0.898s][info][gc,phases   ] GC(2) Pause Relocate Start 0.006ms
[0.900s][info][gc,phases   ] GC(2) Concurrent Relocate 1.608ms
[0.900s][info][gc,load     ] GC(2) Load: 0.00/0.00/0.00
[0.900s][info][gc,mmu      ] GC(2) MMU: 2ms/99.4%, 5ms/99.6%, 10ms/99.8%, 20ms/99.9%, 50ms/100.0%, 100ms/100.0%
[0.900s][info][gc,marking  ] GC(2) Mark: 2 stripe(s), 3 proactive flush(es), 1 terminate flush(es), 0 completion(s), 0 continuation(s) 
[0.900s][info][gc,marking  ] GC(2) Mark Stack Usage: 32M
[0.900s][info][gc,nmethod  ] GC(2) NMethods: 290 registered, 0 unregistered
[0.900s][info][gc,metaspace] GC(2) Metaspace: 0M used, 0M committed, 1088M reserved
[0.900s][info][gc,ref      ] GC(2) Soft: 72 encountered, 0 discovered, 0 enqueued
[0.900s][info][gc,ref      ] GC(2) Weak: 154 encountered, 77 discovered, 0 enqueued
[0.900s][info][gc,ref      ] GC(2) Final: 0 encountered, 0 discovered, 0 enqueued
[0.900s][info][gc,ref      ] GC(2) Phantom: 7 encountered, 3 discovered, 0 enqueued
[0.900s][info][gc,reloc    ] GC(2) Small Pages: 209 / 418M, Empty: 0M, Relocated: 1M, In-Place: 0
[0.900s][info][gc,reloc    ] GC(2) Medium Pages: 0 / 0M, Empty: 0M, Relocated: 0M, In-Place: 0
[0.900s][info][gc,reloc    ] GC(2) Large Pages: 0 / 0M, Empty: 0M, Relocated: 0M, In-Place: 0
[0.900s][info][gc,reloc    ] GC(2) Forwarding Usage: 0M
[0.900s][info][gc,heap     ] GC(2) Min Capacity: 4096M(100%)
[0.900s][info][gc,heap     ] GC(2) Max Capacity: 4096M(100%)
[0.900s][info][gc,heap     ] GC(2) Soft Max Capacity: 4096M(100%)
[0.900s][info][gc,heap     ] GC(2)                Mark Start          Mark End        Relocate Start      Relocate End           High               Low         
[0.900s][info][gc,heap     ] GC(2)  Capacity:     4096M (100%)       4096M (100%)       4096M (100%)       4096M (100%)       4096M (100%)       4096M (100%)   
[0.900s][info][gc,heap     ] GC(2)      Free:     3678M (90%)        3674M (90%)        3672M (90%)        3670M (90%)        3678M (90%)        3668M (90%)    
[0.900s][info][gc,heap     ] GC(2)      Used:      418M (10%)         422M (10%)         424M (10%)         426M (10%)         428M (10%)         418M (10%)    
[0.900s][info][gc,heap     ] GC(2)      Live:         -               378M (9%)          378M (9%)          378M (9%)             -                  -          
[0.900s][info][gc,heap     ] GC(2) Allocated:         -                 4M (0%)            6M (0%)            8M (0%)             -                  -          
[0.900s][info][gc,heap     ] GC(2)   Garbage:         -                39M (1%)           39M (1%)           39M (1%)             -                  -          
[0.900s][info][gc,heap     ] GC(2) Reclaimed:         -                  -                 0M (0%)            0M (0%)             -                  -          
[0.900s][info][gc          ] GC(2) Garbage Collection (Warmup) 418M(10%)->426M(10%)
[1.173s][info][gc,start    ] GC(3) Garbage Collection (Timer)
[1.173s][info][gc,task     ] GC(3) Using 3 workers
[1.173s][info][gc,phases   ] GC(3) Pause Mark Start 0.008ms
[1.197s][info][gc,phases   ] GC(3) Concurrent Mark 23.800ms
[1.197s][info][gc,phases   ] GC(3) Pause Mark End 0.012ms
[1.197s][info][gc,phases   ] GC(3) Concurrent Mark Free 0.001ms
[1.198s][info][gc,phases   ] GC(3) Concurrent Process Non-Strong References 0.454ms
[1.198s][info][gc,phases   ] GC(3) Concurrent Reset Relocation Set 0.001ms
[1.200s][info][gc,phases   ] GC(3) Concurrent Select Relocation Set 2.598ms
[1.200s][info][gc,phases   ] GC(3) Pause Relocate Start 0.010ms
[1.203s][info][gc,phases   ] GC(3) Concurrent Relocate 2.320ms
[1.203s][info][gc,load     ] GC(3) Load: 0.00/0.00/0.00
[1.203s][info][gc,mmu      ] GC(3) MMU: 2ms/99.4%, 5ms/99.6%, 10ms/99.8%, 20ms/99.9%, 50ms/99.9%, 100ms/100.0%
[1.203s][info][gc,marking  ] GC(3) Mark: 2 stripe(s), 1 proactive flush(es), 1 terminate flush(es), 0 completion(s), 0 continuation(s) 
[1.203s][info][gc,marking  ] GC(3) Mark Stack Usage: 32M
[1.203s][info][gc,nmethod  ] GC(3) NMethods: 374 registered, 0 unregistered
[1.203s][info][gc,metaspace] GC(3) Metaspace: 1M used, 1M committed, 1088M reserved
[1.203s][info][gc,ref      ] GC(3) Soft: 118 encountered, 0 discovered, 0 enqueued
[1.203s][info][gc,ref      ] GC(3) Weak: 175 encountered, 6 discovered, 5 enqueued
[1.203s][info][gc,ref      ] GC(3) Final: 0 encountered, 0 discovered, 0 enqueued
[1.203s][info][gc,ref      ] GC(3) Phantom: 12 encountered, 10 discovered, 5 enqueued
[1.203s][info][gc,reloc    ] GC(3) Small Pages: 305 / 610M, Empty: 0M, Relocated: 2M, In-Place: 0
[1.203s][info][gc,reloc    ] GC(3) Medium Pages: 0 / 0M, Empty: 0M, Relocated: 0M, In-Place: 0
[1.203s][info][gc,reloc    ] GC(3) Large Pages: 0 / 0M, Empty: 0M, Relocated: 0M, In-Place: 0
[1.203s][info][gc,reloc    ] GC(3) Forwarding Usage: 0M
[1.203s][info][gc,heap     ] GC(3) Min Capacity: 4096M(100%)
[1.203s][info][gc,heap     ] GC(3) Max Capacity: 4096M(100%)
[1.203s][info][gc,heap     ] GC(3) Soft Max Capacity: 4096M(100%)
[1.203s][info][gc,heap     ] GC(3)                Mark Start          Mark End        Relocate Start      Relocate End           High               Low         
[1.203s][info][gc,heap     ] GC(3)  Capacity:     4096M (100%)       4096M (100%)       4096M (100%)       4096M (100%)       4096M (100%)       4096M (100%)   
[1.203s][info][gc,heap     ] GC(3)      Free:     3486M (85%)        3486M (85%)        3486M (85%)        3490M (85%)        3490M (85%)        3482M (85%)    
[1.203s][info][gc,heap     ] GC(3)      Used:      610M (15%)         610M (15%)         610M (15%)         606M (15%)         614M (15%)         606M (15%)    
[1.203s][info][gc,heap     ] GC(3)      Live:         -               550M (13%)         550M (13%)         550M (13%)            -                  -          
[1.203s][info][gc,heap     ] GC(3) Allocated:         -                 0M (0%)            0M (0%)            0M (0%)             -                  -          
[1.203s][info][gc,heap     ] GC(3)   Garbage:         -                59M (1%)           59M (1%)           55M (1%)             -                  -          
[1.203s][info][gc,heap     ] GC(3) Reclaimed:         -                  -                 0M (0%)            4M (0%)             -                  -          
[1.204s][info][gc          ] GC(3) Garbage Collection (Timer) 610M(15%)->606M(15%)
[1.473s][info][gc,start    ] GC(4) Garbage Collection (Timer)
[1.473s][info][gc,task     ] GC(4) Using 3 workers
[1.473s][info][gc,phases   ] GC(4) Pause Mark Start 0.006ms
[1.487s][info][gc,phases   ] GC(4) Concurrent Mark 14.298ms
[1.489s][info][gc,phases   ] GC(4) Pause Mark End 0.011ms
[1.490s][info][gc,phases   ] GC(4) Concurrent Mark Free 0.001ms
[1.490s][info][gc,phases   ] GC(4) Concurrent Process Non-Strong References 0.483ms
[1.490s][info][gc,phases   ] GC(4) Concurrent Reset Relocation Set 0.001ms
[1.492s][info][gc,phases   ] GC(4) Concurrent Select Relocation Set 2.204ms
[1.492s][info][gc,phases   ] GC(4) Pause Relocate Start 0.005ms
[1.494s][info][gc,phases   ] GC(4) Concurrent Relocate 1.087ms
[1.494s][info][gc,load     ] GC(4) Load: 0.00/0.00/0.00
[1.494s][info][gc,mmu      ] GC(4) MMU: 2ms/99.4%, 5ms/99.6%, 10ms/99.8%, 20ms/99.9%, 50ms/99.9%, 100ms/100.0%
[1.494s][info][gc,marking  ] GC(4) Mark: 2 stripe(s), 2 proactive flush(es), 1 terminate flush(es), 0 completion(s), 0 continuation(s) 
[1.494s][info][gc,marking  ] GC(4) Mark Stack Usage: 32M
[1.494s][info][gc,nmethod  ] GC(4) NMethods: 374 registered, 0 unregistered
[1.494s][info][gc,metaspace] GC(4) Metaspace: 1M used, 1M committed, 1088M reserved
[1.494s][info][gc,ref      ] GC(4) Soft: 118 encountered, 0 discovered, 0 enqueued
[1.494s][info][gc,ref      ] GC(4) Weak: 170 encountered, 92 discovered, 0 enqueued
[1.494s][info][gc,ref      ] GC(4) Final: 0 encountered, 0 discovered, 0 enqueued
[1.494s][info][gc,ref      ] GC(4) Phantom: 7 encountered, 3 discovered, 0 enqueued
[1.494s][info][gc,reloc    ] GC(4) Small Pages: 303 / 606M, Empty: 0M, Relocated: 1M, In-Place: 0
[1.494s][info][gc,reloc    ] GC(4) Medium Pages: 0 / 0M, Empty: 0M, Relocated: 0M, In-Place: 0
[1.494s][info][gc,reloc    ] GC(4) Large Pages: 0 / 0M, Empty: 0M, Relocated: 0M, In-Place: 0
[1.494s][info][gc,reloc    ] GC(4) Forwarding Usage: 0M
[1.494s][info][gc,heap     ] GC(4) Min Capacity: 4096M(100%)
[1.494s][info][gc,heap     ] GC(4) Max Capacity: 4096M(100%)
[1.494s][info][gc,heap     ] GC(4) Soft Max Capacity: 4096M(100%)
[1.494s][info][gc,heap     ] GC(4)                Mark Start          Mark End        Relocate Start      Relocate End           High               Low         
[1.494s][info][gc,heap     ] GC(4)  Capacity:     4096M (100%)       4096M (100%)       4096M (100%)       4096M (100%)       4096M (100%)       4096M (100%)   
[1.494s][info][gc,heap     ] GC(4)      Free:     3490M (85%)        3490M (85%)        3490M (85%)        3490M (85%)        3490M (85%)        3486M (85%)    
[1.494s][info][gc,heap     ] GC(4)      Used:      606M (15%)         606M (15%)         606M (15%)         606M (15%)         610M (15%)         606M (15%)    
[1.494s][info][gc,heap     ] GC(4)      Live:         -               550M (13%)         550M (13%)         550M (13%)            -                  -          
[1.494s][info][gc,heap     ] GC(4) Allocated:         -                 0M (0%)            0M (0%)            0M (0%)             -                  -          
[1.494s][info][gc,heap     ] GC(4)   Garbage:         -                55M (1%)           55M (1%)           55M (1%)             -                  -          
[1.494s][info][gc,heap     ] GC(4) Reclaimed:         -                  -                 0M (0%)            0M (0%)             -                  -          
[1.494s][info][gc          ] GC(4) Garbage Collection (Timer) 606M(15%)->606M(15%)
[1.773s][info][gc,start    ] GC(5) Garbage Collection (Timer)
[1.773s][info][gc,task     ] GC(5) Using 3 workers
[1.773s][info][gc,phases   ] GC(5) Pause Mark Start 0.006ms
[1.780s][info][gc,phases   ] GC(5) Concurrent Mark 6.242ms
[1.780s][info][gc,phases   ] GC(5) Pause Mark End 0.010ms
[1.780s][info][gc,phases   ] GC(5) Concurrent Mark Free 0.001ms
[1.781s][info][gc,phases   ] GC(5) Concurrent Process Non-Strong References 0.605ms
[1.781s][info][gc,phases   ] GC(5) Concurrent Reset Relocation Set 0.001ms
[1.783s][info][gc,phases   ] GC(5) Concurrent Select Relocation Set 2.114ms
[1.783s][info][gc,phases   ] GC(5) Pause Relocate Start 0.005ms
[1.784s][info][gc,phases   ] GC(5) Concurrent Relocate 1.065ms
[1.784s][info][gc,load     ] GC(5) Load: 0.00/0.00/0.00
[1.784s][info][gc,mmu      ] GC(5) MMU: 2ms/99.4%, 5ms/99.6%, 10ms/99.8%, 20ms/99.9%, 50ms/99.9%, 100ms/100.0%
[1.784s][info][gc,marking  ] GC(5) Mark: 2 stripe(s), 2 proactive flush(es), 1 terminate flush(es), 0 completion(s), 0 continuation(s) 
[1.784s][info][gc,marking  ] GC(5) Mark Stack Usage: 32M
[1.784s][info][gc,nmethod  ] GC(5) NMethods: 374 registered, 0 unregistered
[1.784s][info][gc,metaspace] GC(5) Metaspace: 1M used, 1M committed, 1088M reserved
[1.784s][info][gc,ref      ] GC(5) Soft: 118 encountered, 0 discovered, 0 enqueued
[1.784s][info][gc,ref      ] GC(5) Weak: 170 encountered, 93 discovered, 0 enqueued
[1.784s][info][gc,ref      ] GC(5) Final: 0 encountered, 0 discovered, 0 enqueued
[1.784s][info][gc,ref      ] GC(5) Phantom: 7 encountered, 3 discovered, 0 enqueued
[1.784s][info][gc,reloc    ] GC(5) Small Pages: 303 / 606M, Empty: 0M, Relocated: 1M, In-Place: 0
[1.784s][info][gc,reloc    ] GC(5) Medium Pages: 0 / 0M, Empty: 0M, Relocated: 0M, In-Place: 0
[1.784s][info][gc,reloc    ] GC(5) Large Pages: 0 / 0M, Empty: 0M, Relocated: 0M, In-Place: 0
[1.784s][info][gc,reloc    ] GC(5) Forwarding Usage: 0M
[1.784s][info][gc,heap     ] GC(5) Min Capacity: 4096M(100%)
[1.784s][info][gc,heap     ] GC(5) Max Capacity: 4096M(100%)
[1.784s][info][gc,heap     ] GC(5) Soft Max Capacity: 4096M(100%)
[1.785s][info][gc,heap     ] GC(5)                Mark Start          Mark End        Relocate Start      Relocate End           High               Low         
[1.785s][info][gc,heap     ] GC(5)  Capacity:     4096M (100%)       4096M (100%)       4096M (100%)       4096M (100%)       4096M (100%)       4096M (100%)   
[1.785s][info][gc,heap     ] GC(5)      Free:     3490M (85%)        3490M (85%)        3490M (85%)        3490M (85%)        3490M (85%)        3486M (85%)    
[1.785s][info][gc,heap     ] GC(5)      Used:      606M (15%)         606M (15%)         606M (15%)         606M (15%)         610M (15%)         606M (15%)    
[1.785s][info][gc,heap     ] GC(5)      Live:         -               550M (13%)         550M (13%)         550M (13%)            -                  -          
[1.785s][info][gc,heap     ] GC(5) Allocated:         -                 0M (0%)            0M (0%)            0M (0%)             -                  -          
[1.785s][info][gc,heap     ] GC(5)   Garbage:         -                55M (1%)           55M (1%)           55M (1%)             -                  -          
[1.785s][info][gc,heap     ] GC(5) Reclaimed:         -                  -                 0M (0%)            0M (0%)             -                  -          
[1.785s][info][gc          ] GC(5) Garbage Collection (Timer) 606M(15%)->606M(15%)
[2.073s][info][gc,start    ] GC(6) Garbage Collection (Timer)
[2.073s][info][gc,task     ] GC(6) Using 3 workers
[2.073s][info][gc,phases   ] GC(6) Pause Mark Start 0.005ms
[2.082s][info][gc,phases   ] GC(6) Concurrent Mark 8.752ms
[2.082s][info][gc,phases   ] GC(6) Pause Mark End 0.010ms
[2.082s][info][gc,phases   ] GC(6) Concurrent Mark Free 0.001ms
[2.083s][info][gc,phases   ] GC(6) Concurrent Process Non-Strong References 0.704ms
[2.083s][info][gc,phases   ] GC(6) Concurrent Reset Relocation Set 0.001ms
[2.085s][info][gc,phases   ] GC(6) Concurrent Select Relocation Set 2.071ms
[2.085s][info][gc,phases   ] GC(6) Pause Relocate Start 0.004ms
[2.086s][info][gc,phases   ] GC(6) Concurrent Relocate 0.984ms
[2.086s][info][gc,load     ] GC(6) Load: 0.00/0.00/0.00
[2.086s][info][gc,mmu      ] GC(6) MMU: 2ms/99.4%, 5ms/99.6%, 10ms/99.8%, 20ms/99.9%, 50ms/99.9%, 100ms/100.0%
[2.086s][info][gc,marking  ] GC(6) Mark: 2 stripe(s), 10 proactive flush(es), 1 terminate flush(es), 0 completion(s), 0 continuation(s) 
[2.086s][info][gc,marking  ] GC(6) Mark Stack Usage: 32M
[2.086s][info][gc,nmethod  ] GC(6) NMethods: 374 registered, 0 unregistered
[2.086s][info][gc,metaspace] GC(6) Metaspace: 1M used, 1M committed, 1088M reserved
[2.086s][info][gc,ref      ] GC(6) Soft: 118 encountered, 0 discovered, 0 enqueued
[2.086s][info][gc,ref      ] GC(6) Weak: 170 encountered, 83 discovered, 0 enqueued
[2.086s][info][gc,ref      ] GC(6) Final: 0 encountered, 0 discovered, 0 enqueued
[2.086s][info][gc,ref      ] GC(6) Phantom: 7 encountered, 4 discovered, 0 enqueued
[2.086s][info][gc,reloc    ] GC(6) Small Pages: 303 / 606M, Empty: 0M, Relocated: 1M, In-Place: 0
[2.086s][info][gc,reloc    ] GC(6) Medium Pages: 0 / 0M, Empty: 0M, Relocated: 0M, In-Place: 0
[2.086s][info][gc,reloc    ] GC(6) Large Pages: 0 / 0M, Empty: 0M, Relocated: 0M, In-Place: 0
[2.086s][info][gc,reloc    ] GC(6) Forwarding Usage: 0M
[2.086s][info][gc,heap     ] GC(6) Min Capacity: 4096M(100%)
[2.086s][info][gc,heap     ] GC(6) Max Capacity: 4096M(100%)
[2.086s][info][gc,heap     ] GC(6) Soft Max Capacity: 4096M(100%)
[2.086s][info][gc,heap     ] GC(6)                Mark Start          Mark End        Relocate Start      Relocate End           High               Low         
[2.087s][info][gc,heap     ] GC(6)  Capacity:     4096M (100%)       4096M (100%)       4096M (100%)       4096M (100%)       4096M (100%)       4096M (100%)   
[2.087s][info][gc,heap     ] GC(6)      Free:     3490M (85%)        3490M (85%)        3490M (85%)        3490M (85%)        3490M (85%)        3486M (85%)    
[2.087s][info][gc,heap     ] GC(6)      Used:      606M (15%)         606M (15%)         606M (15%)         606M (15%)         610M (15%)         606M (15%)    
[2.087s][info][gc,heap     ] GC(6)      Live:         -               550M (13%)         550M (13%)         550M (13%)            -                  -          
[2.087s][info][gc,heap     ] GC(6) Allocated:         -                 0M (0%)            0M (0%)            0M (0%)             -                  -          
[2.087s][info][gc,heap     ] GC(6)   Garbage:         -                55M (1%)           55M (1%)           55M (1%)             -                  -          
[2.087s][info][gc,heap     ] GC(6) Reclaimed:         -                  -                 0M (0%)            0M (0%)             -                  -          
[2.087s][info][gc          ] GC(6) Garbage Collection (Timer) 606M(15%)->606M(15%)
[2.374s][info][gc,start    ] GC(7) Garbage Collection (Timer)
[2.374s][info][gc,task     ] GC(7) Using 3 workers
[2.374s][info][gc,phases   ] GC(7) Pause Mark Start 0.006ms
[2.384s][info][gc,phases   ] GC(7) Concurrent Mark 9.765ms
[2.384s][info][gc,phases   ] GC(7) Pause Mark End 0.009ms
[2.384s][info][gc,phases   ] GC(7) Concurrent Mark Free 0.001ms
[2.385s][info][gc,phases   ] GC(7) Concurrent Process Non-Strong References 0.875ms
[2.385s][info][gc,phases   ] GC(7) Concurrent Reset Relocation Set 0.001ms
[2.388s][info][gc,phases   ] GC(7) Concurrent Select Relocation Set 2.467ms
[2.388s][info][gc,phases   ] GC(7) Pause Relocate Start 0.004ms
[2.390s][info][gc,phases   ] GC(7) Concurrent Relocate 1.985ms
[2.390s][info][gc,load     ] GC(7) Load: 0.00/0.00/0.00
[2.390s][info][gc,mmu      ] GC(7) MMU: 2ms/99.4%, 5ms/99.6%, 10ms/99.8%, 20ms/99.9%, 50ms/99.9%, 100ms/100.0%
[2.390s][info][gc,marking  ] GC(7) Mark: 2 stripe(s), 3 proactive flush(es), 1 terminate flush(es), 0 completion(s), 0 continuation(s) 
[2.390s][info][gc,marking  ] GC(7) Mark Stack Usage: 32M
[2.390s][info][gc,nmethod  ] GC(7) NMethods: 458 registered, 0 unregistered
[2.390s][info][gc,metaspace] GC(7) Metaspace: 1M used, 1M committed, 1088M reserved
[2.390s][info][gc,ref      ] GC(7) Soft: 181 encountered, 0 discovered, 0 enqueued
[2.390s][info][gc,ref      ] GC(7) Weak: 296 encountered, 125 discovered, 33 enqueued
[2.390s][info][gc,ref      ] GC(7) Final: 0 encountered, 0 discovered, 0 enqueued
[2.390s][info][gc,ref      ] GC(7) Phantom: 24 encountered, 19 discovered, 17 enqueued
[2.390s][info][gc,reloc    ] GC(7) Small Pages: 374 / 748M, Empty: 0M, Relocated: 3M, In-Place: 0
[2.390s][info][gc,reloc    ] GC(7) Medium Pages: 0 / 0M, Empty: 0M, Relocated: 0M, In-Place: 0
[2.390s][info][gc,reloc    ] GC(7) Large Pages: 0 / 0M, Empty: 0M, Relocated: 0M, In-Place: 0
[2.390s][info][gc,reloc    ] GC(7) Forwarding Usage: 0M
[2.390s][info][gc,heap     ] GC(7) Min Capacity: 4096M(100%)
[2.390s][info][gc,heap     ] GC(7) Max Capacity: 4096M(100%)
[2.390s][info][gc,heap     ] GC(7) Soft Max Capacity: 4096M(100%)
[2.390s][info][gc,heap     ] GC(7)                Mark Start          Mark End        Relocate Start      Relocate End           High               Low         
[2.390s][info][gc,heap     ] GC(7)  Capacity:     4096M (100%)       4096M (100%)       4096M (100%)       4096M (100%)       4096M (100%)       4096M (100%)   
[2.390s][info][gc,heap     ] GC(7)      Free:     3348M (82%)        3346M (82%)        3342M (82%)        3346M (82%)        3348M (82%)        3336M (81%)    
[2.390s][info][gc,heap     ] GC(7)      Used:      748M (18%)         750M (18%)         754M (18%)         750M (18%)         760M (19%)         748M (18%)    
[2.390s][info][gc,heap     ] GC(7)      Live:         -               676M (17%)         676M (17%)         676M (17%)            -                  -          
[2.391s][info][gc,heap     ] GC(7) Allocated:         -                 2M (0%)            6M (0%)            5M (0%)             -                  -          
[2.391s][info][gc,heap     ] GC(7)   Garbage:         -                71M (2%)           71M (2%)           67M (2%)             -                  -          
[2.391s][info][gc,heap     ] GC(7) Reclaimed:         -                  -                 0M (0%)            3M (0%)             -                  -          
[2.391s][info][gc          ] GC(7) Garbage Collection (Timer) 748M(18%)->750M(18%)
[2.573s][info][gc,start    ] GC(8) Garbage Collection (Warmup)
[2.573s][info][gc,task     ] GC(8) Using 3 workers
[2.573s][info][gc,phases   ] GC(8) Pause Mark Start 0.006ms
[2.593s][info][gc,phases   ] GC(8) Concurrent Mark 19.806ms
[2.593s][info][gc,phases   ] GC(8) Pause Mark End 0.009ms
[2.594s][info][gc,phases   ] GC(8) Concurrent Mark Free 0.001ms
[2.594s][info][gc,phases   ] GC(8) Concurrent Process Non-Strong References 0.897ms
[2.595s][info][gc,phases   ] GC(8) Concurrent Reset Relocation Set 0.001ms
[2.597s][info][gc,phases   ] GC(8) Concurrent Select Relocation Set 2.833ms
[2.598s][info][gc,phases   ] GC(8) Pause Relocate Start 0.007ms
[2.601s][info][gc,phases   ] GC(8) Concurrent Relocate 3.111ms
[2.601s][info][gc,load     ] GC(8) Load: 0.00/0.00/0.00
[2.601s][info][gc,mmu      ] GC(8) MMU: 2ms/99.4%, 5ms/99.6%, 10ms/99.8%, 20ms/99.9%, 50ms/99.9%, 100ms/100.0%
[2.601s][info][gc,marking  ] GC(8) Mark: 2 stripe(s), 3 proactive flush(es), 1 terminate flush(es), 0 completion(s), 0 continuation(s) 
[2.601s][info][gc,marking  ] GC(8) Mark Stack Usage: 32M
[2.601s][info][gc,nmethod  ] GC(8) NMethods: 459 registered, 0 unregistered
[2.601s][info][gc,metaspace] GC(8) Metaspace: 1M used, 1M committed, 1088M reserved
[2.601s][info][gc,ref      ] GC(8) Soft: 181 encountered, 0 discovered, 0 enqueued
[2.601s][info][gc,ref      ] GC(8) Weak: 263 encountered, 93 discovered, 0 enqueued
[2.601s][info][gc,ref      ] GC(8) Final: 0 encountered, 0 discovered, 0 enqueued
[2.601s][info][gc,ref      ] GC(8) Phantom: 7 encountered, 3 discovered, 0 enqueued
[2.601s][info][gc,reloc    ] GC(8) Small Pages: 446 / 892M, Empty: 0M, Relocated: 6M, In-Place: 0
[2.601s][info][gc,reloc    ] GC(8) Medium Pages: 0 / 0M, Empty: 0M, Relocated: 0M, In-Place: 0
[2.601s][info][gc,reloc    ] GC(8) Large Pages: 0 / 0M, Empty: 0M, Relocated: 0M, In-Place: 0
[2.601s][info][gc,reloc    ] GC(8) Forwarding Usage: 1M
[2.601s][info][gc,heap     ] GC(8) Min Capacity: 4096M(100%)
[2.601s][info][gc,heap     ] GC(8) Max Capacity: 4096M(100%)
[2.601s][info][gc,heap     ] GC(8) Soft Max Capacity: 4096M(100%)
[2.601s][info][gc,heap     ] GC(8)                Mark Start          Mark End        Relocate Start      Relocate End           High               Low         
[2.601s][info][gc,heap     ] GC(8)  Capacity:     4096M (100%)       4096M (100%)       4096M (100%)       4096M (100%)       4096M (100%)       4096M (100%)   
[2.601s][info][gc,heap     ] GC(8)      Free:     3204M (78%)        3200M (78%)        3198M (78%)        3198M (78%)        3204M (78%)        3192M (78%)    
[2.601s][info][gc,heap     ] GC(8)      Used:      892M (22%)         896M (22%)         898M (22%)         898M (22%)         904M (22%)         892M (22%)    
[2.601s][info][gc,heap     ] GC(8)      Live:         -               811M (20%)         811M (20%)         811M (20%)            -                  -          
[2.601s][info][gc,heap     ] GC(8) Allocated:         -                 4M (0%)            6M (0%)            6M (0%)             -                  -          
[2.601s][info][gc,heap     ] GC(8)   Garbage:         -                80M (2%)           80M (2%)           80M (2%)             -                  -          
[2.601s][info][gc,heap     ] GC(8) Reclaimed:         -                  -                 0M (0%)            0M (0%)             -                  -          
[2.602s][info][gc          ] GC(8) Garbage Collection (Warmup) 892M(22%)->898M(22%)
[2.872s][info][gc,start    ] GC(9) Garbage Collection (Timer)
[2.872s][info][gc,task     ] GC(9) Using 3 workers
[2.873s][info][gc,phases   ] GC(9) Pause Mark Start 0.005ms
[2.892s][info][gc,phases   ] GC(9) Concurrent Mark 19.733ms
[2.893s][info][gc,phases   ] GC(9) Pause Mark End 0.009ms
[2.893s][info][gc,phases   ] GC(9) Concurrent Mark Free 0.001ms
[2.894s][info][gc,phases   ] GC(9) Concurrent Process Non-Strong References 0.978ms
[2.894s][info][gc,phases   ] GC(9) Concurrent Reset Relocation Set 0.001ms
[2.896s][info][gc,phases   ] GC(9) Concurrent Select Relocation Set 2.272ms
[2.896s][info][gc,phases   ] GC(9) Pause Relocate Start 0.005ms
[2.897s][info][gc,phases   ] GC(9) Concurrent Relocate 0.681ms
[2.897s][info][gc,load     ] GC(9) Load: 0.00/0.00/0.00
[2.897s][info][gc,mmu      ] GC(9) MMU: 2ms/99.4%, 5ms/99.6%, 10ms/99.8%, 20ms/99.9%, 50ms/99.9%, 100ms/100.0%
[2.897s][info][gc,marking  ] GC(9) Mark: 2 stripe(s), 4 proactive flush(es), 1 terminate flush(es), 0 completion(s), 0 continuation(s) 
[2.897s][info][gc,marking  ] GC(9) Mark Stack Usage: 32M
[2.897s][info][gc,nmethod  ] GC(9) NMethods: 459 registered, 0 unregistered
[2.897s][info][gc,metaspace] GC(9) Metaspace: 1M used, 1M committed, 1088M reserved
[2.897s][info][gc,ref      ] GC(9) Soft: 181 encountered, 0 discovered, 0 enqueued
[2.897s][info][gc,ref      ] GC(9) Weak: 263 encountered, 189 discovered, 0 enqueued
[2.897s][info][gc,ref      ] GC(9) Final: 0 encountered, 0 discovered, 0 enqueued
[2.897s][info][gc,ref      ] GC(9) Phantom: 7 encountered, 4 discovered, 0 enqueued
[2.897s][info][gc,reloc    ] GC(9) Small Pages: 549 / 1098M, Empty: 0M, Relocated: 0M, In-Place: 0
[2.897s][info][gc,reloc    ] GC(9) Medium Pages: 1 / 32M, Empty: 0M, Relocated: 0M, In-Place: 0
[2.897s][info][gc,reloc    ] GC(9) Large Pages: 0 / 0M, Empty: 0M, Relocated: 0M, In-Place: 0
[2.897s][info][gc,reloc    ] GC(9) Forwarding Usage: 0M
[2.897s][info][gc,heap     ] GC(9) Min Capacity: 4096M(100%)
[2.897s][info][gc,heap     ] GC(9) Max Capacity: 4096M(100%)
[2.898s][info][gc,heap     ] GC(9) Soft Max Capacity: 4096M(100%)
[2.898s][info][gc,heap     ] GC(9)                Mark Start          Mark End        Relocate Start      Relocate End           High               Low         
[2.898s][info][gc,heap     ] GC(9)  Capacity:     4096M (100%)       4096M (100%)       4096M (100%)       4096M (100%)       4096M (100%)       4096M (100%)   
[2.898s][info][gc,heap     ] GC(9)      Free:     2966M (72%)        2964M (72%)        2962M (72%)        2960M (72%)        2966M (72%)        2956M (72%)    
[2.898s][info][gc,heap     ] GC(9)      Used:     1130M (28%)        1132M (28%)        1134M (28%)        1136M (28%)        1140M (28%)        1130M (28%)    
[2.898s][info][gc,heap     ] GC(9)      Live:         -               999M (24%)         999M (24%)         999M (24%)            -                  -          
[2.898s][info][gc,heap     ] GC(9) Allocated:         -                 2M (0%)            4M (0%)            6M (0%)             -                  -          
[2.898s][info][gc,heap     ] GC(9)   Garbage:         -               130M (3%)          130M (3%)          130M (3%)             -                  -          
[2.898s][info][gc,heap     ] GC(9) Reclaimed:         -                  -                 0M (0%)            0M (0%)             -                  -          
[2.898s][info][gc          ] GC(9) Garbage Collection (Timer) 1130M(28%)->1136M(28%)
[3.074s][info][gc,start    ] GC(10) Garbage Collection (Warmup)
[3.074s][info][gc,task     ] GC(10) Using 3 workers
[3.074s][info][gc,phases   ] GC(10) Pause Mark Start 0.006ms
[3.101s][info][gc,phases   ] GC(10) Concurrent Mark 27.467ms
[3.101s][info][gc,phases   ] GC(10) Pause Mark End 0.010ms
[3.102s][info][gc,phases   ] GC(10) Concurrent Mark Free 0.001ms
[3.102s][info][gc,phases   ] GC(10) Concurrent Process Non-Strong References 0.845ms
[3.103s][info][gc,phases   ] GC(10) Concurrent Reset Relocation Set 0.001ms
[3.105s][info][gc,phases   ] GC(10) Concurrent Select Relocation Set 2.119ms
[3.105s][info][gc,phases   ] GC(10) Pause Relocate Start 0.005ms
[3.106s][info][gc,phases   ] GC(10) Concurrent Relocate 0.648ms
[3.106s][info][gc,load     ] GC(10) Load: 0.00/0.00/0.00
[3.106s][info][gc,mmu      ] GC(10) MMU: 2ms/99.4%, 5ms/99.6%, 10ms/99.8%, 20ms/99.9%, 50ms/99.9%, 100ms/100.0%
[3.106s][info][gc,marking  ] GC(10) Mark: 2 stripe(s), 5 proactive flush(es), 1 terminate flush(es), 0 completion(s), 0 continuation(s) 
[3.106s][info][gc,marking  ] GC(10) Mark Stack Usage: 32M
[3.106s][info][gc,nmethod  ] GC(10) NMethods: 459 registered, 0 unregistered
[3.106s][info][gc,metaspace] GC(10) Metaspace: 1M used, 1M committed, 1088M reserved
[3.106s][info][gc,ref      ] GC(10) Soft: 181 encountered, 0 discovered, 0 enqueued
[3.106s][info][gc,ref      ] GC(10) Weak: 263 encountered, 162 discovered, 0 enqueued
[3.106s][info][gc,ref      ] GC(10) Final: 0 encountered, 0 discovered, 0 enqueued
[3.106s][info][gc,ref      ] GC(10) Phantom: 7 encountered, 3 discovered, 0 enqueued
[3.106s][info][gc,reloc    ] GC(10) Small Pages: 602 / 1204M, Empty: 0M, Relocated: 0M, In-Place: 0
[3.106s][info][gc,reloc    ] GC(10) Medium Pages: 1 / 32M, Empty: 0M, Relocated: 0M, In-Place: 0
[3.106s][info][gc,reloc    ] GC(10) Large Pages: 0 / 0M, Empty: 0M, Relocated: 0M, In-Place: 0
[3.106s][info][gc,reloc    ] GC(10) Forwarding Usage: 0M
[3.106s][info][gc,heap     ] GC(10) Min Capacity: 4096M(100%)
[3.106s][info][gc,heap     ] GC(10) Max Capacity: 4096M(100%)
[3.106s][info][gc,heap     ] GC(10) Soft Max Capacity: 4096M(100%)
[3.106s][info][gc,heap     ] GC(10)                Mark Start          Mark End        Relocate Start      Relocate End           High               Low         
[3.106s][info][gc,heap     ] GC(10)  Capacity:     4096M (100%)       4096M (100%)       4096M (100%)       4096M (100%)       4096M (100%)       4096M (100%)   
[3.106s][info][gc,heap     ] GC(10)      Free:     2860M (70%)        2860M (70%)        2860M (70%)        2860M (70%)        2860M (70%)        2854M (70%)    
[3.106s][info][gc,heap     ] GC(10)      Used:     1236M (30%)        1236M (30%)        1236M (30%)        1236M (30%)        1242M (30%)        1236M (30%)    
[3.106s][info][gc,heap     ] GC(10)      Live:         -              1095M (27%)        1095M (27%)        1095M (27%)            -                  -          
[3.106s][info][gc,heap     ] GC(10) Allocated:         -                 0M (0%)            0M (0%)            0M (0%)             -                  -          
[3.106s][info][gc,heap     ] GC(10)   Garbage:         -               140M (3%)          140M (3%)          140M (3%)             -                  -          
[3.106s][info][gc,heap     ] GC(10) Reclaimed:         -                  -                 0M (0%)            0M (0%)             -                  -          
[3.106s][info][gc          ] GC(10) Garbage Collection (Warmup) 1236M(30%)->1236M(30%)
[3.373s][info][gc,start    ] GC(11) Garbage Collection (Timer)
[3.374s][info][gc,task     ] GC(11) Using 3 workers
[3.374s][info][gc,phases   ] GC(11) Pause Mark Start 0.011ms
[3.389s][info][gc,phases   ] GC(11) Concurrent Mark 15.695ms
[3.389s][info][gc,phases   ] GC(11) Pause Mark End 0.011ms
[3.390s][info][gc,phases   ] GC(11) Concurrent Mark Free 0.001ms
[3.390s][info][gc,phases   ] GC(11) Concurrent Process Non-Strong References 0.740ms
[3.390s][info][gc,phases   ] GC(11) Concurrent Reset Relocation Set 0.001ms
[3.393s][info][gc,phases   ] GC(11) Concurrent Select Relocation Set 2.127ms
[3.393s][info][gc,phases   ] GC(11) Pause Relocate Start 0.004ms
[3.393s][info][gc,phases   ] GC(11) Concurrent Relocate 0.552ms
[3.393s][info][gc,load     ] GC(11) Load: 0.00/0.00/0.00
[3.393s][info][gc,mmu      ] GC(11) MMU: 2ms/99.4%, 5ms/99.6%, 10ms/99.8%, 20ms/99.9%, 50ms/99.9%, 100ms/100.0%
[3.393s][info][gc,marking  ] GC(11) Mark: 2 stripe(s), 2 proactive flush(es), 1 terminate flush(es), 0 completion(s), 0 continuation(s) 
[3.393s][info][gc,marking  ] GC(11) Mark Stack Usage: 32M
[3.393s][info][gc,nmethod  ] GC(11) NMethods: 459 registered, 0 unregistered
[3.393s][info][gc,metaspace] GC(11) Metaspace: 1M used, 1M committed, 1088M reserved
[3.394s][info][gc,ref      ] GC(11) Soft: 181 encountered, 0 discovered, 0 enqueued
[3.394s][info][gc,ref      ] GC(11) Weak: 263 encountered, 165 discovered, 0 enqueued
[3.394s][info][gc,ref      ] GC(11) Final: 0 encountered, 0 discovered, 0 enqueued
[3.394s][info][gc,ref      ] GC(11) Phantom: 7 encountered, 3 discovered, 0 enqueued
[3.394s][info][gc,reloc    ] GC(11) Small Pages: 602 / 1204M, Empty: 0M, Relocated: 0M, In-Place: 0
[3.394s][info][gc,reloc    ] GC(11) Medium Pages: 1 / 32M, Empty: 0M, Relocated: 0M, In-Place: 0
[3.394s][info][gc,reloc    ] GC(11) Large Pages: 0 / 0M, Empty: 0M, Relocated: 0M, In-Place: 0
[3.394s][info][gc,reloc    ] GC(11) Forwarding Usage: 0M
[3.394s][info][gc,heap     ] GC(11) Min Capacity: 4096M(100%)
[3.394s][info][gc,heap     ] GC(11) Max Capacity: 4096M(100%)
[3.394s][info][gc,heap     ] GC(11) Soft Max Capacity: 4096M(100%)
[3.394s][info][gc,heap     ] GC(11)                Mark Start          Mark End        Relocate Start      Relocate End           High               Low         
[3.394s][info][gc,heap     ] GC(11)  Capacity:     4096M (100%)       4096M (100%)       4096M (100%)       4096M (100%)       4096M (100%)       4096M (100%)   
[3.394s][info][gc,heap     ] GC(11)      Free:     2860M (70%)        2860M (70%)        2860M (70%)        2860M (70%)        2860M (70%)        2854M (70%)    
[3.394s][info][gc,heap     ] GC(11)      Used:     1236M (30%)        1236M (30%)        1236M (30%)        1236M (30%)        1242M (30%)        1236M (30%)    
[3.394s][info][gc,heap     ] GC(11)      Live:         -              1095M (27%)        1095M (27%)        1095M (27%)            -                  -          
[3.394s][info][gc,heap     ] GC(11) Allocated:         -                 0M (0%)            0M (0%)            0M (0%)             -                  -          
[3.394s][info][gc,heap     ] GC(11)   Garbage:         -               140M (3%)          140M (3%)          140M (3%)             -                  -          
[3.394s][info][gc,heap     ] GC(11) Reclaimed:         -                  -                 0M (0%)            0M (0%)             -                  -          
[3.394s][info][gc          ] GC(11) Garbage Collection (Timer) 1236M(30%)->1236M(30%)
[3.673s][info][gc,start    ] GC(12) Garbage Collection (Timer)
[3.673s][info][gc,task     ] GC(12) Using 3 workers
[3.673s][info][gc,phases   ] GC(12) Pause Mark Start 0.005ms
[3.686s][info][gc,phases   ] GC(12) Concurrent Mark 12.223ms
[3.686s][info][gc,phases   ] GC(12) Pause Mark End 0.009ms
[3.686s][info][gc,phases   ] GC(12) Concurrent Mark Free 0.001ms
[3.687s][info][gc,phases   ] GC(12) Concurrent Process Non-Strong References 0.734ms
[3.687s][info][gc,phases   ] GC(12) Concurrent Reset Relocation Set 0.001ms
[3.689s][info][gc,phases   ] GC(12) Concurrent Select Relocation Set 2.097ms
[3.689s][info][gc,phases   ] GC(12) Pause Relocate Start 0.005ms
[3.690s][info][gc,phases   ] GC(12) Concurrent Relocate 0.384ms
[3.690s][info][gc,load     ] GC(12) Load: 0.00/0.00/0.00
[3.690s][info][gc,mmu      ] GC(12) MMU: 2ms/99.4%, 5ms/99.6%, 10ms/99.8%, 20ms/99.9%, 50ms/99.9%, 100ms/100.0%
[3.690s][info][gc,marking  ] GC(12) Mark: 2 stripe(s), 3 proactive flush(es), 1 terminate flush(es), 0 completion(s), 0 continuation(s) 
[3.690s][info][gc,marking  ] GC(12) Mark Stack Usage: 32M
[3.690s][info][gc,nmethod  ] GC(12) NMethods: 459 registered, 0 unregistered
[3.690s][info][gc,metaspace] GC(12) Metaspace: 1M used, 1M committed, 1088M reserved
[3.690s][info][gc,ref      ] GC(12) Soft: 181 encountered, 0 discovered, 0 enqueued
[3.690s][info][gc,ref      ] GC(12) Weak: 263 encountered, 160 discovered, 0 enqueued
[3.690s][info][gc,ref      ] GC(12) Final: 0 encountered, 0 discovered, 0 enqueued
[3.690s][info][gc,ref      ] GC(12) Phantom: 7 encountered, 3 discovered, 0 enqueued
[3.690s][info][gc,reloc    ] GC(12) Small Pages: 602 / 1204M, Empty: 0M, Relocated: 0M, In-Place: 0
[3.690s][info][gc,reloc    ] GC(12) Medium Pages: 1 / 32M, Empty: 0M, Relocated: 0M, In-Place: 0
[3.690s][info][gc,reloc    ] GC(12) Large Pages: 0 / 0M, Empty: 0M, Relocated: 0M, In-Place: 0
[3.690s][info][gc,reloc    ] GC(12) Forwarding Usage: 0M
[3.690s][info][gc,heap     ] GC(12) Min Capacity: 4096M(100%)
[3.690s][info][gc,heap     ] GC(12) Max Capacity: 4096M(100%)
[3.690s][info][gc,heap     ] GC(12) Soft Max Capacity: 4096M(100%)
[3.690s][info][gc,heap     ] GC(12)                Mark Start          Mark End        Relocate Start      Relocate End           High               Low         
[3.690s][info][gc,heap     ] GC(12)  Capacity:     4096M (100%)       4096M (100%)       4096M (100%)       4096M (100%)       4096M (100%)       4096M (100%)   
[3.690s][info][gc,heap     ] GC(12)      Free:     2860M (70%)        2860M (70%)        2860M (70%)        2860M (70%)        2860M (70%)        2856M (70%)    
[3.690s][info][gc,heap     ] GC(12)      Used:     1236M (30%)        1236M (30%)        1236M (30%)        1236M (30%)        1240M (30%)        1236M (30%)    
[3.690s][info][gc,heap     ] GC(12)      Live:         -              1095M (27%)        1095M (27%)        1095M (27%)            -                  -          
[3.690s][info][gc,heap     ] GC(12) Allocated:         -                 0M (0%)            0M (0%)            0M (0%)             -                  -          
[3.690s][info][gc,heap     ] GC(12)   Garbage:         -               140M (3%)          140M (3%)          140M (3%)             -                  -          
[3.690s][info][gc,heap     ] GC(12) Reclaimed:         -                  -                 0M (0%)            0M (0%)             -                  -          
[3.690s][info][gc          ] GC(12) Garbage Collection (Timer) 1236M(30%)->1236M(30%)
[3.973s][info][gc,start    ] GC(13) Garbage Collection (Timer)
[3.973s][info][gc,task     ] GC(13) Using 3 workers
[3.973s][info][gc,phases   ] GC(13) Pause Mark Start 0.006ms
[3.986s][info][gc,phases   ] GC(13) Concurrent Mark 12.799ms
[3.986s][info][gc,phases   ] GC(13) Pause Mark End 0.010ms
[3.986s][info][gc,phases   ] GC(13) Concurrent Mark Free 0.001ms
[3.987s][info][gc,phases   ] GC(13) Concurrent Process Non-Strong References 0.854ms
[3.987s][info][gc,phases   ] GC(13) Concurrent Reset Relocation Set 0.001ms
[3.989s][info][gc,phases   ] GC(13) Concurrent Select Relocation Set 2.096ms
[3.989s][info][gc,phases   ] GC(13) Pause Relocate Start 0.005ms
[3.990s][info][gc,phases   ] GC(13) Concurrent Relocate 0.412ms
[3.990s][info][gc,load     ] GC(13) Load: 0.00/0.00/0.00
[3.990s][info][gc,mmu      ] GC(13) MMU: 2ms/99.4%, 5ms/99.6%, 10ms/99.8%, 20ms/99.9%, 50ms/99.9%, 100ms/100.0%
[3.990s][info][gc,marking  ] GC(13) Mark: 2 stripe(s), 5 proactive flush(es), 1 terminate flush(es), 0 completion(s), 0 continuation(s) 
[3.990s][info][gc,marking  ] GC(13) Mark Stack Usage: 32M
[3.990s][info][gc,nmethod  ] GC(13) NMethods: 459 registered, 0 unregistered
[3.990s][info][gc,metaspace] GC(13) Metaspace: 1M used, 1M committed, 1088M reserved
[3.990s][info][gc,ref      ] GC(13) Soft: 181 encountered, 0 discovered, 0 enqueued
[3.990s][info][gc,ref      ] GC(13) Weak: 263 encountered, 160 discovered, 0 enqueued
[3.990s][info][gc,ref      ] GC(13) Final: 0 encountered, 0 discovered, 0 enqueued
[3.990s][info][gc,ref      ] GC(13) Phantom: 7 encountered, 3 discovered, 0 enqueued
[3.990s][info][gc,reloc    ] GC(13) Small Pages: 602 / 1204M, Empty: 0M, Relocated: 0M, In-Place: 0
[3.990s][info][gc,reloc    ] GC(13) Medium Pages: 1 / 32M, Empty: 0M, Relocated: 0M, In-Place: 0
[3.990s][info][gc,reloc    ] GC(13) Large Pages: 0 / 0M, Empty: 0M, Relocated: 0M, In-Place: 0
[3.990s][info][gc,reloc    ] GC(13) Forwarding Usage: 0M
[3.990s][info][gc,heap     ] GC(13) Min Capacity: 4096M(100%)
[3.990s][info][gc,heap     ] GC(13) Max Capacity: 4096M(100%)
[3.990s][info][gc,heap     ] GC(13) Soft Max Capacity: 4096M(100%)
[3.990s][info][gc,heap     ] GC(13)                Mark Start          Mark End        Relocate Start      Relocate End           High               Low         
[3.990s][info][gc,heap     ] GC(13)  Capacity:     4096M (100%)       4096M (100%)       4096M (100%)       4096M (100%)       4096M (100%)       4096M (100%)   
[3.990s][info][gc,heap     ] GC(13)      Free:     2860M (70%)        2860M (70%)        2860M (70%)        2862M (70%)        2862M (70%)        2858M (70%)    
[3.990s][info][gc,heap     ] GC(13)      Used:     1236M (30%)        1236M (30%)        1236M (30%)        1234M (30%)        1238M (30%)        1234M (30%)    
[3.990s][info][gc,heap     ] GC(13)      Live:         -              1095M (27%)        1095M (27%)        1095M (27%)            -                  -          
[3.990s][info][gc,heap     ] GC(13) Allocated:         -                 0M (0%)            0M (0%)            0M (0%)             -                  -          
[3.990s][info][gc,heap     ] GC(13)   Garbage:         -               140M (3%)          140M (3%)          138M (3%)             -                  -          
[3.990s][info][gc,heap     ] GC(13) Reclaimed:         -                  -                 0M (0%)            2M (0%)             -                  -          
[3.990s][info][gc          ] GC(13) Garbage Collection (Timer) 1236M(30%)->1234M(30%)
[4.273s][info][gc,start    ] GC(14) Garbage Collection (Timer)
[4.273s][info][gc,task     ] GC(14) Using 3 workers
[4.274s][info][gc,phases   ] GC(14) Pause Mark Start 0.005ms
[4.286s][info][gc,phases   ] GC(14) Concurrent Mark 12.452ms
[4.286s][info][gc,phases   ] GC(14) Pause Mark End 0.010ms
[4.286s][info][gc,phases   ] GC(14) Concurrent Mark Free 0.001ms
[4.287s][info][gc,phases   ] GC(14) Concurrent Process Non-Strong References 0.865ms
[4.287s][info][gc,phases   ] GC(14) Concurrent Reset Relocation Set 0.001ms
[4.290s][info][gc,phases   ] GC(14) Concurrent Select Relocation Set 2.439ms
[4.290s][info][gc,phases   ] GC(14) Pause Relocate Start 0.006ms
[4.291s][info][gc,phases   ] GC(14) Concurrent Relocate 0.709ms
[4.291s][info][gc,load     ] GC(14) Load: 0.00/0.00/0.00
[4.291s][info][gc,mmu      ] GC(14) MMU: 2ms/99.4%, 5ms/99.6%, 10ms/99.8%, 20ms/99.9%, 50ms/99.9%, 100ms/100.0%
[4.291s][info][gc,marking  ] GC(14) Mark: 2 stripe(s), 2 proactive flush(es), 1 terminate flush(es), 0 completion(s), 0 continuation(s) 
[4.291s][info][gc,marking  ] GC(14) Mark Stack Usage: 32M
[4.291s][info][gc,nmethod  ] GC(14) NMethods: 466 registered, 0 unregistered
[4.291s][info][gc,metaspace] GC(14) Metaspace: 1M used, 1M committed, 1088M reserved
[4.291s][info][gc,ref      ] GC(14) Soft: 181 encountered, 0 discovered, 0 enqueued
[4.291s][info][gc,ref      ] GC(14) Weak: 263 encountered, 161 discovered, 0 enqueued
[4.291s][info][gc,ref      ] GC(14) Final: 0 encountered, 0 discovered, 0 enqueued
[4.291s][info][gc,ref      ] GC(14) Phantom: 7 encountered, 2 discovered, 0 enqueued
[4.291s][info][gc,reloc    ] GC(14) Small Pages: 681 / 1362M, Empty: 0M, Relocated: 0M, In-Place: 0
[4.291s][info][gc,reloc    ] GC(14) Medium Pages: 1 / 32M, Empty: 0M, Relocated: 0M, In-Place: 0
[4.291s][info][gc,reloc    ] GC(14) Large Pages: 0 / 0M, Empty: 0M, Relocated: 0M, In-Place: 0
[4.291s][info][gc,reloc    ] GC(14) Forwarding Usage: 0M
[4.291s][info][gc,heap     ] GC(14) Min Capacity: 4096M(100%)
[4.291s][info][gc,heap     ] GC(14) Max Capacity: 4096M(100%)
[4.291s][info][gc,heap     ] GC(14) Soft Max Capacity: 4096M(100%)
[4.291s][info][gc,heap     ] GC(14)                Mark Start          Mark End        Relocate Start      Relocate End           High               Low         
[4.291s][info][gc,heap     ] GC(14)  Capacity:     4096M (100%)       4096M (100%)       4096M (100%)       4096M (100%)       4096M (100%)       4096M (100%)   
[4.291s][info][gc,heap     ] GC(14)      Free:     2702M (66%)        2698M (66%)        2696M (66%)        2696M (66%)        2702M (66%)        2692M (66%)    
[4.291s][info][gc,heap     ] GC(14)      Used:     1394M (34%)        1398M (34%)        1400M (34%)        1400M (34%)        1404M (34%)        1394M (34%)    
[4.291s][info][gc,heap     ] GC(14)      Live:         -              1241M (30%)        1241M (30%)        1241M (30%)            -                  -          
[4.291s][info][gc,heap     ] GC(14) Allocated:         -                 4M (0%)            6M (0%)            6M (0%)             -                  -          
[4.292s][info][gc,heap     ] GC(14)   Garbage:         -               152M (4%)          152M (4%)          152M (4%)             -                  -          
[4.292s][info][gc,heap     ] GC(14) Reclaimed:         -                  -                 0M (0%)            0M (0%)             -                  -          
[4.292s][info][gc          ] GC(14) Garbage Collection (Timer) 1394M(34%)->1400M(34%)
[4.573s][info][gc,start    ] GC(15) Garbage Collection (Timer)
[4.573s][info][gc,task     ] GC(15) Using 3 workers
[4.573s][info][gc,phases   ] GC(15) Pause Mark Start 0.006ms
[4.592s][info][gc,phases   ] GC(15) Concurrent Mark 19.171ms
[4.592s][info][gc,phases   ] GC(15) Pause Mark End 0.010ms
[4.592s][info][gc,phases   ] GC(15) Concurrent Mark Free 0.001ms
[4.593s][info][gc,phases   ] GC(15) Concurrent Process Non-Strong References 0.782ms
[4.593s][info][gc,phases   ] GC(15) Concurrent Reset Relocation Set 0.001ms
[4.596s][info][gc,phases   ] GC(15) Concurrent Select Relocation Set 2.553ms
[4.596s][info][gc,phases   ] GC(15) Pause Relocate Start 0.006ms
[4.598s][info][gc,phases   ] GC(15) Concurrent Relocate 1.591ms
[4.598s][info][gc,load     ] GC(15) Load: 0.00/0.00/0.00
[4.598s][info][gc,mmu      ] GC(15) MMU: 2ms/99.4%, 5ms/99.6%, 10ms/99.8%, 20ms/99.9%, 50ms/99.9%, 100ms/100.0%
[4.598s][info][gc,marking  ] GC(15) Mark: 2 stripe(s), 2 proactive flush(es), 1 terminate flush(es), 0 completion(s), 0 continuation(s) 
[4.598s][info][gc,marking  ] GC(15) Mark Stack Usage: 32M
[4.598s][info][gc,nmethod  ] GC(15) NMethods: 466 registered, 0 unregistered
[4.598s][info][gc,metaspace] GC(15) Metaspace: 1M used, 1M committed, 1088M reserved
[4.598s][info][gc,ref      ] GC(15) Soft: 181 encountered, 0 discovered, 0 enqueued
[4.598s][info][gc,ref      ] GC(15) Weak: 263 encountered, 0 discovered, 0 enqueued
[4.598s][info][gc,ref      ] GC(15) Final: 0 encountered, 0 discovered, 0 enqueued
[4.598s][info][gc,ref      ] GC(15) Phantom: 7 encountered, 3 discovered, 0 enqueued
[4.598s][info][gc,reloc    ] GC(15) Small Pages: 769 / 1538M, Empty: 0M, Relocated: 3M, In-Place: 0
[4.598s][info][gc,reloc    ] GC(15) Medium Pages: 2 / 64M, Empty: 32M, Relocated: 0M, In-Place: 0
[4.598s][info][gc,reloc    ] GC(15) Large Pages: 0 / 0M, Empty: 0M, Relocated: 0M, In-Place: 0
[4.598s][info][gc,reloc    ] GC(15) Forwarding Usage: 0M
[4.598s][info][gc,heap     ] GC(15) Min Capacity: 4096M(100%)
[4.598s][info][gc,heap     ] GC(15) Max Capacity: 4096M(100%)
[4.598s][info][gc,heap     ] GC(15) Soft Max Capacity: 4096M(100%)
[4.598s][info][gc,heap     ] GC(15)                Mark Start          Mark End        Relocate Start      Relocate End           High               Low         
[4.598s][info][gc,heap     ] GC(15)  Capacity:     4096M (100%)       4096M (100%)       4096M (100%)       4096M (100%)       4096M (100%)       4096M (100%)   
[4.598s][info][gc,heap     ] GC(15)      Free:     2494M (61%)        2490M (61%)        2520M (62%)        2522M (62%)        2522M (62%)        2488M (61%)    
[4.598s][info][gc,heap     ] GC(15)      Used:     1602M (39%)        1606M (39%)        1576M (38%)        1574M (38%)        1608M (39%)        1574M (38%)    
[4.598s][info][gc,heap     ] GC(15)      Live:         -              1402M (34%)        1402M (34%)        1402M (34%)            -                  -          
[4.598s][info][gc,heap     ] GC(15) Allocated:         -                 4M (0%)            6M (0%)            5M (0%)             -                  -          
[4.598s][info][gc,heap     ] GC(15)   Garbage:         -               199M (5%)          167M (4%)          165M (4%)             -                  -          
[4.598s][info][gc,heap     ] GC(15) Reclaimed:         -                  -                32M (1%)           33M (1%)             -                  -          
[4.598s][info][gc          ] GC(15) Garbage Collection (Timer) 1602M(39%)->1574M(38%)
[4.873s][info][gc,start    ] GC(16) Garbage Collection (Timer)
[4.873s][info][gc,task     ] GC(16) Using 3 workers
[4.873s][info][gc,phases   ] GC(16) Pause Mark Start 0.006ms
[4.893s][info][gc,phases   ] GC(16) Concurrent Mark 19.754ms
[4.893s][info][gc,phases   ] GC(16) Pause Mark End 0.009ms
[4.894s][info][gc,phases   ] GC(16) Concurrent Mark Free 0.001ms
[4.895s][info][gc,phases   ] GC(16) Concurrent Process Non-Strong References 0.916ms
[4.895s][info][gc,phases   ] GC(16) Concurrent Reset Relocation Set 0.001ms
[4.897s][info][gc,phases   ] GC(16) Concurrent Select Relocation Set 2.262ms
[4.897s][info][gc,phases   ] GC(16) Pause Relocate Start 0.006ms
[4.898s][info][gc,phases   ] GC(16) Concurrent Relocate 0.830ms
[4.898s][info][gc,load     ] GC(16) Load: 0.00/0.00/0.00
[4.898s][info][gc,mmu      ] GC(16) MMU: 2ms/99.4%, 5ms/99.6%, 10ms/99.8%, 20ms/99.9%, 50ms/99.9%, 100ms/100.0%
[4.898s][info][gc,marking  ] GC(16) Mark: 2 stripe(s), 2 proactive flush(es), 1 terminate flush(es), 0 completion(s), 0 continuation(s) 
[4.898s][info][gc,marking  ] GC(16) Mark Stack Usage: 32M
[4.898s][info][gc,nmethod  ] GC(16) NMethods: 466 registered, 0 unregistered
[4.898s][info][gc,metaspace] GC(16) Metaspace: 1M used, 1M committed, 1088M reserved
[4.898s][info][gc,ref      ] GC(16) Soft: 181 encountered, 0 discovered, 0 enqueued
[4.898s][info][gc,ref      ] GC(16) Weak: 263 encountered, 200 discovered, 0 enqueued
[4.898s][info][gc,ref      ] GC(16) Final: 0 encountered, 0 discovered, 0 enqueued
[4.898s][info][gc,ref      ] GC(16) Phantom: 7 encountered, 1 discovered, 0 enqueued
[4.898s][info][gc,reloc    ] GC(16) Small Pages: 849 / 1698M, Empty: 0M, Relocated: 1M, In-Place: 0
[4.898s][info][gc,reloc    ] GC(16) Medium Pages: 1 / 32M, Empty: 0M, Relocated: 0M, In-Place: 0
[4.898s][info][gc,reloc    ] GC(16) Large Pages: 0 / 0M, Empty: 0M, Relocated: 0M, In-Place: 0
[4.898s][info][gc,reloc    ] GC(16) Forwarding Usage: 0M
[4.898s][info][gc,heap     ] GC(16) Min Capacity: 4096M(100%)
[4.898s][info][gc,heap     ] GC(16) Max Capacity: 4096M(100%)
[4.898s][info][gc,heap     ] GC(16) Soft Max Capacity: 4096M(100%)
[4.898s][info][gc,heap     ] GC(16)                Mark Start          Mark End        Relocate Start      Relocate End           High               Low         
[4.898s][info][gc,heap     ] GC(16)  Capacity:     4096M (100%)       4096M (100%)       4096M (100%)       4096M (100%)       4096M (100%)       4096M (100%)   
[4.898s][info][gc,heap     ] GC(16)      Free:     2366M (58%)        2362M (58%)        2360M (58%)        2360M (58%)        2366M (58%)        2356M (58%)    
[4.898s][info][gc,heap     ] GC(16)      Used:     1730M (42%)        1734M (42%)        1736M (42%)        1736M (42%)        1740M (42%)        1730M (42%)    
[4.899s][info][gc,heap     ] GC(16)      Live:         -              1550M (38%)        1550M (38%)        1550M (38%)            -                  -          
[4.899s][info][gc,heap     ] GC(16) Allocated:         -                 4M (0%)            6M (0%)            6M (0%)             -                  -          
[4.899s][info][gc,heap     ] GC(16)   Garbage:         -               179M (4%)          179M (4%)          179M (4%)             -                  -          
[4.899s][info][gc,heap     ] GC(16) Reclaimed:         -                  -                 0M (0%)            0M (0%)             -                  -          
[4.899s][info][gc          ] GC(16) Garbage Collection (Timer) 1730M(42%)->1736M(42%)
[5.173s][info][gc,start    ] GC(17) Garbage Collection (Timer)
[5.173s][info][gc,task     ] GC(17) Using 3 workers
[5.173s][info][gc,phases   ] GC(17) Pause Mark Start 0.006ms
[5.195s][info][gc,phases   ] GC(17) Concurrent Mark 21.122ms
[5.195s][info][gc,phases   ] GC(17) Pause Mark End 0.010ms
[5.195s][info][gc,phases   ] GC(17) Concurrent Mark Free 0.001ms
[5.196s][info][gc,phases   ] GC(17) Concurrent Process Non-Strong References 0.930ms
[5.196s][info][gc,phases   ] GC(17) Concurrent Reset Relocation Set 0.001ms
[5.198s][info][gc,phases   ] GC(17) Concurrent Select Relocation Set 2.522ms
[5.199s][info][gc,phases   ] GC(17) Pause Relocate Start 0.005ms
[5.200s][info][gc,phases   ] GC(17) Concurrent Relocate 0.868ms
[5.200s][info][gc,load     ] GC(17) Load: 0.00/0.00/0.00
[5.200s][info][gc,mmu      ] GC(17) MMU: 2ms/99.4%, 5ms/99.6%, 10ms/99.8%, 20ms/99.9%, 50ms/99.9%, 100ms/100.0%
[5.200s][info][gc,marking  ] GC(17) Mark: 2 stripe(s), 1 proactive flush(es), 1 terminate flush(es), 0 completion(s), 0 continuation(s) 
[5.200s][info][gc,marking  ] GC(17) Mark Stack Usage: 32M
[5.200s][info][gc,nmethod  ] GC(17) NMethods: 466 registered, 0 unregistered
[5.200s][info][gc,metaspace] GC(17) Metaspace: 1M used, 1M committed, 1088M reserved
[5.200s][info][gc,ref      ] GC(17) Soft: 181 encountered, 0 discovered, 0 enqueued
[5.200s][info][gc,ref      ] GC(17) Weak: 263 encountered, 163 discovered, 0 enqueued
[5.200s][info][gc,ref      ] GC(17) Final: 0 encountered, 0 discovered, 0 enqueued
[5.200s][info][gc,ref      ] GC(17) Phantom: 7 encountered, 3 discovered, 0 enqueued
[5.200s][info][gc,reloc    ] GC(17) Small Pages: 903 / 1806M, Empty: 0M, Relocated: 1M, In-Place: 0
[5.200s][info][gc,reloc    ] GC(17) Medium Pages: 1 / 32M, Empty: 0M, Relocated: 0M, In-Place: 0
[5.200s][info][gc,reloc    ] GC(17) Large Pages: 0 / 0M, Empty: 0M, Relocated: 0M, In-Place: 0
[5.200s][info][gc,reloc    ] GC(17) Forwarding Usage: 0M
[5.200s][info][gc,heap     ] GC(17) Min Capacity: 4096M(100%)
[5.200s][info][gc,heap     ] GC(17) Max Capacity: 4096M(100%)
[5.200s][info][gc,heap     ] GC(17) Soft Max Capacity: 4096M(100%)
[5.200s][info][gc,heap     ] GC(17)                Mark Start          Mark End        Relocate Start      Relocate End           High               Low         
[5.200s][info][gc,heap     ] GC(17)  Capacity:     4096M (100%)       4096M (100%)       4096M (100%)       4096M (100%)       4096M (100%)       4096M (100%)   
[5.200s][info][gc,heap     ] GC(17)      Free:     2258M (55%)        2258M (55%)        2258M (55%)        2258M (55%)        2258M (55%)        2254M (55%)    
[5.200s][info][gc,heap     ] GC(17)      Used:     1838M (45%)        1838M (45%)        1838M (45%)        1838M (45%)        1842M (45%)        1838M (45%)    
[5.200s][info][gc,heap     ] GC(17)      Live:         -              1649M (40%)        1649M (40%)        1649M (40%)            -                  -          
[5.200s][info][gc,heap     ] GC(17) Allocated:         -                 0M (0%)            0M (0%)            0M (0%)             -                  -          
[5.200s][info][gc,heap     ] GC(17)   Garbage:         -               188M (5%)          188M (5%)          188M (5%)             -                  -          
[5.200s][info][gc,heap     ] GC(17) Reclaimed:         -                  -                 0M (0%)            0M (0%)             -                  -          
[5.200s][info][gc          ] GC(17) Garbage Collection (Timer) 1838M(45%)->1838M(45%)
[5.474s][info][gc,start    ] GC(18) Garbage Collection (Timer)
[5.474s][info][gc,task     ] GC(18) Using 3 workers
[5.474s][info][gc,phases   ] GC(18) Pause Mark Start 0.006ms
[5.488s][info][gc,phases   ] GC(18) Concurrent Mark 14.212ms
[5.488s][info][gc,phases   ] GC(18) Pause Mark End 0.009ms
[5.488s][info][gc,phases   ] GC(18) Concurrent Mark Free 0.001ms
[5.489s][info][gc,phases   ] GC(18) Concurrent Process Non-Strong References 0.826ms
[5.489s][info][gc,phases   ] GC(18) Concurrent Reset Relocation Set 0.001ms
[5.491s][info][gc,phases   ] GC(18) Concurrent Select Relocation Set 2.148ms
[5.492s][info][gc,phases   ] GC(18) Pause Relocate Start 0.005ms
[5.492s][info][gc,phases   ] GC(18) Concurrent Relocate 0.435ms
[5.492s][info][gc,load     ] GC(18) Load: 0.00/0.00/0.00
[5.492s][info][gc,mmu      ] GC(18) MMU: 2ms/99.4%, 5ms/99.6%, 10ms/99.8%, 20ms/99.9%, 50ms/99.9%, 100ms/100.0%
[5.492s][info][gc,marking  ] GC(18) Mark: 2 stripe(s), 2 proactive flush(es), 1 terminate flush(es), 0 completion(s), 0 continuation(s) 
[5.492s][info][gc,marking  ] GC(18) Mark Stack Usage: 32M
[5.492s][info][gc,nmethod  ] GC(18) NMethods: 466 registered, 0 unregistered
[5.492s][info][gc,metaspace] GC(18) Metaspace: 1M used, 1M committed, 1088M reserved
[5.492s][info][gc,ref      ] GC(18) Soft: 181 encountered, 0 discovered, 0 enqueued
[5.492s][info][gc,ref      ] GC(18) Weak: 263 encountered, 1 discovered, 0 enqueued
[5.492s][info][gc,ref      ] GC(18) Final: 0 encountered, 0 discovered, 0 enqueued
[5.492s][info][gc,ref      ] GC(18) Phantom: 7 encountered, 3 discovered, 0 enqueued
[5.492s][info][gc,reloc    ] GC(18) Small Pages: 903 / 1806M, Empty: 0M, Relocated: 1M, In-Place: 0
[5.492s][info][gc,reloc    ] GC(18) Medium Pages: 1 / 32M, Empty: 0M, Relocated: 0M, In-Place: 0
[5.492s][info][gc,reloc    ] GC(18) Large Pages: 0 / 0M, Empty: 0M, Relocated: 0M, In-Place: 0
[5.492s][info][gc,reloc    ] GC(18) Forwarding Usage: 0M
[5.492s][info][gc,heap     ] GC(18) Min Capacity: 4096M(100%)
[5.492s][info][gc,heap     ] GC(18) Max Capacity: 4096M(100%)
[5.492s][info][gc,heap     ] GC(18) Soft Max Capacity: 4096M(100%)
[5.493s][info][gc,heap     ] GC(18)                Mark Start          Mark End        Relocate Start      Relocate End           High               Low         
[5.493s][info][gc,heap     ] GC(18)  Capacity:     4096M (100%)       4096M (100%)       4096M (100%)       4096M (100%)       4096M (100%)       4096M (100%)   
[5.493s][info][gc,heap     ] GC(18)      Free:     2258M (55%)        2258M (55%)        2258M (55%)        2258M (55%)        2258M (55%)        2254M (55%)    
[5.493s][info][gc,heap     ] GC(18)      Used:     1838M (45%)        1838M (45%)        1838M (45%)        1838M (45%)        1842M (45%)        1838M (45%)    
[5.493s][info][gc,heap     ] GC(18)      Live:         -              1649M (40%)        1649M (40%)        1649M (40%)            -                  -          
[5.493s][info][gc,heap     ] GC(18) Allocated:         -                 0M (0%)            0M (0%)            0M (0%)             -                  -          
[5.493s][info][gc,heap     ] GC(18)   Garbage:         -               188M (5%)          188M (5%)          188M (5%)             -                  -          
[5.493s][info][gc,heap     ] GC(18) Reclaimed:         -                  -                 0M (0%)            0M (0%)             -                  -          
[5.493s][info][gc          ] GC(18) Garbage Collection (Timer) 1838M(45%)->1838M(45%)
[5.773s][info][gc,start    ] GC(19) Garbage Collection (Timer)
[5.773s][info][gc,task     ] GC(19) Using 3 workers
[5.774s][info][gc,phases   ] GC(19) Pause Mark Start 0.005ms
[5.785s][info][gc,phases   ] GC(19) Concurrent Mark 11.189ms
[5.785s][info][gc,phases   ] GC(19) Pause Mark End 0.010ms
[5.785s][info][gc,phases   ] GC(19) Concurrent Mark Free 0.001ms
[5.786s][info][gc,phases   ] GC(19) Concurrent Process Non-Strong References 0.819ms
[5.786s][info][gc,phases   ] GC(19) Concurrent Reset Relocation Set 0.001ms
[5.788s][info][gc,phases   ] GC(19) Concurrent Select Relocation Set 2.109ms
[5.788s][info][gc,phases   ] GC(19) Pause Relocate Start 0.005ms
[5.789s][info][gc,phases   ] GC(19) Concurrent Relocate 0.507ms
[5.789s][info][gc,load     ] GC(19) Load: 0.00/0.00/0.00
[5.789s][info][gc,mmu      ] GC(19) MMU: 2ms/99.4%, 5ms/99.6%, 10ms/99.8%, 20ms/99.9%, 50ms/99.9%, 100ms/100.0%
[5.789s][info][gc,marking  ] GC(19) Mark: 2 stripe(s), 1 proactive flush(es), 1 terminate flush(es), 0 completion(s), 0 continuation(s) 
[5.789s][info][gc,marking  ] GC(19) Mark Stack Usage: 32M
[5.789s][info][gc,nmethod  ] GC(19) NMethods: 466 registered, 0 unregistered
[5.789s][info][gc,metaspace] GC(19) Metaspace: 1M used, 1M committed, 1088M reserved
[5.789s][info][gc,ref      ] GC(19) Soft: 181 encountered, 0 discovered, 0 enqueued
[5.789s][info][gc,ref      ] GC(19) Weak: 263 encountered, 162 discovered, 0 enqueued
[5.789s][info][gc,ref      ] GC(19) Final: 0 encountered, 0 discovered, 0 enqueued
[5.789s][info][gc,ref      ] GC(19) Phantom: 7 encountered, 3 discovered, 0 enqueued
[5.789s][info][gc,reloc    ] GC(19) Small Pages: 903 / 1806M, Empty: 0M, Relocated: 1M, In-Place: 0
[5.789s][info][gc,reloc    ] GC(19) Medium Pages: 1 / 32M, Empty: 0M, Relocated: 0M, In-Place: 0
[5.789s][info][gc,reloc    ] GC(19) Large Pages: 0 / 0M, Empty: 0M, Relocated: 0M, In-Place: 0
[5.789s][info][gc,reloc    ] GC(19) Forwarding Usage: 0M
[5.789s][info][gc,heap     ] GC(19) Min Capacity: 4096M(100%)
[5.789s][info][gc,heap     ] GC(19) Max Capacity: 4096M(100%)
[5.789s][info][gc,heap     ] GC(19) Soft Max Capacity: 4096M(100%)
[5.789s][info][gc,heap     ] GC(19)                Mark Start          Mark End        Relocate Start      Relocate End           High               Low         
[5.789s][info][gc,heap     ] GC(19)  Capacity:     4096M (100%)       4096M (100%)       4096M (100%)       4096M (100%)       4096M (100%)       4096M (100%)   
[5.789s][info][gc,heap     ] GC(19)      Free:     2258M (55%)        2258M (55%)        2258M (55%)        2258M (55%)        2258M (55%)        2254M (55%)    
[5.789s][info][gc,heap     ] GC(19)      Used:     1838M (45%)        1838M (45%)        1838M (45%)        1838M (45%)        1842M (45%)        1838M (45%)    
[5.789s][info][gc,heap     ] GC(19)      Live:         -              1649M (40%)        1649M (40%)        1649M (40%)            -                  -          
[5.789s][info][gc,heap     ] GC(19) Allocated:         -                 0M (0%)            0M (0%)            0M (0%)             -                  -          
[5.789s][info][gc,heap     ] GC(19)   Garbage:         -               188M (5%)          188M (5%)          188M (5%)             -                  -          
[5.789s][info][gc,heap     ] GC(19) Reclaimed:         -                  -                 0M (0%)            0M (0%)             -                  -          
[5.789s][info][gc          ] GC(19) Garbage Collection (Timer) 1838M(45%)->1838M(45%)
[6.073s][info][gc,start    ] GC(20) Garbage Collection (Timer)
[6.073s][info][gc,task     ] GC(20) Using 3 workers
[6.073s][info][gc,phases   ] GC(20) Pause Mark Start 0.006ms
[6.086s][info][gc,phases   ] GC(20) Concurrent Mark 12.911ms
[6.086s][info][gc,phases   ] GC(20) Pause Mark End 0.011ms
[6.086s][info][gc,phases   ] GC(20) Concurrent Mark Free 0.001ms
[6.087s][info][gc,phases   ] GC(20) Concurrent Process Non-Strong References 0.814ms
[6.087s][info][gc,phases   ] GC(20) Concurrent Reset Relocation Set 0.001ms
[6.090s][info][gc,phases   ] GC(20) Concurrent Select Relocation Set 2.371ms
[6.090s][info][gc,phases   ] GC(20) Pause Relocate Start 0.005ms
[6.091s][info][gc,phases   ] GC(20) Concurrent Relocate 0.590ms
[6.091s][info][gc,load     ] GC(20) Load: 0.00/0.00/0.00
[6.091s][info][gc,mmu      ] GC(20) MMU: 2ms/99.4%, 5ms/99.6%, 10ms/99.8%, 20ms/99.9%, 50ms/99.9%, 100ms/100.0%
[6.091s][info][gc,marking  ] GC(20) Mark: 2 stripe(s), 9 proactive flush(es), 1 terminate flush(es), 0 completion(s), 0 continuation(s) 
[6.091s][info][gc,marking  ] GC(20) Mark Stack Usage: 32M
[6.091s][info][gc,nmethod  ] GC(20) NMethods: 467 registered, 0 unregistered
[6.091s][info][gc,metaspace] GC(20) Metaspace: 1M used, 1M committed, 1088M reserved
[6.091s][info][gc,ref      ] GC(20) Soft: 181 encountered, 0 discovered, 0 enqueued
[6.091s][info][gc,ref      ] GC(20) Weak: 263 encountered, 160 discovered, 0 enqueued
[6.091s][info][gc,ref      ] GC(20) Final: 0 encountered, 0 discovered, 0 enqueued
[6.091s][info][gc,ref      ] GC(20) Phantom: 7 encountered, 3 discovered, 0 enqueued
[6.091s][info][gc,reloc    ] GC(20) Small Pages: 903 / 1806M, Empty: 0M, Relocated: 1M, In-Place: 0
[6.091s][info][gc,reloc    ] GC(20) Medium Pages: 1 / 32M, Empty: 0M, Relocated: 0M, In-Place: 0
[6.091s][info][gc,reloc    ] GC(20) Large Pages: 0 / 0M, Empty: 0M, Relocated: 0M, In-Place: 0
[6.091s][info][gc,reloc    ] GC(20) Forwarding Usage: 0M
[6.091s][info][gc,heap     ] GC(20) Min Capacity: 4096M(100%)
[6.091s][info][gc,heap     ] GC(20) Max Capacity: 4096M(100%)
[6.091s][info][gc,heap     ] GC(20) Soft Max Capacity: 4096M(100%)
[6.091s][info][gc,heap     ] GC(20)                Mark Start          Mark End        Relocate Start      Relocate End           High               Low         
[6.091s][info][gc,heap     ] GC(20)  Capacity:     4096M (100%)       4096M (100%)       4096M (100%)       4096M (100%)       4096M (100%)       4096M (100%)   
[6.091s][info][gc,heap     ] GC(20)      Free:     2258M (55%)        2258M (55%)        2258M (55%)        2256M (55%)        2258M (55%)        2254M (55%)    
[6.091s][info][gc,heap     ] GC(20)      Used:     1838M (45%)        1838M (45%)        1838M (45%)        1840M (45%)        1842M (45%)        1838M (45%)    
[6.091s][info][gc,heap     ] GC(20)      Live:         -              1649M (40%)        1649M (40%)        1649M (40%)            -                  -          
[6.091s][info][gc,heap     ] GC(20) Allocated:         -                 0M (0%)            0M (0%)            2M (0%)             -                  -          
[6.091s][info][gc,heap     ] GC(20)   Garbage:         -               188M (5%)          188M (5%)          188M (5%)             -                  -          
[6.091s][info][gc,heap     ] GC(20) Reclaimed:         -                  -                 0M (0%)            0M (0%)             -                  -          
[6.091s][info][gc          ] GC(20) Garbage Collection (Timer) 1838M(45%)->1840M(45%)
[6.374s][info][gc,start    ] GC(21) Garbage Collection (Timer)
[6.374s][info][gc,task     ] GC(21) Using 3 workers
[6.374s][info][gc,phases   ] GC(21) Pause Mark Start 0.006ms
[6.389s][info][gc,phases   ] GC(21) Concurrent Mark 15.190ms
[6.390s][info][gc,phases   ] GC(21) Pause Mark End 0.009ms
[6.390s][info][gc,phases   ] GC(21) Concurrent Mark Free 0.001ms
[6.390s][info][gc,phases   ] GC(21) Concurrent Process Non-Strong References 0.731ms
[6.390s][info][gc,phases   ] GC(21) Concurrent Reset Relocation Set 0.001ms
[6.393s][info][gc,phases   ] GC(21) Concurrent Select Relocation Set 2.502ms
[6.393s][info][gc,phases   ] GC(21) Pause Relocate Start 0.007ms
[6.394s][info][gc,phases   ] GC(21) Concurrent Relocate 0.850ms
[6.394s][info][gc,load     ] GC(21) Load: 0.00/0.00/0.00
[6.394s][info][gc,mmu      ] GC(21) MMU: 2ms/99.4%, 5ms/99.6%, 10ms/99.8%, 20ms/99.9%, 50ms/99.9%, 100ms/100.0%
[6.394s][info][gc,marking  ] GC(21) Mark: 2 stripe(s), 2 proactive flush(es), 1 terminate flush(es), 0 completion(s), 0 continuation(s) 
[6.394s][info][gc,marking  ] GC(21) Mark Stack Usage: 32M
[6.394s][info][gc,nmethod  ] GC(21) NMethods: 481 registered, 0 unregistered
[6.394s][info][gc,metaspace] GC(21) Metaspace: 1M used, 1M committed, 1088M reserved
[6.394s][info][gc,ref      ] GC(21) Soft: 181 encountered, 0 discovered, 0 enqueued
[6.394s][info][gc,ref      ] GC(21) Weak: 263 encountered, 0 discovered, 0 enqueued
[6.394s][info][gc,ref      ] GC(21) Final: 0 encountered, 0 discovered, 0 enqueued
[6.394s][info][gc,ref      ] GC(21) Phantom: 7 encountered, 2 discovered, 0 enqueued
[6.394s][info][gc,reloc    ] GC(21) Small Pages: 982 / 1964M, Empty: 0M, Relocated: 1M, In-Place: 0
[6.394s][info][gc,reloc    ] GC(21) Medium Pages: 1 / 32M, Empty: 0M, Relocated: 0M, In-Place: 0
[6.394s][info][gc,reloc    ] GC(21) Large Pages: 0 / 0M, Empty: 0M, Relocated: 0M, In-Place: 0
[6.394s][info][gc,reloc    ] GC(21) Forwarding Usage: 0M
[6.394s][info][gc,heap     ] GC(21) Min Capacity: 4096M(100%)
[6.394s][info][gc,heap     ] GC(21) Max Capacity: 4096M(100%)
[6.395s][info][gc,heap     ] GC(21) Soft Max Capacity: 4096M(100%)
[6.395s][info][gc,heap     ] GC(21)                Mark Start          Mark End        Relocate Start      Relocate End           High               Low         
[6.395s][info][gc,heap     ] GC(21)  Capacity:     4096M (100%)       4096M (100%)       4096M (100%)       4096M (100%)       4096M (100%)       4096M (100%)   
[6.395s][info][gc,heap     ] GC(21)      Free:     2100M (51%)        2096M (51%)        2096M (51%)        2096M (51%)        2100M (51%)        2092M (51%)    
[6.395s][info][gc,heap     ] GC(21)      Used:     1996M (49%)        2000M (49%)        2000M (49%)        2000M (49%)        2004M (49%)        1996M (49%)    
[6.395s][info][gc,heap     ] GC(21)      Live:         -              1794M (44%)        1794M (44%)        1794M (44%)            -                  -          
[6.395s][info][gc,heap     ] GC(21) Allocated:         -                 4M (0%)            4M (0%)            4M (0%)             -                  -          
[6.395s][info][gc,heap     ] GC(21)   Garbage:         -               201M (5%)          201M (5%)          201M (5%)             -                  -          
[6.395s][info][gc,heap     ] GC(21) Reclaimed:         -                  -                 0M (0%)            0M (0%)             -                  -          
[6.395s][info][gc          ] GC(21) Garbage Collection (Timer) 1996M(49%)->2000M(49%)
[6.673s][info][gc,start    ] GC(22) Garbage Collection (Timer)
[6.673s][info][gc,task     ] GC(22) Using 3 workers
[6.673s][info][gc,phases   ] GC(22) Pause Mark Start 0.006ms
[6.692s][info][gc,phases   ] GC(22) Concurrent Mark 18.859ms
[6.692s][info][gc,phases   ] GC(22) Pause Mark End 0.009ms
[6.692s][info][gc,phases   ] GC(22) Concurrent Mark Free 0.001ms
[6.693s][info][gc,phases   ] GC(22) Concurrent Process Non-Strong References 0.668ms
[6.693s][info][gc,phases   ] GC(22) Concurrent Reset Relocation Set 0.001ms
[6.695s][info][gc,phases   ] GC(22) Concurrent Select Relocation Set 2.156ms
[6.695s][info][gc,phases   ] GC(22) Pause Relocate Start 0.006ms
[6.696s][info][gc,phases   ] GC(22) Concurrent Relocate 0.837ms
[6.696s][info][gc,load     ] GC(22) Load: 0.00/0.00/0.00
[6.696s][info][gc,mmu      ] GC(22) MMU: 2ms/99.4%, 5ms/99.6%, 10ms/99.8%, 20ms/99.9%, 50ms/99.9%, 100ms/100.0%
[6.696s][info][gc,marking  ] GC(22) Mark: 2 stripe(s), 2 proactive flush(es), 1 terminate flush(es), 0 completion(s), 0 continuation(s) 
[6.696s][info][gc,marking  ] GC(22) Mark Stack Usage: 32M
[6.696s][info][gc,nmethod  ] GC(22) NMethods: 481 registered, 0 unregistered
[6.696s][info][gc,metaspace] GC(22) Metaspace: 1M used, 1M committed, 1088M reserved
[6.696s][info][gc,ref      ] GC(22) Soft: 181 encountered, 0 discovered, 0 enqueued
[6.696s][info][gc,ref      ] GC(22) Weak: 263 encountered, 0 discovered, 0 enqueued
[6.696s][info][gc,ref      ] GC(22) Final: 0 encountered, 0 discovered, 0 enqueued
[6.696s][info][gc,ref      ] GC(22) Phantom: 7 encountered, 3 discovered, 0 enqueued
[6.696s][info][gc,reloc    ] GC(22) Small Pages: 1056 / 2112M, Empty: 0M, Relocated: 1M, In-Place: 0
[6.696s][info][gc,reloc    ] GC(22) Medium Pages: 1 / 32M, Empty: 0M, Relocated: 0M, In-Place: 0
[6.696s][info][gc,reloc    ] GC(22) Large Pages: 0 / 0M, Empty: 0M, Relocated: 0M, In-Place: 0
[6.696s][info][gc,reloc    ] GC(22) Forwarding Usage: 0M
[6.696s][info][gc,heap     ] GC(22) Min Capacity: 4096M(100%)
[6.696s][info][gc,heap     ] GC(22) Max Capacity: 4096M(100%)
[6.696s][info][gc,heap     ] GC(22) Soft Max Capacity: 4096M(100%)
[6.696s][info][gc,heap     ] GC(22)                Mark Start          Mark End        Relocate Start      Relocate End           High               Low         
[6.696s][info][gc,heap     ] GC(22)  Capacity:     4096M (100%)       4096M (100%)       4096M (100%)       4096M (100%)       4096M (100%)       4096M (100%)   
[6.696s][info][gc,heap     ] GC(22)      Free:     1952M (48%)        1950M (48%)        1948M (48%)        1946M (48%)        1952M (48%)        1942M (47%)    
[6.696s][info][gc,heap     ] GC(22)      Used:     2144M (52%)        2146M (52%)        2148M (52%)        2150M (52%)        2154M (53%)        2144M (52%)    
[6.697s][info][gc,heap     ] GC(22)      Live:         -              1928M (47%)        1928M (47%)        1928M (47%)            -                  -          
[6.697s][info][gc,heap     ] GC(22) Allocated:         -                 2M (0%)            4M (0%)            6M (0%)             -                  -          
[6.697s][info][gc,heap     ] GC(22)   Garbage:         -               215M (5%)          215M (5%)          215M (5%)             -                  -          
[6.697s][info][gc,heap     ] GC(22) Reclaimed:         -                  -                 0M (0%)            0M (0%)             -                  -          
[6.697s][info][gc          ] GC(22) Garbage Collection (Timer) 2144M(52%)->2150M(52%)
[6.973s][info][gc,start    ] GC(23) Garbage Collection (Timer)
[6.973s][info][gc,task     ] GC(23) Using 3 workers
[6.973s][info][gc,phases   ] GC(23) Pause Mark Start 0.006ms
[6.994s][info][gc,phases   ] GC(23) Concurrent Mark 20.527ms
[6.994s][info][gc,phases   ] GC(23) Pause Mark End 0.009ms
[6.994s][info][gc,phases   ] GC(23) Concurrent Mark Free 0.001ms
[6.995s][info][gc,phases   ] GC(23) Concurrent Process Non-Strong References 0.794ms
[6.995s][info][gc,phases   ] GC(23) Concurrent Reset Relocation Set 0.001ms
[6.997s][info][gc,phases   ] GC(23) Concurrent Select Relocation Set 2.202ms
[6.997s][info][gc,phases   ] GC(23) Pause Relocate Start 0.005ms
[6.998s][info][gc,phases   ] GC(23) Concurrent Relocate 0.793ms
[6.998s][info][gc,load     ] GC(23) Load: 0.00/0.00/0.00
[6.998s][info][gc,mmu      ] GC(23) MMU: 2ms/99.4%, 5ms/99.6%, 10ms/99.8%, 20ms/99.9%, 50ms/99.9%, 100ms/100.0%
[6.998s][info][gc,marking  ] GC(23) Mark: 2 stripe(s), 2 proactive flush(es), 1 terminate flush(es), 0 completion(s), 0 continuation(s) 
[6.998s][info][gc,marking  ] GC(23) Mark Stack Usage: 32M
[6.998s][info][gc,nmethod  ] GC(23) NMethods: 481 registered, 0 unregistered
[6.998s][info][gc,metaspace] GC(23) Metaspace: 1M used, 1M committed, 1088M reserved
[6.998s][info][gc,ref      ] GC(23) Soft: 181 encountered, 0 discovered, 0 enqueued
[6.998s][info][gc,ref      ] GC(23) Weak: 263 encountered, 164 discovered, 0 enqueued
[6.998s][info][gc,ref      ] GC(23) Final: 0 encountered, 0 discovered, 0 enqueued
[6.998s][info][gc,ref      ] GC(23) Phantom: 7 encountered, 3 discovered, 0 enqueued
[6.998s][info][gc,reloc    ] GC(23) Small Pages: 1124 / 2248M, Empty: 0M, Relocated: 1M, In-Place: 0
[6.998s][info][gc,reloc    ] GC(23) Medium Pages: 2 / 64M, Empty: 32M, Relocated: 0M, In-Place: 0
[6.998s][info][gc,reloc    ] GC(23) Large Pages: 0 / 0M, Empty: 0M, Relocated: 0M, In-Place: 0
[6.998s][info][gc,reloc    ] GC(23) Forwarding Usage: 0M
[6.999s][info][gc,heap     ] GC(23) Min Capacity: 4096M(100%)
[6.999s][info][gc,heap     ] GC(23) Max Capacity: 4096M(100%)
[6.999s][info][gc,heap     ] GC(23) Soft Max Capacity: 4096M(100%)
[6.999s][info][gc,heap     ] GC(23)                Mark Start          Mark End        Relocate Start      Relocate End           High               Low         
[6.999s][info][gc,heap     ] GC(23)  Capacity:     4096M (100%)       4096M (100%)       4096M (100%)       4096M (100%)       4096M (100%)       4096M (100%)   
[6.999s][info][gc,heap     ] GC(23)      Free:     1784M (44%)        1782M (44%)        1812M (44%)        1812M (44%)        1812M (44%)        1780M (43%)    
[6.999s][info][gc,heap     ] GC(23)      Used:     2312M (56%)        2314M (56%)        2284M (56%)        2284M (56%)        2316M (57%)        2284M (56%)    
[6.999s][info][gc,heap     ] GC(23)      Live:         -              2052M (50%)        2052M (50%)        2052M (50%)            -                  -          
[6.999s][info][gc,heap     ] GC(23) Allocated:         -                 2M (0%)            4M (0%)            4M (0%)             -                  -          
[6.999s][info][gc,heap     ] GC(23)   Garbage:         -               259M (6%)          227M (6%)          227M (6%)             -                  -          
[6.999s][info][gc,heap     ] GC(23) Reclaimed:         -                  -                32M (1%)           32M (1%)             -                  -          
[6.999s][info][gc          ] GC(23) Garbage Collection (Timer) 2312M(56%)->2284M(56%)
[7.273s][info][gc,start    ] GC(24) Garbage Collection (Timer)
[7.273s][info][gc,task     ] GC(24) Using 3 workers
[7.274s][info][gc,phases   ] GC(24) Pause Mark Start 0.006ms
[7.292s][info][gc,phases   ] GC(24) Concurrent Mark 17.913ms
[7.292s][info][gc,phases   ] GC(24) Pause Mark End 0.009ms
[7.292s][info][gc,phases   ] GC(24) Concurrent Mark Free 0.001ms
[7.293s][info][gc,phases   ] GC(24) Concurrent Process Non-Strong References 0.885ms
[7.293s][info][gc,phases   ] GC(24) Concurrent Reset Relocation Set 0.001ms
[7.295s][info][gc,phases   ] GC(24) Concurrent Select Relocation Set 2.202ms
[7.295s][info][gc,phases   ] GC(24) Pause Relocate Start 0.005ms
[7.296s][info][gc,phases   ] GC(24) Concurrent Relocate 0.790ms
[7.296s][info][gc,load     ] GC(24) Load: 0.00/0.00/0.00
[7.296s][info][gc,mmu      ] GC(24) MMU: 2ms/99.4%, 5ms/99.6%, 10ms/99.8%, 20ms/99.9%, 50ms/99.9%, 100ms/100.0%
[7.296s][info][gc,marking  ] GC(24) Mark: 2 stripe(s), 2 proactive flush(es), 1 terminate flush(es), 0 completion(s), 0 continuation(s) 
[7.296s][info][gc,marking  ] GC(24) Mark Stack Usage: 32M
[7.296s][info][gc,nmethod  ] GC(24) NMethods: 481 registered, 0 unregistered
[7.296s][info][gc,metaspace] GC(24) Metaspace: 1M used, 1M committed, 1088M reserved
[7.296s][info][gc,ref      ] GC(24) Soft: 181 encountered, 0 discovered, 0 enqueued
[7.296s][info][gc,ref      ] GC(24) Weak: 263 encountered, 158 discovered, 0 enqueued
[7.296s][info][gc,ref      ] GC(24) Final: 0 encountered, 0 discovered, 0 enqueued
[7.296s][info][gc,ref      ] GC(24) Phantom: 7 encountered, 3 discovered, 0 enqueued
[7.296s][info][gc,reloc    ] GC(24) Small Pages: 1185 / 2370M, Empty: 0M, Relocated: 1M, In-Place: 0
[7.296s][info][gc,reloc    ] GC(24) Medium Pages: 1 / 32M, Empty: 0M, Relocated: 0M, In-Place: 0
[7.296s][info][gc,reloc    ] GC(24) Large Pages: 0 / 0M, Empty: 0M, Relocated: 0M, In-Place: 0
[7.296s][info][gc,reloc    ] GC(24) Forwarding Usage: 0M
[7.296s][info][gc,heap     ] GC(24) Min Capacity: 4096M(100%)
[7.296s][info][gc,heap     ] GC(24) Max Capacity: 4096M(100%)
[7.296s][info][gc,heap     ] GC(24) Soft Max Capacity: 4096M(100%)
[7.296s][info][gc,heap     ] GC(24)                Mark Start          Mark End        Relocate Start      Relocate End           High               Low         
[7.297s][info][gc,heap     ] GC(24)  Capacity:     4096M (100%)       4096M (100%)       4096M (100%)       4096M (100%)       4096M (100%)       4096M (100%)   
[7.297s][info][gc,heap     ] GC(24)      Free:     1694M (41%)        1690M (41%)        1688M (41%)        1688M (41%)        1694M (41%)        1682M (41%)    
[7.297s][info][gc,heap     ] GC(24)      Used:     2402M (59%)        2406M (59%)        2408M (59%)        2408M (59%)        2414M (59%)        2402M (59%)    
[7.297s][info][gc,heap     ] GC(24)      Live:         -              2162M (53%)        2162M (53%)        2162M (53%)            -                  -          
[7.297s][info][gc,heap     ] GC(24) Allocated:         -                 4M (0%)            6M (0%)            6M (0%)             -                  -          
[7.297s][info][gc,heap     ] GC(24)   Garbage:         -               239M (6%)          239M (6%)          239M (6%)             -                  -          
[7.297s][info][gc,heap     ] GC(24) Reclaimed:         -                  -                 0M (0%)            0M (0%)             -                  -          
[7.297s][info][gc          ] GC(24) Garbage Collection (Timer) 2402M(59%)->2408M(59%)
[7.573s][info][gc,start    ] GC(25) Garbage Collection (Timer)
[7.573s][info][gc,task     ] GC(25) Using 3 workers
[7.573s][info][gc,phases   ] GC(25) Pause Mark Start 0.005ms
[7.598s][info][gc,phases   ] GC(25) Concurrent Mark 25.133ms
[7.599s][info][gc,phases   ] GC(25) Pause Mark End 0.011ms
[7.599s][info][gc,phases   ] GC(25) Concurrent Mark Free 0.001ms
[7.600s][info][gc,phases   ] GC(25) Concurrent Process Non-Strong References 0.868ms
[7.600s][info][gc,phases   ] GC(25) Concurrent Reset Relocation Set 0.001ms
[7.602s][info][gc,phases   ] GC(25) Concurrent Select Relocation Set 2.181ms
[7.602s][info][gc,phases   ] GC(25) Pause Relocate Start 0.005ms
[7.603s][info][gc,phases   ] GC(25) Concurrent Relocate 1.198ms
[7.603s][info][gc,load     ] GC(25) Load: 0.00/0.00/0.00
[7.603s][info][gc,mmu      ] GC(25) MMU: 2ms/99.4%, 5ms/99.6%, 10ms/99.8%, 20ms/99.9%, 50ms/99.9%, 100ms/100.0%
[7.603s][info][gc,marking  ] GC(25) Mark: 2 stripe(s), 10 proactive flush(es), 1 terminate flush(es), 0 completion(s), 0 continuation(s) 
[7.603s][info][gc,marking  ] GC(25) Mark Stack Usage: 32M
[7.603s][info][gc,nmethod  ] GC(25) NMethods: 481 registered, 0 unregistered
[7.603s][info][gc,metaspace] GC(25) Metaspace: 1M used, 1M committed, 1088M reserved
[7.603s][info][gc,ref      ] GC(25) Soft: 181 encountered, 0 discovered, 0 enqueued
[7.603s][info][gc,ref      ] GC(25) Weak: 263 encountered, 160 discovered, 0 enqueued
[7.603s][info][gc,ref      ] GC(25) Final: 0 encountered, 0 discovered, 0 enqueued
[7.604s][info][gc,ref      ] GC(25) Phantom: 7 encountered, 3 discovered, 0 enqueued
[7.604s][info][gc,reloc    ] GC(25) Small Pages: 1204 / 2408M, Empty: 0M, Relocated: 2M, In-Place: 0
[7.604s][info][gc,reloc    ] GC(25) Medium Pages: 1 / 32M, Empty: 0M, Relocated: 0M, In-Place: 0
[7.604s][info][gc,reloc    ] GC(25) Large Pages: 0 / 0M, Empty: 0M, Relocated: 0M, In-Place: 0
[7.604s][info][gc,reloc    ] GC(25) Forwarding Usage: 0M
[7.604s][info][gc,heap     ] GC(25) Min Capacity: 4096M(100%)
[7.604s][info][gc,heap     ] GC(25) Max Capacity: 4096M(100%)
[7.604s][info][gc,heap     ] GC(25) Soft Max Capacity: 4096M(100%)
[7.604s][info][gc,heap     ] GC(25)                Mark Start          Mark End        Relocate Start      Relocate End           High               Low         
[7.604s][info][gc,heap     ] GC(25)  Capacity:     4096M (100%)       4096M (100%)       4096M (100%)       4096M (100%)       4096M (100%)       4096M (100%)   
[7.604s][info][gc,heap     ] GC(25)      Free:     1656M (40%)        1656M (40%)        1656M (40%)        1660M (41%)        1660M (41%)        1650M (40%)    
[7.604s][info][gc,heap     ] GC(25)      Used:     2440M (60%)        2440M (60%)        2440M (60%)        2436M (59%)        2446M (60%)        2436M (59%)    
[7.604s][info][gc,heap     ] GC(25)      Live:         -              2195M (54%)        2195M (54%)        2195M (54%)            -                  -          
[7.604s][info][gc,heap     ] GC(25) Allocated:         -                 0M (0%)            0M (0%)            0M (0%)             -                  -          
[7.604s][info][gc,heap     ] GC(25)   Garbage:         -               244M (6%)          244M (6%)          240M (6%)             -                  -          
[7.604s][info][gc,heap     ] GC(25) Reclaimed:         -                  -                 0M (0%)            4M (0%)             -                  -          
[7.604s][info][gc          ] GC(25) Garbage Collection (Timer) 2440M(60%)->2436M(59%)
[7.872s][info][gc,start    ] GC(26) Garbage Collection (Timer)
[7.872s][info][gc,task     ] GC(26) Using 3 workers
[7.872s][info][gc,phases   ] GC(26) Pause Mark Start 0.006ms
[7.896s][info][gc,phases   ] GC(26) Concurrent Mark 23.140ms
[7.896s][info][gc,phases   ] GC(26) Pause Mark End 0.010ms
[7.896s][info][gc,phases   ] GC(26) Concurrent Mark Free 0.001ms
[7.897s][info][gc,phases   ] GC(26) Concurrent Process Non-Strong References 0.855ms
[7.897s][info][gc,phases   ] GC(26) Concurrent Reset Relocation Set 0.001ms
[7.899s][info][gc,phases   ] GC(26) Concurrent Select Relocation Set 2.116ms
[7.899s][info][gc,phases   ] GC(26) Pause Relocate Start 0.005ms
[7.900s][info][gc,phases   ] GC(26) Concurrent Relocate 0.487ms
[7.900s][info][gc,load     ] GC(26) Load: 0.00/0.00/0.00
[7.900s][info][gc,mmu      ] GC(26) MMU: 2ms/99.4%, 5ms/99.6%, 10ms/99.8%, 20ms/99.9%, 50ms/99.9%, 100ms/100.0%
[7.900s][info][gc,marking  ] GC(26) Mark: 2 stripe(s), 1 proactive flush(es), 1 terminate flush(es), 0 completion(s), 0 continuation(s) 
[7.900s][info][gc,marking  ] GC(26) Mark Stack Usage: 32M
[7.900s][info][gc,nmethod  ] GC(26) NMethods: 481 registered, 0 unregistered
[7.900s][info][gc,metaspace] GC(26) Metaspace: 1M used, 1M committed, 1088M reserved
[7.900s][info][gc,ref      ] GC(26) Soft: 181 encountered, 0 discovered, 0 enqueued
[7.900s][info][gc,ref      ] GC(26) Weak: 263 encountered, 163 discovered, 0 enqueued
[7.900s][info][gc,ref      ] GC(26) Final: 0 encountered, 0 discovered, 0 enqueued
[7.900s][info][gc,ref      ] GC(26) Phantom: 7 encountered, 4 discovered, 0 enqueued
[7.900s][info][gc,reloc    ] GC(26) Small Pages: 1202 / 2404M, Empty: 0M, Relocated: 1M, In-Place: 0
[7.900s][info][gc,reloc    ] GC(26) Medium Pages: 1 / 32M, Empty: 0M, Relocated: 0M, In-Place: 0
[7.900s][info][gc,reloc    ] GC(26) Large Pages: 0 / 0M, Empty: 0M, Relocated: 0M, In-Place: 0
[7.900s][info][gc,reloc    ] GC(26) Forwarding Usage: 0M
[7.900s][info][gc,heap     ] GC(26) Min Capacity: 4096M(100%)
[7.900s][info][gc,heap     ] GC(26) Max Capacity: 4096M(100%)
[7.900s][info][gc,heap     ] GC(26) Soft Max Capacity: 4096M(100%)
[7.900s][info][gc,heap     ] GC(26)                Mark Start          Mark End        Relocate Start      Relocate End           High               Low         
[7.900s][info][gc,heap     ] GC(26)  Capacity:     4096M (100%)       4096M (100%)       4096M (100%)       4096M (100%)       4096M (100%)       4096M (100%)   
[7.900s][info][gc,heap     ] GC(26)      Free:     1660M (41%)        1660M (41%)        1660M (41%)        1660M (41%)        1660M (41%)        1656M (40%)    
[7.900s][info][gc,heap     ] GC(26)      Used:     2436M (59%)        2436M (59%)        2436M (59%)        2436M (59%)        2440M (60%)        2436M (59%)    
[7.900s][info][gc,heap     ] GC(26)      Live:         -              2195M (54%)        2195M (54%)        2195M (54%)            -                  -          
[7.900s][info][gc,heap     ] GC(26) Allocated:         -                 0M (0%)            0M (0%)            0M (0%)             -                  -          
[7.900s][info][gc,heap     ] GC(26)   Garbage:         -               240M (6%)          240M (6%)          240M (6%)             -                  -          
[7.900s][info][gc,heap     ] GC(26) Reclaimed:         -                  -                 0M (0%)            0M (0%)             -                  -          
[7.900s][info][gc          ] GC(26) Garbage Collection (Timer) 2436M(59%)->2436M(59%)
[8.173s][info][gc,start    ] GC(27) Garbage Collection (Timer)
[8.173s][info][gc,task     ] GC(27) Using 3 workers
[8.173s][info][gc,phases   ] GC(27) Pause Mark Start 0.005ms
[8.195s][info][gc,phases   ] GC(27) Concurrent Mark 21.907ms
[8.196s][info][gc,phases   ] GC(27) Pause Mark End 0.010ms
[8.196s][info][gc,phases   ] GC(27) Concurrent Mark Free 0.001ms
[8.197s][info][gc,phases   ] GC(27) Concurrent Process Non-Strong References 0.860ms
[8.197s][info][gc,phases   ] GC(27) Concurrent Reset Relocation Set 0.001ms
[8.199s][info][gc,phases   ] GC(27) Concurrent Select Relocation Set 2.129ms
[8.199s][info][gc,phases   ] GC(27) Pause Relocate Start 0.005ms
[8.199s][info][gc,phases   ] GC(27) Concurrent Relocate 0.540ms
[8.200s][info][gc,load     ] GC(27) Load: 0.00/0.00/0.00
[8.200s][info][gc,mmu      ] GC(27) MMU: 2ms/99.4%, 5ms/99.6%, 10ms/99.8%, 20ms/99.9%, 50ms/99.9%, 100ms/100.0%
[8.200s][info][gc,marking  ] GC(27) Mark: 2 stripe(s), 5 proactive flush(es), 1 terminate flush(es), 0 completion(s), 0 continuation(s) 
[8.200s][info][gc,marking  ] GC(27) Mark Stack Usage: 32M
[8.200s][info][gc,nmethod  ] GC(27) NMethods: 481 registered, 0 unregistered
[8.200s][info][gc,metaspace] GC(27) Metaspace: 1M used, 1M committed, 1088M reserved
[8.200s][info][gc,ref      ] GC(27) Soft: 181 encountered, 0 discovered, 0 enqueued
[8.200s][info][gc,ref      ] GC(27) Weak: 263 encountered, 160 discovered, 0 enqueued
[8.200s][info][gc,ref      ] GC(27) Final: 0 encountered, 0 discovered, 0 enqueued
[8.200s][info][gc,ref      ] GC(27) Phantom: 7 encountered, 3 discovered, 0 enqueued
[8.200s][info][gc,reloc    ] GC(27) Small Pages: 1202 / 2404M, Empty: 0M, Relocated: 1M, In-Place: 0
[8.200s][info][gc,reloc    ] GC(27) Medium Pages: 1 / 32M, Empty: 0M, Relocated: 0M, In-Place: 0
[8.200s][info][gc,reloc    ] GC(27) Large Pages: 0 / 0M, Empty: 0M, Relocated: 0M, In-Place: 0
[8.200s][info][gc,reloc    ] GC(27) Forwarding Usage: 0M
[8.200s][info][gc,heap     ] GC(27) Min Capacity: 4096M(100%)
[8.200s][info][gc,heap     ] GC(27) Max Capacity: 4096M(100%)
[8.200s][info][gc,heap     ] GC(27) Soft Max Capacity: 4096M(100%)
[8.200s][info][gc,heap     ] GC(27)                Mark Start          Mark End        Relocate Start      Relocate End           High               Low         
[8.200s][info][gc,heap     ] GC(27)  Capacity:     4096M (100%)       4096M (100%)       4096M (100%)       4096M (100%)       4096M (100%)       4096M (100%)   
[8.200s][info][gc,heap     ] GC(27)      Free:     1660M (41%)        1660M (41%)        1660M (41%)        1660M (41%)        1660M (41%)        1656M (40%)    
[8.200s][info][gc,heap     ] GC(27)      Used:     2436M (59%)        2436M (59%)        2436M (59%)        2436M (59%)        2440M (60%)        2436M (59%)    
[8.200s][info][gc,heap     ] GC(27)      Live:         -              2195M (54%)        2195M (54%)        2195M (54%)            -                  -          
[8.200s][info][gc,heap     ] GC(27) Allocated:         -                 0M (0%)            0M (0%)            0M (0%)             -                  -          
[8.200s][info][gc,heap     ] GC(27)   Garbage:         -               240M (6%)          240M (6%)          240M (6%)             -                  -          
[8.200s][info][gc,heap     ] GC(27) Reclaimed:         -                  -                 0M (0%)            0M (0%)             -                  -          
[8.200s][info][gc          ] GC(27) Garbage Collection (Timer) 2436M(59%)->2436M(59%)
[8.473s][info][gc,start    ] GC(28) Garbage Collection (Timer)
[8.473s][info][gc,task     ] GC(28) Using 3 workers
[8.474s][info][gc,phases   ] GC(28) Pause Mark Start 0.005ms
[8.489s][info][gc,phases   ] GC(28) Concurrent Mark 14.814ms
[8.489s][info][gc,phases   ] GC(28) Pause Mark End 0.009ms
[8.489s][info][gc,phases   ] GC(28) Concurrent Mark Free 0.001ms
[8.490s][info][gc,phases   ] GC(28) Concurrent Process Non-Strong References 0.815ms
[8.490s][info][gc,phases   ] GC(28) Concurrent Reset Relocation Set 0.001ms
[8.492s][info][gc,phases   ] GC(28) Concurrent Select Relocation Set 2.378ms
[8.492s][info][gc,phases   ] GC(28) Pause Relocate Start 0.005ms
[8.494s][info][gc,phases   ] GC(28) Concurrent Relocate 1.834ms
[8.494s][info][gc,load     ] GC(28) Load: 0.00/0.00/0.00
[8.494s][info][gc,mmu      ] GC(28) MMU: 2ms/99.4%, 5ms/99.6%, 10ms/99.8%, 20ms/99.9%, 50ms/99.9%, 100ms/100.0%
[8.494s][info][gc,marking  ] GC(28) Mark: 2 stripe(s), 2 proactive flush(es), 1 terminate flush(es), 0 completion(s), 0 continuation(s) 
[8.494s][info][gc,marking  ] GC(28) Mark Stack Usage: 32M
[8.494s][info][gc,nmethod  ] GC(28) NMethods: 487 registered, 0 unregistered
[8.494s][info][gc,metaspace] GC(28) Metaspace: 1M used, 1M committed, 1088M reserved
[8.494s][info][gc,ref      ] GC(28) Soft: 181 encountered, 0 discovered, 0 enqueued
[8.494s][info][gc,ref      ] GC(28) Weak: 263 encountered, 0 discovered, 0 enqueued
[8.495s][info][gc,ref      ] GC(28) Final: 0 encountered, 0 discovered, 0 enqueued
[8.495s][info][gc,ref      ] GC(28) Phantom: 7 encountered, 3 discovered, 0 enqueued
[8.495s][info][gc,reloc    ] GC(28) Small Pages: 1223 / 2446M, Empty: 0M, Relocated: 5M, In-Place: 0
[8.495s][info][gc,reloc    ] GC(28) Medium Pages: 1 / 32M, Empty: 0M, Relocated: 0M, In-Place: 0
[8.495s][info][gc,reloc    ] GC(28) Large Pages: 0 / 0M, Empty: 0M, Relocated: 0M, In-Place: 0
[8.495s][info][gc,reloc    ] GC(28) Forwarding Usage: 0M
[8.495s][info][gc,heap     ] GC(28) Min Capacity: 4096M(100%)
[8.495s][info][gc,heap     ] GC(28) Max Capacity: 4096M(100%)
[8.495s][info][gc,heap     ] GC(28) Soft Max Capacity: 4096M(100%)
[8.495s][info][gc,heap     ] GC(28)                Mark Start          Mark End        Relocate Start      Relocate End           High               Low         
[8.495s][info][gc,heap     ] GC(28)  Capacity:     4096M (100%)       4096M (100%)       4096M (100%)       4096M (100%)       4096M (100%)       4096M (100%)   
[8.495s][info][gc,heap     ] GC(28)      Free:     1618M (40%)        1614M (39%)        1612M (39%)        1616M (39%)        1618M (40%)        1608M (39%)    
[8.495s][info][gc,heap     ] GC(28)      Used:     2478M (60%)        2482M (61%)        2484M (61%)        2480M (61%)        2488M (61%)        2478M (60%)    
[8.495s][info][gc,heap     ] GC(28)      Live:         -              2230M (54%)        2230M (54%)        2230M (54%)            -                  -          
[8.495s][info][gc,heap     ] GC(28) Allocated:         -                 4M (0%)            6M (0%)            5M (0%)             -                  -          
[8.495s][info][gc,heap     ] GC(28)   Garbage:         -               247M (6%)          247M (6%)          243M (6%)             -                  -          
[8.495s][info][gc,heap     ] GC(28) Reclaimed:         -                  -                 0M (0%)            3M (0%)             -                  -          
[8.495s][info][gc          ] GC(28) Garbage Collection (Timer) 2478M(60%)->2480M(61%)
[8.773s][info][gc,start    ] GC(29) Garbage Collection (Timer)
[8.773s][info][gc,task     ] GC(29) Using 3 workers
[8.773s][info][gc,phases   ] GC(29) Pause Mark Start 0.005ms
[8.795s][info][gc,phases   ] GC(29) Concurrent Mark 21.797ms
[8.795s][info][gc,phases   ] GC(29) Pause Mark End 0.010ms
[8.795s][info][gc,phases   ] GC(29) Concurrent Mark Free 0.001ms
[8.796s][info][gc,phases   ] GC(29) Concurrent Process Non-Strong References 0.552ms
[8.796s][info][gc,phases   ] GC(29) Concurrent Reset Relocation Set 0.001ms
[8.798s][info][gc,phases   ] GC(29) Concurrent Select Relocation Set 2.382ms
[8.799s][info][gc,phases   ] GC(29) Pause Relocate Start 0.005ms
[8.799s][info][gc,phases   ] GC(29) Concurrent Relocate 0.412ms
[8.800s][info][gc,load     ] GC(29) Load: 0.00/0.00/0.00
[8.800s][info][gc,mmu      ] GC(29) MMU: 2ms/99.4%, 5ms/99.6%, 10ms/99.8%, 20ms/99.9%, 50ms/99.9%, 100ms/100.0%
[8.800s][info][gc,marking  ] GC(29) Mark: 2 stripe(s), 2 proactive flush(es), 1 terminate flush(es), 0 completion(s), 0 continuation(s) 
[8.800s][info][gc,marking  ] GC(29) Mark Stack Usage: 32M
[8.800s][info][gc,nmethod  ] GC(29) NMethods: 487 registered, 0 unregistered
[8.800s][info][gc,metaspace] GC(29) Metaspace: 1M used, 1M committed, 1088M reserved
[8.800s][info][gc,ref      ] GC(29) Soft: 181 encountered, 0 discovered, 0 enqueued
[8.800s][info][gc,ref      ] GC(29) Weak: 263 encountered, 167 discovered, 0 enqueued
[8.800s][info][gc,ref      ] GC(29) Final: 0 encountered, 0 discovered, 0 enqueued
[8.800s][info][gc,ref      ] GC(29) Phantom: 7 encountered, 3 discovered, 0 enqueued
[8.800s][info][gc,reloc    ] GC(29) Small Pages: 1283 / 2566M, Empty: 0M, Relocated: 0M, In-Place: 0
[8.800s][info][gc,reloc    ] GC(29) Medium Pages: 1 / 32M, Empty: 0M, Relocated: 0M, In-Place: 0
[8.800s][info][gc,reloc    ] GC(29) Large Pages: 0 / 0M, Empty: 0M, Relocated: 0M, In-Place: 0
[8.800s][info][gc,reloc    ] GC(29) Forwarding Usage: 0M
[8.800s][info][gc,heap     ] GC(29) Min Capacity: 4096M(100%)
[8.800s][info][gc,heap     ] GC(29) Max Capacity: 4096M(100%)
[8.800s][info][gc,heap     ] GC(29) Soft Max Capacity: 4096M(100%)
[8.800s][info][gc,heap     ] GC(29)                Mark Start          Mark End        Relocate Start      Relocate End           High               Low         
[8.800s][info][gc,heap     ] GC(29)  Capacity:     4096M (100%)       4096M (100%)       4096M (100%)       4096M (100%)       4096M (100%)       4096M (100%)   
[8.800s][info][gc,heap     ] GC(29)      Free:     1498M (37%)        1494M (36%)        1492M (36%)        1492M (36%)        1498M (37%)        1488M (36%)    
[8.800s][info][gc,heap     ] GC(29)      Used:     2598M (63%)        2602M (64%)        2604M (64%)        2604M (64%)        2608M (64%)        2598M (63%)    
[8.800s][info][gc,heap     ] GC(29)      Live:         -              2342M (57%)        2342M (57%)        2342M (57%)            -                  -          
[8.800s][info][gc,heap     ] GC(29) Allocated:         -                 4M (0%)            6M (0%)            6M (0%)             -                  -          
[8.800s][info][gc,heap     ] GC(29)   Garbage:         -               255M (6%)          255M (6%)          255M (6%)             -                  -          
[8.800s][info][gc,heap     ] GC(29) Reclaimed:         -                  -                 0M (0%)            0M (0%)             -                  -          
[8.800s][info][gc          ] GC(29) Garbage Collection (Timer) 2598M(63%)->2604M(64%)
[9.074s][info][gc,start    ] GC(30) Garbage Collection (Timer)
[9.074s][info][gc,task     ] GC(30) Using 3 workers
[9.074s][info][gc,phases   ] GC(30) Pause Mark Start 0.006ms
[9.094s][info][gc,phases   ] GC(30) Concurrent Mark 19.762ms
[9.094s][info][gc,phases   ] GC(30) Pause Mark End 0.009ms
[9.094s][info][gc,phases   ] GC(30) Concurrent Mark Free 0.001ms
[9.095s][info][gc,phases   ] GC(30) Concurrent Process Non-Strong References 0.899ms
[9.095s][info][gc,phases   ] GC(30) Concurrent Reset Relocation Set 0.001ms
[9.097s][info][gc,phases   ] GC(30) Concurrent Select Relocation Set 2.184ms
[9.097s][info][gc,phases   ] GC(30) Pause Relocate Start 0.005ms
[9.099s][info][gc,phases   ] GC(30) Concurrent Relocate 1.436ms
[9.099s][info][gc,load     ] GC(30) Load: 0.00/0.00/0.00
[9.099s][info][gc,mmu      ] GC(30) MMU: 2ms/99.4%, 5ms/99.6%, 10ms/99.8%, 20ms/99.9%, 50ms/99.9%, 100ms/100.0%
[9.099s][info][gc,marking  ] GC(30) Mark: 2 stripe(s), 2 proactive flush(es), 1 terminate flush(es), 0 completion(s), 0 continuation(s) 
[9.099s][info][gc,marking  ] GC(30) Mark Stack Usage: 32M
[9.099s][info][gc,nmethod  ] GC(30) NMethods: 487 registered, 0 unregistered
[9.099s][info][gc,metaspace] GC(30) Metaspace: 1M used, 1M committed, 1088M reserved
[9.099s][info][gc,ref      ] GC(30) Soft: 181 encountered, 0 discovered, 0 enqueued
[9.099s][info][gc,ref      ] GC(30) Weak: 263 encountered, 200 discovered, 0 enqueued
[9.099s][info][gc,ref      ] GC(30) Final: 0 encountered, 0 discovered, 0 enqueued
[9.099s][info][gc,ref      ] GC(30) Phantom: 7 encountered, 3 discovered, 0 enqueued
[9.099s][info][gc,reloc    ] GC(30) Small Pages: 1360 / 2720M, Empty: 0M, Relocated: 3M, In-Place: 0
[9.099s][info][gc,reloc    ] GC(30) Medium Pages: 1 / 32M, Empty: 0M, Relocated: 0M, In-Place: 0
[9.099s][info][gc,reloc    ] GC(30) Large Pages: 0 / 0M, Empty: 0M, Relocated: 0M, In-Place: 0
[9.099s][info][gc,reloc    ] GC(30) Forwarding Usage: 0M
[9.099s][info][gc,heap     ] GC(30) Min Capacity: 4096M(100%)
[9.099s][info][gc,heap     ] GC(30) Max Capacity: 4096M(100%)
[9.099s][info][gc,heap     ] GC(30) Soft Max Capacity: 4096M(100%)
[9.099s][info][gc,heap     ] GC(30)                Mark Start          Mark End        Relocate Start      Relocate End           High               Low         
[9.100s][info][gc,heap     ] GC(30)  Capacity:     4096M (100%)       4096M (100%)       4096M (100%)       4096M (100%)       4096M (100%)       4096M (100%)   
[9.100s][info][gc,heap     ] GC(30)      Free:     1344M (33%)        1342M (33%)        1340M (33%)        1342M (33%)        1344M (33%)        1334M (33%)    
[9.100s][info][gc,heap     ] GC(30)      Used:     2752M (67%)        2754M (67%)        2756M (67%)        2754M (67%)        2762M (67%)        2752M (67%)    
[9.100s][info][gc,heap     ] GC(30)      Live:         -              2482M (61%)        2482M (61%)        2482M (61%)            -                  -          
[9.100s][info][gc,heap     ] GC(30) Allocated:         -                 2M (0%)            4M (0%)            4M (0%)             -                  -          
[9.100s][info][gc,heap     ] GC(30)   Garbage:         -               269M (7%)          269M (7%)          267M (7%)             -                  -          
[9.100s][info][gc,heap     ] GC(30) Reclaimed:         -                  -                 0M (0%)            2M (0%)             -                  -          
[9.100s][info][gc          ] GC(30) Garbage Collection (Timer) 2752M(67%)->2754M(67%)
[9.373s][info][gc,start    ] GC(31) Garbage Collection (Timer)
[9.373s][info][gc,task     ] GC(31) Using 3 workers
[9.373s][info][gc,phases   ] GC(31) Pause Mark Start 0.006ms
[9.396s][info][gc,phases   ] GC(31) Concurrent Mark 22.779ms
[9.396s][info][gc,phases   ] GC(31) Pause Mark End 0.009ms
[9.396s][info][gc,phases   ] GC(31) Concurrent Mark Free 0.001ms
[9.397s][info][gc,phases   ] GC(31) Concurrent Process Non-Strong References 0.754ms
[9.397s][info][gc,phases   ] GC(31) Concurrent Reset Relocation Set 0.001ms
[9.399s][info][gc,phases   ] GC(31) Concurrent Select Relocation Set 2.472ms
[9.400s][info][gc,phases   ] GC(31) Pause Relocate Start 0.005ms
[9.400s][info][gc,phases   ] GC(31) Concurrent Relocate 0.463ms
[9.400s][info][gc,load     ] GC(31) Load: 0.00/0.00/0.00
[9.400s][info][gc,mmu      ] GC(31) MMU: 2ms/99.4%, 5ms/99.6%, 10ms/99.8%, 20ms/99.9%, 50ms/99.9%, 100ms/100.0%
[9.400s][info][gc,marking  ] GC(31) Mark: 2 stripe(s), 2 proactive flush(es), 1 terminate flush(es), 0 completion(s), 0 continuation(s) 
[9.400s][info][gc,marking  ] GC(31) Mark Stack Usage: 32M
[9.400s][info][gc,nmethod  ] GC(31) NMethods: 487 registered, 0 unregistered
[9.400s][info][gc,metaspace] GC(31) Metaspace: 1M used, 1M committed, 1088M reserved
[9.400s][info][gc,ref      ] GC(31) Soft: 181 encountered, 0 discovered, 0 enqueued
[9.400s][info][gc,ref      ] GC(31) Weak: 263 encountered, 161 discovered, 0 enqueued
[9.400s][info][gc,ref      ] GC(31) Final: 0 encountered, 0 discovered, 0 enqueued
[9.400s][info][gc,ref      ] GC(31) Phantom: 7 encountered, 3 discovered, 0 enqueued
[9.400s][info][gc,reloc    ] GC(31) Small Pages: 1437 / 2874M, Empty: 0M, Relocated: 0M, In-Place: 0
[9.400s][info][gc,reloc    ] GC(31) Medium Pages: 1 / 32M, Empty: 0M, Relocated: 0M, In-Place: 0
[9.400s][info][gc,reloc    ] GC(31) Large Pages: 0 / 0M, Empty: 0M, Relocated: 0M, In-Place: 0
[9.401s][info][gc,reloc    ] GC(31) Forwarding Usage: 0M
[9.401s][info][gc,heap     ] GC(31) Min Capacity: 4096M(100%)
[9.401s][info][gc,heap     ] GC(31) Max Capacity: 4096M(100%)
[9.401s][info][gc,heap     ] GC(31) Soft Max Capacity: 4096M(100%)
[9.401s][info][gc,heap     ] GC(31)                Mark Start          Mark End        Relocate Start      Relocate End           High               Low         
[9.401s][info][gc,heap     ] GC(31)  Capacity:     4096M (100%)       4096M (100%)       4096M (100%)       4096M (100%)       4096M (100%)       4096M (100%)   
[9.401s][info][gc,heap     ] GC(31)      Free:     1190M (29%)        1188M (29%)        1186M (29%)        1186M (29%)        1190M (29%)        1182M (29%)    
[9.401s][info][gc,heap     ] GC(31)      Used:     2906M (71%)        2908M (71%)        2910M (71%)        2910M (71%)        2914M (71%)        2906M (71%)    
[9.401s][info][gc,heap     ] GC(31)      Live:         -              2624M (64%)        2624M (64%)        2624M (64%)            -                  -          
[9.401s][info][gc,heap     ] GC(31) Allocated:         -                 2M (0%)            4M (0%)            4M (0%)             -                  -          
[9.401s][info][gc,heap     ] GC(31)   Garbage:         -               281M (7%)          281M (7%)          281M (7%)             -                  -          
[9.401s][info][gc,heap     ] GC(31) Reclaimed:         -                  -                 0M (0%)            0M (0%)             -                  -          
[9.401s][info][gc          ] GC(31) Garbage Collection (Timer) 2906M(71%)->2910M(71%)
[9.673s][info][gc,start    ] GC(32) Garbage Collection (Timer)
[9.749s][info][gc,task     ] GC(32) Using 3 workers
[9.749s][info][gc,phases   ] GC(32) Pause Mark Start 0.006ms
[9.792s][info][gc,phases   ] GC(32) Concurrent Mark 42.817ms
[9.792s][info][gc,phases   ] GC(32) Pause Mark End 0.011ms
[9.792s][info][gc,phases   ] GC(32) Concurrent Mark Free 0.001ms
[9.793s][info][gc,phases   ] GC(32) Concurrent Process Non-Strong References 0.672ms
[9.793s][info][gc,phases   ] GC(32) Concurrent Reset Relocation Set 0.001ms
[9.795s][info][gc,phases   ] GC(32) Concurrent Select Relocation Set 2.052ms
[9.795s][info][gc,phases   ] GC(32) Pause Relocate Start 0.005ms
[9.796s][info][gc,phases   ] GC(32) Concurrent Relocate 1.313ms
[9.796s][info][gc,load     ] GC(32) Load: 0.00/0.00/0.00
[9.796s][info][gc,mmu      ] GC(32) MMU: 2ms/99.4%, 5ms/99.6%, 10ms/99.8%, 20ms/99.9%, 50ms/99.9%, 100ms/100.0%
[9.796s][info][gc,marking  ] GC(32) Mark: 2 stripe(s), 10 proactive flush(es), 1 terminate flush(es), 0 completion(s), 0 continuation(s) 
[9.796s][info][gc,marking  ] GC(32) Mark Stack Usage: 32M
[9.796s][info][gc,nmethod  ] GC(32) NMethods: 487 registered, 0 unregistered
[9.796s][info][gc,metaspace] GC(32) Metaspace: 1M used, 1M committed, 1088M reserved
[9.797s][info][gc,ref      ] GC(32) Soft: 181 encountered, 0 discovered, 0 enqueued
[9.797s][info][gc,ref      ] GC(32) Weak: 263 encountered, 158 discovered, 0 enqueued
[9.797s][info][gc,ref      ] GC(32) Final: 0 encountered, 0 discovered, 0 enqueued
[9.797s][info][gc,ref      ] GC(32) Phantom: 7 encountered, 3 discovered, 0 enqueued
[9.797s][info][gc,reloc    ] GC(32) Small Pages: 1505 / 3010M, Empty: 0M, Relocated: 3M, In-Place: 0
[9.797s][info][gc,reloc    ] GC(32) Medium Pages: 1 / 32M, Empty: 0M, Relocated: 0M, In-Place: 0
[9.797s][info][gc,reloc    ] GC(32) Large Pages: 0 / 0M, Empty: 0M, Relocated: 0M, In-Place: 0
[9.797s][info][gc,reloc    ] GC(32) Forwarding Usage: 0M
[9.797s][info][gc,heap     ] GC(32) Min Capacity: 4096M(100%)
[9.797s][info][gc,heap     ] GC(32) Max Capacity: 4096M(100%)
[9.797s][info][gc,heap     ] GC(32) Soft Max Capacity: 4096M(100%)
[9.797s][info][gc,heap     ] GC(32)                Mark Start          Mark End        Relocate Start      Relocate End           High               Low         
[9.797s][info][gc,heap     ] GC(32)  Capacity:     4096M (100%)       4096M (100%)       4096M (100%)       4096M (100%)       4096M (100%)       4096M (100%)   
[9.797s][info][gc,heap     ] GC(32)      Free:     1054M (26%)        1054M (26%)        1054M (26%)        1056M (26%)        1056M (26%)        1048M (26%)    
[9.797s][info][gc,heap     ] GC(32)      Used:     3042M (74%)        3042M (74%)        3042M (74%)        3040M (74%)        3048M (74%)        3040M (74%)    
[9.797s][info][gc,heap     ] GC(32)      Live:         -              2747M (67%)        2747M (67%)        2747M (67%)            -                  -          
[9.797s][info][gc,heap     ] GC(32) Allocated:         -                 0M (0%)            0M (0%)            0M (0%)             -                  -          
[9.797s][info][gc,heap     ] GC(32)   Garbage:         -               294M (7%)          294M (7%)          292M (7%)             -                  -          
[9.797s][info][gc,heap     ] GC(32) Reclaimed:         -                  -                 0M (0%)            2M (0%)             -                  -          
[9.797s][info][gc          ] GC(32) Garbage Collection (Timer) 3042M(74%)->3040M(74%)
[10.073s][info][gc,start    ] GC(33) Garbage Collection (Timer)
[10.073s][info][gc,task     ] GC(33) Using 3 workers
[10.073s][info][gc,phases   ] GC(33) Pause Mark Start 0.006ms
[10.105s][info][gc,phases   ] GC(33) Concurrent Mark 31.193ms
[10.105s][info][gc,phases   ] GC(33) Pause Mark End 0.010ms
[10.105s][info][gc,phases   ] GC(33) Concurrent Mark Free 0.001ms
[10.106s][info][gc,phases   ] GC(33) Concurrent Process Non-Strong References 0.825ms
[10.106s][info][gc,phases   ] GC(33) Concurrent Reset Relocation Set 0.001ms
[10.108s][info][gc,phases   ] GC(33) Concurrent Select Relocation Set 2.088ms
[10.108s][info][gc,phases   ] GC(33) Pause Relocate Start 0.004ms
[10.108s][info][gc,phases   ] GC(33) Concurrent Relocate 0.298ms
[10.108s][info][gc,load     ] GC(33) Load: 0.00/0.00/0.00
[10.108s][info][gc,mmu      ] GC(33) MMU: 2ms/99.4%, 5ms/99.6%, 10ms/99.8%, 20ms/99.9%, 50ms/99.9%, 100ms/100.0%
[10.108s][info][gc,marking  ] GC(33) Mark: 2 stripe(s), 10 proactive flush(es), 1 terminate flush(es), 0 completion(s), 0 continuation(s) 
[10.108s][info][gc,marking  ] GC(33) Mark Stack Usage: 32M
[10.108s][info][gc,nmethod  ] GC(33) NMethods: 487 registered, 0 unregistered
[10.108s][info][gc,metaspace] GC(33) Metaspace: 1M used, 1M committed, 1088M reserved
[10.108s][info][gc,ref      ] GC(33) Soft: 181 encountered, 0 discovered, 0 enqueued
[10.108s][info][gc,ref      ] GC(33) Weak: 263 encountered, 165 discovered, 0 enqueued
[10.108s][info][gc,ref      ] GC(33) Final: 0 encountered, 0 discovered, 0 enqueued
[10.108s][info][gc,ref      ] GC(33) Phantom: 7 encountered, 3 discovered, 0 enqueued
[10.109s][info][gc,reloc    ] GC(33) Small Pages: 1504 / 3008M, Empty: 0M, Relocated: 1M, In-Place: 0
[10.109s][info][gc,reloc    ] GC(33) Medium Pages: 1 / 32M, Empty: 0M, Relocated: 0M, In-Place: 0
[10.109s][info][gc,reloc    ] GC(33) Large Pages: 0 / 0M, Empty: 0M, Relocated: 0M, In-Place: 0
[10.109s][info][gc,reloc    ] GC(33) Forwarding Usage: 0M
[10.109s][info][gc,heap     ] GC(33) Min Capacity: 4096M(100%)
[10.109s][info][gc,heap     ] GC(33) Max Capacity: 4096M(100%)
[10.109s][info][gc,heap     ] GC(33) Soft Max Capacity: 4096M(100%)
[10.109s][info][gc,heap     ] GC(33)                Mark Start          Mark End        Relocate Start      Relocate End           High               Low         
[10.109s][info][gc,heap     ] GC(33)  Capacity:     4096M (100%)       4096M (100%)       4096M (100%)       4096M (100%)       4096M (100%)       4096M (100%)   
[10.109s][info][gc,heap     ] GC(33)      Free:     1056M (26%)        1056M (26%)        1056M (26%)        1056M (26%)        1056M (26%)        1052M (26%)    
[10.109s][info][gc,heap     ] GC(33)      Used:     3040M (74%)        3040M (74%)        3040M (74%)        3040M (74%)        3044M (74%)        3040M (74%)    
[10.109s][info][gc,heap     ] GC(33)      Live:         -              2747M (67%)        2747M (67%)        2747M (67%)            -                  -          
[10.109s][info][gc,heap     ] GC(33) Allocated:         -                 0M (0%)            0M (0%)            0M (0%)             -                  -          
[10.109s][info][gc,heap     ] GC(33)   Garbage:         -               292M (7%)          292M (7%)          292M (7%)             -                  -          
[10.109s][info][gc,heap     ] GC(33) Reclaimed:         -                  -                 0M (0%)            0M (0%)             -                  -          
[10.109s][info][gc          ] GC(33) Garbage Collection (Timer) 3040M(74%)->3040M(74%)
[10.273s][info][gc,stats    ] === Garbage Collection Statistics =======================================================================================================================
[10.273s][info][gc,stats    ]                                                              Last 10s              Last 10m              Last 10h                Total
[10.273s][info][gc,stats    ]                                                              Avg / Max             Avg / Max             Avg / Max             Avg / Max
[10.273s][info][gc,stats    ]   Collector: Garbage Collection Cycle                     25.604 / 122.886      25.604 / 122.886      25.604 / 122.886      25.604 / 122.886     ms
[10.273s][info][gc,stats    ]  Contention: Mark Segment Reset Contention                     3 / 7                 3 / 7                 3 / 7                 3 / 7           ops/s
[10.273s][info][gc,stats    ]  Contention: Mark SeqNum Reset Contention                      0 / 2                 0 / 2                 0 / 2                 0 / 2           ops/s
[10.273s][info][gc,stats    ]    Critical: Allocation Stall                                  0 / 0                 0 / 0                 0 / 0                 0 / 0           ops/s
[10.273s][info][gc,stats    ]    Critical: Allocation Stall                              0.000 / 0.000         0.000 / 0.000         0.000 / 0.000         0.000 / 0.000       ms
[10.273s][info][gc,stats    ]    Critical: GC Locker Stall                                   0 / 0                 0 / 0                 0 / 0                 0 / 0           ops/s
[10.273s][info][gc,stats    ]    Critical: GC Locker Stall                               0.000 / 0.000         0.000 / 0.000         0.000 / 0.000         0.000 / 0.000       ms
[10.273s][info][gc,stats    ]    Critical: Relocation Stall                                  0 / 0                 0 / 0                 0 / 0                 0 / 0           ops/s
[10.273s][info][gc,stats    ]    Critical: Relocation Stall                              0.000 / 0.000         0.000 / 0.000         0.000 / 0.000         0.000 / 0.000       ms
[10.274s][info][gc,stats    ]      Memory: Allocation Rate                                 313 / 612             313 / 612             313 / 612             313 / 612         MB/s
[10.274s][info][gc,stats    ]      Memory: Out Of Memory                                     0 / 0                 0 / 0                 0 / 0                 0 / 0           ops/s
[10.274s][info][gc,stats    ]      Memory: Page Cache Flush                                  0 / 0                 0 / 0                 0 / 0                 0 / 0           MB/s
[10.274s][info][gc,stats    ]      Memory: Page Cache Hit L1                                 9 / 17                9 / 17                9 / 17                9 / 17          ops/s
[10.274s][info][gc,stats    ]      Memory: Page Cache Hit L2                                 0 / 0                 0 / 0                 0 / 0                 0 / 0           ops/s
[10.274s][info][gc,stats    ]      Memory: Page Cache Hit L3                               151 / 307             151 / 307             151 / 307             151 / 307         ops/s
[10.274s][info][gc,stats    ]      Memory: Page Cache Miss                                   0 / 1                 0 / 1                 0 / 1                 0 / 1           ops/s
[10.274s][info][gc,stats    ]      Memory: Uncommit                                          0 / 0                 0 / 0                 0 / 0                 0 / 0           MB/s
[10.274s][info][gc,stats    ]      Memory: Undo Object Allocation Failed                     0 / 0                 0 / 0                 0 / 0                 0 / 0           ops/s
[10.274s][info][gc,stats    ]      Memory: Undo Object Allocation Succeeded                  0 / 0                 0 / 0                 0 / 0                 0 / 0           ops/s
[10.274s][info][gc,stats    ]      Memory: Undo Page Allocation                              0 / 0                 0 / 0                 0 / 0                 0 / 0           ops/s
[10.274s][info][gc,stats    ]       Phase: Concurrent Mark                              18.181 / 42.817       18.181 / 42.817       18.181 / 42.817       18.181 / 42.817      ms
[10.274s][info][gc,stats    ]       Phase: Concurrent Mark Continue                      0.000 / 0.000         0.000 / 0.000         0.000 / 0.000         0.000 / 0.000       ms
[10.274s][info][gc,stats    ]       Phase: Concurrent Mark Free                          0.001 / 0.001         0.001 / 0.001         0.001 / 0.001         0.001 / 0.001       ms
[10.274s][info][gc,stats    ]       Phase: Concurrent Process Non-Strong References      0.761 / 0.978         0.761 / 0.978         0.761 / 0.978         0.761 / 0.978       ms
[10.274s][info][gc,stats    ]       Phase: Concurrent Relocate                           1.018 / 3.111         1.018 / 3.111         1.018 / 3.111         1.018 / 3.111       ms
[10.274s][info][gc,stats    ]       Phase: Concurrent Reset Relocation Set               0.001 / 0.001         0.001 / 0.001         0.001 / 0.001         0.001 / 0.001       ms
[10.274s][info][gc,stats    ]       Phase: Concurrent Select Relocation Set              2.467 / 9.100         2.467 / 9.100         2.467 / 9.100         2.467 / 9.100       ms
[10.274s][info][gc,stats    ]       Phase: Pause Mark End                                0.010 / 0.013         0.010 / 0.013         0.010 / 0.013         0.010 / 0.013       ms
[10.274s][info][gc,stats    ]       Phase: Pause Mark Start                              0.006 / 0.011         0.006 / 0.011         0.006 / 0.011         0.006 / 0.011       ms
[10.274s][info][gc,stats    ]       Phase: Pause Relocate Start                          0.005 / 0.010         0.005 / 0.010         0.005 / 0.010         0.005 / 0.010       ms
[10.274s][info][gc,stats    ]    Subphase: Concurrent Classes Purge                      0.095 / 0.140         0.095 / 0.140         0.095 / 0.140         0.095 / 0.140       ms
[10.274s][info][gc,stats    ]    Subphase: Concurrent Classes Unlink                     0.246 / 0.299         0.246 / 0.299         0.246 / 0.299         0.246 / 0.299       ms
[10.274s][info][gc,stats    ]    Subphase: Concurrent Mark                              17.123 / 42.198       17.123 / 42.198       17.123 / 42.198       17.123 / 42.198      ms
[10.274s][info][gc,stats    ]    Subphase: Concurrent Mark Try Flush                     0.218 / 6.442         0.218 / 6.442         0.218 / 6.442         0.218 / 6.442       ms
[10.274s][info][gc,stats    ]    Subphase: Concurrent Mark Try Terminate                 1.236 / 2.584         1.236 / 2.584         1.236 / 2.584         1.236 / 2.584       ms
[10.274s][info][gc,stats    ]    Subphase: Concurrent References Enqueue                 0.001 / 0.004         0.001 / 0.004         0.001 / 0.004         0.001 / 0.004       ms
[10.274s][info][gc,stats    ]    Subphase: Concurrent References Process                 0.104 / 0.135         0.104 / 0.135         0.104 / 0.135         0.104 / 0.135       ms
[10.274s][info][gc,stats    ]    Subphase: Concurrent Roots ClassLoaderDataGraph         0.045 / 0.207         0.045 / 0.207         0.045 / 0.207         0.045 / 0.207       ms
[10.274s][info][gc,stats    ]    Subphase: Concurrent Roots CodeCache                    0.000 / 0.000         0.000 / 0.000         0.000 / 0.000         0.000 / 0.000       ms
[10.274s][info][gc,stats    ]    Subphase: Concurrent Roots JavaThreads                  0.170 / 0.507         0.170 / 0.507         0.170 / 0.507         0.170 / 0.507       ms
[10.274s][info][gc,stats    ]    Subphase: Concurrent Roots OopStorageSet                0.010 / 0.036         0.010 / 0.036         0.010 / 0.036         0.010 / 0.036       ms
[10.274s][info][gc,stats    ]    Subphase: Concurrent Weak Roots OopStorageSet           0.124 / 0.235         0.124 / 0.235         0.124 / 0.235         0.124 / 0.235       ms
[10.274s][info][gc,stats    ]    Subphase: Pause Mark Try Complete                       0.000 / 0.000         0.000 / 0.000         0.000 / 0.000         0.000 / 0.000       ms
[10.274s][info][gc,stats    ]      System: Java Threads                                     13 / 14               13 / 14               13 / 14               13 / 14          threads
[10.274s][info][gc,stats    ] =========================================================================================================================================================
[10.373s][info][gc,start    ] GC(34) Garbage Collection (Timer)
[10.373s][info][gc,task     ] GC(34) Using 3 workers
[10.373s][info][gc,phases   ] GC(34) Pause Mark Start 0.005ms
[10.400s][info][gc,phases   ] GC(34) Concurrent Mark 26.451ms
[10.400s][info][gc,phases   ] GC(34) Pause Mark End 0.009ms
[10.400s][info][gc,phases   ] GC(34) Concurrent Mark Free 0.001ms
[10.401s][info][gc,phases   ] GC(34) Concurrent Process Non-Strong References 0.828ms
[10.401s][info][gc,phases   ] GC(34) Concurrent Reset Relocation Set 0.001ms
[10.403s][info][gc,phases   ] GC(34) Concurrent Select Relocation Set 2.072ms
[10.403s][info][gc,phases   ] GC(34) Pause Relocate Start 0.004ms
[10.404s][info][gc,phases   ] GC(34) Concurrent Relocate 0.739ms
[10.404s][info][gc,load     ] GC(34) Load: 0.00/0.00/0.00
[10.404s][info][gc,mmu      ] GC(34) MMU: 2ms/99.4%, 5ms/99.6%, 10ms/99.8%, 20ms/99.9%, 50ms/99.9%, 100ms/100.0%
[10.404s][info][gc,marking  ] GC(34) Mark: 2 stripe(s), 10 proactive flush(es), 1 terminate flush(es), 0 completion(s), 0 continuation(s) 
[10.404s][info][gc,marking  ] GC(34) Mark Stack Usage: 32M
[10.404s][info][gc,nmethod  ] GC(34) NMethods: 487 registered, 0 unregistered
[10.404s][info][gc,metaspace] GC(34) Metaspace: 1M used, 1M committed, 1088M reserved
[10.404s][info][gc,ref      ] GC(34) Soft: 181 encountered, 0 discovered, 0 enqueued
[10.404s][info][gc,ref      ] GC(34) Weak: 263 encountered, 161 discovered, 0 enqueued
[10.404s][info][gc,ref      ] GC(34) Final: 0 encountered, 0 discovered, 0 enqueued
[10.404s][info][gc,ref      ] GC(34) Phantom: 7 encountered, 3 discovered, 0 enqueued
[10.404s][info][gc,reloc    ] GC(34) Small Pages: 1504 / 3008M, Empty: 0M, Relocated: 1M, In-Place: 0
[10.404s][info][gc,reloc    ] GC(34) Medium Pages: 1 / 32M, Empty: 0M, Relocated: 0M, In-Place: 0
[10.404s][info][gc,reloc    ] GC(34) Large Pages: 0 / 0M, Empty: 0M, Relocated: 0M, In-Place: 0
[10.404s][info][gc,reloc    ] GC(34) Forwarding Usage: 0M
[10.404s][info][gc,heap     ] GC(34) Min Capacity: 4096M(100%)
[10.404s][info][gc,heap     ] GC(34) Max Capacity: 4096M(100%)
[10.404s][info][gc,heap     ] GC(34) Soft Max Capacity: 4096M(100%)
[10.404s][info][gc,heap     ] GC(34)                Mark Start          Mark End        Relocate Start      Relocate End           High               Low         
[10.404s][info][gc,heap     ] GC(34)  Capacity:     4096M (100%)       4096M (100%)       4096M (100%)       4096M (100%)       4096M (100%)       4096M (100%)   
[10.404s][info][gc,heap     ] GC(34)      Free:     1056M (26%)        1056M (26%)        1056M (26%)        1056M (26%)        1056M (26%)        1052M (26%)    
[10.404s][info][gc,heap     ] GC(34)      Used:     3040M (74%)        3040M (74%)        3040M (74%)        3040M (74%)        3044M (74%)        3040M (74%)    
[10.404s][info][gc,heap     ] GC(34)      Live:         -              2747M (67%)        2747M (67%)        2747M (67%)            -                  -          
[10.404s][info][gc,heap     ] GC(34) Allocated:         -                 0M (0%)            0M (0%)            0M (0%)             -                  -          
[10.404s][info][gc,heap     ] GC(34)   Garbage:         -               292M (7%)          292M (7%)          292M (7%)             -                  -          
[10.405s][info][gc,heap     ] GC(34) Reclaimed:         -                  -                 0M (0%)            0M (0%)             -                  -          
[10.405s][info][gc          ] GC(34) Garbage Collection (Timer) 3040M(74%)->3040M(74%)
[10.662s][info][gc,heap,exit] Heap
[10.662s][info][gc,heap,exit]  ZHeap           used 3044M, capacity 4096M, max capacity 4096M
[10.662s][info][gc,heap,exit]  Metaspace       used 1602K, committed 1792K, reserved 1114112K
[10.662s][info][gc,heap,exit]   class space    used 147K, committed 256K, reserved 1048576K
