[0.106s][info][gc,init] Initializing The Z Garbage Collector
[0.106s][info][gc,init] Version: 17.0.11+1-LTS (release)
[0.106s][info][gc,init] NUMA Support: Disabled
[0.106s][info][gc,init] CPUs: 12 total, 12 available
[0.106s][info][gc,init] Memory: 24496M
[0.107s][info][gc,init] Large Page Support: Disabled
[0.107s][info][gc,init] GC Workers: 3 (dynamic)
[0.107s][info][gc,init] Address Space Type: Contiguous/Unrestricted/Complete
[0.107s][info][gc,init] Address Space Size: 65536M x 3 = 196608M
[0.108s][info][gc,init] Min Capacity: 4096M
[0.108s][info][gc,init] Initial Capacity: 4096M
[0.108s][info][gc,init] Max Capacity: 4096M
[0.108s][info][gc,init] Medium Page Size: 32M
[0.108s][info][gc,init] Pre-touch: Disabled
[0.108s][info][gc,init] Uncommit: Implicitly Disabled (-Xms equals -Xmx)
[0.325s][info][gc,init] Runtime Workers: 8
[0.326s][info][gc     ] Using The Z Garbage Collector
[0.336s][info][gc,metaspace] CDS archive(s) mapped at: [0x000001e400000000-0x000001e400bc0000-0x000001e400bc0000), size 12320768, SharedBaseAddress: 0x000001e400000000, ArchiveRelocationMode: 1.
[0.336s][info][gc,metaspace] Compressed class space mapped at: 0x000001e401000000-0x000001e441000000, reserved size: 1073741824
[0.336s][info][gc,metaspace] Narrow klass base: 0x000001e400000000, Narrow klass shift: 0, Narrow klass range: 0x100000000
[0.470s][info][gc,start    ] GC(0) Garbage Collection (Timer)
[0.471s][info][gc,task     ] GC(0) Using 3 workers
[0.471s][info][gc,phases   ] GC(0) Pause Mark Start 0.006ms
[0.474s][info][gc,phases   ] GC(0) Concurrent Mark 3.600ms
[0.474s][info][gc,phases   ] GC(0) Pause Mark End 0.015ms
[0.475s][info][gc,phases   ] GC(0) Concurrent Mark Free 0.001ms
[0.475s][info][gc,phases   ] GC(0) Concurrent Process Non-Strong References 0.274ms
[0.475s][info][gc,phases   ] GC(0) Concurrent Reset Relocation Set 0.000ms
[0.484s][info][gc,phases   ] GC(0) Concurrent Select Relocation Set 9.539ms
[0.485s][info][gc,phases   ] GC(0) Pause Relocate Start 0.008ms
[0.487s][info][gc,phases   ] GC(0) Concurrent Relocate 1.867ms
[0.487s][info][gc,load     ] GC(0) Load: 0.00/0.00/0.00
[0.487s][info][gc,mmu      ] GC(0) MMU: 2ms/99.2%, 5ms/99.6%, 10ms/99.8%, 20ms/99.9%, 50ms/99.9%, 100ms/100.0%
[0.487s][info][gc,marking  ] GC(0) Mark: 2 stripe(s), 1 proactive flush(es), 1 terminate flush(es), 0 completion(s), 0 continuation(s) 
[0.487s][info][gc,marking  ] GC(0) Mark Stack Usage: 32M
[0.487s][info][gc,nmethod  ] GC(0) NMethods: 153 registered, 0 unregistered
[0.487s][info][gc,metaspace] GC(0) Metaspace: 0M used, 0M committed, 1088M reserved
[0.487s][info][gc,ref      ] GC(0) Soft: 36 encountered, 0 discovered, 0 enqueued
[0.487s][info][gc,ref      ] GC(0) Weak: 103 encountered, 21 discovered, 18 enqueued
[0.487s][info][gc,ref      ] GC(0) Final: 0 encountered, 0 discovered, 0 enqueued
[0.487s][info][gc,ref      ] GC(0) Phantom: 16 encountered, 13 discovered, 13 enqueued
[0.487s][info][gc,reloc    ] GC(0) Small Pages: 3 / 6M, Empty: 0M, Relocated: 1M, In-Place: 0
[0.487s][info][gc,reloc    ] GC(0) Medium Pages: 0 / 0M, Empty: 0M, Relocated: 0M, In-Place: 0
[0.487s][info][gc,reloc    ] GC(0) Large Pages: 0 / 0M, Empty: 0M, Relocated: 0M, In-Place: 0
[0.487s][info][gc,reloc    ] GC(0) Forwarding Usage: 0M
[0.487s][info][gc,heap     ] GC(0) Min Capacity: 4096M(100%)
[0.487s][info][gc,heap     ] GC(0) Max Capacity: 4096M(100%)
[0.487s][info][gc,heap     ] GC(0) Soft Max Capacity: 4096M(100%)
[0.487s][info][gc,heap     ] GC(0)                Mark Start          Mark End        Relocate Start      Relocate End           High               Low         
[0.487s][info][gc,heap     ] GC(0)  Capacity:     4096M (100%)       4096M (100%)       4096M (100%)       4096M (100%)       4096M (100%)       4096M (100%)   
[0.487s][info][gc,heap     ] GC(0)      Free:     4090M (100%)       4090M (100%)       4090M (100%)       4090M (100%)       4090M (100%)       4084M (100%)   
[0.487s][info][gc,heap     ] GC(0)      Used:        6M (0%)            6M (0%)            6M (0%)            6M (0%)           12M (0%)            6M (0%)     
[0.487s][info][gc,heap     ] GC(0)      Live:         -                 1M (0%)            1M (0%)            1M (0%)             -                  -          
[0.487s][info][gc,heap     ] GC(0) Allocated:         -                 0M (0%)            0M (0%)            0M (0%)             -                  -          
[0.487s][info][gc,heap     ] GC(0)   Garbage:         -                 4M (0%)            4M (0%)            4M (0%)             -                  -          
[0.487s][info][gc,heap     ] GC(0) Reclaimed:         -                  -                 0M (0%)            0M (0%)             -                  -          
[0.487s][info][gc          ] GC(0) Garbage Collection (Timer) 6M(0%)->6M(0%)
[0.758s][info][gc,start    ] GC(1) Garbage Collection (Timer)
[0.758s][info][gc,task     ] GC(1) Using 3 workers
[0.758s][info][gc,phases   ] GC(1) Pause Mark Start 0.006ms
[0.775s][info][gc,phases   ] GC(1) Concurrent Mark 16.180ms
[0.775s][info][gc,phases   ] GC(1) Pause Mark End 0.010ms
[0.775s][info][gc,phases   ] GC(1) Concurrent Mark Free 0.001ms
[0.776s][info][gc,phases   ] GC(1) Concurrent Process Non-Strong References 0.596ms
[0.776s][info][gc,phases   ] GC(1) Concurrent Reset Relocation Set 0.001ms
[0.778s][info][gc,phases   ] GC(1) Concurrent Select Relocation Set 2.319ms
[0.778s][info][gc,phases   ] GC(1) Pause Relocate Start 0.006ms
[0.780s][info][gc,phases   ] GC(1) Concurrent Relocate 1.835ms
[0.780s][info][gc,load     ] GC(1) Load: 0.00/0.00/0.00
[0.780s][info][gc,mmu      ] GC(1) MMU: 2ms/99.2%, 5ms/99.6%, 10ms/99.8%, 20ms/99.9%, 50ms/99.9%, 100ms/100.0%
[0.780s][info][gc,marking  ] GC(1) Mark: 2 stripe(s), 3 proactive flush(es), 1 terminate flush(es), 0 completion(s), 0 continuation(s) 
[0.780s][info][gc,marking  ] GC(1) Mark Stack Usage: 32M
[0.780s][info][gc,nmethod  ] GC(1) NMethods: 291 registered, 0 unregistered
[0.780s][info][gc,metaspace] GC(1) Metaspace: 0M used, 0M committed, 1088M reserved
[0.780s][info][gc,ref      ] GC(1) Soft: 72 encountered, 0 discovered, 0 enqueued
[0.780s][info][gc,ref      ] GC(1) Weak: 177 encountered, 135 discovered, 23 enqueued
[0.780s][info][gc,ref      ] GC(1) Final: 0 encountered, 0 discovered, 0 enqueued
[0.780s][info][gc,ref      ] GC(1) Phantom: 13 encountered, 11 discovered, 6 enqueued
[0.780s][info][gc,reloc    ] GC(1) Small Pages: 119 / 238M, Empty: 0M, Relocated: 1M, In-Place: 0
[0.780s][info][gc,reloc    ] GC(1) Medium Pages: 0 / 0M, Empty: 0M, Relocated: 0M, In-Place: 0
[0.780s][info][gc,reloc    ] GC(1) Large Pages: 0 / 0M, Empty: 0M, Relocated: 0M, In-Place: 0
[0.780s][info][gc,reloc    ] GC(1) Forwarding Usage: 0M
[0.781s][info][gc,heap     ] GC(1) Min Capacity: 4096M(100%)
[0.781s][info][gc,heap     ] GC(1) Max Capacity: 4096M(100%)
[0.781s][info][gc,heap     ] GC(1) Soft Max Capacity: 4096M(100%)
[0.781s][info][gc,heap     ] GC(1)                Mark Start          Mark End        Relocate Start      Relocate End           High               Low         
[0.781s][info][gc,heap     ] GC(1)  Capacity:     4096M (100%)       4096M (100%)       4096M (100%)       4096M (100%)       4096M (100%)       4096M (100%)   
[0.781s][info][gc,heap     ] GC(1)      Free:     3858M (94%)        3854M (94%)        3850M (94%)        3856M (94%)        3858M (94%)        3846M (94%)    
[0.781s][info][gc,heap     ] GC(1)      Used:      238M (6%)          242M (6%)          246M (6%)          240M (6%)          250M (6%)          238M (6%)     
[0.781s][info][gc,heap     ] GC(1)      Live:         -               208M (5%)          208M (5%)          208M (5%)             -                  -          
[0.781s][info][gc,heap     ] GC(1) Allocated:         -                 4M (0%)            8M (0%)            7M (0%)             -                  -          
[0.781s][info][gc,heap     ] GC(1)   Garbage:         -                29M (1%)           29M (1%)           23M (1%)             -                  -          
[0.781s][info][gc,heap     ] GC(1) Reclaimed:         -                  -                 0M (0%)            5M (0%)             -                  -          
[0.781s][info][gc          ] GC(1) Garbage Collection (Timer) 238M(6%)->240M(6%)
[1.058s][info][gc,start    ] GC(2) Garbage Collection (Warmup)
[1.058s][info][gc,task     ] GC(2) Using 3 workers
[1.058s][info][gc,phases   ] GC(2) Pause Mark Start 0.005ms
[1.085s][info][gc,phases   ] GC(2) Concurrent Mark 26.375ms
[1.085s][info][gc,phases   ] GC(2) Pause Mark End 0.008ms
[1.085s][info][gc,phases   ] GC(2) Concurrent Mark Free 0.001ms
[1.086s][info][gc,phases   ] GC(2) Concurrent Process Non-Strong References 0.673ms
[1.086s][info][gc,phases   ] GC(2) Concurrent Reset Relocation Set 0.001ms
[1.088s][info][gc,phases   ] GC(2) Concurrent Select Relocation Set 2.414ms
[1.088s][info][gc,phases   ] GC(2) Pause Relocate Start 0.006ms
[1.091s][info][gc,phases   ] GC(2) Concurrent Relocate 2.203ms
[1.091s][info][gc,load     ] GC(2) Load: 0.00/0.00/0.00
[1.091s][info][gc,mmu      ] GC(2) MMU: 2ms/99.2%, 5ms/99.6%, 10ms/99.8%, 20ms/99.9%, 50ms/99.9%, 100ms/100.0%
[1.091s][info][gc,marking  ] GC(2) Mark: 2 stripe(s), 5 proactive flush(es), 1 terminate flush(es), 0 completion(s), 0 continuation(s) 
[1.091s][info][gc,marking  ] GC(2) Mark Stack Usage: 32M
[1.091s][info][gc,nmethod  ] GC(2) NMethods: 368 registered, 0 unregistered
[1.091s][info][gc,metaspace] GC(2) Metaspace: 1M used, 1M committed, 1088M reserved
[1.091s][info][gc,ref      ] GC(2) Soft: 118 encountered, 0 discovered, 0 enqueued
[1.091s][info][gc,ref      ] GC(2) Weak: 175 encountered, 9 discovered, 5 enqueued
[1.091s][info][gc,ref      ] GC(2) Final: 0 encountered, 0 discovered, 0 enqueued
[1.091s][info][gc,ref      ] GC(2) Phantom: 12 encountered, 10 discovered, 5 enqueued
[1.091s][info][gc,reloc    ] GC(2) Small Pages: 240 / 480M, Empty: 0M, Relocated: 1M, In-Place: 0
[1.091s][info][gc,reloc    ] GC(2) Medium Pages: 0 / 0M, Empty: 0M, Relocated: 0M, In-Place: 0
[1.091s][info][gc,reloc    ] GC(2) Large Pages: 0 / 0M, Empty: 0M, Relocated: 0M, In-Place: 0
[1.091s][info][gc,reloc    ] GC(2) Forwarding Usage: 0M
[1.091s][info][gc,heap     ] GC(2) Min Capacity: 4096M(100%)
[1.091s][info][gc,heap     ] GC(2) Max Capacity: 4096M(100%)
[1.091s][info][gc,heap     ] GC(2) Soft Max Capacity: 4096M(100%)
[1.091s][info][gc,heap     ] GC(2)                Mark Start          Mark End        Relocate Start      Relocate End           High               Low         
[1.091s][info][gc,heap     ] GC(2)  Capacity:     4096M (100%)       4096M (100%)       4096M (100%)       4096M (100%)       4096M (100%)       4096M (100%)   
[1.091s][info][gc,heap     ] GC(2)      Free:     3616M (88%)        3612M (88%)        3610M (88%)        3610M (88%)        3616M (88%)        3606M (88%)    
[1.091s][info][gc,heap     ] GC(2)      Used:      480M (12%)         484M (12%)         486M (12%)         486M (12%)         490M (12%)         480M (12%)    
[1.091s][info][gc,heap     ] GC(2)      Live:         -               432M (11%)         432M (11%)         432M (11%)            -                  -          
[1.091s][info][gc,heap     ] GC(2) Allocated:         -                 4M (0%)            6M (0%)            7M (0%)             -                  -          
[1.091s][info][gc,heap     ] GC(2)   Garbage:         -                47M (1%)           47M (1%)           45M (1%)             -                  -          
[1.091s][info][gc,heap     ] GC(2) Reclaimed:         -                  -                 0M (0%)            1M (0%)             -                  -          
[1.091s][info][gc          ] GC(2) Garbage Collection (Warmup) 480M(12%)->486M(12%)
[1.358s][info][gc,start    ] GC(3) Garbage Collection (Timer)
[1.359s][info][gc,task     ] GC(3) Using 3 workers
[1.359s][info][gc,phases   ] GC(3) Pause Mark Start 0.005ms
[1.379s][info][gc,phases   ] GC(3) Concurrent Mark 20.650ms
[1.753s][info][gc,phases   ] GC(3) Pause Mark End 0.012ms
[1.753s][info][gc,phases   ] GC(3) Concurrent Mark Free 0.001ms
[1.754s][info][gc,phases   ] GC(3) Concurrent Process Non-Strong References 0.710ms
[1.754s][info][gc,phases   ] GC(3) Concurrent Reset Relocation Set 0.001ms
[1.756s][info][gc,phases   ] GC(3) Concurrent Select Relocation Set 2.318ms
[1.757s][info][gc,phases   ] GC(3) Pause Relocate Start 0.005ms
[1.758s][info][gc,phases   ] GC(3) Concurrent Relocate 1.580ms
[1.758s][info][gc,load     ] GC(3) Load: 0.00/0.00/0.00
[1.758s][info][gc,mmu      ] GC(3) MMU: 2ms/99.2%, 5ms/99.6%, 10ms/99.8%, 20ms/99.9%, 50ms/99.9%, 100ms/100.0%
[1.758s][info][gc,marking  ] GC(3) Mark: 2 stripe(s), 1 proactive flush(es), 1 terminate flush(es), 0 completion(s), 0 continuation(s) 
[1.758s][info][gc,marking  ] GC(3) Mark Stack Usage: 32M
[1.758s][info][gc,nmethod  ] GC(3) NMethods: 368 registered, 0 unregistered
[1.758s][info][gc,metaspace] GC(3) Metaspace: 1M used, 1M committed, 1088M reserved
[1.758s][info][gc,ref      ] GC(3) Soft: 118 encountered, 0 discovered, 0 enqueued
[1.758s][info][gc,ref      ] GC(3) Weak: 170 encountered, 4 discovered, 0 enqueued
[1.758s][info][gc,ref      ] GC(3) Final: 0 encountered, 0 discovered, 0 enqueued
[1.758s][info][gc,ref      ] GC(3) Phantom: 7 encountered, 3 discovered, 0 enqueued
[1.758s][info][gc,reloc    ] GC(3) Small Pages: 303 / 606M, Empty: 0M, Relocated: 1M, In-Place: 0
[1.759s][info][gc,reloc    ] GC(3) Medium Pages: 0 / 0M, Empty: 0M, Relocated: 0M, In-Place: 0
[1.759s][info][gc,reloc    ] GC(3) Large Pages: 0 / 0M, Empty: 0M, Relocated: 0M, In-Place: 0
[1.759s][info][gc,reloc    ] GC(3) Forwarding Usage: 0M
[1.759s][info][gc,heap     ] GC(3) Min Capacity: 4096M(100%)
[1.759s][info][gc,heap     ] GC(3) Max Capacity: 4096M(100%)
[1.759s][info][gc,heap     ] GC(3) Soft Max Capacity: 4096M(100%)
[1.759s][info][gc,heap     ] GC(3)                Mark Start          Mark End        Relocate Start      Relocate End           High               Low         
[1.759s][info][gc,heap     ] GC(3)  Capacity:     4096M (100%)       4096M (100%)       4096M (100%)       4096M (100%)       4096M (100%)       4096M (100%)   
[1.759s][info][gc,heap     ] GC(3)      Free:     3490M (85%)        3490M (85%)        3490M (85%)        3490M (85%)        3490M (85%)        3484M (85%)    
[1.759s][info][gc,heap     ] GC(3)      Used:      606M (15%)         606M (15%)         606M (15%)         606M (15%)         612M (15%)         606M (15%)    
[1.759s][info][gc,heap     ] GC(3)      Live:         -               548M (13%)         548M (13%)         548M (13%)            -                  -          
[1.759s][info][gc,heap     ] GC(3) Allocated:         -                 0M (0%)            0M (0%)            0M (0%)             -                  -          
[1.759s][info][gc,heap     ] GC(3)   Garbage:         -                57M (1%)           57M (1%)           57M (1%)             -                  -          
[1.759s][info][gc,heap     ] GC(3) Reclaimed:         -                  -                 0M (0%)            0M (0%)             -                  -          
[1.759s][info][gc          ] GC(3) Garbage Collection (Timer) 606M(15%)->606M(15%)
[1.958s][info][gc,start    ] GC(4) Garbage Collection (Timer)
[1.958s][info][gc,task     ] GC(4) Using 3 workers
[1.959s][info][gc,phases   ] GC(4) Pause Mark Start 0.006ms
[1.969s][info][gc,phases   ] GC(4) Concurrent Mark 10.295ms
[1.969s][info][gc,phases   ] GC(4) Pause Mark End 0.009ms
[1.969s][info][gc,phases   ] GC(4) Concurrent Mark Free 0.001ms
[1.970s][info][gc,phases   ] GC(4) Concurrent Process Non-Strong References 0.770ms
[1.970s][info][gc,phases   ] GC(4) Concurrent Reset Relocation Set 0.001ms
[1.972s][info][gc,phases   ] GC(4) Concurrent Select Relocation Set 2.138ms
[1.972s][info][gc,phases   ] GC(4) Pause Relocate Start 0.005ms
[1.974s][info][gc,phases   ] GC(4) Concurrent Relocate 1.361ms
[1.974s][info][gc,load     ] GC(4) Load: 0.00/0.00/0.00
[1.974s][info][gc,mmu      ] GC(4) MMU: 2ms/99.2%, 5ms/99.6%, 10ms/99.8%, 20ms/99.9%, 50ms/99.9%, 100ms/100.0%
[1.974s][info][gc,marking  ] GC(4) Mark: 2 stripe(s), 1 proactive flush(es), 1 terminate flush(es), 0 completion(s), 0 continuation(s) 
[1.974s][info][gc,marking  ] GC(4) Mark Stack Usage: 32M
[1.974s][info][gc,nmethod  ] GC(4) NMethods: 368 registered, 0 unregistered
[1.974s][info][gc,metaspace] GC(4) Metaspace: 1M used, 1M committed, 1088M reserved
[1.974s][info][gc,ref      ] GC(4) Soft: 118 encountered, 0 discovered, 0 enqueued
[1.974s][info][gc,ref      ] GC(4) Weak: 170 encountered, 3 discovered, 0 enqueued
[1.974s][info][gc,ref      ] GC(4) Final: 0 encountered, 0 discovered, 0 enqueued
[1.974s][info][gc,ref      ] GC(4) Phantom: 7 encountered, 3 discovered, 0 enqueued
[1.974s][info][gc,reloc    ] GC(4) Small Pages: 303 / 606M, Empty: 0M, Relocated: 1M, In-Place: 0
[1.974s][info][gc,reloc    ] GC(4) Medium Pages: 0 / 0M, Empty: 0M, Relocated: 0M, In-Place: 0
[1.974s][info][gc,reloc    ] GC(4) Large Pages: 0 / 0M, Empty: 0M, Relocated: 0M, In-Place: 0
[1.974s][info][gc,reloc    ] GC(4) Forwarding Usage: 0M
[1.974s][info][gc,heap     ] GC(4) Min Capacity: 4096M(100%)
[1.974s][info][gc,heap     ] GC(4) Max Capacity: 4096M(100%)
[1.974s][info][gc,heap     ] GC(4) Soft Max Capacity: 4096M(100%)
[1.974s][info][gc,heap     ] GC(4)                Mark Start          Mark End        Relocate Start      Relocate End           High               Low         
[1.974s][info][gc,heap     ] GC(4)  Capacity:     4096M (100%)       4096M (100%)       4096M (100%)       4096M (100%)       4096M (100%)       4096M (100%)   
[1.974s][info][gc,heap     ] GC(4)      Free:     3490M (85%)        3490M (85%)        3490M (85%)        3490M (85%)        3490M (85%)        3484M (85%)    
[1.974s][info][gc,heap     ] GC(4)      Used:      606M (15%)         606M (15%)         606M (15%)         606M (15%)         612M (15%)         606M (15%)    
[1.974s][info][gc,heap     ] GC(4)      Live:         -               548M (13%)         548M (13%)         548M (13%)            -                  -          
[1.974s][info][gc,heap     ] GC(4) Allocated:         -                 0M (0%)            0M (0%)            0M (0%)             -                  -          
[1.975s][info][gc,heap     ] GC(4)   Garbage:         -                57M (1%)           57M (1%)           57M (1%)             -                  -          
[1.975s][info][gc,heap     ] GC(4) Reclaimed:         -                  -                 0M (0%)            0M (0%)             -                  -          
[1.975s][info][gc          ] GC(4) Garbage Collection (Timer) 606M(15%)->606M(15%)
[2.259s][info][gc,start    ] GC(5) Garbage Collection (Timer)
[2.259s][info][gc,task     ] GC(5) Using 3 workers
[2.259s][info][gc,phases   ] GC(5) Pause Mark Start 0.005ms
[2.268s][info][gc,phases   ] GC(5) Concurrent Mark 9.563ms
[2.269s][info][gc,phases   ] GC(5) Pause Mark End 0.006ms
[2.269s][info][gc,phases   ] GC(5) Concurrent Mark Free 0.001ms
[2.269s][info][gc,phases   ] GC(5) Concurrent Process Non-Strong References 0.661ms
[2.269s][info][gc,phases   ] GC(5) Concurrent Reset Relocation Set 0.001ms
[2.272s][info][gc,phases   ] GC(5) Concurrent Select Relocation Set 2.303ms
[2.272s][info][gc,phases   ] GC(5) Pause Relocate Start 0.004ms
[2.274s][info][gc,phases   ] GC(5) Concurrent Relocate 1.525ms
[2.274s][info][gc,load     ] GC(5) Load: 0.00/0.00/0.00
[2.274s][info][gc,mmu      ] GC(5) MMU: 2ms/99.2%, 5ms/99.6%, 10ms/99.8%, 20ms/99.9%, 50ms/99.9%, 100ms/100.0%
[2.274s][info][gc,marking  ] GC(5) Mark: 2 stripe(s), 2 proactive flush(es), 1 terminate flush(es), 0 completion(s), 0 continuation(s) 
[2.274s][info][gc,marking  ] GC(5) Mark Stack Usage: 32M
[2.274s][info][gc,nmethod  ] GC(5) NMethods: 442 registered, 0 unregistered
[2.274s][info][gc,metaspace] GC(5) Metaspace: 1M used, 1M committed, 1088M reserved
[2.274s][info][gc,ref      ] GC(5) Soft: 149 encountered, 0 discovered, 0 enqueued
[2.274s][info][gc,ref      ] GC(5) Weak: 240 encountered, 146 discovered, 15 enqueued
[2.274s][info][gc,ref      ] GC(5) Final: 0 encountered, 0 discovered, 0 enqueued
[2.274s][info][gc,ref      ] GC(5) Phantom: 16 encountered, 12 discovered, 9 enqueued
[2.274s][info][gc,reloc    ] GC(5) Small Pages: 305 / 610M, Empty: 0M, Relocated: 1M, In-Place: 0
[2.274s][info][gc,reloc    ] GC(5) Medium Pages: 0 / 0M, Empty: 0M, Relocated: 0M, In-Place: 0
[2.274s][info][gc,reloc    ] GC(5) Large Pages: 0 / 0M, Empty: 0M, Relocated: 0M, In-Place: 0
[2.274s][info][gc,reloc    ] GC(5) Forwarding Usage: 0M
[2.274s][info][gc,heap     ] GC(5) Min Capacity: 4096M(100%)
[2.274s][info][gc,heap     ] GC(5) Max Capacity: 4096M(100%)
[2.274s][info][gc,heap     ] GC(5) Soft Max Capacity: 4096M(100%)
[2.274s][info][gc,heap     ] GC(5)                Mark Start          Mark End        Relocate Start      Relocate End           High               Low         
[2.274s][info][gc,heap     ] GC(5)  Capacity:     4096M (100%)       4096M (100%)       4096M (100%)       4096M (100%)       4096M (100%)       4096M (100%)   
[2.274s][info][gc,heap     ] GC(5)      Free:     3486M (85%)        3482M (85%)        3482M (85%)        3486M (85%)        3486M (85%)        3478M (85%)    
[2.274s][info][gc,heap     ] GC(5)      Used:      610M (15%)         614M (15%)         614M (15%)         610M (15%)         618M (15%)         610M (15%)    
[2.274s][info][gc,heap     ] GC(5)      Live:         -               548M (13%)         548M (13%)         548M (13%)            -                  -          
[2.274s][info][gc,heap     ] GC(5) Allocated:         -                 4M (0%)            4M (0%)            3M (0%)             -                  -          
[2.274s][info][gc,heap     ] GC(5)   Garbage:         -                61M (1%)           61M (1%)           57M (1%)             -                  -          
[2.274s][info][gc,heap     ] GC(5) Reclaimed:         -                  -                 0M (0%)            3M (0%)             -                  -          
[2.274s][info][gc          ] GC(5) Garbage Collection (Timer) 610M(15%)->610M(15%)
[2.559s][info][gc,start    ] GC(6) Garbage Collection (Warmup)
[2.559s][info][gc,task     ] GC(6) Using 3 workers
[2.559s][info][gc,phases   ] GC(6) Pause Mark Start 0.006ms
[2.575s][info][gc,phases   ] GC(6) Concurrent Mark 15.879ms
[2.575s][info][gc,phases   ] GC(6) Pause Mark End 0.009ms
[2.575s][info][gc,phases   ] GC(6) Concurrent Mark Free 0.001ms
[2.576s][info][gc,phases   ] GC(6) Concurrent Process Non-Strong References 0.979ms
[2.576s][info][gc,phases   ] GC(6) Concurrent Reset Relocation Set 0.001ms
[2.578s][info][gc,phases   ] GC(6) Concurrent Select Relocation Set 2.223ms
[2.579s][info][gc,phases   ] GC(6) Pause Relocate Start 0.006ms
[2.580s][info][gc,phases   ] GC(6) Concurrent Relocate 1.440ms
[2.580s][info][gc,load     ] GC(6) Load: 0.00/0.00/0.00
[2.580s][info][gc,mmu      ] GC(6) MMU: 2ms/99.2%, 5ms/99.6%, 10ms/99.8%, 20ms/99.9%, 50ms/99.9%, 100ms/100.0%
[2.580s][info][gc,marking  ] GC(6) Mark: 2 stripe(s), 2 proactive flush(es), 1 terminate flush(es), 0 completion(s), 0 continuation(s) 
[2.580s][info][gc,marking  ] GC(6) Mark Stack Usage: 32M
[2.580s][info][gc,nmethod  ] GC(6) NMethods: 455 registered, 0 unregistered
[2.580s][info][gc,metaspace] GC(6) Metaspace: 1M used, 1M committed, 1088M reserved
[2.580s][info][gc,ref      ] GC(6) Soft: 181 encountered, 0 discovered, 0 enqueued
[2.580s][info][gc,ref      ] GC(6) Weak: 282 encountered, 135 discovered, 19 enqueued
[2.580s][info][gc,ref      ] GC(6) Final: 0 encountered, 0 discovered, 0 enqueued
[2.580s][info][gc,ref      ] GC(6) Phantom: 15 encountered, 11 discovered, 8 enqueued
[2.580s][info][gc,reloc    ] GC(6) Small Pages: 417 / 834M, Empty: 0M, Relocated: 1M, In-Place: 0
[2.580s][info][gc,reloc    ] GC(6) Medium Pages: 0 / 0M, Empty: 0M, Relocated: 0M, In-Place: 0
[2.580s][info][gc,reloc    ] GC(6) Large Pages: 0 / 0M, Empty: 0M, Relocated: 0M, In-Place: 0
[2.581s][info][gc,reloc    ] GC(6) Forwarding Usage: 0M
[2.581s][info][gc,heap     ] GC(6) Min Capacity: 4096M(100%)
[2.581s][info][gc,heap     ] GC(6) Max Capacity: 4096M(100%)
[2.581s][info][gc,heap     ] GC(6) Soft Max Capacity: 4096M(100%)
[2.581s][info][gc,heap     ] GC(6)                Mark Start          Mark End        Relocate Start      Relocate End           High               Low         
[2.581s][info][gc,heap     ] GC(6)  Capacity:     4096M (100%)       4096M (100%)       4096M (100%)       4096M (100%)       4096M (100%)       4096M (100%)   
[2.581s][info][gc,heap     ] GC(6)      Free:     3262M (80%)        3260M (80%)        3258M (80%)        3258M (80%)        3262M (80%)        3252M (79%)    
[2.581s][info][gc,heap     ] GC(6)      Used:      834M (20%)         836M (20%)         838M (20%)         838M (20%)         844M (21%)         834M (20%)    
[2.581s][info][gc,heap     ] GC(6)      Live:         -               754M (18%)         754M (18%)         754M (18%)            -                  -          
[2.581s][info][gc,heap     ] GC(6) Allocated:         -                 2M (0%)            4M (0%)            5M (0%)             -                  -          
[2.581s][info][gc,heap     ] GC(6)   Garbage:         -                79M (2%)           79M (2%)           77M (2%)             -                  -          
[2.581s][info][gc,heap     ] GC(6) Reclaimed:         -                  -                 0M (0%)            1M (0%)             -                  -          
[2.581s][info][gc          ] GC(6) Garbage Collection (Warmup) 834M(20%)->838M(20%)
[2.858s][info][gc,start    ] GC(7) Garbage Collection (Timer)
[2.858s][info][gc,task     ] GC(7) Using 3 workers
[2.858s][info][gc,phases   ] GC(7) Pause Mark Start 0.006ms
[2.881s][info][gc,phases   ] GC(7) Concurrent Mark 22.940ms
[2.881s][info][gc,phases   ] GC(7) Pause Mark End 0.009ms
[2.881s][info][gc,phases   ] GC(7) Concurrent Mark Free 0.001ms
[2.882s][info][gc,phases   ] GC(7) Concurrent Process Non-Strong References 0.934ms
[2.882s][info][gc,phases   ] GC(7) Concurrent Reset Relocation Set 0.001ms
[2.884s][info][gc,phases   ] GC(7) Concurrent Select Relocation Set 2.159ms
[2.884s][info][gc,phases   ] GC(7) Pause Relocate Start 0.005ms
[2.886s][info][gc,phases   ] GC(7) Concurrent Relocate 1.480ms
[2.886s][info][gc,load     ] GC(7) Load: 0.00/0.00/0.00
[2.886s][info][gc,mmu      ] GC(7) MMU: 2ms/99.2%, 5ms/99.6%, 10ms/99.8%, 20ms/99.9%, 50ms/99.9%, 100ms/100.0%
[2.886s][info][gc,marking  ] GC(7) Mark: 2 stripe(s), 3 proactive flush(es), 1 terminate flush(es), 0 completion(s), 0 continuation(s) 
[2.886s][info][gc,marking  ] GC(7) Mark Stack Usage: 32M
[2.886s][info][gc,nmethod  ] GC(7) NMethods: 455 registered, 0 unregistered
[2.886s][info][gc,metaspace] GC(7) Metaspace: 1M used, 1M committed, 1088M reserved
[2.886s][info][gc,ref      ] GC(7) Soft: 181 encountered, 0 discovered, 0 enqueued
[2.886s][info][gc,ref      ] GC(7) Weak: 263 encountered, 182 discovered, 0 enqueued
[2.886s][info][gc,ref      ] GC(7) Final: 0 encountered, 0 discovered, 0 enqueued
[2.886s][info][gc,ref      ] GC(7) Phantom: 7 encountered, 3 discovered, 0 enqueued
[2.886s][info][gc,reloc    ] GC(7) Small Pages: 522 / 1044M, Empty: 0M, Relocated: 1M, In-Place: 0
[2.886s][info][gc,reloc    ] GC(7) Medium Pages: 1 / 32M, Empty: 0M, Relocated: 0M, In-Place: 0
[2.886s][info][gc,reloc    ] GC(7) Large Pages: 0 / 0M, Empty: 0M, Relocated: 0M, In-Place: 0
[2.886s][info][gc,reloc    ] GC(7) Forwarding Usage: 0M
[2.886s][info][gc,heap     ] GC(7) Min Capacity: 4096M(100%)
[2.886s][info][gc,heap     ] GC(7) Max Capacity: 4096M(100%)
[2.886s][info][gc,heap     ] GC(7) Soft Max Capacity: 4096M(100%)
[2.886s][info][gc,heap     ] GC(7)                Mark Start          Mark End        Relocate Start      Relocate End           High               Low         
[2.886s][info][gc,heap     ] GC(7)  Capacity:     4096M (100%)       4096M (100%)       4096M (100%)       4096M (100%)       4096M (100%)       4096M (100%)   
[2.886s][info][gc,heap     ] GC(7)      Free:     3020M (74%)        3018M (74%)        3014M (74%)        3014M (74%)        3020M (74%)        3008M (73%)    
[2.886s][info][gc,heap     ] GC(7)      Used:     1076M (26%)        1078M (26%)        1082M (26%)        1082M (26%)        1088M (27%)        1076M (26%)    
[2.886s][info][gc,heap     ] GC(7)      Live:         -               948M (23%)         948M (23%)         948M (23%)            -                  -          
[2.887s][info][gc,heap     ] GC(7) Allocated:         -                 2M (0%)            6M (0%)            6M (0%)             -                  -          
[2.887s][info][gc,heap     ] GC(7)   Garbage:         -               127M (3%)          127M (3%)          127M (3%)             -                  -          
[2.887s][info][gc,heap     ] GC(7) Reclaimed:         -                  -                 0M (0%)            0M (0%)             -                  -          
[2.887s][info][gc          ] GC(7) Garbage Collection (Timer) 1076M(26%)->1082M(26%)
[3.159s][info][gc,start    ] GC(8) Garbage Collection (Warmup)
[3.159s][info][gc,task     ] GC(8) Using 3 workers
[3.159s][info][gc,phases   ] GC(8) Pause Mark Start 0.006ms
[3.192s][info][gc,phases   ] GC(8) Concurrent Mark 33.246ms
[3.192s][info][gc,phases   ] GC(8) Pause Mark End 0.010ms
[3.192s][info][gc,phases   ] GC(8) Concurrent Mark Free 0.001ms
[3.193s][info][gc,phases   ] GC(8) Concurrent Process Non-Strong References 0.830ms
[3.193s][info][gc,phases   ] GC(8) Concurrent Reset Relocation Set 0.001ms
[3.195s][info][gc,phases   ] GC(8) Concurrent Select Relocation Set 2.162ms
[3.195s][info][gc,phases   ] GC(8) Pause Relocate Start 0.005ms
[3.197s][info][gc,phases   ] GC(8) Concurrent Relocate 1.434ms
[3.197s][info][gc,load     ] GC(8) Load: 0.00/0.00/0.00
[3.197s][info][gc,mmu      ] GC(8) MMU: 2ms/99.2%, 5ms/99.6%, 10ms/99.8%, 20ms/99.9%, 50ms/99.9%, 100ms/100.0%
[3.197s][info][gc,marking  ] GC(8) Mark: 2 stripe(s), 9 proactive flush(es), 1 terminate flush(es), 0 completion(s), 0 continuation(s) 
[3.197s][info][gc,marking  ] GC(8) Mark Stack Usage: 32M
[3.197s][info][gc,nmethod  ] GC(8) NMethods: 455 registered, 0 unregistered
[3.197s][info][gc,metaspace] GC(8) Metaspace: 1M used, 1M committed, 1088M reserved
[3.197s][info][gc,ref      ] GC(8) Soft: 181 encountered, 0 discovered, 0 enqueued
[3.197s][info][gc,ref      ] GC(8) Weak: 263 encountered, 13 discovered, 0 enqueued
[3.197s][info][gc,ref      ] GC(8) Final: 0 encountered, 0 discovered, 0 enqueued
[3.197s][info][gc,ref      ] GC(8) Phantom: 7 encountered, 3 discovered, 0 enqueued
[3.197s][info][gc,reloc    ] GC(8) Small Pages: 603 / 1206M, Empty: 0M, Relocated: 1M, In-Place: 0
[3.197s][info][gc,reloc    ] GC(8) Medium Pages: 1 / 32M, Empty: 0M, Relocated: 0M, In-Place: 0
[3.197s][info][gc,reloc    ] GC(8) Large Pages: 0 / 0M, Empty: 0M, Relocated: 0M, In-Place: 0
[3.197s][info][gc,reloc    ] GC(8) Forwarding Usage: 0M
[3.197s][info][gc,heap     ] GC(8) Min Capacity: 4096M(100%)
[3.197s][info][gc,heap     ] GC(8) Max Capacity: 4096M(100%)
[3.197s][info][gc,heap     ] GC(8) Soft Max Capacity: 4096M(100%)
[3.197s][info][gc,heap     ] GC(8)                Mark Start          Mark End        Relocate Start      Relocate End           High               Low         
[3.198s][info][gc,heap     ] GC(8)  Capacity:     4096M (100%)       4096M (100%)       4096M (100%)       4096M (100%)       4096M (100%)       4096M (100%)   
[3.198s][info][gc,heap     ] GC(8)      Free:     2858M (70%)        2858M (70%)        2858M (70%)        2858M (70%)        2858M (70%)        2852M (70%)    
[3.198s][info][gc,heap     ] GC(8)      Used:     1238M (30%)        1238M (30%)        1238M (30%)        1238M (30%)        1244M (30%)        1238M (30%)    
[3.198s][info][gc,heap     ] GC(8)      Live:         -              1095M (27%)        1095M (27%)        1095M (27%)            -                  -          
[3.198s][info][gc,heap     ] GC(8) Allocated:         -                 0M (0%)            0M (0%)            0M (0%)             -                  -          
[3.198s][info][gc,heap     ] GC(8)   Garbage:         -               142M (3%)          142M (3%)          142M (3%)             -                  -          
[3.198s][info][gc,heap     ] GC(8) Reclaimed:         -                  -                 0M (0%)            0M (0%)             -                  -          
[3.198s][info][gc          ] GC(8) Garbage Collection (Warmup) 1238M(30%)->1238M(30%)
[3.459s][info][gc,start    ] GC(9) Garbage Collection (Timer)
[3.459s][info][gc,task     ] GC(9) Using 3 workers
[3.459s][info][gc,phases   ] GC(9) Pause Mark Start 0.005ms
[3.479s][info][gc,phases   ] GC(9) Concurrent Mark 19.536ms
[3.479s][info][gc,phases   ] GC(9) Pause Mark End 0.009ms
[3.479s][info][gc,phases   ] GC(9) Concurrent Mark Free 0.001ms
[3.480s][info][gc,phases   ] GC(9) Concurrent Process Non-Strong References 0.752ms
[3.480s][info][gc,phases   ] GC(9) Concurrent Reset Relocation Set 0.001ms
[3.482s][info][gc,phases   ] GC(9) Concurrent Select Relocation Set 2.045ms
[3.482s][info][gc,phases   ] GC(9) Pause Relocate Start 0.004ms
[3.483s][info][gc,phases   ] GC(9) Concurrent Relocate 1.352ms
[3.483s][info][gc,load     ] GC(9) Load: 0.00/0.00/0.00
[3.483s][info][gc,mmu      ] GC(9) MMU: 2ms/99.2%, 5ms/99.6%, 10ms/99.8%, 20ms/99.9%, 50ms/99.9%, 100ms/100.0%
[3.483s][info][gc,marking  ] GC(9) Mark: 2 stripe(s), 7 proactive flush(es), 1 terminate flush(es), 0 completion(s), 0 continuation(s) 
[3.483s][info][gc,marking  ] GC(9) Mark Stack Usage: 32M
[3.483s][info][gc,nmethod  ] GC(9) NMethods: 455 registered, 0 unregistered
[3.483s][info][gc,metaspace] GC(9) Metaspace: 1M used, 1M committed, 1088M reserved
[3.484s][info][gc,ref      ] GC(9) Soft: 181 encountered, 0 discovered, 0 enqueued
[3.484s][info][gc,ref      ] GC(9) Weak: 263 encountered, 85 discovered, 0 enqueued
[3.484s][info][gc,ref      ] GC(9) Final: 0 encountered, 0 discovered, 0 enqueued
[3.484s][info][gc,ref      ] GC(9) Phantom: 7 encountered, 3 discovered, 0 enqueued
[3.484s][info][gc,reloc    ] GC(9) Small Pages: 603 / 1206M, Empty: 0M, Relocated: 1M, In-Place: 0
[3.484s][info][gc,reloc    ] GC(9) Medium Pages: 1 / 32M, Empty: 0M, Relocated: 0M, In-Place: 0
[3.484s][info][gc,reloc    ] GC(9) Large Pages: 0 / 0M, Empty: 0M, Relocated: 0M, In-Place: 0
[3.484s][info][gc,reloc    ] GC(9) Forwarding Usage: 0M
[3.484s][info][gc,heap     ] GC(9) Min Capacity: 4096M(100%)
[3.484s][info][gc,heap     ] GC(9) Max Capacity: 4096M(100%)
[3.484s][info][gc,heap     ] GC(9) Soft Max Capacity: 4096M(100%)
[3.484s][info][gc,heap     ] GC(9)                Mark Start          Mark End        Relocate Start      Relocate End           High               Low         
[3.484s][info][gc,heap     ] GC(9)  Capacity:     4096M (100%)       4096M (100%)       4096M (100%)       4096M (100%)       4096M (100%)       4096M (100%)   
[3.484s][info][gc,heap     ] GC(9)      Free:     2858M (70%)        2858M (70%)        2858M (70%)        2858M (70%)        2858M (70%)        2852M (70%)    
[3.484s][info][gc,heap     ] GC(9)      Used:     1238M (30%)        1238M (30%)        1238M (30%)        1238M (30%)        1244M (30%)        1238M (30%)    
[3.484s][info][gc,heap     ] GC(9)      Live:         -              1095M (27%)        1095M (27%)        1095M (27%)            -                  -          
[3.484s][info][gc,heap     ] GC(9) Allocated:         -                 0M (0%)            0M (0%)            0M (0%)             -                  -          
[3.484s][info][gc,heap     ] GC(9)   Garbage:         -               142M (3%)          142M (3%)          142M (3%)             -                  -          
[3.484s][info][gc,heap     ] GC(9) Reclaimed:         -                  -                 0M (0%)            0M (0%)             -                  -          
[3.484s][info][gc          ] GC(9) Garbage Collection (Timer) 1238M(30%)->1238M(30%)
[3.758s][info][gc,start    ] GC(10) Garbage Collection (Timer)
[3.758s][info][gc,task     ] GC(10) Using 3 workers
[3.758s][info][gc,phases   ] GC(10) Pause Mark Start 0.005ms
[3.770s][info][gc,phases   ] GC(10) Concurrent Mark 11.888ms
[3.770s][info][gc,phases   ] GC(10) Pause Mark End 0.010ms
[3.770s][info][gc,phases   ] GC(10) Concurrent Mark Free 0.001ms
[3.771s][info][gc,phases   ] GC(10) Concurrent Process Non-Strong References 0.874ms
[3.771s][info][gc,phases   ] GC(10) Concurrent Reset Relocation Set 0.001ms
[3.773s][info][gc,phases   ] GC(10) Concurrent Select Relocation Set 2.118ms
[3.773s][info][gc,phases   ] GC(10) Pause Relocate Start 0.004ms
[3.775s][info][gc,phases   ] GC(10) Concurrent Relocate 1.341ms
[3.775s][info][gc,load     ] GC(10) Load: 0.00/0.00/0.00
[3.775s][info][gc,mmu      ] GC(10) MMU: 2ms/99.2%, 5ms/99.6%, 10ms/99.8%, 20ms/99.9%, 50ms/99.9%, 100ms/100.0%
[3.775s][info][gc,marking  ] GC(10) Mark: 2 stripe(s), 4 proactive flush(es), 1 terminate flush(es), 0 completion(s), 0 continuation(s) 
[3.775s][info][gc,marking  ] GC(10) Mark Stack Usage: 32M
[3.775s][info][gc,nmethod  ] GC(10) NMethods: 455 registered, 0 unregistered
[3.775s][info][gc,metaspace] GC(10) Metaspace: 1M used, 1M committed, 1088M reserved
[3.775s][info][gc,ref      ] GC(10) Soft: 181 encountered, 0 discovered, 0 enqueued
[3.775s][info][gc,ref      ] GC(10) Weak: 263 encountered, 86 discovered, 0 enqueued
[3.775s][info][gc,ref      ] GC(10) Final: 0 encountered, 0 discovered, 0 enqueued
[3.775s][info][gc,ref      ] GC(10) Phantom: 7 encountered, 3 discovered, 0 enqueued
[3.775s][info][gc,reloc    ] GC(10) Small Pages: 603 / 1206M, Empty: 0M, Relocated: 1M, In-Place: 0
[3.775s][info][gc,reloc    ] GC(10) Medium Pages: 1 / 32M, Empty: 0M, Relocated: 0M, In-Place: 0
[3.775s][info][gc,reloc    ] GC(10) Large Pages: 0 / 0M, Empty: 0M, Relocated: 0M, In-Place: 0
[3.775s][info][gc,reloc    ] GC(10) Forwarding Usage: 0M
[3.775s][info][gc,heap     ] GC(10) Min Capacity: 4096M(100%)
[3.775s][info][gc,heap     ] GC(10) Max Capacity: 4096M(100%)
[3.775s][info][gc,heap     ] GC(10) Soft Max Capacity: 4096M(100%)
[3.775s][info][gc,heap     ] GC(10)                Mark Start          Mark End        Relocate Start      Relocate End           High               Low         
[3.775s][info][gc,heap     ] GC(10)  Capacity:     4096M (100%)       4096M (100%)       4096M (100%)       4096M (100%)       4096M (100%)       4096M (100%)   
[3.775s][info][gc,heap     ] GC(10)      Free:     2858M (70%)        2858M (70%)        2858M (70%)        2858M (70%)        2858M (70%)        2852M (70%)    
[3.775s][info][gc,heap     ] GC(10)      Used:     1238M (30%)        1238M (30%)        1238M (30%)        1238M (30%)        1244M (30%)        1238M (30%)    
[3.775s][info][gc,heap     ] GC(10)      Live:         -              1095M (27%)        1095M (27%)        1095M (27%)            -                  -          
[3.775s][info][gc,heap     ] GC(10) Allocated:         -                 0M (0%)            0M (0%)            0M (0%)             -                  -          
[3.776s][info][gc,heap     ] GC(10)   Garbage:         -               142M (3%)          142M (3%)          142M (3%)             -                  -          
[3.776s][info][gc,heap     ] GC(10) Reclaimed:         -                  -                 0M (0%)            0M (0%)             -                  -          
[3.776s][info][gc          ] GC(10) Garbage Collection (Timer) 1238M(30%)->1238M(30%)
[4.059s][info][gc,start    ] GC(11) Garbage Collection (Timer)
[4.059s][info][gc,task     ] GC(11) Using 3 workers
[4.059s][info][gc,phases   ] GC(11) Pause Mark Start 0.006ms
[4.071s][info][gc,phases   ] GC(11) Concurrent Mark 12.264ms
[4.071s][info][gc,phases   ] GC(11) Pause Mark End 0.010ms
[4.072s][info][gc,phases   ] GC(11) Concurrent Mark Free 0.001ms
[4.072s][info][gc,phases   ] GC(11) Concurrent Process Non-Strong References 0.875ms
[4.072s][info][gc,phases   ] GC(11) Concurrent Reset Relocation Set 0.001ms
[4.075s][info][gc,phases   ] GC(11) Concurrent Select Relocation Set 2.113ms
[4.075s][info][gc,phases   ] GC(11) Pause Relocate Start 0.006ms
[4.076s][info][gc,phases   ] GC(11) Concurrent Relocate 1.361ms
[4.076s][info][gc,load     ] GC(11) Load: 0.00/0.00/0.00
[4.076s][info][gc,mmu      ] GC(11) MMU: 2ms/99.2%, 5ms/99.6%, 10ms/99.8%, 20ms/99.9%, 50ms/99.9%, 100ms/100.0%
[4.076s][info][gc,marking  ] GC(11) Mark: 2 stripe(s), 10 proactive flush(es), 1 terminate flush(es), 0 completion(s), 0 continuation(s) 
[4.076s][info][gc,marking  ] GC(11) Mark Stack Usage: 32M
[4.076s][info][gc,nmethod  ] GC(11) NMethods: 455 registered, 0 unregistered
[4.076s][info][gc,metaspace] GC(11) Metaspace: 1M used, 1M committed, 1088M reserved
[4.076s][info][gc,ref      ] GC(11) Soft: 181 encountered, 0 discovered, 0 enqueued
[4.076s][info][gc,ref      ] GC(11) Weak: 263 encountered, 124 discovered, 0 enqueued
[4.076s][info][gc,ref      ] GC(11) Final: 0 encountered, 0 discovered, 0 enqueued
[4.076s][info][gc,ref      ] GC(11) Phantom: 7 encountered, 4 discovered, 0 enqueued
[4.076s][info][gc,reloc    ] GC(11) Small Pages: 603 / 1206M, Empty: 0M, Relocated: 1M, In-Place: 0
[4.077s][info][gc,reloc    ] GC(11) Medium Pages: 1 / 32M, Empty: 0M, Relocated: 0M, In-Place: 0
[4.077s][info][gc,reloc    ] GC(11) Large Pages: 0 / 0M, Empty: 0M, Relocated: 0M, In-Place: 0
[4.077s][info][gc,reloc    ] GC(11) Forwarding Usage: 0M
[4.077s][info][gc,heap     ] GC(11) Min Capacity: 4096M(100%)
[4.077s][info][gc,heap     ] GC(11) Max Capacity: 4096M(100%)
[4.077s][info][gc,heap     ] GC(11) Soft Max Capacity: 4096M(100%)
[4.077s][info][gc,heap     ] GC(11)                Mark Start          Mark End        Relocate Start      Relocate End           High               Low         
[4.077s][info][gc,heap     ] GC(11)  Capacity:     4096M (100%)       4096M (100%)       4096M (100%)       4096M (100%)       4096M (100%)       4096M (100%)   
[4.077s][info][gc,heap     ] GC(11)      Free:     2858M (70%)        2858M (70%)        2858M (70%)        2858M (70%)        2858M (70%)        2852M (70%)    
[4.077s][info][gc,heap     ] GC(11)      Used:     1238M (30%)        1238M (30%)        1238M (30%)        1238M (30%)        1244M (30%)        1238M (30%)    
[4.077s][info][gc,heap     ] GC(11)      Live:         -              1095M (27%)        1095M (27%)        1095M (27%)            -                  -          
[4.077s][info][gc,heap     ] GC(11) Allocated:         -                 0M (0%)            0M (0%)            0M (0%)             -                  -          
[4.077s][info][gc,heap     ] GC(11)   Garbage:         -               142M (3%)          142M (3%)          142M (3%)             -                  -          
[4.077s][info][gc,heap     ] GC(11) Reclaimed:         -                  -                 0M (0%)            0M (0%)             -                  -          
[4.077s][info][gc          ] GC(11) Garbage Collection (Timer) 1238M(30%)->1238M(30%)
[4.359s][info][gc,start    ] GC(12) Garbage Collection (Timer)
[4.359s][info][gc,task     ] GC(12) Using 3 workers
[4.359s][info][gc,phases   ] GC(12) Pause Mark Start 0.006ms
[4.373s][info][gc,phases   ] GC(12) Concurrent Mark 13.974ms
[4.373s][info][gc,phases   ] GC(12) Pause Mark End 0.009ms
[4.373s][info][gc,phases   ] GC(12) Concurrent Mark Free 0.001ms
[4.374s][info][gc,phases   ] GC(12) Concurrent Process Non-Strong References 0.761ms
[4.374s][info][gc,phases   ] GC(12) Concurrent Reset Relocation Set 0.001ms
[4.376s][info][gc,phases   ] GC(12) Concurrent Select Relocation Set 2.183ms
[4.376s][info][gc,phases   ] GC(12) Pause Relocate Start 0.005ms
[4.378s][info][gc,phases   ] GC(12) Concurrent Relocate 1.480ms
[4.378s][info][gc,load     ] GC(12) Load: 0.00/0.00/0.00
[4.378s][info][gc,mmu      ] GC(12) MMU: 2ms/99.2%, 5ms/99.6%, 10ms/99.8%, 20ms/99.9%, 50ms/99.9%, 100ms/100.0%
[4.378s][info][gc,marking  ] GC(12) Mark: 2 stripe(s), 2 proactive flush(es), 1 terminate flush(es), 0 completion(s), 0 continuation(s) 
[4.378s][info][gc,marking  ] GC(12) Mark Stack Usage: 32M
[4.378s][info][gc,nmethod  ] GC(12) NMethods: 460 registered, 0 unregistered
[4.378s][info][gc,metaspace] GC(12) Metaspace: 1M used, 1M committed, 1088M reserved
[4.378s][info][gc,ref      ] GC(12) Soft: 181 encountered, 0 discovered, 0 enqueued
[4.378s][info][gc,ref      ] GC(12) Weak: 263 encountered, 87 discovered, 0 enqueued
[4.378s][info][gc,ref      ] GC(12) Final: 0 encountered, 0 discovered, 0 enqueued
[4.378s][info][gc,ref      ] GC(12) Phantom: 7 encountered, 3 discovered, 0 enqueued
[4.378s][info][gc,reloc    ] GC(12) Small Pages: 689 / 1378M, Empty: 0M, Relocated: 1M, In-Place: 0
[4.378s][info][gc,reloc    ] GC(12) Medium Pages: 1 / 32M, Empty: 0M, Relocated: 0M, In-Place: 0
[4.378s][info][gc,reloc    ] GC(12) Large Pages: 0 / 0M, Empty: 0M, Relocated: 0M, In-Place: 0
[4.378s][info][gc,reloc    ] GC(12) Forwarding Usage: 0M
[4.378s][info][gc,heap     ] GC(12) Min Capacity: 4096M(100%)
[4.378s][info][gc,heap     ] GC(12) Max Capacity: 4096M(100%)
[4.378s][info][gc,heap     ] GC(12) Soft Max Capacity: 4096M(100%)
[4.378s][info][gc,heap     ] GC(12)                Mark Start          Mark End        Relocate Start      Relocate End           High               Low         
[4.378s][info][gc,heap     ] GC(12)  Capacity:     4096M (100%)       4096M (100%)       4096M (100%)       4096M (100%)       4096M (100%)       4096M (100%)   
[4.378s][info][gc,heap     ] GC(12)      Free:     2686M (66%)        2682M (65%)        2680M (65%)        2682M (65%)        2686M (66%)        2674M (65%)    
[4.379s][info][gc,heap     ] GC(12)      Used:     1410M (34%)        1414M (35%)        1416M (35%)        1414M (35%)        1422M (35%)        1410M (34%)    
[4.379s][info][gc,heap     ] GC(12)      Live:         -              1250M (31%)        1250M (31%)        1250M (31%)            -                  -          
[4.379s][info][gc,heap     ] GC(12) Allocated:         -                 4M (0%)            6M (0%)            6M (0%)             -                  -          
[4.379s][info][gc,heap     ] GC(12)   Garbage:         -               159M (4%)          159M (4%)          157M (4%)             -                  -          
[4.379s][info][gc,heap     ] GC(12) Reclaimed:         -                  -                 0M (0%)            2M (0%)             -                  -          
[4.379s][info][gc          ] GC(12) Garbage Collection (Timer) 1410M(34%)->1414M(35%)
[4.658s][info][gc,start    ] GC(13) Garbage Collection (Timer)
[4.658s][info][gc,task     ] GC(13) Using 3 workers
[4.658s][info][gc,phases   ] GC(13) Pause Mark Start 0.006ms
[4.679s][info][gc,phases   ] GC(13) Concurrent Mark 20.806ms
[4.679s][info][gc,phases   ] GC(13) Pause Mark End 0.009ms
[4.679s][info][gc,phases   ] GC(13) Concurrent Mark Free 0.001ms
[4.680s][info][gc,phases   ] GC(13) Concurrent Process Non-Strong References 0.719ms
[4.680s][info][gc,phases   ] GC(13) Concurrent Reset Relocation Set 0.001ms
[4.682s][info][gc,phases   ] GC(13) Concurrent Select Relocation Set 2.412ms
[4.682s][info][gc,phases   ] GC(13) Pause Relocate Start 0.006ms
[4.685s][info][gc,phases   ] GC(13) Concurrent Relocate 2.614ms
[4.685s][info][gc,load     ] GC(13) Load: 0.00/0.00/0.00
[4.685s][info][gc,mmu      ] GC(13) MMU: 2ms/99.2%, 5ms/99.6%, 10ms/99.8%, 20ms/99.9%, 50ms/99.9%, 100ms/100.0%
[4.685s][info][gc,marking  ] GC(13) Mark: 2 stripe(s), 3 proactive flush(es), 1 terminate flush(es), 0 completion(s), 0 continuation(s) 
[4.685s][info][gc,marking  ] GC(13) Mark Stack Usage: 32M
[4.685s][info][gc,nmethod  ] GC(13) NMethods: 460 registered, 0 unregistered
[4.685s][info][gc,metaspace] GC(13) Metaspace: 1M used, 1M committed, 1088M reserved
[4.685s][info][gc,ref      ] GC(13) Soft: 181 encountered, 0 discovered, 0 enqueued
[4.685s][info][gc,ref      ] GC(13) Weak: 263 encountered, 195 discovered, 0 enqueued
[4.685s][info][gc,ref      ] GC(13) Final: 0 encountered, 0 discovered, 0 enqueued
[4.685s][info][gc,ref      ] GC(13) Phantom: 7 encountered, 3 discovered, 0 enqueued
[4.685s][info][gc,reloc    ] GC(13) Small Pages: 776 / 1552M, Empty: 0M, Relocated: 5M, In-Place: 0
[4.685s][info][gc,reloc    ] GC(13) Medium Pages: 2 / 64M, Empty: 32M, Relocated: 0M, In-Place: 0
[4.685s][info][gc,reloc    ] GC(13) Large Pages: 0 / 0M, Empty: 0M, Relocated: 0M, In-Place: 0
[4.685s][info][gc,reloc    ] GC(13) Forwarding Usage: 0M
[4.685s][info][gc,heap     ] GC(13) Min Capacity: 4096M(100%)
[4.685s][info][gc,heap     ] GC(13) Max Capacity: 4096M(100%)
[4.685s][info][gc,heap     ] GC(13) Soft Max Capacity: 4096M(100%)
[4.686s][info][gc,heap     ] GC(13)                Mark Start          Mark End        Relocate Start      Relocate End           High               Low         
[4.686s][info][gc,heap     ] GC(13)  Capacity:     4096M (100%)       4096M (100%)       4096M (100%)       4096M (100%)       4096M (100%)       4096M (100%)   
[4.686s][info][gc,heap     ] GC(13)      Free:     2480M (61%)        2478M (60%)        2508M (61%)        2512M (61%)        2512M (61%)        2476M (60%)    
[4.686s][info][gc,heap     ] GC(13)      Used:     1616M (39%)        1618M (40%)        1588M (39%)        1584M (39%)        1620M (40%)        1584M (39%)    
[4.686s][info][gc,heap     ] GC(13)      Live:         -              1411M (34%)        1411M (34%)        1411M (34%)            -                  -          
[4.686s][info][gc,heap     ] GC(13) Allocated:         -                 2M (0%)            4M (0%)            3M (0%)             -                  -          
[4.686s][info][gc,heap     ] GC(13)   Garbage:         -               204M (5%)          172M (4%)          168M (4%)             -                  -          
[4.686s][info][gc,heap     ] GC(13) Reclaimed:         -                  -                32M (1%)           35M (1%)             -                  -          
[4.686s][info][gc          ] GC(13) Garbage Collection (Timer) 1616M(39%)->1584M(39%)
[4.959s][info][gc,start    ] GC(14) Garbage Collection (Timer)
[4.959s][info][gc,task     ] GC(14) Using 3 workers
[4.959s][info][gc,phases   ] GC(14) Pause Mark Start 0.006ms
[4.981s][info][gc,phases   ] GC(14) Concurrent Mark 21.504ms
[4.981s][info][gc,phases   ] GC(14) Pause Mark End 0.009ms
[4.981s][info][gc,phases   ] GC(14) Concurrent Mark Free 0.001ms
[4.982s][info][gc,phases   ] GC(14) Concurrent Process Non-Strong References 0.865ms
[4.982s][info][gc,phases   ] GC(14) Concurrent Reset Relocation Set 0.001ms
[4.984s][info][gc,phases   ] GC(14) Concurrent Select Relocation Set 2.140ms
[4.984s][info][gc,phases   ] GC(14) Pause Relocate Start 0.005ms
[4.985s][info][gc,phases   ] GC(14) Concurrent Relocate 1.161ms
[4.985s][info][gc,load     ] GC(14) Load: 0.00/0.00/0.00
[4.985s][info][gc,mmu      ] GC(14) MMU: 2ms/99.2%, 5ms/99.6%, 10ms/99.8%, 20ms/99.9%, 50ms/99.9%, 100ms/100.0%
[4.985s][info][gc,marking  ] GC(14) Mark: 2 stripe(s), 4 proactive flush(es), 1 terminate flush(es), 0 completion(s), 0 continuation(s) 
[4.985s][info][gc,marking  ] GC(14) Mark Stack Usage: 32M
[4.985s][info][gc,nmethod  ] GC(14) NMethods: 460 registered, 0 unregistered
[4.985s][info][gc,metaspace] GC(14) Metaspace: 1M used, 1M committed, 1088M reserved
[4.986s][info][gc,ref      ] GC(14) Soft: 181 encountered, 0 discovered, 0 enqueued
[4.986s][info][gc,ref      ] GC(14) Weak: 263 encountered, 13 discovered, 0 enqueued
[4.986s][info][gc,ref      ] GC(14) Final: 0 encountered, 0 discovered, 0 enqueued
[4.986s][info][gc,ref      ] GC(14) Phantom: 7 encountered, 3 discovered, 0 enqueued
[4.986s][info][gc,reloc    ] GC(14) Small Pages: 856 / 1712M, Empty: 0M, Relocated: 1M, In-Place: 0
[4.986s][info][gc,reloc    ] GC(14) Medium Pages: 1 / 32M, Empty: 0M, Relocated: 0M, In-Place: 0
[4.986s][info][gc,reloc    ] GC(14) Large Pages: 0 / 0M, Empty: 0M, Relocated: 0M, In-Place: 0
[4.986s][info][gc,reloc    ] GC(14) Forwarding Usage: 0M
[4.986s][info][gc,heap     ] GC(14) Min Capacity: 4096M(100%)
[4.986s][info][gc,heap     ] GC(14) Max Capacity: 4096M(100%)
[4.986s][info][gc,heap     ] GC(14) Soft Max Capacity: 4096M(100%)
[4.986s][info][gc,heap     ] GC(14)                Mark Start          Mark End        Relocate Start      Relocate End           High               Low         
[4.986s][info][gc,heap     ] GC(14)  Capacity:     4096M (100%)       4096M (100%)       4096M (100%)       4096M (100%)       4096M (100%)       4096M (100%)   
[4.986s][info][gc,heap     ] GC(14)      Free:     2352M (57%)        2350M (57%)        2348M (57%)        2348M (57%)        2352M (57%)        2344M (57%)    
[4.986s][info][gc,heap     ] GC(14)      Used:     1744M (43%)        1746M (43%)        1748M (43%)        1748M (43%)        1752M (43%)        1744M (43%)    
[4.986s][info][gc,heap     ] GC(14)      Live:         -              1560M (38%)        1560M (38%)        1560M (38%)            -                  -          
[4.986s][info][gc,heap     ] GC(14) Allocated:         -                 2M (0%)            4M (0%)            4M (0%)             -                  -          
[4.986s][info][gc,heap     ] GC(14)   Garbage:         -               183M (4%)          183M (4%)          183M (4%)             -                  -          
[4.986s][info][gc,heap     ] GC(14) Reclaimed:         -                  -                 0M (0%)            0M (0%)             -                  -          
[4.986s][info][gc          ] GC(14) Garbage Collection (Timer) 1744M(43%)->1748M(43%)
[5.258s][info][gc,start    ] GC(15) Garbage Collection (Timer)
[5.258s][info][gc,task     ] GC(15) Using 3 workers
[5.258s][info][gc,phases   ] GC(15) Pause Mark Start 0.005ms
[5.282s][info][gc,phases   ] GC(15) Concurrent Mark 23.912ms
[5.282s][info][gc,phases   ] GC(15) Pause Mark End 0.010ms
[5.282s][info][gc,phases   ] GC(15) Concurrent Mark Free 0.001ms
[5.283s][info][gc,phases   ] GC(15) Concurrent Process Non-Strong References 0.853ms
[5.283s][info][gc,phases   ] GC(15) Concurrent Reset Relocation Set 0.001ms
[5.285s][info][gc,phases   ] GC(15) Concurrent Select Relocation Set 2.082ms
[5.285s][info][gc,phases   ] GC(15) Pause Relocate Start 0.005ms
[5.286s][info][gc,phases   ] GC(15) Concurrent Relocate 0.689ms
[5.286s][info][gc,load     ] GC(15) Load: 0.00/0.00/0.00
[5.286s][info][gc,mmu      ] GC(15) MMU: 2ms/99.2%, 5ms/99.6%, 10ms/99.8%, 20ms/99.9%, 50ms/99.9%, 100ms/100.0%
[5.286s][info][gc,marking  ] GC(15) Mark: 2 stripe(s), 2 proactive flush(es), 1 terminate flush(es), 0 completion(s), 0 continuation(s) 
[5.286s][info][gc,marking  ] GC(15) Mark Stack Usage: 32M
[5.286s][info][gc,nmethod  ] GC(15) NMethods: 460 registered, 0 unregistered
[5.286s][info][gc,metaspace] GC(15) Metaspace: 1M used, 1M committed, 1088M reserved
[5.286s][info][gc,ref      ] GC(15) Soft: 181 encountered, 0 discovered, 0 enqueued
[5.286s][info][gc,ref      ] GC(15) Weak: 263 encountered, 174 discovered, 0 enqueued
[5.286s][info][gc,ref      ] GC(15) Final: 0 encountered, 0 discovered, 0 enqueued
[5.286s][info][gc,ref      ] GC(15) Phantom: 7 encountered, 4 discovered, 0 enqueued
[5.286s][info][gc,reloc    ] GC(15) Small Pages: 900 / 1800M, Empty: 0M, Relocated: 0M, In-Place: 0
[5.286s][info][gc,reloc    ] GC(15) Medium Pages: 1 / 32M, Empty: 0M, Relocated: 0M, In-Place: 0
[5.286s][info][gc,reloc    ] GC(15) Large Pages: 0 / 0M, Empty: 0M, Relocated: 0M, In-Place: 0
[5.286s][info][gc,reloc    ] GC(15) Forwarding Usage: 0M
[5.286s][info][gc,heap     ] GC(15) Min Capacity: 4096M(100%)
[5.286s][info][gc,heap     ] GC(15) Max Capacity: 4096M(100%)
[5.286s][info][gc,heap     ] GC(15) Soft Max Capacity: 4096M(100%)
[5.287s][info][gc,heap     ] GC(15)                Mark Start          Mark End        Relocate Start      Relocate End           High               Low         
[5.287s][info][gc,heap     ] GC(15)  Capacity:     4096M (100%)       4096M (100%)       4096M (100%)       4096M (100%)       4096M (100%)       4096M (100%)   
[5.287s][info][gc,heap     ] GC(15)      Free:     2264M (55%)        2264M (55%)        2264M (55%)        2264M (55%)        2264M (55%)        2260M (55%)    
[5.287s][info][gc,heap     ] GC(15)      Used:     1832M (45%)        1832M (45%)        1832M (45%)        1832M (45%)        1836M (45%)        1832M (45%)    
[5.287s][info][gc,heap     ] GC(15)      Live:         -              1640M (40%)        1640M (40%)        1640M (40%)            -                  -          
[5.287s][info][gc,heap     ] GC(15) Allocated:         -                 0M (0%)            0M (0%)            0M (0%)             -                  -          
[5.287s][info][gc,heap     ] GC(15)   Garbage:         -               191M (5%)          191M (5%)          191M (5%)             -                  -          
[5.287s][info][gc,heap     ] GC(15) Reclaimed:         -                  -                 0M (0%)            0M (0%)             -                  -          
[5.287s][info][gc          ] GC(15) Garbage Collection (Timer) 1832M(45%)->1832M(45%)
[5.558s][info][gc,start    ] GC(16) Garbage Collection (Timer)
[5.558s][info][gc,task     ] GC(16) Using 3 workers
[5.558s][info][gc,phases   ] GC(16) Pause Mark Start 0.006ms
[5.581s][info][gc,phases   ] GC(16) Concurrent Mark 23.171ms
[5.581s][info][gc,phases   ] GC(16) Pause Mark End 0.010ms
[5.581s][info][gc,phases   ] GC(16) Concurrent Mark Free 0.001ms
[5.582s][info][gc,phases   ] GC(16) Concurrent Process Non-Strong References 0.805ms
[5.582s][info][gc,phases   ] GC(16) Concurrent Reset Relocation Set 0.001ms
[5.584s][info][gc,phases   ] GC(16) Concurrent Select Relocation Set 2.110ms
[5.584s][info][gc,phases   ] GC(16) Pause Relocate Start 0.004ms
[5.585s][info][gc,phases   ] GC(16) Concurrent Relocate 0.572ms
[5.585s][info][gc,load     ] GC(16) Load: 0.00/0.00/0.00
[5.585s][info][gc,mmu      ] GC(16) MMU: 2ms/99.2%, 5ms/99.6%, 10ms/99.8%, 20ms/99.9%, 50ms/99.9%, 100ms/100.0%
[5.585s][info][gc,marking  ] GC(16) Mark: 2 stripe(s), 6 proactive flush(es), 1 terminate flush(es), 0 completion(s), 0 continuation(s) 
[5.585s][info][gc,marking  ] GC(16) Mark Stack Usage: 32M
[5.585s][info][gc,nmethod  ] GC(16) NMethods: 460 registered, 0 unregistered
[5.585s][info][gc,metaspace] GC(16) Metaspace: 1M used, 1M committed, 1088M reserved
[5.585s][info][gc,ref      ] GC(16) Soft: 181 encountered, 0 discovered, 0 enqueued
[5.585s][info][gc,ref      ] GC(16) Weak: 263 encountered, 215 discovered, 0 enqueued
[5.585s][info][gc,ref      ] GC(16) Final: 0 encountered, 0 discovered, 0 enqueued
[5.585s][info][gc,ref      ] GC(16) Phantom: 7 encountered, 4 discovered, 0 enqueued
[5.585s][info][gc,reloc    ] GC(16) Small Pages: 900 / 1800M, Empty: 0M, Relocated: 0M, In-Place: 0
[5.586s][info][gc,reloc    ] GC(16) Medium Pages: 1 / 32M, Empty: 0M, Relocated: 0M, In-Place: 0
[5.586s][info][gc,reloc    ] GC(16) Large Pages: 0 / 0M, Empty: 0M, Relocated: 0M, In-Place: 0
[5.586s][info][gc,reloc    ] GC(16) Forwarding Usage: 0M
[5.586s][info][gc,heap     ] GC(16) Min Capacity: 4096M(100%)
[5.586s][info][gc,heap     ] GC(16) Max Capacity: 4096M(100%)
[5.586s][info][gc,heap     ] GC(16) Soft Max Capacity: 4096M(100%)
[5.586s][info][gc,heap     ] GC(16)                Mark Start          Mark End        Relocate Start      Relocate End           High               Low         
[5.586s][info][gc,heap     ] GC(16)  Capacity:     4096M (100%)       4096M (100%)       4096M (100%)       4096M (100%)       4096M (100%)       4096M (100%)   
[5.586s][info][gc,heap     ] GC(16)      Free:     2264M (55%)        2264M (55%)        2264M (55%)        2264M (55%)        2264M (55%)        2260M (55%)    
[5.586s][info][gc,heap     ] GC(16)      Used:     1832M (45%)        1832M (45%)        1832M (45%)        1832M (45%)        1836M (45%)        1832M (45%)    
[5.586s][info][gc,heap     ] GC(16)      Live:         -              1640M (40%)        1640M (40%)        1640M (40%)            -                  -          
[5.586s][info][gc,heap     ] GC(16) Allocated:         -                 0M (0%)            0M (0%)            0M (0%)             -                  -          
[5.586s][info][gc,heap     ] GC(16)   Garbage:         -               191M (5%)          191M (5%)          191M (5%)             -                  -          
[5.586s][info][gc,heap     ] GC(16) Reclaimed:         -                  -                 0M (0%)            0M (0%)             -                  -          
[5.586s][info][gc          ] GC(16) Garbage Collection (Timer) 1832M(45%)->1832M(45%)
[5.857s][info][gc,start    ] GC(17) Garbage Collection (Timer)
[5.857s][info][gc,task     ] GC(17) Using 3 workers
[5.858s][info][gc,phases   ] GC(17) Pause Mark Start 0.006ms
[5.871s][info][gc,phases   ] GC(17) Concurrent Mark 13.115ms
[5.871s][info][gc,phases   ] GC(17) Pause Mark End 0.009ms
[5.871s][info][gc,phases   ] GC(17) Concurrent Mark Free 0.001ms
[5.872s][info][gc,phases   ] GC(17) Concurrent Process Non-Strong References 0.836ms
[5.872s][info][gc,phases   ] GC(17) Concurrent Reset Relocation Set 0.001ms
[5.874s][info][gc,phases   ] GC(17) Concurrent Select Relocation Set 2.110ms
[5.874s][info][gc,phases   ] GC(17) Pause Relocate Start 0.004ms
[5.874s][info][gc,phases   ] GC(17) Concurrent Relocate 0.189ms
[5.874s][info][gc,load     ] GC(17) Load: 0.00/0.00/0.00
[5.874s][info][gc,mmu      ] GC(17) MMU: 2ms/99.2%, 5ms/99.6%, 10ms/99.8%, 20ms/99.9%, 50ms/99.9%, 100ms/100.0%
[5.874s][info][gc,marking  ] GC(17) Mark: 2 stripe(s), 4 proactive flush(es), 1 terminate flush(es), 0 completion(s), 0 continuation(s) 
[5.875s][info][gc,marking  ] GC(17) Mark Stack Usage: 32M
[5.875s][info][gc,nmethod  ] GC(17) NMethods: 460 registered, 0 unregistered
[5.875s][info][gc,metaspace] GC(17) Metaspace: 1M used, 1M committed, 1088M reserved
[5.875s][info][gc,ref      ] GC(17) Soft: 181 encountered, 0 discovered, 0 enqueued
[5.875s][info][gc,ref      ] GC(17) Weak: 263 encountered, 211 discovered, 0 enqueued
[5.875s][info][gc,ref      ] GC(17) Final: 0 encountered, 0 discovered, 0 enqueued
[5.875s][info][gc,ref      ] GC(17) Phantom: 7 encountered, 3 discovered, 0 enqueued
[5.875s][info][gc,reloc    ] GC(17) Small Pages: 900 / 1800M, Empty: 0M, Relocated: 0M, In-Place: 0
[5.875s][info][gc,reloc    ] GC(17) Medium Pages: 1 / 32M, Empty: 0M, Relocated: 0M, In-Place: 0
[5.875s][info][gc,reloc    ] GC(17) Large Pages: 0 / 0M, Empty: 0M, Relocated: 0M, In-Place: 0
[5.875s][info][gc,reloc    ] GC(17) Forwarding Usage: 0M
[5.875s][info][gc,heap     ] GC(17) Min Capacity: 4096M(100%)
[5.875s][info][gc,heap     ] GC(17) Max Capacity: 4096M(100%)
[5.875s][info][gc,heap     ] GC(17) Soft Max Capacity: 4096M(100%)
[5.875s][info][gc,heap     ] GC(17)                Mark Start          Mark End        Relocate Start      Relocate End           High               Low         
[5.875s][info][gc,heap     ] GC(17)  Capacity:     4096M (100%)       4096M (100%)       4096M (100%)       4096M (100%)       4096M (100%)       4096M (100%)   
[5.875s][info][gc,heap     ] GC(17)      Free:     2264M (55%)        2264M (55%)        2264M (55%)        2264M (55%)        2264M (55%)        2260M (55%)    
[5.875s][info][gc,heap     ] GC(17)      Used:     1832M (45%)        1832M (45%)        1832M (45%)        1832M (45%)        1836M (45%)        1832M (45%)    
[5.875s][info][gc,heap     ] GC(17)      Live:         -              1640M (40%)        1640M (40%)        1640M (40%)            -                  -          
[5.875s][info][gc,heap     ] GC(17) Allocated:         -                 0M (0%)            0M (0%)            0M (0%)             -                  -          
[5.875s][info][gc,heap     ] GC(17)   Garbage:         -               191M (5%)          191M (5%)          191M (5%)             -                  -          
[5.875s][info][gc,heap     ] GC(17) Reclaimed:         -                  -                 0M (0%)            0M (0%)             -                  -          
[5.875s][info][gc          ] GC(17) Garbage Collection (Timer) 1832M(45%)->1832M(45%)
[6.158s][info][gc,start    ] GC(18) Garbage Collection (Timer)
[6.158s][info][gc,task     ] GC(18) Using 3 workers
[6.159s][info][gc,phases   ] GC(18) Pause Mark Start 0.006ms
[6.173s][info][gc,phases   ] GC(18) Concurrent Mark 13.942ms
[6.173s][info][gc,phases   ] GC(18) Pause Mark End 0.009ms
[6.173s][info][gc,phases   ] GC(18) Concurrent Mark Free 0.001ms
[6.174s][info][gc,phases   ] GC(18) Concurrent Process Non-Strong References 0.779ms
[6.174s][info][gc,phases   ] GC(18) Concurrent Reset Relocation Set 0.001ms
[6.176s][info][gc,phases   ] GC(18) Concurrent Select Relocation Set 2.200ms
[6.176s][info][gc,phases   ] GC(18) Pause Relocate Start 0.006ms
[6.177s][info][gc,phases   ] GC(18) Concurrent Relocate 0.732ms
[6.177s][info][gc,load     ] GC(18) Load: 0.00/0.00/0.00
[6.177s][info][gc,mmu      ] GC(18) MMU: 2ms/99.2%, 5ms/99.6%, 10ms/99.8%, 20ms/99.9%, 50ms/99.9%, 100ms/100.0%
[6.177s][info][gc,marking  ] GC(18) Mark: 2 stripe(s), 2 proactive flush(es), 1 terminate flush(es), 0 completion(s), 0 continuation(s) 
[6.177s][info][gc,marking  ] GC(18) Mark Stack Usage: 32M
[6.177s][info][gc,nmethod  ] GC(18) NMethods: 472 registered, 0 unregistered
[6.177s][info][gc,metaspace] GC(18) Metaspace: 1M used, 1M committed, 1088M reserved
[6.177s][info][gc,ref      ] GC(18) Soft: 181 encountered, 0 discovered, 0 enqueued
[6.177s][info][gc,ref      ] GC(18) Weak: 263 encountered, 175 discovered, 0 enqueued
[6.177s][info][gc,ref      ] GC(18) Final: 0 encountered, 0 discovered, 0 enqueued
[6.177s][info][gc,ref      ] GC(18) Phantom: 7 encountered, 1 discovered, 0 enqueued
[6.177s][info][gc,reloc    ] GC(18) Small Pages: 918 / 1836M, Empty: 0M, Relocated: 0M, In-Place: 0
[6.177s][info][gc,reloc    ] GC(18) Medium Pages: 1 / 32M, Empty: 0M, Relocated: 0M, In-Place: 0
[6.177s][info][gc,reloc    ] GC(18) Large Pages: 0 / 0M, Empty: 0M, Relocated: 0M, In-Place: 0
[6.177s][info][gc,reloc    ] GC(18) Forwarding Usage: 0M
[6.177s][info][gc,heap     ] GC(18) Min Capacity: 4096M(100%)
[6.177s][info][gc,heap     ] GC(18) Max Capacity: 4096M(100%)
[6.178s][info][gc,heap     ] GC(18) Soft Max Capacity: 4096M(100%)
[6.178s][info][gc,heap     ] GC(18)                Mark Start          Mark End        Relocate Start      Relocate End           High               Low         
[6.178s][info][gc,heap     ] GC(18)  Capacity:     4096M (100%)       4096M (100%)       4096M (100%)       4096M (100%)       4096M (100%)       4096M (100%)   
[6.178s][info][gc,heap     ] GC(18)      Free:     2228M (54%)        2222M (54%)        2222M (54%)        2222M (54%)        2228M (54%)        2218M (54%)    
[6.178s][info][gc,heap     ] GC(18)      Used:     1868M (46%)        1874M (46%)        1874M (46%)        1874M (46%)        1878M (46%)        1868M (46%)    
[6.178s][info][gc,heap     ] GC(18)      Live:         -              1672M (41%)        1672M (41%)        1672M (41%)            -                  -          
[6.178s][info][gc,heap     ] GC(18) Allocated:         -                 6M (0%)            6M (0%)            6M (0%)             -                  -          
[6.178s][info][gc,heap     ] GC(18)   Garbage:         -               195M (5%)          195M (5%)          195M (5%)             -                  -          
[6.178s][info][gc,heap     ] GC(18) Reclaimed:         -                  -                 0M (0%)            0M (0%)             -                  -          
[6.178s][info][gc          ] GC(18) Garbage Collection (Timer) 1868M(46%)->1874M(46%)
[6.458s][info][gc,start    ] GC(19) Garbage Collection (Timer)
[6.458s][info][gc,task     ] GC(19) Using 3 workers
[6.459s][info][gc,phases   ] GC(19) Pause Mark Start 0.006ms
[6.476s][info][gc,phases   ] GC(19) Concurrent Mark 16.858ms
[6.476s][info][gc,phases   ] GC(19) Pause Mark End 0.009ms
[6.476s][info][gc,phases   ] GC(19) Concurrent Mark Free 0.001ms
[6.477s][info][gc,phases   ] GC(19) Concurrent Process Non-Strong References 0.798ms
[6.477s][info][gc,phases   ] GC(19) Concurrent Reset Relocation Set 0.001ms
[6.479s][info][gc,phases   ] GC(19) Concurrent Select Relocation Set 2.171ms
[6.479s][info][gc,phases   ] GC(19) Pause Relocate Start 0.005ms
[6.480s][info][gc,phases   ] GC(19) Concurrent Relocate 0.690ms
[6.480s][info][gc,load     ] GC(19) Load: 0.00/0.00/0.00
[6.480s][info][gc,mmu      ] GC(19) MMU: 2ms/99.2%, 5ms/99.6%, 10ms/99.8%, 20ms/99.9%, 50ms/99.9%, 100ms/100.0%
[6.480s][info][gc,marking  ] GC(19) Mark: 2 stripe(s), 2 proactive flush(es), 1 terminate flush(es), 0 completion(s), 0 continuation(s) 
[6.480s][info][gc,marking  ] GC(19) Mark Stack Usage: 32M
[6.480s][info][gc,nmethod  ] GC(19) NMethods: 473 registered, 0 unregistered
[6.480s][info][gc,metaspace] GC(19) Metaspace: 1M used, 1M committed, 1088M reserved
[6.480s][info][gc,ref      ] GC(19) Soft: 181 encountered, 0 discovered, 0 enqueued
[6.480s][info][gc,ref      ] GC(19) Weak: 263 encountered, 213 discovered, 0 enqueued
[6.480s][info][gc,ref      ] GC(19) Final: 0 encountered, 0 discovered, 0 enqueued
[6.480s][info][gc,ref      ] GC(19) Phantom: 7 encountered, 2 discovered, 0 enqueued
[6.480s][info][gc,reloc    ] GC(19) Small Pages: 1003 / 2006M, Empty: 0M, Relocated: 0M, In-Place: 0
[6.480s][info][gc,reloc    ] GC(19) Medium Pages: 1 / 32M, Empty: 0M, Relocated: 0M, In-Place: 0
[6.480s][info][gc,reloc    ] GC(19) Large Pages: 0 / 0M, Empty: 0M, Relocated: 0M, In-Place: 0
[6.480s][info][gc,reloc    ] GC(19) Forwarding Usage: 0M
[6.480s][info][gc,heap     ] GC(19) Min Capacity: 4096M(100%)
[6.480s][info][gc,heap     ] GC(19) Max Capacity: 4096M(100%)
[6.480s][info][gc,heap     ] GC(19) Soft Max Capacity: 4096M(100%)
[6.481s][info][gc,heap     ] GC(19)                Mark Start          Mark End        Relocate Start      Relocate End           High               Low         
[6.481s][info][gc,heap     ] GC(19)  Capacity:     4096M (100%)       4096M (100%)       4096M (100%)       4096M (100%)       4096M (100%)       4096M (100%)   
[6.481s][info][gc,heap     ] GC(19)      Free:     2058M (50%)        2056M (50%)        2054M (50%)        2054M (50%)        2058M (50%)        2050M (50%)    
[6.481s][info][gc,heap     ] GC(19)      Used:     2038M (50%)        2040M (50%)        2042M (50%)        2042M (50%)        2046M (50%)        2038M (50%)    
[6.481s][info][gc,heap     ] GC(19)      Live:         -              1827M (45%)        1827M (45%)        1827M (45%)            -                  -          
[6.481s][info][gc,heap     ] GC(19) Allocated:         -                 2M (0%)            4M (0%)            4M (0%)             -                  -          
[6.481s][info][gc,heap     ] GC(19)   Garbage:         -               210M (5%)          210M (5%)          210M (5%)             -                  -          
[6.481s][info][gc,heap     ] GC(19) Reclaimed:         -                  -                 0M (0%)            0M (0%)             -                  -          
[6.481s][info][gc          ] GC(19) Garbage Collection (Timer) 2038M(50%)->2042M(50%)
[6.758s][info][gc,start    ] GC(20) Garbage Collection (Timer)
[6.759s][info][gc,task     ] GC(20) Using 3 workers
[6.759s][info][gc,phases   ] GC(20) Pause Mark Start 0.006ms
[6.780s][info][gc,phases   ] GC(20) Concurrent Mark 21.066ms
[6.780s][info][gc,phases   ] GC(20) Pause Mark End 0.010ms
[6.780s][info][gc,phases   ] GC(20) Concurrent Mark Free 0.001ms
[6.781s][info][gc,phases   ] GC(20) Concurrent Process Non-Strong References 0.660ms
[6.781s][info][gc,phases   ] GC(20) Concurrent Reset Relocation Set 0.001ms
[6.783s][info][gc,phases   ] GC(20) Concurrent Select Relocation Set 2.418ms
[6.783s][info][gc,phases   ] GC(20) Pause Relocate Start 0.008ms
[6.785s][info][gc,phases   ] GC(20) Concurrent Relocate 1.519ms
[6.785s][info][gc,load     ] GC(20) Load: 0.00/0.00/0.00
[6.785s][info][gc,mmu      ] GC(20) MMU: 2ms/99.2%, 5ms/99.6%, 10ms/99.8%, 20ms/99.9%, 50ms/99.9%, 100ms/100.0%
[6.785s][info][gc,marking  ] GC(20) Mark: 2 stripe(s), 2 proactive flush(es), 1 terminate flush(es), 0 completion(s), 0 continuation(s) 
[6.785s][info][gc,marking  ] GC(20) Mark Stack Usage: 32M
[6.785s][info][gc,nmethod  ] GC(20) NMethods: 473 registered, 0 unregistered
[6.785s][info][gc,metaspace] GC(20) Metaspace: 1M used, 1M committed, 1088M reserved
[6.785s][info][gc,ref      ] GC(20) Soft: 181 encountered, 0 discovered, 0 enqueued
[6.785s][info][gc,ref      ] GC(20) Weak: 263 encountered, 176 discovered, 0 enqueued
[6.785s][info][gc,ref      ] GC(20) Final: 0 encountered, 0 discovered, 0 enqueued
[6.785s][info][gc,ref      ] GC(20) Phantom: 7 encountered, 4 discovered, 0 enqueued
[6.785s][info][gc,reloc    ] GC(20) Small Pages: 1081 / 2162M, Empty: 0M, Relocated: 3M, In-Place: 0
[6.785s][info][gc,reloc    ] GC(20) Medium Pages: 2 / 64M, Empty: 32M, Relocated: 0M, In-Place: 0
[6.785s][info][gc,reloc    ] GC(20) Large Pages: 0 / 0M, Empty: 0M, Relocated: 0M, In-Place: 0
[6.785s][info][gc,reloc    ] GC(20) Forwarding Usage: 0M
[6.785s][info][gc,heap     ] GC(20) Min Capacity: 4096M(100%)
[6.786s][info][gc,heap     ] GC(20) Max Capacity: 4096M(100%)
[6.786s][info][gc,heap     ] GC(20) Soft Max Capacity: 4096M(100%)
[6.786s][info][gc,heap     ] GC(20)                Mark Start          Mark End        Relocate Start      Relocate End           High               Low         
[6.786s][info][gc,heap     ] GC(20)  Capacity:     4096M (100%)       4096M (100%)       4096M (100%)       4096M (100%)       4096M (100%)       4096M (100%)   
[6.786s][info][gc,heap     ] GC(20)      Free:     1870M (46%)        1868M (46%)        1896M (46%)        1898M (46%)        1898M (46%)        1864M (46%)    
[6.786s][info][gc,heap     ] GC(20)      Used:     2226M (54%)        2228M (54%)        2200M (54%)        2198M (54%)        2232M (54%)        2198M (54%)    
[6.786s][info][gc,heap     ] GC(20)      Live:         -              1970M (48%)        1970M (48%)        1970M (48%)            -                  -          
[6.786s][info][gc,heap     ] GC(20) Allocated:         -                 2M (0%)            6M (0%)            6M (0%)             -                  -          
[6.786s][info][gc,heap     ] GC(20)   Garbage:         -               255M (6%)          223M (5%)          221M (5%)             -                  -          
[6.786s][info][gc,heap     ] GC(20) Reclaimed:         -                  -                32M (1%)           34M (1%)             -                  -          
[6.786s][info][gc          ] GC(20) Garbage Collection (Timer) 2226M(54%)->2198M(54%)
[7.058s][info][gc,start    ] GC(21) Garbage Collection (Timer)
[7.058s][info][gc,task     ] GC(21) Using 3 workers
[7.059s][info][gc,phases   ] GC(21) Pause Mark Start 0.005ms
[7.079s][info][gc,phases   ] GC(21) Concurrent Mark 20.284ms
[7.079s][info][gc,phases   ] GC(21) Pause Mark End 0.010ms
[7.079s][info][gc,phases   ] GC(21) Concurrent Mark Free 0.001ms
[7.080s][info][gc,phases   ] GC(21) Concurrent Process Non-Strong References 0.718ms
[7.080s][info][gc,phases   ] GC(21) Concurrent Reset Relocation Set 0.001ms
[7.082s][info][gc,phases   ] GC(21) Concurrent Select Relocation Set 2.352ms
[7.083s][info][gc,phases   ] GC(21) Pause Relocate Start 0.007ms
[7.084s][info][gc,phases   ] GC(21) Concurrent Relocate 0.903ms
[7.084s][info][gc,load     ] GC(21) Load: 0.00/0.00/0.00
[7.084s][info][gc,mmu      ] GC(21) MMU: 2ms/99.2%, 5ms/99.6%, 10ms/99.8%, 20ms/99.9%, 50ms/99.9%, 100ms/100.0%
[7.084s][info][gc,marking  ] GC(21) Mark: 2 stripe(s), 3 proactive flush(es), 1 terminate flush(es), 0 completion(s), 0 continuation(s) 
[7.084s][info][gc,marking  ] GC(21) Mark Stack Usage: 32M
[7.084s][info][gc,nmethod  ] GC(21) NMethods: 473 registered, 0 unregistered
[7.084s][info][gc,metaspace] GC(21) Metaspace: 1M used, 1M committed, 1088M reserved
[7.084s][info][gc,ref      ] GC(21) Soft: 181 encountered, 0 discovered, 0 enqueued
[7.084s][info][gc,ref      ] GC(21) Weak: 263 encountered, 1 discovered, 0 enqueued
[7.084s][info][gc,ref      ] GC(21) Final: 0 encountered, 0 discovered, 0 enqueued
[7.084s][info][gc,ref      ] GC(21) Phantom: 7 encountered, 3 discovered, 0 enqueued
[7.084s][info][gc,reloc    ] GC(21) Small Pages: 1144 / 2288M, Empty: 0M, Relocated: 1M, In-Place: 0
[7.084s][info][gc,reloc    ] GC(21) Medium Pages: 1 / 32M, Empty: 0M, Relocated: 0M, In-Place: 0
[7.084s][info][gc,reloc    ] GC(21) Large Pages: 0 / 0M, Empty: 0M, Relocated: 0M, In-Place: 0
[7.084s][info][gc,reloc    ] GC(21) Forwarding Usage: 0M
[7.084s][info][gc,heap     ] GC(21) Min Capacity: 4096M(100%)
[7.084s][info][gc,heap     ] GC(21) Max Capacity: 4096M(100%)
[7.084s][info][gc,heap     ] GC(21) Soft Max Capacity: 4096M(100%)
[7.084s][info][gc,heap     ] GC(21)                Mark Start          Mark End        Relocate Start      Relocate End           High               Low         
[7.084s][info][gc,heap     ] GC(21)  Capacity:     4096M (100%)       4096M (100%)       4096M (100%)       4096M (100%)       4096M (100%)       4096M (100%)   
[7.084s][info][gc,heap     ] GC(21)      Free:     1776M (43%)        1772M (43%)        1772M (43%)        1772M (43%)        1776M (43%)        1768M (43%)    
[7.084s][info][gc,heap     ] GC(21)      Used:     2320M (57%)        2324M (57%)        2324M (57%)        2324M (57%)        2328M (57%)        2320M (57%)    
[7.084s][info][gc,heap     ] GC(21)      Live:         -              2086M (51%)        2086M (51%)        2086M (51%)            -                  -          
[7.084s][info][gc,heap     ] GC(21) Allocated:         -                 4M (0%)            4M (0%)            4M (0%)             -                  -          
[7.084s][info][gc,heap     ] GC(21)   Garbage:         -               233M (6%)          233M (6%)          233M (6%)             -                  -          
[7.084s][info][gc,heap     ] GC(21) Reclaimed:         -                  -                 0M (0%)            0M (0%)             -                  -          
[7.084s][info][gc          ] GC(21) Garbage Collection (Timer) 2320M(57%)->2324M(57%)
[7.358s][info][gc,start    ] GC(22) Garbage Collection (Timer)
[7.358s][info][gc,task     ] GC(22) Using 3 workers
[7.358s][info][gc,phases   ] GC(22) Pause Mark Start 0.005ms
[7.392s][info][gc,phases   ] GC(22) Concurrent Mark 34.271ms
[7.392s][info][gc,phases   ] GC(22) Pause Mark End 0.010ms
[7.392s][info][gc,phases   ] GC(22) Concurrent Mark Free 0.001ms
[7.393s][info][gc,phases   ] GC(22) Concurrent Process Non-Strong References 0.751ms
[7.393s][info][gc,phases   ] GC(22) Concurrent Reset Relocation Set 0.001ms
[7.395s][info][gc,phases   ] GC(22) Concurrent Select Relocation Set 2.088ms
[7.395s][info][gc,phases   ] GC(22) Pause Relocate Start 0.004ms
[7.396s][info][gc,phases   ] GC(22) Concurrent Relocate 0.880ms
[7.396s][info][gc,load     ] GC(22) Load: 0.00/0.00/0.00
[7.396s][info][gc,mmu      ] GC(22) MMU: 2ms/99.2%, 5ms/99.6%, 10ms/99.8%, 20ms/99.9%, 50ms/99.9%, 100ms/100.0%
[7.396s][info][gc,marking  ] GC(22) Mark: 2 stripe(s), 10 proactive flush(es), 1 terminate flush(es), 0 completion(s), 0 continuation(s) 
[7.396s][info][gc,marking  ] GC(22) Mark Stack Usage: 32M
[7.396s][info][gc,nmethod  ] GC(22) NMethods: 473 registered, 0 unregistered
[7.397s][info][gc,metaspace] GC(22) Metaspace: 1M used, 1M committed, 1088M reserved
[7.397s][info][gc,ref      ] GC(22) Soft: 181 encountered, 0 discovered, 0 enqueued
[7.397s][info][gc,ref      ] GC(22) Weak: 263 encountered, 7 discovered, 0 enqueued
[7.397s][info][gc,ref      ] GC(22) Final: 0 encountered, 0 discovered, 0 enqueued
[7.397s][info][gc,ref      ] GC(22) Phantom: 7 encountered, 3 discovered, 0 enqueued
[7.397s][info][gc,reloc    ] GC(22) Small Pages: 1200 / 2400M, Empty: 0M, Relocated: 1M, In-Place: 0
[7.397s][info][gc,reloc    ] GC(22) Medium Pages: 1 / 32M, Empty: 0M, Relocated: 0M, In-Place: 0
[7.397s][info][gc,reloc    ] GC(22) Large Pages: 0 / 0M, Empty: 0M, Relocated: 0M, In-Place: 0
[7.397s][info][gc,reloc    ] GC(22) Forwarding Usage: 0M
[7.397s][info][gc,heap     ] GC(22) Min Capacity: 4096M(100%)
[7.397s][info][gc,heap     ] GC(22) Max Capacity: 4096M(100%)
[7.397s][info][gc,heap     ] GC(22) Soft Max Capacity: 4096M(100%)
[7.397s][info][gc,heap     ] GC(22)                Mark Start          Mark End        Relocate Start      Relocate End           High               Low         
[7.397s][info][gc,heap     ] GC(22)  Capacity:     4096M (100%)       4096M (100%)       4096M (100%)       4096M (100%)       4096M (100%)       4096M (100%)   
[7.397s][info][gc,heap     ] GC(22)      Free:     1664M (41%)        1664M (41%)        1664M (41%)        1664M (41%)        1664M (41%)        1660M (41%)    
[7.397s][info][gc,heap     ] GC(22)      Used:     2432M (59%)        2432M (59%)        2432M (59%)        2432M (59%)        2436M (59%)        2432M (59%)    
[7.397s][info][gc,heap     ] GC(22)      Live:         -              2189M (53%)        2189M (53%)        2189M (53%)            -                  -          
[7.397s][info][gc,heap     ] GC(22) Allocated:         -                 0M (0%)            0M (0%)            0M (0%)             -                  -          
[7.397s][info][gc,heap     ] GC(22)   Garbage:         -               242M (6%)          242M (6%)          242M (6%)             -                  -          
[7.397s][info][gc,heap     ] GC(22) Reclaimed:         -                  -                 0M (0%)            0M (0%)             -                  -          
[7.397s][info][gc          ] GC(22) Garbage Collection (Timer) 2432M(59%)->2432M(59%)
[7.659s][info][gc,start    ] GC(23) Garbage Collection (Timer)
[7.659s][info][gc,task     ] GC(23) Using 3 workers
[7.659s][info][gc,phases   ] GC(23) Pause Mark Start 0.005ms
[7.686s][info][gc,phases   ] GC(23) Concurrent Mark 27.434ms
[7.687s][info][gc,phases   ] GC(23) Pause Mark End 0.010ms
[7.687s][info][gc,phases   ] GC(23) Concurrent Mark Free 0.001ms
[7.687s][info][gc,phases   ] GC(23) Concurrent Process Non-Strong References 0.810ms
[7.687s][info][gc,phases   ] GC(23) Concurrent Reset Relocation Set 0.001ms
[7.690s][info][gc,phases   ] GC(23) Concurrent Select Relocation Set 2.115ms
[7.690s][info][gc,phases   ] GC(23) Pause Relocate Start 0.004ms
[7.690s][info][gc,phases   ] GC(23) Concurrent Relocate 0.367ms
[7.690s][info][gc,load     ] GC(23) Load: 0.00/0.00/0.00
[7.690s][info][gc,mmu      ] GC(23) MMU: 2ms/99.2%, 5ms/99.6%, 10ms/99.8%, 20ms/99.9%, 50ms/99.9%, 100ms/100.0%
[7.690s][info][gc,marking  ] GC(23) Mark: 2 stripe(s), 10 proactive flush(es), 1 terminate flush(es), 0 completion(s), 0 continuation(s) 
[7.690s][info][gc,marking  ] GC(23) Mark Stack Usage: 32M
[7.690s][info][gc,nmethod  ] GC(23) NMethods: 473 registered, 0 unregistered
[7.690s][info][gc,metaspace] GC(23) Metaspace: 1M used, 1M committed, 1088M reserved
[7.690s][info][gc,ref      ] GC(23) Soft: 181 encountered, 0 discovered, 0 enqueued
[7.690s][info][gc,ref      ] GC(23) Weak: 263 encountered, 1 discovered, 0 enqueued
[7.690s][info][gc,ref      ] GC(23) Final: 0 encountered, 0 discovered, 0 enqueued
[7.690s][info][gc,ref      ] GC(23) Phantom: 7 encountered, 3 discovered, 0 enqueued
[7.690s][info][gc,reloc    ] GC(23) Small Pages: 1200 / 2400M, Empty: 0M, Relocated: 1M, In-Place: 0
[7.691s][info][gc,reloc    ] GC(23) Medium Pages: 1 / 32M, Empty: 0M, Relocated: 0M, In-Place: 0
[7.691s][info][gc,reloc    ] GC(23) Large Pages: 0 / 0M, Empty: 0M, Relocated: 0M, In-Place: 0
[7.691s][info][gc,reloc    ] GC(23) Forwarding Usage: 0M
[7.691s][info][gc,heap     ] GC(23) Min Capacity: 4096M(100%)
[7.691s][info][gc,heap     ] GC(23) Max Capacity: 4096M(100%)
[7.691s][info][gc,heap     ] GC(23) Soft Max Capacity: 4096M(100%)
[7.691s][info][gc,heap     ] GC(23)                Mark Start          Mark End        Relocate Start      Relocate End           High               Low         
[7.691s][info][gc,heap     ] GC(23)  Capacity:     4096M (100%)       4096M (100%)       4096M (100%)       4096M (100%)       4096M (100%)       4096M (100%)   
[7.691s][info][gc,heap     ] GC(23)      Free:     1664M (41%)        1664M (41%)        1664M (41%)        1664M (41%)        1664M (41%)        1660M (41%)    
[7.691s][info][gc,heap     ] GC(23)      Used:     2432M (59%)        2432M (59%)        2432M (59%)        2432M (59%)        2436M (59%)        2432M (59%)    
[7.691s][info][gc,heap     ] GC(23)      Live:         -              2189M (53%)        2189M (53%)        2189M (53%)            -                  -          
[7.691s][info][gc,heap     ] GC(23) Allocated:         -                 0M (0%)            0M (0%)            0M (0%)             -                  -          
[7.691s][info][gc,heap     ] GC(23)   Garbage:         -               242M (6%)          242M (6%)          242M (6%)             -                  -          
[7.691s][info][gc,heap     ] GC(23) Reclaimed:         -                  -                 0M (0%)            0M (0%)             -                  -          
[7.691s][info][gc          ] GC(23) Garbage Collection (Timer) 2432M(59%)->2432M(59%)
[7.958s][info][gc,start    ] GC(24) Garbage Collection (Timer)
[7.958s][info][gc,task     ] GC(24) Using 3 workers
[7.958s][info][gc,phases   ] GC(24) Pause Mark Start 0.006ms
[7.980s][info][gc,phases   ] GC(24) Concurrent Mark 21.715ms
[7.980s][info][gc,phases   ] GC(24) Pause Mark End 0.010ms
[7.980s][info][gc,phases   ] GC(24) Concurrent Mark Free 0.001ms
[7.981s][info][gc,phases   ] GC(24) Concurrent Process Non-Strong References 0.826ms
[7.981s][info][gc,phases   ] GC(24) Concurrent Reset Relocation Set 0.001ms
[7.983s][info][gc,phases   ] GC(24) Concurrent Select Relocation Set 2.030ms
[7.983s][info][gc,phases   ] GC(24) Pause Relocate Start 0.006ms
[7.984s][info][gc,phases   ] GC(24) Concurrent Relocate 0.333ms
[7.984s][info][gc,load     ] GC(24) Load: 0.00/0.00/0.00
[7.984s][info][gc,mmu      ] GC(24) MMU: 2ms/99.2%, 5ms/99.6%, 10ms/99.8%, 20ms/99.9%, 50ms/99.9%, 100ms/100.0%
[7.984s][info][gc,marking  ] GC(24) Mark: 2 stripe(s), 10 proactive flush(es), 1 terminate flush(es), 0 completion(s), 0 continuation(s) 
[7.984s][info][gc,marking  ] GC(24) Mark Stack Usage: 32M
[7.984s][info][gc,nmethod  ] GC(24) NMethods: 473 registered, 0 unregistered
[7.984s][info][gc,metaspace] GC(24) Metaspace: 1M used, 1M committed, 1088M reserved
[7.984s][info][gc,ref      ] GC(24) Soft: 181 encountered, 0 discovered, 0 enqueued
[7.984s][info][gc,ref      ] GC(24) Weak: 263 encountered, 1 discovered, 0 enqueued
[7.984s][info][gc,ref      ] GC(24) Final: 0 encountered, 0 discovered, 0 enqueued
[7.984s][info][gc,ref      ] GC(24) Phantom: 7 encountered, 3 discovered, 0 enqueued
[7.984s][info][gc,reloc    ] GC(24) Small Pages: 1200 / 2400M, Empty: 0M, Relocated: 1M, In-Place: 0
[7.984s][info][gc,reloc    ] GC(24) Medium Pages: 1 / 32M, Empty: 0M, Relocated: 0M, In-Place: 0
[7.984s][info][gc,reloc    ] GC(24) Large Pages: 0 / 0M, Empty: 0M, Relocated: 0M, In-Place: 0
[7.984s][info][gc,reloc    ] GC(24) Forwarding Usage: 0M
[7.984s][info][gc,heap     ] GC(24) Min Capacity: 4096M(100%)
[7.984s][info][gc,heap     ] GC(24) Max Capacity: 4096M(100%)
[7.984s][info][gc,heap     ] GC(24) Soft Max Capacity: 4096M(100%)
[7.984s][info][gc,heap     ] GC(24)                Mark Start          Mark End        Relocate Start      Relocate End           High               Low         
[7.984s][info][gc,heap     ] GC(24)  Capacity:     4096M (100%)       4096M (100%)       4096M (100%)       4096M (100%)       4096M (100%)       4096M (100%)   
[7.984s][info][gc,heap     ] GC(24)      Free:     1664M (41%)        1664M (41%)        1664M (41%)        1664M (41%)        1664M (41%)        1660M (41%)    
[7.984s][info][gc,heap     ] GC(24)      Used:     2432M (59%)        2432M (59%)        2432M (59%)        2432M (59%)        2436M (59%)        2432M (59%)    
[7.984s][info][gc,heap     ] GC(24)      Live:         -              2189M (53%)        2189M (53%)        2189M (53%)            -                  -          
[7.984s][info][gc,heap     ] GC(24) Allocated:         -                 0M (0%)            0M (0%)            0M (0%)             -                  -          
[7.984s][info][gc,heap     ] GC(24)   Garbage:         -               242M (6%)          242M (6%)          242M (6%)             -                  -          
[7.984s][info][gc,heap     ] GC(24) Reclaimed:         -                  -                 0M (0%)            0M (0%)             -                  -          
[7.984s][info][gc          ] GC(24) Garbage Collection (Timer) 2432M(59%)->2432M(59%)
[8.259s][info][gc,start    ] GC(25) Garbage Collection (Timer)
[8.259s][info][gc,task     ] GC(25) Using 3 workers
[8.259s][info][gc,phases   ] GC(25) Pause Mark Start 0.006ms
[8.274s][info][gc,phases   ] GC(25) Concurrent Mark 14.571ms
[8.274s][info][gc,phases   ] GC(25) Pause Mark End 0.010ms
[8.274s][info][gc,phases   ] GC(25) Concurrent Mark Free 0.001ms
[8.275s][info][gc,phases   ] GC(25) Concurrent Process Non-Strong References 0.847ms
[8.275s][info][gc,phases   ] GC(25) Concurrent Reset Relocation Set 0.001ms
[8.277s][info][gc,phases   ] GC(25) Concurrent Select Relocation Set 2.120ms
[8.277s][info][gc,phases   ] GC(25) Pause Relocate Start 0.005ms
[8.278s][info][gc,phases   ] GC(25) Concurrent Relocate 0.243ms
[8.278s][info][gc,load     ] GC(25) Load: 0.00/0.00/0.00
[8.278s][info][gc,mmu      ] GC(25) MMU: 2ms/99.2%, 5ms/99.6%, 10ms/99.8%, 20ms/99.9%, 50ms/99.9%, 100ms/100.0%
[8.278s][info][gc,marking  ] GC(25) Mark: 2 stripe(s), 3 proactive flush(es), 1 terminate flush(es), 0 completion(s), 0 continuation(s) 
[8.278s][info][gc,marking  ] GC(25) Mark Stack Usage: 32M
[8.278s][info][gc,nmethod  ] GC(25) NMethods: 473 registered, 0 unregistered
[8.278s][info][gc,metaspace] GC(25) Metaspace: 1M used, 1M committed, 1088M reserved
[8.278s][info][gc,ref      ] GC(25) Soft: 181 encountered, 0 discovered, 0 enqueued
[8.278s][info][gc,ref      ] GC(25) Weak: 263 encountered, 1 discovered, 0 enqueued
[8.278s][info][gc,ref      ] GC(25) Final: 0 encountered, 0 discovered, 0 enqueued
[8.278s][info][gc,ref      ] GC(25) Phantom: 7 encountered, 3 discovered, 0 enqueued
[8.278s][info][gc,reloc    ] GC(25) Small Pages: 1200 / 2400M, Empty: 0M, Relocated: 1M, In-Place: 0
[8.278s][info][gc,reloc    ] GC(25) Medium Pages: 1 / 32M, Empty: 0M, Relocated: 0M, In-Place: 0
[8.278s][info][gc,reloc    ] GC(25) Large Pages: 0 / 0M, Empty: 0M, Relocated: 0M, In-Place: 0
[8.278s][info][gc,reloc    ] GC(25) Forwarding Usage: 0M
[8.278s][info][gc,heap     ] GC(25) Min Capacity: 4096M(100%)
[8.278s][info][gc,heap     ] GC(25) Max Capacity: 4096M(100%)
[8.278s][info][gc,heap     ] GC(25) Soft Max Capacity: 4096M(100%)
[8.278s][info][gc,heap     ] GC(25)                Mark Start          Mark End        Relocate Start      Relocate End           High               Low         
[8.278s][info][gc,heap     ] GC(25)  Capacity:     4096M (100%)       4096M (100%)       4096M (100%)       4096M (100%)       4096M (100%)       4096M (100%)   
[8.278s][info][gc,heap     ] GC(25)      Free:     1664M (41%)        1664M (41%)        1664M (41%)        1664M (41%)        1664M (41%)        1660M (41%)    
[8.278s][info][gc,heap     ] GC(25)      Used:     2432M (59%)        2432M (59%)        2432M (59%)        2432M (59%)        2436M (59%)        2432M (59%)    
[8.278s][info][gc,heap     ] GC(25)      Live:         -              2189M (53%)        2189M (53%)        2189M (53%)            -                  -          
[8.278s][info][gc,heap     ] GC(25) Allocated:         -                 0M (0%)            0M (0%)            0M (0%)             -                  -          
[8.278s][info][gc,heap     ] GC(25)   Garbage:         -               242M (6%)          242M (6%)          242M (6%)             -                  -          
[8.278s][info][gc,heap     ] GC(25) Reclaimed:         -                  -                 0M (0%)            0M (0%)             -                  -          
[8.279s][info][gc          ] GC(25) Garbage Collection (Timer) 2432M(59%)->2432M(59%)
[8.558s][info][gc,start    ] GC(26) Garbage Collection (Timer)
[8.558s][info][gc,task     ] GC(26) Using 3 workers
[8.558s][info][gc,phases   ] GC(26) Pause Mark Start 0.005ms
[8.576s][info][gc,phases   ] GC(26) Concurrent Mark 18.074ms
[8.576s][info][gc,phases   ] GC(26) Pause Mark End 0.009ms
[8.577s][info][gc,phases   ] GC(26) Concurrent Mark Free 0.001ms
[8.577s][info][gc,phases   ] GC(26) Concurrent Process Non-Strong References 0.725ms
[8.577s][info][gc,phases   ] GC(26) Concurrent Reset Relocation Set 0.001ms
[8.580s][info][gc,phases   ] GC(26) Concurrent Select Relocation Set 2.292ms
[8.580s][info][gc,phases   ] GC(26) Pause Relocate Start 0.006ms
[8.582s][info][gc,phases   ] GC(26) Concurrent Relocate 1.770ms
[8.582s][info][gc,load     ] GC(26) Load: 0.00/0.00/0.00
[8.582s][info][gc,mmu      ] GC(26) MMU: 2ms/99.2%, 5ms/99.6%, 10ms/99.8%, 20ms/99.9%, 50ms/99.9%, 100ms/100.0%
[8.582s][info][gc,marking  ] GC(26) Mark: 2 stripe(s), 2 proactive flush(es), 1 terminate flush(es), 0 completion(s), 0 continuation(s) 
[8.582s][info][gc,marking  ] GC(26) Mark Stack Usage: 32M
[8.582s][info][gc,nmethod  ] GC(26) NMethods: 479 registered, 0 unregistered
[8.582s][info][gc,metaspace] GC(26) Metaspace: 1M used, 1M committed, 1088M reserved
[8.582s][info][gc,ref      ] GC(26) Soft: 181 encountered, 0 discovered, 0 enqueued
[8.582s][info][gc,ref      ] GC(26) Weak: 263 encountered, 3 discovered, 0 enqueued
[8.582s][info][gc,ref      ] GC(26) Final: 0 encountered, 0 discovered, 0 enqueued
[8.582s][info][gc,ref      ] GC(26) Phantom: 7 encountered, 3 discovered, 0 enqueued
[8.582s][info][gc,reloc    ] GC(26) Small Pages: 1244 / 2488M, Empty: 0M, Relocated: 5M, In-Place: 0
[8.582s][info][gc,reloc    ] GC(26) Medium Pages: 1 / 32M, Empty: 0M, Relocated: 0M, In-Place: 0
[8.582s][info][gc,reloc    ] GC(26) Large Pages: 0 / 0M, Empty: 0M, Relocated: 0M, In-Place: 0
[8.582s][info][gc,reloc    ] GC(26) Forwarding Usage: 0M
[8.582s][info][gc,heap     ] GC(26) Min Capacity: 4096M(100%)
[8.582s][info][gc,heap     ] GC(26) Max Capacity: 4096M(100%)
[8.582s][info][gc,heap     ] GC(26) Soft Max Capacity: 4096M(100%)
[8.582s][info][gc,heap     ] GC(26)                Mark Start          Mark End        Relocate Start      Relocate End           High               Low         
[8.582s][info][gc,heap     ] GC(26)  Capacity:     4096M (100%)       4096M (100%)       4096M (100%)       4096M (100%)       4096M (100%)       4096M (100%)   
[8.582s][info][gc,heap     ] GC(26)      Free:     1576M (38%)        1572M (38%)        1570M (38%)        1572M (38%)        1576M (38%)        1566M (38%)    
[8.582s][info][gc,heap     ] GC(26)      Used:     2520M (62%)        2524M (62%)        2526M (62%)        2524M (62%)        2530M (62%)        2520M (62%)    
[8.582s][info][gc,heap     ] GC(26)      Live:         -              2266M (55%)        2266M (55%)        2266M (55%)            -                  -          
[8.582s][info][gc,heap     ] GC(26) Allocated:         -                 4M (0%)            6M (0%)            5M (0%)             -                  -          
[8.582s][info][gc,heap     ] GC(26)   Garbage:         -               253M (6%)          253M (6%)          251M (6%)             -                  -          
[8.582s][info][gc,heap     ] GC(26) Reclaimed:         -                  -                 0M (0%)            1M (0%)             -                  -          
[8.582s][info][gc          ] GC(26) Garbage Collection (Timer) 2520M(62%)->2524M(62%)
[8.859s][info][gc,start    ] GC(27) Garbage Collection (Timer)
[8.859s][info][gc,task     ] GC(27) Using 3 workers
[8.859s][info][gc,phases   ] GC(27) Pause Mark Start 0.005ms
[8.879s][info][gc,phases   ] GC(27) Concurrent Mark 19.710ms
[8.879s][info][gc,phases   ] GC(27) Pause Mark End 0.009ms
[8.879s][info][gc,phases   ] GC(27) Concurrent Mark Free 0.001ms
[8.880s][info][gc,phases   ] GC(27) Concurrent Process Non-Strong References 0.730ms
[8.880s][info][gc,phases   ] GC(27) Concurrent Reset Relocation Set 0.001ms
[8.882s][info][gc,phases   ] GC(27) Concurrent Select Relocation Set 2.211ms
[8.882s][info][gc,phases   ] GC(27) Pause Relocate Start 0.006ms
[8.883s][info][gc,phases   ] GC(27) Concurrent Relocate 0.809ms
[8.883s][info][gc,load     ] GC(27) Load: 0.00/0.00/0.00
[8.883s][info][gc,mmu      ] GC(27) MMU: 2ms/99.2%, 5ms/99.6%, 10ms/99.8%, 20ms/99.9%, 50ms/99.9%, 100ms/100.0%
[8.883s][info][gc,marking  ] GC(27) Mark: 2 stripe(s), 2 proactive flush(es), 1 terminate flush(es), 0 completion(s), 0 continuation(s) 
[8.883s][info][gc,marking  ] GC(27) Mark Stack Usage: 32M
[8.883s][info][gc,nmethod  ] GC(27) NMethods: 479 registered, 0 unregistered
[8.883s][info][gc,metaspace] GC(27) Metaspace: 1M used, 1M committed, 1088M reserved
[8.883s][info][gc,ref      ] GC(27) Soft: 181 encountered, 0 discovered, 0 enqueued
[8.883s][info][gc,ref      ] GC(27) Weak: 263 encountered, 178 discovered, 0 enqueued
[8.883s][info][gc,ref      ] GC(27) Final: 0 encountered, 0 discovered, 0 enqueued
[8.883s][info][gc,ref      ] GC(27) Phantom: 7 encountered, 2 discovered, 0 enqueued
[8.883s][info][gc,reloc    ] GC(27) Small Pages: 1302 / 2604M, Empty: 0M, Relocated: 1M, In-Place: 0
[8.883s][info][gc,reloc    ] GC(27) Medium Pages: 1 / 32M, Empty: 0M, Relocated: 0M, In-Place: 0
[8.884s][info][gc,reloc    ] GC(27) Large Pages: 0 / 0M, Empty: 0M, Relocated: 0M, In-Place: 0
[8.884s][info][gc,reloc    ] GC(27) Forwarding Usage: 0M
[8.884s][info][gc,heap     ] GC(27) Min Capacity: 4096M(100%)
[8.884s][info][gc,heap     ] GC(27) Max Capacity: 4096M(100%)
[8.884s][info][gc,heap     ] GC(27) Soft Max Capacity: 4096M(100%)
[8.884s][info][gc,heap     ] GC(27)                Mark Start          Mark End        Relocate Start      Relocate End           High               Low         
[8.884s][info][gc,heap     ] GC(27)  Capacity:     4096M (100%)       4096M (100%)       4096M (100%)       4096M (100%)       4096M (100%)       4096M (100%)   
[8.884s][info][gc,heap     ] GC(27)      Free:     1460M (36%)        1458M (36%)        1456M (36%)        1456M (36%)        1460M (36%)        1452M (35%)    
[8.884s][info][gc,heap     ] GC(27)      Used:     2636M (64%)        2638M (64%)        2640M (64%)        2640M (64%)        2644M (65%)        2636M (64%)    
[8.884s][info][gc,heap     ] GC(27)      Live:         -              2373M (58%)        2373M (58%)        2373M (58%)            -                  -          
[8.884s][info][gc,heap     ] GC(27) Allocated:         -                 2M (0%)            4M (0%)            4M (0%)             -                  -          
[8.884s][info][gc,heap     ] GC(27)   Garbage:         -               262M (6%)          262M (6%)          262M (6%)             -                  -          
[8.884s][info][gc,heap     ] GC(27) Reclaimed:         -                  -                 0M (0%)            0M (0%)             -                  -          
[8.884s][info][gc          ] GC(27) Garbage Collection (Timer) 2636M(64%)->2640M(64%)
[9.158s][info][gc,start    ] GC(28) Garbage Collection (Timer)
[9.158s][info][gc,task     ] GC(28) Using 3 workers
[9.159s][info][gc,phases   ] GC(28) Pause Mark Start 0.006ms
[9.179s][info][gc,phases   ] GC(28) Concurrent Mark 19.790ms
[9.179s][info][gc,phases   ] GC(28) Pause Mark End 0.009ms
[9.179s][info][gc,phases   ] GC(28) Concurrent Mark Free 0.001ms
[9.180s][info][gc,phases   ] GC(28) Concurrent Process Non-Strong References 0.704ms
[9.180s][info][gc,phases   ] GC(28) Concurrent Reset Relocation Set 0.001ms
[9.182s][info][gc,phases   ] GC(28) Concurrent Select Relocation Set 2.239ms
[9.182s][info][gc,phases   ] GC(28) Pause Relocate Start 0.005ms
[9.183s][info][gc,phases   ] GC(28) Concurrent Relocate 0.804ms
[9.183s][info][gc,load     ] GC(28) Load: 0.00/0.00/0.00
[9.183s][info][gc,mmu      ] GC(28) MMU: 2ms/99.2%, 5ms/99.6%, 10ms/99.8%, 20ms/99.9%, 50ms/99.9%, 100ms/100.0%
[9.183s][info][gc,marking  ] GC(28) Mark: 2 stripe(s), 2 proactive flush(es), 1 terminate flush(es), 0 completion(s), 0 continuation(s) 
[9.183s][info][gc,marking  ] GC(28) Mark Stack Usage: 32M
[9.183s][info][gc,nmethod  ] GC(28) NMethods: 479 registered, 0 unregistered
[9.183s][info][gc,metaspace] GC(28) Metaspace: 1M used, 1M committed, 1088M reserved
[9.183s][info][gc,ref      ] GC(28) Soft: 181 encountered, 0 discovered, 0 enqueued
[9.183s][info][gc,ref      ] GC(28) Weak: 263 encountered, 213 discovered, 0 enqueued
[9.183s][info][gc,ref      ] GC(28) Final: 0 encountered, 0 discovered, 0 enqueued
[9.183s][info][gc,ref      ] GC(28) Phantom: 7 encountered, 4 discovered, 0 enqueued
[9.183s][info][gc,reloc    ] GC(28) Small Pages: 1365 / 2730M, Empty: 0M, Relocated: 1M, In-Place: 0
[9.183s][info][gc,reloc    ] GC(28) Medium Pages: 1 / 32M, Empty: 0M, Relocated: 0M, In-Place: 0
[9.183s][info][gc,reloc    ] GC(28) Large Pages: 0 / 0M, Empty: 0M, Relocated: 0M, In-Place: 0
[9.183s][info][gc,reloc    ] GC(28) Forwarding Usage: 0M
[9.183s][info][gc,heap     ] GC(28) Min Capacity: 4096M(100%)
[9.183s][info][gc,heap     ] GC(28) Max Capacity: 4096M(100%)
[9.183s][info][gc,heap     ] GC(28) Soft Max Capacity: 4096M(100%)
[9.183s][info][gc,heap     ] GC(28)                Mark Start          Mark End        Relocate Start      Relocate End           High               Low         
[9.183s][info][gc,heap     ] GC(28)  Capacity:     4096M (100%)       4096M (100%)       4096M (100%)       4096M (100%)       4096M (100%)       4096M (100%)   
[9.183s][info][gc,heap     ] GC(28)      Free:     1334M (33%)        1332M (33%)        1332M (33%)        1332M (33%)        1334M (33%)        1328M (32%)    
[9.184s][info][gc,heap     ] GC(28)      Used:     2762M (67%)        2764M (67%)        2764M (67%)        2764M (67%)        2768M (68%)        2762M (67%)    
[9.184s][info][gc,heap     ] GC(28)      Live:         -              2488M (61%)        2488M (61%)        2488M (61%)            -                  -          
[9.184s][info][gc,heap     ] GC(28) Allocated:         -                 2M (0%)            2M (0%)            2M (0%)             -                  -          
[9.184s][info][gc,heap     ] GC(28)   Garbage:         -               273M (7%)          273M (7%)          273M (7%)             -                  -          
[9.184s][info][gc,heap     ] GC(28) Reclaimed:         -                  -                 0M (0%)            0M (0%)             -                  -          
[9.184s][info][gc          ] GC(28) Garbage Collection (Timer) 2762M(67%)->2764M(67%)
[9.458s][info][gc,start    ] GC(29) Garbage Collection (Timer)
[9.458s][info][gc,task     ] GC(29) Using 3 workers
[9.458s][info][gc,phases   ] GC(29) Pause Mark Start 0.006ms
[9.489s][info][gc,phases   ] GC(29) Concurrent Mark 31.244ms
[9.489s][info][gc,phases   ] GC(29) Pause Mark End 0.009ms
[9.490s][info][gc,phases   ] GC(29) Concurrent Mark Free 0.001ms
[9.490s][info][gc,phases   ] GC(29) Concurrent Process Non-Strong References 0.682ms
[9.490s][info][gc,phases   ] GC(29) Concurrent Reset Relocation Set 0.001ms
[9.493s][info][gc,phases   ] GC(29) Concurrent Select Relocation Set 2.224ms
[9.493s][info][gc,phases   ] GC(29) Pause Relocate Start 0.005ms
[9.494s][info][gc,phases   ] GC(29) Concurrent Relocate 1.383ms
[9.494s][info][gc,load     ] GC(29) Load: 0.00/0.00/0.00
[9.494s][info][gc,mmu      ] GC(29) MMU: 2ms/99.2%, 5ms/99.6%, 10ms/99.8%, 20ms/99.9%, 50ms/99.9%, 100ms/100.0%
[9.494s][info][gc,marking  ] GC(29) Mark: 2 stripe(s), 4 proactive flush(es), 1 terminate flush(es), 0 completion(s), 0 continuation(s) 
[9.494s][info][gc,marking  ] GC(29) Mark Stack Usage: 32M
[9.494s][info][gc,nmethod  ] GC(29) NMethods: 479 registered, 0 unregistered
[9.494s][info][gc,metaspace] GC(29) Metaspace: 1M used, 1M committed, 1088M reserved
[9.494s][info][gc,ref      ] GC(29) Soft: 181 encountered, 0 discovered, 0 enqueued
[9.494s][info][gc,ref      ] GC(29) Weak: 263 encountered, 198 discovered, 0 enqueued
[9.494s][info][gc,ref      ] GC(29) Final: 0 encountered, 0 discovered, 0 enqueued
[9.494s][info][gc,ref      ] GC(29) Phantom: 7 encountered, 4 discovered, 0 enqueued
[9.494s][info][gc,reloc    ] GC(29) Small Pages: 1447 / 2894M, Empty: 0M, Relocated: 3M, In-Place: 0
[9.495s][info][gc,reloc    ] GC(29) Medium Pages: 1 / 32M, Empty: 0M, Relocated: 0M, In-Place: 0
[9.495s][info][gc,reloc    ] GC(29) Large Pages: 0 / 0M, Empty: 0M, Relocated: 0M, In-Place: 0
[9.495s][info][gc,reloc    ] GC(29) Forwarding Usage: 0M
[9.495s][info][gc,heap     ] GC(29) Min Capacity: 4096M(100%)
[9.495s][info][gc,heap     ] GC(29) Max Capacity: 4096M(100%)
[9.495s][info][gc,heap     ] GC(29) Soft Max Capacity: 4096M(100%)
[9.495s][info][gc,heap     ] GC(29)                Mark Start          Mark End        Relocate Start      Relocate End           High               Low         
[9.495s][info][gc,heap     ] GC(29)  Capacity:     4096M (100%)       4096M (100%)       4096M (100%)       4096M (100%)       4096M (100%)       4096M (100%)   
[9.495s][info][gc,heap     ] GC(29)      Free:     1170M (29%)        1166M (28%)        1164M (28%)        1168M (29%)        1170M (29%)        1158M (28%)    
[9.495s][info][gc,heap     ] GC(29)      Used:     2926M (71%)        2930M (72%)        2932M (72%)        2928M (71%)        2938M (72%)        2926M (71%)    
[9.495s][info][gc,heap     ] GC(29)      Live:         -              2637M (64%)        2637M (64%)        2637M (64%)            -                  -          
[9.495s][info][gc,heap     ] GC(29) Allocated:         -                 4M (0%)            6M (0%)            6M (0%)             -                  -          
[9.495s][info][gc,heap     ] GC(29)   Garbage:         -               288M (7%)          288M (7%)          284M (7%)             -                  -          
[9.495s][info][gc,heap     ] GC(29) Reclaimed:         -                  -                 0M (0%)            4M (0%)             -                  -          
[9.495s][info][gc          ] GC(29) Garbage Collection (Timer) 2926M(71%)->2928M(71%)
[9.758s][info][gc,start    ] GC(30) Garbage Collection (Timer)
[9.758s][info][gc,task     ] GC(30) Using 3 workers
[9.759s][info][gc,phases   ] GC(30) Pause Mark Start 0.006ms
[9.798s][info][gc,phases   ] GC(30) Concurrent Mark 39.103ms
[9.798s][info][gc,phases   ] GC(30) Pause Mark End 0.010ms
[9.798s][info][gc,phases   ] GC(30) Concurrent Mark Free 0.001ms
[9.799s][info][gc,phases   ] GC(30) Concurrent Process Non-Strong References 0.587ms
[9.799s][info][gc,phases   ] GC(30) Concurrent Reset Relocation Set 0.001ms
[9.801s][info][gc,phases   ] GC(30) Concurrent Select Relocation Set 2.101ms
[9.801s][info][gc,phases   ] GC(30) Pause Relocate Start 0.006ms
[9.802s][info][gc,phases   ] GC(30) Concurrent Relocate 0.764ms
[9.802s][info][gc,load     ] GC(30) Load: 0.00/0.00/0.00
[9.802s][info][gc,mmu      ] GC(30) MMU: 2ms/99.2%, 5ms/99.6%, 10ms/99.8%, 20ms/99.9%, 50ms/99.9%, 100ms/100.0%
[9.802s][info][gc,marking  ] GC(30) Mark: 2 stripe(s), 10 proactive flush(es), 1 terminate flush(es), 0 completion(s), 0 continuation(s) 
[9.802s][info][gc,marking  ] GC(30) Mark Stack Usage: 32M
[9.802s][info][gc,nmethod  ] GC(30) NMethods: 479 registered, 0 unregistered
[9.802s][info][gc,metaspace] GC(30) Metaspace: 1M used, 1M committed, 1088M reserved
[9.802s][info][gc,ref      ] GC(30) Soft: 181 encountered, 0 discovered, 0 enqueued
[9.802s][info][gc,ref      ] GC(30) Weak: 263 encountered, 216 discovered, 0 enqueued
[9.802s][info][gc,ref      ] GC(30) Final: 0 encountered, 0 discovered, 0 enqueued
[9.802s][info][gc,ref      ] GC(30) Phantom: 7 encountered, 4 discovered, 0 enqueued
[9.802s][info][gc,reloc    ] GC(30) Small Pages: 1499 / 2998M, Empty: 0M, Relocated: 1M, In-Place: 0
[9.802s][info][gc,reloc    ] GC(30) Medium Pages: 1 / 32M, Empty: 0M, Relocated: 0M, In-Place: 0
[9.802s][info][gc,reloc    ] GC(30) Large Pages: 0 / 0M, Empty: 0M, Relocated: 0M, In-Place: 0
[9.802s][info][gc,reloc    ] GC(30) Forwarding Usage: 0M
[9.802s][info][gc,heap     ] GC(30) Min Capacity: 4096M(100%)
[9.802s][info][gc,heap     ] GC(30) Max Capacity: 4096M(100%)
[9.802s][info][gc,heap     ] GC(30) Soft Max Capacity: 4096M(100%)
[9.802s][info][gc,heap     ] GC(30)                Mark Start          Mark End        Relocate Start      Relocate End           High               Low         
[9.802s][info][gc,heap     ] GC(30)  Capacity:     4096M (100%)       4096M (100%)       4096M (100%)       4096M (100%)       4096M (100%)       4096M (100%)   
[9.802s][info][gc,heap     ] GC(30)      Free:     1066M (26%)        1066M (26%)        1066M (26%)        1066M (26%)        1066M (26%)        1062M (26%)    
[9.802s][info][gc,heap     ] GC(30)      Used:     3030M (74%)        3030M (74%)        3030M (74%)        3030M (74%)        3034M (74%)        3030M (74%)    
[9.802s][info][gc,heap     ] GC(30)      Live:         -              2735M (67%)        2735M (67%)        2735M (67%)            -                  -          
[9.802s][info][gc,heap     ] GC(30) Allocated:         -                 0M (0%)            0M (0%)            0M (0%)             -                  -          
[9.802s][info][gc,heap     ] GC(30)   Garbage:         -               294M (7%)          294M (7%)          294M (7%)             -                  -          
[9.802s][info][gc,heap     ] GC(30) Reclaimed:         -                  -                 0M (0%)            0M (0%)             -                  -          
[9.802s][info][gc          ] GC(30) Garbage Collection (Timer) 3030M(74%)->3030M(74%)
[10.058s][info][gc,start    ] GC(31) Garbage Collection (Timer)
[10.058s][info][gc,task     ] GC(31) Using 3 workers
[10.058s][info][gc,phases   ] GC(31) Pause Mark Start 0.007ms
[10.084s][info][gc,phases   ] GC(31) Concurrent Mark 25.774ms
[10.084s][info][gc,phases   ] GC(31) Pause Mark End 0.010ms
[10.084s][info][gc,phases   ] GC(31) Concurrent Mark Free 0.001ms
[10.085s][info][gc,phases   ] GC(31) Concurrent Process Non-Strong References 0.646ms
[10.085s][info][gc,phases   ] GC(31) Concurrent Reset Relocation Set 0.001ms
[10.087s][info][gc,phases   ] GC(31) Concurrent Select Relocation Set 2.118ms
[10.087s][info][gc,phases   ] GC(31) Pause Relocate Start 0.005ms
[10.088s][info][gc,phases   ] GC(31) Concurrent Relocate 0.242ms
[10.088s][info][gc,load     ] GC(31) Load: 0.00/0.00/0.00
[10.088s][info][gc,mmu      ] GC(31) MMU: 2ms/99.2%, 5ms/99.6%, 10ms/99.8%, 20ms/99.9%, 50ms/99.9%, 100ms/100.0%
[10.088s][info][gc,marking  ] GC(31) Mark: 2 stripe(s), 2 proactive flush(es), 1 terminate flush(es), 0 completion(s), 0 continuation(s) 
[10.088s][info][gc,marking  ] GC(31) Mark Stack Usage: 32M
[10.088s][info][gc,nmethod  ] GC(31) NMethods: 479 registered, 0 unregistered
[10.088s][info][gc,metaspace] GC(31) Metaspace: 1M used, 1M committed, 1088M reserved
[10.088s][info][gc,ref      ] GC(31) Soft: 181 encountered, 0 discovered, 0 enqueued
[10.088s][info][gc,ref      ] GC(31) Weak: 263 encountered, 119 discovered, 0 enqueued
[10.088s][info][gc,ref      ] GC(31) Final: 0 encountered, 0 discovered, 0 enqueued
[10.088s][info][gc,ref      ] GC(31) Phantom: 7 encountered, 4 discovered, 0 enqueued
[10.088s][info][gc,reloc    ] GC(31) Small Pages: 1499 / 2998M, Empty: 0M, Relocated: 1M, In-Place: 0
[10.088s][info][gc,reloc    ] GC(31) Medium Pages: 1 / 32M, Empty: 0M, Relocated: 0M, In-Place: 0
[10.088s][info][gc,reloc    ] GC(31) Large Pages: 0 / 0M, Empty: 0M, Relocated: 0M, In-Place: 0
[10.088s][info][gc,reloc    ] GC(31) Forwarding Usage: 0M
[10.088s][info][gc,heap     ] GC(31) Min Capacity: 4096M(100%)
[10.088s][info][gc,heap     ] GC(31) Max Capacity: 4096M(100%)
[10.088s][info][gc,heap     ] GC(31) Soft Max Capacity: 4096M(100%)
[10.088s][info][gc,heap     ] GC(31)                Mark Start          Mark End        Relocate Start      Relocate End           High               Low         
[10.088s][info][gc,heap     ] GC(31)  Capacity:     4096M (100%)       4096M (100%)       4096M (100%)       4096M (100%)       4096M (100%)       4096M (100%)   
[10.088s][info][gc,heap     ] GC(31)      Free:     1066M (26%)        1066M (26%)        1066M (26%)        1066M (26%)        1066M (26%)        1062M (26%)    
[10.088s][info][gc,heap     ] GC(31)      Used:     3030M (74%)        3030M (74%)        3030M (74%)        3030M (74%)        3034M (74%)        3030M (74%)    
[10.088s][info][gc,heap     ] GC(31)      Live:         -              2735M (67%)        2735M (67%)        2735M (67%)            -                  -          
[10.088s][info][gc,heap     ] GC(31) Allocated:         -                 0M (0%)            0M (0%)            0M (0%)             -                  -          
[10.088s][info][gc,heap     ] GC(31)   Garbage:         -               294M (7%)          294M (7%)          294M (7%)             -                  -          
[10.088s][info][gc,heap     ] GC(31) Reclaimed:         -                  -                 0M (0%)            0M (0%)             -                  -          
[10.088s][info][gc          ] GC(31) Garbage Collection (Timer) 3030M(74%)->3030M(74%)
[10.359s][info][gc,stats    ] === Garbage Collection Statistics =======================================================================================================================
[10.359s][info][gc,start    ] GC(32) Garbage Collection (Timer)
[10.359s][info][gc,stats    ]                                                              Last 10s              Last 10m              Last 10h                Total
[10.359s][info][gc,task     ] GC(32) Using 3 workers
[10.359s][info][gc,stats    ]                                                              Avg / Max             Avg / Max             Avg / Max             Avg / Max
[10.359s][info][gc,phases   ] GC(32) Pause Mark Start 0.005ms
[10.359s][info][gc,stats    ]   Collector: Garbage Collection Cycle                     37.012 / 399.735      37.012 / 399.735      37.012 / 399.735      37.012 / 399.735     ms
[10.359s][info][gc,stats    ]  Contention: Mark Segment Reset Contention                     3 / 7                 3 / 7                 3 / 7                 3 / 7           ops/s
[10.359s][info][gc,stats    ]  Contention: Mark SeqNum Reset Contention                      1 / 3                 1 / 3                 1 / 3                 1 / 3           ops/s
[10.359s][info][gc,stats    ]    Critical: Allocation Stall                                  0 / 0                 0 / 0                 0 / 0                 0 / 0           ops/s
[10.359s][info][gc,stats    ]    Critical: Allocation Stall                              0.000 / 0.000         0.000 / 0.000         0.000 / 0.000         0.000 / 0.000       ms
[10.359s][info][gc,stats    ]    Critical: GC Locker Stall                                   0 / 0                 0 / 0                 0 / 0                 0 / 0           ops/s
[10.359s][info][gc,stats    ]    Critical: GC Locker Stall                               0.000 / 0.000         0.000 / 0.000         0.000 / 0.000         0.000 / 0.000       ms
[10.359s][info][gc,stats    ]    Critical: Relocation Stall                                  0 / 0                 0 / 0                 0 / 0                 0 / 0           ops/s
[10.359s][info][gc,stats    ]    Critical: Relocation Stall                              0.000 / 0.000         0.000 / 0.000         0.000 / 0.000         0.000 / 0.000       ms
[10.359s][info][gc,stats    ]      Memory: Allocation Rate                                 311 / 610             311 / 610             311 / 610             311 / 610         MB/s
[10.359s][info][gc,stats    ]      Memory: Out Of Memory                                     0 / 0                 0 / 0                 0 / 0                 0 / 0           ops/s
[10.359s][info][gc,stats    ]      Memory: Page Cache Flush                                  0 / 0                 0 / 0                 0 / 0                 0 / 0           MB/s
[10.359s][info][gc,stats    ]      Memory: Page Cache Hit L1                                 9 / 13                9 / 13                9 / 13                9 / 13          ops/s
[10.360s][info][gc,stats    ]      Memory: Page Cache Hit L2                                 0 / 0                 0 / 0                 0 / 0                 0 / 0           ops/s
[10.360s][info][gc,stats    ]      Memory: Page Cache Hit L3                               150 / 303             150 / 303             150 / 303             150 / 303         ops/s
[10.360s][info][gc,stats    ]      Memory: Page Cache Miss                                   0 / 1                 0 / 1                 0 / 1                 0 / 1           ops/s
[10.360s][info][gc,stats    ]      Memory: Uncommit                                          0 / 0                 0 / 0                 0 / 0                 0 / 0           MB/s
[10.360s][info][gc,stats    ]      Memory: Undo Object Allocation Failed                     0 / 0                 0 / 0                 0 / 0                 0 / 0           ops/s
[10.360s][info][gc,stats    ]      Memory: Undo Object Allocation Succeeded                  0 / 0                 0 / 0                 0 / 0                 0 / 0           ops/s
[10.360s][info][gc,stats    ]      Memory: Undo Page Allocation                              0 / 0                 0 / 0                 0 / 0                 0 / 0           ops/s
[10.360s][info][gc,stats    ]       Phase: Concurrent Mark                              20.085 / 39.103       20.085 / 39.103       20.085 / 39.103       20.085 / 39.103      ms
[10.360s][info][gc,stats    ]       Phase: Concurrent Mark Continue                      0.000 / 0.000         0.000 / 0.000         0.000 / 0.000         0.000 / 0.000       ms
[10.360s][info][gc,stats    ]       Phase: Concurrent Mark Free                          0.001 / 0.001         0.001 / 0.001         0.001 / 0.001         0.001 / 0.001       ms
[10.360s][info][gc,stats    ]       Phase: Concurrent Process Non-Strong References      0.751 / 0.979         0.751 / 0.979         0.751 / 0.979         0.751 / 0.979       ms
[10.360s][info][gc,stats    ]       Phase: Concurrent Relocate                           1.154 / 2.614         1.154 / 2.614         1.154 / 2.614         1.154 / 2.614       ms
[10.360s][info][gc,stats    ]       Phase: Concurrent Reset Relocation Set               0.001 / 0.001         0.001 / 0.001         0.001 / 0.001         0.001 / 0.001       ms
[10.360s][info][gc,stats    ]       Phase: Concurrent Select Relocation Set              2.424 / 9.539         2.424 / 9.539         2.424 / 9.539         2.424 / 9.539       ms
[10.360s][info][gc,stats    ]       Phase: Pause Mark End                                0.010 / 0.015         0.010 / 0.015         0.010 / 0.015         0.010 / 0.015       ms
[10.360s][info][gc,stats    ]       Phase: Pause Mark Start                              0.006 / 0.007         0.006 / 0.007         0.006 / 0.007         0.006 / 0.007       ms
[10.360s][info][gc,stats    ]       Phase: Pause Relocate Start                          0.005 / 0.008         0.005 / 0.008         0.005 / 0.008         0.005 / 0.008       ms
[10.360s][info][gc,stats    ]    Subphase: Concurrent Classes Purge                      0.100 / 0.261         0.100 / 0.261         0.100 / 0.261         0.100 / 0.261       ms
[10.360s][info][gc,stats    ]    Subphase: Concurrent Classes Unlink                     0.245 / 0.295         0.245 / 0.295         0.245 / 0.295         0.245 / 0.295       ms
[10.360s][info][gc,stats    ]    Subphase: Concurrent Mark                              19.015 / 38.561       19.015 / 38.561       19.015 / 38.561       19.015 / 38.561      ms
[10.360s][info][gc,stats    ]    Subphase: Concurrent Mark Try Flush                     0.488 / 6.926         0.488 / 6.926         0.488 / 6.926         0.488 / 6.926       ms
[10.360s][info][gc,stats    ]    Subphase: Concurrent Mark Try Terminate                 1.282 / 2.888         1.282 / 2.888         1.282 / 2.888         1.282 / 2.888       ms
[10.360s][info][gc,stats    ]    Subphase: Concurrent References Enqueue                 0.001 / 0.004         0.001 / 0.004         0.001 / 0.004         0.001 / 0.004       ms
[10.360s][info][gc,stats    ]    Subphase: Concurrent References Process                 0.098 / 0.131         0.098 / 0.131         0.098 / 0.131         0.098 / 0.131       ms
[10.360s][info][gc,stats    ]    Subphase: Concurrent Roots ClassLoaderDataGraph         0.052 / 0.188         0.052 / 0.188         0.052 / 0.188         0.052 / 0.188       ms
[10.360s][info][gc,stats    ]    Subphase: Concurrent Roots CodeCache                    0.000 / 0.000         0.000 / 0.000         0.000 / 0.000         0.000 / 0.000       ms
[10.360s][info][gc,stats    ]    Subphase: Concurrent Roots JavaThreads                  0.219 / 1.321         0.219 / 1.321         0.219 / 1.321         0.219 / 1.321       ms
[10.360s][info][gc,stats    ]    Subphase: Concurrent Roots OopStorageSet                0.015 / 0.060         0.015 / 0.060         0.015 / 0.060         0.015 / 0.060       ms
[10.360s][info][gc,stats    ]    Subphase: Concurrent Weak Roots OopStorageSet           0.117 / 0.212         0.117 / 0.212         0.117 / 0.212         0.117 / 0.212       ms
[10.360s][info][gc,stats    ]    Subphase: Pause Mark Try Complete                       0.000 / 0.000         0.000 / 0.000         0.000 / 0.000         0.000 / 0.000       ms
[10.360s][info][gc,stats    ]      System: Java Threads                                     13 / 14               13 / 14               13 / 14               13 / 14          threads
[10.360s][info][gc,stats    ] =========================================================================================================================================================
[10.376s][info][gc,phases   ] GC(32) Concurrent Mark 17.015ms
[10.376s][info][gc,phases   ] GC(32) Pause Mark End 0.009ms
[10.376s][info][gc,phases   ] GC(32) Concurrent Mark Free 0.001ms
[10.377s][info][gc,phases   ] GC(32) Concurrent Process Non-Strong References 0.747ms
[10.377s][info][gc,phases   ] GC(32) Concurrent Reset Relocation Set 0.001ms
[10.379s][info][gc,phases   ] GC(32) Concurrent Select Relocation Set 2.099ms
[10.379s][info][gc,phases   ] GC(32) Pause Relocate Start 0.004ms
[10.380s][info][gc,phases   ] GC(32) Concurrent Relocate 0.515ms
[10.380s][info][gc,load     ] GC(32) Load: 0.00/0.00/0.00
[10.380s][info][gc,mmu      ] GC(32) MMU: 2ms/99.2%, 5ms/99.6%, 10ms/99.8%, 20ms/99.9%, 50ms/99.9%, 100ms/100.0%
[10.380s][info][gc,marking  ] GC(32) Mark: 2 stripe(s), 2 proactive flush(es), 1 terminate flush(es), 0 completion(s), 0 continuation(s) 
[10.380s][info][gc,marking  ] GC(32) Mark Stack Usage: 32M
[10.380s][info][gc,nmethod  ] GC(32) NMethods: 479 registered, 0 unregistered
[10.380s][info][gc,metaspace] GC(32) Metaspace: 1M used, 1M committed, 1088M reserved
[10.380s][info][gc,ref      ] GC(32) Soft: 181 encountered, 0 discovered, 0 enqueued
[10.380s][info][gc,ref      ] GC(32) Weak: 263 encountered, 215 discovered, 0 enqueued
[10.380s][info][gc,ref      ] GC(32) Final: 0 encountered, 0 discovered, 0 enqueued
[10.380s][info][gc,ref      ] GC(32) Phantom: 7 encountered, 4 discovered, 0 enqueued
[10.380s][info][gc,reloc    ] GC(32) Small Pages: 1499 / 2998M, Empty: 0M, Relocated: 1M, In-Place: 0
[10.380s][info][gc,reloc    ] GC(32) Medium Pages: 1 / 32M, Empty: 0M, Relocated: 0M, In-Place: 0
[10.380s][info][gc,reloc    ] GC(32) Large Pages: 0 / 0M, Empty: 0M, Relocated: 0M, In-Place: 0
[10.380s][info][gc,reloc    ] GC(32) Forwarding Usage: 0M
[10.380s][info][gc,heap     ] GC(32) Min Capacity: 4096M(100%)
[10.381s][info][gc,heap     ] GC(32) Max Capacity: 4096M(100%)
[10.381s][info][gc,heap     ] GC(32) Soft Max Capacity: 4096M(100%)
[10.381s][info][gc,heap     ] GC(32)                Mark Start          Mark End        Relocate Start      Relocate End           High               Low         
[10.381s][info][gc,heap     ] GC(32)  Capacity:     4096M (100%)       4096M (100%)       4096M (100%)       4096M (100%)       4096M (100%)       4096M (100%)   
[10.381s][info][gc,heap     ] GC(32)      Free:     1066M (26%)        1066M (26%)        1066M (26%)        1066M (26%)        1066M (26%)        1062M (26%)    
[10.381s][info][gc,heap     ] GC(32)      Used:     3030M (74%)        3030M (74%)        3030M (74%)        3030M (74%)        3034M (74%)        3030M (74%)    
[10.381s][info][gc,heap     ] GC(32)      Live:         -              2735M (67%)        2735M (67%)        2735M (67%)            -                  -          
[10.381s][info][gc,heap     ] GC(32) Allocated:         -                 0M (0%)            0M (0%)            0M (0%)             -                  -          
[10.381s][info][gc,heap     ] GC(32)   Garbage:         -               294M (7%)          294M (7%)          294M (7%)             -                  -          
[10.381s][info][gc,heap     ] GC(32) Reclaimed:         -                  -                 0M (0%)            0M (0%)             -                  -          
[10.381s][info][gc          ] GC(32) Garbage Collection (Timer) 3030M(74%)->3030M(74%)
[10.659s][info][gc,start    ] GC(33) Garbage Collection (Timer)
[10.659s][info][gc,task     ] GC(33) Using 3 workers
[10.659s][info][gc,phases   ] GC(33) Pause Mark Start 0.006ms
[10.679s][info][gc          ] GC(33) Garbage Collection (Timer) Aborted
[10.679s][info][gc,heap,exit] Heap
[10.679s][info][gc,heap,exit]  ZHeap           used 3034M, capacity 4096M, max capacity 4096M
[10.679s][info][gc,heap,exit]  Metaspace       used 1598K, committed 1792K, reserved 1114112K
[10.679s][info][gc,heap,exit]   class space    used 147K, committed 256K, reserved 1048576K
