[0.028s][info][gc,init] Initializing The Z Garbage Collector
[0.028s][info][gc,init] Version: 17.0.11+1-LTS (release)
[0.028s][info][gc,init] NUMA Support: Disabled
[0.028s][info][gc,init] CPUs: 12 total, 12 available
[0.029s][info][gc,init] Memory: 24496M
[0.029s][info][gc,init] Large Page Support: Disabled
[0.029s][info][gc,init] GC Workers: 3 (dynamic)
[0.029s][info][gc,init] Address Space Type: Contiguous/Unrestricted/Complete
[0.030s][info][gc,init] Address Space Size: 131072M x 3 = 393216M
[0.030s][info][gc,init] Min Capacity: 8192M
[0.030s][info][gc,init] Initial Capacity: 8192M
[0.032s][info][gc,init] Max Capacity: 8192M
[0.032s][info][gc,init] Medium Page Size: 32M
[0.032s][info][gc,init] Pre-touch: Disabled
[0.032s][info][gc,init] Uncommit: Implicitly Disabled (-Xms equals -Xmx)
[0.495s][info][gc,init] Runtime Workers: 8
[0.496s][info][gc     ] Using The Z Garbage Collector
[0.506s][info][gc,metaspace] CDS archive(s) mapped at: [0x0000021dd9000000-0x0000021dd9bc0000-0x0000021dd9bc0000), size 12320768, SharedBaseAddress: 0x0000021dd9000000, ArchiveRelocationMode: 1.
[0.506s][info][gc,metaspace] Compressed class space mapped at: 0x0000021dda000000-0x0000021e1a000000, reserved size: 1073741824
[0.506s][info][gc,metaspace] Narrow klass base: 0x0000021dd9000000, Narrow klass shift: 0, Narrow klass range: 0x100000000
[0.643s][info][gc,start    ] GC(0) Garbage Collection (Timer)
[0.643s][info][gc,task     ] GC(0) Using 3 workers
[0.643s][info][gc,phases   ] GC(0) Pause Mark Start 0.006ms
[0.647s][info][gc,phases   ] GC(0) Concurrent Mark 3.648ms
[0.647s][info][gc,phases   ] GC(0) Pause Mark End 0.012ms
[0.647s][info][gc,phases   ] GC(0) Concurrent Mark Free 0.001ms
[0.648s][info][gc,phases   ] GC(0) Concurrent Process Non-Strong References 0.389ms
[0.648s][info][gc,phases   ] GC(0) Concurrent Reset Relocation Set 0.000ms
[0.657s][info][gc,phases   ] GC(0) Concurrent Select Relocation Set 9.279ms
[0.657s][info][gc,phases   ] GC(0) Pause Relocate Start 0.008ms
[0.658s][info][gc,phases   ] GC(0) Concurrent Relocate 1.366ms
[0.659s][info][gc,load     ] GC(0) Load: 0.00/0.00/0.00
[0.659s][info][gc,mmu      ] GC(0) MMU: 2ms/99.4%, 5ms/99.6%, 10ms/99.8%, 20ms/99.9%, 50ms/99.9%, 100ms/100.0%
[0.659s][info][gc,marking  ] GC(0) Mark: 2 stripe(s), 1 proactive flush(es), 1 terminate flush(es), 0 completion(s), 0 continuation(s) 
[0.659s][info][gc,marking  ] GC(0) Mark Stack Usage: 32M
[0.659s][info][gc,nmethod  ] GC(0) NMethods: 158 registered, 0 unregistered
[0.659s][info][gc,metaspace] GC(0) Metaspace: 0M used, 0M committed, 1088M reserved
[0.659s][info][gc,ref      ] GC(0) Soft: 36 encountered, 0 discovered, 0 enqueued
[0.659s][info][gc,ref      ] GC(0) Weak: 103 encountered, 18 discovered, 18 enqueued
[0.659s][info][gc,ref      ] GC(0) Final: 0 encountered, 0 discovered, 0 enqueued
[0.659s][info][gc,ref      ] GC(0) Phantom: 16 encountered, 13 discovered, 13 enqueued
[0.659s][info][gc,reloc    ] GC(0) Small Pages: 3 / 6M, Empty: 0M, Relocated: 1M, In-Place: 0
[0.659s][info][gc,reloc    ] GC(0) Medium Pages: 0 / 0M, Empty: 0M, Relocated: 0M, In-Place: 0
[0.659s][info][gc,reloc    ] GC(0) Large Pages: 0 / 0M, Empty: 0M, Relocated: 0M, In-Place: 0
[0.659s][info][gc,reloc    ] GC(0) Forwarding Usage: 0M
[0.659s][info][gc,heap     ] GC(0) Min Capacity: 8192M(100%)
[0.659s][info][gc,heap     ] GC(0) Max Capacity: 8192M(100%)
[0.659s][info][gc,heap     ] GC(0) Soft Max Capacity: 8192M(100%)
[0.659s][info][gc,heap     ] GC(0)                Mark Start          Mark End        Relocate Start      Relocate End           High               Low         
[0.659s][info][gc,heap     ] GC(0)  Capacity:     8192M (100%)       8192M (100%)       8192M (100%)       8192M (100%)       8192M (100%)       8192M (100%)   
[0.659s][info][gc,heap     ] GC(0)      Free:     8186M (100%)       8186M (100%)       8186M (100%)       8190M (100%)       8190M (100%)       8184M (100%)   
[0.659s][info][gc,heap     ] GC(0)      Used:        6M (0%)            6M (0%)            6M (0%)            2M (0%)            8M (0%)            2M (0%)     
[0.659s][info][gc,heap     ] GC(0)      Live:         -                 1M (0%)            1M (0%)            1M (0%)             -                  -          
[0.659s][info][gc,heap     ] GC(0) Allocated:         -                 0M (0%)            0M (0%)            0M (0%)             -                  -          
[0.659s][info][gc,heap     ] GC(0)   Garbage:         -                 4M (0%)            4M (0%)            0M (0%)             -                  -          
[0.659s][info][gc,heap     ] GC(0) Reclaimed:         -                  -                 0M (0%)            4M (0%)             -                  -          
[0.659s][info][gc          ] GC(0) Garbage Collection (Timer) 6M(0%)->2M(0%)
[0.929s][info][gc,start    ] GC(1) Garbage Collection (Timer)
[0.929s][info][gc,task     ] GC(1) Using 3 workers
[0.929s][info][gc,phases   ] GC(1) Pause Mark Start 0.006ms
[0.943s][info][gc,phases   ] GC(1) Concurrent Mark 13.623ms
[0.943s][info][gc,phases   ] GC(1) Pause Mark End 0.009ms
[0.943s][info][gc,phases   ] GC(1) Concurrent Mark Free 0.001ms
[0.944s][info][gc,phases   ] GC(1) Concurrent Process Non-Strong References 0.551ms
[0.944s][info][gc,phases   ] GC(1) Concurrent Reset Relocation Set 0.001ms
[0.947s][info][gc,phases   ] GC(1) Concurrent Select Relocation Set 2.340ms
[0.947s][info][gc,phases   ] GC(1) Pause Relocate Start 0.006ms
[0.949s][info][gc,phases   ] GC(1) Concurrent Relocate 1.813ms
[0.949s][info][gc,load     ] GC(1) Load: 0.00/0.00/0.00
[0.949s][info][gc,mmu      ] GC(1) MMU: 2ms/99.4%, 5ms/99.6%, 10ms/99.8%, 20ms/99.9%, 50ms/99.9%, 100ms/100.0%
[0.949s][info][gc,marking  ] GC(1) Mark: 2 stripe(s), 2 proactive flush(es), 1 terminate flush(es), 0 completion(s), 0 continuation(s) 
[0.949s][info][gc,marking  ] GC(1) Mark Stack Usage: 32M
[0.949s][info][gc,nmethod  ] GC(1) NMethods: 287 registered, 0 unregistered
[0.949s][info][gc,metaspace] GC(1) Metaspace: 0M used, 0M committed, 1088M reserved
[0.949s][info][gc,ref      ] GC(1) Soft: 72 encountered, 0 discovered, 0 enqueued
[0.949s][info][gc,ref      ] GC(1) Weak: 177 encountered, 24 discovered, 23 enqueued
[0.949s][info][gc,ref      ] GC(1) Final: 0 encountered, 0 discovered, 0 enqueued
[0.949s][info][gc,ref      ] GC(1) Phantom: 13 encountered, 11 discovered, 6 enqueued
[0.949s][info][gc,reloc    ] GC(1) Small Pages: 117 / 234M, Empty: 0M, Relocated: 1M, In-Place: 0
[0.949s][info][gc,reloc    ] GC(1) Medium Pages: 0 / 0M, Empty: 0M, Relocated: 0M, In-Place: 0
[0.949s][info][gc,reloc    ] GC(1) Large Pages: 0 / 0M, Empty: 0M, Relocated: 0M, In-Place: 0
[0.949s][info][gc,reloc    ] GC(1) Forwarding Usage: 0M
[0.949s][info][gc,heap     ] GC(1) Min Capacity: 8192M(100%)
[0.949s][info][gc,heap     ] GC(1) Max Capacity: 8192M(100%)
[0.949s][info][gc,heap     ] GC(1) Soft Max Capacity: 8192M(100%)
[0.949s][info][gc,heap     ] GC(1)                Mark Start          Mark End        Relocate Start      Relocate End           High               Low         
[0.949s][info][gc,heap     ] GC(1)  Capacity:     8192M (100%)       8192M (100%)       8192M (100%)       8192M (100%)       8192M (100%)       8192M (100%)   
[0.949s][info][gc,heap     ] GC(1)      Free:     7958M (97%)        7952M (97%)        7950M (97%)        7950M (97%)        7958M (97%)        7944M (97%)    
[0.949s][info][gc,heap     ] GC(1)      Used:      234M (3%)          240M (3%)          242M (3%)          242M (3%)          248M (3%)          234M (3%)     
[0.949s][info][gc,heap     ] GC(1)      Live:         -               208M (3%)          208M (3%)          208M (3%)             -                  -          
[0.949s][info][gc,heap     ] GC(1) Allocated:         -                 6M (0%)            8M (0%)            9M (0%)             -                  -          
[0.949s][info][gc,heap     ] GC(1)   Garbage:         -                25M (0%)           25M (0%)           23M (0%)             -                  -          
[0.949s][info][gc,heap     ] GC(1) Reclaimed:         -                  -                 0M (0%)            1M (0%)             -                  -          
[0.949s][info][gc          ] GC(1) Garbage Collection (Timer) 234M(3%)->242M(3%)
[1.230s][info][gc,start    ] GC(2) Garbage Collection (Timer)
[1.230s][info][gc,task     ] GC(2) Using 3 workers
[1.230s][info][gc,phases   ] GC(2) Pause Mark Start 0.005ms
[1.250s][info][gc,phases   ] GC(2) Concurrent Mark 20.715ms
[1.251s][info][gc,phases   ] GC(2) Pause Mark End 0.009ms
[1.251s][info][gc,phases   ] GC(2) Concurrent Mark Free 0.001ms
[1.252s][info][gc,phases   ] GC(2) Concurrent Process Non-Strong References 0.805ms
[1.252s][info][gc,phases   ] GC(2) Concurrent Reset Relocation Set 0.001ms
[1.254s][info][gc,phases   ] GC(2) Concurrent Select Relocation Set 2.674ms
[1.254s][info][gc,phases   ] GC(2) Pause Relocate Start 0.006ms
[1.257s][info][gc,phases   ] GC(2) Concurrent Relocate 2.169ms
[1.257s][info][gc,load     ] GC(2) Load: 0.00/0.00/0.00
[1.257s][info][gc,mmu      ] GC(2) MMU: 2ms/99.4%, 5ms/99.6%, 10ms/99.8%, 20ms/99.9%, 50ms/99.9%, 100ms/100.0%
[1.257s][info][gc,marking  ] GC(2) Mark: 2 stripe(s), 2 proactive flush(es), 1 terminate flush(es), 0 completion(s), 0 continuation(s) 
[1.257s][info][gc,marking  ] GC(2) Mark Stack Usage: 32M
[1.257s][info][gc,nmethod  ] GC(2) NMethods: 373 registered, 0 unregistered
[1.257s][info][gc,metaspace] GC(2) Metaspace: 1M used, 1M committed, 1088M reserved
[1.257s][info][gc,ref      ] GC(2) Soft: 118 encountered, 0 discovered, 0 enqueued
[1.257s][info][gc,ref      ] GC(2) Weak: 175 encountered, 130 discovered, 5 enqueued
[1.257s][info][gc,ref      ] GC(2) Final: 0 encountered, 0 discovered, 0 enqueued
[1.257s][info][gc,ref      ] GC(2) Phantom: 12 encountered, 10 discovered, 5 enqueued
[1.257s][info][gc,reloc    ] GC(2) Small Pages: 246 / 492M, Empty: 0M, Relocated: 3M, In-Place: 0
[1.257s][info][gc,reloc    ] GC(2) Medium Pages: 0 / 0M, Empty: 0M, Relocated: 0M, In-Place: 0
[1.257s][info][gc,reloc    ] GC(2) Large Pages: 0 / 0M, Empty: 0M, Relocated: 0M, In-Place: 0
[1.257s][info][gc,reloc    ] GC(2) Forwarding Usage: 0M
[1.257s][info][gc,heap     ] GC(2) Min Capacity: 8192M(100%)
[1.257s][info][gc,heap     ] GC(2) Max Capacity: 8192M(100%)
[1.257s][info][gc,heap     ] GC(2) Soft Max Capacity: 8192M(100%)
[1.257s][info][gc,heap     ] GC(2)                Mark Start          Mark End        Relocate Start      Relocate End           High               Low         
[1.257s][info][gc,heap     ] GC(2)  Capacity:     8192M (100%)       8192M (100%)       8192M (100%)       8192M (100%)       8192M (100%)       8192M (100%)   
[1.257s][info][gc,heap     ] GC(2)      Free:     7700M (94%)        7696M (94%)        7694M (94%)        7698M (94%)        7700M (94%)        7690M (94%)    
[1.257s][info][gc,heap     ] GC(2)      Used:      492M (6%)          496M (6%)          498M (6%)          494M (6%)          502M (6%)          492M (6%)     
[1.257s][info][gc,heap     ] GC(2)      Live:         -               441M (5%)          441M (5%)          441M (5%)             -                  -          
[1.257s][info][gc,heap     ] GC(2) Allocated:         -                 4M (0%)            6M (0%)            8M (0%)             -                  -          
[1.257s][info][gc,heap     ] GC(2)   Garbage:         -                50M (1%)           50M (1%)           44M (1%)             -                  -          
[1.257s][info][gc,heap     ] GC(2) Reclaimed:         -                  -                 0M (0%)            6M (0%)             -                  -          
[1.257s][info][gc          ] GC(2) Garbage Collection (Timer) 492M(6%)->494M(6%)
[1.530s][info][gc,start    ] GC(3) Garbage Collection (Timer)
[1.530s][info][gc,task     ] GC(3) Using 3 workers
[1.530s][info][gc,phases   ] GC(3) Pause Mark Start 0.006ms
[1.551s][info][gc,phases   ] GC(3) Concurrent Mark 20.671ms
[1.551s][info][gc,phases   ] GC(3) Pause Mark End 0.008ms
[1.551s][info][gc,phases   ] GC(3) Concurrent Mark Free 0.001ms
[1.552s][info][gc,phases   ] GC(3) Concurrent Process Non-Strong References 0.843ms
[1.552s][info][gc,phases   ] GC(3) Concurrent Reset Relocation Set 0.001ms
[1.554s][info][gc,phases   ] GC(3) Concurrent Select Relocation Set 2.184ms
[1.554s][info][gc,phases   ] GC(3) Pause Relocate Start 0.005ms
[1.557s][info][gc,phases   ] GC(3) Concurrent Relocate 2.596ms
[1.557s][info][gc,load     ] GC(3) Load: 0.00/0.00/0.00
[1.557s][info][gc,mmu      ] GC(3) MMU: 2ms/99.4%, 5ms/99.6%, 10ms/99.8%, 20ms/99.9%, 50ms/99.9%, 100ms/100.0%
[1.557s][info][gc,marking  ] GC(3) Mark: 2 stripe(s), 2 proactive flush(es), 1 terminate flush(es), 0 completion(s), 0 continuation(s) 
[1.557s][info][gc,marking  ] GC(3) Mark Stack Usage: 32M
[1.557s][info][gc,nmethod  ] GC(3) NMethods: 456 registered, 0 unregistered
[1.557s][info][gc,metaspace] GC(3) Metaspace: 1M used, 1M committed, 1088M reserved
[1.557s][info][gc,ref      ] GC(3) Soft: 181 encountered, 0 discovered, 0 enqueued
[1.557s][info][gc,ref      ] GC(3) Weak: 296 encountered, 33 discovered, 33 enqueued
[1.557s][info][gc,ref      ] GC(3) Final: 0 encountered, 0 discovered, 0 enqueued
[1.557s][info][gc,ref      ] GC(3) Phantom: 24 encountered, 20 discovered, 17 enqueued
[1.557s][info][gc,reloc    ] GC(3) Small Pages: 345 / 690M, Empty: 0M, Relocated: 3M, In-Place: 0
[1.557s][info][gc,reloc    ] GC(3) Medium Pages: 0 / 0M, Empty: 0M, Relocated: 0M, In-Place: 0
[1.557s][info][gc,reloc    ] GC(3) Large Pages: 0 / 0M, Empty: 0M, Relocated: 0M, In-Place: 0
[1.557s][info][gc,reloc    ] GC(3) Forwarding Usage: 0M
[1.557s][info][gc,heap     ] GC(3) Min Capacity: 8192M(100%)
[1.557s][info][gc,heap     ] GC(3) Max Capacity: 8192M(100%)
[1.557s][info][gc,heap     ] GC(3) Soft Max Capacity: 8192M(100%)
[1.558s][info][gc,heap     ] GC(3)                Mark Start          Mark End        Relocate Start      Relocate End           High               Low         
[1.558s][info][gc,heap     ] GC(3)  Capacity:     8192M (100%)       8192M (100%)       8192M (100%)       8192M (100%)       8192M (100%)       8192M (100%)   
[1.558s][info][gc,heap     ] GC(3)      Free:     7502M (92%)        7500M (92%)        7498M (92%)        7500M (92%)        7502M (92%)        7494M (91%)    
[1.558s][info][gc,heap     ] GC(3)      Used:      690M (8%)          692M (8%)          694M (8%)          692M (8%)          698M (9%)          690M (8%)     
[1.558s][info][gc,heap     ] GC(3)      Live:         -               623M (8%)          623M (8%)          623M (8%)             -                  -          
[1.558s][info][gc,heap     ] GC(3) Allocated:         -                 2M (0%)            4M (0%)            5M (0%)             -                  -          
[1.558s][info][gc,heap     ] GC(3)   Garbage:         -                66M (1%)           66M (1%)           62M (1%)             -                  -          
[1.558s][info][gc,heap     ] GC(3) Reclaimed:         -                  -                 0M (0%)            3M (0%)             -                  -          
[1.558s][info][gc          ] GC(3) Garbage Collection (Timer) 690M(8%)->692M(8%)
[1.729s][info][gc,start    ] GC(4) Garbage Collection (Warmup)
[1.729s][info][gc,task     ] GC(4) Using 3 workers
[1.729s][info][gc,phases   ] GC(4) Pause Mark Start 0.007ms
[1.751s][info][gc,phases   ] GC(4) Concurrent Mark 21.472ms
[1.751s][info][gc,phases   ] GC(4) Pause Mark End 0.011ms
[1.751s][info][gc,phases   ] GC(4) Concurrent Mark Free 0.001ms
[1.752s][info][gc,phases   ] GC(4) Concurrent Process Non-Strong References 0.820ms
[1.752s][info][gc,phases   ] GC(4) Concurrent Reset Relocation Set 0.001ms
[1.756s][info][gc,phases   ] GC(4) Concurrent Select Relocation Set 3.697ms
[1.756s][info][gc,phases   ] GC(4) Pause Relocate Start 0.007ms
[1.758s][info][gc,phases   ] GC(4) Concurrent Relocate 2.044ms
[1.758s][info][gc,load     ] GC(4) Load: 0.00/0.00/0.00
[1.758s][info][gc,mmu      ] GC(4) MMU: 2ms/99.4%, 5ms/99.6%, 10ms/99.8%, 20ms/99.9%, 50ms/99.9%, 100ms/100.0%
[1.758s][info][gc,marking  ] GC(4) Mark: 2 stripe(s), 2 proactive flush(es), 1 terminate flush(es), 0 completion(s), 0 continuation(s) 
[1.758s][info][gc,marking  ] GC(4) Mark Stack Usage: 32M
[1.758s][info][gc,nmethod  ] GC(4) NMethods: 456 registered, 0 unregistered
[1.758s][info][gc,metaspace] GC(4) Metaspace: 1M used, 1M committed, 1088M reserved
[1.758s][info][gc,ref      ] GC(4) Soft: 181 encountered, 0 discovered, 0 enqueued
[1.758s][info][gc,ref      ] GC(4) Weak: 263 encountered, 0 discovered, 0 enqueued
[1.758s][info][gc,ref      ] GC(4) Final: 0 encountered, 0 discovered, 0 enqueued
[1.758s][info][gc,ref      ] GC(4) Phantom: 7 encountered, 2 discovered, 0 enqueued
[1.759s][info][gc,reloc    ] GC(4) Small Pages: 416 / 832M, Empty: 0M, Relocated: 2M, In-Place: 0
[1.759s][info][gc,reloc    ] GC(4) Medium Pages: 0 / 0M, Empty: 0M, Relocated: 0M, In-Place: 0
[1.759s][info][gc,reloc    ] GC(4) Large Pages: 0 / 0M, Empty: 0M, Relocated: 0M, In-Place: 0
[1.759s][info][gc,reloc    ] GC(4) Forwarding Usage: 0M
[1.759s][info][gc,heap     ] GC(4) Min Capacity: 8192M(100%)
[1.759s][info][gc,heap     ] GC(4) Max Capacity: 8192M(100%)
[1.759s][info][gc,heap     ] GC(4) Soft Max Capacity: 8192M(100%)
[1.759s][info][gc,heap     ] GC(4)                Mark Start          Mark End        Relocate Start      Relocate End           High               Low         
[1.759s][info][gc,heap     ] GC(4)  Capacity:     8192M (100%)       8192M (100%)       8192M (100%)       8192M (100%)       8192M (100%)       8192M (100%)   
[1.759s][info][gc,heap     ] GC(4)      Free:     7360M (90%)        7358M (90%)        7354M (90%)        7354M (90%)        7360M (90%)        7348M (90%)    
[1.759s][info][gc,heap     ] GC(4)      Used:      832M (10%)         834M (10%)         838M (10%)         838M (10%)         844M (10%)         832M (10%)    
[1.759s][info][gc,heap     ] GC(4)      Live:         -               756M (9%)          756M (9%)          756M (9%)             -                  -          
[1.759s][info][gc,heap     ] GC(4) Allocated:         -                 2M (0%)            6M (0%)            6M (0%)             -                  -          
[1.759s][info][gc,heap     ] GC(4)   Garbage:         -                75M (1%)           75M (1%)           75M (1%)             -                  -          
[1.759s][info][gc,heap     ] GC(4) Reclaimed:         -                  -                 0M (0%)            0M (0%)             -                  -          
[1.759s][info][gc          ] GC(4) Garbage Collection (Warmup) 832M(10%)->838M(10%)
[2.028s][info][gc,start    ] GC(5) Garbage Collection (Timer)
[2.029s][info][gc,task     ] GC(5) Using 3 workers
[2.029s][info][gc,phases   ] GC(5) Pause Mark Start 0.005ms
[2.047s][info][gc,phases   ] GC(5) Concurrent Mark 18.464ms
[2.048s][info][gc,phases   ] GC(5) Pause Mark End 0.010ms
[2.048s][info][gc,phases   ] GC(5) Concurrent Mark Free 0.001ms
[2.049s][info][gc,phases   ] GC(5) Concurrent Process Non-Strong References 0.858ms
[2.049s][info][gc,phases   ] GC(5) Concurrent Reset Relocation Set 0.001ms
[2.051s][info][gc,phases   ] GC(5) Concurrent Select Relocation Set 2.491ms
[2.051s][info][gc,phases   ] GC(5) Pause Relocate Start 0.007ms
[2.053s][info][gc,phases   ] GC(5) Concurrent Relocate 2.085ms
[2.054s][info][gc,load     ] GC(5) Load: 0.00/0.00/0.00
[2.054s][info][gc,mmu      ] GC(5) MMU: 2ms/99.4%, 5ms/99.6%, 10ms/99.8%, 20ms/99.9%, 50ms/99.9%, 100ms/100.0%
[2.054s][info][gc,marking  ] GC(5) Mark: 2 stripe(s), 2 proactive flush(es), 1 terminate flush(es), 0 completion(s), 0 continuation(s) 
[2.054s][info][gc,marking  ] GC(5) Mark Stack Usage: 32M
[2.054s][info][gc,nmethod  ] GC(5) NMethods: 457 registered, 0 unregistered
[2.054s][info][gc,metaspace] GC(5) Metaspace: 1M used, 1M committed, 1088M reserved
[2.054s][info][gc,ref      ] GC(5) Soft: 181 encountered, 0 discovered, 0 enqueued
[2.054s][info][gc,ref      ] GC(5) Weak: 263 encountered, 0 discovered, 0 enqueued
[2.054s][info][gc,ref      ] GC(5) Final: 0 encountered, 0 discovered, 0 enqueued
[2.054s][info][gc,ref      ] GC(5) Phantom: 7 encountered, 2 discovered, 0 enqueued
[2.054s][info][gc,reloc    ] GC(5) Small Pages: 519 / 1038M, Empty: 0M, Relocated: 3M, In-Place: 0
[2.054s][info][gc,reloc    ] GC(5) Medium Pages: 1 / 32M, Empty: 0M, Relocated: 0M, In-Place: 0
[2.054s][info][gc,reloc    ] GC(5) Large Pages: 0 / 0M, Empty: 0M, Relocated: 0M, In-Place: 0
[2.054s][info][gc,reloc    ] GC(5) Forwarding Usage: 0M
[2.054s][info][gc,heap     ] GC(5) Min Capacity: 8192M(100%)
[2.054s][info][gc,heap     ] GC(5) Max Capacity: 8192M(100%)
[2.054s][info][gc,heap     ] GC(5) Soft Max Capacity: 8192M(100%)
[2.054s][info][gc,heap     ] GC(5)                Mark Start          Mark End        Relocate Start      Relocate End           High               Low         
[2.054s][info][gc,heap     ] GC(5)  Capacity:     8192M (100%)       8192M (100%)       8192M (100%)       8192M (100%)       8192M (100%)       8192M (100%)   
[2.054s][info][gc,heap     ] GC(5)      Free:     7122M (87%)        7118M (87%)        7116M (87%)        7116M (87%)        7122M (87%)        7110M (87%)    
[2.054s][info][gc,heap     ] GC(5)      Used:     1070M (13%)        1074M (13%)        1076M (13%)        1076M (13%)        1082M (13%)        1070M (13%)    
[2.054s][info][gc,heap     ] GC(5)      Live:         -               943M (12%)         943M (12%)         943M (12%)            -                  -          
[2.054s][info][gc,heap     ] GC(5) Allocated:         -                 4M (0%)            6M (0%)            8M (0%)             -                  -          
[2.054s][info][gc,heap     ] GC(5)   Garbage:         -               126M (2%)          126M (2%)          124M (2%)             -                  -          
[2.054s][info][gc,heap     ] GC(5) Reclaimed:         -                  -                 0M (0%)            2M (0%)             -                  -          
[2.054s][info][gc          ] GC(5) Garbage Collection (Timer) 1070M(13%)->1076M(13%)
[2.330s][info][gc,start    ] GC(6) Garbage Collection (Timer)
[2.330s][info][gc,task     ] GC(6) Using 3 workers
[2.330s][info][gc,phases   ] GC(6) Pause Mark Start 0.006ms
[2.355s][info][gc,phases   ] GC(6) Concurrent Mark 24.571ms
[2.355s][info][gc,phases   ] GC(6) Pause Mark End 0.009ms
[2.355s][info][gc,phases   ] GC(6) Concurrent Mark Free 0.001ms
[2.356s][info][gc,phases   ] GC(6) Concurrent Process Non-Strong References 0.743ms
[2.356s][info][gc,phases   ] GC(6) Concurrent Reset Relocation Set 0.001ms
[2.358s][info][gc,phases   ] GC(6) Concurrent Select Relocation Set 2.173ms
[2.358s][info][gc,phases   ] GC(6) Pause Relocate Start 0.006ms
[2.358s][info][gc,phases   ] GC(6) Concurrent Relocate 0.109ms
[2.358s][info][gc,load     ] GC(6) Load: 0.00/0.00/0.00
[2.358s][info][gc,mmu      ] GC(6) MMU: 2ms/99.4%, 5ms/99.6%, 10ms/99.8%, 20ms/99.9%, 50ms/99.9%, 100ms/100.0%
[2.358s][info][gc,marking  ] GC(6) Mark: 2 stripe(s), 4 proactive flush(es), 1 terminate flush(es), 0 completion(s), 0 continuation(s) 
[2.358s][info][gc,marking  ] GC(6) Mark Stack Usage: 32M
[2.358s][info][gc,nmethod  ] GC(6) NMethods: 463 registered, 0 unregistered
[2.358s][info][gc,metaspace] GC(6) Metaspace: 1M used, 1M committed, 1088M reserved
[2.358s][info][gc,ref      ] GC(6) Soft: 181 encountered, 0 discovered, 0 enqueued
[2.358s][info][gc,ref      ] GC(6) Weak: 263 encountered, 214 discovered, 0 enqueued
[2.358s][info][gc,ref      ] GC(6) Final: 0 encountered, 0 discovered, 0 enqueued
[2.358s][info][gc,ref      ] GC(6) Phantom: 7 encountered, 3 discovered, 0 enqueued
[2.359s][info][gc,reloc    ] GC(6) Small Pages: 618 / 1236M, Empty: 0M, Relocated: 0M, In-Place: 0
[2.359s][info][gc,reloc    ] GC(6) Medium Pages: 1 / 32M, Empty: 0M, Relocated: 0M, In-Place: 0
[2.359s][info][gc,reloc    ] GC(6) Large Pages: 0 / 0M, Empty: 0M, Relocated: 0M, In-Place: 0
[2.359s][info][gc,reloc    ] GC(6) Forwarding Usage: 0M
[2.359s][info][gc,heap     ] GC(6) Min Capacity: 8192M(100%)
[2.359s][info][gc,heap     ] GC(6) Max Capacity: 8192M(100%)
[2.359s][info][gc,heap     ] GC(6) Soft Max Capacity: 8192M(100%)
[2.359s][info][gc,heap     ] GC(6)                Mark Start          Mark End        Relocate Start      Relocate End           High               Low         
[2.359s][info][gc,heap     ] GC(6)  Capacity:     8192M (100%)       8192M (100%)       8192M (100%)       8192M (100%)       8192M (100%)       8192M (100%)   
[2.359s][info][gc,heap     ] GC(6)      Free:     6924M (85%)        6922M (84%)        6918M (84%)        6918M (84%)        6924M (85%)        6918M (84%)    
[2.359s][info][gc,heap     ] GC(6)      Used:     1268M (15%)        1270M (16%)        1274M (16%)        1274M (16%)        1274M (16%)        1268M (15%)    
[2.359s][info][gc,heap     ] GC(6)      Live:         -              1125M (14%)        1125M (14%)        1125M (14%)            -                  -          
[2.359s][info][gc,heap     ] GC(6) Allocated:         -                 2M (0%)            6M (0%)            6M (0%)             -                  -          
[2.359s][info][gc,heap     ] GC(6)   Garbage:         -               142M (2%)          142M (2%)          142M (2%)             -                  -          
[2.359s][info][gc,heap     ] GC(6) Reclaimed:         -                  -                 0M (0%)            0M (0%)             -                  -          
[2.359s][info][gc          ] GC(6) Garbage Collection (Timer) 1268M(15%)->1274M(16%)
[2.629s][info][gc,start    ] GC(7) Garbage Collection (Timer)
[2.629s][info][gc,task     ] GC(7) Using 3 workers
[2.629s][info][gc,phases   ] GC(7) Pause Mark Start 0.005ms
[2.647s][info][gc,phases   ] GC(7) Concurrent Mark 18.646ms
[2.648s][info][gc,phases   ] GC(7) Pause Mark End 0.009ms
[2.648s][info][gc,phases   ] GC(7) Concurrent Mark Free 0.001ms
[2.649s][info][gc,phases   ] GC(7) Concurrent Process Non-Strong References 0.761ms
[2.649s][info][gc,phases   ] GC(7) Concurrent Reset Relocation Set 0.001ms
[2.651s][info][gc,phases   ] GC(7) Concurrent Select Relocation Set 2.142ms
[2.651s][info][gc,phases   ] GC(7) Pause Relocate Start 0.006ms
[2.652s][info][gc,phases   ] GC(7) Concurrent Relocate 0.687ms
[2.652s][info][gc,load     ] GC(7) Load: 0.00/0.00/0.00
[2.652s][info][gc,mmu      ] GC(7) MMU: 2ms/99.4%, 5ms/99.6%, 10ms/99.8%, 20ms/99.9%, 50ms/99.9%, 100ms/100.0%
[2.652s][info][gc,marking  ] GC(7) Mark: 2 stripe(s), 2 proactive flush(es), 1 terminate flush(es), 0 completion(s), 0 continuation(s) 
[2.652s][info][gc,marking  ] GC(7) Mark Stack Usage: 32M
[2.652s][info][gc,nmethod  ] GC(7) NMethods: 463 registered, 0 unregistered
[2.652s][info][gc,metaspace] GC(7) Metaspace: 1M used, 1M committed, 1088M reserved
[2.652s][info][gc,ref      ] GC(7) Soft: 181 encountered, 0 discovered, 0 enqueued
[2.652s][info][gc,ref      ] GC(7) Weak: 263 encountered, 0 discovered, 0 enqueued
[2.652s][info][gc,ref      ] GC(7) Final: 0 encountered, 0 discovered, 0 enqueued
[2.652s][info][gc,ref      ] GC(7) Phantom: 7 encountered, 3 discovered, 0 enqueued
[2.652s][info][gc,reloc    ] GC(7) Small Pages: 713 / 1426M, Empty: 0M, Relocated: 0M, In-Place: 0
[2.652s][info][gc,reloc    ] GC(7) Medium Pages: 2 / 64M, Empty: 32M, Relocated: 0M, In-Place: 0
[2.652s][info][gc,reloc    ] GC(7) Large Pages: 0 / 0M, Empty: 0M, Relocated: 0M, In-Place: 0
[2.652s][info][gc,reloc    ] GC(7) Forwarding Usage: 0M
[2.652s][info][gc,heap     ] GC(7) Min Capacity: 8192M(100%)
[2.652s][info][gc,heap     ] GC(7) Max Capacity: 8192M(100%)
[2.652s][info][gc,heap     ] GC(7) Soft Max Capacity: 8192M(100%)
[2.652s][info][gc,heap     ] GC(7)                Mark Start          Mark End        Relocate Start      Relocate End           High               Low         
[2.652s][info][gc,heap     ] GC(7)  Capacity:     8192M (100%)       8192M (100%)       8192M (100%)       8192M (100%)       8192M (100%)       8192M (100%)   
[2.652s][info][gc,heap     ] GC(7)      Free:     6702M (82%)        6700M (82%)        6730M (82%)        6730M (82%)        6730M (82%)        6698M (82%)    
[2.652s][info][gc,heap     ] GC(7)      Used:     1490M (18%)        1492M (18%)        1462M (18%)        1462M (18%)        1494M (18%)        1462M (18%)    
[2.652s][info][gc,heap     ] GC(7)      Live:         -              1297M (16%)        1297M (16%)        1297M (16%)            -                  -          
[2.652s][info][gc,heap     ] GC(7) Allocated:         -                 2M (0%)            4M (0%)            4M (0%)             -                  -          
[2.652s][info][gc,heap     ] GC(7)   Garbage:         -               192M (2%)          160M (2%)          160M (2%)             -                  -          
[2.652s][info][gc,heap     ] GC(7) Reclaimed:         -                  -                32M (0%)           32M (0%)             -                  -          
[2.652s][info][gc          ] GC(7) Garbage Collection (Timer) 1490M(18%)->1462M(18%)
[2.930s][info][gc,start    ] GC(8) Garbage Collection (Timer)
[2.930s][info][gc,task     ] GC(8) Using 3 workers
[2.930s][info][gc,phases   ] GC(8) Pause Mark Start 0.011ms
[2.954s][info][gc,phases   ] GC(8) Concurrent Mark 23.523ms
[2.954s][info][gc,phases   ] GC(8) Pause Mark End 0.012ms
[2.954s][info][gc,phases   ] GC(8) Concurrent Mark Free 0.001ms
[2.955s][info][gc,phases   ] GC(8) Concurrent Process Non-Strong References 0.852ms
[2.955s][info][gc,phases   ] GC(8) Concurrent Reset Relocation Set 0.001ms
[2.957s][info][gc,phases   ] GC(8) Concurrent Select Relocation Set 2.243ms
[2.957s][info][gc,phases   ] GC(8) Pause Relocate Start 0.006ms
[2.958s][info][gc,phases   ] GC(8) Concurrent Relocate 0.774ms
[2.958s][info][gc,load     ] GC(8) Load: 0.00/0.00/0.00
[2.958s][info][gc,mmu      ] GC(8) MMU: 2ms/99.4%, 5ms/99.6%, 10ms/99.8%, 20ms/99.9%, 50ms/99.9%, 100ms/100.0%
[2.958s][info][gc,marking  ] GC(8) Mark: 2 stripe(s), 5 proactive flush(es), 1 terminate flush(es), 0 completion(s), 0 continuation(s) 
[2.958s][info][gc,marking  ] GC(8) Mark Stack Usage: 32M
[2.958s][info][gc,nmethod  ] GC(8) NMethods: 463 registered, 0 unregistered
[2.958s][info][gc,metaspace] GC(8) Metaspace: 1M used, 1M committed, 1088M reserved
[2.958s][info][gc,ref      ] GC(8) Soft: 181 encountered, 0 discovered, 0 enqueued
[2.958s][info][gc,ref      ] GC(8) Weak: 263 encountered, 214 discovered, 0 enqueued
[2.958s][info][gc,ref      ] GC(8) Final: 0 encountered, 0 discovered, 0 enqueued
[2.959s][info][gc,ref      ] GC(8) Phantom: 7 encountered, 3 discovered, 0 enqueued
[2.959s][info][gc,reloc    ] GC(8) Small Pages: 800 / 1600M, Empty: 0M, Relocated: 1M, In-Place: 0
[2.959s][info][gc,reloc    ] GC(8) Medium Pages: 1 / 32M, Empty: 0M, Relocated: 0M, In-Place: 0
[2.959s][info][gc,reloc    ] GC(8) Large Pages: 0 / 0M, Empty: 0M, Relocated: 0M, In-Place: 0
[2.959s][info][gc,reloc    ] GC(8) Forwarding Usage: 0M
[2.959s][info][gc,heap     ] GC(8) Min Capacity: 8192M(100%)
[2.959s][info][gc,heap     ] GC(8) Max Capacity: 8192M(100%)
[2.959s][info][gc,heap     ] GC(8) Soft Max Capacity: 8192M(100%)
[2.959s][info][gc,heap     ] GC(8)                Mark Start          Mark End        Relocate Start      Relocate End           High               Low         
[2.959s][info][gc,heap     ] GC(8)  Capacity:     8192M (100%)       8192M (100%)       8192M (100%)       8192M (100%)       8192M (100%)       8192M (100%)   
[2.959s][info][gc,heap     ] GC(8)      Free:     6560M (80%)        6558M (80%)        6556M (80%)        6556M (80%)        6560M (80%)        6550M (80%)    
[2.959s][info][gc,heap     ] GC(8)      Used:     1632M (20%)        1634M (20%)        1636M (20%)        1636M (20%)        1642M (20%)        1632M (20%)    
[2.959s][info][gc,heap     ] GC(8)      Live:         -              1455M (18%)        1455M (18%)        1455M (18%)            -                  -          
[2.959s][info][gc,heap     ] GC(8) Allocated:         -                 2M (0%)            4M (0%)            4M (0%)             -                  -          
[2.959s][info][gc,heap     ] GC(8)   Garbage:         -               176M (2%)          176M (2%)          176M (2%)             -                  -          
[2.959s][info][gc,heap     ] GC(8) Reclaimed:         -                  -                 0M (0%)            0M (0%)             -                  -          
[2.959s][info][gc          ] GC(8) Garbage Collection (Timer) 1632M(20%)->1636M(20%)
[3.029s][info][gc,start    ] GC(9) Garbage Collection (Warmup)
[3.030s][info][gc,task     ] GC(9) Using 3 workers
[3.030s][info][gc,phases   ] GC(9) Pause Mark Start 0.006ms
[3.046s][info][gc,phases   ] GC(9) Concurrent Mark 16.589ms
[3.047s][info][gc,phases   ] GC(9) Pause Mark End 0.009ms
[3.047s][info][gc,phases   ] GC(9) Concurrent Mark Free 0.001ms
[3.047s][info][gc,phases   ] GC(9) Concurrent Process Non-Strong References 0.713ms
[3.047s][info][gc,phases   ] GC(9) Concurrent Reset Relocation Set 0.001ms
[3.050s][info][gc,phases   ] GC(9) Concurrent Select Relocation Set 2.214ms
[3.050s][info][gc,phases   ] GC(9) Pause Relocate Start 0.006ms
[3.051s][info][gc,phases   ] GC(9) Concurrent Relocate 0.660ms
[3.051s][info][gc,load     ] GC(9) Load: 0.00/0.00/0.00
[3.051s][info][gc,mmu      ] GC(9) MMU: 2ms/99.4%, 5ms/99.6%, 10ms/99.8%, 20ms/99.9%, 50ms/99.9%, 100ms/100.0%
[3.051s][info][gc,marking  ] GC(9) Mark: 2 stripe(s), 2 proactive flush(es), 1 terminate flush(es), 0 completion(s), 0 continuation(s) 
[3.051s][info][gc,marking  ] GC(9) Mark Stack Usage: 32M
[3.051s][info][gc,nmethod  ] GC(9) NMethods: 463 registered, 0 unregistered
[3.051s][info][gc,metaspace] GC(9) Metaspace: 1M used, 1M committed, 1088M reserved
[3.051s][info][gc,ref      ] GC(9) Soft: 181 encountered, 0 discovered, 0 enqueued
[3.051s][info][gc,ref      ] GC(9) Weak: 263 encountered, 221 discovered, 0 enqueued
[3.051s][info][gc,ref      ] GC(9) Final: 0 encountered, 0 discovered, 0 enqueued
[3.051s][info][gc,ref      ] GC(9) Phantom: 7 encountered, 3 discovered, 0 enqueued
[3.051s][info][gc,reloc    ] GC(9) Small Pages: 828 / 1656M, Empty: 0M, Relocated: 1M, In-Place: 0
[3.051s][info][gc,reloc    ] GC(9) Medium Pages: 1 / 32M, Empty: 0M, Relocated: 0M, In-Place: 0
[3.051s][info][gc,reloc    ] GC(9) Large Pages: 0 / 0M, Empty: 0M, Relocated: 0M, In-Place: 0
[3.051s][info][gc,reloc    ] GC(9) Forwarding Usage: 0M
[3.051s][info][gc,heap     ] GC(9) Min Capacity: 8192M(100%)
[3.051s][info][gc,heap     ] GC(9) Max Capacity: 8192M(100%)
[3.051s][info][gc,heap     ] GC(9) Soft Max Capacity: 8192M(100%)
[3.051s][info][gc,heap     ] GC(9)                Mark Start          Mark End        Relocate Start      Relocate End           High               Low         
[3.051s][info][gc,heap     ] GC(9)  Capacity:     8192M (100%)       8192M (100%)       8192M (100%)       8192M (100%)       8192M (100%)       8192M (100%)   
[3.051s][info][gc,heap     ] GC(9)      Free:     6504M (79%)        6502M (79%)        6500M (79%)        6500M (79%)        6504M (79%)        6494M (79%)    
[3.051s][info][gc,heap     ] GC(9)      Used:     1688M (21%)        1690M (21%)        1692M (21%)        1692M (21%)        1698M (21%)        1688M (21%)    
[3.051s][info][gc,heap     ] GC(9)      Live:         -              1505M (18%)        1505M (18%)        1505M (18%)            -                  -          
[3.051s][info][gc,heap     ] GC(9) Allocated:         -                 2M (0%)            4M (0%)            4M (0%)             -                  -          
[3.051s][info][gc,heap     ] GC(9)   Garbage:         -               182M (2%)          182M (2%)          182M (2%)             -                  -          
[3.051s][info][gc,heap     ] GC(9) Reclaimed:         -                  -                 0M (0%)            0M (0%)             -                  -          
[3.051s][info][gc          ] GC(9) Garbage Collection (Warmup) 1688M(21%)->1692M(21%)
[3.330s][info][gc,start    ] GC(10) Garbage Collection (Timer)
[3.330s][info][gc,task     ] GC(10) Using 3 workers
[3.330s][info][gc,phases   ] GC(10) Pause Mark Start 0.006ms
[3.347s][info][gc,phases   ] GC(10) Concurrent Mark 16.639ms
[3.347s][info][gc,phases   ] GC(10) Pause Mark End 0.009ms
[3.347s][info][gc,phases   ] GC(10) Concurrent Mark Free 0.001ms
[3.348s][info][gc,phases   ] GC(10) Concurrent Process Non-Strong References 0.768ms
[3.348s][info][gc,phases   ] GC(10) Concurrent Reset Relocation Set 0.001ms
[3.350s][info][gc,phases   ] GC(10) Concurrent Select Relocation Set 2.266ms
[3.350s][info][gc,phases   ] GC(10) Pause Relocate Start 0.006ms
[3.352s][info][gc,phases   ] GC(10) Concurrent Relocate 1.410ms
[3.352s][info][gc,load     ] GC(10) Load: 0.00/0.00/0.00
[3.352s][info][gc,mmu      ] GC(10) MMU: 2ms/99.4%, 5ms/99.6%, 10ms/99.8%, 20ms/99.9%, 50ms/99.9%, 100ms/100.0%
[3.352s][info][gc,marking  ] GC(10) Mark: 2 stripe(s), 2 proactive flush(es), 1 terminate flush(es), 0 completion(s), 0 continuation(s) 
[3.352s][info][gc,marking  ] GC(10) Mark Stack Usage: 32M
[3.352s][info][gc,nmethod  ] GC(10) NMethods: 474 registered, 0 unregistered
[3.352s][info][gc,metaspace] GC(10) Metaspace: 1M used, 1M committed, 1088M reserved
[3.352s][info][gc,ref      ] GC(10) Soft: 181 encountered, 0 discovered, 0 enqueued
[3.352s][info][gc,ref      ] GC(10) Weak: 263 encountered, 223 discovered, 0 enqueued
[3.352s][info][gc,ref      ] GC(10) Final: 0 encountered, 0 discovered, 0 enqueued
[3.352s][info][gc,ref      ] GC(10) Phantom: 7 encountered, 3 discovered, 0 enqueued
[3.352s][info][gc,reloc    ] GC(10) Small Pages: 922 / 1844M, Empty: 0M, Relocated: 2M, In-Place: 0
[3.352s][info][gc,reloc    ] GC(10) Medium Pages: 1 / 32M, Empty: 0M, Relocated: 0M, In-Place: 0
[3.352s][info][gc,reloc    ] GC(10) Large Pages: 0 / 0M, Empty: 0M, Relocated: 0M, In-Place: 0
[3.352s][info][gc,reloc    ] GC(10) Forwarding Usage: 0M
[3.352s][info][gc,heap     ] GC(10) Min Capacity: 8192M(100%)
[3.352s][info][gc,heap     ] GC(10) Max Capacity: 8192M(100%)
[3.352s][info][gc,heap     ] GC(10) Soft Max Capacity: 8192M(100%)
[3.352s][info][gc,heap     ] GC(10)                Mark Start          Mark End        Relocate Start      Relocate End           High               Low         
[3.352s][info][gc,heap     ] GC(10)  Capacity:     8192M (100%)       8192M (100%)       8192M (100%)       8192M (100%)       8192M (100%)       8192M (100%)   
[3.352s][info][gc,heap     ] GC(10)      Free:     6316M (77%)        6314M (77%)        6312M (77%)        6316M (77%)        6316M (77%)        6306M (77%)    
[3.352s][info][gc,heap     ] GC(10)      Used:     1876M (23%)        1878M (23%)        1880M (23%)        1876M (23%)        1886M (23%)        1876M (23%)    
[3.352s][info][gc,heap     ] GC(10)      Live:         -              1676M (20%)        1676M (20%)        1676M (20%)            -                  -          
[3.352s][info][gc,heap     ] GC(10) Allocated:         -                 2M (0%)            4M (0%)            3M (0%)             -                  -          
[3.352s][info][gc,heap     ] GC(10)   Garbage:         -               199M (2%)          199M (2%)          195M (2%)             -                  -          
[3.352s][info][gc,heap     ] GC(10) Reclaimed:         -                  -                 0M (0%)            3M (0%)             -                  -          
[3.352s][info][gc          ] GC(10) Garbage Collection (Timer) 1876M(23%)->1876M(23%)
[3.629s][info][gc,start    ] GC(11) Garbage Collection (Timer)
[3.629s][info][gc,task     ] GC(11) Using 3 workers
[3.629s][info][gc,phases   ] GC(11) Pause Mark Start 0.006ms
[3.650s][info][gc,phases   ] GC(11) Concurrent Mark 20.663ms
[3.650s][info][gc,phases   ] GC(11) Pause Mark End 0.009ms
[3.650s][info][gc,phases   ] GC(11) Concurrent Mark Free 0.001ms
[3.651s][info][gc,phases   ] GC(11) Concurrent Process Non-Strong References 0.770ms
[3.651s][info][gc,phases   ] GC(11) Concurrent Reset Relocation Set 0.001ms
[3.653s][info][gc,phases   ] GC(11) Concurrent Select Relocation Set 2.152ms
[3.653s][info][gc,phases   ] GC(11) Pause Relocate Start 0.006ms
[3.654s][info][gc,phases   ] GC(11) Concurrent Relocate 0.813ms
[3.654s][info][gc,load     ] GC(11) Load: 0.00/0.00/0.00
[3.654s][info][gc,mmu      ] GC(11) MMU: 2ms/99.4%, 5ms/99.6%, 10ms/99.8%, 20ms/99.9%, 50ms/99.9%, 100ms/100.0%
[3.654s][info][gc,marking  ] GC(11) Mark: 2 stripe(s), 3 proactive flush(es), 1 terminate flush(es), 0 completion(s), 0 continuation(s) 
[3.654s][info][gc,marking  ] GC(11) Mark Stack Usage: 32M
[3.654s][info][gc,nmethod  ] GC(11) NMethods: 475 registered, 0 unregistered
[3.655s][info][gc,metaspace] GC(11) Metaspace: 1M used, 1M committed, 1088M reserved
[3.655s][info][gc,ref      ] GC(11) Soft: 181 encountered, 0 discovered, 0 enqueued
[3.655s][info][gc,ref      ] GC(11) Weak: 263 encountered, 214 discovered, 0 enqueued
[3.655s][info][gc,ref      ] GC(11) Final: 0 encountered, 0 discovered, 0 enqueued
[3.655s][info][gc,ref      ] GC(11) Phantom: 7 encountered, 3 discovered, 0 enqueued
[3.655s][info][gc,reloc    ] GC(11) Small Pages: 997 / 1994M, Empty: 0M, Relocated: 1M, In-Place: 0
[3.655s][info][gc,reloc    ] GC(11) Medium Pages: 1 / 32M, Empty: 0M, Relocated: 0M, In-Place: 0
[3.655s][info][gc,reloc    ] GC(11) Large Pages: 0 / 0M, Empty: 0M, Relocated: 0M, In-Place: 0
[3.655s][info][gc,reloc    ] GC(11) Forwarding Usage: 0M
[3.655s][info][gc,heap     ] GC(11) Min Capacity: 8192M(100%)
[3.655s][info][gc,heap     ] GC(11) Max Capacity: 8192M(100%)
[3.655s][info][gc,heap     ] GC(11) Soft Max Capacity: 8192M(100%)
[3.655s][info][gc,heap     ] GC(11)                Mark Start          Mark End        Relocate Start      Relocate End           High               Low         
[3.655s][info][gc,heap     ] GC(11)  Capacity:     8192M (100%)       8192M (100%)       8192M (100%)       8192M (100%)       8192M (100%)       8192M (100%)   
[3.655s][info][gc,heap     ] GC(11)      Free:     6166M (75%)        6164M (75%)        6164M (75%)        6164M (75%)        6166M (75%)        6160M (75%)    
[3.655s][info][gc,heap     ] GC(11)      Used:     2026M (25%)        2028M (25%)        2028M (25%)        2028M (25%)        2032M (25%)        2026M (25%)    
[3.655s][info][gc,heap     ] GC(11)      Live:         -              1816M (22%)        1816M (22%)        1816M (22%)            -                  -          
[3.655s][info][gc,heap     ] GC(11) Allocated:         -                 2M (0%)            2M (0%)            2M (0%)             -                  -          
[3.655s][info][gc,heap     ] GC(11)   Garbage:         -               209M (3%)          209M (3%)          209M (3%)             -                  -          
[3.655s][info][gc,heap     ] GC(11) Reclaimed:         -                  -                 0M (0%)            0M (0%)             -                  -          
[3.655s][info][gc          ] GC(11) Garbage Collection (Timer) 2026M(25%)->2028M(25%)
[3.929s][info][gc,start    ] GC(12) Garbage Collection (Timer)
[3.929s][info][gc,task     ] GC(12) Using 3 workers
[3.930s][info][gc,phases   ] GC(12) Pause Mark Start 0.007ms
[3.948s][info][gc,phases   ] GC(12) Concurrent Mark 18.565ms
[3.948s][info][gc,phases   ] GC(12) Pause Mark End 0.009ms
[3.948s][info][gc,phases   ] GC(12) Concurrent Mark Free 0.001ms
[3.949s][info][gc,phases   ] GC(12) Concurrent Process Non-Strong References 0.839ms
[3.949s][info][gc,phases   ] GC(12) Concurrent Reset Relocation Set 0.001ms
[3.952s][info][gc,phases   ] GC(12) Concurrent Select Relocation Set 2.663ms
[3.952s][info][gc,phases   ] GC(12) Pause Relocate Start 0.004ms
[3.953s][info][gc,phases   ] GC(12) Concurrent Relocate 0.780ms
[3.953s][info][gc,load     ] GC(12) Load: 0.00/0.00/0.00
[3.953s][info][gc,mmu      ] GC(12) MMU: 2ms/99.4%, 5ms/99.6%, 10ms/99.8%, 20ms/99.9%, 50ms/99.9%, 100ms/100.0%
[3.953s][info][gc,marking  ] GC(12) Mark: 2 stripe(s), 2 proactive flush(es), 1 terminate flush(es), 0 completion(s), 0 continuation(s) 
[3.953s][info][gc,marking  ] GC(12) Mark Stack Usage: 32M
[3.953s][info][gc,nmethod  ] GC(12) NMethods: 475 registered, 0 unregistered
[3.953s][info][gc,metaspace] GC(12) Metaspace: 1M used, 1M committed, 1088M reserved
[3.953s][info][gc,ref      ] GC(12) Soft: 181 encountered, 0 discovered, 0 enqueued
[3.953s][info][gc,ref      ] GC(12) Weak: 263 encountered, 223 discovered, 0 enqueued
[3.953s][info][gc,ref      ] GC(12) Final: 0 encountered, 0 discovered, 0 enqueued
[3.953s][info][gc,ref      ] GC(12) Phantom: 7 encountered, 3 discovered, 0 enqueued
[3.953s][info][gc,reloc    ] GC(12) Small Pages: 1074 / 2148M, Empty: 0M, Relocated: 1M, In-Place: 0
[3.953s][info][gc,reloc    ] GC(12) Medium Pages: 2 / 64M, Empty: 32M, Relocated: 0M, In-Place: 0
[3.954s][info][gc,reloc    ] GC(12) Large Pages: 0 / 0M, Empty: 0M, Relocated: 0M, In-Place: 0
[3.954s][info][gc,reloc    ] GC(12) Forwarding Usage: 0M
[3.954s][info][gc,heap     ] GC(12) Min Capacity: 8192M(100%)
[3.954s][info][gc,heap     ] GC(12) Max Capacity: 8192M(100%)
[3.954s][info][gc,heap     ] GC(12) Soft Max Capacity: 8192M(100%)
[3.954s][info][gc,heap     ] GC(12)                Mark Start          Mark End        Relocate Start      Relocate End           High               Low         
[3.954s][info][gc,heap     ] GC(12)  Capacity:     8192M (100%)       8192M (100%)       8192M (100%)       8192M (100%)       8192M (100%)       8192M (100%)   
[3.954s][info][gc,heap     ] GC(12)      Free:     5980M (73%)        5978M (73%)        6008M (73%)        6008M (73%)        6008M (73%)        5976M (73%)    
[3.954s][info][gc,heap     ] GC(12)      Used:     2212M (27%)        2214M (27%)        2184M (27%)        2184M (27%)        2216M (27%)        2184M (27%)    
[3.954s][info][gc,heap     ] GC(12)      Live:         -              1957M (24%)        1957M (24%)        1957M (24%)            -                  -          
[3.954s][info][gc,heap     ] GC(12) Allocated:         -                 2M (0%)            4M (0%)            4M (0%)             -                  -          
[3.954s][info][gc,heap     ] GC(12)   Garbage:         -               254M (3%)          222M (3%)          222M (3%)             -                  -          
[3.954s][info][gc,heap     ] GC(12) Reclaimed:         -                  -                32M (0%)           32M (0%)             -                  -          
[3.954s][info][gc          ] GC(12) Garbage Collection (Timer) 2212M(27%)->2184M(27%)
[4.229s][info][gc,start    ] GC(13) Garbage Collection (Timer)
[4.229s][info][gc,task     ] GC(13) Using 3 workers
[4.230s][info][gc,phases   ] GC(13) Pause Mark Start 0.006ms
[4.249s][info][gc,phases   ] GC(13) Concurrent Mark 19.696ms
[4.250s][info][gc,phases   ] GC(13) Pause Mark End 0.010ms
[4.250s][info][gc,phases   ] GC(13) Concurrent Mark Free 0.001ms
[4.250s][info][gc,phases   ] GC(13) Concurrent Process Non-Strong References 0.752ms
[4.250s][info][gc,phases   ] GC(13) Concurrent Reset Relocation Set 0.001ms
[4.253s][info][gc,phases   ] GC(13) Concurrent Select Relocation Set 2.165ms
[4.253s][info][gc,phases   ] GC(13) Pause Relocate Start 0.006ms
[4.255s][info][gc,phases   ] GC(13) Concurrent Relocate 1.615ms
[4.255s][info][gc,load     ] GC(13) Load: 0.00/0.00/0.00
[4.255s][info][gc,mmu      ] GC(13) MMU: 2ms/99.4%, 5ms/99.6%, 10ms/99.8%, 20ms/99.9%, 50ms/99.9%, 100ms/100.0%
[4.255s][info][gc,marking  ] GC(13) Mark: 2 stripe(s), 2 proactive flush(es), 1 terminate flush(es), 0 completion(s), 0 continuation(s) 
[4.255s][info][gc,marking  ] GC(13) Mark Stack Usage: 32M
[4.255s][info][gc,nmethod  ] GC(13) NMethods: 475 registered, 0 unregistered
[4.255s][info][gc,metaspace] GC(13) Metaspace: 1M used, 1M committed, 1088M reserved
[4.255s][info][gc,ref      ] GC(13) Soft: 181 encountered, 0 discovered, 0 enqueued
[4.255s][info][gc,ref      ] GC(13) Weak: 263 encountered, 223 discovered, 0 enqueued
[4.255s][info][gc,ref      ] GC(13) Final: 0 encountered, 0 discovered, 0 enqueued
[4.255s][info][gc,ref      ] GC(13) Phantom: 7 encountered, 3 discovered, 0 enqueued
[4.255s][info][gc,reloc    ] GC(13) Small Pages: 1140 / 2280M, Empty: 0M, Relocated: 3M, In-Place: 0
[4.255s][info][gc,reloc    ] GC(13) Medium Pages: 1 / 32M, Empty: 0M, Relocated: 0M, In-Place: 0
[4.255s][info][gc,reloc    ] GC(13) Large Pages: 0 / 0M, Empty: 0M, Relocated: 0M, In-Place: 0
[4.255s][info][gc,reloc    ] GC(13) Forwarding Usage: 0M
[4.255s][info][gc,heap     ] GC(13) Min Capacity: 8192M(100%)
[4.255s][info][gc,heap     ] GC(13) Max Capacity: 8192M(100%)
[4.255s][info][gc,heap     ] GC(13) Soft Max Capacity: 8192M(100%)
[4.255s][info][gc,heap     ] GC(13)                Mark Start          Mark End        Relocate Start      Relocate End           High               Low         
[4.255s][info][gc,heap     ] GC(13)  Capacity:     8192M (100%)       8192M (100%)       8192M (100%)       8192M (100%)       8192M (100%)       8192M (100%)   
[4.255s][info][gc,heap     ] GC(13)      Free:     5880M (72%)        5878M (72%)        5876M (72%)        5878M (72%)        5880M (72%)        5870M (72%)    
[4.255s][info][gc,heap     ] GC(13)      Used:     2312M (28%)        2314M (28%)        2316M (28%)        2314M (28%)        2322M (28%)        2312M (28%)    
[4.255s][info][gc,heap     ] GC(13)      Live:         -              2077M (25%)        2077M (25%)        2077M (25%)            -                  -          
[4.255s][info][gc,heap     ] GC(13) Allocated:         -                 2M (0%)            4M (0%)            3M (0%)             -                  -          
[4.255s][info][gc,heap     ] GC(13)   Garbage:         -               234M (3%)          234M (3%)          232M (3%)             -                  -          
[4.255s][info][gc,heap     ] GC(13) Reclaimed:         -                  -                 0M (0%)            1M (0%)             -                  -          
[4.255s][info][gc          ] GC(13) Garbage Collection (Timer) 2312M(28%)->2314M(28%)
[4.529s][info][gc,start    ] GC(14) Garbage Collection (Timer)
[4.529s][info][gc,task     ] GC(14) Using 3 workers
[4.529s][info][gc,phases   ] GC(14) Pause Mark Start 0.006ms
[4.548s][info][gc,phases   ] GC(14) Concurrent Mark 18.450ms
[4.548s][info][gc,phases   ] GC(14) Pause Mark End 0.009ms
[4.548s][info][gc,phases   ] GC(14) Concurrent Mark Free 0.001ms
[4.549s][info][gc,phases   ] GC(14) Concurrent Process Non-Strong References 0.903ms
[4.549s][info][gc,phases   ] GC(14) Concurrent Reset Relocation Set 0.001ms
[4.552s][info][gc,phases   ] GC(14) Concurrent Select Relocation Set 2.223ms
[4.552s][info][gc,phases   ] GC(14) Pause Relocate Start 0.005ms
[4.553s][info][gc,phases   ] GC(14) Concurrent Relocate 0.866ms
[4.553s][info][gc,load     ] GC(14) Load: 0.00/0.00/0.00
[4.553s][info][gc,mmu      ] GC(14) MMU: 2ms/99.4%, 5ms/99.6%, 10ms/99.8%, 20ms/99.9%, 50ms/99.9%, 100ms/100.0%
[4.553s][info][gc,marking  ] GC(14) Mark: 2 stripe(s), 2 proactive flush(es), 1 terminate flush(es), 0 completion(s), 0 continuation(s) 
[4.553s][info][gc,marking  ] GC(14) Mark Stack Usage: 32M
[4.553s][info][gc,nmethod  ] GC(14) NMethods: 475 registered, 0 unregistered
[4.553s][info][gc,metaspace] GC(14) Metaspace: 1M used, 1M committed, 1088M reserved
[4.553s][info][gc,ref      ] GC(14) Soft: 181 encountered, 0 discovered, 0 enqueued
[4.553s][info][gc,ref      ] GC(14) Weak: 263 encountered, 214 discovered, 0 enqueued
[4.553s][info][gc,ref      ] GC(14) Final: 0 encountered, 0 discovered, 0 enqueued
[4.553s][info][gc,ref      ] GC(14) Phantom: 7 encountered, 3 discovered, 0 enqueued
[4.553s][info][gc,reloc    ] GC(14) Small Pages: 1196 / 2392M, Empty: 0M, Relocated: 1M, In-Place: 0
[4.553s][info][gc,reloc    ] GC(14) Medium Pages: 1 / 32M, Empty: 0M, Relocated: 0M, In-Place: 0
[4.553s][info][gc,reloc    ] GC(14) Large Pages: 0 / 0M, Empty: 0M, Relocated: 0M, In-Place: 0
[4.553s][info][gc,reloc    ] GC(14) Forwarding Usage: 0M
[4.553s][info][gc,heap     ] GC(14) Min Capacity: 8192M(100%)
[4.553s][info][gc,heap     ] GC(14) Max Capacity: 8192M(100%)
[4.553s][info][gc,heap     ] GC(14) Soft Max Capacity: 8192M(100%)
[4.553s][info][gc,heap     ] GC(14)                Mark Start          Mark End        Relocate Start      Relocate End           High               Low         
[4.553s][info][gc,heap     ] GC(14)  Capacity:     8192M (100%)       8192M (100%)       8192M (100%)       8192M (100%)       8192M (100%)       8192M (100%)   
[4.553s][info][gc,heap     ] GC(14)      Free:     5768M (70%)        5766M (70%)        5764M (70%)        5764M (70%)        5768M (70%)        5760M (70%)    
[4.553s][info][gc,heap     ] GC(14)      Used:     2424M (30%)        2426M (30%)        2428M (30%)        2428M (30%)        2432M (30%)        2424M (30%)    
[4.553s][info][gc,heap     ] GC(14)      Live:         -              2180M (27%)        2180M (27%)        2180M (27%)            -                  -          
[4.553s][info][gc,heap     ] GC(14) Allocated:         -                 2M (0%)            4M (0%)            4M (0%)             -                  -          
[4.553s][info][gc,heap     ] GC(14)   Garbage:         -               243M (3%)          243M (3%)          243M (3%)             -                  -          
[4.553s][info][gc,heap     ] GC(14) Reclaimed:         -                  -                 0M (0%)            0M (0%)             -                  -          
[4.553s][info][gc          ] GC(14) Garbage Collection (Timer) 2424M(30%)->2428M(30%)
[4.628s][info][gc,start    ] GC(15) Garbage Collection (Warmup)
[4.628s][info][gc,task     ] GC(15) Using 3 workers
[4.629s][info][gc,phases   ] GC(15) Pause Mark Start 0.006ms
[4.645s][info][gc,phases   ] GC(15) Concurrent Mark 16.624ms
[4.646s][info][gc,phases   ] GC(15) Pause Mark End 0.009ms
[4.646s][info][gc,phases   ] GC(15) Concurrent Mark Free 0.001ms
[4.646s][info][gc,phases   ] GC(15) Concurrent Process Non-Strong References 0.697ms
[4.646s][info][gc,phases   ] GC(15) Concurrent Reset Relocation Set 0.001ms
[4.649s][info][gc,phases   ] GC(15) Concurrent Select Relocation Set 2.187ms
[4.649s][info][gc,phases   ] GC(15) Pause Relocate Start 0.004ms
[4.651s][info][gc,phases   ] GC(15) Concurrent Relocate 1.633ms
[4.651s][info][gc,load     ] GC(15) Load: 0.00/0.00/0.00
[4.651s][info][gc,mmu      ] GC(15) MMU: 2ms/99.4%, 5ms/99.6%, 10ms/99.8%, 20ms/99.9%, 50ms/99.9%, 100ms/100.0%
[4.651s][info][gc,marking  ] GC(15) Mark: 2 stripe(s), 2 proactive flush(es), 1 terminate flush(es), 0 completion(s), 0 continuation(s) 
[4.651s][info][gc,marking  ] GC(15) Mark Stack Usage: 32M
[4.651s][info][gc,nmethod  ] GC(15) NMethods: 480 registered, 0 unregistered
[4.651s][info][gc,metaspace] GC(15) Metaspace: 1M used, 1M committed, 1088M reserved
[4.651s][info][gc,ref      ] GC(15) Soft: 181 encountered, 0 discovered, 0 enqueued
[4.651s][info][gc,ref      ] GC(15) Weak: 263 encountered, 223 discovered, 0 enqueued
[4.651s][info][gc,ref      ] GC(15) Final: 0 encountered, 0 discovered, 0 enqueued
[4.651s][info][gc,ref      ] GC(15) Phantom: 7 encountered, 3 discovered, 0 enqueued
[4.651s][info][gc,reloc    ] GC(15) Small Pages: 1213 / 2426M, Empty: 0M, Relocated: 3M, In-Place: 0
[4.651s][info][gc,reloc    ] GC(15) Medium Pages: 1 / 32M, Empty: 0M, Relocated: 0M, In-Place: 0
[4.651s][info][gc,reloc    ] GC(15) Large Pages: 0 / 0M, Empty: 0M, Relocated: 0M, In-Place: 0
[4.651s][info][gc,reloc    ] GC(15) Forwarding Usage: 0M
[4.651s][info][gc,heap     ] GC(15) Min Capacity: 8192M(100%)
[4.651s][info][gc,heap     ] GC(15) Max Capacity: 8192M(100%)
[4.651s][info][gc,heap     ] GC(15) Soft Max Capacity: 8192M(100%)
[4.651s][info][gc,heap     ] GC(15)                Mark Start          Mark End        Relocate Start      Relocate End           High               Low         
[4.651s][info][gc,heap     ] GC(15)  Capacity:     8192M (100%)       8192M (100%)       8192M (100%)       8192M (100%)       8192M (100%)       8192M (100%)   
[4.651s][info][gc,heap     ] GC(15)      Free:     5734M (70%)        5730M (70%)        5728M (70%)        5732M (70%)        5734M (70%)        5724M (70%)    
[4.651s][info][gc,heap     ] GC(15)      Used:     2458M (30%)        2462M (30%)        2464M (30%)        2460M (30%)        2468M (30%)        2458M (30%)    
[4.651s][info][gc,heap     ] GC(15)      Live:         -              2208M (27%)        2208M (27%)        2208M (27%)            -                  -          
[4.651s][info][gc,heap     ] GC(15) Allocated:         -                 4M (0%)            6M (0%)            6M (0%)             -                  -          
[4.651s][info][gc,heap     ] GC(15)   Garbage:         -               249M (3%)          249M (3%)          245M (3%)             -                  -          
[4.651s][info][gc,heap     ] GC(15) Reclaimed:         -                  -                 0M (0%)            4M (0%)             -                  -          
[4.651s][info][gc          ] GC(15) Garbage Collection (Warmup) 2458M(30%)->2460M(30%)
[4.929s][info][gc,start    ] GC(16) Garbage Collection (Timer)
[4.930s][info][gc,task     ] GC(16) Using 3 workers
[4.930s][info][gc,phases   ] GC(16) Pause Mark Start 0.006ms
[4.947s][info][gc,phases   ] GC(16) Concurrent Mark 17.645ms
[4.948s][info][gc,phases   ] GC(16) Pause Mark End 0.010ms
[4.948s][info][gc,phases   ] GC(16) Concurrent Mark Free 0.001ms
[4.949s][info][gc,phases   ] GC(16) Concurrent Process Non-Strong References 0.855ms
[4.949s][info][gc,phases   ] GC(16) Concurrent Reset Relocation Set 0.001ms
[4.951s][info][gc,phases   ] GC(16) Concurrent Select Relocation Set 2.685ms
[4.952s][info][gc,phases   ] GC(16) Pause Relocate Start 0.005ms
[4.953s][info][gc,phases   ] GC(16) Concurrent Relocate 0.853ms
[4.953s][info][gc,load     ] GC(16) Load: 0.00/0.00/0.00
[4.953s][info][gc,mmu      ] GC(16) MMU: 2ms/99.4%, 5ms/99.6%, 10ms/99.8%, 20ms/99.9%, 50ms/99.9%, 100ms/100.0%
[4.953s][info][gc,marking  ] GC(16) Mark: 2 stripe(s), 2 proactive flush(es), 1 terminate flush(es), 0 completion(s), 0 continuation(s) 
[4.953s][info][gc,marking  ] GC(16) Mark Stack Usage: 32M
[4.953s][info][gc,nmethod  ] GC(16) NMethods: 480 registered, 0 unregistered
[4.953s][info][gc,metaspace] GC(16) Metaspace: 1M used, 1M committed, 1088M reserved
[4.953s][info][gc,ref      ] GC(16) Soft: 181 encountered, 0 discovered, 0 enqueued
[4.953s][info][gc,ref      ] GC(16) Weak: 263 encountered, 223 discovered, 0 enqueued
[4.953s][info][gc,ref      ] GC(16) Final: 0 encountered, 0 discovered, 0 enqueued
[4.953s][info][gc,ref      ] GC(16) Phantom: 7 encountered, 3 discovered, 0 enqueued
[4.953s][info][gc,reloc    ] GC(16) Small Pages: 1282 / 2564M, Empty: 0M, Relocated: 1M, In-Place: 0
[4.953s][info][gc,reloc    ] GC(16) Medium Pages: 1 / 32M, Empty: 0M, Relocated: 0M, In-Place: 0
[4.953s][info][gc,reloc    ] GC(16) Large Pages: 0 / 0M, Empty: 0M, Relocated: 0M, In-Place: 0
[4.953s][info][gc,reloc    ] GC(16) Forwarding Usage: 0M
[4.953s][info][gc,heap     ] GC(16) Min Capacity: 8192M(100%)
[4.953s][info][gc,heap     ] GC(16) Max Capacity: 8192M(100%)
[4.953s][info][gc,heap     ] GC(16) Soft Max Capacity: 8192M(100%)
[4.953s][info][gc,heap     ] GC(16)                Mark Start          Mark End        Relocate Start      Relocate End           High               Low         
[4.953s][info][gc,heap     ] GC(16)  Capacity:     8192M (100%)       8192M (100%)       8192M (100%)       8192M (100%)       8192M (100%)       8192M (100%)   
[4.953s][info][gc,heap     ] GC(16)      Free:     5596M (68%)        5592M (68%)        5590M (68%)        5590M (68%)        5596M (68%)        5586M (68%)    
[4.953s][info][gc,heap     ] GC(16)      Used:     2596M (32%)        2600M (32%)        2602M (32%)        2602M (32%)        2606M (32%)        2596M (32%)    
[4.953s][info][gc,heap     ] GC(16)      Live:         -              2337M (29%)        2337M (29%)        2337M (29%)            -                  -          
[4.953s][info][gc,heap     ] GC(16) Allocated:         -                 4M (0%)            6M (0%)            6M (0%)             -                  -          
[4.953s][info][gc,heap     ] GC(16)   Garbage:         -               258M (3%)          258M (3%)          258M (3%)             -                  -          
[4.953s][info][gc,heap     ] GC(16) Reclaimed:         -                  -                 0M (0%)            0M (0%)             -                  -          
[4.953s][info][gc          ] GC(16) Garbage Collection (Timer) 2596M(32%)->2602M(32%)
[5.229s][info][gc,start    ] GC(17) Garbage Collection (Timer)
[5.229s][info][gc,task     ] GC(17) Using 3 workers
[5.229s][info][gc,phases   ] GC(17) Pause Mark Start 0.006ms
[5.253s][info][gc,phases   ] GC(17) Concurrent Mark 23.168ms
[5.253s][info][gc,phases   ] GC(17) Pause Mark End 0.009ms
[5.253s][info][gc,phases   ] GC(17) Concurrent Mark Free 0.001ms
[5.254s][info][gc,phases   ] GC(17) Concurrent Process Non-Strong References 0.923ms
[5.254s][info][gc,phases   ] GC(17) Concurrent Reset Relocation Set 0.001ms
[5.257s][info][gc,phases   ] GC(17) Concurrent Select Relocation Set 2.553ms
[5.257s][info][gc,phases   ] GC(17) Pause Relocate Start 0.007ms
[5.258s][info][gc,phases   ] GC(17) Concurrent Relocate 0.910ms
[5.258s][info][gc,load     ] GC(17) Load: 0.00/0.00/0.00
[5.258s][info][gc,mmu      ] GC(17) MMU: 2ms/99.4%, 5ms/99.6%, 10ms/99.8%, 20ms/99.9%, 50ms/99.9%, 100ms/100.0%
[5.258s][info][gc,marking  ] GC(17) Mark: 2 stripe(s), 2 proactive flush(es), 1 terminate flush(es), 0 completion(s), 0 continuation(s) 
[5.258s][info][gc,marking  ] GC(17) Mark Stack Usage: 32M
[5.258s][info][gc,nmethod  ] GC(17) NMethods: 480 registered, 0 unregistered
[5.258s][info][gc,metaspace] GC(17) Metaspace: 1M used, 1M committed, 1088M reserved
[5.258s][info][gc,ref      ] GC(17) Soft: 181 encountered, 0 discovered, 0 enqueued
[5.258s][info][gc,ref      ] GC(17) Weak: 263 encountered, 0 discovered, 0 enqueued
[5.258s][info][gc,ref      ] GC(17) Final: 0 encountered, 0 discovered, 0 enqueued
[5.258s][info][gc,ref      ] GC(17) Phantom: 7 encountered, 3 discovered, 0 enqueued
[5.258s][info][gc,reloc    ] GC(17) Small Pages: 1342 / 2684M, Empty: 0M, Relocated: 1M, In-Place: 0
[5.258s][info][gc,reloc    ] GC(17) Medium Pages: 1 / 32M, Empty: 0M, Relocated: 0M, In-Place: 0
[5.258s][info][gc,reloc    ] GC(17) Large Pages: 0 / 0M, Empty: 0M, Relocated: 0M, In-Place: 0
[5.258s][info][gc,reloc    ] GC(17) Forwarding Usage: 0M
[5.258s][info][gc,heap     ] GC(17) Min Capacity: 8192M(100%)
[5.258s][info][gc,heap     ] GC(17) Max Capacity: 8192M(100%)
[5.258s][info][gc,heap     ] GC(17) Soft Max Capacity: 8192M(100%)
[5.258s][info][gc,heap     ] GC(17)                Mark Start          Mark End        Relocate Start      Relocate End           High               Low         
[5.258s][info][gc,heap     ] GC(17)  Capacity:     8192M (100%)       8192M (100%)       8192M (100%)       8192M (100%)       8192M (100%)       8192M (100%)   
[5.258s][info][gc,heap     ] GC(17)      Free:     5476M (67%)        5472M (67%)        5472M (67%)        5472M (67%)        5476M (67%)        5468M (67%)    
[5.258s][info][gc,heap     ] GC(17)      Used:     2716M (33%)        2720M (33%)        2720M (33%)        2720M (33%)        2724M (33%)        2716M (33%)    
[5.259s][info][gc,heap     ] GC(17)      Live:         -              2447M (30%)        2447M (30%)        2447M (30%)            -                  -          
[5.259s][info][gc,heap     ] GC(17) Allocated:         -                 4M (0%)            4M (0%)            4M (0%)             -                  -          
[5.259s][info][gc,heap     ] GC(17)   Garbage:         -               268M (3%)          268M (3%)          268M (3%)             -                  -          
[5.259s][info][gc,heap     ] GC(17) Reclaimed:         -                  -                 0M (0%)            0M (0%)             -                  -          
[5.259s][info][gc          ] GC(17) Garbage Collection (Timer) 2716M(33%)->2720M(33%)
[5.529s][info][gc,start    ] GC(18) Garbage Collection (Timer)
[5.529s][info][gc,task     ] GC(18) Using 3 workers
[5.529s][info][gc,phases   ] GC(18) Pause Mark Start 0.006ms
[5.552s][info][gc,phases   ] GC(18) Concurrent Mark 22.676ms
[5.552s][info][gc,phases   ] GC(18) Pause Mark End 0.010ms
[5.552s][info][gc,phases   ] GC(18) Concurrent Mark Free 0.001ms
[5.553s][info][gc,phases   ] GC(18) Concurrent Process Non-Strong References 0.704ms
[5.553s][info][gc,phases   ] GC(18) Concurrent Reset Relocation Set 0.001ms
[5.556s][info][gc,phases   ] GC(18) Concurrent Select Relocation Set 2.492ms
[5.556s][info][gc,phases   ] GC(18) Pause Relocate Start 0.007ms
[5.557s][info][gc,phases   ] GC(18) Concurrent Relocate 1.303ms
[5.557s][info][gc,load     ] GC(18) Load: 0.00/0.00/0.00
[5.557s][info][gc,mmu      ] GC(18) MMU: 2ms/99.4%, 5ms/99.6%, 10ms/99.8%, 20ms/99.9%, 50ms/99.9%, 100ms/100.0%
[5.557s][info][gc,marking  ] GC(18) Mark: 2 stripe(s), 2 proactive flush(es), 1 terminate flush(es), 0 completion(s), 0 continuation(s) 
[5.557s][info][gc,marking  ] GC(18) Mark Stack Usage: 32M
[5.557s][info][gc,nmethod  ] GC(18) NMethods: 480 registered, 0 unregistered
[5.557s][info][gc,metaspace] GC(18) Metaspace: 1M used, 1M committed, 1088M reserved
[5.557s][info][gc,ref      ] GC(18) Soft: 181 encountered, 0 discovered, 0 enqueued
[5.557s][info][gc,ref      ] GC(18) Weak: 263 encountered, 214 discovered, 0 enqueued
[5.558s][info][gc,ref      ] GC(18) Final: 0 encountered, 0 discovered, 0 enqueued
[5.558s][info][gc,ref      ] GC(18) Phantom: 7 encountered, 3 discovered, 0 enqueued
[5.558s][info][gc,reloc    ] GC(18) Small Pages: 1428 / 2856M, Empty: 0M, Relocated: 3M, In-Place: 0
[5.558s][info][gc,reloc    ] GC(18) Medium Pages: 1 / 32M, Empty: 0M, Relocated: 0M, In-Place: 0
[5.558s][info][gc,reloc    ] GC(18) Large Pages: 0 / 0M, Empty: 0M, Relocated: 0M, In-Place: 0
[5.558s][info][gc,reloc    ] GC(18) Forwarding Usage: 0M
[5.558s][info][gc,heap     ] GC(18) Min Capacity: 8192M(100%)
[5.558s][info][gc,heap     ] GC(18) Max Capacity: 8192M(100%)
[5.558s][info][gc,heap     ] GC(18) Soft Max Capacity: 8192M(100%)
[5.558s][info][gc,heap     ] GC(18)                Mark Start          Mark End        Relocate Start      Relocate End           High               Low         
[5.558s][info][gc,heap     ] GC(18)  Capacity:     8192M (100%)       8192M (100%)       8192M (100%)       8192M (100%)       8192M (100%)       8192M (100%)   
[5.558s][info][gc,heap     ] GC(18)      Free:     5304M (65%)        5300M (65%)        5300M (65%)        5302M (65%)        5304M (65%)        5294M (65%)    
[5.558s][info][gc,heap     ] GC(18)      Used:     2888M (35%)        2892M (35%)        2892M (35%)        2890M (35%)        2898M (35%)        2888M (35%)    
[5.558s][info][gc,heap     ] GC(18)      Live:         -              2603M (32%)        2603M (32%)        2603M (32%)            -                  -          
[5.558s][info][gc,heap     ] GC(18) Allocated:         -                 4M (0%)            4M (0%)            4M (0%)             -                  -          
[5.558s][info][gc,heap     ] GC(18)   Garbage:         -               284M (3%)          284M (3%)          282M (3%)             -                  -          
[5.558s][info][gc,heap     ] GC(18) Reclaimed:         -                  -                 0M (0%)            2M (0%)             -                  -          
[5.558s][info][gc          ] GC(18) Garbage Collection (Timer) 2888M(35%)->2890M(35%)
[5.789s][info][gc,heap,exit] Heap
[5.789s][info][gc,heap,exit]  ZHeap           used 3040M, capacity 8192M, max capacity 8192M
[5.789s][info][gc,heap,exit]  Metaspace       used 1605K, committed 1792K, reserved 1114112K
[5.789s][info][gc,heap,exit]   class space    used 147K, committed 256K, reserved 1048576K
