[0.022s][info][gc,init] Initializing The Z Garbage Collector
[0.022s][info][gc,init] Version: 17.0.11+1-LTS (release)
[0.022s][info][gc,init] NUMA Support: Disabled
[0.022s][info][gc,init] CPUs: 12 total, 12 available
[0.022s][info][gc,init] Memory: 24496M
[0.022s][info][gc,init] Large Page Support: Disabled
[0.022s][info][gc,init] GC Workers: 8 (dynamic)
[0.023s][info][gc,init] Address Space Type: Contiguous/Unrestricted/Complete
[0.023s][info][gc,init] Address Space Size: 65536M x 3 = 196608M
[0.024s][info][gc,init] Min Capacity: 4096M
[0.024s][info][gc,init] Initial Capacity: 4096M
[0.296s][info][gc,init] Max Capacity: 4096M
[0.296s][info][gc,init] Medium Page Size: 32M
[0.296s][info][gc,init] Pre-touch: Disabled
[0.296s][info][gc,init] Uncommit: Implicitly Disabled (-Xms equals -Xmx)
[0.520s][info][gc,init] Runtime Workers: 8
[0.521s][info][gc     ] Using The Z Garbage Collector
[0.531s][info][gc,metaspace] CDS archive(s) mapped at: [0x0000013c17000000-0x0000013c17bc0000-0x0000013c17bc0000), size 12320768, SharedBaseAddress: 0x0000013c17000000, ArchiveRelocationMode: 1.
[0.531s][info][gc,metaspace] Compressed class space mapped at: 0x0000013c18000000-0x0000013c58000000, reserved size: 1073741824
[0.531s][info][gc,metaspace] Narrow klass base: 0x0000013c17000000, Narrow klass shift: 0, Narrow klass range: 0x100000000
[0.658s][info][gc,start    ] GC(0) Garbage Collection (Timer)
[0.658s][info][gc,task     ] GC(0) Using 8 workers
[0.658s][info][gc,phases   ] GC(0) Pause Mark Start 0.006ms
[0.661s][info][gc,phases   ] GC(0) Concurrent Mark 3.271ms
[0.661s][info][gc,phases   ] GC(0) Pause Mark End 0.017ms
[0.662s][info][gc,phases   ] GC(0) Concurrent Mark Free 0.001ms
[0.662s][info][gc,phases   ] GC(0) Concurrent Process Non-Strong References 0.249ms
[0.662s][info][gc,phases   ] GC(0) Concurrent Reset Relocation Set 0.001ms
[0.672s][info][gc,phases   ] GC(0) Concurrent Select Relocation Set 9.569ms
[0.672s][info][gc,phases   ] GC(0) Pause Relocate Start 0.007ms
[0.673s][info][gc,phases   ] GC(0) Concurrent Relocate 1.132ms
[0.673s][info][gc,load     ] GC(0) Load: 0.00/0.00/0.00
[0.673s][info][gc,mmu      ] GC(0) MMU: 2ms/99.2%, 5ms/99.5%, 10ms/99.8%, 20ms/99.8%, 50ms/99.9%, 100ms/100.0%
[0.673s][info][gc,marking  ] GC(0) Mark: 8 stripe(s), 1 proactive flush(es), 1 terminate flush(es), 0 completion(s), 0 continuation(s) 
[0.673s][info][gc,marking  ] GC(0) Mark Stack Usage: 32M
[0.673s][info][gc,nmethod  ] GC(0) NMethods: 156 registered, 0 unregistered
[0.673s][info][gc,metaspace] GC(0) Metaspace: 0M used, 0M committed, 1088M reserved
[0.673s][info][gc,ref      ] GC(0) Soft: 36 encountered, 0 discovered, 0 enqueued
[0.673s][info][gc,ref      ] GC(0) Weak: 103 encountered, 39 discovered, 18 enqueued
[0.673s][info][gc,ref      ] GC(0) Final: 0 encountered, 0 discovered, 0 enqueued
[0.673s][info][gc,ref      ] GC(0) Phantom: 16 encountered, 14 discovered, 13 enqueued
[0.673s][info][gc,reloc    ] GC(0) Small Pages: 3 / 6M, Empty: 0M, Relocated: 1M, In-Place: 0
[0.673s][info][gc,reloc    ] GC(0) Medium Pages: 0 / 0M, Empty: 0M, Relocated: 0M, In-Place: 0
[0.673s][info][gc,reloc    ] GC(0) Large Pages: 0 / 0M, Empty: 0M, Relocated: 0M, In-Place: 0
[0.673s][info][gc,reloc    ] GC(0) Forwarding Usage: 0M
[0.673s][info][gc,heap     ] GC(0) Min Capacity: 4096M(100%)
[0.673s][info][gc,heap     ] GC(0) Max Capacity: 4096M(100%)
[0.673s][info][gc,heap     ] GC(0) Soft Max Capacity: 4096M(100%)
[0.673s][info][gc,heap     ] GC(0)                Mark Start          Mark End        Relocate Start      Relocate End           High               Low         
[0.673s][info][gc,heap     ] GC(0)  Capacity:     4096M (100%)       4096M (100%)       4096M (100%)       4096M (100%)       4096M (100%)       4096M (100%)   
[0.673s][info][gc,heap     ] GC(0)      Free:     4090M (100%)       4090M (100%)       4090M (100%)       4090M (100%)       4090M (100%)       4086M (100%)   
[0.673s][info][gc,heap     ] GC(0)      Used:        6M (0%)            6M (0%)            6M (0%)            6M (0%)           10M (0%)            6M (0%)     
[0.674s][info][gc,heap     ] GC(0)      Live:         -                 1M (0%)            1M (0%)            1M (0%)             -                  -          
[0.674s][info][gc,heap     ] GC(0) Allocated:         -                 0M (0%)            0M (0%)            0M (0%)             -                  -          
[0.674s][info][gc,heap     ] GC(0)   Garbage:         -                 4M (0%)            4M (0%)            4M (0%)             -                  -          
[0.674s][info][gc,heap     ] GC(0) Reclaimed:         -                  -                 0M (0%)            0M (0%)             -                  -          
[0.674s][info][gc          ] GC(0) Garbage Collection (Timer) 6M(0%)->6M(0%)
[0.954s][info][gc,start    ] GC(1) Garbage Collection (Timer)
[0.954s][info][gc,task     ] GC(1) Using 8 workers
[0.954s][info][gc,phases   ] GC(1) Pause Mark Start 0.005ms
[0.969s][info][gc,phases   ] GC(1) Concurrent Mark 14.141ms
[0.969s][info][gc,phases   ] GC(1) Pause Mark End 0.010ms
[0.969s][info][gc,phases   ] GC(1) Concurrent Mark Free 0.001ms
[0.970s][info][gc,phases   ] GC(1) Concurrent Process Non-Strong References 0.547ms
[0.970s][info][gc,phases   ] GC(1) Concurrent Reset Relocation Set 0.001ms
[0.972s][info][gc,phases   ] GC(1) Concurrent Select Relocation Set 2.408ms
[0.972s][info][gc,phases   ] GC(1) Pause Relocate Start 0.005ms
[0.974s][info][gc,phases   ] GC(1) Concurrent Relocate 1.351ms
[0.974s][info][gc,load     ] GC(1) Load: 0.00/0.00/0.00
[0.974s][info][gc,mmu      ] GC(1) MMU: 2ms/99.2%, 5ms/99.5%, 10ms/99.8%, 20ms/99.8%, 50ms/99.9%, 100ms/100.0%
[0.974s][info][gc,marking  ] GC(1) Mark: 8 stripe(s), 2 proactive flush(es), 1 terminate flush(es), 0 completion(s), 0 continuation(s) 
[0.974s][info][gc,marking  ] GC(1) Mark Stack Usage: 32M
[0.974s][info][gc,nmethod  ] GC(1) NMethods: 291 registered, 0 unregistered
[0.974s][info][gc,metaspace] GC(1) Metaspace: 0M used, 0M committed, 1088M reserved
[0.974s][info][gc,ref      ] GC(1) Soft: 72 encountered, 0 discovered, 0 enqueued
[0.974s][info][gc,ref      ] GC(1) Weak: 177 encountered, 25 discovered, 23 enqueued
[0.974s][info][gc,ref      ] GC(1) Final: 0 encountered, 0 discovered, 0 enqueued
[0.974s][info][gc,ref      ] GC(1) Phantom: 13 encountered, 11 discovered, 6 enqueued
[0.974s][info][gc,reloc    ] GC(1) Small Pages: 117 / 234M, Empty: 0M, Relocated: 1M, In-Place: 0
[0.974s][info][gc,reloc    ] GC(1) Medium Pages: 0 / 0M, Empty: 0M, Relocated: 0M, In-Place: 0
[0.974s][info][gc,reloc    ] GC(1) Large Pages: 0 / 0M, Empty: 0M, Relocated: 0M, In-Place: 0
[0.974s][info][gc,reloc    ] GC(1) Forwarding Usage: 0M
[0.974s][info][gc,heap     ] GC(1) Min Capacity: 4096M(100%)
[0.974s][info][gc,heap     ] GC(1) Max Capacity: 4096M(100%)
[0.974s][info][gc,heap     ] GC(1) Soft Max Capacity: 4096M(100%)
[0.974s][info][gc,heap     ] GC(1)                Mark Start          Mark End        Relocate Start      Relocate End           High               Low         
[0.974s][info][gc,heap     ] GC(1)  Capacity:     4096M (100%)       4096M (100%)       4096M (100%)       4096M (100%)       4096M (100%)       4096M (100%)   
[0.974s][info][gc,heap     ] GC(1)      Free:     3862M (94%)        3858M (94%)        3854M (94%)        3852M (94%)        3862M (94%)        3848M (94%)    
[0.974s][info][gc,heap     ] GC(1)      Used:      234M (6%)          238M (6%)          242M (6%)          244M (6%)          248M (6%)          234M (6%)     
[0.974s][info][gc,heap     ] GC(1)      Live:         -               204M (5%)          204M (5%)          204M (5%)             -                  -          
[0.974s][info][gc,heap     ] GC(1) Allocated:         -                 4M (0%)            8M (0%)           10M (0%)             -                  -          
[0.974s][info][gc,heap     ] GC(1)   Garbage:         -                29M (1%)           29M (1%)           29M (1%)             -                  -          
[0.974s][info][gc,heap     ] GC(1) Reclaimed:         -                  -                 0M (0%)            0M (0%)             -                  -          
[0.974s][info][gc          ] GC(1) Garbage Collection (Timer) 234M(6%)->244M(6%)
[1.154s][info][gc,start    ] GC(2) Garbage Collection (Warmup)
[1.154s][info][gc,task     ] GC(2) Using 8 workers
[1.154s][info][gc,phases   ] GC(2) Pause Mark Start 0.006ms
[1.173s][info][gc,phases   ] GC(2) Concurrent Mark 18.688ms
[1.173s][info][gc,phases   ] GC(2) Pause Mark End 0.010ms
[1.173s][info][gc,phases   ] GC(2) Concurrent Mark Free 0.001ms
[1.174s][info][gc,phases   ] GC(2) Concurrent Process Non-Strong References 0.535ms
[1.174s][info][gc,phases   ] GC(2) Concurrent Reset Relocation Set 0.001ms
[1.177s][info][gc,phases   ] GC(2) Concurrent Select Relocation Set 2.771ms
[1.177s][info][gc,phases   ] GC(2) Pause Relocate Start 0.007ms
[1.179s][info][gc,phases   ] GC(2) Concurrent Relocate 2.028ms
[1.179s][info][gc,load     ] GC(2) Load: 0.00/0.00/0.00
[1.179s][info][gc,mmu      ] GC(2) MMU: 2ms/99.2%, 5ms/99.5%, 10ms/99.8%, 20ms/99.8%, 50ms/99.9%, 100ms/100.0%
[1.179s][info][gc,marking  ] GC(2) Mark: 8 stripe(s), 4 proactive flush(es), 1 terminate flush(es), 0 completion(s), 0 continuation(s) 
[1.179s][info][gc,marking  ] GC(2) Mark Stack Usage: 32M
[1.179s][info][gc,nmethod  ] GC(2) NMethods: 372 registered, 0 unregistered
[1.179s][info][gc,metaspace] GC(2) Metaspace: 1M used, 1M committed, 1088M reserved
[1.179s][info][gc,ref      ] GC(2) Soft: 118 encountered, 0 discovered, 0 enqueued
[1.179s][info][gc,ref      ] GC(2) Weak: 175 encountered, 8 discovered, 5 enqueued
[1.179s][info][gc,ref      ] GC(2) Final: 0 encountered, 0 discovered, 0 enqueued
[1.179s][info][gc,ref      ] GC(2) Phantom: 12 encountered, 7 discovered, 5 enqueued
[1.179s][info][gc,reloc    ] GC(2) Small Pages: 206 / 412M, Empty: 0M, Relocated: 3M, In-Place: 0
[1.179s][info][gc,reloc    ] GC(2) Medium Pages: 0 / 0M, Empty: 0M, Relocated: 0M, In-Place: 0
[1.179s][info][gc,reloc    ] GC(2) Large Pages: 0 / 0M, Empty: 0M, Relocated: 0M, In-Place: 0
[1.179s][info][gc,reloc    ] GC(2) Forwarding Usage: 0M
[1.179s][info][gc,heap     ] GC(2) Min Capacity: 4096M(100%)
[1.179s][info][gc,heap     ] GC(2) Max Capacity: 4096M(100%)
[1.179s][info][gc,heap     ] GC(2) Soft Max Capacity: 4096M(100%)
[1.179s][info][gc,heap     ] GC(2)                Mark Start          Mark End        Relocate Start      Relocate End           High               Low         
[1.179s][info][gc,heap     ] GC(2)  Capacity:     4096M (100%)       4096M (100%)       4096M (100%)       4096M (100%)       4096M (100%)       4096M (100%)   
[1.179s][info][gc,heap     ] GC(2)      Free:     3684M (90%)        3678M (90%)        3676M (90%)        3678M (90%)        3684M (90%)        3666M (90%)    
[1.179s][info][gc,heap     ] GC(2)      Used:      412M (10%)         418M (10%)         420M (10%)         418M (10%)         430M (10%)         412M (10%)    
[1.179s][info][gc,heap     ] GC(2)      Live:         -               363M (9%)          363M (9%)          363M (9%)             -                  -          
[1.179s][info][gc,heap     ] GC(2) Allocated:         -                 6M (0%)            8M (0%)            7M (0%)             -                  -          
[1.179s][info][gc,heap     ] GC(2)   Garbage:         -                48M (1%)           48M (1%)           46M (1%)             -                  -          
[1.179s][info][gc,heap     ] GC(2) Reclaimed:         -                  -                 0M (0%)            1M (0%)             -                  -          
[1.179s][info][gc          ] GC(2) Garbage Collection (Warmup) 412M(10%)->418M(10%)
[1.454s][info][gc,start    ] GC(3) Garbage Collection (Timer)
[1.454s][info][gc,task     ] GC(3) Using 8 workers
[1.454s][info][gc,phases   ] GC(3) Pause Mark Start 0.006ms
[1.470s][info][gc,phases   ] GC(3) Concurrent Mark 16.182ms
[1.470s][info][gc,phases   ] GC(3) Pause Mark End 0.009ms
[1.471s][info][gc,phases   ] GC(3) Concurrent Mark Free 0.001ms
[1.471s][info][gc,phases   ] GC(3) Concurrent Process Non-Strong References 0.626ms
[1.471s][info][gc,phases   ] GC(3) Concurrent Reset Relocation Set 0.001ms
[1.474s][info][gc,phases   ] GC(3) Concurrent Select Relocation Set 2.156ms
[1.474s][info][gc,phases   ] GC(3) Pause Relocate Start 0.006ms
[1.475s][info][gc,phases   ] GC(3) Concurrent Relocate 1.438ms
[1.475s][info][gc,load     ] GC(3) Load: 0.00/0.00/0.00
[1.475s][info][gc,mmu      ] GC(3) MMU: 2ms/99.2%, 5ms/99.5%, 10ms/99.8%, 20ms/99.8%, 50ms/99.9%, 100ms/100.0%
[1.475s][info][gc,marking  ] GC(3) Mark: 8 stripe(s), 4 proactive flush(es), 1 terminate flush(es), 0 completion(s), 0 continuation(s) 
[1.475s][info][gc,marking  ] GC(3) Mark Stack Usage: 32M
[1.475s][info][gc,nmethod  ] GC(3) NMethods: 456 registered, 0 unregistered
[1.475s][info][gc,metaspace] GC(3) Metaspace: 1M used, 1M committed, 1088M reserved
[1.475s][info][gc,ref      ] GC(3) Soft: 177 encountered, 0 discovered, 0 enqueued
[1.475s][info][gc,ref      ] GC(3) Weak: 293 encountered, 43 discovered, 31 enqueued
[1.475s][info][gc,ref      ] GC(3) Final: 0 encountered, 0 discovered, 0 enqueued
[1.476s][info][gc,ref      ] GC(3) Phantom: 20 encountered, 17 discovered, 13 enqueued
[1.476s][info][gc,reloc    ] GC(3) Small Pages: 309 / 618M, Empty: 0M, Relocated: 3M, In-Place: 0
[1.476s][info][gc,reloc    ] GC(3) Medium Pages: 0 / 0M, Empty: 0M, Relocated: 0M, In-Place: 0
[1.476s][info][gc,reloc    ] GC(3) Large Pages: 0 / 0M, Empty: 0M, Relocated: 0M, In-Place: 0
[1.476s][info][gc,reloc    ] GC(3) Forwarding Usage: 0M
[1.476s][info][gc,heap     ] GC(3) Min Capacity: 4096M(100%)
[1.476s][info][gc,heap     ] GC(3) Max Capacity: 4096M(100%)
[1.476s][info][gc,heap     ] GC(3) Soft Max Capacity: 4096M(100%)
[1.476s][info][gc,heap     ] GC(3)                Mark Start          Mark End        Relocate Start      Relocate End           High               Low         
[1.476s][info][gc,heap     ] GC(3)  Capacity:     4096M (100%)       4096M (100%)       4096M (100%)       4096M (100%)       4096M (100%)       4096M (100%)   
[1.476s][info][gc,heap     ] GC(3)      Free:     3478M (85%)        3472M (85%)        3470M (85%)        3476M (85%)        3478M (85%)        3464M (85%)    
[1.476s][info][gc,heap     ] GC(3)      Used:      618M (15%)         624M (15%)         626M (15%)         620M (15%)         632M (15%)         618M (15%)    
[1.476s][info][gc,heap     ] GC(3)      Live:         -               550M (13%)         550M (13%)         550M (13%)            -                  -          
[1.476s][info][gc,heap     ] GC(3) Allocated:         -                 6M (0%)            8M (0%)            7M (0%)             -                  -          
[1.476s][info][gc,heap     ] GC(3)   Garbage:         -                67M (2%)           67M (2%)           61M (1%)             -                  -          
[1.476s][info][gc,heap     ] GC(3) Reclaimed:         -                  -                 0M (0%)            5M (0%)             -                  -          
[1.476s][info][gc          ] GC(3) Garbage Collection (Timer) 618M(15%)->620M(15%)
[1.754s][info][gc,start    ] GC(4) Garbage Collection (Warmup)
[1.754s][info][gc,task     ] GC(4) Using 8 workers
[1.754s][info][gc,phases   ] GC(4) Pause Mark Start 0.006ms
[1.774s][info][gc,phases   ] GC(4) Concurrent Mark 20.330ms
[1.775s][info][gc,phases   ] GC(4) Pause Mark End 0.010ms
[1.775s][info][gc,phases   ] GC(4) Concurrent Mark Free 0.001ms
[1.775s][info][gc,phases   ] GC(4) Concurrent Process Non-Strong References 0.714ms
[1.776s][info][gc,phases   ] GC(4) Concurrent Reset Relocation Set 0.001ms
[1.778s][info][gc,phases   ] GC(4) Concurrent Select Relocation Set 2.704ms
[1.778s][info][gc,phases   ] GC(4) Pause Relocate Start 0.006ms
[1.781s][info][gc,phases   ] GC(4) Concurrent Relocate 2.258ms
[1.781s][info][gc,load     ] GC(4) Load: 0.00/0.00/0.00
[1.781s][info][gc,mmu      ] GC(4) MMU: 2ms/99.2%, 5ms/99.5%, 10ms/99.8%, 20ms/99.8%, 50ms/99.9%, 100ms/100.0%
[1.781s][info][gc,marking  ] GC(4) Mark: 8 stripe(s), 3 proactive flush(es), 1 terminate flush(es), 0 completion(s), 0 continuation(s) 
[1.781s][info][gc,marking  ] GC(4) Mark Stack Usage: 32M
[1.781s][info][gc,nmethod  ] GC(4) NMethods: 460 registered, 0 unregistered
[1.781s][info][gc,metaspace] GC(4) Metaspace: 1M used, 1M committed, 1088M reserved
[1.781s][info][gc,ref      ] GC(4) Soft: 181 encountered, 0 discovered, 0 enqueued
[1.781s][info][gc,ref      ] GC(4) Weak: 265 encountered, 17 discovered, 2 enqueued
[1.781s][info][gc,ref      ] GC(4) Final: 0 encountered, 0 discovered, 0 enqueued
[1.781s][info][gc,ref      ] GC(4) Phantom: 11 encountered, 7 discovered, 4 enqueued
[1.781s][info][gc,reloc    ] GC(4) Small Pages: 430 / 860M, Empty: 0M, Relocated: 4M, In-Place: 0
[1.781s][info][gc,reloc    ] GC(4) Medium Pages: 0 / 0M, Empty: 0M, Relocated: 0M, In-Place: 0
[1.781s][info][gc,reloc    ] GC(4) Large Pages: 0 / 0M, Empty: 0M, Relocated: 0M, In-Place: 0
[1.781s][info][gc,reloc    ] GC(4) Forwarding Usage: 0M
[1.781s][info][gc,heap     ] GC(4) Min Capacity: 4096M(100%)
[1.781s][info][gc,heap     ] GC(4) Max Capacity: 4096M(100%)
[1.781s][info][gc,heap     ] GC(4) Soft Max Capacity: 4096M(100%)
[1.781s][info][gc,heap     ] GC(4)                Mark Start          Mark End        Relocate Start      Relocate End           High               Low         
[1.781s][info][gc,heap     ] GC(4)  Capacity:     4096M (100%)       4096M (100%)       4096M (100%)       4096M (100%)       4096M (100%)       4096M (100%)   
[1.781s][info][gc,heap     ] GC(4)      Free:     3236M (79%)        3232M (79%)        3230M (79%)        3228M (79%)        3236M (79%)        3214M (78%)    
[1.781s][info][gc,heap     ] GC(4)      Used:      860M (21%)         864M (21%)         866M (21%)         868M (21%)         882M (22%)         860M (21%)    
[1.781s][info][gc,heap     ] GC(4)      Live:         -               774M (19%)         774M (19%)         774M (19%)            -                  -          
[1.781s][info][gc,heap     ] GC(4) Allocated:         -                 4M (0%)            6M (0%)            8M (0%)             -                  -          
[1.782s][info][gc,heap     ] GC(4)   Garbage:         -                85M (2%)           85M (2%)           85M (2%)             -                  -          
[1.782s][info][gc,heap     ] GC(4) Reclaimed:         -                  -                 0M (0%)            0M (0%)             -                  -          
[1.782s][info][gc          ] GC(4) Garbage Collection (Warmup) 860M(21%)->868M(21%)
[2.054s][info][gc,start    ] GC(5) Garbage Collection (Timer)
[2.054s][info][gc,task     ] GC(5) Using 8 workers
[2.054s][info][gc,phases   ] GC(5) Pause Mark Start 0.006ms
[2.073s][info][gc,phases   ] GC(5) Concurrent Mark 18.738ms
[2.073s][info][gc,phases   ] GC(5) Pause Mark End 0.011ms
[2.073s][info][gc,phases   ] GC(5) Concurrent Mark Free 0.001ms
[2.074s][info][gc,phases   ] GC(5) Concurrent Process Non-Strong References 0.851ms
[2.074s][info][gc,phases   ] GC(5) Concurrent Reset Relocation Set 0.001ms
[2.077s][info][gc,phases   ] GC(5) Concurrent Select Relocation Set 2.406ms
[2.077s][info][gc,phases   ] GC(5) Pause Relocate Start 0.007ms
[2.079s][info][gc,phases   ] GC(5) Concurrent Relocate 2.500ms
[2.080s][info][gc,load     ] GC(5) Load: 0.00/0.00/0.00
[2.080s][info][gc,mmu      ] GC(5) MMU: 2ms/99.2%, 5ms/99.5%, 10ms/99.8%, 20ms/99.8%, 50ms/99.9%, 100ms/100.0%
[2.080s][info][gc,marking  ] GC(5) Mark: 8 stripe(s), 3 proactive flush(es), 1 terminate flush(es), 0 completion(s), 0 continuation(s) 
[2.080s][info][gc,marking  ] GC(5) Mark Stack Usage: 32M
[2.080s][info][gc,nmethod  ] GC(5) NMethods: 461 registered, 0 unregistered
[2.080s][info][gc,metaspace] GC(5) Metaspace: 1M used, 1M committed, 1088M reserved
[2.080s][info][gc,ref      ] GC(5) Soft: 181 encountered, 0 discovered, 0 enqueued
[2.080s][info][gc,ref      ] GC(5) Weak: 263 encountered, 0 discovered, 0 enqueued
[2.080s][info][gc,ref      ] GC(5) Final: 0 encountered, 0 discovered, 0 enqueued
[2.080s][info][gc,ref      ] GC(5) Phantom: 7 encountered, 5 discovered, 0 enqueued
[2.080s][info][gc,reloc    ] GC(5) Small Pages: 540 / 1080M, Empty: 0M, Relocated: 4M, In-Place: 0
[2.080s][info][gc,reloc    ] GC(5) Medium Pages: 1 / 32M, Empty: 0M, Relocated: 0M, In-Place: 0
[2.080s][info][gc,reloc    ] GC(5) Large Pages: 0 / 0M, Empty: 0M, Relocated: 0M, In-Place: 0
[2.080s][info][gc,reloc    ] GC(5) Forwarding Usage: 0M
[2.080s][info][gc,heap     ] GC(5) Min Capacity: 4096M(100%)
[2.080s][info][gc,heap     ] GC(5) Max Capacity: 4096M(100%)
[2.080s][info][gc,heap     ] GC(5) Soft Max Capacity: 4096M(100%)
[2.080s][info][gc,heap     ] GC(5)                Mark Start          Mark End        Relocate Start      Relocate End           High               Low         
[2.080s][info][gc,heap     ] GC(5)  Capacity:     4096M (100%)       4096M (100%)       4096M (100%)       4096M (100%)       4096M (100%)       4096M (100%)   
[2.080s][info][gc,heap     ] GC(5)      Free:     2984M (73%)        2982M (73%)        2978M (73%)        2978M (73%)        2984M (73%)        2962M (72%)    
[2.080s][info][gc,heap     ] GC(5)      Used:     1112M (27%)        1114M (27%)        1118M (27%)        1118M (27%)        1134M (28%)        1112M (27%)    
[2.080s][info][gc,heap     ] GC(5)      Live:         -               975M (24%)         975M (24%)         975M (24%)            -                  -          
[2.080s][info][gc,heap     ] GC(5) Allocated:         -                 2M (0%)            6M (0%)            6M (0%)             -                  -          
[2.080s][info][gc,heap     ] GC(5)   Garbage:         -               136M (3%)          136M (3%)          136M (3%)             -                  -          
[2.080s][info][gc,heap     ] GC(5) Reclaimed:         -                  -                 0M (0%)            0M (0%)             -                  -          
[2.080s][info][gc          ] GC(5) Garbage Collection (Timer) 1112M(27%)->1118M(27%)
[2.254s][info][gc,start    ] GC(6) Garbage Collection (Warmup)
[2.254s][info][gc,task     ] GC(6) Using 8 workers
[2.255s][info][gc,phases   ] GC(6) Pause Mark Start 0.007ms
[2.273s][info][gc,phases   ] GC(6) Concurrent Mark 17.870ms
[2.273s][info][gc,phases   ] GC(6) Pause Mark End 0.010ms
[2.273s][info][gc,phases   ] GC(6) Concurrent Mark Free 0.001ms
[2.274s][info][gc,phases   ] GC(6) Concurrent Process Non-Strong References 0.940ms
[2.274s][info][gc,phases   ] GC(6) Concurrent Reset Relocation Set 0.001ms
[2.276s][info][gc,phases   ] GC(6) Concurrent Select Relocation Set 2.263ms
[2.276s][info][gc,phases   ] GC(6) Pause Relocate Start 0.006ms
[2.278s][info][gc,phases   ] GC(6) Concurrent Relocate 1.957ms
[2.278s][info][gc,load     ] GC(6) Load: 0.00/0.00/0.00
[2.279s][info][gc,mmu      ] GC(6) MMU: 2ms/99.2%, 5ms/99.5%, 10ms/99.8%, 20ms/99.8%, 50ms/99.9%, 100ms/100.0%
[2.279s][info][gc,marking  ] GC(6) Mark: 8 stripe(s), 4 proactive flush(es), 1 terminate flush(es), 0 completion(s), 0 continuation(s) 
[2.279s][info][gc,marking  ] GC(6) Mark Stack Usage: 32M
[2.279s][info][gc,nmethod  ] GC(6) NMethods: 469 registered, 0 unregistered
[2.279s][info][gc,metaspace] GC(6) Metaspace: 1M used, 1M committed, 1088M reserved
[2.279s][info][gc,ref      ] GC(6) Soft: 181 encountered, 0 discovered, 0 enqueued
[2.279s][info][gc,ref      ] GC(6) Weak: 263 encountered, 14 discovered, 0 enqueued
[2.279s][info][gc,ref      ] GC(6) Final: 0 encountered, 0 discovered, 0 enqueued
[2.279s][info][gc,ref      ] GC(6) Phantom: 7 encountered, 5 discovered, 0 enqueued
[2.279s][info][gc,reloc    ] GC(6) Small Pages: 608 / 1216M, Empty: 0M, Relocated: 5M, In-Place: 0
[2.279s][info][gc,reloc    ] GC(6) Medium Pages: 1 / 32M, Empty: 0M, Relocated: 0M, In-Place: 0
[2.279s][info][gc,reloc    ] GC(6) Large Pages: 0 / 0M, Empty: 0M, Relocated: 0M, In-Place: 0
[2.279s][info][gc,reloc    ] GC(6) Forwarding Usage: 0M
[2.279s][info][gc,heap     ] GC(6) Min Capacity: 4096M(100%)
[2.279s][info][gc,heap     ] GC(6) Max Capacity: 4096M(100%)
[2.279s][info][gc,heap     ] GC(6) Soft Max Capacity: 4096M(100%)
[2.279s][info][gc,heap     ] GC(6)                Mark Start          Mark End        Relocate Start      Relocate End           High               Low         
[2.279s][info][gc,heap     ] GC(6)  Capacity:     4096M (100%)       4096M (100%)       4096M (100%)       4096M (100%)       4096M (100%)       4096M (100%)   
[2.279s][info][gc,heap     ] GC(6)      Free:     2848M (70%)        2844M (69%)        2842M (69%)        2844M (69%)        2848M (70%)        2828M (69%)    
[2.279s][info][gc,heap     ] GC(6)      Used:     1248M (30%)        1252M (31%)        1254M (31%)        1252M (31%)        1268M (31%)        1248M (30%)    
[2.279s][info][gc,heap     ] GC(6)      Live:         -              1098M (27%)        1098M (27%)        1098M (27%)            -                  -          
[2.279s][info][gc,heap     ] GC(6) Allocated:         -                 4M (0%)            6M (0%)            6M (0%)             -                  -          
[2.279s][info][gc,heap     ] GC(6)   Garbage:         -               149M (4%)          149M (4%)          147M (4%)             -                  -          
[2.279s][info][gc,heap     ] GC(6) Reclaimed:         -                  -                 0M (0%)            2M (0%)             -                  -          
[2.279s][info][gc          ] GC(6) Garbage Collection (Warmup) 1248M(30%)->1252M(31%)
[2.554s][info][gc,start    ] GC(7) Garbage Collection (Timer)
[2.554s][info][gc,task     ] GC(7) Using 8 workers
[2.555s][info][gc,phases   ] GC(7) Pause Mark Start 0.006ms
[2.572s][info][gc,phases   ] GC(7) Concurrent Mark 17.698ms
[2.573s][info][gc,phases   ] GC(7) Pause Mark End 0.010ms
[2.573s][info][gc,phases   ] GC(7) Concurrent Mark Free 0.001ms
[2.573s][info][gc,phases   ] GC(7) Concurrent Process Non-Strong References 0.547ms
[2.573s][info][gc,phases   ] GC(7) Concurrent Reset Relocation Set 0.002ms
[2.576s][info][gc,phases   ] GC(7) Concurrent Select Relocation Set 2.401ms
[2.576s][info][gc,phases   ] GC(7) Pause Relocate Start 0.007ms
[2.579s][info][gc,phases   ] GC(7) Concurrent Relocate 2.767ms
[2.579s][info][gc,load     ] GC(7) Load: 0.00/0.00/0.00
[2.579s][info][gc,mmu      ] GC(7) MMU: 2ms/99.2%, 5ms/99.5%, 10ms/99.8%, 20ms/99.8%, 50ms/99.9%, 100ms/100.0%
[2.579s][info][gc,marking  ] GC(7) Mark: 8 stripe(s), 3 proactive flush(es), 1 terminate flush(es), 0 completion(s), 0 continuation(s) 
[2.579s][info][gc,marking  ] GC(7) Mark Stack Usage: 32M
[2.579s][info][gc,nmethod  ] GC(7) NMethods: 469 registered, 0 unregistered
[2.579s][info][gc,metaspace] GC(7) Metaspace: 1M used, 1M committed, 1088M reserved
[2.579s][info][gc,ref      ] GC(7) Soft: 181 encountered, 0 discovered, 0 enqueued
[2.579s][info][gc,ref      ] GC(7) Weak: 263 encountered, 17 discovered, 0 enqueued
[2.579s][info][gc,ref      ] GC(7) Final: 0 encountered, 0 discovered, 0 enqueued
[2.579s][info][gc,ref      ] GC(7) Phantom: 7 encountered, 3 discovered, 0 enqueued
[2.579s][info][gc,reloc    ] GC(7) Small Pages: 705 / 1410M, Empty: 0M, Relocated: 6M, In-Place: 0
[2.579s][info][gc,reloc    ] GC(7) Medium Pages: 1 / 32M, Empty: 0M, Relocated: 0M, In-Place: 0
[2.579s][info][gc,reloc    ] GC(7) Large Pages: 0 / 0M, Empty: 0M, Relocated: 0M, In-Place: 0
[2.579s][info][gc,reloc    ] GC(7) Forwarding Usage: 0M
[2.579s][info][gc,heap     ] GC(7) Min Capacity: 4096M(100%)
[2.579s][info][gc,heap     ] GC(7) Max Capacity: 4096M(100%)
[2.579s][info][gc,heap     ] GC(7) Soft Max Capacity: 4096M(100%)
[2.579s][info][gc,heap     ] GC(7)                Mark Start          Mark End        Relocate Start      Relocate End           High               Low         
[2.579s][info][gc,heap     ] GC(7)  Capacity:     4096M (100%)       4096M (100%)       4096M (100%)       4096M (100%)       4096M (100%)       4096M (100%)   
[2.579s][info][gc,heap     ] GC(7)      Free:     2654M (65%)        2650M (65%)        2648M (65%)        2652M (65%)        2654M (65%)        2632M (64%)    
[2.579s][info][gc,heap     ] GC(7)      Used:     1442M (35%)        1446M (35%)        1448M (35%)        1444M (35%)        1464M (36%)        1442M (35%)    
[2.579s][info][gc,heap     ] GC(7)      Live:         -              1276M (31%)        1276M (31%)        1276M (31%)            -                  -          
[2.580s][info][gc,heap     ] GC(7) Allocated:         -                 4M (0%)            6M (0%)            5M (0%)             -                  -          
[2.580s][info][gc,heap     ] GC(7)   Garbage:         -               165M (4%)          165M (4%)          161M (4%)             -                  -          
[2.580s][info][gc,heap     ] GC(7) Reclaimed:         -                  -                 0M (0%)            3M (0%)             -                  -          
[2.580s][info][gc          ] GC(7) Garbage Collection (Timer) 1442M(35%)->1444M(35%)
[2.854s][info][gc,start    ] GC(8) Garbage Collection (Timer)
[2.854s][info][gc,task     ] GC(8) Using 8 workers
[2.854s][info][gc,phases   ] GC(8) Pause Mark Start 0.006ms
[2.873s][info][gc,phases   ] GC(8) Concurrent Mark 18.721ms
[2.873s][info][gc,phases   ] GC(8) Pause Mark End 0.010ms
[2.873s][info][gc,phases   ] GC(8) Concurrent Mark Free 0.001ms
[2.874s][info][gc,phases   ] GC(8) Concurrent Process Non-Strong References 0.705ms
[2.874s][info][gc,phases   ] GC(8) Concurrent Reset Relocation Set 0.001ms
[2.876s][info][gc,phases   ] GC(8) Concurrent Select Relocation Set 2.178ms
[2.876s][info][gc,phases   ] GC(8) Pause Relocate Start 0.006ms
[2.878s][info][gc,phases   ] GC(8) Concurrent Relocate 1.939ms
[2.879s][info][gc,load     ] GC(8) Load: 0.00/0.00/0.00
[2.879s][info][gc,mmu      ] GC(8) MMU: 2ms/99.2%, 5ms/99.5%, 10ms/99.8%, 20ms/99.8%, 50ms/99.9%, 100ms/100.0%
[2.879s][info][gc,marking  ] GC(8) Mark: 8 stripe(s), 2 proactive flush(es), 1 terminate flush(es), 0 completion(s), 0 continuation(s) 
[2.879s][info][gc,marking  ] GC(8) Mark Stack Usage: 32M
[2.879s][info][gc,nmethod  ] GC(8) NMethods: 469 registered, 0 unregistered
[2.879s][info][gc,metaspace] GC(8) Metaspace: 1M used, 1M committed, 1088M reserved
[2.879s][info][gc,ref      ] GC(8) Soft: 181 encountered, 0 discovered, 0 enqueued
[2.879s][info][gc,ref      ] GC(8) Weak: 263 encountered, 18 discovered, 0 enqueued
[2.879s][info][gc,ref      ] GC(8) Final: 0 encountered, 0 discovered, 0 enqueued
[2.879s][info][gc,ref      ] GC(8) Phantom: 7 encountered, 3 discovered, 0 enqueued
[2.879s][info][gc,reloc    ] GC(8) Small Pages: 800 / 1600M, Empty: 0M, Relocated: 6M, In-Place: 0
[2.879s][info][gc,reloc    ] GC(8) Medium Pages: 2 / 64M, Empty: 32M, Relocated: 0M, In-Place: 0
[2.879s][info][gc,reloc    ] GC(8) Large Pages: 0 / 0M, Empty: 0M, Relocated: 0M, In-Place: 0
[2.879s][info][gc,reloc    ] GC(8) Forwarding Usage: 0M
[2.879s][info][gc,heap     ] GC(8) Min Capacity: 4096M(100%)
[2.879s][info][gc,heap     ] GC(8) Max Capacity: 4096M(100%)
[2.879s][info][gc,heap     ] GC(8) Soft Max Capacity: 4096M(100%)
[2.879s][info][gc,heap     ] GC(8)                Mark Start          Mark End        Relocate Start      Relocate End           High               Low         
[2.879s][info][gc,heap     ] GC(8)  Capacity:     4096M (100%)       4096M (100%)       4096M (100%)       4096M (100%)       4096M (100%)       4096M (100%)   
[2.879s][info][gc,heap     ] GC(8)      Free:     2432M (59%)        2430M (59%)        2460M (60%)        2458M (60%)        2460M (60%)        2428M (59%)    
[2.879s][info][gc,heap     ] GC(8)      Used:     1664M (41%)        1666M (41%)        1636M (40%)        1638M (40%)        1668M (41%)        1636M (40%)    
[2.879s][info][gc,heap     ] GC(8)      Live:         -              1453M (35%)        1453M (35%)        1453M (35%)            -                  -          
[2.879s][info][gc,heap     ] GC(8) Allocated:         -                 2M (0%)            4M (0%)            6M (0%)             -                  -          
[2.879s][info][gc,heap     ] GC(8)   Garbage:         -               210M (5%)          178M (4%)          178M (4%)             -                  -          
[2.879s][info][gc,heap     ] GC(8) Reclaimed:         -                  -                32M (1%)           32M (1%)             -                  -          
[2.879s][info][gc          ] GC(8) Garbage Collection (Timer) 1664M(41%)->1638M(40%)
[3.154s][info][gc,start    ] GC(9) Garbage Collection (Timer)
[3.154s][info][gc,task     ] GC(9) Using 8 workers
[3.154s][info][gc,phases   ] GC(9) Pause Mark Start 0.005ms
[3.176s][info][gc,phases   ] GC(9) Concurrent Mark 21.606ms
[3.176s][info][gc,phases   ] GC(9) Pause Mark End 0.011ms
[3.176s][info][gc,phases   ] GC(9) Concurrent Mark Free 0.001ms
[3.177s][info][gc,phases   ] GC(9) Concurrent Process Non-Strong References 0.619ms
[3.177s][info][gc,phases   ] GC(9) Concurrent Reset Relocation Set 0.002ms
[3.180s][info][gc,phases   ] GC(9) Concurrent Select Relocation Set 3.009ms
[3.180s][info][gc,phases   ] GC(9) Pause Relocate Start 0.006ms
[3.183s][info][gc,phases   ] GC(9) Concurrent Relocate 2.918ms
[3.183s][info][gc,load     ] GC(9) Load: 0.00/0.00/0.00
[3.183s][info][gc,mmu      ] GC(9) MMU: 2ms/99.2%, 5ms/99.5%, 10ms/99.8%, 20ms/99.8%, 50ms/99.9%, 100ms/100.0%
[3.183s][info][gc,marking  ] GC(9) Mark: 8 stripe(s), 3 proactive flush(es), 1 terminate flush(es), 0 completion(s), 0 continuation(s) 
[3.183s][info][gc,marking  ] GC(9) Mark Stack Usage: 32M
[3.183s][info][gc,nmethod  ] GC(9) NMethods: 481 registered, 0 unregistered
[3.183s][info][gc,metaspace] GC(9) Metaspace: 1M used, 1M committed, 1088M reserved
[3.183s][info][gc,ref      ] GC(9) Soft: 181 encountered, 0 discovered, 0 enqueued
[3.183s][info][gc,ref      ] GC(9) Weak: 263 encountered, 0 discovered, 0 enqueued
[3.183s][info][gc,ref      ] GC(9) Final: 0 encountered, 0 discovered, 0 enqueued
[3.183s][info][gc,ref      ] GC(9) Phantom: 7 encountered, 1 discovered, 0 enqueued
[3.183s][info][gc,reloc    ] GC(9) Small Pages: 904 / 1808M, Empty: 0M, Relocated: 8M, In-Place: 0
[3.183s][info][gc,reloc    ] GC(9) Medium Pages: 1 / 32M, Empty: 0M, Relocated: 0M, In-Place: 0
[3.183s][info][gc,reloc    ] GC(9) Large Pages: 0 / 0M, Empty: 0M, Relocated: 0M, In-Place: 0
[3.183s][info][gc,reloc    ] GC(9) Forwarding Usage: 0M
[3.183s][info][gc,heap     ] GC(9) Min Capacity: 4096M(100%)
[3.183s][info][gc,heap     ] GC(9) Max Capacity: 4096M(100%)
[3.183s][info][gc,heap     ] GC(9) Soft Max Capacity: 4096M(100%)
[3.183s][info][gc,heap     ] GC(9)                Mark Start          Mark End        Relocate Start      Relocate End           High               Low         
[3.183s][info][gc,heap     ] GC(9)  Capacity:     4096M (100%)       4096M (100%)       4096M (100%)       4096M (100%)       4096M (100%)       4096M (100%)   
[3.184s][info][gc,heap     ] GC(9)      Free:     2256M (55%)        2252M (55%)        2250M (55%)        2252M (55%)        2256M (55%)        2234M (55%)    
[3.184s][info][gc,heap     ] GC(9)      Used:     1840M (45%)        1844M (45%)        1846M (45%)        1844M (45%)        1862M (45%)        1840M (45%)    
[3.184s][info][gc,heap     ] GC(9)      Live:         -              1641M (40%)        1641M (40%)        1641M (40%)            -                  -          
[3.184s][info][gc,heap     ] GC(9) Allocated:         -                 4M (0%)            6M (0%)            6M (0%)             -                  -          
[3.184s][info][gc,heap     ] GC(9)   Garbage:         -               198M (5%)          198M (5%)          196M (5%)             -                  -          
[3.184s][info][gc,heap     ] GC(9) Reclaimed:         -                  -                 0M (0%)            2M (0%)             -                  -          
[3.184s][info][gc          ] GC(9) Garbage Collection (Timer) 1840M(45%)->1844M(45%)
[3.455s][info][gc,start    ] GC(10) Garbage Collection (Timer)
[3.455s][info][gc,task     ] GC(10) Using 8 workers
[3.455s][info][gc,phases   ] GC(10) Pause Mark Start 0.005ms
[3.477s][info][gc,phases   ] GC(10) Concurrent Mark 21.603ms
[3.477s][info][gc,phases   ] GC(10) Pause Mark End 0.010ms
[3.477s][info][gc,phases   ] GC(10) Concurrent Mark Free 0.001ms
[3.478s][info][gc,phases   ] GC(10) Concurrent Process Non-Strong References 0.666ms
[3.478s][info][gc,phases   ] GC(10) Concurrent Reset Relocation Set 0.001ms
[3.480s][info][gc,phases   ] GC(10) Concurrent Select Relocation Set 2.186ms
[3.480s][info][gc,phases   ] GC(10) Pause Relocate Start 0.005ms
[3.482s][info][gc,phases   ] GC(10) Concurrent Relocate 2.225ms
[3.482s][info][gc,load     ] GC(10) Load: 0.00/0.00/0.00
[3.482s][info][gc,mmu      ] GC(10) MMU: 2ms/99.2%, 5ms/99.5%, 10ms/99.8%, 20ms/99.8%, 50ms/99.9%, 100ms/100.0%
[3.483s][info][gc,marking  ] GC(10) Mark: 8 stripe(s), 4 proactive flush(es), 1 terminate flush(es), 0 completion(s), 0 continuation(s) 
[3.483s][info][gc,marking  ] GC(10) Mark Stack Usage: 32M
[3.483s][info][gc,nmethod  ] GC(10) NMethods: 483 registered, 0 unregistered
[3.483s][info][gc,metaspace] GC(10) Metaspace: 1M used, 1M committed, 1088M reserved
[3.483s][info][gc,ref      ] GC(10) Soft: 181 encountered, 0 discovered, 0 enqueued
[3.483s][info][gc,ref      ] GC(10) Weak: 263 encountered, 5 discovered, 0 enqueued
[3.483s][info][gc,ref      ] GC(10) Final: 0 encountered, 0 discovered, 0 enqueued
[3.483s][info][gc,ref      ] GC(10) Phantom: 7 encountered, 3 discovered, 0 enqueued
[3.483s][info][gc,reloc    ] GC(10) Small Pages: 1009 / 2018M, Empty: 0M, Relocated: 6M, In-Place: 0
[3.483s][info][gc,reloc    ] GC(10) Medium Pages: 1 / 32M, Empty: 0M, Relocated: 0M, In-Place: 0
[3.483s][info][gc,reloc    ] GC(10) Large Pages: 0 / 0M, Empty: 0M, Relocated: 0M, In-Place: 0
[3.483s][info][gc,reloc    ] GC(10) Forwarding Usage: 0M
[3.483s][info][gc,heap     ] GC(10) Min Capacity: 4096M(100%)
[3.483s][info][gc,heap     ] GC(10) Max Capacity: 4096M(100%)
[3.483s][info][gc,heap     ] GC(10) Soft Max Capacity: 4096M(100%)
[3.483s][info][gc,heap     ] GC(10)                Mark Start          Mark End        Relocate Start      Relocate End           High               Low         
[3.483s][info][gc,heap     ] GC(10)  Capacity:     4096M (100%)       4096M (100%)       4096M (100%)       4096M (100%)       4096M (100%)       4096M (100%)   
[3.483s][info][gc,heap     ] GC(10)      Free:     2046M (50%)        2044M (50%)        2042M (50%)        2042M (50%)        2046M (50%)        2024M (49%)    
[3.483s][info][gc,heap     ] GC(10)      Used:     2050M (50%)        2052M (50%)        2054M (50%)        2054M (50%)        2072M (51%)        2050M (50%)    
[3.483s][info][gc,heap     ] GC(10)      Live:         -              1833M (45%)        1833M (45%)        1833M (45%)            -                  -          
[3.483s][info][gc,heap     ] GC(10) Allocated:         -                 2M (0%)            4M (0%)            5M (0%)             -                  -          
[3.483s][info][gc,heap     ] GC(10)   Garbage:         -               216M (5%)          216M (5%)          214M (5%)             -                  -          
[3.483s][info][gc,heap     ] GC(10) Reclaimed:         -                  -                 0M (0%)            1M (0%)             -                  -          
[3.483s][info][gc          ] GC(10) Garbage Collection (Timer) 2050M(50%)->2054M(50%)
[3.754s][info][gc,start    ] GC(11) Garbage Collection (Timer)
[3.754s][info][gc,task     ] GC(11) Using 8 workers
[3.754s][info][gc,phases   ] GC(11) Pause Mark Start 0.006ms
[3.772s][info][gc,phases   ] GC(11) Concurrent Mark 17.653ms
[3.772s][info][gc,phases   ] GC(11) Pause Mark End 0.010ms
[3.772s][info][gc,phases   ] GC(11) Concurrent Mark Free 0.001ms
[3.773s][info][gc,phases   ] GC(11) Concurrent Process Non-Strong References 0.777ms
[3.773s][info][gc,phases   ] GC(11) Concurrent Reset Relocation Set 0.001ms
[3.775s][info][gc,phases   ] GC(11) Concurrent Select Relocation Set 2.176ms
[3.776s][info][gc,phases   ] GC(11) Pause Relocate Start 0.005ms
[3.778s][info][gc,phases   ] GC(11) Concurrent Relocate 2.310ms
[3.778s][info][gc,load     ] GC(11) Load: 0.00/0.00/0.00
[3.778s][info][gc,mmu      ] GC(11) MMU: 2ms/99.2%, 5ms/99.5%, 10ms/99.8%, 20ms/99.8%, 50ms/99.9%, 100ms/100.0%
[3.778s][info][gc,marking  ] GC(11) Mark: 8 stripe(s), 3 proactive flush(es), 1 terminate flush(es), 0 completion(s), 0 continuation(s) 
[3.778s][info][gc,marking  ] GC(11) Mark Stack Usage: 32M
[3.778s][info][gc,nmethod  ] GC(11) NMethods: 483 registered, 0 unregistered
[3.778s][info][gc,metaspace] GC(11) Metaspace: 1M used, 1M committed, 1088M reserved
[3.778s][info][gc,ref      ] GC(11) Soft: 181 encountered, 0 discovered, 0 enqueued
[3.778s][info][gc,ref      ] GC(11) Weak: 263 encountered, 3 discovered, 0 enqueued
[3.778s][info][gc,ref      ] GC(11) Final: 0 encountered, 0 discovered, 0 enqueued
[3.778s][info][gc,ref      ] GC(11) Phantom: 7 encountered, 3 discovered, 0 enqueued
[3.778s][info][gc,reloc    ] GC(11) Small Pages: 1104 / 2208M, Empty: 0M, Relocated: 6M, In-Place: 0
[3.778s][info][gc,reloc    ] GC(11) Medium Pages: 2 / 64M, Empty: 32M, Relocated: 0M, In-Place: 0
[3.778s][info][gc,reloc    ] GC(11) Large Pages: 0 / 0M, Empty: 0M, Relocated: 0M, In-Place: 0
[3.778s][info][gc,reloc    ] GC(11) Forwarding Usage: 0M
[3.778s][info][gc,heap     ] GC(11) Min Capacity: 4096M(100%)
[3.778s][info][gc,heap     ] GC(11) Max Capacity: 4096M(100%)
[3.779s][info][gc,heap     ] GC(11) Soft Max Capacity: 4096M(100%)
[3.779s][info][gc,heap     ] GC(11)                Mark Start          Mark End        Relocate Start      Relocate End           High               Low         
[3.779s][info][gc,heap     ] GC(11)  Capacity:     4096M (100%)       4096M (100%)       4096M (100%)       4096M (100%)       4096M (100%)       4096M (100%)   
[3.779s][info][gc,heap     ] GC(11)      Free:     1824M (45%)        1822M (44%)        1852M (45%)        1850M (45%)        1852M (45%)        1820M (44%)    
[3.779s][info][gc,heap     ] GC(11)      Used:     2272M (55%)        2274M (56%)        2244M (55%)        2246M (55%)        2276M (56%)        2244M (55%)    
[3.779s][info][gc,heap     ] GC(11)      Live:         -              2009M (49%)        2009M (49%)        2009M (49%)            -                  -          
[3.779s][info][gc,heap     ] GC(11) Allocated:         -                 2M (0%)            4M (0%)            6M (0%)             -                  -          
[3.779s][info][gc,heap     ] GC(11)   Garbage:         -               262M (6%)          230M (6%)          230M (6%)             -                  -          
[3.779s][info][gc,heap     ] GC(11) Reclaimed:         -                  -                32M (1%)           32M (1%)             -                  -          
[3.779s][info][gc          ] GC(11) Garbage Collection (Timer) 2272M(55%)->2246M(55%)
[4.054s][info][gc,start    ] GC(12) Garbage Collection (Timer)
[4.054s][info][gc,task     ] GC(12) Using 8 workers
[4.054s][info][gc,phases   ] GC(12) Pause Mark Start 0.006ms
[4.074s][info][gc,phases   ] GC(12) Concurrent Mark 19.853ms
[4.074s][info][gc,phases   ] GC(12) Pause Mark End 0.010ms
[4.074s][info][gc,phases   ] GC(12) Concurrent Mark Free 0.001ms
[4.075s][info][gc,phases   ] GC(12) Concurrent Process Non-Strong References 0.682ms
[4.075s][info][gc,phases   ] GC(12) Concurrent Reset Relocation Set 0.001ms
[4.077s][info][gc,phases   ] GC(12) Concurrent Select Relocation Set 2.228ms
[4.077s][info][gc,phases   ] GC(12) Pause Relocate Start 0.006ms
[4.079s][info][gc,phases   ] GC(12) Concurrent Relocate 1.961ms
[4.079s][info][gc,load     ] GC(12) Load: 0.00/0.00/0.00
[4.080s][info][gc,mmu      ] GC(12) MMU: 2ms/99.2%, 5ms/99.5%, 10ms/99.8%, 20ms/99.8%, 50ms/99.9%, 100ms/100.0%
[4.080s][info][gc,marking  ] GC(12) Mark: 8 stripe(s), 5 proactive flush(es), 1 terminate flush(es), 0 completion(s), 0 continuation(s) 
[4.080s][info][gc,marking  ] GC(12) Mark Stack Usage: 32M
[4.080s][info][gc,nmethod  ] GC(12) NMethods: 483 registered, 0 unregistered
[4.080s][info][gc,metaspace] GC(12) Metaspace: 1M used, 1M committed, 1088M reserved
[4.080s][info][gc,ref      ] GC(12) Soft: 181 encountered, 0 discovered, 0 enqueued
[4.080s][info][gc,ref      ] GC(12) Weak: 263 encountered, 15 discovered, 0 enqueued
[4.080s][info][gc,ref      ] GC(12) Final: 0 encountered, 0 discovered, 0 enqueued
[4.080s][info][gc,ref      ] GC(12) Phantom: 7 encountered, 2 discovered, 0 enqueued
[4.080s][info][gc,reloc    ] GC(12) Small Pages: 1186 / 2372M, Empty: 0M, Relocated: 6M, In-Place: 0
[4.080s][info][gc,reloc    ] GC(12) Medium Pages: 1 / 32M, Empty: 0M, Relocated: 0M, In-Place: 0
[4.080s][info][gc,reloc    ] GC(12) Large Pages: 0 / 0M, Empty: 0M, Relocated: 0M, In-Place: 0
[4.080s][info][gc,reloc    ] GC(12) Forwarding Usage: 0M
[4.080s][info][gc,heap     ] GC(12) Min Capacity: 4096M(100%)
[4.080s][info][gc,heap     ] GC(12) Max Capacity: 4096M(100%)
[4.080s][info][gc,heap     ] GC(12) Soft Max Capacity: 4096M(100%)
[4.080s][info][gc,heap     ] GC(12)                Mark Start          Mark End        Relocate Start      Relocate End           High               Low         
[4.080s][info][gc,heap     ] GC(12)  Capacity:     4096M (100%)       4096M (100%)       4096M (100%)       4096M (100%)       4096M (100%)       4096M (100%)   
[4.080s][info][gc,heap     ] GC(12)      Free:     1692M (41%)        1690M (41%)        1688M (41%)        1690M (41%)        1692M (41%)        1674M (41%)    
[4.080s][info][gc,heap     ] GC(12)      Used:     2404M (59%)        2406M (59%)        2408M (59%)        2406M (59%)        2422M (59%)        2404M (59%)    
[4.080s][info][gc,heap     ] GC(12)      Live:         -              2157M (53%)        2157M (53%)        2157M (53%)            -                  -          
[4.080s][info][gc,heap     ] GC(12) Allocated:         -                 2M (0%)            4M (0%)            4M (0%)             -                  -          
[4.080s][info][gc,heap     ] GC(12)   Garbage:         -               246M (6%)          246M (6%)          244M (6%)             -                  -          
[4.080s][info][gc,heap     ] GC(12) Reclaimed:         -                  -                 0M (0%)            2M (0%)             -                  -          
[4.080s][info][gc          ] GC(12) Garbage Collection (Timer) 2404M(59%)->2406M(59%)
[4.354s][info][gc,start    ] GC(13) Garbage Collection (Timer)
[4.354s][info][gc,task     ] GC(13) Using 8 workers
[4.354s][info][gc,phases   ] GC(13) Pause Mark Start 0.006ms
[4.374s][info][gc,phases   ] GC(13) Concurrent Mark 19.412ms
[4.374s][info][gc,phases   ] GC(13) Pause Mark End 0.010ms
[4.374s][info][gc,phases   ] GC(13) Concurrent Mark Free 0.001ms
[4.375s][info][gc,phases   ] GC(13) Concurrent Process Non-Strong References 0.583ms
[4.375s][info][gc,phases   ] GC(13) Concurrent Reset Relocation Set 0.001ms
[4.377s][info][gc,phases   ] GC(13) Concurrent Select Relocation Set 2.284ms
[4.377s][info][gc,phases   ] GC(13) Pause Relocate Start 0.006ms
[4.380s][info][gc,phases   ] GC(13) Concurrent Relocate 2.281ms
[4.380s][info][gc,load     ] GC(13) Load: 0.00/0.00/0.00
[4.380s][info][gc,mmu      ] GC(13) MMU: 2ms/99.2%, 5ms/99.5%, 10ms/99.8%, 20ms/99.8%, 50ms/99.9%, 100ms/100.0%
[4.380s][info][gc,marking  ] GC(13) Mark: 8 stripe(s), 4 proactive flush(es), 1 terminate flush(es), 0 completion(s), 0 continuation(s) 
[4.380s][info][gc,marking  ] GC(13) Mark Stack Usage: 32M
[4.380s][info][gc,nmethod  ] GC(13) NMethods: 487 registered, 0 unregistered
[4.380s][info][gc,metaspace] GC(13) Metaspace: 1M used, 1M committed, 1088M reserved
[4.380s][info][gc,ref      ] GC(13) Soft: 181 encountered, 0 discovered, 0 enqueued
[4.380s][info][gc,ref      ] GC(13) Weak: 263 encountered, 0 discovered, 0 enqueued
[4.380s][info][gc,ref      ] GC(13) Final: 0 encountered, 0 discovered, 0 enqueued
[4.380s][info][gc,ref      ] GC(13) Phantom: 7 encountered, 4 discovered, 0 enqueued
[4.380s][info][gc,reloc    ] GC(13) Small Pages: 1273 / 2546M, Empty: 0M, Relocated: 6M, In-Place: 0
[4.380s][info][gc,reloc    ] GC(13) Medium Pages: 1 / 32M, Empty: 0M, Relocated: 0M, In-Place: 0
[4.380s][info][gc,reloc    ] GC(13) Large Pages: 0 / 0M, Empty: 0M, Relocated: 0M, In-Place: 0
[4.380s][info][gc,reloc    ] GC(13) Forwarding Usage: 0M
[4.380s][info][gc,heap     ] GC(13) Min Capacity: 4096M(100%)
[4.380s][info][gc,heap     ] GC(13) Max Capacity: 4096M(100%)
[4.380s][info][gc,heap     ] GC(13) Soft Max Capacity: 4096M(100%)
[4.380s][info][gc,heap     ] GC(13)                Mark Start          Mark End        Relocate Start      Relocate End           High               Low         
[4.380s][info][gc,heap     ] GC(13)  Capacity:     4096M (100%)       4096M (100%)       4096M (100%)       4096M (100%)       4096M (100%)       4096M (100%)   
[4.380s][info][gc,heap     ] GC(13)      Free:     1518M (37%)        1516M (37%)        1514M (37%)        1516M (37%)        1518M (37%)        1498M (37%)    
[4.380s][info][gc,heap     ] GC(13)      Used:     2578M (63%)        2580M (63%)        2582M (63%)        2580M (63%)        2598M (63%)        2578M (63%)    
[4.380s][info][gc,heap     ] GC(13)      Live:         -              2317M (57%)        2317M (57%)        2317M (57%)            -                  -          
[4.380s][info][gc,heap     ] GC(13) Allocated:         -                 2M (0%)            4M (0%)            4M (0%)             -                  -          
[4.380s][info][gc,heap     ] GC(13)   Garbage:         -               260M (6%)          260M (6%)          258M (6%)             -                  -          
[4.380s][info][gc,heap     ] GC(13) Reclaimed:         -                  -                 0M (0%)            2M (0%)             -                  -          
[4.380s][info][gc          ] GC(13) Garbage Collection (Timer) 2578M(63%)->2580M(63%)
[4.654s][info][gc,start    ] GC(14) Garbage Collection (Timer)
[4.654s][info][gc,task     ] GC(14) Using 8 workers
[4.655s][info][gc,phases   ] GC(14) Pause Mark Start 0.005ms
[4.678s][info][gc,phases   ] GC(14) Concurrent Mark 22.737ms
[4.678s][info][gc,phases   ] GC(14) Pause Mark End 0.011ms
[4.678s][info][gc,phases   ] GC(14) Concurrent Mark Free 0.001ms
[4.678s][info][gc,phases   ] GC(14) Concurrent Process Non-Strong References 0.584ms
[4.678s][info][gc,phases   ] GC(14) Concurrent Reset Relocation Set 0.001ms
[4.681s][info][gc,phases   ] GC(14) Concurrent Select Relocation Set 2.768ms
[4.681s][info][gc,phases   ] GC(14) Pause Relocate Start 0.006ms
[4.683s][info][gc,phases   ] GC(14) Concurrent Relocate 1.349ms
[4.683s][info][gc,load     ] GC(14) Load: 0.00/0.00/0.00
[4.683s][info][gc,mmu      ] GC(14) MMU: 2ms/99.2%, 5ms/99.5%, 10ms/99.8%, 20ms/99.8%, 50ms/99.9%, 100ms/100.0%
[4.683s][info][gc,marking  ] GC(14) Mark: 8 stripe(s), 4 proactive flush(es), 1 terminate flush(es), 0 completion(s), 0 continuation(s) 
[4.683s][info][gc,marking  ] GC(14) Mark Stack Usage: 32M
[4.683s][info][gc,nmethod  ] GC(14) NMethods: 487 registered, 0 unregistered
[4.683s][info][gc,metaspace] GC(14) Metaspace: 1M used, 1M committed, 1088M reserved
[4.683s][info][gc,ref      ] GC(14) Soft: 181 encountered, 0 discovered, 0 enqueued
[4.683s][info][gc,ref      ] GC(14) Weak: 263 encountered, 172 discovered, 0 enqueued
[4.683s][info][gc,ref      ] GC(14) Final: 0 encountered, 0 discovered, 0 enqueued
[4.683s][info][gc,ref      ] GC(14) Phantom: 7 encountered, 3 discovered, 0 enqueued
[4.683s][info][gc,reloc    ] GC(14) Small Pages: 1369 / 2738M, Empty: 0M, Relocated: 4M, In-Place: 0
[4.683s][info][gc,reloc    ] GC(14) Medium Pages: 1 / 32M, Empty: 0M, Relocated: 0M, In-Place: 0
[4.683s][info][gc,reloc    ] GC(14) Large Pages: 0 / 0M, Empty: 0M, Relocated: 0M, In-Place: 0
[4.683s][info][gc,reloc    ] GC(14) Forwarding Usage: 0M
[4.683s][info][gc,heap     ] GC(14) Min Capacity: 4096M(100%)
[4.683s][info][gc,heap     ] GC(14) Max Capacity: 4096M(100%)
[4.683s][info][gc,heap     ] GC(14) Soft Max Capacity: 4096M(100%)
[4.683s][info][gc,heap     ] GC(14)                Mark Start          Mark End        Relocate Start      Relocate End           High               Low         
[4.683s][info][gc,heap     ] GC(14)  Capacity:     4096M (100%)       4096M (100%)       4096M (100%)       4096M (100%)       4096M (100%)       4096M (100%)   
[4.683s][info][gc,heap     ] GC(14)      Free:     1326M (32%)        1324M (32%)        1324M (32%)        1324M (32%)        1326M (32%)        1310M (32%)    
[4.683s][info][gc,heap     ] GC(14)      Used:     2770M (68%)        2772M (68%)        2772M (68%)        2772M (68%)        2786M (68%)        2770M (68%)    
[4.683s][info][gc,heap     ] GC(14)      Live:         -              2492M (61%)        2492M (61%)        2492M (61%)            -                  -          
[4.683s][info][gc,heap     ] GC(14) Allocated:         -                 2M (0%)            2M (0%)            2M (0%)             -                  -          
[4.683s][info][gc,heap     ] GC(14)   Garbage:         -               277M (7%)          277M (7%)          277M (7%)             -                  -          
[4.683s][info][gc,heap     ] GC(14) Reclaimed:         -                  -                 0M (0%)            0M (0%)             -                  -          
[4.683s][info][gc          ] GC(14) Garbage Collection (Timer) 2770M(68%)->2772M(68%)
[4.954s][info][gc,start    ] GC(15) Garbage Collection (Timer)
[4.954s][info][gc,task     ] GC(15) Using 8 workers
[4.954s][info][gc,phases   ] GC(15) Pause Mark Start 0.006ms
[4.975s][info][gc,phases   ] GC(15) Concurrent Mark 20.747ms
[4.975s][info][gc,phases   ] GC(15) Pause Mark End 0.010ms
[4.976s][info][gc,phases   ] GC(15) Concurrent Mark Free 0.001ms
[4.976s][info][gc,phases   ] GC(15) Concurrent Process Non-Strong References 0.645ms
[4.976s][info][gc,phases   ] GC(15) Concurrent Reset Relocation Set 0.002ms
[4.979s][info][gc,phases   ] GC(15) Concurrent Select Relocation Set 2.244ms
[4.979s][info][gc,phases   ] GC(15) Pause Relocate Start 0.005ms
[4.980s][info][gc,phases   ] GC(15) Concurrent Relocate 1.668ms
[4.981s][info][gc,load     ] GC(15) Load: 0.00/0.00/0.00
[4.981s][info][gc,mmu      ] GC(15) MMU: 2ms/99.2%, 5ms/99.5%, 10ms/99.8%, 20ms/99.8%, 50ms/99.9%, 100ms/100.0%
[4.981s][info][gc,marking  ] GC(15) Mark: 8 stripe(s), 3 proactive flush(es), 1 terminate flush(es), 0 completion(s), 0 continuation(s) 
[4.981s][info][gc,marking  ] GC(15) Mark Stack Usage: 32M
[4.981s][info][gc,nmethod  ] GC(15) NMethods: 487 registered, 0 unregistered
[4.981s][info][gc,metaspace] GC(15) Metaspace: 1M used, 1M committed, 1088M reserved
[4.981s][info][gc,ref      ] GC(15) Soft: 181 encountered, 0 discovered, 0 enqueued
[4.981s][info][gc,ref      ] GC(15) Weak: 263 encountered, 175 discovered, 0 enqueued
[4.981s][info][gc,ref      ] GC(15) Final: 0 encountered, 0 discovered, 0 enqueued
[4.981s][info][gc,ref      ] GC(15) Phantom: 7 encountered, 4 discovered, 0 enqueued
[4.981s][info][gc,reloc    ] GC(15) Small Pages: 1427 / 2854M, Empty: 0M, Relocated: 6M, In-Place: 0
[4.981s][info][gc,reloc    ] GC(15) Medium Pages: 1 / 32M, Empty: 0M, Relocated: 0M, In-Place: 0
[4.981s][info][gc,reloc    ] GC(15) Large Pages: 0 / 0M, Empty: 0M, Relocated: 0M, In-Place: 0
[4.981s][info][gc,reloc    ] GC(15) Forwarding Usage: 0M
[4.981s][info][gc,heap     ] GC(15) Min Capacity: 4096M(100%)
[4.981s][info][gc,heap     ] GC(15) Max Capacity: 4096M(100%)
[4.981s][info][gc,heap     ] GC(15) Soft Max Capacity: 4096M(100%)
[4.981s][info][gc,heap     ] GC(15)                Mark Start          Mark End        Relocate Start      Relocate End           High               Low         
[4.981s][info][gc,heap     ] GC(15)  Capacity:     4096M (100%)       4096M (100%)       4096M (100%)       4096M (100%)       4096M (100%)       4096M (100%)   
[4.981s][info][gc,heap     ] GC(15)      Free:     1210M (30%)        1208M (29%)        1206M (29%)        1208M (29%)        1210M (30%)        1190M (29%)    
[4.981s][info][gc,heap     ] GC(15)      Used:     2886M (70%)        2888M (71%)        2890M (71%)        2888M (71%)        2906M (71%)        2886M (70%)    
[4.981s][info][gc,heap     ] GC(15)      Live:         -              2597M (63%)        2597M (63%)        2597M (63%)            -                  -          
[4.981s][info][gc,heap     ] GC(15) Allocated:         -                 2M (0%)            4M (0%)            4M (0%)             -                  -          
[4.981s][info][gc,heap     ] GC(15)   Garbage:         -               288M (7%)          288M (7%)          286M (7%)             -                  -          
[4.981s][info][gc,heap     ] GC(15) Reclaimed:         -                  -                 0M (0%)            2M (0%)             -                  -          
[4.981s][info][gc          ] GC(15) Garbage Collection (Timer) 2886M(70%)->2888M(71%)
[5.255s][info][gc,start    ] GC(16) Garbage Collection (Timer)
[5.255s][info][gc,task     ] GC(16) Using 8 workers
[5.255s][info][gc,phases   ] GC(16) Pause Mark Start 0.006ms
[5.274s][info][gc,phases   ] GC(16) Concurrent Mark 18.770ms
[5.274s][info][gc,phases   ] GC(16) Pause Mark End 0.009ms
[5.274s][info][gc,phases   ] GC(16) Concurrent Mark Free 0.001ms
[5.275s][info][gc,phases   ] GC(16) Concurrent Process Non-Strong References 0.606ms
[5.275s][info][gc,phases   ] GC(16) Concurrent Reset Relocation Set 0.002ms
[5.277s][info][gc,phases   ] GC(16) Concurrent Select Relocation Set 2.470ms
[5.277s][info][gc,phases   ] GC(16) Pause Relocate Start 0.005ms
[5.280s][info][gc,phases   ] GC(16) Concurrent Relocate 2.604ms
[5.280s][info][gc,load     ] GC(16) Load: 0.00/0.00/0.00
[5.280s][info][gc,mmu      ] GC(16) MMU: 2ms/99.2%, 5ms/99.5%, 10ms/99.8%, 20ms/99.8%, 50ms/99.9%, 100ms/100.0%
[5.280s][info][gc,marking  ] GC(16) Mark: 8 stripe(s), 2 proactive flush(es), 1 terminate flush(es), 0 completion(s), 0 continuation(s) 
[5.280s][info][gc,marking  ] GC(16) Mark Stack Usage: 32M
[5.280s][info][gc,nmethod  ] GC(16) NMethods: 487 registered, 0 unregistered
[5.280s][info][gc,metaspace] GC(16) Metaspace: 1M used, 1M committed, 1088M reserved
[5.280s][info][gc,ref      ] GC(16) Soft: 181 encountered, 0 discovered, 0 enqueued
[5.280s][info][gc,ref      ] GC(16) Weak: 263 encountered, 64 discovered, 0 enqueued
[5.280s][info][gc,ref      ] GC(16) Final: 0 encountered, 0 discovered, 0 enqueued
[5.281s][info][gc,ref      ] GC(16) Phantom: 7 encountered, 2 discovered, 0 enqueued
[5.281s][info][gc,reloc    ] GC(16) Small Pages: 1497 / 2994M, Empty: 0M, Relocated: 8M, In-Place: 0
[5.281s][info][gc,reloc    ] GC(16) Medium Pages: 1 / 32M, Empty: 0M, Relocated: 0M, In-Place: 0
[5.281s][info][gc,reloc    ] GC(16) Large Pages: 0 / 0M, Empty: 0M, Relocated: 0M, In-Place: 0
[5.281s][info][gc,reloc    ] GC(16) Forwarding Usage: 0M
[5.281s][info][gc,heap     ] GC(16) Min Capacity: 4096M(100%)
[5.281s][info][gc,heap     ] GC(16) Max Capacity: 4096M(100%)
[5.281s][info][gc,heap     ] GC(16) Soft Max Capacity: 4096M(100%)
[5.281s][info][gc,heap     ] GC(16)                Mark Start          Mark End        Relocate Start      Relocate End           High               Low         
[5.281s][info][gc,heap     ] GC(16)  Capacity:     4096M (100%)       4096M (100%)       4096M (100%)       4096M (100%)       4096M (100%)       4096M (100%)   
[5.281s][info][gc,heap     ] GC(16)      Free:     1070M (26%)        1066M (26%)        1064M (26%)        1068M (26%)        1070M (26%)        1048M (26%)    
[5.281s][info][gc,heap     ] GC(16)      Used:     3026M (74%)        3030M (74%)        3032M (74%)        3028M (74%)        3048M (74%)        3026M (74%)    
[5.281s][info][gc,heap     ] GC(16)      Live:         -              2725M (67%)        2725M (67%)        2725M (67%)            -                  -          
[5.281s][info][gc,heap     ] GC(16) Allocated:         -                 4M (0%)            6M (0%)            5M (0%)             -                  -          
[5.281s][info][gc,heap     ] GC(16)   Garbage:         -               300M (7%)          300M (7%)          296M (7%)             -                  -          
[5.281s][info][gc,heap     ] GC(16) Reclaimed:         -                  -                 0M (0%)            3M (0%)             -                  -          
[5.281s][info][gc          ] GC(16) Garbage Collection (Timer) 3026M(74%)->3028M(74%)
[5.306s][info][gc,heap,exit] Heap
[5.306s][info][gc,heap,exit]  ZHeap           used 3042M, capacity 4096M, max capacity 4096M
[5.306s][info][gc,heap,exit]  Metaspace       used 1584K, committed 1792K, reserved 1114112K
[5.306s][info][gc,heap,exit]   class space    used 147K, committed 256K, reserved 1048576K
