[0.067s][info][gc,init] Initializing The Z Garbage Collector
[0.068s][info][gc,init] Version: 17.0.11+1-LTS (release)
[0.068s][info][gc,init] NUMA Support: Disabled
[0.068s][info][gc,init] CPUs: 12 total, 12 available
[0.068s][info][gc,init] Memory: 24496M
[0.068s][info][gc,init] Large Page Support: Disabled
[0.068s][info][gc,init] GC Workers: 3 (dynamic)
[0.069s][info][gc,init] Address Space Type: Contiguous/Unrestricted/Complete
[0.069s][info][gc,init] Address Space Size: 131072M x 3 = 393216M
[0.069s][info][gc,init] Min Capacity: 8192M
[0.069s][info][gc,init] Initial Capacity: 8192M
[0.070s][info][gc,init] Max Capacity: 8192M
[0.070s][info][gc,init] Medium Page Size: 32M
[0.070s][info][gc,init] Pre-touch: Disabled
[0.070s][info][gc,init] Uncommit: Implicitly Disabled (-Xms equals -Xmx)
[0.738s][info][gc,init] Runtime Workers: 8
[0.739s][info][gc     ] Using The Z Garbage Collector
[0.865s][info][gc,metaspace] CDS archive(s) mapped at: [0x0000021519000000-0x0000021519bc0000-0x0000021519bc0000), size 12320768, SharedBaseAddress: 0x0000021519000000, ArchiveRelocationMode: 1.
[0.865s][info][gc,metaspace] Compressed class space mapped at: 0x000002151a000000-0x000002155a000000, reserved size: 1073741824
[0.865s][info][gc,metaspace] Narrow klass base: 0x0000021519000000, Narrow klass shift: 0, Narrow klass range: 0x100000000
[1.004s][info][gc,start    ] GC(0) Garbage Collection (Timer)
[1.004s][info][gc,task     ] GC(0) Using 3 workers
[1.004s][info][gc,phases   ] GC(0) Pause Mark Start 0.006ms
[1.008s][info][gc,phases   ] GC(0) Concurrent Mark 3.730ms
[1.008s][info][gc,phases   ] GC(0) Pause Mark End 0.015ms
[1.008s][info][gc,phases   ] GC(0) Concurrent Mark Free 0.001ms
[1.009s][info][gc,phases   ] GC(0) Concurrent Process Non-Strong References 0.280ms
[1.009s][info][gc,phases   ] GC(0) Concurrent Reset Relocation Set 0.001ms
[1.019s][info][gc,phases   ] GC(0) Concurrent Select Relocation Set 10.032ms
[1.019s][info][gc,phases   ] GC(0) Pause Relocate Start 0.011ms
[1.021s][info][gc,phases   ] GC(0) Concurrent Relocate 1.749ms
[1.021s][info][gc,load     ] GC(0) Load: 0.00/0.00/0.00
[1.021s][info][gc,mmu      ] GC(0) MMU: 2ms/99.2%, 5ms/99.6%, 10ms/99.8%, 20ms/99.8%, 50ms/99.9%, 100ms/100.0%
[1.021s][info][gc,marking  ] GC(0) Mark: 2 stripe(s), 1 proactive flush(es), 1 terminate flush(es), 0 completion(s), 0 continuation(s) 
[1.021s][info][gc,marking  ] GC(0) Mark Stack Usage: 32M
[1.021s][info][gc,nmethod  ] GC(0) NMethods: 161 registered, 0 unregistered
[1.021s][info][gc,metaspace] GC(0) Metaspace: 0M used, 0M committed, 1088M reserved
[1.021s][info][gc,ref      ] GC(0) Soft: 36 encountered, 0 discovered, 0 enqueued
[1.021s][info][gc,ref      ] GC(0) Weak: 103 encountered, 18 discovered, 18 enqueued
[1.021s][info][gc,ref      ] GC(0) Final: 0 encountered, 0 discovered, 0 enqueued
[1.021s][info][gc,ref      ] GC(0) Phantom: 16 encountered, 13 discovered, 13 enqueued
[1.021s][info][gc,reloc    ] GC(0) Small Pages: 3 / 6M, Empty: 0M, Relocated: 1M, In-Place: 0
[1.021s][info][gc,reloc    ] GC(0) Medium Pages: 0 / 0M, Empty: 0M, Relocated: 0M, In-Place: 0
[1.021s][info][gc,reloc    ] GC(0) Large Pages: 0 / 0M, Empty: 0M, Relocated: 0M, In-Place: 0
[1.021s][info][gc,reloc    ] GC(0) Forwarding Usage: 0M
[1.021s][info][gc,heap     ] GC(0) Min Capacity: 8192M(100%)
[1.021s][info][gc,heap     ] GC(0) Max Capacity: 8192M(100%)
[1.021s][info][gc,heap     ] GC(0) Soft Max Capacity: 8192M(100%)
[1.021s][info][gc,heap     ] GC(0)                Mark Start          Mark End        Relocate Start      Relocate End           High               Low         
[1.021s][info][gc,heap     ] GC(0)  Capacity:     8192M (100%)       8192M (100%)       8192M (100%)       8192M (100%)       8192M (100%)       8192M (100%)   
[1.021s][info][gc,heap     ] GC(0)      Free:     8186M (100%)       8186M (100%)       8186M (100%)       8186M (100%)       8186M (100%)       8180M (100%)   
[1.021s][info][gc,heap     ] GC(0)      Used:        6M (0%)            6M (0%)            6M (0%)            6M (0%)           12M (0%)            6M (0%)     
[1.021s][info][gc,heap     ] GC(0)      Live:         -                 1M (0%)            1M (0%)            1M (0%)             -                  -          
[1.021s][info][gc,heap     ] GC(0) Allocated:         -                 0M (0%)            0M (0%)            0M (0%)             -                  -          
[1.021s][info][gc,heap     ] GC(0)   Garbage:         -                 4M (0%)            4M (0%)            4M (0%)             -                  -          
[1.021s][info][gc,heap     ] GC(0) Reclaimed:         -                  -                 0M (0%)            0M (0%)             -                  -          
[1.022s][info][gc          ] GC(0) Garbage Collection (Timer) 6M(0%)->6M(0%)
[1.293s][info][gc,start    ] GC(1) Garbage Collection (Timer)
[1.293s][info][gc,task     ] GC(1) Using 3 workers
[1.298s][info][gc,phases   ] GC(1) Pause Mark Start 0.009ms
[1.306s][info][gc,phases   ] GC(1) Concurrent Mark 8.388ms
[1.306s][info][gc,phases   ] GC(1) Pause Mark End 0.012ms
[1.306s][info][gc,phases   ] GC(1) Concurrent Mark Free 0.001ms
[1.307s][info][gc,phases   ] GC(1) Concurrent Process Non-Strong References 0.439ms
[1.307s][info][gc,phases   ] GC(1) Concurrent Reset Relocation Set 0.001ms
[1.311s][info][gc,phases   ] GC(1) Concurrent Select Relocation Set 4.028ms
[1.311s][info][gc,phases   ] GC(1) Pause Relocate Start 0.008ms
[1.314s][info][gc,phases   ] GC(1) Concurrent Relocate 2.473ms
[1.314s][info][gc,load     ] GC(1) Load: 0.00/0.00/0.00
[1.314s][info][gc,mmu      ] GC(1) MMU: 2ms/99.2%, 5ms/99.6%, 10ms/99.8%, 20ms/99.8%, 50ms/99.9%, 100ms/100.0%
[1.314s][info][gc,marking  ] GC(1) Mark: 2 stripe(s), 2 proactive flush(es), 1 terminate flush(es), 0 completion(s), 0 continuation(s) 
[1.314s][info][gc,marking  ] GC(1) Mark Stack Usage: 32M
[1.314s][info][gc,nmethod  ] GC(1) NMethods: 283 registered, 0 unregistered
[1.314s][info][gc,metaspace] GC(1) Metaspace: 0M used, 0M committed, 1088M reserved
[1.314s][info][gc,ref      ] GC(1) Soft: 72 encountered, 0 discovered, 0 enqueued
[1.314s][info][gc,ref      ] GC(1) Weak: 175 encountered, 23 discovered, 23 enqueued
[1.314s][info][gc,ref      ] GC(1) Final: 0 encountered, 0 discovered, 0 enqueued
[1.314s][info][gc,ref      ] GC(1) Phantom: 12 encountered, 11 discovered, 6 enqueued
[1.314s][info][gc,reloc    ] GC(1) Small Pages: 39 / 78M, Empty: 0M, Relocated: 1M, In-Place: 0
[1.314s][info][gc,reloc    ] GC(1) Medium Pages: 0 / 0M, Empty: 0M, Relocated: 0M, In-Place: 0
[1.314s][info][gc,reloc    ] GC(1) Large Pages: 0 / 0M, Empty: 0M, Relocated: 0M, In-Place: 0
[1.314s][info][gc,reloc    ] GC(1) Forwarding Usage: 0M
[1.314s][info][gc,heap     ] GC(1) Min Capacity: 8192M(100%)
[1.314s][info][gc,heap     ] GC(1) Max Capacity: 8192M(100%)
[1.314s][info][gc,heap     ] GC(1) Soft Max Capacity: 8192M(100%)
[1.314s][info][gc,heap     ] GC(1)                Mark Start          Mark End        Relocate Start      Relocate End           High               Low         
[1.315s][info][gc,heap     ] GC(1)  Capacity:     8192M (100%)       8192M (100%)       8192M (100%)       8192M (100%)       8192M (100%)       8192M (100%)   
[1.315s][info][gc,heap     ] GC(1)      Free:     8114M (99%)        8108M (99%)        8102M (99%)        8110M (99%)        8114M (99%)        8098M (99%)    
[1.315s][info][gc,heap     ] GC(1)      Used:       78M (1%)           84M (1%)           90M (1%)           82M (1%)           94M (1%)           78M (1%)     
[1.315s][info][gc,heap     ] GC(1)      Live:         -                61M (1%)           61M (1%)           61M (1%)             -                  -          
[1.315s][info][gc,heap     ] GC(1) Allocated:         -                 6M (0%)           12M (0%)           11M (0%)             -                  -          
[1.315s][info][gc,heap     ] GC(1)   Garbage:         -                16M (0%)           16M (0%)            8M (0%)             -                  -          
[1.315s][info][gc,heap     ] GC(1) Reclaimed:         -                  -                 0M (0%)            7M (0%)             -                  -          
[1.315s][info][gc          ] GC(1) Garbage Collection (Timer) 78M(1%)->82M(1%)
[1.592s][info][gc,start    ] GC(2) Garbage Collection (Timer)
[1.592s][info][gc,task     ] GC(2) Using 3 workers
[1.592s][info][gc,phases   ] GC(2) Pause Mark Start 0.005ms
[1.609s][info][gc,phases   ] GC(2) Concurrent Mark 16.302ms
[1.609s][info][gc,phases   ] GC(2) Pause Mark End 0.011ms
[1.609s][info][gc,phases   ] GC(2) Concurrent Mark Free 0.001ms
[1.610s][info][gc,phases   ] GC(2) Concurrent Process Non-Strong References 0.604ms
[1.610s][info][gc,phases   ] GC(2) Concurrent Reset Relocation Set 0.001ms
[1.614s][info][gc,phases   ] GC(2) Concurrent Select Relocation Set 3.988ms
[1.614s][info][gc,phases   ] GC(2) Pause Relocate Start 0.007ms
[1.617s][info][gc,phases   ] GC(2) Concurrent Relocate 2.570ms
[1.617s][info][gc,load     ] GC(2) Load: 0.00/0.00/0.00
[1.617s][info][gc,mmu      ] GC(2) MMU: 2ms/99.2%, 5ms/99.6%, 10ms/99.8%, 20ms/99.8%, 50ms/99.9%, 100ms/100.0%
[1.617s][info][gc,marking  ] GC(2) Mark: 2 stripe(s), 2 proactive flush(es), 1 terminate flush(es), 0 completion(s), 0 continuation(s) 
[1.617s][info][gc,marking  ] GC(2) Mark Stack Usage: 32M
[1.617s][info][gc,nmethod  ] GC(2) NMethods: 380 registered, 0 unregistered
[1.617s][info][gc,metaspace] GC(2) Metaspace: 1M used, 1M committed, 1088M reserved
[1.617s][info][gc,ref      ] GC(2) Soft: 118 encountered, 0 discovered, 0 enqueued
[1.617s][info][gc,ref      ] GC(2) Weak: 175 encountered, 7 discovered, 5 enqueued
[1.617s][info][gc,ref      ] GC(2) Final: 0 encountered, 0 discovered, 0 enqueued
[1.617s][info][gc,ref      ] GC(2) Phantom: 12 encountered, 8 discovered, 5 enqueued
[1.617s][info][gc,reloc    ] GC(2) Small Pages: 153 / 306M, Empty: 0M, Relocated: 2M, In-Place: 0
[1.617s][info][gc,reloc    ] GC(2) Medium Pages: 0 / 0M, Empty: 0M, Relocated: 0M, In-Place: 0
[1.617s][info][gc,reloc    ] GC(2) Large Pages: 0 / 0M, Empty: 0M, Relocated: 0M, In-Place: 0
[1.617s][info][gc,reloc    ] GC(2) Forwarding Usage: 0M
[1.617s][info][gc,heap     ] GC(2) Min Capacity: 8192M(100%)
[1.617s][info][gc,heap     ] GC(2) Max Capacity: 8192M(100%)
[1.617s][info][gc,heap     ] GC(2) Soft Max Capacity: 8192M(100%)
[1.617s][info][gc,heap     ] GC(2)                Mark Start          Mark End        Relocate Start      Relocate End           High               Low         
[1.617s][info][gc,heap     ] GC(2)  Capacity:     8192M (100%)       8192M (100%)       8192M (100%)       8192M (100%)       8192M (100%)       8192M (100%)   
[1.617s][info][gc,heap     ] GC(2)      Free:     7886M (96%)        7884M (96%)        7880M (96%)        7884M (96%)        7886M (96%)        7874M (96%)    
[1.617s][info][gc,heap     ] GC(2)      Used:      306M (4%)          308M (4%)          312M (4%)          308M (4%)          318M (4%)          306M (4%)     
[1.617s][info][gc,heap     ] GC(2)      Live:         -               273M (3%)          273M (3%)          273M (3%)             -                  -          
[1.617s][info][gc,heap     ] GC(2) Allocated:         -                 2M (0%)            6M (0%)            5M (0%)             -                  -          
[1.617s][info][gc,heap     ] GC(2)   Garbage:         -                32M (0%)           32M (0%)           28M (0%)             -                  -          
[1.618s][info][gc,heap     ] GC(2) Reclaimed:         -                  -                 0M (0%)            3M (0%)             -                  -          
[1.618s][info][gc          ] GC(2) Garbage Collection (Timer) 306M(4%)->308M(4%)
[1.894s][info][gc,start    ] GC(3) Garbage Collection (Timer)
[1.894s][info][gc,task     ] GC(3) Using 3 workers
[1.894s][info][gc,phases   ] GC(3) Pause Mark Start 0.006ms
[1.917s][info][gc,phases   ] GC(3) Concurrent Mark 22.699ms
[1.917s][info][gc,phases   ] GC(3) Pause Mark End 0.009ms
[1.917s][info][gc,phases   ] GC(3) Concurrent Mark Free 0.001ms
[1.918s][info][gc,phases   ] GC(3) Concurrent Process Non-Strong References 0.991ms
[1.918s][info][gc,phases   ] GC(3) Concurrent Reset Relocation Set 0.001ms
[1.920s][info][gc,phases   ] GC(3) Concurrent Select Relocation Set 2.338ms
[1.921s][info][gc,phases   ] GC(3) Pause Relocate Start 0.006ms
[1.922s][info][gc,phases   ] GC(3) Concurrent Relocate 1.742ms
[1.922s][info][gc,load     ] GC(3) Load: 0.00/0.00/0.00
[1.922s][info][gc,mmu      ] GC(3) MMU: 2ms/99.2%, 5ms/99.6%, 10ms/99.8%, 20ms/99.8%, 50ms/99.9%, 100ms/100.0%
[1.923s][info][gc,marking  ] GC(3) Mark: 2 stripe(s), 2 proactive flush(es), 1 terminate flush(es), 0 completion(s), 0 continuation(s) 
[1.923s][info][gc,marking  ] GC(3) Mark Stack Usage: 32M
[1.923s][info][gc,nmethod  ] GC(3) NMethods: 380 registered, 0 unregistered
[1.923s][info][gc,metaspace] GC(3) Metaspace: 1M used, 1M committed, 1088M reserved
[1.923s][info][gc,ref      ] GC(3) Soft: 118 encountered, 0 discovered, 0 enqueued
[1.923s][info][gc,ref      ] GC(3) Weak: 170 encountered, 78 discovered, 0 enqueued
[1.923s][info][gc,ref      ] GC(3) Final: 0 encountered, 0 discovered, 0 enqueued
[1.923s][info][gc,ref      ] GC(3) Phantom: 7 encountered, 2 discovered, 0 enqueued
[1.923s][info][gc,reloc    ] GC(3) Small Pages: 272 / 544M, Empty: 0M, Relocated: 1M, In-Place: 0
[1.923s][info][gc,reloc    ] GC(3) Medium Pages: 0 / 0M, Empty: 0M, Relocated: 0M, In-Place: 0
[1.923s][info][gc,reloc    ] GC(3) Large Pages: 0 / 0M, Empty: 0M, Relocated: 0M, In-Place: 0
[1.923s][info][gc,reloc    ] GC(3) Forwarding Usage: 0M
[1.923s][info][gc,heap     ] GC(3) Min Capacity: 8192M(100%)
[1.923s][info][gc,heap     ] GC(3) Max Capacity: 8192M(100%)
[1.923s][info][gc,heap     ] GC(3) Soft Max Capacity: 8192M(100%)
[1.923s][info][gc,heap     ] GC(3)                Mark Start          Mark End        Relocate Start      Relocate End           High               Low         
[1.923s][info][gc,heap     ] GC(3)  Capacity:     8192M (100%)       8192M (100%)       8192M (100%)       8192M (100%)       8192M (100%)       8192M (100%)   
[1.923s][info][gc,heap     ] GC(3)      Free:     7648M (93%)        7642M (93%)        7640M (93%)        7638M (93%)        7648M (93%)        7636M (93%)    
[1.923s][info][gc,heap     ] GC(3)      Used:      544M (7%)          550M (7%)          552M (7%)          554M (7%)          556M (7%)          544M (7%)     
[1.923s][info][gc,heap     ] GC(3)      Live:         -               493M (6%)          493M (6%)          493M (6%)             -                  -          
[1.923s][info][gc,heap     ] GC(3) Allocated:         -                 6M (0%)            8M (0%)           10M (0%)             -                  -          
[1.923s][info][gc,heap     ] GC(3)   Garbage:         -                50M (1%)           50M (1%)           50M (1%)             -                  -          
[1.923s][info][gc,heap     ] GC(3) Reclaimed:         -                  -                 0M (0%)            0M (0%)             -                  -          
[1.923s][info][gc          ] GC(3) Garbage Collection (Timer) 544M(7%)->554M(7%)
[2.193s][info][gc,start    ] GC(4) Garbage Collection (Timer)
[2.193s][info][gc,task     ] GC(4) Using 3 workers
[2.193s][info][gc,phases   ] GC(4) Pause Mark Start 0.006ms
[2.219s][info][gc,phases   ] GC(4) Concurrent Mark 25.793ms
[2.219s][info][gc,phases   ] GC(4) Pause Mark End 0.009ms
[2.219s][info][gc,phases   ] GC(4) Concurrent Mark Free 0.001ms
[2.220s][info][gc,phases   ] GC(4) Concurrent Process Non-Strong References 0.800ms
[2.220s][info][gc,phases   ] GC(4) Concurrent Reset Relocation Set 0.001ms
[2.223s][info][gc,phases   ] GC(4) Concurrent Select Relocation Set 2.620ms
[2.223s][info][gc,phases   ] GC(4) Pause Relocate Start 0.007ms
[2.226s][info][gc,phases   ] GC(4) Concurrent Relocate 2.471ms
[2.226s][info][gc,load     ] GC(4) Load: 0.00/0.00/0.00
[2.226s][info][gc,mmu      ] GC(4) MMU: 2ms/99.2%, 5ms/99.6%, 10ms/99.8%, 20ms/99.8%, 50ms/99.9%, 100ms/100.0%
[2.226s][info][gc,marking  ] GC(4) Mark: 2 stripe(s), 3 proactive flush(es), 1 terminate flush(es), 0 completion(s), 0 continuation(s) 
[2.226s][info][gc,marking  ] GC(4) Mark Stack Usage: 32M
[2.226s][info][gc,nmethod  ] GC(4) NMethods: 384 registered, 0 unregistered
[2.226s][info][gc,metaspace] GC(4) Metaspace: 1M used, 1M committed, 1088M reserved
[2.226s][info][gc,ref      ] GC(4) Soft: 118 encountered, 0 discovered, 0 enqueued
[2.226s][info][gc,ref      ] GC(4) Weak: 170 encountered, 92 discovered, 0 enqueued
[2.226s][info][gc,ref      ] GC(4) Final: 0 encountered, 0 discovered, 0 enqueued
[2.226s][info][gc,ref      ] GC(4) Phantom: 7 encountered, 3 discovered, 0 enqueued
[2.226s][info][gc,reloc    ] GC(4) Small Pages: 398 / 796M, Empty: 0M, Relocated: 3M, In-Place: 0
[2.226s][info][gc,reloc    ] GC(4) Medium Pages: 0 / 0M, Empty: 0M, Relocated: 0M, In-Place: 0
[2.226s][info][gc,reloc    ] GC(4) Large Pages: 0 / 0M, Empty: 0M, Relocated: 0M, In-Place: 0
[2.226s][info][gc,reloc    ] GC(4) Forwarding Usage: 0M
[2.226s][info][gc,heap     ] GC(4) Min Capacity: 8192M(100%)
[2.226s][info][gc,heap     ] GC(4) Max Capacity: 8192M(100%)
[2.226s][info][gc,heap     ] GC(4) Soft Max Capacity: 8192M(100%)
[2.226s][info][gc,heap     ] GC(4)                Mark Start          Mark End        Relocate Start      Relocate End           High               Low         
[2.226s][info][gc,heap     ] GC(4)  Capacity:     8192M (100%)       8192M (100%)       8192M (100%)       8192M (100%)       8192M (100%)       8192M (100%)   
[2.226s][info][gc,heap     ] GC(4)      Free:     7396M (90%)        7392M (90%)        7390M (90%)        7390M (90%)        7396M (90%)        7384M (90%)    
[2.226s][info][gc,heap     ] GC(4)      Used:      796M (10%)         800M (10%)         802M (10%)         802M (10%)         808M (10%)         796M (10%)    
[2.226s][info][gc,heap     ] GC(4)      Live:         -               722M (9%)          722M (9%)          722M (9%)             -                  -          
[2.226s][info][gc,heap     ] GC(4) Allocated:         -                 4M (0%)            6M (0%)            8M (0%)             -                  -          
[2.226s][info][gc,heap     ] GC(4)   Garbage:         -                73M (1%)           73M (1%)           71M (1%)             -                  -          
[2.226s][info][gc,heap     ] GC(4) Reclaimed:         -                  -                 0M (0%)            2M (0%)             -                  -          
[2.226s][info][gc          ] GC(4) Garbage Collection (Timer) 796M(10%)->802M(10%)
[2.294s][info][gc,start    ] GC(5) Garbage Collection (Warmup)
[2.294s][info][gc,task     ] GC(5) Using 3 workers
[2.294s][info][gc,phases   ] GC(5) Pause Mark Start 0.006ms
[2.313s][info][gc,phases   ] GC(5) Concurrent Mark 18.776ms
[2.313s][info][gc,phases   ] GC(5) Pause Mark End 0.010ms
[2.313s][info][gc,phases   ] GC(5) Concurrent Mark Free 0.001ms
[2.314s][info][gc,phases   ] GC(5) Concurrent Process Non-Strong References 0.681ms
[2.314s][info][gc,phases   ] GC(5) Concurrent Reset Relocation Set 0.001ms
[2.316s][info][gc,phases   ] GC(5) Concurrent Select Relocation Set 2.207ms
[2.316s][info][gc,phases   ] GC(5) Pause Relocate Start 0.006ms
[2.317s][info][gc,phases   ] GC(5) Concurrent Relocate 0.942ms
[2.317s][info][gc,load     ] GC(5) Load: 0.00/0.00/0.00
[2.317s][info][gc,mmu      ] GC(5) MMU: 2ms/99.2%, 5ms/99.6%, 10ms/99.8%, 20ms/99.8%, 50ms/99.9%, 100ms/100.0%
[2.317s][info][gc,marking  ] GC(5) Mark: 2 stripe(s), 3 proactive flush(es), 1 terminate flush(es), 0 completion(s), 0 continuation(s) 
[2.317s][info][gc,marking  ] GC(5) Mark Stack Usage: 32M
[2.317s][info][gc,nmethod  ] GC(5) NMethods: 384 registered, 0 unregistered
[2.317s][info][gc,metaspace] GC(5) Metaspace: 1M used, 1M committed, 1088M reserved
[2.317s][info][gc,ref      ] GC(5) Soft: 118 encountered, 0 discovered, 0 enqueued
[2.317s][info][gc,ref      ] GC(5) Weak: 170 encountered, 91 discovered, 0 enqueued
[2.317s][info][gc,ref      ] GC(5) Final: 0 encountered, 0 discovered, 0 enqueued
[2.317s][info][gc,ref      ] GC(5) Phantom: 7 encountered, 3 discovered, 0 enqueued
[2.318s][info][gc,reloc    ] GC(5) Small Pages: 430 / 860M, Empty: 0M, Relocated: 1M, In-Place: 0
[2.318s][info][gc,reloc    ] GC(5) Medium Pages: 0 / 0M, Empty: 0M, Relocated: 0M, In-Place: 0
[2.318s][info][gc,reloc    ] GC(5) Large Pages: 0 / 0M, Empty: 0M, Relocated: 0M, In-Place: 0
[2.318s][info][gc,reloc    ] GC(5) Forwarding Usage: 0M
[2.318s][info][gc,heap     ] GC(5) Min Capacity: 8192M(100%)
[2.318s][info][gc,heap     ] GC(5) Max Capacity: 8192M(100%)
[2.318s][info][gc,heap     ] GC(5) Soft Max Capacity: 8192M(100%)
[2.318s][info][gc,heap     ] GC(5)                Mark Start          Mark End        Relocate Start      Relocate End           High               Low         
[2.318s][info][gc,heap     ] GC(5)  Capacity:     8192M (100%)       8192M (100%)       8192M (100%)       8192M (100%)       8192M (100%)       8192M (100%)   
[2.318s][info][gc,heap     ] GC(5)      Free:     7332M (90%)        7328M (89%)        7324M (89%)        7324M (89%)        7332M (90%)        7320M (89%)    
[2.318s][info][gc,heap     ] GC(5)      Used:      860M (10%)         864M (11%)         868M (11%)         868M (11%)         872M (11%)         860M (10%)    
[2.318s][info][gc,heap     ] GC(5)      Live:         -               781M (10%)         781M (10%)         781M (10%)            -                  -          
[2.318s][info][gc,heap     ] GC(5) Allocated:         -                 4M (0%)            8M (0%)            8M (0%)             -                  -          
[2.318s][info][gc,heap     ] GC(5)   Garbage:         -                78M (1%)           78M (1%)           78M (1%)             -                  -          
[2.318s][info][gc,heap     ] GC(5) Reclaimed:         -                  -                 0M (0%)            0M (0%)             -                  -          
[2.318s][info][gc          ] GC(5) Garbage Collection (Warmup) 860M(10%)->868M(11%)
[2.593s][info][gc,start    ] GC(6) Garbage Collection (Timer)
[2.593s][info][gc,task     ] GC(6) Using 3 workers
[2.594s][info][gc,phases   ] GC(6) Pause Mark Start 0.005ms
[2.610s][info][gc,phases   ] GC(6) Concurrent Mark 16.234ms
[2.610s][info][gc,phases   ] GC(6) Pause Mark End 0.010ms
[2.610s][info][gc,phases   ] GC(6) Concurrent Mark Free 0.001ms
[2.611s][info][gc,phases   ] GC(6) Concurrent Process Non-Strong References 0.843ms
[2.611s][info][gc,phases   ] GC(6) Concurrent Reset Relocation Set 0.001ms
[2.613s][info][gc,phases   ] GC(6) Concurrent Select Relocation Set 2.183ms
[2.613s][info][gc,phases   ] GC(6) Pause Relocate Start 0.005ms
[2.615s][info][gc,phases   ] GC(6) Concurrent Relocate 1.339ms
[2.615s][info][gc,load     ] GC(6) Load: 0.00/0.00/0.00
[2.615s][info][gc,mmu      ] GC(6) MMU: 2ms/99.2%, 5ms/99.6%, 10ms/99.8%, 20ms/99.8%, 50ms/99.9%, 100ms/100.0%
[2.615s][info][gc,marking  ] GC(6) Mark: 2 stripe(s), 2 proactive flush(es), 1 terminate flush(es), 0 completion(s), 0 continuation(s) 
[2.615s][info][gc,marking  ] GC(6) Mark Stack Usage: 32M
[2.615s][info][gc,nmethod  ] GC(6) NMethods: 459 registered, 0 unregistered
[2.615s][info][gc,metaspace] GC(6) Metaspace: 1M used, 1M committed, 1088M reserved
[2.615s][info][gc,ref      ] GC(6) Soft: 181 encountered, 0 discovered, 0 enqueued
[2.615s][info][gc,ref      ] GC(6) Weak: 296 encountered, 207 discovered, 33 enqueued
[2.615s][info][gc,ref      ] GC(6) Final: 0 encountered, 0 discovered, 0 enqueued
[2.615s][info][gc,ref      ] GC(6) Phantom: 24 encountered, 21 discovered, 17 enqueued
[2.615s][info][gc,reloc    ] GC(6) Small Pages: 524 / 1048M, Empty: 0M, Relocated: 2M, In-Place: 0
[2.615s][info][gc,reloc    ] GC(6) Medium Pages: 1 / 32M, Empty: 0M, Relocated: 0M, In-Place: 0
[2.615s][info][gc,reloc    ] GC(6) Large Pages: 0 / 0M, Empty: 0M, Relocated: 0M, In-Place: 0
[2.615s][info][gc,reloc    ] GC(6) Forwarding Usage: 0M
[2.615s][info][gc,heap     ] GC(6) Min Capacity: 8192M(100%)
[2.615s][info][gc,heap     ] GC(6) Max Capacity: 8192M(100%)
[2.615s][info][gc,heap     ] GC(6) Soft Max Capacity: 8192M(100%)
[2.615s][info][gc,heap     ] GC(6)                Mark Start          Mark End        Relocate Start      Relocate End           High               Low         
[2.615s][info][gc,heap     ] GC(6)  Capacity:     8192M (100%)       8192M (100%)       8192M (100%)       8192M (100%)       8192M (100%)       8192M (100%)   
[2.615s][info][gc,heap     ] GC(6)      Free:     7112M (87%)        7110M (87%)        7106M (87%)        7110M (87%)        7112M (87%)        7100M (87%)    
[2.615s][info][gc,heap     ] GC(6)      Used:     1080M (13%)        1082M (13%)        1086M (13%)        1082M (13%)        1092M (13%)        1080M (13%)    
[2.616s][info][gc,heap     ] GC(6)      Live:         -               949M (12%)         949M (12%)         949M (12%)            -                  -          
[2.616s][info][gc,heap     ] GC(6) Allocated:         -                 2M (0%)            6M (0%)            5M (0%)             -                  -          
[2.616s][info][gc,heap     ] GC(6)   Garbage:         -               130M (2%)          130M (2%)          126M (2%)             -                  -          
[2.616s][info][gc,heap     ] GC(6) Reclaimed:         -                  -                 0M (0%)            3M (0%)             -                  -          
[2.616s][info][gc          ] GC(6) Garbage Collection (Timer) 1080M(13%)->1082M(13%)
[2.892s][info][gc,start    ] GC(7) Garbage Collection (Timer)
[2.893s][info][gc,task     ] GC(7) Using 3 workers
[2.893s][info][gc,phases   ] GC(7) Pause Mark Start 0.006ms
[2.917s][info][gc,phases   ] GC(7) Concurrent Mark 23.800ms
[2.917s][info][gc,phases   ] GC(7) Pause Mark End 0.010ms
[2.917s][info][gc,phases   ] GC(7) Concurrent Mark Free 0.001ms
[2.918s][info][gc,phases   ] GC(7) Concurrent Process Non-Strong References 0.668ms
[2.918s][info][gc,phases   ] GC(7) Concurrent Reset Relocation Set 0.001ms
[2.920s][info][gc,phases   ] GC(7) Concurrent Select Relocation Set 2.276ms
[2.920s][info][gc,phases   ] GC(7) Pause Relocate Start 0.006ms
[2.921s][info][gc,phases   ] GC(7) Concurrent Relocate 0.886ms
[2.921s][info][gc,load     ] GC(7) Load: 0.00/0.00/0.00
[2.921s][info][gc,mmu      ] GC(7) MMU: 2ms/99.2%, 5ms/99.6%, 10ms/99.8%, 20ms/99.8%, 50ms/99.9%, 100ms/100.0%
[2.921s][info][gc,marking  ] GC(7) Mark: 2 stripe(s), 4 proactive flush(es), 1 terminate flush(es), 0 completion(s), 0 continuation(s) 
[2.921s][info][gc,marking  ] GC(7) Mark Stack Usage: 32M
[2.921s][info][gc,nmethod  ] GC(7) NMethods: 460 registered, 0 unregistered
[2.921s][info][gc,metaspace] GC(7) Metaspace: 1M used, 1M committed, 1088M reserved
[2.921s][info][gc,ref      ] GC(7) Soft: 181 encountered, 0 discovered, 0 enqueued
[2.921s][info][gc,ref      ] GC(7) Weak: 263 encountered, 174 discovered, 0 enqueued
[2.921s][info][gc,ref      ] GC(7) Final: 0 encountered, 0 discovered, 0 enqueued
[2.921s][info][gc,ref      ] GC(7) Phantom: 7 encountered, 2 discovered, 0 enqueued
[2.921s][info][gc,reloc    ] GC(7) Small Pages: 638 / 1276M, Empty: 0M, Relocated: 1M, In-Place: 0
[2.921s][info][gc,reloc    ] GC(7) Medium Pages: 1 / 32M, Empty: 0M, Relocated: 0M, In-Place: 0
[2.921s][info][gc,reloc    ] GC(7) Large Pages: 0 / 0M, Empty: 0M, Relocated: 0M, In-Place: 0
[2.921s][info][gc,reloc    ] GC(7) Forwarding Usage: 0M
[2.921s][info][gc,heap     ] GC(7) Min Capacity: 8192M(100%)
[2.921s][info][gc,heap     ] GC(7) Max Capacity: 8192M(100%)
[2.922s][info][gc,heap     ] GC(7) Soft Max Capacity: 8192M(100%)
[2.922s][info][gc,heap     ] GC(7)                Mark Start          Mark End        Relocate Start      Relocate End           High               Low         
[2.922s][info][gc,heap     ] GC(7)  Capacity:     8192M (100%)       8192M (100%)       8192M (100%)       8192M (100%)       8192M (100%)       8192M (100%)   
[2.922s][info][gc,heap     ] GC(7)      Free:     6884M (84%)        6882M (84%)        6880M (84%)        6880M (84%)        6884M (84%)        6876M (84%)    
[2.922s][info][gc,heap     ] GC(7)      Used:     1308M (16%)        1310M (16%)        1312M (16%)        1312M (16%)        1316M (16%)        1308M (16%)    
[2.922s][info][gc,heap     ] GC(7)      Live:         -              1161M (14%)        1161M (14%)        1161M (14%)            -                  -          
[2.922s][info][gc,heap     ] GC(7) Allocated:         -                 2M (0%)            4M (0%)            4M (0%)             -                  -          
[2.922s][info][gc,heap     ] GC(7)   Garbage:         -               146M (2%)          146M (2%)          146M (2%)             -                  -          
[2.922s][info][gc,heap     ] GC(7) Reclaimed:         -                  -                 0M (0%)            0M (0%)             -                  -          
[2.922s][info][gc          ] GC(7) Garbage Collection (Timer) 1308M(16%)->1312M(16%)
[3.194s][info][gc,start    ] GC(8) Garbage Collection (Timer)
[3.194s][info][gc,task     ] GC(8) Using 3 workers
[3.194s][info][gc,phases   ] GC(8) Pause Mark Start 0.006ms
[3.216s][info][gc,phases   ] GC(8) Concurrent Mark 22.379ms
[3.216s][info][gc,phases   ] GC(8) Pause Mark End 0.009ms
[3.216s][info][gc,phases   ] GC(8) Concurrent Mark Free 0.001ms
[3.217s][info][gc,phases   ] GC(8) Concurrent Process Non-Strong References 0.863ms
[3.217s][info][gc,phases   ] GC(8) Concurrent Reset Relocation Set 0.001ms
[3.221s][info][gc,phases   ] GC(8) Concurrent Select Relocation Set 3.197ms
[3.221s][info][gc,phases   ] GC(8) Pause Relocate Start 0.006ms
[3.222s][info][gc,phases   ] GC(8) Concurrent Relocate 0.911ms
[3.222s][info][gc,load     ] GC(8) Load: 0.00/0.00/0.00
[3.222s][info][gc,mmu      ] GC(8) MMU: 2ms/99.2%, 5ms/99.6%, 10ms/99.8%, 20ms/99.8%, 50ms/99.9%, 100ms/100.0%
[3.222s][info][gc,marking  ] GC(8) Mark: 2 stripe(s), 2 proactive flush(es), 1 terminate flush(es), 0 completion(s), 0 continuation(s) 
[3.222s][info][gc,marking  ] GC(8) Mark Stack Usage: 32M
[3.222s][info][gc,nmethod  ] GC(8) NMethods: 460 registered, 0 unregistered
[3.222s][info][gc,metaspace] GC(8) Metaspace: 1M used, 1M committed, 1088M reserved
[3.222s][info][gc,ref      ] GC(8) Soft: 181 encountered, 0 discovered, 0 enqueued
[3.222s][info][gc,ref      ] GC(8) Weak: 263 encountered, 176 discovered, 0 enqueued
[3.222s][info][gc,ref      ] GC(8) Final: 0 encountered, 0 discovered, 0 enqueued
[3.222s][info][gc,ref      ] GC(8) Phantom: 7 encountered, 3 discovered, 0 enqueued
[3.222s][info][gc,reloc    ] GC(8) Small Pages: 733 / 1466M, Empty: 0M, Relocated: 1M, In-Place: 0
[3.222s][info][gc,reloc    ] GC(8) Medium Pages: 2 / 64M, Empty: 32M, Relocated: 0M, In-Place: 0
[3.222s][info][gc,reloc    ] GC(8) Large Pages: 0 / 0M, Empty: 0M, Relocated: 0M, In-Place: 0
[3.222s][info][gc,reloc    ] GC(8) Forwarding Usage: 0M
[3.222s][info][gc,heap     ] GC(8) Min Capacity: 8192M(100%)
[3.222s][info][gc,heap     ] GC(8) Max Capacity: 8192M(100%)
[3.222s][info][gc,heap     ] GC(8) Soft Max Capacity: 8192M(100%)
[3.222s][info][gc,heap     ] GC(8)                Mark Start          Mark End        Relocate Start      Relocate End           High               Low         
[3.222s][info][gc,heap     ] GC(8)  Capacity:     8192M (100%)       8192M (100%)       8192M (100%)       8192M (100%)       8192M (100%)       8192M (100%)   
[3.222s][info][gc,heap     ] GC(8)      Free:     6662M (81%)        6660M (81%)        6688M (82%)        6688M (82%)        6688M (82%)        6656M (81%)    
[3.222s][info][gc,heap     ] GC(8)      Used:     1530M (19%)        1532M (19%)        1504M (18%)        1504M (18%)        1536M (19%)        1504M (18%)    
[3.222s][info][gc,heap     ] GC(8)      Live:         -              1332M (16%)        1332M (16%)        1332M (16%)            -                  -          
[3.222s][info][gc,heap     ] GC(8) Allocated:         -                 2M (0%)            6M (0%)            6M (0%)             -                  -          
[3.222s][info][gc,heap     ] GC(8)   Garbage:         -               197M (2%)          165M (2%)          165M (2%)             -                  -          
[3.222s][info][gc,heap     ] GC(8) Reclaimed:         -                  -                32M (0%)           32M (0%)             -                  -          
[3.222s][info][gc          ] GC(8) Garbage Collection (Timer) 1530M(19%)->1504M(18%)
[3.493s][info][gc,start    ] GC(9) Garbage Collection (Warmup)
[3.493s][info][gc,task     ] GC(9) Using 3 workers
[3.493s][info][gc,phases   ] GC(9) Pause Mark Start 0.006ms
[3.515s][info][gc,phases   ] GC(9) Concurrent Mark 21.755ms
[3.515s][info][gc,phases   ] GC(9) Pause Mark End 0.011ms
[3.515s][info][gc,phases   ] GC(9) Concurrent Mark Free 0.001ms
[3.516s][info][gc,phases   ] GC(9) Concurrent Process Non-Strong References 1.013ms
[3.516s][info][gc,phases   ] GC(9) Concurrent Reset Relocation Set 0.001ms
[3.519s][info][gc,phases   ] GC(9) Concurrent Select Relocation Set 2.325ms
[3.519s][info][gc,phases   ] GC(9) Pause Relocate Start 0.006ms
[3.520s][info][gc,phases   ] GC(9) Concurrent Relocate 0.831ms
[3.520s][info][gc,load     ] GC(9) Load: 0.00/0.00/0.00
[3.520s][info][gc,mmu      ] GC(9) MMU: 2ms/99.2%, 5ms/99.6%, 10ms/99.8%, 20ms/99.8%, 50ms/99.9%, 100ms/100.0%
[3.520s][info][gc,marking  ] GC(9) Mark: 2 stripe(s), 2 proactive flush(es), 1 terminate flush(es), 0 completion(s), 0 continuation(s) 
[3.520s][info][gc,marking  ] GC(9) Mark Stack Usage: 32M
[3.520s][info][gc,nmethod  ] GC(9) NMethods: 460 registered, 0 unregistered
[3.520s][info][gc,metaspace] GC(9) Metaspace: 1M used, 1M committed, 1088M reserved
[3.520s][info][gc,ref      ] GC(9) Soft: 181 encountered, 0 discovered, 0 enqueued
[3.520s][info][gc,ref      ] GC(9) Weak: 263 encountered, 173 discovered, 0 enqueued
[3.520s][info][gc,ref      ] GC(9) Final: 0 encountered, 0 discovered, 0 enqueued
[3.520s][info][gc,ref      ] GC(9) Phantom: 7 encountered, 2 discovered, 0 enqueued
[3.520s][info][gc,reloc    ] GC(9) Small Pages: 830 / 1660M, Empty: 0M, Relocated: 1M, In-Place: 0
[3.520s][info][gc,reloc    ] GC(9) Medium Pages: 1 / 32M, Empty: 0M, Relocated: 0M, In-Place: 0
[3.520s][info][gc,reloc    ] GC(9) Large Pages: 0 / 0M, Empty: 0M, Relocated: 0M, In-Place: 0
[3.520s][info][gc,reloc    ] GC(9) Forwarding Usage: 0M
[3.520s][info][gc,heap     ] GC(9) Min Capacity: 8192M(100%)
[3.520s][info][gc,heap     ] GC(9) Max Capacity: 8192M(100%)
[3.520s][info][gc,heap     ] GC(9) Soft Max Capacity: 8192M(100%)
[3.520s][info][gc,heap     ] GC(9)                Mark Start          Mark End        Relocate Start      Relocate End           High               Low         
[3.520s][info][gc,heap     ] GC(9)  Capacity:     8192M (100%)       8192M (100%)       8192M (100%)       8192M (100%)       8192M (100%)       8192M (100%)   
[3.520s][info][gc,heap     ] GC(9)      Free:     6500M (79%)        6494M (79%)        6492M (79%)        6492M (79%)        6500M (79%)        6486M (79%)    
[3.520s][info][gc,heap     ] GC(9)      Used:     1692M (21%)        1698M (21%)        1700M (21%)        1700M (21%)        1706M (21%)        1692M (21%)    
[3.520s][info][gc,heap     ] GC(9)      Live:         -              1509M (18%)        1509M (18%)        1509M (18%)            -                  -          
[3.520s][info][gc,heap     ] GC(9) Allocated:         -                 6M (0%)            8M (0%)            8M (0%)             -                  -          
[3.520s][info][gc,heap     ] GC(9)   Garbage:         -               182M (2%)          182M (2%)          182M (2%)             -                  -          
[3.520s][info][gc,heap     ] GC(9) Reclaimed:         -                  -                 0M (0%)            0M (0%)             -                  -          
[3.520s][info][gc          ] GC(9) Garbage Collection (Warmup) 1692M(21%)->1700M(21%)
[3.794s][info][gc,start    ] GC(10) Garbage Collection (Timer)
[3.794s][info][gc,task     ] GC(10) Using 3 workers
[3.794s][info][gc,phases   ] GC(10) Pause Mark Start 0.006ms
[3.818s][info][gc,phases   ] GC(10) Concurrent Mark 24.135ms
[3.818s][info][gc,phases   ] GC(10) Pause Mark End 0.010ms
[3.818s][info][gc,phases   ] GC(10) Concurrent Mark Free 0.001ms
[3.819s][info][gc,phases   ] GC(10) Concurrent Process Non-Strong References 0.631ms
[3.819s][info][gc,phases   ] GC(10) Concurrent Reset Relocation Set 0.001ms
[3.822s][info][gc,phases   ] GC(10) Concurrent Select Relocation Set 2.464ms
[3.822s][info][gc,phases   ] GC(10) Pause Relocate Start 0.007ms
[3.823s][info][gc,phases   ] GC(10) Concurrent Relocate 1.377ms
[3.823s][info][gc,load     ] GC(10) Load: 0.00/0.00/0.00
[3.823s][info][gc,mmu      ] GC(10) MMU: 2ms/99.2%, 5ms/99.6%, 10ms/99.8%, 20ms/99.8%, 50ms/99.9%, 100ms/100.0%
[3.823s][info][gc,marking  ] GC(10) Mark: 2 stripe(s), 2 proactive flush(es), 1 terminate flush(es), 0 completion(s), 0 continuation(s) 
[3.823s][info][gc,marking  ] GC(10) Mark Stack Usage: 32M
[3.823s][info][gc,nmethod  ] GC(10) NMethods: 469 registered, 0 unregistered
[3.823s][info][gc,metaspace] GC(10) Metaspace: 1M used, 1M committed, 1088M reserved
[3.823s][info][gc,ref      ] GC(10) Soft: 181 encountered, 0 discovered, 0 enqueued
[3.824s][info][gc,ref      ] GC(10) Weak: 263 encountered, 174 discovered, 0 enqueued
[3.824s][info][gc,ref      ] GC(10) Final: 0 encountered, 0 discovered, 0 enqueued
[3.824s][info][gc,ref      ] GC(10) Phantom: 7 encountered, 3 discovered, 0 enqueued
[3.824s][info][gc,reloc    ] GC(10) Small Pages: 929 / 1858M, Empty: 0M, Relocated: 2M, In-Place: 0
[3.824s][info][gc,reloc    ] GC(10) Medium Pages: 1 / 32M, Empty: 0M, Relocated: 0M, In-Place: 0
[3.824s][info][gc,reloc    ] GC(10) Large Pages: 0 / 0M, Empty: 0M, Relocated: 0M, In-Place: 0
[3.824s][info][gc,reloc    ] GC(10) Forwarding Usage: 0M
[3.824s][info][gc,heap     ] GC(10) Min Capacity: 8192M(100%)
[3.824s][info][gc,heap     ] GC(10) Max Capacity: 8192M(100%)
[3.824s][info][gc,heap     ] GC(10) Soft Max Capacity: 8192M(100%)
[3.824s][info][gc,heap     ] GC(10)                Mark Start          Mark End        Relocate Start      Relocate End           High               Low         
[3.824s][info][gc,heap     ] GC(10)  Capacity:     8192M (100%)       8192M (100%)       8192M (100%)       8192M (100%)       8192M (100%)       8192M (100%)   
[3.824s][info][gc,heap     ] GC(10)      Free:     6302M (77%)        6300M (77%)        6298M (77%)        6302M (77%)        6302M (77%)        6292M (77%)    
[3.824s][info][gc,heap     ] GC(10)      Used:     1890M (23%)        1892M (23%)        1894M (23%)        1890M (23%)        1900M (23%)        1890M (23%)    
[3.824s][info][gc,heap     ] GC(10)      Live:         -              1688M (21%)        1688M (21%)        1688M (21%)            -                  -          
[3.824s][info][gc,heap     ] GC(10) Allocated:         -                 2M (0%)            4M (0%)            3M (0%)             -                  -          
[3.824s][info][gc,heap     ] GC(10)   Garbage:         -               201M (2%)          201M (2%)          197M (2%)             -                  -          
[3.824s][info][gc,heap     ] GC(10) Reclaimed:         -                  -                 0M (0%)            3M (0%)             -                  -          
[3.824s][info][gc          ] GC(10) Garbage Collection (Timer) 1890M(23%)->1890M(23%)
[4.093s][info][gc,start    ] GC(11) Garbage Collection (Timer)
[4.093s][info][gc,task     ] GC(11) Using 3 workers
[4.093s][info][gc,phases   ] GC(11) Pause Mark Start 0.006ms
[4.115s][info][gc,phases   ] GC(11) Concurrent Mark 22.304ms
[4.116s][info][gc,phases   ] GC(11) Pause Mark End 0.009ms
[4.116s][info][gc,phases   ] GC(11) Concurrent Mark Free 0.001ms
[4.117s][info][gc,phases   ] GC(11) Concurrent Process Non-Strong References 0.888ms
[4.117s][info][gc,phases   ] GC(11) Concurrent Reset Relocation Set 0.001ms
[4.119s][info][gc,phases   ] GC(11) Concurrent Select Relocation Set 2.217ms
[4.119s][info][gc,phases   ] GC(11) Pause Relocate Start 0.005ms
[4.120s][info][gc,phases   ] GC(11) Concurrent Relocate 0.959ms
[4.120s][info][gc,load     ] GC(11) Load: 0.00/0.00/0.00
[4.120s][info][gc,mmu      ] GC(11) MMU: 2ms/99.2%, 5ms/99.6%, 10ms/99.8%, 20ms/99.8%, 50ms/99.9%, 100ms/100.0%
[4.120s][info][gc,marking  ] GC(11) Mark: 2 stripe(s), 2 proactive flush(es), 1 terminate flush(es), 0 completion(s), 0 continuation(s) 
[4.120s][info][gc,marking  ] GC(11) Mark Stack Usage: 32M
[4.120s][info][gc,nmethod  ] GC(11) NMethods: 471 registered, 0 unregistered
[4.120s][info][gc,metaspace] GC(11) Metaspace: 1M used, 1M committed, 1088M reserved
[4.120s][info][gc,ref      ] GC(11) Soft: 181 encountered, 0 discovered, 0 enqueued
[4.120s][info][gc,ref      ] GC(11) Weak: 263 encountered, 172 discovered, 0 enqueued
[4.120s][info][gc,ref      ] GC(11) Final: 0 encountered, 0 discovered, 0 enqueued
[4.120s][info][gc,ref      ] GC(11) Phantom: 7 encountered, 3 discovered, 0 enqueued
[4.120s][info][gc,reloc    ] GC(11) Small Pages: 1017 / 2034M, Empty: 0M, Relocated: 1M, In-Place: 0
[4.121s][info][gc,reloc    ] GC(11) Medium Pages: 1 / 32M, Empty: 0M, Relocated: 0M, In-Place: 0
[4.121s][info][gc,reloc    ] GC(11) Large Pages: 0 / 0M, Empty: 0M, Relocated: 0M, In-Place: 0
[4.121s][info][gc,reloc    ] GC(11) Forwarding Usage: 0M
[4.121s][info][gc,heap     ] GC(11) Min Capacity: 8192M(100%)
[4.121s][info][gc,heap     ] GC(11) Max Capacity: 8192M(100%)
[4.121s][info][gc,heap     ] GC(11) Soft Max Capacity: 8192M(100%)
[4.121s][info][gc,heap     ] GC(11)                Mark Start          Mark End        Relocate Start      Relocate End           High               Low         
[4.121s][info][gc,heap     ] GC(11)  Capacity:     8192M (100%)       8192M (100%)       8192M (100%)       8192M (100%)       8192M (100%)       8192M (100%)   
[4.121s][info][gc,heap     ] GC(11)      Free:     6126M (75%)        6122M (75%)        6120M (75%)        6120M (75%)        6126M (75%)        6116M (75%)    
[4.121s][info][gc,heap     ] GC(11)      Used:     2066M (25%)        2070M (25%)        2072M (25%)        2072M (25%)        2076M (25%)        2066M (25%)    
[4.121s][info][gc,heap     ] GC(11)      Live:         -              1853M (23%)        1853M (23%)        1853M (23%)            -                  -          
[4.121s][info][gc,heap     ] GC(11) Allocated:         -                 4M (0%)            6M (0%)            6M (0%)             -                  -          
[4.121s][info][gc,heap     ] GC(11)   Garbage:         -               212M (3%)          212M (3%)          212M (3%)             -                  -          
[4.121s][info][gc,heap     ] GC(11) Reclaimed:         -                  -                 0M (0%)            0M (0%)             -                  -          
[4.121s][info][gc          ] GC(11) Garbage Collection (Timer) 2066M(25%)->2072M(25%)
[4.393s][info][gc,start    ] GC(12) Garbage Collection (Timer)
[4.393s][info][gc,task     ] GC(12) Using 3 workers
[4.393s][info][gc,phases   ] GC(12) Pause Mark Start 0.006ms
[4.418s][info][gc,phases   ] GC(12) Concurrent Mark 25.154ms
[4.419s][info][gc,phases   ] GC(12) Pause Mark End 0.009ms
[4.419s][info][gc,phases   ] GC(12) Concurrent Mark Free 0.001ms
[4.420s][info][gc,phases   ] GC(12) Concurrent Process Non-Strong References 0.897ms
[4.420s][info][gc,phases   ] GC(12) Concurrent Reset Relocation Set 0.001ms
[4.422s][info][gc,phases   ] GC(12) Concurrent Select Relocation Set 2.197ms
[4.422s][info][gc,phases   ] GC(12) Pause Relocate Start 0.005ms
[4.424s][info][gc,phases   ] GC(12) Concurrent Relocate 1.535ms
[4.424s][info][gc,load     ] GC(12) Load: 0.00/0.00/0.00
[4.424s][info][gc,mmu      ] GC(12) MMU: 2ms/99.2%, 5ms/99.6%, 10ms/99.8%, 20ms/99.8%, 50ms/99.9%, 100ms/100.0%
[4.424s][info][gc,marking  ] GC(12) Mark: 2 stripe(s), 2 proactive flush(es), 1 terminate flush(es), 0 completion(s), 0 continuation(s) 
[4.424s][info][gc,marking  ] GC(12) Mark Stack Usage: 32M
[4.424s][info][gc,nmethod  ] GC(12) NMethods: 471 registered, 0 unregistered
[4.424s][info][gc,metaspace] GC(12) Metaspace: 1M used, 1M committed, 1088M reserved
[4.424s][info][gc,ref      ] GC(12) Soft: 181 encountered, 0 discovered, 0 enqueued
[4.424s][info][gc,ref      ] GC(12) Weak: 263 encountered, 173 discovered, 0 enqueued
[4.424s][info][gc,ref      ] GC(12) Final: 0 encountered, 0 discovered, 0 enqueued
[4.424s][info][gc,ref      ] GC(12) Phantom: 7 encountered, 2 discovered, 0 enqueued
[4.424s][info][gc,reloc    ] GC(12) Small Pages: 1106 / 2212M, Empty: 0M, Relocated: 3M, In-Place: 0
[4.424s][info][gc,reloc    ] GC(12) Medium Pages: 2 / 64M, Empty: 32M, Relocated: 0M, In-Place: 0
[4.424s][info][gc,reloc    ] GC(12) Large Pages: 0 / 0M, Empty: 0M, Relocated: 0M, In-Place: 0
[4.424s][info][gc,reloc    ] GC(12) Forwarding Usage: 0M
[4.424s][info][gc,heap     ] GC(12) Min Capacity: 8192M(100%)
[4.424s][info][gc,heap     ] GC(12) Max Capacity: 8192M(100%)
[4.424s][info][gc,heap     ] GC(12) Soft Max Capacity: 8192M(100%)
[4.424s][info][gc,heap     ] GC(12)                Mark Start          Mark End        Relocate Start      Relocate End           High               Low         
[4.424s][info][gc,heap     ] GC(12)  Capacity:     8192M (100%)       8192M (100%)       8192M (100%)       8192M (100%)       8192M (100%)       8192M (100%)   
[4.424s][info][gc,heap     ] GC(12)      Free:     5916M (72%)        5914M (72%)        5946M (73%)        5946M (73%)        5946M (73%)        5914M (72%)    
[4.424s][info][gc,heap     ] GC(12)      Used:     2276M (28%)        2278M (28%)        2246M (27%)        2246M (27%)        2278M (28%)        2246M (27%)    
[4.424s][info][gc,heap     ] GC(12)      Live:         -              2015M (25%)        2015M (25%)        2015M (25%)            -                  -          
[4.424s][info][gc,heap     ] GC(12) Allocated:         -                 2M (0%)            2M (0%)            3M (0%)             -                  -          
[4.424s][info][gc,heap     ] GC(12)   Garbage:         -               260M (3%)          228M (3%)          226M (3%)             -                  -          
[4.424s][info][gc,heap     ] GC(12) Reclaimed:         -                  -                32M (0%)           33M (0%)             -                  -          
[4.424s][info][gc          ] GC(12) Garbage Collection (Timer) 2276M(28%)->2246M(27%)
[4.693s][info][gc,start    ] GC(13) Garbage Collection (Timer)
[4.693s][info][gc,task     ] GC(13) Using 3 workers
[4.693s][info][gc,phases   ] GC(13) Pause Mark Start 0.006ms
[4.716s][info][gc,phases   ] GC(13) Concurrent Mark 22.272ms
[4.716s][info][gc,phases   ] GC(13) Pause Mark End 0.010ms
[4.716s][info][gc,phases   ] GC(13) Concurrent Mark Free 0.001ms
[4.716s][info][gc,phases   ] GC(13) Concurrent Process Non-Strong References 0.533ms
[4.716s][info][gc,phases   ] GC(13) Concurrent Reset Relocation Set 0.001ms
[4.719s][info][gc,phases   ] GC(13) Concurrent Select Relocation Set 2.803ms
[4.719s][info][gc,phases   ] GC(13) Pause Relocate Start 0.005ms
[4.722s][info][gc,phases   ] GC(13) Concurrent Relocate 1.922ms
[4.722s][info][gc,load     ] GC(13) Load: 0.00/0.00/0.00
[4.722s][info][gc,mmu      ] GC(13) MMU: 2ms/99.2%, 5ms/99.6%, 10ms/99.8%, 20ms/99.8%, 50ms/99.9%, 100ms/100.0%
[4.722s][info][gc,marking  ] GC(13) Mark: 2 stripe(s), 3 proactive flush(es), 1 terminate flush(es), 0 completion(s), 0 continuation(s) 
[4.722s][info][gc,marking  ] GC(13) Mark Stack Usage: 32M
[4.722s][info][gc,nmethod  ] GC(13) NMethods: 471 registered, 0 unregistered
[4.722s][info][gc,metaspace] GC(13) Metaspace: 1M used, 1M committed, 1088M reserved
[4.722s][info][gc,ref      ] GC(13) Soft: 181 encountered, 0 discovered, 0 enqueued
[4.722s][info][gc,ref      ] GC(13) Weak: 263 encountered, 173 discovered, 0 enqueued
[4.722s][info][gc,ref      ] GC(13) Final: 0 encountered, 0 discovered, 0 enqueued
[4.722s][info][gc,ref      ] GC(13) Phantom: 7 encountered, 3 discovered, 0 enqueued
[4.722s][info][gc,reloc    ] GC(13) Small Pages: 1167 / 2334M, Empty: 0M, Relocated: 3M, In-Place: 0
[4.722s][info][gc,reloc    ] GC(13) Medium Pages: 1 / 32M, Empty: 0M, Relocated: 0M, In-Place: 0
[4.722s][info][gc,reloc    ] GC(13) Large Pages: 0 / 0M, Empty: 0M, Relocated: 0M, In-Place: 0
[4.722s][info][gc,reloc    ] GC(13) Forwarding Usage: 0M
[4.722s][info][gc,heap     ] GC(13) Min Capacity: 8192M(100%)
[4.722s][info][gc,heap     ] GC(13) Max Capacity: 8192M(100%)
[4.722s][info][gc,heap     ] GC(13) Soft Max Capacity: 8192M(100%)
[4.722s][info][gc,heap     ] GC(13)                Mark Start          Mark End        Relocate Start      Relocate End           High               Low         
[4.722s][info][gc,heap     ] GC(13)  Capacity:     8192M (100%)       8192M (100%)       8192M (100%)       8192M (100%)       8192M (100%)       8192M (100%)   
[4.722s][info][gc,heap     ] GC(13)      Free:     5826M (71%)        5822M (71%)        5820M (71%)        5822M (71%)        5826M (71%)        5814M (71%)    
[4.722s][info][gc,heap     ] GC(13)      Used:     2366M (29%)        2370M (29%)        2372M (29%)        2370M (29%)        2378M (29%)        2366M (29%)    
[4.722s][info][gc,heap     ] GC(13)      Live:         -              2126M (26%)        2126M (26%)        2126M (26%)            -                  -          
[4.722s][info][gc,heap     ] GC(13) Allocated:         -                 4M (0%)            6M (0%)            5M (0%)             -                  -          
[4.722s][info][gc,heap     ] GC(13)   Garbage:         -               239M (3%)          239M (3%)          237M (3%)             -                  -          
[4.722s][info][gc,heap     ] GC(13) Reclaimed:         -                  -                 0M (0%)            1M (0%)             -                  -          
[4.722s][info][gc          ] GC(13) Garbage Collection (Timer) 2366M(29%)->2370M(29%)
[4.993s][info][gc,start    ] GC(14) Garbage Collection (Warmup)
[4.993s][info][gc,task     ] GC(14) Using 3 workers
[4.993s][info][gc,phases   ] GC(14) Pause Mark Start 0.006ms
[5.012s][info][gc,phases   ] GC(14) Concurrent Mark 18.686ms
[5.012s][info][gc,phases   ] GC(14) Pause Mark End 0.010ms
[5.012s][info][gc,phases   ] GC(14) Concurrent Mark Free 0.001ms
[5.013s][info][gc,phases   ] GC(14) Concurrent Process Non-Strong References 0.607ms
[5.013s][info][gc,phases   ] GC(14) Concurrent Reset Relocation Set 0.001ms
[5.016s][info][gc,phases   ] GC(14) Concurrent Select Relocation Set 2.501ms
[5.016s][info][gc,phases   ] GC(14) Pause Relocate Start 0.005ms
[5.017s][info][gc,phases   ] GC(14) Concurrent Relocate 1.457ms
[5.017s][info][gc,load     ] GC(14) Load: 0.00/0.00/0.00
[5.017s][info][gc,mmu      ] GC(14) MMU: 2ms/99.2%, 5ms/99.6%, 10ms/99.8%, 20ms/99.8%, 50ms/99.9%, 100ms/100.0%
[5.017s][info][gc,marking  ] GC(14) Mark: 2 stripe(s), 2 proactive flush(es), 1 terminate flush(es), 0 completion(s), 0 continuation(s) 
[5.017s][info][gc,marking  ] GC(14) Mark Stack Usage: 32M
[5.017s][info][gc,nmethod  ] GC(14) NMethods: 471 registered, 0 unregistered
[5.017s][info][gc,metaspace] GC(14) Metaspace: 1M used, 1M committed, 1088M reserved
[5.017s][info][gc,ref      ] GC(14) Soft: 181 encountered, 0 discovered, 0 enqueued
[5.018s][info][gc,ref      ] GC(14) Weak: 263 encountered, 13 discovered, 0 enqueued
[5.018s][info][gc,ref      ] GC(14) Final: 0 encountered, 0 discovered, 0 enqueued
[5.018s][info][gc,ref      ] GC(14) Phantom: 7 encountered, 3 discovered, 0 enqueued
[5.018s][info][gc,reloc    ] GC(14) Small Pages: 1233 / 2466M, Empty: 0M, Relocated: 3M, In-Place: 0
[5.018s][info][gc,reloc    ] GC(14) Medium Pages: 1 / 32M, Empty: 0M, Relocated: 0M, In-Place: 0
[5.018s][info][gc,reloc    ] GC(14) Large Pages: 0 / 0M, Empty: 0M, Relocated: 0M, In-Place: 0
[5.018s][info][gc,reloc    ] GC(14) Forwarding Usage: 0M
[5.018s][info][gc,heap     ] GC(14) Min Capacity: 8192M(100%)
[5.018s][info][gc,heap     ] GC(14) Max Capacity: 8192M(100%)
[5.018s][info][gc,heap     ] GC(14) Soft Max Capacity: 8192M(100%)
[5.018s][info][gc,heap     ] GC(14)                Mark Start          Mark End        Relocate Start      Relocate End           High               Low         
[5.018s][info][gc,heap     ] GC(14)  Capacity:     8192M (100%)       8192M (100%)       8192M (100%)       8192M (100%)       8192M (100%)       8192M (100%)   
[5.018s][info][gc,heap     ] GC(14)      Free:     5694M (70%)        5692M (69%)        5692M (69%)        5694M (70%)        5694M (70%)        5686M (69%)    
[5.018s][info][gc,heap     ] GC(14)      Used:     2498M (30%)        2500M (31%)        2500M (31%)        2498M (30%)        2506M (31%)        2498M (30%)    
[5.018s][info][gc,heap     ] GC(14)      Live:         -              2248M (27%)        2248M (27%)        2248M (27%)            -                  -          
[5.018s][info][gc,heap     ] GC(14) Allocated:         -                 2M (0%)            2M (0%)            1M (0%)             -                  -          
[5.018s][info][gc,heap     ] GC(14)   Garbage:         -               249M (3%)          249M (3%)          247M (3%)             -                  -          
[5.018s][info][gc,heap     ] GC(14) Reclaimed:         -                  -                 0M (0%)            1M (0%)             -                  -          
[5.018s][info][gc          ] GC(14) Garbage Collection (Warmup) 2498M(30%)->2498M(30%)
[5.293s][info][gc,start    ] GC(15) Garbage Collection (Timer)
[5.293s][info][gc,task     ] GC(15) Using 3 workers
[5.293s][info][gc,phases   ] GC(15) Pause Mark Start 0.011ms
[5.314s][info][gc,phases   ] GC(15) Concurrent Mark 21.132ms
[5.315s][info][gc,phases   ] GC(15) Pause Mark End 0.012ms
[5.315s][info][gc,phases   ] GC(15) Concurrent Mark Free 0.001ms
[5.315s][info][gc,phases   ] GC(15) Concurrent Process Non-Strong References 0.639ms
[5.315s][info][gc,phases   ] GC(15) Concurrent Reset Relocation Set 0.001ms
[5.318s][info][gc,phases   ] GC(15) Concurrent Select Relocation Set 2.299ms
[5.318s][info][gc,phases   ] GC(15) Pause Relocate Start 0.005ms
[5.319s][info][gc,phases   ] GC(15) Concurrent Relocate 0.910ms
[5.319s][info][gc,load     ] GC(15) Load: 0.00/0.00/0.00
[5.319s][info][gc,mmu      ] GC(15) MMU: 2ms/99.2%, 5ms/99.6%, 10ms/99.8%, 20ms/99.8%, 50ms/99.9%, 100ms/100.0%
[5.319s][info][gc,marking  ] GC(15) Mark: 2 stripe(s), 2 proactive flush(es), 1 terminate flush(es), 0 completion(s), 0 continuation(s) 
[5.319s][info][gc,marking  ] GC(15) Mark Stack Usage: 32M
[5.319s][info][gc,nmethod  ] GC(15) NMethods: 471 registered, 0 unregistered
[5.319s][info][gc,metaspace] GC(15) Metaspace: 1M used, 1M committed, 1088M reserved
[5.319s][info][gc,ref      ] GC(15) Soft: 181 encountered, 0 discovered, 0 enqueued
[5.319s][info][gc,ref      ] GC(15) Weak: 263 encountered, 104 discovered, 0 enqueued
[5.319s][info][gc,ref      ] GC(15) Final: 0 encountered, 0 discovered, 0 enqueued
[5.319s][info][gc,ref      ] GC(15) Phantom: 7 encountered, 3 discovered, 0 enqueued
[5.319s][info][gc,reloc    ] GC(15) Small Pages: 1290 / 2580M, Empty: 0M, Relocated: 1M, In-Place: 0
[5.319s][info][gc,reloc    ] GC(15) Medium Pages: 1 / 32M, Empty: 0M, Relocated: 0M, In-Place: 0
[5.319s][info][gc,reloc    ] GC(15) Large Pages: 0 / 0M, Empty: 0M, Relocated: 0M, In-Place: 0
[5.319s][info][gc,reloc    ] GC(15) Forwarding Usage: 0M
[5.319s][info][gc,heap     ] GC(15) Min Capacity: 8192M(100%)
[5.319s][info][gc,heap     ] GC(15) Max Capacity: 8192M(100%)
[5.319s][info][gc,heap     ] GC(15) Soft Max Capacity: 8192M(100%)
[5.319s][info][gc,heap     ] GC(15)                Mark Start          Mark End        Relocate Start      Relocate End           High               Low         
[5.320s][info][gc,heap     ] GC(15)  Capacity:     8192M (100%)       8192M (100%)       8192M (100%)       8192M (100%)       8192M (100%)       8192M (100%)   
[5.320s][info][gc,heap     ] GC(15)      Free:     5580M (68%)        5578M (68%)        5576M (68%)        5576M (68%)        5580M (68%)        5572M (68%)    
[5.320s][info][gc,heap     ] GC(15)      Used:     2612M (32%)        2614M (32%)        2616M (32%)        2616M (32%)        2620M (32%)        2612M (32%)    
[5.320s][info][gc,heap     ] GC(15)      Live:         -              2352M (29%)        2352M (29%)        2352M (29%)            -                  -          
[5.320s][info][gc,heap     ] GC(15) Allocated:         -                 2M (0%)            4M (0%)            4M (0%)             -                  -          
[5.320s][info][gc,heap     ] GC(15)   Garbage:         -               259M (3%)          259M (3%)          259M (3%)             -                  -          
[5.320s][info][gc,heap     ] GC(15) Reclaimed:         -                  -                 0M (0%)            0M (0%)             -                  -          
[5.320s][info][gc          ] GC(15) Garbage Collection (Timer) 2612M(32%)->2616M(32%)
[5.593s][info][gc,start    ] GC(16) Garbage Collection (Timer)
[5.593s][info][gc,task     ] GC(16) Using 3 workers
[5.593s][info][gc,phases   ] GC(16) Pause Mark Start 0.006ms
[5.614s][info][gc,phases   ] GC(16) Concurrent Mark 20.254ms
[5.614s][info][gc,phases   ] GC(16) Pause Mark End 0.009ms
[5.614s][info][gc,phases   ] GC(16) Concurrent Mark Free 0.001ms
[5.615s][info][gc,phases   ] GC(16) Concurrent Process Non-Strong References 0.770ms
[5.615s][info][gc,phases   ] GC(16) Concurrent Reset Relocation Set 0.001ms
[5.617s][info][gc,phases   ] GC(16) Concurrent Select Relocation Set 2.313ms
[5.617s][info][gc,phases   ] GC(16) Pause Relocate Start 0.004ms
[5.618s][info][gc,phases   ] GC(16) Concurrent Relocate 0.854ms
[5.618s][info][gc,load     ] GC(16) Load: 0.00/0.00/0.00
[5.618s][info][gc,mmu      ] GC(16) MMU: 2ms/99.2%, 5ms/99.6%, 10ms/99.8%, 20ms/99.8%, 50ms/99.9%, 100ms/100.0%
[5.618s][info][gc,marking  ] GC(16) Mark: 2 stripe(s), 2 proactive flush(es), 1 terminate flush(es), 0 completion(s), 0 continuation(s) 
[5.618s][info][gc,marking  ] GC(16) Mark Stack Usage: 32M
[5.618s][info][gc,nmethod  ] GC(16) NMethods: 471 registered, 0 unregistered
[5.618s][info][gc,metaspace] GC(16) Metaspace: 1M used, 1M committed, 1088M reserved
[5.618s][info][gc,ref      ] GC(16) Soft: 181 encountered, 0 discovered, 0 enqueued
[5.618s][info][gc,ref      ] GC(16) Weak: 263 encountered, 90 discovered, 0 enqueued
[5.618s][info][gc,ref      ] GC(16) Final: 0 encountered, 0 discovered, 0 enqueued
[5.619s][info][gc,ref      ] GC(16) Phantom: 7 encountered, 3 discovered, 0 enqueued
[5.619s][info][gc,reloc    ] GC(16) Small Pages: 1346 / 2692M, Empty: 0M, Relocated: 1M, In-Place: 0
[5.619s][info][gc,reloc    ] GC(16) Medium Pages: 1 / 32M, Empty: 0M, Relocated: 0M, In-Place: 0
[5.619s][info][gc,reloc    ] GC(16) Large Pages: 0 / 0M, Empty: 0M, Relocated: 0M, In-Place: 0
[5.619s][info][gc,reloc    ] GC(16) Forwarding Usage: 0M
[5.619s][info][gc,heap     ] GC(16) Min Capacity: 8192M(100%)
[5.619s][info][gc,heap     ] GC(16) Max Capacity: 8192M(100%)
[5.619s][info][gc,heap     ] GC(16) Soft Max Capacity: 8192M(100%)
[5.619s][info][gc,heap     ] GC(16)                Mark Start          Mark End        Relocate Start      Relocate End           High               Low         
[5.619s][info][gc,heap     ] GC(16)  Capacity:     8192M (100%)       8192M (100%)       8192M (100%)       8192M (100%)       8192M (100%)       8192M (100%)   
[5.619s][info][gc,heap     ] GC(16)      Free:     5468M (67%)        5464M (67%)        5462M (67%)        5462M (67%)        5468M (67%)        5456M (67%)    
[5.619s][info][gc,heap     ] GC(16)      Used:     2724M (33%)        2728M (33%)        2730M (33%)        2730M (33%)        2736M (33%)        2724M (33%)    
[5.619s][info][gc,heap     ] GC(16)      Live:         -              2454M (30%)        2454M (30%)        2454M (30%)            -                  -          
[5.619s][info][gc,heap     ] GC(16) Allocated:         -                 4M (0%)            6M (0%)            6M (0%)             -                  -          
[5.619s][info][gc,heap     ] GC(16)   Garbage:         -               269M (3%)          269M (3%)          269M (3%)             -                  -          
[5.619s][info][gc,heap     ] GC(16) Reclaimed:         -                  -                 0M (0%)            0M (0%)             -                  -          
[5.619s][info][gc          ] GC(16) Garbage Collection (Timer) 2724M(33%)->2730M(33%)
[5.893s][info][gc,start    ] GC(17) Garbage Collection (Timer)
[5.893s][info][gc,task     ] GC(17) Using 3 workers
[5.893s][info][gc,phases   ] GC(17) Pause Mark Start 0.006ms
[5.917s][info][gc,phases   ] GC(17) Concurrent Mark 23.222ms
[5.917s][info][gc,phases   ] GC(17) Pause Mark End 0.009ms
[5.917s][info][gc,phases   ] GC(17) Concurrent Mark Free 0.001ms
[5.918s][info][gc,phases   ] GC(17) Concurrent Process Non-Strong References 0.792ms
[5.918s][info][gc,phases   ] GC(17) Concurrent Reset Relocation Set 0.001ms
[5.920s][info][gc,phases   ] GC(17) Concurrent Select Relocation Set 2.398ms
[5.920s][info][gc,phases   ] GC(17) Pause Relocate Start 0.006ms
[5.921s][info][gc,phases   ] GC(17) Concurrent Relocate 0.841ms
[5.921s][info][gc,load     ] GC(17) Load: 0.00/0.00/0.00
[5.921s][info][gc,mmu      ] GC(17) MMU: 2ms/99.2%, 5ms/99.6%, 10ms/99.8%, 20ms/99.8%, 50ms/99.9%, 100ms/100.0%
[5.922s][info][gc,marking  ] GC(17) Mark: 2 stripe(s), 2 proactive flush(es), 1 terminate flush(es), 0 completion(s), 0 continuation(s) 
[5.922s][info][gc,marking  ] GC(17) Mark Stack Usage: 32M
[5.922s][info][gc,nmethod  ] GC(17) NMethods: 480 registered, 0 unregistered
[5.922s][info][gc,metaspace] GC(17) Metaspace: 1M used, 1M committed, 1088M reserved
[5.922s][info][gc,ref      ] GC(17) Soft: 181 encountered, 0 discovered, 0 enqueued
[5.922s][info][gc,ref      ] GC(17) Weak: 263 encountered, 13 discovered, 0 enqueued
[5.922s][info][gc,ref      ] GC(17) Final: 0 encountered, 0 discovered, 0 enqueued
[5.922s][info][gc,ref      ] GC(17) Phantom: 7 encountered, 3 discovered, 0 enqueued
[5.922s][info][gc,reloc    ] GC(17) Small Pages: 1414 / 2828M, Empty: 0M, Relocated: 1M, In-Place: 0
[5.922s][info][gc,reloc    ] GC(17) Medium Pages: 1 / 32M, Empty: 0M, Relocated: 0M, In-Place: 0
[5.922s][info][gc,reloc    ] GC(17) Large Pages: 0 / 0M, Empty: 0M, Relocated: 0M, In-Place: 0
[5.922s][info][gc,reloc    ] GC(17) Forwarding Usage: 0M
[5.922s][info][gc,heap     ] GC(17) Min Capacity: 8192M(100%)
[5.922s][info][gc,heap     ] GC(17) Max Capacity: 8192M(100%)
[5.922s][info][gc,heap     ] GC(17) Soft Max Capacity: 8192M(100%)
[5.922s][info][gc,heap     ] GC(17)                Mark Start          Mark End        Relocate Start      Relocate End           High               Low         
[5.922s][info][gc,heap     ] GC(17)  Capacity:     8192M (100%)       8192M (100%)       8192M (100%)       8192M (100%)       8192M (100%)       8192M (100%)   
[5.922s][info][gc,heap     ] GC(17)      Free:     5332M (65%)        5326M (65%)        5324M (65%)        5324M (65%)        5332M (65%)        5320M (65%)    
[5.922s][info][gc,heap     ] GC(17)      Used:     2860M (35%)        2866M (35%)        2868M (35%)        2868M (35%)        2872M (35%)        2860M (35%)    
[5.922s][info][gc,heap     ] GC(17)      Live:         -              2578M (31%)        2578M (31%)        2578M (31%)            -                  -          
[5.922s][info][gc,heap     ] GC(17) Allocated:         -                 6M (0%)            8M (0%)            8M (0%)             -                  -          
[5.922s][info][gc,heap     ] GC(17)   Garbage:         -               281M (3%)          281M (3%)          281M (3%)             -                  -          
[5.922s][info][gc,heap     ] GC(17) Reclaimed:         -                  -                 0M (0%)            0M (0%)             -                  -          
[5.922s][info][gc          ] GC(17) Garbage Collection (Timer) 2860M(35%)->2868M(35%)
[6.193s][info][gc,start    ] GC(18) Garbage Collection (Timer)
[6.193s][info][gc,task     ] GC(18) Using 3 workers
[6.193s][info][gc,phases   ] GC(18) Pause Mark Start 0.006ms
[6.218s][info][gc,phases   ] GC(18) Concurrent Mark 24.285ms
[6.218s][info][gc,phases   ] GC(18) Pause Mark End 0.009ms
[6.218s][info][gc,phases   ] GC(18) Concurrent Mark Free 0.001ms
[6.219s][info][gc,phases   ] GC(18) Concurrent Process Non-Strong References 0.689ms
[6.219s][info][gc,phases   ] GC(18) Concurrent Reset Relocation Set 0.001ms
[6.221s][info][gc,phases   ] GC(18) Concurrent Select Relocation Set 2.380ms
[6.221s][info][gc,phases   ] GC(18) Pause Relocate Start 0.006ms
[6.223s][info][gc,phases   ] GC(18) Concurrent Relocate 0.886ms
[6.223s][info][gc,load     ] GC(18) Load: 0.00/0.00/0.00
[6.223s][info][gc,mmu      ] GC(18) MMU: 2ms/99.2%, 5ms/99.6%, 10ms/99.8%, 20ms/99.8%, 50ms/99.9%, 100ms/100.0%
[6.223s][info][gc,marking  ] GC(18) Mark: 2 stripe(s), 3 proactive flush(es), 1 terminate flush(es), 0 completion(s), 0 continuation(s) 
[6.223s][info][gc,marking  ] GC(18) Mark Stack Usage: 32M
[6.223s][info][gc,nmethod  ] GC(18) NMethods: 480 registered, 0 unregistered
[6.223s][info][gc,metaspace] GC(18) Metaspace: 1M used, 1M committed, 1088M reserved
[6.223s][info][gc,ref      ] GC(18) Soft: 181 encountered, 0 discovered, 0 enqueued
[6.223s][info][gc,ref      ] GC(18) Weak: 263 encountered, 13 discovered, 0 enqueued
[6.223s][info][gc,ref      ] GC(18) Final: 0 encountered, 0 discovered, 0 enqueued
[6.223s][info][gc,ref      ] GC(18) Phantom: 7 encountered, 3 discovered, 0 enqueued
[6.223s][info][gc,reloc    ] GC(18) Small Pages: 1516 / 3032M, Empty: 0M, Relocated: 1M, In-Place: 0
[6.223s][info][gc,reloc    ] GC(18) Medium Pages: 1 / 32M, Empty: 0M, Relocated: 0M, In-Place: 0
[6.223s][info][gc,reloc    ] GC(18) Large Pages: 0 / 0M, Empty: 0M, Relocated: 0M, In-Place: 0
[6.223s][info][gc,reloc    ] GC(18) Forwarding Usage: 0M
[6.223s][info][gc,heap     ] GC(18) Min Capacity: 8192M(100%)
[6.223s][info][gc,heap     ] GC(18) Max Capacity: 8192M(100%)
[6.223s][info][gc,heap     ] GC(18) Soft Max Capacity: 8192M(100%)
[6.223s][info][gc,heap     ] GC(18)                Mark Start          Mark End        Relocate Start      Relocate End           High               Low         
[6.223s][info][gc,heap     ] GC(18)  Capacity:     8192M (100%)       8192M (100%)       8192M (100%)       8192M (100%)       8192M (100%)       8192M (100%)   
[6.223s][info][gc,heap     ] GC(18)      Free:     5128M (63%)        5126M (63%)        5124M (63%)        5124M (63%)        5128M (63%)        5118M (62%)    
[6.223s][info][gc,heap     ] GC(18)      Used:     3064M (37%)        3066M (37%)        3068M (37%)        3068M (37%)        3074M (38%)        3064M (37%)    
[6.223s][info][gc,heap     ] GC(18)      Live:         -              2764M (34%)        2764M (34%)        2764M (34%)            -                  -          
[6.223s][info][gc,heap     ] GC(18) Allocated:         -                 2M (0%)            4M (0%)            4M (0%)             -                  -          
[6.223s][info][gc,heap     ] GC(18)   Garbage:         -               299M (4%)          299M (4%)          299M (4%)             -                  -          
[6.223s][info][gc,heap     ] GC(18) Reclaimed:         -                  -                 0M (0%)            0M (0%)             -                  -          
[6.223s][info][gc          ] GC(18) Garbage Collection (Timer) 3064M(37%)->3068M(37%)
[6.493s][info][gc,start    ] GC(19) Garbage Collection (Timer)
[6.493s][info][gc,task     ] GC(19) Using 3 workers
[6.493s][info][gc,phases   ] GC(19) Pause Mark Start 0.006ms
[6.523s][info][gc,phases   ] GC(19) Concurrent Mark 30.419ms
[6.523s][info][gc,phases   ] GC(19) Pause Mark End 0.009ms
[6.524s][info][gc,phases   ] GC(19) Concurrent Mark Free 0.001ms
[6.524s][info][gc,phases   ] GC(19) Concurrent Process Non-Strong References 0.736ms
[6.524s][info][gc,phases   ] GC(19) Concurrent Reset Relocation Set 0.001ms
[6.527s][info][gc,phases   ] GC(19) Concurrent Select Relocation Set 2.775ms
[6.527s][info][gc,phases   ] GC(19) Pause Relocate Start 0.006ms
[6.529s][info][gc,phases   ] GC(19) Concurrent Relocate 1.310ms
[6.529s][info][gc,load     ] GC(19) Load: 0.00/0.00/0.00
[6.529s][info][gc,mmu      ] GC(19) MMU: 2ms/99.2%, 5ms/99.6%, 10ms/99.8%, 20ms/99.8%, 50ms/99.9%, 100ms/100.0%
[6.529s][info][gc,marking  ] GC(19) Mark: 2 stripe(s), 2 proactive flush(es), 1 terminate flush(es), 0 completion(s), 0 continuation(s) 
[6.529s][info][gc,marking  ] GC(19) Mark Stack Usage: 32M
[6.529s][info][gc,nmethod  ] GC(19) NMethods: 481 registered, 0 unregistered
[6.529s][info][gc,metaspace] GC(19) Metaspace: 1M used, 1M committed, 1088M reserved
[6.529s][info][gc,ref      ] GC(19) Soft: 181 encountered, 0 discovered, 0 enqueued
[6.529s][info][gc,ref      ] GC(19) Weak: 263 encountered, 34 discovered, 0 enqueued
[6.529s][info][gc,ref      ] GC(19) Final: 0 encountered, 0 discovered, 0 enqueued
[6.529s][info][gc,ref      ] GC(19) Phantom: 7 encountered, 3 discovered, 0 enqueued
[6.529s][info][gc,reloc    ] GC(19) Small Pages: 1613 / 3226M, Empty: 0M, Relocated: 3M, In-Place: 0
[6.529s][info][gc,reloc    ] GC(19) Medium Pages: 2 / 64M, Empty: 32M, Relocated: 0M, In-Place: 0
[6.529s][info][gc,reloc    ] GC(19) Large Pages: 0 / 0M, Empty: 0M, Relocated: 0M, In-Place: 0
[6.529s][info][gc,reloc    ] GC(19) Forwarding Usage: 0M
[6.529s][info][gc,heap     ] GC(19) Min Capacity: 8192M(100%)
[6.529s][info][gc,heap     ] GC(19) Max Capacity: 8192M(100%)
[6.529s][info][gc,heap     ] GC(19) Soft Max Capacity: 8192M(100%)
[6.529s][info][gc,heap     ] GC(19)                Mark Start          Mark End        Relocate Start      Relocate End           High               Low         
[6.529s][info][gc,heap     ] GC(19)  Capacity:     8192M (100%)       8192M (100%)       8192M (100%)       8192M (100%)       8192M (100%)       8192M (100%)   
[6.529s][info][gc,heap     ] GC(19)      Free:     4902M (60%)        4898M (60%)        4930M (60%)        4934M (60%)        4934M (60%)        4898M (60%)    
[6.529s][info][gc,heap     ] GC(19)      Used:     3290M (40%)        3294M (40%)        3262M (40%)        3258M (40%)        3294M (40%)        3258M (40%)    
[6.529s][info][gc,heap     ] GC(19)      Live:         -              2940M (36%)        2940M (36%)        2940M (36%)            -                  -          
[6.529s][info][gc,heap     ] GC(19) Allocated:         -                 4M (0%)            4M (0%)            4M (0%)             -                  -          
[6.529s][info][gc,heap     ] GC(19)   Garbage:         -               349M (4%)          317M (4%)          313M (4%)             -                  -          
[6.529s][info][gc,heap     ] GC(19) Reclaimed:         -                  -                32M (0%)           36M (0%)             -                  -          
[6.529s][info][gc          ] GC(19) Garbage Collection (Timer) 3290M(40%)->3258M(40%)
[6.793s][info][gc,start    ] GC(20) Garbage Collection (Timer)
[6.794s][info][gc,task     ] GC(20) Using 3 workers
[6.794s][info][gc,phases   ] GC(20) Pause Mark Start 0.006ms
[6.821s][info][gc,phases   ] GC(20) Concurrent Mark 26.672ms
[6.821s][info][gc,phases   ] GC(20) Pause Mark End 0.010ms
[6.821s][info][gc,phases   ] GC(20) Concurrent Mark Free 0.001ms
[6.822s][info][gc,phases   ] GC(20) Concurrent Process Non-Strong References 0.751ms
[6.822s][info][gc,phases   ] GC(20) Concurrent Reset Relocation Set 0.001ms
[6.824s][info][gc,phases   ] GC(20) Concurrent Select Relocation Set 2.331ms
[6.824s][info][gc,phases   ] GC(20) Pause Relocate Start 0.005ms
[6.826s][info][gc,phases   ] GC(20) Concurrent Relocate 1.506ms
[6.826s][info][gc,load     ] GC(20) Load: 0.00/0.00/0.00
[6.826s][info][gc,mmu      ] GC(20) MMU: 2ms/99.2%, 5ms/99.6%, 10ms/99.8%, 20ms/99.8%, 50ms/99.9%, 100ms/100.0%
[6.826s][info][gc,marking  ] GC(20) Mark: 2 stripe(s), 2 proactive flush(es), 1 terminate flush(es), 0 completion(s), 0 continuation(s) 
[6.826s][info][gc,marking  ] GC(20) Mark Stack Usage: 32M
[6.826s][info][gc,nmethod  ] GC(20) NMethods: 481 registered, 0 unregistered
[6.826s][info][gc,metaspace] GC(20) Metaspace: 1M used, 1M committed, 1088M reserved
[6.826s][info][gc,ref      ] GC(20) Soft: 181 encountered, 0 discovered, 0 enqueued
[6.826s][info][gc,ref      ] GC(20) Weak: 263 encountered, 119 discovered, 0 enqueued
[6.826s][info][gc,ref      ] GC(20) Final: 0 encountered, 0 discovered, 0 enqueued
[6.826s][info][gc,ref      ] GC(20) Phantom: 7 encountered, 3 discovered, 0 enqueued
[6.826s][info][gc,reloc    ] GC(20) Small Pages: 1690 / 3380M, Empty: 0M, Relocated: 3M, In-Place: 0
[6.826s][info][gc,reloc    ] GC(20) Medium Pages: 1 / 32M, Empty: 0M, Relocated: 0M, In-Place: 0
[6.826s][info][gc,reloc    ] GC(20) Large Pages: 0 / 0M, Empty: 0M, Relocated: 0M, In-Place: 0
[6.826s][info][gc,reloc    ] GC(20) Forwarding Usage: 0M
[6.826s][info][gc,heap     ] GC(20) Min Capacity: 8192M(100%)
[6.826s][info][gc,heap     ] GC(20) Max Capacity: 8192M(100%)
[6.826s][info][gc,heap     ] GC(20) Soft Max Capacity: 8192M(100%)
[6.826s][info][gc,heap     ] GC(20)                Mark Start          Mark End        Relocate Start      Relocate End           High               Low         
[6.826s][info][gc,heap     ] GC(20)  Capacity:     8192M (100%)       8192M (100%)       8192M (100%)       8192M (100%)       8192M (100%)       8192M (100%)   
[6.826s][info][gc,heap     ] GC(20)      Free:     4780M (58%)        4778M (58%)        4778M (58%)        4780M (58%)        4780M (58%)        4772M (58%)    
[6.826s][info][gc,heap     ] GC(20)      Used:     3412M (42%)        3414M (42%)        3414M (42%)        3412M (42%)        3420M (42%)        3412M (42%)    
[6.826s][info][gc,heap     ] GC(20)      Live:         -              3083M (38%)        3083M (38%)        3083M (38%)            -                  -          
[6.826s][info][gc,heap     ] GC(20) Allocated:         -                 2M (0%)            2M (0%)            2M (0%)             -                  -          
[6.826s][info][gc,heap     ] GC(20)   Garbage:         -               328M (4%)          328M (4%)          326M (4%)             -                  -          
[6.826s][info][gc,heap     ] GC(20) Reclaimed:         -                  -                 0M (0%)            2M (0%)             -                  -          
[6.826s][info][gc          ] GC(20) Garbage Collection (Timer) 3412M(42%)->3412M(42%)
[7.093s][info][gc,start    ] GC(21) Garbage Collection (Timer)
[7.093s][info][gc,task     ] GC(21) Using 3 workers
[7.094s][info][gc,phases   ] GC(21) Pause Mark Start 0.006ms
[7.127s][info][gc,phases   ] GC(21) Concurrent Mark 33.599ms
[7.127s][info][gc,phases   ] GC(21) Pause Mark End 0.009ms
[7.127s][info][gc,phases   ] GC(21) Concurrent Mark Free 0.001ms
[7.128s][info][gc,phases   ] GC(21) Concurrent Process Non-Strong References 0.892ms
[7.128s][info][gc,phases   ] GC(21) Concurrent Reset Relocation Set 0.001ms
[7.131s][info][gc,phases   ] GC(21) Concurrent Select Relocation Set 2.291ms
[7.131s][info][gc,phases   ] GC(21) Pause Relocate Start 0.006ms
[7.132s][info][gc,phases   ] GC(21) Concurrent Relocate 0.880ms
[7.132s][info][gc,load     ] GC(21) Load: 0.00/0.00/0.00
[7.132s][info][gc,mmu      ] GC(21) MMU: 2ms/99.2%, 5ms/99.6%, 10ms/99.8%, 20ms/99.8%, 50ms/99.9%, 100ms/100.0%
[7.132s][info][gc,marking  ] GC(21) Mark: 2 stripe(s), 2 proactive flush(es), 1 terminate flush(es), 0 completion(s), 0 continuation(s) 
[7.132s][info][gc,marking  ] GC(21) Mark Stack Usage: 32M
[7.132s][info][gc,nmethod  ] GC(21) NMethods: 481 registered, 0 unregistered
[7.132s][info][gc,metaspace] GC(21) Metaspace: 1M used, 1M committed, 1088M reserved
[7.132s][info][gc,ref      ] GC(21) Soft: 181 encountered, 0 discovered, 0 enqueued
[7.132s][info][gc,ref      ] GC(21) Weak: 263 encountered, 163 discovered, 0 enqueued
[7.132s][info][gc,ref      ] GC(21) Final: 0 encountered, 0 discovered, 0 enqueued
[7.132s][info][gc,ref      ] GC(21) Phantom: 7 encountered, 3 discovered, 0 enqueued
[7.132s][info][gc,reloc    ] GC(21) Small Pages: 1785 / 3570M, Empty: 0M, Relocated: 1M, In-Place: 0
[7.132s][info][gc,reloc    ] GC(21) Medium Pages: 1 / 32M, Empty: 0M, Relocated: 0M, In-Place: 0
[7.132s][info][gc,reloc    ] GC(21) Large Pages: 0 / 0M, Empty: 0M, Relocated: 0M, In-Place: 0
[7.132s][info][gc,reloc    ] GC(21) Forwarding Usage: 0M
[7.132s][info][gc,heap     ] GC(21) Min Capacity: 8192M(100%)
[7.132s][info][gc,heap     ] GC(21) Max Capacity: 8192M(100%)
[7.132s][info][gc,heap     ] GC(21) Soft Max Capacity: 8192M(100%)
[7.132s][info][gc,heap     ] GC(21)                Mark Start          Mark End        Relocate Start      Relocate End           High               Low         
[7.132s][info][gc,heap     ] GC(21)  Capacity:     8192M (100%)       8192M (100%)       8192M (100%)       8192M (100%)       8192M (100%)       8192M (100%)   
[7.132s][info][gc,heap     ] GC(21)      Free:     4590M (56%)        4584M (56%)        4584M (56%)        4584M (56%)        4590M (56%)        4580M (56%)    
[7.132s][info][gc,heap     ] GC(21)      Used:     3602M (44%)        3608M (44%)        3608M (44%)        3608M (44%)        3612M (44%)        3602M (44%)    
[7.132s][info][gc,heap     ] GC(21)      Live:         -              3257M (40%)        3257M (40%)        3257M (40%)            -                  -          
[7.132s][info][gc,heap     ] GC(21) Allocated:         -                 6M (0%)            6M (0%)            6M (0%)             -                  -          
[7.133s][info][gc,heap     ] GC(21)   Garbage:         -               344M (4%)          344M (4%)          344M (4%)             -                  -          
[7.133s][info][gc,heap     ] GC(21) Reclaimed:         -                  -                 0M (0%)            0M (0%)             -                  -          
[7.133s][info][gc          ] GC(21) Garbage Collection (Timer) 3602M(44%)->3608M(44%)
[7.393s][info][gc,start    ] GC(22) Garbage Collection (Timer)
[7.393s][info][gc,task     ] GC(22) Using 3 workers
[7.393s][info][gc,phases   ] GC(22) Pause Mark Start 0.006ms
[7.421s][info][gc,phases   ] GC(22) Concurrent Mark 28.435ms
[7.422s][info][gc,phases   ] GC(22) Pause Mark End 0.009ms
[7.422s][info][gc,phases   ] GC(22) Concurrent Mark Free 0.001ms
[7.422s][info][gc,phases   ] GC(22) Concurrent Process Non-Strong References 0.741ms
[7.422s][info][gc,phases   ] GC(22) Concurrent Reset Relocation Set 0.001ms
[7.425s][info][gc,phases   ] GC(22) Concurrent Select Relocation Set 2.285ms
[7.425s][info][gc,phases   ] GC(22) Pause Relocate Start 0.004ms
[7.426s][info][gc,phases   ] GC(22) Concurrent Relocate 1.344ms
[7.426s][info][gc,load     ] GC(22) Load: 0.00/0.00/0.00
[7.426s][info][gc,mmu      ] GC(22) MMU: 2ms/99.2%, 5ms/99.6%, 10ms/99.8%, 20ms/99.8%, 50ms/99.9%, 100ms/100.0%
[7.427s][info][gc,marking  ] GC(22) Mark: 2 stripe(s), 3 proactive flush(es), 1 terminate flush(es), 0 completion(s), 0 continuation(s) 
[7.427s][info][gc,marking  ] GC(22) Mark Stack Usage: 32M
[7.427s][info][gc,nmethod  ] GC(22) NMethods: 487 registered, 0 unregistered
[7.427s][info][gc,metaspace] GC(22) Metaspace: 1M used, 1M committed, 1088M reserved
[7.427s][info][gc,ref      ] GC(22) Soft: 181 encountered, 0 discovered, 0 enqueued
[7.427s][info][gc,ref      ] GC(22) Weak: 263 encountered, 170 discovered, 0 enqueued
[7.427s][info][gc,ref      ] GC(22) Final: 0 encountered, 0 discovered, 0 enqueued
[7.427s][info][gc,ref      ] GC(22) Phantom: 7 encountered, 4 discovered, 0 enqueued
[7.427s][info][gc,reloc    ] GC(22) Small Pages: 1856 / 3712M, Empty: 0M, Relocated: 3M, In-Place: 0
[7.427s][info][gc,reloc    ] GC(22) Medium Pages: 1 / 32M, Empty: 0M, Relocated: 0M, In-Place: 0
[7.427s][info][gc,reloc    ] GC(22) Large Pages: 0 / 0M, Empty: 0M, Relocated: 0M, In-Place: 0
[7.427s][info][gc,reloc    ] GC(22) Forwarding Usage: 0M
[7.427s][info][gc,heap     ] GC(22) Min Capacity: 8192M(100%)
[7.427s][info][gc,heap     ] GC(22) Max Capacity: 8192M(100%)
[7.427s][info][gc,heap     ] GC(22) Soft Max Capacity: 8192M(100%)
[7.427s][info][gc,heap     ] GC(22)                Mark Start          Mark End        Relocate Start      Relocate End           High               Low         
[7.427s][info][gc,heap     ] GC(22)  Capacity:     8192M (100%)       8192M (100%)       8192M (100%)       8192M (100%)       8192M (100%)       8192M (100%)   
[7.427s][info][gc,heap     ] GC(22)      Free:     4448M (54%)        4446M (54%)        4446M (54%)        4450M (54%)        4450M (54%)        4442M (54%)    
[7.427s][info][gc,heap     ] GC(22)      Used:     3744M (46%)        3746M (46%)        3746M (46%)        3742M (46%)        3750M (46%)        3742M (46%)    
[7.427s][info][gc,heap     ] GC(22)      Live:         -              3384M (41%)        3384M (41%)        3384M (41%)            -                  -          
[7.427s][info][gc,heap     ] GC(22) Allocated:         -                 2M (0%)            2M (0%)            2M (0%)             -                  -          
[7.427s][info][gc,heap     ] GC(22)   Garbage:         -               359M (4%)          359M (4%)          355M (4%)             -                  -          
[7.427s][info][gc,heap     ] GC(22) Reclaimed:         -                  -                 0M (0%)            4M (0%)             -                  -          
[7.427s][info][gc          ] GC(22) Garbage Collection (Timer) 3744M(46%)->3742M(46%)
[7.692s][info][gc,start    ] GC(23) Garbage Collection (Timer)
[7.693s][info][gc,task     ] GC(23) Using 3 workers
[7.693s][info][gc,phases   ] GC(23) Pause Mark Start 0.006ms
[7.719s][info][gc,phases   ] GC(23) Concurrent Mark 26.497ms
[7.719s][info][gc,phases   ] GC(23) Pause Mark End 0.009ms
[7.720s][info][gc,phases   ] GC(23) Concurrent Mark Free 0.001ms
[7.720s][info][gc,phases   ] GC(23) Concurrent Process Non-Strong References 0.824ms
[7.721s][info][gc,phases   ] GC(23) Concurrent Reset Relocation Set 0.001ms
[7.723s][info][gc,phases   ] GC(23) Concurrent Select Relocation Set 2.693ms
[7.723s][info][gc,phases   ] GC(23) Pause Relocate Start 0.005ms
[7.724s][info][gc,phases   ] GC(23) Concurrent Relocate 0.857ms
[7.724s][info][gc,load     ] GC(23) Load: 0.00/0.00/0.00
[7.724s][info][gc,mmu      ] GC(23) MMU: 2ms/99.2%, 5ms/99.6%, 10ms/99.8%, 20ms/99.8%, 50ms/99.9%, 100ms/100.0%
[7.725s][info][gc,marking  ] GC(23) Mark: 2 stripe(s), 2 proactive flush(es), 1 terminate flush(es), 0 completion(s), 0 continuation(s) 
[7.725s][info][gc,marking  ] GC(23) Mark Stack Usage: 32M
[7.725s][info][gc,nmethod  ] GC(23) NMethods: 487 registered, 0 unregistered
[7.725s][info][gc,metaspace] GC(23) Metaspace: 1M used, 1M committed, 1088M reserved
[7.725s][info][gc,ref      ] GC(23) Soft: 181 encountered, 0 discovered, 0 enqueued
[7.725s][info][gc,ref      ] GC(23) Weak: 263 encountered, 167 discovered, 0 enqueued
[7.725s][info][gc,ref      ] GC(23) Final: 0 encountered, 0 discovered, 0 enqueued
[7.725s][info][gc,ref      ] GC(23) Phantom: 7 encountered, 3 discovered, 0 enqueued
[7.725s][info][gc,reloc    ] GC(23) Small Pages: 1931 / 3862M, Empty: 0M, Relocated: 1M, In-Place: 0
[7.725s][info][gc,reloc    ] GC(23) Medium Pages: 1 / 32M, Empty: 0M, Relocated: 0M, In-Place: 0
[7.725s][info][gc,reloc    ] GC(23) Large Pages: 0 / 0M, Empty: 0M, Relocated: 0M, In-Place: 0
[7.725s][info][gc,reloc    ] GC(23) Forwarding Usage: 0M
[7.725s][info][gc,heap     ] GC(23) Min Capacity: 8192M(100%)
[7.725s][info][gc,heap     ] GC(23) Max Capacity: 8192M(100%)
[7.725s][info][gc,heap     ] GC(23) Soft Max Capacity: 8192M(100%)
[7.725s][info][gc,heap     ] GC(23)                Mark Start          Mark End        Relocate Start      Relocate End           High               Low         
[7.725s][info][gc,heap     ] GC(23)  Capacity:     8192M (100%)       8192M (100%)       8192M (100%)       8192M (100%)       8192M (100%)       8192M (100%)   
[7.725s][info][gc,heap     ] GC(23)      Free:     4298M (52%)        4294M (52%)        4294M (52%)        4294M (52%)        4298M (52%)        4290M (52%)    
[7.725s][info][gc,heap     ] GC(23)      Used:     3894M (48%)        3898M (48%)        3898M (48%)        3898M (48%)        3902M (48%)        3894M (48%)    
[7.725s][info][gc,heap     ] GC(23)      Live:         -              3524M (43%)        3524M (43%)        3524M (43%)            -                  -          
[7.725s][info][gc,heap     ] GC(23) Allocated:         -                 4M (0%)            4M (0%)            4M (0%)             -                  -          
[7.725s][info][gc,heap     ] GC(23)   Garbage:         -               369M (5%)          369M (5%)          369M (5%)             -                  -          
[7.725s][info][gc,heap     ] GC(23) Reclaimed:         -                  -                 0M (0%)            0M (0%)             -                  -          
[7.725s][info][gc          ] GC(23) Garbage Collection (Timer) 3894M(48%)->3898M(48%)
[7.993s][info][gc,start    ] GC(24) Garbage Collection (Timer)
[7.993s][info][gc,task     ] GC(24) Using 3 workers
[7.994s][info][gc,phases   ] GC(24) Pause Mark Start 0.006ms
[8.022s][info][gc,phases   ] GC(24) Concurrent Mark 28.306ms
[8.022s][info][gc,phases   ] GC(24) Pause Mark End 0.009ms
[8.022s][info][gc,phases   ] GC(24) Concurrent Mark Free 0.001ms
[8.023s][info][gc,phases   ] GC(24) Concurrent Process Non-Strong References 0.860ms
[8.023s][info][gc,phases   ] GC(24) Concurrent Reset Relocation Set 0.001ms
[8.026s][info][gc,phases   ] GC(24) Concurrent Select Relocation Set 2.375ms
[8.026s][info][gc,phases   ] GC(24) Pause Relocate Start 0.004ms
[8.027s][info][gc,phases   ] GC(24) Concurrent Relocate 1.483ms
[8.027s][info][gc,load     ] GC(24) Load: 0.00/0.00/0.00
[8.027s][info][gc,mmu      ] GC(24) MMU: 2ms/99.2%, 5ms/99.6%, 10ms/99.8%, 20ms/99.8%, 50ms/99.9%, 100ms/100.0%
[8.027s][info][gc,marking  ] GC(24) Mark: 2 stripe(s), 2 proactive flush(es), 1 terminate flush(es), 0 completion(s), 0 continuation(s) 
[8.028s][info][gc,marking  ] GC(24) Mark Stack Usage: 32M
[8.028s][info][gc,nmethod  ] GC(24) NMethods: 487 registered, 0 unregistered
[8.028s][info][gc,metaspace] GC(24) Metaspace: 1M used, 1M committed, 1088M reserved
[8.028s][info][gc,ref      ] GC(24) Soft: 181 encountered, 0 discovered, 0 enqueued
[8.028s][info][gc,ref      ] GC(24) Weak: 263 encountered, 15 discovered, 0 enqueued
[8.028s][info][gc,ref      ] GC(24) Final: 0 encountered, 0 discovered, 0 enqueued
[8.028s][info][gc,ref      ] GC(24) Phantom: 7 encountered, 3 discovered, 0 enqueued
[8.028s][info][gc,reloc    ] GC(24) Small Pages: 1995 / 3990M, Empty: 0M, Relocated: 3M, In-Place: 0
[8.028s][info][gc,reloc    ] GC(24) Medium Pages: 1 / 32M, Empty: 0M, Relocated: 0M, In-Place: 0
[8.028s][info][gc,reloc    ] GC(24) Large Pages: 0 / 0M, Empty: 0M, Relocated: 0M, In-Place: 0
[8.028s][info][gc,reloc    ] GC(24) Forwarding Usage: 0M
[8.028s][info][gc,heap     ] GC(24) Min Capacity: 8192M(100%)
[8.028s][info][gc,heap     ] GC(24) Max Capacity: 8192M(100%)
[8.028s][info][gc,heap     ] GC(24) Soft Max Capacity: 8192M(100%)
[8.028s][info][gc,heap     ] GC(24)                Mark Start          Mark End        Relocate Start      Relocate End           High               Low         
[8.028s][info][gc,heap     ] GC(24)  Capacity:     8192M (100%)       8192M (100%)       8192M (100%)       8192M (100%)       8192M (100%)       8192M (100%)   
[8.028s][info][gc,heap     ] GC(24)      Free:     4170M (51%)        4168M (51%)        4166M (51%)        4168M (51%)        4170M (51%)        4160M (51%)    
[8.028s][info][gc,heap     ] GC(24)      Used:     4022M (49%)        4024M (49%)        4026M (49%)        4024M (49%)        4032M (49%)        4022M (49%)    
[8.028s][info][gc,heap     ] GC(24)      Live:         -              3640M (44%)        3640M (44%)        3640M (44%)            -                  -          
[8.028s][info][gc,heap     ] GC(24) Allocated:         -                 2M (0%)            4M (0%)            4M (0%)             -                  -          
[8.028s][info][gc,heap     ] GC(24)   Garbage:         -               381M (5%)          381M (5%)          379M (5%)             -                  -          
[8.028s][info][gc,heap     ] GC(24) Reclaimed:         -                  -                 0M (0%)            2M (0%)             -                  -          
[8.028s][info][gc          ] GC(24) Garbage Collection (Timer) 4022M(49%)->4024M(49%)
[8.293s][info][gc,start    ] GC(25) Garbage Collection (Timer)
[8.293s][info][gc,task     ] GC(25) Using 3 workers
[8.293s][info][gc,phases   ] GC(25) Pause Mark Start 0.006ms
[8.323s][info][gc,phases   ] GC(25) Concurrent Mark 29.654ms
[8.323s][info][gc,phases   ] GC(25) Pause Mark End 0.009ms
[8.323s][info][gc,phases   ] GC(25) Concurrent Mark Free 0.001ms
[8.324s][info][gc,phases   ] GC(25) Concurrent Process Non-Strong References 0.806ms
[8.324s][info][gc,phases   ] GC(25) Concurrent Reset Relocation Set 0.001ms
[8.326s][info][gc,phases   ] GC(25) Concurrent Select Relocation Set 2.397ms
[8.326s][info][gc,phases   ] GC(25) Pause Relocate Start 0.005ms
[8.327s][info][gc,phases   ] GC(25) Concurrent Relocate 0.919ms
[8.327s][info][gc,load     ] GC(25) Load: 0.00/0.00/0.00
[8.327s][info][gc,mmu      ] GC(25) MMU: 2ms/99.2%, 5ms/99.6%, 10ms/99.8%, 20ms/99.8%, 50ms/99.9%, 100ms/100.0%
[8.327s][info][gc,marking  ] GC(25) Mark: 2 stripe(s), 2 proactive flush(es), 1 terminate flush(es), 0 completion(s), 0 continuation(s) 
[8.328s][info][gc,marking  ] GC(25) Mark Stack Usage: 32M
[8.328s][info][gc,nmethod  ] GC(25) NMethods: 487 registered, 0 unregistered
[8.328s][info][gc,metaspace] GC(25) Metaspace: 1M used, 1M committed, 1088M reserved
[8.328s][info][gc,ref      ] GC(25) Soft: 181 encountered, 0 discovered, 0 enqueued
[8.328s][info][gc,ref      ] GC(25) Weak: 263 encountered, 43 discovered, 0 enqueued
[8.328s][info][gc,ref      ] GC(25) Final: 0 encountered, 0 discovered, 0 enqueued
[8.328s][info][gc,ref      ] GC(25) Phantom: 7 encountered, 3 discovered, 0 enqueued
[8.328s][info][gc,reloc    ] GC(25) Small Pages: 2047 / 4094M, Empty: 0M, Relocated: 1M, In-Place: 0
[8.328s][info][gc,reloc    ] GC(25) Medium Pages: 1 / 32M, Empty: 0M, Relocated: 0M, In-Place: 0
[8.328s][info][gc,reloc    ] GC(25) Large Pages: 0 / 0M, Empty: 0M, Relocated: 0M, In-Place: 0
[8.328s][info][gc,reloc    ] GC(25) Forwarding Usage: 0M
[8.328s][info][gc,heap     ] GC(25) Min Capacity: 8192M(100%)
[8.328s][info][gc,heap     ] GC(25) Max Capacity: 8192M(100%)
[8.328s][info][gc,heap     ] GC(25) Soft Max Capacity: 8192M(100%)
[8.328s][info][gc,heap     ] GC(25)                Mark Start          Mark End        Relocate Start      Relocate End           High               Low         
[8.328s][info][gc,heap     ] GC(25)  Capacity:     8192M (100%)       8192M (100%)       8192M (100%)       8192M (100%)       8192M (100%)       8192M (100%)   
[8.328s][info][gc,heap     ] GC(25)      Free:     4066M (50%)        4064M (50%)        4064M (50%)        4064M (50%)        4066M (50%)        4058M (50%)    
[8.328s][info][gc,heap     ] GC(25)      Used:     4126M (50%)        4128M (50%)        4128M (50%)        4128M (50%)        4134M (50%)        4126M (50%)    
[8.328s][info][gc,heap     ] GC(25)      Live:         -              3735M (46%)        3735M (46%)        3735M (46%)            -                  -          
[8.328s][info][gc,heap     ] GC(25) Allocated:         -                 2M (0%)            2M (0%)            2M (0%)             -                  -          
[8.328s][info][gc,heap     ] GC(25)   Garbage:         -               390M (5%)          390M (5%)          390M (5%)             -                  -          
[8.328s][info][gc,heap     ] GC(25) Reclaimed:         -                  -                 0M (0%)            0M (0%)             -                  -          
[8.328s][info][gc          ] GC(25) Garbage Collection (Timer) 4126M(50%)->4128M(50%)
[8.594s][info][gc,start    ] GC(26) Garbage Collection (Timer)
[8.594s][info][gc,task     ] GC(26) Using 3 workers
[8.594s][info][gc,phases   ] GC(26) Pause Mark Start 0.007ms
[8.622s][info][gc,phases   ] GC(26) Concurrent Mark 27.826ms
[8.622s][info][gc,phases   ] GC(26) Pause Mark End 0.010ms
[8.622s][info][gc,phases   ] GC(26) Concurrent Mark Free 0.001ms
[8.623s][info][gc,phases   ] GC(26) Concurrent Process Non-Strong References 0.878ms
[8.623s][info][gc,phases   ] GC(26) Concurrent Reset Relocation Set 0.001ms
[8.625s][info][gc,phases   ] GC(26) Concurrent Select Relocation Set 2.351ms
[8.626s][info][gc,phases   ] GC(26) Pause Relocate Start 0.006ms
[8.627s][info][gc,phases   ] GC(26) Concurrent Relocate 0.959ms
[8.627s][info][gc,load     ] GC(26) Load: 0.00/0.00/0.00
[8.627s][info][gc,mmu      ] GC(26) MMU: 2ms/99.2%, 5ms/99.6%, 10ms/99.8%, 20ms/99.8%, 50ms/99.9%, 100ms/100.0%
[8.627s][info][gc,marking  ] GC(26) Mark: 2 stripe(s), 2 proactive flush(es), 1 terminate flush(es), 0 completion(s), 0 continuation(s) 
[8.627s][info][gc,marking  ] GC(26) Mark Stack Usage: 32M
[8.627s][info][gc,nmethod  ] GC(26) NMethods: 487 registered, 0 unregistered
[8.627s][info][gc,metaspace] GC(26) Metaspace: 1M used, 1M committed, 1088M reserved
[8.627s][info][gc,ref      ] GC(26) Soft: 181 encountered, 0 discovered, 0 enqueued
[8.627s][info][gc,ref      ] GC(26) Weak: 263 encountered, 13 discovered, 0 enqueued
[8.627s][info][gc,ref      ] GC(26) Final: 0 encountered, 0 discovered, 0 enqueued
[8.627s][info][gc,ref      ] GC(26) Phantom: 7 encountered, 3 discovered, 0 enqueued
[8.627s][info][gc,reloc    ] GC(26) Small Pages: 2101 / 4202M, Empty: 0M, Relocated: 1M, In-Place: 0
[8.627s][info][gc,reloc    ] GC(26) Medium Pages: 1 / 32M, Empty: 0M, Relocated: 0M, In-Place: 0
[8.627s][info][gc,reloc    ] GC(26) Large Pages: 0 / 0M, Empty: 0M, Relocated: 0M, In-Place: 0
[8.627s][info][gc,reloc    ] GC(26) Forwarding Usage: 0M
[8.627s][info][gc,heap     ] GC(26) Min Capacity: 8192M(100%)
[8.627s][info][gc,heap     ] GC(26) Max Capacity: 8192M(100%)
[8.627s][info][gc,heap     ] GC(26) Soft Max Capacity: 8192M(100%)
[8.627s][info][gc,heap     ] GC(26)                Mark Start          Mark End        Relocate Start      Relocate End           High               Low         
[8.627s][info][gc,heap     ] GC(26)  Capacity:     8192M (100%)       8192M (100%)       8192M (100%)       8192M (100%)       8192M (100%)       8192M (100%)   
[8.627s][info][gc,heap     ] GC(26)      Free:     3958M (48%)        3956M (48%)        3956M (48%)        3956M (48%)        3958M (48%)        3950M (48%)    
[8.627s][info][gc,heap     ] GC(26)      Used:     4234M (52%)        4236M (52%)        4236M (52%)        4236M (52%)        4242M (52%)        4234M (52%)    
[8.627s][info][gc,heap     ] GC(26)      Live:         -              3833M (47%)        3833M (47%)        3833M (47%)            -                  -          
[8.627s][info][gc,heap     ] GC(26) Allocated:         -                 2M (0%)            2M (0%)            2M (0%)             -                  -          
[8.627s][info][gc,heap     ] GC(26)   Garbage:         -               400M (5%)          400M (5%)          400M (5%)             -                  -          
[8.627s][info][gc,heap     ] GC(26) Reclaimed:         -                  -                 0M (0%)            0M (0%)             -                  -          
[8.627s][info][gc          ] GC(26) Garbage Collection (Timer) 4234M(52%)->4236M(52%)
[8.893s][info][gc,start    ] GC(27) Garbage Collection (Timer)
[8.894s][info][gc,task     ] GC(27) Using 3 workers
[8.894s][info][gc,phases   ] GC(27) Pause Mark Start 0.005ms
[8.921s][info][gc,phases   ] GC(27) Concurrent Mark 27.278ms
[8.921s][info][gc,phases   ] GC(27) Pause Mark End 0.009ms
[8.921s][info][gc,phases   ] GC(27) Concurrent Mark Free 0.001ms
[8.922s][info][gc,phases   ] GC(27) Concurrent Process Non-Strong References 0.847ms
[8.922s][info][gc,phases   ] GC(27) Concurrent Reset Relocation Set 0.001ms
[8.925s][info][gc,phases   ] GC(27) Concurrent Select Relocation Set 2.358ms
[8.925s][info][gc,phases   ] GC(27) Pause Relocate Start 0.005ms
[8.926s][info][gc,phases   ] GC(27) Concurrent Relocate 0.949ms
[8.926s][info][gc,load     ] GC(27) Load: 0.00/0.00/0.00
[8.926s][info][gc,mmu      ] GC(27) MMU: 2ms/99.2%, 5ms/99.6%, 10ms/99.8%, 20ms/99.8%, 50ms/99.9%, 100ms/100.0%
[8.926s][info][gc,marking  ] GC(27) Mark: 2 stripe(s), 2 proactive flush(es), 1 terminate flush(es), 0 completion(s), 0 continuation(s) 
[8.926s][info][gc,marking  ] GC(27) Mark Stack Usage: 32M
[8.926s][info][gc,nmethod  ] GC(27) NMethods: 487 registered, 0 unregistered
[8.926s][info][gc,metaspace] GC(27) Metaspace: 1M used, 1M committed, 1088M reserved
[8.926s][info][gc,ref      ] GC(27) Soft: 181 encountered, 0 discovered, 0 enqueued
[8.926s][info][gc,ref      ] GC(27) Weak: 263 encountered, 17 discovered, 0 enqueued
[8.926s][info][gc,ref      ] GC(27) Final: 0 encountered, 0 discovered, 0 enqueued
[8.926s][info][gc,ref      ] GC(27) Phantom: 7 encountered, 3 discovered, 0 enqueued
[8.926s][info][gc,reloc    ] GC(27) Small Pages: 2151 / 4302M, Empty: 0M, Relocated: 1M, In-Place: 0
[8.926s][info][gc,reloc    ] GC(27) Medium Pages: 1 / 32M, Empty: 0M, Relocated: 0M, In-Place: 0
[8.926s][info][gc,reloc    ] GC(27) Large Pages: 0 / 0M, Empty: 0M, Relocated: 0M, In-Place: 0
[8.926s][info][gc,reloc    ] GC(27) Forwarding Usage: 0M
[8.926s][info][gc,heap     ] GC(27) Min Capacity: 8192M(100%)
[8.926s][info][gc,heap     ] GC(27) Max Capacity: 8192M(100%)
[8.926s][info][gc,heap     ] GC(27) Soft Max Capacity: 8192M(100%)
[8.926s][info][gc,heap     ] GC(27)                Mark Start          Mark End        Relocate Start      Relocate End           High               Low         
[8.926s][info][gc,heap     ] GC(27)  Capacity:     8192M (100%)       8192M (100%)       8192M (100%)       8192M (100%)       8192M (100%)       8192M (100%)   
[8.926s][info][gc,heap     ] GC(27)      Free:     3858M (47%)        3854M (47%)        3854M (47%)        3854M (47%)        3858M (47%)        3848M (47%)    
[8.926s][info][gc,heap     ] GC(27)      Used:     4334M (53%)        4338M (53%)        4338M (53%)        4338M (53%)        4344M (53%)        4334M (53%)    
[8.926s][info][gc,heap     ] GC(27)      Live:         -              3924M (48%)        3924M (48%)        3924M (48%)            -                  -          
[8.927s][info][gc,heap     ] GC(27) Allocated:         -                 4M (0%)            4M (0%)            4M (0%)             -                  -          
[8.927s][info][gc,heap     ] GC(27)   Garbage:         -               409M (5%)          409M (5%)          409M (5%)             -                  -          
[8.927s][info][gc,heap     ] GC(27) Reclaimed:         -                  -                 0M (0%)            0M (0%)             -                  -          
[8.927s][info][gc          ] GC(27) Garbage Collection (Timer) 4334M(53%)->4338M(53%)
[9.194s][info][gc,start    ] GC(28) Garbage Collection (Timer)
[9.194s][info][gc,task     ] GC(28) Using 3 workers
[9.194s][info][gc,phases   ] GC(28) Pause Mark Start 0.006ms
[9.225s][info][gc,phases   ] GC(28) Concurrent Mark 31.135ms
[9.225s][info][gc,phases   ] GC(28) Pause Mark End 0.010ms
[9.225s][info][gc,phases   ] GC(28) Concurrent Mark Free 0.001ms
[9.226s][info][gc,phases   ] GC(28) Concurrent Process Non-Strong References 0.904ms
[9.226s][info][gc,phases   ] GC(28) Concurrent Reset Relocation Set 0.001ms
[9.229s][info][gc,phases   ] GC(28) Concurrent Select Relocation Set 2.318ms
[9.229s][info][gc,phases   ] GC(28) Pause Relocate Start 0.005ms
[9.231s][info][gc,phases   ] GC(28) Concurrent Relocate 1.522ms
[9.231s][info][gc,load     ] GC(28) Load: 0.00/0.00/0.00
[9.231s][info][gc,mmu      ] GC(28) MMU: 2ms/99.2%, 5ms/99.6%, 10ms/99.8%, 20ms/99.8%, 50ms/99.9%, 100ms/100.0%
[9.231s][info][gc,marking  ] GC(28) Mark: 2 stripe(s), 2 proactive flush(es), 1 terminate flush(es), 0 completion(s), 0 continuation(s) 
[9.231s][info][gc,marking  ] GC(28) Mark Stack Usage: 32M
[9.231s][info][gc,nmethod  ] GC(28) NMethods: 487 registered, 0 unregistered
[9.231s][info][gc,metaspace] GC(28) Metaspace: 1M used, 1M committed, 1088M reserved
[9.231s][info][gc,ref      ] GC(28) Soft: 181 encountered, 0 discovered, 0 enqueued
[9.231s][info][gc,ref      ] GC(28) Weak: 263 encountered, 119 discovered, 0 enqueued
[9.231s][info][gc,ref      ] GC(28) Final: 0 encountered, 0 discovered, 0 enqueued
[9.231s][info][gc,ref      ] GC(28) Phantom: 7 encountered, 4 discovered, 0 enqueued
[9.231s][info][gc,reloc    ] GC(28) Small Pages: 2196 / 4392M, Empty: 0M, Relocated: 3M, In-Place: 0
[9.231s][info][gc,reloc    ] GC(28) Medium Pages: 1 / 32M, Empty: 0M, Relocated: 0M, In-Place: 0
[9.231s][info][gc,reloc    ] GC(28) Large Pages: 0 / 0M, Empty: 0M, Relocated: 0M, In-Place: 0
[9.231s][info][gc,reloc    ] GC(28) Forwarding Usage: 0M
[9.231s][info][gc,heap     ] GC(28) Min Capacity: 8192M(100%)
[9.231s][info][gc,heap     ] GC(28) Max Capacity: 8192M(100%)
[9.231s][info][gc,heap     ] GC(28) Soft Max Capacity: 8192M(100%)
[9.231s][info][gc,heap     ] GC(28)                Mark Start          Mark End        Relocate Start      Relocate End           High               Low         
[9.231s][info][gc,heap     ] GC(28)  Capacity:     8192M (100%)       8192M (100%)       8192M (100%)       8192M (100%)       8192M (100%)       8192M (100%)   
[9.231s][info][gc,heap     ] GC(28)      Free:     3768M (46%)        3764M (46%)        3764M (46%)        3768M (46%)        3768M (46%)        3760M (46%)    
[9.231s][info][gc,heap     ] GC(28)      Used:     4424M (54%)        4428M (54%)        4428M (54%)        4424M (54%)        4432M (54%)        4424M (54%)    
[9.231s][info][gc,heap     ] GC(28)      Live:         -              4006M (49%)        4006M (49%)        4006M (49%)            -                  -          
[9.231s][info][gc,heap     ] GC(28) Allocated:         -                 4M (0%)            4M (0%)            3M (0%)             -                  -          
[9.231s][info][gc,heap     ] GC(28)   Garbage:         -               417M (5%)          417M (5%)          413M (5%)             -                  -          
[9.231s][info][gc,heap     ] GC(28) Reclaimed:         -                  -                 0M (0%)            3M (0%)             -                  -          
[9.231s][info][gc          ] GC(28) Garbage Collection (Timer) 4424M(54%)->4424M(54%)
[9.493s][info][gc,start    ] GC(29) Garbage Collection (Timer)
[9.493s][info][gc,task     ] GC(29) Using 3 workers
[9.493s][info][gc,phases   ] GC(29) Pause Mark Start 0.006ms
[9.524s][info][gc,phases   ] GC(29) Concurrent Mark 30.850ms
[9.524s][info][gc,phases   ] GC(29) Pause Mark End 0.010ms
[9.524s][info][gc,phases   ] GC(29) Concurrent Mark Free 0.001ms
[9.524s][info][gc,phases   ] GC(29) Concurrent Process Non-Strong References 0.526ms
[9.525s][info][gc,phases   ] GC(29) Concurrent Reset Relocation Set 0.001ms
[9.527s][info][gc,phases   ] GC(29) Concurrent Select Relocation Set 2.427ms
[9.527s][info][gc,phases   ] GC(29) Pause Relocate Start 0.005ms
[9.528s][info][gc,phases   ] GC(29) Concurrent Relocate 0.865ms
[9.528s][info][gc,load     ] GC(29) Load: 0.00/0.00/0.00
[9.528s][info][gc,mmu      ] GC(29) MMU: 2ms/99.2%, 5ms/99.6%, 10ms/99.8%, 20ms/99.8%, 50ms/99.9%, 100ms/100.0%
[9.528s][info][gc,marking  ] GC(29) Mark: 2 stripe(s), 2 proactive flush(es), 1 terminate flush(es), 0 completion(s), 0 continuation(s) 
[9.528s][info][gc,marking  ] GC(29) Mark Stack Usage: 32M
[9.528s][info][gc,nmethod  ] GC(29) NMethods: 487 registered, 0 unregistered
[9.528s][info][gc,metaspace] GC(29) Metaspace: 1M used, 1M committed, 1088M reserved
[9.528s][info][gc,ref      ] GC(29) Soft: 181 encountered, 0 discovered, 0 enqueued
[9.528s][info][gc,ref      ] GC(29) Weak: 263 encountered, 81 discovered, 0 enqueued
[9.528s][info][gc,ref      ] GC(29) Final: 0 encountered, 0 discovered, 0 enqueued
[9.528s][info][gc,ref      ] GC(29) Phantom: 7 encountered, 3 discovered, 0 enqueued
[9.528s][info][gc,reloc    ] GC(29) Small Pages: 2229 / 4458M, Empty: 0M, Relocated: 1M, In-Place: 0
[9.528s][info][gc,reloc    ] GC(29) Medium Pages: 1 / 32M, Empty: 0M, Relocated: 0M, In-Place: 0
[9.528s][info][gc,reloc    ] GC(29) Large Pages: 0 / 0M, Empty: 0M, Relocated: 0M, In-Place: 0
[9.528s][info][gc,reloc    ] GC(29) Forwarding Usage: 0M
[9.528s][info][gc,heap     ] GC(29) Min Capacity: 8192M(100%)
[9.529s][info][gc,heap     ] GC(29) Max Capacity: 8192M(100%)
[9.529s][info][gc,heap     ] GC(29) Soft Max Capacity: 8192M(100%)
[9.529s][info][gc,heap     ] GC(29)                Mark Start          Mark End        Relocate Start      Relocate End           High               Low         
[9.529s][info][gc,heap     ] GC(29)  Capacity:     8192M (100%)       8192M (100%)       8192M (100%)       8192M (100%)       8192M (100%)       8192M (100%)   
[9.529s][info][gc,heap     ] GC(29)      Free:     3702M (45%)        3700M (45%)        3700M (45%)        3700M (45%)        3702M (45%)        3696M (45%)    
[9.529s][info][gc,heap     ] GC(29)      Used:     4490M (55%)        4492M (55%)        4492M (55%)        4492M (55%)        4496M (55%)        4490M (55%)    
[9.529s][info][gc,heap     ] GC(29)      Live:         -              4070M (50%)        4070M (50%)        4070M (50%)            -                  -          
[9.529s][info][gc,heap     ] GC(29) Allocated:         -                 2M (0%)            2M (0%)            2M (0%)             -                  -          
[9.529s][info][gc,heap     ] GC(29)   Garbage:         -               419M (5%)          419M (5%)          419M (5%)             -                  -          
[9.529s][info][gc,heap     ] GC(29) Reclaimed:         -                  -                 0M (0%)            0M (0%)             -                  -          
[9.529s][info][gc          ] GC(29) Garbage Collection (Timer) 4490M(55%)->4492M(55%)
[9.676s][info][gc,heap,exit] Heap
[9.676s][info][gc,heap,exit]  ZHeap           used 4522M, capacity 8192M, max capacity 8192M
[9.676s][info][gc,heap,exit]  Metaspace       used 1607K, committed 1792K, reserved 1114112K
[9.676s][info][gc,heap,exit]   class space    used 147K, committed 256K, reserved 1048576K
