[0.025s][info][gc] Using G1
[0.049s][info][gc,init] Version: 17.0.11+1-LTS (release)
[0.049s][info][gc,init] CPUs: 12 total, 12 available
[0.049s][info][gc,init] Memory: 24496M
[0.049s][info][gc,init] Large Page Support: Disabled
[0.049s][info][gc,init] NUMA Support: Disabled
[0.049s][info][gc,init] Compressed Oops: Enabled (Zero based)
[0.049s][info][gc,init] Heap Region Size: 2M
[0.049s][info][gc,init] Heap Min Capacity: 4G
[0.049s][info][gc,init] Heap Initial Capacity: 4G
[0.050s][info][gc,init] Heap Max Capacity: 4G
[0.050s][info][gc,init] Pre-touch: Disabled
[0.050s][info][gc,init] Parallel Workers: 10
[0.051s][info][gc,init] Concurrent Workers: 3
[0.051s][info][gc,init] Concurrent Refinement Workers: 10
[0.051s][info][gc,init] Periodic GC: Disabled
[0.063s][info][gc,metaspace] CDS archive(s) mapped at: [0x000001818e000000-0x000001818ebc0000-0x000001818ebc0000), size 12320768, SharedBaseAddress: 0x000001818e000000, ArchiveRelocationMode: 1.
[0.063s][info][gc,metaspace] Compressed class space mapped at: 0x000001818f000000-0x00000181cf000000, reserved size: 1073741824
[0.063s][info][gc,metaspace] Narrow klass base: 0x000001818e000000, Narrow klass shift: 0, Narrow klass range: 0x100000000
[0.451s][info][gc,start    ] GC(0) Pause Young (Normal) (G1 Evacuation Pause)
[0.451s][info][gc,task     ] GC(0) Using 10 workers of 10 for evacuation
[0.522s][info][gc,phases   ] GC(0)   Pre Evacuate Collection Set: 0.3ms
[0.522s][info][gc,phases   ] GC(0)   Merge Heap Roots: 0.1ms
[0.522s][info][gc,phases   ] GC(0)   Evacuate Collection Set: 69.5ms
[0.522s][info][gc,phases   ] GC(0)   Post Evacuate Collection Set: 0.5ms
[0.522s][info][gc,phases   ] GC(0)   Other: 0.8ms
[0.522s][info][gc,heap     ] GC(0) Eden regions: 102->0(89)
[0.522s][info][gc,heap     ] GC(0) Survivor regions: 0->13(13)
[0.522s][info][gc,heap     ] GC(0) Old regions: 0->88
[0.522s][info][gc,heap     ] GC(0) Archive regions: 0->0
[0.522s][info][gc,heap     ] GC(0) Humongous regions: 0->0
[0.522s][info][gc,metaspace] GC(0) Metaspace: 865K(960K)->865K(960K) NonClass: 793K(832K)->793K(832K) Class: 72K(128K)->72K(128K)
[0.522s][info][gc          ] GC(0) Pause Young (Normal) (G1 Evacuation Pause) 204M->201M(4096M) 71.536ms
[0.522s][info][gc,cpu      ] GC(0) User=0.00s Sys=0.75s Real=0.07s
[0.582s][info][gc,start    ] GC(1) Pause Young (Normal) (G1 Evacuation Pause)
[0.582s][info][gc,task     ] GC(1) Using 10 workers of 10 for evacuation
[0.650s][info][gc,phases   ] GC(1)   Pre Evacuate Collection Set: 0.2ms
[0.650s][info][gc,phases   ] GC(1)   Merge Heap Roots: 0.1ms
[0.650s][info][gc,phases   ] GC(1)   Evacuate Collection Set: 67.3ms
[0.650s][info][gc,phases   ] GC(1)   Post Evacuate Collection Set: 0.5ms
[0.650s][info][gc,phases   ] GC(1)   Other: 0.2ms
[0.650s][info][gc,heap     ] GC(1) Eden regions: 89->0(89)
[0.650s][info][gc,heap     ] GC(1) Survivor regions: 13->13(13)
[0.650s][info][gc,heap     ] GC(1) Old regions: 88->177
[0.650s][info][gc,heap     ] GC(1) Archive regions: 0->0
[0.650s][info][gc,heap     ] GC(1) Humongous regions: 0->0
[0.650s][info][gc,metaspace] GC(1) Metaspace: 865K(960K)->865K(960K) NonClass: 793K(832K)->793K(832K) Class: 72K(128K)->72K(128K)
[0.650s][info][gc          ] GC(1) Pause Young (Normal) (G1 Evacuation Pause) 379M->379M(4096M) 68.719ms
[0.650s][info][gc,cpu      ] GC(1) User=0.05s Sys=0.53s Real=0.07s
[0.760s][info][gc,start    ] GC(2) Pause Young (Normal) (G1 Evacuation Pause)
[0.760s][info][gc,task     ] GC(2) Using 10 workers of 10 for evacuation
[0.831s][info][gc,phases   ] GC(2)   Pre Evacuate Collection Set: 0.1ms
[0.831s][info][gc,phases   ] GC(2)   Merge Heap Roots: 0.1ms
[0.831s][info][gc,phases   ] GC(2)   Evacuate Collection Set: 69.6ms
[0.832s][info][gc,phases   ] GC(2)   Post Evacuate Collection Set: 0.3ms
[0.832s][info][gc,phases   ] GC(2)   Other: 0.2ms
[0.832s][info][gc,heap     ] GC(2) Eden regions: 89->0(89)
[0.832s][info][gc,heap     ] GC(2) Survivor regions: 13->13(13)
[0.832s][info][gc,heap     ] GC(2) Old regions: 177->266
[0.832s][info][gc,heap     ] GC(2) Archive regions: 0->0
[0.832s][info][gc,heap     ] GC(2) Humongous regions: 0->0
[0.832s][info][gc,metaspace] GC(2) Metaspace: 1296K(1472K)->1296K(1472K) NonClass: 1174K(1280K)->1174K(1280K) Class: 122K(192K)->122K(192K)
[0.832s][info][gc          ] GC(2) Pause Young (Normal) (G1 Evacuation Pause) 557M->557M(4096M) 71.419ms
[0.832s][info][gc,cpu      ] GC(2) User=0.05s Sys=0.55s Real=0.07s
[0.894s][info][gc,start    ] GC(3) Pause Young (Normal) (G1 Evacuation Pause)
[0.895s][info][gc,task     ] GC(3) Using 10 workers of 10 for evacuation
[0.971s][info][gc,phases   ] GC(3)   Pre Evacuate Collection Set: 0.2ms
[0.971s][info][gc,phases   ] GC(3)   Merge Heap Roots: 0.1ms
[0.971s][info][gc,phases   ] GC(3)   Evacuate Collection Set: 75.7ms
[0.971s][info][gc,phases   ] GC(3)   Post Evacuate Collection Set: 0.5ms
[0.971s][info][gc,phases   ] GC(3)   Other: 0.2ms
[0.971s][info][gc,heap     ] GC(3) Eden regions: 89->0(89)
[0.971s][info][gc,heap     ] GC(3) Survivor regions: 13->13(13)
[0.971s][info][gc,heap     ] GC(3) Old regions: 266->355
[0.971s][info][gc,heap     ] GC(3) Archive regions: 0->0
[0.971s][info][gc,heap     ] GC(3) Humongous regions: 0->0
[0.972s][info][gc,metaspace] GC(3) Metaspace: 1296K(1472K)->1296K(1472K) NonClass: 1174K(1280K)->1174K(1280K) Class: 122K(192K)->122K(192K)
[0.972s][info][gc          ] GC(3) Pause Young (Normal) (G1 Evacuation Pause) 735M->735M(4096M) 77.158ms
[0.972s][info][gc,cpu      ] GC(3) User=0.08s Sys=0.58s Real=0.08s
[1.028s][info][gc,start    ] GC(4) Pause Young (Normal) (G1 Evacuation Pause)
[1.028s][info][gc,task     ] GC(4) Using 10 workers of 10 for evacuation
[1.099s][info][gc,phases   ] GC(4)   Pre Evacuate Collection Set: 0.2ms
[1.099s][info][gc,phases   ] GC(4)   Merge Heap Roots: 0.1ms
[1.099s][info][gc,phases   ] GC(4)   Evacuate Collection Set: 70.5ms
[1.100s][info][gc,phases   ] GC(4)   Post Evacuate Collection Set: 0.3ms
[1.100s][info][gc,phases   ] GC(4)   Other: 0.2ms
[1.100s][info][gc,heap     ] GC(4) Eden regions: 89->0(89)
[1.100s][info][gc,heap     ] GC(4) Survivor regions: 13->13(13)
[1.100s][info][gc,heap     ] GC(4) Old regions: 355->444
[1.100s][info][gc,heap     ] GC(4) Archive regions: 0->0
[1.100s][info][gc,heap     ] GC(4) Humongous regions: 0->0
[1.100s][info][gc,metaspace] GC(4) Metaspace: 1435K(1600K)->1435K(1600K) NonClass: 1300K(1408K)->1300K(1408K) Class: 134K(192K)->134K(192K)
[1.100s][info][gc          ] GC(4) Pause Young (Normal) (G1 Evacuation Pause) 913M->912M(4096M) 71.736ms
[1.100s][info][gc,cpu      ] GC(4) User=0.11s Sys=0.48s Real=0.07s
[1.173s][info][gc,start    ] GC(5) Pause Young (Normal) (G1 Evacuation Pause)
[1.173s][info][gc,task     ] GC(5) Using 10 workers of 10 for evacuation
[1.250s][info][gc,phases   ] GC(5)   Pre Evacuate Collection Set: 0.2ms
[1.250s][info][gc,phases   ] GC(5)   Merge Heap Roots: 0.1ms
[1.250s][info][gc,phases   ] GC(5)   Evacuate Collection Set: 76.7ms
[1.250s][info][gc,phases   ] GC(5)   Post Evacuate Collection Set: 0.5ms
[1.250s][info][gc,phases   ] GC(5)   Other: 0.2ms
[1.250s][info][gc,heap     ] GC(5) Eden regions: 89->0(89)
[1.250s][info][gc,heap     ] GC(5) Survivor regions: 13->13(13)
[1.250s][info][gc,heap     ] GC(5) Old regions: 444->532
[1.250s][info][gc,heap     ] GC(5) Archive regions: 0->0
[1.250s][info][gc,heap     ] GC(5) Humongous regions: 0->0
[1.251s][info][gc,metaspace] GC(5) Metaspace: 1564K(1728K)->1564K(1728K) NonClass: 1417K(1472K)->1417K(1472K) Class: 147K(256K)->147K(256K)
[1.251s][info][gc          ] GC(5) Pause Young (Normal) (G1 Evacuation Pause) 1090M->1089M(4096M) 78.066ms
[1.251s][info][gc,cpu      ] GC(5) User=0.08s Sys=0.44s Real=0.08s
[1.322s][info][gc,start    ] GC(6) Pause Young (Normal) (G1 Evacuation Pause)
[1.322s][info][gc,task     ] GC(6) Using 10 workers of 10 for evacuation
[1.393s][info][gc,phases   ] GC(6)   Pre Evacuate Collection Set: 0.1ms
[1.393s][info][gc,phases   ] GC(6)   Merge Heap Roots: 0.1ms
[1.393s][info][gc,phases   ] GC(6)   Evacuate Collection Set: 70.5ms
[1.393s][info][gc,phases   ] GC(6)   Post Evacuate Collection Set: 0.3ms
[1.393s][info][gc,phases   ] GC(6)   Other: 0.2ms
[1.393s][info][gc,heap     ] GC(6) Eden regions: 89->0(89)
[1.393s][info][gc,heap     ] GC(6) Survivor regions: 13->13(13)
[1.393s][info][gc,heap     ] GC(6) Old regions: 532->621
[1.393s][info][gc,heap     ] GC(6) Archive regions: 0->0
[1.394s][info][gc,heap     ] GC(6) Humongous regions: 0->0
[1.394s][info][gc,metaspace] GC(6) Metaspace: 1567K(1728K)->1567K(1728K) NonClass: 1420K(1472K)->1420K(1472K) Class: 147K(256K)->147K(256K)
[1.394s][info][gc          ] GC(6) Pause Young (Normal) (G1 Evacuation Pause) 1267M->1267M(4096M) 71.726ms
[1.394s][info][gc,cpu      ] GC(6) User=0.05s Sys=0.53s Real=0.07s
[1.452s][info][gc,start    ] GC(7) Pause Young (Normal) (G1 Evacuation Pause)
[1.452s][info][gc,task     ] GC(7) Using 10 workers of 10 for evacuation
[1.524s][info][gc,phases   ] GC(7)   Pre Evacuate Collection Set: 0.1ms
[1.524s][info][gc,phases   ] GC(7)   Merge Heap Roots: 0.1ms
[1.524s][info][gc,phases   ] GC(7)   Evacuate Collection Set: 72.2ms
[1.525s][info][gc,phases   ] GC(7)   Post Evacuate Collection Set: 0.3ms
[1.525s][info][gc,phases   ] GC(7)   Other: 0.2ms
[1.525s][info][gc,heap     ] GC(7) Eden regions: 89->0(89)
[1.525s][info][gc,heap     ] GC(7) Survivor regions: 13->13(13)
[1.525s][info][gc,heap     ] GC(7) Old regions: 621->710
[1.525s][info][gc,heap     ] GC(7) Archive regions: 0->0
[1.525s][info][gc,heap     ] GC(7) Humongous regions: 0->0
[1.525s][info][gc,metaspace] GC(7) Metaspace: 1567K(1728K)->1567K(1728K) NonClass: 1420K(1472K)->1420K(1472K) Class: 147K(256K)->147K(256K)
[1.525s][info][gc          ] GC(7) Pause Young (Normal) (G1 Evacuation Pause) 1445M->1445M(4096M) 73.261ms
[1.525s][info][gc,cpu      ] GC(7) User=0.08s Sys=0.62s Real=0.07s
[1.585s][info][gc,start    ] GC(8) Pause Young (Normal) (G1 Evacuation Pause)
[1.585s][info][gc,task     ] GC(8) Using 10 workers of 10 for evacuation
[1.658s][info][gc,phases   ] GC(8)   Pre Evacuate Collection Set: 0.1ms
[1.659s][info][gc,phases   ] GC(8)   Merge Heap Roots: 0.1ms
[1.659s][info][gc,phases   ] GC(8)   Evacuate Collection Set: 72.9ms
[1.659s][info][gc,phases   ] GC(8)   Post Evacuate Collection Set: 0.3ms
[1.659s][info][gc,phases   ] GC(8)   Other: 0.2ms
[1.659s][info][gc,heap     ] GC(8) Eden regions: 89->0(89)
[1.659s][info][gc,heap     ] GC(8) Survivor regions: 13->13(13)
[1.659s][info][gc,heap     ] GC(8) Old regions: 710->799
[1.659s][info][gc,heap     ] GC(8) Archive regions: 0->0
[1.659s][info][gc,heap     ] GC(8) Humongous regions: 0->0
[1.659s][info][gc,metaspace] GC(8) Metaspace: 1567K(1728K)->1567K(1728K) NonClass: 1420K(1472K)->1420K(1472K) Class: 147K(256K)->147K(256K)
[1.659s][info][gc          ] GC(8) Pause Young (Normal) (G1 Evacuation Pause) 1623M->1623M(4096M) 74.073ms
[1.659s][info][gc,cpu      ] GC(8) User=0.08s Sys=0.47s Real=0.07s
[1.728s][info][gc,start    ] GC(9) Pause Young (Normal) (G1 Evacuation Pause)
[1.729s][info][gc,task     ] GC(9) Using 10 workers of 10 for evacuation
[1.799s][info][gc,phases   ] GC(9)   Pre Evacuate Collection Set: 0.1ms
[1.799s][info][gc,phases   ] GC(9)   Merge Heap Roots: 0.1ms
[1.799s][info][gc,phases   ] GC(9)   Evacuate Collection Set: 69.8ms
[1.799s][info][gc,phases   ] GC(9)   Post Evacuate Collection Set: 0.3ms
[1.799s][info][gc,phases   ] GC(9)   Other: 0.2ms
[1.799s][info][gc,heap     ] GC(9) Eden regions: 89->0(89)
[1.799s][info][gc,heap     ] GC(9) Survivor regions: 13->13(13)
[1.799s][info][gc,heap     ] GC(9) Old regions: 799->888
[1.799s][info][gc,heap     ] GC(9) Archive regions: 0->0
[1.799s][info][gc,heap     ] GC(9) Humongous regions: 0->0
[1.799s][info][gc,metaspace] GC(9) Metaspace: 1579K(1792K)->1579K(1792K) NonClass: 1432K(1536K)->1432K(1536K) Class: 147K(256K)->147K(256K)
[1.800s][info][gc          ] GC(9) Pause Young (Normal) (G1 Evacuation Pause) 1801M->1801M(4096M) 71.035ms
[1.800s][info][gc,cpu      ] GC(9) User=0.06s Sys=0.50s Real=0.07s
[1.858s][info][gc,start    ] GC(10) Pause Young (Normal) (G1 Evacuation Pause)
[1.859s][info][gc,task     ] GC(10) Using 10 workers of 10 for evacuation
[1.931s][info][gc,phases   ] GC(10)   Pre Evacuate Collection Set: 0.2ms
[1.931s][info][gc,phases   ] GC(10)   Merge Heap Roots: 0.1ms
[1.931s][info][gc,phases   ] GC(10)   Evacuate Collection Set: 71.7ms
[1.931s][info][gc,phases   ] GC(10)   Post Evacuate Collection Set: 0.3ms
[1.931s][info][gc,phases   ] GC(10)   Other: 0.2ms
[1.931s][info][gc,heap     ] GC(10) Eden regions: 89->0(89)
[1.931s][info][gc,heap     ] GC(10) Survivor regions: 13->13(13)
[1.931s][info][gc,heap     ] GC(10) Old regions: 888->977
[1.931s][info][gc,heap     ] GC(10) Archive regions: 0->0
[1.931s][info][gc,heap     ] GC(10) Humongous regions: 0->0
[1.931s][info][gc,metaspace] GC(10) Metaspace: 1579K(1792K)->1579K(1792K) NonClass: 1432K(1536K)->1432K(1536K) Class: 147K(256K)->147K(256K)
[1.931s][info][gc          ] GC(10) Pause Young (Normal) (G1 Evacuation Pause) 1979M->1979M(4096M) 72.912ms
[1.931s][info][gc,cpu      ] GC(10) User=0.05s Sys=0.50s Real=0.07s
[1.988s][info][gc,start    ] GC(11) Pause Young (Concurrent Start) (G1 Evacuation Pause)
[1.988s][info][gc,task     ] GC(11) Using 10 workers of 10 for evacuation
[2.064s][info][gc,phases   ] GC(11)   Pre Evacuate Collection Set: 0.1ms
[2.065s][info][gc,phases   ] GC(11)   Merge Heap Roots: 0.1ms
[2.065s][info][gc,phases   ] GC(11)   Evacuate Collection Set: 76.3ms
[2.065s][info][gc,phases   ] GC(11)   Post Evacuate Collection Set: 0.3ms
[2.065s][info][gc,phases   ] GC(11)   Other: 0.3ms
[2.065s][info][gc,heap     ] GC(11) Eden regions: 89->0(89)
[2.065s][info][gc,heap     ] GC(11) Survivor regions: 13->13(13)
[2.065s][info][gc,heap     ] GC(11) Old regions: 977->1066
[2.065s][info][gc,heap     ] GC(11) Archive regions: 0->0
[2.065s][info][gc,heap     ] GC(11) Humongous regions: 0->0
[2.065s][info][gc,metaspace] GC(11) Metaspace: 1579K(1792K)->1579K(1792K) NonClass: 1432K(1536K)->1432K(1536K) Class: 147K(256K)->147K(256K)
[2.065s][info][gc          ] GC(11) Pause Young (Concurrent Start) (G1 Evacuation Pause) 2157M->2157M(4096M) 77.278ms
[2.065s][info][gc,cpu      ] GC(11) User=0.06s Sys=0.53s Real=0.08s
[2.065s][info][gc          ] GC(12) Concurrent Mark Cycle
[2.065s][info][gc,marking  ] GC(12) Concurrent Clear Claimed Marks
[2.065s][info][gc,marking  ] GC(12) Concurrent Clear Claimed Marks 0.031ms
[2.065s][info][gc,marking  ] GC(12) Concurrent Scan Root Regions
[2.069s][info][gc,marking  ] GC(12) Concurrent Scan Root Regions 4.236ms
[2.069s][info][gc,marking  ] GC(12) Concurrent Mark
[2.069s][info][gc,marking  ] GC(12) Concurrent Mark From Roots
[2.069s][info][gc,task     ] GC(12) Using 3 workers of 3 for marking
[2.092s][info][gc,marking  ] GC(12) Concurrent Mark From Roots 23.018ms
[2.092s][info][gc,marking  ] GC(12) Concurrent Preclean
[2.093s][info][gc,marking  ] GC(12) Concurrent Preclean 0.163ms
[2.093s][info][gc,start    ] GC(12) Pause Remark
[2.093s][info][gc          ] GC(12) Pause Remark 2218M->2218M(4096M) 0.602ms
[2.093s][info][gc,cpu      ] GC(12) User=0.02s Sys=0.00s Real=0.00s
[2.093s][info][gc,marking  ] GC(12) Concurrent Mark 24.020ms
[2.093s][info][gc,marking  ] GC(12) Concurrent Rebuild Remembered Sets
[2.093s][info][gc,marking  ] GC(12) Concurrent Rebuild Remembered Sets 0.027ms
[2.093s][info][gc,start    ] GC(12) Pause Cleanup
[2.093s][info][gc          ] GC(12) Pause Cleanup 2218M->2218M(4096M) 0.035ms
[2.093s][info][gc,cpu      ] GC(12) User=0.00s Sys=0.00s Real=0.00s
[2.094s][info][gc,marking  ] GC(12) Concurrent Cleanup for Next Mark
[2.114s][info][gc,marking  ] GC(12) Concurrent Cleanup for Next Mark 20.193ms
[2.114s][info][gc          ] GC(12) Concurrent Mark Cycle 48.926ms
[2.139s][info][gc,start    ] GC(13) Pause Young (Normal) (G1 Evacuation Pause)
[2.139s][info][gc,task     ] GC(13) Using 10 workers of 10 for evacuation
[2.210s][info][gc,phases   ] GC(13)   Pre Evacuate Collection Set: 0.1ms
[2.210s][info][gc,phases   ] GC(13)   Merge Heap Roots: 0.1ms
[2.210s][info][gc,phases   ] GC(13)   Evacuate Collection Set: 70.7ms
[2.210s][info][gc,phases   ] GC(13)   Post Evacuate Collection Set: 0.2ms
[2.211s][info][gc,phases   ] GC(13)   Other: 0.2ms
[2.211s][info][gc,heap     ] GC(13) Eden regions: 89->0(98)
[2.211s][info][gc,heap     ] GC(13) Survivor regions: 13->13(13)
[2.211s][info][gc,heap     ] GC(13) Old regions: 1066->1155
[2.211s][info][gc,heap     ] GC(13) Archive regions: 0->0
[2.211s][info][gc,heap     ] GC(13) Humongous regions: 0->0
[2.211s][info][gc,metaspace] GC(13) Metaspace: 1582K(1792K)->1582K(1792K) NonClass: 1435K(1536K)->1435K(1536K) Class: 147K(256K)->147K(256K)
[2.211s][info][gc          ] GC(13) Pause Young (Normal) (G1 Evacuation Pause) 2335M->2335M(4096M) 71.728ms
[2.211s][info][gc,cpu      ] GC(13) User=0.05s Sys=0.72s Real=0.07s
[2.266s][info][gc,start    ] GC(14) Pause Young (Concurrent Start) (G1 Evacuation Pause)
[2.266s][info][gc,task     ] GC(14) Using 10 workers of 10 for evacuation
[2.347s][info][gc,phases   ] GC(14)   Pre Evacuate Collection Set: 0.1ms
[2.347s][info][gc,phases   ] GC(14)   Merge Heap Roots: 0.1ms
[2.347s][info][gc,phases   ] GC(14)   Evacuate Collection Set: 80.8ms
[2.347s][info][gc,phases   ] GC(14)   Post Evacuate Collection Set: 0.2ms
[2.347s][info][gc,phases   ] GC(14)   Other: 0.2ms
[2.347s][info][gc,heap     ] GC(14) Eden regions: 98->0(101)
[2.347s][info][gc,heap     ] GC(14) Survivor regions: 13->14(14)
[2.347s][info][gc,heap     ] GC(14) Old regions: 1155->1252
[2.347s][info][gc,heap     ] GC(14) Archive regions: 0->0
[2.347s][info][gc,heap     ] GC(14) Humongous regions: 0->0
[2.347s][info][gc,metaspace] GC(14) Metaspace: 1582K(1792K)->1582K(1792K) NonClass: 1435K(1536K)->1435K(1536K) Class: 147K(256K)->147K(256K)
[2.348s][info][gc          ] GC(14) Pause Young (Concurrent Start) (G1 Evacuation Pause) 2531M->2531M(4096M) 81.726ms
[2.348s][info][gc,cpu      ] GC(14) User=0.06s Sys=0.67s Real=0.08s
[2.348s][info][gc          ] GC(15) Concurrent Mark Cycle
[2.348s][info][gc,marking  ] GC(15) Concurrent Clear Claimed Marks
[2.348s][info][gc,marking  ] GC(15) Concurrent Clear Claimed Marks 0.030ms
[2.348s][info][gc,marking  ] GC(15) Concurrent Scan Root Regions
[2.348s][info][gc,marking  ] GC(15) Concurrent Scan Root Regions 0.460ms
[2.348s][info][gc,marking  ] GC(15) Concurrent Mark
[2.348s][info][gc,marking  ] GC(15) Concurrent Mark From Roots
[2.348s][info][gc,task     ] GC(15) Using 3 workers of 3 for marking
[2.360s][info][gc,marking  ] GC(15) Concurrent Mark From Roots 11.729ms
[2.360s][info][gc,marking  ] GC(15) Concurrent Preclean
[2.360s][info][gc,marking  ] GC(15) Concurrent Preclean 0.170ms
[2.360s][info][gc,start    ] GC(15) Pause Remark
[2.361s][info][gc          ] GC(15) Pause Remark 2573M->2573M(4096M) 0.507ms
[2.361s][info][gc,cpu      ] GC(15) User=0.00s Sys=0.00s Real=0.00s
[2.361s][info][gc,marking  ] GC(15) Concurrent Mark 12.659ms
[2.361s][info][gc,marking  ] GC(15) Concurrent Rebuild Remembered Sets
[2.368s][info][gc,marking  ] GC(15) Concurrent Rebuild Remembered Sets 7.435ms
[2.368s][info][gc,start    ] GC(15) Pause Cleanup
[2.369s][info][gc          ] GC(15) Pause Cleanup 2599M->2599M(4096M) 0.226ms
[2.369s][info][gc,cpu      ] GC(15) User=0.00s Sys=0.00s Real=0.00s
[2.369s][info][gc,marking  ] GC(15) Concurrent Cleanup for Next Mark
[2.382s][info][gc,marking  ] GC(15) Concurrent Cleanup for Next Mark 13.424ms
[2.382s][info][gc          ] GC(15) Concurrent Mark Cycle 34.696ms
[2.415s][info][gc,start    ] GC(16) Pause Young (Normal) (G1 Evacuation Pause)
[2.416s][info][gc,task     ] GC(16) Using 10 workers of 10 for evacuation
[2.494s][info][gc,phases   ] GC(16)   Pre Evacuate Collection Set: 0.1ms
[2.494s][info][gc,phases   ] GC(16)   Merge Heap Roots: 0.1ms
[2.494s][info][gc,phases   ] GC(16)   Evacuate Collection Set: 78.4ms
[2.494s][info][gc,phases   ] GC(16)   Post Evacuate Collection Set: 0.2ms
[2.494s][info][gc,phases   ] GC(16)   Other: 0.2ms
[2.494s][info][gc,heap     ] GC(16) Eden regions: 101->0(126)
[2.495s][info][gc,heap     ] GC(16) Survivor regions: 14->15(15)
[2.495s][info][gc,heap     ] GC(16) Old regions: 1252->1353
[2.495s][info][gc,heap     ] GC(16) Archive regions: 0->0
[2.495s][info][gc,heap     ] GC(16) Humongous regions: 0->0
[2.495s][info][gc,metaspace] GC(16) Metaspace: 1582K(1792K)->1582K(1792K) NonClass: 1435K(1536K)->1435K(1536K) Class: 147K(256K)->147K(256K)
[2.495s][info][gc          ] GC(16) Pause Young (Normal) (G1 Evacuation Pause) 2733M->2734M(4096M) 79.205ms
[2.495s][info][gc,cpu      ] GC(16) User=0.03s Sys=0.59s Real=0.08s
[2.518s][info][gc,heap,exit] Heap
[2.518s][info][gc,heap,exit]  garbage-first heap   total 4194304K, used 2838560K [0x0000000700000000, 0x0000000800000000)
[2.518s][info][gc,heap,exit]   region size 2048K, 34 young (69632K), 15 survivors (30720K)
[2.518s][info][gc,heap,exit]  Metaspace       used 1587K, committed 1792K, reserved 1114112K
[2.518s][info][gc,heap,exit]   class space    used 147K, committed 256K, reserved 1048576K
