[0.045s][info][gc,init] Initializing The Z Garbage Collector
[0.045s][info][gc,init] Version: 17.0.11+1-LTS (release)
[0.046s][info][gc,init] NUMA Support: Disabled
[0.046s][info][gc,init] CPUs: 12 total, 12 available
[0.046s][info][gc,init] Memory: 24496M
[0.046s][info][gc,init] Large Page Support: Disabled
[0.046s][info][gc,init] GC Workers: 3 (dynamic)
[0.046s][info][gc,init] Address Space Type: Contiguous/Unrestricted/Complete
[0.046s][info][gc,init] Address Space Size: 65536M x 3 = 196608M
[0.047s][info][gc,init] Min Capacity: 4096M
[0.047s][info][gc,init] Initial Capacity: 4096M
[0.047s][info][gc,init] Max Capacity: 4096M
[0.047s][info][gc,init] Medium Page Size: 32M
[0.047s][info][gc,init] Pre-touch: Disabled
[0.047s][info][gc,init] Uncommit: Implicitly Disabled (-Xms equals -Xmx)
[0.279s][info][gc,init] Runtime Workers: 8
[0.280s][info][gc     ] Using The Z Garbage Collector
[0.290s][info][gc,metaspace] CDS archive(s) mapped at: [0x000002be1d000000-0x000002be1dbc0000-0x000002be1dbc0000), size 12320768, SharedBaseAddress: 0x000002be1d000000, ArchiveRelocationMode: 1.
[0.290s][info][gc,metaspace] Compressed class space mapped at: 0x000002be1e000000-0x000002be5e000000, reserved size: 1073741824
[0.290s][info][gc,metaspace] Narrow klass base: 0x000002be1d000000, Narrow klass shift: 0, Narrow klass range: 0x100000000
[0.412s][info][gc,start    ] GC(0) Garbage Collection (Timer)
[0.412s][info][gc,task     ] GC(0) Using 3 workers
[0.412s][info][gc,phases   ] GC(0) Pause Mark Start 0.006ms
[0.415s][info][gc,phases   ] GC(0) Concurrent Mark 3.184ms
[0.415s][info][gc,phases   ] GC(0) Pause Mark End 0.011ms
[0.415s][info][gc,phases   ] GC(0) Concurrent Mark Free 0.001ms
[0.416s][info][gc,phases   ] GC(0) Concurrent Process Non-Strong References 0.543ms
[0.416s][info][gc,phases   ] GC(0) Concurrent Reset Relocation Set 0.001ms
[0.425s][info][gc,phases   ] GC(0) Concurrent Select Relocation Set 9.152ms
[0.425s][info][gc,phases   ] GC(0) Pause Relocate Start 0.006ms
[0.427s][info][gc,phases   ] GC(0) Concurrent Relocate 1.465ms
[0.427s][info][gc,load     ] GC(0) Load: 0.00/0.00/0.00
[0.427s][info][gc,mmu      ] GC(0) MMU: 2ms/99.4%, 5ms/99.7%, 10ms/99.8%, 20ms/99.9%, 50ms/100.0%, 100ms/100.0%
[0.427s][info][gc,marking  ] GC(0) Mark: 2 stripe(s), 1 proactive flush(es), 1 terminate flush(es), 0 completion(s), 0 continuation(s) 
[0.427s][info][gc,marking  ] GC(0) Mark Stack Usage: 32M
[0.427s][info][gc,nmethod  ] GC(0) NMethods: 153 registered, 0 unregistered
[0.427s][info][gc,metaspace] GC(0) Metaspace: 0M used, 0M committed, 1088M reserved
[0.427s][info][gc,ref      ] GC(0) Soft: 36 encountered, 0 discovered, 0 enqueued
[0.427s][info][gc,ref      ] GC(0) Weak: 103 encountered, 19 discovered, 18 enqueued
[0.427s][info][gc,ref      ] GC(0) Final: 0 encountered, 0 discovered, 0 enqueued
[0.427s][info][gc,ref      ] GC(0) Phantom: 16 encountered, 13 discovered, 13 enqueued
[0.427s][info][gc,reloc    ] GC(0) Small Pages: 3 / 6M, Empty: 0M, Relocated: 1M, In-Place: 0
[0.427s][info][gc,reloc    ] GC(0) Medium Pages: 0 / 0M, Empty: 0M, Relocated: 0M, In-Place: 0
[0.427s][info][gc,reloc    ] GC(0) Large Pages: 0 / 0M, Empty: 0M, Relocated: 0M, In-Place: 0
[0.427s][info][gc,reloc    ] GC(0) Forwarding Usage: 0M
[0.427s][info][gc,heap     ] GC(0) Min Capacity: 4096M(100%)
[0.427s][info][gc,heap     ] GC(0) Max Capacity: 4096M(100%)
[0.427s][info][gc,heap     ] GC(0) Soft Max Capacity: 4096M(100%)
[0.427s][info][gc,heap     ] GC(0)                Mark Start          Mark End        Relocate Start      Relocate End           High               Low         
[0.427s][info][gc,heap     ] GC(0)  Capacity:     4096M (100%)       4096M (100%)       4096M (100%)       4096M (100%)       4096M (100%)       4096M (100%)   
[0.427s][info][gc,heap     ] GC(0)      Free:     4090M (100%)       4090M (100%)       4090M (100%)       4092M (100%)       4092M (100%)       4088M (100%)   
[0.427s][info][gc,heap     ] GC(0)      Used:        6M (0%)            6M (0%)            6M (0%)            4M (0%)            8M (0%)            4M (0%)     
[0.427s][info][gc,heap     ] GC(0)      Live:         -                 1M (0%)            1M (0%)            1M (0%)             -                  -          
[0.427s][info][gc,heap     ] GC(0) Allocated:         -                 0M (0%)            0M (0%)            0M (0%)             -                  -          
[0.427s][info][gc,heap     ] GC(0)   Garbage:         -                 4M (0%)            4M (0%)            2M (0%)             -                  -          
[0.428s][info][gc,heap     ] GC(0) Reclaimed:         -                  -                 0M (0%)            2M (0%)             -                  -          
[0.428s][info][gc          ] GC(0) Garbage Collection (Timer) 6M(0%)->4M(0%)
[0.711s][info][gc,start    ] GC(1) Garbage Collection (Timer)
[0.711s][info][gc,task     ] GC(1) Using 3 workers
[0.712s][info][gc,phases   ] GC(1) Pause Mark Start 0.005ms
[0.725s][info][gc,phases   ] GC(1) Concurrent Mark 13.269ms
[0.725s][info][gc,phases   ] GC(1) Pause Mark End 0.008ms
[0.725s][info][gc,phases   ] GC(1) Concurrent Mark Free 0.001ms
[0.726s][info][gc,phases   ] GC(1) Concurrent Process Non-Strong References 0.678ms
[0.726s][info][gc,phases   ] GC(1) Concurrent Reset Relocation Set 0.001ms
[0.729s][info][gc,phases   ] GC(1) Concurrent Select Relocation Set 2.486ms
[0.729s][info][gc,phases   ] GC(1) Pause Relocate Start 0.005ms
[0.730s][info][gc,phases   ] GC(1) Concurrent Relocate 1.506ms
[0.730s][info][gc,load     ] GC(1) Load: 0.00/0.00/0.00
[0.730s][info][gc,mmu      ] GC(1) MMU: 2ms/99.4%, 5ms/99.7%, 10ms/99.8%, 20ms/99.9%, 50ms/100.0%, 100ms/100.0%
[0.730s][info][gc,marking  ] GC(1) Mark: 2 stripe(s), 3 proactive flush(es), 1 terminate flush(es), 0 completion(s), 0 continuation(s) 
[0.730s][info][gc,marking  ] GC(1) Mark Stack Usage: 32M
[0.730s][info][gc,nmethod  ] GC(1) NMethods: 295 registered, 0 unregistered
[0.731s][info][gc,metaspace] GC(1) Metaspace: 0M used, 0M committed, 1088M reserved
[0.731s][info][gc,ref      ] GC(1) Soft: 72 encountered, 0 discovered, 0 enqueued
[0.731s][info][gc,ref      ] GC(1) Weak: 177 encountered, 24 discovered, 23 enqueued
[0.731s][info][gc,ref      ] GC(1) Final: 0 encountered, 0 discovered, 0 enqueued
[0.731s][info][gc,ref      ] GC(1) Phantom: 13 encountered, 11 discovered, 6 enqueued
[0.731s][info][gc,reloc    ] GC(1) Small Pages: 126 / 252M, Empty: 0M, Relocated: 1M, In-Place: 0
[0.731s][info][gc,reloc    ] GC(1) Medium Pages: 0 / 0M, Empty: 0M, Relocated: 0M, In-Place: 0
[0.731s][info][gc,reloc    ] GC(1) Large Pages: 0 / 0M, Empty: 0M, Relocated: 0M, In-Place: 0
[0.731s][info][gc,reloc    ] GC(1) Forwarding Usage: 0M
[0.731s][info][gc,heap     ] GC(1) Min Capacity: 4096M(100%)
[0.731s][info][gc,heap     ] GC(1) Max Capacity: 4096M(100%)
[0.731s][info][gc,heap     ] GC(1) Soft Max Capacity: 4096M(100%)
[0.731s][info][gc,heap     ] GC(1)                Mark Start          Mark End        Relocate Start      Relocate End           High               Low         
[0.731s][info][gc,heap     ] GC(1)  Capacity:     4096M (100%)       4096M (100%)       4096M (100%)       4096M (100%)       4096M (100%)       4096M (100%)   
[0.731s][info][gc,heap     ] GC(1)      Free:     3844M (94%)        3842M (94%)        3838M (94%)        3840M (94%)        3844M (94%)        3832M (94%)    
[0.731s][info][gc,heap     ] GC(1)      Used:      252M (6%)          254M (6%)          258M (6%)          256M (6%)          264M (6%)          252M (6%)     
[0.731s][info][gc,heap     ] GC(1)      Live:         -               221M (5%)          221M (5%)          221M (5%)             -                  -          
[0.731s][info][gc,heap     ] GC(1) Allocated:         -                 2M (0%)            6M (0%)            7M (0%)             -                  -          
[0.731s][info][gc,heap     ] GC(1)   Garbage:         -                30M (1%)           30M (1%)           26M (1%)             -                  -          
[0.731s][info][gc,heap     ] GC(1) Reclaimed:         -                  -                 0M (0%)            3M (0%)             -                  -          
[0.731s][info][gc          ] GC(1) Garbage Collection (Timer) 252M(6%)->256M(6%)
[0.912s][info][gc,start    ] GC(2) Garbage Collection (Warmup)
[0.912s][info][gc,task     ] GC(2) Using 3 workers
[0.912s][info][gc,phases   ] GC(2) Pause Mark Start 0.006ms
[0.932s][info][gc,phases   ] GC(2) Concurrent Mark 19.776ms
[0.932s][info][gc,phases   ] GC(2) Pause Mark End 0.008ms
[0.933s][info][gc,phases   ] GC(2) Concurrent Mark Free 0.001ms
[0.933s][info][gc,phases   ] GC(2) Concurrent Process Non-Strong References 0.806ms
[0.933s][info][gc,phases   ] GC(2) Concurrent Reset Relocation Set 0.001ms
[0.936s][info][gc,phases   ] GC(2) Concurrent Select Relocation Set 2.174ms
[0.936s][info][gc,phases   ] GC(2) Pause Relocate Start 0.005ms
[0.938s][info][gc,phases   ] GC(2) Concurrent Relocate 1.643ms
[0.938s][info][gc,load     ] GC(2) Load: 0.00/0.00/0.00
[0.938s][info][gc,mmu      ] GC(2) MMU: 2ms/99.4%, 5ms/99.7%, 10ms/99.8%, 20ms/99.9%, 50ms/100.0%, 100ms/100.0%
[0.938s][info][gc,marking  ] GC(2) Mark: 2 stripe(s), 2 proactive flush(es), 1 terminate flush(es), 0 completion(s), 0 continuation(s) 
[0.938s][info][gc,marking  ] GC(2) Mark Stack Usage: 32M
[0.938s][info][gc,nmethod  ] GC(2) NMethods: 295 registered, 0 unregistered
[0.938s][info][gc,metaspace] GC(2) Metaspace: 0M used, 0M committed, 1088M reserved
[0.938s][info][gc,ref      ] GC(2) Soft: 72 encountered, 0 discovered, 0 enqueued
[0.938s][info][gc,ref      ] GC(2) Weak: 154 encountered, 79 discovered, 0 enqueued
[0.938s][info][gc,ref      ] GC(2) Final: 0 encountered, 0 discovered, 0 enqueued
[0.938s][info][gc,ref      ] GC(2) Phantom: 7 encountered, 2 discovered, 0 enqueued
[0.938s][info][gc,reloc    ] GC(2) Small Pages: 215 / 430M, Empty: 0M, Relocated: 1M, In-Place: 0
[0.938s][info][gc,reloc    ] GC(2) Medium Pages: 0 / 0M, Empty: 0M, Relocated: 0M, In-Place: 0
[0.938s][info][gc,reloc    ] GC(2) Large Pages: 0 / 0M, Empty: 0M, Relocated: 0M, In-Place: 0
[0.938s][info][gc,reloc    ] GC(2) Forwarding Usage: 0M
[0.938s][info][gc,heap     ] GC(2) Min Capacity: 4096M(100%)
[0.938s][info][gc,heap     ] GC(2) Max Capacity: 4096M(100%)
[0.938s][info][gc,heap     ] GC(2) Soft Max Capacity: 4096M(100%)
[0.938s][info][gc,heap     ] GC(2)                Mark Start          Mark End        Relocate Start      Relocate End           High               Low         
[0.938s][info][gc,heap     ] GC(2)  Capacity:     4096M (100%)       4096M (100%)       4096M (100%)       4096M (100%)       4096M (100%)       4096M (100%)   
[0.938s][info][gc,heap     ] GC(2)      Free:     3666M (90%)        3662M (89%)        3658M (89%)        3658M (89%)        3666M (90%)        3652M (89%)    
[0.938s][info][gc,heap     ] GC(2)      Used:      430M (10%)         434M (11%)         438M (11%)         438M (11%)         444M (11%)         430M (10%)    
[0.938s][info][gc,heap     ] GC(2)      Live:         -               387M (9%)          387M (9%)          387M (9%)             -                  -          
[0.938s][info][gc,heap     ] GC(2) Allocated:         -                 4M (0%)            8M (0%)            8M (0%)             -                  -          
[0.938s][info][gc,heap     ] GC(2)   Garbage:         -                42M (1%)           42M (1%)           42M (1%)             -                  -          
[0.938s][info][gc,heap     ] GC(2) Reclaimed:         -                  -                 0M (0%)            0M (0%)             -                  -          
[0.938s][info][gc          ] GC(2) Garbage Collection (Warmup) 430M(10%)->438M(11%)
[1.212s][info][gc,start    ] GC(3) Garbage Collection (Timer)
[1.213s][info][gc,task     ] GC(3) Using 3 workers
[1.213s][info][gc,phases   ] GC(3) Pause Mark Start 0.006ms
[1.237s][info][gc,phases   ] GC(3) Concurrent Mark 24.064ms
[1.237s][info][gc,phases   ] GC(3) Pause Mark End 0.009ms
[1.237s][info][gc,phases   ] GC(3) Concurrent Mark Free 0.001ms
[1.238s][info][gc,phases   ] GC(3) Concurrent Process Non-Strong References 0.800ms
[1.238s][info][gc,phases   ] GC(3) Concurrent Reset Relocation Set 0.001ms
[1.240s][info][gc,phases   ] GC(3) Concurrent Select Relocation Set 2.414ms
[1.240s][info][gc,phases   ] GC(3) Pause Relocate Start 0.004ms
[1.242s][info][gc,phases   ] GC(3) Concurrent Relocate 1.782ms
[1.242s][info][gc,load     ] GC(3) Load: 0.00/0.00/0.00
[1.242s][info][gc,mmu      ] GC(3) MMU: 2ms/99.4%, 5ms/99.7%, 10ms/99.8%, 20ms/99.9%, 50ms/100.0%, 100ms/100.0%
[1.242s][info][gc,marking  ] GC(3) Mark: 2 stripe(s), 3 proactive flush(es), 1 terminate flush(es), 0 completion(s), 0 continuation(s) 
[1.242s][info][gc,marking  ] GC(3) Mark Stack Usage: 32M
[1.242s][info][gc,nmethod  ] GC(3) NMethods: 374 registered, 0 unregistered
[1.243s][info][gc,metaspace] GC(3) Metaspace: 1M used, 1M committed, 1088M reserved
[1.243s][info][gc,ref      ] GC(3) Soft: 118 encountered, 0 discovered, 0 enqueued
[1.243s][info][gc,ref      ] GC(3) Weak: 175 encountered, 130 discovered, 5 enqueued
[1.243s][info][gc,ref      ] GC(3) Final: 0 encountered, 0 discovered, 0 enqueued
[1.243s][info][gc,ref      ] GC(3) Phantom: 12 encountered, 10 discovered, 5 enqueued
[1.243s][info][gc,reloc    ] GC(3) Small Pages: 307 / 614M, Empty: 0M, Relocated: 3M, In-Place: 0
[1.243s][info][gc,reloc    ] GC(3) Medium Pages: 0 / 0M, Empty: 0M, Relocated: 0M, In-Place: 0
[1.243s][info][gc,reloc    ] GC(3) Large Pages: 0 / 0M, Empty: 0M, Relocated: 0M, In-Place: 0
[1.243s][info][gc,reloc    ] GC(3) Forwarding Usage: 0M
[1.243s][info][gc,heap     ] GC(3) Min Capacity: 4096M(100%)
[1.243s][info][gc,heap     ] GC(3) Max Capacity: 4096M(100%)
[1.243s][info][gc,heap     ] GC(3) Soft Max Capacity: 4096M(100%)
[1.243s][info][gc,heap     ] GC(3)                Mark Start          Mark End        Relocate Start      Relocate End           High               Low         
[1.243s][info][gc,heap     ] GC(3)  Capacity:     4096M (100%)       4096M (100%)       4096M (100%)       4096M (100%)       4096M (100%)       4096M (100%)   
[1.243s][info][gc,heap     ] GC(3)      Free:     3482M (85%)        3482M (85%)        3482M (85%)        3490M (85%)        3490M (85%)        3476M (85%)    
[1.243s][info][gc,heap     ] GC(3)      Used:      614M (15%)         614M (15%)         614M (15%)         606M (15%)         620M (15%)         606M (15%)    
[1.243s][info][gc,heap     ] GC(3)      Live:         -               551M (13%)         551M (13%)         551M (13%)            -                  -          
[1.243s][info][gc,heap     ] GC(3) Allocated:         -                 0M (0%)            0M (0%)            0M (0%)             -                  -          
[1.243s][info][gc,heap     ] GC(3)   Garbage:         -                62M (2%)           62M (2%)           54M (1%)             -                  -          
[1.243s][info][gc,heap     ] GC(3) Reclaimed:         -                  -                 0M (0%)            8M (0%)             -                  -          
[1.243s][info][gc          ] GC(3) Garbage Collection (Timer) 614M(15%)->606M(15%)
[1.512s][info][gc,start    ] GC(4) Garbage Collection (Timer)
[1.512s][info][gc,task     ] GC(4) Using 3 workers
[1.512s][info][gc,phases   ] GC(4) Pause Mark Start 0.012ms
[1.528s][info][gc,phases   ] GC(4) Concurrent Mark 15.847ms
[1.529s][info][gc,phases   ] GC(4) Pause Mark End 0.011ms
[1.529s][info][gc,phases   ] GC(4) Concurrent Mark Free 0.001ms
[1.529s][info][gc,phases   ] GC(4) Concurrent Process Non-Strong References 0.786ms
[1.529s][info][gc,phases   ] GC(4) Concurrent Reset Relocation Set 0.001ms
[1.532s][info][gc,phases   ] GC(4) Concurrent Select Relocation Set 2.692ms
[1.532s][info][gc,phases   ] GC(4) Pause Relocate Start 0.006ms
[1.534s][info][gc,phases   ] GC(4) Concurrent Relocate 1.244ms
[1.534s][info][gc,load     ] GC(4) Load: 0.00/0.00/0.00
[1.534s][info][gc,mmu      ] GC(4) MMU: 2ms/99.4%, 5ms/99.7%, 10ms/99.8%, 20ms/99.9%, 50ms/99.9%, 100ms/100.0%
[1.534s][info][gc,marking  ] GC(4) Mark: 2 stripe(s), 5 proactive flush(es), 1 terminate flush(es), 0 completion(s), 0 continuation(s) 
[1.534s][info][gc,marking  ] GC(4) Mark Stack Usage: 32M
[1.534s][info][gc,nmethod  ] GC(4) NMethods: 374 registered, 0 unregistered
[1.534s][info][gc,metaspace] GC(4) Metaspace: 1M used, 1M committed, 1088M reserved
[1.534s][info][gc,ref      ] GC(4) Soft: 118 encountered, 0 discovered, 0 enqueued
[1.534s][info][gc,ref      ] GC(4) Weak: 170 encountered, 83 discovered, 0 enqueued
[1.534s][info][gc,ref      ] GC(4) Final: 0 encountered, 0 discovered, 0 enqueued
[1.534s][info][gc,ref      ] GC(4) Phantom: 7 encountered, 3 discovered, 0 enqueued
[1.534s][info][gc,reloc    ] GC(4) Small Pages: 303 / 606M, Empty: 0M, Relocated: 3M, In-Place: 0
[1.534s][info][gc,reloc    ] GC(4) Medium Pages: 0 / 0M, Empty: 0M, Relocated: 0M, In-Place: 0
[1.534s][info][gc,reloc    ] GC(4) Large Pages: 0 / 0M, Empty: 0M, Relocated: 0M, In-Place: 0
[1.534s][info][gc,reloc    ] GC(4) Forwarding Usage: 0M
[1.534s][info][gc,heap     ] GC(4) Min Capacity: 4096M(100%)
[1.534s][info][gc,heap     ] GC(4) Max Capacity: 4096M(100%)
[1.534s][info][gc,heap     ] GC(4) Soft Max Capacity: 4096M(100%)
[1.534s][info][gc,heap     ] GC(4)                Mark Start          Mark End        Relocate Start      Relocate End           High               Low         
[1.534s][info][gc,heap     ] GC(4)  Capacity:     4096M (100%)       4096M (100%)       4096M (100%)       4096M (100%)       4096M (100%)       4096M (100%)   
[1.534s][info][gc,heap     ] GC(4)      Free:     3490M (85%)        3490M (85%)        3490M (85%)        3490M (85%)        3490M (85%)        3484M (85%)    
[1.534s][info][gc,heap     ] GC(4)      Used:      606M (15%)         606M (15%)         606M (15%)         606M (15%)         612M (15%)         606M (15%)    
[1.534s][info][gc,heap     ] GC(4)      Live:         -               551M (13%)         551M (13%)         551M (13%)            -                  -          
[1.534s][info][gc,heap     ] GC(4) Allocated:         -                 0M (0%)            0M (0%)            0M (0%)             -                  -          
[1.534s][info][gc,heap     ] GC(4)   Garbage:         -                54M (1%)           54M (1%)           54M (1%)             -                  -          
[1.534s][info][gc,heap     ] GC(4) Reclaimed:         -                  -                 0M (0%)            0M (0%)             -                  -          
[1.534s][info][gc          ] GC(4) Garbage Collection (Timer) 606M(15%)->606M(15%)
[1.813s][info][gc,start    ] GC(5) Garbage Collection (Timer)
[1.813s][info][gc,task     ] GC(5) Using 3 workers
[1.813s][info][gc,phases   ] GC(5) Pause Mark Start 0.006ms
[1.821s][info][gc,phases   ] GC(5) Concurrent Mark 8.261ms
[1.821s][info][gc,phases   ] GC(5) Pause Mark End 0.009ms
[1.821s][info][gc,phases   ] GC(5) Concurrent Mark Free 0.001ms
[1.822s][info][gc,phases   ] GC(5) Concurrent Process Non-Strong References 0.869ms
[1.822s][info][gc,phases   ] GC(5) Concurrent Reset Relocation Set 0.001ms
[1.824s][info][gc,phases   ] GC(5) Concurrent Select Relocation Set 2.143ms
[1.825s][info][gc,phases   ] GC(5) Pause Relocate Start 0.004ms
[1.826s][info][gc,phases   ] GC(5) Concurrent Relocate 1.191ms
[1.826s][info][gc,load     ] GC(5) Load: 0.00/0.00/0.00
[1.826s][info][gc,mmu      ] GC(5) MMU: 2ms/99.4%, 5ms/99.7%, 10ms/99.8%, 20ms/99.9%, 50ms/99.9%, 100ms/100.0%
[1.826s][info][gc,marking  ] GC(5) Mark: 2 stripe(s), 2 proactive flush(es), 1 terminate flush(es), 0 completion(s), 0 continuation(s) 
[1.826s][info][gc,marking  ] GC(5) Mark Stack Usage: 32M
[1.826s][info][gc,nmethod  ] GC(5) NMethods: 374 registered, 0 unregistered
[1.826s][info][gc,metaspace] GC(5) Metaspace: 1M used, 1M committed, 1088M reserved
[1.826s][info][gc,ref      ] GC(5) Soft: 118 encountered, 0 discovered, 0 enqueued
[1.826s][info][gc,ref      ] GC(5) Weak: 170 encountered, 68 discovered, 0 enqueued
[1.826s][info][gc,ref      ] GC(5) Final: 0 encountered, 0 discovered, 0 enqueued
[1.826s][info][gc,ref      ] GC(5) Phantom: 7 encountered, 3 discovered, 0 enqueued
[1.826s][info][gc,reloc    ] GC(5) Small Pages: 303 / 606M, Empty: 0M, Relocated: 3M, In-Place: 0
[1.826s][info][gc,reloc    ] GC(5) Medium Pages: 0 / 0M, Empty: 0M, Relocated: 0M, In-Place: 0
[1.826s][info][gc,reloc    ] GC(5) Large Pages: 0 / 0M, Empty: 0M, Relocated: 0M, In-Place: 0
[1.826s][info][gc,reloc    ] GC(5) Forwarding Usage: 0M
[1.826s][info][gc,heap     ] GC(5) Min Capacity: 4096M(100%)
[1.826s][info][gc,heap     ] GC(5) Max Capacity: 4096M(100%)
[1.826s][info][gc,heap     ] GC(5) Soft Max Capacity: 4096M(100%)
[1.826s][info][gc,heap     ] GC(5)                Mark Start          Mark End        Relocate Start      Relocate End           High               Low         
[1.826s][info][gc,heap     ] GC(5)  Capacity:     4096M (100%)       4096M (100%)       4096M (100%)       4096M (100%)       4096M (100%)       4096M (100%)   
[1.826s][info][gc,heap     ] GC(5)      Free:     3490M (85%)        3490M (85%)        3490M (85%)        3490M (85%)        3490M (85%)        3484M (85%)    
[1.826s][info][gc,heap     ] GC(5)      Used:      606M (15%)         606M (15%)         606M (15%)         606M (15%)         612M (15%)         606M (15%)    
[1.826s][info][gc,heap     ] GC(5)      Live:         -               551M (13%)         551M (13%)         551M (13%)            -                  -          
[1.827s][info][gc,heap     ] GC(5) Allocated:         -                 0M (0%)            0M (0%)            0M (0%)             -                  -          
[1.827s][info][gc,heap     ] GC(5)   Garbage:         -                54M (1%)           54M (1%)           54M (1%)             -                  -          
[1.827s][info][gc,heap     ] GC(5) Reclaimed:         -                  -                 0M (0%)            0M (0%)             -                  -          
[1.827s][info][gc          ] GC(5) Garbage Collection (Timer) 606M(15%)->606M(15%)
[2.113s][info][gc,start    ] GC(6) Garbage Collection (Timer)
[2.113s][info][gc,task     ] GC(6) Using 3 workers
[2.113s][info][gc,phases   ] GC(6) Pause Mark Start 0.006ms
[2.119s][info][gc,phases   ] GC(6) Concurrent Mark 6.156ms
[2.119s][info][gc,phases   ] GC(6) Pause Mark End 0.010ms
[2.119s][info][gc,phases   ] GC(6) Concurrent Mark Free 0.001ms
[2.120s][info][gc,phases   ] GC(6) Concurrent Process Non-Strong References 0.883ms
[2.120s][info][gc,phases   ] GC(6) Concurrent Reset Relocation Set 0.001ms
[2.123s][info][gc,phases   ] GC(6) Concurrent Select Relocation Set 2.117ms
[2.123s][info][gc,phases   ] GC(6) Pause Relocate Start 0.005ms
[2.124s][info][gc,phases   ] GC(6) Concurrent Relocate 1.083ms
[2.124s][info][gc,load     ] GC(6) Load: 0.00/0.00/0.00
[2.124s][info][gc,mmu      ] GC(6) MMU: 2ms/99.4%, 5ms/99.7%, 10ms/99.8%, 20ms/99.9%, 50ms/99.9%, 100ms/100.0%
[2.124s][info][gc,marking  ] GC(6) Mark: 2 stripe(s), 1 proactive flush(es), 1 terminate flush(es), 0 completion(s), 0 continuation(s) 
[2.124s][info][gc,marking  ] GC(6) Mark Stack Usage: 32M
[2.124s][info][gc,nmethod  ] GC(6) NMethods: 374 registered, 0 unregistered
[2.124s][info][gc,metaspace] GC(6) Metaspace: 1M used, 1M committed, 1088M reserved
[2.124s][info][gc,ref      ] GC(6) Soft: 118 encountered, 0 discovered, 0 enqueued
[2.124s][info][gc,ref      ] GC(6) Weak: 170 encountered, 1 discovered, 0 enqueued
[2.124s][info][gc,ref      ] GC(6) Final: 0 encountered, 0 discovered, 0 enqueued
[2.124s][info][gc,ref      ] GC(6) Phantom: 7 encountered, 5 discovered, 0 enqueued
[2.124s][info][gc,reloc    ] GC(6) Small Pages: 303 / 606M, Empty: 0M, Relocated: 3M, In-Place: 0
[2.124s][info][gc,reloc    ] GC(6) Medium Pages: 0 / 0M, Empty: 0M, Relocated: 0M, In-Place: 0
[2.124s][info][gc,reloc    ] GC(6) Large Pages: 0 / 0M, Empty: 0M, Relocated: 0M, In-Place: 0
[2.124s][info][gc,reloc    ] GC(6) Forwarding Usage: 0M
[2.124s][info][gc,heap     ] GC(6) Min Capacity: 4096M(100%)
[2.124s][info][gc,heap     ] GC(6) Max Capacity: 4096M(100%)
[2.124s][info][gc,heap     ] GC(6) Soft Max Capacity: 4096M(100%)
[2.124s][info][gc,heap     ] GC(6)                Mark Start          Mark End        Relocate Start      Relocate End           High               Low         
[2.124s][info][gc,heap     ] GC(6)  Capacity:     4096M (100%)       4096M (100%)       4096M (100%)       4096M (100%)       4096M (100%)       4096M (100%)   
[2.124s][info][gc,heap     ] GC(6)      Free:     3490M (85%)        3490M (85%)        3490M (85%)        3490M (85%)        3490M (85%)        3484M (85%)    
[2.124s][info][gc,heap     ] GC(6)      Used:      606M (15%)         606M (15%)         606M (15%)         606M (15%)         612M (15%)         606M (15%)    
[2.124s][info][gc,heap     ] GC(6)      Live:         -               551M (13%)         551M (13%)         551M (13%)            -                  -          
[2.124s][info][gc,heap     ] GC(6) Allocated:         -                 0M (0%)            0M (0%)            0M (0%)             -                  -          
[2.124s][info][gc,heap     ] GC(6)   Garbage:         -                54M (1%)           54M (1%)           54M (1%)             -                  -          
[2.124s][info][gc,heap     ] GC(6) Reclaimed:         -                  -                 0M (0%)            0M (0%)             -                  -          
[2.125s][info][gc          ] GC(6) Garbage Collection (Timer) 606M(15%)->606M(15%)
[2.412s][info][gc,start    ] GC(7) Garbage Collection (Timer)
[2.412s][info][gc,task     ] GC(7) Using 3 workers
[2.412s][info][gc,phases   ] GC(7) Pause Mark Start 0.006ms
[2.427s][info][gc,phases   ] GC(7) Concurrent Mark 14.387ms
[2.427s][info][gc,phases   ] GC(7) Pause Mark End 0.009ms
[2.427s][info][gc,phases   ] GC(7) Concurrent Mark Free 0.001ms
[2.428s][info][gc,phases   ] GC(7) Concurrent Process Non-Strong References 0.986ms
[2.428s][info][gc,phases   ] GC(7) Concurrent Reset Relocation Set 0.001ms
[2.431s][info][gc,phases   ] GC(7) Concurrent Select Relocation Set 3.255ms
[2.431s][info][gc,phases   ] GC(7) Pause Relocate Start 0.006ms
[2.433s][info][gc,phases   ] GC(7) Concurrent Relocate 1.859ms
[2.433s][info][gc,load     ] GC(7) Load: 0.00/0.00/0.00
[2.433s][info][gc,mmu      ] GC(7) MMU: 2ms/99.4%, 5ms/99.7%, 10ms/99.8%, 20ms/99.9%, 50ms/99.9%, 100ms/100.0%
[2.434s][info][gc,marking  ] GC(7) Mark: 2 stripe(s), 2 proactive flush(es), 1 terminate flush(es), 0 completion(s), 0 continuation(s) 
[2.434s][info][gc,marking  ] GC(7) Mark Stack Usage: 32M
[2.434s][info][gc,nmethod  ] GC(7) NMethods: 453 registered, 0 unregistered
[2.434s][info][gc,metaspace] GC(7) Metaspace: 1M used, 1M committed, 1088M reserved
[2.434s][info][gc,ref      ] GC(7) Soft: 181 encountered, 0 discovered, 0 enqueued
[2.434s][info][gc,ref      ] GC(7) Weak: 296 encountered, 161 discovered, 33 enqueued
[2.434s][info][gc,ref      ] GC(7) Final: 0 encountered, 0 discovered, 0 enqueued
[2.434s][info][gc,ref      ] GC(7) Phantom: 24 encountered, 20 discovered, 17 enqueued
[2.434s][info][gc,reloc    ] GC(7) Small Pages: 404 / 808M, Empty: 0M, Relocated: 3M, In-Place: 0
[2.434s][info][gc,reloc    ] GC(7) Medium Pages: 0 / 0M, Empty: 0M, Relocated: 0M, In-Place: 0
[2.434s][info][gc,reloc    ] GC(7) Large Pages: 0 / 0M, Empty: 0M, Relocated: 0M, In-Place: 0
[2.434s][info][gc,reloc    ] GC(7) Forwarding Usage: 0M
[2.434s][info][gc,heap     ] GC(7) Min Capacity: 4096M(100%)
[2.434s][info][gc,heap     ] GC(7) Max Capacity: 4096M(100%)
[2.434s][info][gc,heap     ] GC(7) Soft Max Capacity: 4096M(100%)
[2.434s][info][gc,heap     ] GC(7)                Mark Start          Mark End        Relocate Start      Relocate End           High               Low         
[2.434s][info][gc,heap     ] GC(7)  Capacity:     4096M (100%)       4096M (100%)       4096M (100%)       4096M (100%)       4096M (100%)       4096M (100%)   
[2.434s][info][gc,heap     ] GC(7)      Free:     3288M (80%)        3284M (80%)        3282M (80%)        3282M (80%)        3288M (80%)        3276M (80%)    
[2.434s][info][gc,heap     ] GC(7)      Used:      808M (20%)         812M (20%)         814M (20%)         814M (20%)         820M (20%)         808M (20%)    
[2.434s][info][gc,heap     ] GC(7)      Live:         -               733M (18%)         733M (18%)         733M (18%)            -                  -          
[2.434s][info][gc,heap     ] GC(7) Allocated:         -                 4M (0%)            6M (0%)            8M (0%)             -                  -          
[2.434s][info][gc,heap     ] GC(7)   Garbage:         -                74M (2%)           74M (2%)           72M (2%)             -                  -          
[2.434s][info][gc,heap     ] GC(7) Reclaimed:         -                  -                 0M (0%)            2M (0%)             -                  -          
[2.434s][info][gc          ] GC(7) Garbage Collection (Timer) 808M(20%)->814M(20%)
[2.512s][info][gc,start    ] GC(8) Garbage Collection (Warmup)
[2.513s][info][gc,task     ] GC(8) Using 3 workers
[2.513s][info][gc,phases   ] GC(8) Pause Mark Start 0.006ms
[2.530s][info][gc,phases   ] GC(8) Concurrent Mark 17.694ms
[2.531s][info][gc,phases   ] GC(8) Pause Mark End 0.010ms
[2.531s][info][gc,phases   ] GC(8) Concurrent Mark Free 0.001ms
[2.532s][info][gc,phases   ] GC(8) Concurrent Process Non-Strong References 0.835ms
[2.532s][info][gc,phases   ] GC(8) Concurrent Reset Relocation Set 0.001ms
[2.534s][info][gc,phases   ] GC(8) Concurrent Select Relocation Set 2.217ms
[2.534s][info][gc,phases   ] GC(8) Pause Relocate Start 0.006ms
[2.536s][info][gc,phases   ] GC(8) Concurrent Relocate 1.963ms
[2.536s][info][gc,load     ] GC(8) Load: 0.00/0.00/0.00
[2.536s][info][gc,mmu      ] GC(8) MMU: 2ms/99.4%, 5ms/99.7%, 10ms/99.8%, 20ms/99.9%, 50ms/99.9%, 100ms/100.0%
[2.536s][info][gc,marking  ] GC(8) Mark: 2 stripe(s), 2 proactive flush(es), 1 terminate flush(es), 0 completion(s), 0 continuation(s) 
[2.536s][info][gc,marking  ] GC(8) Mark Stack Usage: 32M
[2.536s][info][gc,nmethod  ] GC(8) NMethods: 453 registered, 0 unregistered
[2.536s][info][gc,metaspace] GC(8) Metaspace: 1M used, 1M committed, 1088M reserved
[2.536s][info][gc,ref      ] GC(8) Soft: 181 encountered, 0 discovered, 0 enqueued
[2.536s][info][gc,ref      ] GC(8) Weak: 263 encountered, 3 discovered, 0 enqueued
[2.536s][info][gc,ref      ] GC(8) Final: 0 encountered, 0 discovered, 0 enqueued
[2.536s][info][gc,ref      ] GC(8) Phantom: 7 encountered, 3 discovered, 0 enqueued
[2.536s][info][gc,reloc    ] GC(8) Small Pages: 443 / 886M, Empty: 0M, Relocated: 3M, In-Place: 0
[2.537s][info][gc,reloc    ] GC(8) Medium Pages: 0 / 0M, Empty: 0M, Relocated: 0M, In-Place: 0
[2.537s][info][gc,reloc    ] GC(8) Large Pages: 0 / 0M, Empty: 0M, Relocated: 0M, In-Place: 0
[2.537s][info][gc,reloc    ] GC(8) Forwarding Usage: 0M
[2.537s][info][gc,heap     ] GC(8) Min Capacity: 4096M(100%)
[2.537s][info][gc,heap     ] GC(8) Max Capacity: 4096M(100%)
[2.537s][info][gc,heap     ] GC(8) Soft Max Capacity: 4096M(100%)
[2.537s][info][gc,heap     ] GC(8)                Mark Start          Mark End        Relocate Start      Relocate End           High               Low         
[2.537s][info][gc,heap     ] GC(8)  Capacity:     4096M (100%)       4096M (100%)       4096M (100%)       4096M (100%)       4096M (100%)       4096M (100%)   
[2.537s][info][gc,heap     ] GC(8)      Free:     3210M (78%)        3206M (78%)        3204M (78%)        3204M (78%)        3210M (78%)        3198M (78%)    
[2.537s][info][gc,heap     ] GC(8)      Used:      886M (22%)         890M (22%)         892M (22%)         892M (22%)         898M (22%)         886M (22%)    
[2.537s][info][gc,heap     ] GC(8)      Live:         -               805M (20%)         805M (20%)         805M (20%)            -                  -          
[2.537s][info][gc,heap     ] GC(8) Allocated:         -                 4M (0%)            6M (0%)            6M (0%)             -                  -          
[2.537s][info][gc,heap     ] GC(8)   Garbage:         -                80M (2%)           80M (2%)           80M (2%)             -                  -          
[2.537s][info][gc,heap     ] GC(8) Reclaimed:         -                  -                 0M (0%)            0M (0%)             -                  -          
[2.537s][info][gc          ] GC(8) Garbage Collection (Warmup) 886M(22%)->892M(22%)
[2.813s][info][gc,start    ] GC(9) Garbage Collection (Timer)
[2.813s][info][gc,task     ] GC(9) Using 3 workers
[2.813s][info][gc,phases   ] GC(9) Pause Mark Start 0.006ms
[2.832s][info][gc,phases   ] GC(9) Concurrent Mark 18.706ms
[2.832s][info][gc,phases   ] GC(9) Pause Mark End 0.009ms
[2.832s][info][gc,phases   ] GC(9) Concurrent Mark Free 0.001ms
[2.832s][info][gc,phases   ] GC(9) Concurrent Process Non-Strong References 0.595ms
[2.833s][info][gc,phases   ] GC(9) Concurrent Reset Relocation Set 0.001ms
[2.835s][info][gc,phases   ] GC(9) Concurrent Select Relocation Set 2.360ms
[2.835s][info][gc,phases   ] GC(9) Pause Relocate Start 0.006ms
[2.837s][info][gc,phases   ] GC(9) Concurrent Relocate 1.804ms
[2.837s][info][gc,load     ] GC(9) Load: 0.00/0.00/0.00
[2.837s][info][gc,mmu      ] GC(9) MMU: 2ms/99.4%, 5ms/99.7%, 10ms/99.8%, 20ms/99.9%, 50ms/99.9%, 100ms/100.0%
[2.837s][info][gc,marking  ] GC(9) Mark: 2 stripe(s), 2 proactive flush(es), 1 terminate flush(es), 0 completion(s), 0 continuation(s) 
[2.837s][info][gc,marking  ] GC(9) Mark Stack Usage: 32M
[2.837s][info][gc,nmethod  ] GC(9) NMethods: 453 registered, 0 unregistered
[2.837s][info][gc,metaspace] GC(9) Metaspace: 1M used, 1M committed, 1088M reserved
[2.837s][info][gc,ref      ] GC(9) Soft: 181 encountered, 0 discovered, 0 enqueued
[2.837s][info][gc,ref      ] GC(9) Weak: 263 encountered, 1 discovered, 0 enqueued
[2.837s][info][gc,ref      ] GC(9) Final: 0 encountered, 0 discovered, 0 enqueued
[2.837s][info][gc,ref      ] GC(9) Phantom: 7 encountered, 4 discovered, 0 enqueued
[2.837s][info][gc,reloc    ] GC(9) Small Pages: 558 / 1116M, Empty: 0M, Relocated: 3M, In-Place: 0
[2.837s][info][gc,reloc    ] GC(9) Medium Pages: 1 / 32M, Empty: 0M, Relocated: 0M, In-Place: 0
[2.837s][info][gc,reloc    ] GC(9) Large Pages: 0 / 0M, Empty: 0M, Relocated: 0M, In-Place: 0
[2.837s][info][gc,reloc    ] GC(9) Forwarding Usage: 0M
[2.837s][info][gc,heap     ] GC(9) Min Capacity: 4096M(100%)
[2.837s][info][gc,heap     ] GC(9) Max Capacity: 4096M(100%)
[2.837s][info][gc,heap     ] GC(9) Soft Max Capacity: 4096M(100%)
[2.838s][info][gc,heap     ] GC(9)                Mark Start          Mark End        Relocate Start      Relocate End           High               Low         
[2.838s][info][gc,heap     ] GC(9)  Capacity:     4096M (100%)       4096M (100%)       4096M (100%)       4096M (100%)       4096M (100%)       4096M (100%)   
[2.838s][info][gc,heap     ] GC(9)      Free:     2948M (72%)        2944M (72%)        2942M (72%)        2942M (72%)        2948M (72%)        2934M (72%)    
[2.838s][info][gc,heap     ] GC(9)      Used:     1148M (28%)        1152M (28%)        1154M (28%)        1154M (28%)        1162M (28%)        1148M (28%)    
[2.838s][info][gc,heap     ] GC(9)      Live:         -              1014M (25%)        1014M (25%)        1014M (25%)            -                  -          
[2.838s][info][gc,heap     ] GC(9) Allocated:         -                 4M (0%)            6M (0%)            7M (0%)             -                  -          
[2.838s][info][gc,heap     ] GC(9)   Garbage:         -               133M (3%)          133M (3%)          131M (3%)             -                  -          
[2.838s][info][gc,heap     ] GC(9) Reclaimed:         -                  -                 0M (0%)            1M (0%)             -                  -          
[2.838s][info][gc          ] GC(9) Garbage Collection (Timer) 1148M(28%)->1154M(28%)
[3.012s][info][gc,start    ] GC(10) Garbage Collection (Warmup)
[3.012s][info][gc,task     ] GC(10) Using 3 workers
[3.012s][info][gc,phases   ] GC(10) Pause Mark Start 0.007ms
[3.040s][info][gc,phases   ] GC(10) Concurrent Mark 28.604ms
[3.041s][info][gc,phases   ] GC(10) Pause Mark End 0.011ms
[3.041s][info][gc,phases   ] GC(10) Concurrent Mark Free 0.001ms
[3.041s][info][gc,phases   ] GC(10) Concurrent Process Non-Strong References 0.772ms
[3.042s][info][gc,phases   ] GC(10) Concurrent Reset Relocation Set 0.001ms
[3.044s][info][gc,phases   ] GC(10) Concurrent Select Relocation Set 2.424ms
[3.044s][info][gc,phases   ] GC(10) Pause Relocate Start 0.006ms
[3.046s][info][gc,phases   ] GC(10) Concurrent Relocate 1.862ms
[3.046s][info][gc,load     ] GC(10) Load: 0.00/0.00/0.00
[3.046s][info][gc,mmu      ] GC(10) MMU: 2ms/99.4%, 5ms/99.7%, 10ms/99.8%, 20ms/99.9%, 50ms/99.9%, 100ms/100.0%
[3.046s][info][gc,marking  ] GC(10) Mark: 2 stripe(s), 3 proactive flush(es), 1 terminate flush(es), 0 completion(s), 0 continuation(s) 
[3.046s][info][gc,marking  ] GC(10) Mark Stack Usage: 32M
[3.046s][info][gc,nmethod  ] GC(10) NMethods: 454 registered, 0 unregistered
[3.046s][info][gc,metaspace] GC(10) Metaspace: 1M used, 1M committed, 1088M reserved
[3.046s][info][gc,ref      ] GC(10) Soft: 181 encountered, 0 discovered, 0 enqueued
[3.046s][info][gc,ref      ] GC(10) Weak: 263 encountered, 158 discovered, 0 enqueued
[3.046s][info][gc,ref      ] GC(10) Final: 0 encountered, 0 discovered, 0 enqueued
[3.046s][info][gc,ref      ] GC(10) Phantom: 7 encountered, 3 discovered, 0 enqueued
[3.046s][info][gc,reloc    ] GC(10) Small Pages: 606 / 1212M, Empty: 0M, Relocated: 3M, In-Place: 0
[3.046s][info][gc,reloc    ] GC(10) Medium Pages: 1 / 32M, Empty: 0M, Relocated: 0M, In-Place: 0
[3.046s][info][gc,reloc    ] GC(10) Large Pages: 0 / 0M, Empty: 0M, Relocated: 0M, In-Place: 0
[3.046s][info][gc,reloc    ] GC(10) Forwarding Usage: 0M
[3.046s][info][gc,heap     ] GC(10) Min Capacity: 4096M(100%)
[3.046s][info][gc,heap     ] GC(10) Max Capacity: 4096M(100%)
[3.046s][info][gc,heap     ] GC(10) Soft Max Capacity: 4096M(100%)
[3.046s][info][gc,heap     ] GC(10)                Mark Start          Mark End        Relocate Start      Relocate End           High               Low         
[3.047s][info][gc,heap     ] GC(10)  Capacity:     4096M (100%)       4096M (100%)       4096M (100%)       4096M (100%)       4096M (100%)       4096M (100%)   
[3.047s][info][gc,heap     ] GC(10)      Free:     2852M (70%)        2852M (70%)        2852M (70%)        2854M (70%)        2854M (70%)        2846M (69%)    
[3.047s][info][gc,heap     ] GC(10)      Used:     1244M (30%)        1244M (30%)        1244M (30%)        1242M (30%)        1250M (31%)        1242M (30%)    
[3.047s][info][gc,heap     ] GC(10)      Live:         -              1102M (27%)        1102M (27%)        1102M (27%)            -                  -          
[3.047s][info][gc,heap     ] GC(10) Allocated:         -                 0M (0%)            0M (0%)            0M (0%)             -                  -          
[3.047s][info][gc,heap     ] GC(10)   Garbage:         -               141M (3%)          141M (3%)          139M (3%)             -                  -          
[3.047s][info][gc,heap     ] GC(10) Reclaimed:         -                  -                 0M (0%)            2M (0%)             -                  -          
[3.047s][info][gc          ] GC(10) Garbage Collection (Warmup) 1244M(30%)->1242M(30%)
[3.312s][info][gc,start    ] GC(11) Garbage Collection (Timer)
[3.313s][info][gc,task     ] GC(11) Using 3 workers
[3.313s][info][gc,phases   ] GC(11) Pause Mark Start 0.024ms
[3.330s][info][gc,phases   ] GC(11) Concurrent Mark 17.395ms
[3.330s][info][gc,phases   ] GC(11) Pause Mark End 0.009ms
[3.331s][info][gc,phases   ] GC(11) Concurrent Mark Free 0.001ms
[3.331s][info][gc,phases   ] GC(11) Concurrent Process Non-Strong References 0.817ms
[3.331s][info][gc,phases   ] GC(11) Concurrent Reset Relocation Set 0.001ms
[3.334s][info][gc,phases   ] GC(11) Concurrent Select Relocation Set 2.103ms
[3.334s][info][gc,phases   ] GC(11) Pause Relocate Start 0.005ms
[3.335s][info][gc,phases   ] GC(11) Concurrent Relocate 1.130ms
[3.335s][info][gc,load     ] GC(11) Load: 0.00/0.00/0.00
[3.335s][info][gc,mmu      ] GC(11) MMU: 2ms/98.8%, 5ms/99.5%, 10ms/99.8%, 20ms/99.8%, 50ms/99.9%, 100ms/100.0%
[3.335s][info][gc,marking  ] GC(11) Mark: 2 stripe(s), 8 proactive flush(es), 1 terminate flush(es), 0 completion(s), 0 continuation(s) 
[3.335s][info][gc,marking  ] GC(11) Mark Stack Usage: 32M
[3.335s][info][gc,nmethod  ] GC(11) NMethods: 454 registered, 0 unregistered
[3.335s][info][gc,metaspace] GC(11) Metaspace: 1M used, 1M committed, 1088M reserved
[3.335s][info][gc,ref      ] GC(11) Soft: 181 encountered, 0 discovered, 0 enqueued
[3.335s][info][gc,ref      ] GC(11) Weak: 263 encountered, 145 discovered, 0 enqueued
[3.335s][info][gc,ref      ] GC(11) Final: 0 encountered, 0 discovered, 0 enqueued
[3.335s][info][gc,ref      ] GC(11) Phantom: 7 encountered, 5 discovered, 0 enqueued
[3.335s][info][gc,reloc    ] GC(11) Small Pages: 605 / 1210M, Empty: 0M, Relocated: 3M, In-Place: 0
[3.335s][info][gc,reloc    ] GC(11) Medium Pages: 1 / 32M, Empty: 0M, Relocated: 0M, In-Place: 0
[3.335s][info][gc,reloc    ] GC(11) Large Pages: 0 / 0M, Empty: 0M, Relocated: 0M, In-Place: 0
[3.335s][info][gc,reloc    ] GC(11) Forwarding Usage: 0M
[3.335s][info][gc,heap     ] GC(11) Min Capacity: 4096M(100%)
[3.335s][info][gc,heap     ] GC(11) Max Capacity: 4096M(100%)
[3.335s][info][gc,heap     ] GC(11) Soft Max Capacity: 4096M(100%)
[3.335s][info][gc,heap     ] GC(11)                Mark Start          Mark End        Relocate Start      Relocate End           High               Low         
[3.335s][info][gc,heap     ] GC(11)  Capacity:     4096M (100%)       4096M (100%)       4096M (100%)       4096M (100%)       4096M (100%)       4096M (100%)   
[3.335s][info][gc,heap     ] GC(11)      Free:     2854M (70%)        2854M (70%)        2854M (70%)        2854M (70%)        2854M (70%)        2848M (70%)    
[3.335s][info][gc,heap     ] GC(11)      Used:     1242M (30%)        1242M (30%)        1242M (30%)        1242M (30%)        1248M (30%)        1242M (30%)    
[3.335s][info][gc,heap     ] GC(11)      Live:         -              1102M (27%)        1102M (27%)        1102M (27%)            -                  -          
[3.335s][info][gc,heap     ] GC(11) Allocated:         -                 0M (0%)            0M (0%)            0M (0%)             -                  -          
[3.336s][info][gc,heap     ] GC(11)   Garbage:         -               139M (3%)          139M (3%)          139M (3%)             -                  -          
[3.336s][info][gc,heap     ] GC(11) Reclaimed:         -                  -                 0M (0%)            0M (0%)             -                  -          
[3.336s][info][gc          ] GC(11) Garbage Collection (Timer) 1242M(30%)->1242M(30%)
[3.612s][info][gc,start    ] GC(12) Garbage Collection (Timer)
[3.612s][info][gc,task     ] GC(12) Using 3 workers
[3.613s][info][gc,phases   ] GC(12) Pause Mark Start 0.006ms
[3.628s][info][gc,phases   ] GC(12) Concurrent Mark 15.041ms
[3.628s][info][gc,phases   ] GC(12) Pause Mark End 0.010ms
[3.628s][info][gc,phases   ] GC(12) Concurrent Mark Free 0.001ms
[3.629s][info][gc,phases   ] GC(12) Concurrent Process Non-Strong References 0.815ms
[3.629s][info][gc,phases   ] GC(12) Concurrent Reset Relocation Set 0.001ms
[3.631s][info][gc,phases   ] GC(12) Concurrent Select Relocation Set 2.135ms
[3.631s][info][gc,phases   ] GC(12) Pause Relocate Start 0.006ms
[3.633s][info][gc,phases   ] GC(12) Concurrent Relocate 1.337ms
[3.633s][info][gc,load     ] GC(12) Load: 0.00/0.00/0.00
[3.633s][info][gc,mmu      ] GC(12) MMU: 2ms/98.8%, 5ms/99.5%, 10ms/99.8%, 20ms/99.8%, 50ms/99.9%, 100ms/100.0%
[3.633s][info][gc,marking  ] GC(12) Mark: 2 stripe(s), 6 proactive flush(es), 1 terminate flush(es), 0 completion(s), 0 continuation(s) 
[3.633s][info][gc,marking  ] GC(12) Mark Stack Usage: 32M
[3.633s][info][gc,nmethod  ] GC(12) NMethods: 454 registered, 0 unregistered
[3.633s][info][gc,metaspace] GC(12) Metaspace: 1M used, 1M committed, 1088M reserved
[3.633s][info][gc,ref      ] GC(12) Soft: 181 encountered, 0 discovered, 0 enqueued
[3.633s][info][gc,ref      ] GC(12) Weak: 263 encountered, 146 discovered, 0 enqueued
[3.633s][info][gc,ref      ] GC(12) Final: 0 encountered, 0 discovered, 0 enqueued
[3.633s][info][gc,ref      ] GC(12) Phantom: 7 encountered, 5 discovered, 0 enqueued
[3.633s][info][gc,reloc    ] GC(12) Small Pages: 605 / 1210M, Empty: 0M, Relocated: 3M, In-Place: 0
[3.633s][info][gc,reloc    ] GC(12) Medium Pages: 1 / 32M, Empty: 0M, Relocated: 0M, In-Place: 0
[3.633s][info][gc,reloc    ] GC(12) Large Pages: 0 / 0M, Empty: 0M, Relocated: 0M, In-Place: 0
[3.633s][info][gc,reloc    ] GC(12) Forwarding Usage: 0M
[3.633s][info][gc,heap     ] GC(12) Min Capacity: 4096M(100%)
[3.633s][info][gc,heap     ] GC(12) Max Capacity: 4096M(100%)
[3.633s][info][gc,heap     ] GC(12) Soft Max Capacity: 4096M(100%)
[3.633s][info][gc,heap     ] GC(12)                Mark Start          Mark End        Relocate Start      Relocate End           High               Low         
[3.633s][info][gc,heap     ] GC(12)  Capacity:     4096M (100%)       4096M (100%)       4096M (100%)       4096M (100%)       4096M (100%)       4096M (100%)   
[3.633s][info][gc,heap     ] GC(12)      Free:     2854M (70%)        2854M (70%)        2854M (70%)        2854M (70%)        2854M (70%)        2848M (70%)    
[3.633s][info][gc,heap     ] GC(12)      Used:     1242M (30%)        1242M (30%)        1242M (30%)        1242M (30%)        1248M (30%)        1242M (30%)    
[3.633s][info][gc,heap     ] GC(12)      Live:         -              1102M (27%)        1102M (27%)        1102M (27%)            -                  -          
[3.633s][info][gc,heap     ] GC(12) Allocated:         -                 0M (0%)            0M (0%)            0M (0%)             -                  -          
[3.633s][info][gc,heap     ] GC(12)   Garbage:         -               139M (3%)          139M (3%)          139M (3%)             -                  -          
[3.633s][info][gc,heap     ] GC(12) Reclaimed:         -                  -                 0M (0%)            0M (0%)             -                  -          
[3.633s][info][gc          ] GC(12) Garbage Collection (Timer) 1242M(30%)->1242M(30%)
[3.912s][info][gc,start    ] GC(13) Garbage Collection (Timer)
[3.912s][info][gc,task     ] GC(13) Using 3 workers
[3.912s][info][gc,phases   ] GC(13) Pause Mark Start 0.006ms
[3.926s][info][gc,phases   ] GC(13) Concurrent Mark 13.602ms
[3.926s][info][gc,phases   ] GC(13) Pause Mark End 0.011ms
[3.926s][info][gc,phases   ] GC(13) Concurrent Mark Free 0.001ms
[3.927s][info][gc,phases   ] GC(13) Concurrent Process Non-Strong References 0.851ms
[3.927s][info][gc,phases   ] GC(13) Concurrent Reset Relocation Set 0.001ms
[3.930s][info][gc,phases   ] GC(13) Concurrent Select Relocation Set 3.055ms
[3.930s][info][gc,phases   ] GC(13) Pause Relocate Start 0.007ms
[3.932s][info][gc,phases   ] GC(13) Concurrent Relocate 1.222ms
[3.932s][info][gc,load     ] GC(13) Load: 0.00/0.00/0.00
[3.932s][info][gc,mmu      ] GC(13) MMU: 2ms/98.8%, 5ms/99.5%, 10ms/99.8%, 20ms/99.8%, 50ms/99.9%, 100ms/100.0%
[3.932s][info][gc,marking  ] GC(13) Mark: 2 stripe(s), 3 proactive flush(es), 1 terminate flush(es), 0 completion(s), 0 continuation(s) 
[3.932s][info][gc,marking  ] GC(13) Mark Stack Usage: 32M
[3.932s][info][gc,nmethod  ] GC(13) NMethods: 454 registered, 0 unregistered
[3.932s][info][gc,metaspace] GC(13) Metaspace: 1M used, 1M committed, 1088M reserved
[3.932s][info][gc,ref      ] GC(13) Soft: 181 encountered, 0 discovered, 0 enqueued
[3.932s][info][gc,ref      ] GC(13) Weak: 263 encountered, 160 discovered, 0 enqueued
[3.932s][info][gc,ref      ] GC(13) Final: 0 encountered, 0 discovered, 0 enqueued
[3.932s][info][gc,ref      ] GC(13) Phantom: 7 encountered, 4 discovered, 0 enqueued
[3.932s][info][gc,reloc    ] GC(13) Small Pages: 605 / 1210M, Empty: 0M, Relocated: 3M, In-Place: 0
[3.932s][info][gc,reloc    ] GC(13) Medium Pages: 1 / 32M, Empty: 0M, Relocated: 0M, In-Place: 0
[3.932s][info][gc,reloc    ] GC(13) Large Pages: 0 / 0M, Empty: 0M, Relocated: 0M, In-Place: 0
[3.932s][info][gc,reloc    ] GC(13) Forwarding Usage: 0M
[3.932s][info][gc,heap     ] GC(13) Min Capacity: 4096M(100%)
[3.932s][info][gc,heap     ] GC(13) Max Capacity: 4096M(100%)
[3.932s][info][gc,heap     ] GC(13) Soft Max Capacity: 4096M(100%)
[3.932s][info][gc,heap     ] GC(13)                Mark Start          Mark End        Relocate Start      Relocate End           High               Low         
[3.932s][info][gc,heap     ] GC(13)  Capacity:     4096M (100%)       4096M (100%)       4096M (100%)       4096M (100%)       4096M (100%)       4096M (100%)   
[3.932s][info][gc,heap     ] GC(13)      Free:     2854M (70%)        2854M (70%)        2854M (70%)        2854M (70%)        2854M (70%)        2848M (70%)    
[3.932s][info][gc,heap     ] GC(13)      Used:     1242M (30%)        1242M (30%)        1242M (30%)        1242M (30%)        1248M (30%)        1242M (30%)    
[3.932s][info][gc,heap     ] GC(13)      Live:         -              1102M (27%)        1102M (27%)        1102M (27%)            -                  -          
[3.932s][info][gc,heap     ] GC(13) Allocated:         -                 0M (0%)            0M (0%)            0M (0%)             -                  -          
[3.932s][info][gc,heap     ] GC(13)   Garbage:         -               139M (3%)          139M (3%)          139M (3%)             -                  -          
[3.932s][info][gc,heap     ] GC(13) Reclaimed:         -                  -                 0M (0%)            0M (0%)             -                  -          
[3.932s][info][gc          ] GC(13) Garbage Collection (Timer) 1242M(30%)->1242M(30%)
[4.211s][info][gc,start    ] GC(14) Garbage Collection (Timer)
[4.211s][info][gc,task     ] GC(14) Using 3 workers
[4.211s][info][gc,phases   ] GC(14) Pause Mark Start 0.006ms
[4.227s][info][gc,phases   ] GC(14) Concurrent Mark 15.749ms
[4.227s][info][gc,phases   ] GC(14) Pause Mark End 0.010ms
[4.228s][info][gc,phases   ] GC(14) Concurrent Mark Free 0.001ms
[4.228s][info][gc,phases   ] GC(14) Concurrent Process Non-Strong References 0.808ms
[4.228s][info][gc,phases   ] GC(14) Concurrent Reset Relocation Set 0.001ms
[4.231s][info][gc,phases   ] GC(14) Concurrent Select Relocation Set 2.249ms
[4.231s][info][gc,phases   ] GC(14) Pause Relocate Start 0.006ms
[4.234s][info][gc,phases   ] GC(14) Concurrent Relocate 3.113ms
[4.234s][info][gc,load     ] GC(14) Load: 0.00/0.00/0.00
[4.234s][info][gc,mmu      ] GC(14) MMU: 2ms/98.8%, 5ms/99.5%, 10ms/99.8%, 20ms/99.8%, 50ms/99.9%, 100ms/100.0%
[4.234s][info][gc,marking  ] GC(14) Mark: 2 stripe(s), 2 proactive flush(es), 1 terminate flush(es), 0 completion(s), 0 continuation(s) 
[4.234s][info][gc,marking  ] GC(14) Mark Stack Usage: 32M
[4.234s][info][gc,nmethod  ] GC(14) NMethods: 460 registered, 0 unregistered
[4.234s][info][gc,metaspace] GC(14) Metaspace: 1M used, 1M committed, 1088M reserved
[4.234s][info][gc,ref      ] GC(14) Soft: 181 encountered, 0 discovered, 0 enqueued
[4.234s][info][gc,ref      ] GC(14) Weak: 263 encountered, 162 discovered, 0 enqueued
[4.234s][info][gc,ref      ] GC(14) Final: 0 encountered, 0 discovered, 0 enqueued
[4.234s][info][gc,ref      ] GC(14) Phantom: 7 encountered, 4 discovered, 0 enqueued
[4.234s][info][gc,reloc    ] GC(14) Small Pages: 676 / 1352M, Empty: 0M, Relocated: 3M, In-Place: 0
[4.234s][info][gc,reloc    ] GC(14) Medium Pages: 1 / 32M, Empty: 0M, Relocated: 0M, In-Place: 0
[4.234s][info][gc,reloc    ] GC(14) Large Pages: 0 / 0M, Empty: 0M, Relocated: 0M, In-Place: 0
[4.234s][info][gc,reloc    ] GC(14) Forwarding Usage: 0M
[4.234s][info][gc,heap     ] GC(14) Min Capacity: 4096M(100%)
[4.234s][info][gc,heap     ] GC(14) Max Capacity: 4096M(100%)
[4.235s][info][gc,heap     ] GC(14) Soft Max Capacity: 4096M(100%)
[4.235s][info][gc,heap     ] GC(14)                Mark Start          Mark End        Relocate Start      Relocate End           High               Low         
[4.235s][info][gc,heap     ] GC(14)  Capacity:     4096M (100%)       4096M (100%)       4096M (100%)       4096M (100%)       4096M (100%)       4096M (100%)   
[4.235s][info][gc,heap     ] GC(14)      Free:     2712M (66%)        2710M (66%)        2710M (66%)        2710M (66%)        2712M (66%)        2704M (66%)    
[4.235s][info][gc,heap     ] GC(14)      Used:     1384M (34%)        1386M (34%)        1386M (34%)        1386M (34%)        1392M (34%)        1384M (34%)    
[4.235s][info][gc,heap     ] GC(14)      Live:         -              1231M (30%)        1231M (30%)        1231M (30%)            -                  -          
[4.235s][info][gc,heap     ] GC(14) Allocated:         -                 2M (0%)            2M (0%)            2M (0%)             -                  -          
[4.235s][info][gc,heap     ] GC(14)   Garbage:         -               152M (4%)          152M (4%)          152M (4%)             -                  -          
[4.235s][info][gc,heap     ] GC(14) Reclaimed:         -                  -                 0M (0%)            0M (0%)             -                  -          
[4.235s][info][gc          ] GC(14) Garbage Collection (Timer) 1384M(34%)->1386M(34%)
[4.512s][info][gc,start    ] GC(15) Garbage Collection (Timer)
[4.512s][info][gc,task     ] GC(15) Using 3 workers
[4.512s][info][gc,phases   ] GC(15) Pause Mark Start 0.006ms
[4.531s][info][gc,phases   ] GC(15) Concurrent Mark 18.787ms
[4.531s][info][gc,phases   ] GC(15) Pause Mark End 0.010ms
[4.531s][info][gc,phases   ] GC(15) Concurrent Mark Free 0.001ms
[4.532s][info][gc,phases   ] GC(15) Concurrent Process Non-Strong References 0.828ms
[4.532s][info][gc,phases   ] GC(15) Concurrent Reset Relocation Set 0.001ms
[4.534s][info][gc,phases   ] GC(15) Concurrent Select Relocation Set 2.108ms
[4.535s][info][gc,phases   ] GC(15) Pause Relocate Start 0.005ms
[4.538s][info][gc,phases   ] GC(15) Concurrent Relocate 3.449ms
[4.538s][info][gc,load     ] GC(15) Load: 0.00/0.00/0.00
[4.538s][info][gc,mmu      ] GC(15) MMU: 2ms/98.8%, 5ms/99.5%, 10ms/99.8%, 20ms/99.8%, 50ms/99.9%, 100ms/100.0%
[4.538s][info][gc,marking  ] GC(15) Mark: 2 stripe(s), 2 proactive flush(es), 1 terminate flush(es), 0 completion(s), 0 continuation(s) 
[4.538s][info][gc,marking  ] GC(15) Mark Stack Usage: 32M
[4.538s][info][gc,nmethod  ] GC(15) NMethods: 460 registered, 0 unregistered
[4.538s][info][gc,metaspace] GC(15) Metaspace: 1M used, 1M committed, 1088M reserved
[4.538s][info][gc,ref      ] GC(15) Soft: 181 encountered, 0 discovered, 0 enqueued
[4.538s][info][gc,ref      ] GC(15) Weak: 263 encountered, 1 discovered, 0 enqueued
[4.538s][info][gc,ref      ] GC(15) Final: 0 encountered, 0 discovered, 0 enqueued
[4.538s][info][gc,ref      ] GC(15) Phantom: 7 encountered, 5 discovered, 0 enqueued
[4.538s][info][gc,reloc    ] GC(15) Small Pages: 721 / 1442M, Empty: 0M, Relocated: 3M, In-Place: 0
[4.539s][info][gc,reloc    ] GC(15) Medium Pages: 2 / 64M, Empty: 32M, Relocated: 0M, In-Place: 0
[4.539s][info][gc,reloc    ] GC(15) Large Pages: 0 / 0M, Empty: 0M, Relocated: 0M, In-Place: 0
[4.539s][info][gc,reloc    ] GC(15) Forwarding Usage: 0M
[4.539s][info][gc,heap     ] GC(15) Min Capacity: 4096M(100%)
[4.539s][info][gc,heap     ] GC(15) Max Capacity: 4096M(100%)
[4.539s][info][gc,heap     ] GC(15) Soft Max Capacity: 4096M(100%)
[4.539s][info][gc,heap     ] GC(15)                Mark Start          Mark End        Relocate Start      Relocate End           High               Low         
[4.539s][info][gc,heap     ] GC(15)  Capacity:     4096M (100%)       4096M (100%)       4096M (100%)       4096M (100%)       4096M (100%)       4096M (100%)   
[4.539s][info][gc,heap     ] GC(15)      Free:     2590M (63%)        2588M (63%)        2618M (64%)        2618M (64%)        2618M (64%)        2586M (63%)    
[4.539s][info][gc,heap     ] GC(15)      Used:     1506M (37%)        1508M (37%)        1478M (36%)        1478M (36%)        1510M (37%)        1478M (36%)    
[4.539s][info][gc,heap     ] GC(15)      Live:         -              1314M (32%)        1314M (32%)        1314M (32%)            -                  -          
[4.539s][info][gc,heap     ] GC(15) Allocated:         -                 2M (0%)            4M (0%)            3M (0%)             -                  -          
[4.539s][info][gc,heap     ] GC(15)   Garbage:         -               191M (5%)          159M (4%)          159M (4%)             -                  -          
[4.539s][info][gc,heap     ] GC(15) Reclaimed:         -                  -                32M (1%)           31M (1%)             -                  -          
[4.539s][info][gc          ] GC(15) Garbage Collection (Timer) 1506M(37%)->1478M(36%)
[4.811s][info][gc,start    ] GC(16) Garbage Collection (Timer)
[4.811s][info][gc,task     ] GC(16) Using 3 workers
[4.811s][info][gc,phases   ] GC(16) Pause Mark Start 0.005ms
[4.828s][info][gc,phases   ] GC(16) Concurrent Mark 16.354ms
[4.828s][info][gc,phases   ] GC(16) Pause Mark End 0.009ms
[4.828s][info][gc,phases   ] GC(16) Concurrent Mark Free 0.001ms
[4.829s][info][gc,phases   ] GC(16) Concurrent Process Non-Strong References 0.513ms
[4.829s][info][gc,phases   ] GC(16) Concurrent Reset Relocation Set 0.001ms
[4.832s][info][gc,phases   ] GC(16) Concurrent Select Relocation Set 3.429ms
[4.832s][info][gc,phases   ] GC(16) Pause Relocate Start 0.005ms
[4.839s][info][gc,phases   ] GC(16) Concurrent Relocate 6.476ms
[4.839s][info][gc,load     ] GC(16) Load: 0.00/0.00/0.00
[4.839s][info][gc,mmu      ] GC(16) MMU: 2ms/98.8%, 5ms/99.5%, 10ms/99.8%, 20ms/99.8%, 50ms/99.9%, 100ms/100.0%
[4.839s][info][gc,marking  ] GC(16) Mark: 2 stripe(s), 2 proactive flush(es), 1 terminate flush(es), 0 completion(s), 0 continuation(s) 
[4.839s][info][gc,marking  ] GC(16) Mark Stack Usage: 32M
[4.839s][info][gc,nmethod  ] GC(16) NMethods: 460 registered, 0 unregistered
[4.839s][info][gc,metaspace] GC(16) Metaspace: 1M used, 1M committed, 1088M reserved
[4.839s][info][gc,ref      ] GC(16) Soft: 181 encountered, 0 discovered, 0 enqueued
[4.839s][info][gc,ref      ] GC(16) Weak: 263 encountered, 0 discovered, 0 enqueued
[4.839s][info][gc,ref      ] GC(16) Final: 0 encountered, 0 discovered, 0 enqueued
[4.839s][info][gc,ref      ] GC(16) Phantom: 7 encountered, 2 discovered, 0 enqueued
[4.839s][info][gc,reloc    ] GC(16) Small Pages: 765 / 1530M, Empty: 0M, Relocated: 5M, In-Place: 0
[4.839s][info][gc,reloc    ] GC(16) Medium Pages: 1 / 32M, Empty: 0M, Relocated: 0M, In-Place: 0
[4.839s][info][gc,reloc    ] GC(16) Large Pages: 0 / 0M, Empty: 0M, Relocated: 0M, In-Place: 0
[4.839s][info][gc,reloc    ] GC(16) Forwarding Usage: 0M
[4.839s][info][gc,heap     ] GC(16) Min Capacity: 4096M(100%)
[4.839s][info][gc,heap     ] GC(16) Max Capacity: 4096M(100%)
[4.839s][info][gc,heap     ] GC(16) Soft Max Capacity: 4096M(100%)
[4.840s][info][gc,heap     ] GC(16)                Mark Start          Mark End        Relocate Start      Relocate End           High               Low         
[4.840s][info][gc,heap     ] GC(16)  Capacity:     4096M (100%)       4096M (100%)       4096M (100%)       4096M (100%)       4096M (100%)       4096M (100%)   
[4.840s][info][gc,heap     ] GC(16)      Free:     2534M (62%)        2532M (62%)        2530M (62%)        2530M (62%)        2534M (62%)        2524M (62%)    
[4.840s][info][gc,heap     ] GC(16)      Used:     1562M (38%)        1564M (38%)        1566M (38%)        1566M (38%)        1572M (38%)        1562M (38%)    
[4.840s][info][gc,heap     ] GC(16)      Live:         -              1393M (34%)        1393M (34%)        1393M (34%)            -                  -          
[4.840s][info][gc,heap     ] GC(16) Allocated:         -                 2M (0%)            4M (0%)            5M (0%)             -                  -          
[4.840s][info][gc,heap     ] GC(16)   Garbage:         -               168M (4%)          168M (4%)          166M (4%)             -                  -          
[4.840s][info][gc,heap     ] GC(16) Reclaimed:         -                  -                 0M (0%)            1M (0%)             -                  -          
[4.840s][info][gc          ] GC(16) Garbage Collection (Timer) 1562M(38%)->1566M(38%)
[5.113s][info][gc,start    ] GC(17) Garbage Collection (Timer)
[5.113s][info][gc,task     ] GC(17) Using 3 workers
[5.113s][info][gc,phases   ] GC(17) Pause Mark Start 0.006ms
[5.131s][info][gc,phases   ] GC(17) Concurrent Mark 17.770ms
[5.131s][info][gc,phases   ] GC(17) Pause Mark End 0.011ms
[5.131s][info][gc,phases   ] GC(17) Concurrent Mark Free 0.001ms
[5.132s][info][gc,phases   ] GC(17) Concurrent Process Non-Strong References 0.682ms
[5.132s][info][gc,phases   ] GC(17) Concurrent Reset Relocation Set 0.001ms
[5.134s][info][gc,phases   ] GC(17) Concurrent Select Relocation Set 2.385ms
[5.134s][info][gc,phases   ] GC(17) Pause Relocate Start 0.007ms
[5.137s][info][gc,phases   ] GC(17) Concurrent Relocate 2.653ms
[5.137s][info][gc,load     ] GC(17) Load: 0.00/0.00/0.00
[5.137s][info][gc,mmu      ] GC(17) MMU: 2ms/98.8%, 5ms/99.5%, 10ms/99.8%, 20ms/99.8%, 50ms/99.9%, 100ms/100.0%
[5.137s][info][gc,marking  ] GC(17) Mark: 2 stripe(s), 2 proactive flush(es), 1 terminate flush(es), 0 completion(s), 0 continuation(s) 
[5.137s][info][gc,marking  ] GC(17) Mark Stack Usage: 32M
[5.137s][info][gc,nmethod  ] GC(17) NMethods: 460 registered, 0 unregistered
[5.137s][info][gc,metaspace] GC(17) Metaspace: 1M used, 1M committed, 1088M reserved
[5.137s][info][gc,ref      ] GC(17) Soft: 181 encountered, 0 discovered, 0 enqueued
[5.137s][info][gc,ref      ] GC(17) Weak: 263 encountered, 161 discovered, 0 enqueued
[5.137s][info][gc,ref      ] GC(17) Final: 0 encountered, 0 discovered, 0 enqueued
[5.137s][info][gc,ref      ] GC(17) Phantom: 7 encountered, 4 discovered, 0 enqueued
[5.137s][info][gc,reloc    ] GC(17) Small Pages: 806 / 1612M, Empty: 0M, Relocated: 1M, In-Place: 0
[5.137s][info][gc,reloc    ] GC(17) Medium Pages: 1 / 32M, Empty: 0M, Relocated: 0M, In-Place: 0
[5.137s][info][gc,reloc    ] GC(17) Large Pages: 0 / 0M, Empty: 0M, Relocated: 0M, In-Place: 0
[5.137s][info][gc,reloc    ] GC(17) Forwarding Usage: 0M
[5.137s][info][gc,heap     ] GC(17) Min Capacity: 4096M(100%)
[5.137s][info][gc,heap     ] GC(17) Max Capacity: 4096M(100%)
[5.137s][info][gc,heap     ] GC(17) Soft Max Capacity: 4096M(100%)
[5.137s][info][gc,heap     ] GC(17)                Mark Start          Mark End        Relocate Start      Relocate End           High               Low         
[5.138s][info][gc,heap     ] GC(17)  Capacity:     4096M (100%)       4096M (100%)       4096M (100%)       4096M (100%)       4096M (100%)       4096M (100%)   
[5.138s][info][gc,heap     ] GC(17)      Free:     2452M (60%)        2450M (60%)        2448M (60%)        2448M (60%)        2452M (60%)        2442M (60%)    
[5.138s][info][gc,heap     ] GC(17)      Used:     1644M (40%)        1646M (40%)        1648M (40%)        1648M (40%)        1654M (40%)        1644M (40%)    
[5.138s][info][gc,heap     ] GC(17)      Live:         -              1468M (36%)        1468M (36%)        1468M (36%)            -                  -          
[5.138s][info][gc,heap     ] GC(17) Allocated:         -                 2M (0%)            4M (0%)            4M (0%)             -                  -          
[5.138s][info][gc,heap     ] GC(17)   Garbage:         -               175M (4%)          175M (4%)          175M (4%)             -                  -          
[5.138s][info][gc,heap     ] GC(17) Reclaimed:         -                  -                 0M (0%)            0M (0%)             -                  -          
[5.138s][info][gc          ] GC(17) Garbage Collection (Timer) 1644M(40%)->1648M(40%)
[5.412s][info][gc,start    ] GC(18) Garbage Collection (Timer)
[5.412s][info][gc,task     ] GC(18) Using 3 workers
[5.412s][info][gc,phases   ] GC(18) Pause Mark Start 0.006ms
[5.430s][info][gc,phases   ] GC(18) Concurrent Mark 17.776ms
[5.430s][info][gc,phases   ] GC(18) Pause Mark End 0.012ms
[5.430s][info][gc,phases   ] GC(18) Concurrent Mark Free 0.001ms
[5.431s][info][gc,phases   ] GC(18) Concurrent Process Non-Strong References 0.798ms
[5.431s][info][gc,phases   ] GC(18) Concurrent Reset Relocation Set 0.002ms
[5.435s][info][gc,phases   ] GC(18) Concurrent Select Relocation Set 3.560ms
[5.435s][info][gc,phases   ] GC(18) Pause Relocate Start 0.008ms
[5.438s][info][gc,phases   ] GC(18) Concurrent Relocate 2.147ms
[5.438s][info][gc,load     ] GC(18) Load: 0.00/0.00/0.00
[5.438s][info][gc,mmu      ] GC(18) MMU: 2ms/98.8%, 5ms/99.5%, 10ms/99.8%, 20ms/99.8%, 50ms/99.9%, 100ms/100.0%
[5.438s][info][gc,marking  ] GC(18) Mark: 2 stripe(s), 2 proactive flush(es), 1 terminate flush(es), 0 completion(s), 0 continuation(s) 
[5.438s][info][gc,marking  ] GC(18) Mark Stack Usage: 32M
[5.438s][info][gc,nmethod  ] GC(18) NMethods: 460 registered, 0 unregistered
[5.438s][info][gc,metaspace] GC(18) Metaspace: 1M used, 1M committed, 1088M reserved
[5.438s][info][gc,ref      ] GC(18) Soft: 181 encountered, 0 discovered, 0 enqueued
[5.438s][info][gc,ref      ] GC(18) Weak: 263 encountered, 160 discovered, 0 enqueued
[5.438s][info][gc,ref      ] GC(18) Final: 0 encountered, 0 discovered, 0 enqueued
[5.438s][info][gc,ref      ] GC(18) Phantom: 7 encountered, 3 discovered, 0 enqueued
[5.438s][info][gc,reloc    ] GC(18) Small Pages: 839 / 1678M, Empty: 0M, Relocated: 1M, In-Place: 0
[5.438s][info][gc,reloc    ] GC(18) Medium Pages: 1 / 32M, Empty: 0M, Relocated: 0M, In-Place: 0
[5.438s][info][gc,reloc    ] GC(18) Large Pages: 0 / 0M, Empty: 0M, Relocated: 0M, In-Place: 0
[5.438s][info][gc,reloc    ] GC(18) Forwarding Usage: 0M
[5.438s][info][gc,heap     ] GC(18) Min Capacity: 4096M(100%)
[5.438s][info][gc,heap     ] GC(18) Max Capacity: 4096M(100%)
[5.438s][info][gc,heap     ] GC(18) Soft Max Capacity: 4096M(100%)
[5.438s][info][gc,heap     ] GC(18)                Mark Start          Mark End        Relocate Start      Relocate End           High               Low         
[5.438s][info][gc,heap     ] GC(18)  Capacity:     4096M (100%)       4096M (100%)       4096M (100%)       4096M (100%)       4096M (100%)       4096M (100%)   
[5.438s][info][gc,heap     ] GC(18)      Free:     2386M (58%)        2384M (58%)        2384M (58%)        2384M (58%)        2386M (58%)        2378M (58%)    
[5.438s][info][gc,heap     ] GC(18)      Used:     1710M (42%)        1712M (42%)        1712M (42%)        1712M (42%)        1718M (42%)        1710M (42%)    
[5.438s][info][gc,heap     ] GC(18)      Live:         -              1528M (37%)        1528M (37%)        1528M (37%)            -                  -          
[5.438s][info][gc,heap     ] GC(18) Allocated:         -                 2M (0%)            2M (0%)            2M (0%)             -                  -          
[5.438s][info][gc,heap     ] GC(18)   Garbage:         -               181M (4%)          181M (4%)          181M (4%)             -                  -          
[5.438s][info][gc,heap     ] GC(18) Reclaimed:         -                  -                 0M (0%)            0M (0%)             -                  -          
[5.438s][info][gc          ] GC(18) Garbage Collection (Timer) 1710M(42%)->1712M(42%)
[5.713s][info][gc,start    ] GC(19) Garbage Collection (Timer)
[5.713s][info][gc,task     ] GC(19) Using 3 workers
[5.713s][info][gc,phases   ] GC(19) Pause Mark Start 0.006ms
[5.732s][info][gc,phases   ] GC(19) Concurrent Mark 19.200ms
[5.732s][info][gc,phases   ] GC(19) Pause Mark End 0.010ms
[5.732s][info][gc,phases   ] GC(19) Concurrent Mark Free 0.001ms
[5.733s][info][gc,phases   ] GC(19) Concurrent Process Non-Strong References 0.986ms
[5.733s][info][gc,phases   ] GC(19) Concurrent Reset Relocation Set 0.001ms
[5.736s][info][gc,phases   ] GC(19) Concurrent Select Relocation Set 2.684ms
[5.736s][info][gc,phases   ] GC(19) Pause Relocate Start 0.008ms
[5.740s][info][gc,phases   ] GC(19) Concurrent Relocate 3.231ms
[5.740s][info][gc,load     ] GC(19) Load: 0.00/0.00/0.00
[5.740s][info][gc,mmu      ] GC(19) MMU: 2ms/98.8%, 5ms/99.5%, 10ms/99.8%, 20ms/99.8%, 50ms/99.9%, 100ms/100.0%
[5.740s][info][gc,marking  ] GC(19) Mark: 2 stripe(s), 2 proactive flush(es), 1 terminate flush(es), 0 completion(s), 0 continuation(s) 
[5.740s][info][gc,marking  ] GC(19) Mark Stack Usage: 32M
[5.740s][info][gc,nmethod  ] GC(19) NMethods: 460 registered, 0 unregistered
[5.740s][info][gc,metaspace] GC(19) Metaspace: 1M used, 1M committed, 1088M reserved
[5.740s][info][gc,ref      ] GC(19) Soft: 181 encountered, 0 discovered, 0 enqueued
[5.740s][info][gc,ref      ] GC(19) Weak: 263 encountered, 162 discovered, 0 enqueued
[5.740s][info][gc,ref      ] GC(19) Final: 0 encountered, 0 discovered, 0 enqueued
[5.740s][info][gc,ref      ] GC(19) Phantom: 7 encountered, 5 discovered, 0 enqueued
[5.740s][info][gc,reloc    ] GC(19) Small Pages: 872 / 1744M, Empty: 0M, Relocated: 1M, In-Place: 0
[5.740s][info][gc,reloc    ] GC(19) Medium Pages: 1 / 32M, Empty: 0M, Relocated: 0M, In-Place: 0
[5.740s][info][gc,reloc    ] GC(19) Large Pages: 0 / 0M, Empty: 0M, Relocated: 0M, In-Place: 0
[5.740s][info][gc,reloc    ] GC(19) Forwarding Usage: 0M
[5.740s][info][gc,heap     ] GC(19) Min Capacity: 4096M(100%)
[5.740s][info][gc,heap     ] GC(19) Max Capacity: 4096M(100%)
[5.740s][info][gc,heap     ] GC(19) Soft Max Capacity: 4096M(100%)
[5.740s][info][gc,heap     ] GC(19)                Mark Start          Mark End        Relocate Start      Relocate End           High               Low         
[5.740s][info][gc,heap     ] GC(19)  Capacity:     4096M (100%)       4096M (100%)       4096M (100%)       4096M (100%)       4096M (100%)       4096M (100%)   
[5.740s][info][gc,heap     ] GC(19)      Free:     2320M (57%)        2318M (57%)        2318M (57%)        2316M (57%)        2320M (57%)        2312M (56%)    
[5.740s][info][gc,heap     ] GC(19)      Used:     1776M (43%)        1778M (43%)        1778M (43%)        1780M (43%)        1784M (44%)        1776M (43%)    
[5.740s][info][gc,heap     ] GC(19)      Live:         -              1588M (39%)        1588M (39%)        1588M (39%)            -                  -          
[5.740s][info][gc,heap     ] GC(19) Allocated:         -                 2M (0%)            2M (0%)            4M (0%)             -                  -          
[5.740s][info][gc,heap     ] GC(19)   Garbage:         -               187M (5%)          187M (5%)          187M (5%)             -                  -          
[5.740s][info][gc,heap     ] GC(19) Reclaimed:         -                  -                 0M (0%)            0M (0%)             -                  -          
[5.741s][info][gc          ] GC(19) Garbage Collection (Timer) 1776M(43%)->1780M(43%)
[6.012s][info][gc,start    ] GC(20) Garbage Collection (Timer)
[6.012s][info][gc,task     ] GC(20) Using 3 workers
[6.012s][info][gc,phases   ] GC(20) Pause Mark Start 0.007ms
[6.029s][info][gc,phases   ] GC(20) Concurrent Mark 17.299ms
[6.030s][info][gc,phases   ] GC(20) Pause Mark End 0.009ms
[6.030s][info][gc,phases   ] GC(20) Concurrent Mark Free 0.001ms
[6.030s][info][gc,phases   ] GC(20) Concurrent Process Non-Strong References 0.744ms
[6.031s][info][gc,phases   ] GC(20) Concurrent Reset Relocation Set 0.001ms
[6.034s][info][gc,phases   ] GC(20) Concurrent Select Relocation Set 3.002ms
[6.034s][info][gc,phases   ] GC(20) Pause Relocate Start 0.007ms
[6.040s][info][gc,phases   ] GC(20) Concurrent Relocate 5.930ms
[6.040s][info][gc,load     ] GC(20) Load: 0.00/0.00/0.00
[6.040s][info][gc,mmu      ] GC(20) MMU: 2ms/98.8%, 5ms/99.5%, 10ms/99.8%, 20ms/99.8%, 50ms/99.9%, 100ms/100.0%
[6.040s][info][gc,marking  ] GC(20) Mark: 2 stripe(s), 3 proactive flush(es), 1 terminate flush(es), 0 completion(s), 0 continuation(s) 
[6.040s][info][gc,marking  ] GC(20) Mark Stack Usage: 32M
[6.040s][info][gc,nmethod  ] GC(20) NMethods: 460 registered, 0 unregistered
[6.040s][info][gc,metaspace] GC(20) Metaspace: 1M used, 1M committed, 1088M reserved
[6.040s][info][gc,ref      ] GC(20) Soft: 181 encountered, 0 discovered, 0 enqueued
[6.040s][info][gc,ref      ] GC(20) Weak: 263 encountered, 161 discovered, 0 enqueued
[6.040s][info][gc,ref      ] GC(20) Final: 0 encountered, 0 discovered, 0 enqueued
[6.040s][info][gc,ref      ] GC(20) Phantom: 7 encountered, 4 discovered, 0 enqueued
[6.040s][info][gc,reloc    ] GC(20) Small Pages: 899 / 1798M, Empty: 0M, Relocated: 5M, In-Place: 0
[6.040s][info][gc,reloc    ] GC(20) Medium Pages: 1 / 32M, Empty: 0M, Relocated: 0M, In-Place: 0
[6.040s][info][gc,reloc    ] GC(20) Large Pages: 0 / 0M, Empty: 0M, Relocated: 0M, In-Place: 0
[6.040s][info][gc,reloc    ] GC(20) Forwarding Usage: 0M
[6.040s][info][gc,heap     ] GC(20) Min Capacity: 4096M(100%)
[6.040s][info][gc,heap     ] GC(20) Max Capacity: 4096M(100%)
[6.040s][info][gc,heap     ] GC(20) Soft Max Capacity: 4096M(100%)
[6.041s][info][gc,heap     ] GC(20)                Mark Start          Mark End        Relocate Start      Relocate End           High               Low         
[6.041s][info][gc,heap     ] GC(20)  Capacity:     4096M (100%)       4096M (100%)       4096M (100%)       4096M (100%)       4096M (100%)       4096M (100%)   
[6.041s][info][gc,heap     ] GC(20)      Free:     2266M (55%)        2264M (55%)        2264M (55%)        2268M (55%)        2268M (55%)        2258M (55%)    
[6.041s][info][gc,heap     ] GC(20)      Used:     1830M (45%)        1832M (45%)        1832M (45%)        1828M (45%)        1838M (45%)        1828M (45%)    
[6.041s][info][gc,heap     ] GC(20)      Live:         -              1637M (40%)        1637M (40%)        1637M (40%)            -                  -          
[6.041s][info][gc,heap     ] GC(20) Allocated:         -                 2M (0%)            2M (0%)            1M (0%)             -                  -          
[6.041s][info][gc,heap     ] GC(20)   Garbage:         -               192M (5%)          192M (5%)          188M (5%)             -                  -          
[6.041s][info][gc,heap     ] GC(20) Reclaimed:         -                  -                 0M (0%)            3M (0%)             -                  -          
[6.041s][info][gc          ] GC(20) Garbage Collection (Timer) 1830M(45%)->1828M(45%)
[6.311s][info][gc,start    ] GC(21) Garbage Collection (Timer)
[6.312s][info][gc,task     ] GC(21) Using 3 workers
[6.312s][info][gc,phases   ] GC(21) Pause Mark Start 0.006ms
[6.327s][info][gc,phases   ] GC(21) Concurrent Mark 15.123ms
[6.327s][info][gc,phases   ] GC(21) Pause Mark End 0.010ms
[6.327s][info][gc,phases   ] GC(21) Concurrent Mark Free 0.001ms
[6.328s][info][gc,phases   ] GC(21) Concurrent Process Non-Strong References 0.696ms
[6.328s][info][gc,phases   ] GC(21) Concurrent Reset Relocation Set 0.001ms
[6.331s][info][gc,phases   ] GC(21) Concurrent Select Relocation Set 3.650ms
[6.332s][info][gc,phases   ] GC(21) Pause Relocate Start 0.005ms
[6.335s][info][gc,phases   ] GC(21) Concurrent Relocate 3.759ms
[6.335s][info][gc,load     ] GC(21) Load: 0.00/0.00/0.00
[6.335s][info][gc,mmu      ] GC(21) MMU: 2ms/98.8%, 5ms/99.5%, 10ms/99.8%, 20ms/99.8%, 50ms/99.9%, 100ms/100.0%
[6.335s][info][gc,marking  ] GC(21) Mark: 2 stripe(s), 6 proactive flush(es), 1 terminate flush(es), 0 completion(s), 0 continuation(s) 
[6.335s][info][gc,marking  ] GC(21) Mark Stack Usage: 32M
[6.336s][info][gc,nmethod  ] GC(21) NMethods: 460 registered, 0 unregistered
[6.336s][info][gc,metaspace] GC(21) Metaspace: 1M used, 1M committed, 1088M reserved
[6.336s][info][gc,ref      ] GC(21) Soft: 181 encountered, 0 discovered, 0 enqueued
[6.336s][info][gc,ref      ] GC(21) Weak: 263 encountered, 17 discovered, 0 enqueued
[6.336s][info][gc,ref      ] GC(21) Final: 0 encountered, 0 discovered, 0 enqueued
[6.336s][info][gc,ref      ] GC(21) Phantom: 7 encountered, 3 discovered, 0 enqueued
[6.336s][info][gc,reloc    ] GC(21) Small Pages: 905 / 1810M, Empty: 0M, Relocated: 3M, In-Place: 0
[6.336s][info][gc,reloc    ] GC(21) Medium Pages: 1 / 32M, Empty: 0M, Relocated: 0M, In-Place: 0
[6.336s][info][gc,reloc    ] GC(21) Large Pages: 0 / 0M, Empty: 0M, Relocated: 0M, In-Place: 0
[6.336s][info][gc,reloc    ] GC(21) Forwarding Usage: 0M
[6.336s][info][gc,heap     ] GC(21) Min Capacity: 4096M(100%)
[6.336s][info][gc,heap     ] GC(21) Max Capacity: 4096M(100%)
[6.336s][info][gc,heap     ] GC(21) Soft Max Capacity: 4096M(100%)
[6.336s][info][gc,heap     ] GC(21)                Mark Start          Mark End        Relocate Start      Relocate End           High               Low         
[6.336s][info][gc,heap     ] GC(21)  Capacity:     4096M (100%)       4096M (100%)       4096M (100%)       4096M (100%)       4096M (100%)       4096M (100%)   
[6.336s][info][gc,heap     ] GC(21)      Free:     2254M (55%)        2254M (55%)        2254M (55%)        2256M (55%)        2256M (55%)        2248M (55%)    
[6.336s][info][gc,heap     ] GC(21)      Used:     1842M (45%)        1842M (45%)        1842M (45%)        1840M (45%)        1848M (45%)        1840M (45%)    
[6.336s][info][gc,heap     ] GC(21)      Live:         -              1650M (40%)        1650M (40%)        1650M (40%)            -                  -          
[6.336s][info][gc,heap     ] GC(21) Allocated:         -                 0M (0%)            0M (0%)            0M (0%)             -                  -          
[6.336s][info][gc,heap     ] GC(21)   Garbage:         -               191M (5%)          191M (5%)          189M (5%)             -                  -          
[6.336s][info][gc,heap     ] GC(21) Reclaimed:         -                  -                 0M (0%)            2M (0%)             -                  -          
[6.336s][info][gc          ] GC(21) Garbage Collection (Timer) 1842M(45%)->1840M(45%)
[6.612s][info][gc,start    ] GC(22) Garbage Collection (Timer)
[6.612s][info][gc,task     ] GC(22) Using 3 workers
[6.613s][info][gc,phases   ] GC(22) Pause Mark Start 0.005ms
[6.626s][info][gc,phases   ] GC(22) Concurrent Mark 12.949ms
[6.626s][info][gc,phases   ] GC(22) Pause Mark End 0.010ms
[6.626s][info][gc,phases   ] GC(22) Concurrent Mark Free 0.001ms
[6.627s][info][gc,phases   ] GC(22) Concurrent Process Non-Strong References 0.848ms
[6.627s][info][gc,phases   ] GC(22) Concurrent Reset Relocation Set 0.001ms
[6.629s][info][gc,phases   ] GC(22) Concurrent Select Relocation Set 2.120ms
[6.629s][info][gc,phases   ] GC(22) Pause Relocate Start 0.006ms
[6.629s][info][gc,phases   ] GC(22) Concurrent Relocate 0.102ms
[6.629s][info][gc,load     ] GC(22) Load: 0.00/0.00/0.00
[6.629s][info][gc,mmu      ] GC(22) MMU: 2ms/98.8%, 5ms/99.5%, 10ms/99.8%, 20ms/99.8%, 50ms/99.9%, 100ms/100.0%
[6.629s][info][gc,marking  ] GC(22) Mark: 2 stripe(s), 1 proactive flush(es), 1 terminate flush(es), 0 completion(s), 0 continuation(s) 
[6.629s][info][gc,marking  ] GC(22) Mark Stack Usage: 32M
[6.629s][info][gc,nmethod  ] GC(22) NMethods: 460 registered, 0 unregistered
[6.629s][info][gc,metaspace] GC(22) Metaspace: 1M used, 1M committed, 1088M reserved
[6.629s][info][gc,ref      ] GC(22) Soft: 181 encountered, 0 discovered, 0 enqueued
[6.629s][info][gc,ref      ] GC(22) Weak: 263 encountered, 75 discovered, 0 enqueued
[6.630s][info][gc,ref      ] GC(22) Final: 0 encountered, 0 discovered, 0 enqueued
[6.630s][info][gc,ref      ] GC(22) Phantom: 7 encountered, 2 discovered, 0 enqueued
[6.630s][info][gc,reloc    ] GC(22) Small Pages: 904 / 1808M, Empty: 0M, Relocated: 0M, In-Place: 0
[6.630s][info][gc,reloc    ] GC(22) Medium Pages: 1 / 32M, Empty: 0M, Relocated: 0M, In-Place: 0
[6.630s][info][gc,reloc    ] GC(22) Large Pages: 0 / 0M, Empty: 0M, Relocated: 0M, In-Place: 0
[6.630s][info][gc,reloc    ] GC(22) Forwarding Usage: 0M
[6.630s][info][gc,heap     ] GC(22) Min Capacity: 4096M(100%)
[6.630s][info][gc,heap     ] GC(22) Max Capacity: 4096M(100%)
[6.630s][info][gc,heap     ] GC(22) Soft Max Capacity: 4096M(100%)
[6.630s][info][gc,heap     ] GC(22)                Mark Start          Mark End        Relocate Start      Relocate End           High               Low         
[6.630s][info][gc,heap     ] GC(22)  Capacity:     4096M (100%)       4096M (100%)       4096M (100%)       4096M (100%)       4096M (100%)       4096M (100%)   
[6.630s][info][gc,heap     ] GC(22)      Free:     2256M (55%)        2256M (55%)        2256M (55%)        2256M (55%)        2256M (55%)        2256M (55%)    
[6.630s][info][gc,heap     ] GC(22)      Used:     1840M (45%)        1840M (45%)        1840M (45%)        1840M (45%)        1840M (45%)        1840M (45%)    
[6.630s][info][gc,heap     ] GC(22)      Live:         -              1650M (40%)        1650M (40%)        1650M (40%)            -                  -          
[6.630s][info][gc,heap     ] GC(22) Allocated:         -                 0M (0%)            0M (0%)            0M (0%)             -                  -          
[6.630s][info][gc,heap     ] GC(22)   Garbage:         -               189M (5%)          189M (5%)          189M (5%)             -                  -          
[6.630s][info][gc,heap     ] GC(22) Reclaimed:         -                  -                 0M (0%)            0M (0%)             -                  -          
[6.630s][info][gc          ] GC(22) Garbage Collection (Timer) 1840M(45%)->1840M(45%)
[6.912s][info][gc,start    ] GC(23) Garbage Collection (Timer)
[6.912s][info][gc,task     ] GC(23) Using 3 workers
[6.912s][info][gc,phases   ] GC(23) Pause Mark Start 0.007ms
[6.926s][info][gc,phases   ] GC(23) Concurrent Mark 13.561ms
[6.926s][info][gc,phases   ] GC(23) Pause Mark End 0.011ms
[6.926s][info][gc,phases   ] GC(23) Concurrent Mark Free 0.001ms
[6.927s][info][gc,phases   ] GC(23) Concurrent Process Non-Strong References 0.847ms
[6.927s][info][gc,phases   ] GC(23) Concurrent Reset Relocation Set 0.000ms
[6.929s][info][gc,phases   ] GC(23) Concurrent Select Relocation Set 2.126ms
[6.929s][info][gc,phases   ] GC(23) Pause Relocate Start 0.004ms
[6.929s][info][gc,phases   ] GC(23) Concurrent Relocate 0.103ms
[6.929s][info][gc,load     ] GC(23) Load: 0.00/0.00/0.00
[6.929s][info][gc,mmu      ] GC(23) MMU: 2ms/98.8%, 5ms/99.5%, 10ms/99.8%, 20ms/99.8%, 50ms/99.9%, 100ms/100.0%
[6.929s][info][gc,marking  ] GC(23) Mark: 2 stripe(s), 1 proactive flush(es), 1 terminate flush(es), 0 completion(s), 0 continuation(s) 
[6.929s][info][gc,marking  ] GC(23) Mark Stack Usage: 32M
[6.929s][info][gc,nmethod  ] GC(23) NMethods: 460 registered, 0 unregistered
[6.929s][info][gc,metaspace] GC(23) Metaspace: 1M used, 1M committed, 1088M reserved
[6.929s][info][gc,ref      ] GC(23) Soft: 181 encountered, 0 discovered, 0 enqueued
[6.929s][info][gc,ref      ] GC(23) Weak: 263 encountered, 158 discovered, 0 enqueued
[6.929s][info][gc,ref      ] GC(23) Final: 0 encountered, 0 discovered, 0 enqueued
[6.929s][info][gc,ref      ] GC(23) Phantom: 7 encountered, 3 discovered, 0 enqueued
[6.929s][info][gc,reloc    ] GC(23) Small Pages: 904 / 1808M, Empty: 0M, Relocated: 0M, In-Place: 0
[6.929s][info][gc,reloc    ] GC(23) Medium Pages: 1 / 32M, Empty: 0M, Relocated: 0M, In-Place: 0
[6.930s][info][gc,reloc    ] GC(23) Large Pages: 0 / 0M, Empty: 0M, Relocated: 0M, In-Place: 0
[6.930s][info][gc,reloc    ] GC(23) Forwarding Usage: 0M
[6.930s][info][gc,heap     ] GC(23) Min Capacity: 4096M(100%)
[6.930s][info][gc,heap     ] GC(23) Max Capacity: 4096M(100%)
[6.930s][info][gc,heap     ] GC(23) Soft Max Capacity: 4096M(100%)
[6.930s][info][gc,heap     ] GC(23)                Mark Start          Mark End        Relocate Start      Relocate End           High               Low         
[6.930s][info][gc,heap     ] GC(23)  Capacity:     4096M (100%)       4096M (100%)       4096M (100%)       4096M (100%)       4096M (100%)       4096M (100%)   
[6.930s][info][gc,heap     ] GC(23)      Free:     2256M (55%)        2256M (55%)        2256M (55%)        2256M (55%)        2256M (55%)        2256M (55%)    
[6.930s][info][gc,heap     ] GC(23)      Used:     1840M (45%)        1840M (45%)        1840M (45%)        1840M (45%)        1840M (45%)        1840M (45%)    
[6.930s][info][gc,heap     ] GC(23)      Live:         -              1650M (40%)        1650M (40%)        1650M (40%)            -                  -          
[6.930s][info][gc,heap     ] GC(23) Allocated:         -                 0M (0%)            0M (0%)            0M (0%)             -                  -          
[6.930s][info][gc,heap     ] GC(23)   Garbage:         -               189M (5%)          189M (5%)          189M (5%)             -                  -          
[6.930s][info][gc,heap     ] GC(23) Reclaimed:         -                  -                 0M (0%)            0M (0%)             -                  -          
[6.930s][info][gc          ] GC(23) Garbage Collection (Timer) 1840M(45%)->1840M(45%)
[7.212s][info][gc,start    ] GC(24) Garbage Collection (Timer)
[7.212s][info][gc,task     ] GC(24) Using 3 workers
[7.212s][info][gc,phases   ] GC(24) Pause Mark Start 0.006ms
[7.224s][info][gc,phases   ] GC(24) Concurrent Mark 11.741ms
[7.224s][info][gc,phases   ] GC(24) Pause Mark End 0.009ms
[7.224s][info][gc,phases   ] GC(24) Concurrent Mark Free 0.001ms
[7.225s][info][gc,phases   ] GC(24) Concurrent Process Non-Strong References 0.684ms
[7.225s][info][gc,phases   ] GC(24) Concurrent Reset Relocation Set 0.000ms
[7.227s][info][gc,phases   ] GC(24) Concurrent Select Relocation Set 2.297ms
[7.228s][info][gc,phases   ] GC(24) Pause Relocate Start 0.006ms
[7.230s][info][gc,phases   ] GC(24) Concurrent Relocate 2.730ms
[7.231s][info][gc,load     ] GC(24) Load: 0.00/0.00/0.00
[7.231s][info][gc,mmu      ] GC(24) MMU: 2ms/98.8%, 5ms/99.5%, 10ms/99.8%, 20ms/99.8%, 50ms/99.9%, 100ms/100.0%
[7.231s][info][gc,marking  ] GC(24) Mark: 2 stripe(s), 2 proactive flush(es), 1 terminate flush(es), 0 completion(s), 0 continuation(s) 
[7.231s][info][gc,marking  ] GC(24) Mark Stack Usage: 32M
[7.231s][info][gc,nmethod  ] GC(24) NMethods: 470 registered, 0 unregistered
[7.231s][info][gc,metaspace] GC(24) Metaspace: 1M used, 1M committed, 1088M reserved
[7.231s][info][gc,ref      ] GC(24) Soft: 181 encountered, 0 discovered, 0 enqueued
[7.231s][info][gc,ref      ] GC(24) Weak: 263 encountered, 160 discovered, 0 enqueued
[7.231s][info][gc,ref      ] GC(24) Final: 0 encountered, 0 discovered, 0 enqueued
[7.231s][info][gc,ref      ] GC(24) Phantom: 7 encountered, 2 discovered, 0 enqueued
[7.231s][info][gc,reloc    ] GC(24) Small Pages: 923 / 1846M, Empty: 0M, Relocated: 1M, In-Place: 0
[7.231s][info][gc,reloc    ] GC(24) Medium Pages: 1 / 32M, Empty: 0M, Relocated: 0M, In-Place: 0
[7.231s][info][gc,reloc    ] GC(24) Large Pages: 0 / 0M, Empty: 0M, Relocated: 0M, In-Place: 0
[7.231s][info][gc,reloc    ] GC(24) Forwarding Usage: 0M
[7.231s][info][gc,heap     ] GC(24) Min Capacity: 4096M(100%)
[7.231s][info][gc,heap     ] GC(24) Max Capacity: 4096M(100%)
[7.231s][info][gc,heap     ] GC(24) Soft Max Capacity: 4096M(100%)
[7.231s][info][gc,heap     ] GC(24)                Mark Start          Mark End        Relocate Start      Relocate End           High               Low         
[7.231s][info][gc,heap     ] GC(24)  Capacity:     4096M (100%)       4096M (100%)       4096M (100%)       4096M (100%)       4096M (100%)       4096M (100%)   
[7.231s][info][gc,heap     ] GC(24)      Free:     2218M (54%)        2216M (54%)        2214M (54%)        2214M (54%)        2218M (54%)        2210M (54%)    
[7.231s][info][gc,heap     ] GC(24)      Used:     1878M (46%)        1880M (46%)        1882M (46%)        1882M (46%)        1886M (46%)        1878M (46%)    
[7.231s][info][gc,heap     ] GC(24)      Live:         -              1683M (41%)        1683M (41%)        1683M (41%)            -                  -          
[7.231s][info][gc,heap     ] GC(24) Allocated:         -                 2M (0%)            4M (0%)            4M (0%)             -                  -          
[7.231s][info][gc,heap     ] GC(24)   Garbage:         -               194M (5%)          194M (5%)          194M (5%)             -                  -          
[7.231s][info][gc,heap     ] GC(24) Reclaimed:         -                  -                 0M (0%)            0M (0%)             -                  -          
[7.231s][info][gc          ] GC(24) Garbage Collection (Timer) 1878M(46%)->1882M(46%)
[7.512s][info][gc,start    ] GC(25) Garbage Collection (Timer)
[7.512s][info][gc,task     ] GC(25) Using 3 workers
[7.512s][info][gc,phases   ] GC(25) Pause Mark Start 0.006ms
[7.528s][info][gc,phases   ] GC(25) Concurrent Mark 15.094ms
[7.528s][info][gc,phases   ] GC(25) Pause Mark End 0.010ms
[7.528s][info][gc,phases   ] GC(25) Concurrent Mark Free 0.001ms
[7.528s][info][gc,phases   ] GC(25) Concurrent Process Non-Strong References 0.546ms
[7.529s][info][gc,phases   ] GC(25) Concurrent Reset Relocation Set 0.001ms
[7.531s][info][gc,phases   ] GC(25) Concurrent Select Relocation Set 2.264ms
[7.531s][info][gc,phases   ] GC(25) Pause Relocate Start 0.006ms
[7.533s][info][gc,phases   ] GC(25) Concurrent Relocate 2.290ms
[7.533s][info][gc,load     ] GC(25) Load: 0.00/0.00/0.00
[7.533s][info][gc,mmu      ] GC(25) MMU: 2ms/98.8%, 5ms/99.5%, 10ms/99.8%, 20ms/99.8%, 50ms/99.9%, 100ms/100.0%
[7.533s][info][gc,marking  ] GC(25) Mark: 2 stripe(s), 2 proactive flush(es), 1 terminate flush(es), 0 completion(s), 0 continuation(s) 
[7.534s][info][gc,marking  ] GC(25) Mark Stack Usage: 32M
[7.534s][info][gc,nmethod  ] GC(25) NMethods: 472 registered, 0 unregistered
[7.534s][info][gc,metaspace] GC(25) Metaspace: 1M used, 1M committed, 1088M reserved
[7.534s][info][gc,ref      ] GC(25) Soft: 181 encountered, 0 discovered, 0 enqueued
[7.534s][info][gc,ref      ] GC(25) Weak: 263 encountered, 1 discovered, 0 enqueued
[7.534s][info][gc,ref      ] GC(25) Final: 0 encountered, 0 discovered, 0 enqueued
[7.534s][info][gc,ref      ] GC(25) Phantom: 7 encountered, 4 discovered, 0 enqueued
[7.534s][info][gc,reloc    ] GC(25) Small Pages: 955 / 1910M, Empty: 0M, Relocated: 1M, In-Place: 0
[7.534s][info][gc,reloc    ] GC(25) Medium Pages: 1 / 32M, Empty: 0M, Relocated: 0M, In-Place: 0
[7.534s][info][gc,reloc    ] GC(25) Large Pages: 0 / 0M, Empty: 0M, Relocated: 0M, In-Place: 0
[7.534s][info][gc,reloc    ] GC(25) Forwarding Usage: 0M
[7.534s][info][gc,heap     ] GC(25) Min Capacity: 4096M(100%)
[7.534s][info][gc,heap     ] GC(25) Max Capacity: 4096M(100%)
[7.534s][info][gc,heap     ] GC(25) Soft Max Capacity: 4096M(100%)
[7.534s][info][gc,heap     ] GC(25)                Mark Start          Mark End        Relocate Start      Relocate End           High               Low         
[7.534s][info][gc,heap     ] GC(25)  Capacity:     4096M (100%)       4096M (100%)       4096M (100%)       4096M (100%)       4096M (100%)       4096M (100%)   
[7.534s][info][gc,heap     ] GC(25)      Free:     2154M (53%)        2152M (53%)        2152M (53%)        2152M (53%)        2154M (53%)        2148M (52%)    
[7.534s][info][gc,heap     ] GC(25)      Used:     1942M (47%)        1944M (47%)        1944M (47%)        1944M (47%)        1948M (48%)        1942M (47%)    
[7.534s][info][gc,heap     ] GC(25)      Live:         -              1742M (43%)        1742M (43%)        1742M (43%)            -                  -          
[7.534s][info][gc,heap     ] GC(25) Allocated:         -                 2M (0%)            2M (0%)            2M (0%)             -                  -          
[7.534s][info][gc,heap     ] GC(25)   Garbage:         -               199M (5%)          199M (5%)          199M (5%)             -                  -          
[7.534s][info][gc,heap     ] GC(25) Reclaimed:         -                  -                 0M (0%)            0M (0%)             -                  -          
[7.534s][info][gc          ] GC(25) Garbage Collection (Timer) 1942M(47%)->1944M(47%)
[7.813s][info][gc,start    ] GC(26) Garbage Collection (Timer)
[7.813s][info][gc,task     ] GC(26) Using 3 workers
[7.813s][info][gc,phases   ] GC(26) Pause Mark Start 0.006ms
[7.830s][info][gc,phases   ] GC(26) Concurrent Mark 17.295ms
[7.830s][info][gc,phases   ] GC(26) Pause Mark End 0.010ms
[7.830s][info][gc,phases   ] GC(26) Concurrent Mark Free 0.001ms
[7.831s][info][gc,phases   ] GC(26) Concurrent Process Non-Strong References 0.715ms
[7.831s][info][gc,phases   ] GC(26) Concurrent Reset Relocation Set 0.001ms
[7.833s][info][gc,phases   ] GC(26) Concurrent Select Relocation Set 2.229ms
[7.833s][info][gc,phases   ] GC(26) Pause Relocate Start 0.004ms
[7.835s][info][gc,phases   ] GC(26) Concurrent Relocate 1.647ms
[7.835s][info][gc,load     ] GC(26) Load: 0.00/0.00/0.00
[7.835s][info][gc,mmu      ] GC(26) MMU: 2ms/98.8%, 5ms/99.5%, 10ms/99.8%, 20ms/99.8%, 50ms/99.9%, 100ms/100.0%
[7.835s][info][gc,marking  ] GC(26) Mark: 2 stripe(s), 2 proactive flush(es), 1 terminate flush(es), 0 completion(s), 0 continuation(s) 
[7.835s][info][gc,marking  ] GC(26) Mark Stack Usage: 32M
[7.835s][info][gc,nmethod  ] GC(26) NMethods: 472 registered, 0 unregistered
[7.835s][info][gc,metaspace] GC(26) Metaspace: 1M used, 1M committed, 1088M reserved
[7.835s][info][gc,ref      ] GC(26) Soft: 181 encountered, 0 discovered, 0 enqueued
[7.835s][info][gc,ref      ] GC(26) Weak: 263 encountered, 199 discovered, 0 enqueued
[7.836s][info][gc,ref      ] GC(26) Final: 0 encountered, 0 discovered, 0 enqueued
[7.836s][info][gc,ref      ] GC(26) Phantom: 7 encountered, 3 discovered, 0 enqueued
[7.836s][info][gc,reloc    ] GC(26) Small Pages: 1001 / 2002M, Empty: 0M, Relocated: 1M, In-Place: 0
[7.836s][info][gc,reloc    ] GC(26) Medium Pages: 1 / 32M, Empty: 0M, Relocated: 0M, In-Place: 0
[7.836s][info][gc,reloc    ] GC(26) Large Pages: 0 / 0M, Empty: 0M, Relocated: 0M, In-Place: 0
[7.836s][info][gc,reloc    ] GC(26) Forwarding Usage: 0M
[7.836s][info][gc,heap     ] GC(26) Min Capacity: 4096M(100%)
[7.836s][info][gc,heap     ] GC(26) Max Capacity: 4096M(100%)
[7.836s][info][gc,heap     ] GC(26) Soft Max Capacity: 4096M(100%)
[7.836s][info][gc,heap     ] GC(26)                Mark Start          Mark End        Relocate Start      Relocate End           High               Low         
[7.836s][info][gc,heap     ] GC(26)  Capacity:     4096M (100%)       4096M (100%)       4096M (100%)       4096M (100%)       4096M (100%)       4096M (100%)   
[7.836s][info][gc,heap     ] GC(26)      Free:     2062M (50%)        2060M (50%)        2060M (50%)        2060M (50%)        2062M (50%)        2056M (50%)    
[7.836s][info][gc,heap     ] GC(26)      Used:     2034M (50%)        2036M (50%)        2036M (50%)        2036M (50%)        2040M (50%)        2034M (50%)    
[7.836s][info][gc,heap     ] GC(26)      Live:         -              1826M (45%)        1826M (45%)        1826M (45%)            -                  -          
[7.836s][info][gc,heap     ] GC(26) Allocated:         -                 2M (0%)            2M (0%)            2M (0%)             -                  -          
[7.836s][info][gc,heap     ] GC(26)   Garbage:         -               207M (5%)          207M (5%)          207M (5%)             -                  -          
[7.836s][info][gc,heap     ] GC(26) Reclaimed:         -                  -                 0M (0%)            0M (0%)             -                  -          
[7.836s][info][gc          ] GC(26) Garbage Collection (Timer) 2034M(50%)->2036M(50%)
[8.112s][info][gc,start    ] GC(27) Garbage Collection (Timer)
[8.112s][info][gc,task     ] GC(27) Using 3 workers
[8.112s][info][gc,phases   ] GC(27) Pause Mark Start 0.006ms
[8.128s][info][gc,phases   ] GC(27) Concurrent Mark 16.360ms
[8.128s][info][gc,phases   ] GC(27) Pause Mark End 0.010ms
[8.128s][info][gc,phases   ] GC(27) Concurrent Mark Free 0.001ms
[8.129s][info][gc,phases   ] GC(27) Concurrent Process Non-Strong References 0.544ms
[8.129s][info][gc,phases   ] GC(27) Concurrent Reset Relocation Set 0.001ms
[8.131s][info][gc,phases   ] GC(27) Concurrent Select Relocation Set 2.213ms
[8.131s][info][gc,phases   ] GC(27) Pause Relocate Start 0.005ms
[8.133s][info][gc,phases   ] GC(27) Concurrent Relocate 1.518ms
[8.133s][info][gc,load     ] GC(27) Load: 0.00/0.00/0.00
[8.133s][info][gc,mmu      ] GC(27) MMU: 2ms/98.8%, 5ms/99.5%, 10ms/99.8%, 20ms/99.8%, 50ms/99.9%, 100ms/100.0%
[8.133s][info][gc,marking  ] GC(27) Mark: 2 stripe(s), 2 proactive flush(es), 1 terminate flush(es), 0 completion(s), 0 continuation(s) 
[8.133s][info][gc,marking  ] GC(27) Mark Stack Usage: 32M
[8.133s][info][gc,nmethod  ] GC(27) NMethods: 472 registered, 0 unregistered
[8.133s][info][gc,metaspace] GC(27) Metaspace: 1M used, 1M committed, 1088M reserved
[8.133s][info][gc,ref      ] GC(27) Soft: 181 encountered, 0 discovered, 0 enqueued
[8.133s][info][gc,ref      ] GC(27) Weak: 263 encountered, 209 discovered, 0 enqueued
[8.133s][info][gc,ref      ] GC(27) Final: 0 encountered, 0 discovered, 0 enqueued
[8.133s][info][gc,ref      ] GC(27) Phantom: 7 encountered, 4 discovered, 0 enqueued
[8.133s][info][gc,reloc    ] GC(27) Small Pages: 1039 / 2078M, Empty: 0M, Relocated: 1M, In-Place: 0
[8.133s][info][gc,reloc    ] GC(27) Medium Pages: 1 / 32M, Empty: 0M, Relocated: 0M, In-Place: 0
[8.133s][info][gc,reloc    ] GC(27) Large Pages: 0 / 0M, Empty: 0M, Relocated: 0M, In-Place: 0
[8.133s][info][gc,reloc    ] GC(27) Forwarding Usage: 0M
[8.133s][info][gc,heap     ] GC(27) Min Capacity: 4096M(100%)
[8.133s][info][gc,heap     ] GC(27) Max Capacity: 4096M(100%)
[8.133s][info][gc,heap     ] GC(27) Soft Max Capacity: 4096M(100%)
[8.133s][info][gc,heap     ] GC(27)                Mark Start          Mark End        Relocate Start      Relocate End           High               Low         
[8.133s][info][gc,heap     ] GC(27)  Capacity:     4096M (100%)       4096M (100%)       4096M (100%)       4096M (100%)       4096M (100%)       4096M (100%)   
[8.134s][info][gc,heap     ] GC(27)      Free:     1986M (48%)        1984M (48%)        1984M (48%)        1984M (48%)        1986M (48%)        1980M (48%)    
[8.134s][info][gc,heap     ] GC(27)      Used:     2110M (52%)        2112M (52%)        2112M (52%)        2112M (52%)        2116M (52%)        2110M (52%)    
[8.134s][info][gc,heap     ] GC(27)      Live:         -              1895M (46%)        1895M (46%)        1895M (46%)            -                  -          
[8.134s][info][gc,heap     ] GC(27) Allocated:         -                 2M (0%)            2M (0%)            2M (0%)             -                  -          
[8.134s][info][gc,heap     ] GC(27)   Garbage:         -               214M (5%)          214M (5%)          214M (5%)             -                  -          
[8.134s][info][gc,heap     ] GC(27) Reclaimed:         -                  -                 0M (0%)            0M (0%)             -                  -          
[8.134s][info][gc          ] GC(27) Garbage Collection (Timer) 2110M(52%)->2112M(52%)
[8.412s][info][gc,start    ] GC(28) Garbage Collection (Timer)
[8.412s][info][gc,task     ] GC(28) Using 3 workers
[8.412s][info][gc,phases   ] GC(28) Pause Mark Start 0.006ms
[8.433s][info][gc,phases   ] GC(28) Concurrent Mark 20.806ms
[8.433s][info][gc,phases   ] GC(28) Pause Mark End 0.010ms
[8.433s][info][gc,phases   ] GC(28) Concurrent Mark Free 0.001ms
[8.434s][info][gc,phases   ] GC(28) Concurrent Process Non-Strong References 0.610ms
[8.434s][info][gc,phases   ] GC(28) Concurrent Reset Relocation Set 0.001ms
[8.437s][info][gc,phases   ] GC(28) Concurrent Select Relocation Set 2.643ms
[8.437s][info][gc,phases   ] GC(28) Pause Relocate Start 0.007ms
[8.442s][info][gc,phases   ] GC(28) Concurrent Relocate 4.186ms
[8.442s][info][gc,load     ] GC(28) Load: 0.00/0.00/0.00
[8.442s][info][gc,mmu      ] GC(28) MMU: 2ms/98.8%, 5ms/99.5%, 10ms/99.8%, 20ms/99.8%, 50ms/99.9%, 100ms/100.0%
[8.442s][info][gc,marking  ] GC(28) Mark: 2 stripe(s), 2 proactive flush(es), 1 terminate flush(es), 0 completion(s), 0 continuation(s) 
[8.442s][info][gc,marking  ] GC(28) Mark Stack Usage: 32M
[8.442s][info][gc,nmethod  ] GC(28) NMethods: 472 registered, 0 unregistered
[8.442s][info][gc,metaspace] GC(28) Metaspace: 1M used, 1M committed, 1088M reserved
[8.442s][info][gc,ref      ] GC(28) Soft: 181 encountered, 0 discovered, 0 enqueued
[8.442s][info][gc,ref      ] GC(28) Weak: 263 encountered, 134 discovered, 0 enqueued
[8.442s][info][gc,ref      ] GC(28) Final: 0 encountered, 0 discovered, 0 enqueued
[8.442s][info][gc,ref      ] GC(28) Phantom: 7 encountered, 4 discovered, 0 enqueued
[8.442s][info][gc,reloc    ] GC(28) Small Pages: 1070 / 2140M, Empty: 0M, Relocated: 3M, In-Place: 0
[8.442s][info][gc,reloc    ] GC(28) Medium Pages: 1 / 32M, Empty: 0M, Relocated: 0M, In-Place: 0
[8.442s][info][gc,reloc    ] GC(28) Large Pages: 0 / 0M, Empty: 0M, Relocated: 0M, In-Place: 0
[8.442s][info][gc,reloc    ] GC(28) Forwarding Usage: 0M
[8.442s][info][gc,heap     ] GC(28) Min Capacity: 4096M(100%)
[8.442s][info][gc,heap     ] GC(28) Max Capacity: 4096M(100%)
[8.442s][info][gc,heap     ] GC(28) Soft Max Capacity: 4096M(100%)
[8.442s][info][gc,heap     ] GC(28)                Mark Start          Mark End        Relocate Start      Relocate End           High               Low         
[8.442s][info][gc,heap     ] GC(28)  Capacity:     4096M (100%)       4096M (100%)       4096M (100%)       4096M (100%)       4096M (100%)       4096M (100%)   
[8.442s][info][gc,heap     ] GC(28)      Free:     1924M (47%)        1922M (47%)        1890M (46%)        1892M (46%)        1924M (47%)        1884M (46%)    
[8.442s][info][gc,heap     ] GC(28)      Used:     2172M (53%)        2174M (53%)        2206M (54%)        2204M (54%)        2212M (54%)        2172M (53%)    
[8.442s][info][gc,heap     ] GC(28)      Live:         -              1951M (48%)        1951M (48%)        1951M (48%)            -                  -          
[8.442s][info][gc,heap     ] GC(28) Allocated:         -                 2M (0%)           34M (1%)           33M (1%)             -                  -          
[8.442s][info][gc,heap     ] GC(28)   Garbage:         -               220M (5%)          220M (5%)          218M (5%)             -                  -          
[8.442s][info][gc,heap     ] GC(28) Reclaimed:         -                  -                 0M (0%)            1M (0%)             -                  -          
[8.442s][info][gc          ] GC(28) Garbage Collection (Timer) 2172M(53%)->2204M(54%)
[8.712s][info][gc,start    ] GC(29) Garbage Collection (Timer)
[8.712s][info][gc,task     ] GC(29) Using 3 workers
[8.712s][info][gc,phases   ] GC(29) Pause Mark Start 0.006ms
[8.728s][info][gc,phases   ] GC(29) Concurrent Mark 15.853ms
[8.728s][info][gc,phases   ] GC(29) Pause Mark End 0.009ms
[8.729s][info][gc,phases   ] GC(29) Concurrent Mark Free 0.001ms
[8.730s][info][gc,phases   ] GC(29) Concurrent Process Non-Strong References 1.191ms
[8.730s][info][gc,phases   ] GC(29) Concurrent Reset Relocation Set 0.001ms
[8.732s][info][gc,phases   ] GC(29) Concurrent Select Relocation Set 2.302ms
[8.732s][info][gc,phases   ] GC(29) Pause Relocate Start 0.005ms
[8.735s][info][gc,phases   ] GC(29) Concurrent Relocate 2.770ms
[8.735s][info][gc,load     ] GC(29) Load: 0.00/0.00/0.00
[8.735s][info][gc,mmu      ] GC(29) MMU: 2ms/98.8%, 5ms/99.5%, 10ms/99.8%, 20ms/99.8%, 50ms/99.9%, 100ms/100.0%
[8.735s][info][gc,marking  ] GC(29) Mark: 2 stripe(s), 2 proactive flush(es), 1 terminate flush(es), 0 completion(s), 0 continuation(s) 
[8.735s][info][gc,marking  ] GC(29) Mark Stack Usage: 32M
[8.735s][info][gc,nmethod  ] GC(29) NMethods: 472 registered, 0 unregistered
[8.735s][info][gc,metaspace] GC(29) Metaspace: 1M used, 1M committed, 1088M reserved
[8.735s][info][gc,ref      ] GC(29) Soft: 181 encountered, 0 discovered, 0 enqueued
[8.735s][info][gc,ref      ] GC(29) Weak: 263 encountered, 140 discovered, 0 enqueued
[8.735s][info][gc,ref      ] GC(29) Final: 0 encountered, 0 discovered, 0 enqueued
[8.735s][info][gc,ref      ] GC(29) Phantom: 7 encountered, 4 discovered, 0 enqueued
[8.735s][info][gc,reloc    ] GC(29) Small Pages: 1104 / 2208M, Empty: 0M, Relocated: 1M, In-Place: 0
[8.735s][info][gc,reloc    ] GC(29) Medium Pages: 2 / 64M, Empty: 32M, Relocated: 0M, In-Place: 0
[8.735s][info][gc,reloc    ] GC(29) Large Pages: 0 / 0M, Empty: 0M, Relocated: 0M, In-Place: 0
[8.735s][info][gc,reloc    ] GC(29) Forwarding Usage: 0M
[8.736s][info][gc,heap     ] GC(29) Min Capacity: 4096M(100%)
[8.736s][info][gc,heap     ] GC(29) Max Capacity: 4096M(100%)
[8.736s][info][gc,heap     ] GC(29) Soft Max Capacity: 4096M(100%)
[8.736s][info][gc,heap     ] GC(29)                Mark Start          Mark End        Relocate Start      Relocate End           High               Low         
[8.736s][info][gc,heap     ] GC(29)  Capacity:     4096M (100%)       4096M (100%)       4096M (100%)       4096M (100%)       4096M (100%)       4096M (100%)   
[8.736s][info][gc,heap     ] GC(29)      Free:     1824M (45%)        1822M (44%)        1854M (45%)        1852M (45%)        1854M (45%)        1822M (44%)    
[8.736s][info][gc,heap     ] GC(29)      Used:     2272M (55%)        2274M (56%)        2242M (55%)        2244M (55%)        2274M (56%)        2242M (55%)    
[8.736s][info][gc,heap     ] GC(29)      Live:         -              2016M (49%)        2016M (49%)        2016M (49%)            -                  -          
[8.736s][info][gc,heap     ] GC(29) Allocated:         -                 2M (0%)            2M (0%)            4M (0%)             -                  -          
[8.736s][info][gc,heap     ] GC(29)   Garbage:         -               255M (6%)          223M (5%)          223M (5%)             -                  -          
[8.736s][info][gc,heap     ] GC(29) Reclaimed:         -                  -                32M (1%)           32M (1%)             -                  -          
[8.736s][info][gc          ] GC(29) Garbage Collection (Timer) 2272M(55%)->2244M(55%)
[9.013s][info][gc,start    ] GC(30) Garbage Collection (Timer)
[9.013s][info][gc,task     ] GC(30) Using 3 workers
[9.013s][info][gc,phases   ] GC(30) Pause Mark Start 0.006ms
[9.034s][info][gc,phases   ] GC(30) Concurrent Mark 20.729ms
[9.034s][info][gc,phases   ] GC(30) Pause Mark End 0.010ms
[9.034s][info][gc,phases   ] GC(30) Concurrent Mark Free 0.001ms
[9.035s][info][gc,phases   ] GC(30) Concurrent Process Non-Strong References 0.712ms
[9.035s][info][gc,phases   ] GC(30) Concurrent Reset Relocation Set 0.001ms
[9.037s][info][gc,phases   ] GC(30) Concurrent Select Relocation Set 2.293ms
[9.037s][info][gc,phases   ] GC(30) Pause Relocate Start 0.005ms
[9.039s][info][gc,phases   ] GC(30) Concurrent Relocate 1.780ms
[9.039s][info][gc,load     ] GC(30) Load: 0.00/0.00/0.00
[9.039s][info][gc,mmu      ] GC(30) MMU: 2ms/98.8%, 5ms/99.5%, 10ms/99.8%, 20ms/99.8%, 50ms/99.9%, 100ms/100.0%
[9.039s][info][gc,marking  ] GC(30) Mark: 2 stripe(s), 2 proactive flush(es), 1 terminate flush(es), 0 completion(s), 0 continuation(s) 
[9.039s][info][gc,marking  ] GC(30) Mark Stack Usage: 32M
[9.039s][info][gc,nmethod  ] GC(30) NMethods: 472 registered, 0 unregistered
[9.039s][info][gc,metaspace] GC(30) Metaspace: 1M used, 1M committed, 1088M reserved
[9.039s][info][gc,ref      ] GC(30) Soft: 181 encountered, 0 discovered, 0 enqueued
[9.039s][info][gc,ref      ] GC(30) Weak: 263 encountered, 138 discovered, 0 enqueued
[9.039s][info][gc,ref      ] GC(30) Final: 0 encountered, 0 discovered, 0 enqueued
[9.039s][info][gc,ref      ] GC(30) Phantom: 7 encountered, 4 discovered, 0 enqueued
[9.039s][info][gc,reloc    ] GC(30) Small Pages: 1142 / 2284M, Empty: 0M, Relocated: 1M, In-Place: 0
[9.039s][info][gc,reloc    ] GC(30) Medium Pages: 1 / 32M, Empty: 0M, Relocated: 0M, In-Place: 0
[9.039s][info][gc,reloc    ] GC(30) Large Pages: 0 / 0M, Empty: 0M, Relocated: 0M, In-Place: 0
[9.039s][info][gc,reloc    ] GC(30) Forwarding Usage: 0M
[9.039s][info][gc,heap     ] GC(30) Min Capacity: 4096M(100%)
[9.039s][info][gc,heap     ] GC(30) Max Capacity: 4096M(100%)
[9.039s][info][gc,heap     ] GC(30) Soft Max Capacity: 4096M(100%)
[9.039s][info][gc,heap     ] GC(30)                Mark Start          Mark End        Relocate Start      Relocate End           High               Low         
[9.040s][info][gc,heap     ] GC(30)  Capacity:     4096M (100%)       4096M (100%)       4096M (100%)       4096M (100%)       4096M (100%)       4096M (100%)   
[9.040s][info][gc,heap     ] GC(30)      Free:     1780M (43%)        1778M (43%)        1776M (43%)        1776M (43%)        1780M (43%)        1772M (43%)    
[9.040s][info][gc,heap     ] GC(30)      Used:     2316M (57%)        2318M (57%)        2320M (57%)        2320M (57%)        2324M (57%)        2316M (57%)    
[9.040s][info][gc,heap     ] GC(30)      Live:         -              2084M (51%)        2084M (51%)        2084M (51%)            -                  -          
[9.040s][info][gc,heap     ] GC(30) Allocated:         -                 2M (0%)            4M (0%)            4M (0%)             -                  -          
[9.040s][info][gc,heap     ] GC(30)   Garbage:         -               231M (6%)          231M (6%)          231M (6%)             -                  -          
[9.040s][info][gc,heap     ] GC(30) Reclaimed:         -                  -                 0M (0%)            0M (0%)             -                  -          
[9.040s][info][gc          ] GC(30) Garbage Collection (Timer) 2316M(57%)->2320M(57%)
[9.312s][info][gc,start    ] GC(31) Garbage Collection (Timer)
[9.312s][info][gc,task     ] GC(31) Using 3 workers
[9.312s][info][gc,phases   ] GC(31) Pause Mark Start 0.006ms
[9.334s][info][gc,phases   ] GC(31) Concurrent Mark 21.446ms
[9.334s][info][gc,phases   ] GC(31) Pause Mark End 0.009ms
[9.334s][info][gc,phases   ] GC(31) Concurrent Mark Free 0.001ms
[9.335s][info][gc,phases   ] GC(31) Concurrent Process Non-Strong References 0.707ms
[9.335s][info][gc,phases   ] GC(31) Concurrent Reset Relocation Set 0.001ms
[9.337s][info][gc,phases   ] GC(31) Concurrent Select Relocation Set 2.397ms
[9.337s][info][gc,phases   ] GC(31) Pause Relocate Start 0.007ms
[9.339s][info][gc,phases   ] GC(31) Concurrent Relocate 2.152ms
[9.340s][info][gc,load     ] GC(31) Load: 0.00/0.00/0.00
[9.340s][info][gc,mmu      ] GC(31) MMU: 2ms/98.8%, 5ms/99.5%, 10ms/99.8%, 20ms/99.8%, 50ms/99.9%, 100ms/100.0%
[9.340s][info][gc,marking  ] GC(31) Mark: 2 stripe(s), 2 proactive flush(es), 1 terminate flush(es), 0 completion(s), 0 continuation(s) 
[9.340s][info][gc,marking  ] GC(31) Mark Stack Usage: 32M
[9.340s][info][gc,nmethod  ] GC(31) NMethods: 472 registered, 0 unregistered
[9.340s][info][gc,metaspace] GC(31) Metaspace: 1M used, 1M committed, 1088M reserved
[9.340s][info][gc,ref      ] GC(31) Soft: 181 encountered, 0 discovered, 0 enqueued
[9.340s][info][gc,ref      ] GC(31) Weak: 263 encountered, 1 discovered, 0 enqueued
[9.340s][info][gc,ref      ] GC(31) Final: 0 encountered, 0 discovered, 0 enqueued
[9.340s][info][gc,ref      ] GC(31) Phantom: 7 encountered, 3 discovered, 0 enqueued
[9.340s][info][gc,reloc    ] GC(31) Small Pages: 1175 / 2350M, Empty: 0M, Relocated: 1M, In-Place: 0
[9.340s][info][gc,reloc    ] GC(31) Medium Pages: 1 / 32M, Empty: 0M, Relocated: 0M, In-Place: 0
[9.340s][info][gc,reloc    ] GC(31) Large Pages: 0 / 0M, Empty: 0M, Relocated: 0M, In-Place: 0
[9.340s][info][gc,reloc    ] GC(31) Forwarding Usage: 0M
[9.340s][info][gc,heap     ] GC(31) Min Capacity: 4096M(100%)
[9.340s][info][gc,heap     ] GC(31) Max Capacity: 4096M(100%)
[9.340s][info][gc,heap     ] GC(31) Soft Max Capacity: 4096M(100%)
[9.340s][info][gc,heap     ] GC(31)                Mark Start          Mark End        Relocate Start      Relocate End           High               Low         
[9.340s][info][gc,heap     ] GC(31)  Capacity:     4096M (100%)       4096M (100%)       4096M (100%)       4096M (100%)       4096M (100%)       4096M (100%)   
[9.340s][info][gc,heap     ] GC(31)      Free:     1714M (42%)        1712M (42%)        1710M (42%)        1710M (42%)        1714M (42%)        1706M (42%)    
[9.340s][info][gc,heap     ] GC(31)      Used:     2382M (58%)        2384M (58%)        2386M (58%)        2386M (58%)        2390M (58%)        2382M (58%)    
[9.340s][info][gc,heap     ] GC(31)      Live:         -              2145M (52%)        2145M (52%)        2145M (52%)            -                  -          
[9.340s][info][gc,heap     ] GC(31) Allocated:         -                 2M (0%)            4M (0%)            4M (0%)             -                  -          
[9.340s][info][gc,heap     ] GC(31)   Garbage:         -               236M (6%)          236M (6%)          236M (6%)             -                  -          
[9.340s][info][gc,heap     ] GC(31) Reclaimed:         -                  -                 0M (0%)            0M (0%)             -                  -          
[9.340s][info][gc          ] GC(31) Garbage Collection (Timer) 2382M(58%)->2386M(58%)
[9.613s][info][gc,start    ] GC(32) Garbage Collection (Timer)
[9.613s][info][gc,task     ] GC(32) Using 3 workers
[9.613s][info][gc,phases   ] GC(32) Pause Mark Start 0.005ms
[9.647s][info][gc,phases   ] GC(32) Concurrent Mark 33.978ms
[9.647s][info][gc,phases   ] GC(32) Pause Mark End 0.010ms
[9.647s][info][gc,phases   ] GC(32) Concurrent Mark Free 0.001ms
[9.648s][info][gc,phases   ] GC(32) Concurrent Process Non-Strong References 0.776ms
[9.648s][info][gc,phases   ] GC(32) Concurrent Reset Relocation Set 0.001ms
[9.650s][info][gc,phases   ] GC(32) Concurrent Select Relocation Set 2.112ms
[9.650s][info][gc,phases   ] GC(32) Pause Relocate Start 0.004ms
[9.652s][info][gc,phases   ] GC(32) Concurrent Relocate 1.966ms
[9.652s][info][gc,load     ] GC(32) Load: 0.00/0.00/0.00
[9.652s][info][gc,mmu      ] GC(32) MMU: 2ms/98.8%, 5ms/99.5%, 10ms/99.8%, 20ms/99.8%, 50ms/99.9%, 100ms/100.0%
[9.652s][info][gc,marking  ] GC(32) Mark: 2 stripe(s), 5 proactive flush(es), 1 terminate flush(es), 0 completion(s), 0 continuation(s) 
[9.652s][info][gc,marking  ] GC(32) Mark Stack Usage: 32M
[9.652s][info][gc,nmethod  ] GC(32) NMethods: 472 registered, 0 unregistered
[9.652s][info][gc,metaspace] GC(32) Metaspace: 1M used, 1M committed, 1088M reserved
[9.653s][info][gc,ref      ] GC(32) Soft: 181 encountered, 0 discovered, 0 enqueued
[9.653s][info][gc,ref      ] GC(32) Weak: 263 encountered, 140 discovered, 0 enqueued
[9.653s][info][gc,ref      ] GC(32) Final: 0 encountered, 0 discovered, 0 enqueued
[9.653s][info][gc,ref      ] GC(32) Phantom: 7 encountered, 3 discovered, 0 enqueued
[9.653s][info][gc,reloc    ] GC(32) Small Pages: 1203 / 2406M, Empty: 0M, Relocated: 1M, In-Place: 0
[9.653s][info][gc,reloc    ] GC(32) Medium Pages: 1 / 32M, Empty: 0M, Relocated: 0M, In-Place: 0
[9.653s][info][gc,reloc    ] GC(32) Large Pages: 0 / 0M, Empty: 0M, Relocated: 0M, In-Place: 0
[9.653s][info][gc,reloc    ] GC(32) Forwarding Usage: 0M
[9.653s][info][gc,heap     ] GC(32) Min Capacity: 4096M(100%)
[9.653s][info][gc,heap     ] GC(32) Max Capacity: 4096M(100%)
[9.653s][info][gc,heap     ] GC(32) Soft Max Capacity: 4096M(100%)
[9.653s][info][gc,heap     ] GC(32)                Mark Start          Mark End        Relocate Start      Relocate End           High               Low         
[9.653s][info][gc,heap     ] GC(32)  Capacity:     4096M (100%)       4096M (100%)       4096M (100%)       4096M (100%)       4096M (100%)       4096M (100%)   
[9.653s][info][gc,heap     ] GC(32)      Free:     1658M (40%)        1658M (40%)        1658M (40%)        1658M (40%)        1658M (40%)        1654M (40%)    
[9.653s][info][gc,heap     ] GC(32)      Used:     2438M (60%)        2438M (60%)        2438M (60%)        2438M (60%)        2442M (60%)        2438M (60%)    
[9.653s][info][gc,heap     ] GC(32)      Live:         -              2195M (54%)        2195M (54%)        2195M (54%)            -                  -          
[9.653s][info][gc,heap     ] GC(32) Allocated:         -                 0M (0%)            0M (0%)            0M (0%)             -                  -          
[9.653s][info][gc,heap     ] GC(32)   Garbage:         -               242M (6%)          242M (6%)          242M (6%)             -                  -          
[9.653s][info][gc,heap     ] GC(32) Reclaimed:         -                  -                 0M (0%)            0M (0%)             -                  -          
[9.653s][info][gc          ] GC(32) Garbage Collection (Timer) 2438M(60%)->2438M(60%)
[9.912s][info][gc,start    ] GC(33) Garbage Collection (Timer)
[9.912s][info][gc,task     ] GC(33) Using 3 workers
[9.912s][info][gc,phases   ] GC(33) Pause Mark Start 0.006ms
[9.937s][info][gc,phases   ] GC(33) Concurrent Mark 24.784ms
[9.937s][info][gc,phases   ] GC(33) Pause Mark End 0.009ms
[9.937s][info][gc,phases   ] GC(33) Concurrent Mark Free 0.001ms
[9.938s][info][gc,phases   ] GC(33) Concurrent Process Non-Strong References 0.817ms
[9.938s][info][gc,phases   ] GC(33) Concurrent Reset Relocation Set 0.001ms
[9.940s][info][gc,phases   ] GC(33) Concurrent Select Relocation Set 2.116ms
[9.940s][info][gc,phases   ] GC(33) Pause Relocate Start 0.004ms
[9.941s][info][gc,phases   ] GC(33) Concurrent Relocate 0.244ms
[9.941s][info][gc,load     ] GC(33) Load: 0.00/0.00/0.00
[9.941s][info][gc,mmu      ] GC(33) MMU: 2ms/98.8%, 5ms/99.5%, 10ms/99.8%, 20ms/99.8%, 50ms/99.9%, 100ms/100.0%
[9.941s][info][gc,marking  ] GC(33) Mark: 2 stripe(s), 10 proactive flush(es), 1 terminate flush(es), 0 completion(s), 0 continuation(s) 
[9.941s][info][gc,marking  ] GC(33) Mark Stack Usage: 32M
[9.941s][info][gc,nmethod  ] GC(33) NMethods: 472 registered, 0 unregistered
[9.941s][info][gc,metaspace] GC(33) Metaspace: 1M used, 1M committed, 1088M reserved
[9.941s][info][gc,ref      ] GC(33) Soft: 181 encountered, 0 discovered, 0 enqueued
[9.941s][info][gc,ref      ] GC(33) Weak: 263 encountered, 77 discovered, 0 enqueued
[9.941s][info][gc,ref      ] GC(33) Final: 0 encountered, 0 discovered, 0 enqueued
[9.941s][info][gc,ref      ] GC(33) Phantom: 7 encountered, 4 discovered, 0 enqueued
[9.941s][info][gc,reloc    ] GC(33) Small Pages: 1203 / 2406M, Empty: 0M, Relocated: 1M, In-Place: 0
[9.941s][info][gc,reloc    ] GC(33) Medium Pages: 1 / 32M, Empty: 0M, Relocated: 0M, In-Place: 0
[9.941s][info][gc,reloc    ] GC(33) Large Pages: 0 / 0M, Empty: 0M, Relocated: 0M, In-Place: 0
[9.941s][info][gc,reloc    ] GC(33) Forwarding Usage: 0M
[9.941s][info][gc,heap     ] GC(33) Min Capacity: 4096M(100%)
[9.941s][info][gc,heap     ] GC(33) Max Capacity: 4096M(100%)
[9.941s][info][gc,heap     ] GC(33) Soft Max Capacity: 4096M(100%)
[9.941s][info][gc,heap     ] GC(33)                Mark Start          Mark End        Relocate Start      Relocate End           High               Low         
[9.941s][info][gc,heap     ] GC(33)  Capacity:     4096M (100%)       4096M (100%)       4096M (100%)       4096M (100%)       4096M (100%)       4096M (100%)   
[9.941s][info][gc,heap     ] GC(33)      Free:     1658M (40%)        1658M (40%)        1658M (40%)        1658M (40%)        1658M (40%)        1654M (40%)    
[9.941s][info][gc,heap     ] GC(33)      Used:     2438M (60%)        2438M (60%)        2438M (60%)        2438M (60%)        2442M (60%)        2438M (60%)    
[9.941s][info][gc,heap     ] GC(33)      Live:         -              2195M (54%)        2195M (54%)        2195M (54%)            -                  -          
[9.941s][info][gc,heap     ] GC(33) Allocated:         -                 0M (0%)            0M (0%)            0M (0%)             -                  -          
[9.941s][info][gc,heap     ] GC(33)   Garbage:         -               242M (6%)          242M (6%)          242M (6%)             -                  -          
[9.941s][info][gc,heap     ] GC(33) Reclaimed:         -                  -                 0M (0%)            0M (0%)             -                  -          
[9.942s][info][gc          ] GC(33) Garbage Collection (Timer) 2438M(60%)->2438M(60%)
[10.212s][info][gc,start    ] GC(34) Garbage Collection (Timer)
[10.212s][info][gc,task     ] GC(34) Using 3 workers
[10.212s][info][gc,phases   ] GC(34) Pause Mark Start 0.006ms
[10.234s][info][gc,phases   ] GC(34) Concurrent Mark 22.285ms
[10.234s][info][gc,phases   ] GC(34) Pause Mark End 0.010ms
[10.234s][info][gc,phases   ] GC(34) Concurrent Mark Free 0.001ms
[10.235s][info][gc,phases   ] GC(34) Concurrent Process Non-Strong References 0.791ms
[10.235s][info][gc,phases   ] GC(34) Concurrent Reset Relocation Set 0.001ms
[10.237s][info][gc,phases   ] GC(34) Concurrent Select Relocation Set 2.114ms
[10.238s][info][gc,phases   ] GC(34) Pause Relocate Start 0.005ms
[10.238s][info][gc,phases   ] GC(34) Concurrent Relocate 0.238ms
[10.238s][info][gc,load     ] GC(34) Load: 0.00/0.00/0.00
[10.238s][info][gc,mmu      ] GC(34) MMU: 2ms/98.8%, 5ms/99.5%, 10ms/99.8%, 20ms/99.8%, 50ms/99.9%, 100ms/100.0%
[10.238s][info][gc,marking  ] GC(34) Mark: 2 stripe(s), 9 proactive flush(es), 1 terminate flush(es), 0 completion(s), 0 continuation(s) 
[10.238s][info][gc,marking  ] GC(34) Mark Stack Usage: 32M
[10.238s][info][gc,nmethod  ] GC(34) NMethods: 472 registered, 0 unregistered
[10.238s][info][gc,metaspace] GC(34) Metaspace: 1M used, 1M committed, 1088M reserved
[10.238s][info][gc,ref      ] GC(34) Soft: 181 encountered, 0 discovered, 0 enqueued
[10.238s][info][gc,ref      ] GC(34) Weak: 263 encountered, 77 discovered, 0 enqueued
[10.238s][info][gc,ref      ] GC(34) Final: 0 encountered, 0 discovered, 0 enqueued
[10.238s][info][gc,ref      ] GC(34) Phantom: 7 encountered, 4 discovered, 0 enqueued
[10.238s][info][gc,reloc    ] GC(34) Small Pages: 1203 / 2406M, Empty: 0M, Relocated: 1M, In-Place: 0
[10.238s][info][gc,reloc    ] GC(34) Medium Pages: 1 / 32M, Empty: 0M, Relocated: 0M, In-Place: 0
[10.238s][info][gc,reloc    ] GC(34) Large Pages: 0 / 0M, Empty: 0M, Relocated: 0M, In-Place: 0
[10.238s][info][gc,reloc    ] GC(34) Forwarding Usage: 0M
[10.238s][info][gc,heap     ] GC(34) Min Capacity: 4096M(100%)
[10.238s][info][gc,heap     ] GC(34) Max Capacity: 4096M(100%)
[10.238s][info][gc,heap     ] GC(34) Soft Max Capacity: 4096M(100%)
[10.238s][info][gc,heap     ] GC(34)                Mark Start          Mark End        Relocate Start      Relocate End           High               Low         
[10.238s][info][gc,heap     ] GC(34)  Capacity:     4096M (100%)       4096M (100%)       4096M (100%)       4096M (100%)       4096M (100%)       4096M (100%)   
[10.238s][info][gc,heap     ] GC(34)      Free:     1658M (40%)        1658M (40%)        1658M (40%)        1658M (40%)        1658M (40%)        1654M (40%)    
[10.238s][info][gc,heap     ] GC(34)      Used:     2438M (60%)        2438M (60%)        2438M (60%)        2438M (60%)        2442M (60%)        2438M (60%)    
[10.238s][info][gc,heap     ] GC(34)      Live:         -              2195M (54%)        2195M (54%)        2195M (54%)            -                  -          
[10.238s][info][gc,heap     ] GC(34) Allocated:         -                 0M (0%)            0M (0%)            0M (0%)             -                  -          
[10.239s][info][gc,heap     ] GC(34)   Garbage:         -               242M (6%)          242M (6%)          242M (6%)             -                  -          
[10.239s][info][gc,heap     ] GC(34) Reclaimed:         -                  -                 0M (0%)            0M (0%)             -                  -          
[10.239s][info][gc          ] GC(34) Garbage Collection (Timer) 2438M(60%)->2438M(60%)
[10.312s][info][gc,stats    ] === Garbage Collection Statistics =======================================================================================================================
[10.312s][info][gc,stats    ]                                                              Last 10s              Last 10m              Last 10h                Total
[10.312s][info][gc,stats    ]                                                              Avg / Max             Avg / Max             Avg / Max             Avg / Max
[10.312s][info][gc,stats    ]   Collector: Garbage Collection Cycle                     23.695 / 39.690       23.695 / 39.690       23.695 / 39.690       23.695 / 39.690      ms
[10.312s][info][gc,stats    ]  Contention: Mark Segment Reset Contention                     3 / 7                 3 / 7                 3 / 7                 3 / 7           ops/s
[10.312s][info][gc,stats    ]  Contention: Mark SeqNum Reset Contention                      1 / 3                 1 / 3                 1 / 3                 1 / 3           ops/s
[10.312s][info][gc,stats    ]    Critical: Allocation Stall                                  0 / 0                 0 / 0                 0 / 0                 0 / 0           ops/s
[10.312s][info][gc,stats    ]    Critical: Allocation Stall                              0.000 / 0.000         0.000 / 0.000         0.000 / 0.000         0.000 / 0.000       ms
[10.312s][info][gc,stats    ]    Critical: GC Locker Stall                                   0 / 0                 0 / 0                 0 / 0                 0 / 0           ops/s
[10.312s][info][gc,stats    ]    Critical: GC Locker Stall                               0.000 / 0.000         0.000 / 0.000         0.000 / 0.000         0.000 / 0.000       ms
[10.312s][info][gc,stats    ]    Critical: Relocation Stall                                  0 / 0                 0 / 0                 0 / 0                 0 / 0           ops/s
[10.312s][info][gc,stats    ]    Critical: Relocation Stall                              0.000 / 0.000         0.000 / 0.000         0.000 / 0.000         0.000 / 0.000       ms
[10.312s][info][gc,stats    ]      Memory: Allocation Rate                                 252 / 616             252 / 616             252 / 616             252 / 616         MB/s
[10.312s][info][gc,stats    ]      Memory: Out Of Memory                                     0 / 0                 0 / 0                 0 / 0                 0 / 0           ops/s
[10.312s][info][gc,stats    ]      Memory: Page Cache Flush                                  0 / 0                 0 / 0                 0 / 0                 0 / 0           MB/s
[10.312s][info][gc,stats    ]      Memory: Page Cache Hit L1                                10 / 16               10 / 16               10 / 16               10 / 16          ops/s
[10.312s][info][gc,stats    ]      Memory: Page Cache Hit L2                                 0 / 0                 0 / 0                 0 / 0                 0 / 0           ops/s
[10.312s][info][gc,stats    ]      Memory: Page Cache Hit L3                               120 / 310             120 / 310             120 / 310             120 / 310         ops/s
[10.312s][info][gc,stats    ]      Memory: Page Cache Miss                                   0 / 1                 0 / 1                 0 / 1                 0 / 1           ops/s
[10.312s][info][gc,stats    ]      Memory: Uncommit                                          0 / 0                 0 / 0                 0 / 0                 0 / 0           MB/s
[10.313s][info][gc,stats    ]      Memory: Undo Object Allocation Failed                     0 / 0                 0 / 0                 0 / 0                 0 / 0           ops/s
[10.313s][info][gc,stats    ]      Memory: Undo Object Allocation Succeeded                  0 / 0                 0 / 0                 0 / 0                 0 / 0           ops/s
[10.313s][info][gc,stats    ]      Memory: Undo Page Allocation                              0 / 0                 0 / 0                 0 / 0                 0 / 0           ops/s
[10.313s][info][gc,stats    ]       Phase: Concurrent Mark                              17.169 / 33.978       17.169 / 33.978       17.169 / 33.978       17.169 / 33.978      ms
[10.313s][info][gc,stats    ]       Phase: Concurrent Mark Continue                      0.000 / 0.000         0.000 / 0.000         0.000 / 0.000         0.000 / 0.000       ms
[10.313s][info][gc,stats    ]       Phase: Concurrent Mark Free                          0.001 / 0.001         0.001 / 0.001         0.001 / 0.001         0.001 / 0.001       ms
[10.313s][info][gc,stats    ]       Phase: Concurrent Process Non-Strong References      0.768 / 1.191         0.768 / 1.191         0.768 / 1.191         0.768 / 1.191       ms
[10.313s][info][gc,stats    ]       Phase: Concurrent Relocate                           2.102 / 6.476         2.102 / 6.476         2.102 / 6.476         2.102 / 6.476       ms
[10.313s][info][gc,stats    ]       Phase: Concurrent Reset Relocation Set               0.001 / 0.002         0.001 / 0.002         0.001 / 0.002         0.001 / 0.002       ms
[10.313s][info][gc,stats    ]       Phase: Concurrent Select Relocation Set              2.658 / 9.152         2.658 / 9.152         2.658 / 9.152         2.658 / 9.152       ms
[10.313s][info][gc,stats    ]       Phase: Pause Mark End                                0.010 / 0.012         0.010 / 0.012         0.010 / 0.012         0.010 / 0.012       ms
[10.313s][info][gc,stats    ]       Phase: Pause Mark Start                              0.007 / 0.024         0.007 / 0.024         0.007 / 0.024         0.007 / 0.024       ms
[10.313s][info][gc,stats    ]       Phase: Pause Relocate Start                          0.006 / 0.008         0.006 / 0.008         0.006 / 0.008         0.006 / 0.008       ms
[10.313s][info][gc,stats    ]    Subphase: Concurrent Classes Purge                      0.082 / 0.130         0.082 / 0.130         0.082 / 0.130         0.082 / 0.130       ms
[10.313s][info][gc,stats    ]    Subphase: Concurrent Classes Unlink                     0.246 / 0.290         0.246 / 0.290         0.246 / 0.290         0.246 / 0.290       ms
[10.313s][info][gc,stats    ]    Subphase: Concurrent Mark                              16.151 / 33.377       16.151 / 33.377       16.151 / 33.377       16.151 / 33.377      ms
[10.313s][info][gc,stats    ]    Subphase: Concurrent Mark Try Flush                     0.140 / 4.600         0.140 / 4.600         0.140 / 4.600         0.140 / 4.600       ms
[10.313s][info][gc,stats    ]    Subphase: Concurrent Mark Try Terminate                 1.182 / 2.486         1.182 / 2.486         1.182 / 2.486         1.182 / 2.486       ms
[10.313s][info][gc,stats    ]    Subphase: Concurrent References Enqueue                 0.001 / 0.004         0.001 / 0.004         0.001 / 0.004         0.001 / 0.004       ms
[10.313s][info][gc,stats    ]    Subphase: Concurrent References Process                 0.092 / 0.139         0.092 / 0.139         0.092 / 0.139         0.092 / 0.139       ms
[10.313s][info][gc,stats    ]    Subphase: Concurrent Roots ClassLoaderDataGraph         0.053 / 0.245         0.053 / 0.245         0.053 / 0.245         0.053 / 0.245       ms
[10.313s][info][gc,stats    ]    Subphase: Concurrent Roots CodeCache                    0.000 / 0.000         0.000 / 0.000         0.000 / 0.000         0.000 / 0.000       ms
[10.313s][info][gc,stats    ]    Subphase: Concurrent Roots JavaThreads                  0.188 / 0.705         0.188 / 0.705         0.188 / 0.705         0.188 / 0.705       ms
[10.313s][info][gc,stats    ]    Subphase: Concurrent Roots OopStorageSet                0.012 / 0.074         0.012 / 0.074         0.012 / 0.074         0.012 / 0.074       ms
[10.313s][info][gc,stats    ]    Subphase: Concurrent Weak Roots OopStorageSet           0.131 / 0.256         0.131 / 0.256         0.131 / 0.256         0.131 / 0.256       ms
[10.313s][info][gc,stats    ]    Subphase: Pause Mark Try Complete                       0.000 / 0.000         0.000 / 0.000         0.000 / 0.000         0.000 / 0.000       ms
[10.313s][info][gc,stats    ]      System: Java Threads                                     13 / 14               13 / 14               13 / 14               13 / 14          threads
[10.313s][info][gc,stats    ] =========================================================================================================================================================
[10.511s][info][gc,start    ] GC(35) Garbage Collection (Timer)
[10.511s][info][gc,task     ] GC(35) Using 3 workers
[10.512s][info][gc,phases   ] GC(35) Pause Mark Start 0.006ms
[10.531s][info][gc,phases   ] GC(35) Concurrent Mark 19.117ms
[10.531s][info][gc,phases   ] GC(35) Pause Mark End 0.010ms
[10.531s][info][gc,phases   ] GC(35) Concurrent Mark Free 0.001ms
[10.532s][info][gc,phases   ] GC(35) Concurrent Process Non-Strong References 0.851ms
[10.532s][info][gc,phases   ] GC(35) Concurrent Reset Relocation Set 0.001ms
[10.534s][info][gc,phases   ] GC(35) Concurrent Select Relocation Set 2.100ms
[10.534s][info][gc,phases   ] GC(35) Pause Relocate Start 0.005ms
[10.534s][info][gc,phases   ] GC(35) Concurrent Relocate 0.221ms
[10.535s][info][gc,load     ] GC(35) Load: 0.00/0.00/0.00
[10.535s][info][gc,mmu      ] GC(35) MMU: 2ms/98.8%, 5ms/99.5%, 10ms/99.8%, 20ms/99.8%, 50ms/99.9%, 100ms/100.0%
[10.535s][info][gc,marking  ] GC(35) Mark: 2 stripe(s), 2 proactive flush(es), 1 terminate flush(es), 0 completion(s), 0 continuation(s) 
[10.535s][info][gc,marking  ] GC(35) Mark Stack Usage: 32M
[10.535s][info][gc,nmethod  ] GC(35) NMethods: 472 registered, 0 unregistered
[10.535s][info][gc,metaspace] GC(35) Metaspace: 1M used, 1M committed, 1088M reserved
[10.535s][info][gc,ref      ] GC(35) Soft: 181 encountered, 0 discovered, 0 enqueued
[10.535s][info][gc,ref      ] GC(35) Weak: 263 encountered, 148 discovered, 0 enqueued
[10.535s][info][gc,ref      ] GC(35) Final: 0 encountered, 0 discovered, 0 enqueued
[10.535s][info][gc,ref      ] GC(35) Phantom: 7 encountered, 2 discovered, 0 enqueued
[10.535s][info][gc,reloc    ] GC(35) Small Pages: 1203 / 2406M, Empty: 0M, Relocated: 1M, In-Place: 0
[10.535s][info][gc,reloc    ] GC(35) Medium Pages: 1 / 32M, Empty: 0M, Relocated: 0M, In-Place: 0
[10.535s][info][gc,reloc    ] GC(35) Large Pages: 0 / 0M, Empty: 0M, Relocated: 0M, In-Place: 0
[10.535s][info][gc,reloc    ] GC(35) Forwarding Usage: 0M
[10.535s][info][gc,heap     ] GC(35) Min Capacity: 4096M(100%)
[10.535s][info][gc,heap     ] GC(35) Max Capacity: 4096M(100%)
[10.535s][info][gc,heap     ] GC(35) Soft Max Capacity: 4096M(100%)
[10.535s][info][gc,heap     ] GC(35)                Mark Start          Mark End        Relocate Start      Relocate End           High               Low         
[10.535s][info][gc,heap     ] GC(35)  Capacity:     4096M (100%)       4096M (100%)       4096M (100%)       4096M (100%)       4096M (100%)       4096M (100%)   
[10.535s][info][gc,heap     ] GC(35)      Free:     1658M (40%)        1658M (40%)        1658M (40%)        1658M (40%)        1658M (40%)        1654M (40%)    
[10.535s][info][gc,heap     ] GC(35)      Used:     2438M (60%)        2438M (60%)        2438M (60%)        2438M (60%)        2442M (60%)        2438M (60%)    
[10.535s][info][gc,heap     ] GC(35)      Live:         -              2195M (54%)        2195M (54%)        2195M (54%)            -                  -          
[10.535s][info][gc,heap     ] GC(35) Allocated:         -                 0M (0%)            0M (0%)            0M (0%)             -                  -          
[10.535s][info][gc,heap     ] GC(35)   Garbage:         -               242M (6%)          242M (6%)          242M (6%)             -                  -          
[10.535s][info][gc,heap     ] GC(35) Reclaimed:         -                  -                 0M (0%)            0M (0%)             -                  -          
[10.535s][info][gc          ] GC(35) Garbage Collection (Timer) 2438M(60%)->2438M(60%)
[10.811s][info][gc,start    ] GC(36) Garbage Collection (Timer)
[10.811s][info][gc,task     ] GC(36) Using 3 workers
[10.812s][info][gc,phases   ] GC(36) Pause Mark Start 0.006ms
[10.828s][info][gc,phases   ] GC(36) Concurrent Mark 15.899ms
[10.828s][info][gc,phases   ] GC(36) Pause Mark End 0.010ms
[10.828s][info][gc,phases   ] GC(36) Concurrent Mark Free 0.001ms
[10.829s][info][gc,phases   ] GC(36) Concurrent Process Non-Strong References 0.825ms
[10.829s][info][gc,phases   ] GC(36) Concurrent Reset Relocation Set 0.001ms
[10.831s][info][gc,phases   ] GC(36) Concurrent Select Relocation Set 2.340ms
[10.831s][info][gc,phases   ] GC(36) Pause Relocate Start 0.006ms
[10.835s][info][gc,phases   ] GC(36) Concurrent Relocate 3.721ms
[10.835s][info][gc,load     ] GC(36) Load: 0.00/0.00/0.00
[10.835s][info][gc,mmu      ] GC(36) MMU: 2ms/98.8%, 5ms/99.5%, 10ms/99.8%, 20ms/99.8%, 50ms/99.9%, 100ms/100.0%
[10.835s][info][gc,marking  ] GC(36) Mark: 2 stripe(s), 2 proactive flush(es), 1 terminate flush(es), 0 completion(s), 0 continuation(s) 
[10.835s][info][gc,marking  ] GC(36) Mark Stack Usage: 32M
[10.836s][info][gc,nmethod  ] GC(36) NMethods: 478 registered, 0 unregistered
[10.836s][info][gc,metaspace] GC(36) Metaspace: 1M used, 1M committed, 1088M reserved
[10.836s][info][gc,ref      ] GC(36) Soft: 181 encountered, 0 discovered, 0 enqueued
[10.836s][info][gc,ref      ] GC(36) Weak: 263 encountered, 136 discovered, 0 enqueued
[10.836s][info][gc,ref      ] GC(36) Final: 0 encountered, 0 discovered, 0 enqueued
[10.836s][info][gc,ref      ] GC(36) Phantom: 7 encountered, 2 discovered, 0 enqueued
[10.836s][info][gc,reloc    ] GC(36) Small Pages: 1230 / 2460M, Empty: 0M, Relocated: 3M, In-Place: 0
[10.836s][info][gc,reloc    ] GC(36) Medium Pages: 1 / 32M, Empty: 0M, Relocated: 0M, In-Place: 0
[10.836s][info][gc,reloc    ] GC(36) Large Pages: 0 / 0M, Empty: 0M, Relocated: 0M, In-Place: 0
[10.836s][info][gc,reloc    ] GC(36) Forwarding Usage: 0M
[10.836s][info][gc,heap     ] GC(36) Min Capacity: 4096M(100%)
[10.836s][info][gc,heap     ] GC(36) Max Capacity: 4096M(100%)
[10.836s][info][gc,heap     ] GC(36) Soft Max Capacity: 4096M(100%)
[10.836s][info][gc,heap     ] GC(36)                Mark Start          Mark End        Relocate Start      Relocate End           High               Low         
[10.836s][info][gc,heap     ] GC(36)  Capacity:     4096M (100%)       4096M (100%)       4096M (100%)       4096M (100%)       4096M (100%)       4096M (100%)   
[10.836s][info][gc,heap     ] GC(36)      Free:     1604M (39%)        1602M (39%)        1602M (39%)        1606M (39%)        1606M (39%)        1596M (39%)    
[10.836s][info][gc,heap     ] GC(36)      Used:     2492M (61%)        2494M (61%)        2494M (61%)        2490M (61%)        2500M (61%)        2490M (61%)    
[10.836s][info][gc,heap     ] GC(36)      Live:         -              2242M (55%)        2242M (55%)        2242M (55%)            -                  -          
[10.836s][info][gc,heap     ] GC(36) Allocated:         -                 2M (0%)            2M (0%)            1M (0%)             -                  -          
[10.836s][info][gc,heap     ] GC(36)   Garbage:         -               249M (6%)          249M (6%)          245M (6%)             -                  -          
[10.836s][info][gc,heap     ] GC(36) Reclaimed:         -                  -                 0M (0%)            3M (0%)             -                  -          
[10.836s][info][gc          ] GC(36) Garbage Collection (Timer) 2492M(61%)->2490M(61%)
[11.112s][info][gc,start    ] GC(37) Garbage Collection (Timer)
[11.112s][info][gc,task     ] GC(37) Using 3 workers
[11.112s][info][gc,phases   ] GC(37) Pause Mark Start 0.006ms
[11.131s][info][gc,phases   ] GC(37) Concurrent Mark 19.009ms
[11.132s][info][gc,phases   ] GC(37) Pause Mark End 0.009ms
[11.132s][info][gc,phases   ] GC(37) Concurrent Mark Free 0.001ms
[11.132s][info][gc,phases   ] GC(37) Concurrent Process Non-Strong References 0.440ms
[11.132s][info][gc,phases   ] GC(37) Concurrent Reset Relocation Set 0.001ms
[11.134s][info][gc,phases   ] GC(37) Concurrent Select Relocation Set 2.266ms
[11.134s][info][gc,phases   ] GC(37) Pause Relocate Start 0.005ms
[11.139s][info][gc,phases   ] GC(37) Concurrent Relocate 4.222ms
[11.139s][info][gc,load     ] GC(37) Load: 0.00/0.00/0.00
[11.139s][info][gc,mmu      ] GC(37) MMU: 2ms/98.8%, 5ms/99.5%, 10ms/99.8%, 20ms/99.8%, 50ms/99.9%, 100ms/100.0%
[11.139s][info][gc,marking  ] GC(37) Mark: 2 stripe(s), 2 proactive flush(es), 1 terminate flush(es), 0 completion(s), 0 continuation(s) 
[11.139s][info][gc,marking  ] GC(37) Mark Stack Usage: 32M
[11.139s][info][gc,nmethod  ] GC(37) NMethods: 478 registered, 0 unregistered
[11.139s][info][gc,metaspace] GC(37) Metaspace: 1M used, 1M committed, 1088M reserved
[11.139s][info][gc,ref      ] GC(37) Soft: 181 encountered, 0 discovered, 0 enqueued
[11.139s][info][gc,ref      ] GC(37) Weak: 263 encountered, 147 discovered, 0 enqueued
[11.139s][info][gc,ref      ] GC(37) Final: 0 encountered, 0 discovered, 0 enqueued
[11.139s][info][gc,ref      ] GC(37) Phantom: 7 encountered, 4 discovered, 0 enqueued
[11.139s][info][gc,reloc    ] GC(37) Small Pages: 1259 / 2518M, Empty: 0M, Relocated: 3M, In-Place: 0
[11.139s][info][gc,reloc    ] GC(37) Medium Pages: 1 / 32M, Empty: 0M, Relocated: 0M, In-Place: 0
[11.139s][info][gc,reloc    ] GC(37) Large Pages: 0 / 0M, Empty: 0M, Relocated: 0M, In-Place: 0
[11.139s][info][gc,reloc    ] GC(37) Forwarding Usage: 0M
[11.139s][info][gc,heap     ] GC(37) Min Capacity: 4096M(100%)
[11.139s][info][gc,heap     ] GC(37) Max Capacity: 4096M(100%)
[11.139s][info][gc,heap     ] GC(37) Soft Max Capacity: 4096M(100%)
[11.139s][info][gc,heap     ] GC(37)                Mark Start          Mark End        Relocate Start      Relocate End           High               Low         
[11.139s][info][gc,heap     ] GC(37)  Capacity:     4096M (100%)       4096M (100%)       4096M (100%)       4096M (100%)       4096M (100%)       4096M (100%)   
[11.139s][info][gc,heap     ] GC(37)      Free:     1546M (38%)        1544M (38%)        1544M (38%)        1546M (38%)        1546M (38%)        1538M (38%)    
[11.139s][info][gc,heap     ] GC(37)      Used:     2550M (62%)        2552M (62%)        2552M (62%)        2550M (62%)        2558M (62%)        2550M (62%)    
[11.139s][info][gc,heap     ] GC(37)      Live:         -              2297M (56%)        2297M (56%)        2297M (56%)            -                  -          
[11.140s][info][gc,heap     ] GC(37) Allocated:         -                 2M (0%)            2M (0%)            2M (0%)             -                  -          
[11.140s][info][gc,heap     ] GC(37)   Garbage:         -               252M (6%)          252M (6%)          250M (6%)             -                  -          
[11.140s][info][gc,heap     ] GC(37) Reclaimed:         -                  -                 0M (0%)            2M (0%)             -                  -          
[11.140s][info][gc          ] GC(37) Garbage Collection (Timer) 2550M(62%)->2550M(62%)
[11.412s][info][gc,start    ] GC(38) Garbage Collection (Timer)
[11.412s][info][gc,task     ] GC(38) Using 3 workers
[11.412s][info][gc,phases   ] GC(38) Pause Mark Start 0.006ms
[11.431s][info][gc,phases   ] GC(38) Concurrent Mark 18.913ms
[11.431s][info][gc,phases   ] GC(38) Pause Mark End 0.009ms
[11.431s][info][gc,phases   ] GC(38) Concurrent Mark Free 0.001ms
[11.432s][info][gc,phases   ] GC(38) Concurrent Process Non-Strong References 0.856ms
[11.432s][info][gc,phases   ] GC(38) Concurrent Reset Relocation Set 0.001ms
[11.435s][info][gc,phases   ] GC(38) Concurrent Select Relocation Set 2.279ms
[11.435s][info][gc,phases   ] GC(38) Pause Relocate Start 0.005ms
[11.437s][info][gc,phases   ] GC(38) Concurrent Relocate 1.654ms
[11.437s][info][gc,load     ] GC(38) Load: 0.00/0.00/0.00
[11.437s][info][gc,mmu      ] GC(38) MMU: 2ms/98.8%, 5ms/99.5%, 10ms/99.8%, 20ms/99.8%, 50ms/99.9%, 100ms/100.0%
[11.437s][info][gc,marking  ] GC(38) Mark: 2 stripe(s), 2 proactive flush(es), 1 terminate flush(es), 0 completion(s), 0 continuation(s) 
[11.437s][info][gc,marking  ] GC(38) Mark Stack Usage: 32M
[11.437s][info][gc,nmethod  ] GC(38) NMethods: 478 registered, 0 unregistered
[11.437s][info][gc,metaspace] GC(38) Metaspace: 1M used, 1M committed, 1088M reserved
[11.437s][info][gc,ref      ] GC(38) Soft: 181 encountered, 0 discovered, 0 enqueued
[11.437s][info][gc,ref      ] GC(38) Weak: 263 encountered, 0 discovered, 0 enqueued
[11.437s][info][gc,ref      ] GC(38) Final: 0 encountered, 0 discovered, 0 enqueued
[11.437s][info][gc,ref      ] GC(38) Phantom: 7 encountered, 3 discovered, 0 enqueued
[11.437s][info][gc,reloc    ] GC(38) Small Pages: 1288 / 2576M, Empty: 0M, Relocated: 1M, In-Place: 0
[11.437s][info][gc,reloc    ] GC(38) Medium Pages: 1 / 32M, Empty: 0M, Relocated: 0M, In-Place: 0
[11.437s][info][gc,reloc    ] GC(38) Large Pages: 0 / 0M, Empty: 0M, Relocated: 0M, In-Place: 0
[11.437s][info][gc,reloc    ] GC(38) Forwarding Usage: 0M
[11.437s][info][gc,heap     ] GC(38) Min Capacity: 4096M(100%)
[11.437s][info][gc,heap     ] GC(38) Max Capacity: 4096M(100%)
[11.437s][info][gc,heap     ] GC(38) Soft Max Capacity: 4096M(100%)
[11.437s][info][gc,heap     ] GC(38)                Mark Start          Mark End        Relocate Start      Relocate End           High               Low         
[11.437s][info][gc,heap     ] GC(38)  Capacity:     4096M (100%)       4096M (100%)       4096M (100%)       4096M (100%)       4096M (100%)       4096M (100%)   
[11.437s][info][gc,heap     ] GC(38)      Free:     1488M (36%)        1486M (36%)        1486M (36%)        1486M (36%)        1488M (36%)        1482M (36%)    
[11.437s][info][gc,heap     ] GC(38)      Used:     2608M (64%)        2610M (64%)        2610M (64%)        2610M (64%)        2614M (64%)        2608M (64%)    
[11.437s][info][gc,heap     ] GC(38)      Live:         -              2351M (57%)        2351M (57%)        2351M (57%)            -                  -          
[11.437s][info][gc,heap     ] GC(38) Allocated:         -                 2M (0%)            2M (0%)            2M (0%)             -                  -          
[11.437s][info][gc,heap     ] GC(38)   Garbage:         -               256M (6%)          256M (6%)          256M (6%)             -                  -          
[11.437s][info][gc,heap     ] GC(38) Reclaimed:         -                  -                 0M (0%)            0M (0%)             -                  -          
[11.437s][info][gc          ] GC(38) Garbage Collection (Timer) 2608M(64%)->2610M(64%)
[11.712s][info][gc,start    ] GC(39) Garbage Collection (Timer)
[11.712s][info][gc,task     ] GC(39) Using 3 workers
[11.712s][info][gc,phases   ] GC(39) Pause Mark Start 0.006ms
[11.730s][info][gc,phases   ] GC(39) Concurrent Mark 17.474ms
[11.730s][info][gc,phases   ] GC(39) Pause Mark End 0.009ms
[11.730s][info][gc,phases   ] GC(39) Concurrent Mark Free 0.001ms
[11.731s][info][gc,phases   ] GC(39) Concurrent Process Non-Strong References 0.812ms
[11.731s][info][gc,phases   ] GC(39) Concurrent Reset Relocation Set 0.001ms
[11.733s][info][gc,phases   ] GC(39) Concurrent Select Relocation Set 2.199ms
[11.733s][info][gc,phases   ] GC(39) Pause Relocate Start 0.004ms
[11.736s][info][gc,phases   ] GC(39) Concurrent Relocate 2.220ms
[11.736s][info][gc,load     ] GC(39) Load: 0.00/0.00/0.00
[11.736s][info][gc,mmu      ] GC(39) MMU: 2ms/98.8%, 5ms/99.5%, 10ms/99.8%, 20ms/99.8%, 50ms/99.9%, 100ms/100.0%
[11.736s][info][gc,marking  ] GC(39) Mark: 2 stripe(s), 2 proactive flush(es), 1 terminate flush(es), 0 completion(s), 0 continuation(s) 
[11.736s][info][gc,marking  ] GC(39) Mark Stack Usage: 32M
[11.736s][info][gc,nmethod  ] GC(39) NMethods: 478 registered, 0 unregistered
[11.736s][info][gc,metaspace] GC(39) Metaspace: 1M used, 1M committed, 1088M reserved
[11.736s][info][gc,ref      ] GC(39) Soft: 181 encountered, 0 discovered, 0 enqueued
[11.736s][info][gc,ref      ] GC(39) Weak: 263 encountered, 206 discovered, 0 enqueued
[11.736s][info][gc,ref      ] GC(39) Final: 0 encountered, 0 discovered, 0 enqueued
[11.736s][info][gc,ref      ] GC(39) Phantom: 7 encountered, 4 discovered, 0 enqueued
[11.736s][info][gc,reloc    ] GC(39) Small Pages: 1316 / 2632M, Empty: 0M, Relocated: 1M, In-Place: 0
[11.736s][info][gc,reloc    ] GC(39) Medium Pages: 1 / 32M, Empty: 0M, Relocated: 0M, In-Place: 0
[11.736s][info][gc,reloc    ] GC(39) Large Pages: 0 / 0M, Empty: 0M, Relocated: 0M, In-Place: 0
[11.736s][info][gc,reloc    ] GC(39) Forwarding Usage: 0M
[11.736s][info][gc,heap     ] GC(39) Min Capacity: 4096M(100%)
[11.736s][info][gc,heap     ] GC(39) Max Capacity: 4096M(100%)
[11.736s][info][gc,heap     ] GC(39) Soft Max Capacity: 4096M(100%)
[11.736s][info][gc,heap     ] GC(39)                Mark Start          Mark End        Relocate Start      Relocate End           High               Low         
[11.736s][info][gc,heap     ] GC(39)  Capacity:     4096M (100%)       4096M (100%)       4096M (100%)       4096M (100%)       4096M (100%)       4096M (100%)   
[11.736s][info][gc,heap     ] GC(39)      Free:     1432M (35%)        1430M (35%)        1430M (35%)        1430M (35%)        1432M (35%)        1426M (35%)    
[11.736s][info][gc,heap     ] GC(39)      Used:     2664M (65%)        2666M (65%)        2666M (65%)        2666M (65%)        2670M (65%)        2664M (65%)    
[11.736s][info][gc,heap     ] GC(39)      Live:         -              2402M (59%)        2402M (59%)        2402M (59%)            -                  -          
[11.736s][info][gc,heap     ] GC(39) Allocated:         -                 2M (0%)            2M (0%)            2M (0%)             -                  -          
[11.736s][info][gc,heap     ] GC(39)   Garbage:         -               261M (6%)          261M (6%)          261M (6%)             -                  -          
[11.736s][info][gc,heap     ] GC(39) Reclaimed:         -                  -                 0M (0%)            0M (0%)             -                  -          
[11.736s][info][gc          ] GC(39) Garbage Collection (Timer) 2664M(65%)->2666M(65%)
[12.012s][info][gc,start    ] GC(40) Garbage Collection (Timer)
[12.012s][info][gc,task     ] GC(40) Using 3 workers
[12.013s][info][gc,phases   ] GC(40) Pause Mark Start 0.006ms
[12.030s][info][gc,phases   ] GC(40) Concurrent Mark 17.046ms
[12.030s][info][gc,phases   ] GC(40) Pause Mark End 0.009ms
[12.030s][info][gc,phases   ] GC(40) Concurrent Mark Free 0.001ms
[12.031s][info][gc,phases   ] GC(40) Concurrent Process Non-Strong References 1.034ms
[12.031s][info][gc,phases   ] GC(40) Concurrent Reset Relocation Set 0.001ms
[12.033s][info][gc,phases   ] GC(40) Concurrent Select Relocation Set 2.208ms
[12.033s][info][gc,phases   ] GC(40) Pause Relocate Start 0.004ms
[12.037s][info][gc,phases   ] GC(40) Concurrent Relocate 3.293ms
[12.037s][info][gc,load     ] GC(40) Load: 0.00/0.00/0.00
[12.037s][info][gc,mmu      ] GC(40) MMU: 2ms/98.8%, 5ms/99.5%, 10ms/99.8%, 20ms/99.8%, 50ms/99.9%, 100ms/100.0%
[12.037s][info][gc,marking  ] GC(40) Mark: 2 stripe(s), 2 proactive flush(es), 1 terminate flush(es), 0 completion(s), 0 continuation(s) 
[12.037s][info][gc,marking  ] GC(40) Mark Stack Usage: 32M
[12.037s][info][gc,nmethod  ] GC(40) NMethods: 478 registered, 0 unregistered
[12.037s][info][gc,metaspace] GC(40) Metaspace: 1M used, 1M committed, 1088M reserved
[12.037s][info][gc,ref      ] GC(40) Soft: 181 encountered, 0 discovered, 0 enqueued
[12.037s][info][gc,ref      ] GC(40) Weak: 263 encountered, 128 discovered, 0 enqueued
[12.037s][info][gc,ref      ] GC(40) Final: 0 encountered, 0 discovered, 0 enqueued
[12.037s][info][gc,ref      ] GC(40) Phantom: 7 encountered, 2 discovered, 0 enqueued
[12.037s][info][gc,reloc    ] GC(40) Small Pages: 1342 / 2684M, Empty: 0M, Relocated: 3M, In-Place: 0
[12.037s][info][gc,reloc    ] GC(40) Medium Pages: 1 / 32M, Empty: 0M, Relocated: 0M, In-Place: 0
[12.037s][info][gc,reloc    ] GC(40) Large Pages: 0 / 0M, Empty: 0M, Relocated: 0M, In-Place: 0
[12.037s][info][gc,reloc    ] GC(40) Forwarding Usage: 0M
[12.037s][info][gc,heap     ] GC(40) Min Capacity: 4096M(100%)
[12.037s][info][gc,heap     ] GC(40) Max Capacity: 4096M(100%)
[12.037s][info][gc,heap     ] GC(40) Soft Max Capacity: 4096M(100%)
[12.037s][info][gc,heap     ] GC(40)                Mark Start          Mark End        Relocate Start      Relocate End           High               Low         
[12.037s][info][gc,heap     ] GC(40)  Capacity:     4096M (100%)       4096M (100%)       4096M (100%)       4096M (100%)       4096M (100%)       4096M (100%)   
[12.037s][info][gc,heap     ] GC(40)      Free:     1380M (34%)        1378M (34%)        1378M (34%)        1380M (34%)        1380M (34%)        1372M (33%)    
[12.037s][info][gc,heap     ] GC(40)      Used:     2716M (66%)        2718M (66%)        2718M (66%)        2716M (66%)        2724M (67%)        2716M (66%)    
[12.037s][info][gc,heap     ] GC(40)      Live:         -              2448M (60%)        2448M (60%)        2448M (60%)            -                  -          
[12.037s][info][gc,heap     ] GC(40) Allocated:         -                 2M (0%)            2M (0%)            1M (0%)             -                  -          
[12.038s][info][gc,heap     ] GC(40)   Garbage:         -               267M (7%)          267M (7%)          265M (6%)             -                  -          
[12.038s][info][gc,heap     ] GC(40) Reclaimed:         -                  -                 0M (0%)            1M (0%)             -                  -          
[12.038s][info][gc          ] GC(40) Garbage Collection (Timer) 2716M(66%)->2716M(66%)
[12.312s][info][gc,start    ] GC(41) Garbage Collection (Timer)
[12.312s][info][gc,task     ] GC(41) Using 3 workers
[12.312s][info][gc,phases   ] GC(41) Pause Mark Start 0.006ms
[12.329s][info][gc,phases   ] GC(41) Concurrent Mark 16.765ms
[12.329s][info][gc,phases   ] GC(41) Pause Mark End 0.009ms
[12.330s][info][gc,phases   ] GC(41) Concurrent Mark Free 0.001ms
[12.330s][info][gc,phases   ] GC(41) Concurrent Process Non-Strong References 0.576ms
[12.330s][info][gc,phases   ] GC(41) Concurrent Reset Relocation Set 0.001ms
[12.332s][info][gc,phases   ] GC(41) Concurrent Select Relocation Set 2.233ms
[12.333s][info][gc,phases   ] GC(41) Pause Relocate Start 0.005ms
[12.335s][info][gc,phases   ] GC(41) Concurrent Relocate 1.686ms
[12.335s][info][gc,load     ] GC(41) Load: 0.00/0.00/0.00
[12.335s][info][gc,mmu      ] GC(41) MMU: 2ms/98.8%, 5ms/99.5%, 10ms/99.8%, 20ms/99.8%, 50ms/99.9%, 100ms/100.0%
[12.335s][info][gc,marking  ] GC(41) Mark: 2 stripe(s), 2 proactive flush(es), 1 terminate flush(es), 0 completion(s), 0 continuation(s) 
[12.335s][info][gc,marking  ] GC(41) Mark Stack Usage: 32M
[12.335s][info][gc,nmethod  ] GC(41) NMethods: 478 registered, 0 unregistered
[12.335s][info][gc,metaspace] GC(41) Metaspace: 1M used, 1M committed, 1088M reserved
[12.335s][info][gc,ref      ] GC(41) Soft: 181 encountered, 0 discovered, 0 enqueued
[12.335s][info][gc,ref      ] GC(41) Weak: 263 encountered, 146 discovered, 0 enqueued
[12.335s][info][gc,ref      ] GC(41) Final: 0 encountered, 0 discovered, 0 enqueued
[12.335s][info][gc,ref      ] GC(41) Phantom: 7 encountered, 2 discovered, 0 enqueued
[12.335s][info][gc,reloc    ] GC(41) Small Pages: 1367 / 2734M, Empty: 0M, Relocated: 1M, In-Place: 0
[12.335s][info][gc,reloc    ] GC(41) Medium Pages: 1 / 32M, Empty: 0M, Relocated: 0M, In-Place: 0
[12.335s][info][gc,reloc    ] GC(41) Large Pages: 0 / 0M, Empty: 0M, Relocated: 0M, In-Place: 0
[12.335s][info][gc,reloc    ] GC(41) Forwarding Usage: 0M
[12.335s][info][gc,heap     ] GC(41) Min Capacity: 4096M(100%)
[12.335s][info][gc,heap     ] GC(41) Max Capacity: 4096M(100%)
[12.335s][info][gc,heap     ] GC(41) Soft Max Capacity: 4096M(100%)
[12.335s][info][gc,heap     ] GC(41)                Mark Start          Mark End        Relocate Start      Relocate End           High               Low         
[12.335s][info][gc,heap     ] GC(41)  Capacity:     4096M (100%)       4096M (100%)       4096M (100%)       4096M (100%)       4096M (100%)       4096M (100%)   
[12.335s][info][gc,heap     ] GC(41)      Free:     1330M (32%)        1328M (32%)        1328M (32%)        1328M (32%)        1330M (32%)        1324M (32%)    
[12.335s][info][gc,heap     ] GC(41)      Used:     2766M (68%)        2768M (68%)        2768M (68%)        2768M (68%)        2772M (68%)        2766M (68%)    
[12.335s][info][gc,heap     ] GC(41)      Live:         -              2495M (61%)        2495M (61%)        2495M (61%)            -                  -          
[12.335s][info][gc,heap     ] GC(41) Allocated:         -                 2M (0%)            2M (0%)            2M (0%)             -                  -          
[12.335s][info][gc,heap     ] GC(41)   Garbage:         -               270M (7%)          270M (7%)          270M (7%)             -                  -          
[12.335s][info][gc,heap     ] GC(41) Reclaimed:         -                  -                 0M (0%)            0M (0%)             -                  -          
[12.335s][info][gc          ] GC(41) Garbage Collection (Timer) 2766M(68%)->2768M(68%)
[12.612s][info][gc,start    ] GC(42) Garbage Collection (Timer)
[12.612s][info][gc,task     ] GC(42) Using 3 workers
[12.613s][info][gc,phases   ] GC(42) Pause Mark Start 0.006ms
[12.631s][info][gc,phases   ] GC(42) Concurrent Mark 18.349ms
[12.632s][info][gc,phases   ] GC(42) Pause Mark End 0.009ms
[12.632s][info][gc,phases   ] GC(42) Concurrent Mark Free 0.001ms
[12.632s][info][gc,phases   ] GC(42) Concurrent Process Non-Strong References 0.562ms
[12.632s][info][gc,phases   ] GC(42) Concurrent Reset Relocation Set 0.001ms
[12.635s][info][gc,phases   ] GC(42) Concurrent Select Relocation Set 2.227ms
[12.635s][info][gc,phases   ] GC(42) Pause Relocate Start 0.006ms
[12.637s][info][gc,phases   ] GC(42) Concurrent Relocate 2.199ms
[12.637s][info][gc,load     ] GC(42) Load: 0.00/0.00/0.00
[12.637s][info][gc,mmu      ] GC(42) MMU: 2ms/98.8%, 5ms/99.5%, 10ms/99.8%, 20ms/99.8%, 50ms/99.9%, 100ms/100.0%
[12.637s][info][gc,marking  ] GC(42) Mark: 2 stripe(s), 2 proactive flush(es), 1 terminate flush(es), 0 completion(s), 0 continuation(s) 
[12.637s][info][gc,marking  ] GC(42) Mark Stack Usage: 32M
[12.637s][info][gc,nmethod  ] GC(42) NMethods: 478 registered, 0 unregistered
[12.637s][info][gc,metaspace] GC(42) Metaspace: 1M used, 1M committed, 1088M reserved
[12.637s][info][gc,ref      ] GC(42) Soft: 181 encountered, 0 discovered, 0 enqueued
[12.637s][info][gc,ref      ] GC(42) Weak: 263 encountered, 137 discovered, 0 enqueued
[12.637s][info][gc,ref      ] GC(42) Final: 0 encountered, 0 discovered, 0 enqueued
[12.637s][info][gc,ref      ] GC(42) Phantom: 7 encountered, 3 discovered, 0 enqueued
[12.637s][info][gc,reloc    ] GC(42) Small Pages: 1394 / 2788M, Empty: 0M, Relocated: 1M, In-Place: 0
[12.637s][info][gc,reloc    ] GC(42) Medium Pages: 1 / 32M, Empty: 0M, Relocated: 0M, In-Place: 0
[12.637s][info][gc,reloc    ] GC(42) Large Pages: 0 / 0M, Empty: 0M, Relocated: 0M, In-Place: 0
[12.637s][info][gc,reloc    ] GC(42) Forwarding Usage: 0M
[12.638s][info][gc,heap     ] GC(42) Min Capacity: 4096M(100%)
[12.638s][info][gc,heap     ] GC(42) Max Capacity: 4096M(100%)
[12.638s][info][gc,heap     ] GC(42) Soft Max Capacity: 4096M(100%)
[12.638s][info][gc,heap     ] GC(42)                Mark Start          Mark End        Relocate Start      Relocate End           High               Low         
[12.638s][info][gc,heap     ] GC(42)  Capacity:     4096M (100%)       4096M (100%)       4096M (100%)       4096M (100%)       4096M (100%)       4096M (100%)   
[12.638s][info][gc,heap     ] GC(42)      Free:     1276M (31%)        1274M (31%)        1274M (31%)        1274M (31%)        1276M (31%)        1270M (31%)    
[12.638s][info][gc,heap     ] GC(42)      Used:     2820M (69%)        2822M (69%)        2822M (69%)        2822M (69%)        2826M (69%)        2820M (69%)    
[12.638s][info][gc,heap     ] GC(42)      Live:         -              2543M (62%)        2543M (62%)        2543M (62%)            -                  -          
[12.638s][info][gc,heap     ] GC(42) Allocated:         -                 2M (0%)            2M (0%)            2M (0%)             -                  -          
[12.638s][info][gc,heap     ] GC(42)   Garbage:         -               276M (7%)          276M (7%)          276M (7%)             -                  -          
[12.638s][info][gc,heap     ] GC(42) Reclaimed:         -                  -                 0M (0%)            0M (0%)             -                  -          
[12.638s][info][gc          ] GC(42) Garbage Collection (Timer) 2820M(69%)->2822M(69%)
[12.912s][info][gc,start    ] GC(43) Garbage Collection (Timer)
[12.912s][info][gc,task     ] GC(43) Using 3 workers
[12.912s][info][gc,phases   ] GC(43) Pause Mark Start 0.006ms
[12.933s][info][gc,phases   ] GC(43) Concurrent Mark 20.147ms
[12.933s][info][gc,phases   ] GC(43) Pause Mark End 0.009ms
[12.933s][info][gc,phases   ] GC(43) Concurrent Mark Free 0.001ms
[12.934s][info][gc,phases   ] GC(43) Concurrent Process Non-Strong References 0.835ms
[12.934s][info][gc,phases   ] GC(43) Concurrent Reset Relocation Set 0.001ms
[12.936s][info][gc,phases   ] GC(43) Concurrent Select Relocation Set 2.301ms
[12.936s][info][gc,phases   ] GC(43) Pause Relocate Start 0.005ms
[12.941s][info][gc,phases   ] GC(43) Concurrent Relocate 4.348ms
[12.941s][info][gc,load     ] GC(43) Load: 0.00/0.00/0.00
[12.941s][info][gc,mmu      ] GC(43) MMU: 2ms/98.8%, 5ms/99.5%, 10ms/99.8%, 20ms/99.8%, 50ms/99.9%, 100ms/100.0%
[12.941s][info][gc,marking  ] GC(43) Mark: 2 stripe(s), 2 proactive flush(es), 1 terminate flush(es), 0 completion(s), 0 continuation(s) 
[12.941s][info][gc,marking  ] GC(43) Mark Stack Usage: 32M
[12.941s][info][gc,nmethod  ] GC(43) NMethods: 478 registered, 0 unregistered
[12.941s][info][gc,metaspace] GC(43) Metaspace: 1M used, 1M committed, 1088M reserved
[12.941s][info][gc,ref      ] GC(43) Soft: 181 encountered, 0 discovered, 0 enqueued
[12.941s][info][gc,ref      ] GC(43) Weak: 263 encountered, 0 discovered, 0 enqueued
[12.941s][info][gc,ref      ] GC(43) Final: 0 encountered, 0 discovered, 0 enqueued
[12.941s][info][gc,ref      ] GC(43) Phantom: 7 encountered, 2 discovered, 0 enqueued
[12.941s][info][gc,reloc    ] GC(43) Small Pages: 1433 / 2866M, Empty: 0M, Relocated: 3M, In-Place: 0
[12.941s][info][gc,reloc    ] GC(43) Medium Pages: 1 / 32M, Empty: 0M, Relocated: 0M, In-Place: 0
[12.941s][info][gc,reloc    ] GC(43) Large Pages: 0 / 0M, Empty: 0M, Relocated: 0M, In-Place: 0
[12.941s][info][gc,reloc    ] GC(43) Forwarding Usage: 0M
[12.941s][info][gc,heap     ] GC(43) Min Capacity: 4096M(100%)
[12.941s][info][gc,heap     ] GC(43) Max Capacity: 4096M(100%)
[12.941s][info][gc,heap     ] GC(43) Soft Max Capacity: 4096M(100%)
[12.941s][info][gc,heap     ] GC(43)                Mark Start          Mark End        Relocate Start      Relocate End           High               Low         
[12.941s][info][gc,heap     ] GC(43)  Capacity:     4096M (100%)       4096M (100%)       4096M (100%)       4096M (100%)       4096M (100%)       4096M (100%)   
[12.941s][info][gc,heap     ] GC(43)      Free:     1198M (29%)        1196M (29%)        1196M (29%)        1198M (29%)        1198M (29%)        1190M (29%)    
[12.941s][info][gc,heap     ] GC(43)      Used:     2898M (71%)        2900M (71%)        2900M (71%)        2898M (71%)        2906M (71%)        2898M (71%)    
[12.941s][info][gc,heap     ] GC(43)      Live:         -              2614M (64%)        2614M (64%)        2614M (64%)            -                  -          
[12.941s][info][gc,heap     ] GC(43) Allocated:         -                 2M (0%)            2M (0%)            2M (0%)             -                  -          
[12.941s][info][gc,heap     ] GC(43)   Garbage:         -               283M (7%)          283M (7%)          281M (7%)             -                  -          
[12.942s][info][gc,heap     ] GC(43) Reclaimed:         -                  -                 0M (0%)            2M (0%)             -                  -          
[12.942s][info][gc          ] GC(43) Garbage Collection (Timer) 2898M(71%)->2898M(71%)
[13.212s][info][gc,start    ] GC(44) Garbage Collection (Timer)
[13.212s][info][gc,task     ] GC(44) Using 3 workers
[13.212s][info][gc,phases   ] GC(44) Pause Mark Start 0.005ms
[13.234s][info][gc,phases   ] GC(44) Concurrent Mark 21.281ms
[13.234s][info][gc,phases   ] GC(44) Pause Mark End 0.009ms
[13.234s][info][gc,phases   ] GC(44) Concurrent Mark Free 0.001ms
[13.235s][info][gc,phases   ] GC(44) Concurrent Process Non-Strong References 1.147ms
[13.235s][info][gc,phases   ] GC(44) Concurrent Reset Relocation Set 0.001ms
[13.237s][info][gc,phases   ] GC(44) Concurrent Select Relocation Set 2.215ms
[13.238s][info][gc,phases   ] GC(44) Pause Relocate Start 0.005ms
[13.240s][info][gc,phases   ] GC(44) Concurrent Relocate 2.453ms
[13.240s][info][gc,load     ] GC(44) Load: 0.00/0.00/0.00
[13.240s][info][gc,mmu      ] GC(44) MMU: 2ms/98.8%, 5ms/99.5%, 10ms/99.8%, 20ms/99.8%, 50ms/99.9%, 100ms/100.0%
[13.240s][info][gc,marking  ] GC(44) Mark: 2 stripe(s), 4 proactive flush(es), 1 terminate flush(es), 0 completion(s), 0 continuation(s) 
[13.240s][info][gc,marking  ] GC(44) Mark Stack Usage: 32M
[13.240s][info][gc,nmethod  ] GC(44) NMethods: 478 registered, 0 unregistered
[13.240s][info][gc,metaspace] GC(44) Metaspace: 1M used, 1M committed, 1088M reserved
[13.240s][info][gc,ref      ] GC(44) Soft: 181 encountered, 0 discovered, 0 enqueued
[13.240s][info][gc,ref      ] GC(44) Weak: 263 encountered, 202 discovered, 0 enqueued
[13.240s][info][gc,ref      ] GC(44) Final: 0 encountered, 0 discovered, 0 enqueued
[13.240s][info][gc,ref      ] GC(44) Phantom: 7 encountered, 4 discovered, 0 enqueued
[13.240s][info][gc,reloc    ] GC(44) Small Pages: 1465 / 2930M, Empty: 0M, Relocated: 1M, In-Place: 0
[13.240s][info][gc,reloc    ] GC(44) Medium Pages: 1 / 32M, Empty: 0M, Relocated: 0M, In-Place: 0
[13.240s][info][gc,reloc    ] GC(44) Large Pages: 0 / 0M, Empty: 0M, Relocated: 0M, In-Place: 0
[13.240s][info][gc,reloc    ] GC(44) Forwarding Usage: 0M
[13.240s][info][gc,heap     ] GC(44) Min Capacity: 4096M(100%)
[13.240s][info][gc,heap     ] GC(44) Max Capacity: 4096M(100%)
[13.241s][info][gc,heap     ] GC(44) Soft Max Capacity: 4096M(100%)
[13.241s][info][gc,heap     ] GC(44)                Mark Start          Mark End        Relocate Start      Relocate End           High               Low         
[13.241s][info][gc,heap     ] GC(44)  Capacity:     4096M (100%)       4096M (100%)       4096M (100%)       4096M (100%)       4096M (100%)       4096M (100%)   
[13.241s][info][gc,heap     ] GC(44)      Free:     1134M (28%)        1130M (28%)        1130M (28%)        1130M (28%)        1134M (28%)        1126M (27%)    
[13.241s][info][gc,heap     ] GC(44)      Used:     2962M (72%)        2966M (72%)        2966M (72%)        2966M (72%)        2970M (73%)        2962M (72%)    
[13.241s][info][gc,heap     ] GC(44)      Live:         -              2673M (65%)        2673M (65%)        2673M (65%)            -                  -          
[13.241s][info][gc,heap     ] GC(44) Allocated:         -                 4M (0%)            4M (0%)            4M (0%)             -                  -          
[13.241s][info][gc,heap     ] GC(44)   Garbage:         -               288M (7%)          288M (7%)          288M (7%)             -                  -          
[13.241s][info][gc,heap     ] GC(44) Reclaimed:         -                  -                 0M (0%)            0M (0%)             -                  -          
[13.241s][info][gc          ] GC(44) Garbage Collection (Timer) 2962M(72%)->2966M(72%)
[13.512s][info][gc,start    ] GC(45) Garbage Collection (Timer)
[13.512s][info][gc,task     ] GC(45) Using 3 workers
[13.512s][info][gc,phases   ] GC(45) Pause Mark Start 0.006ms
[13.548s][info][gc,phases   ] GC(45) Concurrent Mark 36.399ms
[13.549s][info][gc,phases   ] GC(45) Pause Mark End 0.010ms
[13.549s][info][gc,phases   ] GC(45) Concurrent Mark Free 0.001ms
[13.549s][info][gc,phases   ] GC(45) Concurrent Process Non-Strong References 0.813ms
[13.550s][info][gc,phases   ] GC(45) Concurrent Reset Relocation Set 0.001ms
[13.552s][info][gc,phases   ] GC(45) Concurrent Select Relocation Set 2.093ms
[13.552s][info][gc,phases   ] GC(45) Pause Relocate Start 0.004ms
[13.556s][info][gc,phases   ] GC(45) Concurrent Relocate 4.418ms
[13.556s][info][gc,load     ] GC(45) Load: 0.00/0.00/0.00
[13.556s][info][gc,mmu      ] GC(45) MMU: 2ms/98.8%, 5ms/99.5%, 10ms/99.8%, 20ms/99.8%, 50ms/99.9%, 100ms/100.0%
[13.556s][info][gc,marking  ] GC(45) Mark: 2 stripe(s), 10 proactive flush(es), 1 terminate flush(es), 0 completion(s), 0 continuation(s) 
[13.556s][info][gc,marking  ] GC(45) Mark Stack Usage: 32M
[13.556s][info][gc,nmethod  ] GC(45) NMethods: 478 registered, 0 unregistered
[13.556s][info][gc,metaspace] GC(45) Metaspace: 1M used, 1M committed, 1088M reserved
[13.556s][info][gc,ref      ] GC(45) Soft: 181 encountered, 0 discovered, 0 enqueued
[13.556s][info][gc,ref      ] GC(45) Weak: 263 encountered, 83 discovered, 0 enqueued
[13.557s][info][gc,ref      ] GC(45) Final: 0 encountered, 0 discovered, 0 enqueued
[13.557s][info][gc,ref      ] GC(45) Phantom: 7 encountered, 4 discovered, 0 enqueued
[13.557s][info][gc,reloc    ] GC(45) Small Pages: 1503 / 3006M, Empty: 0M, Relocated: 3M, In-Place: 0
[13.557s][info][gc,reloc    ] GC(45) Medium Pages: 1 / 32M, Empty: 0M, Relocated: 0M, In-Place: 0
[13.557s][info][gc,reloc    ] GC(45) Large Pages: 0 / 0M, Empty: 0M, Relocated: 0M, In-Place: 0
[13.557s][info][gc,reloc    ] GC(45) Forwarding Usage: 0M
[13.557s][info][gc,heap     ] GC(45) Min Capacity: 4096M(100%)
[13.557s][info][gc,heap     ] GC(45) Max Capacity: 4096M(100%)
[13.557s][info][gc,heap     ] GC(45) Soft Max Capacity: 4096M(100%)
[13.557s][info][gc,heap     ] GC(45)                Mark Start          Mark End        Relocate Start      Relocate End           High               Low         
[13.557s][info][gc,heap     ] GC(45)  Capacity:     4096M (100%)       4096M (100%)       4096M (100%)       4096M (100%)       4096M (100%)       4096M (100%)   
[13.557s][info][gc,heap     ] GC(45)      Free:     1058M (26%)        1058M (26%)        1058M (26%)        1060M (26%)        1060M (26%)        1052M (26%)    
[13.557s][info][gc,heap     ] GC(45)      Used:     3038M (74%)        3038M (74%)        3038M (74%)        3036M (74%)        3044M (74%)        3036M (74%)    
[13.557s][info][gc,heap     ] GC(45)      Live:         -              2742M (67%)        2742M (67%)        2742M (67%)            -                  -          
[13.557s][info][gc,heap     ] GC(45) Allocated:         -                 0M (0%)            0M (0%)            0M (0%)             -                  -          
[13.557s][info][gc,heap     ] GC(45)   Garbage:         -               295M (7%)          295M (7%)          293M (7%)             -                  -          
[13.557s][info][gc,heap     ] GC(45) Reclaimed:         -                  -                 0M (0%)            2M (0%)             -                  -          
[13.557s][info][gc          ] GC(45) Garbage Collection (Timer) 3038M(74%)->3036M(74%)
[13.812s][info][gc,start    ] GC(46) Garbage Collection (Timer)
[13.813s][info][gc,task     ] GC(46) Using 3 workers
[13.813s][info][gc,phases   ] GC(46) Pause Mark Start 0.006ms
[13.843s][info][gc,phases   ] GC(46) Concurrent Mark 30.508ms
[13.843s][info][gc,phases   ] GC(46) Pause Mark End 0.011ms
[13.843s][info][gc,phases   ] GC(46) Concurrent Mark Free 0.001ms
[13.844s][info][gc,phases   ] GC(46) Concurrent Process Non-Strong References 0.858ms
[13.844s][info][gc,phases   ] GC(46) Concurrent Reset Relocation Set 0.001ms
[13.847s][info][gc,phases   ] GC(46) Concurrent Select Relocation Set 2.165ms
[13.847s][info][gc,phases   ] GC(46) Pause Relocate Start 0.005ms
[13.847s][info][gc,phases   ] GC(46) Concurrent Relocate 0.350ms
[13.847s][info][gc,load     ] GC(46) Load: 0.00/0.00/0.00
[13.847s][info][gc,mmu      ] GC(46) MMU: 2ms/98.8%, 5ms/99.5%, 10ms/99.8%, 20ms/99.8%, 50ms/99.9%, 100ms/100.0%
[13.847s][info][gc,marking  ] GC(46) Mark: 2 stripe(s), 10 proactive flush(es), 1 terminate flush(es), 0 completion(s), 0 continuation(s) 
[13.847s][info][gc,marking  ] GC(46) Mark Stack Usage: 32M
[13.847s][info][gc,nmethod  ] GC(46) NMethods: 478 registered, 0 unregistered
[13.847s][info][gc,metaspace] GC(46) Metaspace: 1M used, 1M committed, 1088M reserved
[13.847s][info][gc,ref      ] GC(46) Soft: 181 encountered, 0 discovered, 0 enqueued
[13.847s][info][gc,ref      ] GC(46) Weak: 263 encountered, 194 discovered, 0 enqueued
[13.847s][info][gc,ref      ] GC(46) Final: 0 encountered, 0 discovered, 0 enqueued
[13.847s][info][gc,ref      ] GC(46) Phantom: 7 encountered, 4 discovered, 0 enqueued
[13.847s][info][gc,reloc    ] GC(46) Small Pages: 1502 / 3004M, Empty: 0M, Relocated: 1M, In-Place: 0
[13.848s][info][gc,reloc    ] GC(46) Medium Pages: 1 / 32M, Empty: 0M, Relocated: 0M, In-Place: 0
[13.848s][info][gc,reloc    ] GC(46) Large Pages: 0 / 0M, Empty: 0M, Relocated: 0M, In-Place: 0
[13.848s][info][gc,reloc    ] GC(46) Forwarding Usage: 0M
[13.848s][info][gc,heap     ] GC(46) Min Capacity: 4096M(100%)
[13.848s][info][gc,heap     ] GC(46) Max Capacity: 4096M(100%)
[13.848s][info][gc,heap     ] GC(46) Soft Max Capacity: 4096M(100%)
[13.848s][info][gc,heap     ] GC(46)                Mark Start          Mark End        Relocate Start      Relocate End           High               Low         
[13.848s][info][gc,heap     ] GC(46)  Capacity:     4096M (100%)       4096M (100%)       4096M (100%)       4096M (100%)       4096M (100%)       4096M (100%)   
[13.848s][info][gc,heap     ] GC(46)      Free:     1060M (26%)        1060M (26%)        1060M (26%)        1060M (26%)        1060M (26%)        1056M (26%)    
[13.848s][info][gc,heap     ] GC(46)      Used:     3036M (74%)        3036M (74%)        3036M (74%)        3036M (74%)        3040M (74%)        3036M (74%)    
[13.848s][info][gc,heap     ] GC(46)      Live:         -              2742M (67%)        2742M (67%)        2742M (67%)            -                  -          
[13.848s][info][gc,heap     ] GC(46) Allocated:         -                 0M (0%)            0M (0%)            0M (0%)             -                  -          
[13.848s][info][gc,heap     ] GC(46)   Garbage:         -               293M (7%)          293M (7%)          293M (7%)             -                  -          
[13.848s][info][gc,heap     ] GC(46) Reclaimed:         -                  -                 0M (0%)            0M (0%)             -                  -          
[13.848s][info][gc          ] GC(46) Garbage Collection (Timer) 3036M(74%)->3036M(74%)
[14.113s][info][gc,start    ] GC(47) Garbage Collection (Timer)
[14.113s][info][gc,task     ] GC(47) Using 3 workers
[14.113s][info][gc,phases   ] GC(47) Pause Mark Start 0.006ms
[14.139s][info][gc,phases   ] GC(47) Concurrent Mark 26.376ms
[14.140s][info][gc,phases   ] GC(47) Pause Mark End 0.010ms
[14.140s][info][gc,phases   ] GC(47) Concurrent Mark Free 0.001ms
[14.141s][info][gc,phases   ] GC(47) Concurrent Process Non-Strong References 0.819ms
[14.141s][info][gc,phases   ] GC(47) Concurrent Reset Relocation Set 0.001ms
[14.143s][info][gc,phases   ] GC(47) Concurrent Select Relocation Set 2.119ms
[14.143s][info][gc,phases   ] GC(47) Pause Relocate Start 0.005ms
[14.143s][info][gc,phases   ] GC(47) Concurrent Relocate 0.238ms
[14.143s][info][gc,load     ] GC(47) Load: 0.00/0.00/0.00
[14.143s][info][gc,mmu      ] GC(47) MMU: 2ms/98.8%, 5ms/99.5%, 10ms/99.8%, 20ms/99.8%, 50ms/99.9%, 100ms/100.0%
[14.143s][info][gc,marking  ] GC(47) Mark: 2 stripe(s), 10 proactive flush(es), 1 terminate flush(es), 0 completion(s), 0 continuation(s) 
[14.143s][info][gc,marking  ] GC(47) Mark Stack Usage: 32M
[14.143s][info][gc,nmethod  ] GC(47) NMethods: 478 registered, 0 unregistered
[14.143s][info][gc,metaspace] GC(47) Metaspace: 1M used, 1M committed, 1088M reserved
[14.143s][info][gc,ref      ] GC(47) Soft: 181 encountered, 0 discovered, 0 enqueued
[14.143s][info][gc,ref      ] GC(47) Weak: 263 encountered, 79 discovered, 0 enqueued
[14.143s][info][gc,ref      ] GC(47) Final: 0 encountered, 0 discovered, 0 enqueued
[14.143s][info][gc,ref      ] GC(47) Phantom: 7 encountered, 4 discovered, 0 enqueued
[14.143s][info][gc,reloc    ] GC(47) Small Pages: 1502 / 3004M, Empty: 0M, Relocated: 1M, In-Place: 0
[14.143s][info][gc,reloc    ] GC(47) Medium Pages: 1 / 32M, Empty: 0M, Relocated: 0M, In-Place: 0
[14.144s][info][gc,reloc    ] GC(47) Large Pages: 0 / 0M, Empty: 0M, Relocated: 0M, In-Place: 0
[14.144s][info][gc,reloc    ] GC(47) Forwarding Usage: 0M
[14.144s][info][gc,heap     ] GC(47) Min Capacity: 4096M(100%)
[14.144s][info][gc,heap     ] GC(47) Max Capacity: 4096M(100%)
[14.144s][info][gc,heap     ] GC(47) Soft Max Capacity: 4096M(100%)
[14.144s][info][gc,heap     ] GC(47)                Mark Start          Mark End        Relocate Start      Relocate End           High               Low         
[14.144s][info][gc,heap     ] GC(47)  Capacity:     4096M (100%)       4096M (100%)       4096M (100%)       4096M (100%)       4096M (100%)       4096M (100%)   
[14.144s][info][gc,heap     ] GC(47)      Free:     1060M (26%)        1060M (26%)        1060M (26%)        1060M (26%)        1060M (26%)        1056M (26%)    
[14.144s][info][gc,heap     ] GC(47)      Used:     3036M (74%)        3036M (74%)        3036M (74%)        3036M (74%)        3040M (74%)        3036M (74%)    
[14.144s][info][gc,heap     ] GC(47)      Live:         -              2742M (67%)        2742M (67%)        2742M (67%)            -                  -          
[14.144s][info][gc,heap     ] GC(47) Allocated:         -                 0M (0%)            0M (0%)            0M (0%)             -                  -          
[14.144s][info][gc,heap     ] GC(47)   Garbage:         -               293M (7%)          293M (7%)          293M (7%)             -                  -          
[14.144s][info][gc,heap     ] GC(47) Reclaimed:         -                  -                 0M (0%)            0M (0%)             -                  -          
[14.144s][info][gc          ] GC(47) Garbage Collection (Timer) 3036M(74%)->3036M(74%)
[14.413s][info][gc,start    ] GC(48) Garbage Collection (Timer)
[14.413s][info][gc,task     ] GC(48) Using 3 workers
[14.413s][info][gc,phases   ] GC(48) Pause Mark Start 0.006ms
[14.436s][info][gc,phases   ] GC(48) Concurrent Mark 22.662ms
[14.436s][info][gc,phases   ] GC(48) Pause Mark End 0.011ms
[14.436s][info][gc,phases   ] GC(48) Concurrent Mark Free 0.001ms
[14.437s][info][gc,phases   ] GC(48) Concurrent Process Non-Strong References 0.897ms
[14.437s][info][gc,phases   ] GC(48) Concurrent Reset Relocation Set 0.001ms
[14.439s][info][gc,phases   ] GC(48) Concurrent Select Relocation Set 2.114ms
[14.439s][info][gc,phases   ] GC(48) Pause Relocate Start 0.006ms
[14.440s][info][gc,phases   ] GC(48) Concurrent Relocate 0.222ms
[14.440s][info][gc,load     ] GC(48) Load: 0.00/0.00/0.00
[14.440s][info][gc,mmu      ] GC(48) MMU: 2ms/98.8%, 5ms/99.5%, 10ms/99.8%, 20ms/99.8%, 50ms/99.9%, 100ms/100.0%
[14.440s][info][gc,marking  ] GC(48) Mark: 2 stripe(s), 5 proactive flush(es), 1 terminate flush(es), 0 completion(s), 0 continuation(s) 
[14.440s][info][gc,marking  ] GC(48) Mark Stack Usage: 32M
[14.440s][info][gc,nmethod  ] GC(48) NMethods: 478 registered, 0 unregistered
[14.440s][info][gc,metaspace] GC(48) Metaspace: 1M used, 1M committed, 1088M reserved
[14.440s][info][gc,ref      ] GC(48) Soft: 181 encountered, 0 discovered, 0 enqueued
[14.440s][info][gc,ref      ] GC(48) Weak: 263 encountered, 85 discovered, 0 enqueued
[14.440s][info][gc,ref      ] GC(48) Final: 0 encountered, 0 discovered, 0 enqueued
[14.440s][info][gc,ref      ] GC(48) Phantom: 7 encountered, 4 discovered, 0 enqueued
[14.440s][info][gc,reloc    ] GC(48) Small Pages: 1502 / 3004M, Empty: 0M, Relocated: 1M, In-Place: 0
[14.440s][info][gc,reloc    ] GC(48) Medium Pages: 1 / 32M, Empty: 0M, Relocated: 0M, In-Place: 0
[14.440s][info][gc,reloc    ] GC(48) Large Pages: 0 / 0M, Empty: 0M, Relocated: 0M, In-Place: 0
[14.440s][info][gc,reloc    ] GC(48) Forwarding Usage: 0M
[14.440s][info][gc,heap     ] GC(48) Min Capacity: 4096M(100%)
[14.440s][info][gc,heap     ] GC(48) Max Capacity: 4096M(100%)
[14.440s][info][gc,heap     ] GC(48) Soft Max Capacity: 4096M(100%)
[14.440s][info][gc,heap     ] GC(48)                Mark Start          Mark End        Relocate Start      Relocate End           High               Low         
[14.440s][info][gc,heap     ] GC(48)  Capacity:     4096M (100%)       4096M (100%)       4096M (100%)       4096M (100%)       4096M (100%)       4096M (100%)   
[14.440s][info][gc,heap     ] GC(48)      Free:     1060M (26%)        1060M (26%)        1060M (26%)        1060M (26%)        1060M (26%)        1056M (26%)    
[14.440s][info][gc,heap     ] GC(48)      Used:     3036M (74%)        3036M (74%)        3036M (74%)        3036M (74%)        3040M (74%)        3036M (74%)    
[14.440s][info][gc,heap     ] GC(48)      Live:         -              2742M (67%)        2742M (67%)        2742M (67%)            -                  -          
[14.440s][info][gc,heap     ] GC(48) Allocated:         -                 0M (0%)            0M (0%)            0M (0%)             -                  -          
[14.440s][info][gc,heap     ] GC(48)   Garbage:         -               293M (7%)          293M (7%)          293M (7%)             -                  -          
[14.440s][info][gc,heap     ] GC(48) Reclaimed:         -                  -                 0M (0%)            0M (0%)             -                  -          
[14.440s][info][gc          ] GC(48) Garbage Collection (Timer) 3036M(74%)->3036M(74%)
[14.449s][info][gc,heap,exit] Heap
[14.449s][info][gc,heap,exit]  ZHeap           used 3040M, capacity 4096M, max capacity 4096M
[14.449s][info][gc,heap,exit]  Metaspace       used 1601K, committed 1792K, reserved 1114112K
[14.449s][info][gc,heap,exit]   class space    used 147K, committed 256K, reserved 1048576K
