[0.022s][info][gc,init] Initializing The Z Garbage Collector
[0.022s][info][gc,init] Version: 17.0.11+1-LTS (release)
[0.022s][info][gc,init] NUMA Support: Disabled
[0.022s][info][gc,init] CPUs: 12 total, 12 available
[0.022s][info][gc,init] Memory: 24496M
[0.022s][info][gc,init] Large Page Support: Disabled
[0.022s][info][gc,init] GC Workers: 3 (dynamic)
[0.023s][info][gc,init] Address Space Type: Contiguous/Unrestricted/Complete
[0.023s][info][gc,init] Address Space Size: 65536M x 3 = 196608M
[0.023s][info][gc,init] Min Capacity: 4096M
[0.023s][info][gc,init] Initial Capacity: 4096M
[0.024s][info][gc,init] Max Capacity: 4096M
[0.024s][info][gc,init] Medium Page Size: 32M
[0.024s][info][gc,init] Pre-touch: Disabled
[0.024s][info][gc,init] Uncommit: Implicitly Disabled (-Xms equals -Xmx)
[0.239s][info][gc,init] Runtime Workers: 8
[0.240s][info][gc     ] Using The Z Garbage Collector
[0.250s][info][gc,metaspace] CDS archive(s) mapped at: [0x000002540f000000-0x000002540fbc0000-0x000002540fbc0000), size 12320768, SharedBaseAddress: 0x000002540f000000, ArchiveRelocationMode: 1.
[0.250s][info][gc,metaspace] Compressed class space mapped at: 0x0000025410000000-0x0000025450000000, reserved size: 1073741824
[0.250s][info][gc,metaspace] Narrow klass base: 0x000002540f000000, Narrow klass shift: 0, Narrow klass range: 0x100000000
[0.375s][info][gc,start    ] GC(0) Garbage Collection (Timer)
[0.375s][info][gc,task     ] GC(0) Using 3 workers
[0.375s][info][gc,phases   ] GC(0) Pause Mark Start 0.006ms
[0.378s][info][gc,phases   ] GC(0) Concurrent Mark 2.699ms
[0.378s][info][gc,phases   ] GC(0) Pause Mark End 0.012ms
[0.378s][info][gc,phases   ] GC(0) Concurrent Mark Free 0.001ms
[0.379s][info][gc,phases   ] GC(0) Concurrent Process Non-Strong References 0.477ms
[0.379s][info][gc,phases   ] GC(0) Concurrent Reset Relocation Set 0.001ms
[0.388s][info][gc,phases   ] GC(0) Concurrent Select Relocation Set 9.137ms
[0.388s][info][gc,phases   ] GC(0) Pause Relocate Start 0.006ms
[0.390s][info][gc,phases   ] GC(0) Concurrent Relocate 1.656ms
[0.390s][info][gc,load     ] GC(0) Load: 0.00/0.00/0.00
[0.390s][info][gc,mmu      ] GC(0) MMU: 2ms/99.4%, 5ms/99.7%, 10ms/99.8%, 20ms/99.9%, 50ms/100.0%, 100ms/100.0%
[0.390s][info][gc,marking  ] GC(0) Mark: 2 stripe(s), 1 proactive flush(es), 1 terminate flush(es), 0 completion(s), 0 continuation(s) 
[0.390s][info][gc,marking  ] GC(0) Mark Stack Usage: 32M
[0.390s][info][gc,nmethod  ] GC(0) NMethods: 161 registered, 0 unregistered
[0.390s][info][gc,metaspace] GC(0) Metaspace: 0M used, 0M committed, 1088M reserved
[0.390s][info][gc,ref      ] GC(0) Soft: 36 encountered, 0 discovered, 0 enqueued
[0.390s][info][gc,ref      ] GC(0) Weak: 103 encountered, 18 discovered, 18 enqueued
[0.390s][info][gc,ref      ] GC(0) Final: 0 encountered, 0 discovered, 0 enqueued
[0.390s][info][gc,ref      ] GC(0) Phantom: 16 encountered, 13 discovered, 13 enqueued
[0.390s][info][gc,reloc    ] GC(0) Small Pages: 2 / 4M, Empty: 0M, Relocated: 1M, In-Place: 0
[0.390s][info][gc,reloc    ] GC(0) Medium Pages: 0 / 0M, Empty: 0M, Relocated: 0M, In-Place: 0
[0.390s][info][gc,reloc    ] GC(0) Large Pages: 0 / 0M, Empty: 0M, Relocated: 0M, In-Place: 0
[0.390s][info][gc,reloc    ] GC(0) Forwarding Usage: 0M
[0.390s][info][gc,heap     ] GC(0) Min Capacity: 4096M(100%)
[0.390s][info][gc,heap     ] GC(0) Max Capacity: 4096M(100%)
[0.390s][info][gc,heap     ] GC(0) Soft Max Capacity: 4096M(100%)
[0.390s][info][gc,heap     ] GC(0)                Mark Start          Mark End        Relocate Start      Relocate End           High               Low         
[0.390s][info][gc,heap     ] GC(0)  Capacity:     4096M (100%)       4096M (100%)       4096M (100%)       4096M (100%)       4096M (100%)       4096M (100%)   
[0.390s][info][gc,heap     ] GC(0)      Free:     4092M (100%)       4092M (100%)       4092M (100%)       4092M (100%)       4092M (100%)       4088M (100%)   
[0.391s][info][gc,heap     ] GC(0)      Used:        4M (0%)            4M (0%)            4M (0%)            4M (0%)            8M (0%)            4M (0%)     
[0.391s][info][gc,heap     ] GC(0)      Live:         -                 1M (0%)            1M (0%)            1M (0%)             -                  -          
[0.391s][info][gc,heap     ] GC(0) Allocated:         -                 0M (0%)            0M (0%)            0M (0%)             -                  -          
[0.391s][info][gc,heap     ] GC(0)   Garbage:         -                 2M (0%)            2M (0%)            2M (0%)             -                  -          
[0.391s][info][gc,heap     ] GC(0) Reclaimed:         -                  -                 0M (0%)            0M (0%)             -                  -          
[0.391s][info][gc          ] GC(0) Garbage Collection (Timer) 4M(0%)->4M(0%)
[0.673s][info][gc,start    ] GC(1) Garbage Collection (Timer)
[0.673s][info][gc,task     ] GC(1) Using 3 workers
[0.673s][info][gc,phases   ] GC(1) Pause Mark Start 0.005ms
[0.686s][info][gc,phases   ] GC(1) Concurrent Mark 12.660ms
[0.686s][info][gc,phases   ] GC(1) Pause Mark End 0.009ms
[0.686s][info][gc,phases   ] GC(1) Concurrent Mark Free 0.001ms
[0.687s][info][gc,phases   ] GC(1) Concurrent Process Non-Strong References 0.851ms
[0.687s][info][gc,phases   ] GC(1) Concurrent Reset Relocation Set 0.001ms
[0.689s][info][gc,phases   ] GC(1) Concurrent Select Relocation Set 2.252ms
[0.689s][info][gc,phases   ] GC(1) Pause Relocate Start 0.004ms
[0.691s][info][gc,phases   ] GC(1) Concurrent Relocate 1.502ms
[0.691s][info][gc,load     ] GC(1) Load: 0.00/0.00/0.00
[0.691s][info][gc,mmu      ] GC(1) MMU: 2ms/99.4%, 5ms/99.7%, 10ms/99.8%, 20ms/99.9%, 50ms/100.0%, 100ms/100.0%
[0.691s][info][gc,marking  ] GC(1) Mark: 2 stripe(s), 2 proactive flush(es), 1 terminate flush(es), 0 completion(s), 0 continuation(s) 
[0.691s][info][gc,marking  ] GC(1) Mark Stack Usage: 32M
[0.691s][info][gc,nmethod  ] GC(1) NMethods: 288 registered, 0 unregistered
[0.691s][info][gc,metaspace] GC(1) Metaspace: 0M used, 0M committed, 1088M reserved
[0.691s][info][gc,ref      ] GC(1) Soft: 72 encountered, 0 discovered, 0 enqueued
[0.691s][info][gc,ref      ] GC(1) Weak: 177 encountered, 74 discovered, 23 enqueued
[0.691s][info][gc,ref      ] GC(1) Final: 0 encountered, 0 discovered, 0 enqueued
[0.691s][info][gc,ref      ] GC(1) Phantom: 13 encountered, 9 discovered, 6 enqueued
[0.691s][info][gc,reloc    ] GC(1) Small Pages: 128 / 256M, Empty: 0M, Relocated: 1M, In-Place: 0
[0.691s][info][gc,reloc    ] GC(1) Medium Pages: 0 / 0M, Empty: 0M, Relocated: 0M, In-Place: 0
[0.691s][info][gc,reloc    ] GC(1) Large Pages: 0 / 0M, Empty: 0M, Relocated: 0M, In-Place: 0
[0.691s][info][gc,reloc    ] GC(1) Forwarding Usage: 0M
[0.691s][info][gc,heap     ] GC(1) Min Capacity: 4096M(100%)
[0.691s][info][gc,heap     ] GC(1) Max Capacity: 4096M(100%)
[0.691s][info][gc,heap     ] GC(1) Soft Max Capacity: 4096M(100%)
[0.691s][info][gc,heap     ] GC(1)                Mark Start          Mark End        Relocate Start      Relocate End           High               Low         
[0.691s][info][gc,heap     ] GC(1)  Capacity:     4096M (100%)       4096M (100%)       4096M (100%)       4096M (100%)       4096M (100%)       4096M (100%)   
[0.691s][info][gc,heap     ] GC(1)      Free:     3840M (94%)        3836M (94%)        3834M (94%)        3834M (94%)        3840M (94%)        3828M (93%)    
[0.691s][info][gc,heap     ] GC(1)      Used:      256M (6%)          260M (6%)          262M (6%)          262M (6%)          268M (7%)          256M (6%)     
[0.691s][info][gc,heap     ] GC(1)      Live:         -               227M (6%)          227M (6%)          227M (6%)             -                  -          
[0.691s][info][gc,heap     ] GC(1) Allocated:         -                 4M (0%)            6M (0%)            7M (0%)             -                  -          
[0.691s][info][gc,heap     ] GC(1)   Garbage:         -                28M (1%)           28M (1%)           26M (1%)             -                  -          
[0.691s][info][gc,heap     ] GC(1) Reclaimed:         -                  -                 0M (0%)            1M (0%)             -                  -          
[0.691s][info][gc          ] GC(1) Garbage Collection (Timer) 256M(6%)->262M(6%)
[0.872s][info][gc,start    ] GC(2) Garbage Collection (Warmup)
[0.872s][info][gc,task     ] GC(2) Using 3 workers
[0.872s][info][gc,phases   ] GC(2) Pause Mark Start 0.006ms
[0.894s][info][gc,phases   ] GC(2) Concurrent Mark 21.705ms
[0.894s][info][gc,phases   ] GC(2) Pause Mark End 0.008ms
[0.894s][info][gc,phases   ] GC(2) Concurrent Mark Free 0.001ms
[0.895s][info][gc,phases   ] GC(2) Concurrent Process Non-Strong References 0.487ms
[0.895s][info][gc,phases   ] GC(2) Concurrent Reset Relocation Set 0.001ms
[0.897s][info][gc,phases   ] GC(2) Concurrent Select Relocation Set 2.278ms
[0.897s][info][gc,phases   ] GC(2) Pause Relocate Start 0.006ms
[0.899s][info][gc,phases   ] GC(2) Concurrent Relocate 1.501ms
[0.899s][info][gc,load     ] GC(2) Load: 0.00/0.00/0.00
[0.899s][info][gc,mmu      ] GC(2) MMU: 2ms/99.4%, 5ms/99.7%, 10ms/99.8%, 20ms/99.9%, 50ms/100.0%, 100ms/100.0%
[0.899s][info][gc,marking  ] GC(2) Mark: 2 stripe(s), 3 proactive flush(es), 1 terminate flush(es), 0 completion(s), 0 continuation(s) 
[0.899s][info][gc,marking  ] GC(2) Mark Stack Usage: 32M
[0.899s][info][gc,nmethod  ] GC(2) NMethods: 288 registered, 0 unregistered
[0.899s][info][gc,metaspace] GC(2) Metaspace: 0M used, 0M committed, 1088M reserved
[0.899s][info][gc,ref      ] GC(2) Soft: 72 encountered, 0 discovered, 0 enqueued
[0.899s][info][gc,ref      ] GC(2) Weak: 154 encountered, 112 discovered, 0 enqueued
[0.899s][info][gc,ref      ] GC(2) Final: 0 encountered, 0 discovered, 0 enqueued
[0.899s][info][gc,ref      ] GC(2) Phantom: 7 encountered, 5 discovered, 0 enqueued
[0.899s][info][gc,reloc    ] GC(2) Small Pages: 214 / 428M, Empty: 0M, Relocated: 1M, In-Place: 0
[0.899s][info][gc,reloc    ] GC(2) Medium Pages: 0 / 0M, Empty: 0M, Relocated: 0M, In-Place: 0
[0.899s][info][gc,reloc    ] GC(2) Large Pages: 0 / 0M, Empty: 0M, Relocated: 0M, In-Place: 0
[0.899s][info][gc,reloc    ] GC(2) Forwarding Usage: 0M
[0.899s][info][gc,heap     ] GC(2) Min Capacity: 4096M(100%)
[0.899s][info][gc,heap     ] GC(2) Max Capacity: 4096M(100%)
[0.899s][info][gc,heap     ] GC(2) Soft Max Capacity: 4096M(100%)
[0.899s][info][gc,heap     ] GC(2)                Mark Start          Mark End        Relocate Start      Relocate End           High               Low         
[0.899s][info][gc,heap     ] GC(2)  Capacity:     4096M (100%)       4096M (100%)       4096M (100%)       4096M (100%)       4096M (100%)       4096M (100%)   
[0.899s][info][gc,heap     ] GC(2)      Free:     3668M (90%)        3664M (89%)        3660M (89%)        3660M (89%)        3668M (90%)        3656M (89%)    
[0.899s][info][gc,heap     ] GC(2)      Used:      428M (10%)         432M (11%)         436M (11%)         436M (11%)         440M (11%)         428M (10%)    
[0.899s][info][gc,heap     ] GC(2)      Live:         -               385M (9%)          385M (9%)          385M (9%)             -                  -          
[0.899s][info][gc,heap     ] GC(2) Allocated:         -                 4M (0%)            8M (0%)            8M (0%)             -                  -          
[0.900s][info][gc,heap     ] GC(2)   Garbage:         -                42M (1%)           42M (1%)           42M (1%)             -                  -          
[0.900s][info][gc,heap     ] GC(2) Reclaimed:         -                  -                 0M (0%)            0M (0%)             -                  -          
[0.900s][info][gc          ] GC(2) Garbage Collection (Warmup) 428M(10%)->436M(11%)
[1.172s][info][gc,start    ] GC(3) Garbage Collection (Timer)
[1.172s][info][gc,task     ] GC(3) Using 3 workers
[1.172s][info][gc,phases   ] GC(3) Pause Mark Start 0.006ms
[1.192s][info][gc,phases   ] GC(3) Concurrent Mark 19.659ms
[1.192s][info][gc,phases   ] GC(3) Pause Mark End 0.009ms
[1.192s][info][gc,phases   ] GC(3) Concurrent Mark Free 0.001ms
[1.193s][info][gc,phases   ] GC(3) Concurrent Process Non-Strong References 0.645ms
[1.193s][info][gc,phases   ] GC(3) Concurrent Reset Relocation Set 0.001ms
[1.196s][info][gc,phases   ] GC(3) Concurrent Select Relocation Set 2.616ms
[1.196s][info][gc,phases   ] GC(3) Pause Relocate Start 0.005ms
[1.198s][info][gc,phases   ] GC(3) Concurrent Relocate 2.194ms
[1.198s][info][gc,load     ] GC(3) Load: 0.00/0.00/0.00
[1.198s][info][gc,mmu      ] GC(3) MMU: 2ms/99.4%, 5ms/99.7%, 10ms/99.8%, 20ms/99.9%, 50ms/100.0%, 100ms/100.0%
[1.198s][info][gc,marking  ] GC(3) Mark: 2 stripe(s), 3 proactive flush(es), 1 terminate flush(es), 0 completion(s), 0 continuation(s) 
[1.198s][info][gc,marking  ] GC(3) Mark Stack Usage: 32M
[1.198s][info][gc,nmethod  ] GC(3) NMethods: 445 registered, 0 unregistered
[1.198s][info][gc,metaspace] GC(3) Metaspace: 1M used, 1M committed, 1088M reserved
[1.198s][info][gc,ref      ] GC(3) Soft: 181 encountered, 0 discovered, 0 enqueued
[1.198s][info][gc,ref      ] GC(3) Weak: 301 encountered, 205 discovered, 38 enqueued
[1.198s][info][gc,ref      ] GC(3) Final: 0 encountered, 0 discovered, 0 enqueued
[1.199s][info][gc,ref      ] GC(3) Phantom: 29 encountered, 25 discovered, 22 enqueued
[1.199s][info][gc,reloc    ] GC(3) Small Pages: 314 / 628M, Empty: 0M, Relocated: 3M, In-Place: 0
[1.199s][info][gc,reloc    ] GC(3) Medium Pages: 0 / 0M, Empty: 0M, Relocated: 0M, In-Place: 0
[1.199s][info][gc,reloc    ] GC(3) Large Pages: 0 / 0M, Empty: 0M, Relocated: 0M, In-Place: 0
[1.199s][info][gc,reloc    ] GC(3) Forwarding Usage: 0M
[1.199s][info][gc,heap     ] GC(3) Min Capacity: 4096M(100%)
[1.199s][info][gc,heap     ] GC(3) Max Capacity: 4096M(100%)
[1.199s][info][gc,heap     ] GC(3) Soft Max Capacity: 4096M(100%)
[1.199s][info][gc,heap     ] GC(3)                Mark Start          Mark End        Relocate Start      Relocate End           High               Low         
[1.199s][info][gc,heap     ] GC(3)  Capacity:     4096M (100%)       4096M (100%)       4096M (100%)       4096M (100%)       4096M (100%)       4096M (100%)   
[1.199s][info][gc,heap     ] GC(3)      Free:     3468M (85%)        3464M (85%)        3462M (85%)        3468M (85%)        3468M (85%)        3456M (84%)    
[1.199s][info][gc,heap     ] GC(3)      Used:      628M (15%)         632M (15%)         634M (15%)         628M (15%)         640M (16%)         628M (15%)    
[1.199s][info][gc,heap     ] GC(3)      Live:         -               564M (14%)         564M (14%)         564M (14%)            -                  -          
[1.199s][info][gc,heap     ] GC(3) Allocated:         -                 4M (0%)            6M (0%)            6M (0%)             -                  -          
[1.199s][info][gc,heap     ] GC(3)   Garbage:         -                63M (2%)           63M (2%)           57M (1%)             -                  -          
[1.199s][info][gc,heap     ] GC(3) Reclaimed:         -                  -                 0M (0%)            6M (0%)             -                  -          
[1.199s][info][gc          ] GC(3) Garbage Collection (Timer) 628M(15%)->628M(15%)
[1.472s][info][gc,start    ] GC(4) Garbage Collection (Warmup)
[1.472s][info][gc,task     ] GC(4) Using 3 workers
[1.472s][info][gc,phases   ] GC(4) Pause Mark Start 0.005ms
[1.492s][info][gc,phases   ] GC(4) Concurrent Mark 19.653ms
[1.492s][info][gc,phases   ] GC(4) Pause Mark End 0.008ms
[1.492s][info][gc,phases   ] GC(4) Concurrent Mark Free 0.001ms
[1.493s][info][gc,phases   ] GC(4) Concurrent Process Non-Strong References 0.979ms
[1.493s][info][gc,phases   ] GC(4) Concurrent Reset Relocation Set 0.001ms
[1.495s][info][gc,phases   ] GC(4) Concurrent Select Relocation Set 2.196ms
[1.495s][info][gc,phases   ] GC(4) Pause Relocate Start 0.005ms
[1.497s][info][gc,phases   ] GC(4) Concurrent Relocate 1.775ms
[1.497s][info][gc,load     ] GC(4) Load: 0.00/0.00/0.00
[1.497s][info][gc,mmu      ] GC(4) MMU: 2ms/99.4%, 5ms/99.7%, 10ms/99.8%, 20ms/99.9%, 50ms/100.0%, 100ms/100.0%
[1.497s][info][gc,marking  ] GC(4) Mark: 2 stripe(s), 2 proactive flush(es), 1 terminate flush(es), 0 completion(s), 0 continuation(s) 
[1.497s][info][gc,marking  ] GC(4) Mark Stack Usage: 32M
[1.497s][info][gc,nmethod  ] GC(4) NMethods: 451 registered, 0 unregistered
[1.497s][info][gc,metaspace] GC(4) Metaspace: 1M used, 1M committed, 1088M reserved
[1.497s][info][gc,ref      ] GC(4) Soft: 181 encountered, 0 discovered, 0 enqueued
[1.498s][info][gc,ref      ] GC(4) Weak: 263 encountered, 144 discovered, 0 enqueued
[1.498s][info][gc,ref      ] GC(4) Final: 0 encountered, 0 discovered, 0 enqueued
[1.498s][info][gc,ref      ] GC(4) Phantom: 7 encountered, 4 discovered, 0 enqueued
[1.498s][info][gc,reloc    ] GC(4) Small Pages: 429 / 858M, Empty: 0M, Relocated: 3M, In-Place: 0
[1.498s][info][gc,reloc    ] GC(4) Medium Pages: 0 / 0M, Empty: 0M, Relocated: 0M, In-Place: 0
[1.498s][info][gc,reloc    ] GC(4) Large Pages: 0 / 0M, Empty: 0M, Relocated: 0M, In-Place: 0
[1.498s][info][gc,reloc    ] GC(4) Forwarding Usage: 0M
[1.498s][info][gc,heap     ] GC(4) Min Capacity: 4096M(100%)
[1.498s][info][gc,heap     ] GC(4) Max Capacity: 4096M(100%)
[1.498s][info][gc,heap     ] GC(4) Soft Max Capacity: 4096M(100%)
[1.498s][info][gc,heap     ] GC(4)                Mark Start          Mark End        Relocate Start      Relocate End           High               Low         
[1.498s][info][gc,heap     ] GC(4)  Capacity:     4096M (100%)       4096M (100%)       4096M (100%)       4096M (100%)       4096M (100%)       4096M (100%)   
[1.498s][info][gc,heap     ] GC(4)      Free:     3238M (79%)        3234M (79%)        3232M (79%)        3232M (79%)        3238M (79%)        3226M (79%)    
[1.498s][info][gc,heap     ] GC(4)      Used:      858M (21%)         862M (21%)         864M (21%)         864M (21%)         870M (21%)         858M (21%)    
[1.498s][info][gc,heap     ] GC(4)      Live:         -               780M (19%)         780M (19%)         780M (19%)            -                  -          
[1.498s][info][gc,heap     ] GC(4) Allocated:         -                 4M (0%)            6M (0%)            6M (0%)             -                  -          
[1.498s][info][gc,heap     ] GC(4)   Garbage:         -                77M (2%)           77M (2%)           77M (2%)             -                  -          
[1.498s][info][gc,heap     ] GC(4) Reclaimed:         -                  -                 0M (0%)            0M (0%)             -                  -          
[1.498s][info][gc          ] GC(4) Garbage Collection (Warmup) 858M(21%)->864M(21%)
[1.772s][info][gc,start    ] GC(5) Garbage Collection (Timer)
[1.772s][info][gc,task     ] GC(5) Using 3 workers
[1.772s][info][gc,phases   ] GC(5) Pause Mark Start 0.006ms
[1.797s][info][gc,phases   ] GC(5) Concurrent Mark 24.688ms
[1.797s][info][gc,phases   ] GC(5) Pause Mark End 0.010ms
[1.797s][info][gc,phases   ] GC(5) Concurrent Mark Free 0.001ms
[1.798s][info][gc,phases   ] GC(5) Concurrent Process Non-Strong References 0.938ms
[1.798s][info][gc,phases   ] GC(5) Concurrent Reset Relocation Set 0.001ms
[1.801s][info][gc,phases   ] GC(5) Concurrent Select Relocation Set 2.428ms
[1.801s][info][gc,phases   ] GC(5) Pause Relocate Start 0.006ms
[1.803s][info][gc,phases   ] GC(5) Concurrent Relocate 1.774ms
[1.803s][info][gc,load     ] GC(5) Load: 0.00/0.00/0.00
[1.803s][info][gc,mmu      ] GC(5) MMU: 2ms/99.4%, 5ms/99.7%, 10ms/99.8%, 20ms/99.9%, 50ms/100.0%, 100ms/100.0%
[1.803s][info][gc,marking  ] GC(5) Mark: 2 stripe(s), 4 proactive flush(es), 1 terminate flush(es), 0 completion(s), 0 continuation(s) 
[1.803s][info][gc,marking  ] GC(5) Mark Stack Usage: 32M
[1.803s][info][gc,nmethod  ] GC(5) NMethods: 452 registered, 0 unregistered
[1.803s][info][gc,metaspace] GC(5) Metaspace: 1M used, 1M committed, 1088M reserved
[1.803s][info][gc,ref      ] GC(5) Soft: 181 encountered, 0 discovered, 0 enqueued
[1.803s][info][gc,ref      ] GC(5) Weak: 263 encountered, 163 discovered, 0 enqueued
[1.803s][info][gc,ref      ] GC(5) Final: 0 encountered, 0 discovered, 0 enqueued
[1.803s][info][gc,ref      ] GC(5) Phantom: 7 encountered, 3 discovered, 0 enqueued
[1.803s][info][gc,reloc    ] GC(5) Small Pages: 543 / 1086M, Empty: 0M, Relocated: 3M, In-Place: 0
[1.803s][info][gc,reloc    ] GC(5) Medium Pages: 1 / 32M, Empty: 0M, Relocated: 0M, In-Place: 0
[1.803s][info][gc,reloc    ] GC(5) Large Pages: 0 / 0M, Empty: 0M, Relocated: 0M, In-Place: 0
[1.803s][info][gc,reloc    ] GC(5) Forwarding Usage: 0M
[1.803s][info][gc,heap     ] GC(5) Min Capacity: 4096M(100%)
[1.803s][info][gc,heap     ] GC(5) Max Capacity: 4096M(100%)
[1.803s][info][gc,heap     ] GC(5) Soft Max Capacity: 4096M(100%)
[1.803s][info][gc,heap     ] GC(5)                Mark Start          Mark End        Relocate Start      Relocate End           High               Low         
[1.803s][info][gc,heap     ] GC(5)  Capacity:     4096M (100%)       4096M (100%)       4096M (100%)       4096M (100%)       4096M (100%)       4096M (100%)   
[1.803s][info][gc,heap     ] GC(5)      Free:     2978M (73%)        2974M (73%)        2972M (73%)        2972M (73%)        2978M (73%)        2966M (72%)    
[1.803s][info][gc,heap     ] GC(5)      Used:     1118M (27%)        1122M (27%)        1124M (27%)        1124M (27%)        1130M (28%)        1118M (27%)    
[1.803s][info][gc,heap     ] GC(5)      Live:         -               988M (24%)         988M (24%)         988M (24%)            -                  -          
[1.803s][info][gc,heap     ] GC(5) Allocated:         -                 4M (0%)            6M (0%)            6M (0%)             -                  -          
[1.803s][info][gc,heap     ] GC(5)   Garbage:         -               129M (3%)          129M (3%)          129M (3%)             -                  -          
[1.803s][info][gc,heap     ] GC(5) Reclaimed:         -                  -                 0M (0%)            0M (0%)             -                  -          
[1.803s][info][gc          ] GC(5) Garbage Collection (Timer) 1118M(27%)->1124M(27%)
[1.972s][info][gc,start    ] GC(6) Garbage Collection (Warmup)
[1.972s][info][gc,task     ] GC(6) Using 3 workers
[1.973s][info][gc,phases   ] GC(6) Pause Mark Start 0.006ms
[1.992s][info][gc,phases   ] GC(6) Concurrent Mark 19.689ms
[1.992s][info][gc,phases   ] GC(6) Pause Mark End 0.009ms
[1.992s][info][gc,phases   ] GC(6) Concurrent Mark Free 0.001ms
[1.993s][info][gc,phases   ] GC(6) Concurrent Process Non-Strong References 0.897ms
[1.993s][info][gc,phases   ] GC(6) Concurrent Reset Relocation Set 0.001ms
[1.996s][info][gc,phases   ] GC(6) Concurrent Select Relocation Set 2.147ms
[1.996s][info][gc,phases   ] GC(6) Pause Relocate Start 0.006ms
[1.998s][info][gc,phases   ] GC(6) Concurrent Relocate 1.702ms
[1.998s][info][gc,load     ] GC(6) Load: 0.00/0.00/0.00
[1.998s][info][gc,mmu      ] GC(6) MMU: 2ms/99.4%, 5ms/99.7%, 10ms/99.8%, 20ms/99.9%, 50ms/100.0%, 100ms/100.0%
[1.998s][info][gc,marking  ] GC(6) Mark: 2 stripe(s), 2 proactive flush(es), 1 terminate flush(es), 0 completion(s), 0 continuation(s) 
[1.998s][info][gc,marking  ] GC(6) Mark Stack Usage: 32M
[1.998s][info][gc,nmethod  ] GC(6) NMethods: 458 registered, 0 unregistered
[1.998s][info][gc,metaspace] GC(6) Metaspace: 1M used, 1M committed, 1088M reserved
[1.998s][info][gc,ref      ] GC(6) Soft: 181 encountered, 0 discovered, 0 enqueued
[1.998s][info][gc,ref      ] GC(6) Weak: 263 encountered, 144 discovered, 0 enqueued
[1.998s][info][gc,ref      ] GC(6) Final: 0 encountered, 0 discovered, 0 enqueued
[1.998s][info][gc,ref      ] GC(6) Phantom: 7 encountered, 3 discovered, 0 enqueued
[1.998s][info][gc,reloc    ] GC(6) Small Pages: 607 / 1214M, Empty: 0M, Relocated: 3M, In-Place: 0
[1.998s][info][gc,reloc    ] GC(6) Medium Pages: 1 / 32M, Empty: 0M, Relocated: 0M, In-Place: 0
[1.998s][info][gc,reloc    ] GC(6) Large Pages: 0 / 0M, Empty: 0M, Relocated: 0M, In-Place: 0
[1.998s][info][gc,reloc    ] GC(6) Forwarding Usage: 0M
[1.998s][info][gc,heap     ] GC(6) Min Capacity: 4096M(100%)
[1.998s][info][gc,heap     ] GC(6) Max Capacity: 4096M(100%)
[1.998s][info][gc,heap     ] GC(6) Soft Max Capacity: 4096M(100%)
[1.998s][info][gc,heap     ] GC(6)                Mark Start          Mark End        Relocate Start      Relocate End           High               Low         
[1.998s][info][gc,heap     ] GC(6)  Capacity:     4096M (100%)       4096M (100%)       4096M (100%)       4096M (100%)       4096M (100%)       4096M (100%)   
[1.998s][info][gc,heap     ] GC(6)      Free:     2850M (70%)        2848M (70%)        2846M (69%)        2848M (70%)        2850M (70%)        2840M (69%)    
[1.998s][info][gc,heap     ] GC(6)      Used:     1246M (30%)        1248M (30%)        1250M (31%)        1248M (30%)        1256M (31%)        1246M (30%)    
[1.998s][info][gc,heap     ] GC(6)      Live:         -              1103M (27%)        1103M (27%)        1103M (27%)            -                  -          
[1.998s][info][gc,heap     ] GC(6) Allocated:         -                 2M (0%)            4M (0%)            3M (0%)             -                  -          
[1.998s][info][gc,heap     ] GC(6)   Garbage:         -               142M (3%)          142M (3%)          140M (3%)             -                  -          
[1.998s][info][gc,heap     ] GC(6) Reclaimed:         -                  -                 0M (0%)            1M (0%)             -                  -          
[1.998s][info][gc          ] GC(6) Garbage Collection (Warmup) 1246M(30%)->1248M(30%)
[2.272s][info][gc,start    ] GC(7) Garbage Collection (Timer)
[2.272s][info][gc,task     ] GC(7) Using 3 workers
[2.272s][info][gc,phases   ] GC(7) Pause Mark Start 0.005ms
[2.293s][info][gc,phases   ] GC(7) Concurrent Mark 20.624ms
[2.293s][info][gc,phases   ] GC(7) Pause Mark End 0.009ms
[2.293s][info][gc,phases   ] GC(7) Concurrent Mark Free 0.001ms
[2.294s][info][gc,phases   ] GC(7) Concurrent Process Non-Strong References 0.996ms
[2.294s][info][gc,phases   ] GC(7) Concurrent Reset Relocation Set 0.001ms
[2.297s][info][gc,phases   ] GC(7) Concurrent Select Relocation Set 2.623ms
[2.297s][info][gc,phases   ] GC(7) Pause Relocate Start 0.005ms
[2.300s][info][gc,phases   ] GC(7) Concurrent Relocate 2.613ms
[2.300s][info][gc,load     ] GC(7) Load: 0.00/0.00/0.00
[2.300s][info][gc,mmu      ] GC(7) MMU: 2ms/99.4%, 5ms/99.7%, 10ms/99.8%, 20ms/99.9%, 50ms/100.0%, 100ms/100.0%
[2.300s][info][gc,marking  ] GC(7) Mark: 2 stripe(s), 3 proactive flush(es), 1 terminate flush(es), 0 completion(s), 0 continuation(s) 
[2.300s][info][gc,marking  ] GC(7) Mark Stack Usage: 32M
[2.300s][info][gc,nmethod  ] GC(7) NMethods: 458 registered, 0 unregistered
[2.300s][info][gc,metaspace] GC(7) Metaspace: 1M used, 1M committed, 1088M reserved
[2.300s][info][gc,ref      ] GC(7) Soft: 181 encountered, 0 discovered, 0 enqueued
[2.300s][info][gc,ref      ] GC(7) Weak: 263 encountered, 142 discovered, 0 enqueued
[2.300s][info][gc,ref      ] GC(7) Final: 0 encountered, 0 discovered, 0 enqueued
[2.300s][info][gc,ref      ] GC(7) Phantom: 7 encountered, 4 discovered, 0 enqueued
[2.300s][info][gc,reloc    ] GC(7) Small Pages: 705 / 1410M, Empty: 0M, Relocated: 5M, In-Place: 0
[2.300s][info][gc,reloc    ] GC(7) Medium Pages: 1 / 32M, Empty: 0M, Relocated: 0M, In-Place: 0
[2.300s][info][gc,reloc    ] GC(7) Large Pages: 0 / 0M, Empty: 0M, Relocated: 0M, In-Place: 0
[2.300s][info][gc,reloc    ] GC(7) Forwarding Usage: 0M
[2.300s][info][gc,heap     ] GC(7) Min Capacity: 4096M(100%)
[2.300s][info][gc,heap     ] GC(7) Max Capacity: 4096M(100%)
[2.300s][info][gc,heap     ] GC(7) Soft Max Capacity: 4096M(100%)
[2.300s][info][gc,heap     ] GC(7)                Mark Start          Mark End        Relocate Start      Relocate End           High               Low         
[2.300s][info][gc,heap     ] GC(7)  Capacity:     4096M (100%)       4096M (100%)       4096M (100%)       4096M (100%)       4096M (100%)       4096M (100%)   
[2.300s][info][gc,heap     ] GC(7)      Free:     2654M (65%)        2650M (65%)        2648M (65%)        2648M (65%)        2654M (65%)        2642M (65%)    
[2.300s][info][gc,heap     ] GC(7)      Used:     1442M (35%)        1446M (35%)        1448M (35%)        1448M (35%)        1454M (35%)        1442M (35%)    
[2.300s][info][gc,heap     ] GC(7)      Live:         -              1283M (31%)        1283M (31%)        1283M (31%)            -                  -          
[2.300s][info][gc,heap     ] GC(7) Allocated:         -                 4M (0%)            6M (0%)            7M (0%)             -                  -          
[2.300s][info][gc,heap     ] GC(7)   Garbage:         -               158M (4%)          158M (4%)          156M (4%)             -                  -          
[2.300s][info][gc,heap     ] GC(7) Reclaimed:         -                  -                 0M (0%)            1M (0%)             -                  -          
[2.300s][info][gc          ] GC(7) Garbage Collection (Timer) 1442M(35%)->1448M(35%)
[2.572s][info][gc,start    ] GC(8) Garbage Collection (Timer)
[2.572s][info][gc,task     ] GC(8) Using 3 workers
[2.572s][info][gc,phases   ] GC(8) Pause Mark Start 0.006ms
[2.594s][info][gc,phases   ] GC(8) Concurrent Mark 21.590ms
[2.594s][info][gc,phases   ] GC(8) Pause Mark End 0.009ms
[2.594s][info][gc,phases   ] GC(8) Concurrent Mark Free 0.001ms
[2.595s][info][gc,phases   ] GC(8) Concurrent Process Non-Strong References 0.997ms
[2.595s][info][gc,phases   ] GC(8) Concurrent Reset Relocation Set 0.001ms
[2.598s][info][gc,phases   ] GC(8) Concurrent Select Relocation Set 2.281ms
[2.598s][info][gc,phases   ] GC(8) Pause Relocate Start 0.006ms
[2.599s][info][gc,phases   ] GC(8) Concurrent Relocate 1.424ms
[2.599s][info][gc,load     ] GC(8) Load: 0.00/0.00/0.00
[2.599s][info][gc,mmu      ] GC(8) MMU: 2ms/99.4%, 5ms/99.7%, 10ms/99.8%, 20ms/99.9%, 50ms/100.0%, 100ms/100.0%
[2.600s][info][gc,marking  ] GC(8) Mark: 2 stripe(s), 2 proactive flush(es), 1 terminate flush(es), 0 completion(s), 0 continuation(s) 
[2.600s][info][gc,marking  ] GC(8) Mark Stack Usage: 32M
[2.600s][info][gc,nmethod  ] GC(8) NMethods: 458 registered, 0 unregistered
[2.600s][info][gc,metaspace] GC(8) Metaspace: 1M used, 1M committed, 1088M reserved
[2.600s][info][gc,ref      ] GC(8) Soft: 181 encountered, 0 discovered, 0 enqueued
[2.600s][info][gc,ref      ] GC(8) Weak: 263 encountered, 1 discovered, 0 enqueued
[2.600s][info][gc,ref      ] GC(8) Final: 0 encountered, 0 discovered, 0 enqueued
[2.600s][info][gc,ref      ] GC(8) Phantom: 7 encountered, 5 discovered, 0 enqueued
[2.600s][info][gc,reloc    ] GC(8) Small Pages: 794 / 1588M, Empty: 0M, Relocated: 1M, In-Place: 0
[2.600s][info][gc,reloc    ] GC(8) Medium Pages: 2 / 64M, Empty: 32M, Relocated: 0M, In-Place: 0
[2.600s][info][gc,reloc    ] GC(8) Large Pages: 0 / 0M, Empty: 0M, Relocated: 0M, In-Place: 0
[2.600s][info][gc,reloc    ] GC(8) Forwarding Usage: 0M
[2.600s][info][gc,heap     ] GC(8) Min Capacity: 4096M(100%)
[2.600s][info][gc,heap     ] GC(8) Max Capacity: 4096M(100%)
[2.600s][info][gc,heap     ] GC(8) Soft Max Capacity: 4096M(100%)
[2.600s][info][gc,heap     ] GC(8)                Mark Start          Mark End        Relocate Start      Relocate End           High               Low         
[2.600s][info][gc,heap     ] GC(8)  Capacity:     4096M (100%)       4096M (100%)       4096M (100%)       4096M (100%)       4096M (100%)       4096M (100%)   
[2.600s][info][gc,heap     ] GC(8)      Free:     2444M (60%)        2440M (60%)        2470M (60%)        2470M (60%)        2470M (60%)        2438M (60%)    
[2.600s][info][gc,heap     ] GC(8)      Used:     1652M (40%)        1656M (40%)        1626M (40%)        1626M (40%)        1658M (40%)        1626M (40%)    
[2.600s][info][gc,heap     ] GC(8)      Live:         -              1447M (35%)        1447M (35%)        1447M (35%)            -                  -          
[2.600s][info][gc,heap     ] GC(8) Allocated:         -                 4M (0%)            6M (0%)            6M (0%)             -                  -          
[2.600s][info][gc,heap     ] GC(8)   Garbage:         -               204M (5%)          172M (4%)          172M (4%)             -                  -          
[2.600s][info][gc,heap     ] GC(8) Reclaimed:         -                  -                32M (1%)           32M (1%)             -                  -          
[2.600s][info][gc          ] GC(8) Garbage Collection (Timer) 1652M(40%)->1626M(40%)
[2.872s][info][gc,start    ] GC(9) Garbage Collection (Timer)
[2.872s][info][gc,task     ] GC(9) Using 3 workers
[2.873s][info][gc,phases   ] GC(9) Pause Mark Start 0.006ms
[2.892s][info][gc,phases   ] GC(9) Concurrent Mark 19.765ms
[2.893s][info][gc,phases   ] GC(9) Pause Mark End 0.010ms
[2.893s][info][gc,phases   ] GC(9) Concurrent Mark Free 0.001ms
[2.894s][info][gc,phases   ] GC(9) Concurrent Process Non-Strong References 0.880ms
[2.894s][info][gc,phases   ] GC(9) Concurrent Reset Relocation Set 0.001ms
[2.896s][info][gc,phases   ] GC(9) Concurrent Select Relocation Set 2.100ms
[2.896s][info][gc,phases   ] GC(9) Pause Relocate Start 0.005ms
[2.897s][info][gc,phases   ] GC(9) Concurrent Relocate 1.420ms
[2.897s][info][gc,load     ] GC(9) Load: 0.00/0.00/0.00
[2.898s][info][gc,mmu      ] GC(9) MMU: 2ms/99.4%, 5ms/99.7%, 10ms/99.8%, 20ms/99.9%, 50ms/100.0%, 100ms/100.0%
[2.898s][info][gc,marking  ] GC(9) Mark: 2 stripe(s), 2 proactive flush(es), 1 terminate flush(es), 0 completion(s), 0 continuation(s) 
[2.898s][info][gc,marking  ] GC(9) Mark Stack Usage: 32M
[2.898s][info][gc,nmethod  ] GC(9) NMethods: 458 registered, 0 unregistered
[2.898s][info][gc,metaspace] GC(9) Metaspace: 1M used, 1M committed, 1088M reserved
[2.898s][info][gc,ref      ] GC(9) Soft: 181 encountered, 0 discovered, 0 enqueued
[2.898s][info][gc,ref      ] GC(9) Weak: 263 encountered, 27 discovered, 0 enqueued
[2.898s][info][gc,ref      ] GC(9) Final: 0 encountered, 0 discovered, 0 enqueued
[2.898s][info][gc,ref      ] GC(9) Phantom: 7 encountered, 3 discovered, 0 enqueued
[2.898s][info][gc,reloc    ] GC(9) Small Pages: 897 / 1794M, Empty: 0M, Relocated: 1M, In-Place: 0
[2.898s][info][gc,reloc    ] GC(9) Medium Pages: 1 / 32M, Empty: 0M, Relocated: 0M, In-Place: 0
[2.898s][info][gc,reloc    ] GC(9) Large Pages: 0 / 0M, Empty: 0M, Relocated: 0M, In-Place: 0
[2.898s][info][gc,reloc    ] GC(9) Forwarding Usage: 0M
[2.898s][info][gc,heap     ] GC(9) Min Capacity: 4096M(100%)
[2.898s][info][gc,heap     ] GC(9) Max Capacity: 4096M(100%)
[2.898s][info][gc,heap     ] GC(9) Soft Max Capacity: 4096M(100%)
[2.898s][info][gc,heap     ] GC(9)                Mark Start          Mark End        Relocate Start      Relocate End           High               Low         
[2.898s][info][gc,heap     ] GC(9)  Capacity:     4096M (100%)       4096M (100%)       4096M (100%)       4096M (100%)       4096M (100%)       4096M (100%)   
[2.898s][info][gc,heap     ] GC(9)      Free:     2270M (55%)        2268M (55%)        2268M (55%)        2268M (55%)        2270M (55%)        2264M (55%)    
[2.898s][info][gc,heap     ] GC(9)      Used:     1826M (45%)        1828M (45%)        1828M (45%)        1828M (45%)        1832M (45%)        1826M (45%)    
[2.898s][info][gc,heap     ] GC(9)      Live:         -              1635M (40%)        1635M (40%)        1635M (40%)            -                  -          
[2.898s][info][gc,heap     ] GC(9) Allocated:         -                 2M (0%)            2M (0%)            2M (0%)             -                  -          
[2.898s][info][gc,heap     ] GC(9)   Garbage:         -               190M (5%)          190M (5%)          190M (5%)             -                  -          
[2.898s][info][gc,heap     ] GC(9) Reclaimed:         -                  -                 0M (0%)            0M (0%)             -                  -          
[2.898s][info][gc          ] GC(9) Garbage Collection (Timer) 1826M(45%)->1828M(45%)
[3.173s][info][gc,start    ] GC(10) Garbage Collection (Timer)
[3.173s][info][gc,task     ] GC(10) Using 3 workers
[3.173s][info][gc,phases   ] GC(10) Pause Mark Start 0.006ms
[3.195s][info][gc,phases   ] GC(10) Concurrent Mark 21.603ms
[3.195s][info][gc,phases   ] GC(10) Pause Mark End 0.009ms
[3.195s][info][gc,phases   ] GC(10) Concurrent Mark Free 0.001ms
[3.196s][info][gc,phases   ] GC(10) Concurrent Process Non-Strong References 0.952ms
[3.196s][info][gc,phases   ] GC(10) Concurrent Reset Relocation Set 0.001ms
[3.199s][info][gc,phases   ] GC(10) Concurrent Select Relocation Set 2.154ms
[3.199s][info][gc,phases   ] GC(10) Pause Relocate Start 0.005ms
[3.200s][info][gc,phases   ] GC(10) Concurrent Relocate 1.372ms
[3.200s][info][gc,load     ] GC(10) Load: 0.00/0.00/0.00
[3.200s][info][gc,mmu      ] GC(10) MMU: 2ms/99.4%, 5ms/99.7%, 10ms/99.8%, 20ms/99.9%, 50ms/100.0%, 100ms/100.0%
[3.200s][info][gc,marking  ] GC(10) Mark: 2 stripe(s), 2 proactive flush(es), 1 terminate flush(es), 0 completion(s), 0 continuation(s) 
[3.200s][info][gc,marking  ] GC(10) Mark Stack Usage: 32M
[3.200s][info][gc,nmethod  ] GC(10) NMethods: 469 registered, 0 unregistered
[3.200s][info][gc,metaspace] GC(10) Metaspace: 1M used, 1M committed, 1088M reserved
[3.200s][info][gc,ref      ] GC(10) Soft: 181 encountered, 0 discovered, 0 enqueued
[3.200s][info][gc,ref      ] GC(10) Weak: 263 encountered, 142 discovered, 0 enqueued
[3.200s][info][gc,ref      ] GC(10) Final: 0 encountered, 0 discovered, 0 enqueued
[3.200s][info][gc,ref      ] GC(10) Phantom: 7 encountered, 3 discovered, 0 enqueued
[3.200s][info][gc,reloc    ] GC(10) Small Pages: 991 / 1982M, Empty: 0M, Relocated: 1M, In-Place: 0
[3.200s][info][gc,reloc    ] GC(10) Medium Pages: 1 / 32M, Empty: 0M, Relocated: 0M, In-Place: 0
[3.201s][info][gc,reloc    ] GC(10) Large Pages: 0 / 0M, Empty: 0M, Relocated: 0M, In-Place: 0
[3.201s][info][gc,reloc    ] GC(10) Forwarding Usage: 0M
[3.201s][info][gc,heap     ] GC(10) Min Capacity: 4096M(100%)
[3.201s][info][gc,heap     ] GC(10) Max Capacity: 4096M(100%)
[3.201s][info][gc,heap     ] GC(10) Soft Max Capacity: 4096M(100%)
[3.201s][info][gc,heap     ] GC(10)                Mark Start          Mark End        Relocate Start      Relocate End           High               Low         
[3.201s][info][gc,heap     ] GC(10)  Capacity:     4096M (100%)       4096M (100%)       4096M (100%)       4096M (100%)       4096M (100%)       4096M (100%)   
[3.201s][info][gc,heap     ] GC(10)      Free:     2082M (51%)        2078M (51%)        2076M (51%)        2076M (51%)        2082M (51%)        2072M (51%)    
[3.201s][info][gc,heap     ] GC(10)      Used:     2014M (49%)        2018M (49%)        2020M (49%)        2020M (49%)        2024M (49%)        2014M (49%)    
[3.201s][info][gc,heap     ] GC(10)      Live:         -              1806M (44%)        1806M (44%)        1806M (44%)            -                  -          
[3.201s][info][gc,heap     ] GC(10) Allocated:         -                 4M (0%)            6M (0%)            6M (0%)             -                  -          
[3.201s][info][gc,heap     ] GC(10)   Garbage:         -               207M (5%)          207M (5%)          207M (5%)             -                  -          
[3.201s][info][gc,heap     ] GC(10) Reclaimed:         -                  -                 0M (0%)            0M (0%)             -                  -          
[3.201s][info][gc          ] GC(10) Garbage Collection (Timer) 2014M(49%)->2020M(49%)
[3.472s][info][gc,start    ] GC(11) Garbage Collection (Timer)
[3.473s][info][gc,task     ] GC(11) Using 3 workers
[3.473s][info][gc,phases   ] GC(11) Pause Mark Start 0.006ms
[3.494s][info][gc,phases   ] GC(11) Concurrent Mark 21.629ms
[3.495s][info][gc,phases   ] GC(11) Pause Mark End 0.009ms
[3.495s][info][gc,phases   ] GC(11) Concurrent Mark Free 0.001ms
[3.496s][info][gc,phases   ] GC(11) Concurrent Process Non-Strong References 0.988ms
[3.496s][info][gc,phases   ] GC(11) Concurrent Reset Relocation Set 0.001ms
[3.498s][info][gc,phases   ] GC(11) Concurrent Select Relocation Set 2.397ms
[3.498s][info][gc,phases   ] GC(11) Pause Relocate Start 0.005ms
[3.500s][info][gc,phases   ] GC(11) Concurrent Relocate 1.631ms
[3.500s][info][gc,load     ] GC(11) Load: 0.00/0.00/0.00
[3.500s][info][gc,mmu      ] GC(11) MMU: 2ms/99.4%, 5ms/99.7%, 10ms/99.8%, 20ms/99.9%, 50ms/100.0%, 100ms/100.0%
[3.500s][info][gc,marking  ] GC(11) Mark: 2 stripe(s), 2 proactive flush(es), 1 terminate flush(es), 0 completion(s), 0 continuation(s) 
[3.500s][info][gc,marking  ] GC(11) Mark Stack Usage: 32M
[3.500s][info][gc,nmethod  ] GC(11) NMethods: 469 registered, 0 unregistered
[3.500s][info][gc,metaspace] GC(11) Metaspace: 1M used, 1M committed, 1088M reserved
[3.500s][info][gc,ref      ] GC(11) Soft: 181 encountered, 0 discovered, 0 enqueued
[3.500s][info][gc,ref      ] GC(11) Weak: 263 encountered, 143 discovered, 0 enqueued
[3.500s][info][gc,ref      ] GC(11) Final: 0 encountered, 0 discovered, 0 enqueued
[3.500s][info][gc,ref      ] GC(11) Phantom: 7 encountered, 4 discovered, 0 enqueued
[3.500s][info][gc,reloc    ] GC(11) Small Pages: 1076 / 2152M, Empty: 0M, Relocated: 1M, In-Place: 0
[3.500s][info][gc,reloc    ] GC(11) Medium Pages: 2 / 64M, Empty: 32M, Relocated: 0M, In-Place: 0
[3.500s][info][gc,reloc    ] GC(11) Large Pages: 0 / 0M, Empty: 0M, Relocated: 0M, In-Place: 0
[3.500s][info][gc,reloc    ] GC(11) Forwarding Usage: 0M
[3.500s][info][gc,heap     ] GC(11) Min Capacity: 4096M(100%)
[3.500s][info][gc,heap     ] GC(11) Max Capacity: 4096M(100%)
[3.501s][info][gc,heap     ] GC(11) Soft Max Capacity: 4096M(100%)
[3.501s][info][gc,heap     ] GC(11)                Mark Start          Mark End        Relocate Start      Relocate End           High               Low         
[3.501s][info][gc,heap     ] GC(11)  Capacity:     4096M (100%)       4096M (100%)       4096M (100%)       4096M (100%)       4096M (100%)       4096M (100%)   
[3.501s][info][gc,heap     ] GC(11)      Free:     1880M (46%)        1878M (46%)        1908M (47%)        1906M (47%)        1908M (47%)        1876M (46%)    
[3.501s][info][gc,heap     ] GC(11)      Used:     2216M (54%)        2218M (54%)        2188M (53%)        2190M (53%)        2220M (54%)        2188M (53%)    
[3.501s][info][gc,heap     ] GC(11)      Live:         -              1960M (48%)        1960M (48%)        1960M (48%)            -                  -          
[3.501s][info][gc,heap     ] GC(11) Allocated:         -                 2M (0%)            4M (0%)            6M (0%)             -                  -          
[3.501s][info][gc,heap     ] GC(11)   Garbage:         -               255M (6%)          223M (5%)          223M (5%)             -                  -          
[3.501s][info][gc,heap     ] GC(11) Reclaimed:         -                  -                32M (1%)           32M (1%)             -                  -          
[3.501s][info][gc          ] GC(11) Garbage Collection (Timer) 2216M(54%)->2190M(53%)
[3.773s][info][gc,start    ] GC(12) Garbage Collection (Timer)
[3.773s][info][gc,task     ] GC(12) Using 3 workers
[3.773s][info][gc,phases   ] GC(12) Pause Mark Start 0.005ms
[3.793s][info][gc,phases   ] GC(12) Concurrent Mark 19.669ms
[3.793s][info][gc,phases   ] GC(12) Pause Mark End 0.009ms
[3.793s][info][gc,phases   ] GC(12) Concurrent Mark Free 0.001ms
[3.794s][info][gc,phases   ] GC(12) Concurrent Process Non-Strong References 0.952ms
[3.794s][info][gc,phases   ] GC(12) Concurrent Reset Relocation Set 0.001ms
[3.797s][info][gc,phases   ] GC(12) Concurrent Select Relocation Set 2.717ms
[3.797s][info][gc,phases   ] GC(12) Pause Relocate Start 0.006ms
[3.799s][info][gc,phases   ] GC(12) Concurrent Relocate 2.158ms
[3.799s][info][gc,load     ] GC(12) Load: 0.00/0.00/0.00
[3.799s][info][gc,mmu      ] GC(12) MMU: 2ms/99.4%, 5ms/99.7%, 10ms/99.8%, 20ms/99.9%, 50ms/100.0%, 100ms/100.0%
[3.799s][info][gc,marking  ] GC(12) Mark: 2 stripe(s), 3 proactive flush(es), 1 terminate flush(es), 0 completion(s), 0 continuation(s) 
[3.799s][info][gc,marking  ] GC(12) Mark Stack Usage: 32M
[3.799s][info][gc,nmethod  ] GC(12) NMethods: 469 registered, 0 unregistered
[3.799s][info][gc,metaspace] GC(12) Metaspace: 1M used, 1M committed, 1088M reserved
[3.799s][info][gc,ref      ] GC(12) Soft: 181 encountered, 0 discovered, 0 enqueued
[3.799s][info][gc,ref      ] GC(12) Weak: 263 encountered, 145 discovered, 0 enqueued
[3.799s][info][gc,ref      ] GC(12) Final: 0 encountered, 0 discovered, 0 enqueued
[3.799s][info][gc,ref      ] GC(12) Phantom: 7 encountered, 4 discovered, 0 enqueued
[3.799s][info][gc,reloc    ] GC(12) Small Pages: 1153 / 2306M, Empty: 0M, Relocated: 3M, In-Place: 0
[3.799s][info][gc,reloc    ] GC(12) Medium Pages: 1 / 32M, Empty: 0M, Relocated: 0M, In-Place: 0
[3.799s][info][gc,reloc    ] GC(12) Large Pages: 0 / 0M, Empty: 0M, Relocated: 0M, In-Place: 0
[3.799s][info][gc,reloc    ] GC(12) Forwarding Usage: 0M
[3.799s][info][gc,heap     ] GC(12) Min Capacity: 4096M(100%)
[3.800s][info][gc,heap     ] GC(12) Max Capacity: 4096M(100%)
[3.800s][info][gc,heap     ] GC(12) Soft Max Capacity: 4096M(100%)
[3.800s][info][gc,heap     ] GC(12)                Mark Start          Mark End        Relocate Start      Relocate End           High               Low         
[3.800s][info][gc,heap     ] GC(12)  Capacity:     4096M (100%)       4096M (100%)       4096M (100%)       4096M (100%)       4096M (100%)       4096M (100%)   
[3.800s][info][gc,heap     ] GC(12)      Free:     1758M (43%)        1756M (43%)        1756M (43%)        1760M (43%)        1760M (43%)        1750M (43%)    
[3.800s][info][gc,heap     ] GC(12)      Used:     2338M (57%)        2340M (57%)        2340M (57%)        2336M (57%)        2346M (57%)        2336M (57%)    
[3.800s][info][gc,heap     ] GC(12)      Live:         -              2100M (51%)        2100M (51%)        2100M (51%)            -                  -          
[3.800s][info][gc,heap     ] GC(12) Allocated:         -                 2M (0%)            2M (0%)            2M (0%)             -                  -          
[3.800s][info][gc,heap     ] GC(12)   Garbage:         -               237M (6%)          237M (6%)          233M (6%)             -                  -          
[3.800s][info][gc,heap     ] GC(12) Reclaimed:         -                  -                 0M (0%)            4M (0%)             -                  -          
[3.800s][info][gc          ] GC(12) Garbage Collection (Timer) 2338M(57%)->2336M(57%)
[4.072s][info][gc,start    ] GC(13) Garbage Collection (Timer)
[4.072s][info][gc,task     ] GC(13) Using 3 workers
[4.072s][info][gc,phases   ] GC(13) Pause Mark Start 0.006ms
[4.093s][info][gc,phases   ] GC(13) Concurrent Mark 20.688ms
[4.093s][info][gc,phases   ] GC(13) Pause Mark End 0.009ms
[4.093s][info][gc,phases   ] GC(13) Concurrent Mark Free 0.001ms
[4.094s][info][gc,phases   ] GC(13) Concurrent Process Non-Strong References 0.979ms
[4.094s][info][gc,phases   ] GC(13) Concurrent Reset Relocation Set 0.001ms
[4.096s][info][gc,phases   ] GC(13) Concurrent Select Relocation Set 2.161ms
[4.096s][info][gc,phases   ] GC(13) Pause Relocate Start 0.005ms
[4.098s][info][gc,phases   ] GC(13) Concurrent Relocate 1.298ms
[4.098s][info][gc,load     ] GC(13) Load: 0.00/0.00/0.00
[4.098s][info][gc,mmu      ] GC(13) MMU: 2ms/99.4%, 5ms/99.7%, 10ms/99.8%, 20ms/99.9%, 50ms/100.0%, 100ms/100.0%
[4.098s][info][gc,marking  ] GC(13) Mark: 2 stripe(s), 3 proactive flush(es), 1 terminate flush(es), 0 completion(s), 0 continuation(s) 
[4.098s][info][gc,marking  ] GC(13) Mark Stack Usage: 32M
[4.098s][info][gc,nmethod  ] GC(13) NMethods: 477 registered, 0 unregistered
[4.098s][info][gc,metaspace] GC(13) Metaspace: 1M used, 1M committed, 1088M reserved
[4.098s][info][gc,ref      ] GC(13) Soft: 181 encountered, 0 discovered, 0 enqueued
[4.098s][info][gc,ref      ] GC(13) Weak: 263 encountered, 39 discovered, 0 enqueued
[4.098s][info][gc,ref      ] GC(13) Final: 0 encountered, 0 discovered, 0 enqueued
[4.098s][info][gc,ref      ] GC(13) Phantom: 7 encountered, 3 discovered, 0 enqueued
[4.098s][info][gc,reloc    ] GC(13) Small Pages: 1214 / 2428M, Empty: 0M, Relocated: 3M, In-Place: 0
[4.098s][info][gc,reloc    ] GC(13) Medium Pages: 1 / 32M, Empty: 0M, Relocated: 0M, In-Place: 0
[4.098s][info][gc,reloc    ] GC(13) Large Pages: 0 / 0M, Empty: 0M, Relocated: 0M, In-Place: 0
[4.098s][info][gc,reloc    ] GC(13) Forwarding Usage: 0M
[4.098s][info][gc,heap     ] GC(13) Min Capacity: 4096M(100%)
[4.098s][info][gc,heap     ] GC(13) Max Capacity: 4096M(100%)
[4.098s][info][gc,heap     ] GC(13) Soft Max Capacity: 4096M(100%)
[4.098s][info][gc,heap     ] GC(13)                Mark Start          Mark End        Relocate Start      Relocate End           High               Low         
[4.098s][info][gc,heap     ] GC(13)  Capacity:     4096M (100%)       4096M (100%)       4096M (100%)       4096M (100%)       4096M (100%)       4096M (100%)   
[4.098s][info][gc,heap     ] GC(13)      Free:     1636M (40%)        1632M (40%)        1630M (40%)        1632M (40%)        1636M (40%)        1626M (40%)    
[4.098s][info][gc,heap     ] GC(13)      Used:     2460M (60%)        2464M (60%)        2466M (60%)        2464M (60%)        2470M (60%)        2460M (60%)    
[4.098s][info][gc,heap     ] GC(13)      Live:         -              2213M (54%)        2213M (54%)        2213M (54%)            -                  -          
[4.099s][info][gc,heap     ] GC(13) Allocated:         -                 4M (0%)            6M (0%)            5M (0%)             -                  -          
[4.099s][info][gc,heap     ] GC(13)   Garbage:         -               246M (6%)          246M (6%)          244M (6%)             -                  -          
[4.099s][info][gc,heap     ] GC(13) Reclaimed:         -                  -                 0M (0%)            1M (0%)             -                  -          
[4.099s][info][gc          ] GC(13) Garbage Collection (Timer) 2460M(60%)->2464M(60%)
[4.373s][info][gc,start    ] GC(14) Garbage Collection (Timer)
[4.373s][info][gc,task     ] GC(14) Using 3 workers
[4.373s][info][gc,phases   ] GC(14) Pause Mark Start 0.006ms
[4.394s][info][gc,phases   ] GC(14) Concurrent Mark 20.533ms
[4.394s][info][gc,phases   ] GC(14) Pause Mark End 0.009ms
[4.394s][info][gc,phases   ] GC(14) Concurrent Mark Free 0.001ms
[4.395s][info][gc,phases   ] GC(14) Concurrent Process Non-Strong References 0.823ms
[4.395s][info][gc,phases   ] GC(14) Concurrent Reset Relocation Set 0.001ms
[4.397s][info][gc,phases   ] GC(14) Concurrent Select Relocation Set 2.236ms
[4.397s][info][gc,phases   ] GC(14) Pause Relocate Start 0.005ms
[4.399s][info][gc,phases   ] GC(14) Concurrent Relocate 1.246ms
[4.399s][info][gc,load     ] GC(14) Load: 0.00/0.00/0.00
[4.399s][info][gc,mmu      ] GC(14) MMU: 2ms/99.4%, 5ms/99.7%, 10ms/99.8%, 20ms/99.9%, 50ms/100.0%, 100ms/100.0%
[4.399s][info][gc,marking  ] GC(14) Mark: 2 stripe(s), 2 proactive flush(es), 1 terminate flush(es), 0 completion(s), 0 continuation(s) 
[4.399s][info][gc,marking  ] GC(14) Mark Stack Usage: 32M
[4.399s][info][gc,nmethod  ] GC(14) NMethods: 477 registered, 0 unregistered
[4.399s][info][gc,metaspace] GC(14) Metaspace: 1M used, 1M committed, 1088M reserved
[4.399s][info][gc,ref      ] GC(14) Soft: 181 encountered, 0 discovered, 0 enqueued
[4.399s][info][gc,ref      ] GC(14) Weak: 263 encountered, 1 discovered, 0 enqueued
[4.399s][info][gc,ref      ] GC(14) Final: 0 encountered, 0 discovered, 0 enqueued
[4.399s][info][gc,ref      ] GC(14) Phantom: 7 encountered, 3 discovered, 0 enqueued
[4.399s][info][gc,reloc    ] GC(14) Small Pages: 1273 / 2546M, Empty: 0M, Relocated: 3M, In-Place: 0
[4.399s][info][gc,reloc    ] GC(14) Medium Pages: 1 / 32M, Empty: 0M, Relocated: 0M, In-Place: 0
[4.399s][info][gc,reloc    ] GC(14) Large Pages: 0 / 0M, Empty: 0M, Relocated: 0M, In-Place: 0
[4.399s][info][gc,reloc    ] GC(14) Forwarding Usage: 0M
[4.399s][info][gc,heap     ] GC(14) Min Capacity: 4096M(100%)
[4.399s][info][gc,heap     ] GC(14) Max Capacity: 4096M(100%)
[4.399s][info][gc,heap     ] GC(14) Soft Max Capacity: 4096M(100%)
[4.399s][info][gc,heap     ] GC(14)                Mark Start          Mark End        Relocate Start      Relocate End           High               Low         
[4.399s][info][gc,heap     ] GC(14)  Capacity:     4096M (100%)       4096M (100%)       4096M (100%)       4096M (100%)       4096M (100%)       4096M (100%)   
[4.399s][info][gc,heap     ] GC(14)      Free:     1518M (37%)        1514M (37%)        1512M (37%)        1512M (37%)        1518M (37%)        1506M (37%)    
[4.399s][info][gc,heap     ] GC(14)      Used:     2578M (63%)        2582M (63%)        2584M (63%)        2584M (63%)        2590M (63%)        2578M (63%)    
[4.399s][info][gc,heap     ] GC(14)      Live:         -              2323M (57%)        2323M (57%)        2323M (57%)            -                  -          
[4.399s][info][gc,heap     ] GC(14) Allocated:         -                 4M (0%)            6M (0%)            6M (0%)             -                  -          
[4.399s][info][gc,heap     ] GC(14)   Garbage:         -               254M (6%)          254M (6%)          254M (6%)             -                  -          
[4.399s][info][gc,heap     ] GC(14) Reclaimed:         -                  -                 0M (0%)            0M (0%)             -                  -          
[4.399s][info][gc          ] GC(14) Garbage Collection (Timer) 2578M(63%)->2584M(63%)
[4.672s][info][gc,start    ] GC(15) Garbage Collection (Timer)
[4.672s][info][gc,task     ] GC(15) Using 3 workers
[4.673s][info][gc,phases   ] GC(15) Pause Mark Start 0.006ms
[4.692s][info][gc,phases   ] GC(15) Concurrent Mark 19.633ms
[4.693s][info][gc,phases   ] GC(15) Pause Mark End 0.009ms
[4.693s][info][gc,phases   ] GC(15) Concurrent Mark Free 0.001ms
[4.694s][info][gc,phases   ] GC(15) Concurrent Process Non-Strong References 0.839ms
[4.694s][info][gc,phases   ] GC(15) Concurrent Reset Relocation Set 0.001ms
[4.696s][info][gc,phases   ] GC(15) Concurrent Select Relocation Set 2.257ms
[4.696s][info][gc,phases   ] GC(15) Pause Relocate Start 0.004ms
[4.698s][info][gc,phases   ] GC(15) Concurrent Relocate 1.883ms
[4.698s][info][gc,load     ] GC(15) Load: 0.00/0.00/0.00
[4.698s][info][gc,mmu      ] GC(15) MMU: 2ms/99.4%, 5ms/99.7%, 10ms/99.8%, 20ms/99.9%, 50ms/100.0%, 100ms/100.0%
[4.698s][info][gc,marking  ] GC(15) Mark: 2 stripe(s), 2 proactive flush(es), 1 terminate flush(es), 0 completion(s), 0 continuation(s) 
[4.698s][info][gc,marking  ] GC(15) Mark Stack Usage: 32M
[4.698s][info][gc,nmethod  ] GC(15) NMethods: 477 registered, 0 unregistered
[4.698s][info][gc,metaspace] GC(15) Metaspace: 1M used, 1M committed, 1088M reserved
[4.698s][info][gc,ref      ] GC(15) Soft: 181 encountered, 0 discovered, 0 enqueued
[4.698s][info][gc,ref      ] GC(15) Weak: 263 encountered, 126 discovered, 0 enqueued
[4.698s][info][gc,ref      ] GC(15) Final: 0 encountered, 0 discovered, 0 enqueued
[4.698s][info][gc,ref      ] GC(15) Phantom: 7 encountered, 4 discovered, 0 enqueued
[4.698s][info][gc,reloc    ] GC(15) Small Pages: 1328 / 2656M, Empty: 0M, Relocated: 5M, In-Place: 0
[4.698s][info][gc,reloc    ] GC(15) Medium Pages: 1 / 32M, Empty: 0M, Relocated: 0M, In-Place: 0
[4.698s][info][gc,reloc    ] GC(15) Large Pages: 0 / 0M, Empty: 0M, Relocated: 0M, In-Place: 0
[4.698s][info][gc,reloc    ] GC(15) Forwarding Usage: 0M
[4.698s][info][gc,heap     ] GC(15) Min Capacity: 4096M(100%)
[4.698s][info][gc,heap     ] GC(15) Max Capacity: 4096M(100%)
[4.699s][info][gc,heap     ] GC(15) Soft Max Capacity: 4096M(100%)
[4.699s][info][gc,heap     ] GC(15)                Mark Start          Mark End        Relocate Start      Relocate End           High               Low         
[4.699s][info][gc,heap     ] GC(15)  Capacity:     4096M (100%)       4096M (100%)       4096M (100%)       4096M (100%)       4096M (100%)       4096M (100%)   
[4.699s][info][gc,heap     ] GC(15)      Free:     1408M (34%)        1404M (34%)        1402M (34%)        1404M (34%)        1408M (34%)        1396M (34%)    
[4.699s][info][gc,heap     ] GC(15)      Used:     2688M (66%)        2692M (66%)        2694M (66%)        2692M (66%)        2700M (66%)        2688M (66%)    
[4.699s][info][gc,heap     ] GC(15)      Live:         -              2422M (59%)        2422M (59%)        2422M (59%)            -                  -          
[4.699s][info][gc,heap     ] GC(15) Allocated:         -                 4M (0%)            6M (0%)            5M (0%)             -                  -          
[4.699s][info][gc,heap     ] GC(15)   Garbage:         -               265M (6%)          265M (6%)          263M (6%)             -                  -          
[4.699s][info][gc,heap     ] GC(15) Reclaimed:         -                  -                 0M (0%)            1M (0%)             -                  -          
[4.699s][info][gc          ] GC(15) Garbage Collection (Timer) 2688M(66%)->2692M(66%)
[4.972s][info][gc,start    ] GC(16) Garbage Collection (Timer)
[4.973s][info][gc,task     ] GC(16) Using 3 workers
[4.973s][info][gc,phases   ] GC(16) Pause Mark Start 0.006ms
[4.997s][info][gc,phases   ] GC(16) Concurrent Mark 23.758ms
[4.997s][info][gc,phases   ] GC(16) Pause Mark End 0.009ms
[4.997s][info][gc,phases   ] GC(16) Concurrent Mark Free 0.001ms
[4.998s][info][gc,phases   ] GC(16) Concurrent Process Non-Strong References 0.673ms
[4.998s][info][gc,phases   ] GC(16) Concurrent Reset Relocation Set 0.001ms
[5.000s][info][gc,phases   ] GC(16) Concurrent Select Relocation Set 2.221ms
[5.000s][info][gc,phases   ] GC(16) Pause Relocate Start 0.005ms
[5.001s][info][gc,phases   ] GC(16) Concurrent Relocate 0.911ms
[5.001s][info][gc,load     ] GC(16) Load: 0.00/0.00/0.00
[5.001s][info][gc,mmu      ] GC(16) MMU: 2ms/99.4%, 5ms/99.7%, 10ms/99.8%, 20ms/99.9%, 50ms/100.0%, 100ms/100.0%
[5.001s][info][gc,marking  ] GC(16) Mark: 2 stripe(s), 2 proactive flush(es), 1 terminate flush(es), 0 completion(s), 0 continuation(s) 
[5.001s][info][gc,marking  ] GC(16) Mark Stack Usage: 32M
[5.001s][info][gc,nmethod  ] GC(16) NMethods: 477 registered, 0 unregistered
[5.001s][info][gc,metaspace] GC(16) Metaspace: 1M used, 1M committed, 1088M reserved
[5.001s][info][gc,ref      ] GC(16) Soft: 181 encountered, 0 discovered, 0 enqueued
[5.001s][info][gc,ref      ] GC(16) Weak: 263 encountered, 176 discovered, 0 enqueued
[5.001s][info][gc,ref      ] GC(16) Final: 0 encountered, 0 discovered, 0 enqueued
[5.001s][info][gc,ref      ] GC(16) Phantom: 7 encountered, 3 discovered, 0 enqueued
[5.001s][info][gc,reloc    ] GC(16) Small Pages: 1418 / 2836M, Empty: 0M, Relocated: 1M, In-Place: 0
[5.001s][info][gc,reloc    ] GC(16) Medium Pages: 1 / 32M, Empty: 0M, Relocated: 0M, In-Place: 0
[5.001s][info][gc,reloc    ] GC(16) Large Pages: 0 / 0M, Empty: 0M, Relocated: 0M, In-Place: 0
[5.001s][info][gc,reloc    ] GC(16) Forwarding Usage: 0M
[5.001s][info][gc,heap     ] GC(16) Min Capacity: 4096M(100%)
[5.001s][info][gc,heap     ] GC(16) Max Capacity: 4096M(100%)
[5.001s][info][gc,heap     ] GC(16) Soft Max Capacity: 4096M(100%)
[5.001s][info][gc,heap     ] GC(16)                Mark Start          Mark End        Relocate Start      Relocate End           High               Low         
[5.001s][info][gc,heap     ] GC(16)  Capacity:     4096M (100%)       4096M (100%)       4096M (100%)       4096M (100%)       4096M (100%)       4096M (100%)   
[5.001s][info][gc,heap     ] GC(16)      Free:     1228M (30%)        1226M (30%)        1224M (30%)        1224M (30%)        1228M (30%)        1220M (30%)    
[5.001s][info][gc,heap     ] GC(16)      Used:     2868M (70%)        2870M (70%)        2872M (70%)        2872M (70%)        2876M (70%)        2868M (70%)    
[5.002s][info][gc,heap     ] GC(16)      Live:         -              2588M (63%)        2588M (63%)        2588M (63%)            -                  -          
[5.002s][info][gc,heap     ] GC(16) Allocated:         -                 2M (0%)            4M (0%)            4M (0%)             -                  -          
[5.002s][info][gc,heap     ] GC(16)   Garbage:         -               279M (7%)          279M (7%)          279M (7%)             -                  -          
[5.002s][info][gc,heap     ] GC(16) Reclaimed:         -                  -                 0M (0%)            0M (0%)             -                  -          
[5.002s][info][gc          ] GC(16) Garbage Collection (Timer) 2868M(70%)->2872M(70%)
[5.235s][info][gc,heap,exit] Heap
[5.235s][info][gc,heap,exit]  ZHeap           used 3034M, capacity 4096M, max capacity 4096M
[5.236s][info][gc,heap,exit]  Metaspace       used 1601K, committed 1792K, reserved 1114112K
[5.236s][info][gc,heap,exit]   class space    used 147K, committed 256K, reserved 1048576K
