[0.023s][info][gc,init] Initializing The Z Garbage Collector
[0.023s][info][gc,init] Version: 17.0.11+1-LTS (release)
[0.023s][info][gc,init] NUMA Support: Disabled
[0.023s][info][gc,init] CPUs: 12 total, 12 available
[0.023s][info][gc,init] Memory: 24496M
[0.023s][info][gc,init] Large Page Support: Disabled
[0.023s][info][gc,init] GC Workers: 3 (dynamic)
[0.024s][info][gc,init] Address Space Type: Contiguous/Unrestricted/Complete
[0.024s][info][gc,init] Address Space Size: 262144M x 3 = 786432M
[0.024s][info][gc,init] Min Capacity: 16384M
[0.024s][info][gc,init] Initial Capacity: 16384M
[0.025s][info][gc,init] Max Capacity: 16384M
[0.025s][info][gc,init] Medium Page Size: 32M
[0.025s][info][gc,init] Pre-touch: Disabled
[0.025s][info][gc,init] Uncommit: Implicitly Disabled (-Xms equals -Xmx)
[0.919s][info][gc,init] Runtime Workers: 8
[0.920s][info][gc     ] Using The Z Garbage Collector
[0.930s][info][gc,metaspace] CDS archive(s) mapped at: [0x0000025400000000-0x0000025400bc0000-0x0000025400bc0000), size 12320768, SharedBaseAddress: 0x0000025400000000, ArchiveRelocationMode: 1.
[0.930s][info][gc,metaspace] Compressed class space mapped at: 0x0000025401000000-0x0000025441000000, reserved size: 1073741824
[0.930s][info][gc,metaspace] Narrow klass base: 0x0000025400000000, Narrow klass shift: 0, Narrow klass range: 0x100000000
[1.055s][info][gc,start    ] GC(0) Garbage Collection (Timer)
[1.055s][info][gc,task     ] GC(0) Using 3 workers
[1.055s][info][gc,phases   ] GC(0) Pause Mark Start 0.005ms
[1.059s][info][gc,phases   ] GC(0) Concurrent Mark 3.700ms
[1.059s][info][gc,phases   ] GC(0) Pause Mark End 0.017ms
[1.059s][info][gc,phases   ] GC(0) Concurrent Mark Free 0.001ms
[1.060s][info][gc,phases   ] GC(0) Concurrent Process Non-Strong References 0.380ms
[1.060s][info][gc,phases   ] GC(0) Concurrent Reset Relocation Set 0.001ms
[1.069s][info][gc,phases   ] GC(0) Concurrent Select Relocation Set 9.787ms
[1.070s][info][gc,phases   ] GC(0) Pause Relocate Start 0.007ms
[1.072s][info][gc,phases   ] GC(0) Concurrent Relocate 2.093ms
[1.072s][info][gc,load     ] GC(0) Load: 0.00/0.00/0.00
[1.072s][info][gc,mmu      ] GC(0) MMU: 2ms/99.1%, 5ms/99.5%, 10ms/99.8%, 20ms/99.9%, 50ms/99.9%, 100ms/100.0%
[1.072s][info][gc,marking  ] GC(0) Mark: 2 stripe(s), 1 proactive flush(es), 1 terminate flush(es), 0 completion(s), 0 continuation(s) 
[1.072s][info][gc,marking  ] GC(0) Mark Stack Usage: 32M
[1.072s][info][gc,nmethod  ] GC(0) NMethods: 165 registered, 0 unregistered
[1.072s][info][gc,metaspace] GC(0) Metaspace: 0M used, 0M committed, 1088M reserved
[1.072s][info][gc,ref      ] GC(0) Soft: 36 encountered, 0 discovered, 0 enqueued
[1.072s][info][gc,ref      ] GC(0) Weak: 103 encountered, 23 discovered, 18 enqueued
[1.072s][info][gc,ref      ] GC(0) Final: 0 encountered, 0 discovered, 0 enqueued
[1.072s][info][gc,ref      ] GC(0) Phantom: 16 encountered, 13 discovered, 13 enqueued
[1.072s][info][gc,reloc    ] GC(0) Small Pages: 3 / 6M, Empty: 0M, Relocated: 1M, In-Place: 0
[1.072s][info][gc,reloc    ] GC(0) Medium Pages: 0 / 0M, Empty: 0M, Relocated: 0M, In-Place: 0
[1.072s][info][gc,reloc    ] GC(0) Large Pages: 0 / 0M, Empty: 0M, Relocated: 0M, In-Place: 0
[1.072s][info][gc,reloc    ] GC(0) Forwarding Usage: 0M
[1.072s][info][gc,heap     ] GC(0) Min Capacity: 16384M(100%)
[1.073s][info][gc,heap     ] GC(0) Max Capacity: 16384M(100%)
[1.073s][info][gc,heap     ] GC(0) Soft Max Capacity: 16384M(100%)
[1.073s][info][gc,heap     ] GC(0)                Mark Start          Mark End        Relocate Start      Relocate End           High               Low         
[1.073s][info][gc,heap     ] GC(0)  Capacity:    16384M (100%)      16384M (100%)      16384M (100%)      16384M (100%)      16384M (100%)      16384M (100%)   
[1.073s][info][gc,heap     ] GC(0)      Free:    16378M (100%)      16378M (100%)      16374M (100%)      16372M (100%)      16378M (100%)      16368M (100%)   
[1.073s][info][gc,heap     ] GC(0)      Used:        6M (0%)            6M (0%)           10M (0%)           12M (0%)           16M (0%)            6M (0%)     
[1.073s][info][gc,heap     ] GC(0)      Live:         -                 1M (0%)            1M (0%)            1M (0%)             -                  -          
[1.073s][info][gc,heap     ] GC(0) Allocated:         -                 0M (0%)            4M (0%)            6M (0%)             -                  -          
[1.073s][info][gc,heap     ] GC(0)   Garbage:         -                 4M (0%)            4M (0%)            4M (0%)             -                  -          
[1.073s][info][gc,heap     ] GC(0) Reclaimed:         -                  -                 0M (0%)            0M (0%)             -                  -          
[1.073s][info][gc          ] GC(0) Garbage Collection (Timer) 6M(0%)->12M(0%)
[1.352s][info][gc,start    ] GC(1) Garbage Collection (Timer)
[1.352s][info][gc,task     ] GC(1) Using 3 workers
[1.352s][info][gc,phases   ] GC(1) Pause Mark Start 0.005ms
[1.366s][info][gc,phases   ] GC(1) Concurrent Mark 13.677ms
[1.366s][info][gc,phases   ] GC(1) Pause Mark End 0.009ms
[1.366s][info][gc,phases   ] GC(1) Concurrent Mark Free 0.001ms
[1.367s][info][gc,phases   ] GC(1) Concurrent Process Non-Strong References 0.526ms
[1.367s][info][gc,phases   ] GC(1) Concurrent Reset Relocation Set 0.001ms
[1.370s][info][gc,phases   ] GC(1) Concurrent Select Relocation Set 3.114ms
[1.370s][info][gc,phases   ] GC(1) Pause Relocate Start 0.006ms
[1.372s][info][gc,phases   ] GC(1) Concurrent Relocate 2.070ms
[1.373s][info][gc,load     ] GC(1) Load: 0.00/0.00/0.00
[1.373s][info][gc,mmu      ] GC(1) MMU: 2ms/99.1%, 5ms/99.5%, 10ms/99.8%, 20ms/99.9%, 50ms/99.9%, 100ms/100.0%
[1.373s][info][gc,marking  ] GC(1) Mark: 2 stripe(s), 2 proactive flush(es), 1 terminate flush(es), 0 completion(s), 0 continuation(s) 
[1.373s][info][gc,marking  ] GC(1) Mark Stack Usage: 32M
[1.373s][info][gc,nmethod  ] GC(1) NMethods: 356 registered, 0 unregistered
[1.373s][info][gc,metaspace] GC(1) Metaspace: 1M used, 1M committed, 1088M reserved
[1.373s][info][gc,ref      ] GC(1) Soft: 118 encountered, 0 discovered, 0 enqueued
[1.373s][info][gc,ref      ] GC(1) Weak: 198 encountered, 153 discovered, 28 enqueued
[1.373s][info][gc,ref      ] GC(1) Final: 0 encountered, 0 discovered, 0 enqueued
[1.373s][info][gc,ref      ] GC(1) Phantom: 18 encountered, 14 discovered, 11 enqueued
[1.373s][info][gc,reloc    ] GC(1) Small Pages: 128 / 256M, Empty: 0M, Relocated: 2M, In-Place: 0
[1.373s][info][gc,reloc    ] GC(1) Medium Pages: 0 / 0M, Empty: 0M, Relocated: 0M, In-Place: 0
[1.373s][info][gc,reloc    ] GC(1) Large Pages: 0 / 0M, Empty: 0M, Relocated: 0M, In-Place: 0
[1.373s][info][gc,reloc    ] GC(1) Forwarding Usage: 0M
[1.373s][info][gc,heap     ] GC(1) Min Capacity: 16384M(100%)
[1.373s][info][gc,heap     ] GC(1) Max Capacity: 16384M(100%)
[1.373s][info][gc,heap     ] GC(1) Soft Max Capacity: 16384M(100%)
[1.373s][info][gc,heap     ] GC(1)                Mark Start          Mark End        Relocate Start      Relocate End           High               Low         
[1.373s][info][gc,heap     ] GC(1)  Capacity:    16384M (100%)      16384M (100%)      16384M (100%)      16384M (100%)      16384M (100%)      16384M (100%)   
[1.373s][info][gc,heap     ] GC(1)      Free:    16128M (98%)       16124M (98%)       16120M (98%)       16130M (98%)       16130M (98%)       16114M (98%)    
[1.373s][info][gc,heap     ] GC(1)      Used:      256M (2%)          260M (2%)          264M (2%)          254M (2%)          270M (2%)          254M (2%)     
[1.373s][info][gc,heap     ] GC(1)      Live:         -               221M (1%)          221M (1%)          221M (1%)             -                  -          
[1.373s][info][gc,heap     ] GC(1) Allocated:         -                 4M (0%)            8M (0%)            7M (0%)             -                  -          
[1.373s][info][gc,heap     ] GC(1)   Garbage:         -                34M (0%)           34M (0%)           24M (0%)             -                  -          
[1.373s][info][gc,heap     ] GC(1) Reclaimed:         -                  -                 0M (0%)            9M (0%)             -                  -          
[1.373s][info][gc          ] GC(1) Garbage Collection (Timer) 256M(2%)->254M(2%)
[1.653s][info][gc,start    ] GC(2) Garbage Collection (Timer)
[1.653s][info][gc,task     ] GC(2) Using 3 workers
[1.653s][info][gc,phases   ] GC(2) Pause Mark Start 0.005ms
[1.673s][info][gc,phases   ] GC(2) Concurrent Mark 20.633ms
[1.674s][info][gc,phases   ] GC(2) Pause Mark End 0.009ms
[1.674s][info][gc,phases   ] GC(2) Concurrent Mark Free 0.001ms
[1.675s][info][gc,phases   ] GC(2) Concurrent Process Non-Strong References 0.759ms
[1.675s][info][gc,phases   ] GC(2) Concurrent Reset Relocation Set 0.001ms
[1.677s][info][gc,phases   ] GC(2) Concurrent Select Relocation Set 2.135ms
[1.677s][info][gc,phases   ] GC(2) Pause Relocate Start 0.005ms
[1.678s][info][gc,phases   ] GC(2) Concurrent Relocate 0.790ms
[1.678s][info][gc,load     ] GC(2) Load: 0.00/0.00/0.00
[1.678s][info][gc,mmu      ] GC(2) MMU: 2ms/99.1%, 5ms/99.5%, 10ms/99.8%, 20ms/99.9%, 50ms/99.9%, 100ms/100.0%
[1.678s][info][gc,marking  ] GC(2) Mark: 2 stripe(s), 2 proactive flush(es), 1 terminate flush(es), 0 completion(s), 0 continuation(s) 
[1.678s][info][gc,marking  ] GC(2) Mark Stack Usage: 32M
[1.678s][info][gc,nmethod  ] GC(2) NMethods: 359 registered, 0 unregistered
[1.678s][info][gc,metaspace] GC(2) Metaspace: 1M used, 1M committed, 1088M reserved
[1.678s][info][gc,ref      ] GC(2) Soft: 118 encountered, 0 discovered, 0 enqueued
[1.678s][info][gc,ref      ] GC(2) Weak: 170 encountered, 1 discovered, 0 enqueued
[1.678s][info][gc,ref      ] GC(2) Final: 0 encountered, 0 discovered, 0 enqueued
[1.678s][info][gc,ref      ] GC(2) Phantom: 7 encountered, 4 discovered, 0 enqueued
[1.678s][info][gc,reloc    ] GC(2) Small Pages: 257 / 514M, Empty: 0M, Relocated: 1M, In-Place: 0
[1.678s][info][gc,reloc    ] GC(2) Medium Pages: 0 / 0M, Empty: 0M, Relocated: 0M, In-Place: 0
[1.678s][info][gc,reloc    ] GC(2) Large Pages: 0 / 0M, Empty: 0M, Relocated: 0M, In-Place: 0
[1.678s][info][gc,reloc    ] GC(2) Forwarding Usage: 0M
[1.678s][info][gc,heap     ] GC(2) Min Capacity: 16384M(100%)
[1.678s][info][gc,heap     ] GC(2) Max Capacity: 16384M(100%)
[1.678s][info][gc,heap     ] GC(2) Soft Max Capacity: 16384M(100%)
[1.678s][info][gc,heap     ] GC(2)                Mark Start          Mark End        Relocate Start      Relocate End           High               Low         
[1.678s][info][gc,heap     ] GC(2)  Capacity:    16384M (100%)      16384M (100%)      16384M (100%)      16384M (100%)      16384M (100%)      16384M (100%)   
[1.678s][info][gc,heap     ] GC(2)      Free:    15870M (97%)       15868M (97%)       15866M (97%)       15866M (97%)       15870M (97%)       15862M (97%)    
[1.678s][info][gc,heap     ] GC(2)      Used:      514M (3%)          516M (3%)          518M (3%)          518M (3%)          522M (3%)          514M (3%)     
[1.678s][info][gc,heap     ] GC(2)      Live:         -               466M (3%)          466M (3%)          466M (3%)             -                  -          
[1.678s][info][gc,heap     ] GC(2) Allocated:         -                 2M (0%)            4M (0%)            4M (0%)             -                  -          
[1.678s][info][gc,heap     ] GC(2)   Garbage:         -                47M (0%)           47M (0%)           47M (0%)             -                  -          
[1.679s][info][gc,heap     ] GC(2) Reclaimed:         -                  -                 0M (0%)            0M (0%)             -                  -          
[1.679s][info][gc          ] GC(2) Garbage Collection (Timer) 514M(3%)->518M(3%)
[1.952s][info][gc,start    ] GC(3) Garbage Collection (Timer)
[1.952s][info][gc,task     ] GC(3) Using 3 workers
[1.952s][info][gc,phases   ] GC(3) Pause Mark Start 0.006ms
[1.975s][info][gc,phases   ] GC(3) Concurrent Mark 23.263ms
[1.976s][info][gc,phases   ] GC(3) Pause Mark End 0.009ms
[1.976s][info][gc,phases   ] GC(3) Concurrent Mark Free 0.001ms
[1.977s][info][gc,phases   ] GC(3) Concurrent Process Non-Strong References 0.796ms
[1.977s][info][gc,phases   ] GC(3) Concurrent Reset Relocation Set 0.001ms
[1.979s][info][gc,phases   ] GC(3) Concurrent Select Relocation Set 2.417ms
[1.979s][info][gc,phases   ] GC(3) Pause Relocate Start 0.006ms
[1.982s][info][gc,phases   ] GC(3) Concurrent Relocate 2.169ms
[1.982s][info][gc,load     ] GC(3) Load: 0.00/0.00/0.00
[1.982s][info][gc,mmu      ] GC(3) MMU: 2ms/99.1%, 5ms/99.5%, 10ms/99.8%, 20ms/99.9%, 50ms/99.9%, 100ms/100.0%
[1.982s][info][gc,marking  ] GC(3) Mark: 2 stripe(s), 3 proactive flush(es), 1 terminate flush(es), 0 completion(s), 0 continuation(s) 
[1.982s][info][gc,marking  ] GC(3) Mark Stack Usage: 32M
[1.982s][info][gc,nmethod  ] GC(3) NMethods: 363 registered, 0 unregistered
[1.982s][info][gc,metaspace] GC(3) Metaspace: 1M used, 1M committed, 1088M reserved
[1.982s][info][gc,ref      ] GC(3) Soft: 118 encountered, 0 discovered, 0 enqueued
[1.982s][info][gc,ref      ] GC(3) Weak: 170 encountered, 2 discovered, 0 enqueued
[1.982s][info][gc,ref      ] GC(3) Final: 0 encountered, 0 discovered, 0 enqueued
[1.982s][info][gc,ref      ] GC(3) Phantom: 7 encountered, 5 discovered, 0 enqueued
[1.982s][info][gc,reloc    ] GC(3) Small Pages: 377 / 754M, Empty: 0M, Relocated: 2M, In-Place: 0
[1.982s][info][gc,reloc    ] GC(3) Medium Pages: 0 / 0M, Empty: 0M, Relocated: 0M, In-Place: 0
[1.982s][info][gc,reloc    ] GC(3) Large Pages: 0 / 0M, Empty: 0M, Relocated: 0M, In-Place: 0
[1.982s][info][gc,reloc    ] GC(3) Forwarding Usage: 0M
[1.982s][info][gc,heap     ] GC(3) Min Capacity: 16384M(100%)
[1.982s][info][gc,heap     ] GC(3) Max Capacity: 16384M(100%)
[1.982s][info][gc,heap     ] GC(3) Soft Max Capacity: 16384M(100%)
[1.982s][info][gc,heap     ] GC(3)                Mark Start          Mark End        Relocate Start      Relocate End           High               Low         
[1.982s][info][gc,heap     ] GC(3)  Capacity:    16384M (100%)      16384M (100%)      16384M (100%)      16384M (100%)      16384M (100%)      16384M (100%)   
[1.982s][info][gc,heap     ] GC(3)      Free:    15630M (95%)       15626M (95%)       15624M (95%)       15626M (95%)       15630M (95%)       15618M (95%)    
[1.982s][info][gc,heap     ] GC(3)      Used:      754M (5%)          758M (5%)          760M (5%)          758M (5%)          766M (5%)          754M (5%)     
[1.982s][info][gc,heap     ] GC(3)      Live:         -               684M (4%)          684M (4%)          684M (4%)             -                  -          
[1.982s][info][gc,heap     ] GC(3) Allocated:         -                 4M (0%)            6M (0%)            5M (0%)             -                  -          
[1.982s][info][gc,heap     ] GC(3)   Garbage:         -                69M (0%)           69M (0%)           67M (0%)             -                  -          
[1.982s][info][gc,heap     ] GC(3) Reclaimed:         -                  -                 0M (0%)            1M (0%)             -                  -          
[1.982s][info][gc          ] GC(3) Garbage Collection (Timer) 754M(5%)->758M(5%)
[2.252s][info][gc,start    ] GC(4) Garbage Collection (Timer)
[2.252s][info][gc,task     ] GC(4) Using 3 workers
[2.252s][info][gc,phases   ] GC(4) Pause Mark Start 0.005ms
[2.278s][info][gc,phases   ] GC(4) Concurrent Mark 25.582ms
[2.278s][info][gc,phases   ] GC(4) Pause Mark End 0.009ms
[2.278s][info][gc,phases   ] GC(4) Concurrent Mark Free 0.001ms
[2.279s][info][gc,phases   ] GC(4) Concurrent Process Non-Strong References 0.582ms
[2.279s][info][gc,phases   ] GC(4) Concurrent Reset Relocation Set 0.001ms
[2.282s][info][gc,phases   ] GC(4) Concurrent Select Relocation Set 2.544ms
[2.282s][info][gc,phases   ] GC(4) Pause Relocate Start 0.006ms
[2.284s][info][gc,phases   ] GC(4) Concurrent Relocate 1.975ms
[2.284s][info][gc,load     ] GC(4) Load: 0.00/0.00/0.00
[2.284s][info][gc,mmu      ] GC(4) MMU: 2ms/99.1%, 5ms/99.5%, 10ms/99.8%, 20ms/99.9%, 50ms/99.9%, 100ms/100.0%
[2.284s][info][gc,marking  ] GC(4) Mark: 2 stripe(s), 2 proactive flush(es), 1 terminate flush(es), 0 completion(s), 0 continuation(s) 
[2.284s][info][gc,marking  ] GC(4) Mark Stack Usage: 32M
[2.284s][info][gc,nmethod  ] GC(4) NMethods: 364 registered, 0 unregistered
[2.284s][info][gc,metaspace] GC(4) Metaspace: 1M used, 1M committed, 1088M reserved
[2.284s][info][gc,ref      ] GC(4) Soft: 118 encountered, 0 discovered, 0 enqueued
[2.284s][info][gc,ref      ] GC(4) Weak: 170 encountered, 110 discovered, 0 enqueued
[2.284s][info][gc,ref      ] GC(4) Final: 0 encountered, 0 discovered, 0 enqueued
[2.284s][info][gc,ref      ] GC(4) Phantom: 7 encountered, 2 discovered, 0 enqueued
[2.284s][info][gc,reloc    ] GC(4) Small Pages: 492 / 984M, Empty: 0M, Relocated: 2M, In-Place: 0
[2.284s][info][gc,reloc    ] GC(4) Medium Pages: 1 / 32M, Empty: 0M, Relocated: 0M, In-Place: 0
[2.284s][info][gc,reloc    ] GC(4) Large Pages: 0 / 0M, Empty: 0M, Relocated: 0M, In-Place: 0
[2.284s][info][gc,reloc    ] GC(4) Forwarding Usage: 0M
[2.284s][info][gc,heap     ] GC(4) Min Capacity: 16384M(100%)
[2.284s][info][gc,heap     ] GC(4) Max Capacity: 16384M(100%)
[2.284s][info][gc,heap     ] GC(4) Soft Max Capacity: 16384M(100%)
[2.284s][info][gc,heap     ] GC(4)                Mark Start          Mark End        Relocate Start      Relocate End           High               Low         
[2.284s][info][gc,heap     ] GC(4)  Capacity:    16384M (100%)      16384M (100%)      16384M (100%)      16384M (100%)      16384M (100%)      16384M (100%)   
[2.284s][info][gc,heap     ] GC(4)      Free:    15368M (94%)       15364M (94%)       15362M (94%)       15364M (94%)       15368M (94%)       15356M (94%)    
[2.285s][info][gc,heap     ] GC(4)      Used:     1016M (6%)         1020M (6%)         1022M (6%)         1020M (6%)         1028M (6%)         1016M (6%)     
[2.285s][info][gc,heap     ] GC(4)      Live:         -               894M (5%)          894M (5%)          894M (5%)             -                  -          
[2.285s][info][gc,heap     ] GC(4) Allocated:         -                 4M (0%)            6M (0%)            6M (0%)             -                  -          
[2.285s][info][gc,heap     ] GC(4)   Garbage:         -               121M (1%)          121M (1%)          119M (1%)             -                  -          
[2.285s][info][gc,heap     ] GC(4) Reclaimed:         -                  -                 0M (0%)            2M (0%)             -                  -          
[2.285s][info][gc          ] GC(4) Garbage Collection (Timer) 1016M(6%)->1020M(6%)
[2.553s][info][gc,start    ] GC(5) Garbage Collection (Timer)
[2.553s][info][gc,task     ] GC(5) Using 3 workers
[2.553s][info][gc,phases   ] GC(5) Pause Mark Start 0.006ms
[2.576s][info][gc,phases   ] GC(5) Concurrent Mark 23.556ms
[2.577s][info][gc,phases   ] GC(5) Pause Mark End 0.009ms
[2.577s][info][gc,phases   ] GC(5) Concurrent Mark Free 0.001ms
[2.577s][info][gc,phases   ] GC(5) Concurrent Process Non-Strong References 0.709ms
[2.578s][info][gc,phases   ] GC(5) Concurrent Reset Relocation Set 0.001ms
[2.581s][info][gc,phases   ] GC(5) Concurrent Select Relocation Set 2.966ms
[2.581s][info][gc,phases   ] GC(5) Pause Relocate Start 0.006ms
[2.582s][info][gc,phases   ] GC(5) Concurrent Relocate 0.875ms
[2.582s][info][gc,load     ] GC(5) Load: 0.00/0.00/0.00
[2.582s][info][gc,mmu      ] GC(5) MMU: 2ms/99.1%, 5ms/99.5%, 10ms/99.8%, 20ms/99.9%, 50ms/99.9%, 100ms/100.0%
[2.582s][info][gc,marking  ] GC(5) Mark: 2 stripe(s), 3 proactive flush(es), 1 terminate flush(es), 0 completion(s), 0 continuation(s) 
[2.582s][info][gc,marking  ] GC(5) Mark Stack Usage: 32M
[2.582s][info][gc,nmethod  ] GC(5) NMethods: 364 registered, 0 unregistered
[2.582s][info][gc,metaspace] GC(5) Metaspace: 1M used, 1M committed, 1088M reserved
[2.582s][info][gc,ref      ] GC(5) Soft: 118 encountered, 0 discovered, 0 enqueued
[2.582s][info][gc,ref      ] GC(5) Weak: 170 encountered, 125 discovered, 0 enqueued
[2.582s][info][gc,ref      ] GC(5) Final: 0 encountered, 0 discovered, 0 enqueued
[2.582s][info][gc,ref      ] GC(5) Phantom: 7 encountered, 3 discovered, 0 enqueued
[2.582s][info][gc,reloc    ] GC(5) Small Pages: 595 / 1190M, Empty: 0M, Relocated: 1M, In-Place: 0
[2.582s][info][gc,reloc    ] GC(5) Medium Pages: 1 / 32M, Empty: 0M, Relocated: 0M, In-Place: 0
[2.582s][info][gc,reloc    ] GC(5) Large Pages: 0 / 0M, Empty: 0M, Relocated: 0M, In-Place: 0
[2.582s][info][gc,reloc    ] GC(5) Forwarding Usage: 0M
[2.582s][info][gc,heap     ] GC(5) Min Capacity: 16384M(100%)
[2.582s][info][gc,heap     ] GC(5) Max Capacity: 16384M(100%)
[2.582s][info][gc,heap     ] GC(5) Soft Max Capacity: 16384M(100%)
[2.582s][info][gc,heap     ] GC(5)                Mark Start          Mark End        Relocate Start      Relocate End           High               Low         
[2.582s][info][gc,heap     ] GC(5)  Capacity:    16384M (100%)      16384M (100%)      16384M (100%)      16384M (100%)      16384M (100%)      16384M (100%)   
[2.582s][info][gc,heap     ] GC(5)      Free:    15162M (93%)       15160M (93%)       15156M (93%)       15156M (93%)       15162M (93%)       15152M (92%)    
[2.582s][info][gc,heap     ] GC(5)      Used:     1222M (7%)         1224M (7%)         1228M (7%)         1228M (7%)         1232M (8%)         1222M (7%)     
[2.582s][info][gc,heap     ] GC(5)      Live:         -              1085M (7%)         1085M (7%)         1085M (7%)             -                  -          
[2.582s][info][gc,heap     ] GC(5) Allocated:         -                 2M (0%)            6M (0%)            6M (0%)             -                  -          
[2.582s][info][gc,heap     ] GC(5)   Garbage:         -               136M (1%)          136M (1%)          136M (1%)             -                  -          
[2.582s][info][gc,heap     ] GC(5) Reclaimed:         -                  -                 0M (0%)            0M (0%)             -                  -          
[2.582s][info][gc          ] GC(5) Garbage Collection (Timer) 1222M(7%)->1228M(7%)
[2.853s][info][gc,start    ] GC(6) Garbage Collection (Timer)
[2.853s][info][gc,task     ] GC(6) Using 3 workers
[2.853s][info][gc,phases   ] GC(6) Pause Mark Start 0.005ms
[2.873s][info][gc,phases   ] GC(6) Concurrent Mark 19.664ms
[2.873s][info][gc,phases   ] GC(6) Pause Mark End 0.009ms
[2.873s][info][gc,phases   ] GC(6) Concurrent Mark Free 0.001ms
[2.874s][info][gc,phases   ] GC(6) Concurrent Process Non-Strong References 0.739ms
[2.874s][info][gc,phases   ] GC(6) Concurrent Reset Relocation Set 0.001ms
[2.876s][info][gc,phases   ] GC(6) Concurrent Select Relocation Set 2.331ms
[2.876s][info][gc,phases   ] GC(6) Pause Relocate Start 0.006ms
[2.877s][info][gc,phases   ] GC(6) Concurrent Relocate 0.988ms
[2.878s][info][gc,load     ] GC(6) Load: 0.00/0.00/0.00
[2.878s][info][gc,mmu      ] GC(6) MMU: 2ms/99.1%, 5ms/99.5%, 10ms/99.8%, 20ms/99.9%, 50ms/99.9%, 100ms/100.0%
[2.878s][info][gc,marking  ] GC(6) Mark: 2 stripe(s), 3 proactive flush(es), 1 terminate flush(es), 0 completion(s), 0 continuation(s) 
[2.878s][info][gc,marking  ] GC(6) Mark Stack Usage: 32M
[2.878s][info][gc,nmethod  ] GC(6) NMethods: 446 registered, 0 unregistered
[2.878s][info][gc,metaspace] GC(6) Metaspace: 1M used, 1M committed, 1088M reserved
[2.878s][info][gc,ref      ] GC(6) Soft: 181 encountered, 0 discovered, 0 enqueued
[2.878s][info][gc,ref      ] GC(6) Weak: 296 encountered, 91 discovered, 33 enqueued
[2.878s][info][gc,ref      ] GC(6) Final: 0 encountered, 0 discovered, 0 enqueued
[2.878s][info][gc,ref      ] GC(6) Phantom: 24 encountered, 20 discovered, 17 enqueued
[2.878s][info][gc,reloc    ] GC(6) Small Pages: 680 / 1360M, Empty: 0M, Relocated: 1M, In-Place: 0
[2.878s][info][gc,reloc    ] GC(6) Medium Pages: 1 / 32M, Empty: 0M, Relocated: 0M, In-Place: 0
[2.878s][info][gc,reloc    ] GC(6) Large Pages: 0 / 0M, Empty: 0M, Relocated: 0M, In-Place: 0
[2.878s][info][gc,reloc    ] GC(6) Forwarding Usage: 0M
[2.878s][info][gc,heap     ] GC(6) Min Capacity: 16384M(100%)
[2.878s][info][gc,heap     ] GC(6) Max Capacity: 16384M(100%)
[2.878s][info][gc,heap     ] GC(6) Soft Max Capacity: 16384M(100%)
[2.878s][info][gc,heap     ] GC(6)                Mark Start          Mark End        Relocate Start      Relocate End           High               Low         
[2.878s][info][gc,heap     ] GC(6)  Capacity:    16384M (100%)      16384M (100%)      16384M (100%)      16384M (100%)      16384M (100%)      16384M (100%)   
[2.878s][info][gc,heap     ] GC(6)      Free:    14992M (92%)       14990M (91%)       14988M (91%)       14988M (91%)       14992M (92%)       14982M (91%)    
[2.878s][info][gc,heap     ] GC(6)      Used:     1392M (8%)         1394M (9%)         1396M (9%)         1396M (9%)         1402M (9%)         1392M (8%)     
[2.878s][info][gc,heap     ] GC(6)      Live:         -              1237M (8%)         1237M (8%)         1237M (8%)             -                  -          
[2.878s][info][gc,heap     ] GC(6) Allocated:         -                 2M (0%)            4M (0%)            4M (0%)             -                  -          
[2.878s][info][gc,heap     ] GC(6)   Garbage:         -               154M (1%)          154M (1%)          154M (1%)             -                  -          
[2.878s][info][gc,heap     ] GC(6) Reclaimed:         -                  -                 0M (0%)            0M (0%)             -                  -          
[2.878s][info][gc          ] GC(6) Garbage Collection (Timer) 1392M(8%)->1396M(9%)
[3.153s][info][gc,start    ] GC(7) Garbage Collection (Timer)
[3.153s][info][gc,task     ] GC(7) Using 3 workers
[3.153s][info][gc,phases   ] GC(7) Pause Mark Start 0.006ms
[3.175s][info][gc,phases   ] GC(7) Concurrent Mark 21.614ms
[3.175s][info][gc,phases   ] GC(7) Pause Mark End 0.009ms
[3.175s][info][gc,phases   ] GC(7) Concurrent Mark Free 0.001ms
[3.176s][info][gc,phases   ] GC(7) Concurrent Process Non-Strong References 0.810ms
[3.176s][info][gc,phases   ] GC(7) Concurrent Reset Relocation Set 0.001ms
[3.178s][info][gc,phases   ] GC(7) Concurrent Select Relocation Set 2.260ms
[3.178s][info][gc,phases   ] GC(7) Pause Relocate Start 0.006ms
[3.179s][info][gc,phases   ] GC(7) Concurrent Relocate 0.810ms
[3.179s][info][gc,load     ] GC(7) Load: 0.00/0.00/0.00
[3.179s][info][gc,mmu      ] GC(7) MMU: 2ms/99.1%, 5ms/99.5%, 10ms/99.8%, 20ms/99.9%, 50ms/99.9%, 100ms/100.0%
[3.179s][info][gc,marking  ] GC(7) Mark: 2 stripe(s), 3 proactive flush(es), 1 terminate flush(es), 0 completion(s), 0 continuation(s) 
[3.179s][info][gc,marking  ] GC(7) Mark Stack Usage: 32M
[3.179s][info][gc,nmethod  ] GC(7) NMethods: 448 registered, 0 unregistered
[3.179s][info][gc,metaspace] GC(7) Metaspace: 1M used, 1M committed, 1088M reserved
[3.179s][info][gc,ref      ] GC(7) Soft: 181 encountered, 0 discovered, 0 enqueued
[3.179s][info][gc,ref      ] GC(7) Weak: 263 encountered, 59 discovered, 0 enqueued
[3.180s][info][gc,ref      ] GC(7) Final: 0 encountered, 0 discovered, 0 enqueued
[3.180s][info][gc,ref      ] GC(7) Phantom: 7 encountered, 3 discovered, 0 enqueued
[3.180s][info][gc,reloc    ] GC(7) Small Pages: 773 / 1546M, Empty: 0M, Relocated: 1M, In-Place: 0
[3.180s][info][gc,reloc    ] GC(7) Medium Pages: 2 / 64M, Empty: 32M, Relocated: 0M, In-Place: 0
[3.180s][info][gc,reloc    ] GC(7) Large Pages: 0 / 0M, Empty: 0M, Relocated: 0M, In-Place: 0
[3.180s][info][gc,reloc    ] GC(7) Forwarding Usage: 0M
[3.180s][info][gc,heap     ] GC(7) Min Capacity: 16384M(100%)
[3.180s][info][gc,heap     ] GC(7) Max Capacity: 16384M(100%)
[3.180s][info][gc,heap     ] GC(7) Soft Max Capacity: 16384M(100%)
[3.180s][info][gc,heap     ] GC(7)                Mark Start          Mark End        Relocate Start      Relocate End           High               Low         
[3.180s][info][gc,heap     ] GC(7)  Capacity:    16384M (100%)      16384M (100%)      16384M (100%)      16384M (100%)      16384M (100%)      16384M (100%)   
[3.180s][info][gc,heap     ] GC(7)      Free:    14774M (90%)       14772M (90%)       14802M (90%)       14804M (90%)       14804M (90%)       14770M (90%)    
[3.180s][info][gc,heap     ] GC(7)      Used:     1610M (10%)        1612M (10%)        1582M (10%)        1580M (10%)        1614M (10%)        1580M (10%)    
[3.180s][info][gc,heap     ] GC(7)      Live:         -              1405M (9%)         1405M (9%)         1405M (9%)             -                  -          
[3.180s][info][gc,heap     ] GC(7) Allocated:         -                 2M (0%)            4M (0%)            4M (0%)             -                  -          
[3.180s][info][gc,heap     ] GC(7)   Garbage:         -               204M (1%)          172M (1%)          170M (1%)             -                  -          
[3.180s][info][gc,heap     ] GC(7) Reclaimed:         -                  -                32M (0%)           34M (0%)             -                  -          
[3.180s][info][gc          ] GC(7) Garbage Collection (Timer) 1610M(10%)->1580M(10%)
[3.352s][info][gc,start    ] GC(8) Garbage Collection (Warmup)
[3.352s][info][gc,task     ] GC(8) Using 3 workers
[3.352s][info][gc,phases   ] GC(8) Pause Mark Start 0.006ms
[3.371s][info][gc,phases   ] GC(8) Concurrent Mark 18.674ms
[3.371s][info][gc,phases   ] GC(8) Pause Mark End 0.010ms
[3.371s][info][gc,phases   ] GC(8) Concurrent Mark Free 0.001ms
[3.372s][info][gc,phases   ] GC(8) Concurrent Process Non-Strong References 0.831ms
[3.372s][info][gc,phases   ] GC(8) Concurrent Reset Relocation Set 0.001ms
[3.375s][info][gc,phases   ] GC(8) Concurrent Select Relocation Set 2.269ms
[3.375s][info][gc,phases   ] GC(8) Pause Relocate Start 0.006ms
[3.376s][info][gc,phases   ] GC(8) Concurrent Relocate 1.580ms
[3.377s][info][gc,load     ] GC(8) Load: 0.00/0.00/0.00
[3.377s][info][gc,mmu      ] GC(8) MMU: 2ms/99.1%, 5ms/99.5%, 10ms/99.8%, 20ms/99.9%, 50ms/99.9%, 100ms/100.0%
[3.377s][info][gc,marking  ] GC(8) Mark: 2 stripe(s), 3 proactive flush(es), 1 terminate flush(es), 0 completion(s), 0 continuation(s) 
[3.377s][info][gc,marking  ] GC(8) Mark Stack Usage: 32M
[3.377s][info][gc,nmethod  ] GC(8) NMethods: 448 registered, 0 unregistered
[3.377s][info][gc,metaspace] GC(8) Metaspace: 1M used, 1M committed, 1088M reserved
[3.377s][info][gc,ref      ] GC(8) Soft: 181 encountered, 0 discovered, 0 enqueued
[3.377s][info][gc,ref      ] GC(8) Weak: 263 encountered, 53 discovered, 0 enqueued
[3.377s][info][gc,ref      ] GC(8) Final: 0 encountered, 0 discovered, 0 enqueued
[3.377s][info][gc,ref      ] GC(8) Phantom: 7 encountered, 3 discovered, 0 enqueued
[3.377s][info][gc,reloc    ] GC(8) Small Pages: 826 / 1652M, Empty: 0M, Relocated: 3M, In-Place: 0
[3.377s][info][gc,reloc    ] GC(8) Medium Pages: 1 / 32M, Empty: 0M, Relocated: 0M, In-Place: 0
[3.377s][info][gc,reloc    ] GC(8) Large Pages: 0 / 0M, Empty: 0M, Relocated: 0M, In-Place: 0
[3.377s][info][gc,reloc    ] GC(8) Forwarding Usage: 0M
[3.377s][info][gc,heap     ] GC(8) Min Capacity: 16384M(100%)
[3.377s][info][gc,heap     ] GC(8) Max Capacity: 16384M(100%)
[3.377s][info][gc,heap     ] GC(8) Soft Max Capacity: 16384M(100%)
[3.377s][info][gc,heap     ] GC(8)                Mark Start          Mark End        Relocate Start      Relocate End           High               Low         
[3.377s][info][gc,heap     ] GC(8)  Capacity:    16384M (100%)      16384M (100%)      16384M (100%)      16384M (100%)      16384M (100%)      16384M (100%)   
[3.377s][info][gc,heap     ] GC(8)      Free:    14700M (90%)       14698M (90%)       14696M (90%)       14700M (90%)       14700M (90%)       14690M (90%)    
[3.377s][info][gc,heap     ] GC(8)      Used:     1684M (10%)        1686M (10%)        1688M (10%)        1684M (10%)        1694M (10%)        1684M (10%)    
[3.377s][info][gc,heap     ] GC(8)      Live:         -              1503M (9%)         1503M (9%)         1503M (9%)             -                  -          
[3.377s][info][gc,heap     ] GC(8) Allocated:         -                 2M (0%)            4M (0%)            3M (0%)             -                  -          
[3.377s][info][gc,heap     ] GC(8)   Garbage:         -               180M (1%)          180M (1%)          176M (1%)             -                  -          
[3.377s][info][gc,heap     ] GC(8) Reclaimed:         -                  -                 0M (0%)            3M (0%)             -                  -          
[3.377s][info][gc          ] GC(8) Garbage Collection (Warmup) 1684M(10%)->1684M(10%)
[3.652s][info][gc,start    ] GC(9) Garbage Collection (Timer)
[3.652s][info][gc,task     ] GC(9) Using 3 workers
[3.653s][info][gc,phases   ] GC(9) Pause Mark Start 0.006ms
[3.673s][info][gc,phases   ] GC(9) Concurrent Mark 19.836ms
[3.673s][info][gc,phases   ] GC(9) Pause Mark End 0.010ms
[3.673s][info][gc,phases   ] GC(9) Concurrent Mark Free 0.001ms
[3.674s][info][gc,phases   ] GC(9) Concurrent Process Non-Strong References 0.770ms
[3.674s][info][gc,phases   ] GC(9) Concurrent Reset Relocation Set 0.001ms
[3.676s][info][gc,phases   ] GC(9) Concurrent Select Relocation Set 2.197ms
[3.676s][info][gc,phases   ] GC(9) Pause Relocate Start 0.006ms
[3.677s][info][gc,phases   ] GC(9) Concurrent Relocate 1.145ms
[3.677s][info][gc,load     ] GC(9) Load: 0.00/0.00/0.00
[3.677s][info][gc,mmu      ] GC(9) MMU: 2ms/99.1%, 5ms/99.5%, 10ms/99.8%, 20ms/99.9%, 50ms/99.9%, 100ms/100.0%
[3.677s][info][gc,marking  ] GC(9) Mark: 2 stripe(s), 2 proactive flush(es), 1 terminate flush(es), 0 completion(s), 0 continuation(s) 
[3.677s][info][gc,marking  ] GC(9) Mark Stack Usage: 32M
[3.677s][info][gc,nmethod  ] GC(9) NMethods: 450 registered, 0 unregistered
[3.677s][info][gc,metaspace] GC(9) Metaspace: 1M used, 1M committed, 1088M reserved
[3.677s][info][gc,ref      ] GC(9) Soft: 181 encountered, 0 discovered, 0 enqueued
[3.678s][info][gc,ref      ] GC(9) Weak: 263 encountered, 42 discovered, 0 enqueued
[3.678s][info][gc,ref      ] GC(9) Final: 0 encountered, 0 discovered, 0 enqueued
[3.678s][info][gc,ref      ] GC(9) Phantom: 7 encountered, 3 discovered, 0 enqueued
[3.678s][info][gc,reloc    ] GC(9) Small Pages: 928 / 1856M, Empty: 0M, Relocated: 2M, In-Place: 0
[3.678s][info][gc,reloc    ] GC(9) Medium Pages: 1 / 32M, Empty: 0M, Relocated: 0M, In-Place: 0
[3.678s][info][gc,reloc    ] GC(9) Large Pages: 0 / 0M, Empty: 0M, Relocated: 0M, In-Place: 0
[3.678s][info][gc,reloc    ] GC(9) Forwarding Usage: 0M
[3.678s][info][gc,heap     ] GC(9) Min Capacity: 16384M(100%)
[3.678s][info][gc,heap     ] GC(9) Max Capacity: 16384M(100%)
[3.678s][info][gc,heap     ] GC(9) Soft Max Capacity: 16384M(100%)
[3.678s][info][gc,heap     ] GC(9)                Mark Start          Mark End        Relocate Start      Relocate End           High               Low         
[3.678s][info][gc,heap     ] GC(9)  Capacity:    16384M (100%)      16384M (100%)      16384M (100%)      16384M (100%)      16384M (100%)      16384M (100%)   
[3.678s][info][gc,heap     ] GC(9)      Free:    14496M (88%)       14494M (88%)       14490M (88%)       14490M (88%)       14496M (88%)       14484M (88%)    
[3.678s][info][gc,heap     ] GC(9)      Used:     1888M (12%)        1890M (12%)        1894M (12%)        1894M (12%)        1900M (12%)        1888M (12%)    
[3.678s][info][gc,heap     ] GC(9)      Live:         -              1693M (10%)        1693M (10%)        1693M (10%)            -                  -          
[3.678s][info][gc,heap     ] GC(9) Allocated:         -                 2M (0%)            6M (0%)            6M (0%)             -                  -          
[3.678s][info][gc,heap     ] GC(9)   Garbage:         -               194M (1%)          194M (1%)          194M (1%)             -                  -          
[3.678s][info][gc,heap     ] GC(9) Reclaimed:         -                  -                 0M (0%)            0M (0%)             -                  -          
[3.678s][info][gc          ] GC(9) Garbage Collection (Timer) 1888M(12%)->1894M(12%)
[3.953s][info][gc,start    ] GC(10) Garbage Collection (Timer)
[3.953s][info][gc,task     ] GC(10) Using 3 workers
[3.953s][info][gc,phases   ] GC(10) Pause Mark Start 0.006ms
[3.978s][info][gc,phases   ] GC(10) Concurrent Mark 24.827ms
[3.978s][info][gc,phases   ] GC(10) Pause Mark End 0.010ms
[3.978s][info][gc,phases   ] GC(10) Concurrent Mark Free 0.001ms
[3.979s][info][gc,phases   ] GC(10) Concurrent Process Non-Strong References 0.839ms
[3.979s][info][gc,phases   ] GC(10) Concurrent Reset Relocation Set 0.001ms
[3.981s][info][gc,phases   ] GC(10) Concurrent Select Relocation Set 2.447ms
[3.982s][info][gc,phases   ] GC(10) Pause Relocate Start 0.005ms
[3.984s][info][gc,phases   ] GC(10) Concurrent Relocate 2.799ms
[3.985s][info][gc,load     ] GC(10) Load: 0.00/0.00/0.00
[3.985s][info][gc,mmu      ] GC(10) MMU: 2ms/99.1%, 5ms/99.5%, 10ms/99.8%, 20ms/99.9%, 50ms/99.9%, 100ms/100.0%
[3.985s][info][gc,marking  ] GC(10) Mark: 2 stripe(s), 2 proactive flush(es), 1 terminate flush(es), 0 completion(s), 0 continuation(s) 
[3.985s][info][gc,marking  ] GC(10) Mark Stack Usage: 32M
[3.985s][info][gc,nmethod  ] GC(10) NMethods: 450 registered, 0 unregistered
[3.985s][info][gc,metaspace] GC(10) Metaspace: 1M used, 1M committed, 1088M reserved
[3.985s][info][gc,ref      ] GC(10) Soft: 181 encountered, 0 discovered, 0 enqueued
[3.985s][info][gc,ref      ] GC(10) Weak: 263 encountered, 9 discovered, 0 enqueued
[3.985s][info][gc,ref      ] GC(10) Final: 0 encountered, 0 discovered, 0 enqueued
[3.985s][info][gc,ref      ] GC(10) Phantom: 7 encountered, 3 discovered, 0 enqueued
[3.985s][info][gc,reloc    ] GC(10) Small Pages: 1017 / 2034M, Empty: 0M, Relocated: 5M, In-Place: 0
[3.985s][info][gc,reloc    ] GC(10) Medium Pages: 1 / 32M, Empty: 0M, Relocated: 0M, In-Place: 0
[3.985s][info][gc,reloc    ] GC(10) Large Pages: 0 / 0M, Empty: 0M, Relocated: 0M, In-Place: 0
[3.985s][info][gc,reloc    ] GC(10) Forwarding Usage: 0M
[3.985s][info][gc,heap     ] GC(10) Min Capacity: 16384M(100%)
[3.985s][info][gc,heap     ] GC(10) Max Capacity: 16384M(100%)
[3.985s][info][gc,heap     ] GC(10) Soft Max Capacity: 16384M(100%)
[3.985s][info][gc,heap     ] GC(10)                Mark Start          Mark End        Relocate Start      Relocate End           High               Low         
[3.985s][info][gc,heap     ] GC(10)  Capacity:    16384M (100%)      16384M (100%)      16384M (100%)      16384M (100%)      16384M (100%)      16384M (100%)   
[3.985s][info][gc,heap     ] GC(10)      Free:    14318M (87%)       14316M (87%)       14314M (87%)       14316M (87%)       14318M (87%)       14308M (87%)    
[3.985s][info][gc,heap     ] GC(10)      Used:     2066M (13%)        2068M (13%)        2070M (13%)        2068M (13%)        2076M (13%)        2066M (13%)    
[3.985s][info][gc,heap     ] GC(10)      Live:         -              1855M (11%)        1855M (11%)        1855M (11%)            -                  -          
[3.985s][info][gc,heap     ] GC(10) Allocated:         -                 2M (0%)            4M (0%)            3M (0%)             -                  -          
[3.985s][info][gc,heap     ] GC(10)   Garbage:         -               210M (1%)          210M (1%)          208M (1%)             -                  -          
[3.985s][info][gc,heap     ] GC(10) Reclaimed:         -                  -                 0M (0%)            1M (0%)             -                  -          
[3.985s][info][gc          ] GC(10) Garbage Collection (Timer) 2066M(13%)->2068M(13%)
[4.252s][info][gc,start    ] GC(11) Garbage Collection (Timer)
[4.253s][info][gc,task     ] GC(11) Using 3 workers
[4.253s][info][gc,phases   ] GC(11) Pause Mark Start 0.005ms
[4.274s][info][gc,phases   ] GC(11) Concurrent Mark 21.613ms
[4.275s][info][gc,phases   ] GC(11) Pause Mark End 0.009ms
[4.275s][info][gc,phases   ] GC(11) Concurrent Mark Free 0.001ms
[4.276s][info][gc,phases   ] GC(11) Concurrent Process Non-Strong References 0.887ms
[4.276s][info][gc,phases   ] GC(11) Concurrent Reset Relocation Set 0.001ms
[4.278s][info][gc,phases   ] GC(11) Concurrent Select Relocation Set 2.221ms
[4.278s][info][gc,phases   ] GC(11) Pause Relocate Start 0.005ms
[4.279s][info][gc,phases   ] GC(11) Concurrent Relocate 0.978ms
[4.279s][info][gc,load     ] GC(11) Load: 0.00/0.00/0.00
[4.279s][info][gc,mmu      ] GC(11) MMU: 2ms/99.1%, 5ms/99.5%, 10ms/99.8%, 20ms/99.9%, 50ms/99.9%, 100ms/100.0%
[4.279s][info][gc,marking  ] GC(11) Mark: 2 stripe(s), 2 proactive flush(es), 1 terminate flush(es), 0 completion(s), 0 continuation(s) 
[4.279s][info][gc,marking  ] GC(11) Mark Stack Usage: 32M
[4.279s][info][gc,nmethod  ] GC(11) NMethods: 450 registered, 0 unregistered
[4.279s][info][gc,metaspace] GC(11) Metaspace: 1M used, 1M committed, 1088M reserved
[4.279s][info][gc,ref      ] GC(11) Soft: 181 encountered, 0 discovered, 0 enqueued
[4.279s][info][gc,ref      ] GC(11) Weak: 263 encountered, 163 discovered, 0 enqueued
[4.279s][info][gc,ref      ] GC(11) Final: 0 encountered, 0 discovered, 0 enqueued
[4.279s][info][gc,ref      ] GC(11) Phantom: 7 encountered, 3 discovered, 0 enqueued
[4.279s][info][gc,reloc    ] GC(11) Small Pages: 1091 / 2182M, Empty: 0M, Relocated: 1M, In-Place: 0
[4.279s][info][gc,reloc    ] GC(11) Medium Pages: 2 / 64M, Empty: 32M, Relocated: 0M, In-Place: 0
[4.280s][info][gc,reloc    ] GC(11) Large Pages: 0 / 0M, Empty: 0M, Relocated: 0M, In-Place: 0
[4.280s][info][gc,reloc    ] GC(11) Forwarding Usage: 0M
[4.280s][info][gc,heap     ] GC(11) Min Capacity: 16384M(100%)
[4.280s][info][gc,heap     ] GC(11) Max Capacity: 16384M(100%)
[4.280s][info][gc,heap     ] GC(11) Soft Max Capacity: 16384M(100%)
[4.280s][info][gc,heap     ] GC(11)                Mark Start          Mark End        Relocate Start      Relocate End           High               Low         
[4.280s][info][gc,heap     ] GC(11)  Capacity:    16384M (100%)      16384M (100%)      16384M (100%)      16384M (100%)      16384M (100%)      16384M (100%)   
[4.280s][info][gc,heap     ] GC(11)      Free:    14138M (86%)       14136M (86%)       14166M (86%)       14166M (86%)       14166M (86%)       14134M (86%)    
[4.280s][info][gc,heap     ] GC(11)      Used:     2246M (14%)        2248M (14%)        2218M (14%)        2218M (14%)        2250M (14%)        2218M (14%)    
[4.280s][info][gc,heap     ] GC(11)      Live:         -              1991M (12%)        1991M (12%)        1991M (12%)            -                  -          
[4.280s][info][gc,heap     ] GC(11) Allocated:         -                 2M (0%)            4M (0%)            4M (0%)             -                  -          
[4.280s][info][gc,heap     ] GC(11)   Garbage:         -               254M (2%)          222M (1%)          222M (1%)             -                  -          
[4.280s][info][gc,heap     ] GC(11) Reclaimed:         -                  -                32M (0%)           32M (0%)             -                  -          
[4.280s][info][gc          ] GC(11) Garbage Collection (Timer) 2246M(14%)->2218M(14%)
[4.553s][info][gc,start    ] GC(12) Garbage Collection (Timer)
[4.553s][info][gc,task     ] GC(12) Using 3 workers
[4.553s][info][gc,phases   ] GC(12) Pause Mark Start 0.006ms
[4.573s][info][gc,phases   ] GC(12) Concurrent Mark 19.616ms
[4.573s][info][gc,phases   ] GC(12) Pause Mark End 0.009ms
[4.573s][info][gc,phases   ] GC(12) Concurrent Mark Free 0.001ms
[4.574s][info][gc,phases   ] GC(12) Concurrent Process Non-Strong References 0.882ms
[4.574s][info][gc,phases   ] GC(12) Concurrent Reset Relocation Set 0.001ms
[4.576s][info][gc,phases   ] GC(12) Concurrent Select Relocation Set 2.219ms
[4.576s][info][gc,phases   ] GC(12) Pause Relocate Start 0.006ms
[4.577s][info][gc,phases   ] GC(12) Concurrent Relocate 0.988ms
[4.577s][info][gc,load     ] GC(12) Load: 0.00/0.00/0.00
[4.577s][info][gc,mmu      ] GC(12) MMU: 2ms/99.1%, 5ms/99.5%, 10ms/99.8%, 20ms/99.9%, 50ms/99.9%, 100ms/100.0%
[4.577s][info][gc,marking  ] GC(12) Mark: 2 stripe(s), 3 proactive flush(es), 1 terminate flush(es), 0 completion(s), 0 continuation(s) 
[4.578s][info][gc,marking  ] GC(12) Mark Stack Usage: 32M
[4.578s][info][gc,nmethod  ] GC(12) NMethods: 450 registered, 0 unregistered
[4.578s][info][gc,metaspace] GC(12) Metaspace: 1M used, 1M committed, 1088M reserved
[4.578s][info][gc,ref      ] GC(12) Soft: 181 encountered, 0 discovered, 0 enqueued
[4.578s][info][gc,ref      ] GC(12) Weak: 263 encountered, 187 discovered, 0 enqueued
[4.578s][info][gc,ref      ] GC(12) Final: 0 encountered, 0 discovered, 0 enqueued
[4.578s][info][gc,ref      ] GC(12) Phantom: 7 encountered, 3 discovered, 0 enqueued
[4.578s][info][gc,reloc    ] GC(12) Small Pages: 1161 / 2322M, Empty: 0M, Relocated: 1M, In-Place: 0
[4.578s][info][gc,reloc    ] GC(12) Medium Pages: 1 / 32M, Empty: 0M, Relocated: 0M, In-Place: 0
[4.578s][info][gc,reloc    ] GC(12) Large Pages: 0 / 0M, Empty: 0M, Relocated: 0M, In-Place: 0
[4.578s][info][gc,reloc    ] GC(12) Forwarding Usage: 0M
[4.578s][info][gc,heap     ] GC(12) Min Capacity: 16384M(100%)
[4.578s][info][gc,heap     ] GC(12) Max Capacity: 16384M(100%)
[4.578s][info][gc,heap     ] GC(12) Soft Max Capacity: 16384M(100%)
[4.578s][info][gc,heap     ] GC(12)                Mark Start          Mark End        Relocate Start      Relocate End           High               Low         
[4.578s][info][gc,heap     ] GC(12)  Capacity:    16384M (100%)      16384M (100%)      16384M (100%)      16384M (100%)      16384M (100%)      16384M (100%)   
[4.578s][info][gc,heap     ] GC(12)      Free:    14030M (86%)       14028M (86%)       14026M (86%)       14026M (86%)       14030M (86%)       14020M (86%)    
[4.578s][info][gc,heap     ] GC(12)      Used:     2354M (14%)        2356M (14%)        2358M (14%)        2358M (14%)        2364M (14%)        2354M (14%)    
[4.578s][info][gc,heap     ] GC(12)      Live:         -              2118M (13%)        2118M (13%)        2118M (13%)            -                  -          
[4.578s][info][gc,heap     ] GC(12) Allocated:         -                 2M (0%)            4M (0%)            4M (0%)             -                  -          
[4.578s][info][gc,heap     ] GC(12)   Garbage:         -               235M (1%)          235M (1%)          235M (1%)             -                  -          
[4.578s][info][gc,heap     ] GC(12) Reclaimed:         -                  -                 0M (0%)            0M (0%)             -                  -          
[4.578s][info][gc          ] GC(12) Garbage Collection (Timer) 2354M(14%)->2358M(14%)
[4.852s][info][gc,start    ] GC(13) Garbage Collection (Timer)
[4.852s][info][gc,task     ] GC(13) Using 3 workers
[4.852s][info][gc,phases   ] GC(13) Pause Mark Start 0.006ms
[4.870s][info][gc,phases   ] GC(13) Concurrent Mark 17.657ms
[4.870s][info][gc,phases   ] GC(13) Pause Mark End 0.009ms
[4.870s][info][gc,phases   ] GC(13) Concurrent Mark Free 0.001ms
[4.871s][info][gc,phases   ] GC(13) Concurrent Process Non-Strong References 0.894ms
[4.871s][info][gc,phases   ] GC(13) Concurrent Reset Relocation Set 0.001ms
[4.873s][info][gc,phases   ] GC(13) Concurrent Select Relocation Set 2.239ms
[4.873s][info][gc,phases   ] GC(13) Pause Relocate Start 0.006ms
[4.875s][info][gc,phases   ] GC(13) Concurrent Relocate 1.279ms
[4.875s][info][gc,load     ] GC(13) Load: 0.00/0.00/0.00
[4.875s][info][gc,mmu      ] GC(13) MMU: 2ms/99.1%, 5ms/99.5%, 10ms/99.8%, 20ms/99.9%, 50ms/99.9%, 100ms/100.0%
[4.875s][info][gc,marking  ] GC(13) Mark: 2 stripe(s), 3 proactive flush(es), 1 terminate flush(es), 0 completion(s), 0 continuation(s) 
[4.875s][info][gc,marking  ] GC(13) Mark Stack Usage: 32M
[4.875s][info][gc,nmethod  ] GC(13) NMethods: 457 registered, 0 unregistered
[4.875s][info][gc,metaspace] GC(13) Metaspace: 1M used, 1M committed, 1088M reserved
[4.875s][info][gc,ref      ] GC(13) Soft: 181 encountered, 0 discovered, 0 enqueued
[4.875s][info][gc,ref      ] GC(13) Weak: 263 encountered, 186 discovered, 0 enqueued
[4.875s][info][gc,ref      ] GC(13) Final: 0 encountered, 0 discovered, 0 enqueued
[4.875s][info][gc,ref      ] GC(13) Phantom: 7 encountered, 3 discovered, 0 enqueued
[4.875s][info][gc,reloc    ] GC(13) Small Pages: 1214 / 2428M, Empty: 0M, Relocated: 3M, In-Place: 0
[4.875s][info][gc,reloc    ] GC(13) Medium Pages: 1 / 32M, Empty: 0M, Relocated: 0M, In-Place: 0
[4.875s][info][gc,reloc    ] GC(13) Large Pages: 0 / 0M, Empty: 0M, Relocated: 0M, In-Place: 0
[4.875s][info][gc,reloc    ] GC(13) Forwarding Usage: 0M
[4.875s][info][gc,heap     ] GC(13) Min Capacity: 16384M(100%)
[4.875s][info][gc,heap     ] GC(13) Max Capacity: 16384M(100%)
[4.875s][info][gc,heap     ] GC(13) Soft Max Capacity: 16384M(100%)
[4.875s][info][gc,heap     ] GC(13)                Mark Start          Mark End        Relocate Start      Relocate End           High               Low         
[4.875s][info][gc,heap     ] GC(13)  Capacity:    16384M (100%)      16384M (100%)      16384M (100%)      16384M (100%)      16384M (100%)      16384M (100%)   
[4.875s][info][gc,heap     ] GC(13)      Free:    13924M (85%)       13922M (85%)       13922M (85%)       13924M (85%)       13924M (85%)       13916M (85%)    
[4.875s][info][gc,heap     ] GC(13)      Used:     2460M (15%)        2462M (15%)        2462M (15%)        2460M (15%)        2468M (15%)        2460M (15%)    
[4.875s][info][gc,heap     ] GC(13)      Live:         -              2214M (14%)        2214M (14%)        2214M (14%)            -                  -          
[4.875s][info][gc,heap     ] GC(13) Allocated:         -                 2M (0%)            2M (0%)            3M (0%)             -                  -          
[4.876s][info][gc,heap     ] GC(13)   Garbage:         -               245M (2%)          245M (2%)          241M (1%)             -                  -          
[4.876s][info][gc,heap     ] GC(13) Reclaimed:         -                  -                 0M (0%)            3M (0%)             -                  -          
[4.876s][info][gc          ] GC(13) Garbage Collection (Timer) 2460M(15%)->2460M(15%)
[5.152s][info][gc,start    ] GC(14) Garbage Collection (Timer)
[5.152s][info][gc,task     ] GC(14) Using 3 workers
[5.152s][info][gc,phases   ] GC(14) Pause Mark Start 0.007ms
[5.179s][info][gc,phases   ] GC(14) Concurrent Mark 26.565ms
[5.179s][info][gc,phases   ] GC(14) Pause Mark End 0.010ms
[5.179s][info][gc,phases   ] GC(14) Concurrent Mark Free 0.001ms
[5.180s][info][gc,phases   ] GC(14) Concurrent Process Non-Strong References 0.571ms
[5.180s][info][gc,phases   ] GC(14) Concurrent Reset Relocation Set 0.001ms
[5.183s][info][gc,phases   ] GC(14) Concurrent Select Relocation Set 3.650ms
[5.184s][info][gc,phases   ] GC(14) Pause Relocate Start 0.009ms
[5.185s][info][gc,phases   ] GC(14) Concurrent Relocate 1.418ms
[5.185s][info][gc,load     ] GC(14) Load: 0.00/0.00/0.00
[5.185s][info][gc,mmu      ] GC(14) MMU: 2ms/99.1%, 5ms/99.5%, 10ms/99.8%, 20ms/99.9%, 50ms/99.9%, 100ms/100.0%
[5.185s][info][gc,marking  ] GC(14) Mark: 2 stripe(s), 4 proactive flush(es), 1 terminate flush(es), 0 completion(s), 0 continuation(s) 
[5.185s][info][gc,marking  ] GC(14) Mark Stack Usage: 32M
[5.185s][info][gc,nmethod  ] GC(14) NMethods: 457 registered, 0 unregistered
[5.185s][info][gc,metaspace] GC(14) Metaspace: 1M used, 1M committed, 1088M reserved
[5.185s][info][gc,ref      ] GC(14) Soft: 181 encountered, 0 discovered, 0 enqueued
[5.185s][info][gc,ref      ] GC(14) Weak: 263 encountered, 164 discovered, 0 enqueued
[5.186s][info][gc,ref      ] GC(14) Final: 0 encountered, 0 discovered, 0 enqueued
[5.186s][info][gc,ref      ] GC(14) Phantom: 7 encountered, 3 discovered, 0 enqueued
[5.186s][info][gc,reloc    ] GC(14) Small Pages: 1285 / 2570M, Empty: 0M, Relocated: 2M, In-Place: 0
[5.186s][info][gc,reloc    ] GC(14) Medium Pages: 1 / 32M, Empty: 0M, Relocated: 0M, In-Place: 0
[5.186s][info][gc,reloc    ] GC(14) Large Pages: 0 / 0M, Empty: 0M, Relocated: 0M, In-Place: 0
[5.186s][info][gc,reloc    ] GC(14) Forwarding Usage: 0M
[5.186s][info][gc,heap     ] GC(14) Min Capacity: 16384M(100%)
[5.186s][info][gc,heap     ] GC(14) Max Capacity: 16384M(100%)
[5.186s][info][gc,heap     ] GC(14) Soft Max Capacity: 16384M(100%)
[5.186s][info][gc,heap     ] GC(14)                Mark Start          Mark End        Relocate Start      Relocate End           High               Low         
[5.186s][info][gc,heap     ] GC(14)  Capacity:    16384M (100%)      16384M (100%)      16384M (100%)      16384M (100%)      16384M (100%)      16384M (100%)   
[5.186s][info][gc,heap     ] GC(14)      Free:    13782M (84%)       13780M (84%)       13778M (84%)       13778M (84%)       13782M (84%)       13772M (84%)    
[5.186s][info][gc,heap     ] GC(14)      Used:     2602M (16%)        2604M (16%)        2606M (16%)        2606M (16%)        2612M (16%)        2602M (16%)    
[5.186s][info][gc,heap     ] GC(14)      Live:         -              2346M (14%)        2346M (14%)        2346M (14%)            -                  -          
[5.186s][info][gc,heap     ] GC(14) Allocated:         -                 2M (0%)            4M (0%)            4M (0%)             -                  -          
[5.186s][info][gc,heap     ] GC(14)   Garbage:         -               255M (2%)          255M (2%)          255M (2%)             -                  -          
[5.186s][info][gc,heap     ] GC(14) Reclaimed:         -                  -                 0M (0%)            0M (0%)             -                  -          
[5.186s][info][gc          ] GC(14) Garbage Collection (Timer) 2602M(16%)->2606M(16%)
[5.452s][info][gc,start    ] GC(15) Garbage Collection (Timer)
[5.452s][info][gc,task     ] GC(15) Using 3 workers
[5.452s][info][gc,phases   ] GC(15) Pause Mark Start 0.006ms
[5.479s][info][gc,phases   ] GC(15) Concurrent Mark 26.603ms
[5.479s][info][gc,phases   ] GC(15) Pause Mark End 0.012ms
[5.479s][info][gc,phases   ] GC(15) Concurrent Mark Free 0.001ms
[5.480s][info][gc,phases   ] GC(15) Concurrent Process Non-Strong References 0.604ms
[5.480s][info][gc,phases   ] GC(15) Concurrent Reset Relocation Set 0.001ms
[5.483s][info][gc,phases   ] GC(15) Concurrent Select Relocation Set 2.573ms
[5.483s][info][gc,phases   ] GC(15) Pause Relocate Start 0.007ms
[5.484s][info][gc,phases   ] GC(15) Concurrent Relocate 1.416ms
[5.484s][info][gc,load     ] GC(15) Load: 0.00/0.00/0.00
[5.484s][info][gc,mmu      ] GC(15) MMU: 2ms/99.1%, 5ms/99.5%, 10ms/99.8%, 20ms/99.9%, 50ms/99.9%, 100ms/100.0%
[5.484s][info][gc,marking  ] GC(15) Mark: 2 stripe(s), 3 proactive flush(es), 1 terminate flush(es), 0 completion(s), 0 continuation(s) 
[5.484s][info][gc,marking  ] GC(15) Mark Stack Usage: 32M
[5.484s][info][gc,nmethod  ] GC(15) NMethods: 457 registered, 0 unregistered
[5.485s][info][gc,metaspace] GC(15) Metaspace: 1M used, 1M committed, 1088M reserved
[5.485s][info][gc,ref      ] GC(15) Soft: 181 encountered, 0 discovered, 0 enqueued
[5.485s][info][gc,ref      ] GC(15) Weak: 263 encountered, 180 discovered, 0 enqueued
[5.485s][info][gc,ref      ] GC(15) Final: 0 encountered, 0 discovered, 0 enqueued
[5.485s][info][gc,ref      ] GC(15) Phantom: 7 encountered, 3 discovered, 0 enqueued
[5.485s][info][gc,reloc    ] GC(15) Small Pages: 1346 / 2692M, Empty: 0M, Relocated: 3M, In-Place: 0
[5.485s][info][gc,reloc    ] GC(15) Medium Pages: 1 / 32M, Empty: 0M, Relocated: 0M, In-Place: 0
[5.485s][info][gc,reloc    ] GC(15) Large Pages: 0 / 0M, Empty: 0M, Relocated: 0M, In-Place: 0
[5.485s][info][gc,reloc    ] GC(15) Forwarding Usage: 0M
[5.485s][info][gc,heap     ] GC(15) Min Capacity: 16384M(100%)
[5.485s][info][gc,heap     ] GC(15) Max Capacity: 16384M(100%)
[5.485s][info][gc,heap     ] GC(15) Soft Max Capacity: 16384M(100%)
[5.485s][info][gc,heap     ] GC(15)                Mark Start          Mark End        Relocate Start      Relocate End           High               Low         
[5.485s][info][gc,heap     ] GC(15)  Capacity:    16384M (100%)      16384M (100%)      16384M (100%)      16384M (100%)      16384M (100%)      16384M (100%)   
[5.485s][info][gc,heap     ] GC(15)      Free:    13660M (83%)       13658M (83%)       13656M (83%)       13658M (83%)       13660M (83%)       13650M (83%)    
[5.485s][info][gc,heap     ] GC(15)      Used:     2724M (17%)        2726M (17%)        2728M (17%)        2726M (17%)        2734M (17%)        2724M (17%)    
[5.485s][info][gc,heap     ] GC(15)      Live:         -              2456M (15%)        2456M (15%)        2456M (15%)            -                  -          
[5.485s][info][gc,heap     ] GC(15) Allocated:         -                 2M (0%)            4M (0%)            4M (0%)             -                  -          
[5.485s][info][gc,heap     ] GC(15)   Garbage:         -               267M (2%)          267M (2%)          265M (2%)             -                  -          
[5.485s][info][gc,heap     ] GC(15) Reclaimed:         -                  -                 0M (0%)            2M (0%)             -                  -          
[5.485s][info][gc          ] GC(15) Garbage Collection (Timer) 2724M(17%)->2726M(17%)
[5.752s][info][gc,start    ] GC(16) Garbage Collection (Timer)
[5.752s][info][gc,task     ] GC(16) Using 3 workers
[5.752s][info][gc,phases   ] GC(16) Pause Mark Start 0.006ms
[5.778s][info][gc,phases   ] GC(16) Concurrent Mark 25.764ms
[5.778s][info][gc,phases   ] GC(16) Pause Mark End 0.009ms
[5.779s][info][gc,phases   ] GC(16) Concurrent Mark Free 0.001ms
[5.779s][info][gc,phases   ] GC(16) Concurrent Process Non-Strong References 0.847ms
[5.779s][info][gc,phases   ] GC(16) Concurrent Reset Relocation Set 0.002ms
[5.782s][info][gc,phases   ] GC(16) Concurrent Select Relocation Set 2.405ms
[5.782s][info][gc,phases   ] GC(16) Pause Relocate Start 0.006ms
[5.784s][info][gc,phases   ] GC(16) Concurrent Relocate 1.540ms
[5.784s][info][gc,load     ] GC(16) Load: 0.00/0.00/0.00
[5.784s][info][gc,mmu      ] GC(16) MMU: 2ms/99.1%, 5ms/99.5%, 10ms/99.8%, 20ms/99.9%, 50ms/99.9%, 100ms/100.0%
[5.784s][info][gc,marking  ] GC(16) Mark: 2 stripe(s), 2 proactive flush(es), 1 terminate flush(es), 0 completion(s), 0 continuation(s) 
[5.784s][info][gc,marking  ] GC(16) Mark Stack Usage: 32M
[5.784s][info][gc,nmethod  ] GC(16) NMethods: 457 registered, 0 unregistered
[5.784s][info][gc,metaspace] GC(16) Metaspace: 1M used, 1M committed, 1088M reserved
[5.784s][info][gc,ref      ] GC(16) Soft: 181 encountered, 0 discovered, 0 enqueued
[5.784s][info][gc,ref      ] GC(16) Weak: 263 encountered, 166 discovered, 0 enqueued
[5.784s][info][gc,ref      ] GC(16) Final: 0 encountered, 0 discovered, 0 enqueued
[5.784s][info][gc,ref      ] GC(16) Phantom: 7 encountered, 3 discovered, 0 enqueued
[5.784s][info][gc,reloc    ] GC(16) Small Pages: 1420 / 2840M, Empty: 0M, Relocated: 3M, In-Place: 0
[5.784s][info][gc,reloc    ] GC(16) Medium Pages: 1 / 32M, Empty: 0M, Relocated: 0M, In-Place: 0
[5.784s][info][gc,reloc    ] GC(16) Large Pages: 0 / 0M, Empty: 0M, Relocated: 0M, In-Place: 0
[5.784s][info][gc,reloc    ] GC(16) Forwarding Usage: 0M
[5.784s][info][gc,heap     ] GC(16) Min Capacity: 16384M(100%)
[5.784s][info][gc,heap     ] GC(16) Max Capacity: 16384M(100%)
[5.784s][info][gc,heap     ] GC(16) Soft Max Capacity: 16384M(100%)
[5.784s][info][gc,heap     ] GC(16)                Mark Start          Mark End        Relocate Start      Relocate End           High               Low         
[5.784s][info][gc,heap     ] GC(16)  Capacity:    16384M (100%)      16384M (100%)      16384M (100%)      16384M (100%)      16384M (100%)      16384M (100%)   
[5.784s][info][gc,heap     ] GC(16)      Free:    13512M (82%)       13510M (82%)       13508M (82%)       13508M (82%)       13512M (82%)       13502M (82%)    
[5.784s][info][gc,heap     ] GC(16)      Used:     2872M (18%)        2874M (18%)        2876M (18%)        2876M (18%)        2882M (18%)        2872M (18%)    
[5.784s][info][gc,heap     ] GC(16)      Live:         -              2593M (16%)        2593M (16%)        2593M (16%)            -                  -          
[5.784s][info][gc,heap     ] GC(16) Allocated:         -                 2M (0%)            4M (0%)            4M (0%)             -                  -          
[5.784s][info][gc,heap     ] GC(16)   Garbage:         -               278M (2%)          278M (2%)          278M (2%)             -                  -          
[5.784s][info][gc,heap     ] GC(16) Reclaimed:         -                  -                 0M (0%)            0M (0%)             -                  -          
[5.784s][info][gc          ] GC(16) Garbage Collection (Timer) 2872M(18%)->2876M(18%)
[6.052s][info][gc,start    ] GC(17) Garbage Collection (Timer)
[6.052s][info][gc,task     ] GC(17) Using 3 workers
[6.052s][info][gc,phases   ] GC(17) Pause Mark Start 0.006ms
[6.078s][info][gc,phases   ] GC(17) Concurrent Mark 25.643ms
[6.078s][info][gc,phases   ] GC(17) Pause Mark End 0.009ms
[6.079s][info][gc,phases   ] GC(17) Concurrent Mark Free 0.001ms
[6.079s][info][gc,phases   ] GC(17) Concurrent Process Non-Strong References 0.853ms
[6.080s][info][gc,phases   ] GC(17) Concurrent Reset Relocation Set 0.001ms
[6.082s][info][gc,phases   ] GC(17) Concurrent Select Relocation Set 2.268ms
[6.082s][info][gc,phases   ] GC(17) Pause Relocate Start 0.006ms
[6.084s][info][gc,phases   ] GC(17) Concurrent Relocate 1.491ms
[6.084s][info][gc,load     ] GC(17) Load: 0.00/0.00/0.00
[6.084s][info][gc,mmu      ] GC(17) MMU: 2ms/99.1%, 5ms/99.5%, 10ms/99.8%, 20ms/99.9%, 50ms/99.9%, 100ms/100.0%
[6.084s][info][gc,marking  ] GC(17) Mark: 2 stripe(s), 2 proactive flush(es), 1 terminate flush(es), 0 completion(s), 0 continuation(s) 
[6.084s][info][gc,marking  ] GC(17) Mark Stack Usage: 32M
[6.084s][info][gc,nmethod  ] GC(17) NMethods: 457 registered, 0 unregistered
[6.084s][info][gc,metaspace] GC(17) Metaspace: 1M used, 1M committed, 1088M reserved
[6.084s][info][gc,ref      ] GC(17) Soft: 181 encountered, 0 discovered, 0 enqueued
[6.084s][info][gc,ref      ] GC(17) Weak: 263 encountered, 5 discovered, 0 enqueued
[6.084s][info][gc,ref      ] GC(17) Final: 0 encountered, 0 discovered, 0 enqueued
[6.084s][info][gc,ref      ] GC(17) Phantom: 7 encountered, 3 discovered, 0 enqueued
[6.084s][info][gc,reloc    ] GC(17) Small Pages: 1516 / 3032M, Empty: 0M, Relocated: 3M, In-Place: 0
[6.084s][info][gc,reloc    ] GC(17) Medium Pages: 1 / 32M, Empty: 0M, Relocated: 0M, In-Place: 0
[6.084s][info][gc,reloc    ] GC(17) Large Pages: 0 / 0M, Empty: 0M, Relocated: 0M, In-Place: 0
[6.084s][info][gc,reloc    ] GC(17) Forwarding Usage: 0M
[6.084s][info][gc,heap     ] GC(17) Min Capacity: 16384M(100%)
[6.084s][info][gc,heap     ] GC(17) Max Capacity: 16384M(100%)
[6.084s][info][gc,heap     ] GC(17) Soft Max Capacity: 16384M(100%)
[6.084s][info][gc,heap     ] GC(17)                Mark Start          Mark End        Relocate Start      Relocate End           High               Low         
[6.084s][info][gc,heap     ] GC(17)  Capacity:    16384M (100%)      16384M (100%)      16384M (100%)      16384M (100%)      16384M (100%)      16384M (100%)   
[6.084s][info][gc,heap     ] GC(17)      Free:    13320M (81%)       13316M (81%)       13316M (81%)       13316M (81%)       13320M (81%)       13310M (81%)    
[6.084s][info][gc,heap     ] GC(17)      Used:     3064M (19%)        3068M (19%)        3068M (19%)        3068M (19%)        3074M (19%)        3064M (19%)    
[6.084s][info][gc,heap     ] GC(17)      Live:         -              2768M (17%)        2768M (17%)        2768M (17%)            -                  -          
[6.084s][info][gc,heap     ] GC(17) Allocated:         -                 4M (0%)            4M (0%)            4M (0%)             -                  -          
[6.084s][info][gc,heap     ] GC(17)   Garbage:         -               295M (2%)          295M (2%)          295M (2%)             -                  -          
[6.084s][info][gc,heap     ] GC(17) Reclaimed:         -                  -                 0M (0%)            0M (0%)             -                  -          
[6.084s][info][gc          ] GC(17) Garbage Collection (Timer) 3064M(19%)->3068M(19%)
[6.353s][info][gc,start    ] GC(18) Garbage Collection (Timer)
[6.353s][info][gc,task     ] GC(18) Using 3 workers
[6.353s][info][gc,phases   ] GC(18) Pause Mark Start 0.005ms
[6.380s][info][gc,phases   ] GC(18) Concurrent Mark 27.610ms
[6.381s][info][gc,phases   ] GC(18) Pause Mark End 0.009ms
[6.381s][info][gc,phases   ] GC(18) Concurrent Mark Free 0.001ms
[6.382s][info][gc,phases   ] GC(18) Concurrent Process Non-Strong References 0.794ms
[6.382s][info][gc,phases   ] GC(18) Concurrent Reset Relocation Set 0.001ms
[6.384s][info][gc,phases   ] GC(18) Concurrent Select Relocation Set 2.361ms
[6.384s][info][gc,phases   ] GC(18) Pause Relocate Start 0.005ms
[6.387s][info][gc,phases   ] GC(18) Concurrent Relocate 2.222ms
[6.387s][info][gc,load     ] GC(18) Load: 0.00/0.00/0.00
[6.387s][info][gc,mmu      ] GC(18) MMU: 2ms/99.1%, 5ms/99.5%, 10ms/99.8%, 20ms/99.9%, 50ms/99.9%, 100ms/100.0%
[6.387s][info][gc,marking  ] GC(18) Mark: 2 stripe(s), 4 proactive flush(es), 1 terminate flush(es), 0 completion(s), 0 continuation(s) 
[6.387s][info][gc,marking  ] GC(18) Mark Stack Usage: 32M
[6.387s][info][gc,nmethod  ] GC(18) NMethods: 458 registered, 0 unregistered
[6.387s][info][gc,metaspace] GC(18) Metaspace: 1M used, 1M committed, 1088M reserved
[6.387s][info][gc,ref      ] GC(18) Soft: 181 encountered, 0 discovered, 0 enqueued
[6.387s][info][gc,ref      ] GC(18) Weak: 263 encountered, 188 discovered, 0 enqueued
[6.387s][info][gc,ref      ] GC(18) Final: 0 encountered, 0 discovered, 0 enqueued
[6.387s][info][gc,ref      ] GC(18) Phantom: 7 encountered, 3 discovered, 0 enqueued
[6.387s][info][gc,reloc    ] GC(18) Small Pages: 1600 / 3200M, Empty: 0M, Relocated: 5M, In-Place: 0
[6.387s][info][gc,reloc    ] GC(18) Medium Pages: 1 / 32M, Empty: 0M, Relocated: 0M, In-Place: 0
[6.387s][info][gc,reloc    ] GC(18) Large Pages: 0 / 0M, Empty: 0M, Relocated: 0M, In-Place: 0
[6.387s][info][gc,reloc    ] GC(18) Forwarding Usage: 0M
[6.387s][info][gc,heap     ] GC(18) Min Capacity: 16384M(100%)
[6.387s][info][gc,heap     ] GC(18) Max Capacity: 16384M(100%)
[6.387s][info][gc,heap     ] GC(18) Soft Max Capacity: 16384M(100%)
[6.387s][info][gc,heap     ] GC(18)                Mark Start          Mark End        Relocate Start      Relocate End           High               Low         
[6.387s][info][gc,heap     ] GC(18)  Capacity:    16384M (100%)      16384M (100%)      16384M (100%)      16384M (100%)      16384M (100%)      16384M (100%)   
[6.387s][info][gc,heap     ] GC(18)      Free:    13152M (80%)       13150M (80%)       13148M (80%)       13150M (80%)       13152M (80%)       13142M (80%)    
[6.387s][info][gc,heap     ] GC(18)      Used:     3232M (20%)        3234M (20%)        3236M (20%)        3234M (20%)        3242M (20%)        3232M (20%)    
[6.387s][info][gc,heap     ] GC(18)      Live:         -              2921M (18%)        2921M (18%)        2921M (18%)            -                  -          
[6.387s][info][gc,heap     ] GC(18) Allocated:         -                 2M (0%)            4M (0%)            4M (0%)             -                  -          
[6.387s][info][gc,heap     ] GC(18)   Garbage:         -               310M (2%)          310M (2%)          308M (2%)             -                  -          
[6.387s][info][gc,heap     ] GC(18) Reclaimed:         -                  -                 0M (0%)            2M (0%)             -                  -          
[6.387s][info][gc          ] GC(18) Garbage Collection (Timer) 3232M(20%)->3234M(20%)
[6.452s][info][gc,start    ] GC(19) Garbage Collection (Warmup)
[6.452s][info][gc,task     ] GC(19) Using 3 workers
[6.452s][info][gc,phases   ] GC(19) Pause Mark Start 0.006ms
[6.472s][info][gc,phases   ] GC(19) Concurrent Mark 19.605ms
[6.472s][info][gc,phases   ] GC(19) Pause Mark End 0.009ms
[6.472s][info][gc,phases   ] GC(19) Concurrent Mark Free 0.001ms
[6.473s][info][gc,phases   ] GC(19) Concurrent Process Non-Strong References 0.686ms
[6.473s][info][gc,phases   ] GC(19) Concurrent Reset Relocation Set 0.001ms
[6.475s][info][gc,phases   ] GC(19) Concurrent Select Relocation Set 2.220ms
[6.476s][info][gc,phases   ] GC(19) Pause Relocate Start 0.005ms
[6.476s][info][gc,phases   ] GC(19) Concurrent Relocate 0.853ms
[6.477s][info][gc,load     ] GC(19) Load: 0.00/0.00/0.00
[6.477s][info][gc,mmu      ] GC(19) MMU: 2ms/99.1%, 5ms/99.5%, 10ms/99.8%, 20ms/99.9%, 50ms/99.9%, 100ms/100.0%
[6.477s][info][gc,marking  ] GC(19) Mark: 2 stripe(s), 2 proactive flush(es), 1 terminate flush(es), 0 completion(s), 0 continuation(s) 
[6.477s][info][gc,marking  ] GC(19) Mark Stack Usage: 32M
[6.477s][info][gc,nmethod  ] GC(19) NMethods: 458 registered, 0 unregistered
[6.477s][info][gc,metaspace] GC(19) Metaspace: 1M used, 1M committed, 1088M reserved
[6.477s][info][gc,ref      ] GC(19) Soft: 181 encountered, 0 discovered, 0 enqueued
[6.477s][info][gc,ref      ] GC(19) Weak: 263 encountered, 165 discovered, 0 enqueued
[6.477s][info][gc,ref      ] GC(19) Final: 0 encountered, 0 discovered, 0 enqueued
[6.477s][info][gc,ref      ] GC(19) Phantom: 7 encountered, 3 discovered, 0 enqueued
[6.477s][info][gc,reloc    ] GC(19) Small Pages: 1622 / 3244M, Empty: 0M, Relocated: 1M, In-Place: 0
[6.477s][info][gc,reloc    ] GC(19) Medium Pages: 2 / 64M, Empty: 32M, Relocated: 0M, In-Place: 0
[6.477s][info][gc,reloc    ] GC(19) Large Pages: 0 / 0M, Empty: 0M, Relocated: 0M, In-Place: 0
[6.477s][info][gc,reloc    ] GC(19) Forwarding Usage: 0M
[6.477s][info][gc,heap     ] GC(19) Min Capacity: 16384M(100%)
[6.477s][info][gc,heap     ] GC(19) Max Capacity: 16384M(100%)
[6.477s][info][gc,heap     ] GC(19) Soft Max Capacity: 16384M(100%)
[6.477s][info][gc,heap     ] GC(19)                Mark Start          Mark End        Relocate Start      Relocate End           High               Low         
[6.477s][info][gc,heap     ] GC(19)  Capacity:    16384M (100%)      16384M (100%)      16384M (100%)      16384M (100%)      16384M (100%)      16384M (100%)   
[6.477s][info][gc,heap     ] GC(19)      Free:    13076M (80%)       13074M (80%)       13106M (80%)       13106M (80%)       13106M (80%)       13074M (80%)    
[6.477s][info][gc,heap     ] GC(19)      Used:     3308M (20%)        3310M (20%)        3278M (20%)        3278M (20%)        3310M (20%)        3278M (20%)    
[6.477s][info][gc,heap     ] GC(19)      Live:         -              2962M (18%)        2962M (18%)        2962M (18%)            -                  -          
[6.477s][info][gc,heap     ] GC(19) Allocated:         -                 2M (0%)            2M (0%)            2M (0%)             -                  -          
[6.477s][info][gc,heap     ] GC(19)   Garbage:         -               345M (2%)          313M (2%)          313M (2%)             -                  -          
[6.477s][info][gc,heap     ] GC(19) Reclaimed:         -                  -                32M (0%)           32M (0%)             -                  -          
[6.477s][info][gc          ] GC(19) Garbage Collection (Warmup) 3308M(20%)->3278M(20%)
[6.752s][info][gc,start    ] GC(20) Garbage Collection (Timer)
[6.753s][info][gc,task     ] GC(20) Using 3 workers
[6.753s][info][gc,phases   ] GC(20) Pause Mark Start 0.006ms
[6.775s][info][gc,phases   ] GC(20) Concurrent Mark 22.665ms
[6.776s][info][gc,phases   ] GC(20) Pause Mark End 0.010ms
[6.776s][info][gc,phases   ] GC(20) Concurrent Mark Free 0.001ms
[6.777s][info][gc,phases   ] GC(20) Concurrent Process Non-Strong References 0.854ms
[6.777s][info][gc,phases   ] GC(20) Concurrent Reset Relocation Set 0.001ms
[6.779s][info][gc,phases   ] GC(20) Concurrent Select Relocation Set 2.374ms
[6.779s][info][gc,phases   ] GC(20) Pause Relocate Start 0.005ms
[6.781s][info][gc,phases   ] GC(20) Concurrent Relocate 1.569ms
[6.781s][info][gc,load     ] GC(20) Load: 0.00/0.00/0.00
[6.781s][info][gc,mmu      ] GC(20) MMU: 2ms/99.1%, 5ms/99.5%, 10ms/99.8%, 20ms/99.9%, 50ms/99.9%, 100ms/100.0%
[6.781s][info][gc,marking  ] GC(20) Mark: 2 stripe(s), 2 proactive flush(es), 1 terminate flush(es), 0 completion(s), 0 continuation(s) 
[6.781s][info][gc,marking  ] GC(20) Mark Stack Usage: 32M
[6.781s][info][gc,nmethod  ] GC(20) NMethods: 458 registered, 0 unregistered
[6.781s][info][gc,metaspace] GC(20) Metaspace: 1M used, 1M committed, 1088M reserved
[6.781s][info][gc,ref      ] GC(20) Soft: 181 encountered, 0 discovered, 0 enqueued
[6.781s][info][gc,ref      ] GC(20) Weak: 263 encountered, 166 discovered, 0 enqueued
[6.781s][info][gc,ref      ] GC(20) Final: 0 encountered, 0 discovered, 0 enqueued
[6.781s][info][gc,ref      ] GC(20) Phantom: 7 encountered, 3 discovered, 0 enqueued
[6.781s][info][gc,reloc    ] GC(20) Small Pages: 1690 / 3380M, Empty: 0M, Relocated: 3M, In-Place: 0
[6.781s][info][gc,reloc    ] GC(20) Medium Pages: 1 / 32M, Empty: 0M, Relocated: 0M, In-Place: 0
[6.781s][info][gc,reloc    ] GC(20) Large Pages: 0 / 0M, Empty: 0M, Relocated: 0M, In-Place: 0
[6.781s][info][gc,reloc    ] GC(20) Forwarding Usage: 0M
[6.781s][info][gc,heap     ] GC(20) Min Capacity: 16384M(100%)
[6.781s][info][gc,heap     ] GC(20) Max Capacity: 16384M(100%)
[6.781s][info][gc,heap     ] GC(20) Soft Max Capacity: 16384M(100%)
[6.781s][info][gc,heap     ] GC(20)                Mark Start          Mark End        Relocate Start      Relocate End           High               Low         
[6.781s][info][gc,heap     ] GC(20)  Capacity:    16384M (100%)      16384M (100%)      16384M (100%)      16384M (100%)      16384M (100%)      16384M (100%)   
[6.781s][info][gc,heap     ] GC(20)      Free:    12972M (79%)       12970M (79%)       12970M (79%)       12972M (79%)       12972M (79%)       12964M (79%)    
[6.781s][info][gc,heap     ] GC(20)      Used:     3412M (21%)        3414M (21%)        3414M (21%)        3412M (21%)        3420M (21%)        3412M (21%)    
[6.781s][info][gc,heap     ] GC(20)      Live:         -              3086M (19%)        3086M (19%)        3086M (19%)            -                  -          
[6.782s][info][gc,heap     ] GC(20) Allocated:         -                 2M (0%)            2M (0%)            2M (0%)             -                  -          
[6.782s][info][gc,heap     ] GC(20)   Garbage:         -               325M (2%)          325M (2%)          323M (2%)             -                  -          
[6.782s][info][gc,heap     ] GC(20) Reclaimed:         -                  -                 0M (0%)            2M (0%)             -                  -          
[6.782s][info][gc          ] GC(20) Garbage Collection (Timer) 3412M(21%)->3412M(21%)
[7.052s][info][gc,start    ] GC(21) Garbage Collection (Timer)
[7.052s][info][gc,task     ] GC(21) Using 3 workers
[7.052s][info][gc,phases   ] GC(21) Pause Mark Start 0.006ms
[7.077s][info][gc,phases   ] GC(21) Concurrent Mark 24.571ms
[7.077s][info][gc,phases   ] GC(21) Pause Mark End 0.009ms
[7.077s][info][gc,phases   ] GC(21) Concurrent Mark Free 0.001ms
[7.078s][info][gc,phases   ] GC(21) Concurrent Process Non-Strong References 0.798ms
[7.078s][info][gc,phases   ] GC(21) Concurrent Reset Relocation Set 0.001ms
[7.081s][info][gc,phases   ] GC(21) Concurrent Select Relocation Set 2.355ms
[7.081s][info][gc,phases   ] GC(21) Pause Relocate Start 0.005ms
[7.082s][info][gc,phases   ] GC(21) Concurrent Relocate 1.473ms
[7.082s][info][gc,load     ] GC(21) Load: 0.00/0.00/0.00
[7.082s][info][gc,mmu      ] GC(21) MMU: 2ms/99.1%, 5ms/99.5%, 10ms/99.8%, 20ms/99.9%, 50ms/99.9%, 100ms/100.0%
[7.083s][info][gc,marking  ] GC(21) Mark: 2 stripe(s), 3 proactive flush(es), 1 terminate flush(es), 0 completion(s), 0 continuation(s) 
[7.083s][info][gc,marking  ] GC(21) Mark Stack Usage: 32M
[7.083s][info][gc,nmethod  ] GC(21) NMethods: 458 registered, 0 unregistered
[7.083s][info][gc,metaspace] GC(21) Metaspace: 1M used, 1M committed, 1088M reserved
[7.083s][info][gc,ref      ] GC(21) Soft: 181 encountered, 0 discovered, 0 enqueued
[7.083s][info][gc,ref      ] GC(21) Weak: 263 encountered, 166 discovered, 0 enqueued
[7.083s][info][gc,ref      ] GC(21) Final: 0 encountered, 0 discovered, 0 enqueued
[7.083s][info][gc,ref      ] GC(21) Phantom: 7 encountered, 4 discovered, 0 enqueued
[7.083s][info][gc,reloc    ] GC(21) Small Pages: 1778 / 3556M, Empty: 0M, Relocated: 3M, In-Place: 0
[7.083s][info][gc,reloc    ] GC(21) Medium Pages: 1 / 32M, Empty: 0M, Relocated: 0M, In-Place: 0
[7.083s][info][gc,reloc    ] GC(21) Large Pages: 0 / 0M, Empty: 0M, Relocated: 0M, In-Place: 0
[7.083s][info][gc,reloc    ] GC(21) Forwarding Usage: 0M
[7.083s][info][gc,heap     ] GC(21) Min Capacity: 16384M(100%)
[7.083s][info][gc,heap     ] GC(21) Max Capacity: 16384M(100%)
[7.083s][info][gc,heap     ] GC(21) Soft Max Capacity: 16384M(100%)
[7.083s][info][gc,heap     ] GC(21)                Mark Start          Mark End        Relocate Start      Relocate End           High               Low         
[7.083s][info][gc,heap     ] GC(21)  Capacity:    16384M (100%)      16384M (100%)      16384M (100%)      16384M (100%)      16384M (100%)      16384M (100%)   
[7.083s][info][gc,heap     ] GC(21)      Free:    12796M (78%)       12794M (78%)       12794M (78%)       12796M (78%)       12796M (78%)       12788M (78%)    
[7.083s][info][gc,heap     ] GC(21)      Used:     3588M (22%)        3590M (22%)        3590M (22%)        3588M (22%)        3596M (22%)        3588M (22%)    
[7.083s][info][gc,heap     ] GC(21)      Live:         -              3247M (20%)        3247M (20%)        3247M (20%)            -                  -          
[7.083s][info][gc,heap     ] GC(21) Allocated:         -                 2M (0%)            2M (0%)            2M (0%)             -                  -          
[7.083s][info][gc,heap     ] GC(21)   Garbage:         -               340M (2%)          340M (2%)          338M (2%)             -                  -          
[7.083s][info][gc,heap     ] GC(21) Reclaimed:         -                  -                 0M (0%)            2M (0%)             -                  -          
[7.083s][info][gc          ] GC(21) Garbage Collection (Timer) 3588M(22%)->3588M(22%)
[7.352s][info][gc,start    ] GC(22) Garbage Collection (Timer)
[7.352s][info][gc,task     ] GC(22) Using 3 workers
[7.353s][info][gc,phases   ] GC(22) Pause Mark Start 0.006ms
[7.378s][info][gc,phases   ] GC(22) Concurrent Mark 25.546ms
[7.378s][info][gc,phases   ] GC(22) Pause Mark End 0.010ms
[7.379s][info][gc,phases   ] GC(22) Concurrent Mark Free 0.001ms
[7.379s][info][gc,phases   ] GC(22) Concurrent Process Non-Strong References 0.753ms
[7.379s][info][gc,phases   ] GC(22) Concurrent Reset Relocation Set 0.001ms
[7.382s][info][gc,phases   ] GC(22) Concurrent Select Relocation Set 2.680ms
[7.382s][info][gc,phases   ] GC(22) Pause Relocate Start 0.006ms
[7.383s][info][gc,phases   ] GC(22) Concurrent Relocate 0.972ms
[7.383s][info][gc,load     ] GC(22) Load: 0.00/0.00/0.00
[7.383s][info][gc,mmu      ] GC(22) MMU: 2ms/99.1%, 5ms/99.5%, 10ms/99.8%, 20ms/99.9%, 50ms/99.9%, 100ms/100.0%
[7.383s][info][gc,marking  ] GC(22) Mark: 2 stripe(s), 2 proactive flush(es), 1 terminate flush(es), 0 completion(s), 0 continuation(s) 
[7.383s][info][gc,marking  ] GC(22) Mark Stack Usage: 32M
[7.383s][info][gc,nmethod  ] GC(22) NMethods: 470 registered, 0 unregistered
[7.383s][info][gc,metaspace] GC(22) Metaspace: 1M used, 1M committed, 1088M reserved
[7.383s][info][gc,ref      ] GC(22) Soft: 181 encountered, 0 discovered, 0 enqueued
[7.384s][info][gc,ref      ] GC(22) Weak: 263 encountered, 167 discovered, 0 enqueued
[7.384s][info][gc,ref      ] GC(22) Final: 0 encountered, 0 discovered, 0 enqueued
[7.384s][info][gc,ref      ] GC(22) Phantom: 7 encountered, 4 discovered, 0 enqueued
[7.384s][info][gc,reloc    ] GC(22) Small Pages: 1845 / 3690M, Empty: 0M, Relocated: 1M, In-Place: 0
[7.384s][info][gc,reloc    ] GC(22) Medium Pages: 1 / 32M, Empty: 0M, Relocated: 0M, In-Place: 0
[7.384s][info][gc,reloc    ] GC(22) Large Pages: 0 / 0M, Empty: 0M, Relocated: 0M, In-Place: 0
[7.384s][info][gc,reloc    ] GC(22) Forwarding Usage: 0M
[7.384s][info][gc,heap     ] GC(22) Min Capacity: 16384M(100%)
[7.384s][info][gc,heap     ] GC(22) Max Capacity: 16384M(100%)
[7.384s][info][gc,heap     ] GC(22) Soft Max Capacity: 16384M(100%)
[7.384s][info][gc,heap     ] GC(22)                Mark Start          Mark End        Relocate Start      Relocate End           High               Low         
[7.384s][info][gc,heap     ] GC(22)  Capacity:    16384M (100%)      16384M (100%)      16384M (100%)      16384M (100%)      16384M (100%)      16384M (100%)   
[7.384s][info][gc,heap     ] GC(22)      Free:    12662M (77%)       12660M (77%)       12660M (77%)       12660M (77%)       12662M (77%)       12656M (77%)    
[7.384s][info][gc,heap     ] GC(22)      Used:     3722M (23%)        3724M (23%)        3724M (23%)        3724M (23%)        3728M (23%)        3722M (23%)    
[7.384s][info][gc,heap     ] GC(22)      Live:         -              3371M (21%)        3371M (21%)        3371M (21%)            -                  -          
[7.384s][info][gc,heap     ] GC(22) Allocated:         -                 2M (0%)            2M (0%)            2M (0%)             -                  -          
[7.384s][info][gc,heap     ] GC(22)   Garbage:         -               350M (2%)          350M (2%)          350M (2%)             -                  -          
[7.384s][info][gc,heap     ] GC(22) Reclaimed:         -                  -                 0M (0%)            0M (0%)             -                  -          
[7.384s][info][gc          ] GC(22) Garbage Collection (Timer) 3722M(23%)->3724M(23%)
[7.652s][info][gc,start    ] GC(23) Garbage Collection (Timer)
[7.653s][info][gc,task     ] GC(23) Using 3 workers
[7.653s][info][gc,phases   ] GC(23) Pause Mark Start 0.006ms
[7.677s][info][gc,phases   ] GC(23) Concurrent Mark 24.577ms
[7.678s][info][gc,phases   ] GC(23) Pause Mark End 0.009ms
[7.678s][info][gc,phases   ] GC(23) Concurrent Mark Free 0.001ms
[7.679s][info][gc,phases   ] GC(23) Concurrent Process Non-Strong References 0.958ms
[7.679s][info][gc,phases   ] GC(23) Concurrent Reset Relocation Set 0.001ms
[7.681s][info][gc,phases   ] GC(23) Concurrent Select Relocation Set 2.423ms
[7.681s][info][gc,phases   ] GC(23) Pause Relocate Start 0.006ms
[7.682s][info][gc,phases   ] GC(23) Concurrent Relocate 0.957ms
[7.682s][info][gc,load     ] GC(23) Load: 0.00/0.00/0.00
[7.683s][info][gc,mmu      ] GC(23) MMU: 2ms/99.1%, 5ms/99.5%, 10ms/99.8%, 20ms/99.9%, 50ms/99.9%, 100ms/100.0%
[7.683s][info][gc,marking  ] GC(23) Mark: 2 stripe(s), 2 proactive flush(es), 1 terminate flush(es), 0 completion(s), 0 continuation(s) 
[7.683s][info][gc,marking  ] GC(23) Mark Stack Usage: 32M
[7.683s][info][gc,nmethod  ] GC(23) NMethods: 470 registered, 0 unregistered
[7.683s][info][gc,metaspace] GC(23) Metaspace: 1M used, 1M committed, 1088M reserved
[7.683s][info][gc,ref      ] GC(23) Soft: 181 encountered, 0 discovered, 0 enqueued
[7.683s][info][gc,ref      ] GC(23) Weak: 263 encountered, 168 discovered, 0 enqueued
[7.683s][info][gc,ref      ] GC(23) Final: 0 encountered, 0 discovered, 0 enqueued
[7.683s][info][gc,ref      ] GC(23) Phantom: 7 encountered, 3 discovered, 0 enqueued
[7.683s][info][gc,reloc    ] GC(23) Small Pages: 1909 / 3818M, Empty: 0M, Relocated: 1M, In-Place: 0
[7.683s][info][gc,reloc    ] GC(23) Medium Pages: 1 / 32M, Empty: 0M, Relocated: 0M, In-Place: 0
[7.683s][info][gc,reloc    ] GC(23) Large Pages: 0 / 0M, Empty: 0M, Relocated: 0M, In-Place: 0
[7.683s][info][gc,reloc    ] GC(23) Forwarding Usage: 0M
[7.683s][info][gc,heap     ] GC(23) Min Capacity: 16384M(100%)
[7.683s][info][gc,heap     ] GC(23) Max Capacity: 16384M(100%)
[7.683s][info][gc,heap     ] GC(23) Soft Max Capacity: 16384M(100%)
[7.683s][info][gc,heap     ] GC(23)                Mark Start          Mark End        Relocate Start      Relocate End           High               Low         
[7.683s][info][gc,heap     ] GC(23)  Capacity:    16384M (100%)      16384M (100%)      16384M (100%)      16384M (100%)      16384M (100%)      16384M (100%)   
[7.683s][info][gc,heap     ] GC(23)      Free:    12534M (77%)       12532M (76%)       12532M (76%)       12532M (76%)       12534M (77%)       12528M (76%)    
[7.683s][info][gc,heap     ] GC(23)      Used:     3850M (23%)        3852M (24%)        3852M (24%)        3852M (24%)        3856M (24%)        3850M (23%)    
[7.683s][info][gc,heap     ] GC(23)      Live:         -              3489M (21%)        3489M (21%)        3489M (21%)            -                  -          
[7.683s][info][gc,heap     ] GC(23) Allocated:         -                 2M (0%)            2M (0%)            2M (0%)             -                  -          
[7.683s][info][gc,heap     ] GC(23)   Garbage:         -               360M (2%)          360M (2%)          360M (2%)             -                  -          
[7.683s][info][gc,heap     ] GC(23) Reclaimed:         -                  -                 0M (0%)            0M (0%)             -                  -          
[7.683s][info][gc          ] GC(23) Garbage Collection (Timer) 3850M(23%)->3852M(24%)
[7.953s][info][gc,start    ] GC(24) Garbage Collection (Timer)
[7.953s][info][gc,task     ] GC(24) Using 3 workers
[7.953s][info][gc,phases   ] GC(24) Pause Mark Start 0.005ms
[7.977s][info][gc,phases   ] GC(24) Concurrent Mark 24.073ms
[7.977s][info][gc,phases   ] GC(24) Pause Mark End 0.009ms
[7.977s][info][gc,phases   ] GC(24) Concurrent Mark Free 0.001ms
[7.978s][info][gc,phases   ] GC(24) Concurrent Process Non-Strong References 0.889ms
[7.978s][info][gc,phases   ] GC(24) Concurrent Reset Relocation Set 0.001ms
[7.981s][info][gc,phases   ] GC(24) Concurrent Select Relocation Set 2.332ms
[7.981s][info][gc,phases   ] GC(24) Pause Relocate Start 0.005ms
[7.982s][info][gc,phases   ] GC(24) Concurrent Relocate 0.983ms
[7.982s][info][gc,load     ] GC(24) Load: 0.00/0.00/0.00
[7.982s][info][gc,mmu      ] GC(24) MMU: 2ms/99.1%, 5ms/99.5%, 10ms/99.8%, 20ms/99.9%, 50ms/99.9%, 100ms/100.0%
[7.982s][info][gc,marking  ] GC(24) Mark: 2 stripe(s), 2 proactive flush(es), 1 terminate flush(es), 0 completion(s), 0 continuation(s) 
[7.982s][info][gc,marking  ] GC(24) Mark Stack Usage: 32M
[7.982s][info][gc,nmethod  ] GC(24) NMethods: 470 registered, 0 unregistered
[7.982s][info][gc,metaspace] GC(24) Metaspace: 1M used, 1M committed, 1088M reserved
[7.982s][info][gc,ref      ] GC(24) Soft: 181 encountered, 0 discovered, 0 enqueued
[7.982s][info][gc,ref      ] GC(24) Weak: 263 encountered, 166 discovered, 0 enqueued
[7.982s][info][gc,ref      ] GC(24) Final: 0 encountered, 0 discovered, 0 enqueued
[7.982s][info][gc,ref      ] GC(24) Phantom: 7 encountered, 3 discovered, 0 enqueued
[7.982s][info][gc,reloc    ] GC(24) Small Pages: 1963 / 3926M, Empty: 0M, Relocated: 1M, In-Place: 0
[7.982s][info][gc,reloc    ] GC(24) Medium Pages: 1 / 32M, Empty: 0M, Relocated: 0M, In-Place: 0
[7.982s][info][gc,reloc    ] GC(24) Large Pages: 0 / 0M, Empty: 0M, Relocated: 0M, In-Place: 0
[7.982s][info][gc,reloc    ] GC(24) Forwarding Usage: 0M
[7.982s][info][gc,heap     ] GC(24) Min Capacity: 16384M(100%)
[7.982s][info][gc,heap     ] GC(24) Max Capacity: 16384M(100%)
[7.982s][info][gc,heap     ] GC(24) Soft Max Capacity: 16384M(100%)
[7.982s][info][gc,heap     ] GC(24)                Mark Start          Mark End        Relocate Start      Relocate End           High               Low         
[7.982s][info][gc,heap     ] GC(24)  Capacity:    16384M (100%)      16384M (100%)      16384M (100%)      16384M (100%)      16384M (100%)      16384M (100%)   
[7.983s][info][gc,heap     ] GC(24)      Free:    12426M (76%)       12424M (76%)       12424M (76%)       12424M (76%)       12426M (76%)       12420M (76%)    
[7.983s][info][gc,heap     ] GC(24)      Used:     3958M (24%)        3960M (24%)        3960M (24%)        3960M (24%)        3964M (24%)        3958M (24%)    
[7.983s][info][gc,heap     ] GC(24)      Live:         -              3586M (22%)        3586M (22%)        3586M (22%)            -                  -          
[7.983s][info][gc,heap     ] GC(24) Allocated:         -                 2M (0%)            2M (0%)            2M (0%)             -                  -          
[7.983s][info][gc,heap     ] GC(24)   Garbage:         -               371M (2%)          371M (2%)          371M (2%)             -                  -          
[7.983s][info][gc,heap     ] GC(24) Reclaimed:         -                  -                 0M (0%)            0M (0%)             -                  -          
[7.983s][info][gc          ] GC(24) Garbage Collection (Timer) 3958M(24%)->3960M(24%)
[8.253s][info][gc,start    ] GC(25) Garbage Collection (Timer)
[8.253s][info][gc,task     ] GC(25) Using 3 workers
[8.253s][info][gc,phases   ] GC(25) Pause Mark Start 0.006ms
[8.279s][info][gc,phases   ] GC(25) Concurrent Mark 25.668ms
[8.279s][info][gc,phases   ] GC(25) Pause Mark End 0.009ms
[8.279s][info][gc,phases   ] GC(25) Concurrent Mark Free 0.001ms
[8.280s][info][gc,phases   ] GC(25) Concurrent Process Non-Strong References 0.709ms
[8.280s][info][gc,phases   ] GC(25) Concurrent Reset Relocation Set 0.001ms
[8.282s][info][gc,phases   ] GC(25) Concurrent Select Relocation Set 2.326ms
[8.282s][info][gc,phases   ] GC(25) Pause Relocate Start 0.005ms
[8.284s][info][gc,phases   ] GC(25) Concurrent Relocate 1.362ms
[8.284s][info][gc,load     ] GC(25) Load: 0.00/0.00/0.00
[8.284s][info][gc,mmu      ] GC(25) MMU: 2ms/99.1%, 5ms/99.5%, 10ms/99.8%, 20ms/99.9%, 50ms/99.9%, 100ms/100.0%
[8.284s][info][gc,marking  ] GC(25) Mark: 2 stripe(s), 2 proactive flush(es), 1 terminate flush(es), 0 completion(s), 0 continuation(s) 
[8.284s][info][gc,marking  ] GC(25) Mark Stack Usage: 32M
[8.284s][info][gc,nmethod  ] GC(25) NMethods: 470 registered, 0 unregistered
[8.284s][info][gc,metaspace] GC(25) Metaspace: 1M used, 1M committed, 1088M reserved
[8.284s][info][gc,ref      ] GC(25) Soft: 181 encountered, 0 discovered, 0 enqueued
[8.284s][info][gc,ref      ] GC(25) Weak: 263 encountered, 5 discovered, 0 enqueued
[8.284s][info][gc,ref      ] GC(25) Final: 0 encountered, 0 discovered, 0 enqueued
[8.284s][info][gc,ref      ] GC(25) Phantom: 7 encountered, 3 discovered, 0 enqueued
[8.284s][info][gc,reloc    ] GC(25) Small Pages: 2019 / 4038M, Empty: 0M, Relocated: 3M, In-Place: 0
[8.284s][info][gc,reloc    ] GC(25) Medium Pages: 1 / 32M, Empty: 0M, Relocated: 0M, In-Place: 0
[8.284s][info][gc,reloc    ] GC(25) Large Pages: 0 / 0M, Empty: 0M, Relocated: 0M, In-Place: 0
[8.284s][info][gc,reloc    ] GC(25) Forwarding Usage: 0M
[8.284s][info][gc,heap     ] GC(25) Min Capacity: 16384M(100%)
[8.284s][info][gc,heap     ] GC(25) Max Capacity: 16384M(100%)
[8.284s][info][gc,heap     ] GC(25) Soft Max Capacity: 16384M(100%)
[8.284s][info][gc,heap     ] GC(25)                Mark Start          Mark End        Relocate Start      Relocate End           High               Low         
[8.284s][info][gc,heap     ] GC(25)  Capacity:    16384M (100%)      16384M (100%)      16384M (100%)      16384M (100%)      16384M (100%)      16384M (100%)   
[8.284s][info][gc,heap     ] GC(25)      Free:    12314M (75%)       12312M (75%)       12312M (75%)       12314M (75%)       12314M (75%)       12306M (75%)    
[8.284s][info][gc,heap     ] GC(25)      Used:     4070M (25%)        4072M (25%)        4072M (25%)        4070M (25%)        4078M (25%)        4070M (25%)    
[8.284s][info][gc,heap     ] GC(25)      Live:         -              3687M (23%)        3687M (23%)        3687M (23%)            -                  -          
[8.284s][info][gc,heap     ] GC(25) Allocated:         -                 2M (0%)            2M (0%)            1M (0%)             -                  -          
[8.284s][info][gc,heap     ] GC(25)   Garbage:         -               382M (2%)          382M (2%)          380M (2%)             -                  -          
[8.284s][info][gc,heap     ] GC(25) Reclaimed:         -                  -                 0M (0%)            1M (0%)             -                  -          
[8.284s][info][gc          ] GC(25) Garbage Collection (Timer) 4070M(25%)->4070M(25%)
[8.552s][info][gc,start    ] GC(26) Garbage Collection (Timer)
[8.552s][info][gc,task     ] GC(26) Using 3 workers
[8.552s][info][gc,phases   ] GC(26) Pause Mark Start 0.006ms
[8.578s][info][gc,phases   ] GC(26) Concurrent Mark 25.620ms
[8.578s][info][gc,phases   ] GC(26) Pause Mark End 0.010ms
[8.578s][info][gc,phases   ] GC(26) Concurrent Mark Free 0.001ms
[8.579s][info][gc,phases   ] GC(26) Concurrent Process Non-Strong References 0.787ms
[8.579s][info][gc,phases   ] GC(26) Concurrent Reset Relocation Set 0.001ms
[8.582s][info][gc,phases   ] GC(26) Concurrent Select Relocation Set 3.334ms
[8.582s][info][gc,phases   ] GC(26) Pause Relocate Start 0.005ms
[8.584s][info][gc,phases   ] GC(26) Concurrent Relocate 0.955ms
[8.584s][info][gc,load     ] GC(26) Load: 0.00/0.00/0.00
[8.584s][info][gc,mmu      ] GC(26) MMU: 2ms/99.1%, 5ms/99.5%, 10ms/99.8%, 20ms/99.9%, 50ms/99.9%, 100ms/100.0%
[8.584s][info][gc,marking  ] GC(26) Mark: 2 stripe(s), 2 proactive flush(es), 1 terminate flush(es), 0 completion(s), 0 continuation(s) 
[8.584s][info][gc,marking  ] GC(26) Mark Stack Usage: 32M
[8.584s][info][gc,nmethod  ] GC(26) NMethods: 470 registered, 0 unregistered
[8.584s][info][gc,metaspace] GC(26) Metaspace: 1M used, 1M committed, 1088M reserved
[8.584s][info][gc,ref      ] GC(26) Soft: 181 encountered, 0 discovered, 0 enqueued
[8.584s][info][gc,ref      ] GC(26) Weak: 263 encountered, 165 discovered, 0 enqueued
[8.584s][info][gc,ref      ] GC(26) Final: 0 encountered, 0 discovered, 0 enqueued
[8.584s][info][gc,ref      ] GC(26) Phantom: 7 encountered, 3 discovered, 0 enqueued
[8.584s][info][gc,reloc    ] GC(26) Small Pages: 2067 / 4134M, Empty: 0M, Relocated: 1M, In-Place: 0
[8.584s][info][gc,reloc    ] GC(26) Medium Pages: 1 / 32M, Empty: 0M, Relocated: 0M, In-Place: 0
[8.584s][info][gc,reloc    ] GC(26) Large Pages: 0 / 0M, Empty: 0M, Relocated: 0M, In-Place: 0
[8.584s][info][gc,reloc    ] GC(26) Forwarding Usage: 0M
[8.584s][info][gc,heap     ] GC(26) Min Capacity: 16384M(100%)
[8.584s][info][gc,heap     ] GC(26) Max Capacity: 16384M(100%)
[8.584s][info][gc,heap     ] GC(26) Soft Max Capacity: 16384M(100%)
[8.584s][info][gc,heap     ] GC(26)                Mark Start          Mark End        Relocate Start      Relocate End           High               Low         
[8.584s][info][gc,heap     ] GC(26)  Capacity:    16384M (100%)      16384M (100%)      16384M (100%)      16384M (100%)      16384M (100%)      16384M (100%)   
[8.584s][info][gc,heap     ] GC(26)      Free:    12218M (75%)       12216M (75%)       12216M (75%)       12216M (75%)       12218M (75%)       12212M (75%)    
[8.584s][info][gc,heap     ] GC(26)      Used:     4166M (25%)        4168M (25%)        4168M (25%)        4168M (25%)        4172M (25%)        4166M (25%)    
[8.584s][info][gc,heap     ] GC(26)      Live:         -              3776M (23%)        3776M (23%)        3776M (23%)            -                  -          
[8.584s][info][gc,heap     ] GC(26) Allocated:         -                 2M (0%)            2M (0%)            2M (0%)             -                  -          
[8.584s][info][gc,heap     ] GC(26)   Garbage:         -               389M (2%)          389M (2%)          389M (2%)             -                  -          
[8.584s][info][gc,heap     ] GC(26) Reclaimed:         -                  -                 0M (0%)            0M (0%)             -                  -          
[8.584s][info][gc          ] GC(26) Garbage Collection (Timer) 4166M(25%)->4168M(25%)
[8.852s][info][gc,start    ] GC(27) Garbage Collection (Timer)
[8.852s][info][gc,task     ] GC(27) Using 3 workers
[8.852s][info][gc,phases   ] GC(27) Pause Mark Start 0.005ms
[8.878s][info][gc,phases   ] GC(27) Concurrent Mark 25.642ms
[8.878s][info][gc,phases   ] GC(27) Pause Mark End 0.010ms
[8.878s][info][gc,phases   ] GC(27) Concurrent Mark Free 0.001ms
[8.879s][info][gc,phases   ] GC(27) Concurrent Process Non-Strong References 0.881ms
[8.879s][info][gc,phases   ] GC(27) Concurrent Reset Relocation Set 0.001ms
[8.882s][info][gc,phases   ] GC(27) Concurrent Select Relocation Set 2.349ms
[8.882s][info][gc,phases   ] GC(27) Pause Relocate Start 0.005ms
[8.883s][info][gc,phases   ] GC(27) Concurrent Relocate 0.924ms
[8.883s][info][gc,load     ] GC(27) Load: 0.00/0.00/0.00
[8.883s][info][gc,mmu      ] GC(27) MMU: 2ms/99.1%, 5ms/99.5%, 10ms/99.8%, 20ms/99.9%, 50ms/99.9%, 100ms/100.0%
[8.883s][info][gc,marking  ] GC(27) Mark: 2 stripe(s), 2 proactive flush(es), 1 terminate flush(es), 0 completion(s), 0 continuation(s) 
[8.883s][info][gc,marking  ] GC(27) Mark Stack Usage: 32M
[8.883s][info][gc,nmethod  ] GC(27) NMethods: 470 registered, 0 unregistered
[8.883s][info][gc,metaspace] GC(27) Metaspace: 1M used, 1M committed, 1088M reserved
[8.883s][info][gc,ref      ] GC(27) Soft: 181 encountered, 0 discovered, 0 enqueued
[8.883s][info][gc,ref      ] GC(27) Weak: 263 encountered, 180 discovered, 0 enqueued
[8.883s][info][gc,ref      ] GC(27) Final: 0 encountered, 0 discovered, 0 enqueued
[8.883s][info][gc,ref      ] GC(27) Phantom: 7 encountered, 4 discovered, 0 enqueued
[8.883s][info][gc,reloc    ] GC(27) Small Pages: 2114 / 4228M, Empty: 0M, Relocated: 1M, In-Place: 0
[8.883s][info][gc,reloc    ] GC(27) Medium Pages: 1 / 32M, Empty: 0M, Relocated: 0M, In-Place: 0
[8.883s][info][gc,reloc    ] GC(27) Large Pages: 0 / 0M, Empty: 0M, Relocated: 0M, In-Place: 0
[8.883s][info][gc,reloc    ] GC(27) Forwarding Usage: 0M
[8.883s][info][gc,heap     ] GC(27) Min Capacity: 16384M(100%)
[8.883s][info][gc,heap     ] GC(27) Max Capacity: 16384M(100%)
[8.883s][info][gc,heap     ] GC(27) Soft Max Capacity: 16384M(100%)
[8.883s][info][gc,heap     ] GC(27)                Mark Start          Mark End        Relocate Start      Relocate End           High               Low         
[8.883s][info][gc,heap     ] GC(27)  Capacity:    16384M (100%)      16384M (100%)      16384M (100%)      16384M (100%)      16384M (100%)      16384M (100%)   
[8.883s][info][gc,heap     ] GC(27)      Free:    12124M (74%)       12122M (74%)       12122M (74%)       12122M (74%)       12124M (74%)       12118M (74%)    
[8.883s][info][gc,heap     ] GC(27)      Used:     4260M (26%)        4262M (26%)        4262M (26%)        4262M (26%)        4266M (26%)        4260M (26%)    
[8.883s][info][gc,heap     ] GC(27)      Live:         -              3862M (24%)        3862M (24%)        3862M (24%)            -                  -          
[8.884s][info][gc,heap     ] GC(27) Allocated:         -                 2M (0%)            2M (0%)            2M (0%)             -                  -          
[8.884s][info][gc,heap     ] GC(27)   Garbage:         -               397M (2%)          397M (2%)          397M (2%)             -                  -          
[8.884s][info][gc,heap     ] GC(27) Reclaimed:         -                  -                 0M (0%)            0M (0%)             -                  -          
[8.884s][info][gc          ] GC(27) Garbage Collection (Timer) 4260M(26%)->4262M(26%)
[9.153s][info][gc,start    ] GC(28) Garbage Collection (Timer)
[9.153s][info][gc,task     ] GC(28) Using 3 workers
[9.153s][info][gc,phases   ] GC(28) Pause Mark Start 0.006ms
[9.180s][info][gc,phases   ] GC(28) Concurrent Mark 26.634ms
[9.180s][info][gc,phases   ] GC(28) Pause Mark End 0.009ms
[9.180s][info][gc,phases   ] GC(28) Concurrent Mark Free 0.001ms
[9.181s][info][gc,phases   ] GC(28) Concurrent Process Non-Strong References 0.900ms
[9.181s][info][gc,phases   ] GC(28) Concurrent Reset Relocation Set 0.001ms
[9.183s][info][gc,phases   ] GC(28) Concurrent Select Relocation Set 2.240ms
[9.183s][info][gc,phases   ] GC(28) Pause Relocate Start 0.005ms
[9.184s][info][gc,phases   ] GC(28) Concurrent Relocate 0.989ms
[9.184s][info][gc,load     ] GC(28) Load: 0.00/0.00/0.00
[9.184s][info][gc,mmu      ] GC(28) MMU: 2ms/99.1%, 5ms/99.5%, 10ms/99.8%, 20ms/99.9%, 50ms/99.9%, 100ms/100.0%
[9.185s][info][gc,marking  ] GC(28) Mark: 2 stripe(s), 3 proactive flush(es), 1 terminate flush(es), 0 completion(s), 0 continuation(s) 
[9.185s][info][gc,marking  ] GC(28) Mark Stack Usage: 32M
[9.185s][info][gc,nmethod  ] GC(28) NMethods: 470 registered, 0 unregistered
[9.185s][info][gc,metaspace] GC(28) Metaspace: 1M used, 1M committed, 1088M reserved
[9.185s][info][gc,ref      ] GC(28) Soft: 181 encountered, 0 discovered, 0 enqueued
[9.185s][info][gc,ref      ] GC(28) Weak: 263 encountered, 165 discovered, 0 enqueued
[9.185s][info][gc,ref      ] GC(28) Final: 0 encountered, 0 discovered, 0 enqueued
[9.185s][info][gc,ref      ] GC(28) Phantom: 7 encountered, 3 discovered, 0 enqueued
[9.185s][info][gc,reloc    ] GC(28) Small Pages: 2164 / 4328M, Empty: 0M, Relocated: 1M, In-Place: 0
[9.185s][info][gc,reloc    ] GC(28) Medium Pages: 1 / 32M, Empty: 0M, Relocated: 0M, In-Place: 0
[9.185s][info][gc,reloc    ] GC(28) Large Pages: 0 / 0M, Empty: 0M, Relocated: 0M, In-Place: 0
[9.185s][info][gc,reloc    ] GC(28) Forwarding Usage: 0M
[9.185s][info][gc,heap     ] GC(28) Min Capacity: 16384M(100%)
[9.185s][info][gc,heap     ] GC(28) Max Capacity: 16384M(100%)
[9.185s][info][gc,heap     ] GC(28) Soft Max Capacity: 16384M(100%)
[9.185s][info][gc,heap     ] GC(28)                Mark Start          Mark End        Relocate Start      Relocate End           High               Low         
[9.185s][info][gc,heap     ] GC(28)  Capacity:    16384M (100%)      16384M (100%)      16384M (100%)      16384M (100%)      16384M (100%)      16384M (100%)   
[9.185s][info][gc,heap     ] GC(28)      Free:    12024M (73%)       12022M (73%)       12022M (73%)       12022M (73%)       12024M (73%)       12018M (73%)    
[9.185s][info][gc,heap     ] GC(28)      Used:     4360M (27%)        4362M (27%)        4362M (27%)        4362M (27%)        4366M (27%)        4360M (27%)    
[9.185s][info][gc,heap     ] GC(28)      Live:         -              3954M (24%)        3954M (24%)        3954M (24%)            -                  -          
[9.185s][info][gc,heap     ] GC(28) Allocated:         -                 2M (0%)            2M (0%)            2M (0%)             -                  -          
[9.185s][info][gc,heap     ] GC(28)   Garbage:         -               405M (2%)          405M (2%)          405M (2%)             -                  -          
[9.185s][info][gc,heap     ] GC(28) Reclaimed:         -                  -                 0M (0%)            0M (0%)             -                  -          
[9.185s][info][gc          ] GC(28) Garbage Collection (Timer) 4360M(27%)->4362M(27%)
[9.452s][info][gc,start    ] GC(29) Garbage Collection (Timer)
[9.452s][info][gc,task     ] GC(29) Using 3 workers
[9.452s][info][gc,phases   ] GC(29) Pause Mark Start 0.006ms
[9.479s][info][gc,phases   ] GC(29) Concurrent Mark 26.516ms
[9.479s][info][gc,phases   ] GC(29) Pause Mark End 0.010ms
[9.479s][info][gc,phases   ] GC(29) Concurrent Mark Free 0.001ms
[9.480s][info][gc,phases   ] GC(29) Concurrent Process Non-Strong References 0.690ms
[9.480s][info][gc,phases   ] GC(29) Concurrent Reset Relocation Set 0.001ms
[9.482s][info][gc,phases   ] GC(29) Concurrent Select Relocation Set 2.394ms
[9.482s][info][gc,phases   ] GC(29) Pause Relocate Start 0.006ms
[9.483s][info][gc,phases   ] GC(29) Concurrent Relocate 0.899ms
[9.483s][info][gc,load     ] GC(29) Load: 0.00/0.00/0.00
[9.483s][info][gc,mmu      ] GC(29) MMU: 2ms/99.1%, 5ms/99.5%, 10ms/99.8%, 20ms/99.9%, 50ms/99.9%, 100ms/100.0%
[9.483s][info][gc,marking  ] GC(29) Mark: 2 stripe(s), 3 proactive flush(es), 1 terminate flush(es), 0 completion(s), 0 continuation(s) 
[9.483s][info][gc,marking  ] GC(29) Mark Stack Usage: 32M
[9.484s][info][gc,nmethod  ] GC(29) NMethods: 470 registered, 0 unregistered
[9.484s][info][gc,metaspace] GC(29) Metaspace: 1M used, 1M committed, 1088M reserved
[9.484s][info][gc,ref      ] GC(29) Soft: 181 encountered, 0 discovered, 0 enqueued
[9.484s][info][gc,ref      ] GC(29) Weak: 263 encountered, 168 discovered, 0 enqueued
[9.484s][info][gc,ref      ] GC(29) Final: 0 encountered, 0 discovered, 0 enqueued
[9.484s][info][gc,ref      ] GC(29) Phantom: 7 encountered, 3 discovered, 0 enqueued
[9.484s][info][gc,reloc    ] GC(29) Small Pages: 2204 / 4408M, Empty: 0M, Relocated: 1M, In-Place: 0
[9.484s][info][gc,reloc    ] GC(29) Medium Pages: 1 / 32M, Empty: 0M, Relocated: 0M, In-Place: 0
[9.484s][info][gc,reloc    ] GC(29) Large Pages: 0 / 0M, Empty: 0M, Relocated: 0M, In-Place: 0
[9.484s][info][gc,reloc    ] GC(29) Forwarding Usage: 0M
[9.484s][info][gc,heap     ] GC(29) Min Capacity: 16384M(100%)
[9.484s][info][gc,heap     ] GC(29) Max Capacity: 16384M(100%)
[9.484s][info][gc,heap     ] GC(29) Soft Max Capacity: 16384M(100%)
[9.484s][info][gc,heap     ] GC(29)                Mark Start          Mark End        Relocate Start      Relocate End           High               Low         
[9.484s][info][gc,heap     ] GC(29)  Capacity:    16384M (100%)      16384M (100%)      16384M (100%)      16384M (100%)      16384M (100%)      16384M (100%)   
[9.484s][info][gc,heap     ] GC(29)      Free:    11944M (73%)       11940M (73%)       11940M (73%)       11940M (73%)       11944M (73%)       11936M (73%)    
[9.484s][info][gc,heap     ] GC(29)      Used:     4440M (27%)        4444M (27%)        4444M (27%)        4444M (27%)        4448M (27%)        4440M (27%)    
[9.484s][info][gc,heap     ] GC(29)      Live:         -              4026M (25%)        4026M (25%)        4026M (25%)            -                  -          
[9.484s][info][gc,heap     ] GC(29) Allocated:         -                 4M (0%)            4M (0%)            4M (0%)             -                  -          
[9.484s][info][gc,heap     ] GC(29)   Garbage:         -               413M (3%)          413M (3%)          413M (3%)             -                  -          
[9.484s][info][gc,heap     ] GC(29) Reclaimed:         -                  -                 0M (0%)            0M (0%)             -                  -          
[9.484s][info][gc          ] GC(29) Garbage Collection (Timer) 4440M(27%)->4444M(27%)
[9.752s][info][gc,start    ] GC(30) Garbage Collection (Timer)
[9.752s][info][gc,task     ] GC(30) Using 3 workers
[9.752s][info][gc,phases   ] GC(30) Pause Mark Start 0.006ms
[9.778s][info][gc,phases   ] GC(30) Concurrent Mark 25.659ms
[9.778s][info][gc,phases   ] GC(30) Pause Mark End 0.010ms
[9.778s][info][gc,phases   ] GC(30) Concurrent Mark Free 0.001ms
[9.779s][info][gc,phases   ] GC(30) Concurrent Process Non-Strong References 0.770ms
[9.779s][info][gc,phases   ] GC(30) Concurrent Reset Relocation Set 0.001ms
[9.781s][info][gc,phases   ] GC(30) Concurrent Select Relocation Set 2.262ms
[9.782s][info][gc,phases   ] GC(30) Pause Relocate Start 0.005ms
[9.783s][info][gc,phases   ] GC(30) Concurrent Relocate 1.538ms
[9.783s][info][gc,load     ] GC(30) Load: 0.00/0.00/0.00
[9.783s][info][gc,mmu      ] GC(30) MMU: 2ms/99.1%, 5ms/99.5%, 10ms/99.8%, 20ms/99.9%, 50ms/99.9%, 100ms/100.0%
[9.783s][info][gc,marking  ] GC(30) Mark: 2 stripe(s), 3 proactive flush(es), 1 terminate flush(es), 0 completion(s), 0 continuation(s) 
[9.783s][info][gc,marking  ] GC(30) Mark Stack Usage: 32M
[9.783s][info][gc,nmethod  ] GC(30) NMethods: 470 registered, 0 unregistered
[9.783s][info][gc,metaspace] GC(30) Metaspace: 1M used, 1M committed, 1088M reserved
[9.783s][info][gc,ref      ] GC(30) Soft: 181 encountered, 0 discovered, 0 enqueued
[9.783s][info][gc,ref      ] GC(30) Weak: 263 encountered, 179 discovered, 0 enqueued
[9.783s][info][gc,ref      ] GC(30) Final: 0 encountered, 0 discovered, 0 enqueued
[9.783s][info][gc,ref      ] GC(30) Phantom: 7 encountered, 3 discovered, 0 enqueued
[9.783s][info][gc,reloc    ] GC(30) Small Pages: 2232 / 4464M, Empty: 0M, Relocated: 3M, In-Place: 0
[9.784s][info][gc,reloc    ] GC(30) Medium Pages: 1 / 32M, Empty: 0M, Relocated: 0M, In-Place: 0
[9.784s][info][gc,reloc    ] GC(30) Large Pages: 0 / 0M, Empty: 0M, Relocated: 0M, In-Place: 0
[9.784s][info][gc,reloc    ] GC(30) Forwarding Usage: 0M
[9.784s][info][gc,heap     ] GC(30) Min Capacity: 16384M(100%)
[9.784s][info][gc,heap     ] GC(30) Max Capacity: 16384M(100%)
[9.784s][info][gc,heap     ] GC(30) Soft Max Capacity: 16384M(100%)
[9.784s][info][gc,heap     ] GC(30)                Mark Start          Mark End        Relocate Start      Relocate End           High               Low         
[9.784s][info][gc,heap     ] GC(30)  Capacity:    16384M (100%)      16384M (100%)      16384M (100%)      16384M (100%)      16384M (100%)      16384M (100%)   
[9.784s][info][gc,heap     ] GC(30)      Free:    11888M (73%)       11886M (73%)       11884M (73%)       11886M (73%)       11888M (73%)       11878M (72%)    
[9.784s][info][gc,heap     ] GC(30)      Used:     4496M (27%)        4498M (27%)        4500M (27%)        4498M (27%)        4506M (28%)        4496M (27%)    
[9.784s][info][gc,heap     ] GC(30)      Live:         -              4076M (25%)        4076M (25%)        4076M (25%)            -                  -          
[9.784s][info][gc,heap     ] GC(30) Allocated:         -                 2M (0%)            4M (0%)            4M (0%)             -                  -          
[9.784s][info][gc,heap     ] GC(30)   Garbage:         -               419M (3%)          419M (3%)          417M (3%)             -                  -          
[9.784s][info][gc,heap     ] GC(30) Reclaimed:         -                  -                 0M (0%)            2M (0%)             -                  -          
[9.784s][info][gc          ] GC(30) Garbage Collection (Timer) 4496M(27%)->4498M(27%)
[10.052s][info][gc,start    ] GC(31) Garbage Collection (Timer)
[10.052s][info][gc,task     ] GC(31) Using 3 workers
[10.052s][info][gc,phases   ] GC(31) Pause Mark Start 0.006ms
[10.078s][info][gc,phases   ] GC(31) Concurrent Mark 25.630ms
[10.078s][info][gc,phases   ] GC(31) Pause Mark End 0.010ms
[10.078s][info][gc,phases   ] GC(31) Concurrent Mark Free 0.001ms
[10.079s][info][gc,phases   ] GC(31) Concurrent Process Non-Strong References 0.815ms
[10.079s][info][gc,phases   ] GC(31) Concurrent Reset Relocation Set 0.001ms
[10.081s][info][gc,phases   ] GC(31) Concurrent Select Relocation Set 2.410ms
[10.081s][info][gc,phases   ] GC(31) Pause Relocate Start 0.006ms
[10.082s][info][gc,phases   ] GC(31) Concurrent Relocate 0.889ms
[10.082s][info][gc,load     ] GC(31) Load: 0.00/0.00/0.00
[10.082s][info][gc,mmu      ] GC(31) MMU: 2ms/99.1%, 5ms/99.5%, 10ms/99.8%, 20ms/99.9%, 50ms/99.9%, 100ms/100.0%
[10.082s][info][gc,marking  ] GC(31) Mark: 2 stripe(s), 2 proactive flush(es), 1 terminate flush(es), 0 completion(s), 0 continuation(s) 
[10.082s][info][gc,marking  ] GC(31) Mark Stack Usage: 32M
[10.082s][info][gc,nmethod  ] GC(31) NMethods: 470 registered, 0 unregistered
[10.082s][info][gc,metaspace] GC(31) Metaspace: 1M used, 1M committed, 1088M reserved
[10.082s][info][gc,ref      ] GC(31) Soft: 181 encountered, 0 discovered, 0 enqueued
[10.083s][info][gc,ref      ] GC(31) Weak: 263 encountered, 166 discovered, 0 enqueued
[10.083s][info][gc,ref      ] GC(31) Final: 0 encountered, 0 discovered, 0 enqueued
[10.083s][info][gc,ref      ] GC(31) Phantom: 7 encountered, 3 discovered, 0 enqueued
[10.083s][info][gc,reloc    ] GC(31) Small Pages: 2262 / 4524M, Empty: 0M, Relocated: 1M, In-Place: 0
[10.083s][info][gc,reloc    ] GC(31) Medium Pages: 1 / 32M, Empty: 0M, Relocated: 0M, In-Place: 0
[10.083s][info][gc,reloc    ] GC(31) Large Pages: 0 / 0M, Empty: 0M, Relocated: 0M, In-Place: 0
[10.083s][info][gc,reloc    ] GC(31) Forwarding Usage: 0M
[10.083s][info][gc,heap     ] GC(31) Min Capacity: 16384M(100%)
[10.083s][info][gc,heap     ] GC(31) Max Capacity: 16384M(100%)
[10.083s][info][gc,heap     ] GC(31) Soft Max Capacity: 16384M(100%)
[10.083s][info][gc,heap     ] GC(31)                Mark Start          Mark End        Relocate Start      Relocate End           High               Low         
[10.083s][info][gc,heap     ] GC(31)  Capacity:    16384M (100%)      16384M (100%)      16384M (100%)      16384M (100%)      16384M (100%)      16384M (100%)   
[10.083s][info][gc,heap     ] GC(31)      Free:    11828M (72%)       11826M (72%)       11824M (72%)       11824M (72%)       11828M (72%)       11820M (72%)    
[10.083s][info][gc,heap     ] GC(31)      Used:     4556M (28%)        4558M (28%)        4560M (28%)        4560M (28%)        4564M (28%)        4556M (28%)    
[10.083s][info][gc,heap     ] GC(31)      Live:         -              4132M (25%)        4132M (25%)        4132M (25%)            -                  -          
[10.083s][info][gc,heap     ] GC(31) Allocated:         -                 2M (0%)            4M (0%)            4M (0%)             -                  -          
[10.083s][info][gc,heap     ] GC(31)   Garbage:         -               423M (3%)          423M (3%)          423M (3%)             -                  -          
[10.083s][info][gc,heap     ] GC(31) Reclaimed:         -                  -                 0M (0%)            0M (0%)             -                  -          
[10.083s][info][gc          ] GC(31) Garbage Collection (Timer) 4556M(28%)->4560M(28%)
[10.352s][info][gc,start    ] GC(32) Garbage Collection (Timer)
[10.352s][info][gc,task     ] GC(32) Using 3 workers
[10.352s][info][gc,phases   ] GC(32) Pause Mark Start 0.006ms
[10.377s][info][gc,phases   ] GC(32) Concurrent Mark 24.682ms
[10.377s][info][gc,phases   ] GC(32) Pause Mark End 0.009ms
[10.377s][info][gc,phases   ] GC(32) Concurrent Mark Free 0.001ms
[10.378s][info][gc,phases   ] GC(32) Concurrent Process Non-Strong References 0.791ms
[10.378s][info][gc,phases   ] GC(32) Concurrent Reset Relocation Set 0.001ms
[10.380s][info][gc,phases   ] GC(32) Concurrent Select Relocation Set 2.229ms
[10.380s][info][gc,phases   ] GC(32) Pause Relocate Start 0.004ms
[10.382s][info][gc,phases   ] GC(32) Concurrent Relocate 1.969ms
[10.383s][info][gc,load     ] GC(32) Load: 0.00/0.00/0.00
[10.383s][info][gc,mmu      ] GC(32) MMU: 2ms/99.1%, 5ms/99.5%, 10ms/99.8%, 20ms/99.9%, 50ms/99.9%, 100ms/100.0%
[10.383s][info][gc,marking  ] GC(32) Mark: 2 stripe(s), 2 proactive flush(es), 1 terminate flush(es), 0 completion(s), 0 continuation(s) 
[10.383s][info][gc,marking  ] GC(32) Mark Stack Usage: 32M
[10.383s][info][gc,nmethod  ] GC(32) NMethods: 470 registered, 0 unregistered
[10.383s][info][gc,metaspace] GC(32) Metaspace: 1M used, 1M committed, 1088M reserved
[10.383s][info][gc,ref      ] GC(32) Soft: 181 encountered, 0 discovered, 0 enqueued
[10.383s][info][gc,ref      ] GC(32) Weak: 263 encountered, 159 discovered, 0 enqueued
[10.383s][info][gc,ref      ] GC(32) Final: 0 encountered, 0 discovered, 0 enqueued
[10.383s][info][gc,ref      ] GC(32) Phantom: 7 encountered, 3 discovered, 0 enqueued
[10.383s][info][gc,reloc    ] GC(32) Small Pages: 2294 / 4588M, Empty: 0M, Relocated: 5M, In-Place: 0
[10.383s][info][gc,reloc    ] GC(32) Medium Pages: 1 / 32M, Empty: 0M, Relocated: 0M, In-Place: 0
[10.383s][info][gc,reloc    ] GC(32) Large Pages: 0 / 0M, Empty: 0M, Relocated: 0M, In-Place: 0
[10.383s][info][gc,reloc    ] GC(32) Forwarding Usage: 0M
[10.383s][info][gc,heap     ] GC(32) Min Capacity: 16384M(100%)
[10.383s][info][gc,heap     ] GC(32) Max Capacity: 16384M(100%)
[10.383s][info][gc,heap     ] GC(32) Soft Max Capacity: 16384M(100%)
[10.383s][info][gc,heap     ] GC(32)                Mark Start          Mark End        Relocate Start      Relocate End           High               Low         
[10.383s][info][gc,heap     ] GC(32)  Capacity:    16384M (100%)      16384M (100%)      16384M (100%)      16384M (100%)      16384M (100%)      16384M (100%)   
[10.383s][info][gc,heap     ] GC(32)      Free:    11764M (72%)       11762M (72%)       11760M (72%)       11762M (72%)       11764M (72%)       11754M (72%)    
[10.383s][info][gc,heap     ] GC(32)      Used:     4620M (28%)        4622M (28%)        4624M (28%)        4622M (28%)        4630M (28%)        4620M (28%)    
[10.383s][info][gc,heap     ] GC(32)      Live:         -              4189M (26%)        4189M (26%)        4189M (26%)            -                  -          
[10.383s][info][gc,heap     ] GC(32) Allocated:         -                 2M (0%)            4M (0%)            3M (0%)             -                  -          
[10.383s][info][gc,heap     ] GC(32)   Garbage:         -               430M (3%)          430M (3%)          428M (3%)             -                  -          
[10.383s][info][gc,heap     ] GC(32) Reclaimed:         -                  -                 0M (0%)            1M (0%)             -                  -          
[10.383s][info][gc          ] GC(32) Garbage Collection (Timer) 4620M(28%)->4622M(28%)
[10.652s][info][gc,start    ] GC(33) Garbage Collection (Timer)
[10.652s][info][gc,task     ] GC(33) Using 3 workers
[10.652s][info][gc,phases   ] GC(33) Pause Mark Start 0.006ms
[10.680s][info][gc,phases   ] GC(33) Concurrent Mark 27.619ms
[10.680s][info][gc,phases   ] GC(33) Pause Mark End 0.009ms
[10.680s][info][gc,phases   ] GC(33) Concurrent Mark Free 0.001ms
[10.681s][info][gc,phases   ] GC(33) Concurrent Process Non-Strong References 0.756ms
[10.681s][info][gc,phases   ] GC(33) Concurrent Reset Relocation Set 0.001ms
[10.683s][info][gc,phases   ] GC(33) Concurrent Select Relocation Set 2.256ms
[10.683s][info][gc,phases   ] GC(33) Pause Relocate Start 0.004ms
[10.684s][info][gc,phases   ] GC(33) Concurrent Relocate 0.877ms
[10.685s][info][gc,load     ] GC(33) Load: 0.00/0.00/0.00
[10.685s][info][gc,mmu      ] GC(33) MMU: 2ms/99.1%, 5ms/99.5%, 10ms/99.8%, 20ms/99.9%, 50ms/99.9%, 100ms/100.0%
[10.685s][info][gc,marking  ] GC(33) Mark: 2 stripe(s), 2 proactive flush(es), 1 terminate flush(es), 0 completion(s), 0 continuation(s) 
[10.685s][info][gc,marking  ] GC(33) Mark Stack Usage: 32M
[10.685s][info][gc,nmethod  ] GC(33) NMethods: 470 registered, 0 unregistered
[10.685s][info][gc,metaspace] GC(33) Metaspace: 1M used, 1M committed, 1088M reserved
[10.685s][info][gc,ref      ] GC(33) Soft: 181 encountered, 0 discovered, 0 enqueued
[10.685s][info][gc,ref      ] GC(33) Weak: 263 encountered, 5 discovered, 0 enqueued
[10.685s][info][gc,ref      ] GC(33) Final: 0 encountered, 0 discovered, 0 enqueued
[10.685s][info][gc,ref      ] GC(33) Phantom: 7 encountered, 3 discovered, 0 enqueued
[10.685s][info][gc,reloc    ] GC(33) Small Pages: 2317 / 4634M, Empty: 0M, Relocated: 1M, In-Place: 0
[10.685s][info][gc,reloc    ] GC(33) Medium Pages: 1 / 32M, Empty: 0M, Relocated: 0M, In-Place: 0
[10.685s][info][gc,reloc    ] GC(33) Large Pages: 0 / 0M, Empty: 0M, Relocated: 0M, In-Place: 0
[10.685s][info][gc,reloc    ] GC(33) Forwarding Usage: 0M
[10.685s][info][gc,heap     ] GC(33) Min Capacity: 16384M(100%)
[10.685s][info][gc,heap     ] GC(33) Max Capacity: 16384M(100%)
[10.685s][info][gc,heap     ] GC(33) Soft Max Capacity: 16384M(100%)
[10.685s][info][gc,heap     ] GC(33)                Mark Start          Mark End        Relocate Start      Relocate End           High               Low         
[10.685s][info][gc,heap     ] GC(33)  Capacity:    16384M (100%)      16384M (100%)      16384M (100%)      16384M (100%)      16384M (100%)      16384M (100%)   
[10.685s][info][gc,heap     ] GC(33)      Free:    11718M (72%)       11714M (71%)       11714M (71%)       11714M (71%)       11718M (72%)       11710M (71%)    
[10.685s][info][gc,heap     ] GC(33)      Used:     4666M (28%)        4670M (29%)        4670M (29%)        4670M (29%)        4674M (29%)        4666M (28%)    
[10.685s][info][gc,heap     ] GC(33)      Live:         -              4233M (26%)        4233M (26%)        4233M (26%)            -                  -          
[10.685s][info][gc,heap     ] GC(33) Allocated:         -                 4M (0%)            4M (0%)            4M (0%)             -                  -          
[10.685s][info][gc,heap     ] GC(33)   Garbage:         -               432M (3%)          432M (3%)          432M (3%)             -                  -          
[10.685s][info][gc,heap     ] GC(33) Reclaimed:         -                  -                 0M (0%)            0M (0%)             -                  -          
[10.685s][info][gc          ] GC(33) Garbage Collection (Timer) 4666M(28%)->4670M(29%)
[10.952s][info][gc,stats    ] === Garbage Collection Statistics =======================================================================================================================
[10.952s][info][gc,start    ] GC(34) Garbage Collection (Timer)
[10.952s][info][gc,stats    ]                                                              Last 10s              Last 10m              Last 10h                Total
[10.952s][info][gc,task     ] GC(34) Using 3 workers
[10.952s][info][gc,stats    ]                                                              Avg / Max             Avg / Max             Avg / Max             Avg / Max
[10.953s][info][gc,stats    ]   Collector: Garbage Collection Cycle                     28.785 / 34.070       28.785 / 34.070       28.785 / 34.070       28.785 / 34.070      ms
[10.953s][info][gc,phases   ] GC(34) Pause Mark Start 0.006ms
[10.953s][info][gc,stats    ]  Contention: Mark Segment Reset Contention                     3 / 8                 3 / 8                 3 / 8                 3 / 8           ops/s
[10.953s][info][gc,stats    ]  Contention: Mark SeqNum Reset Contention                      2 / 3                 2 / 3                 2 / 3                 2 / 3           ops/s
[10.953s][info][gc,stats    ]    Critical: Allocation Stall                                  0 / 0                 0 / 0                 0 / 0                 0 / 0           ops/s
[10.953s][info][gc,stats    ]    Critical: Allocation Stall                              0.000 / 0.000         0.000 / 0.000         0.000 / 0.000         0.000 / 0.000       ms
[10.953s][info][gc,stats    ]    Critical: GC Locker Stall                                   0 / 0                 0 / 0                 0 / 0                 0 / 0           ops/s
[10.953s][info][gc,stats    ]    Critical: GC Locker Stall                               0.000 / 0.000         0.000 / 0.000         0.000 / 0.000         0.000 / 0.000       ms
[10.953s][info][gc,stats    ]    Critical: Relocation Stall                                  0 / 0                 0 / 0                 0 / 0                 0 / 0           ops/s
[10.953s][info][gc,stats    ]    Critical: Relocation Stall                              0.000 / 0.000         0.000 / 0.000         0.000 / 0.000         0.000 / 0.000       ms
[10.953s][info][gc,stats    ]      Memory: Allocation Rate                                 483 / 760             483 / 760             483 / 760             483 / 760         MB/s
[10.953s][info][gc,stats    ]      Memory: Out Of Memory                                     0 / 0                 0 / 0                 0 / 0                 0 / 0           ops/s
[10.953s][info][gc,stats    ]      Memory: Page Cache Flush                                  0 / 0                 0 / 0                 0 / 0                 0 / 0           MB/s
[10.953s][info][gc,stats    ]      Memory: Page Cache Hit L1                                11 / 17               11 / 17               11 / 17               11 / 17          ops/s
[10.953s][info][gc,stats    ]      Memory: Page Cache Hit L2                                 0 / 0                 0 / 0                 0 / 0                 0 / 0           ops/s
[10.953s][info][gc,stats    ]      Memory: Page Cache Hit L3                               233 / 377             233 / 377             233 / 377             233 / 377         ops/s
[10.953s][info][gc,stats    ]      Memory: Page Cache Miss                                   0 / 1                 0 / 1                 0 / 1                 0 / 1           ops/s
[10.953s][info][gc,stats    ]      Memory: Uncommit                                          0 / 0                 0 / 0                 0 / 0                 0 / 0           MB/s
[10.953s][info][gc,stats    ]      Memory: Undo Object Allocation Failed                     0 / 0                 0 / 0                 0 / 0                 0 / 0           ops/s
[10.953s][info][gc,stats    ]      Memory: Undo Object Allocation Succeeded                  0 / 1                 0 / 1                 0 / 1                 0 / 1           ops/s
[10.953s][info][gc,stats    ]      Memory: Undo Page Allocation                              0 / 0                 0 / 0                 0 / 0                 0 / 0           ops/s
[10.953s][info][gc,stats    ]       Phase: Concurrent Mark                              22.965 / 27.619       22.965 / 27.619       22.965 / 27.619       22.965 / 27.619      ms
[10.953s][info][gc,stats    ]       Phase: Concurrent Mark Continue                      0.000 / 0.000         0.000 / 0.000         0.000 / 0.000         0.000 / 0.000       ms
[10.953s][info][gc,stats    ]       Phase: Concurrent Mark Free                          0.001 / 0.001         0.001 / 0.001         0.001 / 0.001         0.001 / 0.001       ms
[10.953s][info][gc,stats    ]       Phase: Concurrent Process Non-Strong References      0.768 / 0.958         0.768 / 0.958         0.768 / 0.958         0.768 / 0.958       ms
[10.953s][info][gc,stats    ]       Phase: Concurrent Relocate                           1.348 / 2.799         1.348 / 2.799         1.348 / 2.799         1.348 / 2.799       ms
[10.953s][info][gc,stats    ]       Phase: Concurrent Reset Relocation Set               0.001 / 0.002         0.001 / 0.002         0.001 / 0.002         0.001 / 0.002       ms
[10.953s][info][gc,stats    ]       Phase: Concurrent Select Relocation Set              2.664 / 9.787         2.664 / 9.787         2.664 / 9.787         2.664 / 9.787       ms
[10.953s][info][gc,stats    ]       Phase: Pause Mark End                                0.010 / 0.017         0.010 / 0.017         0.010 / 0.017         0.010 / 0.017       ms
[10.953s][info][gc,stats    ]       Phase: Pause Mark Start                              0.006 / 0.007         0.006 / 0.007         0.006 / 0.007         0.006 / 0.007       ms
[10.953s][info][gc,stats    ]       Phase: Pause Relocate Start                          0.006 / 0.009         0.006 / 0.009         0.006 / 0.009         0.006 / 0.009       ms
[10.954s][info][gc,stats    ]    Subphase: Concurrent Classes Purge                      0.102 / 0.131         0.102 / 0.131         0.102 / 0.131         0.102 / 0.131       ms
[10.954s][info][gc,stats    ]    Subphase: Concurrent Classes Unlink                     0.249 / 0.310         0.249 / 0.310         0.249 / 0.310         0.249 / 0.310       ms
[10.954s][info][gc,stats    ]    Subphase: Concurrent Mark                              21.823 / 27.105       21.823 / 27.105       21.823 / 27.105       21.823 / 27.105      ms
[10.954s][info][gc,stats    ]    Subphase: Concurrent Mark Try Flush                     0.507 / 6.476         0.507 / 6.476         0.507 / 6.476         0.507 / 6.476       ms
[10.954s][info][gc,stats    ]    Subphase: Concurrent Mark Try Terminate                 1.152 / 2.046         1.152 / 2.046         1.152 / 2.046         1.152 / 2.046       ms
[10.954s][info][gc,stats    ]    Subphase: Concurrent References Enqueue                 0.000 / 0.004         0.000 / 0.004         0.000 / 0.004         0.000 / 0.004       ms
[10.954s][info][gc,stats    ]    Subphase: Concurrent References Process                 0.101 / 0.130         0.101 / 0.130         0.101 / 0.130         0.101 / 0.130       ms
[10.954s][info][gc,stats    ]    Subphase: Concurrent Roots ClassLoaderDataGraph         0.045 / 0.166         0.045 / 0.166         0.045 / 0.166         0.045 / 0.166       ms
[10.954s][info][gc,stats    ]    Subphase: Concurrent Roots CodeCache                    0.000 / 0.000         0.000 / 0.000         0.000 / 0.000         0.000 / 0.000       ms
[10.954s][info][gc,stats    ]    Subphase: Concurrent Roots JavaThreads                  0.197 / 0.705         0.197 / 0.705         0.197 / 0.705         0.197 / 0.705       ms
[10.954s][info][gc,stats    ]    Subphase: Concurrent Roots OopStorageSet                0.009 / 0.049         0.009 / 0.049         0.009 / 0.049         0.009 / 0.049       ms
[10.954s][info][gc,stats    ]    Subphase: Concurrent Weak Roots OopStorageSet           0.109 / 0.239         0.109 / 0.239         0.109 / 0.239         0.109 / 0.239       ms
[10.954s][info][gc,stats    ]    Subphase: Pause Mark Try Complete                       0.000 / 0.000         0.000 / 0.000         0.000 / 0.000         0.000 / 0.000       ms
[10.954s][info][gc,stats    ]      System: Java Threads                                     12 / 14               12 / 14               12 / 14               12 / 14          threads
[10.954s][info][gc,stats    ] =========================================================================================================================================================
[10.979s][info][gc,phases   ] GC(34) Concurrent Mark 26.014ms
[10.979s][info][gc,phases   ] GC(34) Pause Mark End 0.010ms
[10.979s][info][gc,phases   ] GC(34) Concurrent Mark Free 0.001ms
[10.980s][info][gc,phases   ] GC(34) Concurrent Process Non-Strong References 0.847ms
[10.980s][info][gc,phases   ] GC(34) Concurrent Reset Relocation Set 0.001ms
[10.982s][info][gc,phases   ] GC(34) Concurrent Select Relocation Set 2.281ms
[10.982s][info][gc,phases   ] GC(34) Pause Relocate Start 0.005ms
[10.984s][info][gc,phases   ] GC(34) Concurrent Relocate 0.967ms
[10.984s][info][gc,load     ] GC(34) Load: 0.00/0.00/0.00
[10.984s][info][gc,mmu      ] GC(34) MMU: 2ms/99.1%, 5ms/99.5%, 10ms/99.8%, 20ms/99.9%, 50ms/99.9%, 100ms/100.0%
[10.984s][info][gc,marking  ] GC(34) Mark: 2 stripe(s), 2 proactive flush(es), 1 terminate flush(es), 0 completion(s), 0 continuation(s) 
[10.984s][info][gc,marking  ] GC(34) Mark Stack Usage: 32M
[10.984s][info][gc,nmethod  ] GC(34) NMethods: 470 registered, 0 unregistered
[10.984s][info][gc,metaspace] GC(34) Metaspace: 1M used, 1M committed, 1088M reserved
[10.984s][info][gc,ref      ] GC(34) Soft: 181 encountered, 0 discovered, 0 enqueued
[10.984s][info][gc,ref      ] GC(34) Weak: 263 encountered, 9 discovered, 0 enqueued
[10.984s][info][gc,ref      ] GC(34) Final: 0 encountered, 0 discovered, 0 enqueued
[10.984s][info][gc,ref      ] GC(34) Phantom: 7 encountered, 3 discovered, 0 enqueued
[10.984s][info][gc,reloc    ] GC(34) Small Pages: 2337 / 4674M, Empty: 0M, Relocated: 1M, In-Place: 0
[10.984s][info][gc,reloc    ] GC(34) Medium Pages: 1 / 32M, Empty: 0M, Relocated: 0M, In-Place: 0
[10.984s][info][gc,reloc    ] GC(34) Large Pages: 0 / 0M, Empty: 0M, Relocated: 0M, In-Place: 0
[10.984s][info][gc,reloc    ] GC(34) Forwarding Usage: 0M
[10.984s][info][gc,heap     ] GC(34) Min Capacity: 16384M(100%)
[10.984s][info][gc,heap     ] GC(34) Max Capacity: 16384M(100%)
[10.984s][info][gc,heap     ] GC(34) Soft Max Capacity: 16384M(100%)
[10.984s][info][gc,heap     ] GC(34)                Mark Start          Mark End        Relocate Start      Relocate End           High               Low         
[10.984s][info][gc,heap     ] GC(34)  Capacity:    16384M (100%)      16384M (100%)      16384M (100%)      16384M (100%)      16384M (100%)      16384M (100%)   
[10.984s][info][gc,heap     ] GC(34)      Free:    11678M (71%)       11674M (71%)       11674M (71%)       11674M (71%)       11678M (71%)       11668M (71%)    
[10.984s][info][gc,heap     ] GC(34)      Used:     4706M (29%)        4710M (29%)        4710M (29%)        4710M (29%)        4716M (29%)        4706M (29%)    
[10.984s][info][gc,heap     ] GC(34)      Live:         -              4268M (26%)        4268M (26%)        4268M (26%)            -                  -          
[10.984s][info][gc,heap     ] GC(34) Allocated:         -                 4M (0%)            4M (0%)            4M (0%)             -                  -          
[10.984s][info][gc,heap     ] GC(34)   Garbage:         -               437M (3%)          437M (3%)          437M (3%)             -                  -          
[10.984s][info][gc,heap     ] GC(34) Reclaimed:         -                  -                 0M (0%)            0M (0%)             -                  -          
[10.984s][info][gc          ] GC(34) Garbage Collection (Timer) 4706M(29%)->4710M(29%)
[11.253s][info][gc,start    ] GC(35) Garbage Collection (Timer)
[11.253s][info][gc,task     ] GC(35) Using 3 workers
[11.253s][info][gc,phases   ] GC(35) Pause Mark Start 0.006ms
[11.280s][info][gc,phases   ] GC(35) Concurrent Mark 26.623ms
[11.280s][info][gc,phases   ] GC(35) Pause Mark End 0.009ms
[11.280s][info][gc,phases   ] GC(35) Concurrent Mark Free 0.001ms
[11.281s][info][gc,phases   ] GC(35) Concurrent Process Non-Strong References 0.729ms
[11.281s][info][gc,phases   ] GC(35) Concurrent Reset Relocation Set 0.001ms
[11.283s][info][gc,phases   ] GC(35) Concurrent Select Relocation Set 2.217ms
[11.283s][info][gc,phases   ] GC(35) Pause Relocate Start 0.005ms
[11.284s][info][gc,phases   ] GC(35) Concurrent Relocate 0.584ms
[11.284s][info][gc,load     ] GC(35) Load: 0.00/0.00/0.00
[11.284s][info][gc,mmu      ] GC(35) MMU: 2ms/99.1%, 5ms/99.5%, 10ms/99.8%, 20ms/99.9%, 50ms/99.9%, 100ms/100.0%
[11.284s][info][gc,marking  ] GC(35) Mark: 2 stripe(s), 3 proactive flush(es), 1 terminate flush(es), 0 completion(s), 0 continuation(s) 
[11.284s][info][gc,marking  ] GC(35) Mark Stack Usage: 32M
[11.284s][info][gc,nmethod  ] GC(35) NMethods: 470 registered, 0 unregistered
[11.284s][info][gc,metaspace] GC(35) Metaspace: 1M used, 1M committed, 1088M reserved
[11.284s][info][gc,ref      ] GC(35) Soft: 181 encountered, 0 discovered, 0 enqueued
[11.284s][info][gc,ref      ] GC(35) Weak: 263 encountered, 5 discovered, 0 enqueued
[11.284s][info][gc,ref      ] GC(35) Final: 0 encountered, 0 discovered, 0 enqueued
[11.284s][info][gc,ref      ] GC(35) Phantom: 7 encountered, 3 discovered, 0 enqueued
[11.284s][info][gc,reloc    ] GC(35) Small Pages: 2362 / 4724M, Empty: 0M, Relocated: 1M, In-Place: 0
[11.284s][info][gc,reloc    ] GC(35) Medium Pages: 1 / 32M, Empty: 0M, Relocated: 0M, In-Place: 0
[11.284s][info][gc,reloc    ] GC(35) Large Pages: 0 / 0M, Empty: 0M, Relocated: 0M, In-Place: 0
[11.284s][info][gc,reloc    ] GC(35) Forwarding Usage: 0M
[11.284s][info][gc,heap     ] GC(35) Min Capacity: 16384M(100%)
[11.284s][info][gc,heap     ] GC(35) Max Capacity: 16384M(100%)
[11.284s][info][gc,heap     ] GC(35) Soft Max Capacity: 16384M(100%)
[11.284s][info][gc,heap     ] GC(35)                Mark Start          Mark End        Relocate Start      Relocate End           High               Low         
[11.284s][info][gc,heap     ] GC(35)  Capacity:    16384M (100%)      16384M (100%)      16384M (100%)      16384M (100%)      16384M (100%)      16384M (100%)   
[11.284s][info][gc,heap     ] GC(35)      Free:    11628M (71%)       11626M (71%)       11624M (71%)       11624M (71%)       11628M (71%)       11618M (71%)    
[11.284s][info][gc,heap     ] GC(35)      Used:     4756M (29%)        4758M (29%)        4760M (29%)        4760M (29%)        4766M (29%)        4756M (29%)    
[11.284s][info][gc,heap     ] GC(35)      Live:         -              4312M (26%)        4312M (26%)        4312M (26%)            -                  -          
[11.284s][info][gc,heap     ] GC(35) Allocated:         -                 2M (0%)            4M (0%)            4M (0%)             -                  -          
[11.284s][info][gc,heap     ] GC(35)   Garbage:         -               443M (3%)          443M (3%)          443M (3%)             -                  -          
[11.284s][info][gc,heap     ] GC(35) Reclaimed:         -                  -                 0M (0%)            0M (0%)             -                  -          
[11.285s][info][gc          ] GC(35) Garbage Collection (Timer) 4756M(29%)->4760M(29%)
[11.552s][info][gc,start    ] GC(36) Garbage Collection (Timer)
[11.552s][info][gc,task     ] GC(36) Using 3 workers
[11.552s][info][gc,phases   ] GC(36) Pause Mark Start 0.006ms
[11.580s][info][gc,phases   ] GC(36) Concurrent Mark 27.681ms
[11.580s][info][gc,phases   ] GC(36) Pause Mark End 0.009ms
[11.580s][info][gc,phases   ] GC(36) Concurrent Mark Free 0.001ms
[11.581s][info][gc,phases   ] GC(36) Concurrent Process Non-Strong References 0.841ms
[11.581s][info][gc,phases   ] GC(36) Concurrent Reset Relocation Set 0.001ms
[11.583s][info][gc,phases   ] GC(36) Concurrent Select Relocation Set 2.335ms
[11.584s][info][gc,phases   ] GC(36) Pause Relocate Start 0.004ms
[11.584s][info][gc,phases   ] GC(36) Concurrent Relocate 0.586ms
[11.584s][info][gc,load     ] GC(36) Load: 0.00/0.00/0.00
[11.584s][info][gc,mmu      ] GC(36) MMU: 2ms/99.1%, 5ms/99.5%, 10ms/99.8%, 20ms/99.9%, 50ms/99.9%, 100ms/100.0%
[11.584s][info][gc,marking  ] GC(36) Mark: 2 stripe(s), 2 proactive flush(es), 1 terminate flush(es), 0 completion(s), 0 continuation(s) 
[11.584s][info][gc,marking  ] GC(36) Mark Stack Usage: 32M
[11.584s][info][gc,nmethod  ] GC(36) NMethods: 470 registered, 0 unregistered
[11.584s][info][gc,metaspace] GC(36) Metaspace: 1M used, 1M committed, 1088M reserved
[11.584s][info][gc,ref      ] GC(36) Soft: 181 encountered, 0 discovered, 0 enqueued
[11.584s][info][gc,ref      ] GC(36) Weak: 263 encountered, 168 discovered, 0 enqueued
[11.584s][info][gc,ref      ] GC(36) Final: 0 encountered, 0 discovered, 0 enqueued
[11.585s][info][gc,ref      ] GC(36) Phantom: 7 encountered, 3 discovered, 0 enqueued
[11.585s][info][gc,reloc    ] GC(36) Small Pages: 2381 / 4762M, Empty: 0M, Relocated: 1M, In-Place: 0
[11.585s][info][gc,reloc    ] GC(36) Medium Pages: 1 / 32M, Empty: 0M, Relocated: 0M, In-Place: 0
[11.585s][info][gc,reloc    ] GC(36) Large Pages: 0 / 0M, Empty: 0M, Relocated: 0M, In-Place: 0
[11.585s][info][gc,reloc    ] GC(36) Forwarding Usage: 0M
[11.585s][info][gc,heap     ] GC(36) Min Capacity: 16384M(100%)
[11.585s][info][gc,heap     ] GC(36) Max Capacity: 16384M(100%)
[11.585s][info][gc,heap     ] GC(36) Soft Max Capacity: 16384M(100%)
[11.585s][info][gc,heap     ] GC(36)                Mark Start          Mark End        Relocate Start      Relocate End           High               Low         
[11.585s][info][gc,heap     ] GC(36)  Capacity:    16384M (100%)      16384M (100%)      16384M (100%)      16384M (100%)      16384M (100%)      16384M (100%)   
[11.585s][info][gc,heap     ] GC(36)      Free:    11590M (71%)       11586M (71%)       11586M (71%)       11586M (71%)       11590M (71%)       11580M (71%)    
[11.585s][info][gc,heap     ] GC(36)      Used:     4794M (29%)        4798M (29%)        4798M (29%)        4798M (29%)        4804M (29%)        4794M (29%)    
[11.585s][info][gc,heap     ] GC(36)      Live:         -              4346M (27%)        4346M (27%)        4346M (27%)            -                  -          
[11.585s][info][gc,heap     ] GC(36) Allocated:         -                 4M (0%)            4M (0%)            4M (0%)             -                  -          
[11.585s][info][gc,heap     ] GC(36)   Garbage:         -               447M (3%)          447M (3%)          447M (3%)             -                  -          
[11.585s][info][gc,heap     ] GC(36) Reclaimed:         -                  -                 0M (0%)            0M (0%)             -                  -          
[11.585s][info][gc          ] GC(36) Garbage Collection (Timer) 4794M(29%)->4798M(29%)
[11.852s][info][gc,start    ] GC(37) Garbage Collection (Timer)
[11.852s][info][gc,task     ] GC(37) Using 3 workers
[11.852s][info][gc,phases   ] GC(37) Pause Mark Start 0.005ms
[11.880s][info][gc,phases   ] GC(37) Concurrent Mark 27.662ms
[11.880s][info][gc,phases   ] GC(37) Pause Mark End 0.010ms
[11.880s][info][gc,phases   ] GC(37) Concurrent Mark Free 0.001ms
[11.881s][info][gc,phases   ] GC(37) Concurrent Process Non-Strong References 0.732ms
[11.881s][info][gc,phases   ] GC(37) Concurrent Reset Relocation Set 0.001ms
[11.883s][info][gc,phases   ] GC(37) Concurrent Select Relocation Set 2.271ms
[11.884s][info][gc,phases   ] GC(37) Pause Relocate Start 0.005ms
[11.884s][info][gc,phases   ] GC(37) Concurrent Relocate 0.652ms
[11.884s][info][gc,load     ] GC(37) Load: 0.00/0.00/0.00
[11.884s][info][gc,mmu      ] GC(37) MMU: 2ms/99.1%, 5ms/99.5%, 10ms/99.8%, 20ms/99.9%, 50ms/99.9%, 100ms/100.0%
[11.884s][info][gc,marking  ] GC(37) Mark: 2 stripe(s), 2 proactive flush(es), 1 terminate flush(es), 0 completion(s), 0 continuation(s) 
[11.884s][info][gc,marking  ] GC(37) Mark Stack Usage: 32M
[11.884s][info][gc,nmethod  ] GC(37) NMethods: 470 registered, 0 unregistered
[11.885s][info][gc,metaspace] GC(37) Metaspace: 1M used, 1M committed, 1088M reserved
[11.885s][info][gc,ref      ] GC(37) Soft: 181 encountered, 0 discovered, 0 enqueued
[11.885s][info][gc,ref      ] GC(37) Weak: 263 encountered, 164 discovered, 0 enqueued
[11.885s][info][gc,ref      ] GC(37) Final: 0 encountered, 0 discovered, 0 enqueued
[11.885s][info][gc,ref      ] GC(37) Phantom: 7 encountered, 3 discovered, 0 enqueued
[11.885s][info][gc,reloc    ] GC(37) Small Pages: 2395 / 4790M, Empty: 0M, Relocated: 1M, In-Place: 0
[11.885s][info][gc,reloc    ] GC(37) Medium Pages: 1 / 32M, Empty: 0M, Relocated: 0M, In-Place: 0
[11.885s][info][gc,reloc    ] GC(37) Large Pages: 0 / 0M, Empty: 0M, Relocated: 0M, In-Place: 0
[11.885s][info][gc,reloc    ] GC(37) Forwarding Usage: 0M
[11.885s][info][gc,heap     ] GC(37) Min Capacity: 16384M(100%)
[11.885s][info][gc,heap     ] GC(37) Max Capacity: 16384M(100%)
[11.885s][info][gc,heap     ] GC(37) Soft Max Capacity: 16384M(100%)
[11.885s][info][gc,heap     ] GC(37)                Mark Start          Mark End        Relocate Start      Relocate End           High               Low         
[11.885s][info][gc,heap     ] GC(37)  Capacity:    16384M (100%)      16384M (100%)      16384M (100%)      16384M (100%)      16384M (100%)      16384M (100%)   
[11.885s][info][gc,heap     ] GC(37)      Free:    11562M (71%)       11558M (71%)       11558M (71%)       11558M (71%)       11562M (71%)       11552M (71%)    
[11.885s][info][gc,heap     ] GC(37)      Used:     4822M (29%)        4826M (29%)        4826M (29%)        4826M (29%)        4832M (29%)        4822M (29%)    
[11.885s][info][gc,heap     ] GC(37)      Live:         -              4372M (27%)        4372M (27%)        4372M (27%)            -                  -          
[11.885s][info][gc,heap     ] GC(37) Allocated:         -                 4M (0%)            4M (0%)            4M (0%)             -                  -          
[11.885s][info][gc,heap     ] GC(37)   Garbage:         -               449M (3%)          449M (3%)          449M (3%)             -                  -          
[11.885s][info][gc,heap     ] GC(37) Reclaimed:         -                  -                 0M (0%)            0M (0%)             -                  -          
[11.885s][info][gc          ] GC(37) Garbage Collection (Timer) 4822M(29%)->4826M(29%)
[12.152s][info][gc,start    ] GC(38) Garbage Collection (Timer)
[12.152s][info][gc,task     ] GC(38) Using 3 workers
[12.152s][info][gc,phases   ] GC(38) Pause Mark Start 0.005ms
[12.181s][info][gc,phases   ] GC(38) Concurrent Mark 28.499ms
[12.181s][info][gc,phases   ] GC(38) Pause Mark End 0.009ms
[12.181s][info][gc,phases   ] GC(38) Concurrent Mark Free 0.001ms
[12.182s][info][gc,phases   ] GC(38) Concurrent Process Non-Strong References 0.822ms
[12.182s][info][gc,phases   ] GC(38) Concurrent Reset Relocation Set 0.001ms
[12.184s][info][gc,phases   ] GC(38) Concurrent Select Relocation Set 2.311ms
[12.185s][info][gc,phases   ] GC(38) Pause Relocate Start 0.004ms
[12.185s][info][gc,phases   ] GC(38) Concurrent Relocate 0.625ms
[12.185s][info][gc,load     ] GC(38) Load: 0.00/0.00/0.00
[12.185s][info][gc,mmu      ] GC(38) MMU: 2ms/99.1%, 5ms/99.5%, 10ms/99.8%, 20ms/99.9%, 50ms/99.9%, 100ms/100.0%
[12.185s][info][gc,marking  ] GC(38) Mark: 2 stripe(s), 2 proactive flush(es), 1 terminate flush(es), 0 completion(s), 0 continuation(s) 
[12.185s][info][gc,marking  ] GC(38) Mark Stack Usage: 32M
[12.185s][info][gc,nmethod  ] GC(38) NMethods: 477 registered, 0 unregistered
[12.186s][info][gc,metaspace] GC(38) Metaspace: 1M used, 1M committed, 1088M reserved
[12.186s][info][gc,ref      ] GC(38) Soft: 181 encountered, 0 discovered, 0 enqueued
[12.186s][info][gc,ref      ] GC(38) Weak: 263 encountered, 181 discovered, 0 enqueued
[12.186s][info][gc,ref      ] GC(38) Final: 0 encountered, 0 discovered, 0 enqueued
[12.186s][info][gc,ref      ] GC(38) Phantom: 7 encountered, 4 discovered, 0 enqueued
[12.186s][info][gc,reloc    ] GC(38) Small Pages: 2412 / 4824M, Empty: 0M, Relocated: 1M, In-Place: 0
[12.186s][info][gc,reloc    ] GC(38) Medium Pages: 2 / 64M, Empty: 32M, Relocated: 0M, In-Place: 0
[12.186s][info][gc,reloc    ] GC(38) Large Pages: 0 / 0M, Empty: 0M, Relocated: 0M, In-Place: 0
[12.186s][info][gc,reloc    ] GC(38) Forwarding Usage: 0M
[12.186s][info][gc,heap     ] GC(38) Min Capacity: 16384M(100%)
[12.186s][info][gc,heap     ] GC(38) Max Capacity: 16384M(100%)
[12.186s][info][gc,heap     ] GC(38) Soft Max Capacity: 16384M(100%)
[12.186s][info][gc,heap     ] GC(38)                Mark Start          Mark End        Relocate Start      Relocate End           High               Low         
[12.186s][info][gc,heap     ] GC(38)  Capacity:    16384M (100%)      16384M (100%)      16384M (100%)      16384M (100%)      16384M (100%)      16384M (100%)   
[12.186s][info][gc,heap     ] GC(38)      Free:    11496M (70%)       11492M (70%)       11524M (70%)       11526M (70%)       11526M (70%)       11492M (70%)    
[12.186s][info][gc,heap     ] GC(38)      Used:     4888M (30%)        4892M (30%)        4860M (30%)        4858M (30%)        4892M (30%)        4858M (30%)    
[12.186s][info][gc,heap     ] GC(38)      Live:         -              4401M (27%)        4401M (27%)        4401M (27%)            -                  -          
[12.186s][info][gc,heap     ] GC(38) Allocated:         -                 4M (0%)            4M (0%)            4M (0%)             -                  -          
[12.186s][info][gc,heap     ] GC(38)   Garbage:         -               486M (3%)          454M (3%)          452M (3%)             -                  -          
[12.186s][info][gc,heap     ] GC(38) Reclaimed:         -                  -                32M (0%)           34M (0%)             -                  -          
[12.186s][info][gc          ] GC(38) Garbage Collection (Timer) 4888M(30%)->4858M(30%)
[12.452s][info][gc,start    ] GC(39) Garbage Collection (Timer)
[12.452s][info][gc,task     ] GC(39) Using 3 workers
[12.452s][info][gc,phases   ] GC(39) Pause Mark Start 0.006ms
[12.480s][info][gc,phases   ] GC(39) Concurrent Mark 27.544ms
[12.480s][info][gc,phases   ] GC(39) Pause Mark End 0.009ms
[12.480s][info][gc,phases   ] GC(39) Concurrent Mark Free 0.001ms
[12.481s][info][gc,phases   ] GC(39) Concurrent Process Non-Strong References 0.868ms
[12.481s][info][gc,phases   ] GC(39) Concurrent Reset Relocation Set 0.001ms
[12.484s][info][gc,phases   ] GC(39) Concurrent Select Relocation Set 2.299ms
[12.484s][info][gc,phases   ] GC(39) Pause Relocate Start 0.005ms
[12.485s][info][gc,phases   ] GC(39) Concurrent Relocate 0.708ms
[12.485s][info][gc,load     ] GC(39) Load: 0.00/0.00/0.00
[12.485s][info][gc,mmu      ] GC(39) MMU: 2ms/99.1%, 5ms/99.5%, 10ms/99.8%, 20ms/99.9%, 50ms/99.9%, 100ms/100.0%
[12.485s][info][gc,marking  ] GC(39) Mark: 2 stripe(s), 3 proactive flush(es), 1 terminate flush(es), 0 completion(s), 0 continuation(s) 
[12.485s][info][gc,marking  ] GC(39) Mark Stack Usage: 32M
[12.485s][info][gc,nmethod  ] GC(39) NMethods: 477 registered, 0 unregistered
[12.485s][info][gc,metaspace] GC(39) Metaspace: 1M used, 1M committed, 1088M reserved
[12.485s][info][gc,ref      ] GC(39) Soft: 181 encountered, 0 discovered, 0 enqueued
[12.485s][info][gc,ref      ] GC(39) Weak: 263 encountered, 165 discovered, 0 enqueued
[12.485s][info][gc,ref      ] GC(39) Final: 0 encountered, 0 discovered, 0 enqueued
[12.485s][info][gc,ref      ] GC(39) Phantom: 7 encountered, 3 discovered, 0 enqueued
[12.485s][info][gc,reloc    ] GC(39) Small Pages: 2428 / 4856M, Empty: 0M, Relocated: 1M, In-Place: 0
[12.485s][info][gc,reloc    ] GC(39) Medium Pages: 1 / 32M, Empty: 0M, Relocated: 0M, In-Place: 0
[12.485s][info][gc,reloc    ] GC(39) Large Pages: 0 / 0M, Empty: 0M, Relocated: 0M, In-Place: 0
[12.485s][info][gc,reloc    ] GC(39) Forwarding Usage: 0M
[12.485s][info][gc,heap     ] GC(39) Min Capacity: 16384M(100%)
[12.485s][info][gc,heap     ] GC(39) Max Capacity: 16384M(100%)
[12.485s][info][gc,heap     ] GC(39) Soft Max Capacity: 16384M(100%)
[12.485s][info][gc,heap     ] GC(39)                Mark Start          Mark End        Relocate Start      Relocate End           High               Low         
[12.485s][info][gc,heap     ] GC(39)  Capacity:    16384M (100%)      16384M (100%)      16384M (100%)      16384M (100%)      16384M (100%)      16384M (100%)   
[12.485s][info][gc,heap     ] GC(39)      Free:    11496M (70%)       11492M (70%)       11492M (70%)       11494M (70%)       11496M (70%)       11486M (70%)    
[12.485s][info][gc,heap     ] GC(39)      Used:     4888M (30%)        4892M (30%)        4892M (30%)        4890M (30%)        4898M (30%)        4888M (30%)    
[12.485s][info][gc,heap     ] GC(39)      Live:         -              4431M (27%)        4431M (27%)        4431M (27%)            -                  -          
[12.485s][info][gc,heap     ] GC(39) Allocated:         -                 4M (0%)            4M (0%)            4M (0%)             -                  -          
[12.485s][info][gc,heap     ] GC(39)   Garbage:         -               456M (3%)          456M (3%)          454M (3%)             -                  -          
[12.485s][info][gc,heap     ] GC(39) Reclaimed:         -                  -                 0M (0%)            2M (0%)             -                  -          
[12.485s][info][gc          ] GC(39) Garbage Collection (Timer) 4888M(30%)->4890M(30%)
[12.752s][info][gc,start    ] GC(40) Garbage Collection (Timer)
[12.752s][info][gc,task     ] GC(40) Using 3 workers
[12.753s][info][gc,phases   ] GC(40) Pause Mark Start 0.006ms
[12.780s][info][gc,phases   ] GC(40) Concurrent Mark 27.588ms
[12.781s][info][gc,phases   ] GC(40) Pause Mark End 0.009ms
[12.781s][info][gc,phases   ] GC(40) Concurrent Mark Free 0.001ms
[12.781s][info][gc,phases   ] GC(40) Concurrent Process Non-Strong References 0.735ms
[12.781s][info][gc,phases   ] GC(40) Concurrent Reset Relocation Set 0.001ms
[12.784s][info][gc,phases   ] GC(40) Concurrent Select Relocation Set 2.275ms
[12.784s][info][gc,phases   ] GC(40) Pause Relocate Start 0.006ms
[12.785s][info][gc,phases   ] GC(40) Concurrent Relocate 0.791ms
[12.785s][info][gc,load     ] GC(40) Load: 0.00/0.00/0.00
[12.785s][info][gc,mmu      ] GC(40) MMU: 2ms/99.1%, 5ms/99.5%, 10ms/99.8%, 20ms/99.9%, 50ms/99.9%, 100ms/100.0%
[12.785s][info][gc,marking  ] GC(40) Mark: 2 stripe(s), 3 proactive flush(es), 1 terminate flush(es), 0 completion(s), 0 continuation(s) 
[12.785s][info][gc,marking  ] GC(40) Mark Stack Usage: 32M
[12.785s][info][gc,nmethod  ] GC(40) NMethods: 477 registered, 0 unregistered
[12.785s][info][gc,metaspace] GC(40) Metaspace: 1M used, 1M committed, 1088M reserved
[12.785s][info][gc,ref      ] GC(40) Soft: 181 encountered, 0 discovered, 0 enqueued
[12.785s][info][gc,ref      ] GC(40) Weak: 263 encountered, 164 discovered, 0 enqueued
[12.785s][info][gc,ref      ] GC(40) Final: 0 encountered, 0 discovered, 0 enqueued
[12.785s][info][gc,ref      ] GC(40) Phantom: 7 encountered, 3 discovered, 0 enqueued
[12.785s][info][gc,reloc    ] GC(40) Small Pages: 2440 / 4880M, Empty: 0M, Relocated: 1M, In-Place: 0
[12.785s][info][gc,reloc    ] GC(40) Medium Pages: 1 / 32M, Empty: 0M, Relocated: 0M, In-Place: 0
[12.785s][info][gc,reloc    ] GC(40) Large Pages: 0 / 0M, Empty: 0M, Relocated: 0M, In-Place: 0
[12.785s][info][gc,reloc    ] GC(40) Forwarding Usage: 0M
[12.785s][info][gc,heap     ] GC(40) Min Capacity: 16384M(100%)
[12.785s][info][gc,heap     ] GC(40) Max Capacity: 16384M(100%)
[12.785s][info][gc,heap     ] GC(40) Soft Max Capacity: 16384M(100%)
[12.785s][info][gc,heap     ] GC(40)                Mark Start          Mark End        Relocate Start      Relocate End           High               Low         
[12.785s][info][gc,heap     ] GC(40)  Capacity:    16384M (100%)      16384M (100%)      16384M (100%)      16384M (100%)      16384M (100%)      16384M (100%)   
[12.785s][info][gc,heap     ] GC(40)      Free:    11472M (70%)       11468M (70%)       11468M (70%)       11468M (70%)       11472M (70%)       11462M (70%)    
[12.785s][info][gc,heap     ] GC(40)      Used:     4912M (30%)        4916M (30%)        4916M (30%)        4916M (30%)        4922M (30%)        4912M (30%)    
[12.785s][info][gc,heap     ] GC(40)      Live:         -              4454M (27%)        4454M (27%)        4454M (27%)            -                  -          
[12.785s][info][gc,heap     ] GC(40) Allocated:         -                 4M (0%)            4M (0%)            4M (0%)             -                  -          
[12.785s][info][gc,heap     ] GC(40)   Garbage:         -               457M (3%)          457M (3%)          457M (3%)             -                  -          
[12.785s][info][gc,heap     ] GC(40) Reclaimed:         -                  -                 0M (0%)            0M (0%)             -                  -          
[12.785s][info][gc          ] GC(40) Garbage Collection (Timer) 4912M(30%)->4916M(30%)
[12.852s][info][gc,start    ] GC(41) Garbage Collection (Warmup)
[12.852s][info][gc,task     ] GC(41) Using 3 workers
[12.852s][info][gc,phases   ] GC(41) Pause Mark Start 0.006ms
[12.879s][info][gc,phases   ] GC(41) Concurrent Mark 26.540ms
[12.879s][info][gc,phases   ] GC(41) Pause Mark End 0.009ms
[12.879s][info][gc,phases   ] GC(41) Concurrent Mark Free 0.001ms
[12.880s][info][gc,phases   ] GC(41) Concurrent Process Non-Strong References 0.891ms
[12.880s][info][gc,phases   ] GC(41) Concurrent Reset Relocation Set 0.001ms
[12.883s][info][gc,phases   ] GC(41) Concurrent Select Relocation Set 2.756ms
[12.883s][info][gc,phases   ] GC(41) Pause Relocate Start 0.006ms
[12.885s][info][gc,phases   ] GC(41) Concurrent Relocate 1.414ms
[12.885s][info][gc,load     ] GC(41) Load: 0.00/0.00/0.00
[12.885s][info][gc,mmu      ] GC(41) MMU: 2ms/99.1%, 5ms/99.5%, 10ms/99.8%, 20ms/99.9%, 50ms/99.9%, 100ms/100.0%
[12.885s][info][gc,marking  ] GC(41) Mark: 2 stripe(s), 2 proactive flush(es), 1 terminate flush(es), 0 completion(s), 0 continuation(s) 
[12.885s][info][gc,marking  ] GC(41) Mark Stack Usage: 32M
[12.885s][info][gc,nmethod  ] GC(41) NMethods: 477 registered, 0 unregistered
[12.885s][info][gc,metaspace] GC(41) Metaspace: 1M used, 1M committed, 1088M reserved
[12.885s][info][gc,ref      ] GC(41) Soft: 181 encountered, 0 discovered, 0 enqueued
[12.885s][info][gc,ref      ] GC(41) Weak: 263 encountered, 164 discovered, 0 enqueued
[12.885s][info][gc,ref      ] GC(41) Final: 0 encountered, 0 discovered, 0 enqueued
[12.885s][info][gc,ref      ] GC(41) Phantom: 7 encountered, 3 discovered, 0 enqueued
[12.885s][info][gc,reloc    ] GC(41) Small Pages: 2445 / 4890M, Empty: 0M, Relocated: 3M, In-Place: 0
[12.885s][info][gc,reloc    ] GC(41) Medium Pages: 1 / 32M, Empty: 0M, Relocated: 0M, In-Place: 0
[12.885s][info][gc,reloc    ] GC(41) Large Pages: 0 / 0M, Empty: 0M, Relocated: 0M, In-Place: 0
[12.885s][info][gc,reloc    ] GC(41) Forwarding Usage: 0M
[12.885s][info][gc,heap     ] GC(41) Min Capacity: 16384M(100%)
[12.885s][info][gc,heap     ] GC(41) Max Capacity: 16384M(100%)
[12.885s][info][gc,heap     ] GC(41) Soft Max Capacity: 16384M(100%)
[12.885s][info][gc,heap     ] GC(41)                Mark Start          Mark End        Relocate Start      Relocate End           High               Low         
[12.885s][info][gc,heap     ] GC(41)  Capacity:    16384M (100%)      16384M (100%)      16384M (100%)      16384M (100%)      16384M (100%)      16384M (100%)   
[12.885s][info][gc,heap     ] GC(41)      Free:    11462M (70%)       11458M (70%)       11458M (70%)       11462M (70%)       11462M (70%)       11452M (70%)    
[12.885s][info][gc,heap     ] GC(41)      Used:     4922M (30%)        4926M (30%)        4926M (30%)        4922M (30%)        4932M (30%)        4922M (30%)    
[12.885s][info][gc,heap     ] GC(41)      Live:         -              4462M (27%)        4462M (27%)        4462M (27%)            -                  -          
[12.885s][info][gc,heap     ] GC(41) Allocated:         -                 4M (0%)            4M (0%)            4M (0%)             -                  -          
[12.885s][info][gc,heap     ] GC(41)   Garbage:         -               459M (3%)          459M (3%)          455M (3%)             -                  -          
[12.885s][info][gc,heap     ] GC(41) Reclaimed:         -                  -                 0M (0%)            4M (0%)             -                  -          
[12.885s][info][gc          ] GC(41) Garbage Collection (Warmup) 4922M(30%)->4922M(30%)
[13.153s][info][gc,start    ] GC(42) Garbage Collection (Timer)
[13.153s][info][gc,task     ] GC(42) Using 3 workers
[13.153s][info][gc,phases   ] GC(42) Pause Mark Start 0.005ms
[13.180s][info][gc,phases   ] GC(42) Concurrent Mark 26.908ms
[13.180s][info][gc,phases   ] GC(42) Pause Mark End 0.009ms
[13.180s][info][gc,phases   ] GC(42) Concurrent Mark Free 0.001ms
[13.181s][info][gc,phases   ] GC(42) Concurrent Process Non-Strong References 0.875ms
[13.181s][info][gc,phases   ] GC(42) Concurrent Reset Relocation Set 0.001ms
[13.183s][info][gc,phases   ] GC(42) Concurrent Select Relocation Set 2.242ms
[13.184s][info][gc,phases   ] GC(42) Pause Relocate Start 0.005ms
[13.185s][info][gc,phases   ] GC(42) Concurrent Relocate 0.983ms
[13.185s][info][gc,load     ] GC(42) Load: 0.00/0.00/0.00
[13.185s][info][gc,mmu      ] GC(42) MMU: 2ms/99.1%, 5ms/99.5%, 10ms/99.8%, 20ms/99.9%, 50ms/99.9%, 100ms/100.0%
[13.185s][info][gc,marking  ] GC(42) Mark: 2 stripe(s), 3 proactive flush(es), 1 terminate flush(es), 0 completion(s), 0 continuation(s) 
[13.185s][info][gc,marking  ] GC(42) Mark Stack Usage: 32M
[13.185s][info][gc,nmethod  ] GC(42) NMethods: 477 registered, 0 unregistered
[13.185s][info][gc,metaspace] GC(42) Metaspace: 1M used, 1M committed, 1088M reserved
[13.185s][info][gc,ref      ] GC(42) Soft: 181 encountered, 0 discovered, 0 enqueued
[13.185s][info][gc,ref      ] GC(42) Weak: 263 encountered, 166 discovered, 0 enqueued
[13.185s][info][gc,ref      ] GC(42) Final: 0 encountered, 0 discovered, 0 enqueued
[13.185s][info][gc,ref      ] GC(42) Phantom: 7 encountered, 4 discovered, 0 enqueued
[13.185s][info][gc,reloc    ] GC(42) Small Pages: 2457 / 4914M, Empty: 0M, Relocated: 1M, In-Place: 0
[13.185s][info][gc,reloc    ] GC(42) Medium Pages: 1 / 32M, Empty: 0M, Relocated: 0M, In-Place: 0
[13.185s][info][gc,reloc    ] GC(42) Large Pages: 0 / 0M, Empty: 0M, Relocated: 0M, In-Place: 0
[13.185s][info][gc,reloc    ] GC(42) Forwarding Usage: 0M
[13.185s][info][gc,heap     ] GC(42) Min Capacity: 16384M(100%)
[13.185s][info][gc,heap     ] GC(42) Max Capacity: 16384M(100%)
[13.185s][info][gc,heap     ] GC(42) Soft Max Capacity: 16384M(100%)
[13.185s][info][gc,heap     ] GC(42)                Mark Start          Mark End        Relocate Start      Relocate End           High               Low         
[13.185s][info][gc,heap     ] GC(42)  Capacity:    16384M (100%)      16384M (100%)      16384M (100%)      16384M (100%)      16384M (100%)      16384M (100%)   
[13.185s][info][gc,heap     ] GC(42)      Free:    11438M (70%)       11436M (70%)       11436M (70%)       11436M (70%)       11438M (70%)       11432M (70%)    
[13.185s][info][gc,heap     ] GC(42)      Used:     4946M (30%)        4948M (30%)        4948M (30%)        4948M (30%)        4952M (30%)        4946M (30%)    
[13.185s][info][gc,heap     ] GC(42)      Live:         -              4487M (27%)        4487M (27%)        4487M (27%)            -                  -          
[13.185s][info][gc,heap     ] GC(42) Allocated:         -                 2M (0%)            2M (0%)            2M (0%)             -                  -          
[13.185s][info][gc,heap     ] GC(42)   Garbage:         -               458M (3%)          458M (3%)          458M (3%)             -                  -          
[13.185s][info][gc,heap     ] GC(42) Reclaimed:         -                  -                 0M (0%)            0M (0%)             -                  -          
[13.185s][info][gc          ] GC(42) Garbage Collection (Timer) 4946M(30%)->4948M(30%)
[13.452s][info][gc,start    ] GC(43) Garbage Collection (Timer)
[13.452s][info][gc,task     ] GC(43) Using 3 workers
[13.452s][info][gc,phases   ] GC(43) Pause Mark Start 0.006ms
[13.480s][info][gc,phases   ] GC(43) Concurrent Mark 27.577ms
[13.480s][info][gc,phases   ] GC(43) Pause Mark End 0.009ms
[13.480s][info][gc,phases   ] GC(43) Concurrent Mark Free 0.001ms
[13.481s][info][gc,phases   ] GC(43) Concurrent Process Non-Strong References 0.877ms
[13.481s][info][gc,phases   ] GC(43) Concurrent Reset Relocation Set 0.001ms
[13.484s][info][gc,phases   ] GC(43) Concurrent Select Relocation Set 2.249ms
[13.484s][info][gc,phases   ] GC(43) Pause Relocate Start 0.005ms
[13.485s][info][gc,phases   ] GC(43) Concurrent Relocate 1.349ms
[13.485s][info][gc,load     ] GC(43) Load: 0.00/0.00/0.00
[13.485s][info][gc,mmu      ] GC(43) MMU: 2ms/99.1%, 5ms/99.5%, 10ms/99.8%, 20ms/99.9%, 50ms/99.9%, 100ms/100.0%
[13.485s][info][gc,marking  ] GC(43) Mark: 2 stripe(s), 2 proactive flush(es), 1 terminate flush(es), 0 completion(s), 0 continuation(s) 
[13.485s][info][gc,marking  ] GC(43) Mark Stack Usage: 32M
[13.485s][info][gc,nmethod  ] GC(43) NMethods: 477 registered, 0 unregistered
[13.485s][info][gc,metaspace] GC(43) Metaspace: 1M used, 1M committed, 1088M reserved
[13.485s][info][gc,ref      ] GC(43) Soft: 181 encountered, 0 discovered, 0 enqueued
[13.485s][info][gc,ref      ] GC(43) Weak: 263 encountered, 167 discovered, 0 enqueued
[13.485s][info][gc,ref      ] GC(43) Final: 0 encountered, 0 discovered, 0 enqueued
[13.486s][info][gc,ref      ] GC(43) Phantom: 7 encountered, 3 discovered, 0 enqueued
[13.486s][info][gc,reloc    ] GC(43) Small Pages: 2470 / 4940M, Empty: 0M, Relocated: 3M, In-Place: 0
[13.486s][info][gc,reloc    ] GC(43) Medium Pages: 1 / 32M, Empty: 0M, Relocated: 0M, In-Place: 0
[13.486s][info][gc,reloc    ] GC(43) Large Pages: 0 / 0M, Empty: 0M, Relocated: 0M, In-Place: 0
[13.486s][info][gc,reloc    ] GC(43) Forwarding Usage: 0M
[13.486s][info][gc,heap     ] GC(43) Min Capacity: 16384M(100%)
[13.486s][info][gc,heap     ] GC(43) Max Capacity: 16384M(100%)
[13.486s][info][gc,heap     ] GC(43) Soft Max Capacity: 16384M(100%)
[13.486s][info][gc,heap     ] GC(43)                Mark Start          Mark End        Relocate Start      Relocate End           High               Low         
[13.486s][info][gc,heap     ] GC(43)  Capacity:    16384M (100%)      16384M (100%)      16384M (100%)      16384M (100%)      16384M (100%)      16384M (100%)   
[13.486s][info][gc,heap     ] GC(43)      Free:    11412M (70%)       11410M (70%)       11410M (70%)       11410M (70%)       11412M (70%)       11402M (70%)    
[13.486s][info][gc,heap     ] GC(43)      Used:     4972M (30%)        4974M (30%)        4974M (30%)        4974M (30%)        4982M (30%)        4972M (30%)    
[13.486s][info][gc,heap     ] GC(43)      Live:         -              4509M (28%)        4509M (28%)        4509M (28%)            -                  -          
[13.486s][info][gc,heap     ] GC(43) Allocated:         -                 2M (0%)            2M (0%)            4M (0%)             -                  -          
[13.486s][info][gc,heap     ] GC(43)   Garbage:         -               462M (3%)          462M (3%)          460M (3%)             -                  -          
[13.486s][info][gc,heap     ] GC(43) Reclaimed:         -                  -                 0M (0%)            2M (0%)             -                  -          
[13.486s][info][gc          ] GC(43) Garbage Collection (Timer) 4972M(30%)->4974M(30%)
[13.752s][info][gc,start    ] GC(44) Garbage Collection (Timer)
[13.752s][info][gc,task     ] GC(44) Using 3 workers
[13.753s][info][gc,phases   ] GC(44) Pause Mark Start 0.005ms
[13.781s][info][gc,phases   ] GC(44) Concurrent Mark 28.549ms
[13.781s][info][gc,phases   ] GC(44) Pause Mark End 0.009ms
[13.781s][info][gc,phases   ] GC(44) Concurrent Mark Free 0.001ms
[13.782s][info][gc,phases   ] GC(44) Concurrent Process Non-Strong References 0.657ms
[13.782s][info][gc,phases   ] GC(44) Concurrent Reset Relocation Set 0.001ms
[13.785s][info][gc,phases   ] GC(44) Concurrent Select Relocation Set 2.281ms
[13.785s][info][gc,phases   ] GC(44) Pause Relocate Start 0.004ms
[13.786s][info][gc,phases   ] GC(44) Concurrent Relocate 1.572ms
[13.786s][info][gc,load     ] GC(44) Load: 0.00/0.00/0.00
[13.786s][info][gc,mmu      ] GC(44) MMU: 2ms/99.1%, 5ms/99.5%, 10ms/99.8%, 20ms/99.9%, 50ms/99.9%, 100ms/100.0%
[13.786s][info][gc,marking  ] GC(44) Mark: 2 stripe(s), 2 proactive flush(es), 1 terminate flush(es), 0 completion(s), 0 continuation(s) 
[13.787s][info][gc,marking  ] GC(44) Mark Stack Usage: 32M
[13.787s][info][gc,nmethod  ] GC(44) NMethods: 477 registered, 0 unregistered
[13.787s][info][gc,metaspace] GC(44) Metaspace: 1M used, 1M committed, 1088M reserved
[13.787s][info][gc,ref      ] GC(44) Soft: 181 encountered, 0 discovered, 0 enqueued
[13.787s][info][gc,ref      ] GC(44) Weak: 263 encountered, 164 discovered, 0 enqueued
[13.787s][info][gc,ref      ] GC(44) Final: 0 encountered, 0 discovered, 0 enqueued
[13.787s][info][gc,ref      ] GC(44) Phantom: 7 encountered, 3 discovered, 0 enqueued
[13.787s][info][gc,reloc    ] GC(44) Small Pages: 2485 / 4970M, Empty: 0M, Relocated: 3M, In-Place: 0
[13.787s][info][gc,reloc    ] GC(44) Medium Pages: 1 / 32M, Empty: 0M, Relocated: 0M, In-Place: 0
[13.787s][info][gc,reloc    ] GC(44) Large Pages: 0 / 0M, Empty: 0M, Relocated: 0M, In-Place: 0
[13.787s][info][gc,reloc    ] GC(44) Forwarding Usage: 0M
[13.787s][info][gc,heap     ] GC(44) Min Capacity: 16384M(100%)
[13.787s][info][gc,heap     ] GC(44) Max Capacity: 16384M(100%)
[13.787s][info][gc,heap     ] GC(44) Soft Max Capacity: 16384M(100%)
[13.787s][info][gc,heap     ] GC(44)                Mark Start          Mark End        Relocate Start      Relocate End           High               Low         
[13.787s][info][gc,heap     ] GC(44)  Capacity:    16384M (100%)      16384M (100%)      16384M (100%)      16384M (100%)      16384M (100%)      16384M (100%)   
[13.787s][info][gc,heap     ] GC(44)      Free:    11382M (69%)       11380M (69%)       11378M (69%)       11380M (69%)       11382M (69%)       11372M (69%)    
[13.787s][info][gc,heap     ] GC(44)      Used:     5002M (31%)        5004M (31%)        5006M (31%)        5004M (31%)        5012M (31%)        5002M (31%)    
[13.787s][info][gc,heap     ] GC(44)      Live:         -              4537M (28%)        4537M (28%)        4537M (28%)            -                  -          
[13.787s][info][gc,heap     ] GC(44) Allocated:         -                 2M (0%)            4M (0%)            4M (0%)             -                  -          
[13.787s][info][gc,heap     ] GC(44)   Garbage:         -               464M (3%)          464M (3%)          462M (3%)             -                  -          
[13.787s][info][gc,heap     ] GC(44) Reclaimed:         -                  -                 0M (0%)            2M (0%)             -                  -          
[13.787s][info][gc          ] GC(44) Garbage Collection (Timer) 5002M(31%)->5004M(31%)
[14.052s][info][gc,start    ] GC(45) Garbage Collection (Timer)
[14.052s][info][gc,task     ] GC(45) Using 3 workers
[14.052s][info][gc,phases   ] GC(45) Pause Mark Start 0.006ms
[14.079s][info][gc,phases   ] GC(45) Concurrent Mark 26.554ms
[14.079s][info][gc,phases   ] GC(45) Pause Mark End 0.009ms
[14.079s][info][gc,phases   ] GC(45) Concurrent Mark Free 0.001ms
[14.080s][info][gc,phases   ] GC(45) Concurrent Process Non-Strong References 0.890ms
[14.080s][info][gc,phases   ] GC(45) Concurrent Reset Relocation Set 0.001ms
[14.083s][info][gc,phases   ] GC(45) Concurrent Select Relocation Set 2.272ms
[14.083s][info][gc,phases   ] GC(45) Pause Relocate Start 0.005ms
[14.084s][info][gc,phases   ] GC(45) Concurrent Relocate 0.963ms
[14.084s][info][gc,load     ] GC(45) Load: 0.00/0.00/0.00
[14.084s][info][gc,mmu      ] GC(45) MMU: 2ms/99.1%, 5ms/99.5%, 10ms/99.8%, 20ms/99.9%, 50ms/99.9%, 100ms/100.0%
[14.084s][info][gc,marking  ] GC(45) Mark: 2 stripe(s), 3 proactive flush(es), 1 terminate flush(es), 0 completion(s), 0 continuation(s) 
[14.084s][info][gc,marking  ] GC(45) Mark Stack Usage: 32M
[14.084s][info][gc,nmethod  ] GC(45) NMethods: 477 registered, 0 unregistered
[14.084s][info][gc,metaspace] GC(45) Metaspace: 1M used, 1M committed, 1088M reserved
[14.084s][info][gc,ref      ] GC(45) Soft: 181 encountered, 0 discovered, 0 enqueued
[14.084s][info][gc,ref      ] GC(45) Weak: 263 encountered, 58 discovered, 0 enqueued
[14.084s][info][gc,ref      ] GC(45) Final: 0 encountered, 0 discovered, 0 enqueued
[14.084s][info][gc,ref      ] GC(45) Phantom: 7 encountered, 3 discovered, 0 enqueued
[14.084s][info][gc,reloc    ] GC(45) Small Pages: 2496 / 4992M, Empty: 0M, Relocated: 1M, In-Place: 0
[14.084s][info][gc,reloc    ] GC(45) Medium Pages: 1 / 32M, Empty: 0M, Relocated: 0M, In-Place: 0
[14.084s][info][gc,reloc    ] GC(45) Large Pages: 0 / 0M, Empty: 0M, Relocated: 0M, In-Place: 0
[14.084s][info][gc,reloc    ] GC(45) Forwarding Usage: 0M
[14.084s][info][gc,heap     ] GC(45) Min Capacity: 16384M(100%)
[14.084s][info][gc,heap     ] GC(45) Max Capacity: 16384M(100%)
[14.084s][info][gc,heap     ] GC(45) Soft Max Capacity: 16384M(100%)
[14.084s][info][gc,heap     ] GC(45)                Mark Start          Mark End        Relocate Start      Relocate End           High               Low         
[14.085s][info][gc,heap     ] GC(45)  Capacity:    16384M (100%)      16384M (100%)      16384M (100%)      16384M (100%)      16384M (100%)      16384M (100%)   
[14.085s][info][gc,heap     ] GC(45)      Free:    11360M (69%)       11354M (69%)       11354M (69%)       11354M (69%)       11360M (69%)       11350M (69%)    
[14.085s][info][gc,heap     ] GC(45)      Used:     5024M (31%)        5030M (31%)        5030M (31%)        5030M (31%)        5034M (31%)        5024M (31%)    
[14.085s][info][gc,heap     ] GC(45)      Live:         -              4559M (28%)        4559M (28%)        4559M (28%)            -                  -          
[14.085s][info][gc,heap     ] GC(45) Allocated:         -                 6M (0%)            6M (0%)            6M (0%)             -                  -          
[14.085s][info][gc,heap     ] GC(45)   Garbage:         -               464M (3%)          464M (3%)          464M (3%)             -                  -          
[14.085s][info][gc,heap     ] GC(45) Reclaimed:         -                  -                 0M (0%)            0M (0%)             -                  -          
[14.085s][info][gc          ] GC(45) Garbage Collection (Timer) 5024M(31%)->5030M(31%)
[14.352s][info][gc,start    ] GC(46) Garbage Collection (Timer)
[14.353s][info][gc,task     ] GC(46) Using 3 workers
[14.353s][info][gc,phases   ] GC(46) Pause Mark Start 0.006ms
[14.380s][info][gc,phases   ] GC(46) Concurrent Mark 27.618ms
[14.381s][info][gc,phases   ] GC(46) Pause Mark End 0.009ms
[14.381s][info][gc,phases   ] GC(46) Concurrent Mark Free 0.001ms
[14.382s][info][gc,phases   ] GC(46) Concurrent Process Non-Strong References 0.887ms
[14.382s][info][gc,phases   ] GC(46) Concurrent Reset Relocation Set 0.001ms
[14.384s][info][gc,phases   ] GC(46) Concurrent Select Relocation Set 2.282ms
[14.384s][info][gc,phases   ] GC(46) Pause Relocate Start 0.005ms
[14.386s][info][gc,phases   ] GC(46) Concurrent Relocate 1.532ms
[14.386s][info][gc,load     ] GC(46) Load: 0.00/0.00/0.00
[14.386s][info][gc,mmu      ] GC(46) MMU: 2ms/99.1%, 5ms/99.5%, 10ms/99.8%, 20ms/99.9%, 50ms/99.9%, 100ms/100.0%
[14.386s][info][gc,marking  ] GC(46) Mark: 2 stripe(s), 2 proactive flush(es), 1 terminate flush(es), 0 completion(s), 0 continuation(s) 
[14.386s][info][gc,marking  ] GC(46) Mark Stack Usage: 32M
[14.386s][info][gc,nmethod  ] GC(46) NMethods: 477 registered, 0 unregistered
[14.386s][info][gc,metaspace] GC(46) Metaspace: 1M used, 1M committed, 1088M reserved
[14.386s][info][gc,ref      ] GC(46) Soft: 181 encountered, 0 discovered, 0 enqueued
[14.386s][info][gc,ref      ] GC(46) Weak: 263 encountered, 165 discovered, 0 enqueued
[14.386s][info][gc,ref      ] GC(46) Final: 0 encountered, 0 discovered, 0 enqueued
[14.386s][info][gc,ref      ] GC(46) Phantom: 7 encountered, 3 discovered, 0 enqueued
[14.386s][info][gc,reloc    ] GC(46) Small Pages: 2510 / 5020M, Empty: 0M, Relocated: 3M, In-Place: 0
[14.386s][info][gc,reloc    ] GC(46) Medium Pages: 1 / 32M, Empty: 0M, Relocated: 0M, In-Place: 0
[14.386s][info][gc,reloc    ] GC(46) Large Pages: 0 / 0M, Empty: 0M, Relocated: 0M, In-Place: 0
[14.386s][info][gc,reloc    ] GC(46) Forwarding Usage: 0M
[14.386s][info][gc,heap     ] GC(46) Min Capacity: 16384M(100%)
[14.386s][info][gc,heap     ] GC(46) Max Capacity: 16384M(100%)
[14.386s][info][gc,heap     ] GC(46) Soft Max Capacity: 16384M(100%)
[14.386s][info][gc,heap     ] GC(46)                Mark Start          Mark End        Relocate Start      Relocate End           High               Low         
[14.386s][info][gc,heap     ] GC(46)  Capacity:    16384M (100%)      16384M (100%)      16384M (100%)      16384M (100%)      16384M (100%)      16384M (100%)   
[14.386s][info][gc,heap     ] GC(46)      Free:    11332M (69%)       11326M (69%)       11326M (69%)       11328M (69%)       11332M (69%)       11320M (69%)    
[14.386s][info][gc,heap     ] GC(46)      Used:     5052M (31%)        5058M (31%)        5058M (31%)        5056M (31%)        5064M (31%)        5052M (31%)    
[14.386s][info][gc,heap     ] GC(46)      Live:         -              4583M (28%)        4583M (28%)        4583M (28%)            -                  -          
[14.386s][info][gc,heap     ] GC(46) Allocated:         -                 6M (0%)            6M (0%)            6M (0%)             -                  -          
[14.386s][info][gc,heap     ] GC(46)   Garbage:         -               468M (3%)          468M (3%)          466M (3%)             -                  -          
[14.386s][info][gc,heap     ] GC(46) Reclaimed:         -                  -                 0M (0%)            2M (0%)             -                  -          
[14.386s][info][gc          ] GC(46) Garbage Collection (Timer) 5052M(31%)->5056M(31%)
[14.653s][info][gc,start    ] GC(47) Garbage Collection (Timer)
[14.653s][info][gc,task     ] GC(47) Using 3 workers
[14.653s][info][gc,phases   ] GC(47) Pause Mark Start 0.006ms
[14.681s][info][gc,phases   ] GC(47) Concurrent Mark 27.660ms
[14.681s][info][gc,phases   ] GC(47) Pause Mark End 0.009ms
[14.681s][info][gc,phases   ] GC(47) Concurrent Mark Free 0.001ms
[14.682s][info][gc,phases   ] GC(47) Concurrent Process Non-Strong References 0.761ms
[14.682s][info][gc,phases   ] GC(47) Concurrent Reset Relocation Set 0.001ms
[14.684s][info][gc,phases   ] GC(47) Concurrent Select Relocation Set 2.287ms
[14.684s][info][gc,phases   ] GC(47) Pause Relocate Start 0.005ms
[14.685s][info][gc,phases   ] GC(47) Concurrent Relocate 1.102ms
[14.685s][info][gc,load     ] GC(47) Load: 0.00/0.00/0.00
[14.685s][info][gc,mmu      ] GC(47) MMU: 2ms/99.1%, 5ms/99.5%, 10ms/99.8%, 20ms/99.9%, 50ms/99.9%, 100ms/100.0%
[14.685s][info][gc,marking  ] GC(47) Mark: 2 stripe(s), 2 proactive flush(es), 1 terminate flush(es), 0 completion(s), 0 continuation(s) 
[14.685s][info][gc,marking  ] GC(47) Mark Stack Usage: 32M
[14.685s][info][gc,nmethod  ] GC(47) NMethods: 477 registered, 0 unregistered
[14.685s][info][gc,metaspace] GC(47) Metaspace: 1M used, 1M committed, 1088M reserved
[14.685s][info][gc,ref      ] GC(47) Soft: 181 encountered, 0 discovered, 0 enqueued
[14.686s][info][gc,ref      ] GC(47) Weak: 263 encountered, 166 discovered, 0 enqueued
[14.686s][info][gc,ref      ] GC(47) Final: 0 encountered, 0 discovered, 0 enqueued
[14.686s][info][gc,ref      ] GC(47) Phantom: 7 encountered, 3 discovered, 0 enqueued
[14.686s][info][gc,reloc    ] GC(47) Small Pages: 2522 / 5044M, Empty: 0M, Relocated: 1M, In-Place: 0
[14.686s][info][gc,reloc    ] GC(47) Medium Pages: 1 / 32M, Empty: 0M, Relocated: 0M, In-Place: 0
[14.686s][info][gc,reloc    ] GC(47) Large Pages: 0 / 0M, Empty: 0M, Relocated: 0M, In-Place: 0
[14.686s][info][gc,reloc    ] GC(47) Forwarding Usage: 0M
[14.686s][info][gc,heap     ] GC(47) Min Capacity: 16384M(100%)
[14.686s][info][gc,heap     ] GC(47) Max Capacity: 16384M(100%)
[14.686s][info][gc,heap     ] GC(47) Soft Max Capacity: 16384M(100%)
[14.686s][info][gc,heap     ] GC(47)                Mark Start          Mark End        Relocate Start      Relocate End           High               Low         
[14.686s][info][gc,heap     ] GC(47)  Capacity:    16384M (100%)      16384M (100%)      16384M (100%)      16384M (100%)      16384M (100%)      16384M (100%)   
[14.686s][info][gc,heap     ] GC(47)      Free:    11308M (69%)       11302M (69%)       11302M (69%)       11300M (69%)       11308M (69%)       11296M (69%)    
[14.686s][info][gc,heap     ] GC(47)      Used:     5076M (31%)        5082M (31%)        5082M (31%)        5084M (31%)        5088M (31%)        5076M (31%)    
[14.686s][info][gc,heap     ] GC(47)      Live:         -              4606M (28%)        4606M (28%)        4606M (28%)            -                  -          
[14.686s][info][gc,heap     ] GC(47) Allocated:         -                 6M (0%)            6M (0%)            8M (0%)             -                  -          
[14.686s][info][gc,heap     ] GC(47)   Garbage:         -               469M (3%)          469M (3%)          469M (3%)             -                  -          
[14.686s][info][gc,heap     ] GC(47) Reclaimed:         -                  -                 0M (0%)            0M (0%)             -                  -          
[14.686s][info][gc          ] GC(47) Garbage Collection (Timer) 5076M(31%)->5084M(31%)
[14.952s][info][gc,start    ] GC(48) Garbage Collection (Timer)
[14.952s][info][gc,task     ] GC(48) Using 3 workers
[14.952s][info][gc,phases   ] GC(48) Pause Mark Start 0.006ms
[14.979s][info][gc,phases   ] GC(48) Concurrent Mark 27.201ms
[14.979s][info][gc,phases   ] GC(48) Pause Mark End 0.009ms
[14.980s][info][gc,phases   ] GC(48) Concurrent Mark Free 0.001ms
[14.980s][info][gc,phases   ] GC(48) Concurrent Process Non-Strong References 0.793ms
[14.980s][info][gc,phases   ] GC(48) Concurrent Reset Relocation Set 0.001ms
[14.983s][info][gc,phases   ] GC(48) Concurrent Select Relocation Set 2.336ms
[14.983s][info][gc,phases   ] GC(48) Pause Relocate Start 0.005ms
[14.985s][info][gc,phases   ] GC(48) Concurrent Relocate 1.479ms
[14.985s][info][gc,load     ] GC(48) Load: 0.00/0.00/0.00
[14.985s][info][gc,mmu      ] GC(48) MMU: 2ms/99.1%, 5ms/99.5%, 10ms/99.8%, 20ms/99.9%, 50ms/99.9%, 100ms/100.0%
[14.985s][info][gc,marking  ] GC(48) Mark: 2 stripe(s), 2 proactive flush(es), 1 terminate flush(es), 0 completion(s), 0 continuation(s) 
[14.985s][info][gc,marking  ] GC(48) Mark Stack Usage: 32M
[14.985s][info][gc,nmethod  ] GC(48) NMethods: 477 registered, 0 unregistered
[14.985s][info][gc,metaspace] GC(48) Metaspace: 1M used, 1M committed, 1088M reserved
[14.985s][info][gc,ref      ] GC(48) Soft: 181 encountered, 0 discovered, 0 enqueued
[14.985s][info][gc,ref      ] GC(48) Weak: 263 encountered, 186 discovered, 0 enqueued
[14.985s][info][gc,ref      ] GC(48) Final: 0 encountered, 0 discovered, 0 enqueued
[14.985s][info][gc,ref      ] GC(48) Phantom: 7 encountered, 3 discovered, 0 enqueued
[14.985s][info][gc,reloc    ] GC(48) Small Pages: 2537 / 5074M, Empty: 0M, Relocated: 3M, In-Place: 0
[14.985s][info][gc,reloc    ] GC(48) Medium Pages: 1 / 32M, Empty: 0M, Relocated: 0M, In-Place: 0
[14.985s][info][gc,reloc    ] GC(48) Large Pages: 0 / 0M, Empty: 0M, Relocated: 0M, In-Place: 0
[14.985s][info][gc,reloc    ] GC(48) Forwarding Usage: 0M
[14.985s][info][gc,heap     ] GC(48) Min Capacity: 16384M(100%)
[14.985s][info][gc,heap     ] GC(48) Max Capacity: 16384M(100%)
[14.985s][info][gc,heap     ] GC(48) Soft Max Capacity: 16384M(100%)
[14.985s][info][gc,heap     ] GC(48)                Mark Start          Mark End        Relocate Start      Relocate End           High               Low         
[14.985s][info][gc,heap     ] GC(48)  Capacity:    16384M (100%)      16384M (100%)      16384M (100%)      16384M (100%)      16384M (100%)      16384M (100%)   
[14.985s][info][gc,heap     ] GC(48)      Free:    11278M (69%)       11274M (69%)       11274M (69%)       11276M (69%)       11278M (69%)       11268M (69%)    
[14.985s][info][gc,heap     ] GC(48)      Used:     5106M (31%)        5110M (31%)        5110M (31%)        5108M (31%)        5116M (31%)        5106M (31%)    
[14.985s][info][gc,heap     ] GC(48)      Live:         -              4632M (28%)        4632M (28%)        4632M (28%)            -                  -          
[14.985s][info][gc,heap     ] GC(48) Allocated:         -                 4M (0%)            4M (0%)            4M (0%)             -                  -          
[14.985s][info][gc,heap     ] GC(48)   Garbage:         -               473M (3%)          473M (3%)          471M (3%)             -                  -          
[14.985s][info][gc,heap     ] GC(48) Reclaimed:         -                  -                 0M (0%)            2M (0%)             -                  -          
[14.985s][info][gc          ] GC(48) Garbage Collection (Timer) 5106M(31%)->5108M(31%)
[15.252s][info][gc,start    ] GC(49) Garbage Collection (Timer)
[15.252s][info][gc,task     ] GC(49) Using 3 workers
[15.252s][info][gc,phases   ] GC(49) Pause Mark Start 0.006ms
[15.281s][info][gc,phases   ] GC(49) Concurrent Mark 28.642ms
[15.281s][info][gc,phases   ] GC(49) Pause Mark End 0.010ms
[15.281s][info][gc,phases   ] GC(49) Concurrent Mark Free 0.001ms
[15.282s][info][gc,phases   ] GC(49) Concurrent Process Non-Strong References 0.868ms
[15.282s][info][gc,phases   ] GC(49) Concurrent Reset Relocation Set 0.001ms
[15.285s][info][gc,phases   ] GC(49) Concurrent Select Relocation Set 2.256ms
[15.285s][info][gc,phases   ] GC(49) Pause Relocate Start 0.004ms
[15.285s][info][gc,phases   ] GC(49) Concurrent Relocate 0.560ms
[15.286s][info][gc,load     ] GC(49) Load: 0.00/0.00/0.00
[15.286s][info][gc,mmu      ] GC(49) MMU: 2ms/99.1%, 5ms/99.5%, 10ms/99.8%, 20ms/99.9%, 50ms/99.9%, 100ms/100.0%
[15.286s][info][gc,marking  ] GC(49) Mark: 2 stripe(s), 2 proactive flush(es), 1 terminate flush(es), 0 completion(s), 0 continuation(s) 
[15.286s][info][gc,marking  ] GC(49) Mark Stack Usage: 32M
[15.286s][info][gc,nmethod  ] GC(49) NMethods: 477 registered, 0 unregistered
[15.286s][info][gc,metaspace] GC(49) Metaspace: 1M used, 1M committed, 1088M reserved
[15.286s][info][gc,ref      ] GC(49) Soft: 181 encountered, 0 discovered, 0 enqueued
[15.286s][info][gc,ref      ] GC(49) Weak: 263 encountered, 167 discovered, 0 enqueued
[15.286s][info][gc,ref      ] GC(49) Final: 0 encountered, 0 discovered, 0 enqueued
[15.286s][info][gc,ref      ] GC(49) Phantom: 7 encountered, 3 discovered, 0 enqueued
[15.286s][info][gc,reloc    ] GC(49) Small Pages: 2551 / 5102M, Empty: 0M, Relocated: 0M, In-Place: 0
[15.286s][info][gc,reloc    ] GC(49) Medium Pages: 1 / 32M, Empty: 0M, Relocated: 0M, In-Place: 0
[15.286s][info][gc,reloc    ] GC(49) Large Pages: 0 / 0M, Empty: 0M, Relocated: 0M, In-Place: 0
[15.286s][info][gc,reloc    ] GC(49) Forwarding Usage: 0M
[15.286s][info][gc,heap     ] GC(49) Min Capacity: 16384M(100%)
[15.286s][info][gc,heap     ] GC(49) Max Capacity: 16384M(100%)
[15.286s][info][gc,heap     ] GC(49) Soft Max Capacity: 16384M(100%)
[15.286s][info][gc,heap     ] GC(49)                Mark Start          Mark End        Relocate Start      Relocate End           High               Low         
[15.286s][info][gc,heap     ] GC(49)  Capacity:    16384M (100%)      16384M (100%)      16384M (100%)      16384M (100%)      16384M (100%)      16384M (100%)   
[15.286s][info][gc,heap     ] GC(49)      Free:    11250M (69%)       11246M (69%)       11244M (69%)       11244M (69%)       11250M (69%)       11240M (69%)    
[15.286s][info][gc,heap     ] GC(49)      Used:     5134M (31%)        5138M (31%)        5140M (31%)        5140M (31%)        5144M (31%)        5134M (31%)    
[15.286s][info][gc,heap     ] GC(49)      Live:         -              4658M (28%)        4658M (28%)        4658M (28%)            -                  -          
[15.286s][info][gc,heap     ] GC(49) Allocated:         -                 4M (0%)            6M (0%)            6M (0%)             -                  -          
[15.286s][info][gc,heap     ] GC(49)   Garbage:         -               475M (3%)          475M (3%)          475M (3%)             -                  -          
[15.286s][info][gc,heap     ] GC(49) Reclaimed:         -                  -                 0M (0%)            0M (0%)             -                  -          
[15.286s][info][gc          ] GC(49) Garbage Collection (Timer) 5134M(31%)->5140M(31%)
[15.552s][info][gc,start    ] GC(50) Garbage Collection (Timer)
[15.553s][info][gc,task     ] GC(50) Using 3 workers
[15.553s][info][gc,phases   ] GC(50) Pause Mark Start 0.006ms
[15.582s][info][gc,phases   ] GC(50) Concurrent Mark 29.526ms
[15.582s][info][gc,phases   ] GC(50) Pause Mark End 0.009ms
[15.583s][info][gc,phases   ] GC(50) Concurrent Mark Free 0.001ms
[15.583s][info][gc,phases   ] GC(50) Concurrent Process Non-Strong References 0.562ms
[15.583s][info][gc,phases   ] GC(50) Concurrent Reset Relocation Set 0.001ms
[15.585s][info][gc,phases   ] GC(50) Concurrent Select Relocation Set 2.266ms
[15.586s][info][gc,phases   ] GC(50) Pause Relocate Start 0.005ms
[15.587s][info][gc,phases   ] GC(50) Concurrent Relocate 0.772ms
[15.587s][info][gc,load     ] GC(50) Load: 0.00/0.00/0.00
[15.587s][info][gc,mmu      ] GC(50) MMU: 2ms/99.1%, 5ms/99.5%, 10ms/99.8%, 20ms/99.9%, 50ms/99.9%, 100ms/100.0%
[15.587s][info][gc,marking  ] GC(50) Mark: 2 stripe(s), 2 proactive flush(es), 1 terminate flush(es), 0 completion(s), 0 continuation(s) 
[15.587s][info][gc,marking  ] GC(50) Mark Stack Usage: 32M
[15.587s][info][gc,nmethod  ] GC(50) NMethods: 477 registered, 0 unregistered
[15.587s][info][gc,metaspace] GC(50) Metaspace: 1M used, 1M committed, 1088M reserved
[15.587s][info][gc,ref      ] GC(50) Soft: 181 encountered, 0 discovered, 0 enqueued
[15.587s][info][gc,ref      ] GC(50) Weak: 263 encountered, 167 discovered, 0 enqueued
[15.587s][info][gc,ref      ] GC(50) Final: 0 encountered, 0 discovered, 0 enqueued
[15.587s][info][gc,ref      ] GC(50) Phantom: 7 encountered, 3 discovered, 0 enqueued
[15.587s][info][gc,reloc    ] GC(50) Small Pages: 2568 / 5136M, Empty: 0M, Relocated: 1M, In-Place: 0
[15.587s][info][gc,reloc    ] GC(50) Medium Pages: 1 / 32M, Empty: 0M, Relocated: 0M, In-Place: 0
[15.587s][info][gc,reloc    ] GC(50) Large Pages: 0 / 0M, Empty: 0M, Relocated: 0M, In-Place: 0
[15.587s][info][gc,reloc    ] GC(50) Forwarding Usage: 0M
[15.587s][info][gc,heap     ] GC(50) Min Capacity: 16384M(100%)
[15.587s][info][gc,heap     ] GC(50) Max Capacity: 16384M(100%)
[15.587s][info][gc,heap     ] GC(50) Soft Max Capacity: 16384M(100%)
[15.587s][info][gc,heap     ] GC(50)                Mark Start          Mark End        Relocate Start      Relocate End           High               Low         
[15.587s][info][gc,heap     ] GC(50)  Capacity:    16384M (100%)      16384M (100%)      16384M (100%)      16384M (100%)      16384M (100%)      16384M (100%)   
[15.587s][info][gc,heap     ] GC(50)      Free:    11216M (68%)       11214M (68%)       11212M (68%)       11212M (68%)       11216M (68%)       11206M (68%)    
[15.587s][info][gc,heap     ] GC(50)      Used:     5168M (32%)        5170M (32%)        5172M (32%)        5172M (32%)        5178M (32%)        5168M (32%)    
[15.587s][info][gc,heap     ] GC(50)      Live:         -              4687M (29%)        4687M (29%)        4687M (29%)            -                  -          
[15.587s][info][gc,heap     ] GC(50) Allocated:         -                 2M (0%)            4M (0%)            4M (0%)             -                  -          
[15.587s][info][gc,heap     ] GC(50)   Garbage:         -               480M (3%)          480M (3%)          480M (3%)             -                  -          
[15.587s][info][gc,heap     ] GC(50) Reclaimed:         -                  -                 0M (0%)            0M (0%)             -                  -          
[15.587s][info][gc          ] GC(50) Garbage Collection (Timer) 5168M(32%)->5172M(32%)
[15.853s][info][gc,start    ] GC(51) Garbage Collection (Timer)
[15.853s][info][gc,task     ] GC(51) Using 3 workers
[15.853s][info][gc,phases   ] GC(51) Pause Mark Start 0.008ms
[15.882s][info][gc,phases   ] GC(51) Concurrent Mark 28.558ms
[15.882s][info][gc,phases   ] GC(51) Pause Mark End 0.012ms
[15.882s][info][gc,phases   ] GC(51) Concurrent Mark Free 0.001ms
[15.883s][info][gc,phases   ] GC(51) Concurrent Process Non-Strong References 0.877ms
[15.883s][info][gc,phases   ] GC(51) Concurrent Reset Relocation Set 0.001ms
[15.886s][info][gc,phases   ] GC(51) Concurrent Select Relocation Set 3.016ms
[15.886s][info][gc,phases   ] GC(51) Pause Relocate Start 0.005ms
[15.887s][info][gc,phases   ] GC(51) Concurrent Relocate 0.890ms
[15.887s][info][gc,load     ] GC(51) Load: 0.00/0.00/0.00
[15.887s][info][gc,mmu      ] GC(51) MMU: 2ms/99.1%, 5ms/99.5%, 10ms/99.8%, 20ms/99.9%, 50ms/99.9%, 100ms/100.0%
[15.887s][info][gc,marking  ] GC(51) Mark: 2 stripe(s), 2 proactive flush(es), 1 terminate flush(es), 0 completion(s), 0 continuation(s) 
[15.887s][info][gc,marking  ] GC(51) Mark Stack Usage: 32M
[15.887s][info][gc,nmethod  ] GC(51) NMethods: 477 registered, 0 unregistered
[15.887s][info][gc,metaspace] GC(51) Metaspace: 1M used, 1M committed, 1088M reserved
[15.887s][info][gc,ref      ] GC(51) Soft: 181 encountered, 0 discovered, 0 enqueued
[15.887s][info][gc,ref      ] GC(51) Weak: 263 encountered, 177 discovered, 0 enqueued
[15.887s][info][gc,ref      ] GC(51) Final: 0 encountered, 0 discovered, 0 enqueued
[15.887s][info][gc,ref      ] GC(51) Phantom: 7 encountered, 3 discovered, 0 enqueued
[15.887s][info][gc,reloc    ] GC(51) Small Pages: 2578 / 5156M, Empty: 0M, Relocated: 1M, In-Place: 0
[15.887s][info][gc,reloc    ] GC(51) Medium Pages: 1 / 32M, Empty: 0M, Relocated: 0M, In-Place: 0
[15.887s][info][gc,reloc    ] GC(51) Large Pages: 0 / 0M, Empty: 0M, Relocated: 0M, In-Place: 0
[15.887s][info][gc,reloc    ] GC(51) Forwarding Usage: 0M
[15.887s][info][gc,heap     ] GC(51) Min Capacity: 16384M(100%)
[15.887s][info][gc,heap     ] GC(51) Max Capacity: 16384M(100%)
[15.887s][info][gc,heap     ] GC(51) Soft Max Capacity: 16384M(100%)
[15.888s][info][gc,heap     ] GC(51)                Mark Start          Mark End        Relocate Start      Relocate End           High               Low         
[15.888s][info][gc,heap     ] GC(51)  Capacity:    16384M (100%)      16384M (100%)      16384M (100%)      16384M (100%)      16384M (100%)      16384M (100%)   
[15.888s][info][gc,heap     ] GC(51)      Free:    11196M (68%)       11190M (68%)       11188M (68%)       11190M (68%)       11196M (68%)       11182M (68%)    
[15.888s][info][gc,heap     ] GC(51)      Used:     5188M (32%)        5194M (32%)        5196M (32%)        5194M (32%)        5202M (32%)        5188M (32%)    
[15.888s][info][gc,heap     ] GC(51)      Live:         -              4704M (29%)        4704M (29%)        4704M (29%)            -                  -          
[15.888s][info][gc,heap     ] GC(51) Allocated:         -                 6M (0%)            8M (0%)            8M (0%)             -                  -          
[15.888s][info][gc,heap     ] GC(51)   Garbage:         -               483M (3%)          483M (3%)          481M (3%)             -                  -          
[15.888s][info][gc,heap     ] GC(51) Reclaimed:         -                  -                 0M (0%)            2M (0%)             -                  -          
[15.888s][info][gc          ] GC(51) Garbage Collection (Timer) 5188M(32%)->5194M(32%)
[16.153s][info][gc,start    ] GC(52) Garbage Collection (Timer)
[16.153s][info][gc,task     ] GC(52) Using 3 workers
[16.153s][info][gc,phases   ] GC(52) Pause Mark Start 0.005ms
[16.181s][info][gc,phases   ] GC(52) Concurrent Mark 27.563ms
[16.181s][info][gc,phases   ] GC(52) Pause Mark End 0.010ms
[16.181s][info][gc,phases   ] GC(52) Concurrent Mark Free 0.001ms
[16.182s][info][gc,phases   ] GC(52) Concurrent Process Non-Strong References 0.853ms
[16.182s][info][gc,phases   ] GC(52) Concurrent Reset Relocation Set 0.001ms
[16.184s][info][gc,phases   ] GC(52) Concurrent Select Relocation Set 2.219ms
[16.184s][info][gc,phases   ] GC(52) Pause Relocate Start 0.004ms
[16.185s][info][gc,phases   ] GC(52) Concurrent Relocate 0.849ms
[16.185s][info][gc,load     ] GC(52) Load: 0.00/0.00/0.00
[16.185s][info][gc,mmu      ] GC(52) MMU: 2ms/99.1%, 5ms/99.5%, 10ms/99.8%, 20ms/99.9%, 50ms/99.9%, 100ms/100.0%
[16.185s][info][gc,marking  ] GC(52) Mark: 2 stripe(s), 2 proactive flush(es), 1 terminate flush(es), 0 completion(s), 0 continuation(s) 
[16.185s][info][gc,marking  ] GC(52) Mark Stack Usage: 32M
[16.185s][info][gc,nmethod  ] GC(52) NMethods: 477 registered, 0 unregistered
[16.185s][info][gc,metaspace] GC(52) Metaspace: 1M used, 1M committed, 1088M reserved
[16.185s][info][gc,ref      ] GC(52) Soft: 181 encountered, 0 discovered, 0 enqueued
[16.185s][info][gc,ref      ] GC(52) Weak: 263 encountered, 163 discovered, 0 enqueued
[16.185s][info][gc,ref      ] GC(52) Final: 0 encountered, 0 discovered, 0 enqueued
[16.186s][info][gc,ref      ] GC(52) Phantom: 7 encountered, 3 discovered, 0 enqueued
[16.186s][info][gc,reloc    ] GC(52) Small Pages: 2589 / 5178M, Empty: 0M, Relocated: 1M, In-Place: 0
[16.186s][info][gc,reloc    ] GC(52) Medium Pages: 1 / 32M, Empty: 0M, Relocated: 0M, In-Place: 0
[16.186s][info][gc,reloc    ] GC(52) Large Pages: 0 / 0M, Empty: 0M, Relocated: 0M, In-Place: 0
[16.186s][info][gc,reloc    ] GC(52) Forwarding Usage: 0M
[16.186s][info][gc,heap     ] GC(52) Min Capacity: 16384M(100%)
[16.186s][info][gc,heap     ] GC(52) Max Capacity: 16384M(100%)
[16.186s][info][gc,heap     ] GC(52) Soft Max Capacity: 16384M(100%)
[16.186s][info][gc,heap     ] GC(52)                Mark Start          Mark End        Relocate Start      Relocate End           High               Low         
[16.186s][info][gc,heap     ] GC(52)  Capacity:    16384M (100%)      16384M (100%)      16384M (100%)      16384M (100%)      16384M (100%)      16384M (100%)   
[16.186s][info][gc,heap     ] GC(52)      Free:    11174M (68%)       11170M (68%)       11168M (68%)       11168M (68%)       11174M (68%)       11162M (68%)    
[16.186s][info][gc,heap     ] GC(52)      Used:     5210M (32%)        5214M (32%)        5216M (32%)        5216M (32%)        5222M (32%)        5210M (32%)    
[16.186s][info][gc,heap     ] GC(52)      Live:         -              4726M (29%)        4726M (29%)        4726M (29%)            -                  -          
[16.186s][info][gc,heap     ] GC(52) Allocated:         -                 4M (0%)            6M (0%)            6M (0%)             -                  -          
[16.186s][info][gc,heap     ] GC(52)   Garbage:         -               483M (3%)          483M (3%)          483M (3%)             -                  -          
[16.186s][info][gc,heap     ] GC(52) Reclaimed:         -                  -                 0M (0%)            0M (0%)             -                  -          
[16.186s][info][gc          ] GC(52) Garbage Collection (Timer) 5210M(32%)->5216M(32%)
[16.452s][info][gc,start    ] GC(53) Garbage Collection (Timer)
[16.452s][info][gc,task     ] GC(53) Using 3 workers
[16.452s][info][gc,phases   ] GC(53) Pause Mark Start 0.005ms
[16.481s][info][gc,phases   ] GC(53) Concurrent Mark 28.619ms
[16.481s][info][gc,phases   ] GC(53) Pause Mark End 0.010ms
[16.481s][info][gc,phases   ] GC(53) Concurrent Mark Free 0.001ms
[16.482s][info][gc,phases   ] GC(53) Concurrent Process Non-Strong References 0.817ms
[16.482s][info][gc,phases   ] GC(53) Concurrent Reset Relocation Set 0.001ms
[16.484s][info][gc,phases   ] GC(53) Concurrent Select Relocation Set 2.267ms
[16.484s][info][gc,phases   ] GC(53) Pause Relocate Start 0.005ms
[16.486s][info][gc,phases   ] GC(53) Concurrent Relocate 1.907ms
[16.486s][info][gc,load     ] GC(53) Load: 0.00/0.00/0.00
[16.487s][info][gc,mmu      ] GC(53) MMU: 2ms/99.1%, 5ms/99.5%, 10ms/99.8%, 20ms/99.9%, 50ms/99.9%, 100ms/100.0%
[16.487s][info][gc,marking  ] GC(53) Mark: 2 stripe(s), 3 proactive flush(es), 1 terminate flush(es), 0 completion(s), 0 continuation(s) 
[16.487s][info][gc,marking  ] GC(53) Mark Stack Usage: 32M
[16.487s][info][gc,nmethod  ] GC(53) NMethods: 477 registered, 0 unregistered
[16.487s][info][gc,metaspace] GC(53) Metaspace: 1M used, 1M committed, 1088M reserved
[16.487s][info][gc,ref      ] GC(53) Soft: 181 encountered, 0 discovered, 0 enqueued
[16.487s][info][gc,ref      ] GC(53) Weak: 263 encountered, 170 discovered, 0 enqueued
[16.487s][info][gc,ref      ] GC(53) Final: 0 encountered, 0 discovered, 0 enqueued
[16.487s][info][gc,ref      ] GC(53) Phantom: 7 encountered, 3 discovered, 0 enqueued
[16.487s][info][gc,reloc    ] GC(53) Small Pages: 2604 / 5208M, Empty: 0M, Relocated: 5M, In-Place: 0
[16.487s][info][gc,reloc    ] GC(53) Medium Pages: 1 / 32M, Empty: 0M, Relocated: 0M, In-Place: 0
[16.487s][info][gc,reloc    ] GC(53) Large Pages: 0 / 0M, Empty: 0M, Relocated: 0M, In-Place: 0
[16.487s][info][gc,reloc    ] GC(53) Forwarding Usage: 0M
[16.487s][info][gc,heap     ] GC(53) Min Capacity: 16384M(100%)
[16.487s][info][gc,heap     ] GC(53) Max Capacity: 16384M(100%)
[16.487s][info][gc,heap     ] GC(53) Soft Max Capacity: 16384M(100%)
[16.487s][info][gc,heap     ] GC(53)                Mark Start          Mark End        Relocate Start      Relocate End           High               Low         
[16.487s][info][gc,heap     ] GC(53)  Capacity:    16384M (100%)      16384M (100%)      16384M (100%)      16384M (100%)      16384M (100%)      16384M (100%)   
[16.487s][info][gc,heap     ] GC(53)      Free:    11144M (68%)       11140M (68%)       11138M (68%)       11142M (68%)       11144M (68%)       11132M (68%)    
[16.487s][info][gc,heap     ] GC(53)      Used:     5240M (32%)        5244M (32%)        5246M (32%)        5242M (32%)        5252M (32%)        5240M (32%)    
[16.487s][info][gc,heap     ] GC(53)      Live:         -              4752M (29%)        4752M (29%)        4752M (29%)            -                  -          
[16.487s][info][gc,heap     ] GC(53) Allocated:         -                 4M (0%)            6M (0%)            6M (0%)             -                  -          
[16.487s][info][gc,heap     ] GC(53)   Garbage:         -               487M (3%)          487M (3%)          483M (3%)             -                  -          
[16.487s][info][gc,heap     ] GC(53) Reclaimed:         -                  -                 0M (0%)            4M (0%)             -                  -          
[16.487s][info][gc          ] GC(53) Garbage Collection (Timer) 5240M(32%)->5242M(32%)
[16.752s][info][gc,start    ] GC(54) Garbage Collection (Timer)
[16.752s][info][gc,task     ] GC(54) Using 3 workers
[16.752s][info][gc,phases   ] GC(54) Pause Mark Start 0.006ms
[16.781s][info][gc,phases   ] GC(54) Concurrent Mark 28.609ms
[16.781s][info][gc,phases   ] GC(54) Pause Mark End 0.009ms
[16.781s][info][gc,phases   ] GC(54) Concurrent Mark Free 0.001ms
[16.782s][info][gc,phases   ] GC(54) Concurrent Process Non-Strong References 0.802ms
[16.782s][info][gc,phases   ] GC(54) Concurrent Reset Relocation Set 0.001ms
[16.785s][info][gc,phases   ] GC(54) Concurrent Select Relocation Set 2.506ms
[16.785s][info][gc,phases   ] GC(54) Pause Relocate Start 0.004ms
[16.786s][info][gc,phases   ] GC(54) Concurrent Relocate 1.569ms
[16.787s][info][gc,load     ] GC(54) Load: 0.00/0.00/0.00
[16.787s][info][gc,mmu      ] GC(54) MMU: 2ms/99.1%, 5ms/99.5%, 10ms/99.8%, 20ms/99.9%, 50ms/99.9%, 100ms/100.0%
[16.787s][info][gc,marking  ] GC(54) Mark: 2 stripe(s), 2 proactive flush(es), 1 terminate flush(es), 0 completion(s), 0 continuation(s) 
[16.787s][info][gc,marking  ] GC(54) Mark Stack Usage: 32M
[16.787s][info][gc,nmethod  ] GC(54) NMethods: 477 registered, 0 unregistered
[16.787s][info][gc,metaspace] GC(54) Metaspace: 1M used, 1M committed, 1088M reserved
[16.787s][info][gc,ref      ] GC(54) Soft: 181 encountered, 0 discovered, 0 enqueued
[16.787s][info][gc,ref      ] GC(54) Weak: 263 encountered, 164 discovered, 0 enqueued
[16.787s][info][gc,ref      ] GC(54) Final: 0 encountered, 0 discovered, 0 enqueued
[16.787s][info][gc,ref      ] GC(54) Phantom: 7 encountered, 3 discovered, 0 enqueued
[16.787s][info][gc,reloc    ] GC(54) Small Pages: 2617 / 5234M, Empty: 0M, Relocated: 3M, In-Place: 0
[16.787s][info][gc,reloc    ] GC(54) Medium Pages: 1 / 32M, Empty: 0M, Relocated: 0M, In-Place: 0
[16.787s][info][gc,reloc    ] GC(54) Large Pages: 0 / 0M, Empty: 0M, Relocated: 0M, In-Place: 0
[16.787s][info][gc,reloc    ] GC(54) Forwarding Usage: 0M
[16.787s][info][gc,heap     ] GC(54) Min Capacity: 16384M(100%)
[16.787s][info][gc,heap     ] GC(54) Max Capacity: 16384M(100%)
[16.787s][info][gc,heap     ] GC(54) Soft Max Capacity: 16384M(100%)
[16.787s][info][gc,heap     ] GC(54)                Mark Start          Mark End        Relocate Start      Relocate End           High               Low         
[16.787s][info][gc,heap     ] GC(54)  Capacity:    16384M (100%)      16384M (100%)      16384M (100%)      16384M (100%)      16384M (100%)      16384M (100%)   
[16.787s][info][gc,heap     ] GC(54)      Free:    11118M (68%)       11114M (68%)       11114M (68%)       11114M (68%)       11118M (68%)       11108M (68%)    
[16.787s][info][gc,heap     ] GC(54)      Used:     5266M (32%)        5270M (32%)        5270M (32%)        5270M (32%)        5276M (32%)        5266M (32%)    
[16.787s][info][gc,heap     ] GC(54)      Live:         -              4778M (29%)        4778M (29%)        4778M (29%)            -                  -          
[16.787s][info][gc,heap     ] GC(54) Allocated:         -                 4M (0%)            4M (0%)            5M (0%)             -                  -          
[16.787s][info][gc,heap     ] GC(54)   Garbage:         -               487M (3%)          487M (3%)          485M (3%)             -                  -          
[16.787s][info][gc,heap     ] GC(54) Reclaimed:         -                  -                 0M (0%)            1M (0%)             -                  -          
[16.787s][info][gc          ] GC(54) Garbage Collection (Timer) 5266M(32%)->5270M(32%)
[17.052s][info][gc,start    ] GC(55) Garbage Collection (Timer)
[17.052s][info][gc,task     ] GC(55) Using 3 workers
[17.052s][info][gc,phases   ] GC(55) Pause Mark Start 0.006ms
[17.082s][info][gc,phases   ] GC(55) Concurrent Mark 29.593ms
[17.082s][info][gc,phases   ] GC(55) Pause Mark End 0.009ms
[17.082s][info][gc,phases   ] GC(55) Concurrent Mark Free 0.001ms
[17.083s][info][gc,phases   ] GC(55) Concurrent Process Non-Strong References 0.587ms
[17.083s][info][gc,phases   ] GC(55) Concurrent Reset Relocation Set 0.001ms
[17.085s][info][gc,phases   ] GC(55) Concurrent Select Relocation Set 2.213ms
[17.085s][info][gc,phases   ] GC(55) Pause Relocate Start 0.005ms
[17.086s][info][gc,phases   ] GC(55) Concurrent Relocate 0.443ms
[17.086s][info][gc,load     ] GC(55) Load: 0.00/0.00/0.00
[17.086s][info][gc,mmu      ] GC(55) MMU: 2ms/99.1%, 5ms/99.5%, 10ms/99.8%, 20ms/99.9%, 50ms/99.9%, 100ms/100.0%
[17.086s][info][gc,marking  ] GC(55) Mark: 2 stripe(s), 2 proactive flush(es), 1 terminate flush(es), 0 completion(s), 0 continuation(s) 
[17.086s][info][gc,marking  ] GC(55) Mark Stack Usage: 32M
[17.086s][info][gc,nmethod  ] GC(55) NMethods: 477 registered, 0 unregistered
[17.086s][info][gc,metaspace] GC(55) Metaspace: 1M used, 1M committed, 1088M reserved
[17.086s][info][gc,ref      ] GC(55) Soft: 181 encountered, 0 discovered, 0 enqueued
[17.086s][info][gc,ref      ] GC(55) Weak: 263 encountered, 165 discovered, 0 enqueued
[17.086s][info][gc,ref      ] GC(55) Final: 0 encountered, 0 discovered, 0 enqueued
[17.086s][info][gc,ref      ] GC(55) Phantom: 7 encountered, 3 discovered, 0 enqueued
[17.086s][info][gc,reloc    ] GC(55) Small Pages: 2633 / 5266M, Empty: 0M, Relocated: 0M, In-Place: 0
[17.086s][info][gc,reloc    ] GC(55) Medium Pages: 1 / 32M, Empty: 0M, Relocated: 0M, In-Place: 0
[17.086s][info][gc,reloc    ] GC(55) Large Pages: 0 / 0M, Empty: 0M, Relocated: 0M, In-Place: 0
[17.086s][info][gc,reloc    ] GC(55) Forwarding Usage: 0M
[17.086s][info][gc,heap     ] GC(55) Min Capacity: 16384M(100%)
[17.086s][info][gc,heap     ] GC(55) Max Capacity: 16384M(100%)
[17.086s][info][gc,heap     ] GC(55) Soft Max Capacity: 16384M(100%)
[17.086s][info][gc,heap     ] GC(55)                Mark Start          Mark End        Relocate Start      Relocate End           High               Low         
[17.086s][info][gc,heap     ] GC(55)  Capacity:    16384M (100%)      16384M (100%)      16384M (100%)      16384M (100%)      16384M (100%)      16384M (100%)   
[17.086s][info][gc,heap     ] GC(55)      Free:    11086M (68%)       11082M (68%)       11080M (68%)       11080M (68%)       11086M (68%)       11076M (68%)    
[17.086s][info][gc,heap     ] GC(55)      Used:     5298M (32%)        5302M (32%)        5304M (32%)        5304M (32%)        5308M (32%)        5298M (32%)    
[17.086s][info][gc,heap     ] GC(55)      Live:         -              4807M (29%)        4807M (29%)        4807M (29%)            -                  -          
[17.086s][info][gc,heap     ] GC(55) Allocated:         -                 4M (0%)            6M (0%)            6M (0%)             -                  -          
[17.086s][info][gc,heap     ] GC(55)   Garbage:         -               490M (3%)          490M (3%)          490M (3%)             -                  -          
[17.086s][info][gc,heap     ] GC(55) Reclaimed:         -                  -                 0M (0%)            0M (0%)             -                  -          
[17.086s][info][gc          ] GC(55) Garbage Collection (Timer) 5298M(32%)->5304M(32%)
[17.352s][info][gc,start    ] GC(56) Garbage Collection (Timer)
[17.352s][info][gc,task     ] GC(56) Using 3 workers
[17.352s][info][gc,phases   ] GC(56) Pause Mark Start 0.006ms
[17.382s][info][gc,phases   ] GC(56) Concurrent Mark 29.558ms
[17.382s][info][gc,phases   ] GC(56) Pause Mark End 0.009ms
[17.382s][info][gc,phases   ] GC(56) Concurrent Mark Free 0.001ms
[17.383s][info][gc,phases   ] GC(56) Concurrent Process Non-Strong References 0.774ms
[17.383s][info][gc,phases   ] GC(56) Concurrent Reset Relocation Set 0.001ms
[17.386s][info][gc,phases   ] GC(56) Concurrent Select Relocation Set 2.283ms
[17.386s][info][gc,phases   ] GC(56) Pause Relocate Start 0.005ms
[17.386s][info][gc,phases   ] GC(56) Concurrent Relocate 0.483ms
[17.386s][info][gc,load     ] GC(56) Load: 0.00/0.00/0.00
[17.386s][info][gc,mmu      ] GC(56) MMU: 2ms/99.1%, 5ms/99.5%, 10ms/99.8%, 20ms/99.9%, 50ms/99.9%, 100ms/100.0%
[17.386s][info][gc,marking  ] GC(56) Mark: 2 stripe(s), 2 proactive flush(es), 1 terminate flush(es), 0 completion(s), 0 continuation(s) 
[17.386s][info][gc,marking  ] GC(56) Mark Stack Usage: 32M
[17.386s][info][gc,nmethod  ] GC(56) NMethods: 477 registered, 0 unregistered
[17.386s][info][gc,metaspace] GC(56) Metaspace: 1M used, 1M committed, 1088M reserved
[17.387s][info][gc,ref      ] GC(56) Soft: 181 encountered, 0 discovered, 0 enqueued
[17.387s][info][gc,ref      ] GC(56) Weak: 263 encountered, 170 discovered, 0 enqueued
[17.387s][info][gc,ref      ] GC(56) Final: 0 encountered, 0 discovered, 0 enqueued
[17.387s][info][gc,ref      ] GC(56) Phantom: 7 encountered, 3 discovered, 0 enqueued
[17.387s][info][gc,reloc    ] GC(56) Small Pages: 2654 / 5308M, Empty: 0M, Relocated: 0M, In-Place: 0
[17.387s][info][gc,reloc    ] GC(56) Medium Pages: 1 / 32M, Empty: 0M, Relocated: 0M, In-Place: 0
[17.387s][info][gc,reloc    ] GC(56) Large Pages: 0 / 0M, Empty: 0M, Relocated: 0M, In-Place: 0
[17.387s][info][gc,reloc    ] GC(56) Forwarding Usage: 0M
[17.387s][info][gc,heap     ] GC(56) Min Capacity: 16384M(100%)
[17.387s][info][gc,heap     ] GC(56) Max Capacity: 16384M(100%)
[17.387s][info][gc,heap     ] GC(56) Soft Max Capacity: 16384M(100%)
[17.387s][info][gc,heap     ] GC(56)                Mark Start          Mark End        Relocate Start      Relocate End           High               Low         
[17.387s][info][gc,heap     ] GC(56)  Capacity:    16384M (100%)      16384M (100%)      16384M (100%)      16384M (100%)      16384M (100%)      16384M (100%)   
[17.387s][info][gc,heap     ] GC(56)      Free:    11044M (67%)       11040M (67%)       11038M (67%)       11038M (67%)       11044M (67%)       11032M (67%)    
[17.387s][info][gc,heap     ] GC(56)      Used:     5340M (33%)        5344M (33%)        5346M (33%)        5346M (33%)        5352M (33%)        5340M (33%)    
[17.387s][info][gc,heap     ] GC(56)      Live:         -              4844M (30%)        4844M (30%)        4844M (30%)            -                  -          
[17.387s][info][gc,heap     ] GC(56) Allocated:         -                 4M (0%)            6M (0%)            6M (0%)             -                  -          
[17.387s][info][gc,heap     ] GC(56)   Garbage:         -               495M (3%)          495M (3%)          495M (3%)             -                  -          
[17.387s][info][gc,heap     ] GC(56) Reclaimed:         -                  -                 0M (0%)            0M (0%)             -                  -          
[17.387s][info][gc          ] GC(56) Garbage Collection (Timer) 5340M(33%)->5346M(33%)
[17.652s][info][gc,start    ] GC(57) Garbage Collection (Timer)
[17.652s][info][gc,task     ] GC(57) Using 3 workers
[17.653s][info][gc,phases   ] GC(57) Pause Mark Start 0.005ms
[17.681s][info][gc,phases   ] GC(57) Concurrent Mark 28.613ms
[17.681s][info][gc,phases   ] GC(57) Pause Mark End 0.009ms
[17.682s][info][gc,phases   ] GC(57) Concurrent Mark Free 0.001ms
[17.683s][info][gc,phases   ] GC(57) Concurrent Process Non-Strong References 0.910ms
[17.683s][info][gc,phases   ] GC(57) Concurrent Reset Relocation Set 0.001ms
[17.685s][info][gc,phases   ] GC(57) Concurrent Select Relocation Set 2.255ms
[17.685s][info][gc,phases   ] GC(57) Pause Relocate Start 0.005ms
[17.686s][info][gc,phases   ] GC(57) Concurrent Relocate 0.656ms
[17.686s][info][gc,load     ] GC(57) Load: 0.00/0.00/0.00
[17.686s][info][gc,mmu      ] GC(57) MMU: 2ms/99.1%, 5ms/99.5%, 10ms/99.8%, 20ms/99.9%, 50ms/99.9%, 100ms/100.0%
[17.686s][info][gc,marking  ] GC(57) Mark: 2 stripe(s), 3 proactive flush(es), 1 terminate flush(es), 0 completion(s), 0 continuation(s) 
[17.686s][info][gc,marking  ] GC(57) Mark Stack Usage: 32M
[17.686s][info][gc,nmethod  ] GC(57) NMethods: 477 registered, 0 unregistered
[17.686s][info][gc,metaspace] GC(57) Metaspace: 1M used, 1M committed, 1088M reserved
[17.686s][info][gc,ref      ] GC(57) Soft: 181 encountered, 0 discovered, 0 enqueued
[17.686s][info][gc,ref      ] GC(57) Weak: 263 encountered, 165 discovered, 0 enqueued
[17.686s][info][gc,ref      ] GC(57) Final: 0 encountered, 0 discovered, 0 enqueued
[17.686s][info][gc,ref      ] GC(57) Phantom: 7 encountered, 4 discovered, 0 enqueued
[17.686s][info][gc,reloc    ] GC(57) Small Pages: 2673 / 5346M, Empty: 0M, Relocated: 1M, In-Place: 0
[17.686s][info][gc,reloc    ] GC(57) Medium Pages: 1 / 32M, Empty: 0M, Relocated: 0M, In-Place: 0
[17.686s][info][gc,reloc    ] GC(57) Large Pages: 0 / 0M, Empty: 0M, Relocated: 0M, In-Place: 0
[17.686s][info][gc,reloc    ] GC(57) Forwarding Usage: 0M
[17.686s][info][gc,heap     ] GC(57) Min Capacity: 16384M(100%)
[17.686s][info][gc,heap     ] GC(57) Max Capacity: 16384M(100%)
[17.686s][info][gc,heap     ] GC(57) Soft Max Capacity: 16384M(100%)
[17.686s][info][gc,heap     ] GC(57)                Mark Start          Mark End        Relocate Start      Relocate End           High               Low         
[17.686s][info][gc,heap     ] GC(57)  Capacity:    16384M (100%)      16384M (100%)      16384M (100%)      16384M (100%)      16384M (100%)      16384M (100%)   
[17.686s][info][gc,heap     ] GC(57)      Free:    11006M (67%)       11004M (67%)       11004M (67%)       11006M (67%)       11006M (67%)       10998M (67%)    
[17.686s][info][gc,heap     ] GC(57)      Used:     5378M (33%)        5380M (33%)        5380M (33%)        5378M (33%)        5386M (33%)        5378M (33%)    
[17.686s][info][gc,heap     ] GC(57)      Live:         -              4878M (30%)        4878M (30%)        4878M (30%)            -                  -          
[17.686s][info][gc,heap     ] GC(57) Allocated:         -                 2M (0%)            2M (0%)            2M (0%)             -                  -          
[17.686s][info][gc,heap     ] GC(57)   Garbage:         -               499M (3%)          499M (3%)          497M (3%)             -                  -          
[17.687s][info][gc,heap     ] GC(57) Reclaimed:         -                  -                 0M (0%)            2M (0%)             -                  -          
[17.687s][info][gc          ] GC(57) Garbage Collection (Timer) 5378M(33%)->5378M(33%)
[17.953s][info][gc,start    ] GC(58) Garbage Collection (Timer)
[17.953s][info][gc,task     ] GC(58) Using 3 workers
[17.953s][info][gc,phases   ] GC(58) Pause Mark Start 0.006ms
[17.981s][info][gc,phases   ] GC(58) Concurrent Mark 27.716ms
[17.981s][info][gc,phases   ] GC(58) Pause Mark End 0.010ms
[17.981s][info][gc,phases   ] GC(58) Concurrent Mark Free 0.001ms
[17.982s][info][gc,phases   ] GC(58) Concurrent Process Non-Strong References 0.839ms
[17.982s][info][gc,phases   ] GC(58) Concurrent Reset Relocation Set 0.001ms
[17.985s][info][gc,phases   ] GC(58) Concurrent Select Relocation Set 3.009ms
[17.985s][info][gc,phases   ] GC(58) Pause Relocate Start 0.007ms
[17.987s][info][gc,phases   ] GC(58) Concurrent Relocate 1.556ms
[17.987s][info][gc,load     ] GC(58) Load: 0.00/0.00/0.00
[17.987s][info][gc,mmu      ] GC(58) MMU: 2ms/99.1%, 5ms/99.5%, 10ms/99.8%, 20ms/99.9%, 50ms/99.9%, 100ms/100.0%
[17.987s][info][gc,marking  ] GC(58) Mark: 2 stripe(s), 2 proactive flush(es), 1 terminate flush(es), 0 completion(s), 0 continuation(s) 
[17.987s][info][gc,marking  ] GC(58) Mark Stack Usage: 32M
[17.987s][info][gc,nmethod  ] GC(58) NMethods: 477 registered, 0 unregistered
[17.987s][info][gc,metaspace] GC(58) Metaspace: 1M used, 1M committed, 1088M reserved
[17.987s][info][gc,ref      ] GC(58) Soft: 181 encountered, 0 discovered, 0 enqueued
[17.987s][info][gc,ref      ] GC(58) Weak: 263 encountered, 212 discovered, 0 enqueued
[17.987s][info][gc,ref      ] GC(58) Final: 0 encountered, 0 discovered, 0 enqueued
[17.987s][info][gc,ref      ] GC(58) Phantom: 7 encountered, 3 discovered, 0 enqueued
[17.987s][info][gc,reloc    ] GC(58) Small Pages: 2689 / 5378M, Empty: 0M, Relocated: 3M, In-Place: 0
[17.987s][info][gc,reloc    ] GC(58) Medium Pages: 1 / 32M, Empty: 0M, Relocated: 0M, In-Place: 0
[17.987s][info][gc,reloc    ] GC(58) Large Pages: 0 / 0M, Empty: 0M, Relocated: 0M, In-Place: 0
[17.987s][info][gc,reloc    ] GC(58) Forwarding Usage: 0M
[17.987s][info][gc,heap     ] GC(58) Min Capacity: 16384M(100%)
[17.987s][info][gc,heap     ] GC(58) Max Capacity: 16384M(100%)
[17.987s][info][gc,heap     ] GC(58) Soft Max Capacity: 16384M(100%)
[17.987s][info][gc,heap     ] GC(58)                Mark Start          Mark End        Relocate Start      Relocate End           High               Low         
[17.987s][info][gc,heap     ] GC(58)  Capacity:    16384M (100%)      16384M (100%)      16384M (100%)      16384M (100%)      16384M (100%)      16384M (100%)   
[17.987s][info][gc,heap     ] GC(58)      Free:    10974M (67%)       10970M (67%)       10970M (67%)       10974M (67%)       10974M (67%)       10964M (67%)    
[17.987s][info][gc,heap     ] GC(58)      Used:     5410M (33%)        5414M (33%)        5414M (33%)        5410M (33%)        5420M (33%)        5410M (33%)    
[17.987s][info][gc,heap     ] GC(58)      Live:         -              4907M (30%)        4907M (30%)        4907M (30%)            -                  -          
[17.987s][info][gc,heap     ] GC(58) Allocated:         -                 4M (0%)            4M (0%)            4M (0%)             -                  -          
[17.987s][info][gc,heap     ] GC(58)   Garbage:         -               502M (3%)          502M (3%)          498M (3%)             -                  -          
[17.987s][info][gc,heap     ] GC(58) Reclaimed:         -                  -                 0M (0%)            4M (0%)             -                  -          
[17.987s][info][gc          ] GC(58) Garbage Collection (Timer) 5410M(33%)->5410M(33%)
[18.253s][info][gc,start    ] GC(59) Garbage Collection (Timer)
[18.253s][info][gc,task     ] GC(59) Using 3 workers
[18.253s][info][gc,phases   ] GC(59) Pause Mark Start 0.006ms
[18.281s][info][gc,phases   ] GC(59) Concurrent Mark 28.551ms
[18.282s][info][gc,phases   ] GC(59) Pause Mark End 0.009ms
[18.282s][info][gc,phases   ] GC(59) Concurrent Mark Free 0.001ms
[18.283s][info][gc,phases   ] GC(59) Concurrent Process Non-Strong References 0.865ms
[18.283s][info][gc,phases   ] GC(59) Concurrent Reset Relocation Set 0.001ms
[18.285s][info][gc,phases   ] GC(59) Concurrent Select Relocation Set 2.292ms
[18.285s][info][gc,phases   ] GC(59) Pause Relocate Start 0.005ms
[18.286s][info][gc,phases   ] GC(59) Concurrent Relocate 0.788ms
[18.286s][info][gc,load     ] GC(59) Load: 0.00/0.00/0.00
[18.286s][info][gc,mmu      ] GC(59) MMU: 2ms/99.1%, 5ms/99.5%, 10ms/99.8%, 20ms/99.9%, 50ms/99.9%, 100ms/100.0%
[18.286s][info][gc,marking  ] GC(59) Mark: 2 stripe(s), 2 proactive flush(es), 1 terminate flush(es), 0 completion(s), 0 continuation(s) 
[18.286s][info][gc,marking  ] GC(59) Mark Stack Usage: 32M
[18.286s][info][gc,nmethod  ] GC(59) NMethods: 477 registered, 0 unregistered
[18.286s][info][gc,metaspace] GC(59) Metaspace: 1M used, 1M committed, 1088M reserved
[18.286s][info][gc,ref      ] GC(59) Soft: 181 encountered, 0 discovered, 0 enqueued
[18.286s][info][gc,ref      ] GC(59) Weak: 263 encountered, 184 discovered, 0 enqueued
[18.286s][info][gc,ref      ] GC(59) Final: 0 encountered, 0 discovered, 0 enqueued
[18.286s][info][gc,ref      ] GC(59) Phantom: 7 encountered, 3 discovered, 0 enqueued
[18.286s][info][gc,reloc    ] GC(59) Small Pages: 2703 / 5406M, Empty: 0M, Relocated: 1M, In-Place: 0
[18.286s][info][gc,reloc    ] GC(59) Medium Pages: 1 / 32M, Empty: 0M, Relocated: 0M, In-Place: 0
[18.286s][info][gc,reloc    ] GC(59) Large Pages: 0 / 0M, Empty: 0M, Relocated: 0M, In-Place: 0
[18.287s][info][gc,reloc    ] GC(59) Forwarding Usage: 0M
[18.287s][info][gc,heap     ] GC(59) Min Capacity: 16384M(100%)
[18.287s][info][gc,heap     ] GC(59) Max Capacity: 16384M(100%)
[18.287s][info][gc,heap     ] GC(59) Soft Max Capacity: 16384M(100%)
[18.287s][info][gc,heap     ] GC(59)                Mark Start          Mark End        Relocate Start      Relocate End           High               Low         
[18.287s][info][gc,heap     ] GC(59)  Capacity:    16384M (100%)      16384M (100%)      16384M (100%)      16384M (100%)      16384M (100%)      16384M (100%)   
[18.287s][info][gc,heap     ] GC(59)      Free:    10946M (67%)       10942M (67%)       10942M (67%)       10942M (67%)       10946M (67%)       10938M (67%)    
[18.287s][info][gc,heap     ] GC(59)      Used:     5438M (33%)        5442M (33%)        5442M (33%)        5442M (33%)        5446M (33%)        5438M (33%)    
[18.287s][info][gc,heap     ] GC(59)      Live:         -              4936M (30%)        4936M (30%)        4936M (30%)            -                  -          
[18.287s][info][gc,heap     ] GC(59) Allocated:         -                 4M (0%)            4M (0%)            4M (0%)             -                  -          
[18.287s][info][gc,heap     ] GC(59)   Garbage:         -               501M (3%)          501M (3%)          501M (3%)             -                  -          
[18.287s][info][gc,heap     ] GC(59) Reclaimed:         -                  -                 0M (0%)            0M (0%)             -                  -          
[18.287s][info][gc          ] GC(59) Garbage Collection (Timer) 5438M(33%)->5442M(33%)
[18.553s][info][gc,start    ] GC(60) Garbage Collection (Timer)
[18.553s][info][gc,task     ] GC(60) Using 3 workers
[18.553s][info][gc,phases   ] GC(60) Pause Mark Start 0.006ms
[18.582s][info][gc,phases   ] GC(60) Concurrent Mark 28.645ms
[18.582s][info][gc,phases   ] GC(60) Pause Mark End 0.009ms
[18.582s][info][gc,phases   ] GC(60) Concurrent Mark Free 0.001ms
[18.583s][info][gc,phases   ] GC(60) Concurrent Process Non-Strong References 0.853ms
[18.583s][info][gc,phases   ] GC(60) Concurrent Reset Relocation Set 0.001ms
[18.585s][info][gc,phases   ] GC(60) Concurrent Select Relocation Set 2.359ms
[18.585s][info][gc,phases   ] GC(60) Pause Relocate Start 0.005ms
[18.587s][info][gc,phases   ] GC(60) Concurrent Relocate 1.180ms
[18.587s][info][gc,load     ] GC(60) Load: 0.00/0.00/0.00
[18.587s][info][gc,mmu      ] GC(60) MMU: 2ms/99.1%, 5ms/99.5%, 10ms/99.8%, 20ms/99.9%, 50ms/99.9%, 100ms/100.0%
[18.587s][info][gc,marking  ] GC(60) Mark: 2 stripe(s), 3 proactive flush(es), 1 terminate flush(es), 0 completion(s), 0 continuation(s) 
[18.587s][info][gc,marking  ] GC(60) Mark Stack Usage: 32M
[18.587s][info][gc,nmethod  ] GC(60) NMethods: 477 registered, 0 unregistered
[18.587s][info][gc,metaspace] GC(60) Metaspace: 1M used, 1M committed, 1088M reserved
[18.587s][info][gc,ref      ] GC(60) Soft: 181 encountered, 0 discovered, 0 enqueued
[18.587s][info][gc,ref      ] GC(60) Weak: 263 encountered, 167 discovered, 0 enqueued
[18.587s][info][gc,ref      ] GC(60) Final: 0 encountered, 0 discovered, 0 enqueued
[18.587s][info][gc,ref      ] GC(60) Phantom: 7 encountered, 4 discovered, 0 enqueued
[18.587s][info][gc,reloc    ] GC(60) Small Pages: 2725 / 5450M, Empty: 0M, Relocated: 1M, In-Place: 0
[18.587s][info][gc,reloc    ] GC(60) Medium Pages: 1 / 32M, Empty: 0M, Relocated: 0M, In-Place: 0
[18.587s][info][gc,reloc    ] GC(60) Large Pages: 0 / 0M, Empty: 0M, Relocated: 0M, In-Place: 0
[18.588s][info][gc,reloc    ] GC(60) Forwarding Usage: 0M
[18.588s][info][gc,heap     ] GC(60) Min Capacity: 16384M(100%)
[18.588s][info][gc,heap     ] GC(60) Max Capacity: 16384M(100%)
[18.588s][info][gc,heap     ] GC(60) Soft Max Capacity: 16384M(100%)
[18.588s][info][gc,heap     ] GC(60)                Mark Start          Mark End        Relocate Start      Relocate End           High               Low         
[18.588s][info][gc,heap     ] GC(60)  Capacity:    16384M (100%)      16384M (100%)      16384M (100%)      16384M (100%)      16384M (100%)      16384M (100%)   
[18.588s][info][gc,heap     ] GC(60)      Free:    10902M (67%)       10900M (67%)       10898M (67%)       10898M (67%)       10902M (67%)       10894M (66%)    
[18.588s][info][gc,heap     ] GC(60)      Used:     5482M (33%)        5484M (33%)        5486M (33%)        5486M (33%)        5490M (34%)        5482M (33%)    
[18.588s][info][gc,heap     ] GC(60)      Live:         -              4975M (30%)        4975M (30%)        4975M (30%)            -                  -          
[18.588s][info][gc,heap     ] GC(60) Allocated:         -                 2M (0%)            4M (0%)            4M (0%)             -                  -          
[18.588s][info][gc,heap     ] GC(60)   Garbage:         -               506M (3%)          506M (3%)          506M (3%)             -                  -          
[18.588s][info][gc,heap     ] GC(60) Reclaimed:         -                  -                 0M (0%)            0M (0%)             -                  -          
[18.588s][info][gc          ] GC(60) Garbage Collection (Timer) 5482M(33%)->5486M(33%)
[18.852s][info][gc,start    ] GC(61) Garbage Collection (Timer)
[18.852s][info][gc,task     ] GC(61) Using 3 workers
[18.852s][info][gc,phases   ] GC(61) Pause Mark Start 0.006ms
[18.882s][info][gc,phases   ] GC(61) Concurrent Mark 29.570ms
[18.882s][info][gc,phases   ] GC(61) Pause Mark End 0.010ms
[18.882s][info][gc,phases   ] GC(61) Concurrent Mark Free 0.001ms
[18.883s][info][gc,phases   ] GC(61) Concurrent Process Non-Strong References 0.903ms
[18.883s][info][gc,phases   ] GC(61) Concurrent Reset Relocation Set 0.001ms
[18.885s][info][gc,phases   ] GC(61) Concurrent Select Relocation Set 2.238ms
[18.886s][info][gc,phases   ] GC(61) Pause Relocate Start 0.004ms
[18.887s][info][gc,phases   ] GC(61) Concurrent Relocate 0.892ms
[18.887s][info][gc,load     ] GC(61) Load: 0.00/0.00/0.00
[18.887s][info][gc,mmu      ] GC(61) MMU: 2ms/99.1%, 5ms/99.5%, 10ms/99.8%, 20ms/99.9%, 50ms/99.9%, 100ms/100.0%
[18.887s][info][gc,marking  ] GC(61) Mark: 2 stripe(s), 2 proactive flush(es), 1 terminate flush(es), 0 completion(s), 0 continuation(s) 
[18.887s][info][gc,marking  ] GC(61) Mark Stack Usage: 32M
[18.887s][info][gc,nmethod  ] GC(61) NMethods: 477 registered, 0 unregistered
[18.887s][info][gc,metaspace] GC(61) Metaspace: 1M used, 1M committed, 1088M reserved
[18.887s][info][gc,ref      ] GC(61) Soft: 181 encountered, 0 discovered, 0 enqueued
[18.887s][info][gc,ref      ] GC(61) Weak: 263 encountered, 188 discovered, 0 enqueued
[18.887s][info][gc,ref      ] GC(61) Final: 0 encountered, 0 discovered, 0 enqueued
[18.887s][info][gc,ref      ] GC(61) Phantom: 7 encountered, 4 discovered, 0 enqueued
[18.887s][info][gc,reloc    ] GC(61) Small Pages: 2742 / 5484M, Empty: 0M, Relocated: 1M, In-Place: 0
[18.887s][info][gc,reloc    ] GC(61) Medium Pages: 1 / 32M, Empty: 0M, Relocated: 0M, In-Place: 0
[18.887s][info][gc,reloc    ] GC(61) Large Pages: 0 / 0M, Empty: 0M, Relocated: 0M, In-Place: 0
[18.887s][info][gc,reloc    ] GC(61) Forwarding Usage: 0M
[18.887s][info][gc,heap     ] GC(61) Min Capacity: 16384M(100%)
[18.887s][info][gc,heap     ] GC(61) Max Capacity: 16384M(100%)
[18.887s][info][gc,heap     ] GC(61) Soft Max Capacity: 16384M(100%)
[18.887s][info][gc,heap     ] GC(61)                Mark Start          Mark End        Relocate Start      Relocate End           High               Low         
[18.887s][info][gc,heap     ] GC(61)  Capacity:    16384M (100%)      16384M (100%)      16384M (100%)      16384M (100%)      16384M (100%)      16384M (100%)   
[18.887s][info][gc,heap     ] GC(61)      Free:    10868M (66%)       10864M (66%)       10862M (66%)       10862M (66%)       10868M (66%)       10856M (66%)    
[18.887s][info][gc,heap     ] GC(61)      Used:     5516M (34%)        5520M (34%)        5522M (34%)        5522M (34%)        5528M (34%)        5516M (34%)    
[18.887s][info][gc,heap     ] GC(61)      Live:         -              5005M (31%)        5005M (31%)        5005M (31%)            -                  -          
[18.887s][info][gc,heap     ] GC(61) Allocated:         -                 4M (0%)            6M (0%)            6M (0%)             -                  -          
[18.887s][info][gc,heap     ] GC(61)   Garbage:         -               510M (3%)          510M (3%)          510M (3%)             -                  -          
[18.887s][info][gc,heap     ] GC(61) Reclaimed:         -                  -                 0M (0%)            0M (0%)             -                  -          
[18.887s][info][gc          ] GC(61) Garbage Collection (Timer) 5516M(34%)->5522M(34%)
[19.152s][info][gc,start    ] GC(62) Garbage Collection (Timer)
[19.152s][info][gc,task     ] GC(62) Using 3 workers
[19.152s][info][gc,phases   ] GC(62) Pause Mark Start 0.006ms
[19.182s][info][gc,phases   ] GC(62) Concurrent Mark 29.615ms
[19.182s][info][gc,phases   ] GC(62) Pause Mark End 0.009ms
[19.182s][info][gc,phases   ] GC(62) Concurrent Mark Free 0.001ms
[19.183s][info][gc,phases   ] GC(62) Concurrent Process Non-Strong References 0.906ms
[19.183s][info][gc,phases   ] GC(62) Concurrent Reset Relocation Set 0.001ms
[19.185s][info][gc,phases   ] GC(62) Concurrent Select Relocation Set 2.247ms
[19.186s][info][gc,phases   ] GC(62) Pause Relocate Start 0.004ms
[19.186s][info][gc,phases   ] GC(62) Concurrent Relocate 0.798ms
[19.187s][info][gc,load     ] GC(62) Load: 0.00/0.00/0.00
[19.187s][info][gc,mmu      ] GC(62) MMU: 2ms/99.1%, 5ms/99.5%, 10ms/99.8%, 20ms/99.9%, 50ms/99.9%, 100ms/100.0%
[19.187s][info][gc,marking  ] GC(62) Mark: 2 stripe(s), 3 proactive flush(es), 1 terminate flush(es), 0 completion(s), 0 continuation(s) 
[19.187s][info][gc,marking  ] GC(62) Mark Stack Usage: 32M
[19.187s][info][gc,nmethod  ] GC(62) NMethods: 477 registered, 0 unregistered
[19.187s][info][gc,metaspace] GC(62) Metaspace: 1M used, 1M committed, 1088M reserved
[19.187s][info][gc,ref      ] GC(62) Soft: 181 encountered, 0 discovered, 0 enqueued
[19.187s][info][gc,ref      ] GC(62) Weak: 263 encountered, 165 discovered, 0 enqueued
[19.187s][info][gc,ref      ] GC(62) Final: 0 encountered, 0 discovered, 0 enqueued
[19.187s][info][gc,ref      ] GC(62) Phantom: 7 encountered, 3 discovered, 0 enqueued
[19.187s][info][gc,reloc    ] GC(62) Small Pages: 2762 / 5524M, Empty: 0M, Relocated: 1M, In-Place: 0
[19.187s][info][gc,reloc    ] GC(62) Medium Pages: 1 / 32M, Empty: 0M, Relocated: 0M, In-Place: 0
[19.187s][info][gc,reloc    ] GC(62) Large Pages: 0 / 0M, Empty: 0M, Relocated: 0M, In-Place: 0
[19.187s][info][gc,reloc    ] GC(62) Forwarding Usage: 0M
[19.187s][info][gc,heap     ] GC(62) Min Capacity: 16384M(100%)
[19.187s][info][gc,heap     ] GC(62) Max Capacity: 16384M(100%)
[19.187s][info][gc,heap     ] GC(62) Soft Max Capacity: 16384M(100%)
[19.187s][info][gc,heap     ] GC(62)                Mark Start          Mark End        Relocate Start      Relocate End           High               Low         
[19.187s][info][gc,heap     ] GC(62)  Capacity:    16384M (100%)      16384M (100%)      16384M (100%)      16384M (100%)      16384M (100%)      16384M (100%)   
[19.187s][info][gc,heap     ] GC(62)      Free:    10828M (66%)       10824M (66%)       10824M (66%)       10826M (66%)       10828M (66%)       10820M (66%)    
[19.187s][info][gc,heap     ] GC(62)      Used:     5556M (34%)        5560M (34%)        5560M (34%)        5558M (34%)        5564M (34%)        5556M (34%)    
[19.187s][info][gc,heap     ] GC(62)      Live:         -              5039M (31%)        5039M (31%)        5039M (31%)            -                  -          
[19.187s][info][gc,heap     ] GC(62) Allocated:         -                 4M (0%)            4M (0%)            4M (0%)             -                  -          
[19.187s][info][gc,heap     ] GC(62)   Garbage:         -               516M (3%)          516M (3%)          514M (3%)             -                  -          
[19.187s][info][gc,heap     ] GC(62) Reclaimed:         -                  -                 0M (0%)            2M (0%)             -                  -          
[19.187s][info][gc          ] GC(62) Garbage Collection (Timer) 5556M(34%)->5558M(34%)
[19.452s][info][gc,start    ] GC(63) Garbage Collection (Timer)
[19.452s][info][gc,task     ] GC(63) Using 3 workers
[19.452s][info][gc,phases   ] GC(63) Pause Mark Start 0.006ms
[19.482s][info][gc,phases   ] GC(63) Concurrent Mark 29.596ms
[19.482s][info][gc,phases   ] GC(63) Pause Mark End 0.009ms
[19.482s][info][gc,phases   ] GC(63) Concurrent Mark Free 0.001ms
[19.483s][info][gc,phases   ] GC(63) Concurrent Process Non-Strong References 0.878ms
[19.483s][info][gc,phases   ] GC(63) Concurrent Reset Relocation Set 0.001ms
[19.486s][info][gc,phases   ] GC(63) Concurrent Select Relocation Set 2.351ms
[19.486s][info][gc,phases   ] GC(63) Pause Relocate Start 0.005ms
[19.487s][info][gc,phases   ] GC(63) Concurrent Relocate 1.419ms
[19.487s][info][gc,load     ] GC(63) Load: 0.00/0.00/0.00
[19.487s][info][gc,mmu      ] GC(63) MMU: 2ms/99.1%, 5ms/99.5%, 10ms/99.8%, 20ms/99.9%, 50ms/99.9%, 100ms/100.0%
[19.487s][info][gc,marking  ] GC(63) Mark: 2 stripe(s), 2 proactive flush(es), 1 terminate flush(es), 0 completion(s), 0 continuation(s) 
[19.487s][info][gc,marking  ] GC(63) Mark Stack Usage: 32M
[19.488s][info][gc,nmethod  ] GC(63) NMethods: 477 registered, 0 unregistered
[19.488s][info][gc,metaspace] GC(63) Metaspace: 1M used, 1M committed, 1088M reserved
[19.488s][info][gc,ref      ] GC(63) Soft: 181 encountered, 0 discovered, 0 enqueued
[19.488s][info][gc,ref      ] GC(63) Weak: 263 encountered, 165 discovered, 0 enqueued
[19.488s][info][gc,ref      ] GC(63) Final: 0 encountered, 0 discovered, 0 enqueued
[19.488s][info][gc,ref      ] GC(63) Phantom: 7 encountered, 4 discovered, 0 enqueued
[19.488s][info][gc,reloc    ] GC(63) Small Pages: 2781 / 5562M, Empty: 0M, Relocated: 3M, In-Place: 0
[19.488s][info][gc,reloc    ] GC(63) Medium Pages: 1 / 32M, Empty: 0M, Relocated: 0M, In-Place: 0
[19.488s][info][gc,reloc    ] GC(63) Large Pages: 0 / 0M, Empty: 0M, Relocated: 0M, In-Place: 0
[19.488s][info][gc,reloc    ] GC(63) Forwarding Usage: 0M
[19.488s][info][gc,heap     ] GC(63) Min Capacity: 16384M(100%)
[19.488s][info][gc,heap     ] GC(63) Max Capacity: 16384M(100%)
[19.488s][info][gc,heap     ] GC(63) Soft Max Capacity: 16384M(100%)
[19.488s][info][gc,heap     ] GC(63)                Mark Start          Mark End        Relocate Start      Relocate End           High               Low         
[19.488s][info][gc,heap     ] GC(63)  Capacity:    16384M (100%)      16384M (100%)      16384M (100%)      16384M (100%)      16384M (100%)      16384M (100%)   
[19.488s][info][gc,heap     ] GC(63)      Free:    10790M (66%)       10786M (66%)       10786M (66%)       10790M (66%)       10790M (66%)       10782M (66%)    
[19.488s][info][gc,heap     ] GC(63)      Used:     5594M (34%)        5598M (34%)        5598M (34%)        5594M (34%)        5602M (34%)        5594M (34%)    
[19.488s][info][gc,heap     ] GC(63)      Live:         -              5075M (31%)        5075M (31%)        5075M (31%)            -                  -          
[19.488s][info][gc,heap     ] GC(63) Allocated:         -                 4M (0%)            4M (0%)            4M (0%)             -                  -          
[19.488s][info][gc,heap     ] GC(63)   Garbage:         -               518M (3%)          518M (3%)          514M (3%)             -                  -          
[19.488s][info][gc,heap     ] GC(63) Reclaimed:         -                  -                 0M (0%)            4M (0%)             -                  -          
[19.488s][info][gc          ] GC(63) Garbage Collection (Timer) 5594M(34%)->5594M(34%)
[19.752s][info][gc,start    ] GC(64) Garbage Collection (Timer)
[19.752s][info][gc,task     ] GC(64) Using 3 workers
[19.753s][info][gc,phases   ] GC(64) Pause Mark Start 0.006ms
[19.784s][info][gc,phases   ] GC(64) Concurrent Mark 31.499ms
[19.784s][info][gc,phases   ] GC(64) Pause Mark End 0.010ms
[19.784s][info][gc,phases   ] GC(64) Concurrent Mark Free 0.001ms
[19.785s][info][gc,phases   ] GC(64) Concurrent Process Non-Strong References 0.642ms
[19.785s][info][gc,phases   ] GC(64) Concurrent Reset Relocation Set 0.001ms
[19.787s][info][gc,phases   ] GC(64) Concurrent Select Relocation Set 2.318ms
[19.788s][info][gc,phases   ] GC(64) Pause Relocate Start 0.005ms
[19.789s][info][gc,phases   ] GC(64) Concurrent Relocate 1.292ms
[19.789s][info][gc,load     ] GC(64) Load: 0.00/0.00/0.00
[19.789s][info][gc,mmu      ] GC(64) MMU: 2ms/99.1%, 5ms/99.5%, 10ms/99.8%, 20ms/99.9%, 50ms/99.9%, 100ms/100.0%
[19.789s][info][gc,marking  ] GC(64) Mark: 2 stripe(s), 2 proactive flush(es), 1 terminate flush(es), 0 completion(s), 0 continuation(s) 
[19.789s][info][gc,marking  ] GC(64) Mark Stack Usage: 32M
[19.789s][info][gc,nmethod  ] GC(64) NMethods: 477 registered, 0 unregistered
[19.789s][info][gc,metaspace] GC(64) Metaspace: 1M used, 1M committed, 1088M reserved
[19.789s][info][gc,ref      ] GC(64) Soft: 181 encountered, 0 discovered, 0 enqueued
[19.789s][info][gc,ref      ] GC(64) Weak: 263 encountered, 185 discovered, 0 enqueued
[19.789s][info][gc,ref      ] GC(64) Final: 0 encountered, 0 discovered, 0 enqueued
[19.789s][info][gc,ref      ] GC(64) Phantom: 7 encountered, 3 discovered, 0 enqueued
[19.789s][info][gc,reloc    ] GC(64) Small Pages: 2803 / 5606M, Empty: 0M, Relocated: 3M, In-Place: 0
[19.789s][info][gc,reloc    ] GC(64) Medium Pages: 1 / 32M, Empty: 0M, Relocated: 0M, In-Place: 0
[19.789s][info][gc,reloc    ] GC(64) Large Pages: 0 / 0M, Empty: 0M, Relocated: 0M, In-Place: 0
[19.789s][info][gc,reloc    ] GC(64) Forwarding Usage: 0M
[19.789s][info][gc,heap     ] GC(64) Min Capacity: 16384M(100%)
[19.789s][info][gc,heap     ] GC(64) Max Capacity: 16384M(100%)
[19.789s][info][gc,heap     ] GC(64) Soft Max Capacity: 16384M(100%)
[19.789s][info][gc,heap     ] GC(64)                Mark Start          Mark End        Relocate Start      Relocate End           High               Low         
[19.789s][info][gc,heap     ] GC(64)  Capacity:    16384M (100%)      16384M (100%)      16384M (100%)      16384M (100%)      16384M (100%)      16384M (100%)   
[19.790s][info][gc,heap     ] GC(64)      Free:    10746M (66%)       10744M (66%)       10744M (66%)       10742M (66%)       10746M (66%)       10736M (66%)    
[19.790s][info][gc,heap     ] GC(64)      Used:     5638M (34%)        5640M (34%)        5640M (34%)        5642M (34%)        5648M (34%)        5638M (34%)    
[19.790s][info][gc,heap     ] GC(64)      Live:         -              5118M (31%)        5118M (31%)        5118M (31%)            -                  -          
[19.790s][info][gc,heap     ] GC(64) Allocated:         -                 2M (0%)            2M (0%)            4M (0%)             -                  -          
[19.790s][info][gc,heap     ] GC(64)   Garbage:         -               519M (3%)          519M (3%)          519M (3%)             -                  -          
[19.790s][info][gc,heap     ] GC(64) Reclaimed:         -                  -                 0M (0%)            0M (0%)             -                  -          
[19.790s][info][gc          ] GC(64) Garbage Collection (Timer) 5638M(34%)->5642M(34%)
[20.052s][info][gc,start    ] GC(65) Garbage Collection (Timer)
[20.052s][info][gc,task     ] GC(65) Using 3 workers
[20.052s][info][gc,phases   ] GC(65) Pause Mark Start 0.005ms
[20.084s][info][gc,phases   ] GC(65) Concurrent Mark 31.520ms
[20.084s][info][gc,phases   ] GC(65) Pause Mark End 0.009ms
[20.084s][info][gc,phases   ] GC(65) Concurrent Mark Free 0.001ms
[20.085s][info][gc,phases   ] GC(65) Concurrent Process Non-Strong References 0.644ms
[20.085s][info][gc,phases   ] GC(65) Concurrent Reset Relocation Set 0.001ms
[20.087s][info][gc,phases   ] GC(65) Concurrent Select Relocation Set 2.303ms
[20.087s][info][gc,phases   ] GC(65) Pause Relocate Start 0.005ms
[20.089s][info][gc,phases   ] GC(65) Concurrent Relocate 1.381ms
[20.089s][info][gc,load     ] GC(65) Load: 0.00/0.00/0.00
[20.089s][info][gc,mmu      ] GC(65) MMU: 2ms/99.1%, 5ms/99.5%, 10ms/99.8%, 20ms/99.9%, 50ms/99.9%, 100ms/100.0%
[20.089s][info][gc,marking  ] GC(65) Mark: 2 stripe(s), 2 proactive flush(es), 1 terminate flush(es), 0 completion(s), 0 continuation(s) 
[20.089s][info][gc,marking  ] GC(65) Mark Stack Usage: 32M
[20.089s][info][gc,nmethod  ] GC(65) NMethods: 477 registered, 0 unregistered
[20.089s][info][gc,metaspace] GC(65) Metaspace: 1M used, 1M committed, 1088M reserved
[20.089s][info][gc,ref      ] GC(65) Soft: 181 encountered, 0 discovered, 0 enqueued
[20.089s][info][gc,ref      ] GC(65) Weak: 263 encountered, 188 discovered, 0 enqueued
[20.089s][info][gc,ref      ] GC(65) Final: 0 encountered, 0 discovered, 0 enqueued
[20.089s][info][gc,ref      ] GC(65) Phantom: 7 encountered, 4 discovered, 0 enqueued
[20.089s][info][gc,reloc    ] GC(65) Small Pages: 2836 / 5672M, Empty: 0M, Relocated: 3M, In-Place: 0
[20.089s][info][gc,reloc    ] GC(65) Medium Pages: 1 / 32M, Empty: 0M, Relocated: 0M, In-Place: 0
[20.089s][info][gc,reloc    ] GC(65) Large Pages: 0 / 0M, Empty: 0M, Relocated: 0M, In-Place: 0
[20.089s][info][gc,reloc    ] GC(65) Forwarding Usage: 0M
[20.089s][info][gc,heap     ] GC(65) Min Capacity: 16384M(100%)
[20.089s][info][gc,heap     ] GC(65) Max Capacity: 16384M(100%)
[20.089s][info][gc,heap     ] GC(65) Soft Max Capacity: 16384M(100%)
[20.089s][info][gc,heap     ] GC(65)                Mark Start          Mark End        Relocate Start      Relocate End           High               Low         
[20.089s][info][gc,heap     ] GC(65)  Capacity:    16384M (100%)      16384M (100%)      16384M (100%)      16384M (100%)      16384M (100%)      16384M (100%)   
[20.089s][info][gc,heap     ] GC(65)      Free:    10680M (65%)       10678M (65%)       10678M (65%)       10680M (65%)       10680M (65%)       10672M (65%)    
[20.089s][info][gc,heap     ] GC(65)      Used:     5704M (35%)        5706M (35%)        5706M (35%)        5704M (35%)        5712M (35%)        5704M (35%)    
[20.089s][info][gc,heap     ] GC(65)      Live:         -              5177M (32%)        5177M (32%)        5177M (32%)            -                  -          
[20.089s][info][gc,heap     ] GC(65) Allocated:         -                 2M (0%)            2M (0%)            2M (0%)             -                  -          
[20.089s][info][gc,heap     ] GC(65)   Garbage:         -               526M (3%)          526M (3%)          524M (3%)             -                  -          
[20.089s][info][gc,heap     ] GC(65) Reclaimed:         -                  -                 0M (0%)            2M (0%)             -                  -          
[20.089s][info][gc          ] GC(65) Garbage Collection (Timer) 5704M(35%)->5704M(35%)
[20.352s][info][gc,start    ] GC(66) Garbage Collection (Timer)
[20.352s][info][gc,task     ] GC(66) Using 3 workers
[20.352s][info][gc,phases   ] GC(66) Pause Mark Start 0.006ms
[20.384s][info][gc,phases   ] GC(66) Concurrent Mark 31.639ms
[20.384s][info][gc,phases   ] GC(66) Pause Mark End 0.009ms
[20.384s][info][gc,phases   ] GC(66) Concurrent Mark Free 0.001ms
[20.385s][info][gc,phases   ] GC(66) Concurrent Process Non-Strong References 0.748ms
[20.385s][info][gc,phases   ] GC(66) Concurrent Reset Relocation Set 0.001ms
[20.388s][info][gc,phases   ] GC(66) Concurrent Select Relocation Set 2.264ms
[20.388s][info][gc,phases   ] GC(66) Pause Relocate Start 0.004ms
[20.389s][info][gc,phases   ] GC(66) Concurrent Relocate 1.063ms
[20.389s][info][gc,load     ] GC(66) Load: 0.00/0.00/0.00
[20.389s][info][gc,mmu      ] GC(66) MMU: 2ms/99.1%, 5ms/99.5%, 10ms/99.8%, 20ms/99.9%, 50ms/99.9%, 100ms/100.0%
[20.389s][info][gc,marking  ] GC(66) Mark: 2 stripe(s), 2 proactive flush(es), 1 terminate flush(es), 0 completion(s), 0 continuation(s) 
[20.389s][info][gc,marking  ] GC(66) Mark Stack Usage: 32M
[20.389s][info][gc,nmethod  ] GC(66) NMethods: 477 registered, 0 unregistered
[20.389s][info][gc,metaspace] GC(66) Metaspace: 1M used, 1M committed, 1088M reserved
[20.389s][info][gc,ref      ] GC(66) Soft: 181 encountered, 0 discovered, 0 enqueued
[20.389s][info][gc,ref      ] GC(66) Weak: 263 encountered, 166 discovered, 0 enqueued
[20.389s][info][gc,ref      ] GC(66) Final: 0 encountered, 0 discovered, 0 enqueued
[20.389s][info][gc,ref      ] GC(66) Phantom: 7 encountered, 3 discovered, 0 enqueued
[20.389s][info][gc,reloc    ] GC(66) Small Pages: 2864 / 5728M, Empty: 0M, Relocated: 2M, In-Place: 0
[20.389s][info][gc,reloc    ] GC(66) Medium Pages: 1 / 32M, Empty: 0M, Relocated: 0M, In-Place: 0
[20.389s][info][gc,reloc    ] GC(66) Large Pages: 0 / 0M, Empty: 0M, Relocated: 0M, In-Place: 0
[20.389s][info][gc,reloc    ] GC(66) Forwarding Usage: 0M
[20.389s][info][gc,heap     ] GC(66) Min Capacity: 16384M(100%)
[20.389s][info][gc,heap     ] GC(66) Max Capacity: 16384M(100%)
[20.389s][info][gc,heap     ] GC(66) Soft Max Capacity: 16384M(100%)
[20.389s][info][gc,heap     ] GC(66)                Mark Start          Mark End        Relocate Start      Relocate End           High               Low         
[20.389s][info][gc,heap     ] GC(66)  Capacity:    16384M (100%)      16384M (100%)      16384M (100%)      16384M (100%)      16384M (100%)      16384M (100%)   
[20.389s][info][gc,heap     ] GC(66)      Free:    10624M (65%)       10620M (65%)       10620M (65%)       10620M (65%)       10624M (65%)       10614M (65%)    
[20.389s][info][gc,heap     ] GC(66)      Used:     5760M (35%)        5764M (35%)        5764M (35%)        5764M (35%)        5770M (35%)        5760M (35%)    
[20.389s][info][gc,heap     ] GC(66)      Live:         -              5229M (32%)        5229M (32%)        5229M (32%)            -                  -          
[20.389s][info][gc,heap     ] GC(66) Allocated:         -                 4M (0%)            4M (0%)            4M (0%)             -                  -          
[20.389s][info][gc,heap     ] GC(66)   Garbage:         -               530M (3%)          530M (3%)          530M (3%)             -                  -          
[20.389s][info][gc,heap     ] GC(66) Reclaimed:         -                  -                 0M (0%)            0M (0%)             -                  -          
[20.389s][info][gc          ] GC(66) Garbage Collection (Timer) 5760M(35%)->5764M(35%)
[20.652s][info][gc,start    ] GC(67) Garbage Collection (Timer)
[20.652s][info][gc,task     ] GC(67) Using 3 workers
[20.653s][info][gc,phases   ] GC(67) Pause Mark Start 0.005ms
[20.684s][info][gc,phases   ] GC(67) Concurrent Mark 31.566ms
[20.684s][info][gc,phases   ] GC(67) Pause Mark End 0.010ms
[20.685s][info][gc,phases   ] GC(67) Concurrent Mark Free 0.001ms
[20.685s][info][gc,phases   ] GC(67) Concurrent Process Non-Strong References 0.784ms
[20.685s][info][gc,phases   ] GC(67) Concurrent Reset Relocation Set 0.001ms
[20.688s][info][gc,phases   ] GC(67) Concurrent Select Relocation Set 2.308ms
[20.688s][info][gc,phases   ] GC(67) Pause Relocate Start 0.005ms
[20.689s][info][gc,phases   ] GC(67) Concurrent Relocate 1.333ms
[20.689s][info][gc,load     ] GC(67) Load: 0.00/0.00/0.00
[20.689s][info][gc,mmu      ] GC(67) MMU: 2ms/99.1%, 5ms/99.5%, 10ms/99.8%, 20ms/99.9%, 50ms/99.9%, 100ms/100.0%
[20.690s][info][gc,marking  ] GC(67) Mark: 2 stripe(s), 2 proactive flush(es), 1 terminate flush(es), 0 completion(s), 0 continuation(s) 
[20.690s][info][gc,marking  ] GC(67) Mark Stack Usage: 32M
[20.690s][info][gc,nmethod  ] GC(67) NMethods: 477 registered, 0 unregistered
[20.690s][info][gc,metaspace] GC(67) Metaspace: 1M used, 1M committed, 1088M reserved
[20.690s][info][gc,ref      ] GC(67) Soft: 181 encountered, 0 discovered, 0 enqueued
[20.690s][info][gc,ref      ] GC(67) Weak: 263 encountered, 164 discovered, 0 enqueued
[20.690s][info][gc,ref      ] GC(67) Final: 0 encountered, 0 discovered, 0 enqueued
[20.690s][info][gc,ref      ] GC(67) Phantom: 7 encountered, 3 discovered, 0 enqueued
[20.690s][info][gc,reloc    ] GC(67) Small Pages: 2894 / 5788M, Empty: 0M, Relocated: 3M, In-Place: 0
[20.690s][info][gc,reloc    ] GC(67) Medium Pages: 1 / 32M, Empty: 0M, Relocated: 0M, In-Place: 0
[20.690s][info][gc,reloc    ] GC(67) Large Pages: 0 / 0M, Empty: 0M, Relocated: 0M, In-Place: 0
[20.690s][info][gc,reloc    ] GC(67) Forwarding Usage: 0M
[20.690s][info][gc,heap     ] GC(67) Min Capacity: 16384M(100%)
[20.690s][info][gc,heap     ] GC(67) Max Capacity: 16384M(100%)
[20.690s][info][gc,heap     ] GC(67) Soft Max Capacity: 16384M(100%)
[20.690s][info][gc,heap     ] GC(67)                Mark Start          Mark End        Relocate Start      Relocate End           High               Low         
[20.690s][info][gc,heap     ] GC(67)  Capacity:    16384M (100%)      16384M (100%)      16384M (100%)      16384M (100%)      16384M (100%)      16384M (100%)   
[20.690s][info][gc,heap     ] GC(67)      Free:    10564M (64%)       10562M (64%)       10560M (64%)       10562M (64%)       10564M (64%)       10554M (64%)    
[20.690s][info][gc,heap     ] GC(67)      Used:     5820M (36%)        5822M (36%)        5824M (36%)        5822M (36%)        5830M (36%)        5820M (36%)    
[20.690s][info][gc,heap     ] GC(67)      Live:         -              5283M (32%)        5283M (32%)        5283M (32%)            -                  -          
[20.690s][info][gc,heap     ] GC(67) Allocated:         -                 2M (0%)            4M (0%)            4M (0%)             -                  -          
[20.690s][info][gc,heap     ] GC(67)   Garbage:         -               536M (3%)          536M (3%)          534M (3%)             -                  -          
[20.690s][info][gc,heap     ] GC(67) Reclaimed:         -                  -                 0M (0%)            2M (0%)             -                  -          
[20.690s][info][gc          ] GC(67) Garbage Collection (Timer) 5820M(36%)->5822M(36%)
[20.952s][info][gc,stats    ] === Garbage Collection Statistics =======================================================================================================================
[20.953s][info][gc,start    ] GC(68) Garbage Collection (Timer)
[20.953s][info][gc,stats    ]                                                              Last 10s              Last 10m              Last 10h                Total
[20.953s][info][gc,task     ] GC(68) Using 3 workers
[20.953s][info][gc,stats    ]                                                              Avg / Max             Avg / Max             Avg / Max             Avg / Max
[20.953s][info][gc,stats    ]   Collector: Garbage Collection Cycle                     33.731 / 37.032       31.258 / 37.032       31.258 / 37.032       31.258 / 37.032      ms
[20.953s][info][gc,stats    ]  Contention: Mark Segment Reset Contention                     6 / 11                4 / 11                4 / 11                4 / 11          ops/s
[20.953s][info][gc,phases   ] GC(68) Pause Mark Start 0.005ms
[20.953s][info][gc,stats    ]  Contention: Mark SeqNum Reset Contention                      3 / 4                 2 / 4                 2 / 4                 2 / 4           ops/s
[20.953s][info][gc,stats    ]    Critical: Allocation Stall                                  0 / 0                 0 / 0                 0 / 0                 0 / 0           ops/s
[20.953s][info][gc,stats    ]    Critical: Allocation Stall                              0.000 / 0.000         0.000 / 0.000         0.000 / 0.000         0.000 / 0.000       ms
[20.953s][info][gc,stats    ]    Critical: GC Locker Stall                                   0 / 0                 0 / 0                 0 / 0                 0 / 0           ops/s
[20.953s][info][gc,stats    ]    Critical: GC Locker Stall                               0.000 / 0.000         0.000 / 0.000         0.000 / 0.000         0.000 / 0.000       ms
[20.953s][info][gc,stats    ]    Critical: Relocation Stall                                  0 / 0                 0 / 0                 0 / 0                 0 / 0           ops/s
[20.953s][info][gc,stats    ]    Critical: Relocation Stall                              0.000 / 0.000         0.000 / 0.000         0.000 / 0.000         0.000 / 0.000       ms
[20.953s][info][gc,stats    ]      Memory: Allocation Rate                                 123 / 192             303 / 760             303 / 760             303 / 760         MB/s
[20.953s][info][gc,stats    ]      Memory: Out Of Memory                                     0 / 0                 0 / 0                 0 / 0                 0 / 0           ops/s
[20.953s][info][gc,stats    ]      Memory: Page Cache Flush                                  0 / 0                 0 / 0                 0 / 0                 0 / 0           MB/s
[20.953s][info][gc,stats    ]      Memory: Page Cache Hit L1                                11 / 16               11 / 17               11 / 17               11 / 17          ops/s
[20.953s][info][gc,stats    ]      Memory: Page Cache Hit L2                                 0 / 0                 0 / 0                 0 / 0                 0 / 0           ops/s
[20.953s][info][gc,stats    ]      Memory: Page Cache Hit L3                                58 / 94              146 / 377             146 / 377             146 / 377         ops/s
[20.953s][info][gc,stats    ]      Memory: Page Cache Miss                                   0 / 0                 0 / 1                 0 / 1                 0 / 1           ops/s
[20.953s][info][gc,stats    ]      Memory: Uncommit                                          0 / 0                 0 / 0                 0 / 0                 0 / 0           MB/s
[20.953s][info][gc,stats    ]      Memory: Undo Object Allocation Failed                     0 / 0                 0 / 0                 0 / 0                 0 / 0           ops/s
[20.954s][info][gc,stats    ]      Memory: Undo Object Allocation Succeeded                  0 / 0                 0 / 1                 0 / 1                 0 / 1           ops/s
[20.954s][info][gc,stats    ]      Memory: Undo Page Allocation                              0 / 0                 0 / 0                 0 / 0                 0 / 0           ops/s
[20.954s][info][gc,stats    ]       Phase: Concurrent Mark                              28.512 / 31.639       25.739 / 31.639       25.739 / 31.639       25.739 / 31.639      ms
[20.954s][info][gc,stats    ]       Phase: Concurrent Mark Continue                      0.000 / 0.000         0.000 / 0.000         0.000 / 0.000         0.000 / 0.000       ms
[20.954s][info][gc,stats    ]       Phase: Concurrent Mark Free                          0.001 / 0.001         0.001 / 0.001         0.001 / 0.001         0.001 / 0.001       ms
[20.954s][info][gc,stats    ]       Phase: Concurrent Process Non-Strong References      0.803 / 0.910         0.786 / 0.958         0.786 / 0.958         0.786 / 0.958       ms
[20.954s][info][gc,stats    ]       Phase: Concurrent Relocate                           1.033 / 1.907         1.191 / 2.799         1.191 / 2.799         1.191 / 2.799       ms
[20.954s][info][gc,stats    ]       Phase: Concurrent Reset Relocation Set               0.001 / 0.001         0.001 / 0.002         0.001 / 0.002         0.001 / 0.002       ms
[20.954s][info][gc,stats    ]       Phase: Concurrent Select Relocation Set              2.343 / 3.016         2.504 / 9.787         2.504 / 9.787         2.504 / 9.787       ms
[20.954s][info][gc,stats    ]       Phase: Pause Mark End                                0.009 / 0.012         0.010 / 0.017         0.010 / 0.017         0.010 / 0.017       ms
[20.954s][info][gc,stats    ]       Phase: Pause Mark Start                              0.006 / 0.008         0.006 / 0.008         0.006 / 0.008         0.006 / 0.008       ms
[20.954s][info][gc,stats    ]       Phase: Pause Relocate Start                          0.005 / 0.007         0.005 / 0.009         0.005 / 0.009         0.005 / 0.009       ms
[20.954s][info][gc,stats    ]    Subphase: Concurrent Classes Purge                      0.106 / 0.142         0.104 / 0.142         0.104 / 0.142         0.104 / 0.142       ms
[20.954s][info][gc,stats    ]    Subphase: Concurrent Classes Unlink                     0.279 / 0.332         0.264 / 0.332         0.264 / 0.332         0.264 / 0.332       ms
[20.954s][info][gc,stats    ]    Subphase: Concurrent Mark                              27.398 / 31.063       24.610 / 31.063       24.610 / 31.063       24.610 / 31.063      ms
[20.954s][info][gc,stats    ]    Subphase: Concurrent Mark Try Flush                     0.123 / 0.204         0.320 / 6.476         0.320 / 6.476         0.320 / 6.476       ms
[20.954s][info][gc,stats    ]    Subphase: Concurrent Mark Try Terminate                 1.113 / 2.649         1.134 / 2.649         1.134 / 2.649         1.134 / 2.649       ms
[20.954s][info][gc,stats    ]    Subphase: Concurrent References Enqueue                 0.000 / 0.000         0.000 / 0.004         0.000 / 0.004         0.000 / 0.004       ms
[20.954s][info][gc,stats    ]    Subphase: Concurrent References Process                 0.110 / 0.158         0.105 / 0.158         0.105 / 0.158         0.105 / 0.158       ms
[20.954s][info][gc,stats    ]    Subphase: Concurrent Roots ClassLoaderDataGraph         0.041 / 0.117         0.043 / 0.166         0.043 / 0.166         0.043 / 0.166       ms
[20.954s][info][gc,stats    ]    Subphase: Concurrent Roots CodeCache                    0.000 / 0.000         0.000 / 0.000         0.000 / 0.000         0.000 / 0.000       ms
[20.954s][info][gc,stats    ]    Subphase: Concurrent Roots JavaThreads                  0.215 / 0.676         0.206 / 0.705         0.206 / 0.705         0.206 / 0.705       ms
[20.954s][info][gc,stats    ]    Subphase: Concurrent Roots OopStorageSet                0.007 / 0.014         0.008 / 0.049         0.008 / 0.049         0.008 / 0.049       ms
[20.954s][info][gc,stats    ]    Subphase: Concurrent Weak Roots OopStorageSet           0.091 / 0.123         0.100 / 0.239         0.100 / 0.239         0.100 / 0.239       ms
[20.954s][info][gc,stats    ]    Subphase: Pause Mark Try Complete                       0.000 / 0.000         0.000 / 0.000         0.000 / 0.000         0.000 / 0.000       ms
[20.954s][info][gc,stats    ]      System: Java Threads                                     13 / 13               12 / 14               12 / 14               12 / 14          threads
[20.954s][info][gc,stats    ] =========================================================================================================================================================
[20.986s][info][gc,phases   ] GC(68) Concurrent Mark 33.025ms
[20.986s][info][gc,phases   ] GC(68) Pause Mark End 0.009ms
[20.986s][info][gc,phases   ] GC(68) Concurrent Mark Free 0.001ms
[20.987s][info][gc,phases   ] GC(68) Concurrent Process Non-Strong References 0.679ms
[20.987s][info][gc,phases   ] GC(68) Concurrent Reset Relocation Set 0.001ms
[20.989s][info][gc,phases   ] GC(68) Concurrent Select Relocation Set 2.297ms
[20.990s][info][gc,phases   ] GC(68) Pause Relocate Start 0.005ms
[20.991s][info][gc,phases   ] GC(68) Concurrent Relocate 1.113ms
[20.991s][info][gc,load     ] GC(68) Load: 0.00/0.00/0.00
[20.991s][info][gc,mmu      ] GC(68) MMU: 2ms/99.1%, 5ms/99.5%, 10ms/99.8%, 20ms/99.9%, 50ms/99.9%, 100ms/100.0%
[20.991s][info][gc,marking  ] GC(68) Mark: 2 stripe(s), 2 proactive flush(es), 1 terminate flush(es), 0 completion(s), 0 continuation(s) 
[20.991s][info][gc,marking  ] GC(68) Mark Stack Usage: 32M
[20.991s][info][gc,nmethod  ] GC(68) NMethods: 477 registered, 0 unregistered
[20.991s][info][gc,metaspace] GC(68) Metaspace: 1M used, 1M committed, 1088M reserved
[20.991s][info][gc,ref      ] GC(68) Soft: 181 encountered, 0 discovered, 0 enqueued
[20.991s][info][gc,ref      ] GC(68) Weak: 263 encountered, 183 discovered, 0 enqueued
[20.991s][info][gc,ref      ] GC(68) Final: 0 encountered, 0 discovered, 0 enqueued
[20.991s][info][gc,ref      ] GC(68) Phantom: 7 encountered, 4 discovered, 0 enqueued
[20.991s][info][gc,reloc    ] GC(68) Small Pages: 2919 / 5838M, Empty: 0M, Relocated: 2M, In-Place: 0
[20.991s][info][gc,reloc    ] GC(68) Medium Pages: 1 / 32M, Empty: 0M, Relocated: 0M, In-Place: 0
[20.991s][info][gc,reloc    ] GC(68) Large Pages: 0 / 0M, Empty: 0M, Relocated: 0M, In-Place: 0
[20.991s][info][gc,reloc    ] GC(68) Forwarding Usage: 0M
[20.991s][info][gc,heap     ] GC(68) Min Capacity: 16384M(100%)
[20.991s][info][gc,heap     ] GC(68) Max Capacity: 16384M(100%)
[20.991s][info][gc,heap     ] GC(68) Soft Max Capacity: 16384M(100%)
[20.991s][info][gc,heap     ] GC(68)                Mark Start          Mark End        Relocate Start      Relocate End           High               Low         
[20.991s][info][gc,heap     ] GC(68)  Capacity:    16384M (100%)      16384M (100%)      16384M (100%)      16384M (100%)      16384M (100%)      16384M (100%)   
[20.991s][info][gc,heap     ] GC(68)      Free:    10514M (64%)       10512M (64%)       10512M (64%)       10512M (64%)       10514M (64%)       10506M (64%)    
[20.991s][info][gc,heap     ] GC(68)      Used:     5870M (36%)        5872M (36%)        5872M (36%)        5872M (36%)        5878M (36%)        5870M (36%)    
[20.991s][info][gc,heap     ] GC(68)      Live:         -              5329M (33%)        5329M (33%)        5329M (33%)            -                  -          
[20.992s][info][gc,heap     ] GC(68) Allocated:         -                 2M (0%)            2M (0%)            2M (0%)             -                  -          
[20.992s][info][gc,heap     ] GC(68)   Garbage:         -               540M (3%)          540M (3%)          540M (3%)             -                  -          
[20.992s][info][gc,heap     ] GC(68) Reclaimed:         -                  -                 0M (0%)            0M (0%)             -                  -          
[20.992s][info][gc          ] GC(68) Garbage Collection (Timer) 5870M(36%)->5872M(36%)
[21.252s][info][gc,start    ] GC(69) Garbage Collection (Timer)
[21.253s][info][gc,task     ] GC(69) Using 3 workers
[21.253s][info][gc,phases   ] GC(69) Pause Mark Start 0.006ms
[21.285s][info][gc,phases   ] GC(69) Concurrent Mark 32.577ms
[21.286s][info][gc,phases   ] GC(69) Pause Mark End 0.010ms
[21.286s][info][gc,phases   ] GC(69) Concurrent Mark Free 0.001ms
[21.287s][info][gc,phases   ] GC(69) Concurrent Process Non-Strong References 0.852ms
[21.287s][info][gc,phases   ] GC(69) Concurrent Reset Relocation Set 0.001ms
[21.289s][info][gc,phases   ] GC(69) Concurrent Select Relocation Set 2.243ms
[21.289s][info][gc,phases   ] GC(69) Pause Relocate Start 0.005ms
[21.292s][info][gc,phases   ] GC(69) Concurrent Relocate 3.221ms
[21.292s][info][gc,load     ] GC(69) Load: 0.00/0.00/0.00
[21.292s][info][gc,mmu      ] GC(69) MMU: 2ms/99.1%, 5ms/99.5%, 10ms/99.8%, 20ms/99.9%, 50ms/99.9%, 100ms/100.0%
[21.292s][info][gc,marking  ] GC(69) Mark: 2 stripe(s), 4 proactive flush(es), 1 terminate flush(es), 0 completion(s), 0 continuation(s) 
[21.293s][info][gc,marking  ] GC(69) Mark Stack Usage: 32M
[21.293s][info][gc,nmethod  ] GC(69) NMethods: 477 registered, 0 unregistered
[21.293s][info][gc,metaspace] GC(69) Metaspace: 1M used, 1M committed, 1088M reserved
[21.293s][info][gc,ref      ] GC(69) Soft: 181 encountered, 0 discovered, 0 enqueued
[21.293s][info][gc,ref      ] GC(69) Weak: 263 encountered, 165 discovered, 0 enqueued
[21.293s][info][gc,ref      ] GC(69) Final: 0 encountered, 0 discovered, 0 enqueued
[21.293s][info][gc,ref      ] GC(69) Phantom: 7 encountered, 4 discovered, 0 enqueued
[21.293s][info][gc,reloc    ] GC(69) Small Pages: 2943 / 5886M, Empty: 0M, Relocated: 6M, In-Place: 0
[21.293s][info][gc,reloc    ] GC(69) Medium Pages: 1 / 32M, Empty: 0M, Relocated: 0M, In-Place: 0
[21.293s][info][gc,reloc    ] GC(69) Large Pages: 0 / 0M, Empty: 0M, Relocated: 0M, In-Place: 0
[21.293s][info][gc,reloc    ] GC(69) Forwarding Usage: 0M
[21.293s][info][gc,heap     ] GC(69) Min Capacity: 16384M(100%)
[21.293s][info][gc,heap     ] GC(69) Max Capacity: 16384M(100%)
[21.293s][info][gc,heap     ] GC(69) Soft Max Capacity: 16384M(100%)
[21.293s][info][gc,heap     ] GC(69)                Mark Start          Mark End        Relocate Start      Relocate End           High               Low         
[21.293s][info][gc,heap     ] GC(69)  Capacity:    16384M (100%)      16384M (100%)      16384M (100%)      16384M (100%)      16384M (100%)      16384M (100%)   
[21.293s][info][gc,heap     ] GC(69)      Free:    10466M (64%)       10464M (64%)       10464M (64%)       10466M (64%)       10466M (64%)       10458M (64%)    
[21.293s][info][gc,heap     ] GC(69)      Used:     5918M (36%)        5920M (36%)        5920M (36%)        5918M (36%)        5926M (36%)        5918M (36%)    
[21.293s][info][gc,heap     ] GC(69)      Live:         -              5373M (33%)        5373M (33%)        5373M (33%)            -                  -          
[21.293s][info][gc,heap     ] GC(69) Allocated:         -                 2M (0%)            2M (0%)            2M (0%)             -                  -          
[21.293s][info][gc,heap     ] GC(69)   Garbage:         -               544M (3%)          544M (3%)          542M (3%)             -                  -          
[21.293s][info][gc,heap     ] GC(69) Reclaimed:         -                  -                 0M (0%)            2M (0%)             -                  -          
[21.293s][info][gc          ] GC(69) Garbage Collection (Timer) 5918M(36%)->5918M(36%)
[21.553s][info][gc,start    ] GC(70) Garbage Collection (Timer)
[21.553s][info][gc,task     ] GC(70) Using 3 workers
[21.553s][info][gc,phases   ] GC(70) Pause Mark Start 0.006ms
[21.587s][info][gc,phases   ] GC(70) Concurrent Mark 33.537ms
[21.587s][info][gc,phases   ] GC(70) Pause Mark End 0.011ms
[21.587s][info][gc,phases   ] GC(70) Concurrent Mark Free 0.001ms
[21.588s][info][gc,phases   ] GC(70) Concurrent Process Non-Strong References 0.748ms
[21.588s][info][gc,phases   ] GC(70) Concurrent Reset Relocation Set 0.001ms
[21.591s][info][gc,phases   ] GC(70) Concurrent Select Relocation Set 3.356ms
[21.591s][info][gc,phases   ] GC(70) Pause Relocate Start 0.005ms
[21.592s][info][gc,phases   ] GC(70) Concurrent Relocate 0.784ms
[21.592s][info][gc,load     ] GC(70) Load: 0.00/0.00/0.00
[21.592s][info][gc,mmu      ] GC(70) MMU: 2ms/99.1%, 5ms/99.5%, 10ms/99.8%, 20ms/99.9%, 50ms/99.9%, 100ms/100.0%
[21.592s][info][gc,marking  ] GC(70) Mark: 2 stripe(s), 2 proactive flush(es), 1 terminate flush(es), 0 completion(s), 0 continuation(s) 
[21.592s][info][gc,marking  ] GC(70) Mark Stack Usage: 32M
[21.592s][info][gc,nmethod  ] GC(70) NMethods: 477 registered, 0 unregistered
[21.592s][info][gc,metaspace] GC(70) Metaspace: 1M used, 1M committed, 1088M reserved
[21.592s][info][gc,ref      ] GC(70) Soft: 181 encountered, 0 discovered, 0 enqueued
[21.592s][info][gc,ref      ] GC(70) Weak: 263 encountered, 167 discovered, 0 enqueued
[21.592s][info][gc,ref      ] GC(70) Final: 0 encountered, 0 discovered, 0 enqueued
[21.592s][info][gc,ref      ] GC(70) Phantom: 7 encountered, 4 discovered, 0 enqueued
[21.592s][info][gc,reloc    ] GC(70) Small Pages: 2972 / 5944M, Empty: 0M, Relocated: 1M, In-Place: 0
[21.593s][info][gc,reloc    ] GC(70) Medium Pages: 1 / 32M, Empty: 0M, Relocated: 0M, In-Place: 0
[21.593s][info][gc,reloc    ] GC(70) Large Pages: 0 / 0M, Empty: 0M, Relocated: 0M, In-Place: 0
[21.593s][info][gc,reloc    ] GC(70) Forwarding Usage: 0M
[21.593s][info][gc,heap     ] GC(70) Min Capacity: 16384M(100%)
[21.593s][info][gc,heap     ] GC(70) Max Capacity: 16384M(100%)
[21.593s][info][gc,heap     ] GC(70) Soft Max Capacity: 16384M(100%)
[21.593s][info][gc,heap     ] GC(70)                Mark Start          Mark End        Relocate Start      Relocate End           High               Low         
[21.593s][info][gc,heap     ] GC(70)  Capacity:    16384M (100%)      16384M (100%)      16384M (100%)      16384M (100%)      16384M (100%)      16384M (100%)   
[21.593s][info][gc,heap     ] GC(70)      Free:    10408M (64%)       10406M (64%)       10406M (64%)       10406M (64%)       10408M (64%)       10402M (63%)    
[21.593s][info][gc,heap     ] GC(70)      Used:     5976M (36%)        5978M (36%)        5978M (36%)        5978M (36%)        5982M (37%)        5976M (36%)    
[21.593s][info][gc,heap     ] GC(70)      Live:         -              5427M (33%)        5427M (33%)        5427M (33%)            -                  -          
[21.593s][info][gc,heap     ] GC(70) Allocated:         -                 2M (0%)            2M (0%)            2M (0%)             -                  -          
[21.593s][info][gc,heap     ] GC(70)   Garbage:         -               548M (3%)          548M (3%)          548M (3%)             -                  -          
[21.593s][info][gc,heap     ] GC(70) Reclaimed:         -                  -                 0M (0%)            0M (0%)             -                  -          
[21.593s][info][gc          ] GC(70) Garbage Collection (Timer) 5976M(36%)->5978M(36%)
[21.851s][info][gc,start    ] GC(71) Garbage Collection (Timer)
[21.851s][info][gc,task     ] GC(71) Using 3 workers
[21.851s][info][gc,phases   ] GC(71) Pause Mark Start 0.006ms
[21.857s][info][gc          ] GC(71) Garbage Collection (Timer) Aborted
[21.857s][info][gc,heap,exit] Heap
[21.857s][info][gc,heap,exit]  ZHeap           used 6028M, capacity 16384M, max capacity 16384M
[21.857s][info][gc,heap,exit]  Metaspace       used 1597K, committed 1792K, reserved 1114112K
[21.857s][info][gc,heap,exit]   class space    used 146K, committed 256K, reserved 1048576K
