[0.025s][info][gc,init] Initializing The Z Garbage Collector
[0.025s][info][gc,init] Version: 17.0.11+1-LTS (release)
[0.025s][info][gc,init] NUMA Support: Disabled
[0.025s][info][gc,init] CPUs: 12 total, 12 available
[0.026s][info][gc,init] Memory: 24496M
[0.026s][info][gc,init] Large Page Support: Disabled
[0.026s][info][gc,init] GC Workers: 3 (dynamic)
[0.027s][info][gc,init] Address Space Type: Contiguous/Unrestricted/Complete
[0.027s][info][gc,init] Address Space Size: 131072M x 3 = 393216M
[0.027s][info][gc,init] Min Capacity: 8192M
[0.027s][info][gc,init] Initial Capacity: 8192M
[0.029s][info][gc,init] Max Capacity: 8192M
[0.029s][info][gc,init] Medium Page Size: 32M
[0.029s][info][gc,init] Pre-touch: Disabled
[0.029s][info][gc,init] Uncommit: Implicitly Disabled (-Xms equals -Xmx)
[0.491s][info][gc,init] Runtime Workers: 8
[0.492s][info][gc     ] Using The Z Garbage Collector
[0.502s][info][gc,metaspace] CDS archive(s) mapped at: [0x0000021049000000-0x0000021049bc0000-0x0000021049bc0000), size 12320768, SharedBaseAddress: 0x0000021049000000, ArchiveRelocationMode: 1.
[0.502s][info][gc,metaspace] Compressed class space mapped at: 0x000002104a000000-0x000002108a000000, reserved size: 1073741824
[0.502s][info][gc,metaspace] Narrow klass base: 0x0000021049000000, Narrow klass shift: 0, Narrow klass range: 0x100000000
[0.628s][info][gc,start    ] GC(0) Garbage Collection (Timer)
[0.628s][info][gc,task     ] GC(0) Using 3 workers
[0.628s][info][gc,phases   ] GC(0) Pause Mark Start 0.006ms
[0.632s][info][gc,phases   ] GC(0) Concurrent Mark 3.722ms
[0.632s][info][gc,phases   ] GC(0) Pause Mark End 0.012ms
[0.632s][info][gc,phases   ] GC(0) Concurrent Mark Free 0.001ms
[0.633s][info][gc,phases   ] GC(0) Concurrent Process Non-Strong References 0.586ms
[0.633s][info][gc,phases   ] GC(0) Concurrent Reset Relocation Set 0.000ms
[0.642s][info][gc,phases   ] GC(0) Concurrent Select Relocation Set 9.145ms
[0.642s][info][gc,phases   ] GC(0) Pause Relocate Start 0.006ms
[0.643s][info][gc,phases   ] GC(0) Concurrent Relocate 1.138ms
[0.643s][info][gc,load     ] GC(0) Load: 0.00/0.00/0.00
[0.643s][info][gc,mmu      ] GC(0) MMU: 2ms/99.4%, 5ms/99.7%, 10ms/99.8%, 20ms/99.9%, 50ms/100.0%, 100ms/100.0%
[0.643s][info][gc,marking  ] GC(0) Mark: 2 stripe(s), 1 proactive flush(es), 1 terminate flush(es), 0 completion(s), 0 continuation(s) 
[0.643s][info][gc,marking  ] GC(0) Mark Stack Usage: 32M
[0.643s][info][gc,nmethod  ] GC(0) NMethods: 155 registered, 0 unregistered
[0.643s][info][gc,metaspace] GC(0) Metaspace: 0M used, 0M committed, 1088M reserved
[0.643s][info][gc,ref      ] GC(0) Soft: 36 encountered, 0 discovered, 0 enqueued
[0.644s][info][gc,ref      ] GC(0) Weak: 103 encountered, 18 discovered, 18 enqueued
[0.644s][info][gc,ref      ] GC(0) Final: 0 encountered, 0 discovered, 0 enqueued
[0.644s][info][gc,ref      ] GC(0) Phantom: 16 encountered, 13 discovered, 13 enqueued
[0.644s][info][gc,reloc    ] GC(0) Small Pages: 3 / 6M, Empty: 0M, Relocated: 1M, In-Place: 0
[0.644s][info][gc,reloc    ] GC(0) Medium Pages: 0 / 0M, Empty: 0M, Relocated: 0M, In-Place: 0
[0.644s][info][gc,reloc    ] GC(0) Large Pages: 0 / 0M, Empty: 0M, Relocated: 0M, In-Place: 0
[0.644s][info][gc,reloc    ] GC(0) Forwarding Usage: 0M
[0.644s][info][gc,heap     ] GC(0) Min Capacity: 8192M(100%)
[0.644s][info][gc,heap     ] GC(0) Max Capacity: 8192M(100%)
[0.644s][info][gc,heap     ] GC(0) Soft Max Capacity: 8192M(100%)
[0.644s][info][gc,heap     ] GC(0)                Mark Start          Mark End        Relocate Start      Relocate End           High               Low         
[0.644s][info][gc,heap     ] GC(0)  Capacity:     8192M (100%)       8192M (100%)       8192M (100%)       8192M (100%)       8192M (100%)       8192M (100%)   
[0.644s][info][gc,heap     ] GC(0)      Free:     8186M (100%)       8186M (100%)       8186M (100%)       8188M (100%)       8188M (100%)       8184M (100%)   
[0.644s][info][gc,heap     ] GC(0)      Used:        6M (0%)            6M (0%)            6M (0%)            4M (0%)            8M (0%)            4M (0%)     
[0.644s][info][gc,heap     ] GC(0)      Live:         -                 1M (0%)            1M (0%)            1M (0%)             -                  -          
[0.644s][info][gc,heap     ] GC(0) Allocated:         -                 0M (0%)            0M (0%)            0M (0%)             -                  -          
[0.644s][info][gc,heap     ] GC(0)   Garbage:         -                 4M (0%)            4M (0%)            2M (0%)             -                  -          
[0.644s][info][gc,heap     ] GC(0) Reclaimed:         -                  -                 0M (0%)            2M (0%)             -                  -          
[0.644s][info][gc          ] GC(0) Garbage Collection (Timer) 6M(0%)->4M(0%)
[0.925s][info][gc,start    ] GC(1) Garbage Collection (Timer)
[0.925s][info][gc,task     ] GC(1) Using 3 workers
[0.925s][info][gc,phases   ] GC(1) Pause Mark Start 0.006ms
[0.942s][info][gc,phases   ] GC(1) Concurrent Mark 16.516ms
[0.942s][info][gc,phases   ] GC(1) Pause Mark End 0.008ms
[0.942s][info][gc,phases   ] GC(1) Concurrent Mark Free 0.001ms
[0.943s][info][gc,phases   ] GC(1) Concurrent Process Non-Strong References 0.612ms
[0.943s][info][gc,phases   ] GC(1) Concurrent Reset Relocation Set 0.001ms
[0.945s][info][gc,phases   ] GC(1) Concurrent Select Relocation Set 2.295ms
[0.945s][info][gc,phases   ] GC(1) Pause Relocate Start 0.005ms
[0.947s][info][gc,phases   ] GC(1) Concurrent Relocate 1.232ms
[0.947s][info][gc,load     ] GC(1) Load: 0.00/0.00/0.00
[0.947s][info][gc,mmu      ] GC(1) MMU: 2ms/99.4%, 5ms/99.7%, 10ms/99.8%, 20ms/99.9%, 50ms/100.0%, 100ms/100.0%
[0.947s][info][gc,marking  ] GC(1) Mark: 2 stripe(s), 3 proactive flush(es), 1 terminate flush(es), 0 completion(s), 0 continuation(s) 
[0.947s][info][gc,marking  ] GC(1) Mark Stack Usage: 32M
[0.947s][info][gc,nmethod  ] GC(1) NMethods: 293 registered, 0 unregistered
[0.947s][info][gc,metaspace] GC(1) Metaspace: 0M used, 0M committed, 1088M reserved
[0.947s][info][gc,ref      ] GC(1) Soft: 72 encountered, 0 discovered, 0 enqueued
[0.947s][info][gc,ref      ] GC(1) Weak: 177 encountered, 25 discovered, 23 enqueued
[0.947s][info][gc,ref      ] GC(1) Final: 0 encountered, 0 discovered, 0 enqueued
[0.947s][info][gc,ref      ] GC(1) Phantom: 13 encountered, 11 discovered, 6 enqueued
[0.947s][info][gc,reloc    ] GC(1) Small Pages: 121 / 242M, Empty: 0M, Relocated: 1M, In-Place: 0
[0.947s][info][gc,reloc    ] GC(1) Medium Pages: 0 / 0M, Empty: 0M, Relocated: 0M, In-Place: 0
[0.947s][info][gc,reloc    ] GC(1) Large Pages: 0 / 0M, Empty: 0M, Relocated: 0M, In-Place: 0
[0.947s][info][gc,reloc    ] GC(1) Forwarding Usage: 0M
[0.947s][info][gc,heap     ] GC(1) Min Capacity: 8192M(100%)
[0.947s][info][gc,heap     ] GC(1) Max Capacity: 8192M(100%)
[0.947s][info][gc,heap     ] GC(1) Soft Max Capacity: 8192M(100%)
[0.947s][info][gc,heap     ] GC(1)                Mark Start          Mark End        Relocate Start      Relocate End           High               Low         
[0.947s][info][gc,heap     ] GC(1)  Capacity:     8192M (100%)       8192M (100%)       8192M (100%)       8192M (100%)       8192M (100%)       8192M (100%)   
[0.947s][info][gc,heap     ] GC(1)      Free:     7950M (97%)        7946M (97%)        7942M (97%)        7942M (97%)        7950M (97%)        7936M (97%)    
[0.947s][info][gc,heap     ] GC(1)      Used:      242M (3%)          246M (3%)          250M (3%)          250M (3%)          256M (3%)          242M (3%)     
[0.947s][info][gc,heap     ] GC(1)      Live:         -               214M (3%)          214M (3%)          214M (3%)             -                  -          
[0.947s][info][gc,heap     ] GC(1) Allocated:         -                 4M (0%)            8M (0%)            9M (0%)             -                  -          
[0.947s][info][gc,heap     ] GC(1)   Garbage:         -                27M (0%)           27M (0%)           25M (0%)             -                  -          
[0.947s][info][gc,heap     ] GC(1) Reclaimed:         -                  -                 0M (0%)            1M (0%)             -                  -          
[0.948s][info][gc          ] GC(1) Garbage Collection (Timer) 242M(3%)->250M(3%)
[1.225s][info][gc,start    ] GC(2) Garbage Collection (Timer)
[1.225s][info][gc,task     ] GC(2) Using 3 workers
[1.225s][info][gc,phases   ] GC(2) Pause Mark Start 0.007ms
[1.247s][info][gc,phases   ] GC(2) Concurrent Mark 21.716ms
[1.247s][info][gc,phases   ] GC(2) Pause Mark End 0.009ms
[1.248s][info][gc,phases   ] GC(2) Concurrent Mark Free 0.001ms
[1.248s][info][gc,phases   ] GC(2) Concurrent Process Non-Strong References 0.626ms
[1.248s][info][gc,phases   ] GC(2) Concurrent Reset Relocation Set 0.001ms
[1.251s][info][gc,phases   ] GC(2) Concurrent Select Relocation Set 2.469ms
[1.251s][info][gc,phases   ] GC(2) Pause Relocate Start 0.007ms
[1.252s][info][gc,phases   ] GC(2) Concurrent Relocate 1.173ms
[1.252s][info][gc,load     ] GC(2) Load: 0.00/0.00/0.00
[1.252s][info][gc,mmu      ] GC(2) MMU: 2ms/99.4%, 5ms/99.7%, 10ms/99.8%, 20ms/99.9%, 50ms/100.0%, 100ms/100.0%
[1.252s][info][gc,marking  ] GC(2) Mark: 2 stripe(s), 2 proactive flush(es), 1 terminate flush(es), 0 completion(s), 0 continuation(s) 
[1.252s][info][gc,marking  ] GC(2) Mark Stack Usage: 32M
[1.252s][info][gc,nmethod  ] GC(2) NMethods: 380 registered, 0 unregistered
[1.252s][info][gc,metaspace] GC(2) Metaspace: 1M used, 1M committed, 1088M reserved
[1.252s][info][gc,ref      ] GC(2) Soft: 118 encountered, 0 discovered, 0 enqueued
[1.252s][info][gc,ref      ] GC(2) Weak: 175 encountered, 6 discovered, 5 enqueued
[1.252s][info][gc,ref      ] GC(2) Final: 0 encountered, 0 discovered, 0 enqueued
[1.252s][info][gc,ref      ] GC(2) Phantom: 12 encountered, 10 discovered, 5 enqueued
[1.253s][info][gc,reloc    ] GC(2) Small Pages: 248 / 496M, Empty: 0M, Relocated: 1M, In-Place: 0
[1.253s][info][gc,reloc    ] GC(2) Medium Pages: 0 / 0M, Empty: 0M, Relocated: 0M, In-Place: 0
[1.253s][info][gc,reloc    ] GC(2) Large Pages: 0 / 0M, Empty: 0M, Relocated: 0M, In-Place: 0
[1.253s][info][gc,reloc    ] GC(2) Forwarding Usage: 0M
[1.253s][info][gc,heap     ] GC(2) Min Capacity: 8192M(100%)
[1.253s][info][gc,heap     ] GC(2) Max Capacity: 8192M(100%)
[1.253s][info][gc,heap     ] GC(2) Soft Max Capacity: 8192M(100%)
[1.253s][info][gc,heap     ] GC(2)                Mark Start          Mark End        Relocate Start      Relocate End           High               Low         
[1.253s][info][gc,heap     ] GC(2)  Capacity:     8192M (100%)       8192M (100%)       8192M (100%)       8192M (100%)       8192M (100%)       8192M (100%)   
[1.253s][info][gc,heap     ] GC(2)      Free:     7696M (94%)        7692M (94%)        7690M (94%)        7692M (94%)        7696M (94%)        7686M (94%)    
[1.253s][info][gc,heap     ] GC(2)      Used:      496M (6%)          500M (6%)          502M (6%)          500M (6%)          506M (6%)          496M (6%)     
[1.253s][info][gc,heap     ] GC(2)      Live:         -               446M (5%)          446M (5%)          446M (5%)             -                  -          
[1.253s][info][gc,heap     ] GC(2) Allocated:         -                 4M (0%)            6M (0%)            5M (0%)             -                  -          
[1.253s][info][gc,heap     ] GC(2)   Garbage:         -                49M (1%)           49M (1%)           47M (1%)             -                  -          
[1.253s][info][gc,heap     ] GC(2) Reclaimed:         -                  -                 0M (0%)            1M (0%)             -                  -          
[1.253s][info][gc          ] GC(2) Garbage Collection (Timer) 496M(6%)->500M(6%)
[1.526s][info][gc,start    ] GC(3) Garbage Collection (Timer)
[1.526s][info][gc,task     ] GC(3) Using 3 workers
[1.526s][info][gc,phases   ] GC(3) Pause Mark Start 0.005ms
[1.550s][info][gc,phases   ] GC(3) Concurrent Mark 23.552ms
[1.550s][info][gc,phases   ] GC(3) Pause Mark End 0.010ms
[1.550s][info][gc,phases   ] GC(3) Concurrent Mark Free 0.001ms
[1.550s][info][gc,phases   ] GC(3) Concurrent Process Non-Strong References 0.556ms
[1.550s][info][gc,phases   ] GC(3) Concurrent Reset Relocation Set 0.001ms
[1.553s][info][gc,phases   ] GC(3) Concurrent Select Relocation Set 2.712ms
[1.553s][info][gc,phases   ] GC(3) Pause Relocate Start 0.006ms
[1.556s][info][gc,phases   ] GC(3) Concurrent Relocate 2.464ms
[1.556s][info][gc,load     ] GC(3) Load: 0.00/0.00/0.00
[1.556s][info][gc,mmu      ] GC(3) MMU: 2ms/99.4%, 5ms/99.7%, 10ms/99.8%, 20ms/99.9%, 50ms/100.0%, 100ms/100.0%
[1.556s][info][gc,marking  ] GC(3) Mark: 2 stripe(s), 2 proactive flush(es), 1 terminate flush(es), 0 completion(s), 0 continuation(s) 
[1.556s][info][gc,marking  ] GC(3) Mark Stack Usage: 32M
[1.556s][info][gc,nmethod  ] GC(3) NMethods: 384 registered, 0 unregistered
[1.556s][info][gc,metaspace] GC(3) Metaspace: 1M used, 1M committed, 1088M reserved
[1.556s][info][gc,ref      ] GC(3) Soft: 118 encountered, 0 discovered, 0 enqueued
[1.556s][info][gc,ref      ] GC(3) Weak: 170 encountered, 1 discovered, 0 enqueued
[1.556s][info][gc,ref      ] GC(3) Final: 0 encountered, 0 discovered, 0 enqueued
[1.556s][info][gc,ref      ] GC(3) Phantom: 7 encountered, 4 discovered, 0 enqueued
[1.556s][info][gc,reloc    ] GC(3) Small Pages: 357 / 714M, Empty: 0M, Relocated: 3M, In-Place: 0
[1.556s][info][gc,reloc    ] GC(3) Medium Pages: 0 / 0M, Empty: 0M, Relocated: 0M, In-Place: 0
[1.556s][info][gc,reloc    ] GC(3) Large Pages: 0 / 0M, Empty: 0M, Relocated: 0M, In-Place: 0
[1.556s][info][gc,reloc    ] GC(3) Forwarding Usage: 0M
[1.556s][info][gc,heap     ] GC(3) Min Capacity: 8192M(100%)
[1.556s][info][gc,heap     ] GC(3) Max Capacity: 8192M(100%)
[1.556s][info][gc,heap     ] GC(3) Soft Max Capacity: 8192M(100%)
[1.556s][info][gc,heap     ] GC(3)                Mark Start          Mark End        Relocate Start      Relocate End           High               Low         
[1.556s][info][gc,heap     ] GC(3)  Capacity:     8192M (100%)       8192M (100%)       8192M (100%)       8192M (100%)       8192M (100%)       8192M (100%)   
[1.556s][info][gc,heap     ] GC(3)      Free:     7478M (91%)        7474M (91%)        7472M (91%)        7474M (91%)        7478M (91%)        7466M (91%)    
[1.556s][info][gc,heap     ] GC(3)      Used:      714M (9%)          718M (9%)          720M (9%)          718M (9%)          726M (9%)          714M (9%)     
[1.556s][info][gc,heap     ] GC(3)      Live:         -               646M (8%)          646M (8%)          646M (8%)             -                  -          
[1.556s][info][gc,heap     ] GC(3) Allocated:         -                 4M (0%)            6M (0%)            7M (0%)             -                  -          
[1.557s][info][gc,heap     ] GC(3)   Garbage:         -                67M (1%)           67M (1%)           63M (1%)             -                  -          
[1.557s][info][gc,heap     ] GC(3) Reclaimed:         -                  -                 0M (0%)            3M (0%)             -                  -          
[1.557s][info][gc          ] GC(3) Garbage Collection (Timer) 714M(9%)->718M(9%)
[1.725s][info][gc,start    ] GC(4) Garbage Collection (Warmup)
[1.725s][info][gc,task     ] GC(4) Using 3 workers
[1.725s][info][gc,phases   ] GC(4) Pause Mark Start 0.006ms
[1.742s][info][gc,phases   ] GC(4) Concurrent Mark 16.706ms
[1.742s][info][gc,phases   ] GC(4) Pause Mark End 0.009ms
[1.742s][info][gc,phases   ] GC(4) Concurrent Mark Free 0.001ms
[1.743s][info][gc,phases   ] GC(4) Concurrent Process Non-Strong References 0.918ms
[1.743s][info][gc,phases   ] GC(4) Concurrent Reset Relocation Set 0.001ms
[1.746s][info][gc,phases   ] GC(4) Concurrent Select Relocation Set 2.204ms
[1.746s][info][gc,phases   ] GC(4) Pause Relocate Start 0.005ms
[1.748s][info][gc,phases   ] GC(4) Concurrent Relocate 2.225ms
[1.748s][info][gc,load     ] GC(4) Load: 0.00/0.00/0.00
[1.748s][info][gc,mmu      ] GC(4) MMU: 2ms/99.4%, 5ms/99.7%, 10ms/99.8%, 20ms/99.9%, 50ms/100.0%, 100ms/100.0%
[1.748s][info][gc,marking  ] GC(4) Mark: 2 stripe(s), 2 proactive flush(es), 1 terminate flush(es), 0 completion(s), 0 continuation(s) 
[1.748s][info][gc,marking  ] GC(4) Mark Stack Usage: 32M
[1.748s][info][gc,nmethod  ] GC(4) NMethods: 384 registered, 0 unregistered
[1.748s][info][gc,metaspace] GC(4) Metaspace: 1M used, 1M committed, 1088M reserved
[1.748s][info][gc,ref      ] GC(4) Soft: 118 encountered, 0 discovered, 0 enqueued
[1.748s][info][gc,ref      ] GC(4) Weak: 170 encountered, 128 discovered, 0 enqueued
[1.748s][info][gc,ref      ] GC(4) Final: 0 encountered, 0 discovered, 0 enqueued
[1.748s][info][gc,ref      ] GC(4) Phantom: 7 encountered, 4 discovered, 0 enqueued
[1.748s][info][gc,reloc    ] GC(4) Small Pages: 426 / 852M, Empty: 0M, Relocated: 3M, In-Place: 0
[1.748s][info][gc,reloc    ] GC(4) Medium Pages: 0 / 0M, Empty: 0M, Relocated: 0M, In-Place: 0
[1.749s][info][gc,reloc    ] GC(4) Large Pages: 0 / 0M, Empty: 0M, Relocated: 0M, In-Place: 0
[1.749s][info][gc,reloc    ] GC(4) Forwarding Usage: 0M
[1.749s][info][gc,heap     ] GC(4) Min Capacity: 8192M(100%)
[1.749s][info][gc,heap     ] GC(4) Max Capacity: 8192M(100%)
[1.749s][info][gc,heap     ] GC(4) Soft Max Capacity: 8192M(100%)
[1.749s][info][gc,heap     ] GC(4)                Mark Start          Mark End        Relocate Start      Relocate End           High               Low         
[1.749s][info][gc,heap     ] GC(4)  Capacity:     8192M (100%)       8192M (100%)       8192M (100%)       8192M (100%)       8192M (100%)       8192M (100%)   
[1.749s][info][gc,heap     ] GC(4)      Free:     7340M (90%)        7338M (90%)        7336M (90%)        7334M (90%)        7340M (90%)        7328M (89%)    
[1.749s][info][gc,heap     ] GC(4)      Used:      852M (10%)         854M (10%)         856M (10%)         858M (10%)         864M (11%)         852M (10%)    
[1.749s][info][gc,heap     ] GC(4)      Live:         -               776M (9%)          776M (9%)          776M (9%)             -                  -          
[1.749s][info][gc,heap     ] GC(4) Allocated:         -                 2M (0%)            4M (0%)            6M (0%)             -                  -          
[1.749s][info][gc,heap     ] GC(4)   Garbage:         -                75M (1%)           75M (1%)           75M (1%)             -                  -          
[1.749s][info][gc,heap     ] GC(4) Reclaimed:         -                  -                 0M (0%)            0M (0%)             -                  -          
[1.749s][info][gc          ] GC(4) Garbage Collection (Warmup) 852M(10%)->858M(10%)
[2.025s][info][gc,start    ] GC(5) Garbage Collection (Timer)
[2.025s][info][gc,task     ] GC(5) Using 3 workers
[2.026s][info][gc,phases   ] GC(5) Pause Mark Start 0.006ms
[2.045s][info][gc,phases   ] GC(5) Concurrent Mark 19.616ms
[2.045s][info][gc,phases   ] GC(5) Pause Mark End 0.009ms
[2.046s][info][gc,phases   ] GC(5) Concurrent Mark Free 0.001ms
[2.046s][info][gc,phases   ] GC(5) Concurrent Process Non-Strong References 0.918ms
[2.047s][info][gc,phases   ] GC(5) Concurrent Reset Relocation Set 0.001ms
[2.049s][info][gc,phases   ] GC(5) Concurrent Select Relocation Set 2.388ms
[2.049s][info][gc,phases   ] GC(5) Pause Relocate Start 0.006ms
[2.052s][info][gc,phases   ] GC(5) Concurrent Relocate 2.369ms
[2.052s][info][gc,load     ] GC(5) Load: 0.00/0.00/0.00
[2.052s][info][gc,mmu      ] GC(5) MMU: 2ms/99.4%, 5ms/99.7%, 10ms/99.8%, 20ms/99.9%, 50ms/100.0%, 100ms/100.0%
[2.052s][info][gc,marking  ] GC(5) Mark: 2 stripe(s), 2 proactive flush(es), 1 terminate flush(es), 0 completion(s), 0 continuation(s) 
[2.052s][info][gc,marking  ] GC(5) Mark Stack Usage: 32M
[2.052s][info][gc,nmethod  ] GC(5) NMethods: 385 registered, 0 unregistered
[2.052s][info][gc,metaspace] GC(5) Metaspace: 1M used, 1M committed, 1088M reserved
[2.052s][info][gc,ref      ] GC(5) Soft: 118 encountered, 0 discovered, 0 enqueued
[2.052s][info][gc,ref      ] GC(5) Weak: 170 encountered, 1 discovered, 0 enqueued
[2.052s][info][gc,ref      ] GC(5) Final: 0 encountered, 0 discovered, 0 enqueued
[2.052s][info][gc,ref      ] GC(5) Phantom: 7 encountered, 4 discovered, 0 enqueued
[2.052s][info][gc,reloc    ] GC(5) Small Pages: 535 / 1070M, Empty: 0M, Relocated: 3M, In-Place: 0
[2.052s][info][gc,reloc    ] GC(5) Medium Pages: 1 / 32M, Empty: 0M, Relocated: 0M, In-Place: 0
[2.052s][info][gc,reloc    ] GC(5) Large Pages: 0 / 0M, Empty: 0M, Relocated: 0M, In-Place: 0
[2.052s][info][gc,reloc    ] GC(5) Forwarding Usage: 0M
[2.052s][info][gc,heap     ] GC(5) Min Capacity: 8192M(100%)
[2.052s][info][gc,heap     ] GC(5) Max Capacity: 8192M(100%)
[2.052s][info][gc,heap     ] GC(5) Soft Max Capacity: 8192M(100%)
[2.052s][info][gc,heap     ] GC(5)                Mark Start          Mark End        Relocate Start      Relocate End           High               Low         
[2.052s][info][gc,heap     ] GC(5)  Capacity:     8192M (100%)       8192M (100%)       8192M (100%)       8192M (100%)       8192M (100%)       8192M (100%)   
[2.052s][info][gc,heap     ] GC(5)      Free:     7090M (87%)        7086M (86%)        7084M (86%)        7084M (86%)        7090M (87%)        7078M (86%)    
[2.052s][info][gc,heap     ] GC(5)      Used:     1102M (13%)        1106M (14%)        1108M (14%)        1108M (14%)        1114M (14%)        1102M (13%)    
[2.052s][info][gc,heap     ] GC(5)      Live:         -               975M (12%)         975M (12%)         975M (12%)            -                  -          
[2.052s][info][gc,heap     ] GC(5) Allocated:         -                 4M (0%)            6M (0%)            6M (0%)             -                  -          
[2.052s][info][gc,heap     ] GC(5)   Garbage:         -               126M (2%)          126M (2%)          126M (2%)             -                  -          
[2.052s][info][gc,heap     ] GC(5) Reclaimed:         -                  -                 0M (0%)            0M (0%)             -                  -          
[2.052s][info][gc          ] GC(5) Garbage Collection (Timer) 1102M(13%)->1108M(14%)
[2.325s][info][gc,start    ] GC(6) Garbage Collection (Timer)
[2.325s][info][gc,task     ] GC(6) Using 3 workers
[2.326s][info][gc,phases   ] GC(6) Pause Mark Start 0.006ms
[2.349s][info][gc,phases   ] GC(6) Concurrent Mark 23.677ms
[2.349s][info][gc,phases   ] GC(6) Pause Mark End 0.009ms
[2.350s][info][gc,phases   ] GC(6) Concurrent Mark Free 0.001ms
[2.351s][info][gc,phases   ] GC(6) Concurrent Process Non-Strong References 0.980ms
[2.351s][info][gc,phases   ] GC(6) Concurrent Reset Relocation Set 0.001ms
[2.353s][info][gc,phases   ] GC(6) Concurrent Select Relocation Set 2.185ms
[2.353s][info][gc,phases   ] GC(6) Pause Relocate Start 0.005ms
[2.354s][info][gc,phases   ] GC(6) Concurrent Relocate 1.224ms
[2.354s][info][gc,load     ] GC(6) Load: 0.00/0.00/0.00
[2.354s][info][gc,mmu      ] GC(6) MMU: 2ms/99.4%, 5ms/99.7%, 10ms/99.8%, 20ms/99.9%, 50ms/100.0%, 100ms/100.0%
[2.354s][info][gc,marking  ] GC(6) Mark: 2 stripe(s), 4 proactive flush(es), 1 terminate flush(es), 0 completion(s), 0 continuation(s) 
[2.354s][info][gc,marking  ] GC(6) Mark Stack Usage: 32M
[2.354s][info][gc,nmethod  ] GC(6) NMethods: 460 registered, 0 unregistered
[2.355s][info][gc,metaspace] GC(6) Metaspace: 1M used, 1M committed, 1088M reserved
[2.355s][info][gc,ref      ] GC(6) Soft: 181 encountered, 0 discovered, 0 enqueued
[2.355s][info][gc,ref      ] GC(6) Weak: 296 encountered, 167 discovered, 33 enqueued
[2.355s][info][gc,ref      ] GC(6) Final: 0 encountered, 0 discovered, 0 enqueued
[2.355s][info][gc,ref      ] GC(6) Phantom: 24 encountered, 18 discovered, 17 enqueued
[2.355s][info][gc,reloc    ] GC(6) Small Pages: 626 / 1252M, Empty: 0M, Relocated: 1M, In-Place: 0
[2.355s][info][gc,reloc    ] GC(6) Medium Pages: 1 / 32M, Empty: 0M, Relocated: 0M, In-Place: 0
[2.355s][info][gc,reloc    ] GC(6) Large Pages: 0 / 0M, Empty: 0M, Relocated: 0M, In-Place: 0
[2.355s][info][gc,reloc    ] GC(6) Forwarding Usage: 0M
[2.355s][info][gc,heap     ] GC(6) Min Capacity: 8192M(100%)
[2.355s][info][gc,heap     ] GC(6) Max Capacity: 8192M(100%)
[2.355s][info][gc,heap     ] GC(6) Soft Max Capacity: 8192M(100%)
[2.355s][info][gc,heap     ] GC(6)                Mark Start          Mark End        Relocate Start      Relocate End           High               Low         
[2.355s][info][gc,heap     ] GC(6)  Capacity:     8192M (100%)       8192M (100%)       8192M (100%)       8192M (100%)       8192M (100%)       8192M (100%)   
[2.355s][info][gc,heap     ] GC(6)      Free:     6908M (84%)        6906M (84%)        6904M (84%)        6902M (84%)        6908M (84%)        6898M (84%)    
[2.355s][info][gc,heap     ] GC(6)      Used:     1284M (16%)        1286M (16%)        1288M (16%)        1290M (16%)        1294M (16%)        1284M (16%)    
[2.355s][info][gc,heap     ] GC(6)      Live:         -              1138M (14%)        1138M (14%)        1138M (14%)            -                  -          
[2.355s][info][gc,heap     ] GC(6) Allocated:         -                 2M (0%)            4M (0%)            6M (0%)             -                  -          
[2.355s][info][gc,heap     ] GC(6)   Garbage:         -               145M (2%)          145M (2%)          145M (2%)             -                  -          
[2.355s][info][gc,heap     ] GC(6) Reclaimed:         -                  -                 0M (0%)            0M (0%)             -                  -          
[2.355s][info][gc          ] GC(6) Garbage Collection (Timer) 1284M(16%)->1290M(16%)
[2.626s][info][gc,start    ] GC(7) Garbage Collection (Timer)
[2.626s][info][gc,task     ] GC(7) Using 3 workers
[2.626s][info][gc,phases   ] GC(7) Pause Mark Start 0.005ms
[2.645s][info][gc,phases   ] GC(7) Concurrent Mark 19.573ms
[2.646s][info][gc,phases   ] GC(7) Pause Mark End 0.009ms
[2.646s][info][gc,phases   ] GC(7) Concurrent Mark Free 0.001ms
[2.647s][info][gc,phases   ] GC(7) Concurrent Process Non-Strong References 0.888ms
[2.647s][info][gc,phases   ] GC(7) Concurrent Reset Relocation Set 0.001ms
[2.649s][info][gc,phases   ] GC(7) Concurrent Select Relocation Set 2.425ms
[2.649s][info][gc,phases   ] GC(7) Pause Relocate Start 0.006ms
[2.651s][info][gc,phases   ] GC(7) Concurrent Relocate 1.303ms
[2.651s][info][gc,load     ] GC(7) Load: 0.00/0.00/0.00
[2.651s][info][gc,mmu      ] GC(7) MMU: 2ms/99.4%, 5ms/99.7%, 10ms/99.8%, 20ms/99.9%, 50ms/100.0%, 100ms/100.0%
[2.651s][info][gc,marking  ] GC(7) Mark: 2 stripe(s), 2 proactive flush(es), 1 terminate flush(es), 0 completion(s), 0 continuation(s) 
[2.651s][info][gc,marking  ] GC(7) Mark Stack Usage: 32M
[2.651s][info][gc,nmethod  ] GC(7) NMethods: 460 registered, 0 unregistered
[2.651s][info][gc,metaspace] GC(7) Metaspace: 1M used, 1M committed, 1088M reserved
[2.651s][info][gc,ref      ] GC(7) Soft: 181 encountered, 0 discovered, 0 enqueued
[2.651s][info][gc,ref      ] GC(7) Weak: 263 encountered, 134 discovered, 0 enqueued
[2.651s][info][gc,ref      ] GC(7) Final: 0 encountered, 0 discovered, 0 enqueued
[2.651s][info][gc,ref      ] GC(7) Phantom: 7 encountered, 3 discovered, 0 enqueued
[2.651s][info][gc,reloc    ] GC(7) Small Pages: 722 / 1444M, Empty: 0M, Relocated: 1M, In-Place: 0
[2.651s][info][gc,reloc    ] GC(7) Medium Pages: 2 / 64M, Empty: 32M, Relocated: 0M, In-Place: 0
[2.651s][info][gc,reloc    ] GC(7) Large Pages: 0 / 0M, Empty: 0M, Relocated: 0M, In-Place: 0
[2.651s][info][gc,reloc    ] GC(7) Forwarding Usage: 0M
[2.651s][info][gc,heap     ] GC(7) Min Capacity: 8192M(100%)
[2.651s][info][gc,heap     ] GC(7) Max Capacity: 8192M(100%)
[2.651s][info][gc,heap     ] GC(7) Soft Max Capacity: 8192M(100%)
[2.651s][info][gc,heap     ] GC(7)                Mark Start          Mark End        Relocate Start      Relocate End           High               Low         
[2.651s][info][gc,heap     ] GC(7)  Capacity:     8192M (100%)       8192M (100%)       8192M (100%)       8192M (100%)       8192M (100%)       8192M (100%)   
[2.651s][info][gc,heap     ] GC(7)      Free:     6684M (82%)        6682M (82%)        6712M (82%)        6714M (82%)        6714M (82%)        6680M (82%)    
[2.651s][info][gc,heap     ] GC(7)      Used:     1508M (18%)        1510M (18%)        1480M (18%)        1478M (18%)        1512M (18%)        1478M (18%)    
[2.651s][info][gc,heap     ] GC(7)      Live:         -              1313M (16%)        1313M (16%)        1313M (16%)            -                  -          
[2.651s][info][gc,heap     ] GC(7) Allocated:         -                 2M (0%)            4M (0%)            3M (0%)             -                  -          
[2.652s][info][gc,heap     ] GC(7)   Garbage:         -               194M (2%)          162M (2%)          160M (2%)             -                  -          
[2.652s][info][gc,heap     ] GC(7) Reclaimed:         -                  -                32M (0%)           33M (0%)             -                  -          
[2.652s][info][gc          ] GC(7) Garbage Collection (Timer) 1508M(18%)->1478M(18%)
[2.925s][info][gc,start    ] GC(8) Garbage Collection (Warmup)
[2.925s][info][gc,task     ] GC(8) Using 3 workers
[2.925s][info][gc,phases   ] GC(8) Pause Mark Start 0.006ms
[2.949s][info][gc,phases   ] GC(8) Concurrent Mark 23.717ms
[2.949s][info][gc,phases   ] GC(8) Pause Mark End 0.013ms
[2.949s][info][gc,phases   ] GC(8) Concurrent Mark Free 0.001ms
[2.950s][info][gc,phases   ] GC(8) Concurrent Process Non-Strong References 0.726ms
[2.950s][info][gc,phases   ] GC(8) Concurrent Reset Relocation Set 0.001ms
[2.952s][info][gc,phases   ] GC(8) Concurrent Select Relocation Set 2.359ms
[2.952s][info][gc,phases   ] GC(8) Pause Relocate Start 0.005ms
[2.954s][info][gc,phases   ] GC(8) Concurrent Relocate 1.272ms
[2.954s][info][gc,load     ] GC(8) Load: 0.00/0.00/0.00
[2.954s][info][gc,mmu      ] GC(8) MMU: 2ms/99.4%, 5ms/99.6%, 10ms/99.8%, 20ms/99.9%, 50ms/100.0%, 100ms/100.0%
[2.954s][info][gc,marking  ] GC(8) Mark: 2 stripe(s), 4 proactive flush(es), 1 terminate flush(es), 0 completion(s), 0 continuation(s) 
[2.954s][info][gc,marking  ] GC(8) Mark Stack Usage: 32M
[2.954s][info][gc,nmethod  ] GC(8) NMethods: 460 registered, 0 unregistered
[2.954s][info][gc,metaspace] GC(8) Metaspace: 1M used, 1M committed, 1088M reserved
[2.954s][info][gc,ref      ] GC(8) Soft: 181 encountered, 0 discovered, 0 enqueued
[2.954s][info][gc,ref      ] GC(8) Weak: 263 encountered, 129 discovered, 0 enqueued
[2.954s][info][gc,ref      ] GC(8) Final: 0 encountered, 0 discovered, 0 enqueued
[2.954s][info][gc,ref      ] GC(8) Phantom: 7 encountered, 3 discovered, 0 enqueued
[2.954s][info][gc,reloc    ] GC(8) Small Pages: 810 / 1620M, Empty: 0M, Relocated: 1M, In-Place: 0
[2.954s][info][gc,reloc    ] GC(8) Medium Pages: 1 / 32M, Empty: 0M, Relocated: 0M, In-Place: 0
[2.954s][info][gc,reloc    ] GC(8) Large Pages: 0 / 0M, Empty: 0M, Relocated: 0M, In-Place: 0
[2.954s][info][gc,reloc    ] GC(8) Forwarding Usage: 0M
[2.954s][info][gc,heap     ] GC(8) Min Capacity: 8192M(100%)
[2.954s][info][gc,heap     ] GC(8) Max Capacity: 8192M(100%)
[2.954s][info][gc,heap     ] GC(8) Soft Max Capacity: 8192M(100%)
[2.954s][info][gc,heap     ] GC(8)                Mark Start          Mark End        Relocate Start      Relocate End           High               Low         
[2.954s][info][gc,heap     ] GC(8)  Capacity:     8192M (100%)       8192M (100%)       8192M (100%)       8192M (100%)       8192M (100%)       8192M (100%)   
[2.954s][info][gc,heap     ] GC(8)      Free:     6540M (80%)        6538M (80%)        6536M (80%)        6536M (80%)        6540M (80%)        6530M (80%)    
[2.954s][info][gc,heap     ] GC(8)      Used:     1652M (20%)        1654M (20%)        1656M (20%)        1656M (20%)        1662M (20%)        1652M (20%)    
[2.954s][info][gc,heap     ] GC(8)      Live:         -              1475M (18%)        1475M (18%)        1475M (18%)            -                  -          
[2.954s][info][gc,heap     ] GC(8) Allocated:         -                 2M (0%)            4M (0%)            4M (0%)             -                  -          
[2.954s][info][gc,heap     ] GC(8)   Garbage:         -               176M (2%)          176M (2%)          176M (2%)             -                  -          
[2.954s][info][gc,heap     ] GC(8) Reclaimed:         -                  -                 0M (0%)            0M (0%)             -                  -          
[2.955s][info][gc          ] GC(8) Garbage Collection (Warmup) 1652M(20%)->1656M(20%)
[3.225s][info][gc,start    ] GC(9) Garbage Collection (Timer)
[3.225s][info][gc,task     ] GC(9) Using 3 workers
[3.225s][info][gc,phases   ] GC(9) Pause Mark Start 0.005ms
[3.248s][info][gc,phases   ] GC(9) Concurrent Mark 22.629ms
[3.248s][info][gc,phases   ] GC(9) Pause Mark End 0.009ms
[3.248s][info][gc,phases   ] GC(9) Concurrent Mark Free 0.001ms
[3.249s][info][gc,phases   ] GC(9) Concurrent Process Non-Strong References 0.888ms
[3.249s][info][gc,phases   ] GC(9) Concurrent Reset Relocation Set 0.001ms
[3.252s][info][gc,phases   ] GC(9) Concurrent Select Relocation Set 2.365ms
[3.252s][info][gc,phases   ] GC(9) Pause Relocate Start 0.006ms
[3.254s][info][gc,phases   ] GC(9) Concurrent Relocate 2.143ms
[3.254s][info][gc,load     ] GC(9) Load: 0.00/0.00/0.00
[3.254s][info][gc,mmu      ] GC(9) MMU: 2ms/99.4%, 5ms/99.6%, 10ms/99.8%, 20ms/99.9%, 50ms/100.0%, 100ms/100.0%
[3.254s][info][gc,marking  ] GC(9) Mark: 2 stripe(s), 3 proactive flush(es), 1 terminate flush(es), 0 completion(s), 0 continuation(s) 
[3.254s][info][gc,marking  ] GC(9) Mark Stack Usage: 32M
[3.254s][info][gc,nmethod  ] GC(9) NMethods: 460 registered, 0 unregistered
[3.254s][info][gc,metaspace] GC(9) Metaspace: 1M used, 1M committed, 1088M reserved
[3.254s][info][gc,ref      ] GC(9) Soft: 181 encountered, 0 discovered, 0 enqueued
[3.254s][info][gc,ref      ] GC(9) Weak: 263 encountered, 183 discovered, 0 enqueued
[3.254s][info][gc,ref      ] GC(9) Final: 0 encountered, 0 discovered, 0 enqueued
[3.254s][info][gc,ref      ] GC(9) Phantom: 7 encountered, 3 discovered, 0 enqueued
[3.254s][info][gc,reloc    ] GC(9) Small Pages: 905 / 1810M, Empty: 0M, Relocated: 5M, In-Place: 0
[3.254s][info][gc,reloc    ] GC(9) Medium Pages: 1 / 32M, Empty: 0M, Relocated: 0M, In-Place: 0
[3.254s][info][gc,reloc    ] GC(9) Large Pages: 0 / 0M, Empty: 0M, Relocated: 0M, In-Place: 0
[3.254s][info][gc,reloc    ] GC(9) Forwarding Usage: 0M
[3.254s][info][gc,heap     ] GC(9) Min Capacity: 8192M(100%)
[3.254s][info][gc,heap     ] GC(9) Max Capacity: 8192M(100%)
[3.254s][info][gc,heap     ] GC(9) Soft Max Capacity: 8192M(100%)
[3.254s][info][gc,heap     ] GC(9)                Mark Start          Mark End        Relocate Start      Relocate End           High               Low         
[3.254s][info][gc,heap     ] GC(9)  Capacity:     8192M (100%)       8192M (100%)       8192M (100%)       8192M (100%)       8192M (100%)       8192M (100%)   
[3.254s][info][gc,heap     ] GC(9)      Free:     6350M (78%)        6348M (77%)        6346M (77%)        6352M (78%)        6352M (78%)        6340M (77%)    
[3.254s][info][gc,heap     ] GC(9)      Used:     1842M (22%)        1844M (23%)        1846M (23%)        1840M (22%)        1852M (23%)        1840M (22%)    
[3.254s][info][gc,heap     ] GC(9)      Live:         -              1648M (20%)        1648M (20%)        1648M (20%)            -                  -          
[3.255s][info][gc,heap     ] GC(9) Allocated:         -                 2M (0%)            4M (0%)            3M (0%)             -                  -          
[3.255s][info][gc,heap     ] GC(9)   Garbage:         -               193M (2%)          193M (2%)          187M (2%)             -                  -          
[3.255s][info][gc,heap     ] GC(9) Reclaimed:         -                  -                 0M (0%)            5M (0%)             -                  -          
[3.255s][info][gc          ] GC(9) Garbage Collection (Timer) 1842M(22%)->1840M(22%)
[3.525s][info][gc,start    ] GC(10) Garbage Collection (Timer)
[3.525s][info][gc,task     ] GC(10) Using 3 workers
[3.525s][info][gc,phases   ] GC(10) Pause Mark Start 0.005ms
[3.547s][info][gc,phases   ] GC(10) Concurrent Mark 21.591ms
[3.547s][info][gc,phases   ] GC(10) Pause Mark End 0.010ms
[3.547s][info][gc,phases   ] GC(10) Concurrent Mark Free 0.001ms
[3.548s][info][gc,phases   ] GC(10) Concurrent Process Non-Strong References 0.943ms
[3.548s][info][gc,phases   ] GC(10) Concurrent Reset Relocation Set 0.001ms
[3.551s][info][gc,phases   ] GC(10) Concurrent Select Relocation Set 2.297ms
[3.551s][info][gc,phases   ] GC(10) Pause Relocate Start 0.006ms
[3.551s][info][gc,phases   ] GC(10) Concurrent Relocate 0.102ms
[3.551s][info][gc,load     ] GC(10) Load: 0.00/0.00/0.00
[3.551s][info][gc,mmu      ] GC(10) MMU: 2ms/99.4%, 5ms/99.6%, 10ms/99.8%, 20ms/99.9%, 50ms/100.0%, 100ms/100.0%
[3.551s][info][gc,marking  ] GC(10) Mark: 2 stripe(s), 2 proactive flush(es), 1 terminate flush(es), 0 completion(s), 0 continuation(s) 
[3.551s][info][gc,marking  ] GC(10) Mark Stack Usage: 32M
[3.551s][info][gc,nmethod  ] GC(10) NMethods: 462 registered, 0 unregistered
[3.551s][info][gc,metaspace] GC(10) Metaspace: 1M used, 1M committed, 1088M reserved
[3.551s][info][gc,ref      ] GC(10) Soft: 181 encountered, 0 discovered, 0 enqueued
[3.551s][info][gc,ref      ] GC(10) Weak: 263 encountered, 1 discovered, 0 enqueued
[3.551s][info][gc,ref      ] GC(10) Final: 0 encountered, 0 discovered, 0 enqueued
[3.551s][info][gc,ref      ] GC(10) Phantom: 7 encountered, 4 discovered, 0 enqueued
[3.551s][info][gc,reloc    ] GC(10) Small Pages: 990 / 1980M, Empty: 0M, Relocated: 0M, In-Place: 0
[3.551s][info][gc,reloc    ] GC(10) Medium Pages: 1 / 32M, Empty: 0M, Relocated: 0M, In-Place: 0
[3.551s][info][gc,reloc    ] GC(10) Large Pages: 0 / 0M, Empty: 0M, Relocated: 0M, In-Place: 0
[3.551s][info][gc,reloc    ] GC(10) Forwarding Usage: 0M
[3.551s][info][gc,heap     ] GC(10) Min Capacity: 8192M(100%)
[3.551s][info][gc,heap     ] GC(10) Max Capacity: 8192M(100%)
[3.551s][info][gc,heap     ] GC(10) Soft Max Capacity: 8192M(100%)
[3.551s][info][gc,heap     ] GC(10)                Mark Start          Mark End        Relocate Start      Relocate End           High               Low         
[3.551s][info][gc,heap     ] GC(10)  Capacity:     8192M (100%)       8192M (100%)       8192M (100%)       8192M (100%)       8192M (100%)       8192M (100%)   
[3.552s][info][gc,heap     ] GC(10)      Free:     6180M (75%)        6178M (75%)        6176M (75%)        6176M (75%)        6180M (75%)        6176M (75%)    
[3.552s][info][gc,heap     ] GC(10)      Used:     2012M (25%)        2014M (25%)        2016M (25%)        2016M (25%)        2016M (25%)        2012M (25%)    
[3.552s][info][gc,heap     ] GC(10)      Live:         -              1808M (22%)        1808M (22%)        1808M (22%)            -                  -          
[3.552s][info][gc,heap     ] GC(10) Allocated:         -                 2M (0%)            4M (0%)            4M (0%)             -                  -          
[3.552s][info][gc,heap     ] GC(10)   Garbage:         -               203M (2%)          203M (2%)          203M (2%)             -                  -          
[3.552s][info][gc,heap     ] GC(10) Reclaimed:         -                  -                 0M (0%)            0M (0%)             -                  -          
[3.552s][info][gc          ] GC(10) Garbage Collection (Timer) 2012M(25%)->2016M(25%)
[3.825s][info][gc,start    ] GC(11) Garbage Collection (Timer)
[3.825s][info][gc,task     ] GC(11) Using 3 workers
[3.825s][info][gc,phases   ] GC(11) Pause Mark Start 0.007ms
[3.848s][info][gc,phases   ] GC(11) Concurrent Mark 22.659ms
[3.848s][info][gc,phases   ] GC(11) Pause Mark End 0.009ms
[3.849s][info][gc,phases   ] GC(11) Concurrent Mark Free 0.001ms
[3.849s][info][gc,phases   ] GC(11) Concurrent Process Non-Strong References 0.824ms
[3.849s][info][gc,phases   ] GC(11) Concurrent Reset Relocation Set 0.000ms
[3.852s][info][gc,phases   ] GC(11) Concurrent Select Relocation Set 2.287ms
[3.852s][info][gc,phases   ] GC(11) Pause Relocate Start 0.005ms
[3.853s][info][gc,phases   ] GC(11) Concurrent Relocate 0.850ms
[3.853s][info][gc,load     ] GC(11) Load: 0.00/0.00/0.00
[3.853s][info][gc,mmu      ] GC(11) MMU: 2ms/99.4%, 5ms/99.6%, 10ms/99.8%, 20ms/99.9%, 50ms/100.0%, 100ms/100.0%
[3.853s][info][gc,marking  ] GC(11) Mark: 2 stripe(s), 2 proactive flush(es), 1 terminate flush(es), 0 completion(s), 0 continuation(s) 
[3.853s][info][gc,marking  ] GC(11) Mark Stack Usage: 32M
[3.853s][info][gc,nmethod  ] GC(11) NMethods: 462 registered, 0 unregistered
[3.853s][info][gc,metaspace] GC(11) Metaspace: 1M used, 1M committed, 1088M reserved
[3.853s][info][gc,ref      ] GC(11) Soft: 181 encountered, 0 discovered, 0 enqueued
[3.853s][info][gc,ref      ] GC(11) Weak: 263 encountered, 1 discovered, 0 enqueued
[3.853s][info][gc,ref      ] GC(11) Final: 0 encountered, 0 discovered, 0 enqueued
[3.853s][info][gc,ref      ] GC(11) Phantom: 7 encountered, 4 discovered, 0 enqueued
[3.853s][info][gc,reloc    ] GC(11) Small Pages: 1064 / 2128M, Empty: 0M, Relocated: 1M, In-Place: 0
[3.853s][info][gc,reloc    ] GC(11) Medium Pages: 1 / 32M, Empty: 0M, Relocated: 0M, In-Place: 0
[3.853s][info][gc,reloc    ] GC(11) Large Pages: 0 / 0M, Empty: 0M, Relocated: 0M, In-Place: 0
[3.853s][info][gc,reloc    ] GC(11) Forwarding Usage: 0M
[3.853s][info][gc,heap     ] GC(11) Min Capacity: 8192M(100%)
[3.853s][info][gc,heap     ] GC(11) Max Capacity: 8192M(100%)
[3.853s][info][gc,heap     ] GC(11) Soft Max Capacity: 8192M(100%)
[3.853s][info][gc,heap     ] GC(11)                Mark Start          Mark End        Relocate Start      Relocate End           High               Low         
[3.853s][info][gc,heap     ] GC(11)  Capacity:     8192M (100%)       8192M (100%)       8192M (100%)       8192M (100%)       8192M (100%)       8192M (100%)   
[3.853s][info][gc,heap     ] GC(11)      Free:     6032M (74%)        6026M (74%)        6026M (74%)        6026M (74%)        6032M (74%)        6022M (74%)    
[3.853s][info][gc,heap     ] GC(11)      Used:     2160M (26%)        2166M (26%)        2166M (26%)        2166M (26%)        2170M (26%)        2160M (26%)    
[3.853s][info][gc,heap     ] GC(11)      Live:         -              1942M (24%)        1942M (24%)        1942M (24%)            -                  -          
[3.853s][info][gc,heap     ] GC(11) Allocated:         -                 6M (0%)            6M (0%)            6M (0%)             -                  -          
[3.854s][info][gc,heap     ] GC(11)   Garbage:         -               217M (3%)          217M (3%)          217M (3%)             -                  -          
[3.854s][info][gc,heap     ] GC(11) Reclaimed:         -                  -                 0M (0%)            0M (0%)             -                  -          
[3.854s][info][gc          ] GC(11) Garbage Collection (Timer) 2160M(26%)->2166M(26%)
[4.125s][info][gc,start    ] GC(12) Garbage Collection (Timer)
[4.125s][info][gc,task     ] GC(12) Using 3 workers
[4.126s][info][gc,phases   ] GC(12) Pause Mark Start 0.006ms
[4.146s][info][gc,phases   ] GC(12) Concurrent Mark 20.633ms
[4.147s][info][gc,phases   ] GC(12) Pause Mark End 0.009ms
[4.147s][info][gc,phases   ] GC(12) Concurrent Mark Free 0.001ms
[4.148s][info][gc,phases   ] GC(12) Concurrent Process Non-Strong References 0.878ms
[4.148s][info][gc,phases   ] GC(12) Concurrent Reset Relocation Set 0.001ms
[4.150s][info][gc,phases   ] GC(12) Concurrent Select Relocation Set 2.710ms
[4.151s][info][gc,phases   ] GC(12) Pause Relocate Start 0.006ms
[4.152s][info][gc,phases   ] GC(12) Concurrent Relocate 0.815ms
[4.152s][info][gc,load     ] GC(12) Load: 0.00/0.00/0.00
[4.152s][info][gc,mmu      ] GC(12) MMU: 2ms/99.4%, 5ms/99.6%, 10ms/99.8%, 20ms/99.9%, 50ms/100.0%, 100ms/100.0%
[4.152s][info][gc,marking  ] GC(12) Mark: 2 stripe(s), 2 proactive flush(es), 1 terminate flush(es), 0 completion(s), 0 continuation(s) 
[4.152s][info][gc,marking  ] GC(12) Mark Stack Usage: 32M
[4.152s][info][gc,nmethod  ] GC(12) NMethods: 462 registered, 0 unregistered
[4.152s][info][gc,metaspace] GC(12) Metaspace: 1M used, 1M committed, 1088M reserved
[4.152s][info][gc,ref      ] GC(12) Soft: 181 encountered, 0 discovered, 0 enqueued
[4.152s][info][gc,ref      ] GC(12) Weak: 263 encountered, 3 discovered, 0 enqueued
[4.152s][info][gc,ref      ] GC(12) Final: 0 encountered, 0 discovered, 0 enqueued
[4.152s][info][gc,ref      ] GC(12) Phantom: 7 encountered, 1 discovered, 0 enqueued
[4.152s][info][gc,reloc    ] GC(12) Small Pages: 1128 / 2256M, Empty: 0M, Relocated: 1M, In-Place: 0
[4.152s][info][gc,reloc    ] GC(12) Medium Pages: 2 / 64M, Empty: 32M, Relocated: 0M, In-Place: 0
[4.152s][info][gc,reloc    ] GC(12) Large Pages: 0 / 0M, Empty: 0M, Relocated: 0M, In-Place: 0
[4.152s][info][gc,reloc    ] GC(12) Forwarding Usage: 0M
[4.152s][info][gc,heap     ] GC(12) Min Capacity: 8192M(100%)
[4.152s][info][gc,heap     ] GC(12) Max Capacity: 8192M(100%)
[4.152s][info][gc,heap     ] GC(12) Soft Max Capacity: 8192M(100%)
[4.152s][info][gc,heap     ] GC(12)                Mark Start          Mark End        Relocate Start      Relocate End           High               Low         
[4.152s][info][gc,heap     ] GC(12)  Capacity:     8192M (100%)       8192M (100%)       8192M (100%)       8192M (100%)       8192M (100%)       8192M (100%)   
[4.152s][info][gc,heap     ] GC(12)      Free:     5872M (72%)        5870M (72%)        5900M (72%)        5900M (72%)        5900M (72%)        5868M (72%)    
[4.152s][info][gc,heap     ] GC(12)      Used:     2320M (28%)        2322M (28%)        2292M (28%)        2292M (28%)        2324M (28%)        2292M (28%)    
[4.152s][info][gc,heap     ] GC(12)      Live:         -              2058M (25%)        2058M (25%)        2058M (25%)            -                  -          
[4.152s][info][gc,heap     ] GC(12) Allocated:         -                 2M (0%)            4M (0%)            4M (0%)             -                  -          
[4.152s][info][gc,heap     ] GC(12)   Garbage:         -               261M (3%)          229M (3%)          229M (3%)             -                  -          
[4.152s][info][gc,heap     ] GC(12) Reclaimed:         -                  -                32M (0%)           32M (0%)             -                  -          
[4.152s][info][gc          ] GC(12) Garbage Collection (Timer) 2320M(28%)->2292M(28%)
[4.425s][info][gc,start    ] GC(13) Garbage Collection (Timer)
[4.425s][info][gc,task     ] GC(13) Using 3 workers
[4.425s][info][gc,phases   ] GC(13) Pause Mark Start 0.006ms
[4.445s][info][gc,phases   ] GC(13) Concurrent Mark 19.591ms
[4.445s][info][gc,phases   ] GC(13) Pause Mark End 0.009ms
[4.445s][info][gc,phases   ] GC(13) Concurrent Mark Free 0.001ms
[4.446s][info][gc,phases   ] GC(13) Concurrent Process Non-Strong References 0.756ms
[4.446s][info][gc,phases   ] GC(13) Concurrent Reset Relocation Set 0.001ms
[4.448s][info][gc,phases   ] GC(13) Concurrent Select Relocation Set 2.240ms
[4.449s][info][gc,phases   ] GC(13) Pause Relocate Start 0.005ms
[4.450s][info][gc,phases   ] GC(13) Concurrent Relocate 1.135ms
[4.450s][info][gc,load     ] GC(13) Load: 0.00/0.00/0.00
[4.450s][info][gc,mmu      ] GC(13) MMU: 2ms/99.4%, 5ms/99.6%, 10ms/99.8%, 20ms/99.9%, 50ms/100.0%, 100ms/100.0%
[4.450s][info][gc,marking  ] GC(13) Mark: 2 stripe(s), 2 proactive flush(es), 1 terminate flush(es), 0 completion(s), 0 continuation(s) 
[4.450s][info][gc,marking  ] GC(13) Mark Stack Usage: 32M
[4.450s][info][gc,nmethod  ] GC(13) NMethods: 462 registered, 0 unregistered
[4.450s][info][gc,metaspace] GC(13) Metaspace: 1M used, 1M committed, 1088M reserved
[4.450s][info][gc,ref      ] GC(13) Soft: 181 encountered, 0 discovered, 0 enqueued
[4.450s][info][gc,ref      ] GC(13) Weak: 263 encountered, 0 discovered, 0 enqueued
[4.450s][info][gc,ref      ] GC(13) Final: 0 encountered, 0 discovered, 0 enqueued
[4.450s][info][gc,ref      ] GC(13) Phantom: 7 encountered, 3 discovered, 0 enqueued
[4.450s][info][gc,reloc    ] GC(13) Small Pages: 1197 / 2394M, Empty: 0M, Relocated: 2M, In-Place: 0
[4.450s][info][gc,reloc    ] GC(13) Medium Pages: 1 / 32M, Empty: 0M, Relocated: 0M, In-Place: 0
[4.450s][info][gc,reloc    ] GC(13) Large Pages: 0 / 0M, Empty: 0M, Relocated: 0M, In-Place: 0
[4.450s][info][gc,reloc    ] GC(13) Forwarding Usage: 0M
[4.450s][info][gc,heap     ] GC(13) Min Capacity: 8192M(100%)
[4.450s][info][gc,heap     ] GC(13) Max Capacity: 8192M(100%)
[4.450s][info][gc,heap     ] GC(13) Soft Max Capacity: 8192M(100%)
[4.450s][info][gc,heap     ] GC(13)                Mark Start          Mark End        Relocate Start      Relocate End           High               Low         
[4.450s][info][gc,heap     ] GC(13)  Capacity:     8192M (100%)       8192M (100%)       8192M (100%)       8192M (100%)       8192M (100%)       8192M (100%)   
[4.450s][info][gc,heap     ] GC(13)      Free:     5766M (70%)        5764M (70%)        5762M (70%)        5764M (70%)        5766M (70%)        5756M (70%)    
[4.450s][info][gc,heap     ] GC(13)      Used:     2426M (30%)        2428M (30%)        2430M (30%)        2428M (30%)        2436M (30%)        2426M (30%)    
[4.450s][info][gc,heap     ] GC(13)      Live:         -              2183M (27%)        2183M (27%)        2183M (27%)            -                  -          
[4.450s][info][gc,heap     ] GC(13) Allocated:         -                 2M (0%)            4M (0%)            4M (0%)             -                  -          
[4.450s][info][gc,heap     ] GC(13)   Garbage:         -               242M (3%)          242M (3%)          240M (3%)             -                  -          
[4.450s][info][gc,heap     ] GC(13) Reclaimed:         -                  -                 0M (0%)            2M (0%)             -                  -          
[4.450s][info][gc          ] GC(13) Garbage Collection (Timer) 2426M(30%)->2428M(30%)
[4.526s][info][gc,start    ] GC(14) Garbage Collection (Warmup)
[4.526s][info][gc,task     ] GC(14) Using 3 workers
[4.526s][info][gc,phases   ] GC(14) Pause Mark Start 0.005ms
[4.543s][info][gc,phases   ] GC(14) Concurrent Mark 16.625ms
[4.543s][info][gc,phases   ] GC(14) Pause Mark End 0.009ms
[4.543s][info][gc,phases   ] GC(14) Concurrent Mark Free 0.001ms
[4.544s][info][gc,phases   ] GC(14) Concurrent Process Non-Strong References 0.838ms
[4.544s][info][gc,phases   ] GC(14) Concurrent Reset Relocation Set 0.001ms
[4.546s][info][gc,phases   ] GC(14) Concurrent Select Relocation Set 2.545ms
[4.547s][info][gc,phases   ] GC(14) Pause Relocate Start 0.005ms
[4.549s][info][gc,phases   ] GC(14) Concurrent Relocate 2.780ms
[4.550s][info][gc,load     ] GC(14) Load: 0.00/0.00/0.00
[4.550s][info][gc,mmu      ] GC(14) MMU: 2ms/99.4%, 5ms/99.6%, 10ms/99.8%, 20ms/99.9%, 50ms/100.0%, 100ms/100.0%
[4.550s][info][gc,marking  ] GC(14) Mark: 2 stripe(s), 2 proactive flush(es), 1 terminate flush(es), 0 completion(s), 0 continuation(s) 
[4.550s][info][gc,marking  ] GC(14) Mark Stack Usage: 32M
[4.550s][info][gc,nmethod  ] GC(14) NMethods: 468 registered, 0 unregistered
[4.550s][info][gc,metaspace] GC(14) Metaspace: 1M used, 1M committed, 1088M reserved
[4.550s][info][gc,ref      ] GC(14) Soft: 181 encountered, 0 discovered, 0 enqueued
[4.550s][info][gc,ref      ] GC(14) Weak: 263 encountered, 3 discovered, 0 enqueued
[4.550s][info][gc,ref      ] GC(14) Final: 0 encountered, 0 discovered, 0 enqueued
[4.550s][info][gc,ref      ] GC(14) Phantom: 7 encountered, 1 discovered, 0 enqueued
[4.550s][info][gc,reloc    ] GC(14) Small Pages: 1214 / 2428M, Empty: 0M, Relocated: 5M, In-Place: 0
[4.550s][info][gc,reloc    ] GC(14) Medium Pages: 1 / 32M, Empty: 0M, Relocated: 0M, In-Place: 0
[4.550s][info][gc,reloc    ] GC(14) Large Pages: 0 / 0M, Empty: 0M, Relocated: 0M, In-Place: 0
[4.550s][info][gc,reloc    ] GC(14) Forwarding Usage: 0M
[4.550s][info][gc,heap     ] GC(14) Min Capacity: 8192M(100%)
[4.550s][info][gc,heap     ] GC(14) Max Capacity: 8192M(100%)
[4.550s][info][gc,heap     ] GC(14) Soft Max Capacity: 8192M(100%)
[4.550s][info][gc,heap     ] GC(14)                Mark Start          Mark End        Relocate Start      Relocate End           High               Low         
[4.550s][info][gc,heap     ] GC(14)  Capacity:     8192M (100%)       8192M (100%)       8192M (100%)       8192M (100%)       8192M (100%)       8192M (100%)   
[4.550s][info][gc,heap     ] GC(14)      Free:     5732M (70%)        5730M (70%)        5728M (70%)        5730M (70%)        5732M (70%)        5722M (70%)    
[4.550s][info][gc,heap     ] GC(14)      Used:     2460M (30%)        2462M (30%)        2464M (30%)        2462M (30%)        2470M (30%)        2460M (30%)    
[4.550s][info][gc,heap     ] GC(14)      Live:         -              2215M (27%)        2215M (27%)        2215M (27%)            -                  -          
[4.550s][info][gc,heap     ] GC(14) Allocated:         -                 2M (0%)            4M (0%)            4M (0%)             -                  -          
[4.550s][info][gc,heap     ] GC(14)   Garbage:         -               244M (3%)          244M (3%)          242M (3%)             -                  -          
[4.550s][info][gc,heap     ] GC(14) Reclaimed:         -                  -                 0M (0%)            2M (0%)             -                  -          
[4.550s][info][gc          ] GC(14) Garbage Collection (Warmup) 2460M(30%)->2462M(30%)
[4.825s][info][gc,start    ] GC(15) Garbage Collection (Timer)
[4.825s][info][gc,task     ] GC(15) Using 3 workers
[4.825s][info][gc,phases   ] GC(15) Pause Mark Start 0.006ms
[4.844s][info][gc,phases   ] GC(15) Concurrent Mark 18.705ms
[4.844s][info][gc,phases   ] GC(15) Pause Mark End 0.009ms
[4.844s][info][gc,phases   ] GC(15) Concurrent Mark Free 0.001ms
[4.845s][info][gc,phases   ] GC(15) Concurrent Process Non-Strong References 0.888ms
[4.845s][info][gc,phases   ] GC(15) Concurrent Reset Relocation Set 0.001ms
[4.847s][info][gc,phases   ] GC(15) Concurrent Select Relocation Set 2.179ms
[4.847s][info][gc,phases   ] GC(15) Pause Relocate Start 0.005ms
[4.848s][info][gc,phases   ] GC(15) Concurrent Relocate 0.739ms
[4.848s][info][gc,load     ] GC(15) Load: 0.00/0.00/0.00
[4.848s][info][gc,mmu      ] GC(15) MMU: 2ms/99.4%, 5ms/99.6%, 10ms/99.8%, 20ms/99.9%, 50ms/100.0%, 100ms/100.0%
[4.848s][info][gc,marking  ] GC(15) Mark: 2 stripe(s), 2 proactive flush(es), 1 terminate flush(es), 0 completion(s), 0 continuation(s) 
[4.848s][info][gc,marking  ] GC(15) Mark Stack Usage: 32M
[4.848s][info][gc,nmethod  ] GC(15) NMethods: 468 registered, 0 unregistered
[4.848s][info][gc,metaspace] GC(15) Metaspace: 1M used, 1M committed, 1088M reserved
[4.848s][info][gc,ref      ] GC(15) Soft: 181 encountered, 0 discovered, 0 enqueued
[4.848s][info][gc,ref      ] GC(15) Weak: 263 encountered, 147 discovered, 0 enqueued
[4.849s][info][gc,ref      ] GC(15) Final: 0 encountered, 0 discovered, 0 enqueued
[4.849s][info][gc,ref      ] GC(15) Phantom: 7 encountered, 1 discovered, 0 enqueued
[4.849s][info][gc,reloc    ] GC(15) Small Pages: 1269 / 2538M, Empty: 0M, Relocated: 1M, In-Place: 0
[4.849s][info][gc,reloc    ] GC(15) Medium Pages: 1 / 32M, Empty: 0M, Relocated: 0M, In-Place: 0
[4.849s][info][gc,reloc    ] GC(15) Large Pages: 0 / 0M, Empty: 0M, Relocated: 0M, In-Place: 0
[4.849s][info][gc,reloc    ] GC(15) Forwarding Usage: 0M
[4.849s][info][gc,heap     ] GC(15) Min Capacity: 8192M(100%)
[4.849s][info][gc,heap     ] GC(15) Max Capacity: 8192M(100%)
[4.849s][info][gc,heap     ] GC(15) Soft Max Capacity: 8192M(100%)
[4.849s][info][gc,heap     ] GC(15)                Mark Start          Mark End        Relocate Start      Relocate End           High               Low         
[4.849s][info][gc,heap     ] GC(15)  Capacity:     8192M (100%)       8192M (100%)       8192M (100%)       8192M (100%)       8192M (100%)       8192M (100%)   
[4.849s][info][gc,heap     ] GC(15)      Free:     5622M (69%)        5620M (69%)        5618M (69%)        5618M (69%)        5622M (69%)        5612M (69%)    
[4.849s][info][gc,heap     ] GC(15)      Used:     2570M (31%)        2572M (31%)        2574M (31%)        2574M (31%)        2580M (31%)        2570M (31%)    
[4.849s][info][gc,heap     ] GC(15)      Live:         -              2316M (28%)        2316M (28%)        2316M (28%)            -                  -          
[4.849s][info][gc,heap     ] GC(15) Allocated:         -                 2M (0%)            4M (0%)            4M (0%)             -                  -          
[4.849s][info][gc,heap     ] GC(15)   Garbage:         -               253M (3%)          253M (3%)          253M (3%)             -                  -          
[4.849s][info][gc,heap     ] GC(15) Reclaimed:         -                  -                 0M (0%)            0M (0%)             -                  -          
[4.849s][info][gc          ] GC(15) Garbage Collection (Timer) 2570M(31%)->2574M(31%)
[5.125s][info][gc,start    ] GC(16) Garbage Collection (Timer)
[5.125s][info][gc,task     ] GC(16) Using 3 workers
[5.125s][info][gc,phases   ] GC(16) Pause Mark Start 0.006ms
[5.146s][info][gc,phases   ] GC(16) Concurrent Mark 20.617ms
[5.146s][info][gc,phases   ] GC(16) Pause Mark End 0.010ms
[5.146s][info][gc,phases   ] GC(16) Concurrent Mark Free 0.001ms
[5.147s][info][gc,phases   ] GC(16) Concurrent Process Non-Strong References 0.872ms
[5.147s][info][gc,phases   ] GC(16) Concurrent Reset Relocation Set 0.001ms
[5.150s][info][gc,phases   ] GC(16) Concurrent Select Relocation Set 2.578ms
[5.150s][info][gc,phases   ] GC(16) Pause Relocate Start 0.005ms
[5.151s][info][gc,phases   ] GC(16) Concurrent Relocate 0.876ms
[5.151s][info][gc,load     ] GC(16) Load: 0.00/0.00/0.00
[5.151s][info][gc,mmu      ] GC(16) MMU: 2ms/99.4%, 5ms/99.6%, 10ms/99.8%, 20ms/99.9%, 50ms/100.0%, 100ms/100.0%
[5.151s][info][gc,marking  ] GC(16) Mark: 2 stripe(s), 2 proactive flush(es), 1 terminate flush(es), 0 completion(s), 0 continuation(s) 
[5.151s][info][gc,marking  ] GC(16) Mark Stack Usage: 32M
[5.151s][info][gc,nmethod  ] GC(16) NMethods: 468 registered, 0 unregistered
[5.151s][info][gc,metaspace] GC(16) Metaspace: 1M used, 1M committed, 1088M reserved
[5.151s][info][gc,ref      ] GC(16) Soft: 181 encountered, 0 discovered, 0 enqueued
[5.151s][info][gc,ref      ] GC(16) Weak: 263 encountered, 100 discovered, 0 enqueued
[5.151s][info][gc,ref      ] GC(16) Final: 0 encountered, 0 discovered, 0 enqueued
[5.151s][info][gc,ref      ] GC(16) Phantom: 7 encountered, 1 discovered, 0 enqueued
[5.151s][info][gc,reloc    ] GC(16) Small Pages: 1332 / 2664M, Empty: 0M, Relocated: 1M, In-Place: 0
[5.151s][info][gc,reloc    ] GC(16) Medium Pages: 1 / 32M, Empty: 0M, Relocated: 0M, In-Place: 0
[5.151s][info][gc,reloc    ] GC(16) Large Pages: 0 / 0M, Empty: 0M, Relocated: 0M, In-Place: 0
[5.151s][info][gc,reloc    ] GC(16) Forwarding Usage: 0M
[5.151s][info][gc,heap     ] GC(16) Min Capacity: 8192M(100%)
[5.151s][info][gc,heap     ] GC(16) Max Capacity: 8192M(100%)
[5.151s][info][gc,heap     ] GC(16) Soft Max Capacity: 8192M(100%)
[5.151s][info][gc,heap     ] GC(16)                Mark Start          Mark End        Relocate Start      Relocate End           High               Low         
[5.151s][info][gc,heap     ] GC(16)  Capacity:     8192M (100%)       8192M (100%)       8192M (100%)       8192M (100%)       8192M (100%)       8192M (100%)   
[5.151s][info][gc,heap     ] GC(16)      Free:     5496M (67%)        5494M (67%)        5492M (67%)        5492M (67%)        5496M (67%)        5486M (67%)    
[5.151s][info][gc,heap     ] GC(16)      Used:     2696M (33%)        2698M (33%)        2700M (33%)        2700M (33%)        2706M (33%)        2696M (33%)    
[5.151s][info][gc,heap     ] GC(16)      Live:         -              2429M (30%)        2429M (30%)        2429M (30%)            -                  -          
[5.151s][info][gc,heap     ] GC(16) Allocated:         -                 2M (0%)            4M (0%)            5M (0%)             -                  -          
[5.152s][info][gc,heap     ] GC(16)   Garbage:         -               266M (3%)          266M (3%)          264M (3%)             -                  -          
[5.152s][info][gc,heap     ] GC(16) Reclaimed:         -                  -                 0M (0%)            1M (0%)             -                  -          
[5.152s][info][gc          ] GC(16) Garbage Collection (Timer) 2696M(33%)->2700M(33%)
[5.425s][info][gc,start    ] GC(17) Garbage Collection (Timer)
[5.425s][info][gc,task     ] GC(17) Using 3 workers
[5.426s][info][gc,phases   ] GC(17) Pause Mark Start 0.006ms
[5.447s][info][gc,phases   ] GC(17) Concurrent Mark 21.632ms
[5.447s][info][gc,phases   ] GC(17) Pause Mark End 0.009ms
[5.448s][info][gc,phases   ] GC(17) Concurrent Mark Free 0.001ms
[5.449s][info][gc,phases   ] GC(17) Concurrent Process Non-Strong References 0.953ms
[5.449s][info][gc,phases   ] GC(17) Concurrent Reset Relocation Set 0.001ms
[5.451s][info][gc,phases   ] GC(17) Concurrent Select Relocation Set 2.206ms
[5.451s][info][gc,phases   ] GC(17) Pause Relocate Start 0.005ms
[5.452s][info][gc,phases   ] GC(17) Concurrent Relocate 0.830ms
[5.452s][info][gc,load     ] GC(17) Load: 0.00/0.00/0.00
[5.452s][info][gc,mmu      ] GC(17) MMU: 2ms/99.4%, 5ms/99.6%, 10ms/99.8%, 20ms/99.9%, 50ms/100.0%, 100ms/100.0%
[5.452s][info][gc,marking  ] GC(17) Mark: 2 stripe(s), 2 proactive flush(es), 1 terminate flush(es), 0 completion(s), 0 continuation(s) 
[5.452s][info][gc,marking  ] GC(17) Mark Stack Usage: 32M
[5.452s][info][gc,nmethod  ] GC(17) NMethods: 468 registered, 0 unregistered
[5.452s][info][gc,metaspace] GC(17) Metaspace: 1M used, 1M committed, 1088M reserved
[5.452s][info][gc,ref      ] GC(17) Soft: 181 encountered, 0 discovered, 0 enqueued
[5.452s][info][gc,ref      ] GC(17) Weak: 263 encountered, 107 discovered, 0 enqueued
[5.452s][info][gc,ref      ] GC(17) Final: 0 encountered, 0 discovered, 0 enqueued
[5.452s][info][gc,ref      ] GC(17) Phantom: 7 encountered, 1 discovered, 0 enqueued
[5.452s][info][gc,reloc    ] GC(17) Small Pages: 1407 / 2814M, Empty: 0M, Relocated: 1M, In-Place: 0
[5.452s][info][gc,reloc    ] GC(17) Medium Pages: 1 / 32M, Empty: 0M, Relocated: 0M, In-Place: 0
[5.452s][info][gc,reloc    ] GC(17) Large Pages: 0 / 0M, Empty: 0M, Relocated: 0M, In-Place: 0
[5.452s][info][gc,reloc    ] GC(17) Forwarding Usage: 0M
[5.452s][info][gc,heap     ] GC(17) Min Capacity: 8192M(100%)
[5.452s][info][gc,heap     ] GC(17) Max Capacity: 8192M(100%)
[5.452s][info][gc,heap     ] GC(17) Soft Max Capacity: 8192M(100%)
[5.452s][info][gc,heap     ] GC(17)                Mark Start          Mark End        Relocate Start      Relocate End           High               Low         
[5.452s][info][gc,heap     ] GC(17)  Capacity:     8192M (100%)       8192M (100%)       8192M (100%)       8192M (100%)       8192M (100%)       8192M (100%)   
[5.452s][info][gc,heap     ] GC(17)      Free:     5346M (65%)        5342M (65%)        5340M (65%)        5342M (65%)        5346M (65%)        5334M (65%)    
[5.452s][info][gc,heap     ] GC(17)      Used:     2846M (35%)        2850M (35%)        2852M (35%)        2850M (35%)        2858M (35%)        2846M (35%)    
[5.453s][info][gc,heap     ] GC(17)      Live:         -              2567M (31%)        2567M (31%)        2567M (31%)            -                  -          
[5.453s][info][gc,heap     ] GC(17) Allocated:         -                 4M (0%)            6M (0%)            6M (0%)             -                  -          
[5.453s][info][gc,heap     ] GC(17)   Garbage:         -               278M (3%)          278M (3%)          276M (3%)             -                  -          
[5.453s][info][gc,heap     ] GC(17) Reclaimed:         -                  -                 0M (0%)            2M (0%)             -                  -          
[5.453s][info][gc          ] GC(17) Garbage Collection (Timer) 2846M(35%)->2850M(35%)
[5.726s][info][gc,start    ] GC(18) Garbage Collection (Timer)
[5.726s][info][gc,task     ] GC(18) Using 3 workers
[5.726s][info][gc,phases   ] GC(18) Pause Mark Start 0.006ms
[5.750s][info][gc,phases   ] GC(18) Concurrent Mark 24.595ms
[5.751s][info][gc,phases   ] GC(18) Pause Mark End 0.009ms
[5.751s][info][gc,phases   ] GC(18) Concurrent Mark Free 0.001ms
[5.752s][info][gc,phases   ] GC(18) Concurrent Process Non-Strong References 0.856ms
[5.752s][info][gc,phases   ] GC(18) Concurrent Reset Relocation Set 0.001ms
[5.754s][info][gc,phases   ] GC(18) Concurrent Select Relocation Set 2.496ms
[5.754s][info][gc,phases   ] GC(18) Pause Relocate Start 0.006ms
[5.755s][info][gc,phases   ] GC(18) Concurrent Relocate 0.897ms
[5.755s][info][gc,load     ] GC(18) Load: 0.00/0.00/0.00
[5.756s][info][gc,mmu      ] GC(18) MMU: 2ms/99.4%, 5ms/99.6%, 10ms/99.8%, 20ms/99.9%, 50ms/100.0%, 100ms/100.0%
[5.756s][info][gc,marking  ] GC(18) Mark: 2 stripe(s), 2 proactive flush(es), 1 terminate flush(es), 0 completion(s), 0 continuation(s) 
[5.756s][info][gc,marking  ] GC(18) Mark Stack Usage: 32M
[5.756s][info][gc,nmethod  ] GC(18) NMethods: 468 registered, 0 unregistered
[5.756s][info][gc,metaspace] GC(18) Metaspace: 1M used, 1M committed, 1088M reserved
[5.756s][info][gc,ref      ] GC(18) Soft: 181 encountered, 0 discovered, 0 enqueued
[5.756s][info][gc,ref      ] GC(18) Weak: 263 encountered, 3 discovered, 0 enqueued
[5.756s][info][gc,ref      ] GC(18) Final: 0 encountered, 0 discovered, 0 enqueued
[5.756s][info][gc,ref      ] GC(18) Phantom: 7 encountered, 1 discovered, 0 enqueued
[5.756s][info][gc,reloc    ] GC(18) Small Pages: 1504 / 3008M, Empty: 0M, Relocated: 1M, In-Place: 0
[5.756s][info][gc,reloc    ] GC(18) Medium Pages: 1 / 32M, Empty: 0M, Relocated: 0M, In-Place: 0
[5.756s][info][gc,reloc    ] GC(18) Large Pages: 0 / 0M, Empty: 0M, Relocated: 0M, In-Place: 0
[5.756s][info][gc,reloc    ] GC(18) Forwarding Usage: 0M
[5.756s][info][gc,heap     ] GC(18) Min Capacity: 8192M(100%)
[5.756s][info][gc,heap     ] GC(18) Max Capacity: 8192M(100%)
[5.756s][info][gc,heap     ] GC(18) Soft Max Capacity: 8192M(100%)
[5.756s][info][gc,heap     ] GC(18)                Mark Start          Mark End        Relocate Start      Relocate End           High               Low         
[5.756s][info][gc,heap     ] GC(18)  Capacity:     8192M (100%)       8192M (100%)       8192M (100%)       8192M (100%)       8192M (100%)       8192M (100%)   
[5.756s][info][gc,heap     ] GC(18)      Free:     5152M (63%)        5150M (63%)        5148M (63%)        5150M (63%)        5152M (63%)        5142M (63%)    
[5.756s][info][gc,heap     ] GC(18)      Used:     3040M (37%)        3042M (37%)        3044M (37%)        3042M (37%)        3050M (37%)        3040M (37%)    
[5.756s][info][gc,heap     ] GC(18)      Live:         -              2744M (34%)        2744M (34%)        2744M (34%)            -                  -          
[5.756s][info][gc,heap     ] GC(18) Allocated:         -                 2M (0%)            4M (0%)            4M (0%)             -                  -          
[5.756s][info][gc,heap     ] GC(18)   Garbage:         -               295M (4%)          295M (4%)          293M (4%)             -                  -          
[5.756s][info][gc,heap     ] GC(18) Reclaimed:         -                  -                 0M (0%)            2M (0%)             -                  -          
[5.756s][info][gc          ] GC(18) Garbage Collection (Timer) 3040M(37%)->3042M(37%)
[6.026s][info][gc,start    ] GC(19) Garbage Collection (Timer)
[6.026s][info][gc,task     ] GC(19) Using 3 workers
[6.026s][info][gc,phases   ] GC(19) Pause Mark Start 0.006ms
[6.053s][info][gc,phases   ] GC(19) Concurrent Mark 26.513ms
[6.053s][info][gc,phases   ] GC(19) Pause Mark End 0.010ms
[6.053s][info][gc,phases   ] GC(19) Concurrent Mark Free 0.001ms
[6.054s][info][gc,phases   ] GC(19) Concurrent Process Non-Strong References 0.802ms
[6.054s][info][gc,phases   ] GC(19) Concurrent Reset Relocation Set 0.001ms
[6.056s][info][gc,phases   ] GC(19) Concurrent Select Relocation Set 2.631ms
[6.056s][info][gc,phases   ] GC(19) Pause Relocate Start 0.007ms
[6.057s][info][gc,phases   ] GC(19) Concurrent Relocate 0.897ms
[6.058s][info][gc,load     ] GC(19) Load: 0.00/0.00/0.00
[6.058s][info][gc,mmu      ] GC(19) MMU: 2ms/99.4%, 5ms/99.6%, 10ms/99.8%, 20ms/99.9%, 50ms/100.0%, 100ms/100.0%
[6.058s][info][gc,marking  ] GC(19) Mark: 2 stripe(s), 2 proactive flush(es), 1 terminate flush(es), 0 completion(s), 0 continuation(s) 
[6.058s][info][gc,marking  ] GC(19) Mark Stack Usage: 32M
[6.058s][info][gc,nmethod  ] GC(19) NMethods: 469 registered, 0 unregistered
[6.058s][info][gc,metaspace] GC(19) Metaspace: 1M used, 1M committed, 1088M reserved
[6.058s][info][gc,ref      ] GC(19) Soft: 181 encountered, 0 discovered, 0 enqueued
[6.058s][info][gc,ref      ] GC(19) Weak: 263 encountered, 3 discovered, 0 enqueued
[6.058s][info][gc,ref      ] GC(19) Final: 0 encountered, 0 discovered, 0 enqueued
[6.058s][info][gc,ref      ] GC(19) Phantom: 7 encountered, 1 discovered, 0 enqueued
[6.058s][info][gc,reloc    ] GC(19) Small Pages: 1591 / 3182M, Empty: 0M, Relocated: 1M, In-Place: 0
[6.058s][info][gc,reloc    ] GC(19) Medium Pages: 1 / 32M, Empty: 0M, Relocated: 0M, In-Place: 0
[6.058s][info][gc,reloc    ] GC(19) Large Pages: 0 / 0M, Empty: 0M, Relocated: 0M, In-Place: 0
[6.058s][info][gc,reloc    ] GC(19) Forwarding Usage: 0M
[6.058s][info][gc,heap     ] GC(19) Min Capacity: 8192M(100%)
[6.058s][info][gc,heap     ] GC(19) Max Capacity: 8192M(100%)
[6.058s][info][gc,heap     ] GC(19) Soft Max Capacity: 8192M(100%)
[6.058s][info][gc,heap     ] GC(19)                Mark Start          Mark End        Relocate Start      Relocate End           High               Low         
[6.058s][info][gc,heap     ] GC(19)  Capacity:     8192M (100%)       8192M (100%)       8192M (100%)       8192M (100%)       8192M (100%)       8192M (100%)   
[6.058s][info][gc,heap     ] GC(19)      Free:     4978M (61%)        4976M (61%)        4976M (61%)        4976M (61%)        4978M (61%)        4970M (61%)    
[6.058s][info][gc,heap     ] GC(19)      Used:     3214M (39%)        3216M (39%)        3216M (39%)        3216M (39%)        3222M (39%)        3214M (39%)    
[6.058s][info][gc,heap     ] GC(19)      Live:         -              2905M (35%)        2905M (35%)        2905M (35%)            -                  -          
[6.058s][info][gc,heap     ] GC(19) Allocated:         -                 2M (0%)            2M (0%)            2M (0%)             -                  -          
[6.058s][info][gc,heap     ] GC(19)   Garbage:         -               308M (4%)          308M (4%)          308M (4%)             -                  -          
[6.058s][info][gc,heap     ] GC(19) Reclaimed:         -                  -                 0M (0%)            0M (0%)             -                  -          
[6.058s][info][gc          ] GC(19) Garbage Collection (Timer) 3214M(39%)->3216M(39%)
[6.325s][info][gc,start    ] GC(20) Garbage Collection (Timer)
[6.325s][info][gc,task     ] GC(20) Using 3 workers
[6.325s][info][gc,phases   ] GC(20) Pause Mark Start 0.005ms
[6.350s][info][gc,phases   ] GC(20) Concurrent Mark 24.614ms
[6.350s][info][gc,phases   ] GC(20) Pause Mark End 0.009ms
[6.350s][info][gc,phases   ] GC(20) Concurrent Mark Free 0.001ms
[6.351s][info][gc,phases   ] GC(20) Concurrent Process Non-Strong References 0.793ms
[6.351s][info][gc,phases   ] GC(20) Concurrent Reset Relocation Set 0.001ms
[6.353s][info][gc,phases   ] GC(20) Concurrent Select Relocation Set 2.445ms
[6.353s][info][gc,phases   ] GC(20) Pause Relocate Start 0.006ms
[6.355s][info][gc,phases   ] GC(20) Concurrent Relocate 1.492ms
[6.355s][info][gc,load     ] GC(20) Load: 0.00/0.00/0.00
[6.355s][info][gc,mmu      ] GC(20) MMU: 2ms/99.4%, 5ms/99.6%, 10ms/99.8%, 20ms/99.9%, 50ms/100.0%, 100ms/100.0%
[6.355s][info][gc,marking  ] GC(20) Mark: 2 stripe(s), 2 proactive flush(es), 1 terminate flush(es), 0 completion(s), 0 continuation(s) 
[6.355s][info][gc,marking  ] GC(20) Mark Stack Usage: 32M
[6.355s][info][gc,nmethod  ] GC(20) NMethods: 469 registered, 0 unregistered
[6.355s][info][gc,metaspace] GC(20) Metaspace: 1M used, 1M committed, 1088M reserved
[6.355s][info][gc,ref      ] GC(20) Soft: 181 encountered, 0 discovered, 0 enqueued
[6.355s][info][gc,ref      ] GC(20) Weak: 263 encountered, 3 discovered, 0 enqueued
[6.355s][info][gc,ref      ] GC(20) Final: 0 encountered, 0 discovered, 0 enqueued
[6.355s][info][gc,ref      ] GC(20) Phantom: 7 encountered, 1 discovered, 0 enqueued
[6.355s][info][gc,reloc    ] GC(20) Small Pages: 1651 / 3302M, Empty: 0M, Relocated: 3M, In-Place: 0
[6.355s][info][gc,reloc    ] GC(20) Medium Pages: 2 / 64M, Empty: 32M, Relocated: 0M, In-Place: 0
[6.355s][info][gc,reloc    ] GC(20) Large Pages: 0 / 0M, Empty: 0M, Relocated: 0M, In-Place: 0
[6.356s][info][gc,reloc    ] GC(20) Forwarding Usage: 0M
[6.356s][info][gc,heap     ] GC(20) Min Capacity: 8192M(100%)
[6.356s][info][gc,heap     ] GC(20) Max Capacity: 8192M(100%)
[6.356s][info][gc,heap     ] GC(20) Soft Max Capacity: 8192M(100%)
[6.356s][info][gc,heap     ] GC(20)                Mark Start          Mark End        Relocate Start      Relocate End           High               Low         
[6.356s][info][gc,heap     ] GC(20)  Capacity:     8192M (100%)       8192M (100%)       8192M (100%)       8192M (100%)       8192M (100%)       8192M (100%)   
[6.356s][info][gc,heap     ] GC(20)      Free:     4826M (59%)        4824M (59%)        4854M (59%)        4858M (59%)        4858M (59%)        4822M (59%)    
[6.356s][info][gc,heap     ] GC(20)      Used:     3366M (41%)        3368M (41%)        3338M (41%)        3334M (41%)        3370M (41%)        3334M (41%)    
[6.356s][info][gc,heap     ] GC(20)      Live:         -              3014M (37%)        3014M (37%)        3014M (37%)            -                  -          
[6.356s][info][gc,heap     ] GC(20) Allocated:         -                 2M (0%)            4M (0%)            4M (0%)             -                  -          
[6.356s][info][gc,heap     ] GC(20)   Garbage:         -               351M (4%)          319M (4%)          315M (4%)             -                  -          
[6.356s][info][gc,heap     ] GC(20) Reclaimed:         -                  -                32M (0%)           36M (0%)             -                  -          
[6.356s][info][gc          ] GC(20) Garbage Collection (Timer) 3366M(41%)->3334M(41%)
[6.625s][info][gc,start    ] GC(21) Garbage Collection (Timer)
[6.625s][info][gc,task     ] GC(21) Using 3 workers
[6.625s][info][gc,phases   ] GC(21) Pause Mark Start 0.005ms
[6.649s][info][gc,phases   ] GC(21) Concurrent Mark 23.622ms
[6.649s][info][gc,phases   ] GC(21) Pause Mark End 0.010ms
[6.649s][info][gc,phases   ] GC(21) Concurrent Mark Free 0.001ms
[6.650s][info][gc,phases   ] GC(21) Concurrent Process Non-Strong References 1.129ms
[6.650s][info][gc,phases   ] GC(21) Concurrent Reset Relocation Set 0.001ms
[6.653s][info][gc,phases   ] GC(21) Concurrent Select Relocation Set 2.691ms
[6.653s][info][gc,phases   ] GC(21) Pause Relocate Start 0.008ms
[6.654s][info][gc,phases   ] GC(21) Concurrent Relocate 0.951ms
[6.654s][info][gc,load     ] GC(21) Load: 0.00/0.00/0.00
[6.654s][info][gc,mmu      ] GC(21) MMU: 2ms/99.4%, 5ms/99.6%, 10ms/99.8%, 20ms/99.9%, 50ms/100.0%, 100ms/100.0%
[6.654s][info][gc,marking  ] GC(21) Mark: 2 stripe(s), 2 proactive flush(es), 1 terminate flush(es), 0 completion(s), 0 continuation(s) 
[6.654s][info][gc,marking  ] GC(21) Mark Stack Usage: 32M
[6.654s][info][gc,nmethod  ] GC(21) NMethods: 469 registered, 0 unregistered
[6.655s][info][gc,metaspace] GC(21) Metaspace: 1M used, 1M committed, 1088M reserved
[6.655s][info][gc,ref      ] GC(21) Soft: 181 encountered, 0 discovered, 0 enqueued
[6.655s][info][gc,ref      ] GC(21) Weak: 263 encountered, 3 discovered, 0 enqueued
[6.655s][info][gc,ref      ] GC(21) Final: 0 encountered, 0 discovered, 0 enqueued
[6.655s][info][gc,ref      ] GC(21) Phantom: 7 encountered, 1 discovered, 0 enqueued
[6.655s][info][gc,reloc    ] GC(21) Small Pages: 1711 / 3422M, Empty: 0M, Relocated: 1M, In-Place: 0
[6.655s][info][gc,reloc    ] GC(21) Medium Pages: 1 / 32M, Empty: 0M, Relocated: 0M, In-Place: 0
[6.655s][info][gc,reloc    ] GC(21) Large Pages: 0 / 0M, Empty: 0M, Relocated: 0M, In-Place: 0
[6.655s][info][gc,reloc    ] GC(21) Forwarding Usage: 0M
[6.655s][info][gc,heap     ] GC(21) Min Capacity: 8192M(100%)
[6.655s][info][gc,heap     ] GC(21) Max Capacity: 8192M(100%)
[6.655s][info][gc,heap     ] GC(21) Soft Max Capacity: 8192M(100%)
[6.655s][info][gc,heap     ] GC(21)                Mark Start          Mark End        Relocate Start      Relocate End           High               Low         
[6.655s][info][gc,heap     ] GC(21)  Capacity:     8192M (100%)       8192M (100%)       8192M (100%)       8192M (100%)       8192M (100%)       8192M (100%)   
[6.655s][info][gc,heap     ] GC(21)      Free:     4738M (58%)        4736M (58%)        4736M (58%)        4736M (58%)        4738M (58%)        4732M (58%)    
[6.655s][info][gc,heap     ] GC(21)      Used:     3454M (42%)        3456M (42%)        3456M (42%)        3456M (42%)        3460M (42%)        3454M (42%)    
[6.655s][info][gc,heap     ] GC(21)      Live:         -              3127M (38%)        3127M (38%)        3127M (38%)            -                  -          
[6.655s][info][gc,heap     ] GC(21) Allocated:         -                 2M (0%)            2M (0%)            2M (0%)             -                  -          
[6.655s][info][gc,heap     ] GC(21)   Garbage:         -               326M (4%)          326M (4%)          326M (4%)             -                  -          
[6.655s][info][gc,heap     ] GC(21) Reclaimed:         -                  -                 0M (0%)            0M (0%)             -                  -          
[6.655s][info][gc          ] GC(21) Garbage Collection (Timer) 3454M(42%)->3456M(42%)
[6.925s][info][gc,start    ] GC(22) Garbage Collection (Timer)
[6.925s][info][gc,task     ] GC(22) Using 3 workers
[6.925s][info][gc,phases   ] GC(22) Pause Mark Start 0.006ms
[6.950s][info][gc,phases   ] GC(22) Concurrent Mark 24.599ms
[6.950s][info][gc,phases   ] GC(22) Pause Mark End 0.009ms
[6.950s][info][gc,phases   ] GC(22) Concurrent Mark Free 0.001ms
[6.951s][info][gc,phases   ] GC(22) Concurrent Process Non-Strong References 0.680ms
[6.951s][info][gc,phases   ] GC(22) Concurrent Reset Relocation Set 0.002ms
[6.954s][info][gc,phases   ] GC(22) Concurrent Select Relocation Set 2.871ms
[6.954s][info][gc,phases   ] GC(22) Pause Relocate Start 0.007ms
[6.955s][info][gc,phases   ] GC(22) Concurrent Relocate 1.074ms
[6.955s][info][gc,load     ] GC(22) Load: 0.00/0.00/0.00
[6.955s][info][gc,mmu      ] GC(22) MMU: 2ms/99.4%, 5ms/99.6%, 10ms/99.8%, 20ms/99.9%, 50ms/100.0%, 100ms/100.0%
[6.955s][info][gc,marking  ] GC(22) Mark: 2 stripe(s), 2 proactive flush(es), 1 terminate flush(es), 0 completion(s), 0 continuation(s) 
[6.955s][info][gc,marking  ] GC(22) Mark Stack Usage: 32M
[6.956s][info][gc,nmethod  ] GC(22) NMethods: 469 registered, 0 unregistered
[6.956s][info][gc,metaspace] GC(22) Metaspace: 1M used, 1M committed, 1088M reserved
[6.956s][info][gc,ref      ] GC(22) Soft: 181 encountered, 0 discovered, 0 enqueued
[6.956s][info][gc,ref      ] GC(22) Weak: 263 encountered, 3 discovered, 0 enqueued
[6.956s][info][gc,ref      ] GC(22) Final: 0 encountered, 0 discovered, 0 enqueued
[6.956s][info][gc,ref      ] GC(22) Phantom: 7 encountered, 1 discovered, 0 enqueued
[6.956s][info][gc,reloc    ] GC(22) Small Pages: 1771 / 3542M, Empty: 0M, Relocated: 1M, In-Place: 0
[6.956s][info][gc,reloc    ] GC(22) Medium Pages: 1 / 32M, Empty: 0M, Relocated: 0M, In-Place: 0
[6.956s][info][gc,reloc    ] GC(22) Large Pages: 0 / 0M, Empty: 0M, Relocated: 0M, In-Place: 0
[6.956s][info][gc,reloc    ] GC(22) Forwarding Usage: 0M
[6.956s][info][gc,heap     ] GC(22) Min Capacity: 8192M(100%)
[6.956s][info][gc,heap     ] GC(22) Max Capacity: 8192M(100%)
[6.956s][info][gc,heap     ] GC(22) Soft Max Capacity: 8192M(100%)
[6.956s][info][gc,heap     ] GC(22)                Mark Start          Mark End        Relocate Start      Relocate End           High               Low         
[6.956s][info][gc,heap     ] GC(22)  Capacity:     8192M (100%)       8192M (100%)       8192M (100%)       8192M (100%)       8192M (100%)       8192M (100%)   
[6.956s][info][gc,heap     ] GC(22)      Free:     4618M (56%)        4616M (56%)        4616M (56%)        4616M (56%)        4618M (56%)        4612M (56%)    
[6.956s][info][gc,heap     ] GC(22)      Used:     3574M (44%)        3576M (44%)        3576M (44%)        3576M (44%)        3580M (44%)        3574M (44%)    
[6.956s][info][gc,heap     ] GC(22)      Live:         -              3236M (40%)        3236M (40%)        3236M (40%)            -                  -          
[6.956s][info][gc,heap     ] GC(22) Allocated:         -                 2M (0%)            2M (0%)            2M (0%)             -                  -          
[6.956s][info][gc,heap     ] GC(22)   Garbage:         -               337M (4%)          337M (4%)          337M (4%)             -                  -          
[6.956s][info][gc,heap     ] GC(22) Reclaimed:         -                  -                 0M (0%)            0M (0%)             -                  -          
[6.956s][info][gc          ] GC(22) Garbage Collection (Timer) 3574M(44%)->3576M(44%)
[7.226s][info][gc,start    ] GC(23) Garbage Collection (Timer)
[7.226s][info][gc,task     ] GC(23) Using 3 workers
[7.226s][info][gc,phases   ] GC(23) Pause Mark Start 0.006ms
[7.249s][info][gc,phases   ] GC(23) Concurrent Mark 23.547ms
[7.250s][info][gc,phases   ] GC(23) Pause Mark End 0.012ms
[7.250s][info][gc,phases   ] GC(23) Concurrent Mark Free 0.002ms
[7.250s][info][gc,phases   ] GC(23) Concurrent Process Non-Strong References 0.636ms
[7.251s][info][gc,phases   ] GC(23) Concurrent Reset Relocation Set 0.001ms
[7.253s][info][gc,phases   ] GC(23) Concurrent Select Relocation Set 2.592ms
[7.253s][info][gc,phases   ] GC(23) Pause Relocate Start 0.007ms
[7.254s][info][gc,phases   ] GC(23) Concurrent Relocate 0.985ms
[7.254s][info][gc,load     ] GC(23) Load: 0.00/0.00/0.00
[7.255s][info][gc,mmu      ] GC(23) MMU: 2ms/99.4%, 5ms/99.6%, 10ms/99.8%, 20ms/99.9%, 50ms/100.0%, 100ms/100.0%
[7.255s][info][gc,marking  ] GC(23) Mark: 2 stripe(s), 2 proactive flush(es), 1 terminate flush(es), 0 completion(s), 0 continuation(s) 
[7.255s][info][gc,marking  ] GC(23) Mark Stack Usage: 32M
[7.255s][info][gc,nmethod  ] GC(23) NMethods: 480 registered, 0 unregistered
[7.255s][info][gc,metaspace] GC(23) Metaspace: 1M used, 1M committed, 1088M reserved
[7.255s][info][gc,ref      ] GC(23) Soft: 181 encountered, 0 discovered, 0 enqueued
[7.255s][info][gc,ref      ] GC(23) Weak: 263 encountered, 103 discovered, 0 enqueued
[7.255s][info][gc,ref      ] GC(23) Final: 0 encountered, 0 discovered, 0 enqueued
[7.255s][info][gc,ref      ] GC(23) Phantom: 7 encountered, 4 discovered, 0 enqueued
[7.255s][info][gc,reloc    ] GC(23) Small Pages: 1814 / 3628M, Empty: 0M, Relocated: 1M, In-Place: 0
[7.255s][info][gc,reloc    ] GC(23) Medium Pages: 1 / 32M, Empty: 0M, Relocated: 0M, In-Place: 0
[7.255s][info][gc,reloc    ] GC(23) Large Pages: 0 / 0M, Empty: 0M, Relocated: 0M, In-Place: 0
[7.255s][info][gc,reloc    ] GC(23) Forwarding Usage: 0M
[7.255s][info][gc,heap     ] GC(23) Min Capacity: 8192M(100%)
[7.255s][info][gc,heap     ] GC(23) Max Capacity: 8192M(100%)
[7.255s][info][gc,heap     ] GC(23) Soft Max Capacity: 8192M(100%)
[7.255s][info][gc,heap     ] GC(23)                Mark Start          Mark End        Relocate Start      Relocate End           High               Low         
[7.255s][info][gc,heap     ] GC(23)  Capacity:     8192M (100%)       8192M (100%)       8192M (100%)       8192M (100%)       8192M (100%)       8192M (100%)   
[7.255s][info][gc,heap     ] GC(23)      Free:     4532M (55%)        4530M (55%)        4530M (55%)        4530M (55%)        4532M (55%)        4526M (55%)    
[7.255s][info][gc,heap     ] GC(23)      Used:     3660M (45%)        3662M (45%)        3662M (45%)        3662M (45%)        3666M (45%)        3660M (45%)    
[7.255s][info][gc,heap     ] GC(23)      Live:         -              3314M (40%)        3314M (40%)        3314M (40%)            -                  -          
[7.255s][info][gc,heap     ] GC(23) Allocated:         -                 2M (0%)            2M (0%)            2M (0%)             -                  -          
[7.255s][info][gc,heap     ] GC(23)   Garbage:         -               345M (4%)          345M (4%)          345M (4%)             -                  -          
[7.255s][info][gc,heap     ] GC(23) Reclaimed:         -                  -                 0M (0%)            0M (0%)             -                  -          
[7.255s][info][gc          ] GC(23) Garbage Collection (Timer) 3660M(45%)->3662M(45%)
[7.525s][info][gc,start    ] GC(24) Garbage Collection (Timer)
[7.526s][info][gc,task     ] GC(24) Using 3 workers
[7.526s][info][gc,phases   ] GC(24) Pause Mark Start 0.006ms
[7.550s][info][gc,phases   ] GC(24) Concurrent Mark 24.561ms
[7.551s][info][gc,phases   ] GC(24) Pause Mark End 0.010ms
[7.551s][info][gc,phases   ] GC(24) Concurrent Mark Free 0.001ms
[7.552s][info][gc,phases   ] GC(24) Concurrent Process Non-Strong References 0.891ms
[7.552s][info][gc,phases   ] GC(24) Concurrent Reset Relocation Set 0.001ms
[7.554s][info][gc,phases   ] GC(24) Concurrent Select Relocation Set 2.364ms
[7.554s][info][gc,phases   ] GC(24) Pause Relocate Start 0.005ms
[7.555s][info][gc,phases   ] GC(24) Concurrent Relocate 0.924ms
[7.555s][info][gc,load     ] GC(24) Load: 0.00/0.00/0.00
[7.555s][info][gc,mmu      ] GC(24) MMU: 2ms/99.4%, 5ms/99.6%, 10ms/99.8%, 20ms/99.9%, 50ms/100.0%, 100ms/100.0%
[7.555s][info][gc,marking  ] GC(24) Mark: 2 stripe(s), 3 proactive flush(es), 1 terminate flush(es), 0 completion(s), 0 continuation(s) 
[7.555s][info][gc,marking  ] GC(24) Mark Stack Usage: 32M
[7.555s][info][gc,nmethod  ] GC(24) NMethods: 480 registered, 0 unregistered
[7.555s][info][gc,metaspace] GC(24) Metaspace: 1M used, 1M committed, 1088M reserved
[7.555s][info][gc,ref      ] GC(24) Soft: 181 encountered, 0 discovered, 0 enqueued
[7.555s][info][gc,ref      ] GC(24) Weak: 263 encountered, 7 discovered, 0 enqueued
[7.555s][info][gc,ref      ] GC(24) Final: 0 encountered, 0 discovered, 0 enqueued
[7.555s][info][gc,ref      ] GC(24) Phantom: 7 encountered, 3 discovered, 0 enqueued
[7.555s][info][gc,reloc    ] GC(24) Small Pages: 1859 / 3718M, Empty: 0M, Relocated: 1M, In-Place: 0
[7.556s][info][gc,reloc    ] GC(24) Medium Pages: 1 / 32M, Empty: 0M, Relocated: 0M, In-Place: 0
[7.556s][info][gc,reloc    ] GC(24) Large Pages: 0 / 0M, Empty: 0M, Relocated: 0M, In-Place: 0
[7.556s][info][gc,reloc    ] GC(24) Forwarding Usage: 0M
[7.556s][info][gc,heap     ] GC(24) Min Capacity: 8192M(100%)
[7.556s][info][gc,heap     ] GC(24) Max Capacity: 8192M(100%)
[7.556s][info][gc,heap     ] GC(24) Soft Max Capacity: 8192M(100%)
[7.556s][info][gc,heap     ] GC(24)                Mark Start          Mark End        Relocate Start      Relocate End           High               Low         
[7.556s][info][gc,heap     ] GC(24)  Capacity:     8192M (100%)       8192M (100%)       8192M (100%)       8192M (100%)       8192M (100%)       8192M (100%)   
[7.556s][info][gc,heap     ] GC(24)      Free:     4442M (54%)        4440M (54%)        4440M (54%)        4440M (54%)        4442M (54%)        4436M (54%)    
[7.556s][info][gc,heap     ] GC(24)      Used:     3750M (46%)        3752M (46%)        3752M (46%)        3752M (46%)        3756M (46%)        3750M (46%)    
[7.556s][info][gc,heap     ] GC(24)      Live:         -              3396M (41%)        3396M (41%)        3396M (41%)            -                  -          
[7.556s][info][gc,heap     ] GC(24) Allocated:         -                 2M (0%)            2M (0%)            2M (0%)             -                  -          
[7.556s][info][gc,heap     ] GC(24)   Garbage:         -               353M (4%)          353M (4%)          353M (4%)             -                  -          
[7.556s][info][gc,heap     ] GC(24) Reclaimed:         -                  -                 0M (0%)            0M (0%)             -                  -          
[7.556s][info][gc          ] GC(24) Garbage Collection (Timer) 3750M(46%)->3752M(46%)
[7.826s][info][gc,start    ] GC(25) Garbage Collection (Timer)
[7.826s][info][gc,task     ] GC(25) Using 3 workers
[7.826s][info][gc,phases   ] GC(25) Pause Mark Start 0.006ms
[7.852s][info][gc,phases   ] GC(25) Concurrent Mark 25.644ms
[7.852s][info][gc,phases   ] GC(25) Pause Mark End 0.009ms
[7.852s][info][gc,phases   ] GC(25) Concurrent Mark Free 0.001ms
[7.853s][info][gc,phases   ] GC(25) Concurrent Process Non-Strong References 0.895ms
[7.853s][info][gc,phases   ] GC(25) Concurrent Reset Relocation Set 0.001ms
[7.855s][info][gc,phases   ] GC(25) Concurrent Select Relocation Set 2.253ms
[7.855s][info][gc,phases   ] GC(25) Pause Relocate Start 0.004ms
[7.856s][info][gc,phases   ] GC(25) Concurrent Relocate 0.985ms
[7.857s][info][gc,load     ] GC(25) Load: 0.00/0.00/0.00
[7.857s][info][gc,mmu      ] GC(25) MMU: 2ms/99.4%, 5ms/99.6%, 10ms/99.8%, 20ms/99.9%, 50ms/100.0%, 100ms/100.0%
[7.857s][info][gc,marking  ] GC(25) Mark: 2 stripe(s), 2 proactive flush(es), 1 terminate flush(es), 0 completion(s), 0 continuation(s) 
[7.857s][info][gc,marking  ] GC(25) Mark Stack Usage: 32M
[7.857s][info][gc,nmethod  ] GC(25) NMethods: 480 registered, 0 unregistered
[7.857s][info][gc,metaspace] GC(25) Metaspace: 1M used, 1M committed, 1088M reserved
[7.857s][info][gc,ref      ] GC(25) Soft: 181 encountered, 0 discovered, 0 enqueued
[7.857s][info][gc,ref      ] GC(25) Weak: 263 encountered, 105 discovered, 0 enqueued
[7.857s][info][gc,ref      ] GC(25) Final: 0 encountered, 0 discovered, 0 enqueued
[7.857s][info][gc,ref      ] GC(25) Phantom: 7 encountered, 4 discovered, 0 enqueued
[7.857s][info][gc,reloc    ] GC(25) Small Pages: 1909 / 3818M, Empty: 0M, Relocated: 1M, In-Place: 0
[7.857s][info][gc,reloc    ] GC(25) Medium Pages: 1 / 32M, Empty: 0M, Relocated: 0M, In-Place: 0
[7.857s][info][gc,reloc    ] GC(25) Large Pages: 0 / 0M, Empty: 0M, Relocated: 0M, In-Place: 0
[7.857s][info][gc,reloc    ] GC(25) Forwarding Usage: 0M
[7.857s][info][gc,heap     ] GC(25) Min Capacity: 8192M(100%)
[7.857s][info][gc,heap     ] GC(25) Max Capacity: 8192M(100%)
[7.857s][info][gc,heap     ] GC(25) Soft Max Capacity: 8192M(100%)
[7.857s][info][gc,heap     ] GC(25)                Mark Start          Mark End        Relocate Start      Relocate End           High               Low         
[7.857s][info][gc,heap     ] GC(25)  Capacity:     8192M (100%)       8192M (100%)       8192M (100%)       8192M (100%)       8192M (100%)       8192M (100%)   
[7.857s][info][gc,heap     ] GC(25)      Free:     4342M (53%)        4336M (53%)        4336M (53%)        4336M (53%)        4342M (53%)        4330M (53%)    
[7.857s][info][gc,heap     ] GC(25)      Used:     3850M (47%)        3856M (47%)        3856M (47%)        3856M (47%)        3862M (47%)        3850M (47%)    
[7.857s][info][gc,heap     ] GC(25)      Live:         -              3485M (43%)        3485M (43%)        3485M (43%)            -                  -          
[7.857s][info][gc,heap     ] GC(25) Allocated:         -                 6M (0%)            6M (0%)            6M (0%)             -                  -          
[7.857s][info][gc,heap     ] GC(25)   Garbage:         -               364M (4%)          364M (4%)          364M (4%)             -                  -          
[7.857s][info][gc,heap     ] GC(25) Reclaimed:         -                  -                 0M (0%)            0M (0%)             -                  -          
[7.857s][info][gc          ] GC(25) Garbage Collection (Timer) 3850M(47%)->3856M(47%)
[8.129s][info][gc,start    ] GC(26) Garbage Collection (Timer)
[8.129s][info][gc,task     ] GC(26) Using 3 workers
[8.129s][info][gc,phases   ] GC(26) Pause Mark Start 0.006ms
[8.160s][info][gc,phases   ] GC(26) Concurrent Mark 30.551ms
[8.160s][info][gc,phases   ] GC(26) Pause Mark End 0.010ms
[8.160s][info][gc,phases   ] GC(26) Concurrent Mark Free 0.001ms
[8.161s][info][gc,phases   ] GC(26) Concurrent Process Non-Strong References 0.742ms
[8.161s][info][gc,phases   ] GC(26) Concurrent Reset Relocation Set 0.001ms
[8.163s][info][gc,phases   ] GC(26) Concurrent Select Relocation Set 2.585ms
[8.164s][info][gc,phases   ] GC(26) Pause Relocate Start 0.007ms
[8.165s][info][gc,phases   ] GC(26) Concurrent Relocate 1.855ms
[8.166s][info][gc,load     ] GC(26) Load: 0.00/0.00/0.00
[8.166s][info][gc,mmu      ] GC(26) MMU: 2ms/99.4%, 5ms/99.6%, 10ms/99.8%, 20ms/99.9%, 50ms/100.0%, 100ms/100.0%
[8.166s][info][gc,marking  ] GC(26) Mark: 2 stripe(s), 2 proactive flush(es), 1 terminate flush(es), 0 completion(s), 0 continuation(s) 
[8.166s][info][gc,marking  ] GC(26) Mark Stack Usage: 32M
[8.166s][info][gc,nmethod  ] GC(26) NMethods: 480 registered, 0 unregistered
[8.166s][info][gc,metaspace] GC(26) Metaspace: 1M used, 1M committed, 1088M reserved
[8.166s][info][gc,ref      ] GC(26) Soft: 181 encountered, 0 discovered, 0 enqueued
[8.166s][info][gc,ref      ] GC(26) Weak: 263 encountered, 111 discovered, 0 enqueued
[8.166s][info][gc,ref      ] GC(26) Final: 0 encountered, 0 discovered, 0 enqueued
[8.166s][info][gc,ref      ] GC(26) Phantom: 7 encountered, 1 discovered, 0 enqueued
[8.166s][info][gc,reloc    ] GC(26) Small Pages: 1947 / 3894M, Empty: 0M, Relocated: 5M, In-Place: 0
[8.166s][info][gc,reloc    ] GC(26) Medium Pages: 1 / 32M, Empty: 0M, Relocated: 0M, In-Place: 0
[8.166s][info][gc,reloc    ] GC(26) Large Pages: 0 / 0M, Empty: 0M, Relocated: 0M, In-Place: 0
[8.166s][info][gc,reloc    ] GC(26) Forwarding Usage: 0M
[8.166s][info][gc,heap     ] GC(26) Min Capacity: 8192M(100%)
[8.166s][info][gc,heap     ] GC(26) Max Capacity: 8192M(100%)
[8.166s][info][gc,heap     ] GC(26) Soft Max Capacity: 8192M(100%)
[8.166s][info][gc,heap     ] GC(26)                Mark Start          Mark End        Relocate Start      Relocate End           High               Low         
[8.166s][info][gc,heap     ] GC(26)  Capacity:     8192M (100%)       8192M (100%)       8192M (100%)       8192M (100%)       8192M (100%)       8192M (100%)   
[8.166s][info][gc,heap     ] GC(26)      Free:     4266M (52%)        4264M (52%)        4262M (52%)        4266M (52%)        4266M (52%)        4256M (52%)    
[8.166s][info][gc,heap     ] GC(26)      Used:     3926M (48%)        3928M (48%)        3930M (48%)        3926M (48%)        3936M (48%)        3926M (48%)    
[8.166s][info][gc,heap     ] GC(26)      Live:         -              3554M (43%)        3554M (43%)        3554M (43%)            -                  -          
[8.166s][info][gc,heap     ] GC(26) Allocated:         -                 2M (0%)            4M (0%)            4M (0%)             -                  -          
[8.166s][info][gc,heap     ] GC(26)   Garbage:         -               371M (5%)          371M (5%)          367M (4%)             -                  -          
[8.166s][info][gc,heap     ] GC(26) Reclaimed:         -                  -                 0M (0%)            4M (0%)             -                  -          
[8.166s][info][gc          ] GC(26) Garbage Collection (Timer) 3926M(48%)->3926M(48%)
[8.427s][info][gc,start    ] GC(27) Garbage Collection (Timer)
[8.427s][info][gc,task     ] GC(27) Using 3 workers
[8.427s][info][gc,phases   ] GC(27) Pause Mark Start 0.006ms
[8.458s][info][gc,phases   ] GC(27) Concurrent Mark 30.466ms
[8.458s][info][gc,phases   ] GC(27) Pause Mark End 0.010ms
[8.458s][info][gc,phases   ] GC(27) Concurrent Mark Free 0.001ms
[8.459s][info][gc,phases   ] GC(27) Concurrent Process Non-Strong References 0.679ms
[8.459s][info][gc,phases   ] GC(27) Concurrent Reset Relocation Set 0.001ms
[8.461s][info][gc,phases   ] GC(27) Concurrent Select Relocation Set 2.564ms
[8.461s][info][gc,phases   ] GC(27) Pause Relocate Start 0.007ms
[8.463s][info][gc,phases   ] GC(27) Concurrent Relocate 1.261ms
[8.463s][info][gc,load     ] GC(27) Load: 0.00/0.00/0.00
[8.463s][info][gc,mmu      ] GC(27) MMU: 2ms/99.4%, 5ms/99.6%, 10ms/99.8%, 20ms/99.9%, 50ms/100.0%, 100ms/100.0%
[8.463s][info][gc,marking  ] GC(27) Mark: 2 stripe(s), 2 proactive flush(es), 1 terminate flush(es), 0 completion(s), 0 continuation(s) 
[8.463s][info][gc,marking  ] GC(27) Mark Stack Usage: 32M
[8.463s][info][gc,nmethod  ] GC(27) NMethods: 480 registered, 0 unregistered
[8.463s][info][gc,metaspace] GC(27) Metaspace: 1M used, 1M committed, 1088M reserved
[8.463s][info][gc,ref      ] GC(27) Soft: 181 encountered, 0 discovered, 0 enqueued
[8.463s][info][gc,ref      ] GC(27) Weak: 263 encountered, 108 discovered, 0 enqueued
[8.463s][info][gc,ref      ] GC(27) Final: 0 encountered, 0 discovered, 0 enqueued
[8.463s][info][gc,ref      ] GC(27) Phantom: 7 encountered, 1 discovered, 0 enqueued
[8.463s][info][gc,reloc    ] GC(27) Small Pages: 1988 / 3976M, Empty: 0M, Relocated: 1M, In-Place: 0
[8.463s][info][gc,reloc    ] GC(27) Medium Pages: 1 / 32M, Empty: 0M, Relocated: 0M, In-Place: 0
[8.463s][info][gc,reloc    ] GC(27) Large Pages: 0 / 0M, Empty: 0M, Relocated: 0M, In-Place: 0
[8.463s][info][gc,reloc    ] GC(27) Forwarding Usage: 0M
[8.463s][info][gc,heap     ] GC(27) Min Capacity: 8192M(100%)
[8.463s][info][gc,heap     ] GC(27) Max Capacity: 8192M(100%)
[8.463s][info][gc,heap     ] GC(27) Soft Max Capacity: 8192M(100%)
[8.463s][info][gc,heap     ] GC(27)                Mark Start          Mark End        Relocate Start      Relocate End           High               Low         
[8.464s][info][gc,heap     ] GC(27)  Capacity:     8192M (100%)       8192M (100%)       8192M (100%)       8192M (100%)       8192M (100%)       8192M (100%)   
[8.464s][info][gc,heap     ] GC(27)      Free:     4184M (51%)        4182M (51%)        4182M (51%)        4182M (51%)        4184M (51%)        4178M (51%)    
[8.464s][info][gc,heap     ] GC(27)      Used:     4008M (49%)        4010M (49%)        4010M (49%)        4010M (49%)        4014M (49%)        4008M (49%)    
[8.464s][info][gc,heap     ] GC(27)      Live:         -              3632M (44%)        3632M (44%)        3632M (44%)            -                  -          
[8.464s][info][gc,heap     ] GC(27) Allocated:         -                 2M (0%)            2M (0%)            2M (0%)             -                  -          
[8.464s][info][gc,heap     ] GC(27)   Garbage:         -               375M (5%)          375M (5%)          375M (5%)             -                  -          
[8.464s][info][gc,heap     ] GC(27) Reclaimed:         -                  -                 0M (0%)            0M (0%)             -                  -          
[8.464s][info][gc          ] GC(27) Garbage Collection (Timer) 4008M(49%)->4010M(49%)
[8.738s][info][gc,start    ] GC(28) Garbage Collection (Timer)
[8.738s][info][gc,task     ] GC(28) Using 3 workers
[8.738s][info][gc,phases   ] GC(28) Pause Mark Start 0.005ms
[8.769s][info][gc,phases   ] GC(28) Concurrent Mark 30.262ms
[8.769s][info][gc,phases   ] GC(28) Pause Mark End 0.011ms
[8.769s][info][gc,phases   ] GC(28) Concurrent Mark Free 0.001ms
[8.770s][info][gc,phases   ] GC(28) Concurrent Process Non-Strong References 0.600ms
[8.770s][info][gc,phases   ] GC(28) Concurrent Reset Relocation Set 0.001ms
[8.772s][info][gc,phases   ] GC(28) Concurrent Select Relocation Set 2.412ms
[8.772s][info][gc,phases   ] GC(28) Pause Relocate Start 0.006ms
[8.773s][info][gc,phases   ] GC(28) Concurrent Relocate 0.813ms
[8.773s][info][gc,load     ] GC(28) Load: 0.00/0.00/0.00
[8.773s][info][gc,mmu      ] GC(28) MMU: 2ms/99.4%, 5ms/99.6%, 10ms/99.8%, 20ms/99.9%, 50ms/100.0%, 100ms/100.0%
[8.773s][info][gc,marking  ] GC(28) Mark: 2 stripe(s), 2 proactive flush(es), 1 terminate flush(es), 0 completion(s), 0 continuation(s) 
[8.774s][info][gc,marking  ] GC(28) Mark Stack Usage: 32M
[8.774s][info][gc,nmethod  ] GC(28) NMethods: 480 registered, 0 unregistered
[8.774s][info][gc,metaspace] GC(28) Metaspace: 1M used, 1M committed, 1088M reserved
[8.774s][info][gc,ref      ] GC(28) Soft: 181 encountered, 0 discovered, 0 enqueued
[8.774s][info][gc,ref      ] GC(28) Weak: 263 encountered, 101 discovered, 0 enqueued
[8.774s][info][gc,ref      ] GC(28) Final: 0 encountered, 0 discovered, 0 enqueued
[8.774s][info][gc,ref      ] GC(28) Phantom: 7 encountered, 1 discovered, 0 enqueued
[8.774s][info][gc,reloc    ] GC(28) Small Pages: 2023 / 4046M, Empty: 0M, Relocated: 1M, In-Place: 0
[8.774s][info][gc,reloc    ] GC(28) Medium Pages: 1 / 32M, Empty: 0M, Relocated: 0M, In-Place: 0
[8.774s][info][gc,reloc    ] GC(28) Large Pages: 0 / 0M, Empty: 0M, Relocated: 0M, In-Place: 0
[8.774s][info][gc,reloc    ] GC(28) Forwarding Usage: 0M
[8.774s][info][gc,heap     ] GC(28) Min Capacity: 8192M(100%)
[8.774s][info][gc,heap     ] GC(28) Max Capacity: 8192M(100%)
[8.774s][info][gc,heap     ] GC(28) Soft Max Capacity: 8192M(100%)
[8.774s][info][gc,heap     ] GC(28)                Mark Start          Mark End        Relocate Start      Relocate End           High               Low         
[8.774s][info][gc,heap     ] GC(28)  Capacity:     8192M (100%)       8192M (100%)       8192M (100%)       8192M (100%)       8192M (100%)       8192M (100%)   
[8.774s][info][gc,heap     ] GC(28)      Free:     4114M (50%)        4112M (50%)        4112M (50%)        4112M (50%)        4114M (50%)        4108M (50%)    
[8.774s][info][gc,heap     ] GC(28)      Used:     4078M (50%)        4080M (50%)        4080M (50%)        4080M (50%)        4084M (50%)        4078M (50%)    
[8.774s][info][gc,heap     ] GC(28)      Live:         -              3695M (45%)        3695M (45%)        3695M (45%)            -                  -          
[8.774s][info][gc,heap     ] GC(28) Allocated:         -                 2M (0%)            2M (0%)            2M (0%)             -                  -          
[8.774s][info][gc,heap     ] GC(28)   Garbage:         -               382M (5%)          382M (5%)          382M (5%)             -                  -          
[8.774s][info][gc,heap     ] GC(28) Reclaimed:         -                  -                 0M (0%)            0M (0%)             -                  -          
[8.774s][info][gc          ] GC(28) Garbage Collection (Timer) 4078M(50%)->4080M(50%)
[9.034s][info][gc,start    ] GC(29) Garbage Collection (Timer)
[9.034s][info][gc,task     ] GC(29) Using 3 workers
[9.034s][info][gc,phases   ] GC(29) Pause Mark Start 0.006ms
[9.065s][info][gc,phases   ] GC(29) Concurrent Mark 30.341ms
[9.065s][info][gc,phases   ] GC(29) Pause Mark End 0.009ms
[9.065s][info][gc,phases   ] GC(29) Concurrent Mark Free 0.001ms
[9.066s][info][gc,phases   ] GC(29) Concurrent Process Non-Strong References 0.808ms
[9.066s][info][gc,phases   ] GC(29) Concurrent Reset Relocation Set 0.001ms
[9.068s][info][gc,phases   ] GC(29) Concurrent Select Relocation Set 2.287ms
[9.068s][info][gc,phases   ] GC(29) Pause Relocate Start 0.005ms
[9.069s][info][gc,phases   ] GC(29) Concurrent Relocate 0.739ms
[9.069s][info][gc,load     ] GC(29) Load: 0.00/0.00/0.00
[9.069s][info][gc,mmu      ] GC(29) MMU: 2ms/99.4%, 5ms/99.6%, 10ms/99.8%, 20ms/99.9%, 50ms/100.0%, 100ms/100.0%
[9.069s][info][gc,marking  ] GC(29) Mark: 2 stripe(s), 2 proactive flush(es), 1 terminate flush(es), 0 completion(s), 0 continuation(s) 
[9.069s][info][gc,marking  ] GC(29) Mark Stack Usage: 32M
[9.069s][info][gc,nmethod  ] GC(29) NMethods: 480 registered, 0 unregistered
[9.069s][info][gc,metaspace] GC(29) Metaspace: 1M used, 1M committed, 1088M reserved
[9.069s][info][gc,ref      ] GC(29) Soft: 181 encountered, 0 discovered, 0 enqueued
[9.069s][info][gc,ref      ] GC(29) Weak: 263 encountered, 106 discovered, 0 enqueued
[9.069s][info][gc,ref      ] GC(29) Final: 0 encountered, 0 discovered, 0 enqueued
[9.069s][info][gc,ref      ] GC(29) Phantom: 7 encountered, 4 discovered, 0 enqueued
[9.069s][info][gc,reloc    ] GC(29) Small Pages: 2042 / 4084M, Empty: 0M, Relocated: 1M, In-Place: 0
[9.070s][info][gc,reloc    ] GC(29) Medium Pages: 1 / 32M, Empty: 0M, Relocated: 0M, In-Place: 0
[9.070s][info][gc,reloc    ] GC(29) Large Pages: 0 / 0M, Empty: 0M, Relocated: 0M, In-Place: 0
[9.070s][info][gc,reloc    ] GC(29) Forwarding Usage: 0M
[9.070s][info][gc,heap     ] GC(29) Min Capacity: 8192M(100%)
[9.070s][info][gc,heap     ] GC(29) Max Capacity: 8192M(100%)
[9.070s][info][gc,heap     ] GC(29) Soft Max Capacity: 8192M(100%)
[9.070s][info][gc,heap     ] GC(29)                Mark Start          Mark End        Relocate Start      Relocate End           High               Low         
[9.070s][info][gc,heap     ] GC(29)  Capacity:     8192M (100%)       8192M (100%)       8192M (100%)       8192M (100%)       8192M (100%)       8192M (100%)   
[9.070s][info][gc,heap     ] GC(29)      Free:     4076M (50%)        4072M (50%)        4070M (50%)        4070M (50%)        4076M (50%)        4066M (50%)    
[9.070s][info][gc,heap     ] GC(29)      Used:     4116M (50%)        4120M (50%)        4122M (50%)        4122M (50%)        4126M (50%)        4116M (50%)    
[9.070s][info][gc,heap     ] GC(29)      Live:         -              3729M (46%)        3729M (46%)        3729M (46%)            -                  -          
[9.070s][info][gc,heap     ] GC(29) Allocated:         -                 4M (0%)            6M (0%)            6M (0%)             -                  -          
[9.070s][info][gc,heap     ] GC(29)   Garbage:         -               386M (5%)          386M (5%)          386M (5%)             -                  -          
[9.070s][info][gc,heap     ] GC(29) Reclaimed:         -                  -                 0M (0%)            0M (0%)             -                  -          
[9.070s][info][gc          ] GC(29) Garbage Collection (Timer) 4116M(50%)->4122M(50%)
[9.331s][info][gc,start    ] GC(30) Garbage Collection (Timer)
[9.331s][info][gc,task     ] GC(30) Using 3 workers
[9.331s][info][gc,phases   ] GC(30) Pause Mark Start 0.006ms
[9.361s][info][gc,phases   ] GC(30) Concurrent Mark 29.685ms
[9.361s][info][gc,phases   ] GC(30) Pause Mark End 0.012ms
[9.361s][info][gc,phases   ] GC(30) Concurrent Mark Free 0.001ms
[9.362s][info][gc,phases   ] GC(30) Concurrent Process Non-Strong References 0.773ms
[9.362s][info][gc,phases   ] GC(30) Concurrent Reset Relocation Set 0.001ms
[9.365s][info][gc,phases   ] GC(30) Concurrent Select Relocation Set 3.152ms
[9.365s][info][gc,phases   ] GC(30) Pause Relocate Start 0.006ms
[9.367s][info][gc,phases   ] GC(30) Concurrent Relocate 1.906ms
[9.367s][info][gc,load     ] GC(30) Load: 0.00/0.00/0.00
[9.367s][info][gc,mmu      ] GC(30) MMU: 2ms/99.4%, 5ms/99.6%, 10ms/99.8%, 20ms/99.9%, 50ms/100.0%, 100ms/100.0%
[9.367s][info][gc,marking  ] GC(30) Mark: 2 stripe(s), 2 proactive flush(es), 1 terminate flush(es), 0 completion(s), 0 continuation(s) 
[9.367s][info][gc,marking  ] GC(30) Mark Stack Usage: 32M
[9.367s][info][gc,nmethod  ] GC(30) NMethods: 480 registered, 0 unregistered
[9.367s][info][gc,metaspace] GC(30) Metaspace: 1M used, 1M committed, 1088M reserved
[9.367s][info][gc,ref      ] GC(30) Soft: 181 encountered, 0 discovered, 0 enqueued
[9.367s][info][gc,ref      ] GC(30) Weak: 263 encountered, 148 discovered, 0 enqueued
[9.368s][info][gc,ref      ] GC(30) Final: 0 encountered, 0 discovered, 0 enqueued
[9.368s][info][gc,ref      ] GC(30) Phantom: 7 encountered, 2 discovered, 0 enqueued
[9.368s][info][gc,reloc    ] GC(30) Small Pages: 2078 / 4156M, Empty: 0M, Relocated: 4M, In-Place: 0
[9.368s][info][gc,reloc    ] GC(30) Medium Pages: 1 / 32M, Empty: 0M, Relocated: 0M, In-Place: 0
[9.368s][info][gc,reloc    ] GC(30) Large Pages: 0 / 0M, Empty: 0M, Relocated: 0M, In-Place: 0
[9.368s][info][gc,reloc    ] GC(30) Forwarding Usage: 0M
[9.368s][info][gc,heap     ] GC(30) Min Capacity: 8192M(100%)
[9.368s][info][gc,heap     ] GC(30) Max Capacity: 8192M(100%)
[9.368s][info][gc,heap     ] GC(30) Soft Max Capacity: 8192M(100%)
[9.368s][info][gc,heap     ] GC(30)                Mark Start          Mark End        Relocate Start      Relocate End           High               Low         
[9.368s][info][gc,heap     ] GC(30)  Capacity:     8192M (100%)       8192M (100%)       8192M (100%)       8192M (100%)       8192M (100%)       8192M (100%)   
[9.368s][info][gc,heap     ] GC(30)      Free:     4004M (49%)        4000M (49%)        4000M (49%)        4002M (49%)        4004M (49%)        3994M (49%)    
[9.368s][info][gc,heap     ] GC(30)      Used:     4188M (51%)        4192M (51%)        4192M (51%)        4190M (51%)        4198M (51%)        4188M (51%)    
[9.368s][info][gc,heap     ] GC(30)      Live:         -              3794M (46%)        3794M (46%)        3794M (46%)            -                  -          
[9.368s][info][gc,heap     ] GC(30) Allocated:         -                 4M (0%)            4M (0%)            3M (0%)             -                  -          
[9.368s][info][gc,heap     ] GC(30)   Garbage:         -               393M (5%)          393M (5%)          391M (5%)             -                  -          
[9.368s][info][gc,heap     ] GC(30) Reclaimed:         -                  -                 0M (0%)            1M (0%)             -                  -          
[9.368s][info][gc          ] GC(30) Garbage Collection (Timer) 4188M(51%)->4190M(51%)
[9.627s][info][gc,start    ] GC(31) Garbage Collection (Timer)
[9.627s][info][gc,task     ] GC(31) Using 3 workers
[9.627s][info][gc,phases   ] GC(31) Pause Mark Start 0.007ms
[9.657s][info][gc,phases   ] GC(31) Concurrent Mark 29.595ms
[9.657s][info][gc,phases   ] GC(31) Pause Mark End 0.009ms
[9.657s][info][gc,phases   ] GC(31) Concurrent Mark Free 0.001ms
[9.658s][info][gc,phases   ] GC(31) Concurrent Process Non-Strong References 0.803ms
[9.658s][info][gc,phases   ] GC(31) Concurrent Reset Relocation Set 0.001ms
[9.661s][info][gc,phases   ] GC(31) Concurrent Select Relocation Set 2.397ms
[9.661s][info][gc,phases   ] GC(31) Pause Relocate Start 0.006ms
[9.662s][info][gc,phases   ] GC(31) Concurrent Relocate 0.820ms
[9.662s][info][gc,load     ] GC(31) Load: 0.00/0.00/0.00
[9.662s][info][gc,mmu      ] GC(31) MMU: 2ms/99.4%, 5ms/99.6%, 10ms/99.8%, 20ms/99.9%, 50ms/100.0%, 100ms/100.0%
[9.662s][info][gc,marking  ] GC(31) Mark: 2 stripe(s), 2 proactive flush(es), 1 terminate flush(es), 0 completion(s), 0 continuation(s) 
[9.662s][info][gc,marking  ] GC(31) Mark Stack Usage: 32M
[9.662s][info][gc,nmethod  ] GC(31) NMethods: 480 registered, 0 unregistered
[9.662s][info][gc,metaspace] GC(31) Metaspace: 1M used, 1M committed, 1088M reserved
[9.662s][info][gc,ref      ] GC(31) Soft: 181 encountered, 0 discovered, 0 enqueued
[9.662s][info][gc,ref      ] GC(31) Weak: 263 encountered, 108 discovered, 0 enqueued
[9.662s][info][gc,ref      ] GC(31) Final: 0 encountered, 0 discovered, 0 enqueued
[9.662s][info][gc,ref      ] GC(31) Phantom: 7 encountered, 2 discovered, 0 enqueued
[9.662s][info][gc,reloc    ] GC(31) Small Pages: 2103 / 4206M, Empty: 0M, Relocated: 1M, In-Place: 0
[9.662s][info][gc,reloc    ] GC(31) Medium Pages: 1 / 32M, Empty: 0M, Relocated: 0M, In-Place: 0
[9.662s][info][gc,reloc    ] GC(31) Large Pages: 0 / 0M, Empty: 0M, Relocated: 0M, In-Place: 0
[9.662s][info][gc,reloc    ] GC(31) Forwarding Usage: 0M
[9.662s][info][gc,heap     ] GC(31) Min Capacity: 8192M(100%)
[9.662s][info][gc,heap     ] GC(31) Max Capacity: 8192M(100%)
[9.662s][info][gc,heap     ] GC(31) Soft Max Capacity: 8192M(100%)
[9.662s][info][gc,heap     ] GC(31)                Mark Start          Mark End        Relocate Start      Relocate End           High               Low         
[9.662s][info][gc,heap     ] GC(31)  Capacity:     8192M (100%)       8192M (100%)       8192M (100%)       8192M (100%)       8192M (100%)       8192M (100%)   
[9.662s][info][gc,heap     ] GC(31)      Free:     3954M (48%)        3950M (48%)        3950M (48%)        3950M (48%)        3954M (48%)        3946M (48%)    
[9.662s][info][gc,heap     ] GC(31)      Used:     4238M (52%)        4242M (52%)        4242M (52%)        4242M (52%)        4246M (52%)        4238M (52%)    
[9.662s][info][gc,heap     ] GC(31)      Live:         -              3842M (47%)        3842M (47%)        3842M (47%)            -                  -          
[9.662s][info][gc,heap     ] GC(31) Allocated:         -                 4M (0%)            4M (0%)            4M (0%)             -                  -          
[9.662s][info][gc,heap     ] GC(31)   Garbage:         -               395M (5%)          395M (5%)          395M (5%)             -                  -          
[9.663s][info][gc,heap     ] GC(31) Reclaimed:         -                  -                 0M (0%)            0M (0%)             -                  -          
[9.663s][info][gc          ] GC(31) Garbage Collection (Timer) 4238M(52%)->4242M(52%)
[9.937s][info][gc,start    ] GC(32) Garbage Collection (Timer)
[9.937s][info][gc,task     ] GC(32) Using 3 workers
[9.937s][info][gc,phases   ] GC(32) Pause Mark Start 0.006ms
[9.969s][info][gc,phases   ] GC(32) Concurrent Mark 31.641ms
[9.969s][info][gc,phases   ] GC(32) Pause Mark End 0.009ms
[9.969s][info][gc,phases   ] GC(32) Concurrent Mark Free 0.001ms
[9.970s][info][gc,phases   ] GC(32) Concurrent Process Non-Strong References 0.881ms
[9.970s][info][gc,phases   ] GC(32) Concurrent Reset Relocation Set 0.001ms
[9.972s][info][gc,phases   ] GC(32) Concurrent Select Relocation Set 2.256ms
[9.972s][info][gc,phases   ] GC(32) Pause Relocate Start 0.005ms
[9.973s][info][gc,phases   ] GC(32) Concurrent Relocate 0.828ms
[9.974s][info][gc,load     ] GC(32) Load: 0.00/0.00/0.00
[9.974s][info][gc,mmu      ] GC(32) MMU: 2ms/99.4%, 5ms/99.6%, 10ms/99.8%, 20ms/99.9%, 50ms/100.0%, 100ms/100.0%
[9.974s][info][gc,marking  ] GC(32) Mark: 2 stripe(s), 2 proactive flush(es), 1 terminate flush(es), 0 completion(s), 0 continuation(s) 
[9.974s][info][gc,marking  ] GC(32) Mark Stack Usage: 32M
[9.974s][info][gc,nmethod  ] GC(32) NMethods: 480 registered, 0 unregistered
[9.974s][info][gc,metaspace] GC(32) Metaspace: 1M used, 1M committed, 1088M reserved
[9.974s][info][gc,ref      ] GC(32) Soft: 181 encountered, 0 discovered, 0 enqueued
[9.974s][info][gc,ref      ] GC(32) Weak: 263 encountered, 105 discovered, 0 enqueued
[9.974s][info][gc,ref      ] GC(32) Final: 0 encountered, 0 discovered, 0 enqueued
[9.974s][info][gc,ref      ] GC(32) Phantom: 7 encountered, 1 discovered, 0 enqueued
[9.974s][info][gc,reloc    ] GC(32) Small Pages: 2135 / 4270M, Empty: 0M, Relocated: 1M, In-Place: 0
[9.974s][info][gc,reloc    ] GC(32) Medium Pages: 1 / 32M, Empty: 0M, Relocated: 0M, In-Place: 0
[9.974s][info][gc,reloc    ] GC(32) Large Pages: 0 / 0M, Empty: 0M, Relocated: 0M, In-Place: 0
[9.974s][info][gc,reloc    ] GC(32) Forwarding Usage: 0M
[9.974s][info][gc,heap     ] GC(32) Min Capacity: 8192M(100%)
[9.974s][info][gc,heap     ] GC(32) Max Capacity: 8192M(100%)
[9.974s][info][gc,heap     ] GC(32) Soft Max Capacity: 8192M(100%)
[9.974s][info][gc,heap     ] GC(32)                Mark Start          Mark End        Relocate Start      Relocate End           High               Low         
[9.974s][info][gc,heap     ] GC(32)  Capacity:     8192M (100%)       8192M (100%)       8192M (100%)       8192M (100%)       8192M (100%)       8192M (100%)   
[9.974s][info][gc,heap     ] GC(32)      Free:     3890M (47%)        3886M (47%)        3886M (47%)        3886M (47%)        3890M (47%)        3882M (47%)    
[9.974s][info][gc,heap     ] GC(32)      Used:     4302M (53%)        4306M (53%)        4306M (53%)        4306M (53%)        4310M (53%)        4302M (53%)    
[9.974s][info][gc,heap     ] GC(32)      Live:         -              3900M (48%)        3900M (48%)        3900M (48%)            -                  -          
[9.974s][info][gc,heap     ] GC(32) Allocated:         -                 4M (0%)            4M (0%)            4M (0%)             -                  -          
[9.974s][info][gc,heap     ] GC(32)   Garbage:         -               401M (5%)          401M (5%)          401M (5%)             -                  -          
[9.974s][info][gc,heap     ] GC(32) Reclaimed:         -                  -                 0M (0%)            0M (0%)             -                  -          
[9.975s][info][gc          ] GC(32) Garbage Collection (Timer) 4302M(53%)->4306M(53%)
[10.233s][info][gc,start    ] GC(33) Garbage Collection (Timer)
[10.233s][info][gc,task     ] GC(33) Using 3 workers
[10.234s][info][gc,phases   ] GC(33) Pause Mark Start 0.007ms
[10.265s][info][gc,phases   ] GC(33) Concurrent Mark 31.577ms
[10.265s][info][gc,phases   ] GC(33) Pause Mark End 0.012ms
[10.266s][info][gc,phases   ] GC(33) Concurrent Mark Free 0.001ms
[10.266s][info][gc,phases   ] GC(33) Concurrent Process Non-Strong References 0.495ms
[10.266s][info][gc,phases   ] GC(33) Concurrent Reset Relocation Set 0.001ms
[10.269s][info][gc,phases   ] GC(33) Concurrent Select Relocation Set 2.372ms
[10.269s][info][gc,phases   ] GC(33) Pause Relocate Start 0.007ms
[10.270s][info][gc,phases   ] GC(33) Concurrent Relocate 0.854ms
[10.270s][info][gc,load     ] GC(33) Load: 0.00/0.00/0.00
[10.270s][info][gc,mmu      ] GC(33) MMU: 2ms/99.4%, 5ms/99.6%, 10ms/99.8%, 20ms/99.9%, 50ms/99.9%, 100ms/100.0%
[10.270s][info][gc,marking  ] GC(33) Mark: 2 stripe(s), 2 proactive flush(es), 1 terminate flush(es), 0 completion(s), 0 continuation(s) 
[10.270s][info][gc,marking  ] GC(33) Mark Stack Usage: 32M
[10.270s][info][gc,nmethod  ] GC(33) NMethods: 480 registered, 0 unregistered
[10.270s][info][gc,metaspace] GC(33) Metaspace: 1M used, 1M committed, 1088M reserved
[10.270s][info][gc,ref      ] GC(33) Soft: 181 encountered, 0 discovered, 0 enqueued
[10.270s][info][gc,ref      ] GC(33) Weak: 263 encountered, 106 discovered, 0 enqueued
[10.270s][info][gc,ref      ] GC(33) Final: 0 encountered, 0 discovered, 0 enqueued
[10.270s][info][gc,ref      ] GC(33) Phantom: 7 encountered, 1 discovered, 0 enqueued
[10.270s][info][gc,reloc    ] GC(33) Small Pages: 2158 / 4316M, Empty: 0M, Relocated: 1M, In-Place: 0
[10.270s][info][gc,reloc    ] GC(33) Medium Pages: 1 / 32M, Empty: 0M, Relocated: 0M, In-Place: 0
[10.270s][info][gc,reloc    ] GC(33) Large Pages: 0 / 0M, Empty: 0M, Relocated: 0M, In-Place: 0
[10.270s][info][gc,reloc    ] GC(33) Forwarding Usage: 0M
[10.270s][info][gc,heap     ] GC(33) Min Capacity: 8192M(100%)
[10.270s][info][gc,heap     ] GC(33) Max Capacity: 8192M(100%)
[10.270s][info][gc,heap     ] GC(33) Soft Max Capacity: 8192M(100%)
[10.270s][info][gc,heap     ] GC(33)                Mark Start          Mark End        Relocate Start      Relocate End           High               Low         
[10.270s][info][gc,heap     ] GC(33)  Capacity:     8192M (100%)       8192M (100%)       8192M (100%)       8192M (100%)       8192M (100%)       8192M (100%)   
[10.270s][info][gc,heap     ] GC(33)      Free:     3844M (47%)        3842M (47%)        3842M (47%)        3842M (47%)        3844M (47%)        3838M (47%)    
[10.270s][info][gc,heap     ] GC(33)      Used:     4348M (53%)        4350M (53%)        4350M (53%)        4350M (53%)        4354M (53%)        4348M (53%)    
[10.270s][info][gc,heap     ] GC(33)      Live:         -              3942M (48%)        3942M (48%)        3942M (48%)            -                  -          
[10.270s][info][gc,heap     ] GC(33) Allocated:         -                 2M (0%)            2M (0%)            2M (0%)             -                  -          
[10.270s][info][gc,heap     ] GC(33)   Garbage:         -               405M (5%)          405M (5%)          405M (5%)             -                  -          
[10.270s][info][gc,heap     ] GC(33) Reclaimed:         -                  -                 0M (0%)            0M (0%)             -                  -          
[10.270s][info][gc          ] GC(33) Garbage Collection (Timer) 4348M(53%)->4350M(53%)
[10.529s][info][gc,start    ] GC(34) Garbage Collection (Timer)
[10.529s][info][gc,stats    ] === Garbage Collection Statistics =======================================================================================================================
[10.529s][info][gc,task     ] GC(34) Using 3 workers
[10.529s][info][gc,stats    ]                                                              Last 10s              Last 10m              Last 10h                Total
[10.530s][info][gc,stats    ]                                                              Avg / Max             Avg / Max             Avg / Max             Avg / Max
[10.530s][info][gc,phases   ] GC(34) Pause Mark Start 0.006ms
[10.530s][info][gc,stats    ]   Collector: Garbage Collection Cycle                     29.152 / 36.948       29.152 / 36.948       29.152 / 36.948       29.152 / 36.948      ms
[10.530s][info][gc,stats    ]  Contention: Mark Segment Reset Contention                     4 / 7                 4 / 7                 4 / 7                 4 / 7           ops/s
[10.530s][info][gc,stats    ]  Contention: Mark SeqNum Reset Contention                      1 / 4                 1 / 4                 1 / 4                 1 / 4           ops/s
[10.530s][info][gc,stats    ]    Critical: Allocation Stall                                  0 / 0                 0 / 0                 0 / 0                 0 / 0           ops/s
[10.530s][info][gc,stats    ]    Critical: Allocation Stall                              0.000 / 0.000         0.000 / 0.000         0.000 / 0.000         0.000 / 0.000       ms
[10.530s][info][gc,stats    ]    Critical: GC Locker Stall                                   0 / 0                 0 / 0                 0 / 0                 0 / 0           ops/s
[10.530s][info][gc,stats    ]    Critical: GC Locker Stall                               0.000 / 0.000         0.000 / 0.000         0.000 / 0.000         0.000 / 0.000       ms
[10.530s][info][gc,stats    ]    Critical: Relocation Stall                                  0 / 0                 0 / 0                 0 / 0                 0 / 0           ops/s
[10.530s][info][gc,stats    ]    Critical: Relocation Stall                              0.000 / 0.000         0.000 / 0.000         0.000 / 0.000         0.000 / 0.000       ms
[10.530s][info][gc,stats    ]      Memory: Allocation Rate                                 451 / 716             451 / 716             451 / 716             451 / 716         MB/s
[10.530s][info][gc,stats    ]      Memory: Out Of Memory                                     0 / 0                 0 / 0                 0 / 0                 0 / 0           ops/s
[10.530s][info][gc,stats    ]      Memory: Page Cache Flush                                  0 / 0                 0 / 0                 0 / 0                 0 / 0           MB/s
[10.530s][info][gc,stats    ]      Memory: Page Cache Hit L1                                11 / 16               11 / 16               11 / 16               11 / 16          ops/s
[10.530s][info][gc,stats    ]      Memory: Page Cache Hit L2                                 0 / 0                 0 / 0                 0 / 0                 0 / 0           ops/s
[10.530s][info][gc,stats    ]      Memory: Page Cache Hit L3                               217 / 357             217 / 357             217 / 357             217 / 357         ops/s
[10.530s][info][gc,stats    ]      Memory: Page Cache Miss                                   0 / 1                 0 / 1                 0 / 1                 0 / 1           ops/s
[10.530s][info][gc,stats    ]      Memory: Uncommit                                          0 / 0                 0 / 0                 0 / 0                 0 / 0           MB/s
[10.530s][info][gc,stats    ]      Memory: Undo Object Allocation Failed                     0 / 0                 0 / 0                 0 / 0                 0 / 0           ops/s
[10.531s][info][gc,stats    ]      Memory: Undo Object Allocation Succeeded                  0 / 2                 0 / 2                 0 / 2                 0 / 2           ops/s
[10.531s][info][gc,stats    ]      Memory: Undo Page Allocation                              0 / 0                 0 / 0                 0 / 0                 0 / 0           ops/s
[10.531s][info][gc,stats    ]       Phase: Concurrent Mark                              23.391 / 31.641       23.391 / 31.641       23.391 / 31.641       23.391 / 31.641      ms
[10.531s][info][gc,stats    ]       Phase: Concurrent Mark Continue                      0.000 / 0.000         0.000 / 0.000         0.000 / 0.000         0.000 / 0.000       ms
[10.531s][info][gc,stats    ]       Phase: Concurrent Mark Free                          0.001 / 0.002         0.001 / 0.002         0.001 / 0.002         0.001 / 0.002       ms
[10.531s][info][gc,stats    ]       Phase: Concurrent Process Non-Strong References      0.797 / 1.129         0.797 / 1.129         0.797 / 1.129         0.797 / 1.129       ms
[10.531s][info][gc,stats    ]       Phase: Concurrent Relocate                           1.234 / 2.780         1.234 / 2.780         1.234 / 2.780         1.234 / 2.780       ms
[10.531s][info][gc,stats    ]       Phase: Concurrent Reset Relocation Set               0.001 / 0.002         0.001 / 0.002         0.001 / 0.002         0.001 / 0.002       ms
[10.531s][info][gc,stats    ]       Phase: Concurrent Select Relocation Set              2.646 / 9.145         2.646 / 9.145         2.646 / 9.145         2.646 / 9.145       ms
[10.531s][info][gc,stats    ]       Phase: Pause Mark End                                0.010 / 0.013         0.010 / 0.013         0.010 / 0.013         0.010 / 0.013       ms
[10.531s][info][gc,stats    ]       Phase: Pause Mark Start                              0.006 / 0.007         0.006 / 0.007         0.006 / 0.007         0.006 / 0.007       ms
[10.531s][info][gc,stats    ]       Phase: Pause Relocate Start                          0.006 / 0.008         0.006 / 0.008         0.006 / 0.008         0.006 / 0.008       ms
[10.531s][info][gc,stats    ]    Subphase: Concurrent Classes Purge                      0.098 / 0.165         0.098 / 0.165         0.098 / 0.165         0.098 / 0.165       ms
[10.531s][info][gc,stats    ]    Subphase: Concurrent Classes Unlink                     0.270 / 0.526         0.270 / 0.526         0.270 / 0.526         0.270 / 0.526       ms
[10.531s][info][gc,stats    ]    Subphase: Concurrent Mark                              21.991 / 31.064       21.991 / 31.064       21.991 / 31.064       21.991 / 31.064      ms
[10.531s][info][gc,stats    ]    Subphase: Concurrent Mark Try Flush                     0.501 / 6.990         0.501 / 6.990         0.501 / 6.990         0.501 / 6.990       ms
[10.531s][info][gc,stats    ]    Subphase: Concurrent Mark Try Terminate                 1.349 / 9.225         1.349 / 9.225         1.349 / 9.225         1.349 / 9.225       ms
[10.531s][info][gc,stats    ]    Subphase: Concurrent References Enqueue                 0.001 / 0.004         0.001 / 0.004         0.001 / 0.004         0.001 / 0.004       ms
[10.531s][info][gc,stats    ]    Subphase: Concurrent References Process                 0.096 / 0.138         0.096 / 0.138         0.096 / 0.138         0.096 / 0.138       ms
[10.531s][info][gc,stats    ]    Subphase: Concurrent Roots ClassLoaderDataGraph         0.053 / 0.216         0.053 / 0.216         0.053 / 0.216         0.053 / 0.216       ms
[10.531s][info][gc,stats    ]    Subphase: Concurrent Roots CodeCache                    0.000 / 0.000         0.000 / 0.000         0.000 / 0.000         0.000 / 0.000       ms
[10.531s][info][gc,stats    ]    Subphase: Concurrent Roots JavaThreads                  0.192 / 0.591         0.192 / 0.591         0.192 / 0.591         0.192 / 0.591       ms
[10.532s][info][gc,stats    ]    Subphase: Concurrent Roots OopStorageSet                0.011 / 0.045         0.011 / 0.045         0.011 / 0.045         0.011 / 0.045       ms
[10.532s][info][gc,stats    ]    Subphase: Concurrent Weak Roots OopStorageSet           0.127 / 0.240         0.127 / 0.240         0.127 / 0.240         0.127 / 0.240       ms
[10.532s][info][gc,stats    ]    Subphase: Pause Mark Try Complete                       0.000 / 0.000         0.000 / 0.000         0.000 / 0.000         0.000 / 0.000       ms
[10.532s][info][gc,stats    ]      System: Java Threads                                     13 / 14               13 / 14               13 / 14               13 / 14          threads
[10.532s][info][gc,stats    ] =========================================================================================================================================================
[10.559s][info][gc,phases   ] GC(34) Concurrent Mark 29.636ms
[10.559s][info][gc,phases   ] GC(34) Pause Mark End 0.011ms
[10.560s][info][gc,phases   ] GC(34) Concurrent Mark Free 0.001ms
[10.560s][info][gc,phases   ] GC(34) Concurrent Process Non-Strong References 0.623ms
[10.560s][info][gc,phases   ] GC(34) Concurrent Reset Relocation Set 0.001ms
[10.563s][info][gc,phases   ] GC(34) Concurrent Select Relocation Set 2.896ms
[10.563s][info][gc,phases   ] GC(34) Pause Relocate Start 0.007ms
[10.564s][info][gc,phases   ] GC(34) Concurrent Relocate 1.001ms
[10.565s][info][gc,load     ] GC(34) Load: 0.00/0.00/0.00
[10.565s][info][gc,mmu      ] GC(34) MMU: 2ms/99.4%, 5ms/99.6%, 10ms/99.8%, 20ms/99.9%, 50ms/99.9%, 100ms/100.0%
[10.565s][info][gc,marking  ] GC(34) Mark: 2 stripe(s), 2 proactive flush(es), 1 terminate flush(es), 0 completion(s), 0 continuation(s) 
[10.565s][info][gc,marking  ] GC(34) Mark Stack Usage: 32M
[10.565s][info][gc,nmethod  ] GC(34) NMethods: 480 registered, 0 unregistered
[10.565s][info][gc,metaspace] GC(34) Metaspace: 1M used, 1M committed, 1088M reserved
[10.565s][info][gc,ref      ] GC(34) Soft: 181 encountered, 0 discovered, 0 enqueued
[10.565s][info][gc,ref      ] GC(34) Weak: 263 encountered, 101 discovered, 0 enqueued
[10.565s][info][gc,ref      ] GC(34) Final: 0 encountered, 0 discovered, 0 enqueued
[10.565s][info][gc,ref      ] GC(34) Phantom: 7 encountered, 1 discovered, 0 enqueued
[10.565s][info][gc,reloc    ] GC(34) Small Pages: 2177 / 4354M, Empty: 0M, Relocated: 1M, In-Place: 0
[10.565s][info][gc,reloc    ] GC(34) Medium Pages: 1 / 32M, Empty: 0M, Relocated: 0M, In-Place: 0
[10.565s][info][gc,reloc    ] GC(34) Large Pages: 0 / 0M, Empty: 0M, Relocated: 0M, In-Place: 0
[10.565s][info][gc,reloc    ] GC(34) Forwarding Usage: 0M
[10.565s][info][gc,heap     ] GC(34) Min Capacity: 8192M(100%)
[10.565s][info][gc,heap     ] GC(34) Max Capacity: 8192M(100%)
[10.565s][info][gc,heap     ] GC(34) Soft Max Capacity: 8192M(100%)
[10.565s][info][gc,heap     ] GC(34)                Mark Start          Mark End        Relocate Start      Relocate End           High               Low         
[10.565s][info][gc,heap     ] GC(34)  Capacity:     8192M (100%)       8192M (100%)       8192M (100%)       8192M (100%)       8192M (100%)       8192M (100%)   
[10.565s][info][gc,heap     ] GC(34)      Free:     3806M (46%)        3802M (46%)        3802M (46%)        3800M (46%)        3806M (46%)        3796M (46%)    
[10.565s][info][gc,heap     ] GC(34)      Used:     4386M (54%)        4390M (54%)        4390M (54%)        4392M (54%)        4396M (54%)        4386M (54%)    
[10.565s][info][gc,heap     ] GC(34)      Live:         -              3975M (49%)        3975M (49%)        3975M (49%)            -                  -          
[10.565s][info][gc,heap     ] GC(34) Allocated:         -                 4M (0%)            4M (0%)            6M (0%)             -                  -          
[10.565s][info][gc,heap     ] GC(34)   Garbage:         -               410M (5%)          410M (5%)          410M (5%)             -                  -          
[10.565s][info][gc,heap     ] GC(34) Reclaimed:         -                  -                 0M (0%)            0M (0%)             -                  -          
[10.565s][info][gc          ] GC(34) Garbage Collection (Timer) 4386M(54%)->4392M(54%)
[10.832s][info][gc,start    ] GC(35) Garbage Collection (Timer)
[10.832s][info][gc,task     ] GC(35) Using 3 workers
[10.832s][info][gc,phases   ] GC(35) Pause Mark Start 0.007ms
[10.894s][info][gc,phases   ] GC(35) Concurrent Mark 61.347ms
[10.894s][info][gc,phases   ] GC(35) Pause Mark End 0.013ms
[10.894s][info][gc,phases   ] GC(35) Concurrent Mark Free 0.001ms
[10.895s][info][gc,phases   ] GC(35) Concurrent Process Non-Strong References 0.642ms
[10.895s][info][gc,phases   ] GC(35) Concurrent Reset Relocation Set 0.001ms
[10.898s][info][gc,phases   ] GC(35) Concurrent Select Relocation Set 2.466ms
[10.898s][info][gc,phases   ] GC(35) Pause Relocate Start 0.005ms
[10.899s][info][gc,phases   ] GC(35) Concurrent Relocate 1.210ms
[10.899s][info][gc,load     ] GC(35) Load: 0.00/0.00/0.00
[10.899s][info][gc,mmu      ] GC(35) MMU: 2ms/99.4%, 5ms/99.6%, 10ms/99.8%, 20ms/99.9%, 50ms/99.9%, 100ms/100.0%
[10.899s][info][gc,marking  ] GC(35) Mark: 2 stripe(s), 3 proactive flush(es), 1 terminate flush(es), 0 completion(s), 0 continuation(s) 
[10.899s][info][gc,marking  ] GC(35) Mark Stack Usage: 32M
[10.899s][info][gc,nmethod  ] GC(35) NMethods: 480 registered, 0 unregistered
[10.899s][info][gc,metaspace] GC(35) Metaspace: 1M used, 1M committed, 1088M reserved
[10.899s][info][gc,ref      ] GC(35) Soft: 181 encountered, 0 discovered, 0 enqueued
[10.899s][info][gc,ref      ] GC(35) Weak: 263 encountered, 107 discovered, 0 enqueued
[10.899s][info][gc,ref      ] GC(35) Final: 0 encountered, 0 discovered, 0 enqueued
[10.899s][info][gc,ref      ] GC(35) Phantom: 7 encountered, 4 discovered, 0 enqueued
[10.899s][info][gc,reloc    ] GC(35) Small Pages: 2195 / 4390M, Empty: 0M, Relocated: 3M, In-Place: 0
[10.899s][info][gc,reloc    ] GC(35) Medium Pages: 1 / 32M, Empty: 0M, Relocated: 0M, In-Place: 0
[10.899s][info][gc,reloc    ] GC(35) Large Pages: 0 / 0M, Empty: 0M, Relocated: 0M, In-Place: 0
[10.899s][info][gc,reloc    ] GC(35) Forwarding Usage: 0M
[10.899s][info][gc,heap     ] GC(35) Min Capacity: 8192M(100%)
[10.899s][info][gc,heap     ] GC(35) Max Capacity: 8192M(100%)
[10.899s][info][gc,heap     ] GC(35) Soft Max Capacity: 8192M(100%)
[10.899s][info][gc,heap     ] GC(35)                Mark Start          Mark End        Relocate Start      Relocate End           High               Low         
[10.899s][info][gc,heap     ] GC(35)  Capacity:     8192M (100%)       8192M (100%)       8192M (100%)       8192M (100%)       8192M (100%)       8192M (100%)   
[10.899s][info][gc,heap     ] GC(35)      Free:     3770M (46%)        3768M (46%)        3768M (46%)        3772M (46%)        3772M (46%)        3762M (46%)    
[10.900s][info][gc,heap     ] GC(35)      Used:     4422M (54%)        4424M (54%)        4424M (54%)        4420M (54%)        4430M (54%)        4420M (54%)    
[10.900s][info][gc,heap     ] GC(35)      Live:         -              4007M (49%)        4007M (49%)        4007M (49%)            -                  -          
[10.900s][info][gc,heap     ] GC(35) Allocated:         -                 2M (0%)            2M (0%)            2M (0%)             -                  -          
[10.900s][info][gc,heap     ] GC(35)   Garbage:         -               414M (5%)          414M (5%)          410M (5%)             -                  -          
[10.900s][info][gc,heap     ] GC(35) Reclaimed:         -                  -                 0M (0%)            4M (0%)             -                  -          
[10.900s][info][gc          ] GC(35) Garbage Collection (Timer) 4422M(54%)->4420M(54%)
[11.135s][info][gc,start    ] GC(36) Garbage Collection (Timer)
[11.136s][info][gc,task     ] GC(36) Using 3 workers
[11.136s][info][gc,phases   ] GC(36) Pause Mark Start 0.008ms
[11.182s][info][gc,phases   ] GC(36) Concurrent Mark 46.295ms
[11.182s][info][gc,phases   ] GC(36) Pause Mark End 0.011ms
[11.182s][info][gc,phases   ] GC(36) Concurrent Mark Free 0.001ms
[11.183s][info][gc,phases   ] GC(36) Concurrent Process Non-Strong References 0.521ms
[11.183s][info][gc,phases   ] GC(36) Concurrent Reset Relocation Set 0.001ms
[11.187s][info][gc,phases   ] GC(36) Concurrent Select Relocation Set 3.514ms
[11.187s][info][gc,phases   ] GC(36) Pause Relocate Start 0.007ms
[11.188s][info][gc,phases   ] GC(36) Concurrent Relocate 1.523ms
[11.188s][info][gc,load     ] GC(36) Load: 0.00/0.00/0.00
[11.188s][info][gc,mmu      ] GC(36) MMU: 2ms/99.4%, 5ms/99.6%, 10ms/99.8%, 20ms/99.9%, 50ms/99.9%, 100ms/100.0%
[11.188s][info][gc,marking  ] GC(36) Mark: 2 stripe(s), 2 proactive flush(es), 1 terminate flush(es), 0 completion(s), 0 continuation(s) 
[11.188s][info][gc,marking  ] GC(36) Mark Stack Usage: 32M
[11.188s][info][gc,nmethod  ] GC(36) NMethods: 480 registered, 0 unregistered
[11.189s][info][gc,metaspace] GC(36) Metaspace: 1M used, 1M committed, 1088M reserved
[11.189s][info][gc,ref      ] GC(36) Soft: 181 encountered, 0 discovered, 0 enqueued
[11.189s][info][gc,ref      ] GC(36) Weak: 263 encountered, 109 discovered, 0 enqueued
[11.189s][info][gc,ref      ] GC(36) Final: 0 encountered, 0 discovered, 0 enqueued
[11.189s][info][gc,ref      ] GC(36) Phantom: 7 encountered, 1 discovered, 0 enqueued
[11.189s][info][gc,reloc    ] GC(36) Small Pages: 2206 / 4412M, Empty: 0M, Relocated: 3M, In-Place: 0
[11.189s][info][gc,reloc    ] GC(36) Medium Pages: 1 / 32M, Empty: 0M, Relocated: 0M, In-Place: 0
[11.189s][info][gc,reloc    ] GC(36) Large Pages: 0 / 0M, Empty: 0M, Relocated: 0M, In-Place: 0
[11.189s][info][gc,reloc    ] GC(36) Forwarding Usage: 0M
[11.189s][info][gc,heap     ] GC(36) Min Capacity: 8192M(100%)
[11.189s][info][gc,heap     ] GC(36) Max Capacity: 8192M(100%)
[11.189s][info][gc,heap     ] GC(36) Soft Max Capacity: 8192M(100%)
[11.189s][info][gc,heap     ] GC(36)                Mark Start          Mark End        Relocate Start      Relocate End           High               Low         
[11.189s][info][gc,heap     ] GC(36)  Capacity:     8192M (100%)       8192M (100%)       8192M (100%)       8192M (100%)       8192M (100%)       8192M (100%)   
[11.189s][info][gc,heap     ] GC(36)      Free:     3748M (46%)        3742M (46%)        3742M (46%)        3742M (46%)        3748M (46%)        3736M (46%)    
[11.189s][info][gc,heap     ] GC(36)      Used:     4444M (54%)        4450M (54%)        4450M (54%)        4450M (54%)        4456M (54%)        4444M (54%)    
[11.189s][info][gc,heap     ] GC(36)      Live:         -              4030M (49%)        4030M (49%)        4030M (49%)            -                  -          
[11.189s][info][gc,heap     ] GC(36) Allocated:         -                 6M (0%)            6M (0%)            6M (0%)             -                  -          
[11.189s][info][gc,heap     ] GC(36)   Garbage:         -               413M (5%)          413M (5%)          413M (5%)             -                  -          
[11.189s][info][gc,heap     ] GC(36) Reclaimed:         -                  -                 0M (0%)            0M (0%)             -                  -          
[11.189s][info][gc          ] GC(36) Garbage Collection (Timer) 4444M(54%)->4450M(54%)
[11.431s][info][gc,start    ] GC(37) Garbage Collection (Timer)
[11.431s][info][gc,task     ] GC(37) Using 3 workers
[11.432s][info][gc,phases   ] GC(37) Pause Mark Start 0.006ms
[11.462s][info][gc,phases   ] GC(37) Concurrent Mark 30.267ms
[11.462s][info][gc,phases   ] GC(37) Pause Mark End 0.011ms
[11.462s][info][gc,phases   ] GC(37) Concurrent Mark Free 0.001ms
[11.463s][info][gc,phases   ] GC(37) Concurrent Process Non-Strong References 0.653ms
[11.463s][info][gc,phases   ] GC(37) Concurrent Reset Relocation Set 0.001ms
[11.466s][info][gc,phases   ] GC(37) Concurrent Select Relocation Set 2.771ms
[11.466s][info][gc,phases   ] GC(37) Pause Relocate Start 0.006ms
[11.467s][info][gc,phases   ] GC(37) Concurrent Relocate 1.252ms
[11.467s][info][gc,load     ] GC(37) Load: 0.00/0.00/0.00
[11.467s][info][gc,mmu      ] GC(37) MMU: 2ms/99.4%, 5ms/99.6%, 10ms/99.8%, 20ms/99.9%, 50ms/99.9%, 100ms/100.0%
[11.467s][info][gc,marking  ] GC(37) Mark: 2 stripe(s), 2 proactive flush(es), 1 terminate flush(es), 0 completion(s), 0 continuation(s) 
[11.467s][info][gc,marking  ] GC(37) Mark Stack Usage: 32M
[11.468s][info][gc,nmethod  ] GC(37) NMethods: 480 registered, 0 unregistered
[11.468s][info][gc,metaspace] GC(37) Metaspace: 1M used, 1M committed, 1088M reserved
[11.468s][info][gc,ref      ] GC(37) Soft: 181 encountered, 0 discovered, 0 enqueued
[11.468s][info][gc,ref      ] GC(37) Weak: 263 encountered, 105 discovered, 0 enqueued
[11.468s][info][gc,ref      ] GC(37) Final: 0 encountered, 0 discovered, 0 enqueued
[11.468s][info][gc,ref      ] GC(37) Phantom: 7 encountered, 2 discovered, 0 enqueued
[11.468s][info][gc,reloc    ] GC(37) Small Pages: 2227 / 4454M, Empty: 0M, Relocated: 3M, In-Place: 0
[11.468s][info][gc,reloc    ] GC(37) Medium Pages: 1 / 32M, Empty: 0M, Relocated: 0M, In-Place: 0
[11.468s][info][gc,reloc    ] GC(37) Large Pages: 0 / 0M, Empty: 0M, Relocated: 0M, In-Place: 0
[11.468s][info][gc,reloc    ] GC(37) Forwarding Usage: 0M
[11.468s][info][gc,heap     ] GC(37) Min Capacity: 8192M(100%)
[11.468s][info][gc,heap     ] GC(37) Max Capacity: 8192M(100%)
[11.468s][info][gc,heap     ] GC(37) Soft Max Capacity: 8192M(100%)
[11.468s][info][gc,heap     ] GC(37)                Mark Start          Mark End        Relocate Start      Relocate End           High               Low         
[11.468s][info][gc,heap     ] GC(37)  Capacity:     8192M (100%)       8192M (100%)       8192M (100%)       8192M (100%)       8192M (100%)       8192M (100%)   
[11.468s][info][gc,heap     ] GC(37)      Free:     3706M (45%)        3704M (45%)        3702M (45%)        3702M (45%)        3706M (45%)        3696M (45%)    
[11.468s][info][gc,heap     ] GC(37)      Used:     4486M (55%)        4488M (55%)        4490M (55%)        4490M (55%)        4496M (55%)        4486M (55%)    
[11.468s][info][gc,heap     ] GC(37)      Live:         -              4068M (50%)        4068M (50%)        4068M (50%)            -                  -          
[11.468s][info][gc,heap     ] GC(37) Allocated:         -                 2M (0%)            4M (0%)            4M (0%)             -                  -          
[11.468s][info][gc,heap     ] GC(37)   Garbage:         -               417M (5%)          417M (5%)          417M (5%)             -                  -          
[11.468s][info][gc,heap     ] GC(37) Reclaimed:         -                  -                 0M (0%)            0M (0%)             -                  -          
[11.468s][info][gc          ] GC(37) Garbage Collection (Timer) 4486M(55%)->4490M(55%)
[11.728s][info][gc,start    ] GC(38) Garbage Collection (Timer)
[11.728s][info][gc,task     ] GC(38) Using 3 workers
[11.728s][info][gc,phases   ] GC(38) Pause Mark Start 0.005ms
[11.760s][info][gc,phases   ] GC(38) Concurrent Mark 31.605ms
[11.760s][info][gc,phases   ] GC(38) Pause Mark End 0.010ms
[11.761s][info][gc,phases   ] GC(38) Concurrent Mark Free 0.001ms
[11.761s][info][gc,phases   ] GC(38) Concurrent Process Non-Strong References 0.802ms
[11.761s][info][gc,phases   ] GC(38) Concurrent Reset Relocation Set 0.001ms
[11.764s][info][gc,phases   ] GC(38) Concurrent Select Relocation Set 2.567ms
[11.764s][info][gc,phases   ] GC(38) Pause Relocate Start 0.006ms
[11.766s][info][gc,phases   ] GC(38) Concurrent Relocate 2.033ms
[11.766s][info][gc,load     ] GC(38) Load: 0.00/0.00/0.00
[11.766s][info][gc,mmu      ] GC(38) MMU: 2ms/99.4%, 5ms/99.6%, 10ms/99.8%, 20ms/99.9%, 50ms/99.9%, 100ms/100.0%
[11.766s][info][gc,marking  ] GC(38) Mark: 2 stripe(s), 2 proactive flush(es), 1 terminate flush(es), 0 completion(s), 0 continuation(s) 
[11.766s][info][gc,marking  ] GC(38) Mark Stack Usage: 32M
[11.767s][info][gc,nmethod  ] GC(38) NMethods: 480 registered, 0 unregistered
[11.767s][info][gc,metaspace] GC(38) Metaspace: 1M used, 1M committed, 1088M reserved
[11.767s][info][gc,ref      ] GC(38) Soft: 181 encountered, 0 discovered, 0 enqueued
[11.767s][info][gc,ref      ] GC(38) Weak: 263 encountered, 107 discovered, 0 enqueued
[11.767s][info][gc,ref      ] GC(38) Final: 0 encountered, 0 discovered, 0 enqueued
[11.767s][info][gc,ref      ] GC(38) Phantom: 7 encountered, 1 discovered, 0 enqueued
[11.767s][info][gc,reloc    ] GC(38) Small Pages: 2241 / 4482M, Empty: 0M, Relocated: 4M, In-Place: 0
[11.767s][info][gc,reloc    ] GC(38) Medium Pages: 1 / 32M, Empty: 0M, Relocated: 0M, In-Place: 0
[11.767s][info][gc,reloc    ] GC(38) Large Pages: 0 / 0M, Empty: 0M, Relocated: 0M, In-Place: 0
[11.767s][info][gc,reloc    ] GC(38) Forwarding Usage: 0M
[11.767s][info][gc,heap     ] GC(38) Min Capacity: 8192M(100%)
[11.767s][info][gc,heap     ] GC(38) Max Capacity: 8192M(100%)
[11.767s][info][gc,heap     ] GC(38) Soft Max Capacity: 8192M(100%)
[11.767s][info][gc,heap     ] GC(38)                Mark Start          Mark End        Relocate Start      Relocate End           High               Low         
[11.767s][info][gc,heap     ] GC(38)  Capacity:     8192M (100%)       8192M (100%)       8192M (100%)       8192M (100%)       8192M (100%)       8192M (100%)   
[11.767s][info][gc,heap     ] GC(38)      Free:     3678M (45%)        3676M (45%)        3674M (45%)        3676M (45%)        3678M (45%)        3668M (45%)    
[11.767s][info][gc,heap     ] GC(38)      Used:     4514M (55%)        4516M (55%)        4518M (55%)        4516M (55%)        4524M (55%)        4514M (55%)    
[11.767s][info][gc,heap     ] GC(38)      Live:         -              4093M (50%)        4093M (50%)        4093M (50%)            -                  -          
[11.767s][info][gc,heap     ] GC(38) Allocated:         -                 2M (0%)            4M (0%)            4M (0%)             -                  -          
[11.767s][info][gc,heap     ] GC(38)   Garbage:         -               420M (5%)          420M (5%)          418M (5%)             -                  -          
[11.767s][info][gc,heap     ] GC(38) Reclaimed:         -                  -                 0M (0%)            2M (0%)             -                  -          
[11.767s][info][gc          ] GC(38) Garbage Collection (Timer) 4514M(55%)->4516M(55%)
[12.029s][info][gc,start    ] GC(39) Garbage Collection (Timer)
[12.029s][info][gc,task     ] GC(39) Using 3 workers
[12.029s][info][gc,phases   ] GC(39) Pause Mark Start 0.006ms
[12.060s][info][gc,phases   ] GC(39) Concurrent Mark 31.537ms
[12.061s][info][gc,phases   ] GC(39) Pause Mark End 0.012ms
[12.061s][info][gc,phases   ] GC(39) Concurrent Mark Free 0.001ms
[12.062s][info][gc,phases   ] GC(39) Concurrent Process Non-Strong References 0.747ms
[12.062s][info][gc,phases   ] GC(39) Concurrent Reset Relocation Set 0.001ms
[12.064s][info][gc,phases   ] GC(39) Concurrent Select Relocation Set 2.354ms
[12.064s][info][gc,phases   ] GC(39) Pause Relocate Start 0.005ms
[12.066s][info][gc,phases   ] GC(39) Concurrent Relocate 1.284ms
[12.066s][info][gc,load     ] GC(39) Load: 0.00/0.00/0.00
[12.066s][info][gc,mmu      ] GC(39) MMU: 2ms/99.4%, 5ms/99.6%, 10ms/99.8%, 20ms/99.9%, 50ms/99.9%, 100ms/100.0%
[12.066s][info][gc,marking  ] GC(39) Mark: 2 stripe(s), 2 proactive flush(es), 1 terminate flush(es), 0 completion(s), 0 continuation(s) 
[12.066s][info][gc,marking  ] GC(39) Mark Stack Usage: 32M
[12.066s][info][gc,nmethod  ] GC(39) NMethods: 480 registered, 0 unregistered
[12.066s][info][gc,metaspace] GC(39) Metaspace: 1M used, 1M committed, 1088M reserved
[12.066s][info][gc,ref      ] GC(39) Soft: 181 encountered, 0 discovered, 0 enqueued
[12.066s][info][gc,ref      ] GC(39) Weak: 263 encountered, 101 discovered, 0 enqueued
[12.066s][info][gc,ref      ] GC(39) Final: 0 encountered, 0 discovered, 0 enqueued
[12.066s][info][gc,ref      ] GC(39) Phantom: 7 encountered, 1 discovered, 0 enqueued
[12.066s][info][gc,reloc    ] GC(39) Small Pages: 2263 / 4526M, Empty: 0M, Relocated: 3M, In-Place: 0
[12.066s][info][gc,reloc    ] GC(39) Medium Pages: 1 / 32M, Empty: 0M, Relocated: 0M, In-Place: 0
[12.066s][info][gc,reloc    ] GC(39) Large Pages: 0 / 0M, Empty: 0M, Relocated: 0M, In-Place: 0
[12.066s][info][gc,reloc    ] GC(39) Forwarding Usage: 0M
[12.066s][info][gc,heap     ] GC(39) Min Capacity: 8192M(100%)
[12.066s][info][gc,heap     ] GC(39) Max Capacity: 8192M(100%)
[12.066s][info][gc,heap     ] GC(39) Soft Max Capacity: 8192M(100%)
[12.066s][info][gc,heap     ] GC(39)                Mark Start          Mark End        Relocate Start      Relocate End           High               Low         
[12.066s][info][gc,heap     ] GC(39)  Capacity:     8192M (100%)       8192M (100%)       8192M (100%)       8192M (100%)       8192M (100%)       8192M (100%)   
[12.066s][info][gc,heap     ] GC(39)      Free:     3634M (44%)        3632M (44%)        3630M (44%)        3632M (44%)        3634M (44%)        3626M (44%)    
[12.066s][info][gc,heap     ] GC(39)      Used:     4558M (56%)        4560M (56%)        4562M (56%)        4560M (56%)        4566M (56%)        4558M (56%)    
[12.066s][info][gc,heap     ] GC(39)      Live:         -              4134M (50%)        4134M (50%)        4134M (50%)            -                  -          
[12.066s][info][gc,heap     ] GC(39) Allocated:         -                 2M (0%)            4M (0%)            4M (0%)             -                  -          
[12.066s][info][gc,heap     ] GC(39)   Garbage:         -               423M (5%)          423M (5%)          421M (5%)             -                  -          
[12.066s][info][gc,heap     ] GC(39) Reclaimed:         -                  -                 0M (0%)            2M (0%)             -                  -          
[12.066s][info][gc          ] GC(39) Garbage Collection (Timer) 4558M(56%)->4560M(56%)
[12.328s][info][gc,start    ] GC(40) Garbage Collection (Timer)
[12.329s][info][gc,task     ] GC(40) Using 3 workers
[12.329s][info][gc,phases   ] GC(40) Pause Mark Start 0.006ms
[12.359s][info][gc,phases   ] GC(40) Concurrent Mark 30.471ms
[12.360s][info][gc,phases   ] GC(40) Pause Mark End 0.010ms
[12.360s][info][gc,phases   ] GC(40) Concurrent Mark Free 0.001ms
[12.360s][info][gc,phases   ] GC(40) Concurrent Process Non-Strong References 0.719ms
[12.361s][info][gc,phases   ] GC(40) Concurrent Reset Relocation Set 0.001ms
[12.363s][info][gc,phases   ] GC(40) Concurrent Select Relocation Set 2.259ms
[12.363s][info][gc,phases   ] GC(40) Pause Relocate Start 0.005ms
[12.364s][info][gc,phases   ] GC(40) Concurrent Relocate 0.808ms
[12.364s][info][gc,load     ] GC(40) Load: 0.00/0.00/0.00
[12.364s][info][gc,mmu      ] GC(40) MMU: 2ms/99.4%, 5ms/99.6%, 10ms/99.8%, 20ms/99.9%, 50ms/99.9%, 100ms/100.0%
[12.364s][info][gc,marking  ] GC(40) Mark: 2 stripe(s), 2 proactive flush(es), 1 terminate flush(es), 0 completion(s), 0 continuation(s) 
[12.364s][info][gc,marking  ] GC(40) Mark Stack Usage: 32M
[12.364s][info][gc,nmethod  ] GC(40) NMethods: 480 registered, 0 unregistered
[12.364s][info][gc,metaspace] GC(40) Metaspace: 1M used, 1M committed, 1088M reserved
[12.364s][info][gc,ref      ] GC(40) Soft: 181 encountered, 0 discovered, 0 enqueued
[12.364s][info][gc,ref      ] GC(40) Weak: 263 encountered, 108 discovered, 0 enqueued
[12.364s][info][gc,ref      ] GC(40) Final: 0 encountered, 0 discovered, 0 enqueued
[12.364s][info][gc,ref      ] GC(40) Phantom: 7 encountered, 4 discovered, 0 enqueued
[12.364s][info][gc,reloc    ] GC(40) Small Pages: 2287 / 4574M, Empty: 0M, Relocated: 1M, In-Place: 0
[12.364s][info][gc,reloc    ] GC(40) Medium Pages: 1 / 32M, Empty: 0M, Relocated: 0M, In-Place: 0
[12.364s][info][gc,reloc    ] GC(40) Large Pages: 0 / 0M, Empty: 0M, Relocated: 0M, In-Place: 0
[12.364s][info][gc,reloc    ] GC(40) Forwarding Usage: 0M
[12.364s][info][gc,heap     ] GC(40) Min Capacity: 8192M(100%)
[12.364s][info][gc,heap     ] GC(40) Max Capacity: 8192M(100%)
[12.364s][info][gc,heap     ] GC(40) Soft Max Capacity: 8192M(100%)
[12.364s][info][gc,heap     ] GC(40)                Mark Start          Mark End        Relocate Start      Relocate End           High               Low         
[12.364s][info][gc,heap     ] GC(40)  Capacity:     8192M (100%)       8192M (100%)       8192M (100%)       8192M (100%)       8192M (100%)       8192M (100%)   
[12.364s][info][gc,heap     ] GC(40)      Free:     3586M (44%)        3584M (44%)        3584M (44%)        3584M (44%)        3586M (44%)        3580M (44%)    
[12.364s][info][gc,heap     ] GC(40)      Used:     4606M (56%)        4608M (56%)        4608M (56%)        4608M (56%)        4612M (56%)        4606M (56%)    
[12.364s][info][gc,heap     ] GC(40)      Live:         -              4178M (51%)        4178M (51%)        4178M (51%)            -                  -          
[12.364s][info][gc,heap     ] GC(40) Allocated:         -                 2M (0%)            2M (0%)            2M (0%)             -                  -          
[12.365s][info][gc,heap     ] GC(40)   Garbage:         -               427M (5%)          427M (5%)          427M (5%)             -                  -          
[12.365s][info][gc,heap     ] GC(40) Reclaimed:         -                  -                 0M (0%)            0M (0%)             -                  -          
[12.365s][info][gc          ] GC(40) Garbage Collection (Timer) 4606M(56%)->4608M(56%)
[12.627s][info][gc,start    ] GC(41) Garbage Collection (Timer)
[12.627s][info][gc,task     ] GC(41) Using 3 workers
[12.627s][info][gc,phases   ] GC(41) Pause Mark Start 0.006ms
[12.659s][info][gc,phases   ] GC(41) Concurrent Mark 31.600ms
[12.659s][info][gc,phases   ] GC(41) Pause Mark End 0.010ms
[12.659s][info][gc,phases   ] GC(41) Concurrent Mark Free 0.001ms
[12.660s][info][gc,phases   ] GC(41) Concurrent Process Non-Strong References 0.864ms
[12.660s][info][gc,phases   ] GC(41) Concurrent Reset Relocation Set 0.001ms
[12.663s][info][gc,phases   ] GC(41) Concurrent Select Relocation Set 2.446ms
[12.663s][info][gc,phases   ] GC(41) Pause Relocate Start 0.007ms
[12.664s][info][gc,phases   ] GC(41) Concurrent Relocate 0.736ms
[12.664s][info][gc,load     ] GC(41) Load: 0.00/0.00/0.00
[12.664s][info][gc,mmu      ] GC(41) MMU: 2ms/99.4%, 5ms/99.6%, 10ms/99.8%, 20ms/99.9%, 50ms/99.9%, 100ms/100.0%
[12.664s][info][gc,marking  ] GC(41) Mark: 2 stripe(s), 2 proactive flush(es), 1 terminate flush(es), 0 completion(s), 0 continuation(s) 
[12.664s][info][gc,marking  ] GC(41) Mark Stack Usage: 32M
[12.664s][info][gc,nmethod  ] GC(41) NMethods: 480 registered, 0 unregistered
[12.664s][info][gc,metaspace] GC(41) Metaspace: 1M used, 1M committed, 1088M reserved
[12.664s][info][gc,ref      ] GC(41) Soft: 181 encountered, 0 discovered, 0 enqueued
[12.664s][info][gc,ref      ] GC(41) Weak: 263 encountered, 107 discovered, 0 enqueued
[12.664s][info][gc,ref      ] GC(41) Final: 0 encountered, 0 discovered, 0 enqueued
[12.664s][info][gc,ref      ] GC(41) Phantom: 7 encountered, 1 discovered, 0 enqueued
[12.664s][info][gc,reloc    ] GC(41) Small Pages: 2307 / 4614M, Empty: 0M, Relocated: 1M, In-Place: 0
[12.664s][info][gc,reloc    ] GC(41) Medium Pages: 1 / 32M, Empty: 0M, Relocated: 0M, In-Place: 0
[12.664s][info][gc,reloc    ] GC(41) Large Pages: 0 / 0M, Empty: 0M, Relocated: 0M, In-Place: 0
[12.664s][info][gc,reloc    ] GC(41) Forwarding Usage: 0M
[12.664s][info][gc,heap     ] GC(41) Min Capacity: 8192M(100%)
[12.664s][info][gc,heap     ] GC(41) Max Capacity: 8192M(100%)
[12.664s][info][gc,heap     ] GC(41) Soft Max Capacity: 8192M(100%)
[12.664s][info][gc,heap     ] GC(41)                Mark Start          Mark End        Relocate Start      Relocate End           High               Low         
[12.664s][info][gc,heap     ] GC(41)  Capacity:     8192M (100%)       8192M (100%)       8192M (100%)       8192M (100%)       8192M (100%)       8192M (100%)   
[12.664s][info][gc,heap     ] GC(41)      Free:     3546M (43%)        3542M (43%)        3542M (43%)        3542M (43%)        3546M (43%)        3538M (43%)    
[12.664s][info][gc,heap     ] GC(41)      Used:     4646M (57%)        4650M (57%)        4650M (57%)        4650M (57%)        4654M (57%)        4646M (57%)    
[12.664s][info][gc,heap     ] GC(41)      Live:         -              4214M (51%)        4214M (51%)        4214M (51%)            -                  -          
[12.664s][info][gc,heap     ] GC(41) Allocated:         -                 4M (0%)            4M (0%)            4M (0%)             -                  -          
[12.664s][info][gc,heap     ] GC(41)   Garbage:         -               431M (5%)          431M (5%)          431M (5%)             -                  -          
[12.664s][info][gc,heap     ] GC(41) Reclaimed:         -                  -                 0M (0%)            0M (0%)             -                  -          
[12.664s][info][gc          ] GC(41) Garbage Collection (Timer) 4646M(57%)->4650M(57%)
[12.929s][info][gc,start    ] GC(42) Garbage Collection (Timer)
[12.929s][info][gc,task     ] GC(42) Using 3 workers
[12.929s][info][gc,phases   ] GC(42) Pause Mark Start 0.006ms
[12.960s][info][gc,phases   ] GC(42) Concurrent Mark 30.625ms
[12.960s][info][gc,phases   ] GC(42) Pause Mark End 0.010ms
[12.961s][info][gc,phases   ] GC(42) Concurrent Mark Free 0.001ms
[12.961s][info][gc,phases   ] GC(42) Concurrent Process Non-Strong References 0.842ms
[12.962s][info][gc,phases   ] GC(42) Concurrent Reset Relocation Set 0.001ms
[12.964s][info][gc,phases   ] GC(42) Concurrent Select Relocation Set 2.284ms
[12.964s][info][gc,phases   ] GC(42) Pause Relocate Start 0.005ms
[12.965s][info][gc,phases   ] GC(42) Concurrent Relocate 0.912ms
[12.965s][info][gc,load     ] GC(42) Load: 0.00/0.00/0.00
[12.965s][info][gc,mmu      ] GC(42) MMU: 2ms/99.4%, 5ms/99.6%, 10ms/99.8%, 20ms/99.9%, 50ms/99.9%, 100ms/100.0%
[12.965s][info][gc,marking  ] GC(42) Mark: 2 stripe(s), 2 proactive flush(es), 1 terminate flush(es), 0 completion(s), 0 continuation(s) 
[12.965s][info][gc,marking  ] GC(42) Mark Stack Usage: 32M
[12.965s][info][gc,nmethod  ] GC(42) NMethods: 480 registered, 0 unregistered
[12.965s][info][gc,metaspace] GC(42) Metaspace: 1M used, 1M committed, 1088M reserved
[12.965s][info][gc,ref      ] GC(42) Soft: 181 encountered, 0 discovered, 0 enqueued
[12.965s][info][gc,ref      ] GC(42) Weak: 263 encountered, 107 discovered, 0 enqueued
[12.965s][info][gc,ref      ] GC(42) Final: 0 encountered, 0 discovered, 0 enqueued
[12.965s][info][gc,ref      ] GC(42) Phantom: 7 encountered, 1 discovered, 0 enqueued
[12.965s][info][gc,reloc    ] GC(42) Small Pages: 2327 / 4654M, Empty: 0M, Relocated: 1M, In-Place: 0
[12.965s][info][gc,reloc    ] GC(42) Medium Pages: 1 / 32M, Empty: 0M, Relocated: 0M, In-Place: 0
[12.965s][info][gc,reloc    ] GC(42) Large Pages: 0 / 0M, Empty: 0M, Relocated: 0M, In-Place: 0
[12.965s][info][gc,reloc    ] GC(42) Forwarding Usage: 0M
[12.965s][info][gc,heap     ] GC(42) Min Capacity: 8192M(100%)
[12.965s][info][gc,heap     ] GC(42) Max Capacity: 8192M(100%)
[12.965s][info][gc,heap     ] GC(42) Soft Max Capacity: 8192M(100%)
[12.965s][info][gc,heap     ] GC(42)                Mark Start          Mark End        Relocate Start      Relocate End           High               Low         
[12.965s][info][gc,heap     ] GC(42)  Capacity:     8192M (100%)       8192M (100%)       8192M (100%)       8192M (100%)       8192M (100%)       8192M (100%)   
[12.965s][info][gc,heap     ] GC(42)      Free:     3506M (43%)        3502M (43%)        3502M (43%)        3500M (43%)        3506M (43%)        3494M (43%)    
[12.965s][info][gc,heap     ] GC(42)      Used:     4686M (57%)        4690M (57%)        4690M (57%)        4692M (57%)        4698M (57%)        4686M (57%)    
[12.966s][info][gc,heap     ] GC(42)      Live:         -              4249M (52%)        4249M (52%)        4249M (52%)            -                  -          
[12.966s][info][gc,heap     ] GC(42) Allocated:         -                 4M (0%)            4M (0%)            6M (0%)             -                  -          
[12.966s][info][gc,heap     ] GC(42)   Garbage:         -               436M (5%)          436M (5%)          436M (5%)             -                  -          
[12.966s][info][gc,heap     ] GC(42) Reclaimed:         -                  -                 0M (0%)            0M (0%)             -                  -          
[12.966s][info][gc          ] GC(42) Garbage Collection (Timer) 4686M(57%)->4692M(57%)
[13.228s][info][gc,start    ] GC(43) Garbage Collection (Timer)
[13.229s][info][gc,task     ] GC(43) Using 3 workers
[13.229s][info][gc,phases   ] GC(43) Pause Mark Start 0.005ms
[13.260s][info][gc,phases   ] GC(43) Concurrent Mark 31.616ms
[13.261s][info][gc,phases   ] GC(43) Pause Mark End 0.012ms
[13.261s][info][gc,phases   ] GC(43) Concurrent Mark Free 0.001ms
[13.261s][info][gc,phases   ] GC(43) Concurrent Process Non-Strong References 0.649ms
[13.261s][info][gc,phases   ] GC(43) Concurrent Reset Relocation Set 0.001ms
[13.264s][info][gc,phases   ] GC(43) Concurrent Select Relocation Set 2.337ms
[13.264s][info][gc,phases   ] GC(43) Pause Relocate Start 0.005ms
[13.266s][info][gc,phases   ] GC(43) Concurrent Relocate 2.065ms
[13.266s][info][gc,load     ] GC(43) Load: 0.00/0.00/0.00
[13.266s][info][gc,mmu      ] GC(43) MMU: 2ms/99.4%, 5ms/99.6%, 10ms/99.8%, 20ms/99.9%, 50ms/99.9%, 100ms/100.0%
[13.266s][info][gc,marking  ] GC(43) Mark: 2 stripe(s), 2 proactive flush(es), 1 terminate flush(es), 0 completion(s), 0 continuation(s) 
[13.266s][info][gc,marking  ] GC(43) Mark Stack Usage: 32M
[13.266s][info][gc,nmethod  ] GC(43) NMethods: 480 registered, 0 unregistered
[13.266s][info][gc,metaspace] GC(43) Metaspace: 1M used, 1M committed, 1088M reserved
[13.266s][info][gc,ref      ] GC(43) Soft: 181 encountered, 0 discovered, 0 enqueued
[13.266s][info][gc,ref      ] GC(43) Weak: 263 encountered, 106 discovered, 0 enqueued
[13.266s][info][gc,ref      ] GC(43) Final: 0 encountered, 0 discovered, 0 enqueued
[13.266s][info][gc,ref      ] GC(43) Phantom: 7 encountered, 4 discovered, 0 enqueued
[13.267s][info][gc,reloc    ] GC(43) Small Pages: 2351 / 4702M, Empty: 0M, Relocated: 4M, In-Place: 0
[13.267s][info][gc,reloc    ] GC(43) Medium Pages: 1 / 32M, Empty: 0M, Relocated: 0M, In-Place: 0
[13.267s][info][gc,reloc    ] GC(43) Large Pages: 0 / 0M, Empty: 0M, Relocated: 0M, In-Place: 0
[13.267s][info][gc,reloc    ] GC(43) Forwarding Usage: 0M
[13.267s][info][gc,heap     ] GC(43) Min Capacity: 8192M(100%)
[13.267s][info][gc,heap     ] GC(43) Max Capacity: 8192M(100%)
[13.267s][info][gc,heap     ] GC(43) Soft Max Capacity: 8192M(100%)
[13.267s][info][gc,heap     ] GC(43)                Mark Start          Mark End        Relocate Start      Relocate End           High               Low         
[13.267s][info][gc,heap     ] GC(43)  Capacity:     8192M (100%)       8192M (100%)       8192M (100%)       8192M (100%)       8192M (100%)       8192M (100%)   
[13.267s][info][gc,heap     ] GC(43)      Free:     3458M (42%)        3456M (42%)        3454M (42%)        3458M (42%)        3458M (42%)        3448M (42%)    
[13.267s][info][gc,heap     ] GC(43)      Used:     4734M (58%)        4736M (58%)        4738M (58%)        4734M (58%)        4744M (58%)        4734M (58%)    
[13.267s][info][gc,heap     ] GC(43)      Live:         -              4292M (52%)        4292M (52%)        4292M (52%)            -                  -          
[13.267s][info][gc,heap     ] GC(43) Allocated:         -                 2M (0%)            4M (0%)            4M (0%)             -                  -          
[13.267s][info][gc,heap     ] GC(43)   Garbage:         -               441M (5%)          441M (5%)          437M (5%)             -                  -          
[13.267s][info][gc,heap     ] GC(43) Reclaimed:         -                  -                 0M (0%)            4M (0%)             -                  -          
[13.267s][info][gc          ] GC(43) Garbage Collection (Timer) 4734M(58%)->4734M(58%)
[13.530s][info][gc,start    ] GC(44) Garbage Collection (Timer)
[13.530s][info][gc,task     ] GC(44) Using 3 workers
[13.530s][info][gc,phases   ] GC(44) Pause Mark Start 0.005ms
[13.562s][info][gc,phases   ] GC(44) Concurrent Mark 31.581ms
[13.562s][info][gc,phases   ] GC(44) Pause Mark End 0.010ms
[13.562s][info][gc,phases   ] GC(44) Concurrent Mark Free 0.001ms
[13.563s][info][gc,phases   ] GC(44) Concurrent Process Non-Strong References 0.650ms
[13.563s][info][gc,phases   ] GC(44) Concurrent Reset Relocation Set 0.002ms
[13.565s][info][gc,phases   ] GC(44) Concurrent Select Relocation Set 2.470ms
[13.565s][info][gc,phases   ] GC(44) Pause Relocate Start 0.007ms
[13.566s][info][gc,phases   ] GC(44) Concurrent Relocate 0.952ms
[13.566s][info][gc,load     ] GC(44) Load: 0.00/0.00/0.00
[13.566s][info][gc,mmu      ] GC(44) MMU: 2ms/99.4%, 5ms/99.6%, 10ms/99.8%, 20ms/99.9%, 50ms/99.9%, 100ms/100.0%
[13.566s][info][gc,marking  ] GC(44) Mark: 2 stripe(s), 2 proactive flush(es), 1 terminate flush(es), 0 completion(s), 0 continuation(s) 
[13.566s][info][gc,marking  ] GC(44) Mark Stack Usage: 32M
[13.566s][info][gc,nmethod  ] GC(44) NMethods: 480 registered, 0 unregistered
[13.567s][info][gc,metaspace] GC(44) Metaspace: 1M used, 1M committed, 1088M reserved
[13.567s][info][gc,ref      ] GC(44) Soft: 181 encountered, 0 discovered, 0 enqueued
[13.567s][info][gc,ref      ] GC(44) Weak: 263 encountered, 149 discovered, 0 enqueued
[13.567s][info][gc,ref      ] GC(44) Final: 0 encountered, 0 discovered, 0 enqueued
[13.567s][info][gc,ref      ] GC(44) Phantom: 7 encountered, 2 discovered, 0 enqueued
[13.567s][info][gc,reloc    ] GC(44) Small Pages: 2369 / 4738M, Empty: 0M, Relocated: 1M, In-Place: 0
[13.567s][info][gc,reloc    ] GC(44) Medium Pages: 1 / 32M, Empty: 0M, Relocated: 0M, In-Place: 0
[13.567s][info][gc,reloc    ] GC(44) Large Pages: 0 / 0M, Empty: 0M, Relocated: 0M, In-Place: 0
[13.567s][info][gc,reloc    ] GC(44) Forwarding Usage: 0M
[13.567s][info][gc,heap     ] GC(44) Min Capacity: 8192M(100%)
[13.567s][info][gc,heap     ] GC(44) Max Capacity: 8192M(100%)
[13.567s][info][gc,heap     ] GC(44) Soft Max Capacity: 8192M(100%)
[13.567s][info][gc,heap     ] GC(44)                Mark Start          Mark End        Relocate Start      Relocate End           High               Low         
[13.567s][info][gc,heap     ] GC(44)  Capacity:     8192M (100%)       8192M (100%)       8192M (100%)       8192M (100%)       8192M (100%)       8192M (100%)   
[13.567s][info][gc,heap     ] GC(44)      Free:     3422M (42%)        3420M (42%)        3420M (42%)        3420M (42%)        3422M (42%)        3416M (42%)    
[13.567s][info][gc,heap     ] GC(44)      Used:     4770M (58%)        4772M (58%)        4772M (58%)        4772M (58%)        4776M (58%)        4770M (58%)    
[13.567s][info][gc,heap     ] GC(44)      Live:         -              4328M (53%)        4328M (53%)        4328M (53%)            -                  -          
[13.567s][info][gc,heap     ] GC(44) Allocated:         -                 2M (0%)            2M (0%)            2M (0%)             -                  -          
[13.567s][info][gc,heap     ] GC(44)   Garbage:         -               441M (5%)          441M (5%)          441M (5%)             -                  -          
[13.567s][info][gc,heap     ] GC(44) Reclaimed:         -                  -                 0M (0%)            0M (0%)             -                  -          
[13.567s][info][gc          ] GC(44) Garbage Collection (Timer) 4770M(58%)->4772M(58%)
[13.830s][info][gc,start    ] GC(45) Garbage Collection (Timer)
[13.830s][info][gc,task     ] GC(45) Using 3 workers
[13.830s][info][gc,phases   ] GC(45) Pause Mark Start 0.006ms
[13.877s][info][gc,phases   ] GC(45) Concurrent Mark 46.326ms
[13.877s][info][gc,phases   ] GC(45) Pause Mark End 0.010ms
[13.877s][info][gc,phases   ] GC(45) Concurrent Mark Free 0.001ms
[13.878s][info][gc,phases   ] GC(45) Concurrent Process Non-Strong References 0.743ms
[13.878s][info][gc,phases   ] GC(45) Concurrent Reset Relocation Set 0.001ms
[13.880s][info][gc,phases   ] GC(45) Concurrent Select Relocation Set 2.264ms
[13.880s][info][gc,phases   ] GC(45) Pause Relocate Start 0.005ms
[13.882s][info][gc,phases   ] GC(45) Concurrent Relocate 1.322ms
[13.882s][info][gc,load     ] GC(45) Load: 0.00/0.00/0.00
[13.882s][info][gc,mmu      ] GC(45) MMU: 2ms/99.4%, 5ms/99.6%, 10ms/99.8%, 20ms/99.9%, 50ms/99.9%, 100ms/100.0%
[13.882s][info][gc,marking  ] GC(45) Mark: 2 stripe(s), 2 proactive flush(es), 1 terminate flush(es), 0 completion(s), 0 continuation(s) 
[13.882s][info][gc,marking  ] GC(45) Mark Stack Usage: 32M
[13.882s][info][gc,nmethod  ] GC(45) NMethods: 480 registered, 0 unregistered
[13.882s][info][gc,metaspace] GC(45) Metaspace: 1M used, 1M committed, 1088M reserved
[13.882s][info][gc,ref      ] GC(45) Soft: 181 encountered, 0 discovered, 0 enqueued
[13.882s][info][gc,ref      ] GC(45) Weak: 263 encountered, 107 discovered, 0 enqueued
[13.882s][info][gc,ref      ] GC(45) Final: 0 encountered, 0 discovered, 0 enqueued
[13.882s][info][gc,ref      ] GC(45) Phantom: 7 encountered, 2 discovered, 0 enqueued
[13.882s][info][gc,reloc    ] GC(45) Small Pages: 2386 / 4772M, Empty: 0M, Relocated: 3M, In-Place: 0
[13.882s][info][gc,reloc    ] GC(45) Medium Pages: 1 / 32M, Empty: 0M, Relocated: 0M, In-Place: 0
[13.882s][info][gc,reloc    ] GC(45) Large Pages: 0 / 0M, Empty: 0M, Relocated: 0M, In-Place: 0
[13.882s][info][gc,reloc    ] GC(45) Forwarding Usage: 0M
[13.882s][info][gc,heap     ] GC(45) Min Capacity: 8192M(100%)
[13.882s][info][gc,heap     ] GC(45) Max Capacity: 8192M(100%)
[13.882s][info][gc,heap     ] GC(45) Soft Max Capacity: 8192M(100%)
[13.882s][info][gc,heap     ] GC(45)                Mark Start          Mark End        Relocate Start      Relocate End           High               Low         
[13.882s][info][gc,heap     ] GC(45)  Capacity:     8192M (100%)       8192M (100%)       8192M (100%)       8192M (100%)       8192M (100%)       8192M (100%)   
[13.882s][info][gc,heap     ] GC(45)      Free:     3388M (41%)        3384M (41%)        3384M (41%)        3384M (41%)        3388M (41%)        3378M (41%)    
[13.882s][info][gc,heap     ] GC(45)      Used:     4804M (59%)        4808M (59%)        4808M (59%)        4808M (59%)        4814M (59%)        4804M (59%)    
[13.882s][info][gc,heap     ] GC(45)      Live:         -              4358M (53%)        4358M (53%)        4358M (53%)            -                  -          
[13.882s][info][gc,heap     ] GC(45) Allocated:         -                 4M (0%)            4M (0%)            6M (0%)             -                  -          
[13.882s][info][gc,heap     ] GC(45)   Garbage:         -               445M (5%)          445M (5%)          443M (5%)             -                  -          
[13.882s][info][gc,heap     ] GC(45) Reclaimed:         -                  -                 0M (0%)            2M (0%)             -                  -          
[13.882s][info][gc          ] GC(45) Garbage Collection (Timer) 4804M(59%)->4808M(59%)
[14.131s][info][gc,start    ] GC(46) Garbage Collection (Timer)
[14.131s][info][gc,task     ] GC(46) Using 3 workers
[14.131s][info][gc,phases   ] GC(46) Pause Mark Start 0.006ms
[14.163s][info][gc,phases   ] GC(46) Concurrent Mark 31.587ms
[14.163s][info][gc,phases   ] GC(46) Pause Mark End 0.009ms
[14.163s][info][gc,phases   ] GC(46) Concurrent Mark Free 0.001ms
[14.164s][info][gc,phases   ] GC(46) Concurrent Process Non-Strong References 0.871ms
[14.164s][info][gc,phases   ] GC(46) Concurrent Reset Relocation Set 0.001ms
[14.167s][info][gc,phases   ] GC(46) Concurrent Select Relocation Set 2.265ms
[14.167s][info][gc,phases   ] GC(46) Pause Relocate Start 0.005ms
[14.168s][info][gc,phases   ] GC(46) Concurrent Relocate 1.281ms
[14.168s][info][gc,load     ] GC(46) Load: 0.00/0.00/0.00
[14.168s][info][gc,mmu      ] GC(46) MMU: 2ms/99.4%, 5ms/99.6%, 10ms/99.8%, 20ms/99.9%, 50ms/99.9%, 100ms/100.0%
[14.168s][info][gc,marking  ] GC(46) Mark: 2 stripe(s), 2 proactive flush(es), 1 terminate flush(es), 0 completion(s), 0 continuation(s) 
[14.168s][info][gc,marking  ] GC(46) Mark Stack Usage: 32M
[14.168s][info][gc,nmethod  ] GC(46) NMethods: 480 registered, 0 unregistered
[14.168s][info][gc,metaspace] GC(46) Metaspace: 1M used, 1M committed, 1088M reserved
[14.168s][info][gc,ref      ] GC(46) Soft: 181 encountered, 0 discovered, 0 enqueued
[14.168s][info][gc,ref      ] GC(46) Weak: 263 encountered, 94 discovered, 0 enqueued
[14.168s][info][gc,ref      ] GC(46) Final: 0 encountered, 0 discovered, 0 enqueued
[14.168s][info][gc,ref      ] GC(46) Phantom: 7 encountered, 2 discovered, 0 enqueued
[14.168s][info][gc,reloc    ] GC(46) Small Pages: 2403 / 4806M, Empty: 0M, Relocated: 3M, In-Place: 0
[14.168s][info][gc,reloc    ] GC(46) Medium Pages: 1 / 32M, Empty: 0M, Relocated: 0M, In-Place: 0
[14.168s][info][gc,reloc    ] GC(46) Large Pages: 0 / 0M, Empty: 0M, Relocated: 0M, In-Place: 0
[14.168s][info][gc,reloc    ] GC(46) Forwarding Usage: 0M
[14.169s][info][gc,heap     ] GC(46) Min Capacity: 8192M(100%)
[14.169s][info][gc,heap     ] GC(46) Max Capacity: 8192M(100%)
[14.169s][info][gc,heap     ] GC(46) Soft Max Capacity: 8192M(100%)
[14.169s][info][gc,heap     ] GC(46)                Mark Start          Mark End        Relocate Start      Relocate End           High               Low         
[14.169s][info][gc,heap     ] GC(46)  Capacity:     8192M (100%)       8192M (100%)       8192M (100%)       8192M (100%)       8192M (100%)       8192M (100%)   
[14.169s][info][gc,heap     ] GC(46)      Free:     3354M (41%)        3350M (41%)        3350M (41%)        3350M (41%)        3354M (41%)        3344M (41%)    
[14.169s][info][gc,heap     ] GC(46)      Used:     4838M (59%)        4842M (59%)        4842M (59%)        4842M (59%)        4848M (59%)        4838M (59%)    
[14.169s][info][gc,heap     ] GC(46)      Live:         -              4390M (54%)        4390M (54%)        4390M (54%)            -                  -          
[14.169s][info][gc,heap     ] GC(46) Allocated:         -                 4M (0%)            4M (0%)            4M (0%)             -                  -          
[14.169s][info][gc,heap     ] GC(46)   Garbage:         -               447M (5%)          447M (5%)          447M (5%)             -                  -          
[14.169s][info][gc,heap     ] GC(46) Reclaimed:         -                  -                 0M (0%)            0M (0%)             -                  -          
[14.169s][info][gc          ] GC(46) Garbage Collection (Timer) 4838M(59%)->4842M(59%)
[14.431s][info][gc,start    ] GC(47) Garbage Collection (Timer)
[14.431s][info][gc,task     ] GC(47) Using 3 workers
[14.431s][info][gc,phases   ] GC(47) Pause Mark Start 0.006ms
[14.462s][info][gc,phases   ] GC(47) Concurrent Mark 30.614ms
[14.462s][info][gc,phases   ] GC(47) Pause Mark End 0.009ms
[14.462s][info][gc,phases   ] GC(47) Concurrent Mark Free 0.001ms
[14.463s][info][gc,phases   ] GC(47) Concurrent Process Non-Strong References 0.865ms
[14.463s][info][gc,phases   ] GC(47) Concurrent Reset Relocation Set 0.001ms
[14.466s][info][gc,phases   ] GC(47) Concurrent Select Relocation Set 2.805ms
[14.466s][info][gc,phases   ] GC(47) Pause Relocate Start 0.006ms
[14.468s][info][gc,phases   ] GC(47) Concurrent Relocate 1.935ms
[14.469s][info][gc,load     ] GC(47) Load: 0.00/0.00/0.00
[14.469s][info][gc,mmu      ] GC(47) MMU: 2ms/99.4%, 5ms/99.6%, 10ms/99.8%, 20ms/99.9%, 50ms/99.9%, 100ms/100.0%
[14.469s][info][gc,marking  ] GC(47) Mark: 2 stripe(s), 2 proactive flush(es), 1 terminate flush(es), 0 completion(s), 0 continuation(s) 
[14.469s][info][gc,marking  ] GC(47) Mark Stack Usage: 32M
[14.469s][info][gc,nmethod  ] GC(47) NMethods: 486 registered, 0 unregistered
[14.469s][info][gc,metaspace] GC(47) Metaspace: 1M used, 1M committed, 1088M reserved
[14.469s][info][gc,ref      ] GC(47) Soft: 181 encountered, 0 discovered, 0 enqueued
[14.469s][info][gc,ref      ] GC(47) Weak: 263 encountered, 146 discovered, 0 enqueued
[14.469s][info][gc,ref      ] GC(47) Final: 0 encountered, 0 discovered, 0 enqueued
[14.469s][info][gc,ref      ] GC(47) Phantom: 7 encountered, 4 discovered, 0 enqueued
[14.469s][info][gc,reloc    ] GC(47) Small Pages: 2422 / 4844M, Empty: 0M, Relocated: 5M, In-Place: 0
[14.469s][info][gc,reloc    ] GC(47) Medium Pages: 2 / 64M, Empty: 32M, Relocated: 0M, In-Place: 0
[14.469s][info][gc,reloc    ] GC(47) Large Pages: 0 / 0M, Empty: 0M, Relocated: 0M, In-Place: 0
[14.469s][info][gc,reloc    ] GC(47) Forwarding Usage: 0M
[14.469s][info][gc,heap     ] GC(47) Min Capacity: 8192M(100%)
[14.469s][info][gc,heap     ] GC(47) Max Capacity: 8192M(100%)
[14.469s][info][gc,heap     ] GC(47) Soft Max Capacity: 8192M(100%)
[14.469s][info][gc,heap     ] GC(47)                Mark Start          Mark End        Relocate Start      Relocate End           High               Low         
[14.469s][info][gc,heap     ] GC(47)  Capacity:     8192M (100%)       8192M (100%)       8192M (100%)       8192M (100%)       8192M (100%)       8192M (100%)   
[14.469s][info][gc,heap     ] GC(47)      Free:     3284M (40%)        3280M (40%)        3312M (40%)        3316M (40%)        3316M (40%)        3280M (40%)    
[14.469s][info][gc,heap     ] GC(47)      Used:     4908M (60%)        4912M (60%)        4880M (60%)        4876M (60%)        4912M (60%)        4876M (60%)    
[14.469s][info][gc,heap     ] GC(47)      Live:         -              4423M (54%)        4423M (54%)        4423M (54%)            -                  -          
[14.469s][info][gc,heap     ] GC(47) Allocated:         -                 4M (0%)            4M (0%)            4M (0%)             -                  -          
[14.469s][info][gc,heap     ] GC(47)   Garbage:         -               484M (6%)          452M (6%)          448M (5%)             -                  -          
[14.469s][info][gc,heap     ] GC(47) Reclaimed:         -                  -                32M (0%)           36M (0%)             -                  -          
[14.469s][info][gc          ] GC(47) Garbage Collection (Timer) 4908M(60%)->4876M(60%)
[14.731s][info][gc,start    ] GC(48) Garbage Collection (Timer)
[14.731s][info][gc,task     ] GC(48) Using 3 workers
[14.731s][info][gc,phases   ] GC(48) Pause Mark Start 0.006ms
[14.779s][info][gc,phases   ] GC(48) Concurrent Mark 47.675ms
[14.779s][info][gc,phases   ] GC(48) Pause Mark End 0.016ms
[14.779s][info][gc,phases   ] GC(48) Concurrent Mark Free 0.001ms
[14.780s][info][gc,phases   ] GC(48) Concurrent Process Non-Strong References 0.665ms
[14.780s][info][gc,phases   ] GC(48) Concurrent Reset Relocation Set 0.002ms
[14.784s][info][gc,phases   ] GC(48) Concurrent Select Relocation Set 4.290ms
[14.785s][info][gc,phases   ] GC(48) Pause Relocate Start 0.009ms
[14.786s][info][gc,phases   ] GC(48) Concurrent Relocate 1.111ms
[14.786s][info][gc,load     ] GC(48) Load: 0.00/0.00/0.00
[14.786s][info][gc,mmu      ] GC(48) MMU: 2ms/99.2%, 5ms/99.6%, 10ms/99.8%, 20ms/99.9%, 50ms/99.9%, 100ms/100.0%
[14.786s][info][gc,marking  ] GC(48) Mark: 2 stripe(s), 2 proactive flush(es), 1 terminate flush(es), 0 completion(s), 0 continuation(s) 
[14.786s][info][gc,marking  ] GC(48) Mark Stack Usage: 32M
[14.786s][info][gc,nmethod  ] GC(48) NMethods: 486 registered, 0 unregistered
[14.786s][info][gc,metaspace] GC(48) Metaspace: 1M used, 1M committed, 1088M reserved
[14.786s][info][gc,ref      ] GC(48) Soft: 181 encountered, 0 discovered, 0 enqueued
[14.786s][info][gc,ref      ] GC(48) Weak: 263 encountered, 111 discovered, 0 enqueued
[14.786s][info][gc,ref      ] GC(48) Final: 0 encountered, 0 discovered, 0 enqueued
[14.786s][info][gc,ref      ] GC(48) Phantom: 7 encountered, 1 discovered, 0 enqueued
[14.786s][info][gc,reloc    ] GC(48) Small Pages: 2448 / 4896M, Empty: 0M, Relocated: 1M, In-Place: 0
[14.786s][info][gc,reloc    ] GC(48) Medium Pages: 1 / 32M, Empty: 0M, Relocated: 0M, In-Place: 0
[14.786s][info][gc,reloc    ] GC(48) Large Pages: 0 / 0M, Empty: 0M, Relocated: 0M, In-Place: 0
[14.786s][info][gc,reloc    ] GC(48) Forwarding Usage: 0M
[14.786s][info][gc,heap     ] GC(48) Min Capacity: 8192M(100%)
[14.786s][info][gc,heap     ] GC(48) Max Capacity: 8192M(100%)
[14.786s][info][gc,heap     ] GC(48) Soft Max Capacity: 8192M(100%)
[14.786s][info][gc,heap     ] GC(48)                Mark Start          Mark End        Relocate Start      Relocate End           High               Low         
[14.787s][info][gc,heap     ] GC(48)  Capacity:     8192M (100%)       8192M (100%)       8192M (100%)       8192M (100%)       8192M (100%)       8192M (100%)   
[14.787s][info][gc,heap     ] GC(48)      Free:     3264M (40%)        3260M (40%)        3260M (40%)        3260M (40%)        3264M (40%)        3256M (40%)    
[14.787s][info][gc,heap     ] GC(48)      Used:     4928M (60%)        4932M (60%)        4932M (60%)        4932M (60%)        4936M (60%)        4928M (60%)    
[14.787s][info][gc,heap     ] GC(48)      Live:         -              4473M (55%)        4473M (55%)        4473M (55%)            -                  -          
[14.787s][info][gc,heap     ] GC(48) Allocated:         -                 4M (0%)            4M (0%)            4M (0%)             -                  -          
[14.787s][info][gc,heap     ] GC(48)   Garbage:         -               454M (6%)          454M (6%)          454M (6%)             -                  -          
[14.787s][info][gc,heap     ] GC(48) Reclaimed:         -                  -                 0M (0%)            0M (0%)             -                  -          
[14.787s][info][gc          ] GC(48) Garbage Collection (Timer) 4928M(60%)->4932M(60%)
[15.029s][info][gc,start    ] GC(49) Garbage Collection (Timer)
[15.029s][info][gc,task     ] GC(49) Using 3 workers
[15.029s][info][gc,phases   ] GC(49) Pause Mark Start 0.006ms
[15.076s][info][gc,phases   ] GC(49) Concurrent Mark 46.118ms
[15.076s][info][gc,phases   ] GC(49) Pause Mark End 0.011ms
[15.076s][info][gc,phases   ] GC(49) Concurrent Mark Free 0.001ms
[15.077s][info][gc,phases   ] GC(49) Concurrent Process Non-Strong References 0.581ms
[15.077s][info][gc,phases   ] GC(49) Concurrent Reset Relocation Set 0.001ms
[15.080s][info][gc,phases   ] GC(49) Concurrent Select Relocation Set 3.097ms
[15.080s][info][gc,phases   ] GC(49) Pause Relocate Start 0.007ms
[15.081s][info][gc,phases   ] GC(49) Concurrent Relocate 1.034ms
[15.081s][info][gc,load     ] GC(49) Load: 0.00/0.00/0.00
[15.081s][info][gc,mmu      ] GC(49) MMU: 2ms/99.2%, 5ms/99.6%, 10ms/99.8%, 20ms/99.9%, 50ms/99.9%, 100ms/100.0%
[15.081s][info][gc,marking  ] GC(49) Mark: 2 stripe(s), 2 proactive flush(es), 1 terminate flush(es), 0 completion(s), 0 continuation(s) 
[15.081s][info][gc,marking  ] GC(49) Mark Stack Usage: 32M
[15.081s][info][gc,nmethod  ] GC(49) NMethods: 486 registered, 0 unregistered
[15.081s][info][gc,metaspace] GC(49) Metaspace: 1M used, 1M committed, 1088M reserved
[15.081s][info][gc,ref      ] GC(49) Soft: 181 encountered, 0 discovered, 0 enqueued
[15.081s][info][gc,ref      ] GC(49) Weak: 263 encountered, 146 discovered, 0 enqueued
[15.081s][info][gc,ref      ] GC(49) Final: 0 encountered, 0 discovered, 0 enqueued
[15.081s][info][gc,ref      ] GC(49) Phantom: 7 encountered, 4 discovered, 0 enqueued
[15.081s][info][gc,reloc    ] GC(49) Small Pages: 2469 / 4938M, Empty: 0M, Relocated: 1M, In-Place: 0
[15.081s][info][gc,reloc    ] GC(49) Medium Pages: 1 / 32M, Empty: 0M, Relocated: 0M, In-Place: 0
[15.081s][info][gc,reloc    ] GC(49) Large Pages: 0 / 0M, Empty: 0M, Relocated: 0M, In-Place: 0
[15.081s][info][gc,reloc    ] GC(49) Forwarding Usage: 0M
[15.081s][info][gc,heap     ] GC(49) Min Capacity: 8192M(100%)
[15.081s][info][gc,heap     ] GC(49) Max Capacity: 8192M(100%)
[15.081s][info][gc,heap     ] GC(49) Soft Max Capacity: 8192M(100%)
[15.082s][info][gc,heap     ] GC(49)                Mark Start          Mark End        Relocate Start      Relocate End           High               Low         
[15.082s][info][gc,heap     ] GC(49)  Capacity:     8192M (100%)       8192M (100%)       8192M (100%)       8192M (100%)       8192M (100%)       8192M (100%)   
[15.082s][info][gc,heap     ] GC(49)      Free:     3222M (39%)        3214M (39%)        3214M (39%)        3214M (39%)        3222M (39%)        3210M (39%)    
[15.082s][info][gc,heap     ] GC(49)      Used:     4970M (61%)        4978M (61%)        4978M (61%)        4978M (61%)        4982M (61%)        4970M (61%)    
[15.082s][info][gc,heap     ] GC(49)      Live:         -              4512M (55%)        4512M (55%)        4512M (55%)            -                  -          
[15.082s][info][gc,heap     ] GC(49) Allocated:         -                 8M (0%)            8M (0%)            8M (0%)             -                  -          
[15.082s][info][gc,heap     ] GC(49)   Garbage:         -               457M (6%)          457M (6%)          457M (6%)             -                  -          
[15.082s][info][gc,heap     ] GC(49) Reclaimed:         -                  -                 0M (0%)            0M (0%)             -                  -          
[15.082s][info][gc          ] GC(49) Garbage Collection (Timer) 4970M(61%)->4978M(61%)
[15.325s][info][gc,start    ] GC(50) Garbage Collection (Timer)
[15.325s][info][gc,task     ] GC(50) Using 3 workers
[15.325s][info][gc,phases   ] GC(50) Pause Mark Start 0.006ms
[15.360s][info][gc,phases   ] GC(50) Concurrent Mark 34.737ms
[15.360s][info][gc,phases   ] GC(50) Pause Mark End 0.011ms
[15.360s][info][gc,phases   ] GC(50) Concurrent Mark Free 0.001ms
[15.361s][info][gc,phases   ] GC(50) Concurrent Process Non-Strong References 0.588ms
[15.361s][info][gc,phases   ] GC(50) Concurrent Reset Relocation Set 0.001ms
[15.363s][info][gc,phases   ] GC(50) Concurrent Select Relocation Set 2.400ms
[15.363s][info][gc,phases   ] GC(50) Pause Relocate Start 0.007ms
[15.364s][info][gc,phases   ] GC(50) Concurrent Relocate 0.853ms
[15.364s][info][gc,load     ] GC(50) Load: 0.00/0.00/0.00
[15.364s][info][gc,mmu      ] GC(50) MMU: 2ms/99.2%, 5ms/99.6%, 10ms/99.8%, 20ms/99.9%, 50ms/99.9%, 100ms/100.0%
[15.364s][info][gc,marking  ] GC(50) Mark: 2 stripe(s), 2 proactive flush(es), 1 terminate flush(es), 0 completion(s), 0 continuation(s) 
[15.364s][info][gc,marking  ] GC(50) Mark Stack Usage: 32M
[15.364s][info][gc,nmethod  ] GC(50) NMethods: 486 registered, 0 unregistered
[15.364s][info][gc,metaspace] GC(50) Metaspace: 1M used, 1M committed, 1088M reserved
[15.365s][info][gc,ref      ] GC(50) Soft: 181 encountered, 0 discovered, 0 enqueued
[15.365s][info][gc,ref      ] GC(50) Weak: 263 encountered, 101 discovered, 0 enqueued
[15.365s][info][gc,ref      ] GC(50) Final: 0 encountered, 0 discovered, 0 enqueued
[15.365s][info][gc,ref      ] GC(50) Phantom: 7 encountered, 1 discovered, 0 enqueued
[15.365s][info][gc,reloc    ] GC(50) Small Pages: 2498 / 4996M, Empty: 0M, Relocated: 1M, In-Place: 0
[15.365s][info][gc,reloc    ] GC(50) Medium Pages: 1 / 32M, Empty: 0M, Relocated: 0M, In-Place: 0
[15.365s][info][gc,reloc    ] GC(50) Large Pages: 0 / 0M, Empty: 0M, Relocated: 0M, In-Place: 0
[15.365s][info][gc,reloc    ] GC(50) Forwarding Usage: 0M
[15.365s][info][gc,heap     ] GC(50) Min Capacity: 8192M(100%)
[15.365s][info][gc,heap     ] GC(50) Max Capacity: 8192M(100%)
[15.365s][info][gc,heap     ] GC(50) Soft Max Capacity: 8192M(100%)
[15.365s][info][gc,heap     ] GC(50)                Mark Start          Mark End        Relocate Start      Relocate End           High               Low         
[15.365s][info][gc,heap     ] GC(50)  Capacity:     8192M (100%)       8192M (100%)       8192M (100%)       8192M (100%)       8192M (100%)       8192M (100%)   
[15.365s][info][gc,heap     ] GC(50)      Free:     3164M (39%)        3160M (39%)        3160M (39%)        3160M (39%)        3164M (39%)        3156M (39%)    
[15.365s][info][gc,heap     ] GC(50)      Used:     5028M (61%)        5032M (61%)        5032M (61%)        5032M (61%)        5036M (61%)        5028M (61%)    
[15.365s][info][gc,heap     ] GC(50)      Live:         -              4564M (56%)        4564M (56%)        4564M (56%)            -                  -          
[15.365s][info][gc,heap     ] GC(50) Allocated:         -                 4M (0%)            4M (0%)            4M (0%)             -                  -          
[15.365s][info][gc,heap     ] GC(50)   Garbage:         -               463M (6%)          463M (6%)          463M (6%)             -                  -          
[15.365s][info][gc,heap     ] GC(50) Reclaimed:         -                  -                 0M (0%)            0M (0%)             -                  -          
[15.365s][info][gc          ] GC(50) Garbage Collection (Timer) 5028M(61%)->5032M(61%)
[15.625s][info][gc,start    ] GC(51) Garbage Collection (Timer)
[15.625s][info][gc,task     ] GC(51) Using 3 workers
[15.625s][info][gc,phases   ] GC(51) Pause Mark Start 0.005ms
[15.658s][info][gc,phases   ] GC(51) Concurrent Mark 32.484ms
[15.658s][info][gc,phases   ] GC(51) Pause Mark End 0.009ms
[15.658s][info][gc,phases   ] GC(51) Concurrent Mark Free 0.001ms
[15.659s][info][gc,phases   ] GC(51) Concurrent Process Non-Strong References 0.971ms
[15.659s][info][gc,phases   ] GC(51) Concurrent Reset Relocation Set 0.001ms
[15.662s][info][gc,phases   ] GC(51) Concurrent Select Relocation Set 2.248ms
[15.662s][info][gc,phases   ] GC(51) Pause Relocate Start 0.005ms
[15.663s][info][gc,phases   ] GC(51) Concurrent Relocate 0.923ms
[15.663s][info][gc,load     ] GC(51) Load: 0.00/0.00/0.00
[15.663s][info][gc,mmu      ] GC(51) MMU: 2ms/99.2%, 5ms/99.6%, 10ms/99.8%, 20ms/99.9%, 50ms/99.9%, 100ms/100.0%
[15.663s][info][gc,marking  ] GC(51) Mark: 2 stripe(s), 2 proactive flush(es), 1 terminate flush(es), 0 completion(s), 0 continuation(s) 
[15.663s][info][gc,marking  ] GC(51) Mark Stack Usage: 32M
[15.663s][info][gc,nmethod  ] GC(51) NMethods: 486 registered, 0 unregistered
[15.663s][info][gc,metaspace] GC(51) Metaspace: 1M used, 1M committed, 1088M reserved
[15.663s][info][gc,ref      ] GC(51) Soft: 181 encountered, 0 discovered, 0 enqueued
[15.663s][info][gc,ref      ] GC(51) Weak: 263 encountered, 100 discovered, 0 enqueued
[15.663s][info][gc,ref      ] GC(51) Final: 0 encountered, 0 discovered, 0 enqueued
[15.663s][info][gc,ref      ] GC(51) Phantom: 7 encountered, 4 discovered, 0 enqueued
[15.663s][info][gc,reloc    ] GC(51) Small Pages: 2514 / 5028M, Empty: 0M, Relocated: 1M, In-Place: 0
[15.663s][info][gc,reloc    ] GC(51) Medium Pages: 1 / 32M, Empty: 0M, Relocated: 0M, In-Place: 0
[15.663s][info][gc,reloc    ] GC(51) Large Pages: 0 / 0M, Empty: 0M, Relocated: 0M, In-Place: 0
[15.663s][info][gc,reloc    ] GC(51) Forwarding Usage: 0M
[15.663s][info][gc,heap     ] GC(51) Min Capacity: 8192M(100%)
[15.663s][info][gc,heap     ] GC(51) Max Capacity: 8192M(100%)
[15.663s][info][gc,heap     ] GC(51) Soft Max Capacity: 8192M(100%)
[15.663s][info][gc,heap     ] GC(51)                Mark Start          Mark End        Relocate Start      Relocate End           High               Low         
[15.663s][info][gc,heap     ] GC(51)  Capacity:     8192M (100%)       8192M (100%)       8192M (100%)       8192M (100%)       8192M (100%)       8192M (100%)   
[15.663s][info][gc,heap     ] GC(51)      Free:     3132M (38%)        3128M (38%)        3126M (38%)        3126M (38%)        3132M (38%)        3122M (38%)    
[15.663s][info][gc,heap     ] GC(51)      Used:     5060M (62%)        5064M (62%)        5066M (62%)        5066M (62%)        5070M (62%)        5060M (62%)    
[15.663s][info][gc,heap     ] GC(51)      Live:         -              4592M (56%)        4592M (56%)        4592M (56%)            -                  -          
[15.663s][info][gc,heap     ] GC(51) Allocated:         -                 4M (0%)            6M (0%)            6M (0%)             -                  -          
[15.663s][info][gc,heap     ] GC(51)   Garbage:         -               467M (6%)          467M (6%)          467M (6%)             -                  -          
[15.663s][info][gc,heap     ] GC(51) Reclaimed:         -                  -                 0M (0%)            0M (0%)             -                  -          
[15.664s][info][gc          ] GC(51) Garbage Collection (Timer) 5060M(62%)->5066M(62%)
[15.926s][info][gc,start    ] GC(52) Garbage Collection (Timer)
[15.926s][info][gc,task     ] GC(52) Using 3 workers
[15.926s][info][gc,phases   ] GC(52) Pause Mark Start 0.006ms
[15.954s][info][gc,phases   ] GC(52) Concurrent Mark 27.606ms
[15.954s][info][gc,phases   ] GC(52) Pause Mark End 0.009ms
[15.954s][info][gc,phases   ] GC(52) Concurrent Mark Free 0.001ms
[15.955s][info][gc,phases   ] GC(52) Concurrent Process Non-Strong References 0.739ms
[15.955s][info][gc,phases   ] GC(52) Concurrent Reset Relocation Set 0.001ms
[15.957s][info][gc,phases   ] GC(52) Concurrent Select Relocation Set 2.315ms
[15.957s][info][gc,phases   ] GC(52) Pause Relocate Start 0.005ms
[15.958s][info][gc,phases   ] GC(52) Concurrent Relocate 1.241ms
[15.959s][info][gc,load     ] GC(52) Load: 0.00/0.00/0.00
[15.959s][info][gc,mmu      ] GC(52) MMU: 2ms/99.2%, 5ms/99.6%, 10ms/99.8%, 20ms/99.9%, 50ms/99.9%, 100ms/100.0%
[15.959s][info][gc,marking  ] GC(52) Mark: 2 stripe(s), 2 proactive flush(es), 1 terminate flush(es), 0 completion(s), 0 continuation(s) 
[15.959s][info][gc,marking  ] GC(52) Mark Stack Usage: 32M
[15.959s][info][gc,nmethod  ] GC(52) NMethods: 486 registered, 0 unregistered
[15.959s][info][gc,metaspace] GC(52) Metaspace: 1M used, 1M committed, 1088M reserved
[15.959s][info][gc,ref      ] GC(52) Soft: 181 encountered, 0 discovered, 0 enqueued
[15.959s][info][gc,ref      ] GC(52) Weak: 263 encountered, 149 discovered, 0 enqueued
[15.959s][info][gc,ref      ] GC(52) Final: 0 encountered, 0 discovered, 0 enqueued
[15.959s][info][gc,ref      ] GC(52) Phantom: 7 encountered, 2 discovered, 0 enqueued
[15.959s][info][gc,reloc    ] GC(52) Small Pages: 2524 / 5048M, Empty: 0M, Relocated: 3M, In-Place: 0
[15.959s][info][gc,reloc    ] GC(52) Medium Pages: 1 / 32M, Empty: 0M, Relocated: 0M, In-Place: 0
[15.959s][info][gc,reloc    ] GC(52) Large Pages: 0 / 0M, Empty: 0M, Relocated: 0M, In-Place: 0
[15.959s][info][gc,reloc    ] GC(52) Forwarding Usage: 0M
[15.959s][info][gc,heap     ] GC(52) Min Capacity: 8192M(100%)
[15.959s][info][gc,heap     ] GC(52) Max Capacity: 8192M(100%)
[15.959s][info][gc,heap     ] GC(52) Soft Max Capacity: 8192M(100%)
[15.959s][info][gc,heap     ] GC(52)                Mark Start          Mark End        Relocate Start      Relocate End           High               Low         
[15.959s][info][gc,heap     ] GC(52)  Capacity:     8192M (100%)       8192M (100%)       8192M (100%)       8192M (100%)       8192M (100%)       8192M (100%)   
[15.959s][info][gc,heap     ] GC(52)      Free:     3112M (38%)        3110M (38%)        3108M (38%)        3112M (38%)        3112M (38%)        3104M (38%)    
[15.959s][info][gc,heap     ] GC(52)      Used:     5080M (62%)        5082M (62%)        5084M (62%)        5080M (62%)        5088M (62%)        5080M (62%)    
[15.959s][info][gc,heap     ] GC(52)      Live:         -              4609M (56%)        4609M (56%)        4609M (56%)            -                  -          
[15.959s][info][gc,heap     ] GC(52) Allocated:         -                 2M (0%)            4M (0%)            4M (0%)             -                  -          
[15.959s][info][gc,heap     ] GC(52)   Garbage:         -               470M (6%)          470M (6%)          466M (6%)             -                  -          
[15.959s][info][gc,heap     ] GC(52) Reclaimed:         -                  -                 0M (0%)            4M (0%)             -                  -          
[15.959s][info][gc          ] GC(52) Garbage Collection (Timer) 5080M(62%)->5080M(62%)
[16.225s][info][gc,start    ] GC(53) Garbage Collection (Timer)
[16.225s][info][gc,task     ] GC(53) Using 3 workers
[16.225s][info][gc,phases   ] GC(53) Pause Mark Start 0.006ms
[16.253s][info][gc,phases   ] GC(53) Concurrent Mark 27.793ms
[16.253s][info][gc,phases   ] GC(53) Pause Mark End 0.009ms
[16.253s][info][gc,phases   ] GC(53) Concurrent Mark Free 0.001ms
[16.254s][info][gc,phases   ] GC(53) Concurrent Process Non-Strong References 0.590ms
[16.254s][info][gc,phases   ] GC(53) Concurrent Reset Relocation Set 0.001ms
[16.256s][info][gc,phases   ] GC(53) Concurrent Select Relocation Set 2.336ms
[16.256s][info][gc,phases   ] GC(53) Pause Relocate Start 0.005ms
[16.259s][info][gc,phases   ] GC(53) Concurrent Relocate 2.037ms
[16.259s][info][gc,load     ] GC(53) Load: 0.00/0.00/0.00
[16.259s][info][gc,mmu      ] GC(53) MMU: 2ms/99.2%, 5ms/99.6%, 10ms/99.8%, 20ms/99.9%, 50ms/99.9%, 100ms/100.0%
[16.259s][info][gc,marking  ] GC(53) Mark: 2 stripe(s), 2 proactive flush(es), 1 terminate flush(es), 0 completion(s), 0 continuation(s) 
[16.259s][info][gc,marking  ] GC(53) Mark Stack Usage: 32M
[16.259s][info][gc,nmethod  ] GC(53) NMethods: 486 registered, 0 unregistered
[16.259s][info][gc,metaspace] GC(53) Metaspace: 1M used, 1M committed, 1088M reserved
[16.259s][info][gc,ref      ] GC(53) Soft: 181 encountered, 0 discovered, 0 enqueued
[16.259s][info][gc,ref      ] GC(53) Weak: 263 encountered, 148 discovered, 0 enqueued
[16.259s][info][gc,ref      ] GC(53) Final: 0 encountered, 0 discovered, 0 enqueued
[16.259s][info][gc,ref      ] GC(53) Phantom: 7 encountered, 1 discovered, 0 enqueued
[16.259s][info][gc,reloc    ] GC(53) Small Pages: 2542 / 5084M, Empty: 0M, Relocated: 5M, In-Place: 0
[16.259s][info][gc,reloc    ] GC(53) Medium Pages: 1 / 32M, Empty: 0M, Relocated: 0M, In-Place: 0
[16.259s][info][gc,reloc    ] GC(53) Large Pages: 0 / 0M, Empty: 0M, Relocated: 0M, In-Place: 0
[16.259s][info][gc,reloc    ] GC(53) Forwarding Usage: 0M
[16.259s][info][gc,heap     ] GC(53) Min Capacity: 8192M(100%)
[16.259s][info][gc,heap     ] GC(53) Max Capacity: 8192M(100%)
[16.259s][info][gc,heap     ] GC(53) Soft Max Capacity: 8192M(100%)
[16.259s][info][gc,heap     ] GC(53)                Mark Start          Mark End        Relocate Start      Relocate End           High               Low         
[16.259s][info][gc,heap     ] GC(53)  Capacity:     8192M (100%)       8192M (100%)       8192M (100%)       8192M (100%)       8192M (100%)       8192M (100%)   
[16.259s][info][gc,heap     ] GC(53)      Free:     3076M (38%)        3074M (38%)        3074M (38%)        3076M (38%)        3076M (38%)        3068M (37%)    
[16.259s][info][gc,heap     ] GC(53)      Used:     5116M (62%)        5118M (62%)        5118M (62%)        5116M (62%)        5124M (63%)        5116M (62%)    
[16.259s][info][gc,heap     ] GC(53)      Live:         -              4644M (57%)        4644M (57%)        4644M (57%)            -                  -          
[16.259s][info][gc,heap     ] GC(53) Allocated:         -                 2M (0%)            2M (0%)            2M (0%)             -                  -          
[16.259s][info][gc,heap     ] GC(53)   Garbage:         -               471M (6%)          471M (6%)          469M (6%)             -                  -          
[16.259s][info][gc,heap     ] GC(53) Reclaimed:         -                  -                 0M (0%)            2M (0%)             -                  -          
[16.259s][info][gc          ] GC(53) Garbage Collection (Timer) 5116M(62%)->5116M(62%)
[16.526s][info][gc,start    ] GC(54) Garbage Collection (Timer)
[16.526s][info][gc,task     ] GC(54) Using 3 workers
[16.526s][info][gc,phases   ] GC(54) Pause Mark Start 0.006ms
[16.562s][info][gc,phases   ] GC(54) Concurrent Mark 35.606ms
[16.562s][info][gc,phases   ] GC(54) Pause Mark End 0.010ms
[16.562s][info][gc,phases   ] GC(54) Concurrent Mark Free 0.001ms
[16.562s][info][gc,phases   ] GC(54) Concurrent Process Non-Strong References 0.538ms
[16.562s][info][gc,phases   ] GC(54) Concurrent Reset Relocation Set 0.001ms
[16.566s][info][gc,phases   ] GC(54) Concurrent Select Relocation Set 3.689ms
[16.566s][info][gc,phases   ] GC(54) Pause Relocate Start 0.007ms
[16.567s][info][gc,phases   ] GC(54) Concurrent Relocate 0.877ms
[16.567s][info][gc,load     ] GC(54) Load: 0.00/0.00/0.00
[16.567s][info][gc,mmu      ] GC(54) MMU: 2ms/99.2%, 5ms/99.6%, 10ms/99.8%, 20ms/99.9%, 50ms/99.9%, 100ms/100.0%
[16.567s][info][gc,marking  ] GC(54) Mark: 2 stripe(s), 2 proactive flush(es), 1 terminate flush(es), 0 completion(s), 0 continuation(s) 
[16.567s][info][gc,marking  ] GC(54) Mark Stack Usage: 32M
[16.568s][info][gc,nmethod  ] GC(54) NMethods: 486 registered, 0 unregistered
[16.568s][info][gc,metaspace] GC(54) Metaspace: 1M used, 1M committed, 1088M reserved
[16.568s][info][gc,ref      ] GC(54) Soft: 181 encountered, 0 discovered, 0 enqueued
[16.568s][info][gc,ref      ] GC(54) Weak: 263 encountered, 107 discovered, 0 enqueued
[16.568s][info][gc,ref      ] GC(54) Final: 0 encountered, 0 discovered, 0 enqueued
[16.568s][info][gc,ref      ] GC(54) Phantom: 7 encountered, 4 discovered, 0 enqueued
[16.568s][info][gc,reloc    ] GC(54) Small Pages: 2560 / 5120M, Empty: 0M, Relocated: 1M, In-Place: 0
[16.568s][info][gc,reloc    ] GC(54) Medium Pages: 1 / 32M, Empty: 0M, Relocated: 0M, In-Place: 0
[16.568s][info][gc,reloc    ] GC(54) Large Pages: 0 / 0M, Empty: 0M, Relocated: 0M, In-Place: 0
[16.568s][info][gc,reloc    ] GC(54) Forwarding Usage: 0M
[16.568s][info][gc,heap     ] GC(54) Min Capacity: 8192M(100%)
[16.568s][info][gc,heap     ] GC(54) Max Capacity: 8192M(100%)
[16.569s][info][gc,heap     ] GC(54) Soft Max Capacity: 8192M(100%)
[16.569s][info][gc,heap     ] GC(54)                Mark Start          Mark End        Relocate Start      Relocate End           High               Low         
[16.569s][info][gc,heap     ] GC(54)  Capacity:     8192M (100%)       8192M (100%)       8192M (100%)       8192M (100%)       8192M (100%)       8192M (100%)   
[16.569s][info][gc,heap     ] GC(54)      Free:     3040M (37%)        3036M (37%)        3036M (37%)        3036M (37%)        3040M (37%)        3032M (37%)    
[16.569s][info][gc,heap     ] GC(54)      Used:     5152M (63%)        5156M (63%)        5156M (63%)        5156M (63%)        5160M (63%)        5152M (63%)    
[16.569s][info][gc,heap     ] GC(54)      Live:         -              4678M (57%)        4678M (57%)        4678M (57%)            -                  -          
[16.569s][info][gc,heap     ] GC(54) Allocated:         -                 4M (0%)            4M (0%)            4M (0%)             -                  -          
[16.569s][info][gc,heap     ] GC(54)   Garbage:         -               473M (6%)          473M (6%)          473M (6%)             -                  -          
[16.569s][info][gc,heap     ] GC(54) Reclaimed:         -                  -                 0M (0%)            0M (0%)             -                  -          
[16.569s][info][gc          ] GC(54) Garbage Collection (Timer) 5152M(63%)->5156M(63%)
[16.825s][info][gc,start    ] GC(55) Garbage Collection (Timer)
[16.825s][info][gc,task     ] GC(55) Using 3 workers
[16.825s][info][gc,phases   ] GC(55) Pause Mark Start 0.007ms
[16.857s][info][gc,phases   ] GC(55) Concurrent Mark 31.578ms
[16.857s][info][gc,phases   ] GC(55) Pause Mark End 0.010ms
[16.857s][info][gc,phases   ] GC(55) Concurrent Mark Free 0.001ms
[16.858s][info][gc,phases   ] GC(55) Concurrent Process Non-Strong References 0.703ms
[16.858s][info][gc,phases   ] GC(55) Concurrent Reset Relocation Set 0.001ms
[16.860s][info][gc,phases   ] GC(55) Concurrent Select Relocation Set 2.452ms
[16.860s][info][gc,phases   ] GC(55) Pause Relocate Start 0.006ms
[16.862s][info][gc,phases   ] GC(55) Concurrent Relocate 1.493ms
[16.862s][info][gc,load     ] GC(55) Load: 0.00/0.00/0.00
[16.862s][info][gc,mmu      ] GC(55) MMU: 2ms/99.2%, 5ms/99.6%, 10ms/99.8%, 20ms/99.9%, 50ms/99.9%, 100ms/100.0%
[16.862s][info][gc,marking  ] GC(55) Mark: 2 stripe(s), 2 proactive flush(es), 1 terminate flush(es), 0 completion(s), 0 continuation(s) 
[16.862s][info][gc,marking  ] GC(55) Mark Stack Usage: 32M
[16.862s][info][gc,nmethod  ] GC(55) NMethods: 486 registered, 0 unregistered
[16.862s][info][gc,metaspace] GC(55) Metaspace: 1M used, 1M committed, 1088M reserved
[16.862s][info][gc,ref      ] GC(55) Soft: 181 encountered, 0 discovered, 0 enqueued
[16.862s][info][gc,ref      ] GC(55) Weak: 263 encountered, 108 discovered, 0 enqueued
[16.862s][info][gc,ref      ] GC(55) Final: 0 encountered, 0 discovered, 0 enqueued
[16.862s][info][gc,ref      ] GC(55) Phantom: 7 encountered, 4 discovered, 0 enqueued
[16.862s][info][gc,reloc    ] GC(55) Small Pages: 2583 / 5166M, Empty: 0M, Relocated: 3M, In-Place: 0
[16.862s][info][gc,reloc    ] GC(55) Medium Pages: 1 / 32M, Empty: 0M, Relocated: 0M, In-Place: 0
[16.862s][info][gc,reloc    ] GC(55) Large Pages: 0 / 0M, Empty: 0M, Relocated: 0M, In-Place: 0
[16.862s][info][gc,reloc    ] GC(55) Forwarding Usage: 0M
[16.862s][info][gc,heap     ] GC(55) Min Capacity: 8192M(100%)
[16.862s][info][gc,heap     ] GC(55) Max Capacity: 8192M(100%)
[16.862s][info][gc,heap     ] GC(55) Soft Max Capacity: 8192M(100%)
[16.863s][info][gc,heap     ] GC(55)                Mark Start          Mark End        Relocate Start      Relocate End           High               Low         
[16.863s][info][gc,heap     ] GC(55)  Capacity:     8192M (100%)       8192M (100%)       8192M (100%)       8192M (100%)       8192M (100%)       8192M (100%)   
[16.863s][info][gc,heap     ] GC(55)      Free:     2994M (37%)        2992M (37%)        2990M (36%)        2992M (37%)        2994M (37%)        2984M (36%)    
[16.863s][info][gc,heap     ] GC(55)      Used:     5198M (63%)        5200M (63%)        5202M (64%)        5200M (63%)        5208M (64%)        5198M (63%)    
[16.863s][info][gc,heap     ] GC(55)      Live:         -              4719M (58%)        4719M (58%)        4719M (58%)            -                  -          
[16.863s][info][gc,heap     ] GC(55) Allocated:         -                 2M (0%)            4M (0%)            4M (0%)             -                  -          
[16.863s][info][gc,heap     ] GC(55)   Garbage:         -               478M (6%)          478M (6%)          476M (6%)             -                  -          
[16.863s][info][gc,heap     ] GC(55) Reclaimed:         -                  -                 0M (0%)            2M (0%)             -                  -          
[16.863s][info][gc          ] GC(55) Garbage Collection (Timer) 5198M(63%)->5200M(63%)
[17.126s][info][gc,start    ] GC(56) Garbage Collection (Timer)
[17.126s][info][gc,task     ] GC(56) Using 3 workers
[17.126s][info][gc,phases   ] GC(56) Pause Mark Start 0.005ms
[17.154s][info][gc,phases   ] GC(56) Concurrent Mark 27.634ms
[17.154s][info][gc,phases   ] GC(56) Pause Mark End 0.009ms
[17.154s][info][gc,phases   ] GC(56) Concurrent Mark Free 0.001ms
[17.155s][info][gc,phases   ] GC(56) Concurrent Process Non-Strong References 0.823ms
[17.155s][info][gc,phases   ] GC(56) Concurrent Reset Relocation Set 0.001ms
[17.158s][info][gc,phases   ] GC(56) Concurrent Select Relocation Set 3.362ms
[17.158s][info][gc,phases   ] GC(56) Pause Relocate Start 0.006ms
[17.159s][info][gc,phases   ] GC(56) Concurrent Relocate 0.695ms
[17.159s][info][gc,load     ] GC(56) Load: 0.00/0.00/0.00
[17.159s][info][gc,mmu      ] GC(56) MMU: 2ms/99.2%, 5ms/99.6%, 10ms/99.8%, 20ms/99.9%, 50ms/99.9%, 100ms/100.0%
[17.159s][info][gc,marking  ] GC(56) Mark: 2 stripe(s), 2 proactive flush(es), 1 terminate flush(es), 0 completion(s), 0 continuation(s) 
[17.159s][info][gc,marking  ] GC(56) Mark Stack Usage: 32M
[17.159s][info][gc,nmethod  ] GC(56) NMethods: 486 registered, 0 unregistered
[17.159s][info][gc,metaspace] GC(56) Metaspace: 1M used, 1M committed, 1088M reserved
[17.159s][info][gc,ref      ] GC(56) Soft: 181 encountered, 0 discovered, 0 enqueued
[17.159s][info][gc,ref      ] GC(56) Weak: 263 encountered, 103 discovered, 0 enqueued
[17.159s][info][gc,ref      ] GC(56) Final: 0 encountered, 0 discovered, 0 enqueued
[17.159s][info][gc,ref      ] GC(56) Phantom: 7 encountered, 1 discovered, 0 enqueued
[17.159s][info][gc,reloc    ] GC(56) Small Pages: 2608 / 5216M, Empty: 0M, Relocated: 1M, In-Place: 0
[17.159s][info][gc,reloc    ] GC(56) Medium Pages: 1 / 32M, Empty: 0M, Relocated: 0M, In-Place: 0
[17.160s][info][gc,reloc    ] GC(56) Large Pages: 0 / 0M, Empty: 0M, Relocated: 0M, In-Place: 0
[17.160s][info][gc,reloc    ] GC(56) Forwarding Usage: 0M
[17.160s][info][gc,heap     ] GC(56) Min Capacity: 8192M(100%)
[17.160s][info][gc,heap     ] GC(56) Max Capacity: 8192M(100%)
[17.160s][info][gc,heap     ] GC(56) Soft Max Capacity: 8192M(100%)
[17.160s][info][gc,heap     ] GC(56)                Mark Start          Mark End        Relocate Start      Relocate End           High               Low         
[17.160s][info][gc,heap     ] GC(56)  Capacity:     8192M (100%)       8192M (100%)       8192M (100%)       8192M (100%)       8192M (100%)       8192M (100%)   
[17.160s][info][gc,heap     ] GC(56)      Free:     2944M (36%)        2942M (36%)        2942M (36%)        2942M (36%)        2944M (36%)        2938M (36%)    
[17.160s][info][gc,heap     ] GC(56)      Used:     5248M (64%)        5250M (64%)        5250M (64%)        5250M (64%)        5254M (64%)        5248M (64%)    
[17.160s][info][gc,heap     ] GC(56)      Live:         -              4766M (58%)        4766M (58%)        4766M (58%)            -                  -          
[17.160s][info][gc,heap     ] GC(56) Allocated:         -                 2M (0%)            2M (0%)            2M (0%)             -                  -          
[17.160s][info][gc,heap     ] GC(56)   Garbage:         -               481M (6%)          481M (6%)          481M (6%)             -                  -          
[17.160s][info][gc,heap     ] GC(56) Reclaimed:         -                  -                 0M (0%)            0M (0%)             -                  -          
[17.160s][info][gc          ] GC(56) Garbage Collection (Timer) 5248M(64%)->5250M(64%)
[17.425s][info][gc,start    ] GC(57) Garbage Collection (Timer)
[17.425s][info][gc,task     ] GC(57) Using 3 workers
[17.425s][info][gc,phases   ] GC(57) Pause Mark Start 0.006ms
[17.453s][info][gc,phases   ] GC(57) Concurrent Mark 27.627ms
[17.453s][info][gc,phases   ] GC(57) Pause Mark End 0.009ms
[17.453s][info][gc,phases   ] GC(57) Concurrent Mark Free 0.001ms
[17.454s][info][gc,phases   ] GC(57) Concurrent Process Non-Strong References 0.813ms
[17.454s][info][gc,phases   ] GC(57) Concurrent Reset Relocation Set 0.001ms
[17.457s][info][gc,phases   ] GC(57) Concurrent Select Relocation Set 2.340ms
[17.457s][info][gc,phases   ] GC(57) Pause Relocate Start 0.005ms
[17.458s][info][gc,phases   ] GC(57) Concurrent Relocate 1.480ms
[17.458s][info][gc,load     ] GC(57) Load: 0.00/0.00/0.00
[17.458s][info][gc,mmu      ] GC(57) MMU: 2ms/99.2%, 5ms/99.6%, 10ms/99.8%, 20ms/99.9%, 50ms/99.9%, 100ms/100.0%
[17.458s][info][gc,marking  ] GC(57) Mark: 2 stripe(s), 2 proactive flush(es), 1 terminate flush(es), 0 completion(s), 0 continuation(s) 
[17.458s][info][gc,marking  ] GC(57) Mark Stack Usage: 32M
[17.458s][info][gc,nmethod  ] GC(57) NMethods: 486 registered, 0 unregistered
[17.458s][info][gc,metaspace] GC(57) Metaspace: 1M used, 1M committed, 1088M reserved
[17.458s][info][gc,ref      ] GC(57) Soft: 181 encountered, 0 discovered, 0 enqueued
[17.458s][info][gc,ref      ] GC(57) Weak: 263 encountered, 98 discovered, 0 enqueued
[17.458s][info][gc,ref      ] GC(57) Final: 0 encountered, 0 discovered, 0 enqueued
[17.458s][info][gc,ref      ] GC(57) Phantom: 7 encountered, 2 discovered, 0 enqueued
[17.459s][info][gc,reloc    ] GC(57) Small Pages: 2630 / 5260M, Empty: 0M, Relocated: 3M, In-Place: 0
[17.459s][info][gc,reloc    ] GC(57) Medium Pages: 1 / 32M, Empty: 0M, Relocated: 0M, In-Place: 0
[17.459s][info][gc,reloc    ] GC(57) Large Pages: 0 / 0M, Empty: 0M, Relocated: 0M, In-Place: 0
[17.459s][info][gc,reloc    ] GC(57) Forwarding Usage: 0M
[17.459s][info][gc,heap     ] GC(57) Min Capacity: 8192M(100%)
[17.459s][info][gc,heap     ] GC(57) Max Capacity: 8192M(100%)
[17.459s][info][gc,heap     ] GC(57) Soft Max Capacity: 8192M(100%)
[17.459s][info][gc,heap     ] GC(57)                Mark Start          Mark End        Relocate Start      Relocate End           High               Low         
[17.459s][info][gc,heap     ] GC(57)  Capacity:     8192M (100%)       8192M (100%)       8192M (100%)       8192M (100%)       8192M (100%)       8192M (100%)   
[17.459s][info][gc,heap     ] GC(57)      Free:     2900M (35%)        2896M (35%)        2896M (35%)        2898M (35%)        2900M (35%)        2890M (35%)    
[17.459s][info][gc,heap     ] GC(57)      Used:     5292M (65%)        5296M (65%)        5296M (65%)        5294M (65%)        5302M (65%)        5292M (65%)    
[17.459s][info][gc,heap     ] GC(57)      Live:         -              4805M (59%)        4805M (59%)        4805M (59%)            -                  -          
[17.459s][info][gc,heap     ] GC(57) Allocated:         -                 4M (0%)            4M (0%)            4M (0%)             -                  -          
[17.459s][info][gc,heap     ] GC(57)   Garbage:         -               486M (6%)          486M (6%)          484M (6%)             -                  -          
[17.459s][info][gc,heap     ] GC(57) Reclaimed:         -                  -                 0M (0%)            2M (0%)             -                  -          
[17.459s][info][gc          ] GC(57) Garbage Collection (Timer) 5292M(65%)->5294M(65%)
[17.725s][info][gc,start    ] GC(58) Garbage Collection (Timer)
[17.725s][info][gc,task     ] GC(58) Using 3 workers
[17.725s][info][gc,phases   ] GC(58) Pause Mark Start 0.006ms
[17.754s][info][gc,phases   ] GC(58) Concurrent Mark 28.565ms
[17.754s][info][gc,phases   ] GC(58) Pause Mark End 0.010ms
[17.754s][info][gc,phases   ] GC(58) Concurrent Mark Free 0.001ms
[17.755s][info][gc,phases   ] GC(58) Concurrent Process Non-Strong References 0.502ms
[17.755s][info][gc,phases   ] GC(58) Concurrent Reset Relocation Set 0.001ms
[17.758s][info][gc,phases   ] GC(58) Concurrent Select Relocation Set 2.671ms
[17.758s][info][gc,phases   ] GC(58) Pause Relocate Start 0.007ms
[17.759s][info][gc,phases   ] GC(58) Concurrent Relocate 0.666ms
[17.759s][info][gc,load     ] GC(58) Load: 0.00/0.00/0.00
[17.759s][info][gc,mmu      ] GC(58) MMU: 2ms/99.2%, 5ms/99.6%, 10ms/99.8%, 20ms/99.9%, 50ms/99.9%, 100ms/100.0%
[17.759s][info][gc,marking  ] GC(58) Mark: 2 stripe(s), 2 proactive flush(es), 1 terminate flush(es), 0 completion(s), 0 continuation(s) 
[17.759s][info][gc,marking  ] GC(58) Mark Stack Usage: 32M
[17.759s][info][gc,nmethod  ] GC(58) NMethods: 486 registered, 0 unregistered
[17.759s][info][gc,metaspace] GC(58) Metaspace: 1M used, 1M committed, 1088M reserved
[17.759s][info][gc,ref      ] GC(58) Soft: 181 encountered, 0 discovered, 0 enqueued
[17.759s][info][gc,ref      ] GC(58) Weak: 263 encountered, 96 discovered, 0 enqueued
[17.759s][info][gc,ref      ] GC(58) Final: 0 encountered, 0 discovered, 0 enqueued
[17.759s][info][gc,ref      ] GC(58) Phantom: 7 encountered, 2 discovered, 0 enqueued
[17.759s][info][gc,reloc    ] GC(58) Small Pages: 2657 / 5314M, Empty: 0M, Relocated: 1M, In-Place: 0
[17.759s][info][gc,reloc    ] GC(58) Medium Pages: 1 / 32M, Empty: 0M, Relocated: 0M, In-Place: 0
[17.759s][info][gc,reloc    ] GC(58) Large Pages: 0 / 0M, Empty: 0M, Relocated: 0M, In-Place: 0
[17.759s][info][gc,reloc    ] GC(58) Forwarding Usage: 0M
[17.759s][info][gc,heap     ] GC(58) Min Capacity: 8192M(100%)
[17.759s][info][gc,heap     ] GC(58) Max Capacity: 8192M(100%)
[17.759s][info][gc,heap     ] GC(58) Soft Max Capacity: 8192M(100%)
[17.759s][info][gc,heap     ] GC(58)                Mark Start          Mark End        Relocate Start      Relocate End           High               Low         
[17.759s][info][gc,heap     ] GC(58)  Capacity:     8192M (100%)       8192M (100%)       8192M (100%)       8192M (100%)       8192M (100%)       8192M (100%)   
[17.759s][info][gc,heap     ] GC(58)      Free:     2846M (35%)        2840M (35%)        2840M (35%)        2840M (35%)        2846M (35%)        2836M (35%)    
[17.759s][info][gc,heap     ] GC(58)      Used:     5346M (65%)        5352M (65%)        5352M (65%)        5352M (65%)        5356M (65%)        5346M (65%)    
[17.759s][info][gc,heap     ] GC(58)      Live:         -              4855M (59%)        4855M (59%)        4855M (59%)            -                  -          
[17.759s][info][gc,heap     ] GC(58) Allocated:         -                 6M (0%)            6M (0%)            6M (0%)             -                  -          
[17.759s][info][gc,heap     ] GC(58)   Garbage:         -               490M (6%)          490M (6%)          490M (6%)             -                  -          
[17.759s][info][gc,heap     ] GC(58) Reclaimed:         -                  -                 0M (0%)            0M (0%)             -                  -          
[17.759s][info][gc          ] GC(58) Garbage Collection (Timer) 5346M(65%)->5352M(65%)
[18.026s][info][gc,start    ] GC(59) Garbage Collection (Timer)
[18.026s][info][gc,task     ] GC(59) Using 3 workers
[18.026s][info][gc,phases   ] GC(59) Pause Mark Start 0.006ms
[18.059s][info][gc,phases   ] GC(59) Concurrent Mark 32.661ms
[18.059s][info][gc,phases   ] GC(59) Pause Mark End 0.009ms
[18.059s][info][gc,phases   ] GC(59) Concurrent Mark Free 0.001ms
[18.060s][info][gc,phases   ] GC(59) Concurrent Process Non-Strong References 0.846ms
[18.060s][info][gc,phases   ] GC(59) Concurrent Reset Relocation Set 0.001ms
[18.062s][info][gc,phases   ] GC(59) Concurrent Select Relocation Set 2.292ms
[18.062s][info][gc,phases   ] GC(59) Pause Relocate Start 0.004ms
[18.064s][info][gc,phases   ] GC(59) Concurrent Relocate 1.426ms
[18.064s][info][gc,load     ] GC(59) Load: 0.00/0.00/0.00
[18.064s][info][gc,mmu      ] GC(59) MMU: 2ms/99.2%, 5ms/99.6%, 10ms/99.8%, 20ms/99.9%, 50ms/99.9%, 100ms/100.0%
[18.064s][info][gc,marking  ] GC(59) Mark: 2 stripe(s), 2 proactive flush(es), 1 terminate flush(es), 0 completion(s), 0 continuation(s) 
[18.064s][info][gc,marking  ] GC(59) Mark Stack Usage: 32M
[18.064s][info][gc,nmethod  ] GC(59) NMethods: 486 registered, 0 unregistered
[18.064s][info][gc,metaspace] GC(59) Metaspace: 1M used, 1M committed, 1088M reserved
[18.064s][info][gc,ref      ] GC(59) Soft: 181 encountered, 0 discovered, 0 enqueued
[18.064s][info][gc,ref      ] GC(59) Weak: 263 encountered, 103 discovered, 0 enqueued
[18.064s][info][gc,ref      ] GC(59) Final: 0 encountered, 0 discovered, 0 enqueued
[18.064s][info][gc,ref      ] GC(59) Phantom: 7 encountered, 1 discovered, 0 enqueued
[18.064s][info][gc,reloc    ] GC(59) Small Pages: 2687 / 5374M, Empty: 0M, Relocated: 3M, In-Place: 0
[18.064s][info][gc,reloc    ] GC(59) Medium Pages: 1 / 32M, Empty: 0M, Relocated: 0M, In-Place: 0
[18.064s][info][gc,reloc    ] GC(59) Large Pages: 0 / 0M, Empty: 0M, Relocated: 0M, In-Place: 0
[18.064s][info][gc,reloc    ] GC(59) Forwarding Usage: 0M
[18.064s][info][gc,heap     ] GC(59) Min Capacity: 8192M(100%)
[18.064s][info][gc,heap     ] GC(59) Max Capacity: 8192M(100%)
[18.064s][info][gc,heap     ] GC(59) Soft Max Capacity: 8192M(100%)
[18.064s][info][gc,heap     ] GC(59)                Mark Start          Mark End        Relocate Start      Relocate End           High               Low         
[18.064s][info][gc,heap     ] GC(59)  Capacity:     8192M (100%)       8192M (100%)       8192M (100%)       8192M (100%)       8192M (100%)       8192M (100%)   
[18.064s][info][gc,heap     ] GC(59)      Free:     2786M (34%)        2780M (34%)        2780M (34%)        2782M (34%)        2786M (34%)        2774M (34%)    
[18.064s][info][gc,heap     ] GC(59)      Used:     5406M (66%)        5412M (66%)        5412M (66%)        5410M (66%)        5418M (66%)        5406M (66%)    
[18.064s][info][gc,heap     ] GC(59)      Live:         -              4909M (60%)        4909M (60%)        4909M (60%)            -                  -          
[18.064s][info][gc,heap     ] GC(59) Allocated:         -                 6M (0%)            6M (0%)            6M (0%)             -                  -          
[18.064s][info][gc,heap     ] GC(59)   Garbage:         -               496M (6%)          496M (6%)          494M (6%)             -                  -          
[18.064s][info][gc,heap     ] GC(59) Reclaimed:         -                  -                 0M (0%)            2M (0%)             -                  -          
[18.065s][info][gc          ] GC(59) Garbage Collection (Timer) 5406M(66%)->5410M(66%)
[18.325s][info][gc,start    ] GC(60) Garbage Collection (Timer)
[18.325s][info][gc,task     ] GC(60) Using 3 workers
[18.325s][info][gc,phases   ] GC(60) Pause Mark Start 0.005ms
[18.355s][info][gc,phases   ] GC(60) Concurrent Mark 29.659ms
[18.355s][info][gc,phases   ] GC(60) Pause Mark End 0.010ms
[18.355s][info][gc,phases   ] GC(60) Concurrent Mark Free 0.001ms
[18.356s][info][gc,phases   ] GC(60) Concurrent Process Non-Strong References 0.679ms
[18.356s][info][gc,phases   ] GC(60) Concurrent Reset Relocation Set 0.001ms
[18.358s][info][gc,phases   ] GC(60) Concurrent Select Relocation Set 2.276ms
[18.358s][info][gc,phases   ] GC(60) Pause Relocate Start 0.006ms
[18.359s][info][gc,phases   ] GC(60) Concurrent Relocate 0.635ms
[18.359s][info][gc,load     ] GC(60) Load: 0.00/0.00/0.00
[18.359s][info][gc,mmu      ] GC(60) MMU: 2ms/99.2%, 5ms/99.6%, 10ms/99.8%, 20ms/99.9%, 50ms/99.9%, 100ms/100.0%
[18.359s][info][gc,marking  ] GC(60) Mark: 2 stripe(s), 2 proactive flush(es), 1 terminate flush(es), 0 completion(s), 0 continuation(s) 
[18.359s][info][gc,marking  ] GC(60) Mark Stack Usage: 32M
[18.359s][info][gc,nmethod  ] GC(60) NMethods: 486 registered, 0 unregistered
[18.359s][info][gc,metaspace] GC(60) Metaspace: 1M used, 1M committed, 1088M reserved
[18.359s][info][gc,ref      ] GC(60) Soft: 181 encountered, 0 discovered, 0 enqueued
[18.359s][info][gc,ref      ] GC(60) Weak: 263 encountered, 101 discovered, 0 enqueued
[18.359s][info][gc,ref      ] GC(60) Final: 0 encountered, 0 discovered, 0 enqueued
[18.359s][info][gc,ref      ] GC(60) Phantom: 7 encountered, 4 discovered, 0 enqueued
[18.359s][info][gc,reloc    ] GC(60) Small Pages: 2709 / 5418M, Empty: 0M, Relocated: 1M, In-Place: 0
[18.359s][info][gc,reloc    ] GC(60) Medium Pages: 1 / 32M, Empty: 0M, Relocated: 0M, In-Place: 0
[18.360s][info][gc,reloc    ] GC(60) Large Pages: 0 / 0M, Empty: 0M, Relocated: 0M, In-Place: 0
[18.360s][info][gc,reloc    ] GC(60) Forwarding Usage: 0M
[18.360s][info][gc,heap     ] GC(60) Min Capacity: 8192M(100%)
[18.360s][info][gc,heap     ] GC(60) Max Capacity: 8192M(100%)
[18.360s][info][gc,heap     ] GC(60) Soft Max Capacity: 8192M(100%)
[18.360s][info][gc,heap     ] GC(60)                Mark Start          Mark End        Relocate Start      Relocate End           High               Low         
[18.360s][info][gc,heap     ] GC(60)  Capacity:     8192M (100%)       8192M (100%)       8192M (100%)       8192M (100%)       8192M (100%)       8192M (100%)   
[18.360s][info][gc,heap     ] GC(60)      Free:     2742M (33%)        2738M (33%)        2736M (33%)        2736M (33%)        2742M (33%)        2732M (33%)    
[18.360s][info][gc,heap     ] GC(60)      Used:     5450M (67%)        5454M (67%)        5456M (67%)        5456M (67%)        5460M (67%)        5450M (67%)    
[18.360s][info][gc,heap     ] GC(60)      Live:         -              4949M (60%)        4949M (60%)        4949M (60%)            -                  -          
[18.360s][info][gc,heap     ] GC(60) Allocated:         -                 4M (0%)            6M (0%)            6M (0%)             -                  -          
[18.360s][info][gc,heap     ] GC(60)   Garbage:         -               500M (6%)          500M (6%)          500M (6%)             -                  -          
[18.360s][info][gc,heap     ] GC(60) Reclaimed:         -                  -                 0M (0%)            0M (0%)             -                  -          
[18.360s][info][gc          ] GC(60) Garbage Collection (Timer) 5450M(67%)->5456M(67%)
[18.625s][info][gc,start    ] GC(61) Garbage Collection (Timer)
[18.625s][info][gc,task     ] GC(61) Using 3 workers
[18.625s][info][gc,phases   ] GC(61) Pause Mark Start 0.006ms
[18.654s][info][gc,phases   ] GC(61) Concurrent Mark 28.581ms
[18.654s][info][gc,phases   ] GC(61) Pause Mark End 0.009ms
[18.654s][info][gc,phases   ] GC(61) Concurrent Mark Free 0.001ms
[18.655s][info][gc,phases   ] GC(61) Concurrent Process Non-Strong References 0.819ms
[18.655s][info][gc,phases   ] GC(61) Concurrent Reset Relocation Set 0.001ms
[18.658s][info][gc,phases   ] GC(61) Concurrent Select Relocation Set 2.265ms
[18.658s][info][gc,phases   ] GC(61) Pause Relocate Start 0.004ms
[18.659s][info][gc,phases   ] GC(61) Concurrent Relocate 1.436ms
[18.659s][info][gc,load     ] GC(61) Load: 0.00/0.00/0.00
[18.659s][info][gc,mmu      ] GC(61) MMU: 2ms/99.2%, 5ms/99.6%, 10ms/99.8%, 20ms/99.9%, 50ms/99.9%, 100ms/100.0%
[18.659s][info][gc,marking  ] GC(61) Mark: 2 stripe(s), 2 proactive flush(es), 1 terminate flush(es), 0 completion(s), 0 continuation(s) 
[18.659s][info][gc,marking  ] GC(61) Mark Stack Usage: 32M
[18.659s][info][gc,nmethod  ] GC(61) NMethods: 486 registered, 0 unregistered
[18.659s][info][gc,metaspace] GC(61) Metaspace: 1M used, 1M committed, 1088M reserved
[18.659s][info][gc,ref      ] GC(61) Soft: 181 encountered, 0 discovered, 0 enqueued
[18.659s][info][gc,ref      ] GC(61) Weak: 263 encountered, 102 discovered, 0 enqueued
[18.659s][info][gc,ref      ] GC(61) Final: 0 encountered, 0 discovered, 0 enqueued
[18.660s][info][gc,ref      ] GC(61) Phantom: 7 encountered, 1 discovered, 0 enqueued
[18.660s][info][gc,reloc    ] GC(61) Small Pages: 2738 / 5476M, Empty: 0M, Relocated: 3M, In-Place: 0
[18.660s][info][gc,reloc    ] GC(61) Medium Pages: 1 / 32M, Empty: 0M, Relocated: 0M, In-Place: 0
[18.660s][info][gc,reloc    ] GC(61) Large Pages: 0 / 0M, Empty: 0M, Relocated: 0M, In-Place: 0
[18.660s][info][gc,reloc    ] GC(61) Forwarding Usage: 0M
[18.660s][info][gc,heap     ] GC(61) Min Capacity: 8192M(100%)
[18.660s][info][gc,heap     ] GC(61) Max Capacity: 8192M(100%)
[18.660s][info][gc,heap     ] GC(61) Soft Max Capacity: 8192M(100%)
[18.660s][info][gc,heap     ] GC(61)                Mark Start          Mark End        Relocate Start      Relocate End           High               Low         
[18.660s][info][gc,heap     ] GC(61)  Capacity:     8192M (100%)       8192M (100%)       8192M (100%)       8192M (100%)       8192M (100%)       8192M (100%)   
[18.660s][info][gc,heap     ] GC(61)      Free:     2684M (33%)        2682M (33%)        2682M (33%)        2684M (33%)        2684M (33%)        2676M (33%)    
[18.660s][info][gc,heap     ] GC(61)      Used:     5508M (67%)        5510M (67%)        5510M (67%)        5508M (67%)        5516M (67%)        5508M (67%)    
[18.660s][info][gc,heap     ] GC(61)      Live:         -              5002M (61%)        5002M (61%)        5002M (61%)            -                  -          
[18.660s][info][gc,heap     ] GC(61) Allocated:         -                 2M (0%)            2M (0%)            2M (0%)             -                  -          
[18.660s][info][gc,heap     ] GC(61)   Garbage:         -               505M (6%)          505M (6%)          503M (6%)             -                  -          
[18.660s][info][gc,heap     ] GC(61) Reclaimed:         -                  -                 0M (0%)            2M (0%)             -                  -          
[18.660s][info][gc          ] GC(61) Garbage Collection (Timer) 5508M(67%)->5508M(67%)
[18.926s][info][gc,start    ] GC(62) Garbage Collection (Timer)
[18.926s][info][gc,task     ] GC(62) Using 3 workers
[18.926s][info][gc,phases   ] GC(62) Pause Mark Start 0.006ms
[18.957s][info][gc,phases   ] GC(62) Concurrent Mark 31.580ms
[18.958s][info][gc,phases   ] GC(62) Pause Mark End 0.009ms
[18.958s][info][gc,phases   ] GC(62) Concurrent Mark Free 0.001ms
[18.959s][info][gc,phases   ] GC(62) Concurrent Process Non-Strong References 0.814ms
[18.959s][info][gc,phases   ] GC(62) Concurrent Reset Relocation Set 0.001ms
[18.961s][info][gc,phases   ] GC(62) Concurrent Select Relocation Set 2.360ms
[18.961s][info][gc,phases   ] GC(62) Pause Relocate Start 0.005ms
[18.962s][info][gc,phases   ] GC(62) Concurrent Relocate 0.697ms
[18.962s][info][gc,load     ] GC(62) Load: 0.00/0.00/0.00
[18.962s][info][gc,mmu      ] GC(62) MMU: 2ms/99.2%, 5ms/99.6%, 10ms/99.8%, 20ms/99.9%, 50ms/99.9%, 100ms/100.0%
[18.962s][info][gc,marking  ] GC(62) Mark: 2 stripe(s), 2 proactive flush(es), 1 terminate flush(es), 0 completion(s), 0 continuation(s) 
[18.962s][info][gc,marking  ] GC(62) Mark Stack Usage: 32M
[18.962s][info][gc,nmethod  ] GC(62) NMethods: 486 registered, 0 unregistered
[18.962s][info][gc,metaspace] GC(62) Metaspace: 1M used, 1M committed, 1088M reserved
[18.962s][info][gc,ref      ] GC(62) Soft: 181 encountered, 0 discovered, 0 enqueued
[18.962s][info][gc,ref      ] GC(62) Weak: 263 encountered, 103 discovered, 0 enqueued
[18.962s][info][gc,ref      ] GC(62) Final: 0 encountered, 0 discovered, 0 enqueued
[18.962s][info][gc,ref      ] GC(62) Phantom: 7 encountered, 1 discovered, 0 enqueued
[18.962s][info][gc,reloc    ] GC(62) Small Pages: 2759 / 5518M, Empty: 0M, Relocated: 1M, In-Place: 0
[18.962s][info][gc,reloc    ] GC(62) Medium Pages: 1 / 32M, Empty: 0M, Relocated: 0M, In-Place: 0
[18.962s][info][gc,reloc    ] GC(62) Large Pages: 0 / 0M, Empty: 0M, Relocated: 0M, In-Place: 0
[18.962s][info][gc,reloc    ] GC(62) Forwarding Usage: 0M
[18.962s][info][gc,heap     ] GC(62) Min Capacity: 8192M(100%)
[18.962s][info][gc,heap     ] GC(62) Max Capacity: 8192M(100%)
[18.962s][info][gc,heap     ] GC(62) Soft Max Capacity: 8192M(100%)
[18.962s][info][gc,heap     ] GC(62)                Mark Start          Mark End        Relocate Start      Relocate End           High               Low         
[18.962s][info][gc,heap     ] GC(62)  Capacity:     8192M (100%)       8192M (100%)       8192M (100%)       8192M (100%)       8192M (100%)       8192M (100%)   
[18.963s][info][gc,heap     ] GC(62)      Free:     2642M (32%)        2638M (32%)        2638M (32%)        2638M (32%)        2642M (32%)        2634M (32%)    
[18.963s][info][gc,heap     ] GC(62)      Used:     5550M (68%)        5554M (68%)        5554M (68%)        5554M (68%)        5558M (68%)        5550M (68%)    
[18.963s][info][gc,heap     ] GC(62)      Live:         -              5040M (62%)        5040M (62%)        5040M (62%)            -                  -          
[18.963s][info][gc,heap     ] GC(62) Allocated:         -                 4M (0%)            4M (0%)            4M (0%)             -                  -          
[18.963s][info][gc,heap     ] GC(62)   Garbage:         -               509M (6%)          509M (6%)          509M (6%)             -                  -          
[18.963s][info][gc,heap     ] GC(62) Reclaimed:         -                  -                 0M (0%)            0M (0%)             -                  -          
[18.963s][info][gc          ] GC(62) Garbage Collection (Timer) 5550M(68%)->5554M(68%)
[19.226s][info][gc,start    ] GC(63) Garbage Collection (Timer)
[19.226s][info][gc,task     ] GC(63) Using 3 workers
[19.226s][info][gc,phases   ] GC(63) Pause Mark Start 0.006ms
[19.259s][info][gc,phases   ] GC(63) Concurrent Mark 32.615ms
[19.259s][info][gc,phases   ] GC(63) Pause Mark End 0.009ms
[19.259s][info][gc,phases   ] GC(63) Concurrent Mark Free 0.001ms
[19.259s][info][gc,phases   ] GC(63) Concurrent Process Non-Strong References 0.527ms
[19.259s][info][gc,phases   ] GC(63) Concurrent Reset Relocation Set 0.001ms
[19.262s][info][gc,phases   ] GC(63) Concurrent Select Relocation Set 2.209ms
[19.262s][info][gc,phases   ] GC(63) Pause Relocate Start 0.005ms
[19.262s][info][gc,phases   ] GC(63) Concurrent Relocate 0.619ms
[19.263s][info][gc,load     ] GC(63) Load: 0.00/0.00/0.00
[19.263s][info][gc,mmu      ] GC(63) MMU: 2ms/99.2%, 5ms/99.6%, 10ms/99.8%, 20ms/99.9%, 50ms/99.9%, 100ms/100.0%
[19.263s][info][gc,marking  ] GC(63) Mark: 2 stripe(s), 2 proactive flush(es), 1 terminate flush(es), 0 completion(s), 0 continuation(s) 
[19.263s][info][gc,marking  ] GC(63) Mark Stack Usage: 32M
[19.263s][info][gc,nmethod  ] GC(63) NMethods: 486 registered, 0 unregistered
[19.263s][info][gc,metaspace] GC(63) Metaspace: 1M used, 1M committed, 1088M reserved
[19.263s][info][gc,ref      ] GC(63) Soft: 181 encountered, 0 discovered, 0 enqueued
[19.263s][info][gc,ref      ] GC(63) Weak: 263 encountered, 107 discovered, 0 enqueued
[19.263s][info][gc,ref      ] GC(63) Final: 0 encountered, 0 discovered, 0 enqueued
[19.263s][info][gc,ref      ] GC(63) Phantom: 7 encountered, 1 discovered, 0 enqueued
[19.263s][info][gc,reloc    ] GC(63) Small Pages: 2787 / 5574M, Empty: 0M, Relocated: 1M, In-Place: 0
[19.263s][info][gc,reloc    ] GC(63) Medium Pages: 1 / 32M, Empty: 0M, Relocated: 0M, In-Place: 0
[19.263s][info][gc,reloc    ] GC(63) Large Pages: 0 / 0M, Empty: 0M, Relocated: 0M, In-Place: 0
[19.263s][info][gc,reloc    ] GC(63) Forwarding Usage: 0M
[19.263s][info][gc,heap     ] GC(63) Min Capacity: 8192M(100%)
[19.263s][info][gc,heap     ] GC(63) Max Capacity: 8192M(100%)
[19.263s][info][gc,heap     ] GC(63) Soft Max Capacity: 8192M(100%)
[19.263s][info][gc,heap     ] GC(63)                Mark Start          Mark End        Relocate Start      Relocate End           High               Low         
[19.263s][info][gc,heap     ] GC(63)  Capacity:     8192M (100%)       8192M (100%)       8192M (100%)       8192M (100%)       8192M (100%)       8192M (100%)   
[19.263s][info][gc,heap     ] GC(63)      Free:     2586M (32%)        2584M (32%)        2584M (32%)        2584M (32%)        2586M (32%)        2578M (31%)    
[19.263s][info][gc,heap     ] GC(63)      Used:     5606M (68%)        5608M (68%)        5608M (68%)        5608M (68%)        5614M (69%)        5606M (68%)    
[19.263s][info][gc,heap     ] GC(63)      Live:         -              5090M (62%)        5090M (62%)        5090M (62%)            -                  -          
[19.263s][info][gc,heap     ] GC(63) Allocated:         -                 2M (0%)            2M (0%)            2M (0%)             -                  -          
[19.263s][info][gc,heap     ] GC(63)   Garbage:         -               515M (6%)          515M (6%)          515M (6%)             -                  -          
[19.263s][info][gc,heap     ] GC(63) Reclaimed:         -                  -                 0M (0%)            0M (0%)             -                  -          
[19.263s][info][gc          ] GC(63) Garbage Collection (Timer) 5606M(68%)->5608M(68%)
[19.525s][info][gc,start    ] GC(64) Garbage Collection (Timer)
[19.525s][info][gc,task     ] GC(64) Using 3 workers
[19.525s][info][gc,phases   ] GC(64) Pause Mark Start 0.006ms
[19.557s][info][gc,phases   ] GC(64) Concurrent Mark 31.662ms
[19.557s][info][gc,phases   ] GC(64) Pause Mark End 0.009ms
[19.557s][info][gc,phases   ] GC(64) Concurrent Mark Free 0.001ms
[19.558s][info][gc,phases   ] GC(64) Concurrent Process Non-Strong References 0.738ms
[19.558s][info][gc,phases   ] GC(64) Concurrent Reset Relocation Set 0.001ms
[19.560s][info][gc,phases   ] GC(64) Concurrent Select Relocation Set 2.256ms
[19.560s][info][gc,phases   ] GC(64) Pause Relocate Start 0.005ms
[19.561s][info][gc,phases   ] GC(64) Concurrent Relocate 0.681ms
[19.561s][info][gc,load     ] GC(64) Load: 0.00/0.00/0.00
[19.561s][info][gc,mmu      ] GC(64) MMU: 2ms/99.2%, 5ms/99.6%, 10ms/99.8%, 20ms/99.9%, 50ms/99.9%, 100ms/100.0%
[19.561s][info][gc,marking  ] GC(64) Mark: 2 stripe(s), 2 proactive flush(es), 1 terminate flush(es), 0 completion(s), 0 continuation(s) 
[19.561s][info][gc,marking  ] GC(64) Mark Stack Usage: 32M
[19.561s][info][gc,nmethod  ] GC(64) NMethods: 486 registered, 0 unregistered
[19.561s][info][gc,metaspace] GC(64) Metaspace: 1M used, 1M committed, 1088M reserved
[19.561s][info][gc,ref      ] GC(64) Soft: 181 encountered, 0 discovered, 0 enqueued
[19.561s][info][gc,ref      ] GC(64) Weak: 263 encountered, 96 discovered, 0 enqueued
[19.561s][info][gc,ref      ] GC(64) Final: 0 encountered, 0 discovered, 0 enqueued
[19.561s][info][gc,ref      ] GC(64) Phantom: 7 encountered, 2 discovered, 0 enqueued
[19.561s][info][gc,reloc    ] GC(64) Small Pages: 2820 / 5640M, Empty: 0M, Relocated: 1M, In-Place: 0
[19.561s][info][gc,reloc    ] GC(64) Medium Pages: 1 / 32M, Empty: 0M, Relocated: 0M, In-Place: 0
[19.561s][info][gc,reloc    ] GC(64) Large Pages: 0 / 0M, Empty: 0M, Relocated: 0M, In-Place: 0
[19.561s][info][gc,reloc    ] GC(64) Forwarding Usage: 0M
[19.561s][info][gc,heap     ] GC(64) Min Capacity: 8192M(100%)
[19.561s][info][gc,heap     ] GC(64) Max Capacity: 8192M(100%)
[19.561s][info][gc,heap     ] GC(64) Soft Max Capacity: 8192M(100%)
[19.562s][info][gc,heap     ] GC(64)                Mark Start          Mark End        Relocate Start      Relocate End           High               Low         
[19.562s][info][gc,heap     ] GC(64)  Capacity:     8192M (100%)       8192M (100%)       8192M (100%)       8192M (100%)       8192M (100%)       8192M (100%)   
[19.562s][info][gc,heap     ] GC(64)      Free:     2520M (31%)        2518M (31%)        2516M (31%)        2518M (31%)        2520M (31%)        2510M (31%)    
[19.562s][info][gc,heap     ] GC(64)      Used:     5672M (69%)        5674M (69%)        5676M (69%)        5674M (69%)        5682M (69%)        5672M (69%)    
[19.562s][info][gc,heap     ] GC(64)      Live:         -              5149M (63%)        5149M (63%)        5149M (63%)            -                  -          
[19.562s][info][gc,heap     ] GC(64) Allocated:         -                 2M (0%)            4M (0%)            4M (0%)             -                  -          
[19.562s][info][gc,heap     ] GC(64)   Garbage:         -               522M (6%)          522M (6%)          520M (6%)             -                  -          
[19.562s][info][gc,heap     ] GC(64) Reclaimed:         -                  -                 0M (0%)            2M (0%)             -                  -          
[19.562s][info][gc          ] GC(64) Garbage Collection (Timer) 5672M(69%)->5674M(69%)
[19.825s][info][gc,start    ] GC(65) Garbage Collection (Timer)
[19.825s][info][gc,task     ] GC(65) Using 3 workers
[19.825s][info][gc,phases   ] GC(65) Pause Mark Start 0.006ms
[19.857s][info][gc,phases   ] GC(65) Concurrent Mark 31.566ms
[19.857s][info][gc,phases   ] GC(65) Pause Mark End 0.009ms
[19.857s][info][gc,phases   ] GC(65) Concurrent Mark Free 0.001ms
[19.858s][info][gc,phases   ] GC(65) Concurrent Process Non-Strong References 0.750ms
[19.858s][info][gc,phases   ] GC(65) Concurrent Reset Relocation Set 0.001ms
[19.860s][info][gc,phases   ] GC(65) Concurrent Select Relocation Set 2.339ms
[19.861s][info][gc,phases   ] GC(65) Pause Relocate Start 0.004ms
[19.861s][info][gc,phases   ] GC(65) Concurrent Relocate 0.817ms
[19.862s][info][gc,load     ] GC(65) Load: 0.00/0.00/0.00
[19.862s][info][gc,mmu      ] GC(65) MMU: 2ms/99.2%, 5ms/99.6%, 10ms/99.8%, 20ms/99.9%, 50ms/99.9%, 100ms/100.0%
[19.862s][info][gc,marking  ] GC(65) Mark: 2 stripe(s), 2 proactive flush(es), 1 terminate flush(es), 0 completion(s), 0 continuation(s) 
[19.862s][info][gc,marking  ] GC(65) Mark Stack Usage: 32M
[19.862s][info][gc,nmethod  ] GC(65) NMethods: 486 registered, 0 unregistered
[19.862s][info][gc,metaspace] GC(65) Metaspace: 1M used, 1M committed, 1088M reserved
[19.862s][info][gc,ref      ] GC(65) Soft: 181 encountered, 0 discovered, 0 enqueued
[19.862s][info][gc,ref      ] GC(65) Weak: 263 encountered, 101 discovered, 0 enqueued
[19.862s][info][gc,ref      ] GC(65) Final: 0 encountered, 0 discovered, 0 enqueued
[19.862s][info][gc,ref      ] GC(65) Phantom: 7 encountered, 2 discovered, 0 enqueued
[19.862s][info][gc,reloc    ] GC(65) Small Pages: 2846 / 5692M, Empty: 0M, Relocated: 1M, In-Place: 0
[19.862s][info][gc,reloc    ] GC(65) Medium Pages: 1 / 32M, Empty: 0M, Relocated: 0M, In-Place: 0
[19.862s][info][gc,reloc    ] GC(65) Large Pages: 0 / 0M, Empty: 0M, Relocated: 0M, In-Place: 0
[19.862s][info][gc,reloc    ] GC(65) Forwarding Usage: 0M
[19.862s][info][gc,heap     ] GC(65) Min Capacity: 8192M(100%)
[19.862s][info][gc,heap     ] GC(65) Max Capacity: 8192M(100%)
[19.862s][info][gc,heap     ] GC(65) Soft Max Capacity: 8192M(100%)
[19.862s][info][gc,heap     ] GC(65)                Mark Start          Mark End        Relocate Start      Relocate End           High               Low         
[19.862s][info][gc,heap     ] GC(65)  Capacity:     8192M (100%)       8192M (100%)       8192M (100%)       8192M (100%)       8192M (100%)       8192M (100%)   
[19.862s][info][gc,heap     ] GC(65)      Free:     2468M (30%)        2464M (30%)        2464M (30%)        2464M (30%)        2468M (30%)        2458M (30%)    
[19.862s][info][gc,heap     ] GC(65)      Used:     5724M (70%)        5728M (70%)        5728M (70%)        5728M (70%)        5734M (70%)        5724M (70%)    
[19.862s][info][gc,heap     ] GC(65)      Live:         -              5197M (63%)        5197M (63%)        5197M (63%)            -                  -          
[19.862s][info][gc,heap     ] GC(65) Allocated:         -                 4M (0%)            4M (0%)            4M (0%)             -                  -          
[19.862s][info][gc,heap     ] GC(65)   Garbage:         -               526M (6%)          526M (6%)          526M (6%)             -                  -          
[19.862s][info][gc,heap     ] GC(65) Reclaimed:         -                  -                 0M (0%)            0M (0%)             -                  -          
[19.862s][info][gc          ] GC(65) Garbage Collection (Timer) 5724M(70%)->5728M(70%)
[20.125s][info][gc,start    ] GC(66) Garbage Collection (Timer)
[20.125s][info][gc,task     ] GC(66) Using 3 workers
[20.125s][info][gc,phases   ] GC(66) Pause Mark Start 0.006ms
[20.155s][info][gc,phases   ] GC(66) Concurrent Mark 29.710ms
[20.155s][info][gc,phases   ] GC(66) Pause Mark End 0.009ms
[20.155s][info][gc,phases   ] GC(66) Concurrent Mark Free 0.001ms
[20.156s][info][gc,phases   ] GC(66) Concurrent Process Non-Strong References 0.653ms
[20.156s][info][gc,phases   ] GC(66) Concurrent Reset Relocation Set 0.001ms
[20.159s][info][gc,phases   ] GC(66) Concurrent Select Relocation Set 2.306ms
[20.159s][info][gc,phases   ] GC(66) Pause Relocate Start 0.004ms
[20.160s][info][gc,phases   ] GC(66) Concurrent Relocate 1.318ms
[20.160s][info][gc,load     ] GC(66) Load: 0.00/0.00/0.00
[20.160s][info][gc,mmu      ] GC(66) MMU: 2ms/99.2%, 5ms/99.6%, 10ms/99.8%, 20ms/99.9%, 50ms/99.9%, 100ms/100.0%
[20.160s][info][gc,marking  ] GC(66) Mark: 2 stripe(s), 2 proactive flush(es), 1 terminate flush(es), 0 completion(s), 0 continuation(s) 
[20.160s][info][gc,marking  ] GC(66) Mark Stack Usage: 32M
[20.160s][info][gc,nmethod  ] GC(66) NMethods: 486 registered, 0 unregistered
[20.160s][info][gc,metaspace] GC(66) Metaspace: 1M used, 1M committed, 1088M reserved
[20.160s][info][gc,ref      ] GC(66) Soft: 181 encountered, 0 discovered, 0 enqueued
[20.160s][info][gc,ref      ] GC(66) Weak: 263 encountered, 115 discovered, 0 enqueued
[20.160s][info][gc,ref      ] GC(66) Final: 0 encountered, 0 discovered, 0 enqueued
[20.160s][info][gc,ref      ] GC(66) Phantom: 7 encountered, 2 discovered, 0 enqueued
[20.160s][info][gc,reloc    ] GC(66) Small Pages: 2873 / 5746M, Empty: 0M, Relocated: 3M, In-Place: 0
[20.160s][info][gc,reloc    ] GC(66) Medium Pages: 1 / 32M, Empty: 0M, Relocated: 0M, In-Place: 0
[20.160s][info][gc,reloc    ] GC(66) Large Pages: 0 / 0M, Empty: 0M, Relocated: 0M, In-Place: 0
[20.160s][info][gc,reloc    ] GC(66) Forwarding Usage: 0M
[20.160s][info][gc,heap     ] GC(66) Min Capacity: 8192M(100%)
[20.161s][info][gc,heap     ] GC(66) Max Capacity: 8192M(100%)
[20.161s][info][gc,heap     ] GC(66) Soft Max Capacity: 8192M(100%)
[20.161s][info][gc,heap     ] GC(66)                Mark Start          Mark End        Relocate Start      Relocate End           High               Low         
[20.161s][info][gc,heap     ] GC(66)  Capacity:     8192M (100%)       8192M (100%)       8192M (100%)       8192M (100%)       8192M (100%)       8192M (100%)   
[20.161s][info][gc,heap     ] GC(66)      Free:     2414M (29%)        2412M (29%)        2412M (29%)        2416M (29%)        2416M (29%)        2406M (29%)    
[20.161s][info][gc,heap     ] GC(66)      Used:     5778M (71%)        5780M (71%)        5780M (71%)        5776M (71%)        5786M (71%)        5776M (71%)    
[20.161s][info][gc,heap     ] GC(66)      Live:         -              5246M (64%)        5246M (64%)        5246M (64%)            -                  -          
[20.161s][info][gc,heap     ] GC(66) Allocated:         -                 2M (0%)            2M (0%)            1M (0%)             -                  -          
[20.161s][info][gc,heap     ] GC(66)   Garbage:         -               531M (6%)          531M (6%)          527M (6%)             -                  -          
[20.161s][info][gc,heap     ] GC(66) Reclaimed:         -                  -                 0M (0%)            3M (0%)             -                  -          
[20.161s][info][gc          ] GC(66) Garbage Collection (Timer) 5778M(71%)->5776M(71%)
[20.426s][info][gc,start    ] GC(67) Garbage Collection (Timer)
[20.426s][info][gc,task     ] GC(67) Using 3 workers
[20.426s][info][gc,phases   ] GC(67) Pause Mark Start 0.006ms
[20.458s][info][gc,phases   ] GC(67) Concurrent Mark 31.581ms
[20.458s][info][gc,phases   ] GC(67) Pause Mark End 0.009ms
[20.458s][info][gc,phases   ] GC(67) Concurrent Mark Free 0.001ms
[20.459s][info][gc,phases   ] GC(67) Concurrent Process Non-Strong References 0.825ms
[20.459s][info][gc,phases   ] GC(67) Concurrent Reset Relocation Set 0.002ms
[20.461s][info][gc,phases   ] GC(67) Concurrent Select Relocation Set 2.344ms
[20.461s][info][gc,phases   ] GC(67) Pause Relocate Start 0.005ms
[20.463s][info][gc,phases   ] GC(67) Concurrent Relocate 1.360ms
[20.463s][info][gc,load     ] GC(67) Load: 0.00/0.00/0.00
[20.463s][info][gc,mmu      ] GC(67) MMU: 2ms/99.2%, 5ms/99.6%, 10ms/99.8%, 20ms/99.9%, 50ms/99.9%, 100ms/100.0%
[20.463s][info][gc,marking  ] GC(67) Mark: 2 stripe(s), 2 proactive flush(es), 1 terminate flush(es), 0 completion(s), 0 continuation(s) 
[20.463s][info][gc,marking  ] GC(67) Mark Stack Usage: 32M
[20.463s][info][gc,nmethod  ] GC(67) NMethods: 486 registered, 0 unregistered
[20.463s][info][gc,metaspace] GC(67) Metaspace: 1M used, 1M committed, 1088M reserved
[20.463s][info][gc,ref      ] GC(67) Soft: 181 encountered, 0 discovered, 0 enqueued
[20.463s][info][gc,ref      ] GC(67) Weak: 263 encountered, 103 discovered, 0 enqueued
[20.463s][info][gc,ref      ] GC(67) Final: 0 encountered, 0 discovered, 0 enqueued
[20.463s][info][gc,ref      ] GC(67) Phantom: 7 encountered, 1 discovered, 0 enqueued
[20.463s][info][gc,reloc    ] GC(67) Small Pages: 2900 / 5800M, Empty: 0M, Relocated: 3M, In-Place: 0
[20.463s][info][gc,reloc    ] GC(67) Medium Pages: 1 / 32M, Empty: 0M, Relocated: 0M, In-Place: 0
[20.463s][info][gc,reloc    ] GC(67) Large Pages: 0 / 0M, Empty: 0M, Relocated: 0M, In-Place: 0
[20.463s][info][gc,reloc    ] GC(67) Forwarding Usage: 0M
[20.463s][info][gc,heap     ] GC(67) Min Capacity: 8192M(100%)
[20.463s][info][gc,heap     ] GC(67) Max Capacity: 8192M(100%)
[20.463s][info][gc,heap     ] GC(67) Soft Max Capacity: 8192M(100%)
[20.463s][info][gc,heap     ] GC(67)                Mark Start          Mark End        Relocate Start      Relocate End           High               Low         
[20.463s][info][gc,heap     ] GC(67)  Capacity:     8192M (100%)       8192M (100%)       8192M (100%)       8192M (100%)       8192M (100%)       8192M (100%)   
[20.463s][info][gc,heap     ] GC(67)      Free:     2360M (29%)        2358M (29%)        2358M (29%)        2360M (29%)        2360M (29%)        2352M (29%)    
[20.463s][info][gc,heap     ] GC(67)      Used:     5832M (71%)        5834M (71%)        5834M (71%)        5832M (71%)        5840M (71%)        5832M (71%)    
[20.463s][info][gc,heap     ] GC(67)      Live:         -              5298M (65%)        5298M (65%)        5298M (65%)            -                  -          
[20.463s][info][gc,heap     ] GC(67) Allocated:         -                 2M (0%)            2M (0%)            2M (0%)             -                  -          
[20.463s][info][gc,heap     ] GC(67)   Garbage:         -               533M (7%)          533M (7%)          531M (6%)             -                  -          
[20.464s][info][gc,heap     ] GC(67) Reclaimed:         -                  -                 0M (0%)            2M (0%)             -                  -          
[20.464s][info][gc          ] GC(67) Garbage Collection (Timer) 5832M(71%)->5832M(71%)
[20.525s][info][gc,stats    ] === Garbage Collection Statistics =======================================================================================================================
[20.525s][info][gc,stats    ]                                                              Last 10s              Last 10m              Last 10h                Total
[20.526s][info][gc,stats    ]                                                              Avg / Max             Avg / Max             Avg / Max             Avg / Max
[20.526s][info][gc,stats    ]   Collector: Garbage Collection Cycle                     39.144 / 66.923       34.148 / 66.923       34.148 / 66.923       34.148 / 66.923      ms
[20.526s][info][gc,stats    ]  Contention: Mark Segment Reset Contention                     5 / 23                5 / 23                5 / 23                5 / 23          ops/s
[20.526s][info][gc,stats    ]  Contention: Mark SeqNum Reset Contention                      1 / 3                 1 / 4                 1 / 4                 1 / 4           ops/s
[20.526s][info][gc,stats    ]    Critical: Allocation Stall                                  0 / 0                 0 / 0                 0 / 0                 0 / 0           ops/s
[20.526s][info][gc,stats    ]    Critical: Allocation Stall                              0.000 / 0.000         0.000 / 0.000         0.000 / 0.000         0.000 / 0.000       ms
[20.526s][info][gc,stats    ]    Critical: GC Locker Stall                                   0 / 0                 0 / 0                 0 / 0                 0 / 0           ops/s
[20.526s][info][gc,stats    ]    Critical: GC Locker Stall                               0.000 / 0.000         0.000 / 0.000         0.000 / 0.000         0.000 / 0.000       ms
[20.526s][info][gc,stats    ]    Critical: Relocation Stall                                  0 / 0                 0 / 0                 0 / 0                 0 / 0           ops/s
[20.526s][info][gc,stats    ]    Critical: Relocation Stall                              0.000 / 0.000         0.000 / 0.000         0.000 / 0.000         0.000 / 0.000       ms
[20.526s][info][gc,stats    ]      Memory: Allocation Rate                                 153 / 186             302 / 716             302 / 716             302 / 716         MB/s
[20.526s][info][gc,stats    ]      Memory: Out Of Memory                                     0 / 0                 0 / 0                 0 / 0                 0 / 0           ops/s
[20.526s][info][gc,stats    ]      Memory: Page Cache Flush                                  0 / 0                 0 / 0                 0 / 0                 0 / 0           MB/s
[20.526s][info][gc,stats    ]      Memory: Page Cache Hit L1                                11 / 16               11 / 16               11 / 16               11 / 16          ops/s
[20.526s][info][gc,stats    ]      Memory: Page Cache Hit L2                                 0 / 0                 0 / 0                 0 / 0                 0 / 0           ops/s
[20.526s][info][gc,stats    ]      Memory: Page Cache Hit L3                                73 / 92              145 / 357             145 / 357             145 / 357         ops/s
[20.526s][info][gc,stats    ]      Memory: Page Cache Miss                                   0 / 0                 0 / 1                 0 / 1                 0 / 1           ops/s
[20.526s][info][gc,stats    ]      Memory: Uncommit                                          0 / 0                 0 / 0                 0 / 0                 0 / 0           MB/s
[20.526s][info][gc,stats    ]      Memory: Undo Object Allocation Failed                     0 / 0                 0 / 0                 0 / 0                 0 / 0           ops/s
[20.526s][info][gc,stats    ]      Memory: Undo Object Allocation Succeeded                  0 / 1                 0 / 2                 0 / 2                 0 / 2           ops/s
[20.526s][info][gc,stats    ]      Memory: Undo Page Allocation                              0 / 0                 0 / 0                 0 / 0                 0 / 0           ops/s
[20.526s][info][gc,stats    ]       Phase: Concurrent Mark                              33.592 / 61.347       28.492 / 61.347       28.492 / 61.347       28.492 / 61.347      ms
[20.526s][info][gc,stats    ]       Phase: Concurrent Mark Continue                      0.000 / 0.000         0.000 / 0.000         0.000 / 0.000         0.000 / 0.000       ms
[20.526s][info][gc,stats    ]       Phase: Concurrent Mark Free                          0.001 / 0.001         0.001 / 0.002         0.001 / 0.002         0.001 / 0.002       ms
[20.526s][info][gc,stats    ]       Phase: Concurrent Process Non-Strong References      0.716 / 0.971         0.757 / 1.129         0.757 / 1.129         0.757 / 1.129       ms
[20.526s][info][gc,stats    ]       Phase: Concurrent Relocate                           1.168 / 2.065         1.201 / 2.780         1.201 / 2.780         1.201 / 2.780       ms
[20.526s][info][gc,stats    ]       Phase: Concurrent Reset Relocation Set               0.001 / 0.002         0.001 / 0.002         0.001 / 0.002         0.001 / 0.002       ms
[20.526s][info][gc,stats    ]       Phase: Concurrent Select Relocation Set              2.575 / 4.290         2.610 / 9.145         2.610 / 9.145         2.610 / 9.145       ms
[20.526s][info][gc,stats    ]       Phase: Pause Mark End                                0.010 / 0.016         0.010 / 0.016         0.010 / 0.016         0.010 / 0.016       ms
[20.526s][info][gc,stats    ]       Phase: Pause Mark Start                              0.006 / 0.008         0.006 / 0.008         0.006 / 0.008         0.006 / 0.008       ms
[20.526s][info][gc,stats    ]       Phase: Pause Relocate Start                          0.006 / 0.009         0.006 / 0.009         0.006 / 0.009         0.006 / 0.009       ms
[20.526s][info][gc,stats    ]    Subphase: Concurrent Classes Purge                      0.086 / 0.172         0.092 / 0.172         0.092 / 0.172         0.092 / 0.172       ms
[20.526s][info][gc,stats    ]    Subphase: Concurrent Classes Unlink                     0.265 / 0.316         0.268 / 0.526         0.268 / 0.526         0.268 / 0.526       ms
[20.526s][info][gc,stats    ]    Subphase: Concurrent Mark                              31.484 / 60.778       26.738 / 60.778       26.738 / 60.778       26.738 / 60.778      ms
[20.526s][info][gc,stats    ]    Subphase: Concurrent Mark Try Flush                     0.342 / 22.763        0.424 / 22.763        0.424 / 22.763        0.424 / 22.763      ms
[20.526s][info][gc,stats    ]    Subphase: Concurrent Mark Try Terminate                 2.457 / 19.130        1.871 / 19.130        1.871 / 19.130        1.871 / 19.130      ms
[20.526s][info][gc,stats    ]    Subphase: Concurrent References Enqueue                 0.000 / 0.000         0.000 / 0.004         0.000 / 0.004         0.000 / 0.004       ms
[20.527s][info][gc,stats    ]    Subphase: Concurrent References Process                 0.087 / 0.168         0.091 / 0.168         0.091 / 0.168         0.091 / 0.168       ms
[20.527s][info][gc,stats    ]    Subphase: Concurrent Roots ClassLoaderDataGraph         0.038 / 0.119         0.045 / 0.216         0.045 / 0.216         0.045 / 0.216       ms
[20.527s][info][gc,stats    ]    Subphase: Concurrent Roots CodeCache                    0.000 / 0.000         0.000 / 0.000         0.000 / 0.000         0.000 / 0.000       ms
[20.527s][info][gc,stats    ]    Subphase: Concurrent Roots JavaThreads                  0.172 / 0.715         0.181 / 0.715         0.181 / 0.715         0.181 / 0.715       ms
[20.527s][info][gc,stats    ]    Subphase: Concurrent Roots OopStorageSet                0.007 / 0.013         0.009 / 0.045         0.009 / 0.045         0.009 / 0.045       ms
[20.527s][info][gc,stats    ]    Subphase: Concurrent Weak Roots OopStorageSet           0.093 / 0.138         0.110 / 0.240         0.110 / 0.240         0.110 / 0.240       ms
[20.527s][info][gc,stats    ]    Subphase: Pause Mark Try Complete                       0.000 / 0.000         0.000 / 0.000         0.000 / 0.000         0.000 / 0.000       ms
[20.527s][info][gc,stats    ]      System: Java Threads                                     13 / 13               13 / 14               13 / 14               13 / 14          threads
[20.527s][info][gc,stats    ] =========================================================================================================================================================
[20.725s][info][gc,start    ] GC(68) Garbage Collection (Timer)
[20.725s][info][gc,task     ] GC(68) Using 3 workers
[20.725s][info][gc,phases   ] GC(68) Pause Mark Start 0.006ms
[20.758s][info][gc,phases   ] GC(68) Concurrent Mark 32.580ms
[20.758s][info][gc,phases   ] GC(68) Pause Mark End 0.008ms
[20.758s][info][gc,phases   ] GC(68) Concurrent Mark Free 0.001ms
[20.759s][info][gc,phases   ] GC(68) Concurrent Process Non-Strong References 0.681ms
[20.759s][info][gc,phases   ] GC(68) Concurrent Reset Relocation Set 0.001ms
[20.761s][info][gc,phases   ] GC(68) Concurrent Select Relocation Set 2.194ms
[20.761s][info][gc,phases   ] GC(68) Pause Relocate Start 0.005ms
[20.762s][info][gc,phases   ] GC(68) Concurrent Relocate 1.346ms
[20.762s][info][gc,load     ] GC(68) Load: 0.00/0.00/0.00
[20.763s][info][gc,mmu      ] GC(68) MMU: 2ms/99.2%, 5ms/99.6%, 10ms/99.8%, 20ms/99.9%, 50ms/99.9%, 100ms/100.0%
[20.763s][info][gc,marking  ] GC(68) Mark: 2 stripe(s), 2 proactive flush(es), 1 terminate flush(es), 0 completion(s), 0 continuation(s) 
[20.763s][info][gc,marking  ] GC(68) Mark Stack Usage: 32M
[20.763s][info][gc,nmethod  ] GC(68) NMethods: 486 registered, 0 unregistered
[20.763s][info][gc,metaspace] GC(68) Metaspace: 1M used, 1M committed, 1088M reserved
[20.763s][info][gc,ref      ] GC(68) Soft: 181 encountered, 0 discovered, 0 enqueued
[20.763s][info][gc,ref      ] GC(68) Weak: 263 encountered, 101 discovered, 0 enqueued
[20.763s][info][gc,ref      ] GC(68) Final: 0 encountered, 0 discovered, 0 enqueued
[20.763s][info][gc,ref      ] GC(68) Phantom: 7 encountered, 4 discovered, 0 enqueued
[20.763s][info][gc,reloc    ] GC(68) Small Pages: 2927 / 5854M, Empty: 0M, Relocated: 3M, In-Place: 0
[20.763s][info][gc,reloc    ] GC(68) Medium Pages: 1 / 32M, Empty: 0M, Relocated: 0M, In-Place: 0
[20.763s][info][gc,reloc    ] GC(68) Large Pages: 0 / 0M, Empty: 0M, Relocated: 0M, In-Place: 0
[20.763s][info][gc,reloc    ] GC(68) Forwarding Usage: 0M
[20.763s][info][gc,heap     ] GC(68) Min Capacity: 8192M(100%)
[20.763s][info][gc,heap     ] GC(68) Max Capacity: 8192M(100%)
[20.763s][info][gc,heap     ] GC(68) Soft Max Capacity: 8192M(100%)
[20.763s][info][gc,heap     ] GC(68)                Mark Start          Mark End        Relocate Start      Relocate End           High               Low         
[20.763s][info][gc,heap     ] GC(68)  Capacity:     8192M (100%)       8192M (100%)       8192M (100%)       8192M (100%)       8192M (100%)       8192M (100%)   
[20.763s][info][gc,heap     ] GC(68)      Free:     2306M (28%)        2302M (28%)        2300M (28%)        2300M (28%)        2306M (28%)        2294M (28%)    
[20.763s][info][gc,heap     ] GC(68)      Used:     5886M (72%)        5890M (72%)        5892M (72%)        5892M (72%)        5898M (72%)        5886M (72%)    
[20.763s][info][gc,heap     ] GC(68)      Live:         -              5349M (65%)        5349M (65%)        5349M (65%)            -                  -          
[20.763s][info][gc,heap     ] GC(68) Allocated:         -                 4M (0%)            6M (0%)            6M (0%)             -                  -          
[20.763s][info][gc,heap     ] GC(68)   Garbage:         -               536M (7%)          536M (7%)          536M (7%)             -                  -          
[20.763s][info][gc,heap     ] GC(68) Reclaimed:         -                  -                 0M (0%)            0M (0%)             -                  -          
[20.763s][info][gc          ] GC(68) Garbage Collection (Timer) 5886M(72%)->5892M(72%)
[21.025s][info][gc,start    ] GC(69) Garbage Collection (Timer)
[21.025s][info][gc,task     ] GC(69) Using 3 workers
[21.025s][info][gc,phases   ] GC(69) Pause Mark Start 0.006ms
[21.058s][info][gc,phases   ] GC(69) Concurrent Mark 32.632ms
[21.058s][info][gc,phases   ] GC(69) Pause Mark End 0.009ms
[21.058s][info][gc,phases   ] GC(69) Concurrent Mark Free 0.001ms
[21.059s][info][gc,phases   ] GC(69) Concurrent Process Non-Strong References 0.811ms
[21.059s][info][gc,phases   ] GC(69) Concurrent Reset Relocation Set 0.001ms
[21.062s][info][gc,phases   ] GC(69) Concurrent Select Relocation Set 2.501ms
[21.062s][info][gc,phases   ] GC(69) Pause Relocate Start 0.006ms
[21.063s][info][gc,phases   ] GC(69) Concurrent Relocate 1.366ms
[21.063s][info][gc,load     ] GC(69) Load: 0.00/0.00/0.00
[21.063s][info][gc,mmu      ] GC(69) MMU: 2ms/99.2%, 5ms/99.6%, 10ms/99.8%, 20ms/99.9%, 50ms/99.9%, 100ms/100.0%
[21.063s][info][gc,marking  ] GC(69) Mark: 2 stripe(s), 2 proactive flush(es), 1 terminate flush(es), 0 completion(s), 0 continuation(s) 
[21.063s][info][gc,marking  ] GC(69) Mark Stack Usage: 32M
[21.063s][info][gc,nmethod  ] GC(69) NMethods: 486 registered, 0 unregistered
[21.063s][info][gc,metaspace] GC(69) Metaspace: 1M used, 1M committed, 1088M reserved
[21.063s][info][gc,ref      ] GC(69) Soft: 181 encountered, 0 discovered, 0 enqueued
[21.063s][info][gc,ref      ] GC(69) Weak: 263 encountered, 107 discovered, 0 enqueued
[21.063s][info][gc,ref      ] GC(69) Final: 0 encountered, 0 discovered, 0 enqueued
[21.064s][info][gc,ref      ] GC(69) Phantom: 7 encountered, 1 discovered, 0 enqueued
[21.064s][info][gc,reloc    ] GC(69) Small Pages: 2953 / 5906M, Empty: 0M, Relocated: 3M, In-Place: 0
[21.064s][info][gc,reloc    ] GC(69) Medium Pages: 1 / 32M, Empty: 0M, Relocated: 0M, In-Place: 0
[21.064s][info][gc,reloc    ] GC(69) Large Pages: 0 / 0M, Empty: 0M, Relocated: 0M, In-Place: 0
[21.064s][info][gc,reloc    ] GC(69) Forwarding Usage: 0M
[21.064s][info][gc,heap     ] GC(69) Min Capacity: 8192M(100%)
[21.064s][info][gc,heap     ] GC(69) Max Capacity: 8192M(100%)
[21.064s][info][gc,heap     ] GC(69) Soft Max Capacity: 8192M(100%)
[21.064s][info][gc,heap     ] GC(69)                Mark Start          Mark End        Relocate Start      Relocate End           High               Low         
[21.064s][info][gc,heap     ] GC(69)  Capacity:     8192M (100%)       8192M (100%)       8192M (100%)       8192M (100%)       8192M (100%)       8192M (100%)   
[21.064s][info][gc,heap     ] GC(69)      Free:     2254M (28%)        2252M (27%)        2252M (27%)        2252M (27%)        2254M (28%)        2246M (27%)    
[21.064s][info][gc,heap     ] GC(69)      Used:     5938M (72%)        5940M (73%)        5940M (73%)        5940M (73%)        5946M (73%)        5938M (72%)    
[21.064s][info][gc,heap     ] GC(69)      Live:         -              5396M (66%)        5396M (66%)        5396M (66%)            -                  -          
[21.064s][info][gc,heap     ] GC(69) Allocated:         -                 2M (0%)            2M (0%)            2M (0%)             -                  -          
[21.064s][info][gc,heap     ] GC(69)   Garbage:         -               541M (7%)          541M (7%)          541M (7%)             -                  -          
[21.064s][info][gc,heap     ] GC(69) Reclaimed:         -                  -                 0M (0%)            0M (0%)             -                  -          
[21.064s][info][gc          ] GC(69) Garbage Collection (Timer) 5938M(72%)->5940M(73%)
[21.325s][info][gc,start    ] GC(70) Garbage Collection (Timer)
[21.325s][info][gc,task     ] GC(70) Using 3 workers
[21.325s][info][gc,phases   ] GC(70) Pause Mark Start 0.006ms
[21.356s][info][gc,phases   ] GC(70) Concurrent Mark 30.663ms
[21.356s][info][gc,phases   ] GC(70) Pause Mark End 0.009ms
[21.356s][info][gc,phases   ] GC(70) Concurrent Mark Free 0.001ms
[21.357s][info][gc,phases   ] GC(70) Concurrent Process Non-Strong References 0.840ms
[21.357s][info][gc,phases   ] GC(70) Concurrent Reset Relocation Set 0.001ms
[21.360s][info][gc,phases   ] GC(70) Concurrent Select Relocation Set 2.254ms
[21.360s][info][gc,phases   ] GC(70) Pause Relocate Start 0.005ms
[21.361s][info][gc,phases   ] GC(70) Concurrent Relocate 1.413ms
[21.361s][info][gc,load     ] GC(70) Load: 0.00/0.00/0.00
[21.361s][info][gc,mmu      ] GC(70) MMU: 2ms/99.2%, 5ms/99.6%, 10ms/99.8%, 20ms/99.9%, 50ms/99.9%, 100ms/100.0%
[21.361s][info][gc,marking  ] GC(70) Mark: 2 stripe(s), 2 proactive flush(es), 1 terminate flush(es), 0 completion(s), 0 continuation(s) 
[21.361s][info][gc,marking  ] GC(70) Mark Stack Usage: 32M
[21.361s][info][gc,nmethod  ] GC(70) NMethods: 486 registered, 0 unregistered
[21.362s][info][gc,metaspace] GC(70) Metaspace: 1M used, 1M committed, 1088M reserved
[21.362s][info][gc,ref      ] GC(70) Soft: 181 encountered, 0 discovered, 0 enqueued
[21.362s][info][gc,ref      ] GC(70) Weak: 263 encountered, 103 discovered, 0 enqueued
[21.362s][info][gc,ref      ] GC(70) Final: 0 encountered, 0 discovered, 0 enqueued
[21.362s][info][gc,ref      ] GC(70) Phantom: 7 encountered, 1 discovered, 0 enqueued
[21.362s][info][gc,reloc    ] GC(70) Small Pages: 2977 / 5954M, Empty: 0M, Relocated: 3M, In-Place: 0
[21.362s][info][gc,reloc    ] GC(70) Medium Pages: 1 / 32M, Empty: 0M, Relocated: 0M, In-Place: 0
[21.362s][info][gc,reloc    ] GC(70) Large Pages: 0 / 0M, Empty: 0M, Relocated: 0M, In-Place: 0
[21.362s][info][gc,reloc    ] GC(70) Forwarding Usage: 0M
[21.362s][info][gc,heap     ] GC(70) Min Capacity: 8192M(100%)
[21.362s][info][gc,heap     ] GC(70) Max Capacity: 8192M(100%)
[21.362s][info][gc,heap     ] GC(70) Soft Max Capacity: 8192M(100%)
[21.362s][info][gc,heap     ] GC(70)                Mark Start          Mark End        Relocate Start      Relocate End           High               Low         
[21.362s][info][gc,heap     ] GC(70)  Capacity:     8192M (100%)       8192M (100%)       8192M (100%)       8192M (100%)       8192M (100%)       8192M (100%)   
[21.362s][info][gc,heap     ] GC(70)      Free:     2206M (27%)        2202M (27%)        2202M (27%)        2202M (27%)        2206M (27%)        2196M (27%)    
[21.362s][info][gc,heap     ] GC(70)      Used:     5986M (73%)        5990M (73%)        5990M (73%)        5990M (73%)        5996M (73%)        5986M (73%)    
[21.362s][info][gc,heap     ] GC(70)      Live:         -              5439M (66%)        5439M (66%)        5439M (66%)            -                  -          
[21.362s][info][gc,heap     ] GC(70) Allocated:         -                 4M (0%)            4M (0%)            6M (0%)             -                  -          
[21.362s][info][gc,heap     ] GC(70)   Garbage:         -               546M (7%)          546M (7%)          544M (7%)             -                  -          
[21.362s][info][gc,heap     ] GC(70) Reclaimed:         -                  -                 0M (0%)            2M (0%)             -                  -          
[21.362s][info][gc          ] GC(70) Garbage Collection (Timer) 5986M(73%)->5990M(73%)
[21.625s][info][gc,start    ] GC(71) Garbage Collection (Timer)
[21.625s][info][gc,task     ] GC(71) Using 3 workers
[21.626s][info][gc,phases   ] GC(71) Pause Mark Start 0.006ms
[21.667s][info][gc,phases   ] GC(71) Concurrent Mark 41.474ms
[21.668s][info][gc,phases   ] GC(71) Pause Mark End 0.010ms
[21.668s][info][gc,phases   ] GC(71) Concurrent Mark Free 0.001ms
[21.669s][info][gc,phases   ] GC(71) Concurrent Process Non-Strong References 0.850ms
[21.669s][info][gc,phases   ] GC(71) Concurrent Reset Relocation Set 0.001ms
[21.671s][info][gc,phases   ] GC(71) Concurrent Select Relocation Set 2.326ms
[21.671s][info][gc,phases   ] GC(71) Pause Relocate Start 0.005ms
[21.673s][info][gc,phases   ] GC(71) Concurrent Relocate 1.472ms
[21.673s][info][gc,load     ] GC(71) Load: 0.00/0.00/0.00
[21.673s][info][gc,mmu      ] GC(71) MMU: 2ms/99.2%, 5ms/99.6%, 10ms/99.8%, 20ms/99.9%, 50ms/99.9%, 100ms/100.0%
[21.673s][info][gc,marking  ] GC(71) Mark: 2 stripe(s), 2 proactive flush(es), 1 terminate flush(es), 0 completion(s), 0 continuation(s) 
[21.673s][info][gc,marking  ] GC(71) Mark Stack Usage: 32M
[21.673s][info][gc,nmethod  ] GC(71) NMethods: 486 registered, 0 unregistered
[21.673s][info][gc,metaspace] GC(71) Metaspace: 1M used, 1M committed, 1088M reserved
[21.673s][info][gc,ref      ] GC(71) Soft: 181 encountered, 0 discovered, 0 enqueued
[21.673s][info][gc,ref      ] GC(71) Weak: 263 encountered, 126 discovered, 0 enqueued
[21.673s][info][gc,ref      ] GC(71) Final: 0 encountered, 0 discovered, 0 enqueued
[21.673s][info][gc,ref      ] GC(71) Phantom: 7 encountered, 1 discovered, 0 enqueued
[21.673s][info][gc,reloc    ] GC(71) Small Pages: 3001 / 6002M, Empty: 0M, Relocated: 3M, In-Place: 0
[21.673s][info][gc,reloc    ] GC(71) Medium Pages: 1 / 32M, Empty: 0M, Relocated: 0M, In-Place: 0
[21.673s][info][gc,reloc    ] GC(71) Large Pages: 0 / 0M, Empty: 0M, Relocated: 0M, In-Place: 0
[21.673s][info][gc,reloc    ] GC(71) Forwarding Usage: 0M
[21.673s][info][gc,heap     ] GC(71) Min Capacity: 8192M(100%)
[21.673s][info][gc,heap     ] GC(71) Max Capacity: 8192M(100%)
[21.673s][info][gc,heap     ] GC(71) Soft Max Capacity: 8192M(100%)
[21.673s][info][gc,heap     ] GC(71)                Mark Start          Mark End        Relocate Start      Relocate End           High               Low         
[21.673s][info][gc,heap     ] GC(71)  Capacity:     8192M (100%)       8192M (100%)       8192M (100%)       8192M (100%)       8192M (100%)       8192M (100%)   
[21.673s][info][gc,heap     ] GC(71)      Free:     2158M (26%)        2154M (26%)        2154M (26%)        2156M (26%)        2158M (26%)        2148M (26%)    
[21.673s][info][gc,heap     ] GC(71)      Used:     6034M (74%)        6038M (74%)        6038M (74%)        6036M (74%)        6044M (74%)        6034M (74%)    
[21.673s][info][gc,heap     ] GC(71)      Live:         -              5483M (67%)        5483M (67%)        5483M (67%)            -                  -          
[21.673s][info][gc,heap     ] GC(71) Allocated:         -                 4M (0%)            4M (0%)            4M (0%)             -                  -          
[21.673s][info][gc,heap     ] GC(71)   Garbage:         -               550M (7%)          550M (7%)          548M (7%)             -                  -          
[21.673s][info][gc,heap     ] GC(71) Reclaimed:         -                  -                 0M (0%)            2M (0%)             -                  -          
[21.673s][info][gc          ] GC(71) Garbage Collection (Timer) 6034M(74%)->6036M(74%)
[21.748s][info][gc,heap,exit] Heap
[21.748s][info][gc,heap,exit]  ZHeap           used 6056M, capacity 8192M, max capacity 8192M
[21.748s][info][gc,heap,exit]  Metaspace       used 1603K, committed 1792K, reserved 1114112K
[21.748s][info][gc,heap,exit]   class space    used 147K, committed 256K, reserved 1048576K
