[0.039s][info][gc,init] Initializing The Z Garbage Collector
[0.039s][info][gc,init] Version: 17.0.11+1-LTS (release)
[0.039s][info][gc,init] NUMA Support: Disabled
[0.039s][info][gc,init] CPUs: 12 total, 12 available
[0.039s][info][gc,init] Memory: 24496M
[0.039s][info][gc,init] Large Page Support: Disabled
[0.039s][info][gc,init] GC Workers: 2 (dynamic)
[0.040s][info][gc,init] Address Space Type: Contiguous/Unrestricted/Complete
[0.040s][info][gc,init] Address Space Size: 65536M x 3 = 196608M
[0.040s][info][gc,init] Min Capacity: 4096M
[0.040s][info][gc,init] Initial Capacity: 4096M
[0.041s][info][gc,init] Max Capacity: 4096M
[0.041s][info][gc,init] Medium Page Size: 32M
[0.041s][info][gc,init] Pre-touch: Disabled
[0.041s][info][gc,init] Uncommit: Implicitly Disabled (-Xms equals -Xmx)
[0.276s][info][gc,init] Runtime Workers: 8
[0.277s][info][gc     ] Using The Z Garbage Collector
[0.287s][info][gc,metaspace] CDS archive(s) mapped at: [0x000002953a000000-0x000002953abc0000-0x000002953abc0000), size 12320768, SharedBaseAddress: 0x000002953a000000, ArchiveRelocationMode: 1.
[0.287s][info][gc,metaspace] Compressed class space mapped at: 0x000002953b000000-0x000002957b000000, reserved size: 1073741824
[0.287s][info][gc,metaspace] Narrow klass base: 0x000002953a000000, Narrow klass shift: 0, Narrow klass range: 0x100000000
[0.421s][info][gc,start    ] GC(0) Garbage Collection (Timer)
[0.421s][info][gc,task     ] GC(0) Using 2 workers
[0.422s][info][gc,phases   ] GC(0) Pause Mark Start 0.005ms
[0.425s][info][gc,phases   ] GC(0) Concurrent Mark 3.667ms
[0.425s][info][gc,phases   ] GC(0) Pause Mark End 0.013ms
[0.426s][info][gc,phases   ] GC(0) Concurrent Mark Free 0.001ms
[0.426s][info][gc,phases   ] GC(0) Concurrent Process Non-Strong References 0.557ms
[0.426s][info][gc,phases   ] GC(0) Concurrent Reset Relocation Set 0.000ms
[0.435s][info][gc,phases   ] GC(0) Concurrent Select Relocation Set 9.115ms
[0.435s][info][gc,phases   ] GC(0) Pause Relocate Start 0.006ms
[0.437s][info][gc,phases   ] GC(0) Concurrent Relocate 1.266ms
[0.437s][info][gc,load     ] GC(0) Load: 0.00/0.00/0.00
[0.437s][info][gc,mmu      ] GC(0) MMU: 2ms/99.3%, 5ms/99.6%, 10ms/99.8%, 20ms/99.9%, 50ms/100.0%, 100ms/100.0%
[0.437s][info][gc,marking  ] GC(0) Mark: 2 stripe(s), 1 proactive flush(es), 1 terminate flush(es), 0 completion(s), 0 continuation(s) 
[0.437s][info][gc,marking  ] GC(0) Mark Stack Usage: 32M
[0.437s][info][gc,nmethod  ] GC(0) NMethods: 155 registered, 0 unregistered
[0.437s][info][gc,metaspace] GC(0) Metaspace: 0M used, 0M committed, 1088M reserved
[0.437s][info][gc,ref      ] GC(0) Soft: 36 encountered, 0 discovered, 0 enqueued
[0.437s][info][gc,ref      ] GC(0) Weak: 103 encountered, 18 discovered, 18 enqueued
[0.437s][info][gc,ref      ] GC(0) Final: 0 encountered, 0 discovered, 0 enqueued
[0.437s][info][gc,ref      ] GC(0) Phantom: 16 encountered, 13 discovered, 13 enqueued
[0.437s][info][gc,reloc    ] GC(0) Small Pages: 3 / 6M, Empty: 0M, Relocated: 1M, In-Place: 0
[0.437s][info][gc,reloc    ] GC(0) Medium Pages: 0 / 0M, Empty: 0M, Relocated: 0M, In-Place: 0
[0.437s][info][gc,reloc    ] GC(0) Large Pages: 0 / 0M, Empty: 0M, Relocated: 0M, In-Place: 0
[0.437s][info][gc,reloc    ] GC(0) Forwarding Usage: 0M
[0.437s][info][gc,heap     ] GC(0) Min Capacity: 4096M(100%)
[0.437s][info][gc,heap     ] GC(0) Max Capacity: 4096M(100%)
[0.437s][info][gc,heap     ] GC(0) Soft Max Capacity: 4096M(100%)
[0.437s][info][gc,heap     ] GC(0)                Mark Start          Mark End        Relocate Start      Relocate End           High               Low         
[0.437s][info][gc,heap     ] GC(0)  Capacity:     4096M (100%)       4096M (100%)       4096M (100%)       4096M (100%)       4096M (100%)       4096M (100%)   
[0.437s][info][gc,heap     ] GC(0)      Free:     4090M (100%)       4090M (100%)       4090M (100%)       4092M (100%)       4092M (100%)       4086M (100%)   
[0.437s][info][gc,heap     ] GC(0)      Used:        6M (0%)            6M (0%)            6M (0%)            4M (0%)           10M (0%)            4M (0%)     
[0.437s][info][gc,heap     ] GC(0)      Live:         -                 1M (0%)            1M (0%)            1M (0%)             -                  -          
[0.438s][info][gc,heap     ] GC(0) Allocated:         -                 0M (0%)            0M (0%)            0M (0%)             -                  -          
[0.438s][info][gc,heap     ] GC(0)   Garbage:         -                 4M (0%)            4M (0%)            2M (0%)             -                  -          
[0.438s][info][gc,heap     ] GC(0) Reclaimed:         -                  -                 0M (0%)            2M (0%)             -                  -          
[0.438s][info][gc          ] GC(0) Garbage Collection (Timer) 6M(0%)->4M(0%)
[0.711s][info][gc,start    ] GC(1) Garbage Collection (Timer)
[0.711s][info][gc,task     ] GC(1) Using 2 workers
[0.711s][info][gc,phases   ] GC(1) Pause Mark Start 0.006ms
[0.726s][info][gc,phases   ] GC(1) Concurrent Mark 15.235ms
[0.726s][info][gc,phases   ] GC(1) Pause Mark End 0.008ms
[0.726s][info][gc,phases   ] GC(1) Concurrent Mark Free 0.001ms
[0.727s][info][gc,phases   ] GC(1) Concurrent Process Non-Strong References 0.716ms
[0.727s][info][gc,phases   ] GC(1) Concurrent Reset Relocation Set 0.001ms
[0.731s][info][gc,phases   ] GC(1) Concurrent Select Relocation Set 3.317ms
[0.731s][info][gc,phases   ] GC(1) Pause Relocate Start 0.006ms
[0.732s][info][gc,phases   ] GC(1) Concurrent Relocate 1.631ms
[0.733s][info][gc,load     ] GC(1) Load: 0.00/0.00/0.00
[0.733s][info][gc,mmu      ] GC(1) MMU: 2ms/99.3%, 5ms/99.6%, 10ms/99.8%, 20ms/99.9%, 50ms/100.0%, 100ms/100.0%
[0.733s][info][gc,marking  ] GC(1) Mark: 2 stripe(s), 2 proactive flush(es), 1 terminate flush(es), 0 completion(s), 0 continuation(s) 
[0.733s][info][gc,marking  ] GC(1) Mark Stack Usage: 32M
[0.733s][info][gc,nmethod  ] GC(1) NMethods: 292 registered, 0 unregistered
[0.733s][info][gc,metaspace] GC(1) Metaspace: 0M used, 0M committed, 1088M reserved
[0.733s][info][gc,ref      ] GC(1) Soft: 72 encountered, 0 discovered, 0 enqueued
[0.733s][info][gc,ref      ] GC(1) Weak: 177 encountered, 28 discovered, 23 enqueued
[0.733s][info][gc,ref      ] GC(1) Final: 0 encountered, 0 discovered, 0 enqueued
[0.733s][info][gc,ref      ] GC(1) Phantom: 13 encountered, 10 discovered, 6 enqueued
[0.733s][info][gc,reloc    ] GC(1) Small Pages: 125 / 250M, Empty: 0M, Relocated: 1M, In-Place: 0
[0.733s][info][gc,reloc    ] GC(1) Medium Pages: 0 / 0M, Empty: 0M, Relocated: 0M, In-Place: 0
[0.733s][info][gc,reloc    ] GC(1) Large Pages: 0 / 0M, Empty: 0M, Relocated: 0M, In-Place: 0
[0.733s][info][gc,reloc    ] GC(1) Forwarding Usage: 0M
[0.733s][info][gc,heap     ] GC(1) Min Capacity: 4096M(100%)
[0.733s][info][gc,heap     ] GC(1) Max Capacity: 4096M(100%)
[0.733s][info][gc,heap     ] GC(1) Soft Max Capacity: 4096M(100%)
[0.733s][info][gc,heap     ] GC(1)                Mark Start          Mark End        Relocate Start      Relocate End           High               Low         
[0.733s][info][gc,heap     ] GC(1)  Capacity:     4096M (100%)       4096M (100%)       4096M (100%)       4096M (100%)       4096M (100%)       4096M (100%)   
[0.733s][info][gc,heap     ] GC(1)      Free:     3846M (94%)        3842M (94%)        3840M (94%)        3844M (94%)        3846M (94%)        3838M (94%)    
[0.733s][info][gc,heap     ] GC(1)      Used:      250M (6%)          254M (6%)          256M (6%)          252M (6%)          258M (6%)          250M (6%)     
[0.733s][info][gc,heap     ] GC(1)      Live:         -               220M (5%)          220M (5%)          220M (5%)             -                  -          
[0.733s][info][gc,heap     ] GC(1) Allocated:         -                 4M (0%)            6M (0%)            7M (0%)             -                  -          
[0.733s][info][gc,heap     ] GC(1)   Garbage:         -                29M (1%)           29M (1%)           23M (1%)             -                  -          
[0.733s][info][gc,heap     ] GC(1) Reclaimed:         -                  -                 0M (0%)            5M (0%)             -                  -          
[0.733s][info][gc          ] GC(1) Garbage Collection (Timer) 250M(6%)->252M(6%)
[1.010s][info][gc,start    ] GC(2) Garbage Collection (Warmup)
[1.010s][info][gc,task     ] GC(2) Using 2 workers
[1.010s][info][gc,phases   ] GC(2) Pause Mark Start 0.006ms
[1.040s][info][gc,phases   ] GC(2) Concurrent Mark 29.585ms
[1.040s][info][gc,phases   ] GC(2) Pause Mark End 0.010ms
[1.040s][info][gc,phases   ] GC(2) Concurrent Mark Free 0.001ms
[1.041s][info][gc,phases   ] GC(2) Concurrent Process Non-Strong References 0.554ms
[1.041s][info][gc,phases   ] GC(2) Concurrent Reset Relocation Set 0.001ms
[1.045s][info][gc,phases   ] GC(2) Concurrent Select Relocation Set 3.471ms
[1.045s][info][gc,phases   ] GC(2) Pause Relocate Start 0.007ms
[1.047s][info][gc,phases   ] GC(2) Concurrent Relocate 2.104ms
[1.047s][info][gc,load     ] GC(2) Load: 0.00/0.00/0.00
[1.047s][info][gc,mmu      ] GC(2) MMU: 2ms/99.3%, 5ms/99.6%, 10ms/99.8%, 20ms/99.9%, 50ms/100.0%, 100ms/100.0%
[1.047s][info][gc,marking  ] GC(2) Mark: 2 stripe(s), 2 proactive flush(es), 1 terminate flush(es), 0 completion(s), 0 continuation(s) 
[1.047s][info][gc,marking  ] GC(2) Mark Stack Usage: 32M
[1.047s][info][gc,nmethod  ] GC(2) NMethods: 313 registered, 0 unregistered
[1.047s][info][gc,metaspace] GC(2) Metaspace: 0M used, 1M committed, 1088M reserved
[1.047s][info][gc,ref      ] GC(2) Soft: 72 encountered, 0 discovered, 0 enqueued
[1.047s][info][gc,ref      ] GC(2) Weak: 154 encountered, 77 discovered, 0 enqueued
[1.047s][info][gc,ref      ] GC(2) Final: 0 encountered, 0 discovered, 0 enqueued
[1.047s][info][gc,ref      ] GC(2) Phantom: 7 encountered, 2 discovered, 0 enqueued
[1.047s][info][gc,reloc    ] GC(2) Small Pages: 250 / 500M, Empty: 0M, Relocated: 1M, In-Place: 0
[1.047s][info][gc,reloc    ] GC(2) Medium Pages: 0 / 0M, Empty: 0M, Relocated: 0M, In-Place: 0
[1.047s][info][gc,reloc    ] GC(2) Large Pages: 0 / 0M, Empty: 0M, Relocated: 0M, In-Place: 0
[1.047s][info][gc,reloc    ] GC(2) Forwarding Usage: 0M
[1.047s][info][gc,heap     ] GC(2) Min Capacity: 4096M(100%)
[1.048s][info][gc,heap     ] GC(2) Max Capacity: 4096M(100%)
[1.048s][info][gc,heap     ] GC(2) Soft Max Capacity: 4096M(100%)
[1.048s][info][gc,heap     ] GC(2)                Mark Start          Mark End        Relocate Start      Relocate End           High               Low         
[1.048s][info][gc,heap     ] GC(2)  Capacity:     4096M (100%)       4096M (100%)       4096M (100%)       4096M (100%)       4096M (100%)       4096M (100%)   
[1.048s][info][gc,heap     ] GC(2)      Free:     3596M (88%)        3588M (88%)        3586M (88%)        3586M (88%)        3596M (88%)        3582M (87%)    
[1.048s][info][gc,heap     ] GC(2)      Used:      500M (12%)         508M (12%)         510M (12%)         510M (12%)         514M (13%)         500M (12%)    
[1.048s][info][gc,heap     ] GC(2)      Live:         -               452M (11%)         452M (11%)         452M (11%)            -                  -          
[1.048s][info][gc,heap     ] GC(2) Allocated:         -                 8M (0%)           10M (0%)           11M (0%)             -                  -          
[1.048s][info][gc,heap     ] GC(2)   Garbage:         -                47M (1%)           47M (1%)           45M (1%)             -                  -          
[1.048s][info][gc,heap     ] GC(2) Reclaimed:         -                  -                 0M (0%)            1M (0%)             -                  -          
[1.048s][info][gc          ] GC(2) Garbage Collection (Warmup) 500M(12%)->510M(12%)
[1.310s][info][gc,start    ] GC(3) Garbage Collection (Timer)
[1.310s][info][gc,task     ] GC(3) Using 2 workers
[1.310s][info][gc,phases   ] GC(3) Pause Mark Start 0.006ms
[1.343s][info][gc,phases   ] GC(3) Concurrent Mark 30.521ms
[1.344s][info][gc,phases   ] GC(3) Pause Mark End 0.009ms
[1.344s][info][gc,phases   ] GC(3) Concurrent Mark Free 0.001ms
[1.344s][info][gc,phases   ] GC(3) Concurrent Process Non-Strong References 0.696ms
[1.344s][info][gc,phases   ] GC(3) Concurrent Reset Relocation Set 0.001ms
[1.347s][info][gc,phases   ] GC(3) Concurrent Select Relocation Set 2.411ms
[1.347s][info][gc,phases   ] GC(3) Pause Relocate Start 0.006ms
[1.349s][info][gc,phases   ] GC(3) Concurrent Relocate 1.645ms
[1.349s][info][gc,load     ] GC(3) Load: 0.00/0.00/0.00
[1.349s][info][gc,mmu      ] GC(3) MMU: 2ms/99.3%, 5ms/99.6%, 10ms/99.8%, 20ms/99.9%, 50ms/100.0%, 100ms/100.0%
[1.349s][info][gc,marking  ] GC(3) Mark: 2 stripe(s), 2 proactive flush(es), 1 terminate flush(es), 0 completion(s), 0 continuation(s) 
[1.349s][info][gc,marking  ] GC(3) Mark Stack Usage: 32M
[1.349s][info][gc,nmethod  ] GC(3) NMethods: 468 registered, 0 unregistered
[1.349s][info][gc,metaspace] GC(3) Metaspace: 1M used, 1M committed, 1088M reserved
[1.349s][info][gc,ref      ] GC(3) Soft: 181 encountered, 0 discovered, 0 enqueued
[1.349s][info][gc,ref      ] GC(3) Weak: 301 encountered, 255 discovered, 38 enqueued
[1.349s][info][gc,ref      ] GC(3) Final: 0 encountered, 0 discovered, 0 enqueued
[1.349s][info][gc,ref      ] GC(3) Phantom: 29 encountered, 25 discovered, 22 enqueued
[1.349s][info][gc,reloc    ] GC(3) Small Pages: 345 / 690M, Empty: 0M, Relocated: 1M, In-Place: 0
[1.349s][info][gc,reloc    ] GC(3) Medium Pages: 0 / 0M, Empty: 0M, Relocated: 0M, In-Place: 0
[1.349s][info][gc,reloc    ] GC(3) Large Pages: 0 / 0M, Empty: 0M, Relocated: 0M, In-Place: 0
[1.349s][info][gc,reloc    ] GC(3) Forwarding Usage: 0M
[1.349s][info][gc,heap     ] GC(3) Min Capacity: 4096M(100%)
[1.349s][info][gc,heap     ] GC(3) Max Capacity: 4096M(100%)
[1.349s][info][gc,heap     ] GC(3) Soft Max Capacity: 4096M(100%)
[1.349s][info][gc,heap     ] GC(3)                Mark Start          Mark End        Relocate Start      Relocate End           High               Low         
[1.349s][info][gc,heap     ] GC(3)  Capacity:     4096M (100%)       4096M (100%)       4096M (100%)       4096M (100%)       4096M (100%)       4096M (100%)   
[1.349s][info][gc,heap     ] GC(3)      Free:     3406M (83%)        3398M (83%)        3394M (83%)        3396M (83%)        3406M (83%)        3390M (83%)    
[1.349s][info][gc,heap     ] GC(3)      Used:      690M (17%)         698M (17%)         702M (17%)         700M (17%)         706M (17%)         690M (17%)    
[1.349s][info][gc,heap     ] GC(3)      Live:         -               624M (15%)         624M (15%)         624M (15%)            -                  -          
[1.349s][info][gc,heap     ] GC(3) Allocated:         -                 8M (0%)           12M (0%)           12M (0%)             -                  -          
[1.349s][info][gc,heap     ] GC(3)   Garbage:         -                65M (2%)           65M (2%)           63M (2%)             -                  -          
[1.349s][info][gc,heap     ] GC(3) Reclaimed:         -                  -                 0M (0%)            2M (0%)             -                  -          
[1.349s][info][gc          ] GC(3) Garbage Collection (Timer) 690M(17%)->700M(17%)
[1.510s][info][gc,start    ] GC(4) Garbage Collection (Warmup)
[1.510s][info][gc,task     ] GC(4) Using 2 workers
[1.510s][info][gc,phases   ] GC(4) Pause Mark Start 0.006ms
[1.530s][info][gc,phases   ] GC(4) Concurrent Mark 19.819ms
[1.530s][info][gc,phases   ] GC(4) Pause Mark End 0.009ms
[1.530s][info][gc,phases   ] GC(4) Concurrent Mark Free 0.001ms
[1.531s][info][gc,phases   ] GC(4) Concurrent Process Non-Strong References 1.040ms
[1.531s][info][gc,phases   ] GC(4) Concurrent Reset Relocation Set 0.001ms
[1.533s][info][gc,phases   ] GC(4) Concurrent Select Relocation Set 2.226ms
[1.534s][info][gc,phases   ] GC(4) Pause Relocate Start 0.005ms
[1.535s][info][gc,phases   ] GC(4) Concurrent Relocate 1.705ms
[1.535s][info][gc,load     ] GC(4) Load: 0.00/0.00/0.00
[1.535s][info][gc,mmu      ] GC(4) MMU: 2ms/99.3%, 5ms/99.6%, 10ms/99.8%, 20ms/99.9%, 50ms/100.0%, 100ms/100.0%
[1.535s][info][gc,marking  ] GC(4) Mark: 2 stripe(s), 2 proactive flush(es), 1 terminate flush(es), 0 completion(s), 0 continuation(s) 
[1.536s][info][gc,marking  ] GC(4) Mark Stack Usage: 32M
[1.536s][info][gc,nmethod  ] GC(4) NMethods: 468 registered, 0 unregistered
[1.536s][info][gc,metaspace] GC(4) Metaspace: 1M used, 1M committed, 1088M reserved
[1.536s][info][gc,ref      ] GC(4) Soft: 181 encountered, 0 discovered, 0 enqueued
[1.536s][info][gc,ref      ] GC(4) Weak: 263 encountered, 205 discovered, 0 enqueued
[1.536s][info][gc,ref      ] GC(4) Final: 0 encountered, 0 discovered, 0 enqueued
[1.536s][info][gc,ref      ] GC(4) Phantom: 7 encountered, 3 discovered, 0 enqueued
[1.536s][info][gc,reloc    ] GC(4) Small Pages: 414 / 828M, Empty: 0M, Relocated: 1M, In-Place: 0
[1.536s][info][gc,reloc    ] GC(4) Medium Pages: 0 / 0M, Empty: 0M, Relocated: 0M, In-Place: 0
[1.536s][info][gc,reloc    ] GC(4) Large Pages: 0 / 0M, Empty: 0M, Relocated: 0M, In-Place: 0
[1.536s][info][gc,reloc    ] GC(4) Forwarding Usage: 0M
[1.536s][info][gc,heap     ] GC(4) Min Capacity: 4096M(100%)
[1.536s][info][gc,heap     ] GC(4) Max Capacity: 4096M(100%)
[1.536s][info][gc,heap     ] GC(4) Soft Max Capacity: 4096M(100%)
[1.536s][info][gc,heap     ] GC(4)                Mark Start          Mark End        Relocate Start      Relocate End           High               Low         
[1.536s][info][gc,heap     ] GC(4)  Capacity:     4096M (100%)       4096M (100%)       4096M (100%)       4096M (100%)       4096M (100%)       4096M (100%)   
[1.536s][info][gc,heap     ] GC(4)      Free:     3268M (80%)        3266M (80%)        3262M (80%)        3264M (80%)        3268M (80%)        3258M (80%)    
[1.536s][info][gc,heap     ] GC(4)      Used:      828M (20%)         830M (20%)         834M (20%)         832M (20%)         838M (20%)         828M (20%)    
[1.536s][info][gc,heap     ] GC(4)      Live:         -               751M (18%)         751M (18%)         751M (18%)            -                  -          
[1.536s][info][gc,heap     ] GC(4) Allocated:         -                 2M (0%)            6M (0%)            5M (0%)             -                  -          
[1.536s][info][gc,heap     ] GC(4)   Garbage:         -                76M (2%)           76M (2%)           74M (2%)             -                  -          
[1.536s][info][gc,heap     ] GC(4) Reclaimed:         -                  -                 0M (0%)            1M (0%)             -                  -          
[1.536s][info][gc          ] GC(4) Garbage Collection (Warmup) 828M(20%)->832M(20%)
[1.810s][info][gc,start    ] GC(5) Garbage Collection (Timer)
[1.810s][info][gc,task     ] GC(5) Using 2 workers
[1.811s][info][gc,phases   ] GC(5) Pause Mark Start 0.006ms
[1.834s][info][gc,phases   ] GC(5) Concurrent Mark 22.842ms
[1.834s][info][gc,phases   ] GC(5) Pause Mark End 0.009ms
[1.834s][info][gc,phases   ] GC(5) Concurrent Mark Free 0.001ms
[1.835s][info][gc,phases   ] GC(5) Concurrent Process Non-Strong References 1.001ms
[1.835s][info][gc,phases   ] GC(5) Concurrent Reset Relocation Set 0.001ms
[1.838s][info][gc,phases   ] GC(5) Concurrent Select Relocation Set 2.557ms
[1.838s][info][gc,phases   ] GC(5) Pause Relocate Start 0.005ms
[1.840s][info][gc,phases   ] GC(5) Concurrent Relocate 2.193ms
[1.840s][info][gc,load     ] GC(5) Load: 0.00/0.00/0.00
[1.840s][info][gc,mmu      ] GC(5) MMU: 2ms/99.3%, 5ms/99.6%, 10ms/99.8%, 20ms/99.9%, 50ms/100.0%, 100ms/100.0%
[1.840s][info][gc,marking  ] GC(5) Mark: 2 stripe(s), 2 proactive flush(es), 1 terminate flush(es), 0 completion(s), 0 continuation(s) 
[1.840s][info][gc,marking  ] GC(5) Mark Stack Usage: 32M
[1.840s][info][gc,nmethod  ] GC(5) NMethods: 469 registered, 0 unregistered
[1.840s][info][gc,metaspace] GC(5) Metaspace: 1M used, 1M committed, 1088M reserved
[1.840s][info][gc,ref      ] GC(5) Soft: 181 encountered, 0 discovered, 0 enqueued
[1.840s][info][gc,ref      ] GC(5) Weak: 263 encountered, 215 discovered, 0 enqueued
[1.840s][info][gc,ref      ] GC(5) Final: 0 encountered, 0 discovered, 0 enqueued
[1.840s][info][gc,ref      ] GC(5) Phantom: 7 encountered, 3 discovered, 0 enqueued
[1.840s][info][gc,reloc    ] GC(5) Small Pages: 528 / 1056M, Empty: 0M, Relocated: 3M, In-Place: 0
[1.840s][info][gc,reloc    ] GC(5) Medium Pages: 1 / 32M, Empty: 0M, Relocated: 0M, In-Place: 0
[1.840s][info][gc,reloc    ] GC(5) Large Pages: 0 / 0M, Empty: 0M, Relocated: 0M, In-Place: 0
[1.840s][info][gc,reloc    ] GC(5) Forwarding Usage: 0M
[1.840s][info][gc,heap     ] GC(5) Min Capacity: 4096M(100%)
[1.840s][info][gc,heap     ] GC(5) Max Capacity: 4096M(100%)
[1.840s][info][gc,heap     ] GC(5) Soft Max Capacity: 4096M(100%)
[1.841s][info][gc,heap     ] GC(5)                Mark Start          Mark End        Relocate Start      Relocate End           High               Low         
[1.841s][info][gc,heap     ] GC(5)  Capacity:     4096M (100%)       4096M (100%)       4096M (100%)       4096M (100%)       4096M (100%)       4096M (100%)   
[1.841s][info][gc,heap     ] GC(5)      Free:     3008M (73%)        3004M (73%)        3002M (73%)        3006M (73%)        3008M (73%)        2998M (73%)    
[1.841s][info][gc,heap     ] GC(5)      Used:     1088M (27%)        1092M (27%)        1094M (27%)        1090M (27%)        1098M (27%)        1088M (27%)    
[1.841s][info][gc,heap     ] GC(5)      Live:         -               959M (23%)         959M (23%)         959M (23%)            -                  -          
[1.841s][info][gc,heap     ] GC(5) Allocated:         -                 4M (0%)            6M (0%)            5M (0%)             -                  -          
[1.841s][info][gc,heap     ] GC(5)   Garbage:         -               128M (3%)          128M (3%)          124M (3%)             -                  -          
[1.841s][info][gc,heap     ] GC(5) Reclaimed:         -                  -                 0M (0%)            3M (0%)             -                  -          
[1.841s][info][gc          ] GC(5) Garbage Collection (Timer) 1088M(27%)->1090M(27%)
[2.110s][info][gc,start    ] GC(6) Garbage Collection (Warmup)
[2.110s][info][gc,task     ] GC(6) Using 2 workers
[2.111s][info][gc,phases   ] GC(6) Pause Mark Start 0.006ms
[2.136s][info][gc,phases   ] GC(6) Concurrent Mark 24.874ms
[2.136s][info][gc,phases   ] GC(6) Pause Mark End 0.009ms
[2.136s][info][gc,phases   ] GC(6) Concurrent Mark Free 0.001ms
[2.137s][info][gc,phases   ] GC(6) Concurrent Process Non-Strong References 1.138ms
[2.137s][info][gc,phases   ] GC(6) Concurrent Reset Relocation Set 0.001ms
[2.139s][info][gc,phases   ] GC(6) Concurrent Select Relocation Set 2.240ms
[2.139s][info][gc,phases   ] GC(6) Pause Relocate Start 0.006ms
[2.140s][info][gc,phases   ] GC(6) Concurrent Relocate 0.103ms
[2.140s][info][gc,load     ] GC(6) Load: 0.00/0.00/0.00
[2.140s][info][gc,mmu      ] GC(6) MMU: 2ms/99.3%, 5ms/99.6%, 10ms/99.8%, 20ms/99.9%, 50ms/100.0%, 100ms/100.0%
[2.140s][info][gc,marking  ] GC(6) Mark: 2 stripe(s), 2 proactive flush(es), 1 terminate flush(es), 0 completion(s), 0 continuation(s) 
[2.140s][info][gc,marking  ] GC(6) Mark Stack Usage: 32M
[2.140s][info][gc,nmethod  ] GC(6) NMethods: 475 registered, 0 unregistered
[2.140s][info][gc,metaspace] GC(6) Metaspace: 1M used, 1M committed, 1088M reserved
[2.140s][info][gc,ref      ] GC(6) Soft: 181 encountered, 0 discovered, 0 enqueued
[2.140s][info][gc,ref      ] GC(6) Weak: 263 encountered, 104 discovered, 0 enqueued
[2.140s][info][gc,ref      ] GC(6) Final: 0 encountered, 0 discovered, 0 enqueued
[2.140s][info][gc,ref      ] GC(6) Phantom: 7 encountered, 2 discovered, 0 enqueued
[2.140s][info][gc,reloc    ] GC(6) Small Pages: 623 / 1246M, Empty: 0M, Relocated: 0M, In-Place: 0
[2.140s][info][gc,reloc    ] GC(6) Medium Pages: 1 / 32M, Empty: 0M, Relocated: 0M, In-Place: 0
[2.140s][info][gc,reloc    ] GC(6) Large Pages: 0 / 0M, Empty: 0M, Relocated: 0M, In-Place: 0
[2.140s][info][gc,reloc    ] GC(6) Forwarding Usage: 0M
[2.140s][info][gc,heap     ] GC(6) Min Capacity: 4096M(100%)
[2.140s][info][gc,heap     ] GC(6) Max Capacity: 4096M(100%)
[2.140s][info][gc,heap     ] GC(6) Soft Max Capacity: 4096M(100%)
[2.140s][info][gc,heap     ] GC(6)                Mark Start          Mark End        Relocate Start      Relocate End           High               Low         
[2.140s][info][gc,heap     ] GC(6)  Capacity:     4096M (100%)       4096M (100%)       4096M (100%)       4096M (100%)       4096M (100%)       4096M (100%)   
[2.140s][info][gc,heap     ] GC(6)      Free:     2818M (69%)        2816M (69%)        2814M (69%)        2814M (69%)        2818M (69%)        2814M (69%)    
[2.140s][info][gc,heap     ] GC(6)      Used:     1278M (31%)        1280M (31%)        1282M (31%)        1282M (31%)        1282M (31%)        1278M (31%)    
[2.140s][info][gc,heap     ] GC(6)      Live:         -              1136M (28%)        1136M (28%)        1136M (28%)            -                  -          
[2.140s][info][gc,heap     ] GC(6) Allocated:         -                 2M (0%)            4M (0%)            4M (0%)             -                  -          
[2.140s][info][gc,heap     ] GC(6)   Garbage:         -               141M (3%)          141M (3%)          141M (3%)             -                  -          
[2.140s][info][gc,heap     ] GC(6) Reclaimed:         -                  -                 0M (0%)            0M (0%)             -                  -          
[2.140s][info][gc          ] GC(6) Garbage Collection (Warmup) 1278M(31%)->1282M(31%)
[2.410s][info][gc,start    ] GC(7) Garbage Collection (Timer)
[2.410s][info][gc,task     ] GC(7) Using 2 workers
[2.410s][info][gc,phases   ] GC(7) Pause Mark Start 0.006ms
[2.433s][info][gc,phases   ] GC(7) Concurrent Mark 23.082ms
[2.434s][info][gc,phases   ] GC(7) Pause Mark End 0.009ms
[2.434s][info][gc,phases   ] GC(7) Concurrent Mark Free 0.001ms
[2.435s][info][gc,phases   ] GC(7) Concurrent Process Non-Strong References 0.899ms
[2.435s][info][gc,phases   ] GC(7) Concurrent Reset Relocation Set 0.001ms
[2.437s][info][gc,phases   ] GC(7) Concurrent Select Relocation Set 2.225ms
[2.437s][info][gc,phases   ] GC(7) Pause Relocate Start 0.006ms
[2.439s][info][gc,phases   ] GC(7) Concurrent Relocate 1.909ms
[2.439s][info][gc,load     ] GC(7) Load: 0.00/0.00/0.00
[2.439s][info][gc,mmu      ] GC(7) MMU: 2ms/99.3%, 5ms/99.6%, 10ms/99.8%, 20ms/99.9%, 50ms/100.0%, 100ms/100.0%
[2.439s][info][gc,marking  ] GC(7) Mark: 2 stripe(s), 2 proactive flush(es), 1 terminate flush(es), 0 completion(s), 0 continuation(s) 
[2.439s][info][gc,marking  ] GC(7) Mark Stack Usage: 32M
[2.439s][info][gc,nmethod  ] GC(7) NMethods: 475 registered, 0 unregistered
[2.439s][info][gc,metaspace] GC(7) Metaspace: 1M used, 1M committed, 1088M reserved
[2.439s][info][gc,ref      ] GC(7) Soft: 181 encountered, 0 discovered, 0 enqueued
[2.439s][info][gc,ref      ] GC(7) Weak: 263 encountered, 102 discovered, 0 enqueued
[2.439s][info][gc,ref      ] GC(7) Final: 0 encountered, 0 discovered, 0 enqueued
[2.439s][info][gc,ref      ] GC(7) Phantom: 7 encountered, 3 discovered, 0 enqueued
[2.439s][info][gc,reloc    ] GC(7) Small Pages: 720 / 1440M, Empty: 0M, Relocated: 3M, In-Place: 0
[2.439s][info][gc,reloc    ] GC(7) Medium Pages: 2 / 64M, Empty: 32M, Relocated: 0M, In-Place: 0
[2.439s][info][gc,reloc    ] GC(7) Large Pages: 0 / 0M, Empty: 0M, Relocated: 0M, In-Place: 0
[2.439s][info][gc,reloc    ] GC(7) Forwarding Usage: 0M
[2.439s][info][gc,heap     ] GC(7) Min Capacity: 4096M(100%)
[2.439s][info][gc,heap     ] GC(7) Max Capacity: 4096M(100%)
[2.439s][info][gc,heap     ] GC(7) Soft Max Capacity: 4096M(100%)
[2.439s][info][gc,heap     ] GC(7)                Mark Start          Mark End        Relocate Start      Relocate End           High               Low         
[2.440s][info][gc,heap     ] GC(7)  Capacity:     4096M (100%)       4096M (100%)       4096M (100%)       4096M (100%)       4096M (100%)       4096M (100%)   
[2.440s][info][gc,heap     ] GC(7)      Free:     2592M (63%)        2590M (63%)        2620M (64%)        2620M (64%)        2620M (64%)        2588M (63%)    
[2.440s][info][gc,heap     ] GC(7)      Used:     1504M (37%)        1506M (37%)        1476M (36%)        1476M (36%)        1508M (37%)        1476M (36%)    
[2.440s][info][gc,heap     ] GC(7)      Live:         -              1313M (32%)        1313M (32%)        1313M (32%)            -                  -          
[2.440s][info][gc,heap     ] GC(7) Allocated:         -                 2M (0%)            4M (0%)            3M (0%)             -                  -          
[2.440s][info][gc,heap     ] GC(7)   Garbage:         -               190M (5%)          158M (4%)          158M (4%)             -                  -          
[2.440s][info][gc,heap     ] GC(7) Reclaimed:         -                  -                32M (1%)           31M (1%)             -                  -          
[2.440s][info][gc          ] GC(7) Garbage Collection (Timer) 1504M(37%)->1476M(36%)
[2.710s][info][gc,start    ] GC(8) Garbage Collection (Timer)
[2.710s][info][gc,task     ] GC(8) Using 2 workers
[2.711s][info][gc,phases   ] GC(8) Pause Mark Start 0.006ms
[2.735s][info][gc,phases   ] GC(8) Concurrent Mark 23.834ms
[2.735s][info][gc,phases   ] GC(8) Pause Mark End 0.009ms
[2.735s][info][gc,phases   ] GC(8) Concurrent Mark Free 0.001ms
[2.736s][info][gc,phases   ] GC(8) Concurrent Process Non-Strong References 0.917ms
[2.736s][info][gc,phases   ] GC(8) Concurrent Reset Relocation Set 0.001ms
[2.738s][info][gc,phases   ] GC(8) Concurrent Select Relocation Set 2.204ms
[2.738s][info][gc,phases   ] GC(8) Pause Relocate Start 0.005ms
[2.739s][info][gc,phases   ] GC(8) Concurrent Relocate 0.862ms
[2.739s][info][gc,load     ] GC(8) Load: 0.00/0.00/0.00
[2.739s][info][gc,mmu      ] GC(8) MMU: 2ms/99.3%, 5ms/99.6%, 10ms/99.8%, 20ms/99.9%, 50ms/100.0%, 100ms/100.0%
[2.739s][info][gc,marking  ] GC(8) Mark: 2 stripe(s), 3 proactive flush(es), 1 terminate flush(es), 0 completion(s), 0 continuation(s) 
[2.739s][info][gc,marking  ] GC(8) Mark Stack Usage: 32M
[2.739s][info][gc,nmethod  ] GC(8) NMethods: 475 registered, 0 unregistered
[2.739s][info][gc,metaspace] GC(8) Metaspace: 1M used, 1M committed, 1088M reserved
[2.739s][info][gc,ref      ] GC(8) Soft: 181 encountered, 0 discovered, 0 enqueued
[2.739s][info][gc,ref      ] GC(8) Weak: 263 encountered, 121 discovered, 0 enqueued
[2.739s][info][gc,ref      ] GC(8) Final: 0 encountered, 0 discovered, 0 enqueued
[2.739s][info][gc,ref      ] GC(8) Phantom: 7 encountered, 2 discovered, 0 enqueued
[2.740s][info][gc,reloc    ] GC(8) Small Pages: 805 / 1610M, Empty: 0M, Relocated: 1M, In-Place: 0
[2.740s][info][gc,reloc    ] GC(8) Medium Pages: 1 / 32M, Empty: 0M, Relocated: 0M, In-Place: 0
[2.740s][info][gc,reloc    ] GC(8) Large Pages: 0 / 0M, Empty: 0M, Relocated: 0M, In-Place: 0
[2.740s][info][gc,reloc    ] GC(8) Forwarding Usage: 0M
[2.740s][info][gc,heap     ] GC(8) Min Capacity: 4096M(100%)
[2.740s][info][gc,heap     ] GC(8) Max Capacity: 4096M(100%)
[2.740s][info][gc,heap     ] GC(8) Soft Max Capacity: 4096M(100%)
[2.740s][info][gc,heap     ] GC(8)                Mark Start          Mark End        Relocate Start      Relocate End           High               Low         
[2.740s][info][gc,heap     ] GC(8)  Capacity:     4096M (100%)       4096M (100%)       4096M (100%)       4096M (100%)       4096M (100%)       4096M (100%)   
[2.740s][info][gc,heap     ] GC(8)      Free:     2454M (60%)        2452M (60%)        2450M (60%)        2450M (60%)        2454M (60%)        2446M (60%)    
[2.740s][info][gc,heap     ] GC(8)      Used:     1642M (40%)        1644M (40%)        1646M (40%)        1646M (40%)        1650M (40%)        1642M (40%)    
[2.740s][info][gc,heap     ] GC(8)      Live:         -              1468M (36%)        1468M (36%)        1468M (36%)            -                  -          
[2.740s][info][gc,heap     ] GC(8) Allocated:         -                 2M (0%)            4M (0%)            4M (0%)             -                  -          
[2.740s][info][gc,heap     ] GC(8)   Garbage:         -               173M (4%)          173M (4%)          173M (4%)             -                  -          
[2.740s][info][gc,heap     ] GC(8) Reclaimed:         -                  -                 0M (0%)            0M (0%)             -                  -          
[2.740s][info][gc          ] GC(8) Garbage Collection (Timer) 1642M(40%)->1646M(40%)
[3.010s][info][gc,start    ] GC(9) Garbage Collection (Timer)
[3.010s][info][gc,task     ] GC(9) Using 2 workers
[3.010s][info][gc,phases   ] GC(9) Pause Mark Start 0.005ms
[3.039s][info][gc,phases   ] GC(9) Concurrent Mark 29.153ms
[3.039s][info][gc,phases   ] GC(9) Pause Mark End 0.009ms
[3.040s][info][gc,phases   ] GC(9) Concurrent Mark Free 0.001ms
[3.040s][info][gc,phases   ] GC(9) Concurrent Process Non-Strong References 0.861ms
[3.041s][info][gc,phases   ] GC(9) Concurrent Reset Relocation Set 0.001ms
[3.043s][info][gc,phases   ] GC(9) Concurrent Select Relocation Set 2.180ms
[3.043s][info][gc,phases   ] GC(9) Pause Relocate Start 0.005ms
[3.044s][info][gc,phases   ] GC(9) Concurrent Relocate 0.659ms
[3.044s][info][gc,load     ] GC(9) Load: 0.00/0.00/0.00
[3.044s][info][gc,mmu      ] GC(9) MMU: 2ms/99.3%, 5ms/99.6%, 10ms/99.8%, 20ms/99.9%, 50ms/100.0%, 100ms/100.0%
[3.044s][info][gc,marking  ] GC(9) Mark: 2 stripe(s), 2 proactive flush(es), 1 terminate flush(es), 0 completion(s), 0 continuation(s) 
[3.044s][info][gc,marking  ] GC(9) Mark Stack Usage: 32M
[3.044s][info][gc,nmethod  ] GC(9) NMethods: 484 registered, 0 unregistered
[3.044s][info][gc,metaspace] GC(9) Metaspace: 1M used, 1M committed, 1088M reserved
[3.044s][info][gc,ref      ] GC(9) Soft: 181 encountered, 0 discovered, 0 enqueued
[3.044s][info][gc,ref      ] GC(9) Weak: 263 encountered, 137 discovered, 0 enqueued
[3.044s][info][gc,ref      ] GC(9) Final: 0 encountered, 0 discovered, 0 enqueued
[3.044s][info][gc,ref      ] GC(9) Phantom: 7 encountered, 2 discovered, 0 enqueued
[3.044s][info][gc,reloc    ] GC(9) Small Pages: 902 / 1804M, Empty: 0M, Relocated: 1M, In-Place: 0
[3.044s][info][gc,reloc    ] GC(9) Medium Pages: 1 / 32M, Empty: 0M, Relocated: 0M, In-Place: 0
[3.044s][info][gc,reloc    ] GC(9) Large Pages: 0 / 0M, Empty: 0M, Relocated: 0M, In-Place: 0
[3.044s][info][gc,reloc    ] GC(9) Forwarding Usage: 0M
[3.044s][info][gc,heap     ] GC(9) Min Capacity: 4096M(100%)
[3.044s][info][gc,heap     ] GC(9) Max Capacity: 4096M(100%)
[3.044s][info][gc,heap     ] GC(9) Soft Max Capacity: 4096M(100%)
[3.044s][info][gc,heap     ] GC(9)                Mark Start          Mark End        Relocate Start      Relocate End           High               Low         
[3.044s][info][gc,heap     ] GC(9)  Capacity:     4096M (100%)       4096M (100%)       4096M (100%)       4096M (100%)       4096M (100%)       4096M (100%)   
[3.044s][info][gc,heap     ] GC(9)      Free:     2260M (55%)        2254M (55%)        2254M (55%)        2254M (55%)        2260M (55%)        2250M (55%)    
[3.044s][info][gc,heap     ] GC(9)      Used:     1836M (45%)        1842M (45%)        1842M (45%)        1842M (45%)        1846M (45%)        1836M (45%)    
[3.044s][info][gc,heap     ] GC(9)      Live:         -              1644M (40%)        1644M (40%)        1644M (40%)            -                  -          
[3.044s][info][gc,heap     ] GC(9) Allocated:         -                 6M (0%)            6M (0%)            6M (0%)             -                  -          
[3.044s][info][gc,heap     ] GC(9)   Garbage:         -               191M (5%)          191M (5%)          191M (5%)             -                  -          
[3.044s][info][gc,heap     ] GC(9) Reclaimed:         -                  -                 0M (0%)            0M (0%)             -                  -          
[3.044s][info][gc          ] GC(9) Garbage Collection (Timer) 1836M(45%)->1842M(45%)
[3.311s][info][gc,start    ] GC(10) Garbage Collection (Timer)
[3.311s][info][gc,task     ] GC(10) Using 2 workers
[3.311s][info][gc,phases   ] GC(10) Pause Mark Start 0.005ms
[3.338s][info][gc,phases   ] GC(10) Concurrent Mark 26.671ms
[3.338s][info][gc,phases   ] GC(10) Pause Mark End 0.009ms
[3.338s][info][gc,phases   ] GC(10) Concurrent Mark Free 0.001ms
[3.339s][info][gc,phases   ] GC(10) Concurrent Process Non-Strong References 0.994ms
[3.339s][info][gc,phases   ] GC(10) Concurrent Reset Relocation Set 0.001ms
[3.341s][info][gc,phases   ] GC(10) Concurrent Select Relocation Set 2.201ms
[3.342s][info][gc,phases   ] GC(10) Pause Relocate Start 0.005ms
[3.342s][info][gc,phases   ] GC(10) Concurrent Relocate 0.642ms
[3.342s][info][gc,load     ] GC(10) Load: 0.00/0.00/0.00
[3.342s][info][gc,mmu      ] GC(10) MMU: 2ms/99.3%, 5ms/99.6%, 10ms/99.8%, 20ms/99.9%, 50ms/100.0%, 100ms/100.0%
[3.342s][info][gc,marking  ] GC(10) Mark: 2 stripe(s), 2 proactive flush(es), 1 terminate flush(es), 0 completion(s), 0 continuation(s) 
[3.343s][info][gc,marking  ] GC(10) Mark Stack Usage: 32M
[3.343s][info][gc,nmethod  ] GC(10) NMethods: 486 registered, 0 unregistered
[3.343s][info][gc,metaspace] GC(10) Metaspace: 1M used, 1M committed, 1088M reserved
[3.343s][info][gc,ref      ] GC(10) Soft: 181 encountered, 0 discovered, 0 enqueued
[3.343s][info][gc,ref      ] GC(10) Weak: 263 encountered, 121 discovered, 0 enqueued
[3.343s][info][gc,ref      ] GC(10) Final: 0 encountered, 0 discovered, 0 enqueued
[3.343s][info][gc,ref      ] GC(10) Phantom: 7 encountered, 2 discovered, 0 enqueued
[3.343s][info][gc,reloc    ] GC(10) Small Pages: 998 / 1996M, Empty: 0M, Relocated: 1M, In-Place: 0
[3.343s][info][gc,reloc    ] GC(10) Medium Pages: 1 / 32M, Empty: 0M, Relocated: 0M, In-Place: 0
[3.343s][info][gc,reloc    ] GC(10) Large Pages: 0 / 0M, Empty: 0M, Relocated: 0M, In-Place: 0
[3.343s][info][gc,reloc    ] GC(10) Forwarding Usage: 0M
[3.343s][info][gc,heap     ] GC(10) Min Capacity: 4096M(100%)
[3.343s][info][gc,heap     ] GC(10) Max Capacity: 4096M(100%)
[3.343s][info][gc,heap     ] GC(10) Soft Max Capacity: 4096M(100%)
[3.343s][info][gc,heap     ] GC(10)                Mark Start          Mark End        Relocate Start      Relocate End           High               Low         
[3.343s][info][gc,heap     ] GC(10)  Capacity:     4096M (100%)       4096M (100%)       4096M (100%)       4096M (100%)       4096M (100%)       4096M (100%)   
[3.343s][info][gc,heap     ] GC(10)      Free:     2068M (50%)        2064M (50%)        2064M (50%)        2064M (50%)        2068M (50%)        2060M (50%)    
[3.343s][info][gc,heap     ] GC(10)      Used:     2028M (50%)        2032M (50%)        2032M (50%)        2032M (50%)        2036M (50%)        2028M (50%)    
[3.343s][info][gc,heap     ] GC(10)      Live:         -              1819M (44%)        1819M (44%)        1819M (44%)            -                  -          
[3.343s][info][gc,heap     ] GC(10) Allocated:         -                 4M (0%)            4M (0%)            4M (0%)             -                  -          
[3.343s][info][gc,heap     ] GC(10)   Garbage:         -               208M (5%)          208M (5%)          208M (5%)             -                  -          
[3.343s][info][gc,heap     ] GC(10) Reclaimed:         -                  -                 0M (0%)            0M (0%)             -                  -          
[3.343s][info][gc          ] GC(10) Garbage Collection (Timer) 2028M(50%)->2032M(50%)
[3.610s][info][gc,start    ] GC(11) Garbage Collection (Timer)
[3.610s][info][gc,task     ] GC(11) Using 2 workers
[3.610s][info][gc,phases   ] GC(11) Pause Mark Start 0.005ms
[3.638s][info][gc,phases   ] GC(11) Concurrent Mark 27.248ms
[3.638s][info][gc,phases   ] GC(11) Pause Mark End 0.009ms
[3.638s][info][gc,phases   ] GC(11) Concurrent Mark Free 0.001ms
[3.639s][info][gc,phases   ] GC(11) Concurrent Process Non-Strong References 0.933ms
[3.639s][info][gc,phases   ] GC(11) Concurrent Reset Relocation Set 0.001ms
[3.641s][info][gc,phases   ] GC(11) Concurrent Select Relocation Set 2.221ms
[3.641s][info][gc,phases   ] GC(11) Pause Relocate Start 0.006ms
[3.642s][info][gc,phases   ] GC(11) Concurrent Relocate 0.991ms
[3.642s][info][gc,load     ] GC(11) Load: 0.00/0.00/0.00
[3.643s][info][gc,mmu      ] GC(11) MMU: 2ms/99.3%, 5ms/99.6%, 10ms/99.8%, 20ms/99.9%, 50ms/100.0%, 100ms/100.0%
[3.643s][info][gc,marking  ] GC(11) Mark: 2 stripe(s), 2 proactive flush(es), 1 terminate flush(es), 0 completion(s), 0 continuation(s) 
[3.643s][info][gc,marking  ] GC(11) Mark Stack Usage: 32M
[3.643s][info][gc,nmethod  ] GC(11) NMethods: 486 registered, 0 unregistered
[3.643s][info][gc,metaspace] GC(11) Metaspace: 1M used, 1M committed, 1088M reserved
[3.643s][info][gc,ref      ] GC(11) Soft: 181 encountered, 0 discovered, 0 enqueued
[3.643s][info][gc,ref      ] GC(11) Weak: 263 encountered, 121 discovered, 0 enqueued
[3.643s][info][gc,ref      ] GC(11) Final: 0 encountered, 0 discovered, 0 enqueued
[3.643s][info][gc,ref      ] GC(11) Phantom: 7 encountered, 4 discovered, 0 enqueued
[3.643s][info][gc,reloc    ] GC(11) Small Pages: 1084 / 2168M, Empty: 0M, Relocated: 1M, In-Place: 0
[3.643s][info][gc,reloc    ] GC(11) Medium Pages: 2 / 64M, Empty: 32M, Relocated: 0M, In-Place: 0
[3.643s][info][gc,reloc    ] GC(11) Large Pages: 0 / 0M, Empty: 0M, Relocated: 0M, In-Place: 0
[3.643s][info][gc,reloc    ] GC(11) Forwarding Usage: 0M
[3.643s][info][gc,heap     ] GC(11) Min Capacity: 4096M(100%)
[3.643s][info][gc,heap     ] GC(11) Max Capacity: 4096M(100%)
[3.643s][info][gc,heap     ] GC(11) Soft Max Capacity: 4096M(100%)
[3.643s][info][gc,heap     ] GC(11)                Mark Start          Mark End        Relocate Start      Relocate End           High               Low         
[3.643s][info][gc,heap     ] GC(11)  Capacity:     4096M (100%)       4096M (100%)       4096M (100%)       4096M (100%)       4096M (100%)       4096M (100%)   
[3.643s][info][gc,heap     ] GC(11)      Free:     1864M (46%)        1858M (45%)        1888M (46%)        1890M (46%)        1890M (46%)        1856M (45%)    
[3.643s][info][gc,heap     ] GC(11)      Used:     2232M (54%)        2238M (55%)        2208M (54%)        2206M (54%)        2240M (55%)        2206M (54%)    
[3.643s][info][gc,heap     ] GC(11)      Live:         -              1976M (48%)        1976M (48%)        1976M (48%)            -                  -          
[3.643s][info][gc,heap     ] GC(11) Allocated:         -                 6M (0%)            8M (0%)            8M (0%)             -                  -          
[3.643s][info][gc,heap     ] GC(11)   Garbage:         -               255M (6%)          223M (5%)          221M (5%)             -                  -          
[3.643s][info][gc,heap     ] GC(11) Reclaimed:         -                  -                32M (1%)           34M (1%)             -                  -          
[3.643s][info][gc          ] GC(11) Garbage Collection (Timer) 2232M(54%)->2206M(54%)
[3.911s][info][gc,start    ] GC(12) Garbage Collection (Timer)
[3.911s][info][gc,task     ] GC(12) Using 2 workers
[3.911s][info][gc,phases   ] GC(12) Pause Mark Start 0.006ms
[3.937s][info][gc,phases   ] GC(12) Concurrent Mark 25.683ms
[3.937s][info][gc,phases   ] GC(12) Pause Mark End 0.009ms
[3.937s][info][gc,phases   ] GC(12) Concurrent Mark Free 0.001ms
[3.938s][info][gc,phases   ] GC(12) Concurrent Process Non-Strong References 0.848ms
[3.938s][info][gc,phases   ] GC(12) Concurrent Reset Relocation Set 0.001ms
[3.940s][info][gc,phases   ] GC(12) Concurrent Select Relocation Set 2.186ms
[3.940s][info][gc,phases   ] GC(12) Pause Relocate Start 0.005ms
[3.941s][info][gc,phases   ] GC(12) Concurrent Relocate 0.917ms
[3.941s][info][gc,load     ] GC(12) Load: 0.00/0.00/0.00
[3.941s][info][gc,mmu      ] GC(12) MMU: 2ms/99.3%, 5ms/99.6%, 10ms/99.8%, 20ms/99.9%, 50ms/100.0%, 100ms/100.0%
[3.941s][info][gc,marking  ] GC(12) Mark: 2 stripe(s), 2 proactive flush(es), 1 terminate flush(es), 0 completion(s), 0 continuation(s) 
[3.941s][info][gc,marking  ] GC(12) Mark Stack Usage: 32M
[3.942s][info][gc,nmethod  ] GC(12) NMethods: 486 registered, 0 unregistered
[3.942s][info][gc,metaspace] GC(12) Metaspace: 1M used, 1M committed, 1088M reserved
[3.942s][info][gc,ref      ] GC(12) Soft: 181 encountered, 0 discovered, 0 enqueued
[3.942s][info][gc,ref      ] GC(12) Weak: 263 encountered, 137 discovered, 0 enqueued
[3.942s][info][gc,ref      ] GC(12) Final: 0 encountered, 0 discovered, 0 enqueued
[3.942s][info][gc,ref      ] GC(12) Phantom: 7 encountered, 3 discovered, 0 enqueued
[3.942s][info][gc,reloc    ] GC(12) Small Pages: 1161 / 2322M, Empty: 0M, Relocated: 1M, In-Place: 0
[3.942s][info][gc,reloc    ] GC(12) Medium Pages: 1 / 32M, Empty: 0M, Relocated: 0M, In-Place: 0
[3.942s][info][gc,reloc    ] GC(12) Large Pages: 0 / 0M, Empty: 0M, Relocated: 0M, In-Place: 0
[3.942s][info][gc,reloc    ] GC(12) Forwarding Usage: 0M
[3.942s][info][gc,heap     ] GC(12) Min Capacity: 4096M(100%)
[3.942s][info][gc,heap     ] GC(12) Max Capacity: 4096M(100%)
[3.942s][info][gc,heap     ] GC(12) Soft Max Capacity: 4096M(100%)
[3.942s][info][gc,heap     ] GC(12)                Mark Start          Mark End        Relocate Start      Relocate End           High               Low         
[3.942s][info][gc,heap     ] GC(12)  Capacity:     4096M (100%)       4096M (100%)       4096M (100%)       4096M (100%)       4096M (100%)       4096M (100%)   
[3.942s][info][gc,heap     ] GC(12)      Free:     1742M (43%)        1736M (42%)        1736M (42%)        1736M (42%)        1742M (43%)        1732M (42%)    
[3.942s][info][gc,heap     ] GC(12)      Used:     2354M (57%)        2360M (58%)        2360M (58%)        2360M (58%)        2364M (58%)        2354M (57%)    
[3.942s][info][gc,heap     ] GC(12)      Live:         -              2117M (52%)        2117M (52%)        2117M (52%)            -                  -          
[3.942s][info][gc,heap     ] GC(12) Allocated:         -                 6M (0%)            6M (0%)            6M (0%)             -                  -          
[3.942s][info][gc,heap     ] GC(12)   Garbage:         -               236M (6%)          236M (6%)          236M (6%)             -                  -          
[3.942s][info][gc,heap     ] GC(12) Reclaimed:         -                  -                 0M (0%)            0M (0%)             -                  -          
[3.942s][info][gc          ] GC(12) Garbage Collection (Timer) 2354M(57%)->2360M(58%)
[4.210s][info][gc,start    ] GC(13) Garbage Collection (Timer)
[4.210s][info][gc,task     ] GC(13) Using 2 workers
[4.211s][info][gc,phases   ] GC(13) Pause Mark Start 0.005ms
[4.235s][info][gc,phases   ] GC(13) Concurrent Mark 24.769ms
[4.236s][info][gc,phases   ] GC(13) Pause Mark End 0.009ms
[4.236s][info][gc,phases   ] GC(13) Concurrent Mark Free 0.001ms
[4.237s][info][gc,phases   ] GC(13) Concurrent Process Non-Strong References 0.925ms
[4.237s][info][gc,phases   ] GC(13) Concurrent Reset Relocation Set 0.001ms
[4.239s][info][gc,phases   ] GC(13) Concurrent Select Relocation Set 2.246ms
[4.239s][info][gc,phases   ] GC(13) Pause Relocate Start 0.005ms
[4.241s][info][gc,phases   ] GC(13) Concurrent Relocate 1.658ms
[4.241s][info][gc,load     ] GC(13) Load: 0.00/0.00/0.00
[4.241s][info][gc,mmu      ] GC(13) MMU: 2ms/99.3%, 5ms/99.6%, 10ms/99.8%, 20ms/99.9%, 50ms/100.0%, 100ms/100.0%
[4.241s][info][gc,marking  ] GC(13) Mark: 2 stripe(s), 2 proactive flush(es), 1 terminate flush(es), 0 completion(s), 0 continuation(s) 
[4.241s][info][gc,marking  ] GC(13) Mark Stack Usage: 32M
[4.241s][info][gc,nmethod  ] GC(13) NMethods: 491 registered, 0 unregistered
[4.241s][info][gc,metaspace] GC(13) Metaspace: 1M used, 1M committed, 1088M reserved
[4.241s][info][gc,ref      ] GC(13) Soft: 181 encountered, 0 discovered, 0 enqueued
[4.241s][info][gc,ref      ] GC(13) Weak: 263 encountered, 110 discovered, 0 enqueued
[4.241s][info][gc,ref      ] GC(13) Final: 0 encountered, 0 discovered, 0 enqueued
[4.241s][info][gc,ref      ] GC(13) Phantom: 7 encountered, 2 discovered, 0 enqueued
[4.241s][info][gc,reloc    ] GC(13) Small Pages: 1221 / 2442M, Empty: 0M, Relocated: 3M, In-Place: 0
[4.241s][info][gc,reloc    ] GC(13) Medium Pages: 1 / 32M, Empty: 0M, Relocated: 0M, In-Place: 0
[4.241s][info][gc,reloc    ] GC(13) Large Pages: 0 / 0M, Empty: 0M, Relocated: 0M, In-Place: 0
[4.241s][info][gc,reloc    ] GC(13) Forwarding Usage: 0M
[4.241s][info][gc,heap     ] GC(13) Min Capacity: 4096M(100%)
[4.241s][info][gc,heap     ] GC(13) Max Capacity: 4096M(100%)
[4.241s][info][gc,heap     ] GC(13) Soft Max Capacity: 4096M(100%)
[4.241s][info][gc,heap     ] GC(13)                Mark Start          Mark End        Relocate Start      Relocate End           High               Low         
[4.241s][info][gc,heap     ] GC(13)  Capacity:     4096M (100%)       4096M (100%)       4096M (100%)       4096M (100%)       4096M (100%)       4096M (100%)   
[4.241s][info][gc,heap     ] GC(13)      Free:     1622M (40%)        1616M (39%)        1614M (39%)        1620M (40%)        1622M (40%)        1610M (39%)    
[4.241s][info][gc,heap     ] GC(13)      Used:     2474M (60%)        2480M (61%)        2482M (61%)        2476M (60%)        2486M (61%)        2474M (60%)    
[4.241s][info][gc,heap     ] GC(13)      Live:         -              2224M (54%)        2224M (54%)        2224M (54%)            -                  -          
[4.242s][info][gc,heap     ] GC(13) Allocated:         -                 6M (0%)            8M (0%)            7M (0%)             -                  -          
[4.242s][info][gc,heap     ] GC(13)   Garbage:         -               249M (6%)          249M (6%)          243M (6%)             -                  -          
[4.242s][info][gc,heap     ] GC(13) Reclaimed:         -                  -                 0M (0%)            5M (0%)             -                  -          
[4.242s][info][gc          ] GC(13) Garbage Collection (Timer) 2474M(60%)->2476M(60%)
[4.510s][info][gc,start    ] GC(14) Garbage Collection (Timer)
[4.510s][info][gc,task     ] GC(14) Using 2 workers
[4.510s][info][gc,phases   ] GC(14) Pause Mark Start 0.006ms
[4.535s][info][gc,phases   ] GC(14) Concurrent Mark 24.691ms
[4.535s][info][gc,phases   ] GC(14) Pause Mark End 0.009ms
[4.535s][info][gc,phases   ] GC(14) Concurrent Mark Free 0.001ms
[4.536s][info][gc,phases   ] GC(14) Concurrent Process Non-Strong References 0.915ms
[4.536s][info][gc,phases   ] GC(14) Concurrent Reset Relocation Set 0.001ms
[4.539s][info][gc,phases   ] GC(14) Concurrent Select Relocation Set 2.180ms
[4.539s][info][gc,phases   ] GC(14) Pause Relocate Start 0.004ms
[4.539s][info][gc,phases   ] GC(14) Concurrent Relocate 0.105ms
[4.539s][info][gc,load     ] GC(14) Load: 0.00/0.00/0.00
[4.539s][info][gc,mmu      ] GC(14) MMU: 2ms/99.3%, 5ms/99.6%, 10ms/99.8%, 20ms/99.9%, 50ms/100.0%, 100ms/100.0%
[4.539s][info][gc,marking  ] GC(14) Mark: 2 stripe(s), 2 proactive flush(es), 1 terminate flush(es), 0 completion(s), 0 continuation(s) 
[4.539s][info][gc,marking  ] GC(14) Mark Stack Usage: 32M
[4.539s][info][gc,nmethod  ] GC(14) NMethods: 491 registered, 0 unregistered
[4.539s][info][gc,metaspace] GC(14) Metaspace: 1M used, 1M committed, 1088M reserved
[4.539s][info][gc,ref      ] GC(14) Soft: 181 encountered, 0 discovered, 0 enqueued
[4.539s][info][gc,ref      ] GC(14) Weak: 263 encountered, 110 discovered, 0 enqueued
[4.539s][info][gc,ref      ] GC(14) Final: 0 encountered, 0 discovered, 0 enqueued
[4.539s][info][gc,ref      ] GC(14) Phantom: 7 encountered, 2 discovered, 0 enqueued
[4.539s][info][gc,reloc    ] GC(14) Small Pages: 1273 / 2546M, Empty: 0M, Relocated: 0M, In-Place: 0
[4.539s][info][gc,reloc    ] GC(14) Medium Pages: 1 / 32M, Empty: 0M, Relocated: 0M, In-Place: 0
[4.539s][info][gc,reloc    ] GC(14) Large Pages: 0 / 0M, Empty: 0M, Relocated: 0M, In-Place: 0
[4.539s][info][gc,reloc    ] GC(14) Forwarding Usage: 0M
[4.539s][info][gc,heap     ] GC(14) Min Capacity: 4096M(100%)
[4.539s][info][gc,heap     ] GC(14) Max Capacity: 4096M(100%)
[4.539s][info][gc,heap     ] GC(14) Soft Max Capacity: 4096M(100%)
[4.539s][info][gc,heap     ] GC(14)                Mark Start          Mark End        Relocate Start      Relocate End           High               Low         
[4.539s][info][gc,heap     ] GC(14)  Capacity:     4096M (100%)       4096M (100%)       4096M (100%)       4096M (100%)       4096M (100%)       4096M (100%)   
[4.540s][info][gc,heap     ] GC(14)      Free:     1518M (37%)        1512M (37%)        1510M (37%)        1508M (37%)        1518M (37%)        1508M (37%)    
[4.540s][info][gc,heap     ] GC(14)      Used:     2578M (63%)        2584M (63%)        2586M (63%)        2588M (63%)        2588M (63%)        2578M (63%)    
[4.540s][info][gc,heap     ] GC(14)      Live:         -              2324M (57%)        2324M (57%)        2324M (57%)            -                  -          
[4.540s][info][gc,heap     ] GC(14) Allocated:         -                 6M (0%)            8M (0%)           10M (0%)             -                  -          
[4.540s][info][gc,heap     ] GC(14)   Garbage:         -               253M (6%)          253M (6%)          253M (6%)             -                  -          
[4.540s][info][gc,heap     ] GC(14) Reclaimed:         -                  -                 0M (0%)            0M (0%)             -                  -          
[4.540s][info][gc          ] GC(14) Garbage Collection (Timer) 2578M(63%)->2588M(63%)
[4.810s][info][gc,start    ] GC(15) Garbage Collection (Timer)
[4.810s][info][gc,task     ] GC(15) Using 2 workers
[4.810s][info][gc,phases   ] GC(15) Pause Mark Start 0.005ms
[4.836s][info][gc,phases   ] GC(15) Concurrent Mark 25.593ms
[4.836s][info][gc,phases   ] GC(15) Pause Mark End 0.010ms
[4.836s][info][gc,phases   ] GC(15) Concurrent Mark Free 0.001ms
[4.837s][info][gc,phases   ] GC(15) Concurrent Process Non-Strong References 0.975ms
[4.837s][info][gc,phases   ] GC(15) Concurrent Reset Relocation Set 0.001ms
[4.840s][info][gc,phases   ] GC(15) Concurrent Select Relocation Set 2.190ms
[4.840s][info][gc,phases   ] GC(15) Pause Relocate Start 0.005ms
[4.841s][info][gc,phases   ] GC(15) Concurrent Relocate 0.922ms
[4.841s][info][gc,load     ] GC(15) Load: 0.00/0.00/0.00
[4.841s][info][gc,mmu      ] GC(15) MMU: 2ms/99.3%, 5ms/99.6%, 10ms/99.8%, 20ms/99.9%, 50ms/100.0%, 100ms/100.0%
[4.841s][info][gc,marking  ] GC(15) Mark: 2 stripe(s), 2 proactive flush(es), 1 terminate flush(es), 0 completion(s), 0 continuation(s) 
[4.841s][info][gc,marking  ] GC(15) Mark Stack Usage: 32M
[4.841s][info][gc,nmethod  ] GC(15) NMethods: 491 registered, 0 unregistered
[4.841s][info][gc,metaspace] GC(15) Metaspace: 1M used, 1M committed, 1088M reserved
[4.841s][info][gc,ref      ] GC(15) Soft: 181 encountered, 0 discovered, 0 enqueued
[4.841s][info][gc,ref      ] GC(15) Weak: 263 encountered, 126 discovered, 0 enqueued
[4.841s][info][gc,ref      ] GC(15) Final: 0 encountered, 0 discovered, 0 enqueued
[4.841s][info][gc,ref      ] GC(15) Phantom: 7 encountered, 3 discovered, 0 enqueued
[4.841s][info][gc,reloc    ] GC(15) Small Pages: 1332 / 2664M, Empty: 0M, Relocated: 1M, In-Place: 0
[4.841s][info][gc,reloc    ] GC(15) Medium Pages: 1 / 32M, Empty: 0M, Relocated: 0M, In-Place: 0
[4.841s][info][gc,reloc    ] GC(15) Large Pages: 0 / 0M, Empty: 0M, Relocated: 0M, In-Place: 0
[4.841s][info][gc,reloc    ] GC(15) Forwarding Usage: 0M
[4.841s][info][gc,heap     ] GC(15) Min Capacity: 4096M(100%)
[4.841s][info][gc,heap     ] GC(15) Max Capacity: 4096M(100%)
[4.841s][info][gc,heap     ] GC(15) Soft Max Capacity: 4096M(100%)
[4.841s][info][gc,heap     ] GC(15)                Mark Start          Mark End        Relocate Start      Relocate End           High               Low         
[4.841s][info][gc,heap     ] GC(15)  Capacity:     4096M (100%)       4096M (100%)       4096M (100%)       4096M (100%)       4096M (100%)       4096M (100%)   
[4.841s][info][gc,heap     ] GC(15)      Free:     1400M (34%)        1396M (34%)        1394M (34%)        1394M (34%)        1400M (34%)        1390M (34%)    
[4.841s][info][gc,heap     ] GC(15)      Used:     2696M (66%)        2700M (66%)        2702M (66%)        2702M (66%)        2706M (66%)        2696M (66%)    
[4.841s][info][gc,heap     ] GC(15)      Live:         -              2431M (59%)        2431M (59%)        2431M (59%)            -                  -          
[4.841s][info][gc,heap     ] GC(15) Allocated:         -                 4M (0%)            6M (0%)            6M (0%)             -                  -          
[4.841s][info][gc,heap     ] GC(15)   Garbage:         -               264M (6%)          264M (6%)          264M (6%)             -                  -          
[4.841s][info][gc,heap     ] GC(15) Reclaimed:         -                  -                 0M (0%)            0M (0%)             -                  -          
[4.841s][info][gc          ] GC(15) Garbage Collection (Timer) 2696M(66%)->2702M(66%)
[5.110s][info][gc,start    ] GC(16) Garbage Collection (Timer)
[5.110s][info][gc,task     ] GC(16) Using 2 workers
[5.110s][info][gc,phases   ] GC(16) Pause Mark Start 0.006ms
[5.137s][info][gc,phases   ] GC(16) Concurrent Mark 26.690ms
[5.137s][info][gc,phases   ] GC(16) Pause Mark End 0.010ms
[5.137s][info][gc,phases   ] GC(16) Concurrent Mark Free 0.001ms
[5.138s][info][gc,phases   ] GC(16) Concurrent Process Non-Strong References 0.986ms
[5.138s][info][gc,phases   ] GC(16) Concurrent Reset Relocation Set 0.001ms
[5.141s][info][gc,phases   ] GC(16) Concurrent Select Relocation Set 2.373ms
[5.141s][info][gc,phases   ] GC(16) Pause Relocate Start 0.006ms
[5.142s][info][gc,phases   ] GC(16) Concurrent Relocate 1.157ms
[5.142s][info][gc,load     ] GC(16) Load: 0.00/0.00/0.00
[5.142s][info][gc,mmu      ] GC(16) MMU: 2ms/99.3%, 5ms/99.6%, 10ms/99.8%, 20ms/99.9%, 50ms/100.0%, 100ms/100.0%
[5.142s][info][gc,marking  ] GC(16) Mark: 2 stripe(s), 2 proactive flush(es), 1 terminate flush(es), 0 completion(s), 0 continuation(s) 
[5.142s][info][gc,marking  ] GC(16) Mark Stack Usage: 32M
[5.142s][info][gc,nmethod  ] GC(16) NMethods: 491 registered, 0 unregistered
[5.142s][info][gc,metaspace] GC(16) Metaspace: 1M used, 1M committed, 1088M reserved
[5.142s][info][gc,ref      ] GC(16) Soft: 181 encountered, 0 discovered, 0 enqueued
[5.142s][info][gc,ref      ] GC(16) Weak: 263 encountered, 110 discovered, 0 enqueued
[5.142s][info][gc,ref      ] GC(16) Final: 0 encountered, 0 discovered, 0 enqueued
[5.142s][info][gc,ref      ] GC(16) Phantom: 7 encountered, 2 discovered, 0 enqueued
[5.142s][info][gc,reloc    ] GC(16) Small Pages: 1389 / 2778M, Empty: 0M, Relocated: 1M, In-Place: 0
[5.142s][info][gc,reloc    ] GC(16) Medium Pages: 1 / 32M, Empty: 0M, Relocated: 0M, In-Place: 0
[5.142s][info][gc,reloc    ] GC(16) Large Pages: 0 / 0M, Empty: 0M, Relocated: 0M, In-Place: 0
[5.142s][info][gc,reloc    ] GC(16) Forwarding Usage: 0M
[5.142s][info][gc,heap     ] GC(16) Min Capacity: 4096M(100%)
[5.142s][info][gc,heap     ] GC(16) Max Capacity: 4096M(100%)
[5.142s][info][gc,heap     ] GC(16) Soft Max Capacity: 4096M(100%)
[5.142s][info][gc,heap     ] GC(16)                Mark Start          Mark End        Relocate Start      Relocate End           High               Low         
[5.142s][info][gc,heap     ] GC(16)  Capacity:     4096M (100%)       4096M (100%)       4096M (100%)       4096M (100%)       4096M (100%)       4096M (100%)   
[5.142s][info][gc,heap     ] GC(16)      Free:     1286M (31%)        1282M (31%)        1280M (31%)        1280M (31%)        1286M (31%)        1274M (31%)    
[5.143s][info][gc,heap     ] GC(16)      Used:     2810M (69%)        2814M (69%)        2816M (69%)        2816M (69%)        2822M (69%)        2810M (69%)    
[5.143s][info][gc,heap     ] GC(16)      Live:         -              2533M (62%)        2533M (62%)        2533M (62%)            -                  -          
[5.143s][info][gc,heap     ] GC(16) Allocated:         -                 4M (0%)            6M (0%)            8M (0%)             -                  -          
[5.143s][info][gc,heap     ] GC(16)   Garbage:         -               276M (7%)          276M (7%)          274M (7%)             -                  -          
[5.143s][info][gc,heap     ] GC(16) Reclaimed:         -                  -                 0M (0%)            2M (0%)             -                  -          
[5.143s][info][gc          ] GC(16) Garbage Collection (Timer) 2810M(69%)->2816M(69%)
[5.411s][info][gc,start    ] GC(17) Garbage Collection (Timer)
[5.411s][info][gc,task     ] GC(17) Using 2 workers
[5.411s][info][gc,phases   ] GC(17) Pause Mark Start 0.006ms
[5.443s][info][gc,phases   ] GC(17) Concurrent Mark 31.818ms
[5.443s][info][gc,phases   ] GC(17) Pause Mark End 0.010ms
[5.443s][info][gc,phases   ] GC(17) Concurrent Mark Free 0.001ms
[5.444s][info][gc,phases   ] GC(17) Concurrent Process Non-Strong References 0.884ms
[5.444s][info][gc,phases   ] GC(17) Concurrent Reset Relocation Set 0.001ms
[5.446s][info][gc,phases   ] GC(17) Concurrent Select Relocation Set 2.259ms
[5.447s][info][gc,phases   ] GC(17) Pause Relocate Start 0.005ms
[5.448s][info][gc,phases   ] GC(17) Concurrent Relocate 1.072ms
[5.448s][info][gc,load     ] GC(17) Load: 0.00/0.00/0.00
[5.448s][info][gc,mmu      ] GC(17) MMU: 2ms/99.3%, 5ms/99.6%, 10ms/99.8%, 20ms/99.9%, 50ms/100.0%, 100ms/100.0%
[5.448s][info][gc,marking  ] GC(17) Mark: 2 stripe(s), 2 proactive flush(es), 1 terminate flush(es), 0 completion(s), 0 continuation(s) 
[5.448s][info][gc,marking  ] GC(17) Mark Stack Usage: 32M
[5.448s][info][gc,nmethod  ] GC(17) NMethods: 491 registered, 0 unregistered
[5.448s][info][gc,metaspace] GC(17) Metaspace: 1M used, 1M committed, 1088M reserved
[5.448s][info][gc,ref      ] GC(17) Soft: 181 encountered, 0 discovered, 0 enqueued
[5.448s][info][gc,ref      ] GC(17) Weak: 263 encountered, 136 discovered, 0 enqueued
[5.448s][info][gc,ref      ] GC(17) Final: 0 encountered, 0 discovered, 0 enqueued
[5.448s][info][gc,ref      ] GC(17) Phantom: 7 encountered, 2 discovered, 0 enqueued
[5.448s][info][gc,reloc    ] GC(17) Small Pages: 1463 / 2926M, Empty: 0M, Relocated: 1M, In-Place: 0
[5.448s][info][gc,reloc    ] GC(17) Medium Pages: 1 / 32M, Empty: 0M, Relocated: 0M, In-Place: 0
[5.448s][info][gc,reloc    ] GC(17) Large Pages: 0 / 0M, Empty: 0M, Relocated: 0M, In-Place: 0
[5.448s][info][gc,reloc    ] GC(17) Forwarding Usage: 0M
[5.448s][info][gc,heap     ] GC(17) Min Capacity: 4096M(100%)
[5.448s][info][gc,heap     ] GC(17) Max Capacity: 4096M(100%)
[5.448s][info][gc,heap     ] GC(17) Soft Max Capacity: 4096M(100%)
[5.448s][info][gc,heap     ] GC(17)                Mark Start          Mark End        Relocate Start      Relocate End           High               Low         
[5.448s][info][gc,heap     ] GC(17)  Capacity:     4096M (100%)       4096M (100%)       4096M (100%)       4096M (100%)       4096M (100%)       4096M (100%)   
[5.448s][info][gc,heap     ] GC(17)      Free:     1138M (28%)        1136M (28%)        1134M (28%)        1134M (28%)        1138M (28%)        1130M (28%)    
[5.448s][info][gc,heap     ] GC(17)      Used:     2958M (72%)        2960M (72%)        2962M (72%)        2962M (72%)        2966M (72%)        2958M (72%)    
[5.448s][info][gc,heap     ] GC(17)      Live:         -              2670M (65%)        2670M (65%)        2670M (65%)            -                  -          
[5.448s][info][gc,heap     ] GC(17) Allocated:         -                 2M (0%)            4M (0%)            4M (0%)             -                  -          
[5.448s][info][gc,heap     ] GC(17)   Garbage:         -               287M (7%)          287M (7%)          287M (7%)             -                  -          
[5.448s][info][gc,heap     ] GC(17) Reclaimed:         -                  -                 0M (0%)            0M (0%)             -                  -          
[5.448s][info][gc          ] GC(17) Garbage Collection (Timer) 2958M(72%)->2962M(72%)
[5.564s][info][gc,heap,exit] Heap
[5.564s][info][gc,heap,exit]  ZHeap           used 3032M, capacity 4096M, max capacity 4096M
[5.564s][info][gc,heap,exit]  Metaspace       used 1572K, committed 1792K, reserved 1114112K
[5.564s][info][gc,heap,exit]   class space    used 147K, committed 256K, reserved 1048576K
