[0.022s][info][gc,init] Initializing The Z Garbage Collector
[0.022s][info][gc,init] Version: 17.0.11+1-LTS (release)
[0.022s][info][gc,init] NUMA Support: Disabled
[0.022s][info][gc,init] CPUs: 12 total, 12 available
[0.022s][info][gc,init] Memory: 24496M
[0.022s][info][gc,init] Large Page Support: Disabled
[0.023s][info][gc,init] GC Workers: 4 (dynamic)
[0.024s][info][gc,init] Address Space Type: Contiguous/Unrestricted/Complete
[0.024s][info][gc,init] Address Space Size: 65536M x 3 = 196608M
[0.024s][info][gc,init] Min Capacity: 4096M
[0.024s][info][gc,init] Initial Capacity: 4096M
[0.025s][info][gc,init] Max Capacity: 4096M
[0.025s][info][gc,init] Medium Page Size: 32M
[0.025s][info][gc,init] Pre-touch: Disabled
[0.025s][info][gc,init] Uncommit: Implicitly Disabled (-Xms equals -Xmx)
[0.247s][info][gc,init] Runtime Workers: 8
[0.248s][info][gc     ] Using The Z Garbage Collector
[0.258s][info][gc,metaspace] CDS archive(s) mapped at: [0x000001793e000000-0x000001793ebc0000-0x000001793ebc0000), size 12320768, SharedBaseAddress: 0x000001793e000000, ArchiveRelocationMode: 1.
[0.258s][info][gc,metaspace] Compressed class space mapped at: 0x000001793f000000-0x000001797f000000, reserved size: 1073741824
[0.258s][info][gc,metaspace] Narrow klass base: 0x000001793e000000, Narrow klass shift: 0, Narrow klass range: 0x100000000
[0.389s][info][gc,start    ] GC(0) Garbage Collection (Timer)
[0.390s][info][gc,task     ] GC(0) Using 4 workers
[0.390s][info][gc,phases   ] GC(0) Pause Mark Start 0.005ms
[0.393s][info][gc,phases   ] GC(0) Concurrent Mark 3.210ms
[0.393s][info][gc,phases   ] GC(0) Pause Mark End 0.015ms
[0.393s][info][gc,phases   ] GC(0) Concurrent Mark Free 0.001ms
[0.394s][info][gc,phases   ] GC(0) Concurrent Process Non-Strong References 0.393ms
[0.394s][info][gc,phases   ] GC(0) Concurrent Reset Relocation Set 0.001ms
[0.403s][info][gc,phases   ] GC(0) Concurrent Select Relocation Set 9.557ms
[0.403s][info][gc,phases   ] GC(0) Pause Relocate Start 0.009ms
[0.405s][info][gc,phases   ] GC(0) Concurrent Relocate 1.648ms
[0.405s][info][gc,load     ] GC(0) Load: 0.00/0.00/0.00
[0.405s][info][gc,mmu      ] GC(0) MMU: 2ms/99.2%, 5ms/99.6%, 10ms/99.8%, 20ms/99.9%, 50ms/99.9%, 100ms/100.0%
[0.405s][info][gc,marking  ] GC(0) Mark: 4 stripe(s), 1 proactive flush(es), 1 terminate flush(es), 0 completion(s), 0 continuation(s) 
[0.405s][info][gc,marking  ] GC(0) Mark Stack Usage: 32M
[0.405s][info][gc,nmethod  ] GC(0) NMethods: 158 registered, 0 unregistered
[0.405s][info][gc,metaspace] GC(0) Metaspace: 0M used, 0M committed, 1088M reserved
[0.405s][info][gc,ref      ] GC(0) Soft: 36 encountered, 0 discovered, 0 enqueued
[0.405s][info][gc,ref      ] GC(0) Weak: 103 encountered, 18 discovered, 18 enqueued
[0.405s][info][gc,ref      ] GC(0) Final: 0 encountered, 0 discovered, 0 enqueued
[0.405s][info][gc,ref      ] GC(0) Phantom: 16 encountered, 13 discovered, 13 enqueued
[0.405s][info][gc,reloc    ] GC(0) Small Pages: 3 / 6M, Empty: 0M, Relocated: 1M, In-Place: 0
[0.405s][info][gc,reloc    ] GC(0) Medium Pages: 0 / 0M, Empty: 0M, Relocated: 0M, In-Place: 0
[0.406s][info][gc,reloc    ] GC(0) Large Pages: 0 / 0M, Empty: 0M, Relocated: 0M, In-Place: 0
[0.406s][info][gc,reloc    ] GC(0) Forwarding Usage: 0M
[0.406s][info][gc,heap     ] GC(0) Min Capacity: 4096M(100%)
[0.406s][info][gc,heap     ] GC(0) Max Capacity: 4096M(100%)
[0.406s][info][gc,heap     ] GC(0) Soft Max Capacity: 4096M(100%)
[0.406s][info][gc,heap     ] GC(0)                Mark Start          Mark End        Relocate Start      Relocate End           High               Low         
[0.406s][info][gc,heap     ] GC(0)  Capacity:     4096M (100%)       4096M (100%)       4096M (100%)       4096M (100%)       4096M (100%)       4096M (100%)   
[0.406s][info][gc,heap     ] GC(0)      Free:     4090M (100%)       4090M (100%)       4090M (100%)       4090M (100%)       4090M (100%)       4086M (100%)   
[0.406s][info][gc,heap     ] GC(0)      Used:        6M (0%)            6M (0%)            6M (0%)            6M (0%)           10M (0%)            6M (0%)     
[0.406s][info][gc,heap     ] GC(0)      Live:         -                 1M (0%)            1M (0%)            1M (0%)             -                  -          
[0.406s][info][gc,heap     ] GC(0) Allocated:         -                 0M (0%)            0M (0%)            0M (0%)             -                  -          
[0.406s][info][gc,heap     ] GC(0)   Garbage:         -                 4M (0%)            4M (0%)            4M (0%)             -                  -          
[0.406s][info][gc,heap     ] GC(0) Reclaimed:         -                  -                 0M (0%)            0M (0%)             -                  -          
[0.406s][info][gc          ] GC(0) Garbage Collection (Timer) 6M(0%)->6M(0%)
[0.681s][info][gc,start    ] GC(1) Garbage Collection (Timer)
[0.682s][info][gc,task     ] GC(1) Using 4 workers
[0.682s][info][gc,phases   ] GC(1) Pause Mark Start 0.005ms
[0.695s][info][gc,phases   ] GC(1) Concurrent Mark 12.729ms
[0.695s][info][gc,phases   ] GC(1) Pause Mark End 0.009ms
[0.695s][info][gc,phases   ] GC(1) Concurrent Mark Free 0.001ms
[0.695s][info][gc,phases   ] GC(1) Concurrent Process Non-Strong References 0.495ms
[0.695s][info][gc,phases   ] GC(1) Concurrent Reset Relocation Set 0.001ms
[0.698s][info][gc,phases   ] GC(1) Concurrent Select Relocation Set 2.232ms
[0.698s][info][gc,phases   ] GC(1) Pause Relocate Start 0.005ms
[0.699s][info][gc,phases   ] GC(1) Concurrent Relocate 1.410ms
[0.699s][info][gc,load     ] GC(1) Load: 0.00/0.00/0.00
[0.699s][info][gc,mmu      ] GC(1) MMU: 2ms/99.2%, 5ms/99.6%, 10ms/99.8%, 20ms/99.9%, 50ms/99.9%, 100ms/100.0%
[0.699s][info][gc,marking  ] GC(1) Mark: 4 stripe(s), 2 proactive flush(es), 1 terminate flush(es), 0 completion(s), 0 continuation(s) 
[0.699s][info][gc,marking  ] GC(1) Mark Stack Usage: 32M
[0.699s][info][gc,nmethod  ] GC(1) NMethods: 293 registered, 0 unregistered
[0.699s][info][gc,metaspace] GC(1) Metaspace: 0M used, 0M committed, 1088M reserved
[0.699s][info][gc,ref      ] GC(1) Soft: 72 encountered, 0 discovered, 0 enqueued
[0.699s][info][gc,ref      ] GC(1) Weak: 177 encountered, 119 discovered, 23 enqueued
[0.699s][info][gc,ref      ] GC(1) Final: 0 encountered, 0 discovered, 0 enqueued
[0.699s][info][gc,ref      ] GC(1) Phantom: 13 encountered, 11 discovered, 6 enqueued
[0.699s][info][gc,reloc    ] GC(1) Small Pages: 125 / 250M, Empty: 0M, Relocated: 1M, In-Place: 0
[0.700s][info][gc,reloc    ] GC(1) Medium Pages: 0 / 0M, Empty: 0M, Relocated: 0M, In-Place: 0
[0.700s][info][gc,reloc    ] GC(1) Large Pages: 0 / 0M, Empty: 0M, Relocated: 0M, In-Place: 0
[0.700s][info][gc,reloc    ] GC(1) Forwarding Usage: 0M
[0.700s][info][gc,heap     ] GC(1) Min Capacity: 4096M(100%)
[0.700s][info][gc,heap     ] GC(1) Max Capacity: 4096M(100%)
[0.700s][info][gc,heap     ] GC(1) Soft Max Capacity: 4096M(100%)
[0.700s][info][gc,heap     ] GC(1)                Mark Start          Mark End        Relocate Start      Relocate End           High               Low         
[0.700s][info][gc,heap     ] GC(1)  Capacity:     4096M (100%)       4096M (100%)       4096M (100%)       4096M (100%)       4096M (100%)       4096M (100%)   
[0.700s][info][gc,heap     ] GC(1)      Free:     3846M (94%)        3842M (94%)        3840M (94%)        3840M (94%)        3846M (94%)        3836M (94%)    
[0.700s][info][gc,heap     ] GC(1)      Used:      250M (6%)          254M (6%)          256M (6%)          256M (6%)          260M (6%)          250M (6%)     
[0.700s][info][gc,heap     ] GC(1)      Live:         -               220M (5%)          220M (5%)          220M (5%)             -                  -          
[0.700s][info][gc,heap     ] GC(1) Allocated:         -                 4M (0%)            6M (0%)            7M (0%)             -                  -          
[0.700s][info][gc,heap     ] GC(1)   Garbage:         -                29M (1%)           29M (1%)           27M (1%)             -                  -          
[0.700s][info][gc,heap     ] GC(1) Reclaimed:         -                  -                 0M (0%)            1M (0%)             -                  -          
[0.700s][info][gc          ] GC(1) Garbage Collection (Timer) 250M(6%)->256M(6%)
[0.882s][info][gc,start    ] GC(2) Garbage Collection (Warmup)
[0.883s][info][gc,task     ] GC(2) Using 4 workers
[0.883s][info][gc,phases   ] GC(2) Pause Mark Start 0.006ms
[0.900s][info][gc,phases   ] GC(2) Concurrent Mark 17.698ms
[0.901s][info][gc,phases   ] GC(2) Pause Mark End 0.009ms
[0.901s][info][gc,phases   ] GC(2) Concurrent Mark Free 0.001ms
[0.901s][info][gc,phases   ] GC(2) Concurrent Process Non-Strong References 0.599ms
[0.901s][info][gc,phases   ] GC(2) Concurrent Reset Relocation Set 0.001ms
[0.904s][info][gc,phases   ] GC(2) Concurrent Select Relocation Set 2.347ms
[0.904s][info][gc,phases   ] GC(2) Pause Relocate Start 0.006ms
[0.906s][info][gc,phases   ] GC(2) Concurrent Relocate 2.114ms
[0.906s][info][gc,load     ] GC(2) Load: 0.00/0.00/0.00
[0.906s][info][gc,mmu      ] GC(2) MMU: 2ms/99.2%, 5ms/99.6%, 10ms/99.8%, 20ms/99.9%, 50ms/99.9%, 100ms/100.0%
[0.906s][info][gc,marking  ] GC(2) Mark: 4 stripe(s), 4 proactive flush(es), 1 terminate flush(es), 0 completion(s), 0 continuation(s) 
[0.906s][info][gc,marking  ] GC(2) Mark Stack Usage: 32M
[0.906s][info][gc,nmethod  ] GC(2) NMethods: 293 registered, 0 unregistered
[0.906s][info][gc,metaspace] GC(2) Metaspace: 0M used, 0M committed, 1088M reserved
[0.906s][info][gc,ref      ] GC(2) Soft: 72 encountered, 0 discovered, 0 enqueued
[0.906s][info][gc,ref      ] GC(2) Weak: 154 encountered, 112 discovered, 0 enqueued
[0.906s][info][gc,ref      ] GC(2) Final: 0 encountered, 0 discovered, 0 enqueued
[0.906s][info][gc,ref      ] GC(2) Phantom: 7 encountered, 4 discovered, 0 enqueued
[0.906s][info][gc,reloc    ] GC(2) Small Pages: 215 / 430M, Empty: 0M, Relocated: 1M, In-Place: 0
[0.906s][info][gc,reloc    ] GC(2) Medium Pages: 0 / 0M, Empty: 0M, Relocated: 0M, In-Place: 0
[0.906s][info][gc,reloc    ] GC(2) Large Pages: 0 / 0M, Empty: 0M, Relocated: 0M, In-Place: 0
[0.906s][info][gc,reloc    ] GC(2) Forwarding Usage: 0M
[0.907s][info][gc,heap     ] GC(2) Min Capacity: 4096M(100%)
[0.907s][info][gc,heap     ] GC(2) Max Capacity: 4096M(100%)
[0.907s][info][gc,heap     ] GC(2) Soft Max Capacity: 4096M(100%)
[0.907s][info][gc,heap     ] GC(2)                Mark Start          Mark End        Relocate Start      Relocate End           High               Low         
[0.907s][info][gc,heap     ] GC(2)  Capacity:     4096M (100%)       4096M (100%)       4096M (100%)       4096M (100%)       4096M (100%)       4096M (100%)   
[0.907s][info][gc,heap     ] GC(2)      Free:     3666M (90%)        3664M (89%)        3660M (89%)        3662M (89%)        3666M (90%)        3652M (89%)    
[0.907s][info][gc,heap     ] GC(2)      Used:      430M (10%)         432M (11%)         436M (11%)         434M (11%)         444M (11%)         430M (10%)    
[0.907s][info][gc,heap     ] GC(2)      Live:         -               384M (9%)          384M (9%)          384M (9%)             -                  -          
[0.907s][info][gc,heap     ] GC(2) Allocated:         -                 2M (0%)            6M (0%)            6M (0%)             -                  -          
[0.907s][info][gc,heap     ] GC(2)   Garbage:         -                45M (1%)           45M (1%)           43M (1%)             -                  -          
[0.907s][info][gc,heap     ] GC(2) Reclaimed:         -                  -                 0M (0%)            2M (0%)             -                  -          
[0.907s][info][gc          ] GC(2) Garbage Collection (Warmup) 430M(10%)->434M(11%)
[1.182s][info][gc,start    ] GC(3) Garbage Collection (Timer)
[1.182s][info][gc,task     ] GC(3) Using 4 workers
[1.182s][info][gc,phases   ] GC(3) Pause Mark Start 0.006ms
[1.200s][info][gc,phases   ] GC(3) Concurrent Mark 17.708ms
[1.201s][info][gc,phases   ] GC(3) Pause Mark End 0.009ms
[1.201s][info][gc,phases   ] GC(3) Concurrent Mark Free 0.001ms
[1.201s][info][gc,phases   ] GC(3) Concurrent Process Non-Strong References 0.671ms
[1.201s][info][gc,phases   ] GC(3) Concurrent Reset Relocation Set 0.001ms
[1.204s][info][gc,phases   ] GC(3) Concurrent Select Relocation Set 3.019ms
[1.205s][info][gc,phases   ] GC(3) Pause Relocate Start 0.006ms
[1.206s][info][gc,phases   ] GC(3) Concurrent Relocate 1.760ms
[1.207s][info][gc,load     ] GC(3) Load: 0.00/0.00/0.00
[1.207s][info][gc,mmu      ] GC(3) MMU: 2ms/99.2%, 5ms/99.6%, 10ms/99.8%, 20ms/99.9%, 50ms/99.9%, 100ms/100.0%
[1.207s][info][gc,marking  ] GC(3) Mark: 4 stripe(s), 2 proactive flush(es), 1 terminate flush(es), 0 completion(s), 0 continuation(s) 
[1.207s][info][gc,marking  ] GC(3) Mark Stack Usage: 32M
[1.207s][info][gc,nmethod  ] GC(3) NMethods: 450 registered, 0 unregistered
[1.207s][info][gc,metaspace] GC(3) Metaspace: 1M used, 1M committed, 1088M reserved
[1.207s][info][gc,ref      ] GC(3) Soft: 181 encountered, 0 discovered, 0 enqueued
[1.207s][info][gc,ref      ] GC(3) Weak: 301 encountered, 41 discovered, 38 enqueued
[1.207s][info][gc,ref      ] GC(3) Final: 0 encountered, 0 discovered, 0 enqueued
[1.207s][info][gc,ref      ] GC(3) Phantom: 29 encountered, 27 discovered, 22 enqueued
[1.207s][info][gc,reloc    ] GC(3) Small Pages: 315 / 630M, Empty: 0M, Relocated: 1M, In-Place: 0
[1.207s][info][gc,reloc    ] GC(3) Medium Pages: 0 / 0M, Empty: 0M, Relocated: 0M, In-Place: 0
[1.207s][info][gc,reloc    ] GC(3) Large Pages: 0 / 0M, Empty: 0M, Relocated: 0M, In-Place: 0
[1.207s][info][gc,reloc    ] GC(3) Forwarding Usage: 0M
[1.207s][info][gc,heap     ] GC(3) Min Capacity: 4096M(100%)
[1.207s][info][gc,heap     ] GC(3) Max Capacity: 4096M(100%)
[1.207s][info][gc,heap     ] GC(3) Soft Max Capacity: 4096M(100%)
[1.207s][info][gc,heap     ] GC(3)                Mark Start          Mark End        Relocate Start      Relocate End           High               Low         
[1.207s][info][gc,heap     ] GC(3)  Capacity:     4096M (100%)       4096M (100%)       4096M (100%)       4096M (100%)       4096M (100%)       4096M (100%)   
[1.207s][info][gc,heap     ] GC(3)      Free:     3466M (85%)        3464M (85%)        3460M (84%)        3464M (85%)        3466M (85%)        3454M (84%)    
[1.207s][info][gc,heap     ] GC(3)      Used:      630M (15%)         632M (15%)         636M (16%)         632M (15%)         642M (16%)         630M (15%)    
[1.207s][info][gc,heap     ] GC(3)      Live:         -               565M (14%)         565M (14%)         565M (14%)            -                  -          
[1.207s][info][gc,heap     ] GC(3) Allocated:         -                 2M (0%)            6M (0%)            5M (0%)             -                  -          
[1.207s][info][gc,heap     ] GC(3)   Garbage:         -                64M (2%)           64M (2%)           60M (1%)             -                  -          
[1.207s][info][gc,heap     ] GC(3) Reclaimed:         -                  -                 0M (0%)            3M (0%)             -                  -          
[1.207s][info][gc          ] GC(3) Garbage Collection (Timer) 630M(15%)->632M(15%)
[1.482s][info][gc,start    ] GC(4) Garbage Collection (Warmup)
[1.482s][info][gc,task     ] GC(4) Using 4 workers
[1.483s][info][gc,phases   ] GC(4) Pause Mark Start 0.006ms
[1.506s][info][gc,phases   ] GC(4) Concurrent Mark 23.725ms
[1.507s][info][gc,phases   ] GC(4) Pause Mark End 0.011ms
[1.507s][info][gc,phases   ] GC(4) Concurrent Mark Free 0.001ms
[1.508s][info][gc,phases   ] GC(4) Concurrent Process Non-Strong References 0.744ms
[1.508s][info][gc,phases   ] GC(4) Concurrent Reset Relocation Set 0.001ms
[1.510s][info][gc,phases   ] GC(4) Concurrent Select Relocation Set 2.342ms
[1.510s][info][gc,phases   ] GC(4) Pause Relocate Start 0.007ms
[1.512s][info][gc,phases   ] GC(4) Concurrent Relocate 1.640ms
[1.512s][info][gc,load     ] GC(4) Load: 0.00/0.00/0.00
[1.512s][info][gc,mmu      ] GC(4) MMU: 2ms/99.2%, 5ms/99.6%, 10ms/99.8%, 20ms/99.9%, 50ms/99.9%, 100ms/100.0%
[1.512s][info][gc,marking  ] GC(4) Mark: 4 stripe(s), 3 proactive flush(es), 1 terminate flush(es), 0 completion(s), 0 continuation(s) 
[1.512s][info][gc,marking  ] GC(4) Mark Stack Usage: 32M
[1.512s][info][gc,nmethod  ] GC(4) NMethods: 456 registered, 0 unregistered
[1.512s][info][gc,metaspace] GC(4) Metaspace: 1M used, 1M committed, 1088M reserved
[1.512s][info][gc,ref      ] GC(4) Soft: 181 encountered, 0 discovered, 0 enqueued
[1.512s][info][gc,ref      ] GC(4) Weak: 263 encountered, 52 discovered, 0 enqueued
[1.512s][info][gc,ref      ] GC(4) Final: 0 encountered, 0 discovered, 0 enqueued
[1.512s][info][gc,ref      ] GC(4) Phantom: 7 encountered, 5 discovered, 0 enqueued
[1.512s][info][gc,reloc    ] GC(4) Small Pages: 422 / 844M, Empty: 0M, Relocated: 1M, In-Place: 0
[1.512s][info][gc,reloc    ] GC(4) Medium Pages: 0 / 0M, Empty: 0M, Relocated: 0M, In-Place: 0
[1.512s][info][gc,reloc    ] GC(4) Large Pages: 0 / 0M, Empty: 0M, Relocated: 0M, In-Place: 0
[1.512s][info][gc,reloc    ] GC(4) Forwarding Usage: 0M
[1.512s][info][gc,heap     ] GC(4) Min Capacity: 4096M(100%)
[1.512s][info][gc,heap     ] GC(4) Max Capacity: 4096M(100%)
[1.512s][info][gc,heap     ] GC(4) Soft Max Capacity: 4096M(100%)
[1.512s][info][gc,heap     ] GC(4)                Mark Start          Mark End        Relocate Start      Relocate End           High               Low         
[1.513s][info][gc,heap     ] GC(4)  Capacity:     4096M (100%)       4096M (100%)       4096M (100%)       4096M (100%)       4096M (100%)       4096M (100%)   
[1.513s][info][gc,heap     ] GC(4)      Free:     3252M (79%)        3250M (79%)        3246M (79%)        3246M (79%)        3252M (79%)        3238M (79%)    
[1.513s][info][gc,heap     ] GC(4)      Used:      844M (21%)         846M (21%)         850M (21%)         850M (21%)         858M (21%)         844M (21%)    
[1.513s][info][gc,heap     ] GC(4)      Live:         -               764M (19%)         764M (19%)         764M (19%)            -                  -          
[1.513s][info][gc,heap     ] GC(4) Allocated:         -                 2M (0%)            6M (0%)            6M (0%)             -                  -          
[1.513s][info][gc,heap     ] GC(4)   Garbage:         -                79M (2%)           79M (2%)           79M (2%)             -                  -          
[1.513s][info][gc,heap     ] GC(4) Reclaimed:         -                  -                 0M (0%)            0M (0%)             -                  -          
[1.513s][info][gc          ] GC(4) Garbage Collection (Warmup) 844M(21%)->850M(21%)
[1.782s][info][gc,start    ] GC(5) Garbage Collection (Timer)
[1.783s][info][gc,task     ] GC(5) Using 4 workers
[1.783s][info][gc,phases   ] GC(5) Pause Mark Start 0.006ms
[1.803s][info][gc,phases   ] GC(5) Concurrent Mark 19.677ms
[1.803s][info][gc,phases   ] GC(5) Pause Mark End 0.009ms
[1.803s][info][gc,phases   ] GC(5) Concurrent Mark Free 0.001ms
[1.803s][info][gc,phases   ] GC(5) Concurrent Process Non-Strong References 0.603ms
[1.803s][info][gc,phases   ] GC(5) Concurrent Reset Relocation Set 0.001ms
[1.806s][info][gc,phases   ] GC(5) Concurrent Select Relocation Set 2.678ms
[1.806s][info][gc,phases   ] GC(5) Pause Relocate Start 0.006ms
[1.808s][info][gc,phases   ] GC(5) Concurrent Relocate 1.914ms
[1.809s][info][gc,load     ] GC(5) Load: 0.00/0.00/0.00
[1.809s][info][gc,mmu      ] GC(5) MMU: 2ms/99.2%, 5ms/99.6%, 10ms/99.8%, 20ms/99.9%, 50ms/99.9%, 100ms/100.0%
[1.809s][info][gc,marking  ] GC(5) Mark: 4 stripe(s), 2 proactive flush(es), 1 terminate flush(es), 0 completion(s), 0 continuation(s) 
[1.809s][info][gc,marking  ] GC(5) Mark Stack Usage: 32M
[1.809s][info][gc,nmethod  ] GC(5) NMethods: 457 registered, 0 unregistered
[1.809s][info][gc,metaspace] GC(5) Metaspace: 1M used, 1M committed, 1088M reserved
[1.809s][info][gc,ref      ] GC(5) Soft: 181 encountered, 0 discovered, 0 enqueued
[1.809s][info][gc,ref      ] GC(5) Weak: 263 encountered, 3 discovered, 0 enqueued
[1.809s][info][gc,ref      ] GC(5) Final: 0 encountered, 0 discovered, 0 enqueued
[1.809s][info][gc,ref      ] GC(5) Phantom: 7 encountered, 5 discovered, 0 enqueued
[1.809s][info][gc,reloc    ] GC(5) Small Pages: 527 / 1054M, Empty: 0M, Relocated: 1M, In-Place: 0
[1.809s][info][gc,reloc    ] GC(5) Medium Pages: 1 / 32M, Empty: 0M, Relocated: 0M, In-Place: 0
[1.809s][info][gc,reloc    ] GC(5) Large Pages: 0 / 0M, Empty: 0M, Relocated: 0M, In-Place: 0
[1.809s][info][gc,reloc    ] GC(5) Forwarding Usage: 0M
[1.809s][info][gc,heap     ] GC(5) Min Capacity: 4096M(100%)
[1.809s][info][gc,heap     ] GC(5) Max Capacity: 4096M(100%)
[1.809s][info][gc,heap     ] GC(5) Soft Max Capacity: 4096M(100%)
[1.809s][info][gc,heap     ] GC(5)                Mark Start          Mark End        Relocate Start      Relocate End           High               Low         
[1.809s][info][gc,heap     ] GC(5)  Capacity:     4096M (100%)       4096M (100%)       4096M (100%)       4096M (100%)       4096M (100%)       4096M (100%)   
[1.809s][info][gc,heap     ] GC(5)      Free:     3010M (73%)        3006M (73%)        3002M (73%)        3002M (73%)        3010M (73%)        2994M (73%)    
[1.809s][info][gc,heap     ] GC(5)      Used:     1086M (27%)        1090M (27%)        1094M (27%)        1094M (27%)        1102M (27%)        1086M (27%)    
[1.809s][info][gc,heap     ] GC(5)      Live:         -               955M (23%)         955M (23%)         955M (23%)            -                  -          
[1.809s][info][gc,heap     ] GC(5) Allocated:         -                 4M (0%)            8M (0%)            8M (0%)             -                  -          
[1.809s][info][gc,heap     ] GC(5)   Garbage:         -               130M (3%)          130M (3%)          130M (3%)             -                  -          
[1.809s][info][gc,heap     ] GC(5) Reclaimed:         -                  -                 0M (0%)            0M (0%)             -                  -          
[1.809s][info][gc          ] GC(5) Garbage Collection (Timer) 1086M(27%)->1094M(27%)
[2.083s][info][gc,start    ] GC(6) Garbage Collection (Warmup)
[2.083s][info][gc,task     ] GC(6) Using 4 workers
[2.083s][info][gc,phases   ] GC(6) Pause Mark Start 0.005ms
[2.102s][info][gc,phases   ] GC(6) Concurrent Mark 18.668ms
[2.102s][info][gc,phases   ] GC(6) Pause Mark End 0.010ms
[2.102s][info][gc,phases   ] GC(6) Concurrent Mark Free 0.001ms
[2.103s][info][gc,phases   ] GC(6) Concurrent Process Non-Strong References 0.755ms
[2.103s][info][gc,phases   ] GC(6) Concurrent Reset Relocation Set 0.001ms
[2.106s][info][gc,phases   ] GC(6) Concurrent Select Relocation Set 3.264ms
[2.106s][info][gc,phases   ] GC(6) Pause Relocate Start 0.007ms
[2.109s][info][gc,phases   ] GC(6) Concurrent Relocate 2.074ms
[2.109s][info][gc,load     ] GC(6) Load: 0.00/0.00/0.00
[2.109s][info][gc,mmu      ] GC(6) MMU: 2ms/99.2%, 5ms/99.6%, 10ms/99.8%, 20ms/99.9%, 50ms/99.9%, 100ms/100.0%
[2.109s][info][gc,marking  ] GC(6) Mark: 4 stripe(s), 2 proactive flush(es), 1 terminate flush(es), 0 completion(s), 0 continuation(s) 
[2.109s][info][gc,marking  ] GC(6) Mark Stack Usage: 32M
[2.109s][info][gc,nmethod  ] GC(6) NMethods: 463 registered, 0 unregistered
[2.109s][info][gc,metaspace] GC(6) Metaspace: 1M used, 1M committed, 1088M reserved
[2.109s][info][gc,ref      ] GC(6) Soft: 181 encountered, 0 discovered, 0 enqueued
[2.109s][info][gc,ref      ] GC(6) Weak: 263 encountered, 78 discovered, 0 enqueued
[2.109s][info][gc,ref      ] GC(6) Final: 0 encountered, 0 discovered, 0 enqueued
[2.109s][info][gc,ref      ] GC(6) Phantom: 7 encountered, 2 discovered, 0 enqueued
[2.109s][info][gc,reloc    ] GC(6) Small Pages: 628 / 1256M, Empty: 0M, Relocated: 5M, In-Place: 0
[2.109s][info][gc,reloc    ] GC(6) Medium Pages: 1 / 32M, Empty: 0M, Relocated: 0M, In-Place: 0
[2.109s][info][gc,reloc    ] GC(6) Large Pages: 0 / 0M, Empty: 0M, Relocated: 0M, In-Place: 0
[2.109s][info][gc,reloc    ] GC(6) Forwarding Usage: 0M
[2.109s][info][gc,heap     ] GC(6) Min Capacity: 4096M(100%)
[2.109s][info][gc,heap     ] GC(6) Max Capacity: 4096M(100%)
[2.109s][info][gc,heap     ] GC(6) Soft Max Capacity: 4096M(100%)
[2.109s][info][gc,heap     ] GC(6)                Mark Start          Mark End        Relocate Start      Relocate End           High               Low         
[2.109s][info][gc,heap     ] GC(6)  Capacity:     4096M (100%)       4096M (100%)       4096M (100%)       4096M (100%)       4096M (100%)       4096M (100%)   
[2.109s][info][gc,heap     ] GC(6)      Free:     2808M (69%)        2806M (69%)        2804M (68%)        2810M (69%)        2810M (69%)        2796M (68%)    
[2.109s][info][gc,heap     ] GC(6)      Used:     1288M (31%)        1290M (31%)        1292M (32%)        1286M (31%)        1300M (32%)        1286M (31%)    
[2.109s][info][gc,heap     ] GC(6)      Live:         -              1140M (28%)        1140M (28%)        1140M (28%)            -                  -          
[2.109s][info][gc,heap     ] GC(6) Allocated:         -                 2M (0%)            4M (0%)            3M (0%)             -                  -          
[2.109s][info][gc,heap     ] GC(6)   Garbage:         -               147M (4%)          147M (4%)          141M (3%)             -                  -          
[2.109s][info][gc,heap     ] GC(6) Reclaimed:         -                  -                 0M (0%)            5M (0%)             -                  -          
[2.109s][info][gc          ] GC(6) Garbage Collection (Warmup) 1288M(31%)->1286M(31%)
[2.383s][info][gc,start    ] GC(7) Garbage Collection (Timer)
[2.383s][info][gc,task     ] GC(7) Using 4 workers
[2.383s][info][gc,phases   ] GC(7) Pause Mark Start 0.006ms
[2.402s][info][gc,phases   ] GC(7) Concurrent Mark 19.206ms
[2.403s][info][gc,phases   ] GC(7) Pause Mark End 0.009ms
[2.403s][info][gc,phases   ] GC(7) Concurrent Mark Free 0.001ms
[2.404s][info][gc,phases   ] GC(7) Concurrent Process Non-Strong References 0.995ms
[2.404s][info][gc,phases   ] GC(7) Concurrent Reset Relocation Set 0.003ms
[2.406s][info][gc,phases   ] GC(7) Concurrent Select Relocation Set 2.383ms
[2.407s][info][gc,phases   ] GC(7) Pause Relocate Start 0.006ms
[2.408s][info][gc,phases   ] GC(7) Concurrent Relocate 1.622ms
[2.408s][info][gc,load     ] GC(7) Load: 0.00/0.00/0.00
[2.408s][info][gc,mmu      ] GC(7) MMU: 2ms/99.2%, 5ms/99.6%, 10ms/99.8%, 20ms/99.9%, 50ms/99.9%, 100ms/100.0%
[2.408s][info][gc,marking  ] GC(7) Mark: 4 stripe(s), 2 proactive flush(es), 1 terminate flush(es), 0 completion(s), 0 continuation(s) 
[2.409s][info][gc,marking  ] GC(7) Mark Stack Usage: 32M
[2.409s][info][gc,nmethod  ] GC(7) NMethods: 463 registered, 0 unregistered
[2.409s][info][gc,metaspace] GC(7) Metaspace: 1M used, 1M committed, 1088M reserved
[2.409s][info][gc,ref      ] GC(7) Soft: 181 encountered, 0 discovered, 0 enqueued
[2.409s][info][gc,ref      ] GC(7) Weak: 263 encountered, 87 discovered, 0 enqueued
[2.409s][info][gc,ref      ] GC(7) Final: 0 encountered, 0 discovered, 0 enqueued
[2.409s][info][gc,ref      ] GC(7) Phantom: 7 encountered, 5 discovered, 0 enqueued
[2.409s][info][gc,reloc    ] GC(7) Small Pages: 724 / 1448M, Empty: 0M, Relocated: 1M, In-Place: 0
[2.409s][info][gc,reloc    ] GC(7) Medium Pages: 2 / 64M, Empty: 32M, Relocated: 0M, In-Place: 0
[2.409s][info][gc,reloc    ] GC(7) Large Pages: 0 / 0M, Empty: 0M, Relocated: 0M, In-Place: 0
[2.409s][info][gc,reloc    ] GC(7) Forwarding Usage: 0M
[2.409s][info][gc,heap     ] GC(7) Min Capacity: 4096M(100%)
[2.409s][info][gc,heap     ] GC(7) Max Capacity: 4096M(100%)
[2.409s][info][gc,heap     ] GC(7) Soft Max Capacity: 4096M(100%)
[2.409s][info][gc,heap     ] GC(7)                Mark Start          Mark End        Relocate Start      Relocate End           High               Low         
[2.409s][info][gc,heap     ] GC(7)  Capacity:     4096M (100%)       4096M (100%)       4096M (100%)       4096M (100%)       4096M (100%)       4096M (100%)   
[2.409s][info][gc,heap     ] GC(7)      Free:     2584M (63%)        2582M (63%)        2612M (64%)        2612M (64%)        2612M (64%)        2580M (63%)    
[2.409s][info][gc,heap     ] GC(7)      Used:     1512M (37%)        1514M (37%)        1484M (36%)        1484M (36%)        1516M (37%)        1484M (36%)    
[2.409s][info][gc,heap     ] GC(7)      Live:         -              1319M (32%)        1319M (32%)        1319M (32%)            -                  -          
[2.409s][info][gc,heap     ] GC(7) Allocated:         -                 2M (0%)            4M (0%)            4M (0%)             -                  -          
[2.409s][info][gc,heap     ] GC(7)   Garbage:         -               192M (5%)          160M (4%)          160M (4%)             -                  -          
[2.409s][info][gc,heap     ] GC(7) Reclaimed:         -                  -                32M (1%)           32M (1%)             -                  -          
[2.409s][info][gc          ] GC(7) Garbage Collection (Timer) 1512M(37%)->1484M(36%)
[2.683s][info][gc,start    ] GC(8) Garbage Collection (Timer)
[2.683s][info][gc,task     ] GC(8) Using 4 workers
[2.683s][info][gc,phases   ] GC(8) Pause Mark Start 0.006ms
[2.700s][info][gc,phases   ] GC(8) Concurrent Mark 16.875ms
[2.700s][info][gc,phases   ] GC(8) Pause Mark End 0.009ms
[2.700s][info][gc,phases   ] GC(8) Concurrent Mark Free 0.001ms
[2.701s][info][gc,phases   ] GC(8) Concurrent Process Non-Strong References 0.765ms
[2.701s][info][gc,phases   ] GC(8) Concurrent Reset Relocation Set 0.001ms
[2.704s][info][gc,phases   ] GC(8) Concurrent Select Relocation Set 2.672ms
[2.704s][info][gc,phases   ] GC(8) Pause Relocate Start 0.005ms
[2.705s][info][gc,phases   ] GC(8) Concurrent Relocate 1.578ms
[2.706s][info][gc,load     ] GC(8) Load: 0.00/0.00/0.00
[2.706s][info][gc,mmu      ] GC(8) MMU: 2ms/99.2%, 5ms/99.6%, 10ms/99.8%, 20ms/99.9%, 50ms/99.9%, 100ms/100.0%
[2.706s][info][gc,marking  ] GC(8) Mark: 4 stripe(s), 2 proactive flush(es), 1 terminate flush(es), 0 completion(s), 0 continuation(s) 
[2.706s][info][gc,marking  ] GC(8) Mark Stack Usage: 32M
[2.706s][info][gc,nmethod  ] GC(8) NMethods: 463 registered, 0 unregistered
[2.706s][info][gc,metaspace] GC(8) Metaspace: 1M used, 1M committed, 1088M reserved
[2.706s][info][gc,ref      ] GC(8) Soft: 181 encountered, 0 discovered, 0 enqueued
[2.706s][info][gc,ref      ] GC(8) Weak: 263 encountered, 0 discovered, 0 enqueued
[2.706s][info][gc,ref      ] GC(8) Final: 0 encountered, 0 discovered, 0 enqueued
[2.706s][info][gc,ref      ] GC(8) Phantom: 7 encountered, 4 discovered, 0 enqueued
[2.706s][info][gc,reloc    ] GC(8) Small Pages: 814 / 1628M, Empty: 0M, Relocated: 1M, In-Place: 0
[2.706s][info][gc,reloc    ] GC(8) Medium Pages: 1 / 32M, Empty: 0M, Relocated: 0M, In-Place: 0
[2.706s][info][gc,reloc    ] GC(8) Large Pages: 0 / 0M, Empty: 0M, Relocated: 0M, In-Place: 0
[2.706s][info][gc,reloc    ] GC(8) Forwarding Usage: 0M
[2.706s][info][gc,heap     ] GC(8) Min Capacity: 4096M(100%)
[2.706s][info][gc,heap     ] GC(8) Max Capacity: 4096M(100%)
[2.706s][info][gc,heap     ] GC(8) Soft Max Capacity: 4096M(100%)
[2.706s][info][gc,heap     ] GC(8)                Mark Start          Mark End        Relocate Start      Relocate End           High               Low         
[2.706s][info][gc,heap     ] GC(8)  Capacity:     4096M (100%)       4096M (100%)       4096M (100%)       4096M (100%)       4096M (100%)       4096M (100%)   
[2.706s][info][gc,heap     ] GC(8)      Free:     2436M (59%)        2434M (59%)        2432M (59%)        2430M (59%)        2436M (59%)        2426M (59%)    
[2.706s][info][gc,heap     ] GC(8)      Used:     1660M (41%)        1662M (41%)        1664M (41%)        1666M (41%)        1670M (41%)        1660M (41%)    
[2.706s][info][gc,heap     ] GC(8)      Live:         -              1483M (36%)        1483M (36%)        1483M (36%)            -                  -          
[2.706s][info][gc,heap     ] GC(8) Allocated:         -                 2M (0%)            4M (0%)            6M (0%)             -                  -          
[2.706s][info][gc,heap     ] GC(8)   Garbage:         -               176M (4%)          176M (4%)          176M (4%)             -                  -          
[2.706s][info][gc,heap     ] GC(8) Reclaimed:         -                  -                 0M (0%)            0M (0%)             -                  -          
[2.706s][info][gc          ] GC(8) Garbage Collection (Timer) 1660M(41%)->1666M(41%)
[2.982s][info][gc,start    ] GC(9) Garbage Collection (Timer)
[2.982s][info][gc,task     ] GC(9) Using 4 workers
[2.982s][info][gc,phases   ] GC(9) Pause Mark Start 0.006ms
[3.004s][info][gc,phases   ] GC(9) Concurrent Mark 21.719ms
[3.004s][info][gc,phases   ] GC(9) Pause Mark End 0.009ms
[3.004s][info][gc,phases   ] GC(9) Concurrent Mark Free 0.001ms
[3.005s][info][gc,phases   ] GC(9) Concurrent Process Non-Strong References 0.835ms
[3.005s][info][gc,phases   ] GC(9) Concurrent Reset Relocation Set 0.001ms
[3.008s][info][gc,phases   ] GC(9) Concurrent Select Relocation Set 2.644ms
[3.008s][info][gc,phases   ] GC(9) Pause Relocate Start 0.005ms
[3.010s][info][gc,phases   ] GC(9) Concurrent Relocate 2.454ms
[3.010s][info][gc,load     ] GC(9) Load: 0.00/0.00/0.00
[3.010s][info][gc,mmu      ] GC(9) MMU: 2ms/99.2%, 5ms/99.6%, 10ms/99.8%, 20ms/99.9%, 50ms/99.9%, 100ms/100.0%
[3.010s][info][gc,marking  ] GC(9) Mark: 4 stripe(s), 3 proactive flush(es), 1 terminate flush(es), 0 completion(s), 0 continuation(s) 
[3.010s][info][gc,marking  ] GC(9) Mark Stack Usage: 32M
[3.010s][info][gc,nmethod  ] GC(9) NMethods: 474 registered, 0 unregistered
[3.011s][info][gc,metaspace] GC(9) Metaspace: 1M used, 1M committed, 1088M reserved
[3.011s][info][gc,ref      ] GC(9) Soft: 181 encountered, 0 discovered, 0 enqueued
[3.011s][info][gc,ref      ] GC(9) Weak: 263 encountered, 31 discovered, 0 enqueued
[3.011s][info][gc,ref      ] GC(9) Final: 0 encountered, 0 discovered, 0 enqueued
[3.011s][info][gc,ref      ] GC(9) Phantom: 7 encountered, 3 discovered, 0 enqueued
[3.011s][info][gc,reloc    ] GC(9) Small Pages: 912 / 1824M, Empty: 0M, Relocated: 4M, In-Place: 0
[3.011s][info][gc,reloc    ] GC(9) Medium Pages: 1 / 32M, Empty: 0M, Relocated: 0M, In-Place: 0
[3.011s][info][gc,reloc    ] GC(9) Large Pages: 0 / 0M, Empty: 0M, Relocated: 0M, In-Place: 0
[3.011s][info][gc,reloc    ] GC(9) Forwarding Usage: 0M
[3.011s][info][gc,heap     ] GC(9) Min Capacity: 4096M(100%)
[3.011s][info][gc,heap     ] GC(9) Max Capacity: 4096M(100%)
[3.011s][info][gc,heap     ] GC(9) Soft Max Capacity: 4096M(100%)
[3.011s][info][gc,heap     ] GC(9)                Mark Start          Mark End        Relocate Start      Relocate End           High               Low         
[3.011s][info][gc,heap     ] GC(9)  Capacity:     4096M (100%)       4096M (100%)       4096M (100%)       4096M (100%)       4096M (100%)       4096M (100%)   
[3.011s][info][gc,heap     ] GC(9)      Free:     2240M (55%)        2238M (55%)        2236M (55%)        2238M (55%)        2240M (55%)        2228M (54%)    
[3.011s][info][gc,heap     ] GC(9)      Used:     1856M (45%)        1858M (45%)        1860M (45%)        1858M (45%)        1868M (46%)        1856M (45%)    
[3.011s][info][gc,heap     ] GC(9)      Live:         -              1661M (41%)        1661M (41%)        1661M (41%)            -                  -          
[3.011s][info][gc,heap     ] GC(9) Allocated:         -                 2M (0%)            4M (0%)            3M (0%)             -                  -          
[3.011s][info][gc,heap     ] GC(9)   Garbage:         -               194M (5%)          194M (5%)          192M (5%)             -                  -          
[3.011s][info][gc,heap     ] GC(9) Reclaimed:         -                  -                 0M (0%)            1M (0%)             -                  -          
[3.011s][info][gc          ] GC(9) Garbage Collection (Timer) 1856M(45%)->1858M(45%)
[3.283s][info][gc,start    ] GC(10) Garbage Collection (Timer)
[3.283s][info][gc,task     ] GC(10) Using 4 workers
[3.283s][info][gc,phases   ] GC(10) Pause Mark Start 0.006ms
[3.306s][info][gc,phases   ] GC(10) Concurrent Mark 23.261ms
[3.306s][info][gc,phases   ] GC(10) Pause Mark End 0.009ms
[3.306s][info][gc,phases   ] GC(10) Concurrent Mark Free 0.001ms
[3.307s][info][gc,phases   ] GC(10) Concurrent Process Non-Strong References 0.671ms
[3.307s][info][gc,phases   ] GC(10) Concurrent Reset Relocation Set 0.001ms
[3.309s][info][gc,phases   ] GC(10) Concurrent Select Relocation Set 2.208ms
[3.310s][info][gc,phases   ] GC(10) Pause Relocate Start 0.006ms
[3.311s][info][gc,phases   ] GC(10) Concurrent Relocate 1.721ms
[3.311s][info][gc,load     ] GC(10) Load: 0.00/0.00/0.00
[3.312s][info][gc,mmu      ] GC(10) MMU: 2ms/99.2%, 5ms/99.6%, 10ms/99.8%, 20ms/99.9%, 50ms/99.9%, 100ms/100.0%
[3.312s][info][gc,marking  ] GC(10) Mark: 4 stripe(s), 4 proactive flush(es), 1 terminate flush(es), 0 completion(s), 0 continuation(s) 
[3.312s][info][gc,marking  ] GC(10) Mark Stack Usage: 32M
[3.312s][info][gc,nmethod  ] GC(10) NMethods: 475 registered, 0 unregistered
[3.312s][info][gc,metaspace] GC(10) Metaspace: 1M used, 1M committed, 1088M reserved
[3.312s][info][gc,ref      ] GC(10) Soft: 181 encountered, 0 discovered, 0 enqueued
[3.312s][info][gc,ref      ] GC(10) Weak: 263 encountered, 117 discovered, 0 enqueued
[3.312s][info][gc,ref      ] GC(10) Final: 0 encountered, 0 discovered, 0 enqueued
[3.312s][info][gc,ref      ] GC(10) Phantom: 7 encountered, 4 discovered, 0 enqueued
[3.312s][info][gc,reloc    ] GC(10) Small Pages: 998 / 1996M, Empty: 0M, Relocated: 3M, In-Place: 0
[3.312s][info][gc,reloc    ] GC(10) Medium Pages: 1 / 32M, Empty: 0M, Relocated: 0M, In-Place: 0
[3.312s][info][gc,reloc    ] GC(10) Large Pages: 0 / 0M, Empty: 0M, Relocated: 0M, In-Place: 0
[3.312s][info][gc,reloc    ] GC(10) Forwarding Usage: 0M
[3.312s][info][gc,heap     ] GC(10) Min Capacity: 4096M(100%)
[3.312s][info][gc,heap     ] GC(10) Max Capacity: 4096M(100%)
[3.312s][info][gc,heap     ] GC(10) Soft Max Capacity: 4096M(100%)
[3.312s][info][gc,heap     ] GC(10)                Mark Start          Mark End        Relocate Start      Relocate End           High               Low         
[3.312s][info][gc,heap     ] GC(10)  Capacity:     4096M (100%)       4096M (100%)       4096M (100%)       4096M (100%)       4096M (100%)       4096M (100%)   
[3.312s][info][gc,heap     ] GC(10)      Free:     2068M (50%)        2066M (50%)        2064M (50%)        2066M (50%)        2068M (50%)        2056M (50%)    
[3.312s][info][gc,heap     ] GC(10)      Used:     2028M (50%)        2030M (50%)        2032M (50%)        2030M (50%)        2040M (50%)        2028M (50%)    
[3.312s][info][gc,heap     ] GC(10)      Live:         -              1818M (44%)        1818M (44%)        1818M (44%)            -                  -          
[3.312s][info][gc,heap     ] GC(10) Allocated:         -                 2M (0%)            4M (0%)            4M (0%)             -                  -          
[3.312s][info][gc,heap     ] GC(10)   Garbage:         -               209M (5%)          209M (5%)          207M (5%)             -                  -          
[3.312s][info][gc,heap     ] GC(10) Reclaimed:         -                  -                 0M (0%)            2M (0%)             -                  -          
[3.312s][info][gc          ] GC(10) Garbage Collection (Timer) 2028M(50%)->2030M(50%)
[3.582s][info][gc,start    ] GC(11) Garbage Collection (Timer)
[3.583s][info][gc,task     ] GC(11) Using 4 workers
[3.583s][info][gc,phases   ] GC(11) Pause Mark Start 0.005ms
[3.606s][info][gc,phases   ] GC(11) Concurrent Mark 22.777ms
[3.606s][info][gc,phases   ] GC(11) Pause Mark End 0.009ms
[3.606s][info][gc,phases   ] GC(11) Concurrent Mark Free 0.001ms
[3.607s][info][gc,phases   ] GC(11) Concurrent Process Non-Strong References 0.917ms
[3.607s][info][gc,phases   ] GC(11) Concurrent Reset Relocation Set 0.001ms
[3.609s][info][gc,phases   ] GC(11) Concurrent Select Relocation Set 2.233ms
[3.609s][info][gc,phases   ] GC(11) Pause Relocate Start 0.005ms
[3.611s][info][gc,phases   ] GC(11) Concurrent Relocate 1.702ms
[3.611s][info][gc,load     ] GC(11) Load: 0.00/0.00/0.00
[3.611s][info][gc,mmu      ] GC(11) MMU: 2ms/99.2%, 5ms/99.6%, 10ms/99.8%, 20ms/99.9%, 50ms/99.9%, 100ms/100.0%
[3.611s][info][gc,marking  ] GC(11) Mark: 4 stripe(s), 3 proactive flush(es), 1 terminate flush(es), 0 completion(s), 0 continuation(s) 
[3.611s][info][gc,marking  ] GC(11) Mark Stack Usage: 32M
[3.611s][info][gc,nmethod  ] GC(11) NMethods: 475 registered, 0 unregistered
[3.611s][info][gc,metaspace] GC(11) Metaspace: 1M used, 1M committed, 1088M reserved
[3.611s][info][gc,ref      ] GC(11) Soft: 181 encountered, 0 discovered, 0 enqueued
[3.611s][info][gc,ref      ] GC(11) Weak: 263 encountered, 6 discovered, 0 enqueued
[3.611s][info][gc,ref      ] GC(11) Final: 0 encountered, 0 discovered, 0 enqueued
[3.611s][info][gc,ref      ] GC(11) Phantom: 7 encountered, 4 discovered, 0 enqueued
[3.611s][info][gc,reloc    ] GC(11) Small Pages: 1070 / 2140M, Empty: 0M, Relocated: 3M, In-Place: 0
[3.611s][info][gc,reloc    ] GC(11) Medium Pages: 1 / 32M, Empty: 0M, Relocated: 0M, In-Place: 0
[3.612s][info][gc,reloc    ] GC(11) Large Pages: 0 / 0M, Empty: 0M, Relocated: 0M, In-Place: 0
[3.612s][info][gc,reloc    ] GC(11) Forwarding Usage: 0M
[3.612s][info][gc,heap     ] GC(11) Min Capacity: 4096M(100%)
[3.612s][info][gc,heap     ] GC(11) Max Capacity: 4096M(100%)
[3.612s][info][gc,heap     ] GC(11) Soft Max Capacity: 4096M(100%)
[3.612s][info][gc,heap     ] GC(11)                Mark Start          Mark End        Relocate Start      Relocate End           High               Low         
[3.612s][info][gc,heap     ] GC(11)  Capacity:     4096M (100%)       4096M (100%)       4096M (100%)       4096M (100%)       4096M (100%)       4096M (100%)   
[3.612s][info][gc,heap     ] GC(11)      Free:     1924M (47%)        1922M (47%)        1888M (46%)        1888M (46%)        1924M (47%)        1880M (46%)    
[3.612s][info][gc,heap     ] GC(11)      Used:     2172M (53%)        2174M (53%)        2208M (54%)        2208M (54%)        2216M (54%)        2172M (53%)    
[3.612s][info][gc,heap     ] GC(11)      Live:         -              1951M (48%)        1951M (48%)        1951M (48%)            -                  -          
[3.612s][info][gc,heap     ] GC(11) Allocated:         -                 2M (0%)           36M (1%)           36M (1%)             -                  -          
[3.612s][info][gc,heap     ] GC(11)   Garbage:         -               220M (5%)          220M (5%)          220M (5%)             -                  -          
[3.612s][info][gc,heap     ] GC(11) Reclaimed:         -                  -                 0M (0%)            0M (0%)             -                  -          
[3.612s][info][gc          ] GC(11) Garbage Collection (Timer) 2172M(53%)->2208M(54%)
[3.882s][info][gc,start    ] GC(12) Garbage Collection (Timer)
[3.882s][info][gc,task     ] GC(12) Using 4 workers
[3.882s][info][gc,phases   ] GC(12) Pause Mark Start 0.005ms
[3.902s][info][gc,phases   ] GC(12) Concurrent Mark 19.895ms
[3.903s][info][gc,phases   ] GC(12) Pause Mark End 0.009ms
[3.903s][info][gc,phases   ] GC(12) Concurrent Mark Free 0.001ms
[3.903s][info][gc,phases   ] GC(12) Concurrent Process Non-Strong References 0.546ms
[3.903s][info][gc,phases   ] GC(12) Concurrent Reset Relocation Set 0.001ms
[3.906s][info][gc,phases   ] GC(12) Concurrent Select Relocation Set 2.237ms
[3.906s][info][gc,phases   ] GC(12) Pause Relocate Start 0.006ms
[3.908s][info][gc,phases   ] GC(12) Concurrent Relocate 1.737ms
[3.908s][info][gc,load     ] GC(12) Load: 0.00/0.00/0.00
[3.908s][info][gc,mmu      ] GC(12) MMU: 2ms/99.2%, 5ms/99.6%, 10ms/99.8%, 20ms/99.9%, 50ms/99.9%, 100ms/100.0%
[3.908s][info][gc,marking  ] GC(12) Mark: 4 stripe(s), 2 proactive flush(es), 1 terminate flush(es), 0 completion(s), 0 continuation(s) 
[3.908s][info][gc,marking  ] GC(12) Mark Stack Usage: 32M
[3.908s][info][gc,nmethod  ] GC(12) NMethods: 475 registered, 0 unregistered
[3.908s][info][gc,metaspace] GC(12) Metaspace: 1M used, 1M committed, 1088M reserved
[3.908s][info][gc,ref      ] GC(12) Soft: 181 encountered, 0 discovered, 0 enqueued
[3.908s][info][gc,ref      ] GC(12) Weak: 263 encountered, 136 discovered, 0 enqueued
[3.908s][info][gc,ref      ] GC(12) Final: 0 encountered, 0 discovered, 0 enqueued
[3.908s][info][gc,ref      ] GC(12) Phantom: 7 encountered, 2 discovered, 0 enqueued
[3.908s][info][gc,reloc    ] GC(12) Small Pages: 1141 / 2282M, Empty: 0M, Relocated: 2M, In-Place: 0
[3.908s][info][gc,reloc    ] GC(12) Medium Pages: 2 / 64M, Empty: 32M, Relocated: 0M, In-Place: 0
[3.908s][info][gc,reloc    ] GC(12) Large Pages: 0 / 0M, Empty: 0M, Relocated: 0M, In-Place: 0
[3.908s][info][gc,reloc    ] GC(12) Forwarding Usage: 0M
[3.908s][info][gc,heap     ] GC(12) Min Capacity: 4096M(100%)
[3.908s][info][gc,heap     ] GC(12) Max Capacity: 4096M(100%)
[3.908s][info][gc,heap     ] GC(12) Soft Max Capacity: 4096M(100%)
[3.908s][info][gc,heap     ] GC(12)                Mark Start          Mark End        Relocate Start      Relocate End           High               Low         
[3.908s][info][gc,heap     ] GC(12)  Capacity:     4096M (100%)       4096M (100%)       4096M (100%)       4096M (100%)       4096M (100%)       4096M (100%)   
[3.908s][info][gc,heap     ] GC(12)      Free:     1750M (43%)        1746M (43%)        1776M (43%)        1776M (43%)        1776M (43%)        1744M (43%)    
[3.908s][info][gc,heap     ] GC(12)      Used:     2346M (57%)        2350M (57%)        2320M (57%)        2320M (57%)        2352M (57%)        2320M (57%)    
[3.908s][info][gc,heap     ] GC(12)      Live:         -              2080M (51%)        2080M (51%)        2080M (51%)            -                  -          
[3.908s][info][gc,heap     ] GC(12) Allocated:         -                 4M (0%)            6M (0%)            5M (0%)             -                  -          
[3.908s][info][gc,heap     ] GC(12)   Garbage:         -               265M (6%)          233M (6%)          233M (6%)             -                  -          
[3.908s][info][gc,heap     ] GC(12) Reclaimed:         -                  -                32M (1%)           31M (1%)             -                  -          
[3.908s][info][gc          ] GC(12) Garbage Collection (Timer) 2346M(57%)->2320M(57%)
[4.182s][info][gc,start    ] GC(13) Garbage Collection (Timer)
[4.182s][info][gc,task     ] GC(13) Using 4 workers
[4.182s][info][gc,phases   ] GC(13) Pause Mark Start 0.006ms
[4.201s][info][gc,phases   ] GC(13) Concurrent Mark 19.062ms
[4.201s][info][gc,phases   ] GC(13) Pause Mark End 0.009ms
[4.202s][info][gc,phases   ] GC(13) Concurrent Mark Free 0.001ms
[4.202s][info][gc,phases   ] GC(13) Concurrent Process Non-Strong References 0.738ms
[4.202s][info][gc,phases   ] GC(13) Concurrent Reset Relocation Set 0.001ms
[4.205s][info][gc,phases   ] GC(13) Concurrent Select Relocation Set 2.259ms
[4.205s][info][gc,phases   ] GC(13) Pause Relocate Start 0.006ms
[4.207s][info][gc,phases   ] GC(13) Concurrent Relocate 2.027ms
[4.207s][info][gc,load     ] GC(13) Load: 0.00/0.00/0.00
[4.207s][info][gc,mmu      ] GC(13) MMU: 2ms/99.2%, 5ms/99.6%, 10ms/99.8%, 20ms/99.9%, 50ms/99.9%, 100ms/100.0%
[4.207s][info][gc,marking  ] GC(13) Mark: 4 stripe(s), 2 proactive flush(es), 1 terminate flush(es), 0 completion(s), 0 continuation(s) 
[4.207s][info][gc,marking  ] GC(13) Mark Stack Usage: 32M
[4.207s][info][gc,nmethod  ] GC(13) NMethods: 480 registered, 0 unregistered
[4.207s][info][gc,metaspace] GC(13) Metaspace: 1M used, 1M committed, 1088M reserved
[4.207s][info][gc,ref      ] GC(13) Soft: 181 encountered, 0 discovered, 0 enqueued
[4.207s][info][gc,ref      ] GC(13) Weak: 263 encountered, 129 discovered, 0 enqueued
[4.207s][info][gc,ref      ] GC(13) Final: 0 encountered, 0 discovered, 0 enqueued
[4.207s][info][gc,ref      ] GC(13) Phantom: 7 encountered, 5 discovered, 0 enqueued
[4.207s][info][gc,reloc    ] GC(13) Small Pages: 1204 / 2408M, Empty: 0M, Relocated: 3M, In-Place: 0
[4.207s][info][gc,reloc    ] GC(13) Medium Pages: 1 / 32M, Empty: 0M, Relocated: 0M, In-Place: 0
[4.207s][info][gc,reloc    ] GC(13) Large Pages: 0 / 0M, Empty: 0M, Relocated: 0M, In-Place: 0
[4.207s][info][gc,reloc    ] GC(13) Forwarding Usage: 0M
[4.207s][info][gc,heap     ] GC(13) Min Capacity: 4096M(100%)
[4.207s][info][gc,heap     ] GC(13) Max Capacity: 4096M(100%)
[4.207s][info][gc,heap     ] GC(13) Soft Max Capacity: 4096M(100%)
[4.207s][info][gc,heap     ] GC(13)                Mark Start          Mark End        Relocate Start      Relocate End           High               Low         
[4.207s][info][gc,heap     ] GC(13)  Capacity:     4096M (100%)       4096M (100%)       4096M (100%)       4096M (100%)       4096M (100%)       4096M (100%)   
[4.208s][info][gc,heap     ] GC(13)      Free:     1656M (40%)        1652M (40%)        1652M (40%)        1654M (40%)        1656M (40%)        1644M (40%)    
[4.208s][info][gc,heap     ] GC(13)      Used:     2440M (60%)        2444M (60%)        2444M (60%)        2442M (60%)        2452M (60%)        2440M (60%)    
[4.208s][info][gc,heap     ] GC(13)      Live:         -              2194M (54%)        2194M (54%)        2194M (54%)            -                  -          
[4.208s][info][gc,heap     ] GC(13) Allocated:         -                 4M (0%)            4M (0%)            4M (0%)             -                  -          
[4.208s][info][gc,heap     ] GC(13)   Garbage:         -               245M (6%)          245M (6%)          243M (6%)             -                  -          
[4.208s][info][gc,heap     ] GC(13) Reclaimed:         -                  -                 0M (0%)            2M (0%)             -                  -          
[4.208s][info][gc          ] GC(13) Garbage Collection (Timer) 2440M(60%)->2442M(60%)
[4.483s][info][gc,start    ] GC(14) Garbage Collection (Timer)
[4.483s][info][gc,task     ] GC(14) Using 4 workers
[4.483s][info][gc,phases   ] GC(14) Pause Mark Start 0.006ms
[4.502s][info][gc,phases   ] GC(14) Concurrent Mark 19.374ms
[4.503s][info][gc,phases   ] GC(14) Pause Mark End 0.009ms
[4.503s][info][gc,phases   ] GC(14) Concurrent Mark Free 0.001ms
[4.504s][info][gc,phases   ] GC(14) Concurrent Process Non-Strong References 0.847ms
[4.504s][info][gc,phases   ] GC(14) Concurrent Reset Relocation Set 0.001ms
[4.506s][info][gc,phases   ] GC(14) Concurrent Select Relocation Set 2.123ms
[4.506s][info][gc,phases   ] GC(14) Pause Relocate Start 0.005ms
[4.508s][info][gc,phases   ] GC(14) Concurrent Relocate 1.873ms
[4.508s][info][gc,load     ] GC(14) Load: 0.00/0.00/0.00
[4.508s][info][gc,mmu      ] GC(14) MMU: 2ms/99.2%, 5ms/99.6%, 10ms/99.8%, 20ms/99.9%, 50ms/99.9%, 100ms/100.0%
[4.508s][info][gc,marking  ] GC(14) Mark: 4 stripe(s), 2 proactive flush(es), 1 terminate flush(es), 0 completion(s), 0 continuation(s) 
[4.508s][info][gc,marking  ] GC(14) Mark Stack Usage: 32M
[4.508s][info][gc,nmethod  ] GC(14) NMethods: 480 registered, 0 unregistered
[4.508s][info][gc,metaspace] GC(14) Metaspace: 1M used, 1M committed, 1088M reserved
[4.508s][info][gc,ref      ] GC(14) Soft: 181 encountered, 0 discovered, 0 enqueued
[4.508s][info][gc,ref      ] GC(14) Weak: 263 encountered, 10 discovered, 0 enqueued
[4.508s][info][gc,ref      ] GC(14) Final: 0 encountered, 0 discovered, 0 enqueued
[4.508s][info][gc,ref      ] GC(14) Phantom: 7 encountered, 2 discovered, 0 enqueued
[4.508s][info][gc,reloc    ] GC(14) Small Pages: 1259 / 2518M, Empty: 0M, Relocated: 5M, In-Place: 0
[4.508s][info][gc,reloc    ] GC(14) Medium Pages: 1 / 32M, Empty: 0M, Relocated: 0M, In-Place: 0
[4.508s][info][gc,reloc    ] GC(14) Large Pages: 0 / 0M, Empty: 0M, Relocated: 0M, In-Place: 0
[4.508s][info][gc,reloc    ] GC(14) Forwarding Usage: 0M
[4.508s][info][gc,heap     ] GC(14) Min Capacity: 4096M(100%)
[4.508s][info][gc,heap     ] GC(14) Max Capacity: 4096M(100%)
[4.508s][info][gc,heap     ] GC(14) Soft Max Capacity: 4096M(100%)
[4.508s][info][gc,heap     ] GC(14)                Mark Start          Mark End        Relocate Start      Relocate End           High               Low         
[4.509s][info][gc,heap     ] GC(14)  Capacity:     4096M (100%)       4096M (100%)       4096M (100%)       4096M (100%)       4096M (100%)       4096M (100%)   
[4.509s][info][gc,heap     ] GC(14)      Free:     1546M (38%)        1542M (38%)        1538M (38%)        1544M (38%)        1546M (38%)        1530M (37%)    
[4.509s][info][gc,heap     ] GC(14)      Used:     2550M (62%)        2554M (62%)        2558M (62%)        2552M (62%)        2566M (63%)        2550M (62%)    
[4.509s][info][gc,heap     ] GC(14)      Live:         -              2293M (56%)        2293M (56%)        2293M (56%)            -                  -          
[4.509s][info][gc,heap     ] GC(14) Allocated:         -                 4M (0%)            8M (0%)            7M (0%)             -                  -          
[4.509s][info][gc,heap     ] GC(14)   Garbage:         -               256M (6%)          256M (6%)          250M (6%)             -                  -          
[4.509s][info][gc,heap     ] GC(14) Reclaimed:         -                  -                 0M (0%)            5M (0%)             -                  -          
[4.509s][info][gc          ] GC(14) Garbage Collection (Timer) 2550M(62%)->2552M(62%)
[4.782s][info][gc,start    ] GC(15) Garbage Collection (Timer)
[4.782s][info][gc,task     ] GC(15) Using 4 workers
[4.782s][info][gc,phases   ] GC(15) Pause Mark Start 0.006ms
[4.799s][info][gc,phases   ] GC(15) Concurrent Mark 17.271ms
[4.799s][info][gc,phases   ] GC(15) Pause Mark End 0.010ms
[4.800s][info][gc,phases   ] GC(15) Concurrent Mark Free 0.001ms
[4.800s][info][gc,phases   ] GC(15) Concurrent Process Non-Strong References 0.594ms
[4.800s][info][gc,phases   ] GC(15) Concurrent Reset Relocation Set 0.001ms
[4.802s][info][gc,phases   ] GC(15) Concurrent Select Relocation Set 2.158ms
[4.803s][info][gc,phases   ] GC(15) Pause Relocate Start 0.005ms
[4.803s][info][gc,phases   ] GC(15) Concurrent Relocate 0.806ms
[4.804s][info][gc,load     ] GC(15) Load: 0.00/0.00/0.00
[4.804s][info][gc,mmu      ] GC(15) MMU: 2ms/99.2%, 5ms/99.6%, 10ms/99.8%, 20ms/99.9%, 50ms/99.9%, 100ms/100.0%
[4.804s][info][gc,marking  ] GC(15) Mark: 4 stripe(s), 2 proactive flush(es), 1 terminate flush(es), 0 completion(s), 0 continuation(s) 
[4.804s][info][gc,marking  ] GC(15) Mark Stack Usage: 32M
[4.804s][info][gc,nmethod  ] GC(15) NMethods: 480 registered, 0 unregistered
[4.804s][info][gc,metaspace] GC(15) Metaspace: 1M used, 1M committed, 1088M reserved
[4.804s][info][gc,ref      ] GC(15) Soft: 181 encountered, 0 discovered, 0 enqueued
[4.804s][info][gc,ref      ] GC(15) Weak: 263 encountered, 115 discovered, 0 enqueued
[4.804s][info][gc,ref      ] GC(15) Final: 0 encountered, 0 discovered, 0 enqueued
[4.804s][info][gc,ref      ] GC(15) Phantom: 7 encountered, 4 discovered, 0 enqueued
[4.804s][info][gc,reloc    ] GC(15) Small Pages: 1317 / 2634M, Empty: 0M, Relocated: 1M, In-Place: 0
[4.804s][info][gc,reloc    ] GC(15) Medium Pages: 1 / 32M, Empty: 0M, Relocated: 0M, In-Place: 0
[4.804s][info][gc,reloc    ] GC(15) Large Pages: 0 / 0M, Empty: 0M, Relocated: 0M, In-Place: 0
[4.804s][info][gc,reloc    ] GC(15) Forwarding Usage: 0M
[4.804s][info][gc,heap     ] GC(15) Min Capacity: 4096M(100%)
[4.804s][info][gc,heap     ] GC(15) Max Capacity: 4096M(100%)
[4.804s][info][gc,heap     ] GC(15) Soft Max Capacity: 4096M(100%)
[4.804s][info][gc,heap     ] GC(15)                Mark Start          Mark End        Relocate Start      Relocate End           High               Low         
[4.804s][info][gc,heap     ] GC(15)  Capacity:     4096M (100%)       4096M (100%)       4096M (100%)       4096M (100%)       4096M (100%)       4096M (100%)   
[4.804s][info][gc,heap     ] GC(15)      Free:     1430M (35%)        1428M (35%)        1426M (35%)        1426M (35%)        1430M (35%)        1422M (35%)    
[4.804s][info][gc,heap     ] GC(15)      Used:     2666M (65%)        2668M (65%)        2670M (65%)        2670M (65%)        2674M (65%)        2666M (65%)    
[4.804s][info][gc,heap     ] GC(15)      Live:         -              2404M (59%)        2404M (59%)        2404M (59%)            -                  -          
[4.804s][info][gc,heap     ] GC(15) Allocated:         -                 2M (0%)            4M (0%)            4M (0%)             -                  -          
[4.804s][info][gc,heap     ] GC(15)   Garbage:         -               261M (6%)          261M (6%)          261M (6%)             -                  -          
[4.804s][info][gc,heap     ] GC(15) Reclaimed:         -                  -                 0M (0%)            0M (0%)             -                  -          
[4.804s][info][gc          ] GC(15) Garbage Collection (Timer) 2666M(65%)->2670M(65%)
[5.082s][info][gc,start    ] GC(16) Garbage Collection (Timer)
[5.082s][info][gc,task     ] GC(16) Using 4 workers
[5.082s][info][gc,phases   ] GC(16) Pause Mark Start 0.006ms
[5.105s][info][gc,phases   ] GC(16) Concurrent Mark 22.127ms
[5.105s][info][gc,phases   ] GC(16) Pause Mark End 0.009ms
[5.105s][info][gc,phases   ] GC(16) Concurrent Mark Free 0.001ms
[5.106s][info][gc,phases   ] GC(16) Concurrent Process Non-Strong References 0.526ms
[5.106s][info][gc,phases   ] GC(16) Concurrent Reset Relocation Set 0.001ms
[5.108s][info][gc,phases   ] GC(16) Concurrent Select Relocation Set 2.655ms
[5.108s][info][gc,phases   ] GC(16) Pause Relocate Start 0.005ms
[5.111s][info][gc,phases   ] GC(16) Concurrent Relocate 2.657ms
[5.111s][info][gc,load     ] GC(16) Load: 0.00/0.00/0.00
[5.111s][info][gc,mmu      ] GC(16) MMU: 2ms/99.2%, 5ms/99.6%, 10ms/99.8%, 20ms/99.9%, 50ms/99.9%, 100ms/100.0%
[5.111s][info][gc,marking  ] GC(16) Mark: 4 stripe(s), 2 proactive flush(es), 1 terminate flush(es), 0 completion(s), 0 continuation(s) 
[5.111s][info][gc,marking  ] GC(16) Mark Stack Usage: 32M
[5.111s][info][gc,nmethod  ] GC(16) NMethods: 480 registered, 0 unregistered
[5.111s][info][gc,metaspace] GC(16) Metaspace: 1M used, 1M committed, 1088M reserved
[5.111s][info][gc,ref      ] GC(16) Soft: 181 encountered, 0 discovered, 0 enqueued
[5.111s][info][gc,ref      ] GC(16) Weak: 263 encountered, 129 discovered, 0 enqueued
[5.111s][info][gc,ref      ] GC(16) Final: 0 encountered, 0 discovered, 0 enqueued
[5.111s][info][gc,ref      ] GC(16) Phantom: 7 encountered, 4 discovered, 0 enqueued
[5.111s][info][gc,reloc    ] GC(16) Small Pages: 1380 / 2760M, Empty: 0M, Relocated: 5M, In-Place: 0
[5.111s][info][gc,reloc    ] GC(16) Medium Pages: 1 / 32M, Empty: 0M, Relocated: 0M, In-Place: 0
[5.112s][info][gc,reloc    ] GC(16) Large Pages: 0 / 0M, Empty: 0M, Relocated: 0M, In-Place: 0
[5.112s][info][gc,reloc    ] GC(16) Forwarding Usage: 0M
[5.112s][info][gc,heap     ] GC(16) Min Capacity: 4096M(100%)
[5.112s][info][gc,heap     ] GC(16) Max Capacity: 4096M(100%)
[5.112s][info][gc,heap     ] GC(16) Soft Max Capacity: 4096M(100%)
[5.112s][info][gc,heap     ] GC(16)                Mark Start          Mark End        Relocate Start      Relocate End           High               Low         
[5.112s][info][gc,heap     ] GC(16)  Capacity:     4096M (100%)       4096M (100%)       4096M (100%)       4096M (100%)       4096M (100%)       4096M (100%)   
[5.112s][info][gc,heap     ] GC(16)      Free:     1304M (32%)        1302M (32%)        1300M (32%)        1300M (32%)        1304M (32%)        1292M (32%)    
[5.112s][info][gc,heap     ] GC(16)      Used:     2792M (68%)        2794M (68%)        2796M (68%)        2796M (68%)        2804M (68%)        2792M (68%)    
[5.112s][info][gc,heap     ] GC(16)      Live:         -              2519M (62%)        2519M (62%)        2519M (62%)            -                  -          
[5.112s][info][gc,heap     ] GC(16) Allocated:         -                 2M (0%)            4M (0%)            4M (0%)             -                  -          
[5.112s][info][gc,heap     ] GC(16)   Garbage:         -               272M (7%)          272M (7%)          272M (7%)             -                  -          
[5.112s][info][gc,heap     ] GC(16) Reclaimed:         -                  -                 0M (0%)            0M (0%)             -                  -          
[5.112s][info][gc          ] GC(16) Garbage Collection (Timer) 2792M(68%)->2796M(68%)
[5.382s][info][gc,start    ] GC(17) Garbage Collection (Timer)
[5.382s][info][gc,task     ] GC(17) Using 4 workers
[5.383s][info][gc,phases   ] GC(17) Pause Mark Start 0.006ms
[5.401s][info][gc,phases   ] GC(17) Concurrent Mark 18.732ms
[5.402s][info][gc,phases   ] GC(17) Pause Mark End 0.009ms
[5.402s][info][gc,phases   ] GC(17) Concurrent Mark Free 0.001ms
[5.403s][info][gc,phases   ] GC(17) Concurrent Process Non-Strong References 0.864ms
[5.403s][info][gc,phases   ] GC(17) Concurrent Reset Relocation Set 0.001ms
[5.405s][info][gc,phases   ] GC(17) Concurrent Select Relocation Set 2.268ms
[5.405s][info][gc,phases   ] GC(17) Pause Relocate Start 0.006ms
[5.406s][info][gc,phases   ] GC(17) Concurrent Relocate 1.143ms
[5.407s][info][gc,load     ] GC(17) Load: 0.00/0.00/0.00
[5.407s][info][gc,mmu      ] GC(17) MMU: 2ms/99.2%, 5ms/99.6%, 10ms/99.8%, 20ms/99.9%, 50ms/99.9%, 100ms/100.0%
[5.407s][info][gc,marking  ] GC(17) Mark: 4 stripe(s), 2 proactive flush(es), 1 terminate flush(es), 0 completion(s), 0 continuation(s) 
[5.407s][info][gc,marking  ] GC(17) Mark Stack Usage: 32M
[5.407s][info][gc,nmethod  ] GC(17) NMethods: 480 registered, 0 unregistered
[5.407s][info][gc,metaspace] GC(17) Metaspace: 1M used, 1M committed, 1088M reserved
[5.407s][info][gc,ref      ] GC(17) Soft: 181 encountered, 0 discovered, 0 enqueued
[5.407s][info][gc,ref      ] GC(17) Weak: 263 encountered, 5 discovered, 0 enqueued
[5.407s][info][gc,ref      ] GC(17) Final: 0 encountered, 0 discovered, 0 enqueued
[5.407s][info][gc,ref      ] GC(17) Phantom: 7 encountered, 5 discovered, 0 enqueued
[5.407s][info][gc,reloc    ] GC(17) Small Pages: 1467 / 2934M, Empty: 0M, Relocated: 3M, In-Place: 0
[5.407s][info][gc,reloc    ] GC(17) Medium Pages: 1 / 32M, Empty: 0M, Relocated: 0M, In-Place: 0
[5.407s][info][gc,reloc    ] GC(17) Large Pages: 0 / 0M, Empty: 0M, Relocated: 0M, In-Place: 0
[5.407s][info][gc,reloc    ] GC(17) Forwarding Usage: 0M
[5.407s][info][gc,heap     ] GC(17) Min Capacity: 4096M(100%)
[5.407s][info][gc,heap     ] GC(17) Max Capacity: 4096M(100%)
[5.407s][info][gc,heap     ] GC(17) Soft Max Capacity: 4096M(100%)
[5.407s][info][gc,heap     ] GC(17)                Mark Start          Mark End        Relocate Start      Relocate End           High               Low         
[5.407s][info][gc,heap     ] GC(17)  Capacity:     4096M (100%)       4096M (100%)       4096M (100%)       4096M (100%)       4096M (100%)       4096M (100%)   
[5.407s][info][gc,heap     ] GC(17)      Free:     1130M (28%)        1128M (28%)        1126M (27%)        1128M (28%)        1130M (28%)        1118M (27%)    
[5.407s][info][gc,heap     ] GC(17)      Used:     2966M (72%)        2968M (72%)        2970M (73%)        2968M (72%)        2978M (73%)        2966M (72%)    
[5.407s][info][gc,heap     ] GC(17)      Live:         -              2676M (65%)        2676M (65%)        2676M (65%)            -                  -          
[5.407s][info][gc,heap     ] GC(17) Allocated:         -                 2M (0%)            4M (0%)            4M (0%)             -                  -          
[5.407s][info][gc,heap     ] GC(17)   Garbage:         -               289M (7%)          289M (7%)          287M (7%)             -                  -          
[5.407s][info][gc,heap     ] GC(17) Reclaimed:         -                  -                 0M (0%)            2M (0%)             -                  -          
[5.407s][info][gc          ] GC(17) Garbage Collection (Timer) 2966M(72%)->2968M(72%)
[5.566s][info][gc,heap,exit] Heap
[5.566s][info][gc,heap,exit]  ZHeap           used 3034M, capacity 4096M, max capacity 4096M
[5.566s][info][gc,heap,exit]  Metaspace       used 1602K, committed 1792K, reserved 1114112K
[5.566s][info][gc,heap,exit]   class space    used 147K, committed 256K, reserved 1048576K
